            adbd-2235  [000] ...2   596.342619: sched_switch: prev_comm=adbd prev_pid=2235 prev_prio=120 prev_state=S ==> next_comm=swapper/0 next_pid=0 next_prio=120
          <idle>-0     [000] ...2   596.342658: sched_switch: prev_comm=swapper/0 prev_pid=0 prev_prio=120 prev_state=R ==> next_comm=adbd next_pid=2236 next_prio=120
            adbd-2236  [000] ...2   596.342685: sched_switch: prev_comm=adbd prev_pid=2236 prev_prio=120 prev_state=S ==> next_comm=adbd next_pid=2233 next_prio=120
            adbd-2233  [000] ...2   596.342798: sched_switch: prev_comm=adbd prev_pid=2233 prev_prio=120 prev_state=S ==> next_comm=adbd next_pid=2235 next_prio=120
            adbd-2235  [000] ...2   596.342805: sched_switch: prev_comm=adbd prev_pid=2235 prev_prio=120 prev_state=S ==> next_comm=swapper/0 next_pid=0 next_prio=120
          <idle>-0     [000] ...2   596.342853: sched_switch: prev_comm=swapper/0 prev_pid=0 prev_prio=120 prev_state=R ==> next_comm=kworker/0:1 next_pid=4441 next_prio=120
     kworker/0:1-4441  [000] ...2   596.343002: sched_switch: prev_comm=kworker/0:1 prev_pid=4441 prev_prio=120 prev_state=D ==> next_comm=ksoftirqd/0 next_pid=3 next_prio=120
     ksoftirqd/0-3     [000] ...2   596.343011: sched_switch: prev_comm=ksoftirqd/0 prev_pid=3 prev_prio=120 prev_state=S ==> next_comm=swapper/0 next_pid=0 next_prio=120
          <idle>-0     [000] ...2   596.343024: sched_switch: prev_comm=swapper/0 prev_pid=0 prev_prio=120 prev_state=R ==> next_comm=ksoftirqd/0 next_pid=3 next_prio=120
     ksoftirqd/0-3     [000] ...2   596.343034: sched_switch: prev_comm=ksoftirqd/0 prev_pid=3 prev_prio=120 prev_state=S ==> next_comm=swapper/0 next_pid=0 next_prio=120
          <idle>-0     [000] ...2   596.343109: sched_switch: prev_comm=swapper/0 prev_pid=0 prev_prio=120 prev_state=R ==> next_comm=kworker/u:0H next_pid=7 next_prio=100
    kworker/u:0H-7     [000] ...2   596.343129: sched_switch: prev_comm=kworker/u:0H prev_pid=7 prev_prio=100 prev_state=D ==> next_comm=kworker/0:1 next_pid=4441 next_prio=120
     kworker/0:1-4441  [000] ...2   596.343171: sched_switch: prev_comm=kworker/0:1 prev_pid=4441 prev_prio=120 prev_state=D ==> next_comm=swapper/0 next_pid=0 next_prio=120
          <idle>-0     [000] ...2   596.343268: sched_switch: prev_comm=swapper/0 prev_pid=0 prev_prio=120 prev_state=R ==> next_comm=mmcqd/1 next_pid=116 next_prio=120
         mmcqd/1-116   [000] ...1   596.343324: block_rq_complete: 179,0 RA () 1183416 + 224 [0]
          <idle>-0     [001] ...2   596.343343: sched_switch: prev_comm=swapper/1 prev_pid=0 prev_prio=120 prev_state=R ==> next_comm=app_process next_pid=5857 next_prio=120
         mmcqd/1-116   [000] ...2   596.343383: sched_switch: prev_comm=mmcqd/1 prev_pid=116 prev_prio=120 prev_state=R+ ==> next_comm=kworker/0:2H next_pid=355 next_prio=100
    kworker/0:2H-355   [000] ...2   596.343390: sched_switch: prev_comm=kworker/0:2H prev_pid=355 prev_prio=100 prev_state=S ==> next_comm=kworker/u:0H next_pid=7 next_prio=100
    kworker/u:0H-7     [000] ...2   596.343409: sched_switch: prev_comm=kworker/u:0H prev_pid=7 prev_prio=100 prev_state=D ==> next_comm=kworker/0:1 next_pid=4441 next_prio=120
     kworker/0:1-4441  [000] ...2   596.343452: sched_switch: prev_comm=kworker/0:1 prev_pid=4441 prev_prio=120 prev_state=D ==> next_comm=mmcqd/1 next_pid=116 next_prio=120
         mmcqd/1-116   [000] ...2   596.343463: sched_switch: prev_comm=mmcqd/1 prev_pid=116 prev_prio=120 prev_state=S ==> next_comm=swapper/0 next_pid=0 next_prio=120
           <...>-5857  [001] d..2   596.343568: block_rq_insert: 179,0 R 0 () 1186480 + 40 [app_process]
           <...>-5857  [001] ...2   596.343583: sched_switch: prev_comm=app_process prev_pid=5857 prev_prio=120 prev_state=D|W ==> next_comm=swapper/1 next_pid=0 next_prio=120
          <idle>-0     [000] ...2   596.343584: sched_switch: prev_comm=swapper/0 prev_pid=0 prev_prio=120 prev_state=R ==> next_comm=mmcqd/1 next_pid=116 next_prio=120
          <idle>-0     [001] ...2   596.343599: sched_switch: prev_comm=swapper/1 prev_pid=0 prev_prio=120 prev_state=R ==> next_comm=ksoftirqd/1 next_pid=5844 next_prio=120
           <...>-5844  [001] ...2   596.343610: sched_switch: prev_comm=ksoftirqd/1 prev_pid=5844 prev_prio=120 prev_state=S ==> next_comm=swapper/1 next_pid=0 next_prio=120
          <idle>-0     [001] ...2   596.343623: sched_switch: prev_comm=swapper/1 prev_pid=0 prev_prio=120 prev_state=R ==> next_comm=ksoftirqd/1 next_pid=5844 next_prio=120
           <...>-5844  [001] ...2   596.343631: sched_switch: prev_comm=ksoftirqd/1 prev_pid=5844 prev_prio=120 prev_state=S ==> next_comm=swapper/1 next_pid=0 next_prio=120
          <idle>-0     [001] ...2   596.343643: sched_switch: prev_comm=swapper/1 prev_pid=0 prev_prio=120 prev_state=R ==> next_comm=ksoftirqd/1 next_pid=5844 next_prio=120
         mmcqd/1-116   [000] ...2   596.343654: sched_switch: prev_comm=mmcqd/1 prev_pid=116 prev_prio=120 prev_state=R+ ==> next_comm=kworker/u:0H next_pid=7 next_prio=100
           <...>-5844  [001] ...2   596.343655: sched_switch: prev_comm=ksoftirqd/1 prev_pid=5844 prev_prio=120 prev_state=S ==> next_comm=swapper/1 next_pid=0 next_prio=120
    kworker/u:0H-7     [000] ...2   596.343673: sched_switch: prev_comm=kworker/u:0H prev_pid=7 prev_prio=100 prev_state=D ==> next_comm=kworker/0:1 next_pid=4441 next_prio=120
     kworker/0:1-4441  [000] ...2   596.343730: sched_switch: prev_comm=kworker/0:1 prev_pid=4441 prev_prio=120 prev_state=D ==> next_comm=mmcqd/1 next_pid=116 next_prio=120
         mmcqd/1-116   [000] ...2   596.343735: sched_switch: prev_comm=mmcqd/1 prev_pid=116 prev_prio=120 prev_state=S ==> next_comm=swapper/0 next_pid=0 next_prio=120
          <idle>-0     [000] ...2   596.343936: sched_switch: prev_comm=swapper/0 prev_pid=0 prev_prio=120 prev_state=R ==> next_comm=kworker/u:0H next_pid=7 next_prio=100
    kworker/u:0H-7     [000] ...2   596.343954: sched_switch: prev_comm=kworker/u:0H prev_pid=7 prev_prio=100 prev_state=D ==> next_comm=kworker/0:1 next_pid=4441 next_prio=120
     kworker/0:1-4441  [000] ...2   596.343994: sched_switch: prev_comm=kworker/0:1 prev_pid=4441 prev_prio=120 prev_state=D ==> next_comm=swapper/0 next_pid=0 next_prio=120
          <idle>-0     [000] ...2   596.344039: sched_switch: prev_comm=swapper/0 prev_pid=0 prev_prio=120 prev_state=R ==> next_comm=mmcqd/1 next_pid=116 next_prio=120
         mmcqd/1-116   [000] ...1   596.344055: block_rq_complete: 179,0 RA () 1186480 + 40 [0]
          <idle>-0     [001] ...2   596.344069: sched_switch: prev_comm=swapper/1 prev_pid=0 prev_prio=120 prev_state=R ==> next_comm=app_process next_pid=5857 next_prio=120
         mmcqd/1-116   [000] ...2   596.344074: sched_switch: prev_comm=mmcqd/1 prev_pid=116 prev_prio=120 prev_state=R+ ==> next_comm=kworker/0:2H next_pid=355 next_prio=100
    kworker/0:2H-355   [000] ...2   596.344082: sched_switch: prev_comm=kworker/0:2H prev_pid=355 prev_prio=100 prev_state=S ==> next_comm=mmcqd/1 next_pid=116 next_prio=120
         mmcqd/1-116   [000] ...2   596.344091: sched_switch: prev_comm=mmcqd/1 prev_pid=116 prev_prio=120 prev_state=S ==> next_comm=swapper/0 next_pid=0 next_prio=120
          <idle>-0     [000] ...2   596.344208: sched_switch: prev_comm=swapper/0 prev_pid=0 prev_prio=120 prev_state=R ==> next_comm=kworker/u:0H next_pid=7 next_prio=100
    kworker/u:0H-7     [000] ...2   596.344226: sched_switch: prev_comm=kworker/u:0H prev_pid=7 prev_prio=100 prev_state=D ==> next_comm=kworker/0:1 next_pid=4441 next_prio=120
           <...>-5857  [001] d..2   596.344244: block_rq_insert: 179,0 R 0 () 1242888 + 8 [app_process]
           <...>-5857  [001] ...2   596.344262: sched_switch: prev_comm=app_process prev_pid=5857 prev_prio=120 prev_state=D|W ==> next_comm=swapper/1 next_pid=0 next_prio=120
     kworker/0:1-4441  [000] ...2   596.344266: sched_switch: prev_comm=kworker/0:1 prev_pid=4441 prev_prio=120 prev_state=D ==> next_comm=mmcqd/1 next_pid=116 next_prio=120
         mmcqd/1-116   [000] ...2   596.344300: sched_switch: prev_comm=mmcqd/1 prev_pid=116 prev_prio=120 prev_state=S ==> next_comm=swapper/0 next_pid=0 next_prio=120
          <idle>-0     [000] ...2   596.344526: sched_switch: prev_comm=swapper/0 prev_pid=0 prev_prio=120 prev_state=R ==> next_comm=kworker/u:0H next_pid=7 next_prio=100
    kworker/u:0H-7     [000] ...2   596.344545: sched_switch: prev_comm=kworker/u:0H prev_pid=7 prev_prio=100 prev_state=D ==> next_comm=kworker/0:1 next_pid=4441 next_prio=120
     kworker/0:1-4441  [000] ...2   596.344564: sched_switch: prev_comm=kworker/0:1 prev_pid=4441 prev_prio=120 prev_state=S ==> next_comm=mmcqd/1 next_pid=116 next_prio=120
         mmcqd/1-116   [000] ...1   596.344574: block_rq_complete: 179,0 RA () 1242888 + 8 [0]
          <idle>-0     [001] ...2   596.344586: sched_switch: prev_comm=swapper/1 prev_pid=0 prev_prio=120 prev_state=R ==> next_comm=app_process next_pid=5857 next_prio=120
         mmcqd/1-116   [000] ...2   596.344590: sched_switch: prev_comm=mmcqd/1 prev_pid=116 prev_prio=120 prev_state=R+ ==> next_comm=kworker/0:2H next_pid=355 next_prio=100
    kworker/0:2H-355   [000] ...2   596.344597: sched_switch: prev_comm=kworker/0:2H prev_pid=355 prev_prio=100 prev_state=S ==> next_comm=mmcqd/1 next_pid=116 next_prio=120
         mmcqd/1-116   [000] ...2   596.344607: sched_switch: prev_comm=mmcqd/1 prev_pid=116 prev_prio=120 prev_state=S ==> next_comm=swapper/0 next_pid=0 next_prio=120
           <...>-5857  [001] ...2   596.346499: sched_switch: prev_comm=app_process prev_pid=5857 prev_prio=120 prev_state=R+ ==> next_comm=logcat next_pid=2244 next_prio=120
          <idle>-0     [000] ...2   596.346502: sched_switch: prev_comm=swapper/0 prev_pid=0 prev_prio=120 prev_state=R ==> next_comm=logcat next_pid=2248 next_prio=120
          logcat-2244  [001] ...2   596.346521: sched_switch: prev_comm=logcat prev_pid=2244 prev_prio=120 prev_state=S ==> next_comm=app_process next_pid=5857 next_prio=120
          logcat-2248  [000] ...2   596.346522: sched_switch: prev_comm=logcat prev_pid=2248 prev_prio=120 prev_state=S ==> next_comm=swapper/0 next_pid=0 next_prio=120
          <idle>-0     [000] ...2   596.346603: sched_switch: prev_comm=swapper/0 prev_pid=0 prev_prio=120 prev_state=R ==> next_comm=logcat next_pid=2246 next_prio=120
          logcat-2246  [000] ...2   596.346619: sched_switch: prev_comm=logcat prev_pid=2246 prev_prio=120 prev_state=S ==> next_comm=swapper/0 next_pid=0 next_prio=120
           <...>-5857  [001] ...2   596.346707: sched_switch: prev_comm=app_process prev_pid=5857 prev_prio=120 prev_state=R+ ==> next_comm=logcat next_pid=2244 next_prio=120
          <idle>-0     [000] ...2   596.346708: sched_switch: prev_comm=swapper/0 prev_pid=0 prev_prio=120 prev_state=R ==> next_comm=logcat next_pid=2246 next_prio=120
          logcat-2244  [001] ...2   596.346715: sched_switch: prev_comm=logcat prev_pid=2244 prev_prio=120 prev_state=D ==> next_comm=app_process next_pid=5857 next_prio=120
           <...>-5857  [001] ...2   596.346720: sched_switch: prev_comm=app_process prev_pid=5857 prev_prio=120 prev_state=R+ ==> next_comm=logcat next_pid=2244 next_prio=120
          logcat-2246  [000] ...2   596.346817: sched_switch: prev_comm=logcat prev_pid=2246 prev_prio=120 prev_state=S ==> next_comm=logcat next_pid=2248 next_prio=120
          logcat-2244  [001] ...2   596.346817: sched_switch: prev_comm=logcat prev_pid=2244 prev_prio=120 prev_state=S ==> next_comm=kworker/1:1 next_pid=5845 next_prio=120
           <...>-5845  [001] ...2   596.346834: sched_switch: prev_comm=kworker/1:1 prev_pid=5845 prev_prio=120 prev_state=S ==> next_comm=app_process next_pid=5857 next_prio=120
          logcat-2248  [000] ...2   596.346899: sched_switch: prev_comm=logcat prev_pid=2248 prev_prio=120 prev_state=S ==> next_comm=kworker/0:1 next_pid=4441 next_prio=120
     kworker/0:1-4441  [000] ...2   596.346911: sched_switch: prev_comm=kworker/0:1 prev_pid=4441 prev_prio=120 prev_state=S ==> next_comm=adbd next_pid=2233 next_prio=120
            adbd-2233  [000] ...2   596.347092: sched_switch: prev_comm=adbd prev_pid=2233 prev_prio=120 prev_state=S ==> next_comm=adbd next_pid=2235 next_prio=120
            adbd-2235  [000] ...2   596.347175: sched_switch: prev_comm=adbd prev_pid=2235 prev_prio=120 prev_state=S ==> next_comm=swapper/0 next_pid=0 next_prio=120
          <idle>-0     [000] ...2   596.347193: sched_switch: prev_comm=swapper/0 prev_pid=0 prev_prio=120 prev_state=R ==> next_comm=ksoftirqd/0 next_pid=3 next_prio=120
     ksoftirqd/0-3     [000] ...2   596.347204: sched_switch: prev_comm=ksoftirqd/0 prev_pid=3 prev_prio=120 prev_state=S ==> next_comm=swapper/0 next_pid=0 next_prio=120
          <idle>-0     [000] ...2   596.347215: sched_switch: prev_comm=swapper/0 prev_pid=0 prev_prio=120 prev_state=R ==> next_comm=ksoftirqd/0 next_pid=3 next_prio=120
     ksoftirqd/0-3     [000] ...2   596.347222: sched_switch: prev_comm=ksoftirqd/0 prev_pid=3 prev_prio=120 prev_state=S ==> next_comm=swapper/0 next_pid=0 next_prio=120
          <idle>-0     [000] ...2   596.347234: sched_switch: prev_comm=swapper/0 prev_pid=0 prev_prio=120 prev_state=R ==> next_comm=ksoftirqd/0 next_pid=3 next_prio=120
     ksoftirqd/0-3     [000] ...2   596.347241: sched_switch: prev_comm=ksoftirqd/0 prev_pid=3 prev_prio=120 prev_state=S ==> next_comm=swapper/0 next_pid=0 next_prio=120
          <idle>-0     [000] ...2   596.347529: sched_switch: prev_comm=swapper/0 prev_pid=0 prev_prio=120 prev_state=R ==> next_comm=adbd next_pid=2236 next_prio=120
            adbd-2236  [000] ...2   596.347558: sched_switch: prev_comm=adbd prev_pid=2236 prev_prio=120 prev_state=S ==> next_comm=adbd next_pid=2233 next_prio=120
            adbd-2233  [000] ...2   596.347659: sched_switch: prev_comm=adbd prev_pid=2233 prev_prio=120 prev_state=S ==> next_comm=swapper/0 next_pid=0 next_prio=120
          <idle>-0     [000] ...2   596.347713: sched_switch: prev_comm=swapper/0 prev_pid=0 prev_prio=120 prev_state=R ==> next_comm=adbd next_pid=2235 next_prio=120
            adbd-2235  [000] ...2   596.347738: sched_switch: prev_comm=adbd prev_pid=2235 prev_prio=120 prev_state=S ==> next_comm=swapper/0 next_pid=0 next_prio=120
          <idle>-0     [000] ...2   596.347829: sched_switch: prev_comm=swapper/0 prev_pid=0 prev_prio=120 prev_state=R ==> next_comm=adbd next_pid=2236 next_prio=120
            adbd-2236  [000] ...2   596.347856: sched_switch: prev_comm=adbd prev_pid=2236 prev_prio=120 prev_state=S ==> next_comm=adbd next_pid=2233 next_prio=120
            adbd-2233  [000] ...2   596.347967: sched_switch: prev_comm=adbd prev_pid=2233 prev_prio=120 prev_state=S ==> next_comm=adbd next_pid=2235 next_prio=120
            adbd-2235  [000] ...2   596.347973: sched_switch: prev_comm=adbd prev_pid=2235 prev_prio=120 prev_state=S ==> next_comm=swapper/0 next_pid=0 next_prio=120
          <idle>-0     [000] ...2   596.348098: sched_switch: prev_comm=swapper/0 prev_pid=0 prev_prio=120 prev_state=R ==> next_comm=adbd next_pid=2236 next_prio=120
            adbd-2236  [000] ...2   596.348127: sched_switch: prev_comm=adbd prev_pid=2236 prev_prio=120 prev_state=S ==> next_comm=adbd next_pid=2233 next_prio=120
            adbd-2233  [000] ...2   596.348234: sched_switch: prev_comm=adbd prev_pid=2233 prev_prio=120 prev_state=S ==> next_comm=adbd next_pid=2235 next_prio=120
            adbd-2235  [000] ...2   596.348240: sched_switch: prev_comm=adbd prev_pid=2235 prev_prio=120 prev_state=S ==> next_comm=swapper/0 next_pid=0 next_prio=120
           <...>-5857  [001] d..2   596.348493: block_rq_insert: 179,0 R 0 () 806160 + 32 [app_process]
          <idle>-0     [000] ...2   596.348511: sched_switch: prev_comm=swapper/0 prev_pid=0 prev_prio=120 prev_state=R ==> next_comm=mmcqd/1 next_pid=116 next_prio=120
           <...>-5857  [001] ...2   596.348513: sched_switch: prev_comm=app_process prev_pid=5857 prev_prio=120 prev_state=D|W ==> next_comm=swapper/1 next_pid=0 next_prio=120
         mmcqd/1-116   [000] ...2   596.348563: sched_switch: prev_comm=mmcqd/1 prev_pid=116 prev_prio=120 prev_state=S ==> next_comm=swapper/0 next_pid=0 next_prio=120
          <idle>-0     [000] ...2   596.348949: sched_switch: prev_comm=swapper/0 prev_pid=0 prev_prio=120 prev_state=R ==> next_comm=mmcqd/1 next_pid=116 next_prio=120
         mmcqd/1-116   [000] ...1   596.348964: block_rq_complete: 179,0 RA () 806160 + 32 [0]
          <idle>-0     [001] ...2   596.348979: sched_switch: prev_comm=swapper/1 prev_pid=0 prev_prio=120 prev_state=R ==> next_comm=app_process next_pid=5857 next_prio=120
         mmcqd/1-116   [000] ...2   596.348985: sched_switch: prev_comm=mmcqd/1 prev_pid=116 prev_prio=120 prev_state=R+ ==> next_comm=kworker/0:2H next_pid=355 next_prio=100
    kworker/0:2H-355   [000] ...2   596.348993: sched_switch: prev_comm=kworker/0:2H prev_pid=355 prev_prio=100 prev_state=S ==> next_comm=mmcqd/1 next_pid=116 next_prio=120
         mmcqd/1-116   [000] ...2   596.349003: sched_switch: prev_comm=mmcqd/1 prev_pid=116 prev_prio=120 prev_state=S ==> next_comm=swapper/0 next_pid=0 next_prio=120
           <...>-5857  [001] d..2   596.349039: block_rq_insert: 179,0 R 0 () 808488 + 136 [app_process]
          <idle>-0     [000] ...2   596.349052: sched_switch: prev_comm=swapper/0 prev_pid=0 prev_prio=120 prev_state=R ==> next_comm=mmcqd/1 next_pid=116 next_prio=120
           <...>-5857  [001] ...2   596.349053: sched_switch: prev_comm=app_process prev_pid=5857 prev_prio=120 prev_state=D|W ==> next_comm=swapper/1 next_pid=0 next_prio=120
         mmcqd/1-116   [000] ...2   596.349119: sched_switch: prev_comm=mmcqd/1 prev_pid=116 prev_prio=120 prev_state=S ==> next_comm=swapper/0 next_pid=0 next_prio=120
          <idle>-0     [000] ...2   596.349973: sched_switch: prev_comm=swapper/0 prev_pid=0 prev_prio=120 prev_state=R ==> next_comm=mmcqd/1 next_pid=116 next_prio=120
         mmcqd/1-116   [000] ...1   596.350009: block_rq_complete: 179,0 RA () 808488 + 136 [0]
          <idle>-0     [001] ...2   596.350026: sched_switch: prev_comm=swapper/1 prev_pid=0 prev_prio=120 prev_state=R ==> next_comm=app_process next_pid=5857 next_prio=120
         mmcqd/1-116   [000] ...2   596.350030: sched_switch: prev_comm=mmcqd/1 prev_pid=116 prev_prio=120 prev_state=R+ ==> next_comm=kworker/0:2H next_pid=355 next_prio=100
    kworker/0:2H-355   [000] ...2   596.350037: sched_switch: prev_comm=kworker/0:2H prev_pid=355 prev_prio=100 prev_state=S ==> next_comm=mmcqd/1 next_pid=116 next_prio=120
         mmcqd/1-116   [000] ...2   596.350046: sched_switch: prev_comm=mmcqd/1 prev_pid=116 prev_prio=120 prev_state=S ==> next_comm=swapper/0 next_pid=0 next_prio=120
           <...>-5857  [001] d..2   596.350350: block_rq_insert: 179,0 R 0 () 805880 + 32 [app_process]
          <idle>-0     [000] ...2   596.350365: sched_switch: prev_comm=swapper/0 prev_pid=0 prev_prio=120 prev_state=R ==> next_comm=mmcqd/1 next_pid=116 next_prio=120
           <...>-5857  [001] ...2   596.350365: sched_switch: prev_comm=app_process prev_pid=5857 prev_prio=120 prev_state=D|W ==> next_comm=swapper/1 next_pid=0 next_prio=120
         mmcqd/1-116   [000] ...2   596.350406: sched_switch: prev_comm=mmcqd/1 prev_pid=116 prev_prio=120 prev_state=S ==> next_comm=swapper/0 next_pid=0 next_prio=120
          <idle>-0     [000] ...2   596.350890: sched_switch: prev_comm=swapper/0 prev_pid=0 prev_prio=120 prev_state=R ==> next_comm=mmcqd/1 next_pid=116 next_prio=120
         mmcqd/1-116   [000] ...1   596.350905: block_rq_complete: 179,0 RA () 805880 + 32 [0]
          <idle>-0     [001] ...2   596.350918: sched_switch: prev_comm=swapper/1 prev_pid=0 prev_prio=120 prev_state=R ==> next_comm=app_process next_pid=5857 next_prio=120
         mmcqd/1-116   [000] ...2   596.350922: sched_switch: prev_comm=mmcqd/1 prev_pid=116 prev_prio=120 prev_state=R+ ==> next_comm=kworker/0:2H next_pid=355 next_prio=100
    kworker/0:2H-355   [000] ...2   596.350928: sched_switch: prev_comm=kworker/0:2H prev_pid=355 prev_prio=100 prev_state=S ==> next_comm=mmcqd/1 next_pid=116 next_prio=120
         mmcqd/1-116   [000] ...2   596.350936: sched_switch: prev_comm=mmcqd/1 prev_pid=116 prev_prio=120 prev_state=S ==> next_comm=swapper/0 next_pid=0 next_prio=120
           <...>-5857  [001] d..2   596.350958: block_rq_insert: 179,0 R 0 () 805976 + 136 [app_process]
          <idle>-0     [000] ...2   596.350970: sched_switch: prev_comm=swapper/0 prev_pid=0 prev_prio=120 prev_state=R ==> next_comm=mmcqd/1 next_pid=116 next_prio=120
           <...>-5857  [001] ...2   596.350971: sched_switch: prev_comm=app_process prev_pid=5857 prev_prio=120 prev_state=D|W ==> next_comm=swapper/1 next_pid=0 next_prio=120
         mmcqd/1-116   [000] ...2   596.351034: sched_switch: prev_comm=mmcqd/1 prev_pid=116 prev_prio=120 prev_state=S ==> next_comm=swapper/0 next_pid=0 next_prio=120
          <idle>-0     [001] ...2   596.351875: sched_switch: prev_comm=swapper/1 prev_pid=0 prev_prio=120 prev_state=R ==> next_comm=logcat next_pid=2244 next_prio=120
          logcat-2244  [001] ...2   596.351893: sched_switch: prev_comm=logcat prev_pid=2244 prev_prio=120 prev_state=S ==> next_comm=swapper/1 next_pid=0 next_prio=120
          <idle>-0     [000] ...2   596.351899: sched_switch: prev_comm=swapper/0 prev_pid=0 prev_prio=120 prev_state=R ==> next_comm=logcat next_pid=2246 next_prio=120
          logcat-2246  [000] ...2   596.351914: sched_switch: prev_comm=logcat prev_pid=2246 prev_prio=120 prev_state=S ==> next_comm=mmcqd/1 next_pid=116 next_prio=120
         mmcqd/1-116   [000] ...2   596.351953: sched_switch: prev_comm=mmcqd/1 prev_pid=116 prev_prio=120 prev_state=R+ ==> next_comm=logcat next_pid=2248 next_prio=120
          logcat-2248  [000] ...2   596.351967: sched_switch: prev_comm=logcat prev_pid=2248 prev_prio=120 prev_state=S ==> next_comm=mmcqd/1 next_pid=116 next_prio=120
         mmcqd/1-116   [000] ...1   596.351977: block_rq_complete: 179,0 RA () 805976 + 136 [0]
          <idle>-0     [001] ...2   596.351995: sched_switch: prev_comm=swapper/1 prev_pid=0 prev_prio=120 prev_state=R ==> next_comm=app_process next_pid=5857 next_prio=120
         mmcqd/1-116   [000] ...2   596.351998: sched_switch: prev_comm=mmcqd/1 prev_pid=116 prev_prio=120 prev_state=R+ ==> next_comm=kworker/0:2H next_pid=355 next_prio=100
    kworker/0:2H-355   [000] ...2   596.352006: sched_switch: prev_comm=kworker/0:2H prev_pid=355 prev_prio=100 prev_state=S ==> next_comm=mmcqd/1 next_pid=116 next_prio=120
         mmcqd/1-116   [000] ...2   596.352015: sched_switch: prev_comm=mmcqd/1 prev_pid=116 prev_prio=120 prev_state=S ==> next_comm=swapper/0 next_pid=0 next_prio=120
           <...>-5857  [001] d..2   596.352261: block_rq_insert: 179,0 R 0 () 863920 + 32 [app_process]
          <idle>-0     [000] ...2   596.352274: sched_switch: prev_comm=swapper/0 prev_pid=0 prev_prio=120 prev_state=R ==> next_comm=mmcqd/1 next_pid=116 next_prio=120
           <...>-5857  [001] ...2   596.352275: sched_switch: prev_comm=app_process prev_pid=5857 prev_prio=120 prev_state=D|W ==> next_comm=swapper/1 next_pid=0 next_prio=120
         mmcqd/1-116   [000] ...2   596.352315: sched_switch: prev_comm=mmcqd/1 prev_pid=116 prev_prio=120 prev_state=S ==> next_comm=swapper/0 next_pid=0 next_prio=120
          <idle>-0     [000] ...2   596.352687: sched_switch: prev_comm=swapper/0 prev_pid=0 prev_prio=120 prev_state=R ==> next_comm=mmcqd/1 next_pid=116 next_prio=120
         mmcqd/1-116   [000] ...1   596.352703: block_rq_complete: 179,0 RA () 863920 + 32 [0]
          <idle>-0     [001] ...2   596.352716: sched_switch: prev_comm=swapper/1 prev_pid=0 prev_prio=120 prev_state=R ==> next_comm=app_process next_pid=5857 next_prio=120
         mmcqd/1-116   [000] ...2   596.352720: sched_switch: prev_comm=mmcqd/1 prev_pid=116 prev_prio=120 prev_state=R+ ==> next_comm=kworker/0:2H next_pid=355 next_prio=100
    kworker/0:2H-355   [000] ...2   596.352727: sched_switch: prev_comm=kworker/0:2H prev_pid=355 prev_prio=100 prev_state=S ==> next_comm=mmcqd/1 next_pid=116 next_prio=120
         mmcqd/1-116   [000] ...2   596.352735: sched_switch: prev_comm=mmcqd/1 prev_pid=116 prev_prio=120 prev_state=S ==> next_comm=swapper/0 next_pid=0 next_prio=120
           <...>-5857  [001] d..2   596.352757: block_rq_insert: 179,0 R 0 () 864048 + 136 [app_process]
          <idle>-0     [000] ...2   596.352770: sched_switch: prev_comm=swapper/0 prev_pid=0 prev_prio=120 prev_state=R ==> next_comm=mmcqd/1 next_pid=116 next_prio=120
           <...>-5857  [001] ...2   596.352770: sched_switch: prev_comm=app_process prev_pid=5857 prev_prio=120 prev_state=D|W ==> next_comm=swapper/1 next_pid=0 next_prio=120
         mmcqd/1-116   [000] ...2   596.352854: sched_switch: prev_comm=mmcqd/1 prev_pid=116 prev_prio=120 prev_state=S ==> next_comm=swapper/0 next_pid=0 next_prio=120
          <idle>-0     [001] ...2   596.352857: sched_switch: prev_comm=swapper/1 prev_pid=0 prev_prio=120 prev_state=R ==> next_comm=kworker/1:0H next_pid=5843 next_prio=100
          <idle>-0     [000] ...2   596.352869: sched_switch: prev_comm=swapper/0 prev_pid=0 prev_prio=120 prev_state=R ==> next_comm=ksoftirqd/0 next_pid=3 next_prio=120
     ksoftirqd/0-3     [000] ...2   596.352878: sched_switch: prev_comm=ksoftirqd/0 prev_pid=3 prev_prio=120 prev_state=S ==> next_comm=swapper/0 next_pid=0 next_prio=120
           <...>-5843  [001] ...2   596.352883: sched_switch: prev_comm=kworker/1:0H prev_pid=5843 prev_prio=100 prev_state=D ==> next_comm=ksoftirqd/1 next_pid=5844 next_prio=120
           <...>-5844  [001] ...2   596.352891: sched_switch: prev_comm=ksoftirqd/1 prev_pid=5844 prev_prio=120 prev_state=S ==> next_comm=kworker/1:1H next_pid=5848 next_prio=100
           <...>-5848  [001] ...2   596.352980: sched_switch: prev_comm=kworker/1:1H prev_pid=5848 prev_prio=100 prev_state=S ==> next_comm=kworker/1:0H next_pid=5843 next_prio=100
           <...>-5843  [001] ...2   596.352990: sched_switch: prev_comm=kworker/1:0H prev_pid=5843 prev_prio=100 prev_state=S ==> next_comm=swapper/1 next_pid=0 next_prio=120
          <idle>-0     [001] ...2   596.353006: sched_switch: prev_comm=swapper/1 prev_pid=0 prev_prio=120 prev_state=R ==> next_comm=ksoftirqd/1 next_pid=5844 next_prio=120
           <...>-5844  [001] ...2   596.353018: sched_switch: prev_comm=ksoftirqd/1 prev_pid=5844 prev_prio=120 prev_state=S ==> next_comm=swapper/1 next_pid=0 next_prio=120
          <idle>-0     [000] ...2   596.353711: sched_switch: prev_comm=swapper/0 prev_pid=0 prev_prio=120 prev_state=R ==> next_comm=mmcqd/1 next_pid=116 next_prio=120
         mmcqd/1-116   [000] ...1   596.353746: block_rq_complete: 179,0 RA () 864048 + 136 [0]
          <idle>-0     [001] ...2   596.353764: sched_switch: prev_comm=swapper/1 prev_pid=0 prev_prio=120 prev_state=R ==> next_comm=app_process next_pid=5857 next_prio=120
         mmcqd/1-116   [000] ...2   596.353767: sched_switch: prev_comm=mmcqd/1 prev_pid=116 prev_prio=120 prev_state=R+ ==> next_comm=kworker/0:2H next_pid=355 next_prio=100
    kworker/0:2H-355   [000] ...2   596.353773: sched_switch: prev_comm=kworker/0:2H prev_pid=355 prev_prio=100 prev_state=S ==> next_comm=mmcqd/1 next_pid=116 next_prio=120
         mmcqd/1-116   [000] ...2   596.353782: sched_switch: prev_comm=mmcqd/1 prev_pid=116 prev_prio=120 prev_state=S ==> next_comm=swapper/0 next_pid=0 next_prio=120
           <...>-5857  [001] d..2   596.354004: block_rq_insert: 179,0 R 0 () 806136 + 24 [app_process]
           <...>-5857  [001] ...2   596.354017: sched_switch: prev_comm=app_process prev_pid=5857 prev_prio=120 prev_state=D|W ==> next_comm=swapper/1 next_pid=0 next_prio=120
          <idle>-0     [000] ...2   596.354022: sched_switch: prev_comm=swapper/0 prev_pid=0 prev_prio=120 prev_state=R ==> next_comm=mmcqd/1 next_pid=116 next_prio=120
          <idle>-0     [001] ...2   596.354030: sched_switch: prev_comm=swapper/1 prev_pid=0 prev_prio=120 prev_state=R ==> next_comm=ksoftirqd/1 next_pid=5844 next_prio=120
           <...>-5844  [001] ...2   596.354038: sched_switch: prev_comm=ksoftirqd/1 prev_pid=5844 prev_prio=120 prev_state=S ==> next_comm=swapper/1 next_pid=0 next_prio=120
          <idle>-0     [001] ...2   596.354051: sched_switch: prev_comm=swapper/1 prev_pid=0 prev_prio=120 prev_state=R ==> next_comm=ksoftirqd/1 next_pid=5844 next_prio=120
           <...>-5844  [001] ...2   596.354057: sched_switch: prev_comm=ksoftirqd/1 prev_pid=5844 prev_prio=120 prev_state=S ==> next_comm=swapper/1 next_pid=0 next_prio=120
         mmcqd/1-116   [000] ...2   596.354062: sched_switch: prev_comm=mmcqd/1 prev_pid=116 prev_prio=120 prev_state=S ==> next_comm=swapper/0 next_pid=0 next_prio=120
          <idle>-0     [001] ...2   596.354071: sched_switch: prev_comm=swapper/1 prev_pid=0 prev_prio=120 prev_state=R ==> next_comm=ksoftirqd/1 next_pid=5844 next_prio=120
           <...>-5844  [001] ...2   596.354076: sched_switch: prev_comm=ksoftirqd/1 prev_pid=5844 prev_prio=120 prev_state=S ==> next_comm=swapper/1 next_pid=0 next_prio=120
          <idle>-0     [000] ...2   596.354515: sched_switch: prev_comm=swapper/0 prev_pid=0 prev_prio=120 prev_state=R ==> next_comm=mmcqd/1 next_pid=116 next_prio=120
         mmcqd/1-116   [000] ...1   596.354527: block_rq_complete: 179,0 RA () 806136 + 24 [0]
          <idle>-0     [001] ...2   596.354544: sched_switch: prev_comm=swapper/1 prev_pid=0 prev_prio=120 prev_state=R ==> next_comm=app_process next_pid=5857 next_prio=120
         mmcqd/1-116   [000] ...2   596.354546: sched_switch: prev_comm=mmcqd/1 prev_pid=116 prev_prio=120 prev_state=R+ ==> next_comm=kworker/0:2H next_pid=355 next_prio=100
    kworker/0:2H-355   [000] ...2   596.354554: sched_switch: prev_comm=kworker/0:2H prev_pid=355 prev_prio=100 prev_state=S ==> next_comm=mmcqd/1 next_pid=116 next_prio=120
         mmcqd/1-116   [000] ...2   596.354562: sched_switch: prev_comm=mmcqd/1 prev_pid=116 prev_prio=120 prev_state=S ==> next_comm=swapper/0 next_pid=0 next_prio=120
           <...>-5857  [001] d..2   596.354641: block_rq_insert: 179,0 R 0 () 804512 + 32 [app_process]
           <...>-5857  [001] ...2   596.354652: sched_switch: prev_comm=app_process prev_pid=5857 prev_prio=120 prev_state=D|W ==> next_comm=swapper/1 next_pid=0 next_prio=120
          <idle>-0     [000] ...2   596.354656: sched_switch: prev_comm=swapper/0 prev_pid=0 prev_prio=120 prev_state=R ==> next_comm=mmcqd/1 next_pid=116 next_prio=120
         mmcqd/1-116   [000] ...2   596.354695: sched_switch: prev_comm=mmcqd/1 prev_pid=116 prev_prio=120 prev_state=S ==> next_comm=swapper/0 next_pid=0 next_prio=120
          <idle>-0     [000] ...2   596.355029: sched_switch: prev_comm=swapper/0 prev_pid=0 prev_prio=120 prev_state=R ==> next_comm=mmcqd/1 next_pid=116 next_prio=120
         mmcqd/1-116   [000] ...1   596.355043: block_rq_complete: 179,0 RA () 804512 + 32 [0]
          <idle>-0     [001] ...2   596.355056: sched_switch: prev_comm=swapper/1 prev_pid=0 prev_prio=120 prev_state=R ==> next_comm=app_process next_pid=5857 next_prio=120
         mmcqd/1-116   [000] ...2   596.355060: sched_switch: prev_comm=mmcqd/1 prev_pid=116 prev_prio=120 prev_state=R+ ==> next_comm=kworker/0:2H next_pid=355 next_prio=100
    kworker/0:2H-355   [000] ...2   596.355067: sched_switch: prev_comm=kworker/0:2H prev_pid=355 prev_prio=100 prev_state=S ==> next_comm=mmcqd/1 next_pid=116 next_prio=120
         mmcqd/1-116   [000] ...2   596.355075: sched_switch: prev_comm=mmcqd/1 prev_pid=116 prev_prio=120 prev_state=S ==> next_comm=swapper/0 next_pid=0 next_prio=120
           <...>-5857  [001] d..2   596.355101: block_rq_insert: 179,0 R 0 () 805240 + 136 [app_process]
           <...>-5857  [001] ...2   596.355111: sched_switch: prev_comm=app_process prev_pid=5857 prev_prio=120 prev_state=D|W ==> next_comm=swapper/1 next_pid=0 next_prio=120
          <idle>-0     [000] ...2   596.355115: sched_switch: prev_comm=swapper/0 prev_pid=0 prev_prio=120 prev_state=R ==> next_comm=mmcqd/1 next_pid=116 next_prio=120
         mmcqd/1-116   [000] ...2   596.355179: sched_switch: prev_comm=mmcqd/1 prev_pid=116 prev_prio=120 prev_state=S ==> next_comm=swapper/0 next_pid=0 next_prio=120
          <idle>-0     [000] ...2   596.356025: sched_switch: prev_comm=swapper/0 prev_pid=0 prev_prio=120 prev_state=R ==> next_comm=mmcqd/1 next_pid=116 next_prio=120
         mmcqd/1-116   [000] ...1   596.356060: block_rq_complete: 179,0 RA () 805240 + 136 [0]
          <idle>-0     [001] ...2   596.356076: sched_switch: prev_comm=swapper/1 prev_pid=0 prev_prio=120 prev_state=R ==> next_comm=app_process next_pid=5857 next_prio=120
         mmcqd/1-116   [000] ...2   596.356080: sched_switch: prev_comm=mmcqd/1 prev_pid=116 prev_prio=120 prev_state=R+ ==> next_comm=kworker/0:2H next_pid=355 next_prio=100
    kworker/0:2H-355   [000] ...2   596.356088: sched_switch: prev_comm=kworker/0:2H prev_pid=355 prev_prio=100 prev_state=S ==> next_comm=mmcqd/1 next_pid=116 next_prio=120
         mmcqd/1-116   [000] ...2   596.356096: sched_switch: prev_comm=mmcqd/1 prev_pid=116 prev_prio=120 prev_state=S ==> next_comm=swapper/0 next_pid=0 next_prio=120
           <...>-5857  [001] d..2   596.356320: block_rq_insert: 179,0 R 0 () 808656 + 32 [app_process]
           <...>-5857  [001] ...2   596.356332: sched_switch: prev_comm=app_process prev_pid=5857 prev_prio=120 prev_state=D|W ==> next_comm=swapper/1 next_pid=0 next_prio=120
          <idle>-0     [000] ...2   596.356336: sched_switch: prev_comm=swapper/0 prev_pid=0 prev_prio=120 prev_state=R ==> next_comm=mmcqd/1 next_pid=116 next_prio=120
         mmcqd/1-116   [000] ...2   596.356375: sched_switch: prev_comm=mmcqd/1 prev_pid=116 prev_prio=120 prev_state=S ==> next_comm=swapper/0 next_pid=0 next_prio=120
          <idle>-0     [000] ...2   596.356744: sched_switch: prev_comm=swapper/0 prev_pid=0 prev_prio=120 prev_state=R ==> next_comm=mmcqd/1 next_pid=116 next_prio=120
         mmcqd/1-116   [000] ...1   596.356758: block_rq_complete: 179,0 RA () 808656 + 32 [0]
          <idle>-0     [001] ...2   596.356771: sched_switch: prev_comm=swapper/1 prev_pid=0 prev_prio=120 prev_state=R ==> next_comm=app_process next_pid=5857 next_prio=120
         mmcqd/1-116   [000] ...2   596.356777: sched_switch: prev_comm=mmcqd/1 prev_pid=116 prev_prio=120 prev_state=R+ ==> next_comm=kworker/0:2H next_pid=355 next_prio=100
    kworker/0:2H-355   [000] ...2   596.356783: sched_switch: prev_comm=kworker/0:2H prev_pid=355 prev_prio=100 prev_state=S ==> next_comm=mmcqd/1 next_pid=116 next_prio=120
         mmcqd/1-116   [000] ...2   596.356791: sched_switch: prev_comm=mmcqd/1 prev_pid=116 prev_prio=120 prev_state=S ==> next_comm=swapper/0 next_pid=0 next_prio=120
           <...>-5857  [001] d..2   596.356815: block_rq_insert: 179,0 R 0 () 812728 + 136 [app_process]
           <...>-5857  [001] ...2   596.356826: sched_switch: prev_comm=app_process prev_pid=5857 prev_prio=120 prev_state=D|W ==> next_comm=swapper/1 next_pid=0 next_prio=120
          <idle>-0     [000] ...2   596.356830: sched_switch: prev_comm=swapper/0 prev_pid=0 prev_prio=120 prev_state=R ==> next_comm=mmcqd/1 next_pid=116 next_prio=120
         mmcqd/1-116   [000] ...2   596.356894: sched_switch: prev_comm=mmcqd/1 prev_pid=116 prev_prio=120 prev_state=S ==> next_comm=swapper/0 next_pid=0 next_prio=120
          <idle>-0     [000] ...2   596.357823: sched_switch: prev_comm=swapper/0 prev_pid=0 prev_prio=120 prev_state=R ==> next_comm=mmcqd/1 next_pid=116 next_prio=120
         mmcqd/1-116   [000] ...1   596.357858: block_rq_complete: 179,0 RA () 812728 + 136 [0]
          <idle>-0     [001] ...2   596.357874: sched_switch: prev_comm=swapper/1 prev_pid=0 prev_prio=120 prev_state=R ==> next_comm=app_process next_pid=5857 next_prio=120
         mmcqd/1-116   [000] ...2   596.357878: sched_switch: prev_comm=mmcqd/1 prev_pid=116 prev_prio=120 prev_state=R+ ==> next_comm=kworker/0:2H next_pid=355 next_prio=100
    kworker/0:2H-355   [000] ...2   596.357886: sched_switch: prev_comm=kworker/0:2H prev_pid=355 prev_prio=100 prev_state=S ==> next_comm=mmcqd/1 next_pid=116 next_prio=120
         mmcqd/1-116   [000] ...2   596.357895: sched_switch: prev_comm=mmcqd/1 prev_pid=116 prev_prio=120 prev_state=S ==> next_comm=swapper/0 next_pid=0 next_prio=120
           <...>-5857  [001] d..2   596.358113: block_rq_insert: 179,0 R 0 () 812528 + 200 [app_process]
           <...>-5857  [001] ...2   596.358129: sched_switch: prev_comm=app_process prev_pid=5857 prev_prio=120 prev_state=D|W ==> next_comm=swapper/1 next_pid=0 next_prio=120
          <idle>-0     [000] ...2   596.358130: sched_switch: prev_comm=swapper/0 prev_pid=0 prev_prio=120 prev_state=R ==> next_comm=mmcqd/1 next_pid=116 next_prio=120
         mmcqd/1-116   [000] ...2   596.358210: sched_switch: prev_comm=mmcqd/1 prev_pid=116 prev_prio=120 prev_state=S ==> next_comm=swapper/0 next_pid=0 next_prio=120
          <idle>-0     [000] ...2   596.359417: sched_switch: prev_comm=swapper/0 prev_pid=0 prev_prio=120 prev_state=R ==> next_comm=mmcqd/1 next_pid=116 next_prio=120
         mmcqd/1-116   [000] ...1   596.359466: block_rq_complete: 179,0 RA () 812528 + 200 [0]
          <idle>-0     [001] ...2   596.359480: sched_switch: prev_comm=swapper/1 prev_pid=0 prev_prio=120 prev_state=R ==> next_comm=app_process next_pid=5857 next_prio=120
         mmcqd/1-116   [000] ...2   596.359489: sched_switch: prev_comm=mmcqd/1 prev_pid=116 prev_prio=120 prev_state=R+ ==> next_comm=kworker/0:2H next_pid=355 next_prio=100
    kworker/0:2H-355   [000] ...2   596.359496: sched_switch: prev_comm=kworker/0:2H prev_pid=355 prev_prio=100 prev_state=S ==> next_comm=mmcqd/1 next_pid=116 next_prio=120
         mmcqd/1-116   [000] ...2   596.359507: sched_switch: prev_comm=mmcqd/1 prev_pid=116 prev_prio=120 prev_state=S ==> next_comm=swapper/0 next_pid=0 next_prio=120
           <...>-5857  [001] d..2   596.359968: block_rq_insert: 179,0 R 0 () 853200 + 32 [app_process]
           <...>-5857  [001] ...2   596.359981: sched_switch: prev_comm=app_process prev_pid=5857 prev_prio=120 prev_state=D|W ==> next_comm=swapper/1 next_pid=0 next_prio=120
          <idle>-0     [000] ...2   596.359983: sched_switch: prev_comm=swapper/0 prev_pid=0 prev_prio=120 prev_state=R ==> next_comm=mmcqd/1 next_pid=116 next_prio=120
         mmcqd/1-116   [000] ...2   596.360025: sched_switch: prev_comm=mmcqd/1 prev_pid=116 prev_prio=120 prev_state=S ==> next_comm=swapper/0 next_pid=0 next_prio=120
          <idle>-0     [000] ...2   596.360399: sched_switch: prev_comm=swapper/0 prev_pid=0 prev_prio=120 prev_state=R ==> next_comm=mmcqd/1 next_pid=116 next_prio=120
         mmcqd/1-116   [000] ...1   596.360413: block_rq_complete: 179,0 RA () 853200 + 32 [0]
          <idle>-0     [001] ...2   596.360426: sched_switch: prev_comm=swapper/1 prev_pid=0 prev_prio=120 prev_state=R ==> next_comm=app_process next_pid=5857 next_prio=120
         mmcqd/1-116   [000] ...2   596.360430: sched_switch: prev_comm=mmcqd/1 prev_pid=116 prev_prio=120 prev_state=R+ ==> next_comm=kworker/0:2H next_pid=355 next_prio=100
    kworker/0:2H-355   [000] ...2   596.360437: sched_switch: prev_comm=kworker/0:2H prev_pid=355 prev_prio=100 prev_state=S ==> next_comm=mmcqd/1 next_pid=116 next_prio=120
         mmcqd/1-116   [000] ...2   596.360446: sched_switch: prev_comm=mmcqd/1 prev_pid=116 prev_prio=120 prev_state=S ==> next_comm=swapper/0 next_pid=0 next_prio=120
           <...>-5857  [001] d..2   596.360463: block_rq_insert: 179,0 R 0 () 863504 + 136 [app_process]
           <...>-5857  [001] ...2   596.360476: sched_switch: prev_comm=app_process prev_pid=5857 prev_prio=120 prev_state=D|W ==> next_comm=swapper/1 next_pid=0 next_prio=120
          <idle>-0     [000] ...2   596.360477: sched_switch: prev_comm=swapper/0 prev_pid=0 prev_prio=120 prev_state=R ==> next_comm=mmcqd/1 next_pid=116 next_prio=120
         mmcqd/1-116   [000] ...2   596.360542: sched_switch: prev_comm=mmcqd/1 prev_pid=116 prev_prio=120 prev_state=S ==> next_comm=swapper/0 next_pid=0 next_prio=120
          <idle>-0     [000] ...2   596.361393: sched_switch: prev_comm=swapper/0 prev_pid=0 prev_prio=120 prev_state=R ==> next_comm=mmcqd/1 next_pid=116 next_prio=120
         mmcqd/1-116   [000] ...1   596.361428: block_rq_complete: 179,0 RA () 863504 + 136 [0]
          <idle>-0     [001] ...2   596.361444: sched_switch: prev_comm=swapper/1 prev_pid=0 prev_prio=120 prev_state=R ==> next_comm=app_process next_pid=5857 next_prio=120
         mmcqd/1-116   [000] ...2   596.361449: sched_switch: prev_comm=mmcqd/1 prev_pid=116 prev_prio=120 prev_state=R+ ==> next_comm=kworker/0:2H next_pid=355 next_prio=100
    kworker/0:2H-355   [000] ...2   596.361456: sched_switch: prev_comm=kworker/0:2H prev_pid=355 prev_prio=100 prev_state=S ==> next_comm=mmcqd/1 next_pid=116 next_prio=120
         mmcqd/1-116   [000] ...2   596.361467: sched_switch: prev_comm=mmcqd/1 prev_pid=116 prev_prio=120 prev_state=S ==> next_comm=swapper/0 next_pid=0 next_prio=120
           <...>-5857  [001] d..2   596.361694: block_rq_insert: 179,0 R 0 () 855992 + 32 [app_process]
           <...>-5857  [001] ...2   596.361709: sched_switch: prev_comm=app_process prev_pid=5857 prev_prio=120 prev_state=D|W ==> next_comm=swapper/1 next_pid=0 next_prio=120
          <idle>-0     [000] ...2   596.361710: sched_switch: prev_comm=swapper/0 prev_pid=0 prev_prio=120 prev_state=R ==> next_comm=mmcqd/1 next_pid=116 next_prio=120
         mmcqd/1-116   [000] ...2   596.361753: sched_switch: prev_comm=mmcqd/1 prev_pid=116 prev_prio=120 prev_state=S ==> next_comm=swapper/0 next_pid=0 next_prio=120
          <idle>-0     [000] ...2   596.362127: sched_switch: prev_comm=swapper/0 prev_pid=0 prev_prio=120 prev_state=R ==> next_comm=mmcqd/1 next_pid=116 next_prio=120
         mmcqd/1-116   [000] ...1   596.362141: block_rq_complete: 179,0 RA () 855992 + 32 [0]
          <idle>-0     [001] ...2   596.362154: sched_switch: prev_comm=swapper/1 prev_pid=0 prev_prio=120 prev_state=R ==> next_comm=app_process next_pid=5857 next_prio=120
         mmcqd/1-116   [000] ...2   596.362159: sched_switch: prev_comm=mmcqd/1 prev_pid=116 prev_prio=120 prev_state=R+ ==> next_comm=kworker/0:2H next_pid=355 next_prio=100
    kworker/0:2H-355   [000] ...2   596.362166: sched_switch: prev_comm=kworker/0:2H prev_pid=355 prev_prio=100 prev_state=S ==> next_comm=mmcqd/1 next_pid=116 next_prio=120
         mmcqd/1-116   [000] ...2   596.362176: sched_switch: prev_comm=mmcqd/1 prev_pid=116 prev_prio=120 prev_state=S ==> next_comm=swapper/0 next_pid=0 next_prio=120
           <...>-5857  [001] d..2   596.362426: block_rq_insert: 179,0 R 0 () 868176 + 32 [app_process]
           <...>-5857  [001] ...2   596.362438: sched_switch: prev_comm=app_process prev_pid=5857 prev_prio=120 prev_state=D|W ==> next_comm=swapper/1 next_pid=0 next_prio=120
          <idle>-0     [000] ...2   596.362442: sched_switch: prev_comm=swapper/0 prev_pid=0 prev_prio=120 prev_state=R ==> next_comm=mmcqd/1 next_pid=116 next_prio=120
         mmcqd/1-116   [000] ...2   596.362483: sched_switch: prev_comm=mmcqd/1 prev_pid=116 prev_prio=120 prev_state=S ==> next_comm=swapper/0 next_pid=0 next_prio=120
          <idle>-0     [001] ...2   596.362848: sched_switch: prev_comm=swapper/1 prev_pid=0 prev_prio=120 prev_state=R ==> next_comm=ksoftirqd/1 next_pid=5844 next_prio=120
           <...>-5844  [001] ...2   596.362858: sched_switch: prev_comm=ksoftirqd/1 prev_pid=5844 prev_prio=120 prev_state=S ==> next_comm=swapper/1 next_pid=0 next_prio=120
          <idle>-0     [001] ...2   596.362872: sched_switch: prev_comm=swapper/1 prev_pid=0 prev_prio=120 prev_state=R ==> next_comm=ksoftirqd/1 next_pid=5844 next_prio=120
          <idle>-0     [000] ...2   596.362879: sched_switch: prev_comm=swapper/0 prev_pid=0 prev_prio=120 prev_state=R ==> next_comm=mmcqd/1 next_pid=116 next_prio=120
           <...>-5844  [001] ...2   596.362879: sched_switch: prev_comm=ksoftirqd/1 prev_pid=5844 prev_prio=120 prev_state=S ==> next_comm=swapper/1 next_pid=0 next_prio=120
         mmcqd/1-116   [000] ...1   596.362892: block_rq_complete: 179,0 RA () 868176 + 32 [0]
          <idle>-0     [001] ...2   596.362894: sched_switch: prev_comm=swapper/1 prev_pid=0 prev_prio=120 prev_state=R ==> next_comm=ksoftirqd/1 next_pid=5844 next_prio=120
           <...>-5844  [001] ...2   596.362902: sched_switch: prev_comm=ksoftirqd/1 prev_pid=5844 prev_prio=120 prev_state=S ==> next_comm=app_process next_pid=5857 next_prio=120
         mmcqd/1-116   [000] ...2   596.362910: sched_switch: prev_comm=mmcqd/1 prev_pid=116 prev_prio=120 prev_state=R+ ==> next_comm=kworker/0:2H next_pid=355 next_prio=100
    kworker/0:2H-355   [000] ...2   596.362917: sched_switch: prev_comm=kworker/0:2H prev_pid=355 prev_prio=100 prev_state=S ==> next_comm=mmcqd/1 next_pid=116 next_prio=120
         mmcqd/1-116   [000] ...2   596.362927: sched_switch: prev_comm=mmcqd/1 prev_pid=116 prev_prio=120 prev_state=S ==> next_comm=swapper/0 next_pid=0 next_prio=120
           <...>-5857  [001] d..2   596.362940: block_rq_insert: 179,0 R 0 () 869424 + 136 [app_process]
           <...>-5857  [001] ...2   596.362953: sched_switch: prev_comm=app_process prev_pid=5857 prev_prio=120 prev_state=D|W ==> next_comm=swapper/1 next_pid=0 next_prio=120
          <idle>-0     [000] ...2   596.362954: sched_switch: prev_comm=swapper/0 prev_pid=0 prev_prio=120 prev_state=R ==> next_comm=mmcqd/1 next_pid=116 next_prio=120
         mmcqd/1-116   [000] ...2   596.363019: sched_switch: prev_comm=mmcqd/1 prev_pid=116 prev_prio=120 prev_state=S ==> next_comm=swapper/0 next_pid=0 next_prio=120
          <idle>-0     [000] ...2   596.363871: sched_switch: prev_comm=swapper/0 prev_pid=0 prev_prio=120 prev_state=R ==> next_comm=mmcqd/1 next_pid=116 next_prio=120
         mmcqd/1-116   [000] ...1   596.363906: block_rq_complete: 179,0 RA () 869424 + 136 [0]
          <idle>-0     [001] ...2   596.363924: sched_switch: prev_comm=swapper/1 prev_pid=0 prev_prio=120 prev_state=R ==> next_comm=app_process next_pid=5857 next_prio=120
         mmcqd/1-116   [000] ...2   596.363927: sched_switch: prev_comm=mmcqd/1 prev_pid=116 prev_prio=120 prev_state=R+ ==> next_comm=kworker/0:2H next_pid=355 next_prio=100
    kworker/0:2H-355   [000] ...2   596.363934: sched_switch: prev_comm=kworker/0:2H prev_pid=355 prev_prio=100 prev_state=S ==> next_comm=mmcqd/1 next_pid=116 next_prio=120
         mmcqd/1-116   [000] ...2   596.363945: sched_switch: prev_comm=mmcqd/1 prev_pid=116 prev_prio=120 prev_state=S ==> next_comm=swapper/0 next_pid=0 next_prio=120
           <...>-5857  [001] d..2   596.364175: block_rq_insert: 179,0 R 0 () 869672 + 32 [app_process]
           <...>-5857  [001] ...2   596.364188: sched_switch: prev_comm=app_process prev_pid=5857 prev_prio=120 prev_state=D|W ==> next_comm=swapper/1 next_pid=0 next_prio=120
          <idle>-0     [000] ...2   596.364192: sched_switch: prev_comm=swapper/0 prev_pid=0 prev_prio=120 prev_state=R ==> next_comm=mmcqd/1 next_pid=116 next_prio=120
          <idle>-0     [001] ...2   596.364201: sched_switch: prev_comm=swapper/1 prev_pid=0 prev_prio=120 prev_state=R ==> next_comm=ksoftirqd/1 next_pid=5844 next_prio=120
           <...>-5844  [001] ...2   596.364210: sched_switch: prev_comm=ksoftirqd/1 prev_pid=5844 prev_prio=120 prev_state=S ==> next_comm=swapper/1 next_pid=0 next_prio=120
          <idle>-0     [001] ...2   596.364223: sched_switch: prev_comm=swapper/1 prev_pid=0 prev_prio=120 prev_state=R ==> next_comm=ksoftirqd/1 next_pid=5844 next_prio=120
           <...>-5844  [001] ...2   596.364231: sched_switch: prev_comm=ksoftirqd/1 prev_pid=5844 prev_prio=120 prev_state=S ==> next_comm=swapper/1 next_pid=0 next_prio=120
         mmcqd/1-116   [000] ...2   596.364236: sched_switch: prev_comm=mmcqd/1 prev_pid=116 prev_prio=120 prev_state=S ==> next_comm=swapper/0 next_pid=0 next_prio=120
          <idle>-0     [001] ...2   596.364243: sched_switch: prev_comm=swapper/1 prev_pid=0 prev_prio=120 prev_state=R ==> next_comm=ksoftirqd/1 next_pid=5844 next_prio=120
           <...>-5844  [001] ...2   596.364249: sched_switch: prev_comm=ksoftirqd/1 prev_pid=5844 prev_prio=120 prev_state=S ==> next_comm=swapper/1 next_pid=0 next_prio=120
          <idle>-0     [000] ...2   596.364626: sched_switch: prev_comm=swapper/0 prev_pid=0 prev_prio=120 prev_state=R ==> next_comm=mmcqd/1 next_pid=116 next_prio=120
         mmcqd/1-116   [000] ...1   596.364640: block_rq_complete: 179,0 RA () 869672 + 32 [0]
          <idle>-0     [001] ...2   596.364656: sched_switch: prev_comm=swapper/1 prev_pid=0 prev_prio=120 prev_state=R ==> next_comm=app_process next_pid=5857 next_prio=120
         mmcqd/1-116   [000] ...2   596.364658: sched_switch: prev_comm=mmcqd/1 prev_pid=116 prev_prio=120 prev_state=R+ ==> next_comm=kworker/0:2H next_pid=355 next_prio=100
    kworker/0:2H-355   [000] ...2   596.364665: sched_switch: prev_comm=kworker/0:2H prev_pid=355 prev_prio=100 prev_state=S ==> next_comm=mmcqd/1 next_pid=116 next_prio=120
         mmcqd/1-116   [000] ...2   596.364675: sched_switch: prev_comm=mmcqd/1 prev_pid=116 prev_prio=120 prev_state=S ==> next_comm=swapper/0 next_pid=0 next_prio=120
           <...>-5857  [001] d..2   596.364690: block_rq_insert: 179,0 R 0 () 869704 + 64 [app_process]
          <idle>-0     [000] ...2   596.364704: sched_switch: prev_comm=swapper/0 prev_pid=0 prev_prio=120 prev_state=R ==> next_comm=mmcqd/1 next_pid=116 next_prio=120
           <...>-5857  [001] d..2   596.364739: block_rq_insert: 179,0 R 0 () 869768 + 40 [app_process]
           <...>-5857  [001] ...2   596.364746: sched_switch: prev_comm=app_process prev_pid=5857 prev_prio=120 prev_state=D|W ==> next_comm=swapper/1 next_pid=0 next_prio=120
