          <idle>-0     [000] ...2   257.892337: sched_switch: prev_comm=swapper/0 prev_pid=0 prev_prio=120 prev_state=R ==> next_comm=ksoftirqd/0 next_pid=3 next_prio=120
     ksoftirqd/0-3     [000] ...2   257.892362: sched_switch: prev_comm=ksoftirqd/0 prev_pid=3 prev_prio=120 prev_state=S ==> next_comm=swapper/0 next_pid=0 next_prio=120
          <idle>-0     [000] ...2   257.892519: sched_switch: prev_comm=swapper/0 prev_pid=0 prev_prio=120 prev_state=R ==> next_comm=mmcqd/1 next_pid=117 next_prio=120
         mmcqd/1-117   [000] ...1   257.892544: block_rq_complete: 179,0 RA () 4020328 + 8 [0]
         mmcqd/1-117   [000] ...2   257.892558: sched_switch: prev_comm=mmcqd/1 prev_pid=117 prev_prio=120 prev_state=S ==> next_comm=swapper/0 next_pid=0 next_prio=120
          <idle>-0     [000] ...2   257.893025: sched_switch: prev_comm=swapper/0 prev_pid=0 prev_prio=120 prev_state=R ==> next_comm=mmcqd/1 next_pid=117 next_prio=120
         mmcqd/1-117   [000] ...1   257.893044: block_rq_complete: 179,0 RA () 4020392 + 56 [0]
          <idle>-0     [001] ...2   257.893056: sched_switch: prev_comm=swapper/1 prev_pid=0 prev_prio=120 prev_state=R ==> next_comm=main next_pid=4357 next_prio=120
         mmcqd/1-117   [000] ...2   257.893062: sched_switch: prev_comm=mmcqd/1 prev_pid=117 prev_prio=120 prev_state=R+ ==> next_comm=kworker/0:2H next_pid=520 next_prio=100
           <...>-520   [000] ...2   257.893068: sched_switch: prev_comm=kworker/0:2H prev_pid=520 prev_prio=100 prev_state=S ==> next_comm=mmcqd/1 next_pid=117 next_prio=120
         mmcqd/1-117   [000] ...2   257.893076: sched_switch: prev_comm=mmcqd/1 prev_pid=117 prev_prio=120 prev_state=S ==> next_comm=swapper/0 next_pid=0 next_prio=120
          <idle>-0     [000] ...2   257.901992: sched_switch: prev_comm=swapper/0 prev_pid=0 prev_prio=120 prev_state=R ==> next_comm=ksoftirqd/0 next_pid=3 next_prio=120
     ksoftirqd/0-3     [000] ...2   257.902003: sched_switch: prev_comm=ksoftirqd/0 prev_pid=3 prev_prio=120 prev_state=S ==> next_comm=swapper/0 next_pid=0 next_prio=120
          <idle>-0     [000] ...2   257.902018: sched_switch: prev_comm=swapper/0 prev_pid=0 prev_prio=120 prev_state=R ==> next_comm=ksoftirqd/0 next_pid=3 next_prio=120
     ksoftirqd/0-3     [000] ...2   257.902025: sched_switch: prev_comm=ksoftirqd/0 prev_pid=3 prev_prio=120 prev_state=S ==> next_comm=swapper/0 next_pid=0 next_prio=120
          <idle>-0     [000] ...2   257.902039: sched_switch: prev_comm=swapper/0 prev_pid=0 prev_prio=120 prev_state=R ==> next_comm=ksoftirqd/0 next_pid=3 next_prio=120
     ksoftirqd/0-3     [000] ...2   257.902046: sched_switch: prev_comm=ksoftirqd/0 prev_pid=3 prev_prio=120 prev_state=S ==> next_comm=swapper/0 next_pid=0 next_prio=120
           <...>-4357  [001] d..2   257.903197: block_rq_insert: 179,0 R 0 () 3994176 + 120 [main]
          <idle>-0     [000] ...2   257.903223: sched_switch: prev_comm=swapper/0 prev_pid=0 prev_prio=120 prev_state=R ==> next_comm=mmcqd/1 next_pid=117 next_prio=120
           <...>-4357  [001] d..2   257.903290: block_rq_insert: 179,0 R 0 () 4077504 + 24 [main]
           <...>-4357  [001] ...2   257.903302: sched_switch: prev_comm=main prev_pid=4357 prev_prio=120 prev_state=D|W ==> next_comm=swapper/1 next_pid=0 next_prio=120
         mmcqd/1-117   [000] ...2   257.903313: sched_switch: prev_comm=mmcqd/1 prev_pid=117 prev_prio=120 prev_state=S ==> next_comm=swapper/0 next_pid=0 next_prio=120
          <idle>-0     [001] ...2   257.903320: sched_switch: prev_comm=swapper/1 prev_pid=0 prev_prio=120 prev_state=R ==> next_comm=ksoftirqd/1 next_pid=4344 next_prio=120
           <...>-4344  [001] ...2   257.903330: sched_switch: prev_comm=ksoftirqd/1 prev_pid=4344 prev_prio=120 prev_state=S ==> next_comm=swapper/1 next_pid=0 next_prio=120
          <idle>-0     [001] ...2   257.903344: sched_switch: prev_comm=swapper/1 prev_pid=0 prev_prio=120 prev_state=R ==> next_comm=ksoftirqd/1 next_pid=4344 next_prio=120
           <...>-4344  [001] ...2   257.903350: sched_switch: prev_comm=ksoftirqd/1 prev_pid=4344 prev_prio=120 prev_state=S ==> next_comm=swapper/1 next_pid=0 next_prio=120
          <idle>-0     [001] ...2   257.903362: sched_switch: prev_comm=swapper/1 prev_pid=0 prev_prio=120 prev_state=R ==> next_comm=ksoftirqd/1 next_pid=4344 next_prio=120
           <...>-4344  [001] ...2   257.903372: sched_switch: prev_comm=ksoftirqd/1 prev_pid=4344 prev_prio=120 prev_state=S ==> next_comm=swapper/1 next_pid=0 next_prio=120
          <idle>-0     [001] ...2   257.903387: sched_switch: prev_comm=swapper/1 prev_pid=0 prev_prio=120 prev_state=R ==> next_comm=ksoftirqd/1 next_pid=4344 next_prio=120
           <...>-4344  [001] ...2   257.903394: sched_switch: prev_comm=ksoftirqd/1 prev_pid=4344 prev_prio=120 prev_state=S ==> next_comm=swapper/1 next_pid=0 next_prio=120
          <idle>-0     [001] ...2   257.903407: sched_switch: prev_comm=swapper/1 prev_pid=0 prev_prio=120 prev_state=R ==> next_comm=ksoftirqd/1 next_pid=4344 next_prio=120
           <...>-4344  [001] ...2   257.903413: sched_switch: prev_comm=ksoftirqd/1 prev_pid=4344 prev_prio=120 prev_state=S ==> next_comm=swapper/1 next_pid=0 next_prio=120
          <idle>-0     [001] ...2   257.903425: sched_switch: prev_comm=swapper/1 prev_pid=0 prev_prio=120 prev_state=R ==> next_comm=ksoftirqd/1 next_pid=4344 next_prio=120
           <...>-4344  [001] ...2   257.903432: sched_switch: prev_comm=ksoftirqd/1 prev_pid=4344 prev_prio=120 prev_state=S ==> next_comm=swapper/1 next_pid=0 next_prio=120
          <idle>-0     [000] ...2   257.904213: sched_switch: prev_comm=swapper/0 prev_pid=0 prev_prio=120 prev_state=R ==> next_comm=mmcqd/1 next_pid=117 next_prio=120
         mmcqd/1-117   [000] ...1   257.904262: block_rq_complete: 179,0 RA () 3994176 + 120 [0]
         mmcqd/1-117   [000] ...2   257.904283: sched_switch: prev_comm=mmcqd/1 prev_pid=117 prev_prio=120 prev_state=S ==> next_comm=swapper/0 next_pid=0 next_prio=120
          <idle>-0     [000] ...2   257.904527: sched_switch: prev_comm=swapper/0 prev_pid=0 prev_prio=120 prev_state=R ==> next_comm=mmcqd/1 next_pid=117 next_prio=120
         mmcqd/1-117   [000] ...1   257.904539: block_rq_complete: 179,0 RA () 4077504 + 24 [0]
          <idle>-0     [001] ...2   257.904554: sched_switch: prev_comm=swapper/1 prev_pid=0 prev_prio=120 prev_state=R ==> next_comm=main next_pid=4357 next_prio=120
         mmcqd/1-117   [000] ...2   257.904558: sched_switch: prev_comm=mmcqd/1 prev_pid=117 prev_prio=120 prev_state=R+ ==> next_comm=kworker/0:2H next_pid=520 next_prio=100
           <...>-520   [000] ...2   257.904566: sched_switch: prev_comm=kworker/0:2H prev_pid=520 prev_prio=100 prev_state=S ==> next_comm=mmcqd/1 next_pid=117 next_prio=120
         mmcqd/1-117   [000] ...2   257.904578: sched_switch: prev_comm=mmcqd/1 prev_pid=117 prev_prio=120 prev_state=S ==> next_comm=swapper/0 next_pid=0 next_prio=120
           <...>-4357  [001] d..2   257.904790: block_rq_insert: 179,0 R 0 () 4079680 + 16 [main]
           <...>-4357  [001] d..2   257.904794: block_rq_insert: 179,0 R 0 () 4079712 + 8 [main]
           <...>-4357  [001] d..2   257.904796: block_rq_insert: 179,0 R 0 () 4079728 + 8 [main]
          <idle>-0     [000] ...2   257.904809: sched_switch: prev_comm=swapper/0 prev_pid=0 prev_prio=120 prev_state=R ==> next_comm=mmcqd/1 next_pid=117 next_prio=120
         mmcqd/1-117   [000] ...2   257.904854: sched_switch: prev_comm=mmcqd/1 prev_pid=117 prev_prio=120 prev_state=S ==> next_comm=swapper/0 next_pid=0 next_prio=120
          <idle>-0     [000] ...2   257.905113: sched_switch: prev_comm=swapper/0 prev_pid=0 prev_prio=120 prev_state=R ==> next_comm=mmcqd/1 next_pid=117 next_prio=120
         mmcqd/1-117   [000] ...1   257.905139: block_rq_complete: 179,0 RA () 4079680 + 16 [0]
           <...>-4357  [001] d..2   257.905146: block_rq_insert: 179,0 R 0 () 4026240 + 32 [main]
           <...>-4357  [001] d..2   257.905149: block_rq_insert: 179,0 R 0 () 4026288 + 16 [main]
           <...>-4357  [001] d..2   257.905150: block_rq_insert: 179,0 R 0 () 4026360 + 16 [main]
           <...>-4357  [001] ...2   257.905160: sched_switch: prev_comm=main prev_pid=4357 prev_prio=120 prev_state=D|W ==> next_comm=swapper/1 next_pid=0 next_prio=120
         mmcqd/1-117   [000] ...2   257.905166: sched_switch: prev_comm=mmcqd/1 prev_pid=117 prev_prio=120 prev_state=S ==> next_comm=swapper/0 next_pid=0 next_prio=120
          <idle>-0     [000] ...2   257.905389: sched_switch: prev_comm=swapper/0 prev_pid=0 prev_prio=120 prev_state=R ==> next_comm=mmcqd/1 next_pid=117 next_prio=120
         mmcqd/1-117   [000] ...1   257.905413: block_rq_complete: 179,0 RA () 4079712 + 8 [0]
         mmcqd/1-117   [000] ...2   257.905439: sched_switch: prev_comm=mmcqd/1 prev_pid=117 prev_prio=120 prev_state=S ==> next_comm=swapper/0 next_pid=0 next_prio=120
          <idle>-0     [000] ...2   257.905712: sched_switch: prev_comm=swapper/0 prev_pid=0 prev_prio=120 prev_state=R ==> next_comm=mmcqd/1 next_pid=117 next_prio=120
         mmcqd/1-117   [000] ...1   257.905736: block_rq_complete: 179,0 RA () 4079728 + 8 [0]
         mmcqd/1-117   [000] ...2   257.905756: sched_switch: prev_comm=mmcqd/1 prev_pid=117 prev_prio=120 prev_state=S ==> next_comm=swapper/0 next_pid=0 next_prio=120
          <idle>-0     [000] ...2   257.906080: sched_switch: prev_comm=swapper/0 prev_pid=0 prev_prio=120 prev_state=R ==> next_comm=mmcqd/1 next_pid=117 next_prio=120
         mmcqd/1-117   [000] ...1   257.906109: block_rq_complete: 179,0 RA () 4026240 + 32 [0]
         mmcqd/1-117   [000] ...2   257.906131: sched_switch: prev_comm=mmcqd/1 prev_pid=117 prev_prio=120 prev_state=S ==> next_comm=swapper/0 next_pid=0 next_prio=120
          <idle>-0     [000] ...2   257.906360: sched_switch: prev_comm=swapper/0 prev_pid=0 prev_prio=120 prev_state=R ==> next_comm=mmcqd/1 next_pid=117 next_prio=120
         mmcqd/1-117   [000] ...1   257.906385: block_rq_complete: 179,0 RA () 4026288 + 16 [0]
         mmcqd/1-117   [000] ...2   257.906397: sched_switch: prev_comm=mmcqd/1 prev_pid=117 prev_prio=120 prev_state=S ==> next_comm=swapper/0 next_pid=0 next_prio=120
          <idle>-0     [000] ...2   257.906813: sched_switch: prev_comm=swapper/0 prev_pid=0 prev_prio=120 prev_state=R ==> next_comm=mmcqd/1 next_pid=117 next_prio=120
         mmcqd/1-117   [000] ...1   257.906824: block_rq_complete: 179,0 RA () 4026360 + 16 [0]
          <idle>-0     [001] ...2   257.906838: sched_switch: prev_comm=swapper/1 prev_pid=0 prev_prio=120 prev_state=R ==> next_comm=main next_pid=4357 next_prio=120
         mmcqd/1-117   [000] ...2   257.906840: sched_switch: prev_comm=mmcqd/1 prev_pid=117 prev_prio=120 prev_state=R+ ==> next_comm=kworker/0:2H next_pid=520 next_prio=100
           <...>-520   [000] ...2   257.906847: sched_switch: prev_comm=kworker/0:2H prev_pid=520 prev_prio=100 prev_state=S ==> next_comm=mmcqd/1 next_pid=117 next_prio=120
         mmcqd/1-117   [000] ...2   257.906857: sched_switch: prev_comm=mmcqd/1 prev_pid=117 prev_prio=120 prev_state=S ==> next_comm=swapper/0 next_pid=0 next_prio=120
           <...>-4357  [001] d..2   257.907869: block_rq_insert: 179,0 R 0 () 4028944 + 256 [main]
          <idle>-0     [000] ...2   257.907886: sched_switch: prev_comm=swapper/0 prev_pid=0 prev_prio=120 prev_state=R ==> next_comm=mmcqd/1 next_pid=117 next_prio=120
         mmcqd/1-117   [000] ...2   257.907979: sched_switch: prev_comm=mmcqd/1 prev_pid=117 prev_prio=120 prev_state=S ==> next_comm=swapper/0 next_pid=0 next_prio=120
           <...>-4357  [001] d..2   257.908229: block_rq_insert: 179,0 R 0 () 4026808 + 8 [main]
          <idle>-0     [000] ...2   257.908244: sched_switch: prev_comm=swapper/0 prev_pid=0 prev_prio=120 prev_state=R ==> next_comm=mmcqd/1 next_pid=117 next_prio=120
           <...>-4357  [001] ...2   257.908245: sched_switch: prev_comm=main prev_pid=4357 prev_prio=120 prev_state=D|W ==> next_comm=swapper/1 next_pid=0 next_prio=120
         mmcqd/1-117   [000] ...2   257.908261: sched_switch: prev_comm=mmcqd/1 prev_pid=117 prev_prio=120 prev_state=S ==> next_comm=swapper/0 next_pid=0 next_prio=120
          <idle>-0     [000] ...2   257.909438: sched_switch: prev_comm=swapper/0 prev_pid=0 prev_prio=120 prev_state=R ==> next_comm=mmcqd/1 next_pid=117 next_prio=120
         mmcqd/1-117   [000] ...1   257.909514: block_rq_complete: 179,0 RA () 4028944 + 256 [0]
         mmcqd/1-117   [000] ...2   257.909536: sched_switch: prev_comm=mmcqd/1 prev_pid=117 prev_prio=120 prev_state=S ==> next_comm=swapper/0 next_pid=0 next_prio=120
          <idle>-0     [000] ...2   257.909680: sched_switch: prev_comm=swapper/0 prev_pid=0 prev_prio=120 prev_state=R ==> next_comm=mmcqd/1 next_pid=117 next_prio=120
         mmcqd/1-117   [000] ...1   257.909689: block_rq_complete: 179,0 RA () 4026808 + 8 [0]
          <idle>-0     [001] ...2   257.909703: sched_switch: prev_comm=swapper/1 prev_pid=0 prev_prio=120 prev_state=R ==> next_comm=main next_pid=4357 next_prio=120
         mmcqd/1-117   [000] ...2   257.909706: sched_switch: prev_comm=mmcqd/1 prev_pid=117 prev_prio=120 prev_state=R+ ==> next_comm=kworker/0:2H next_pid=520 next_prio=100
           <...>-520   [000] ...2   257.909713: sched_switch: prev_comm=kworker/0:2H prev_pid=520 prev_prio=100 prev_state=S ==> next_comm=mmcqd/1 next_pid=117 next_prio=120
         mmcqd/1-117   [000] ...2   257.909723: sched_switch: prev_comm=mmcqd/1 prev_pid=117 prev_prio=120 prev_state=S ==> next_comm=swapper/0 next_pid=0 next_prio=120
          <idle>-0     [000] ...2   257.912000: sched_switch: prev_comm=swapper/0 prev_pid=0 prev_prio=120 prev_state=R ==> next_comm=ksoftirqd/0 next_pid=3 next_prio=120
     ksoftirqd/0-3     [000] ...2   257.912009: sched_switch: prev_comm=ksoftirqd/0 prev_pid=3 prev_prio=120 prev_state=S ==> next_comm=swapper/0 next_pid=0 next_prio=120
          <idle>-0     [000] ...2   257.912024: sched_switch: prev_comm=swapper/0 prev_pid=0 prev_prio=120 prev_state=R ==> next_comm=ksoftirqd/0 next_pid=3 next_prio=120
     ksoftirqd/0-3     [000] ...2   257.912031: sched_switch: prev_comm=ksoftirqd/0 prev_pid=3 prev_prio=120 prev_state=S ==> next_comm=swapper/0 next_pid=0 next_prio=120
          <idle>-0     [000] ...2   257.912045: sched_switch: prev_comm=swapper/0 prev_pid=0 prev_prio=120 prev_state=R ==> next_comm=ksoftirqd/0 next_pid=3 next_prio=120
     ksoftirqd/0-3     [000] ...2   257.912052: sched_switch: prev_comm=ksoftirqd/0 prev_pid=3 prev_prio=120 prev_state=S ==> next_comm=swapper/0 next_pid=0 next_prio=120
           <...>-4357  [001] d..2   257.912223: block_rq_insert: 179,0 R 0 () 4008664 + 16 [main]
           <...>-4357  [001] d..2   257.912226: block_rq_insert: 179,0 R 0 () 4008712 + 8 [main]
           <...>-4357  [001] ...2   257.912241: sched_switch: prev_comm=main prev_pid=4357 prev_prio=120 prev_state=D|W ==> next_comm=swapper/1 next_pid=0 next_prio=120
          <idle>-0     [000] ...2   257.912243: sched_switch: prev_comm=swapper/0 prev_pid=0 prev_prio=120 prev_state=R ==> next_comm=mmcqd/1 next_pid=117 next_prio=120
         mmcqd/1-117   [000] ...2   257.912296: sched_switch: prev_comm=mmcqd/1 prev_pid=117 prev_prio=120 prev_state=S ==> next_comm=swapper/0 next_pid=0 next_prio=120
          <idle>-0     [000] ...2   257.912508: sched_switch: prev_comm=swapper/0 prev_pid=0 prev_prio=120 prev_state=R ==> next_comm=mmcqd/1 next_pid=117 next_prio=120
         mmcqd/1-117   [000] ...1   257.912534: block_rq_complete: 179,0 RA () 4008712 + 8 [0]
         mmcqd/1-117   [000] ...2   257.912549: sched_switch: prev_comm=mmcqd/1 prev_pid=117 prev_prio=120 prev_state=S ==> next_comm=swapper/0 next_pid=0 next_prio=120
          <idle>-0     [000] ...2   257.912839: sched_switch: prev_comm=swapper/0 prev_pid=0 prev_prio=120 prev_state=R ==> next_comm=mmcqd/1 next_pid=117 next_prio=120
         mmcqd/1-117   [000] ...1   257.912849: block_rq_complete: 179,0 RA () 4008664 + 16 [0]
          <idle>-0     [001] ...2   257.912864: sched_switch: prev_comm=swapper/1 prev_pid=0 prev_prio=120 prev_state=R ==> next_comm=main next_pid=4357 next_prio=120
         mmcqd/1-117   [000] ...2   257.912866: sched_switch: prev_comm=mmcqd/1 prev_pid=117 prev_prio=120 prev_state=R+ ==> next_comm=kworker/0:2H next_pid=520 next_prio=100
           <...>-520   [000] ...2   257.912873: sched_switch: prev_comm=kworker/0:2H prev_pid=520 prev_prio=100 prev_state=S ==> next_comm=mmcqd/1 next_pid=117 next_prio=120
         mmcqd/1-117   [000] ...2   257.912883: sched_switch: prev_comm=mmcqd/1 prev_pid=117 prev_prio=120 prev_state=S ==> next_comm=swapper/0 next_pid=0 next_prio=120
          <idle>-0     [000] ...2   257.915960: sched_switch: prev_comm=swapper/0 prev_pid=0 prev_prio=120 prev_state=R ==> next_comm=main next_pid=4372 next_prio=120
           <...>-4372  [000] ...2   257.915975: sched_switch: prev_comm=main prev_pid=4372 prev_prio=120 prev_state=R+ ==> next_comm=logcat next_pid=818 next_prio=120
           <...>-4357  [001] ...2   257.915978: sched_switch: prev_comm=main prev_pid=4357 prev_prio=120 prev_state=R+ ==> next_comm=logcat next_pid=821 next_prio=120
           <...>-818   [000] ...2   257.916001: sched_switch: prev_comm=logcat prev_pid=818 prev_prio=120 prev_state=D ==> next_comm=main next_pid=4372 next_prio=120
           <...>-4372  [000] ...2   257.916006: sched_switch: prev_comm=main prev_pid=4372 prev_prio=120 prev_state=R+ ==> next_comm=logcat next_pid=818 next_prio=120
           <...>-818   [000] ...2   257.916104: sched_switch: prev_comm=logcat prev_pid=818 prev_prio=120 prev_state=R ==> next_comm=kworker/0:1 next_pid=15 next_prio=120
           <...>-821   [001] ...2   257.916110: sched_switch: prev_comm=logcat prev_pid=821 prev_prio=120 prev_state=S ==> next_comm=kworker/1:1 next_pid=4354 next_prio=120
     kworker/0:1-15    [000] ...2   257.916119: sched_switch: prev_comm=kworker/0:1 prev_pid=15 prev_prio=120 prev_state=S ==> next_comm=adbd next_pid=792 next_prio=120
           <...>-4354  [001] ...2   257.916121: sched_switch: prev_comm=kworker/1:1 prev_pid=4354 prev_prio=120 prev_state=S ==> next_comm=main next_pid=4357 next_prio=120
           <...>-4357  [001] ...2   257.916150: sched_switch: prev_comm=main prev_pid=4357 prev_prio=120 prev_state=D ==> next_comm=swapper/1 next_pid=0 next_prio=120
          <idle>-0     [001] ...2   257.916170: sched_switch: prev_comm=swapper/1 prev_pid=0 prev_prio=120 prev_state=R ==> next_comm=ksoftirqd/1 next_pid=4344 next_prio=120
           <...>-4344  [001] ...2   257.916182: sched_switch: prev_comm=ksoftirqd/1 prev_pid=4344 prev_prio=120 prev_state=S ==> next_comm=swapper/1 next_pid=0 next_prio=120
          <idle>-0     [001] ...2   257.916194: sched_switch: prev_comm=swapper/1 prev_pid=0 prev_prio=120 prev_state=R ==> next_comm=ksoftirqd/1 next_pid=4344 next_prio=120
           <...>-4344  [001] ...2   257.916203: sched_switch: prev_comm=ksoftirqd/1 prev_pid=4344 prev_prio=120 prev_state=S ==> next_comm=swapper/1 next_pid=0 next_prio=120
          <idle>-0     [001] ...2   257.916214: sched_switch: prev_comm=swapper/1 prev_pid=0 prev_prio=120 prev_state=R ==> next_comm=ksoftirqd/1 next_pid=4344 next_prio=120
           <...>-4344  [001] ...2   257.916223: sched_switch: prev_comm=ksoftirqd/1 prev_pid=4344 prev_prio=120 prev_state=S ==> next_comm=swapper/1 next_pid=0 next_prio=120
          <idle>-0     [001] ...2   257.916255: sched_switch: prev_comm=swapper/1 prev_pid=0 prev_prio=120 prev_state=R ==> next_comm=adbd next_pid=794 next_prio=120
            adbd-792   [000] ...2   257.916330: sched_switch: prev_comm=adbd prev_pid=792 prev_prio=120 prev_state=S ==> next_comm=logcat next_pid=818 next_prio=120
           <...>-818   [000] ...2   257.916341: sched_switch: prev_comm=logcat prev_pid=818 prev_prio=120 prev_state=S ==> next_comm=main next_pid=4372 next_prio=120
            adbd-794   [001] ...2   257.916344: sched_switch: prev_comm=adbd prev_pid=794 prev_prio=120 prev_state=S ==> next_comm=swapper/1 next_pid=0 next_prio=120
          <idle>-0     [001] ...2   257.916373: sched_switch: prev_comm=swapper/1 prev_pid=0 prev_prio=120 prev_state=R ==> next_comm=main next_pid=4357 next_prio=120
           <...>-4357  [001] d..2   257.916615: block_rq_insert: 179,0 R 0 () 4008840 + 8 [main]
           <...>-4357  [001] d..2   257.916620: block_rq_insert: 179,0 R 0 () 4008920 + 48 [main]
           <...>-4372  [000] ...2   257.916631: sched_switch: prev_comm=Binder_1 prev_pid=4372 prev_prio=120 prev_state=R+ ==> next_comm=mmcqd/1 next_pid=117 next_prio=120
           <...>-4357  [001] ...2   257.916634: sched_switch: prev_comm=main prev_pid=4357 prev_prio=120 prev_state=D|W ==> next_comm=swapper/1 next_pid=0 next_prio=120
         mmcqd/1-117   [000] ...2   257.916714: sched_switch: prev_comm=mmcqd/1 prev_pid=117 prev_prio=120 prev_state=S ==> next_comm=Binder_1 next_pid=4372 next_prio=120
           <...>-4372  [000] ...2   257.916731: sched_switch: prev_comm=Binder_1 prev_pid=4372 prev_prio=120 prev_state=R+ ==> next_comm=adbd next_pid=795 next_prio=120
            adbd-795   [000] ...2   257.916762: sched_switch: prev_comm=adbd prev_pid=795 prev_prio=120 prev_state=S ==> next_comm=adbd next_pid=792 next_prio=120
          <idle>-0     [001] ...2   257.916829: sched_switch: prev_comm=swapper/1 prev_pid=0 prev_prio=120 prev_state=R ==> next_comm=adbd next_pid=794 next_prio=120
            adbd-794   [001] ...2   257.916836: sched_switch: prev_comm=adbd prev_pid=794 prev_prio=120 prev_state=S ==> next_comm=swapper/1 next_pid=0 next_prio=120
            adbd-792   [000] ...2   257.916879: sched_switch: prev_comm=adbd prev_pid=792 prev_prio=120 prev_state=S ==> next_comm=Binder_1 next_pid=4372 next_prio=120
           <...>-4372  [000] ...2   257.916902: sched_switch: prev_comm=Binder_1 prev_pid=4372 prev_prio=120 prev_state=R+ ==> next_comm=mmcqd/1 next_pid=117 next_prio=120
         mmcqd/1-117   [000] ...1   257.916927: block_rq_complete: 179,0 RA () 4008840 + 8 [0]
          <idle>-0     [001] ...2   257.916941: sched_switch: prev_comm=swapper/1 prev_pid=0 prev_prio=120 prev_state=R ==> next_comm=main next_pid=4357 next_prio=120
         mmcqd/1-117   [000] ...2   257.916968: sched_switch: prev_comm=mmcqd/1 prev_pid=117 prev_prio=120 prev_state=S ==> next_comm=Binder_1 next_pid=4372 next_prio=120
           <...>-4372  [000] ...2   257.916972: sched_switch: prev_comm=Binder_1 prev_pid=4372 prev_prio=120 prev_state=R+ ==> next_comm=adbd next_pid=795 next_prio=120
           <...>-4357  [001] d..2   257.916977: block_rq_insert: 179,0 R 0 () 4024680 + 32 [main]
           <...>-4357  [001] d..2   257.916980: block_rq_insert: 179,0 R 0 () 4024792 + 8 [main]
           <...>-4357  [001] ...2   257.916989: sched_switch: prev_comm=main prev_pid=4357 prev_prio=120 prev_state=R+ ==> next_comm=mmcqd/1 next_pid=117 next_prio=120
            adbd-795   [000] ...2   257.916998: sched_switch: prev_comm=adbd prev_pid=795 prev_prio=120 prev_state=S ==> next_comm=adbd next_pid=792 next_prio=120
         mmcqd/1-117   [001] ...2   257.917010: sched_switch: prev_comm=mmcqd/1 prev_pid=117 prev_prio=120 prev_state=S ==> next_comm=main next_pid=4357 next_prio=120
           <...>-4357  [001] ...2   257.917015: sched_switch: prev_comm=main prev_pid=4357 prev_prio=120 prev_state=D|W ==> next_comm=swapper/1 next_pid=0 next_prio=120
          <idle>-0     [001] ...2   257.917062: sched_switch: prev_comm=swapper/1 prev_pid=0 prev_prio=120 prev_state=R ==> next_comm=adbd next_pid=794 next_prio=120
            adbd-794   [001] ...2   257.917068: sched_switch: prev_comm=adbd prev_pid=794 prev_prio=120 prev_state=S ==> next_comm=swapper/1 next_pid=0 next_prio=120
            adbd-792   [000] ...2   257.917109: sched_switch: prev_comm=adbd prev_pid=792 prev_prio=120 prev_state=S ==> next_comm=Binder_1 next_pid=4372 next_prio=120
          <idle>-0     [001] ...2   257.917466: sched_switch: prev_comm=swapper/1 prev_pid=0 prev_prio=120 prev_state=R ==> next_comm=Binder_1 next_pid=4373 next_prio=120
           <...>-4373  [001] ...2   257.917475: sched_switch: prev_comm=Binder_1 prev_pid=4373 prev_prio=120 prev_state=S ==> next_comm=swapper/1 next_pid=0 next_prio=120
          <idle>-0     [001] ...2   257.917489: sched_switch: prev_comm=swapper/1 prev_pid=0 prev_prio=120 prev_state=R ==> next_comm=mmcqd/1 next_pid=117 next_prio=120
           <...>-4372  [000] ...2   257.917515: sched_switch: prev_comm=Binder_1 prev_pid=4372 prev_prio=120 prev_state=S ==> next_comm=swapper/0 next_pid=0 next_prio=120
         mmcqd/1-117   [001] ...1   257.917519: block_rq_complete: 179,0 RA () 4008920 + 48 [0]
         mmcqd/1-117   [001] ...2   257.917540: sched_switch: prev_comm=mmcqd/1 prev_pid=117 prev_prio=120 prev_state=S ==> next_comm=Binder_1 next_pid=4373 next_prio=120
          <idle>-0     [000] ...2   257.917900: sched_switch: prev_comm=swapper/0 prev_pid=0 prev_prio=120 prev_state=R ==> next_comm=mmcqd/1 next_pid=117 next_prio=120
         mmcqd/1-117   [000] ...1   257.917931: block_rq_complete: 179,0 RA () 4024680 + 32 [0]
         mmcqd/1-117   [000] ...2   257.917946: sched_switch: prev_comm=mmcqd/1 prev_pid=117 prev_prio=120 prev_state=S ==> next_comm=swapper/0 next_pid=0 next_prio=120
           <...>-4373  [001] ...2   257.917985: sched_switch: prev_comm=Binder_2 prev_pid=4373 prev_prio=120 prev_state=S ==> next_comm=swapper/1 next_pid=0 next_prio=120
          <idle>-0     [000] ...2   257.918161: sched_switch: prev_comm=swapper/0 prev_pid=0 prev_prio=120 prev_state=R ==> next_comm=mmcqd/1 next_pid=117 next_prio=120
         mmcqd/1-117   [000] ...1   257.918170: block_rq_complete: 179,0 RA () 4024792 + 8 [0]
          <idle>-0     [001] ...2   257.918182: sched_switch: prev_comm=swapper/1 prev_pid=0 prev_prio=120 prev_state=R ==> next_comm=main next_pid=4357 next_prio=120
         mmcqd/1-117   [000] ...2   257.918188: sched_switch: prev_comm=mmcqd/1 prev_pid=117 prev_prio=120 prev_state=R+ ==> next_comm=kworker/0:2H next_pid=520 next_prio=100
           <...>-520   [000] ...2   257.918196: sched_switch: prev_comm=kworker/0:2H prev_pid=520 prev_prio=100 prev_state=S ==> next_comm=mmcqd/1 next_pid=117 next_prio=120
         mmcqd/1-117   [000] ...2   257.918207: sched_switch: prev_comm=mmcqd/1 prev_pid=117 prev_prio=120 prev_state=S ==> next_comm=swapper/0 next_pid=0 next_prio=120
           <...>-4357  [001] d..2   257.918360: block_rq_insert: 179,0 R 0 () 4123736 + 8 [main]
           <...>-4357  [001] d..2   257.918363: block_rq_insert: 179,0 R 0 () 4123816 + 32 [main]
           <...>-4357  [001] ...2   257.918375: sched_switch: prev_comm=main prev_pid=4357 prev_prio=120 prev_state=D|W ==> next_comm=swapper/1 next_pid=0 next_prio=120
          <idle>-0     [000] ...2   257.918376: sched_switch: prev_comm=swapper/0 prev_pid=0 prev_prio=120 prev_state=R ==> next_comm=mmcqd/1 next_pid=117 next_prio=120
         mmcqd/1-117   [000] ...2   257.918426: sched_switch: prev_comm=mmcqd/1 prev_pid=117 prev_prio=120 prev_state=S ==> next_comm=swapper/0 next_pid=0 next_prio=120
          <idle>-0     [000] ...2   257.918647: sched_switch: prev_comm=swapper/0 prev_pid=0 prev_prio=120 prev_state=R ==> next_comm=mmcqd/1 next_pid=117 next_prio=120
         mmcqd/1-117   [000] ...1   257.918671: block_rq_complete: 179,0 RA () 4123736 + 8 [0]
         mmcqd/1-117   [000] ...2   257.918684: sched_switch: prev_comm=mmcqd/1 prev_pid=117 prev_prio=120 prev_state=S ==> next_comm=swapper/0 next_pid=0 next_prio=120
          <idle>-0     [000] ...2   257.919058: sched_switch: prev_comm=swapper/0 prev_pid=0 prev_prio=120 prev_state=R ==> next_comm=mmcqd/1 next_pid=117 next_prio=120
         mmcqd/1-117   [000] ...1   257.919072: block_rq_complete: 179,0 RA () 4123816 + 32 [0]
          <idle>-0     [001] ...2   257.919085: sched_switch: prev_comm=swapper/1 prev_pid=0 prev_prio=120 prev_state=R ==> next_comm=main next_pid=4357 next_prio=120
         mmcqd/1-117   [000] ...2   257.919089: sched_switch: prev_comm=mmcqd/1 prev_pid=117 prev_prio=120 prev_state=R+ ==> next_comm=kworker/0:2H next_pid=520 next_prio=100
           <...>-520   [000] ...2   257.919096: sched_switch: prev_comm=kworker/0:2H prev_pid=520 prev_prio=100 prev_state=S ==> next_comm=mmcqd/1 next_pid=117 next_prio=120
         mmcqd/1-117   [000] ...2   257.919106: sched_switch: prev_comm=mmcqd/1 prev_pid=117 prev_prio=120 prev_state=S ==> next_comm=swapper/0 next_pid=0 next_prio=120
           <...>-4357  [001] d..2   257.919129: block_rq_insert: 179,0 R 0 () 4084528 + 24 [main]
          <idle>-0     [000] ...2   257.919142: sched_switch: prev_comm=swapper/0 prev_pid=0 prev_prio=120 prev_state=R ==> next_comm=mmcqd/1 next_pid=117 next_prio=120
           <...>-4357  [001] ...2   257.919143: sched_switch: prev_comm=main prev_pid=4357 prev_prio=120 prev_state=D|W ==> next_comm=swapper/1 next_pid=0 next_prio=120
         mmcqd/1-117   [000] ...2   257.919181: sched_switch: prev_comm=mmcqd/1 prev_pid=117 prev_prio=120 prev_state=S ==> next_comm=swapper/0 next_pid=0 next_prio=120
          <idle>-0     [000] ...2   257.919531: sched_switch: prev_comm=swapper/0 prev_pid=0 prev_prio=120 prev_state=R ==> next_comm=mmcqd/1 next_pid=117 next_prio=120
         mmcqd/1-117   [000] ...1   257.919544: block_rq_complete: 179,0 RA () 4084528 + 24 [0]
          <idle>-0     [001] ...2   257.919555: sched_switch: prev_comm=swapper/1 prev_pid=0 prev_prio=120 prev_state=R ==> next_comm=main next_pid=4357 next_prio=120
         mmcqd/1-117   [000] ...2   257.919561: sched_switch: prev_comm=mmcqd/1 prev_pid=117 prev_prio=120 prev_state=R+ ==> next_comm=kworker/0:2H next_pid=520 next_prio=100
           <...>-520   [000] ...2   257.919567: sched_switch: prev_comm=kworker/0:2H prev_pid=520 prev_prio=100 prev_state=S ==> next_comm=mmcqd/1 next_pid=117 next_prio=120
         mmcqd/1-117   [000] ...2   257.919577: sched_switch: prev_comm=mmcqd/1 prev_pid=117 prev_prio=120 prev_state=S ==> next_comm=swapper/0 next_pid=0 next_prio=120
          <idle>-0     [000] ...2   257.919609: sched_switch: prev_comm=swapper/0 prev_pid=0 prev_prio=120 prev_state=R ==> next_comm=servicemanager next_pid=169 next_prio=120
           <...>-4357  [001] ...2   257.919614: sched_switch: prev_comm=main prev_pid=4357 prev_prio=120 prev_state=S ==> next_comm=swapper/1 next_pid=0 next_prio=120
          <idle>-0     [001] ...2   257.919635: sched_switch: prev_comm=swapper/1 prev_pid=0 prev_prio=120 prev_state=R ==> next_comm=main next_pid=4357 next_prio=120
  servicemanager-169   [000] ...2   257.919639: sched_switch: prev_comm=servicemanager prev_pid=169 prev_prio=120 prev_state=S ==> next_comm=swapper/0 next_pid=0 next_prio=120
          <idle>-0     [000] ...2   257.919790: sched_switch: prev_comm=swapper/0 prev_pid=0 prev_prio=120 prev_state=R ==> next_comm=servicemanager next_pid=169 next_prio=120
           <...>-4357  [001] ...2   257.919793: sched_switch: prev_comm=main prev_pid=4357 prev_prio=120 prev_state=S ==> next_comm=swapper/1 next_pid=0 next_prio=120
          <idle>-0     [001] ...2   257.919898: sched_switch: prev_comm=swapper/1 prev_pid=0 prev_prio=120 prev_state=R ==> next_comm=main next_pid=4357 next_prio=120
  servicemanager-169   [000] ...2   257.919901: sched_switch: prev_comm=servicemanager prev_pid=169 prev_prio=120 prev_state=S ==> next_comm=swapper/0 next_pid=0 next_prio=120
           <...>-4357  [001] d..2   257.920672: block_rq_insert: 179,0 R 0 () 4052264 + 8 [main]
           <...>-4357  [001] d..2   257.920675: block_rq_insert: 179,0 R 0 () 4052304 + 8 [main]
           <...>-4357  [001] d..2   257.920677: block_rq_insert: 179,0 R 0 () 4052400 + 32 [main]
           <...>-4357  [001] ...2   257.920690: sched_switch: prev_comm=main prev_pid=4357 prev_prio=120 prev_state=D|W ==> next_comm=kworker/1:1 next_pid=4354 next_prio=120
          <idle>-0     [000] ...2   257.920692: sched_switch: prev_comm=swapper/0 prev_pid=0 prev_prio=120 prev_state=R ==> next_comm=mmcqd/1 next_pid=117 next_prio=120
           <...>-4354  [001] ...2   257.920704: sched_switch: prev_comm=kworker/1:1 prev_pid=4354 prev_prio=120 prev_state=S ==> next_comm=swapper/1 next_pid=0 next_prio=120
         mmcqd/1-117   [000] ...2   257.920742: sched_switch: prev_comm=mmcqd/1 prev_pid=117 prev_prio=120 prev_state=S ==> next_comm=adbd next_pid=792 next_prio=120
            adbd-792   [000] ...2   257.920890: sched_switch: prev_comm=adbd prev_pid=792 prev_prio=120 prev_state=S ==> next_comm=adbd next_pid=794 next_prio=120
            adbd-794   [000] ...2   257.920941: sched_switch: prev_comm=adbd prev_pid=794 prev_prio=120 prev_state=S ==> next_comm=swapper/0 next_pid=0 next_prio=120
          <idle>-0     [000] ...2   257.921112: sched_switch: prev_comm=swapper/0 prev_pid=0 prev_prio=120 prev_state=R ==> next_comm=mmcqd/1 next_pid=117 next_prio=120
         mmcqd/1-117   [000] ...1   257.921144: block_rq_complete: 179,0 RA () 4052400 + 32 [0]
          <idle>-0     [001] ...2   257.921163: sched_switch: prev_comm=swapper/1 prev_pid=0 prev_prio=120 prev_state=R ==> next_comm=logcat next_pid=821 next_prio=120
         mmcqd/1-117   [000] ...2   257.921176: sched_switch: prev_comm=mmcqd/1 prev_pid=117 prev_prio=120 prev_state=S ==> next_comm=logcat next_pid=818 next_prio=120
           <...>-821   [001] ...2   257.921178: sched_switch: prev_comm=logcat prev_pid=821 prev_prio=120 prev_state=S ==> next_comm=swapper/1 next_pid=0 next_prio=120
           <...>-818   [000] ...2   257.921190: sched_switch: prev_comm=logcat prev_pid=818 prev_prio=120 prev_state=S ==> next_comm=swapper/0 next_pid=0 next_prio=120
          <idle>-0     [000] ...2   257.921323: sched_switch: prev_comm=swapper/0 prev_pid=0 prev_prio=120 prev_state=R ==> next_comm=adbd next_pid=795 next_prio=120
            adbd-795   [000] ...2   257.921353: sched_switch: prev_comm=adbd prev_pid=795 prev_prio=120 prev_state=S ==> next_comm=adbd next_pid=792 next_prio=120
            adbd-792   [000] ...2   257.921486: sched_switch: prev_comm=adbd prev_pid=792 prev_prio=120 prev_state=S ==> next_comm=adbd next_pid=794 next_prio=120
            adbd-794   [000] ...2   257.921491: sched_switch: prev_comm=adbd prev_pid=794 prev_prio=120 prev_state=S ==> next_comm=mmcqd/1 next_pid=117 next_prio=120
         mmcqd/1-117   [000] ...1   257.921516: block_rq_complete: 179,0 RA () 4052304 + 8 [0]
          <idle>-0     [001] ...2   257.921528: sched_switch: prev_comm=swapper/1 prev_pid=0 prev_prio=120 prev_state=R ==> next_comm=main next_pid=4357 next_prio=120
         mmcqd/1-117   [000] ...2   257.921531: sched_switch: prev_comm=mmcqd/1 prev_pid=117 prev_prio=120 prev_state=S ==> next_comm=swapper/0 next_pid=0 next_prio=120
          <idle>-0     [000] ...2   257.921745: sched_switch: prev_comm=swapper/0 prev_pid=0 prev_prio=120 prev_state=R ==> next_comm=mmcqd/1 next_pid=117 next_prio=120
         mmcqd/1-117   [000] ...1   257.921755: block_rq_complete: 179,0 RA () 4052264 + 8 [0]
         mmcqd/1-117   [000] ...2   257.921769: sched_switch: prev_comm=mmcqd/1 prev_pid=117 prev_prio=120 prev_state=R+ ==> next_comm=kworker/0:2H next_pid=520 next_prio=100
           <...>-520   [000] ...2   257.921776: sched_switch: prev_comm=kworker/0:2H prev_pid=520 prev_prio=100 prev_state=S ==> next_comm=mmcqd/1 next_pid=117 next_prio=120
         mmcqd/1-117   [000] ...2   257.921785: sched_switch: prev_comm=mmcqd/1 prev_pid=117 prev_prio=120 prev_state=S ==> next_comm=swapper/0 next_pid=0 next_prio=120
          <idle>-0     [000] ...2   257.921998: sched_switch: prev_comm=swapper/0 prev_pid=0 prev_prio=120 prev_state=R ==> next_comm=kworker/u:4 next_pid=251 next_prio=120
     kworker/u:4-251   [000] ...2   257.922013: sched_switch: prev_comm=kworker/u:4 prev_pid=251 prev_prio=120 prev_state=S ==> next_comm=ksoftirqd/0 next_pid=3 next_prio=120
     ksoftirqd/0-3     [000] ...2   257.922020: sched_switch: prev_comm=ksoftirqd/0 prev_pid=3 prev_prio=120 prev_state=S ==> next_comm=mpdecision next_pid=1614 next_prio=113
           <...>-4357  [001] ...2   257.922123: sched_switch: prev_comm=main prev_pid=4357 prev_prio=120 prev_state=S ==> next_comm=Binder_2 next_pid=729 next_prio=120
      mpdecision-1614  [000] ...2   257.922256: sched_switch: prev_comm=mpdecision prev_pid=1614 prev_prio=113 prev_state=S ==> next_comm=swapper/0 next_pid=0 next_prio=120
          <idle>-0     [000] ...2   257.922275: sched_switch: prev_comm=swapper/0 prev_pid=0 prev_prio=120 prev_state=R ==> next_comm=ksoftirqd/0 next_pid=3 next_prio=120
     ksoftirqd/0-3     [000] ...2   257.922281: sched_switch: prev_comm=ksoftirqd/0 prev_pid=3 prev_prio=120 prev_state=S ==> next_comm=swapper/0 next_pid=0 next_prio=120
          <idle>-0     [000] ...2   257.922296: sched_switch: prev_comm=swapper/0 prev_pid=0 prev_prio=120 prev_state=R ==> next_comm=ksoftirqd/0 next_pid=3 next_prio=120
     ksoftirqd/0-3     [000] ...2   257.922301: sched_switch: prev_comm=ksoftirqd/0 prev_pid=3 prev_prio=120 prev_state=S ==> next_comm=swapper/0 next_pid=0 next_prio=120
          <idle>-0     [000] ...2   257.922328: sched_switch: prev_comm=swapper/0 prev_pid=0 prev_prio=120 prev_state=R ==> next_comm=logcat next_pid=818 next_prio=120
           <...>-818   [000] ...2   257.922440: sched_switch: prev_comm=logcat prev_pid=818 prev_prio=120 prev_state=S ==> next_comm=kworker/0:1 next_pid=15 next_prio=120
     kworker/0:1-15    [000] ...2   257.922454: sched_switch: prev_comm=kworker/0:1 prev_pid=15 prev_prio=120 prev_state=S ==> next_comm=adbd next_pid=792 next_prio=120
            adbd-792   [000] ...2   257.922605: sched_switch: prev_comm=adbd prev_pid=792 prev_prio=120 prev_state=S ==> next_comm=adbd next_pid=794 next_prio=120
            adbd-794   [000] ...2   257.922663: sched_switch: prev_comm=adbd prev_pid=794 prev_prio=120 prev_state=S ==> next_comm=swapper/0 next_pid=0 next_prio=120
          <idle>-0     [000] ...2   257.922681: sched_switch: prev_comm=swapper/0 prev_pid=0 prev_prio=120 prev_state=R ==> next_comm=Binder_3 next_pid=447 next_prio=120
           <...>-729   [001] ...2   257.922684: sched_switch: prev_comm=Binder_2 prev_pid=729 prev_prio=120 prev_state=S ==> next_comm=logcat next_pid=821 next_prio=120
           <...>-447   [000] ...2   257.922768: sched_switch: prev_comm=Binder_3 prev_pid=447 prev_prio=120 prev_state=S ==> next_comm=swapper/0 next_pid=0 next_prio=120
           <...>-821   [001] ...2   257.922786: sched_switch: prev_comm=logcat prev_pid=821 prev_prio=120 prev_state=S ==> next_comm=kworker/1:1 next_pid=4354 next_prio=120
           <...>-4354  [001] ...2   257.922801: sched_switch: prev_comm=kworker/1:1 prev_pid=4354 prev_prio=120 prev_state=S ==> next_comm=Binder_2 next_pid=729 next_prio=120
          <idle>-0     [000] ...2   257.922802: sched_switch: prev_comm=swapper/0 prev_pid=0 prev_prio=120 prev_state=R ==> next_comm=adbd next_pid=792 next_prio=120
            adbd-792   [000] ...2   257.922939: sched_switch: prev_comm=adbd prev_pid=792 prev_prio=120 prev_state=S ==> next_comm=adbd next_pid=794 next_prio=120
            adbd-794   [000] ...2   257.922990: sched_switch: prev_comm=adbd prev_pid=794 prev_prio=120 prev_state=S ==> next_comm=swapper/0 next_pid=0 next_prio=120
          <idle>-0     [000] ...2   257.923070: sched_switch: prev_comm=swapper/0 prev_pid=0 prev_prio=120 prev_state=R ==> next_comm=InputDispatcher next_pid=809 next_prio=112
           <...>-809   [000] ...2   257.923113: sched_switch: prev_comm=InputDispatcher prev_pid=809 prev_prio=112 prev_state=S ==> next_comm=adbd next_pid=795 next_prio=120
            adbd-795   [000] ...2   257.923144: sched_switch: prev_comm=adbd prev_pid=795 prev_prio=120 prev_state=S ==> next_comm=adbd next_pid=792 next_prio=120
           <...>-729   [001] ...2   257.923151: sched_switch: prev_comm=Binder_2 prev_pid=729 prev_prio=120 prev_state=S ==> next_comm=Binder_1 next_pid=230 next_prio=120
           <...>-230   [001] ...2   257.923235: sched_switch: prev_comm=Binder_1 prev_pid=230 prev_prio=120 prev_state=S ==> next_comm=Binder_2 next_pid=729 next_prio=120
            adbd-792   [000] ...2   257.923255: sched_switch: prev_comm=adbd prev_pid=792 prev_prio=120 prev_state=S ==> next_comm=adbd next_pid=794 next_prio=120
            adbd-794   [000] ...2   257.923260: sched_switch: prev_comm=adbd prev_pid=794 prev_prio=120 prev_state=S ==> next_comm=swapper/0 next_pid=0 next_prio=120
           <...>-729   [001] ...2   257.923285: sched_switch: prev_comm=Binder_2 prev_pid=729 prev_prio=120 prev_state=R+ ==> next_comm=android.display next_pid=783 next_prio=116
           <...>-783   [001] ...2   257.923321: sched_switch: prev_comm=android.display prev_pid=783 prev_prio=116 prev_state=S ==> next_comm=Binder_2 next_pid=729 next_prio=120
          <idle>-0     [000] ...2   257.923323: sched_switch: prev_comm=swapper/0 prev_pid=0 prev_prio=120 prev_state=R ==> next_comm=adbd next_pid=795 next_prio=120
           <...>-729   [001] ...2   257.923336: sched_switch: prev_comm=Binder_2 prev_pid=729 prev_prio=120 prev_state=R+ ==> next_comm=android.display next_pid=783 next_prio=116
           <...>-783   [001] ...2   257.923348: sched_switch: prev_comm=android.display prev_pid=783 prev_prio=116 prev_state=S ==> next_comm=Binder_2 next_pid=729 next_prio=120
            adbd-795   [000] ...2   257.923350: sched_switch: prev_comm=adbd prev_pid=795 prev_prio=120 prev_state=S ==> next_comm=adbd next_pid=792 next_prio=120
           <...>-729   [001] ...2   257.923360: sched_switch: prev_comm=Binder_2 prev_pid=729 prev_prio=120 prev_state=R+ ==> next_comm=android.display next_pid=783 next_prio=116
            adbd-792   [000] ...2   257.923455: sched_switch: prev_comm=adbd prev_pid=792 prev_prio=120 prev_state=S ==> next_comm=adbd next_pid=794 next_prio=120
           <...>-783   [001] ...2   257.923456: sched_switch: prev_comm=android.display prev_pid=783 prev_prio=116 prev_state=S ==> next_comm=Binder_2 next_pid=729 next_prio=120
            adbd-794   [000] ...2   257.923460: sched_switch: prev_comm=adbd prev_pid=794 prev_prio=120 prev_state=S ==> next_comm=swapper/0 next_pid=0 next_prio=120
           <...>-729   [001] ...2   257.923483: sched_switch: prev_comm=Binder_2 prev_pid=729 prev_prio=120 prev_state=S ==> next_comm=swapper/1 next_pid=0 next_prio=120
          <idle>-0     [001] ...2   257.923499: sched_switch: prev_comm=swapper/1 prev_pid=0 prev_prio=120 prev_state=R ==> next_comm=ksoftirqd/1 next_pid=4344 next_prio=120
           <...>-4344  [001] ...2   257.923510: sched_switch: prev_comm=ksoftirqd/1 prev_pid=4344 prev_prio=120 prev_state=S ==> next_comm=swapper/1 next_pid=0 next_prio=120
          <idle>-0     [001] ...2   257.923524: sched_switch: prev_comm=swapper/1 prev_pid=0 prev_prio=120 prev_state=R ==> next_comm=ksoftirqd/1 next_pid=4344 next_prio=120
           <...>-4344  [001] ...2   257.923530: sched_switch: prev_comm=ksoftirqd/1 prev_pid=4344 prev_prio=120 prev_state=S ==> next_comm=swapper/1 next_pid=0 next_prio=120
          <idle>-0     [001] ...2   257.923542: sched_switch: prev_comm=swapper/1 prev_pid=0 prev_prio=120 prev_state=R ==> next_comm=ksoftirqd/1 next_pid=4344 next_prio=120
           <...>-4344  [001] ...2   257.923556: sched_switch: prev_comm=ksoftirqd/1 prev_pid=4344 prev_prio=120 prev_state=S ==> next_comm=swapper/1 next_pid=0 next_prio=120
          <idle>-0     [001] ...2   257.924520: sched_switch: prev_comm=swapper/1 prev_pid=0 prev_prio=120 prev_state=R ==> next_comm=android.display next_pid=783 next_prio=116
          <idle>-0     [000] ...2   257.924594: sched_switch: prev_comm=swapper/0 prev_pid=0 prev_prio=120 prev_state=R ==> next_comm=Binder_4 next_pid=1378 next_prio=120
           <...>-783   [001] ...2   257.924620: sched_switch: prev_comm=android.display prev_pid=783 prev_prio=116 prev_state=S ==> next_comm=Binder_2 next_pid=729 next_prio=120
           <...>-1378  [000] ...2   257.924646: sched_switch: prev_comm=Binder_4 prev_pid=1378 prev_prio=120 prev_state=S ==> next_comm=EventThread next_pid=349 next_prio=111
           <...>-349   [000] ...2   257.924703: sched_switch: prev_comm=EventThread prev_pid=349 prev_prio=111 prev_state=S ==> next_comm=Binder_8 next_pid=1163 next_prio=120
        Binder_8-1163  [000] ...2   257.924779: sched_switch: prev_comm=Binder_8 prev_pid=1163 prev_prio=120 prev_state=S ==> next_comm=LazyTaskWriterT next_pid=853 next_prio=120
 LazyTaskWriterT-853   [000] ...2   257.924815: sched_switch: prev_comm=LazyTaskWriterT prev_pid=853 prev_prio=120 prev_state=S ==> next_comm=swapper/0 next_pid=0 next_prio=120
          <idle>-0     [000] ...2   257.924879: sched_switch: prev_comm=swapper/0 prev_pid=0 prev_prio=120 prev_state=R ==> next_comm=logcat next_pid=818 next_prio=120
           <...>-818   [000] ...2   257.924985: sched_switch: prev_comm=logcat prev_pid=818 prev_prio=120 prev_state=S ==> next_comm=kworker/0:1 next_pid=15 next_prio=120
     kworker/0:1-15    [000] ...2   257.924998: sched_switch: prev_comm=kworker/0:1 prev_pid=15 prev_prio=120 prev_state=S ==> next_comm=adbd next_pid=792 next_prio=120
            adbd-792   [000] ...2   257.925137: sched_switch: prev_comm=adbd prev_pid=792 prev_prio=120 prev_state=S ==> next_comm=ActivityManager next_pid=778 next_prio=118
 ActivityManager-778   [000] ...2   257.925170: sched_switch: prev_comm=ActivityManager prev_pid=778 prev_prio=118 prev_state=S ==> next_comm=adbd next_pid=794 next_prio=120
            adbd-794   [000] ...2   257.925225: sched_switch: prev_comm=adbd prev_pid=794 prev_prio=120 prev_state=S ==> next_comm=Binder_3 next_pid=1508 next_prio=120
           <...>-1508  [000] ...2   257.925244: sched_switch: prev_comm=Binder_3 prev_pid=1508 prev_prio=120 prev_state=R ==> next_comm=Binder_2 next_pid=1156 next_prio=120
           <...>-1156  [000] ...2   257.925500: sched_switch: prev_comm=Binder_2 prev_pid=1156 prev_prio=120 prev_state=S ==> next_comm=Binder_1 next_pid=1152 next_prio=120
           <...>-1152  [000] ...2   257.925507: sched_switch: prev_comm=Binder_1 prev_pid=1152 prev_prio=120 prev_state=S ==> next_comm=Binder_3 next_pid=1508 next_prio=120
           <...>-1508  [000] ...2   257.925513: sched_switch: prev_comm=Binder_3 prev_pid=1508 prev_prio=120 prev_state=S ==> next_comm=ActivityManager next_pid=778 next_prio=118
 ActivityManager-778   [000] ...2   257.925552: sched_switch: prev_comm=ActivityManager prev_pid=778 prev_prio=118 prev_state=S ==> next_comm=droid.launcher3 next_pid=1131 next_prio=120
           <...>-729   [001] ...2   257.925618: sched_switch: prev_comm=Binder_2 prev_pid=729 prev_prio=120 prev_state=R+ ==> next_comm=Binder_1 next_pid=2217 next_prio=120
           <...>-1131  [000] ...2   257.925625: sched_switch: prev_comm=droid.launcher3 prev_pid=1131 prev_prio=120 prev_state=D ==> next_comm=adbd next_pid=795 next_prio=120
        Binder_1-2217  [001] ...2   257.925627: sched_switch: prev_comm=Binder_1 prev_pid=2217 prev_prio=120 prev_state=D ==> next_comm=logcat next_pid=821 next_prio=120
            adbd-795   [000] ...2   257.925660: sched_switch: prev_comm=adbd prev_pid=795 prev_prio=120 prev_state=S ==> next_comm=adbd next_pid=792 next_prio=120
           <...>-821   [001] ...2   257.925733: sched_switch: prev_comm=logcat prev_pid=821 prev_prio=120 prev_state=S ==> next_comm=kworker/1:1 next_pid=4354 next_prio=120
           <...>-4354  [001] ...2   257.925743: sched_switch: prev_comm=kworker/1:1 prev_pid=4354 prev_prio=120 prev_state=S ==> next_comm=Binder_2 next_pid=729 next_prio=120
           <...>-729   [001] ...2   257.925798: sched_switch: prev_comm=Binder_2 prev_pid=729 prev_prio=120 prev_state=R+ ==> next_comm=LazyTaskWriterT next_pid=853 next_prio=120
 LazyTaskWriterT-853   [001] ...2   257.925811: sched_switch: prev_comm=LazyTaskWriterT prev_pid=853 prev_prio=120 prev_state=S ==> next_comm=droid.launcher3 next_pid=1131 next_prio=120
            adbd-792   [000] ...2   257.925828: sched_switch: prev_comm=adbd prev_pid=792 prev_prio=120 prev_state=S ==> next_comm=adbd next_pid=794 next_prio=120
            adbd-794   [000] ...2   257.925872: sched_switch: prev_comm=adbd prev_pid=794 prev_prio=120 prev_state=S ==> next_comm=RenderThread next_pid=1391 next_prio=116
           <...>-1391  [000] ...2   257.925908: sched_switch: prev_comm=RenderThread prev_pid=1391 prev_prio=116 prev_state=S ==> next_comm=Binder_2 next_pid=232 next_prio=120
           <...>-232   [000] ...2   257.925978: sched_switch: prev_comm=Binder_2 prev_pid=232 prev_prio=120 prev_state=S ==> next_comm=EventThread next_pid=349 next_prio=111
           <...>-349   [000] ...2   257.926002: sched_switch: prev_comm=EventThread prev_pid=349 prev_prio=111 prev_state=S ==> next_comm=swapper/0 next_pid=0 next_prio=120
          <idle>-0     [000] ...2   257.926047: sched_switch: prev_comm=swapper/0 prev_pid=0 prev_prio=120 prev_state=R ==> next_comm=RenderThread next_pid=1391 next_prio=116
           <...>-1131  [001] ...2   257.926065: sched_switch: prev_comm=droid.launcher3 prev_pid=1131 prev_prio=120 prev_state=S ==> next_comm=Binder_1 next_pid=2217 next_prio=120
           <...>-1391  [000] ...2   257.926215: sched_switch: prev_comm=RenderThread prev_pid=1391 prev_prio=116 prev_state=R+ ==> next_comm=adbd next_pid=795 next_prio=120
            adbd-795   [000] ...2   257.926250: sched_switch: prev_comm=adbd prev_pid=795 prev_prio=120 prev_state=S ==> next_comm=adbd next_pid=792 next_prio=120
            adbd-792   [000] ...2   257.926371: sched_switch: prev_comm=adbd prev_pid=792 prev_prio=120 prev_state=S ==> next_comm=adbd next_pid=794 next_prio=120
            adbd-794   [000] ...2   257.926377: sched_switch: prev_comm=adbd prev_pid=794 prev_prio=120 prev_state=S ==> next_comm=xample.bdbtrace next_pid=2201 next_prio=120
        Binder_1-2217  [001] ...2   257.926384: sched_switch: prev_comm=Binder_1 prev_pid=2217 prev_prio=120 prev_state=S ==> next_comm=Binder_2 next_pid=729 next_prio=120
