    kworker/0:2H-520   [000] ...2   270.466014: sched_switch: prev_comm=kworker/0:2H prev_pid=520 prev_prio=100 prev_state=S ==> next_comm=mmcqd/1 next_pid=117 next_prio=120
         mmcqd/1-117   [000] ...2   270.466028: sched_switch: prev_comm=mmcqd/1 prev_pid=117 prev_prio=120 prev_state=S ==> next_comm=swapper/0 next_pid=0 next_prio=120
          <idle>-0     [000] ...2   270.466086: sched_switch: prev_comm=swapper/0 prev_pid=0 prev_prio=120 prev_state=R ==> next_comm=main next_pid=4637 next_prio=120
           <...>-4630  [001] ...2   270.466284: sched_switch: prev_comm=main prev_pid=4630 prev_prio=120 prev_state=S ==> next_comm=swapper/1 next_pid=0 next_prio=120
          <idle>-0     [001] ...2   270.466722: sched_switch: prev_comm=swapper/1 prev_pid=0 prev_prio=120 prev_state=R ==> next_comm=main next_pid=4630 next_prio=120
           <...>-4637  [000] ...2   270.466788: sched_switch: prev_comm=FinalizerDaemon prev_pid=4637 prev_prio=120 prev_state=S ==> next_comm=swapper/0 next_pid=0 next_prio=120
          <idle>-0     [000] ...2   270.467078: sched_switch: prev_comm=swapper/0 prev_pid=0 prev_prio=120 prev_state=R ==> next_comm=main next_pid=4639 next_prio=120
           <...>-4639  [000] ...2   270.467090: sched_switch: prev_comm=main prev_pid=4639 prev_prio=120 prev_state=D ==> next_comm=swapper/0 next_pid=0 next_prio=120
          <idle>-0     [000] ...2   270.467101: sched_switch: prev_comm=swapper/0 prev_pid=0 prev_prio=120 prev_state=R ==> next_comm=main next_pid=4639 next_prio=120
           <...>-4630  [001] ...2   270.467300: sched_switch: prev_comm=main prev_pid=4630 prev_prio=120 prev_state=S ==> next_comm=main next_pid=4638 next_prio=120
           <...>-4639  [000] ...2   270.467311: sched_switch: prev_comm=main prev_pid=4639 prev_prio=120 prev_state=D ==> next_comm=swapper/0 next_pid=0 next_prio=120
          <idle>-0     [000] ...2   270.467318: sched_switch: prev_comm=swapper/0 prev_pid=0 prev_prio=120 prev_state=R ==> next_comm=main next_pid=4639 next_prio=120
           <...>-4638  [001] ...2   270.467325: sched_switch: prev_comm=main prev_pid=4638 prev_prio=120 prev_state=S ==> next_comm=swapper/1 next_pid=0 next_prio=120
          <idle>-0     [001] ...2   270.467743: sched_switch: prev_comm=swapper/1 prev_pid=0 prev_prio=120 prev_state=R ==> next_comm=main next_pid=4630 next_prio=120
           <...>-4639  [000] ...2   270.467793: sched_switch: prev_comm=HeapTrimmerDaem prev_pid=4639 prev_prio=120 prev_state=S ==> next_comm=swapper/0 next_pid=0 next_prio=120
          <idle>-0     [000] ...2   270.467801: sched_switch: prev_comm=swapper/0 prev_pid=0 prev_prio=120 prev_state=R ==> next_comm=main next_pid=4640 next_prio=120
           <...>-4630  [001] d..2   270.467990: block_rq_insert: 179,0 R 0 () 4008360 + 48 [main]
           <...>-4630  [001] d..2   270.467993: block_rq_insert: 179,0 R 0 () 4008432 + 16 [main]
           <...>-4630  [001] d..2   270.467995: block_rq_insert: 179,0 R 0 () 4008456 + 8 [main]
           <...>-4630  [001] d..2   270.467997: block_rq_insert: 179,0 R 0 () 4008536 + 16 [main]
           <...>-4640  [000] ...2   270.468008: sched_switch: prev_comm=main prev_pid=4640 prev_prio=120 prev_state=R+ ==> next_comm=mmcqd/1 next_pid=117 next_prio=120
           <...>-4630  [001] ...2   270.468009: sched_switch: prev_comm=main prev_pid=4630 prev_prio=120 prev_state=D|W ==> next_comm=main next_pid=4638 next_prio=120
           <...>-4638  [001] ...2   270.468027: sched_switch: prev_comm=main prev_pid=4638 prev_prio=120 prev_state=S ==> next_comm=swapper/1 next_pid=0 next_prio=120
         mmcqd/1-117   [000] ...2   270.468087: sched_switch: prev_comm=mmcqd/1 prev_pid=117 prev_prio=120 prev_state=S ==> next_comm=main next_pid=4640 next_prio=120
           <...>-4640  [000] ...2   270.468410: sched_switch: prev_comm=main prev_pid=4640 prev_prio=120 prev_state=R+ ==> next_comm=adbd next_pid=795 next_prio=120
            adbd-795   [000] ...2   270.468429: sched_switch: prev_comm=adbd prev_pid=795 prev_prio=120 prev_state=S ==> next_comm=mmcqd/1 next_pid=117 next_prio=120
         mmcqd/1-117   [000] ...1   270.468472: block_rq_complete: 179,0 RA () 4008536 + 16 [0]
         mmcqd/1-117   [000] ...2   270.468508: sched_switch: prev_comm=mmcqd/1 prev_pid=117 prev_prio=120 prev_state=S ==> next_comm=main next_pid=4640 next_prio=120
           <...>-4640  [000] ...2   270.468627: sched_switch: prev_comm=main prev_pid=4640 prev_prio=120 prev_state=R+ ==> next_comm=adbd next_pid=795 next_prio=120
            adbd-795   [000] ...2   270.468705: sched_switch: prev_comm=adbd prev_pid=795 prev_prio=120 prev_state=S ==> next_comm=adbd next_pid=792 next_prio=120
            adbd-792   [000] ...2   270.468940: sched_switch: prev_comm=adbd prev_pid=792 prev_prio=120 prev_state=S ==> next_comm=mmcqd/1 next_pid=117 next_prio=120
         mmcqd/1-117   [000] ...1   270.468982: block_rq_complete: 179,0 RA () 4008456 + 8 [0]
          <idle>-0     [001] ...2   270.469000: sched_switch: prev_comm=swapper/1 prev_pid=0 prev_prio=120 prev_state=R ==> next_comm=main next_pid=4630 next_prio=120
           <...>-4630  [001] ...2   270.469024: sched_switch: prev_comm=main prev_pid=4630 prev_prio=120 prev_state=D|W ==> next_comm=JDWP next_pid=4635 next_prio=120
         mmcqd/1-117   [000] ...2   270.469037: sched_switch: prev_comm=mmcqd/1 prev_pid=117 prev_prio=120 prev_state=S ==> next_comm=adbd next_pid=794 next_prio=120
           <...>-4635  [001] ...2   270.469083: sched_switch: prev_comm=JDWP prev_pid=4635 prev_prio=120 prev_state=S ==> next_comm=adbd next_pid=792 next_prio=120
            adbd-794   [000] ...2   270.469114: sched_switch: prev_comm=adbd prev_pid=794 prev_prio=120 prev_state=S ==> next_comm=main next_pid=4640 next_prio=120
            adbd-792   [001] ...2   270.469206: sched_switch: prev_comm=adbd prev_pid=792 prev_prio=120 prev_state=S ==> next_comm=adbd next_pid=794 next_prio=120
            adbd-794   [001] ...2   270.469245: sched_switch: prev_comm=adbd prev_pid=794 prev_prio=120 prev_state=S ==> next_comm=main next_pid=4638 next_prio=120
           <...>-4640  [000] ...2   270.469267: sched_switch: prev_comm=main prev_pid=4640 prev_prio=120 prev_state=R+ ==> next_comm=mmcqd/1 next_pid=117 next_prio=120
         mmcqd/1-117   [000] ...1   270.469309: block_rq_complete: 179,0 RA () 4008432 + 16 [0]
           <...>-4638  [001] ...2   270.469322: sched_switch: prev_comm=main prev_pid=4638 prev_prio=120 prev_state=R+ ==> next_comm=main next_pid=4630 next_prio=120
         mmcqd/1-117   [000] ...2   270.469346: sched_switch: prev_comm=mmcqd/1 prev_pid=117 prev_prio=120 prev_state=S ==> next_comm=main next_pid=4640 next_prio=120
           <...>-4640  [000] ...2   270.469368: sched_switch: prev_comm=main prev_pid=4640 prev_prio=120 prev_state=R+ ==> next_comm=adbd next_pid=795 next_prio=120
            adbd-795   [000] ...2   270.469387: sched_switch: prev_comm=adbd prev_pid=795 prev_prio=120 prev_state=S ==> next_comm=main next_pid=4640 next_prio=120
           <...>-4640  [000] ...2   270.469453: sched_switch: prev_comm=GCDaemon prev_pid=4640 prev_prio=120 prev_state=R ==> next_comm=adbd next_pid=795 next_prio=120
            adbd-795   [000] ...2   270.469509: sched_switch: prev_comm=adbd prev_pid=795 prev_prio=120 prev_state=S ==> next_comm=adbd next_pid=792 next_prio=120
           <...>-4630  [001] d..2   270.469575: block_rq_insert: 179,0 R 0 () 4079784 + 8 [main]
           <...>-4630  [001] d..2   270.469578: block_rq_insert: 179,0 R 0 () 4079880 + 40 [main]
           <...>-4630  [001] ...2   270.469590: sched_switch: prev_comm=main prev_pid=4630 prev_prio=120 prev_state=D|W ==> next_comm=main next_pid=4638 next_prio=120
           <...>-4638  [001] ...2   270.469642: sched_switch: prev_comm=main prev_pid=4638 prev_prio=120 prev_state=R+ ==> next_comm=adbd next_pid=794 next_prio=120
            adbd-794   [001] ...2   270.469649: sched_switch: prev_comm=adbd prev_pid=794 prev_prio=120 prev_state=S ==> next_comm=main next_pid=4638 next_prio=120
           <...>-4638  [001] ...2   270.469661: sched_switch: prev_comm=main prev_pid=4638 prev_prio=120 prev_state=R+ ==> next_comm=JDWP next_pid=4635 next_prio=120
            adbd-792   [000] ...2   270.469804: sched_switch: prev_comm=adbd prev_pid=792 prev_prio=120 prev_state=S ==> next_comm=mmcqd/1 next_pid=117 next_prio=120
         mmcqd/1-117   [000] ...1   270.469836: block_rq_complete: 179,0 RA () 4008360 + 48 [0]
           <...>-4635  [001] ...2   270.469843: sched_switch: prev_comm=JDWP prev_pid=4635 prev_prio=120 prev_state=S ==> next_comm=adbd next_pid=794 next_prio=120
         mmcqd/1-117   [000] ...2   270.469861: sched_switch: prev_comm=mmcqd/1 prev_pid=117 prev_prio=120 prev_state=R+ ==> next_comm=kworker/0:2H next_pid=520 next_prio=100
            adbd-794   [001] ...2   270.469882: sched_switch: prev_comm=adbd prev_pid=794 prev_prio=120 prev_state=S ==> next_comm=main next_pid=4638 next_prio=120
    kworker/0:2H-520   [000] ...2   270.469884: sched_switch: prev_comm=kworker/0:2H prev_pid=520 prev_prio=100 prev_state=S ==> next_comm=adbd next_pid=795 next_prio=120
            adbd-795   [000] ...2   270.469931: sched_switch: prev_comm=adbd prev_pid=795 prev_prio=120 prev_state=S ==> next_comm=mmcqd/1 next_pid=117 next_prio=120
         mmcqd/1-117   [000] ...2   270.470020: sched_switch: prev_comm=mmcqd/1 prev_pid=117 prev_prio=120 prev_state=S ==> next_comm=adbd next_pid=792 next_prio=120
           <...>-4638  [001] ...2   270.470133: sched_switch: prev_comm=FinalizerWatchd prev_pid=4638 prev_prio=120 prev_state=S ==> next_comm=adbd next_pid=794 next_prio=120
            adbd-794   [001] ...2   270.470147: sched_switch: prev_comm=adbd prev_pid=794 prev_prio=120 prev_state=S ==> next_comm=GCDaemon next_pid=4640 next_prio=120
           <...>-4640  [001] ...2   270.470164: sched_switch: prev_comm=GCDaemon prev_pid=4640 prev_prio=120 prev_state=S ==> next_comm=swapper/1 next_pid=0 next_prio=120
          <idle>-0     [001] ...2   270.470357: sched_switch: prev_comm=swapper/1 prev_pid=0 prev_prio=120 prev_state=R ==> next_comm=adbd next_pid=794 next_prio=120
            adbd-794   [001] ...2   270.470398: sched_switch: prev_comm=adbd prev_pid=794 prev_prio=120 prev_state=S ==> next_comm=swapper/1 next_pid=0 next_prio=120
            adbd-792   [000] ...2   270.470443: sched_switch: prev_comm=adbd prev_pid=792 prev_prio=120 prev_state=S ==> next_comm=adbd next_pid=795 next_prio=120
            adbd-795   [000] ...2   270.470465: sched_switch: prev_comm=adbd prev_pid=795 prev_prio=120 prev_state=S ==> next_comm=mmcqd/1 next_pid=117 next_prio=120
         mmcqd/1-117   [000] ...1   270.470535: block_rq_complete: 179,0 RA () 4079784 + 8 [0]
         mmcqd/1-117   [000] ...2   270.470554: sched_switch: prev_comm=mmcqd/1 prev_pid=117 prev_prio=120 prev_state=S ==> next_comm=adbd next_pid=795 next_prio=120
            adbd-795   [000] ...2   270.470600: sched_switch: prev_comm=adbd prev_pid=795 prev_prio=120 prev_state=S ==> next_comm=adbd next_pid=792 next_prio=120
          <idle>-0     [001] ...2   270.470735: sched_switch: prev_comm=swapper/1 prev_pid=0 prev_prio=120 prev_state=R ==> next_comm=adbd next_pid=794 next_prio=120
            adbd-794   [001] ...2   270.470744: sched_switch: prev_comm=adbd prev_pid=794 prev_prio=120 prev_state=S ==> next_comm=swapper/1 next_pid=0 next_prio=120
          <idle>-0     [001] ...2   270.470750: sched_switch: prev_comm=swapper/1 prev_pid=0 prev_prio=120 prev_state=R ==> next_comm=JDWP next_pid=4635 next_prio=120
            adbd-792   [000] ...2   270.470852: sched_switch: prev_comm=adbd prev_pid=792 prev_prio=120 prev_state=S ==> next_comm=adbd next_pid=795 next_prio=120
            adbd-795   [000] ...2   270.470898: sched_switch: prev_comm=adbd prev_pid=795 prev_prio=120 prev_state=S ==> next_comm=adbd next_pid=792 next_prio=120
           <...>-4635  [001] d..2   270.470943: block_rq_insert: 179,0 R 0 () 4086360 + 56 [JDWP]
           <...>-4635  [001] d..2   270.470949: block_rq_insert: 179,0 R 0 () 4086424 + 72 [JDWP]
           <...>-4635  [001] ...2   270.470956: sched_switch: prev_comm=JDWP prev_pid=4635 prev_prio=120 prev_state=D|W ==> next_comm=adbd next_pid=794 next_prio=120
            adbd-794   [001] ...2   270.470997: sched_switch: prev_comm=adbd prev_pid=794 prev_prio=120 prev_state=S ==> next_comm=swapper/1 next_pid=0 next_prio=120
          <idle>-0     [001] ...2   270.471058: sched_switch: prev_comm=swapper/1 prev_pid=0 prev_prio=120 prev_state=R ==> next_comm=adbd next_pid=794 next_prio=120
            adbd-794   [001] ...2   270.471067: sched_switch: prev_comm=adbd prev_pid=794 prev_prio=120 prev_state=S ==> next_comm=swapper/1 next_pid=0 next_prio=120
            adbd-792   [000] ...2   270.471142: sched_switch: prev_comm=adbd prev_pid=792 prev_prio=120 prev_state=S ==> next_comm=mmcqd/1 next_pid=117 next_prio=120
         mmcqd/1-117   [000] ...1   270.471171: block_rq_complete: 179,0 RA () 4079880 + 40 [0]
          <idle>-0     [001] ...2   270.471188: sched_switch: prev_comm=swapper/1 prev_pid=0 prev_prio=120 prev_state=R ==> next_comm=main next_pid=4630 next_prio=120
         mmcqd/1-117   [000] ...2   270.471208: sched_switch: prev_comm=mmcqd/1 prev_pid=117 prev_prio=120 prev_state=R+ ==> next_comm=kworker/0:2H next_pid=520 next_prio=100
    kworker/0:2H-520   [000] ...2   270.471219: sched_switch: prev_comm=kworker/0:2H prev_pid=520 prev_prio=100 prev_state=S ==> next_comm=mmcqd/1 next_pid=117 next_prio=120
         mmcqd/1-117   [000] ...2   270.471369: sched_switch: prev_comm=mmcqd/1 prev_pid=117 prev_prio=120 prev_state=S ==> next_comm=adbd next_pid=795 next_prio=120
            adbd-795   [000] ...2   270.471387: sched_switch: prev_comm=adbd prev_pid=795 prev_prio=120 prev_state=S ==> next_comm=swapper/0 next_pid=0 next_prio=120
          <idle>-0     [000] ...2   270.471499: sched_switch: prev_comm=swapper/0 prev_pid=0 prev_prio=120 prev_state=R ==> next_comm=adbd next_pid=795 next_prio=120
            adbd-795   [000] ...2   270.471547: sched_switch: prev_comm=adbd prev_pid=795 prev_prio=120 prev_state=S ==> next_comm=adbd next_pid=792 next_prio=120
            adbd-792   [000] ...2   270.471766: sched_switch: prev_comm=adbd prev_pid=792 prev_prio=120 prev_state=S ==> next_comm=adbd next_pid=794 next_prio=120
            adbd-794   [000] ...2   270.471897: sched_switch: prev_comm=adbd prev_pid=794 prev_prio=120 prev_state=S ==> next_comm=mmcqd/1 next_pid=117 next_prio=120
         mmcqd/1-117   [000] ...1   270.471982: block_rq_complete: 179,0 RA () 4086360 + 56 [0]
         mmcqd/1-117   [000] ...2   270.472014: sched_switch: prev_comm=mmcqd/1 prev_pid=117 prev_prio=120 prev_state=S ==> next_comm=swapper/0 next_pid=0 next_prio=120
          <idle>-0     [000] ...2   270.472042: sched_switch: prev_comm=swapper/0 prev_pid=0 prev_prio=120 prev_state=R ==> next_comm=ksoftirqd/0 next_pid=3 next_prio=120
     ksoftirqd/0-3     [000] ...2   270.472065: sched_switch: prev_comm=ksoftirqd/0 prev_pid=3 prev_prio=120 prev_state=S ==> next_comm=swapper/0 next_pid=0 next_prio=120
          <idle>-0     [000] ...2   270.472086: sched_switch: prev_comm=swapper/0 prev_pid=0 prev_prio=120 prev_state=R ==> next_comm=ksoftirqd/0 next_pid=3 next_prio=120
     ksoftirqd/0-3     [000] ...2   270.472096: sched_switch: prev_comm=ksoftirqd/0 prev_pid=3 prev_prio=120 prev_state=S ==> next_comm=swapper/0 next_pid=0 next_prio=120
          <idle>-0     [000] ...2   270.472115: sched_switch: prev_comm=swapper/0 prev_pid=0 prev_prio=120 prev_state=R ==> next_comm=ksoftirqd/0 next_pid=3 next_prio=120
     ksoftirqd/0-3     [000] ...2   270.472124: sched_switch: prev_comm=ksoftirqd/0 prev_pid=3 prev_prio=120 prev_state=S ==> next_comm=swapper/0 next_pid=0 next_prio=120
           <...>-4630  [001] d..2   270.472451: block_rq_insert: 179,0 R 0 () 4084016 + 8 [main]
           <...>-4630  [001] d..2   270.472463: block_rq_insert: 179,0 R 0 () 4084104 + 8 [main]
           <...>-4630  [001] d..2   270.472466: block_rq_insert: 179,0 R 0 () 4084128 + 8 [main]
           <...>-4630  [001] ...2   270.472475: sched_switch: prev_comm=main prev_pid=4630 prev_prio=120 prev_state=D|W ==> next_comm=JDWP next_pid=4635 next_prio=120
          <idle>-0     [000] ...2   270.472501: sched_switch: prev_comm=swapper/0 prev_pid=0 prev_prio=120 prev_state=R ==> next_comm=mmcqd/1 next_pid=117 next_prio=120
         mmcqd/1-117   [000] ...1   270.472541: block_rq_complete: 179,0 RA () 4086424 + 72 [0]
         mmcqd/1-117   [000] ...2   270.472567: sched_switch: prev_comm=mmcqd/1 prev_pid=117 prev_prio=120 prev_state=R+ ==> next_comm=kworker/0:2H next_pid=520 next_prio=100
    kworker/0:2H-520   [000] ...2   270.472579: sched_switch: prev_comm=kworker/0:2H prev_pid=520 prev_prio=100 prev_state=S ==> next_comm=mmcqd/1 next_pid=117 next_prio=120
           <...>-4635  [001] d..2   270.472597: block_rq_insert: 179,0 R 0 () 4078280 + 144 [JDWP]
           <...>-4635  [001] d..2   270.472600: block_rq_insert: 179,0 R 0 () 4078440 + 8 [JDWP]
           <...>-4635  [001] d..2   270.472602: block_rq_insert: 179,0 R 0 () 4078456 + 40 [JDWP]
           <...>-4635  [001] ...2   270.472612: sched_switch: prev_comm=JDWP prev_pid=4635 prev_prio=120 prev_state=D|W ==> next_comm=swapper/1 next_pid=0 next_prio=120
          <idle>-0     [001] ...2   270.472629: sched_switch: prev_comm=swapper/1 prev_pid=0 prev_prio=120 prev_state=R ==> next_comm=ksoftirqd/1 next_pid=4621 next_prio=120
           <...>-4621  [001] ...2   270.472636: sched_switch: prev_comm=ksoftirqd/1 prev_pid=4621 prev_prio=120 prev_state=S ==> next_comm=swapper/1 next_pid=0 next_prio=120
          <idle>-0     [001] ...2   270.472650: sched_switch: prev_comm=swapper/1 prev_pid=0 prev_prio=120 prev_state=R ==> next_comm=ksoftirqd/1 next_pid=4621 next_prio=120
         mmcqd/1-117   [000] ...2   270.472654: sched_switch: prev_comm=mmcqd/1 prev_pid=117 prev_prio=120 prev_state=S ==> next_comm=swapper/0 next_pid=0 next_prio=120
           <...>-4621  [001] ...2   270.472658: sched_switch: prev_comm=ksoftirqd/1 prev_pid=4621 prev_prio=120 prev_state=S ==> next_comm=swapper/1 next_pid=0 next_prio=120
          <idle>-0     [000] ...2   270.472889: sched_switch: prev_comm=swapper/0 prev_pid=0 prev_prio=120 prev_state=R ==> next_comm=mmcqd/1 next_pid=117 next_prio=120
         mmcqd/1-117   [000] ...1   270.472928: block_rq_complete: 179,0 RA () 4084128 + 8 [0]
         mmcqd/1-117   [000] ...2   270.472958: sched_switch: prev_comm=mmcqd/1 prev_pid=117 prev_prio=120 prev_state=S ==> next_comm=swapper/0 next_pid=0 next_prio=120
          <idle>-0     [000] ...2   270.473156: sched_switch: prev_comm=swapper/0 prev_pid=0 prev_prio=120 prev_state=R ==> next_comm=mmcqd/1 next_pid=117 next_prio=120
         mmcqd/1-117   [000] ...1   270.473194: block_rq_complete: 179,0 RA () 4084104 + 8 [0]
          <idle>-0     [001] ...2   270.473212: sched_switch: prev_comm=swapper/1 prev_pid=0 prev_prio=120 prev_state=R ==> next_comm=main next_pid=4630 next_prio=120
         mmcqd/1-117   [000] ...2   270.473246: sched_switch: prev_comm=mmcqd/1 prev_pid=117 prev_prio=120 prev_state=S ==> next_comm=swapper/0 next_pid=0 next_prio=120
          <idle>-0     [000] ...2   270.473446: sched_switch: prev_comm=swapper/0 prev_pid=0 prev_prio=120 prev_state=R ==> next_comm=mmcqd/1 next_pid=117 next_prio=120
         mmcqd/1-117   [000] ...1   270.473485: block_rq_complete: 179,0 RA () 4084016 + 8 [0]
         mmcqd/1-117   [000] ...2   270.473515: sched_switch: prev_comm=mmcqd/1 prev_pid=117 prev_prio=120 prev_state=S ==> next_comm=swapper/0 next_pid=0 next_prio=120
          <idle>-0     [000] ...2   270.473934: sched_switch: prev_comm=swapper/0 prev_pid=0 prev_prio=120 prev_state=R ==> next_comm=mmcqd/1 next_pid=117 next_prio=120
         mmcqd/1-117   [000] ...1   270.473985: block_rq_complete: 179,0 RA () 4078456 + 40 [0]
         mmcqd/1-117   [000] ...2   270.474074: sched_switch: prev_comm=mmcqd/1 prev_pid=117 prev_prio=120 prev_state=S ==> next_comm=swapper/0 next_pid=0 next_prio=120
          <idle>-0     [000] ...2   270.474224: sched_switch: prev_comm=swapper/0 prev_pid=0 prev_prio=120 prev_state=R ==> next_comm=mmcqd/1 next_pid=117 next_prio=120
         mmcqd/1-117   [000] ...1   270.474264: block_rq_complete: 179,0 RA () 4078440 + 8 [0]
         mmcqd/1-117   [000] ...2   270.474283: sched_switch: prev_comm=mmcqd/1 prev_pid=117 prev_prio=120 prev_state=S ==> next_comm=swapper/0 next_pid=0 next_prio=120
           <...>-4630  [001] d..2   270.474528: block_rq_insert: 179,0 R 0 () 4086528 + 168 [main]
           <...>-4630  [001] d..2   270.474531: block_rq_insert: 179,0 R 0 () 4086704 + 80 [main]
          <idle>-0     [000] ...2   270.474547: sched_switch: prev_comm=swapper/0 prev_pid=0 prev_prio=120 prev_state=R ==> next_comm=mmcqd/1 next_pid=117 next_prio=120
         mmcqd/1-117   [000] ...2   270.474560: sched_switch: prev_comm=mmcqd/1 prev_pid=117 prev_prio=120 prev_state=S ==> next_comm=swapper/0 next_pid=0 next_prio=120
          <idle>-0     [000] ...2   270.475258: sched_switch: prev_comm=swapper/0 prev_pid=0 prev_prio=120 prev_state=R ==> next_comm=mmcqd/1 next_pid=117 next_prio=120
         mmcqd/1-117   [000] ...1   270.475323: block_rq_complete: 179,0 RA () 4078280 + 144 [0]
           <...>-4630  [001] ...2   270.475339: sched_switch: prev_comm=main prev_pid=4630 prev_prio=120 prev_state=R ==> next_comm=JDWP next_pid=4635 next_prio=120
         mmcqd/1-117   [000] ...2   270.475360: sched_switch: prev_comm=mmcqd/1 prev_pid=117 prev_prio=120 prev_state=R+ ==> next_comm=kworker/0:2H next_pid=520 next_prio=100
    kworker/0:2H-520   [000] ...2   270.475373: sched_switch: prev_comm=kworker/0:2H prev_pid=520 prev_prio=100 prev_state=S ==> next_comm=mmcqd/1 next_pid=117 next_prio=120
           <...>-4635  [001] d..2   270.475406: block_rq_insert: 179,0 R 0 () 3992040 + 24 [JDWP]
           <...>-4635  [001] d..2   270.475409: block_rq_insert: 179,0 R 0 () 3992168 + 8 [JDWP]
           <...>-4635  [001] d..2   270.475411: block_rq_insert: 179,0 R 0 () 3992192 + 56 [JDWP]
           <...>-4635  [001] ...2   270.475419: sched_switch: prev_comm=JDWP prev_pid=4635 prev_prio=120 prev_state=D|W ==> next_comm=main next_pid=4630 next_prio=120
         mmcqd/1-117   [000] ...2   270.475546: sched_switch: prev_comm=mmcqd/1 prev_pid=117 prev_prio=120 prev_state=S ==> next_comm=swapper/0 next_pid=0 next_prio=120
           <...>-4630  [001] ...2   270.476009: sched_switch: prev_comm=main prev_pid=4630 prev_prio=120 prev_state=D|W ==> next_comm=swapper/1 next_pid=0 next_prio=120
          <idle>-0     [000] ...2   270.476411: sched_switch: prev_comm=swapper/0 prev_pid=0 prev_prio=120 prev_state=R ==> next_comm=adbd next_pid=795 next_prio=120
            adbd-795   [000] ...2   270.476516: sched_switch: prev_comm=adbd prev_pid=795 prev_prio=120 prev_state=S ==> next_comm=mmcqd/1 next_pid=117 next_prio=120
         mmcqd/1-117   [000] ...1   270.476637: block_rq_complete: 179,0 RA () 4086528 + 168 [0]
          <idle>-0     [001] ...2   270.476662: sched_switch: prev_comm=swapper/1 prev_pid=0 prev_prio=120 prev_state=R ==> next_comm=main next_pid=4630 next_prio=120
         mmcqd/1-117   [000] ...2   270.476674: sched_switch: prev_comm=mmcqd/1 prev_pid=117 prev_prio=120 prev_state=S ==> next_comm=adbd next_pid=795 next_prio=120
            adbd-795   [000] ...2   270.476742: sched_switch: prev_comm=adbd prev_pid=795 prev_prio=120 prev_state=S ==> next_comm=adbd next_pid=792 next_prio=120
           <...>-4630  [001] d..2   270.477197: block_rq_insert: 179,0 R 0 () 4078544 + 88 [main]
           <...>-4630  [001] d..2   270.477203: block_rq_insert: 179,0 R 0 () 4078640 + 56 [main]
           <...>-4630  [001] ...2   270.477212: sched_switch: prev_comm=main prev_pid=4630 prev_prio=120 prev_state=D|W ==> next_comm=swapper/1 next_pid=0 next_prio=120
          <idle>-0     [001] ...2   270.477409: sched_switch: prev_comm=swapper/1 prev_pid=0 prev_prio=120 prev_state=R ==> next_comm=adbd next_pid=4641 next_prio=120
            adbd-792   [000] ...2   270.477856: sched_switch: prev_comm=adbd prev_pid=792 prev_prio=120 prev_state=D ==> next_comm=kworker/0:1 next_pid=15 next_prio=120
     kworker/0:1-15    [000] ...2   270.477881: sched_switch: prev_comm=kworker/0:1 prev_pid=15 prev_prio=120 prev_state=S ==> next_comm=adbd next_pid=794 next_prio=120
            adbd-794   [000] ...2   270.477971: sched_switch: prev_comm=adbd prev_pid=794 prev_prio=120 prev_state=S ==> next_comm=mmcqd/1 next_pid=117 next_prio=120
         mmcqd/1-117   [000] ...1   270.478017: block_rq_complete: 179,0 RA () 4086704 + 80 [0]
         mmcqd/1-117   [000] ...2   270.478048: sched_switch: prev_comm=mmcqd/1 prev_pid=117 prev_prio=120 prev_state=R+ ==> next_comm=kworker/0:2H next_pid=520 next_prio=100
    kworker/0:2H-520   [000] ...2   270.478068: sched_switch: prev_comm=kworker/0:2H prev_pid=520 prev_prio=100 prev_state=S ==> next_comm=mmcqd/1 next_pid=117 next_prio=120
         mmcqd/1-117   [000] ...2   270.478199: sched_switch: prev_comm=mmcqd/1 prev_pid=117 prev_prio=120 prev_state=S ==> next_comm=adbd next_pid=792 next_prio=120
            adbd-792   [000] ...2   270.478212: sched_switch: prev_comm=adbd prev_pid=792 prev_prio=120 prev_state=S ==> next_comm=swapper/0 next_pid=0 next_prio=120
          <idle>-0     [000] ...2   270.478681: sched_switch: prev_comm=swapper/0 prev_pid=0 prev_prio=120 prev_state=R ==> next_comm=mmcqd/1 next_pid=117 next_prio=120
         mmcqd/1-117   [000] ...1   270.478740: block_rq_complete: 179,0 RA () 4078640 + 56 [0]
         mmcqd/1-117   [000] ...2   270.478764: sched_switch: prev_comm=mmcqd/1 prev_pid=117 prev_prio=120 prev_state=S ==> next_comm=swapper/0 next_pid=0 next_prio=120
          <idle>-0     [000] ...2   270.479174: sched_switch: prev_comm=swapper/0 prev_pid=0 prev_prio=120 prev_state=R ==> next_comm=ActivityManager next_pid=778 next_prio=118
 ActivityManager-778   [000] ...2   270.479315: sched_switch: prev_comm=ActivityManager prev_pid=778 prev_prio=118 prev_state=S ==> next_comm=swapper/0 next_pid=0 next_prio=120
          <idle>-0     [000] ...2   270.479472: sched_switch: prev_comm=swapper/0 prev_pid=0 prev_prio=120 prev_state=R ==> next_comm=mmcqd/1 next_pid=117 next_prio=120
         mmcqd/1-117   [000] ...1   270.479519: block_rq_complete: 179,0 RA () 4078544 + 88 [0]
         mmcqd/1-117   [000] ...2   270.479558: sched_switch: prev_comm=mmcqd/1 prev_pid=117 prev_prio=120 prev_state=R+ ==> next_comm=kworker/0:2H next_pid=520 next_prio=100
    kworker/0:2H-520   [000] ...2   270.479572: sched_switch: prev_comm=kworker/0:2H prev_pid=520 prev_prio=100 prev_state=S ==> next_comm=mmcqd/1 next_pid=117 next_prio=120
         mmcqd/1-117   [000] ...2   270.479657: sched_switch: prev_comm=mmcqd/1 prev_pid=117 prev_prio=120 prev_state=S ==> next_comm=main next_pid=4630 next_prio=120
           <...>-4630  [000] d..2   270.479753: block_rq_insert: 179,0 R 0 () 4078128 + 8 [main]
           <...>-4630  [000] d..2   270.479759: block_rq_insert: 179,0 R 0 () 4078152 + 8 [main]
           <...>-4630  [000] d..2   270.479762: block_rq_insert: 179,0 R 0 () 4078176 + 24 [main]
           <...>-4630  [000] d..2   270.479766: block_rq_insert: 179,0 R 0 () 4078208 + 56 [main]
           <...>-4630  [000] ...2   270.479779: sched_switch: prev_comm=main prev_pid=4630 prev_prio=120 prev_state=D|W ==> next_comm=swapper/0 next_pid=0 next_prio=120
          <idle>-0     [000] ...2   270.479964: sched_switch: prev_comm=swapper/0 prev_pid=0 prev_prio=120 prev_state=R ==> next_comm=mmcqd/1 next_pid=117 next_prio=120
         mmcqd/1-117   [000] ...1   270.480012: block_rq_complete: 179,0 RA () 3992040 + 24 [0]
         mmcqd/1-117   [000] ...2   270.480067: sched_switch: prev_comm=mmcqd/1 prev_pid=117 prev_prio=120 prev_state=S ==> next_comm=swapper/0 next_pid=0 next_prio=120
          <idle>-0     [000] ...2   270.480264: sched_switch: prev_comm=swapper/0 prev_pid=0 prev_prio=120 prev_state=R ==> next_comm=mmcqd/1 next_pid=117 next_prio=120
         mmcqd/1-117   [000] ...1   270.480305: block_rq_complete: 179,0 RA () 3992168 + 8 [0]
         mmcqd/1-117   [000] ...2   270.480320: sched_switch: prev_comm=mmcqd/1 prev_pid=117 prev_prio=120 prev_state=R+ ==> next_comm=JDWP next_pid=4635 next_prio=120
           <...>-4635  [000] d..2   270.480415: block_rq_insert: 179,0 R 0 () 3992296 + 8 [JDWP]
           <...>-4635  [000] d..2   270.480421: block_rq_insert: 179,0 R 0 () 3992368 + 16 [JDWP]
           <...>-4635  [000] d..2   270.480426: block_rq_insert: 179,0 R 0 () 3992400 + 8 [JDWP]
           <...>-4635  [000] ...2   270.480438: sched_switch: prev_comm=JDWP prev_pid=4635 prev_prio=120 prev_state=D|W ==> next_comm=mmcqd/1 next_pid=117 next_prio=120
         mmcqd/1-117   [000] ...2   270.480470: sched_switch: prev_comm=mmcqd/1 prev_pid=117 prev_prio=120 prev_state=S ==> next_comm=swapper/0 next_pid=0 next_prio=120
          <idle>-0     [000] ...2   270.480600: sched_switch: prev_comm=swapper/0 prev_pid=0 prev_prio=120 prev_state=R ==> next_comm=sh next_pid=4643 next_prio=120
           <...>-4643  [000] ...2   270.480788: sched_switch: prev_comm=sh prev_pid=4643 prev_prio=120 prev_state=R+ ==> next_comm=mmcqd/1 next_pid=117 next_prio=120
         mmcqd/1-117   [000] ...1   270.480845: block_rq_complete: 179,0 RA () 3992192 + 56 [0]
         mmcqd/1-117   [000] ...2   270.480887: sched_switch: prev_comm=mmcqd/1 prev_pid=117 prev_prio=120 prev_state=S ==> next_comm=sh next_pid=4643 next_prio=120
           <...>-4641  [001] ...2   270.480925: sched_switch: prev_comm=sh prev_pid=4641 prev_prio=120 prev_state=S ==> next_comm=adbd next_pid=4642 next_prio=120
           <...>-4642  [001] ...2   270.480948: sched_switch: prev_comm=adbd prev_pid=4642 prev_prio=120 prev_state=S ==> next_comm=sh next_pid=4644 next_prio=120
           <...>-4643  [000] ...2   270.481083: sched_switch: prev_comm=sh prev_pid=4643 prev_prio=120 prev_state=R+ ==> next_comm=mmcqd/1 next_pid=117 next_prio=120
         mmcqd/1-117   [000] ...1   270.481125: block_rq_complete: 179,0 RA () 3992296 + 8 [0]
         mmcqd/1-117   [000] ...2   270.481156: sched_switch: prev_comm=mmcqd/1 prev_pid=117 prev_prio=120 prev_state=S ==> next_comm=sh next_pid=4643 next_prio=120
           <...>-4644  [001] d..2   270.481376: block_rq_insert: 179,0 R 0 () 733808 + 32 [sh]
           <...>-4644  [001] ...2   270.481388: sched_switch: prev_comm=sh prev_pid=4644 prev_prio=120 prev_state=D|W ==> next_comm=swapper/1 next_pid=0 next_prio=120
          <idle>-0     [001] ...2   270.481406: sched_switch: prev_comm=swapper/1 prev_pid=0 prev_prio=120 prev_state=R ==> next_comm=ksoftirqd/1 next_pid=4621 next_prio=120
           <...>-4643  [000] ...2   270.481408: sched_switch: prev_comm=sh prev_pid=4643 prev_prio=120 prev_state=R+ ==> next_comm=mmcqd/1 next_pid=117 next_prio=120
           <...>-4621  [001] ...2   270.481415: sched_switch: prev_comm=ksoftirqd/1 prev_pid=4621 prev_prio=120 prev_state=S ==> next_comm=swapper/1 next_pid=0 next_prio=120
          <idle>-0     [001] ...2   270.481429: sched_switch: prev_comm=swapper/1 prev_pid=0 prev_prio=120 prev_state=R ==> next_comm=ksoftirqd/1 next_pid=4621 next_prio=120
           <...>-4621  [001] ...2   270.481435: sched_switch: prev_comm=ksoftirqd/1 prev_pid=4621 prev_prio=120 prev_state=S ==> next_comm=swapper/1 next_pid=0 next_prio=120
          <idle>-0     [001] ...2   270.481449: sched_switch: prev_comm=swapper/1 prev_pid=0 prev_prio=120 prev_state=R ==> next_comm=ksoftirqd/1 next_pid=4621 next_prio=120
         mmcqd/1-117   [000] ...1   270.481451: block_rq_complete: 179,0 RA () 3992368 + 16 [0]
           <...>-4621  [001] ...2   270.481455: sched_switch: prev_comm=ksoftirqd/1 prev_pid=4621 prev_prio=120 prev_state=S ==> next_comm=swapper/1 next_pid=0 next_prio=120
         mmcqd/1-117   [000] ...2   270.481501: sched_switch: prev_comm=mmcqd/1 prev_pid=117 prev_prio=120 prev_state=S ==> next_comm=JDWP next_pid=4635 next_prio=120
           <...>-4635  [000] d..2   270.481631: block_rq_insert: 179,0 R 0 () 4025256 + 24 [JDWP]
           <...>-4635  [000] ...2   270.481646: sched_switch: prev_comm=JDWP prev_pid=4635 prev_prio=120 prev_state=D|W ==> next_comm=sh next_pid=4643 next_prio=120
           <...>-4643  [000] ...2   270.481695: sched_switch: prev_comm=sh prev_pid=4643 prev_prio=120 prev_state=R+ ==> next_comm=mmcqd/1 next_pid=117 next_prio=120
         mmcqd/1-117   [000] ...1   270.481734: block_rq_complete: 179,0 RA () 3992400 + 8 [0]
         mmcqd/1-117   [000] ...2   270.481753: sched_switch: prev_comm=mmcqd/1 prev_pid=117 prev_prio=120 prev_state=S ==> next_comm=sh next_pid=4643 next_prio=120
           <...>-4643  [000] ...2   270.482157: sched_switch: prev_comm=sh prev_pid=4643 prev_prio=120 prev_state=R+ ==> next_comm=mmcqd/1 next_pid=117 next_prio=120
         mmcqd/1-117   [000] ...1   270.482184: block_rq_complete: 179,0 RA () 733808 + 32 [0]
          <idle>-0     [001] ...2   270.482205: sched_switch: prev_comm=swapper/1 prev_pid=0 prev_prio=120 prev_state=R ==> next_comm=sh next_pid=4644 next_prio=120
         mmcqd/1-117   [000] ...2   270.482216: sched_switch: prev_comm=mmcqd/1 prev_pid=117 prev_prio=120 prev_state=R+ ==> next_comm=kworker/0:2H next_pid=520 next_prio=100
    kworker/0:2H-520   [000] ...2   270.482229: sched_switch: prev_comm=kworker/0:2H prev_pid=520 prev_prio=100 prev_state=S ==> next_comm=mmcqd/1 next_pid=117 next_prio=120
         mmcqd/1-117   [000] ...2   270.482317: sched_switch: prev_comm=mmcqd/1 prev_pid=117 prev_prio=120 prev_state=S ==> next_comm=sh next_pid=4643 next_prio=120
           <...>-4644  [001] d..2   270.482452: block_rq_insert: 179,0 R 0 () 733968 + 136 [grep]
           <...>-4644  [001] ...2   270.482460: sched_switch: prev_comm=grep prev_pid=4644 prev_prio=120 prev_state=D|W ==> next_comm=swapper/1 next_pid=0 next_prio=120
          <idle>-0     [001] ...2   270.482475: sched_switch: prev_comm=swapper/1 prev_pid=0 prev_prio=120 prev_state=R ==> next_comm=ksoftirqd/1 next_pid=4621 next_prio=120
           <...>-4621  [001] ...2   270.482481: sched_switch: prev_comm=ksoftirqd/1 prev_pid=4621 prev_prio=120 prev_state=S ==> next_comm=swapper/1 next_pid=0 next_prio=120
          <idle>-0     [001] ...2   270.482495: sched_switch: prev_comm=swapper/1 prev_pid=0 prev_prio=120 prev_state=R ==> next_comm=ksoftirqd/1 next_pid=4621 next_prio=120
           <...>-4621  [001] ...2   270.482500: sched_switch: prev_comm=ksoftirqd/1 prev_pid=4621 prev_prio=120 prev_state=S ==> next_comm=swapper/1 next_pid=0 next_prio=120
          <idle>-0     [001] ...2   270.482512: sched_switch: prev_comm=swapper/1 prev_pid=0 prev_prio=120 prev_state=R ==> next_comm=ksoftirqd/1 next_pid=4621 next_prio=120
           <...>-4621  [001] ...2   270.482518: sched_switch: prev_comm=ksoftirqd/1 prev_pid=4621 prev_prio=120 prev_state=S ==> next_comm=swapper/1 next_pid=0 next_prio=120
           <...>-4643  [000] ...2   270.482615: sched_switch: prev_comm=sh prev_pid=4643 prev_prio=120 prev_state=R+ ==> next_comm=mmcqd/1 next_pid=117 next_prio=120
         mmcqd/1-117   [000] ...1   270.482660: block_rq_complete: 179,0 RA () 4025256 + 24 [0]
         mmcqd/1-117   [000] ...2   270.482698: sched_switch: prev_comm=mmcqd/1 prev_pid=117 prev_prio=120 prev_state=S ==> next_comm=JDWP next_pid=4635 next_prio=120
           <...>-4635  [000] d..2   270.482832: block_rq_insert: 179,0 R 0 () 4028792 + 152 [JDWP]
           <...>-4635  [000] ...2   270.482846: sched_switch: prev_comm=JDWP prev_pid=4635 prev_prio=120 prev_state=D|W ==> next_comm=sh next_pid=4643 next_prio=120
           <...>-4643  [000] ...2   270.482906: sched_switch: prev_comm=sh prev_pid=4643 prev_prio=120 prev_state=R+ ==> next_comm=mmcqd/1 next_pid=117 next_prio=120
         mmcqd/1-117   [000] ...1   270.482946: block_rq_complete: 179,0 RA () 4078128 + 8 [0]
         mmcqd/1-117   [000] ...2   270.482984: sched_switch: prev_comm=mmcqd/1 prev_pid=117 prev_prio=120 prev_state=S ==> next_comm=sh next_pid=4643 next_prio=120
           <...>-4643  [000] ...2   270.483194: sched_switch: prev_comm=sh prev_pid=4643 prev_prio=120 prev_state=R+ ==> next_comm=mmcqd/1 next_pid=117 next_prio=120
         mmcqd/1-117   [000] ...1   270.483234: block_rq_complete: 179,0 RA () 4078152 + 8 [0]
         mmcqd/1-117   [000] ...2   270.483286: sched_switch: prev_comm=mmcqd/1 prev_pid=117 prev_prio=120 prev_state=S ==> next_comm=sh next_pid=4643 next_prio=120
           <...>-4643  [000] ...3   270.483489: sched_switch: prev_comm=sh prev_pid=4643 prev_prio=120 prev_state=x ==> next_comm=swapper/0 next_pid=0 next_prio=120
          <idle>-0     [001] ...2   270.483490: sched_switch: prev_comm=swapper/1 prev_pid=0 prev_prio=120 prev_state=R ==> next_comm=sh next_pid=4641 next_prio=120
          <idle>-0     [000] ...2   270.483518: sched_switch: prev_comm=swapper/0 prev_pid=0 prev_prio=120 prev_state=R ==> next_comm=ksoftirqd/0 next_pid=3 next_prio=120
           <...>-4641  [001] ...2   270.483539: sched_switch: prev_comm=sh prev_pid=4641 prev_prio=120 prev_state=S ==> next_comm=swapper/1 next_pid=0 next_prio=120
     ksoftirqd/0-3     [000] ...2   270.483562: sched_switch: prev_comm=ksoftirqd/0 prev_pid=3 prev_prio=120 prev_state=S ==> next_comm=mmcqd/1 next_pid=117 next_prio=120
         mmcqd/1-117   [000] ...1   270.483607: block_rq_complete: 179,0 RA () 4078176 + 24 [0]
         mmcqd/1-117   [000] ...2   270.483702: sched_switch: prev_comm=mmcqd/1 prev_pid=117 prev_prio=120 prev_state=S ==> next_comm=swapper/0 next_pid=0 next_prio=120
          <idle>-0     [000] ...2   270.483728: sched_switch: prev_comm=swapper/0 prev_pid=0 prev_prio=120 prev_state=R ==> next_comm=ksoftirqd/0 next_pid=3 next_prio=120
     ksoftirqd/0-3     [000] ...2   270.483740: sched_switch: prev_comm=ksoftirqd/0 prev_pid=3 prev_prio=120 prev_state=S ==> next_comm=swapper/0 next_pid=0 next_prio=120
          <idle>-0     [000] ...2   270.483761: sched_switch: prev_comm=swapper/0 prev_pid=0 prev_prio=120 prev_state=R ==> next_comm=ksoftirqd/0 next_pid=3 next_prio=120
     ksoftirqd/0-3     [000] ...2   270.483779: sched_switch: prev_comm=ksoftirqd/0 prev_pid=3 prev_prio=120 prev_state=S ==> next_comm=swapper/0 next_pid=0 next_prio=120
          <idle>-0     [000] ...2   270.484093: sched_switch: prev_comm=swapper/0 prev_pid=0 prev_prio=120 prev_state=R ==> next_comm=mmcqd/1 next_pid=117 next_prio=120
         mmcqd/1-117   [000] ...1   270.484149: block_rq_complete: 179,0 RA () 4078208 + 56 [0]
         mmcqd/1-117   [000] ...2   270.484178: sched_switch: prev_comm=mmcqd/1 prev_pid=117 prev_prio=120 prev_state=S ==> next_comm=main next_pid=4630 next_prio=120
           <...>-4630  [000] d..2   270.484476: block_rq_insert: 179,0 R 0 () 4077968 + 8 [main]
           <...>-4630  [000] d..2   270.484493: block_rq_insert: 179,0 R 0 () 4078016 + 88 [main]
           <...>-4630  [000] d..2   270.484498: block_rq_insert: 179,0 R 0 () 4078112 + 16 [main]
           <...>-4630  [000] ...2   270.484511: sched_switch: prev_comm=main prev_pid=4630 prev_prio=120 prev_state=D|W ==> next_comm=mmcqd/1 next_pid=117 next_prio=120
         mmcqd/1-117   [000] ...2   270.484537: sched_switch: prev_comm=mmcqd/1 prev_pid=117 prev_prio=120 prev_state=S ==> next_comm=swapper/0 next_pid=0 next_prio=120
          <idle>-0     [000] ...2   270.485185: sched_switch: prev_comm=swapper/0 prev_pid=0 prev_prio=120 prev_state=R ==> next_comm=mmcqd/1 next_pid=117 next_prio=120
         mmcqd/1-117   [000] ...1   270.485275: block_rq_complete: 179,0 RA () 4028792 + 152 [0]
         mmcqd/1-117   [000] ...2   270.485353: sched_switch: prev_comm=mmcqd/1 prev_pid=117 prev_prio=120 prev_state=S ==> next_comm=JDWP next_pid=4635 next_prio=120
           <...>-4635  [000] ...2   270.485451: sched_switch: prev_comm=JDWP prev_pid=4635 prev_prio=120 prev_state=D|W ==> next_comm=mmcqd/1 next_pid=117 next_prio=120
         mmcqd/1-117   [000] ...1   270.485490: block_rq_complete: 179,0 RA () 4077968 + 8 [0]
         mmcqd/1-117   [000] ...2   270.485524: sched_switch: prev_comm=mmcqd/1 prev_pid=117 prev_prio=120 prev_state=S ==> next_comm=swapper/0 next_pid=0 next_prio=120
          <idle>-0     [000] ...2   270.486242: sched_switch: prev_comm=swapper/0 prev_pid=0 prev_prio=120 prev_state=R ==> next_comm=mmcqd/1 next_pid=117 next_prio=120
         mmcqd/1-117   [000] ...1   270.486310: block_rq_complete: 179,0 RA () 4078016 + 88 [0]
         mmcqd/1-117   [000] ...2   270.486344: sched_switch: prev_comm=mmcqd/1 prev_pid=117 prev_prio=120 prev_state=S ==> next_comm=JDWP next_pid=4635 next_prio=120
           <...>-4635  [000] d..2   270.486766: block_rq_insert: 179,0 R 0 () 4009736 + 8 [JDWP]
           <...>-4635  [000] d..2   270.486775: block_rq_insert: 179,0 R 0 () 4009824 + 8 [JDWP]
           <...>-4635  [000] d..2   270.486779: block_rq_insert: 179,0 R 0 () 4009864 + 8 [JDWP]
           <...>-4635  [000] ...2   270.486792: sched_switch: prev_comm=JDWP prev_pid=4635 prev_prio=120 prev_state=D|W ==> next_comm=main next_pid=4630 next_prio=120
           <...>-4630  [000] ...2   270.486948: sched_switch: prev_comm=main prev_pid=4630 prev_prio=120 prev_state=S ==> next_comm=mmcqd/1 next_pid=117 next_prio=120
         mmcqd/1-117   [000] ...1   270.486969: block_rq_complete: 179,0 RA () 4078112 + 16 [0]
         mmcqd/1-117   [000] ...2   270.486991: sched_switch: prev_comm=mmcqd/1 prev_pid=117 prev_prio=120 prev_state=R+ ==> next_comm=kworker/0:2H next_pid=520 next_prio=100
    kworker/0:2H-520   [000] ...2   270.487003: sched_switch: prev_comm=kworker/0:2H prev_pid=520 prev_prio=100 prev_state=S ==> next_comm=mmcqd/1 next_pid=117 next_prio=120
         mmcqd/1-117   [000] ...2   270.487079: sched_switch: prev_comm=mmcqd/1 prev_pid=117 prev_prio=120 prev_state=S ==> next_comm=swapper/0 next_pid=0 next_prio=120
          <idle>-0     [000] ...2   270.487313: sched_switch: prev_comm=swapper/0 prev_pid=0 prev_prio=120 prev_state=R ==> next_comm=mmcqd/1 next_pid=117 next_prio=120
         mmcqd/1-117   [000] ...1   270.487351: block_rq_complete: 179,0 RA () 4009736 + 8 [0]
         mmcqd/1-117   [000] ...2   270.487381: sched_switch: prev_comm=mmcqd/1 prev_pid=117 prev_prio=120 prev_state=S ==> next_comm=swapper/0 next_pid=0 next_prio=120
          <idle>-0     [000] ...2   270.487611: sched_switch: prev_comm=swapper/0 prev_pid=0 prev_prio=120 prev_state=R ==> next_comm=mmcqd/1 next_pid=117 next_prio=120
         mmcqd/1-117   [000] ...1   270.487650: block_rq_complete: 179,0 RA () 4009824 + 8 [0]
         mmcqd/1-117   [000] ...2   270.487674: sched_switch: prev_comm=mmcqd/1 prev_pid=117 prev_prio=120 prev_state=S ==> next_comm=JDWP next_pid=4635 next_prio=120
           <...>-4635  [000] d..2   270.487938: block_rq_insert: 179,0 R 0 () 4010144 + 96 [JDWP]
           <...>-4635  [000] d..2   270.487943: block_rq_insert: 179,0 R 0 () 4010264 + 48 [JDWP]
           <...>-4635  [000] d..2   270.487946: block_rq_insert: 179,0 R 0 () 4010336 + 24 [JDWP]
           <...>-4635  [000] ...2   270.487958: sched_switch: prev_comm=JDWP prev_pid=4635 prev_prio=120 prev_state=D|W ==> next_comm=main next_pid=4630 next_prio=120
           <...>-4630  [000] ...2   270.487978: sched_switch: prev_comm=main prev_pid=4630 prev_prio=120 prev_state=S ==> next_comm=mmcqd/1 next_pid=117 next_prio=120
         mmcqd/1-117   [000] ...1   270.487995: block_rq_complete: 179,0 RA () 4009864 + 8 [0]
         mmcqd/1-117   [000] ...2   270.488015: sched_switch: prev_comm=mmcqd/1 prev_pid=117 prev_prio=120 prev_state=R+ ==> next_comm=kworker/0:2H next_pid=520 next_prio=100
    kworker/0:2H-520   [000] ...2   270.488027: sched_switch: prev_comm=kworker/0:2H prev_pid=520 prev_prio=100 prev_state=S ==> next_comm=mmcqd/1 next_pid=117 next_prio=120
         mmcqd/1-117   [000] ...2   270.488151: sched_switch: prev_comm=mmcqd/1 prev_pid=117 prev_prio=120 prev_state=S ==> next_comm=swapper/0 next_pid=0 next_prio=120
          <idle>-0     [000] ...2   270.488794: sched_switch: prev_comm=swapper/0 prev_pid=0 prev_prio=120 prev_state=R ==> next_comm=mmcqd/1 next_pid=117 next_prio=120
         mmcqd/1-117   [000] ...1   270.488863: block_rq_complete: 179,0 RA () 4010144 + 96 [0]
         mmcqd/1-117   [000] ...2   270.488903: sched_switch: prev_comm=mmcqd/1 prev_pid=117 prev_prio=120 prev_state=S ==> next_comm=swapper/0 next_pid=0 next_prio=120
          <idle>-0     [000] ...2   270.489313: sched_switch: prev_comm=swapper/0 prev_pid=0 prev_prio=120 prev_state=R ==> next_comm=mmcqd/1 next_pid=117 next_prio=120
         mmcqd/1-117   [000] ...1   270.489366: block_rq_complete: 179,0 RA () 4010264 + 48 [0]
         mmcqd/1-117   [000] ...2   270.489393: sched_switch: prev_comm=mmcqd/1 prev_pid=117 prev_prio=120 prev_state=S ==> next_comm=JDWP next_pid=4635 next_prio=120
           <...>-4635  [000] ...2   270.489412: sched_switch: prev_comm=JDWP prev_pid=4635 prev_prio=120 prev_state=D|W ==> next_comm=swapper/0 next_pid=0 next_prio=120
          <idle>-0     [000] ...2   270.489682: sched_switch: prev_comm=swapper/0 prev_pid=0 prev_prio=120 prev_state=R ==> next_comm=mmcqd/1 next_pid=117 next_prio=120
         mmcqd/1-117   [000] ...1   270.489704: block_rq_complete: 179,0 RA () 4010336 + 24 [0]
         mmcqd/1-117   [000] ...2   270.489730: sched_switch: prev_comm=mmcqd/1 prev_pid=117 prev_prio=120 prev_state=R+ ==> next_comm=kworker/0:2H next_pid=520 next_prio=100
    kworker/0:2H-520   [000] ...2   270.489741: sched_switch: prev_comm=kworker/0:2H prev_pid=520 prev_prio=100 prev_state=S ==> next_comm=JDWP next_pid=4635 next_prio=120
           <...>-4635  [000] d..2   270.489843: block_rq_insert: 179,0 R 0 () 4020448 + 16 [JDWP]
           <...>-4635  [000] d..2   270.489848: block_rq_insert: 179,0 R 0 () 4020472 + 40 [JDWP]
           <...>-4635  [000] d..2   270.489851: block_rq_insert: 179,0 R 0 () 4020544 + 8 [JDWP]
           <...>-4635  [000] d..2   270.489854: block_rq_insert: 179,0 R 0 () 4020560 + 24 [JDWP]
           <...>-4635  [000] ...2   270.489866: sched_switch: prev_comm=JDWP prev_pid=4635 prev_prio=120 prev_state=D|W ==> next_comm=mmcqd/1 next_pid=117 next_prio=120
         mmcqd/1-117   [000] ...2   270.489954: sched_switch: prev_comm=mmcqd/1 prev_pid=117 prev_prio=120 prev_state=S ==> next_comm=swapper/0 next_pid=0 next_prio=120
          <idle>-0     [000] ...2   270.490225: sched_switch: prev_comm=swapper/0 prev_pid=0 prev_prio=120 prev_state=R ==> next_comm=mmcqd/1 next_pid=117 next_prio=120
         mmcqd/1-117   [000] ...1   270.490266: block_rq_complete: 179,0 RA () 4020448 + 16 [0]
         mmcqd/1-117   [000] ...2   270.490295: sched_switch: prev_comm=mmcqd/1 prev_pid=117 prev_prio=120 prev_state=S ==> next_comm=swapper/0 next_pid=0 next_prio=120
          <idle>-0     [000] ...2   270.490831: sched_switch: prev_comm=swapper/0 prev_pid=0 prev_prio=120 prev_state=R ==> next_comm=mmcqd/1 next_pid=117 next_prio=120
         mmcqd/1-117   [000] ...1   270.490882: block_rq_complete: 179,0 RA () 4020472 + 40 [0]
         mmcqd/1-117   [000] ...2   270.490919: sched_switch: prev_comm=mmcqd/1 prev_pid=117 prev_prio=120 prev_state=S ==> next_comm=swapper/0 next_pid=0 next_prio=120
          <idle>-0     [000] ...2   270.491124: sched_switch: prev_comm=swapper/0 prev_pid=0 prev_prio=120 prev_state=R ==> next_comm=mmcqd/1 next_pid=117 next_prio=120
         mmcqd/1-117   [000] ...1   270.491165: block_rq_complete: 179,0 RA () 4020544 + 8 [0]
         mmcqd/1-117   [000] ...2   270.491182: sched_switch: prev_comm=mmcqd/1 prev_pid=117 prev_prio=120 prev_state=S ==> next_comm=swapper/0 next_pid=0 next_prio=120
          <idle>-0     [000] ...2   270.491530: sched_switch: prev_comm=swapper/0 prev_pid=0 prev_prio=120 prev_state=R ==> next_comm=mmcqd/1 next_pid=117 next_prio=120
         mmcqd/1-117   [000] ...1   270.491552: block_rq_complete: 179,0 RA () 4020560 + 24 [0]
         mmcqd/1-117   [000] ...2   270.491578: sched_switch: prev_comm=mmcqd/1 prev_pid=117 prev_prio=120 prev_state=R+ ==> next_comm=kworker/0:2H next_pid=520 next_prio=100
    kworker/0:2H-520   [000] ...2   270.491590: sched_switch: prev_comm=kworker/0:2H prev_pid=520 prev_prio=100 prev_state=S ==> next_comm=JDWP next_pid=4635 next_prio=120
           <...>-4635  [000] d..2   270.491863: block_rq_insert: 179,0 R 0 () 4079416 + 48 [JDWP]
           <...>-4635  [000] d..2   270.491867: block_rq_insert: 179,0 R 0 () 4079480 + 24 [JDWP]
           <...>-4635  [000] d..2   270.491870: block_rq_insert: 179,0 R 0 () 4079512 + 72 [JDWP]
           <...>-4635  [000] d..2   270.491873: block_rq_insert: 179,0 R 0 () 4079600 + 16 [JDWP]
           <...>-4635  [000] d..2   270.491876: block_rq_insert: 179,0 R 0 () 4079632 + 16 [JDWP]
           <...>-4635  [000] d..2   270.491879: block_rq_insert: 179,0 R 0 () 4079656 + 16 [JDWP]
           <...>-4635  [000] ...2   270.491892: sched_switch: prev_comm=JDWP prev_pid=4635 prev_prio=120 prev_state=D|W ==> next_comm=main next_pid=4630 next_prio=120
           <...>-4630  [000] ...2   270.491912: sched_switch: prev_comm=main prev_pid=4630 prev_prio=120 prev_state=S ==> next_comm=mmcqd/1 next_pid=117 next_prio=120
         mmcqd/1-117   [000] ...2   270.491988: sched_switch: prev_comm=mmcqd/1 prev_pid=117 prev_prio=120 prev_state=R+ ==> next_comm=kworker/0:2H next_pid=520 next_prio=100
          <idle>-0     [001] ...2   270.491992: sched_switch: prev_comm=swapper/1 prev_pid=0 prev_prio=120 prev_state=R ==> next_comm=ksoftirqd/1 next_pid=4621 next_prio=120
           <...>-4621  [001] ...2   270.492004: sched_switch: prev_comm=ksoftirqd/1 prev_pid=4621 prev_prio=120 prev_state=S ==> next_comm=swapper/1 next_pid=0 next_prio=120
          <idle>-0     [001] ...2   270.492016: sched_switch: prev_comm=swapper/1 prev_pid=0 prev_prio=120 prev_state=R ==> next_comm=ksoftirqd/1 next_pid=4621 next_prio=120
