          <idle>-0     [000] ...2   283.084263: sched_switch: prev_comm=swapper/0 prev_pid=0 prev_prio=120 prev_state=R ==> next_comm=main next_pid=4873 next_prio=120
           <...>-4889  [001] ...2   283.084265: sched_switch: prev_comm=FinalizerWatchd prev_pid=4889 prev_prio=120 prev_state=S ==> next_comm=swapper/1 next_pid=0 next_prio=120
          <idle>-0     [001] ...2   283.084296: sched_switch: prev_comm=swapper/1 prev_pid=0 prev_prio=120 prev_state=R ==> next_comm=main next_pid=4890 next_prio=120
           <...>-4873  [000] ...2   283.084306: sched_switch: prev_comm=main prev_pid=4873 prev_prio=120 prev_state=D ==> next_comm=swapper/0 next_pid=0 next_prio=120
          <idle>-0     [000] ...2   283.084310: sched_switch: prev_comm=swapper/0 prev_pid=0 prev_prio=120 prev_state=R ==> next_comm=main next_pid=4873 next_prio=120
           <...>-4890  [001] ...2   283.084318: sched_switch: prev_comm=main prev_pid=4890 prev_prio=120 prev_state=D ==> next_comm=swapper/1 next_pid=0 next_prio=120
          <idle>-0     [001] ...2   283.084331: sched_switch: prev_comm=swapper/1 prev_pid=0 prev_prio=120 prev_state=R ==> next_comm=main next_pid=4890 next_prio=120
           <...>-4873  [000] ...2   283.084527: sched_switch: prev_comm=main prev_pid=4873 prev_prio=120 prev_state=S ==> next_comm=swapper/0 next_pid=0 next_prio=120
          <idle>-0     [000] ...2   283.084664: sched_switch: prev_comm=swapper/0 prev_pid=0 prev_prio=120 prev_state=R ==> next_comm=main next_pid=4873 next_prio=120
           <...>-4873  [000] ...2   283.084681: sched_switch: prev_comm=main prev_pid=4873 prev_prio=120 prev_state=D ==> next_comm=swapper/0 next_pid=0 next_prio=120
          <idle>-0     [000] ...2   283.084686: sched_switch: prev_comm=swapper/0 prev_pid=0 prev_prio=120 prev_state=R ==> next_comm=main next_pid=4873 next_prio=120
           <...>-4890  [001] ...2   283.084689: sched_switch: prev_comm=HeapTrimmerDaem prev_pid=4890 prev_prio=120 prev_state=D ==> next_comm=swapper/1 next_pid=0 next_prio=120
           <...>-4873  [000] ...2   283.084698: sched_switch: prev_comm=main prev_pid=4873 prev_prio=120 prev_state=D ==> next_comm=swapper/0 next_pid=0 next_prio=120
          <idle>-0     [001] ...2   283.084703: sched_switch: prev_comm=swapper/1 prev_pid=0 prev_prio=120 prev_state=R ==> next_comm=HeapTrimmerDaem next_pid=4890 next_prio=120
           <...>-4890  [001] ...2   283.084717: sched_switch: prev_comm=HeapTrimmerDaem prev_pid=4890 prev_prio=120 prev_state=S ==> next_comm=swapper/1 next_pid=0 next_prio=120
          <idle>-0     [000] ...2   283.084719: sched_switch: prev_comm=swapper/0 prev_pid=0 prev_prio=120 prev_state=R ==> next_comm=main next_pid=4873 next_prio=120
          <idle>-0     [001] ...2   283.084752: sched_switch: prev_comm=swapper/1 prev_pid=0 prev_prio=120 prev_state=R ==> next_comm=main next_pid=4891 next_prio=120
           <...>-4873  [000] d..2   283.084946: block_rq_insert: 179,0 R 0 () 4008360 + 48 [main]
           <...>-4873  [000] d..2   283.084949: block_rq_insert: 179,0 R 0 () 4008432 + 16 [main]
           <...>-4873  [000] d..2   283.084951: block_rq_insert: 179,0 R 0 () 4008456 + 8 [main]
           <...>-4873  [000] d..2   283.084953: block_rq_insert: 179,0 R 0 () 4008536 + 16 [main]
           <...>-4873  [000] ...2   283.084964: sched_switch: prev_comm=main prev_pid=4873 prev_prio=120 prev_state=D|W ==> next_comm=mmcqd/1 next_pid=117 next_prio=120
         mmcqd/1-117   [000] ...2   283.085012: sched_switch: prev_comm=mmcqd/1 prev_pid=117 prev_prio=120 prev_state=S ==> next_comm=swapper/0 next_pid=0 next_prio=120
           <...>-4891  [001] ...2   283.085123: sched_switch: prev_comm=GCDaemon prev_pid=4891 prev_prio=120 prev_state=S ==> next_comm=swapper/1 next_pid=0 next_prio=120
          <idle>-0     [000] ...2   283.085160: sched_switch: prev_comm=swapper/0 prev_pid=0 prev_prio=120 prev_state=R ==> next_comm=adbd next_pid=795 next_prio=120
            adbd-795   [000] ...2   283.085173: sched_switch: prev_comm=adbd prev_pid=795 prev_prio=120 prev_state=S ==> next_comm=swapper/0 next_pid=0 next_prio=120
          <idle>-0     [000] ...2   283.085330: sched_switch: prev_comm=swapper/0 prev_pid=0 prev_prio=120 prev_state=R ==> next_comm=mmcqd/1 next_pid=117 next_prio=120
         mmcqd/1-117   [000] ...1   283.085357: block_rq_complete: 179,0 RA () 4008536 + 16 [0]
         mmcqd/1-117   [000] ...2   283.085378: sched_switch: prev_comm=mmcqd/1 prev_pid=117 prev_prio=120 prev_state=S ==> next_comm=adbd next_pid=795 next_prio=120
            adbd-795   [000] ...2   283.085412: sched_switch: prev_comm=adbd prev_pid=795 prev_prio=120 prev_state=S ==> next_comm=adbd next_pid=792 next_prio=120
          <idle>-0     [001] ...2   283.085510: sched_switch: prev_comm=swapper/1 prev_pid=0 prev_prio=120 prev_state=R ==> next_comm=JDWP next_pid=4884 next_prio=120
           <...>-4884  [001] ...2   283.085559: sched_switch: prev_comm=JDWP prev_pid=4884 prev_prio=120 prev_state=S ==> next_comm=swapper/1 next_pid=0 next_prio=120
            adbd-792   [000] ...2   283.085665: sched_switch: prev_comm=adbd prev_pid=792 prev_prio=120 prev_state=S ==> next_comm=adbd next_pid=794 next_prio=120
            adbd-794   [000] ...2   283.085735: sched_switch: prev_comm=adbd prev_pid=794 prev_prio=120 prev_state=S ==> next_comm=mmcqd/1 next_pid=117 next_prio=120
         mmcqd/1-117   [000] ...1   283.085760: block_rq_complete: 179,0 RA () 4008456 + 8 [0]
         mmcqd/1-117   [000] ...2   283.085792: sched_switch: prev_comm=mmcqd/1 prev_pid=117 prev_prio=120 prev_state=S ==> next_comm=main next_pid=4873 next_prio=120
           <...>-4873  [000] ...2   283.085810: sched_switch: prev_comm=main prev_pid=4873 prev_prio=120 prev_state=D|W ==> next_comm=swapper/0 next_pid=0 next_prio=120
          <idle>-0     [000] ...2   283.086049: sched_switch: prev_comm=swapper/0 prev_pid=0 prev_prio=120 prev_state=R ==> next_comm=adbd next_pid=795 next_prio=120
            adbd-795   [000] ...2   283.086060: sched_switch: prev_comm=adbd prev_pid=795 prev_prio=120 prev_state=S ==> next_comm=mmcqd/1 next_pid=117 next_prio=120
         mmcqd/1-117   [000] ...1   283.086086: block_rq_complete: 179,0 RA () 4008432 + 16 [0]
         mmcqd/1-117   [000] ...2   283.086101: sched_switch: prev_comm=mmcqd/1 prev_pid=117 prev_prio=120 prev_state=S ==> next_comm=main next_pid=4873 next_prio=120
           <...>-4873  [000] d..2   283.086392: block_rq_insert: 179,0 R 0 () 4079784 + 8 [main]
           <...>-4873  [000] d..2   283.086395: block_rq_insert: 179,0 R 0 () 4079880 + 40 [main]
           <...>-4873  [000] ...2   283.086406: sched_switch: prev_comm=main prev_pid=4873 prev_prio=120 prev_state=D|W ==> next_comm=adbd next_pid=795 next_prio=120
            adbd-795   [000] ...2   283.086441: sched_switch: prev_comm=adbd prev_pid=795 prev_prio=120 prev_state=S ==> next_comm=mmcqd/1 next_pid=117 next_prio=120
         mmcqd/1-117   [000] ...2   283.086466: sched_switch: prev_comm=mmcqd/1 prev_pid=117 prev_prio=120 prev_state=S ==> next_comm=adbd next_pid=795 next_prio=120
            adbd-795   [000] ...2   283.086490: sched_switch: prev_comm=adbd prev_pid=795 prev_prio=120 prev_state=S ==> next_comm=adbd next_pid=792 next_prio=120
          <idle>-0     [001] ...2   283.086604: sched_switch: prev_comm=swapper/1 prev_pid=0 prev_prio=120 prev_state=R ==> next_comm=JDWP next_pid=4884 next_prio=120
            adbd-792   [000] ...2   283.086694: sched_switch: prev_comm=adbd prev_pid=792 prev_prio=120 prev_state=S ==> next_comm=adbd next_pid=794 next_prio=120
            adbd-794   [000] ...2   283.086741: sched_switch: prev_comm=adbd prev_pid=794 prev_prio=120 prev_state=S ==> next_comm=mmcqd/1 next_pid=117 next_prio=120
         mmcqd/1-117   [000] ...1   283.086777: block_rq_complete: 179,0 RA () 4008360 + 48 [0]
           <...>-4884  [001] ...2   283.086788: sched_switch: prev_comm=JDWP prev_pid=4884 prev_prio=120 prev_state=S ==> next_comm=adbd next_pid=792 next_prio=120
         mmcqd/1-117   [000] ...2   283.086805: sched_switch: prev_comm=mmcqd/1 prev_pid=117 prev_prio=120 prev_state=S ==> next_comm=swapper/0 next_pid=0 next_prio=120
            adbd-792   [001] ...2   283.086914: sched_switch: prev_comm=adbd prev_pid=792 prev_prio=120 prev_state=S ==> next_comm=adbd next_pid=794 next_prio=120
            adbd-794   [001] ...2   283.086955: sched_switch: prev_comm=adbd prev_pid=794 prev_prio=120 prev_state=S ==> next_comm=swapper/1 next_pid=0 next_prio=120
          <idle>-0     [000] ...2   283.087003: sched_switch: prev_comm=swapper/0 prev_pid=0 prev_prio=120 prev_state=R ==> next_comm=adbd next_pid=795 next_prio=120
            adbd-795   [000] ...2   283.087013: sched_switch: prev_comm=adbd prev_pid=795 prev_prio=120 prev_state=S ==> next_comm=mmcqd/1 next_pid=117 next_prio=120
         mmcqd/1-117   [000] ...1   283.087038: block_rq_complete: 179,0 RA () 4079784 + 8 [0]
         mmcqd/1-117   [000] ...2   283.087050: sched_switch: prev_comm=mmcqd/1 prev_pid=117 prev_prio=120 prev_state=S ==> next_comm=swapper/0 next_pid=0 next_prio=120
          <idle>-0     [000] ...2   283.087176: sched_switch: prev_comm=swapper/0 prev_pid=0 prev_prio=120 prev_state=R ==> next_comm=adbd next_pid=795 next_prio=120
            adbd-795   [000] ...2   283.087210: sched_switch: prev_comm=adbd prev_pid=795 prev_prio=120 prev_state=S ==> next_comm=adbd next_pid=792 next_prio=120
          <idle>-0     [001] ...2   283.087292: sched_switch: prev_comm=swapper/1 prev_pid=0 prev_prio=120 prev_state=R ==> next_comm=JDWP next_pid=4884 next_prio=120
            adbd-792   [000] ...2   283.087357: sched_switch: prev_comm=adbd prev_pid=792 prev_prio=120 prev_state=S ==> next_comm=adbd next_pid=794 next_prio=120
            adbd-794   [000] ...2   283.087396: sched_switch: prev_comm=adbd prev_pid=794 prev_prio=120 prev_state=S ==> next_comm=adbd next_pid=795 next_prio=120
            adbd-795   [000] ...2   283.087423: sched_switch: prev_comm=adbd prev_pid=795 prev_prio=120 prev_state=S ==> next_comm=adbd next_pid=792 next_prio=120
           <...>-4884  [001] d..2   283.087483: block_rq_insert: 179,0 R 0 () 4086360 + 56 [JDWP]
           <...>-4884  [001] d..2   283.087490: block_rq_insert: 179,0 R 0 () 4086424 + 72 [JDWP]
           <...>-4884  [001] ...2   283.087502: sched_switch: prev_comm=JDWP prev_pid=4884 prev_prio=120 prev_state=D|W ==> next_comm=swapper/1 next_pid=0 next_prio=120
            adbd-792   [000] ...2   283.087564: sched_switch: prev_comm=adbd prev_pid=792 prev_prio=120 prev_state=S ==> next_comm=adbd next_pid=794 next_prio=120
            adbd-794   [000] ...2   283.087569: sched_switch: prev_comm=adbd prev_pid=794 prev_prio=120 prev_state=S ==> next_comm=mmcqd/1 next_pid=117 next_prio=120
         mmcqd/1-117   [000] ...1   283.087594: block_rq_complete: 179,0 RA () 4079880 + 40 [0]
         mmcqd/1-117   [000] ...2   283.087621: sched_switch: prev_comm=mmcqd/1 prev_pid=117 prev_prio=120 prev_state=R+ ==> next_comm=kworker/0:2H next_pid=520 next_prio=100
    kworker/0:2H-520   [000] ...2   283.087629: sched_switch: prev_comm=kworker/0:2H prev_pid=520 prev_prio=100 prev_state=S ==> next_comm=adbd next_pid=795 next_prio=120
            adbd-795   [000] ...2   283.087639: sched_switch: prev_comm=adbd prev_pid=795 prev_prio=120 prev_state=S ==> next_comm=mmcqd/1 next_pid=117 next_prio=120
         mmcqd/1-117   [000] ...2   283.087713: sched_switch: prev_comm=mmcqd/1 prev_pid=117 prev_prio=120 prev_state=S ==> next_comm=main next_pid=4873 next_prio=120
           <...>-4873  [000] d..2   283.088994: block_rq_insert: 179,0 R 0 () 4084016 + 8 [main]
           <...>-4873  [000] d..2   283.089000: block_rq_insert: 179,0 R 0 () 4084104 + 8 [main]
           <...>-4873  [000] d..2   283.089002: block_rq_insert: 179,0 R 0 () 4084128 + 8 [main]
           <...>-4873  [000] ...2   283.089010: sched_switch: prev_comm=main prev_pid=4873 prev_prio=120 prev_state=D|W ==> next_comm=adbd next_pid=795 next_prio=120
            adbd-795   [000] ...2   283.089048: sched_switch: prev_comm=adbd prev_pid=795 prev_prio=120 prev_state=S ==> next_comm=mmcqd/1 next_pid=117 next_prio=120
         mmcqd/1-117   [000] ...1   283.089088: block_rq_complete: 179,0 RA () 4086360 + 56 [0]
          <idle>-0     [001] ...2   283.089105: sched_switch: prev_comm=swapper/1 prev_pid=0 prev_prio=120 prev_state=R ==> next_comm=JDWP next_pid=4884 next_prio=120
         mmcqd/1-117   [000] ...2   283.089116: sched_switch: prev_comm=mmcqd/1 prev_pid=117 prev_prio=120 prev_state=S ==> next_comm=adbd next_pid=792 next_prio=120
           <...>-4884  [001] d..2   283.089214: block_rq_insert: 179,0 R 0 () 4078280 + 144 [JDWP]
           <...>-4884  [001] d..2   283.089218: block_rq_insert: 179,0 R 0 () 4078440 + 8 [JDWP]
           <...>-4884  [001] d..2   283.089220: block_rq_insert: 179,0 R 0 () 4078456 + 40 [JDWP]
           <...>-4884  [001] ...2   283.089235: sched_switch: prev_comm=JDWP prev_pid=4884 prev_prio=120 prev_state=D|W ==> next_comm=adbd next_pid=794 next_prio=120
            adbd-792   [000] ...2   283.089251: sched_switch: prev_comm=adbd prev_pid=792 prev_prio=120 prev_state=S ==> next_comm=swapper/0 next_pid=0 next_prio=120
            adbd-794   [001] ...2   283.089278: sched_switch: prev_comm=adbd prev_pid=794 prev_prio=120 prev_state=S ==> next_comm=swapper/1 next_pid=0 next_prio=120
          <idle>-0     [000] ...2   283.089623: sched_switch: prev_comm=swapper/0 prev_pid=0 prev_prio=120 prev_state=R ==> next_comm=mmcqd/1 next_pid=117 next_prio=120
         mmcqd/1-117   [000] ...1   283.089663: block_rq_complete: 179,0 RA () 4086424 + 72 [0]
         mmcqd/1-117   [000] ...2   283.089684: sched_switch: prev_comm=mmcqd/1 prev_pid=117 prev_prio=120 prev_state=S ==> next_comm=swapper/0 next_pid=0 next_prio=120
          <idle>-0     [000] ...2   283.089889: sched_switch: prev_comm=swapper/0 prev_pid=0 prev_prio=120 prev_state=R ==> next_comm=mmcqd/1 next_pid=117 next_prio=120
         mmcqd/1-117   [000] ...1   283.089914: block_rq_complete: 179,0 RA () 4084128 + 8 [0]
         mmcqd/1-117   [000] ...2   283.089933: sched_switch: prev_comm=mmcqd/1 prev_pid=117 prev_prio=120 prev_state=S ==> next_comm=swapper/0 next_pid=0 next_prio=120
          <idle>-0     [000] ...2   283.090142: sched_switch: prev_comm=swapper/0 prev_pid=0 prev_prio=120 prev_state=R ==> next_comm=mmcqd/1 next_pid=117 next_prio=120
         mmcqd/1-117   [000] ...1   283.090166: block_rq_complete: 179,0 RA () 4084104 + 8 [0]
         mmcqd/1-117   [000] ...2   283.090198: sched_switch: prev_comm=mmcqd/1 prev_pid=117 prev_prio=120 prev_state=S ==> next_comm=main next_pid=4873 next_prio=120
           <...>-4873  [000] ...2   283.090431: sched_switch: prev_comm=main prev_pid=4873 prev_prio=120 prev_state=R ==> next_comm=mmcqd/1 next_pid=117 next_prio=120
         mmcqd/1-117   [000] ...1   283.090456: block_rq_complete: 179,0 RA () 4084016 + 8 [0]
         mmcqd/1-117   [000] ...2   283.090475: sched_switch: prev_comm=mmcqd/1 prev_pid=117 prev_prio=120 prev_state=S ==> next_comm=main next_pid=4873 next_prio=120
           <...>-4873  [000] ...2   283.090918: sched_switch: prev_comm=main prev_pid=4873 prev_prio=120 prev_state=R+ ==> next_comm=mmcqd/1 next_pid=117 next_prio=120
         mmcqd/1-117   [000] ...1   283.090950: block_rq_complete: 179,0 RA () 4078456 + 40 [0]
         mmcqd/1-117   [000] ...2   283.091005: sched_switch: prev_comm=mmcqd/1 prev_pid=117 prev_prio=120 prev_state=S ==> next_comm=main next_pid=4873 next_prio=120
           <...>-4873  [000] ...2   283.091195: sched_switch: prev_comm=main prev_pid=4873 prev_prio=120 prev_state=R ==> next_comm=mmcqd/1 next_pid=117 next_prio=120
         mmcqd/1-117   [000] ...1   283.091220: block_rq_complete: 179,0 RA () 4078440 + 8 [0]
         mmcqd/1-117   [000] ...2   283.091232: sched_switch: prev_comm=mmcqd/1 prev_pid=117 prev_prio=120 prev_state=S ==> next_comm=main next_pid=4873 next_prio=120
           <...>-4873  [000] d..2   283.091721: block_rq_insert: 179,0 R 0 () 4086528 + 168 [main]
           <...>-4873  [000] d..2   283.091725: block_rq_insert: 179,0 R 0 () 4086704 + 80 [main]
           <...>-4873  [000] ...2   283.091735: sched_switch: prev_comm=main prev_pid=4873 prev_prio=120 prev_state=R+ ==> next_comm=mmcqd/1 next_pid=117 next_prio=120
         mmcqd/1-117   [000] ...2   283.091743: sched_switch: prev_comm=mmcqd/1 prev_pid=117 prev_prio=120 prev_state=S ==> next_comm=main next_pid=4873 next_prio=120
          <idle>-0     [001] ...2   283.092018: sched_switch: prev_comm=swapper/1 prev_pid=0 prev_prio=120 prev_state=R ==> next_comm=ksoftirqd/1 next_pid=4866 next_prio=120
           <...>-4866  [001] ...2   283.092027: sched_switch: prev_comm=ksoftirqd/1 prev_pid=4866 prev_prio=120 prev_state=S ==> next_comm=swapper/1 next_pid=0 next_prio=120
          <idle>-0     [001] ...2   283.092040: sched_switch: prev_comm=swapper/1 prev_pid=0 prev_prio=120 prev_state=R ==> next_comm=ksoftirqd/1 next_pid=4866 next_prio=120
           <...>-4866  [001] ...2   283.092048: sched_switch: prev_comm=ksoftirqd/1 prev_pid=4866 prev_prio=120 prev_state=S ==> next_comm=swapper/1 next_pid=0 next_prio=120
          <idle>-0     [001] ...2   283.092060: sched_switch: prev_comm=swapper/1 prev_pid=0 prev_prio=120 prev_state=R ==> next_comm=ksoftirqd/1 next_pid=4866 next_prio=120
           <...>-4866  [001] ...2   283.092067: sched_switch: prev_comm=ksoftirqd/1 prev_pid=4866 prev_prio=120 prev_state=S ==> next_comm=swapper/1 next_pid=0 next_prio=120
           <...>-4873  [000] ...2   283.092208: sched_switch: prev_comm=main prev_pid=4873 prev_prio=120 prev_state=R ==> next_comm=mmcqd/1 next_pid=117 next_prio=120
         mmcqd/1-117   [000] ...1   283.092247: block_rq_complete: 179,0 RA () 4078280 + 144 [0]
          <idle>-0     [001] ...2   283.092263: sched_switch: prev_comm=swapper/1 prev_pid=0 prev_prio=120 prev_state=R ==> next_comm=JDWP next_pid=4884 next_prio=120
         mmcqd/1-117   [000] ...2   283.092270: sched_switch: prev_comm=mmcqd/1 prev_pid=117 prev_prio=120 prev_state=R+ ==> next_comm=kworker/0:2H next_pid=520 next_prio=100
    kworker/0:2H-520   [000] ...2   283.092278: sched_switch: prev_comm=kworker/0:2H prev_pid=520 prev_prio=100 prev_state=S ==> next_comm=mmcqd/1 next_pid=117 next_prio=120
           <...>-4884  [001] d..2   283.092334: block_rq_insert: 179,0 R 0 () 3992040 + 24 [JDWP]
           <...>-4884  [001] d..2   283.092338: block_rq_insert: 179,0 R 0 () 3992168 + 8 [JDWP]
           <...>-4884  [001] d..2   283.092340: block_rq_insert: 179,0 R 0 () 3992192 + 56 [JDWP]
           <...>-4884  [001] ...2   283.092351: sched_switch: prev_comm=JDWP prev_pid=4884 prev_prio=120 prev_state=D|W ==> next_comm=swapper/1 next_pid=0 next_prio=120
         mmcqd/1-117   [000] ...2   283.092379: sched_switch: prev_comm=mmcqd/1 prev_pid=117 prev_prio=120 prev_state=S ==> next_comm=main next_pid=4873 next_prio=120
           <...>-4873  [000] ...2   283.093338: sched_switch: prev_comm=main prev_pid=4873 prev_prio=120 prev_state=R+ ==> next_comm=mmcqd/1 next_pid=117 next_prio=120
         mmcqd/1-117   [000] ...1   283.093397: block_rq_complete: 179,0 RA () 4086528 + 168 [0]
         mmcqd/1-117   [000] ...2   283.093414: sched_switch: prev_comm=mmcqd/1 prev_pid=117 prev_prio=120 prev_state=S ==> next_comm=main next_pid=4873 next_prio=120
           <...>-4873  [000] ...2   283.093945: sched_switch: prev_comm=main prev_pid=4873 prev_prio=120 prev_state=R+ ==> next_comm=mmcqd/1 next_pid=117 next_prio=120
         mmcqd/1-117   [000] ...1   283.093970: block_rq_complete: 179,0 RA () 4086704 + 80 [0]
         mmcqd/1-117   [000] ...2   283.093986: sched_switch: prev_comm=mmcqd/1 prev_pid=117 prev_prio=120 prev_state=R+ ==> next_comm=kworker/0:2H next_pid=520 next_prio=100
    kworker/0:2H-520   [000] ...2   283.093994: sched_switch: prev_comm=kworker/0:2H prev_pid=520 prev_prio=100 prev_state=S ==> next_comm=mmcqd/1 next_pid=117 next_prio=120
         mmcqd/1-117   [000] ...2   283.094047: sched_switch: prev_comm=mmcqd/1 prev_pid=117 prev_prio=120 prev_state=S ==> next_comm=main next_pid=4873 next_prio=120
           <...>-4873  [000] d..2   283.094080: block_rq_insert: 179,0 R 0 () 4078544 + 88 [main]
           <...>-4873  [000] d..2   283.094084: block_rq_insert: 179,0 R 0 () 4078640 + 56 [main]
           <...>-4873  [000] ...2   283.094091: sched_switch: prev_comm=main prev_pid=4873 prev_prio=120 prev_state=D|W ==> next_comm=swapper/0 next_pid=0 next_prio=120
          <idle>-0     [000] ...2   283.094345: sched_switch: prev_comm=swapper/0 prev_pid=0 prev_prio=120 prev_state=R ==> next_comm=mmcqd/1 next_pid=117 next_prio=120
         mmcqd/1-117   [000] ...1   283.094373: block_rq_complete: 179,0 RA () 3992040 + 24 [0]
         mmcqd/1-117   [000] ...2   283.094404: sched_switch: prev_comm=mmcqd/1 prev_pid=117 prev_prio=120 prev_state=S ==> next_comm=swapper/0 next_pid=0 next_prio=120
          <idle>-0     [000] ...2   283.094635: sched_switch: prev_comm=swapper/0 prev_pid=0 prev_prio=120 prev_state=R ==> next_comm=mmcqd/1 next_pid=117 next_prio=120
         mmcqd/1-117   [000] ...1   283.094659: block_rq_complete: 179,0 RA () 3992168 + 8 [0]
          <idle>-0     [001] ...2   283.094672: sched_switch: prev_comm=swapper/1 prev_pid=0 prev_prio=120 prev_state=R ==> next_comm=JDWP next_pid=4884 next_prio=120
         mmcqd/1-117   [000] ...2   283.094675: sched_switch: prev_comm=mmcqd/1 prev_pid=117 prev_prio=120 prev_state=S ==> next_comm=swapper/0 next_pid=0 next_prio=120
           <...>-4884  [001] d..2   283.094713: block_rq_insert: 179,0 R 0 () 3992296 + 8 [JDWP]
           <...>-4884  [001] d..2   283.094716: block_rq_insert: 179,0 R 0 () 3992368 + 16 [JDWP]
           <...>-4884  [001] d..2   283.094717: block_rq_insert: 179,0 R 0 () 3992400 + 8 [JDWP]
           <...>-4884  [001] ...2   283.094729: sched_switch: prev_comm=JDWP prev_pid=4884 prev_prio=120 prev_state=D|W ==> next_comm=swapper/1 next_pid=0 next_prio=120
          <idle>-0     [000] ...2   283.094730: sched_switch: prev_comm=swapper/0 prev_pid=0 prev_prio=120 prev_state=R ==> next_comm=mmcqd/1 next_pid=117 next_prio=120
         mmcqd/1-117   [000] ...2   283.094744: sched_switch: prev_comm=mmcqd/1 prev_pid=117 prev_prio=120 prev_state=S ==> next_comm=swapper/0 next_pid=0 next_prio=120
          <idle>-0     [000] ...2   283.095145: sched_switch: prev_comm=swapper/0 prev_pid=0 prev_prio=120 prev_state=R ==> next_comm=mmcqd/1 next_pid=117 next_prio=120
         mmcqd/1-117   [000] ...1   283.095178: block_rq_complete: 179,0 RA () 3992192 + 56 [0]
         mmcqd/1-117   [000] ...2   283.095200: sched_switch: prev_comm=mmcqd/1 prev_pid=117 prev_prio=120 prev_state=S ==> next_comm=swapper/0 next_pid=0 next_prio=120
          <idle>-0     [000] ...2   283.095410: sched_switch: prev_comm=swapper/0 prev_pid=0 prev_prio=120 prev_state=R ==> next_comm=mmcqd/1 next_pid=117 next_prio=120
         mmcqd/1-117   [000] ...1   283.095434: block_rq_complete: 179,0 RA () 3992296 + 8 [0]
         mmcqd/1-117   [000] ...2   283.095451: sched_switch: prev_comm=mmcqd/1 prev_pid=117 prev_prio=120 prev_state=S ==> next_comm=swapper/0 next_pid=0 next_prio=120
          <idle>-0     [000] ...2   283.095730: sched_switch: prev_comm=swapper/0 prev_pid=0 prev_prio=120 prev_state=R ==> next_comm=mmcqd/1 next_pid=117 next_prio=120
         mmcqd/1-117   [000] ...1   283.095754: block_rq_complete: 179,0 RA () 3992368 + 16 [0]
          <idle>-0     [001] ...2   283.095767: sched_switch: prev_comm=swapper/1 prev_pid=0 prev_prio=120 prev_state=R ==> next_comm=JDWP next_pid=4884 next_prio=120
         mmcqd/1-117   [000] ...2   283.095770: sched_switch: prev_comm=mmcqd/1 prev_pid=117 prev_prio=120 prev_state=S ==> next_comm=swapper/0 next_pid=0 next_prio=120
           <...>-4884  [001] d..2   283.095838: block_rq_insert: 179,0 R 0 () 4025256 + 24 [JDWP]
           <...>-4884  [001] ...2   283.095852: sched_switch: prev_comm=JDWP prev_pid=4884 prev_prio=120 prev_state=D|W ==> next_comm=swapper/1 next_pid=0 next_prio=120
          <idle>-0     [000] ...2   283.095853: sched_switch: prev_comm=swapper/0 prev_pid=0 prev_prio=120 prev_state=R ==> next_comm=mmcqd/1 next_pid=117 next_prio=120
         mmcqd/1-117   [000] ...2   283.095871: sched_switch: prev_comm=mmcqd/1 prev_pid=117 prev_prio=120 prev_state=S ==> next_comm=swapper/0 next_pid=0 next_prio=120
          <idle>-0     [000] ...2   283.096018: sched_switch: prev_comm=swapper/0 prev_pid=0 prev_prio=120 prev_state=R ==> next_comm=mmcqd/1 next_pid=117 next_prio=120
         mmcqd/1-117   [000] ...1   283.096041: block_rq_complete: 179,0 RA () 3992400 + 8 [0]
         mmcqd/1-117   [000] ...2   283.096052: sched_switch: prev_comm=mmcqd/1 prev_pid=117 prev_prio=120 prev_state=S ==> next_comm=swapper/0 next_pid=0 next_prio=120
          <idle>-0     [000] ...2   283.096368: sched_switch: prev_comm=swapper/0 prev_pid=0 prev_prio=120 prev_state=R ==> next_comm=mmcqd/1 next_pid=117 next_prio=120
         mmcqd/1-117   [000] ...1   283.096380: block_rq_complete: 179,0 RA () 4025256 + 24 [0]
          <idle>-0     [001] ...2   283.096392: sched_switch: prev_comm=swapper/1 prev_pid=0 prev_prio=120 prev_state=R ==> next_comm=JDWP next_pid=4884 next_prio=120
         mmcqd/1-117   [000] ...2   283.096397: sched_switch: prev_comm=mmcqd/1 prev_pid=117 prev_prio=120 prev_state=R+ ==> next_comm=kworker/0:2H next_pid=520 next_prio=100
    kworker/0:2H-520   [000] ...2   283.096404: sched_switch: prev_comm=kworker/0:2H prev_pid=520 prev_prio=100 prev_state=S ==> next_comm=mmcqd/1 next_pid=117 next_prio=120
           <...>-4884  [001] d..2   283.096460: block_rq_insert: 179,0 R 0 () 4028792 + 152 [JDWP]
           <...>-4884  [001] ...2   283.096472: sched_switch: prev_comm=JDWP prev_pid=4884 prev_prio=120 prev_state=D|W ==> next_comm=swapper/1 next_pid=0 next_prio=120
         mmcqd/1-117   [000] ...2   283.096477: sched_switch: prev_comm=mmcqd/1 prev_pid=117 prev_prio=120 prev_state=S ==> next_comm=swapper/0 next_pid=0 next_prio=120
          <idle>-0     [000] ...2   283.097186: sched_switch: prev_comm=swapper/0 prev_pid=0 prev_prio=120 prev_state=R ==> next_comm=mmcqd/1 next_pid=117 next_prio=120
         mmcqd/1-117   [000] ...1   283.097227: block_rq_complete: 179,0 RA () 4078544 + 88 [0]
         mmcqd/1-117   [000] ...2   283.097287: sched_switch: prev_comm=mmcqd/1 prev_pid=117 prev_prio=120 prev_state=S ==> next_comm=main next_pid=4873 next_prio=120
           <...>-4873  [000] d..2   283.097344: block_rq_insert: 179,0 R 0 () 4078128 + 8 [main]
           <...>-4873  [000] d..2   283.097350: block_rq_insert: 179,0 R 0 () 4078152 + 8 [main]
           <...>-4873  [000] d..2   283.097352: block_rq_insert: 179,0 R 0 () 4078176 + 24 [main]
           <...>-4873  [000] d..2   283.097354: block_rq_insert: 179,0 R 0 () 4078208 + 56 [main]
           <...>-4873  [000] ...2   283.097360: sched_switch: prev_comm=main prev_pid=4873 prev_prio=120 prev_state=D|W ==> next_comm=swapper/0 next_pid=0 next_prio=120
          <idle>-0     [000] ...2   283.097716: sched_switch: prev_comm=swapper/0 prev_pid=0 prev_prio=120 prev_state=R ==> next_comm=mmcqd/1 next_pid=117 next_prio=120
         mmcqd/1-117   [000] ...1   283.097751: block_rq_complete: 179,0 RA () 4078640 + 56 [0]
         mmcqd/1-117   [000] ...2   283.097771: sched_switch: prev_comm=mmcqd/1 prev_pid=117 prev_prio=120 prev_state=S ==> next_comm=swapper/0 next_pid=0 next_prio=120
          <idle>-0     [000] ...2   283.098761: sched_switch: prev_comm=swapper/0 prev_pid=0 prev_prio=120 prev_state=R ==> next_comm=mmcqd/1 next_pid=117 next_prio=120
         mmcqd/1-117   [000] ...1   283.098815: block_rq_complete: 179,0 RA () 4028792 + 152 [0]
          <idle>-0     [001] ...2   283.098830: sched_switch: prev_comm=swapper/1 prev_pid=0 prev_prio=120 prev_state=R ==> next_comm=JDWP next_pid=4884 next_prio=120
         mmcqd/1-117   [000] ...2   283.098841: sched_switch: prev_comm=mmcqd/1 prev_pid=117 prev_prio=120 prev_state=S ==> next_comm=swapper/0 next_pid=0 next_prio=120
           <...>-4884  [001] d..2   283.098907: block_rq_insert: 179,0 R 0 () 4077968 + 8 [JDWP]
           <...>-4884  [001] d..2   283.098910: block_rq_insert: 179,0 R 0 () 4078016 + 88 [JDWP]
           <...>-4884  [001] d..2   283.098912: block_rq_insert: 179,0 R 0 () 4078112 + 16 [JDWP]
           <...>-4884  [001] ...2   283.098921: sched_switch: prev_comm=JDWP prev_pid=4884 prev_prio=120 prev_state=D|W ==> next_comm=swapper/1 next_pid=0 next_prio=120
          <idle>-0     [000] ...2   283.099027: sched_switch: prev_comm=swapper/0 prev_pid=0 prev_prio=120 prev_state=R ==> next_comm=mmcqd/1 next_pid=117 next_prio=120
         mmcqd/1-117   [000] ...1   283.099051: block_rq_complete: 179,0 RA () 4078128 + 8 [0]
         mmcqd/1-117   [000] ...2   283.099073: sched_switch: prev_comm=mmcqd/1 prev_pid=117 prev_prio=120 prev_state=S ==> next_comm=swapper/0 next_pid=0 next_prio=120
          <idle>-0     [000] ...2   283.099316: sched_switch: prev_comm=swapper/0 prev_pid=0 prev_prio=120 prev_state=R ==> next_comm=mmcqd/1 next_pid=117 next_prio=120
         mmcqd/1-117   [000] ...1   283.099340: block_rq_complete: 179,0 RA () 4078152 + 8 [0]
         mmcqd/1-117   [000] ...2   283.099368: sched_switch: prev_comm=mmcqd/1 prev_pid=117 prev_prio=120 prev_state=S ==> next_comm=swapper/0 next_pid=0 next_prio=120
          <idle>-0     [000] ...2   283.099675: sched_switch: prev_comm=swapper/0 prev_pid=0 prev_prio=120 prev_state=R ==> next_comm=mmcqd/1 next_pid=117 next_prio=120
         mmcqd/1-117   [000] ...1   283.099703: block_rq_complete: 179,0 RA () 4078176 + 24 [0]
         mmcqd/1-117   [000] ...2   283.099724: sched_switch: prev_comm=mmcqd/1 prev_pid=117 prev_prio=120 prev_state=S ==> next_comm=swapper/0 next_pid=0 next_prio=120
          <idle>-0     [000] ...2   283.100188: sched_switch: prev_comm=swapper/0 prev_pid=0 prev_prio=120 prev_state=R ==> next_comm=mmcqd/1 next_pid=117 next_prio=120
         mmcqd/1-117   [000] ...1   283.100222: block_rq_complete: 179,0 RA () 4078208 + 56 [0]
         mmcqd/1-117   [000] ...2   283.100263: sched_switch: prev_comm=mmcqd/1 prev_pid=117 prev_prio=120 prev_state=S ==> next_comm=main next_pid=4873 next_prio=120
           <...>-4873  [000] ...2   283.100389: sched_switch: prev_comm=main prev_pid=4873 prev_prio=120 prev_state=D|W ==> next_comm=swapper/0 next_pid=0 next_prio=120
          <idle>-0     [000] ...2   283.100487: sched_switch: prev_comm=swapper/0 prev_pid=0 prev_prio=120 prev_state=R ==> next_comm=mmcqd/1 next_pid=117 next_prio=120
         mmcqd/1-117   [000] ...1   283.100514: block_rq_complete: 179,0 RA () 4078112 + 16 [0]
         mmcqd/1-117   [000] ...2   283.100532: sched_switch: prev_comm=mmcqd/1 prev_pid=117 prev_prio=120 prev_state=S ==> next_comm=swapper/0 next_pid=0 next_prio=120
          <idle>-0     [000] ...2   283.101249: sched_switch: prev_comm=swapper/0 prev_pid=0 prev_prio=120 prev_state=R ==> next_comm=mmcqd/1 next_pid=117 next_prio=120
         mmcqd/1-117   [000] ...1   283.101289: block_rq_complete: 179,0 RA () 4078016 + 88 [0]
          <idle>-0     [001] ...2   283.101306: sched_switch: prev_comm=swapper/1 prev_pid=0 prev_prio=120 prev_state=R ==> next_comm=JDWP next_pid=4884 next_prio=120
         mmcqd/1-117   [000] ...2   283.101309: sched_switch: prev_comm=mmcqd/1 prev_pid=117 prev_prio=120 prev_state=S ==> next_comm=main next_pid=4873 next_prio=120
           <...>-4884  [001] ...2   283.101411: sched_switch: prev_comm=JDWP prev_pid=4884 prev_prio=120 prev_state=S ==> next_comm=swapper/1 next_pid=0 next_prio=120
           <...>-4873  [000] d..2   283.101439: block_rq_insert: 179,0 R 0 () 3994040 + 136 [main]
           <...>-4873  [000] ...2   283.101452: sched_switch: prev_comm=main prev_pid=4873 prev_prio=120 prev_state=R+ ==> next_comm=mmcqd/1 next_pid=117 next_prio=120
         mmcqd/1-117   [000] ...1   283.101528: block_rq_complete: 179,0 RA () 4077968 + 8 [0]
         mmcqd/1-117   [000] ...2   283.101540: sched_switch: prev_comm=mmcqd/1 prev_pid=117 prev_prio=120 prev_state=S ==> next_comm=main next_pid=4873 next_prio=120
           <...>-4873  [000] ...2   283.101545: sched_switch: prev_comm=main prev_pid=4873 prev_prio=120 prev_state=D|W ==> next_comm=swapper/0 next_pid=0 next_prio=120
          <idle>-0     [001] ...2   283.101987: sched_switch: prev_comm=swapper/1 prev_pid=0 prev_prio=120 prev_state=R ==> next_comm=ksoftirqd/1 next_pid=4866 next_prio=120
           <...>-4866  [001] ...2   283.102001: sched_switch: prev_comm=ksoftirqd/1 prev_pid=4866 prev_prio=120 prev_state=S ==> next_comm=swapper/1 next_pid=0 next_prio=120
          <idle>-0     [001] ...2   283.102015: sched_switch: prev_comm=swapper/1 prev_pid=0 prev_prio=120 prev_state=R ==> next_comm=ksoftirqd/1 next_pid=4866 next_prio=120
           <...>-4866  [001] ...2   283.102025: sched_switch: prev_comm=ksoftirqd/1 prev_pid=4866 prev_prio=120 prev_state=S ==> next_comm=swapper/1 next_pid=0 next_prio=120
          <idle>-0     [001] ...2   283.102037: sched_switch: prev_comm=swapper/1 prev_pid=0 prev_prio=120 prev_state=R ==> next_comm=ksoftirqd/1 next_pid=4866 next_prio=120
           <...>-4866  [001] ...2   283.102045: sched_switch: prev_comm=ksoftirqd/1 prev_pid=4866 prev_prio=120 prev_state=S ==> next_comm=swapper/1 next_pid=0 next_prio=120
          <idle>-0     [001] ...2   283.102059: sched_switch: prev_comm=swapper/1 prev_pid=0 prev_prio=120 prev_state=R ==> next_comm=ksoftirqd/1 next_pid=4866 next_prio=120
           <...>-4866  [001] ...2   283.102066: sched_switch: prev_comm=ksoftirqd/1 prev_pid=4866 prev_prio=120 prev_state=S ==> next_comm=swapper/1 next_pid=0 next_prio=120
          <idle>-0     [001] ...2   283.102078: sched_switch: prev_comm=swapper/1 prev_pid=0 prev_prio=120 prev_state=R ==> next_comm=ksoftirqd/1 next_pid=4866 next_prio=120
           <...>-4866  [001] ...2   283.102087: sched_switch: prev_comm=ksoftirqd/1 prev_pid=4866 prev_prio=120 prev_state=S ==> next_comm=swapper/1 next_pid=0 next_prio=120
          <idle>-0     [000] ...2   283.102478: sched_switch: prev_comm=swapper/0 prev_pid=0 prev_prio=120 prev_state=R ==> next_comm=mmcqd/1 next_pid=117 next_prio=120
         mmcqd/1-117   [000] ...1   283.102511: block_rq_complete: 179,0 RA () 3994040 + 136 [0]
         mmcqd/1-117   [000] ...2   283.102531: sched_switch: prev_comm=mmcqd/1 prev_pid=117 prev_prio=120 prev_state=R+ ==> next_comm=kworker/0:2H next_pid=520 next_prio=100
    kworker/0:2H-520   [000] ...2   283.102538: sched_switch: prev_comm=kworker/0:2H prev_pid=520 prev_prio=100 prev_state=S ==> next_comm=mmcqd/1 next_pid=117 next_prio=120
         mmcqd/1-117   [000] ...2   283.102548: sched_switch: prev_comm=mmcqd/1 prev_pid=117 prev_prio=120 prev_state=S ==> next_comm=main next_pid=4873 next_prio=120
          <idle>-0     [001] ...2   283.102660: sched_switch: prev_comm=swapper/1 prev_pid=0 prev_prio=120 prev_state=R ==> next_comm=JDWP next_pid=4884 next_prio=120
           <...>-4873  [000] ...2   283.102781: sched_switch: prev_comm=main prev_pid=4873 prev_prio=120 prev_state=S ==> next_comm=swapper/0 next_pid=0 next_prio=120
           <...>-4884  [001] d..2   283.102796: block_rq_insert: 179,0 R 0 () 4009736 + 8 [JDWP]
           <...>-4884  [001] d..2   283.102805: block_rq_insert: 179,0 R 0 () 4009824 + 8 [JDWP]
           <...>-4884  [001] d..2   283.102808: block_rq_insert: 179,0 R 0 () 4009864 + 8 [JDWP]
          <idle>-0     [000] ...2   283.102813: sched_switch: prev_comm=swapper/0 prev_pid=0 prev_prio=120 prev_state=R ==> next_comm=mmcqd/1 next_pid=117 next_prio=120
           <...>-4884  [001] ...2   283.102816: sched_switch: prev_comm=JDWP prev_pid=4884 prev_prio=120 prev_state=D|W ==> next_comm=swapper/1 next_pid=0 next_prio=120
         mmcqd/1-117   [000] ...2   283.102857: sched_switch: prev_comm=mmcqd/1 prev_pid=117 prev_prio=120 prev_state=S ==> next_comm=swapper/0 next_pid=0 next_prio=120
          <idle>-0     [000] ...2   283.103086: sched_switch: prev_comm=swapper/0 prev_pid=0 prev_prio=120 prev_state=R ==> next_comm=mmcqd/1 next_pid=117 next_prio=120
         mmcqd/1-117   [000] ...1   283.103110: block_rq_complete: 179,0 RA () 4009736 + 8 [0]
         mmcqd/1-117   [000] ...2   283.103128: sched_switch: prev_comm=mmcqd/1 prev_pid=117 prev_prio=120 prev_state=S ==> next_comm=swapper/0 next_pid=0 next_prio=120
          <idle>-0     [000] ...2   283.103381: sched_switch: prev_comm=swapper/0 prev_pid=0 prev_prio=120 prev_state=R ==> next_comm=mmcqd/1 next_pid=117 next_prio=120
         mmcqd/1-117   [000] ...1   283.103405: block_rq_complete: 179,0 RA () 4009824 + 8 [0]
          <idle>-0     [001] ...2   283.103419: sched_switch: prev_comm=swapper/1 prev_pid=0 prev_prio=120 prev_state=R ==> next_comm=JDWP next_pid=4884 next_prio=120
         mmcqd/1-117   [000] ...2   283.103420: sched_switch: prev_comm=mmcqd/1 prev_pid=117 prev_prio=120 prev_state=S ==> next_comm=swapper/0 next_pid=0 next_prio=120
          <idle>-0     [000] ...2   283.103477: sched_switch: prev_comm=swapper/0 prev_pid=0 prev_prio=120 prev_state=R ==> next_comm=main next_pid=4873 next_prio=120
           <...>-4884  [001] ...2   283.103495: sched_switch: prev_comm=JDWP prev_pid=4884 prev_prio=120 prev_state=S ==> next_comm=swapper/1 next_pid=0 next_prio=120
          <idle>-0     [001] ...2   283.103516: sched_switch: prev_comm=swapper/1 prev_pid=0 prev_prio=120 prev_state=R ==> next_comm=JDWP next_pid=4884 next_prio=120
           <...>-4873  [000] ...2   283.103558: sched_switch: prev_comm=main prev_pid=4873 prev_prio=120 prev_state=S ==> next_comm=swapper/0 next_pid=0 next_prio=120
           <...>-4884  [001] d..2   283.103602: block_rq_insert: 179,0 R 0 () 4010144 + 96 [JDWP]
           <...>-4884  [001] d..2   283.103605: block_rq_insert: 179,0 R 0 () 4010264 + 48 [JDWP]
           <...>-4884  [001] d..2   283.103606: block_rq_insert: 179,0 R 0 () 4010336 + 24 [JDWP]
           <...>-4884  [001] ...2   283.103617: sched_switch: prev_comm=JDWP prev_pid=4884 prev_prio=120 prev_state=D|W ==> next_comm=swapper/1 next_pid=0 next_prio=120
          <idle>-0     [000] ...2   283.103621: sched_switch: prev_comm=swapper/0 prev_pid=0 prev_prio=120 prev_state=R ==> next_comm=mmcqd/1 next_pid=117 next_prio=120
         mmcqd/1-117   [000] ...1   283.103688: block_rq_complete: 179,0 RA () 4009864 + 8 [0]
         mmcqd/1-117   [000] ...2   283.103715: sched_switch: prev_comm=mmcqd/1 prev_pid=117 prev_prio=120 prev_state=S ==> next_comm=swapper/0 next_pid=0 next_prio=120
          <idle>-0     [000] ...2   283.104334: sched_switch: prev_comm=swapper/0 prev_pid=0 prev_prio=120 prev_state=R ==> next_comm=mmcqd/1 next_pid=117 next_prio=120
         mmcqd/1-117   [000] ...1   283.104376: block_rq_complete: 179,0 RA () 4010144 + 96 [0]
         mmcqd/1-117   [000] ...2   283.104400: sched_switch: prev_comm=mmcqd/1 prev_pid=117 prev_prio=120 prev_state=S ==> next_comm=swapper/0 next_pid=0 next_prio=120
          <idle>-0     [000] ...2   283.104822: sched_switch: prev_comm=swapper/0 prev_pid=0 prev_prio=120 prev_state=R ==> next_comm=mmcqd/1 next_pid=117 next_prio=120
         mmcqd/1-117   [000] ...1   283.104855: block_rq_complete: 179,0 RA () 4010264 + 48 [0]
          <idle>-0     [001] ...2   283.104869: sched_switch: prev_comm=swapper/1 prev_pid=0 prev_prio=120 prev_state=R ==> next_comm=JDWP next_pid=4884 next_prio=120
         mmcqd/1-117   [000] ...2   283.104871: sched_switch: prev_comm=mmcqd/1 prev_pid=117 prev_prio=120 prev_state=S ==> next_comm=swapper/0 next_pid=0 next_prio=120
           <...>-4884  [001] ...2   283.104881: sched_switch: prev_comm=JDWP prev_pid=4884 prev_prio=120 prev_state=D|W ==> next_comm=swapper/1 next_pid=0 next_prio=120
          <idle>-0     [000] ...2   283.105172: sched_switch: prev_comm=swapper/0 prev_pid=0 prev_prio=120 prev_state=R ==> next_comm=mmcqd/1 next_pid=117 next_prio=120
         mmcqd/1-117   [000] ...1   283.105185: block_rq_complete: 179,0 RA () 4010336 + 24 [0]
          <idle>-0     [001] ...2   283.105198: sched_switch: prev_comm=swapper/1 prev_pid=0 prev_prio=120 prev_state=R ==> next_comm=JDWP next_pid=4884 next_prio=120
         mmcqd/1-117   [000] ...2   283.105202: sched_switch: prev_comm=mmcqd/1 prev_pid=117 prev_prio=120 prev_state=R+ ==> next_comm=kworker/0:2H next_pid=520 next_prio=100
    kworker/0:2H-520   [000] ...2   283.105208: sched_switch: prev_comm=kworker/0:2H prev_pid=520 prev_prio=100 prev_state=S ==> next_comm=mmcqd/1 next_pid=117 next_prio=120
         mmcqd/1-117   [000] ...2   283.105216: sched_switch: prev_comm=mmcqd/1 prev_pid=117 prev_prio=120 prev_state=S ==> next_comm=swapper/0 next_pid=0 next_prio=120
           <...>-4884  [001] d..2   283.105246: block_rq_insert: 179,0 R 0 () 4020448 + 16 [JDWP]
           <...>-4884  [001] d..2   283.105249: block_rq_insert: 179,0 R 0 () 4020472 + 40 [JDWP]
           <...>-4884  [001] d..2   283.105250: block_rq_insert: 179,0 R 0 () 4020544 + 8 [JDWP]
           <...>-4884  [001] d..2   283.105252: block_rq_insert: 179,0 R 0 () 4020560 + 24 [JDWP]
           <...>-4884  [001] ...2   283.105264: sched_switch: prev_comm=JDWP prev_pid=4884 prev_prio=120 prev_state=D|W ==> next_comm=swapper/1 next_pid=0 next_prio=120
          <idle>-0     [000] ...2   283.105265: sched_switch: prev_comm=swapper/0 prev_pid=0 prev_prio=120 prev_state=R ==> next_comm=mmcqd/1 next_pid=117 next_prio=120
         mmcqd/1-117   [000] ...2   283.105317: sched_switch: prev_comm=mmcqd/1 prev_pid=117 prev_prio=120 prev_state=S ==> next_comm=swapper/0 next_pid=0 next_prio=120
          <idle>-0     [000] ...2   283.105585: sched_switch: prev_comm=swapper/0 prev_pid=0 prev_prio=120 prev_state=R ==> next_comm=mmcqd/1 next_pid=117 next_prio=120
         mmcqd/1-117   [000] ...1   283.105611: block_rq_complete: 179,0 RA () 4020448 + 16 [0]
         mmcqd/1-117   [000] ...2   283.105629: sched_switch: prev_comm=mmcqd/1 prev_pid=117 prev_prio=120 prev_state=S ==> next_comm=swapper/0 next_pid=0 next_prio=120
          <idle>-0     [000] ...2   283.106166: sched_switch: prev_comm=swapper/0 prev_pid=0 prev_prio=120 prev_state=R ==> next_comm=mmcqd/1 next_pid=117 next_prio=120
         mmcqd/1-117   [000] ...1   283.106196: block_rq_complete: 179,0 RA () 4020472 + 40 [0]
         mmcqd/1-117   [000] ...2   283.106219: sched_switch: prev_comm=mmcqd/1 prev_pid=117 prev_prio=120 prev_state=S ==> next_comm=swapper/0 next_pid=0 next_prio=120
          <idle>-0     [000] ...2   283.106447: sched_switch: prev_comm=swapper/0 prev_pid=0 prev_prio=120 prev_state=R ==> next_comm=mmcqd/1 next_pid=117 next_prio=120
         mmcqd/1-117   [000] ...1   283.106471: block_rq_complete: 179,0 RA () 4020544 + 8 [0]
         mmcqd/1-117   [000] ...2   283.106482: sched_switch: prev_comm=mmcqd/1 prev_pid=117 prev_prio=120 prev_state=S ==> next_comm=swapper/0 next_pid=0 next_prio=120
          <idle>-0     [000] ...2   283.106847: sched_switch: prev_comm=swapper/0 prev_pid=0 prev_prio=120 prev_state=R ==> next_comm=mmcqd/1 next_pid=117 next_prio=120
         mmcqd/1-117   [000] ...1   283.106859: block_rq_complete: 179,0 RA () 4020560 + 24 [0]
          <idle>-0     [001] ...2   283.106872: sched_switch: prev_comm=swapper/1 prev_pid=0 prev_prio=120 prev_state=R ==> next_comm=JDWP next_pid=4884 next_prio=120
         mmcqd/1-117   [000] ...2   283.106876: sched_switch: prev_comm=mmcqd/1 prev_pid=117 prev_prio=120 prev_state=R+ ==> next_comm=kworker/0:2H next_pid=520 next_prio=100
    kworker/0:2H-520   [000] ...2   283.106882: sched_switch: prev_comm=kworker/0:2H prev_pid=520 prev_prio=100 prev_state=S ==> next_comm=mmcqd/1 next_pid=117 next_prio=120
         mmcqd/1-117   [000] ...2   283.106890: sched_switch: prev_comm=mmcqd/1 prev_pid=117 prev_prio=120 prev_state=S ==> next_comm=swapper/0 next_pid=0 next_prio=120
          <idle>-0     [000] ...2   283.106929: sched_switch: prev_comm=swapper/0 prev_pid=0 prev_prio=120 prev_state=R ==> next_comm=main next_pid=4873 next_prio=120
           <...>-4884  [001] ...2   283.106954: sched_switch: prev_comm=JDWP prev_pid=4884 prev_prio=120 prev_state=S ==> next_comm=swapper/1 next_pid=0 next_prio=120
          <idle>-0     [001] ...2   283.106965: sched_switch: prev_comm=swapper/1 prev_pid=0 prev_prio=120 prev_state=R ==> next_comm=JDWP next_pid=4884 next_prio=120
           <...>-4873  [000] ...2   283.106991: sched_switch: prev_comm=main prev_pid=4873 prev_prio=120 prev_state=S ==> next_comm=swapper/0 next_pid=0 next_prio=120
           <...>-4884  [001] d..2   283.107061: block_rq_insert: 179,0 R 0 () 4079416 + 48 [JDWP]
           <...>-4884  [001] d..2   283.107063: block_rq_insert: 179,0 R 0 () 4079480 + 24 [JDWP]
           <...>-4884  [001] d..2   283.107065: block_rq_insert: 179,0 R 0 () 4079512 + 72 [JDWP]
           <...>-4884  [001] d..2   283.107066: block_rq_insert: 179,0 R 0 () 4079600 + 16 [JDWP]
           <...>-4884  [001] d..2   283.107068: block_rq_insert: 179,0 R 0 () 4079632 + 16 [JDWP]
           <...>-4884  [001] d..2   283.107069: block_rq_insert: 179,0 R 0 () 4079656 + 16 [JDWP]
           <...>-4884  [001] ...2   283.107082: sched_switch: prev_comm=JDWP prev_pid=4884 prev_prio=120 prev_state=D|W ==> next_comm=swapper/1 next_pid=0 next_prio=120
          <idle>-0     [000] ...2   283.107084: sched_switch: prev_comm=swapper/0 prev_pid=0 prev_prio=120 prev_state=R ==> next_comm=mmcqd/1 next_pid=117 next_prio=120
         mmcqd/1-117   [000] ...2   283.107139: sched_switch: prev_comm=mmcqd/1 prev_pid=117 prev_prio=120 prev_state=S ==> next_comm=swapper/0 next_pid=0 next_prio=120
          <idle>-0     [000] ...2   283.107599: sched_switch: prev_comm=swapper/0 prev_pid=0 prev_prio=120 prev_state=R ==> next_comm=mmcqd/1 next_pid=117 next_prio=120
         mmcqd/1-117   [000] ...1   283.107632: block_rq_complete: 179,0 RA () 4079416 + 48 [0]
         mmcqd/1-117   [000] ...2   283.107666: sched_switch: prev_comm=mmcqd/1 prev_pid=117 prev_prio=120 prev_state=S ==> next_comm=swapper/0 next_pid=0 next_prio=120
          <idle>-0     [000] ...2   283.107995: sched_switch: prev_comm=swapper/0 prev_pid=0 prev_prio=120 prev_state=R ==> next_comm=mmcqd/1 next_pid=117 next_prio=120
         mmcqd/1-117   [000] ...1   283.108022: block_rq_complete: 179,0 RA () 4079480 + 24 [0]
         mmcqd/1-117   [000] ...2   283.108042: sched_switch: prev_comm=mmcqd/1 prev_pid=117 prev_prio=120 prev_state=S ==> next_comm=swapper/0 next_pid=0 next_prio=120
          <idle>-0     [000] ...2   283.108580: sched_switch: prev_comm=swapper/0 prev_pid=0 prev_prio=120 prev_state=R ==> next_comm=mmcqd/1 next_pid=117 next_prio=120
         mmcqd/1-117   [000] ...1   283.108617: block_rq_complete: 179,0 RA () 4079512 + 72 [0]
          <idle>-0     [001] ...2   283.108632: sched_switch: prev_comm=swapper/1 prev_pid=0 prev_prio=120 prev_state=R ==> next_comm=JDWP next_pid=4884 next_prio=120
         mmcqd/1-117   [000] ...2   283.108642: sched_switch: prev_comm=mmcqd/1 prev_pid=117 prev_prio=120 prev_state=S ==> next_comm=swapper/0 next_pid=0 next_prio=120
          <idle>-0     [000] ...2   283.108662: sched_switch: prev_comm=swapper/0 prev_pid=0 prev_prio=120 prev_state=R ==> next_comm=main next_pid=4873 next_prio=120
           <...>-4884  [001] ...2   283.108678: sched_switch: prev_comm=JDWP prev_pid=4884 prev_prio=120 prev_state=S ==> next_comm=swapper/1 next_pid=0 next_prio=120
          <idle>-0     [001] ...2   283.108702: sched_switch: prev_comm=swapper/1 prev_pid=0 prev_prio=120 prev_state=R ==> next_comm=JDWP next_pid=4884 next_prio=120
           <...>-4884  [001] ...2   283.108764: sched_switch: prev_comm=JDWP prev_pid=4884 prev_prio=120 prev_state=S ==> next_comm=swapper/1 next_pid=0 next_prio=120
          <idle>-0     [001] ...2   283.108782: sched_switch: prev_comm=swapper/1 prev_pid=0 prev_prio=120 prev_state=R ==> next_comm=JDWP next_pid=4884 next_prio=120
           <...>-4873  [000] ...2   283.108804: sched_switch: prev_comm=main prev_pid=4873 prev_prio=120 prev_state=S ==> next_comm=swapper/0 next_pid=0 next_prio=120
           <...>-4884  [001] ...2   283.108824: sched_switch: prev_comm=JDWP prev_pid=4884 prev_prio=120 prev_state=D|W ==> next_comm=swapper/1 next_pid=0 next_prio=120
          <idle>-0     [000] ...2   283.108883: sched_switch: prev_comm=swapper/0 prev_pid=0 prev_prio=120 prev_state=R ==> next_comm=mmcqd/1 next_pid=117 next_prio=120
         mmcqd/1-117   [000] ...1   283.108910: block_rq_complete: 179,0 RA () 4079600 + 16 [0]
         mmcqd/1-117   [000] ...2   283.108931: sched_switch: prev_comm=mmcqd/1 prev_pid=117 prev_prio=120 prev_state=S ==> next_comm=swapper/0 next_pid=0 next_prio=120
          <idle>-0     [000] ...2   283.109193: sched_switch: prev_comm=swapper/0 prev_pid=0 prev_prio=120 prev_state=R ==> next_comm=mmcqd/1 next_pid=117 next_prio=120
         mmcqd/1-117   [000] ...1   283.109219: block_rq_complete: 179,0 RA () 4079632 + 16 [0]
          <idle>-0     [001] ...2   283.109233: sched_switch: prev_comm=swapper/1 prev_pid=0 prev_prio=120 prev_state=R ==> next_comm=JDWP next_pid=4884 next_prio=120
         mmcqd/1-117   [000] ...2   283.109234: sched_switch: prev_comm=mmcqd/1 prev_pid=117 prev_prio=120 prev_state=S ==> next_comm=swapper/0 next_pid=0 next_prio=120
          <idle>-0     [000] ...2   283.109258: sched_switch: prev_comm=swapper/0 prev_pid=0 prev_prio=120 prev_state=R ==> next_comm=main next_pid=4873 next_prio=120
           <...>-4873  [000] ...2   283.109319: sched_switch: prev_comm=main prev_pid=4873 prev_prio=120 prev_state=D|W ==> next_comm=swapper/0 next_pid=0 next_prio=120
           <...>-4884  [001] d..2   283.109326: block_rq_insert: 179,0 R 0 () 4078736 + 8 [JDWP]
           <...>-4884  [001] d..2   283.109330: block_rq_insert: 179,0 R 0 () 4078752 + 8 [JDWP]
