          <idle>-0     [001] ...2   282.983762: sched_switch: prev_comm=swapper/1 prev_pid=0 prev_prio=120 prev_state=R ==> next_comm=app_process next_pid=4873 next_prio=120
         mmcqd/1-117   [000] ...2   282.983773: sched_switch: prev_comm=mmcqd/1 prev_pid=117 prev_prio=120 prev_state=R+ ==> next_comm=kworker/0:2H next_pid=520 next_prio=100
    kworker/0:2H-520   [000] ...2   282.983783: sched_switch: prev_comm=kworker/0:2H prev_pid=520 prev_prio=100 prev_state=S ==> next_comm=mmcqd/1 next_pid=117 next_prio=120
         mmcqd/1-117   [000] ...2   282.983796: sched_switch: prev_comm=mmcqd/1 prev_pid=117 prev_prio=120 prev_state=S ==> next_comm=swapper/0 next_pid=0 next_prio=120
           <...>-4873  [001] d..2   282.983860: block_rq_insert: 179,0 R 0 () 804512 + 32 [app_process]
           <...>-4873  [001] ...2   282.983872: sched_switch: prev_comm=app_process prev_pid=4873 prev_prio=120 prev_state=D|W ==> next_comm=swapper/1 next_pid=0 next_prio=120
          <idle>-0     [000] ...2   282.983879: sched_switch: prev_comm=swapper/0 prev_pid=0 prev_prio=120 prev_state=R ==> next_comm=mmcqd/1 next_pid=117 next_prio=120
         mmcqd/1-117   [000] ...2   282.983935: sched_switch: prev_comm=mmcqd/1 prev_pid=117 prev_prio=120 prev_state=S ==> next_comm=swapper/0 next_pid=0 next_prio=120
          <idle>-0     [000] ...2   282.984285: sched_switch: prev_comm=swapper/0 prev_pid=0 prev_prio=120 prev_state=R ==> next_comm=mmcqd/1 next_pid=117 next_prio=120
         mmcqd/1-117   [000] ...1   282.984306: block_rq_complete: 179,0 RA () 804512 + 32 [0]
          <idle>-0     [001] ...2   282.984321: sched_switch: prev_comm=swapper/1 prev_pid=0 prev_prio=120 prev_state=R ==> next_comm=app_process next_pid=4873 next_prio=120
         mmcqd/1-117   [000] ...2   282.984331: sched_switch: prev_comm=mmcqd/1 prev_pid=117 prev_prio=120 prev_state=R+ ==> next_comm=kworker/0:2H next_pid=520 next_prio=100
    kworker/0:2H-520   [000] ...2   282.984341: sched_switch: prev_comm=kworker/0:2H prev_pid=520 prev_prio=100 prev_state=S ==> next_comm=mmcqd/1 next_pid=117 next_prio=120
         mmcqd/1-117   [000] ...2   282.984352: sched_switch: prev_comm=mmcqd/1 prev_pid=117 prev_prio=120 prev_state=S ==> next_comm=swapper/0 next_pid=0 next_prio=120
           <...>-4873  [001] d..2   282.984360: block_rq_insert: 179,0 R 0 () 805240 + 136 [app_process]
           <...>-4873  [001] ...2   282.984370: sched_switch: prev_comm=app_process prev_pid=4873 prev_prio=120 prev_state=D|W ==> next_comm=swapper/1 next_pid=0 next_prio=120
          <idle>-0     [000] ...2   282.984379: sched_switch: prev_comm=swapper/0 prev_pid=0 prev_prio=120 prev_state=R ==> next_comm=mmcqd/1 next_pid=117 next_prio=120
         mmcqd/1-117   [000] ...2   282.984472: sched_switch: prev_comm=mmcqd/1 prev_pid=117 prev_prio=120 prev_state=S ==> next_comm=swapper/0 next_pid=0 next_prio=120
          <idle>-0     [000] ...2   282.985343: sched_switch: prev_comm=swapper/0 prev_pid=0 prev_prio=120 prev_state=R ==> next_comm=mmcqd/1 next_pid=117 next_prio=120
         mmcqd/1-117   [000] ...1   282.985394: block_rq_complete: 179,0 RA () 805240 + 136 [0]
          <idle>-0     [001] ...2   282.985414: sched_switch: prev_comm=swapper/1 prev_pid=0 prev_prio=120 prev_state=R ==> next_comm=app_process next_pid=4873 next_prio=120
         mmcqd/1-117   [000] ...2   282.985424: sched_switch: prev_comm=mmcqd/1 prev_pid=117 prev_prio=120 prev_state=R+ ==> next_comm=kworker/0:2H next_pid=520 next_prio=100
    kworker/0:2H-520   [000] ...2   282.985434: sched_switch: prev_comm=kworker/0:2H prev_pid=520 prev_prio=100 prev_state=S ==> next_comm=mmcqd/1 next_pid=117 next_prio=120
         mmcqd/1-117   [000] ...2   282.985447: sched_switch: prev_comm=mmcqd/1 prev_pid=117 prev_prio=120 prev_state=S ==> next_comm=swapper/0 next_pid=0 next_prio=120
           <...>-4873  [001] d..2   282.985674: block_rq_insert: 179,0 R 0 () 808656 + 32 [app_process]
           <...>-4873  [001] ...2   282.985688: sched_switch: prev_comm=app_process prev_pid=4873 prev_prio=120 prev_state=D|W ==> next_comm=swapper/1 next_pid=0 next_prio=120
          <idle>-0     [000] ...2   282.985694: sched_switch: prev_comm=swapper/0 prev_pid=0 prev_prio=120 prev_state=R ==> next_comm=mmcqd/1 next_pid=117 next_prio=120
         mmcqd/1-117   [000] ...2   282.985752: sched_switch: prev_comm=mmcqd/1 prev_pid=117 prev_prio=120 prev_state=S ==> next_comm=swapper/0 next_pid=0 next_prio=120
          <idle>-0     [000] ...2   282.986148: sched_switch: prev_comm=swapper/0 prev_pid=0 prev_prio=120 prev_state=R ==> next_comm=mmcqd/1 next_pid=117 next_prio=120
         mmcqd/1-117   [000] ...1   282.986170: block_rq_complete: 179,0 RA () 808656 + 32 [0]
          <idle>-0     [001] ...2   282.986185: sched_switch: prev_comm=swapper/1 prev_pid=0 prev_prio=120 prev_state=R ==> next_comm=app_process next_pid=4873 next_prio=120
         mmcqd/1-117   [000] ...2   282.986195: sched_switch: prev_comm=mmcqd/1 prev_pid=117 prev_prio=120 prev_state=R+ ==> next_comm=kworker/0:2H next_pid=520 next_prio=100
    kworker/0:2H-520   [000] ...2   282.986205: sched_switch: prev_comm=kworker/0:2H prev_pid=520 prev_prio=100 prev_state=S ==> next_comm=mmcqd/1 next_pid=117 next_prio=120
         mmcqd/1-117   [000] ...2   282.986216: sched_switch: prev_comm=mmcqd/1 prev_pid=117 prev_prio=120 prev_state=S ==> next_comm=swapper/0 next_pid=0 next_prio=120
           <...>-4873  [001] d..2   282.986230: block_rq_insert: 179,0 R 0 () 812728 + 136 [app_process]
           <...>-4873  [001] ...2   282.986243: sched_switch: prev_comm=app_process prev_pid=4873 prev_prio=120 prev_state=D|W ==> next_comm=swapper/1 next_pid=0 next_prio=120
          <idle>-0     [000] ...2   282.986247: sched_switch: prev_comm=swapper/0 prev_pid=0 prev_prio=120 prev_state=R ==> next_comm=mmcqd/1 next_pid=117 next_prio=120
         mmcqd/1-117   [000] ...2   282.986340: sched_switch: prev_comm=mmcqd/1 prev_pid=117 prev_prio=120 prev_state=S ==> next_comm=swapper/0 next_pid=0 next_prio=120
          <idle>-0     [000] ...2   282.987296: sched_switch: prev_comm=swapper/0 prev_pid=0 prev_prio=120 prev_state=R ==> next_comm=mmcqd/1 next_pid=117 next_prio=120
         mmcqd/1-117   [000] ...1   282.987348: block_rq_complete: 179,0 RA () 812728 + 136 [0]
          <idle>-0     [001] ...2   282.987368: sched_switch: prev_comm=swapper/1 prev_pid=0 prev_prio=120 prev_state=R ==> next_comm=app_process next_pid=4873 next_prio=120
         mmcqd/1-117   [000] ...2   282.987380: sched_switch: prev_comm=mmcqd/1 prev_pid=117 prev_prio=120 prev_state=R+ ==> next_comm=kworker/0:2H next_pid=520 next_prio=100
    kworker/0:2H-520   [000] ...2   282.987391: sched_switch: prev_comm=kworker/0:2H prev_pid=520 prev_prio=100 prev_state=S ==> next_comm=mmcqd/1 next_pid=117 next_prio=120
         mmcqd/1-117   [000] ...2   282.987404: sched_switch: prev_comm=mmcqd/1 prev_pid=117 prev_prio=120 prev_state=S ==> next_comm=swapper/0 next_pid=0 next_prio=120
           <...>-4873  [001] d..2   282.987608: block_rq_insert: 179,0 R 0 () 812528 + 200 [app_process]
           <...>-4873  [001] ...2   282.987623: sched_switch: prev_comm=app_process prev_pid=4873 prev_prio=120 prev_state=D|W ==> next_comm=swapper/1 next_pid=0 next_prio=120
          <idle>-0     [000] ...2   282.987630: sched_switch: prev_comm=swapper/0 prev_pid=0 prev_prio=120 prev_state=R ==> next_comm=mmcqd/1 next_pid=117 next_prio=120
         mmcqd/1-117   [000] ...2   282.987747: sched_switch: prev_comm=mmcqd/1 prev_pid=117 prev_prio=120 prev_state=S ==> next_comm=swapper/0 next_pid=0 next_prio=120
          <idle>-0     [000] ...2   282.988990: sched_switch: prev_comm=swapper/0 prev_pid=0 prev_prio=120 prev_state=R ==> next_comm=mmcqd/1 next_pid=117 next_prio=120
         mmcqd/1-117   [000] ...1   282.989062: block_rq_complete: 179,0 RA () 812528 + 200 [0]
          <idle>-0     [001] ...2   282.989079: sched_switch: prev_comm=swapper/1 prev_pid=0 prev_prio=120 prev_state=R ==> next_comm=app_process next_pid=4873 next_prio=120
         mmcqd/1-117   [000] ...2   282.989095: sched_switch: prev_comm=mmcqd/1 prev_pid=117 prev_prio=120 prev_state=R+ ==> next_comm=kworker/0:2H next_pid=520 next_prio=100
    kworker/0:2H-520   [000] ...2   282.989105: sched_switch: prev_comm=kworker/0:2H prev_pid=520 prev_prio=100 prev_state=S ==> next_comm=mmcqd/1 next_pid=117 next_prio=120
         mmcqd/1-117   [000] ...2   282.989121: sched_switch: prev_comm=mmcqd/1 prev_pid=117 prev_prio=120 prev_state=S ==> next_comm=swapper/0 next_pid=0 next_prio=120
           <...>-4873  [001] d..2   282.989569: block_rq_insert: 179,0 R 0 () 853200 + 32 [app_process]
           <...>-4873  [001] ...2   282.989583: sched_switch: prev_comm=app_process prev_pid=4873 prev_prio=120 prev_state=D|W ==> next_comm=swapper/1 next_pid=0 next_prio=120
          <idle>-0     [000] ...2   282.989590: sched_switch: prev_comm=swapper/0 prev_pid=0 prev_prio=120 prev_state=R ==> next_comm=mmcqd/1 next_pid=117 next_prio=120
         mmcqd/1-117   [000] ...2   282.989648: sched_switch: prev_comm=mmcqd/1 prev_pid=117 prev_prio=120 prev_state=S ==> next_comm=swapper/0 next_pid=0 next_prio=120
          <idle>-0     [000] ...2   282.990042: sched_switch: prev_comm=swapper/0 prev_pid=0 prev_prio=120 prev_state=R ==> next_comm=mmcqd/1 next_pid=117 next_prio=120
         mmcqd/1-117   [000] ...1   282.990063: block_rq_complete: 179,0 RA () 853200 + 32 [0]
          <idle>-0     [001] ...2   282.990079: sched_switch: prev_comm=swapper/1 prev_pid=0 prev_prio=120 prev_state=R ==> next_comm=app_process next_pid=4873 next_prio=120
         mmcqd/1-117   [000] ...2   282.990090: sched_switch: prev_comm=mmcqd/1 prev_pid=117 prev_prio=120 prev_state=R+ ==> next_comm=kworker/0:2H next_pid=520 next_prio=100
    kworker/0:2H-520   [000] ...2   282.990099: sched_switch: prev_comm=kworker/0:2H prev_pid=520 prev_prio=100 prev_state=S ==> next_comm=mmcqd/1 next_pid=117 next_prio=120
         mmcqd/1-117   [000] ...2   282.990113: sched_switch: prev_comm=mmcqd/1 prev_pid=117 prev_prio=120 prev_state=S ==> next_comm=swapper/0 next_pid=0 next_prio=120
           <...>-4873  [001] d..2   282.990118: block_rq_insert: 179,0 R 0 () 863504 + 136 [app_process]
           <...>-4873  [001] ...2   282.990129: sched_switch: prev_comm=app_process prev_pid=4873 prev_prio=120 prev_state=D|W ==> next_comm=swapper/1 next_pid=0 next_prio=120
          <idle>-0     [000] ...2   282.990140: sched_switch: prev_comm=swapper/0 prev_pid=0 prev_prio=120 prev_state=R ==> next_comm=mmcqd/1 next_pid=117 next_prio=120
         mmcqd/1-117   [000] ...2   282.990235: sched_switch: prev_comm=mmcqd/1 prev_pid=117 prev_prio=120 prev_state=S ==> next_comm=swapper/0 next_pid=0 next_prio=120
          <idle>-0     [000] ...2   282.991109: sched_switch: prev_comm=swapper/0 prev_pid=0 prev_prio=120 prev_state=R ==> next_comm=mmcqd/1 next_pid=117 next_prio=120
         mmcqd/1-117   [000] ...1   282.991160: block_rq_complete: 179,0 RA () 863504 + 136 [0]
          <idle>-0     [001] ...2   282.991179: sched_switch: prev_comm=swapper/1 prev_pid=0 prev_prio=120 prev_state=R ==> next_comm=app_process next_pid=4873 next_prio=120
         mmcqd/1-117   [000] ...2   282.991189: sched_switch: prev_comm=mmcqd/1 prev_pid=117 prev_prio=120 prev_state=R+ ==> next_comm=kworker/0:2H next_pid=520 next_prio=100
    kworker/0:2H-520   [000] ...2   282.991199: sched_switch: prev_comm=kworker/0:2H prev_pid=520 prev_prio=100 prev_state=S ==> next_comm=mmcqd/1 next_pid=117 next_prio=120
         mmcqd/1-117   [000] ...2   282.991215: sched_switch: prev_comm=mmcqd/1 prev_pid=117 prev_prio=120 prev_state=S ==> next_comm=swapper/0 next_pid=0 next_prio=120
           <...>-4873  [001] d..2   282.991439: block_rq_insert: 179,0 R 0 () 855992 + 32 [app_process]
           <...>-4873  [001] ...2   282.991452: sched_switch: prev_comm=app_process prev_pid=4873 prev_prio=120 prev_state=D|W ==> next_comm=swapper/1 next_pid=0 next_prio=120
          <idle>-0     [000] ...2   282.991459: sched_switch: prev_comm=swapper/0 prev_pid=0 prev_prio=120 prev_state=R ==> next_comm=mmcqd/1 next_pid=117 next_prio=120
         mmcqd/1-117   [000] ...2   282.991521: sched_switch: prev_comm=mmcqd/1 prev_pid=117 prev_prio=120 prev_state=S ==> next_comm=swapper/0 next_pid=0 next_prio=120
          <idle>-0     [000] ...2   282.991933: sched_switch: prev_comm=swapper/0 prev_pid=0 prev_prio=120 prev_state=R ==> next_comm=adbd next_pid=795 next_prio=120
            adbd-795   [000] ...2   282.991952: sched_switch: prev_comm=adbd prev_pid=795 prev_prio=120 prev_state=S ==> next_comm=mmcqd/1 next_pid=117 next_prio=120
          <idle>-0     [001] ...2   282.991982: sched_switch: prev_comm=swapper/1 prev_pid=0 prev_prio=120 prev_state=R ==> next_comm=ksoftirqd/1 next_pid=4866 next_prio=120
         mmcqd/1-117   [000] ...2   282.991987: sched_switch: prev_comm=mmcqd/1 prev_pid=117 prev_prio=120 prev_state=R ==> next_comm=kworker/0:2H next_pid=520 next_prio=100
           <...>-4866  [001] ...2   282.991996: sched_switch: prev_comm=ksoftirqd/1 prev_pid=4866 prev_prio=120 prev_state=S ==> next_comm=swapper/1 next_pid=0 next_prio=120
          <idle>-0     [001] ...2   282.992010: sched_switch: prev_comm=swapper/1 prev_pid=0 prev_prio=120 prev_state=R ==> next_comm=ksoftirqd/1 next_pid=4866 next_prio=120
    kworker/0:2H-520   [000] ...2   282.992015: sched_switch: prev_comm=kworker/0:2H prev_pid=520 prev_prio=100 prev_state=S ==> next_comm=mmcqd/1 next_pid=117 next_prio=120
           <...>-4866  [001] ...2   282.992017: sched_switch: prev_comm=ksoftirqd/1 prev_pid=4866 prev_prio=120 prev_state=S ==> next_comm=swapper/1 next_pid=0 next_prio=120
          <idle>-0     [001] ...2   282.992030: sched_switch: prev_comm=swapper/1 prev_pid=0 prev_prio=120 prev_state=R ==> next_comm=ksoftirqd/1 next_pid=4866 next_prio=120
           <...>-4866  [001] ...2   282.992038: sched_switch: prev_comm=ksoftirqd/1 prev_pid=4866 prev_prio=120 prev_state=S ==> next_comm=swapper/1 next_pid=0 next_prio=120
         mmcqd/1-117   [000] ...2   282.992039: sched_switch: prev_comm=mmcqd/1 prev_pid=117 prev_prio=120 prev_state=R+ ==> next_comm=adbd next_pid=795 next_prio=120
            adbd-795   [000] ...2   282.992091: sched_switch: prev_comm=adbd prev_pid=795 prev_prio=120 prev_state=S ==> next_comm=adbd next_pid=792 next_prio=120
          <idle>-0     [001] ...2   282.992627: sched_switch: prev_comm=swapper/1 prev_pid=0 prev_prio=120 prev_state=R ==> next_comm=adbd next_pid=4874 next_prio=120
            adbd-792   [000] ...2   282.993009: sched_switch: prev_comm=adbd prev_pid=792 prev_prio=120 prev_state=D ==> next_comm=kworker/0:1 next_pid=15 next_prio=120
     kworker/0:1-15    [000] ...2   282.993029: sched_switch: prev_comm=kworker/0:1 prev_pid=15 prev_prio=120 prev_state=S ==> next_comm=adbd next_pid=794 next_prio=120
            adbd-794   [000] ...2   282.993107: sched_switch: prev_comm=adbd prev_pid=794 prev_prio=120 prev_state=S ==> next_comm=adbd next_pid=792 next_prio=120
            adbd-792   [000] ...2   282.993118: sched_switch: prev_comm=adbd prev_pid=792 prev_prio=120 prev_state=S ==> next_comm=mmcqd/1 next_pid=117 next_prio=120
         mmcqd/1-117   [000] ...1   282.993136: block_rq_complete: 179,0 RA () 855992 + 32 [0]
         mmcqd/1-117   [000] ...2   282.993167: sched_switch: prev_comm=mmcqd/1 prev_pid=117 prev_prio=120 prev_state=R+ ==> next_comm=kworker/0:2H next_pid=520 next_prio=100
    kworker/0:2H-520   [000] ...2   282.993177: sched_switch: prev_comm=kworker/0:2H prev_pid=520 prev_prio=100 prev_state=S ==> next_comm=mmcqd/1 next_pid=117 next_prio=120
         mmcqd/1-117   [000] ...2   282.993192: sched_switch: prev_comm=mmcqd/1 prev_pid=117 prev_prio=120 prev_state=S ==> next_comm=app_process next_pid=4873 next_prio=120
           <...>-4873  [000] d..2   282.993631: block_rq_insert: 179,0 R 0 () 868176 + 32 [app_process]
           <...>-4873  [000] ...2   282.993651: sched_switch: prev_comm=app_process prev_pid=4873 prev_prio=120 prev_state=D|W ==> next_comm=mmcqd/1 next_pid=117 next_prio=120
         mmcqd/1-117   [000] ...2   282.993731: sched_switch: prev_comm=mmcqd/1 prev_pid=117 prev_prio=120 prev_state=S ==> next_comm=adbd next_pid=4875 next_prio=120
           <...>-4875  [000] ...2   282.993758: sched_switch: prev_comm=adbd prev_pid=4875 prev_prio=120 prev_state=S ==> next_comm=swapper/0 next_pid=0 next_prio=120
          <idle>-0     [000] ...2   282.993785: sched_switch: prev_comm=swapper/0 prev_pid=0 prev_prio=120 prev_state=R ==> next_comm=ksoftirqd/0 next_pid=3 next_prio=120
     ksoftirqd/0-3     [000] ...2   282.993799: sched_switch: prev_comm=ksoftirqd/0 prev_pid=3 prev_prio=120 prev_state=S ==> next_comm=swapper/0 next_pid=0 next_prio=120
          <idle>-0     [000] ...2   282.993819: sched_switch: prev_comm=swapper/0 prev_pid=0 prev_prio=120 prev_state=R ==> next_comm=ksoftirqd/0 next_pid=3 next_prio=120
     ksoftirqd/0-3     [000] ...2   282.993830: sched_switch: prev_comm=ksoftirqd/0 prev_pid=3 prev_prio=120 prev_state=S ==> next_comm=swapper/0 next_pid=0 next_prio=120
          <idle>-0     [000] ...2   282.993850: sched_switch: prev_comm=swapper/0 prev_pid=0 prev_prio=120 prev_state=R ==> next_comm=ksoftirqd/0 next_pid=3 next_prio=120
     ksoftirqd/0-3     [000] ...2   282.993859: sched_switch: prev_comm=ksoftirqd/0 prev_pid=3 prev_prio=120 prev_state=S ==> next_comm=swapper/0 next_pid=0 next_prio=120
          <idle>-0     [000] ...2   282.994132: sched_switch: prev_comm=swapper/0 prev_pid=0 prev_prio=120 prev_state=R ==> next_comm=mmcqd/1 next_pid=117 next_prio=120
         mmcqd/1-117   [000] ...1   282.994154: block_rq_complete: 179,0 RA () 868176 + 32 [0]
         mmcqd/1-117   [000] ...2   282.994181: sched_switch: prev_comm=mmcqd/1 prev_pid=117 prev_prio=120 prev_state=R+ ==> next_comm=kworker/0:2H next_pid=520 next_prio=100
    kworker/0:2H-520   [000] ...2   282.994192: sched_switch: prev_comm=kworker/0:2H prev_pid=520 prev_prio=100 prev_state=S ==> next_comm=mmcqd/1 next_pid=117 next_prio=120
         mmcqd/1-117   [000] ...2   282.994205: sched_switch: prev_comm=mmcqd/1 prev_pid=117 prev_prio=120 prev_state=S ==> next_comm=app_process next_pid=4873 next_prio=120
           <...>-4873  [000] d..2   282.994270: block_rq_insert: 179,0 R 0 () 869424 + 136 [app_process]
           <...>-4873  [000] ...2   282.994287: sched_switch: prev_comm=app_process prev_pid=4873 prev_prio=120 prev_state=D|W ==> next_comm=mmcqd/1 next_pid=117 next_prio=120
         mmcqd/1-117   [000] ...2   282.994385: sched_switch: prev_comm=mmcqd/1 prev_pid=117 prev_prio=120 prev_state=S ==> next_comm=swapper/0 next_pid=0 next_prio=120
          <idle>-0     [000] ...2   282.995266: sched_switch: prev_comm=swapper/0 prev_pid=0 prev_prio=120 prev_state=R ==> next_comm=mmcqd/1 next_pid=117 next_prio=120
         mmcqd/1-117   [000] ...1   282.995322: block_rq_complete: 179,0 RA () 869424 + 136 [0]
         mmcqd/1-117   [000] ...2   282.995353: sched_switch: prev_comm=mmcqd/1 prev_pid=117 prev_prio=120 prev_state=R+ ==> next_comm=kworker/0:2H next_pid=520 next_prio=100
    kworker/0:2H-520   [000] ...2   282.995365: sched_switch: prev_comm=kworker/0:2H prev_pid=520 prev_prio=100 prev_state=S ==> next_comm=mmcqd/1 next_pid=117 next_prio=120
         mmcqd/1-117   [000] ...2   282.995380: sched_switch: prev_comm=mmcqd/1 prev_pid=117 prev_prio=120 prev_state=S ==> next_comm=app_process next_pid=4873 next_prio=120
           <...>-4873  [000] d..2   282.995741: block_rq_insert: 179,0 R 0 () 869672 + 32 [app_process]
           <...>-4873  [000] ...2   282.995760: sched_switch: prev_comm=app_process prev_pid=4873 prev_prio=120 prev_state=D|W ==> next_comm=mmcqd/1 next_pid=117 next_prio=120
         mmcqd/1-117   [000] ...2   282.995829: sched_switch: prev_comm=mmcqd/1 prev_pid=117 prev_prio=120 prev_state=S ==> next_comm=swapper/0 next_pid=0 next_prio=120
          <idle>-0     [000] ...2   282.996033: sched_switch: prev_comm=swapper/0 prev_pid=0 prev_prio=120 prev_state=R ==> next_comm=sh next_pid=4877 next_prio=120
           <...>-4874  [001] ...2   282.996097: sched_switch: prev_comm=sh prev_pid=4874 prev_prio=120 prev_state=S ==> next_comm=sh next_pid=4876 next_prio=120
           <...>-4877  [000] ...2   282.996229: sched_switch: prev_comm=sh prev_pid=4877 prev_prio=120 prev_state=R+ ==> next_comm=mmcqd/1 next_pid=117 next_prio=120
         mmcqd/1-117   [000] ...1   282.996251: block_rq_complete: 179,0 RA () 869672 + 32 [0]
         mmcqd/1-117   [000] ...2   282.996279: sched_switch: prev_comm=mmcqd/1 prev_pid=117 prev_prio=120 prev_state=R+ ==> next_comm=kworker/0:2H next_pid=520 next_prio=100
    kworker/0:2H-520   [000] ...2   282.996290: sched_switch: prev_comm=kworker/0:2H prev_pid=520 prev_prio=100 prev_state=S ==> next_comm=mmcqd/1 next_pid=117 next_prio=120
         mmcqd/1-117   [000] ...2   282.996305: sched_switch: prev_comm=mmcqd/1 prev_pid=117 prev_prio=120 prev_state=S ==> next_comm=app_process next_pid=4873 next_prio=120
           <...>-4873  [000] d..2   282.996367: block_rq_insert: 179,0 R 0 () 869704 + 64 [app_process]
           <...>-4873  [000] ...2   282.996439: sched_switch: prev_comm=app_process prev_pid=4873 prev_prio=120 prev_state=D|W ==> next_comm=mmcqd/1 next_pid=117 next_prio=120
         mmcqd/1-117   [000] ...2   282.996525: sched_switch: prev_comm=mmcqd/1 prev_pid=117 prev_prio=120 prev_state=S ==> next_comm=sh next_pid=4877 next_prio=120
           <...>-4876  [001] ...2   282.996962: sched_switch: prev_comm=sh prev_pid=4876 prev_prio=120 prev_state=R+ ==> next_comm=sh next_pid=4874 next_prio=120
           <...>-4877  [000] d..2   282.996992: block_rq_insert: 179,0 R 0 () 733808 + 32 [sh]
           <...>-4874  [001] ...2   282.997008: sched_switch: prev_comm=sh prev_pid=4874 prev_prio=120 prev_state=S ==> next_comm=sh next_pid=4876 next_prio=120
           <...>-4877  [000] ...2   282.997011: sched_switch: prev_comm=sh prev_pid=4877 prev_prio=120 prev_state=R+ ==> next_comm=mmcqd/1 next_pid=117 next_prio=120
           <...>-4876  [001] ...3   282.997019: sched_switch: prev_comm=sh prev_pid=4876 prev_prio=120 prev_state=x ==> next_comm=swapper/1 next_pid=0 next_prio=120
         mmcqd/1-117   [000] ...2   282.997043: sched_switch: prev_comm=mmcqd/1 prev_pid=117 prev_prio=120 prev_state=S ==> next_comm=sh next_pid=4877 next_prio=120
           <...>-4877  [000] ...2   282.997050: sched_switch: prev_comm=sh prev_pid=4877 prev_prio=120 prev_state=D|W ==> next_comm=swapper/0 next_pid=0 next_prio=120
          <idle>-0     [000] ...2   282.997266: sched_switch: prev_comm=swapper/0 prev_pid=0 prev_prio=120 prev_state=R ==> next_comm=mmcqd/1 next_pid=117 next_prio=120
         mmcqd/1-117   [000] ...1   282.997331: block_rq_complete: 179,0 RA () 869704 + 104 [0]
         mmcqd/1-117   [000] ...2   282.997359: sched_switch: prev_comm=mmcqd/1 prev_pid=117 prev_prio=120 prev_state=S ==> next_comm=app_process next_pid=4873 next_prio=120
           <...>-4873  [000] d..2   282.997677: block_rq_insert: 179,0 R 0 () 863648 + 32 [app_process]
           <...>-4873  [000] ...2   282.997724: sched_switch: prev_comm=app_process prev_pid=4873 prev_prio=120 prev_state=D|W ==> next_comm=mmcqd/1 next_pid=117 next_prio=120
         mmcqd/1-117   [000] ...1   282.997746: block_rq_complete: 179,0 RA () 733808 + 32 [0]
         mmcqd/1-117   [000] ...2   282.997770: sched_switch: prev_comm=mmcqd/1 prev_pid=117 prev_prio=120 prev_state=R+ ==> next_comm=kworker/0:2H next_pid=520 next_prio=100
    kworker/0:2H-520   [000] ...2   282.997780: sched_switch: prev_comm=kworker/0:2H prev_pid=520 prev_prio=100 prev_state=S ==> next_comm=mmcqd/1 next_pid=117 next_prio=120
         mmcqd/1-117   [000] ...2   282.997843: sched_switch: prev_comm=mmcqd/1 prev_pid=117 prev_prio=120 prev_state=S ==> next_comm=sh next_pid=4877 next_prio=120
           <...>-4877  [000] ...2   282.998186: sched_switch: prev_comm=grep prev_pid=4877 prev_prio=120 prev_state=R+ ==> next_comm=mmcqd/1 next_pid=117 next_prio=120
         mmcqd/1-117   [000] ...1   282.998208: block_rq_complete: 179,0 RA () 863648 + 32 [0]
         mmcqd/1-117   [000] ...2   282.998233: sched_switch: prev_comm=mmcqd/1 prev_pid=117 prev_prio=120 prev_state=R+ ==> next_comm=kworker/0:2H next_pid=520 next_prio=100
    kworker/0:2H-520   [000] ...2   282.998243: sched_switch: prev_comm=kworker/0:2H prev_pid=520 prev_prio=100 prev_state=S ==> next_comm=app_process next_pid=4873 next_prio=120
           <...>-4873  [000] d..2   282.998294: block_rq_insert: 179,0 R 0 () 863680 + 40 [app_process]
           <...>-4873  [000] ...2   282.998341: sched_switch: prev_comm=app_process prev_pid=4873 prev_prio=120 prev_state=D|W ==> next_comm=mmcqd/1 next_pid=117 next_prio=120
         mmcqd/1-117   [000] ...2   282.998409: sched_switch: prev_comm=mmcqd/1 prev_pid=117 prev_prio=120 prev_state=S ==> next_comm=grep next_pid=4877 next_prio=120
           <...>-4877  [000] d..2   282.998464: block_rq_insert: 179,0 R 0 () 733968 + 136 [grep]
           <...>-4877  [000] ...2   282.998482: sched_switch: prev_comm=grep prev_pid=4877 prev_prio=120 prev_state=R+ ==> next_comm=mmcqd/1 next_pid=117 next_prio=120
         mmcqd/1-117   [000] ...2   282.998549: sched_switch: prev_comm=mmcqd/1 prev_pid=117 prev_prio=120 prev_state=S ==> next_comm=grep next_pid=4877 next_prio=120
           <...>-4877  [000] ...2   282.998558: sched_switch: prev_comm=grep prev_pid=4877 prev_prio=120 prev_state=D|W ==> next_comm=swapper/0 next_pid=0 next_prio=120
          <idle>-0     [000] ...2   282.998833: sched_switch: prev_comm=swapper/0 prev_pid=0 prev_prio=120 prev_state=R ==> next_comm=mmcqd/1 next_pid=117 next_prio=120
         mmcqd/1-117   [000] ...1   282.998878: block_rq_complete: 179,0 RA () 863680 + 40 [0]
         mmcqd/1-117   [000] ...2   282.998900: sched_switch: prev_comm=mmcqd/1 prev_pid=117 prev_prio=120 prev_state=S ==> next_comm=app_process next_pid=4873 next_prio=120
           <...>-4873  [000] d..2   282.999053: block_rq_insert: 179,0 R 0 () 863808 + 8 [app_process]
           <...>-4873  [000] ...2   282.999072: sched_switch: prev_comm=app_process prev_pid=4873 prev_prio=120 prev_state=D|W ==> next_comm=mmcqd/1 next_pid=117 next_prio=120
         mmcqd/1-117   [000] ...2   282.999095: sched_switch: prev_comm=mmcqd/1 prev_pid=117 prev_prio=120 prev_state=S ==> next_comm=swapper/0 next_pid=0 next_prio=120
          <idle>-0     [000] ...2   282.999744: sched_switch: prev_comm=swapper/0 prev_pid=0 prev_prio=120 prev_state=R ==> next_comm=mmcqd/1 next_pid=117 next_prio=120
         mmcqd/1-117   [000] ...1   282.999817: block_rq_complete: 179,0 RA () 733968 + 136 [0]
         mmcqd/1-117   [000] ...2   282.999843: sched_switch: prev_comm=mmcqd/1 prev_pid=117 prev_prio=120 prev_state=S ==> next_comm=grep next_pid=4877 next_prio=120
           <...>-4877  [000] ...2   283.000024: sched_switch: prev_comm=grep prev_pid=4877 prev_prio=120 prev_state=R ==> next_comm=mmcqd/1 next_pid=117 next_prio=120
         mmcqd/1-117   [000] ...1   283.000038: block_rq_complete: 179,0 RA () 863808 + 8 [0]
         mmcqd/1-117   [000] ...2   283.000062: sched_switch: prev_comm=mmcqd/1 prev_pid=117 prev_prio=120 prev_state=R+ ==> next_comm=kworker/0:2H next_pid=520 next_prio=100
    kworker/0:2H-520   [000] ...2   283.000072: sched_switch: prev_comm=kworker/0:2H prev_pid=520 prev_prio=100 prev_state=S ==> next_comm=app_process next_pid=4873 next_prio=120
           <...>-4873  [000] d..2   283.000188: block_rq_insert: 179,0 R 0 () 802992 + 32 [app_process]
           <...>-4873  [000] ...2   283.000199: sched_switch: prev_comm=app_process prev_pid=4873 prev_prio=120 prev_state=D|W ==> next_comm=mmcqd/1 next_pid=117 next_prio=120
         mmcqd/1-117   [000] ...2   283.000262: sched_switch: prev_comm=mmcqd/1 prev_pid=117 prev_prio=120 prev_state=S ==> next_comm=grep next_pid=4877 next_prio=120
           <...>-4877  [000] d..2   283.000462: block_rq_insert: 179,0 R 0 () 733840 + 128 [grep]
           <...>-4877  [000] ...2   283.000481: sched_switch: prev_comm=grep prev_pid=4877 prev_prio=120 prev_state=R+ ==> next_comm=mmcqd/1 next_pid=117 next_prio=120
         mmcqd/1-117   [000] ...2   283.000548: sched_switch: prev_comm=mmcqd/1 prev_pid=117 prev_prio=120 prev_state=S ==> next_comm=grep next_pid=4877 next_prio=120
           <...>-4877  [000] ...2   283.000648: sched_switch: prev_comm=grep prev_pid=4877 prev_prio=120 prev_state=R+ ==> next_comm=mmcqd/1 next_pid=117 next_prio=120
         mmcqd/1-117   [000] ...1   283.000691: block_rq_complete: 179,0 RA () 802992 + 32 [0]
         mmcqd/1-117   [000] ...2   283.000713: sched_switch: prev_comm=mmcqd/1 prev_pid=117 prev_prio=120 prev_state=S ==> next_comm=app_process next_pid=4873 next_prio=120
           <...>-4873  [000] d..2   283.000783: block_rq_insert: 179,0 R 0 () 803104 + 136 [app_process]
           <...>-4873  [000] ...2   283.000802: sched_switch: prev_comm=app_process prev_pid=4873 prev_prio=120 prev_state=D|W ==> next_comm=mmcqd/1 next_pid=117 next_prio=120
         mmcqd/1-117   [000] ...2   283.000869: sched_switch: prev_comm=mmcqd/1 prev_pid=117 prev_prio=120 prev_state=S ==> next_comm=grep next_pid=4877 next_prio=120
           <...>-4877  [000] ...2   283.001592: sched_switch: prev_comm=grep prev_pid=4877 prev_prio=120 prev_state=R+ ==> next_comm=mmcqd/1 next_pid=117 next_prio=120
         mmcqd/1-117   [000] ...1   283.001665: block_rq_complete: 179,0 RA () 733840 + 128 [0]
         mmcqd/1-117   [000] ...2   283.001688: sched_switch: prev_comm=mmcqd/1 prev_pid=117 prev_prio=120 prev_state=S ==> next_comm=grep next_pid=4877 next_prio=120
           <...>-4877  [000] ...2   283.001992: sched_switch: prev_comm=grep prev_pid=4877 prev_prio=120 prev_state=R+ ==> next_comm=kworker/u:4 next_pid=251 next_prio=120
          <idle>-0     [001] ...2   283.001996: sched_switch: prev_comm=swapper/1 prev_pid=0 prev_prio=120 prev_state=R ==> next_comm=ksoftirqd/1 next_pid=4866 next_prio=120
           <...>-4866  [001] ...2   283.002009: sched_switch: prev_comm=ksoftirqd/1 prev_pid=4866 prev_prio=120 prev_state=S ==> next_comm=swapper/1 next_pid=0 next_prio=120
           <...>-251   [000] ...2   283.002012: sched_switch: prev_comm=kworker/u:4 prev_pid=251 prev_prio=120 prev_state=S ==> next_comm=mpdecision next_pid=1614 next_prio=113
          <idle>-0     [001] ...2   283.002023: sched_switch: prev_comm=swapper/1 prev_pid=0 prev_prio=120 prev_state=R ==> next_comm=ksoftirqd/1 next_pid=4866 next_prio=120
           <...>-4866  [001] ...2   283.002031: sched_switch: prev_comm=ksoftirqd/1 prev_pid=4866 prev_prio=120 prev_state=S ==> next_comm=swapper/1 next_pid=0 next_prio=120
          <idle>-0     [001] ...2   283.002044: sched_switch: prev_comm=swapper/1 prev_pid=0 prev_prio=120 prev_state=R ==> next_comm=ksoftirqd/1 next_pid=4866 next_prio=120
           <...>-4866  [001] ...2   283.002053: sched_switch: prev_comm=ksoftirqd/1 prev_pid=4866 prev_prio=120 prev_state=S ==> next_comm=swapper/1 next_pid=0 next_prio=120
      mpdecision-1614  [000] ...2   283.002369: sched_switch: prev_comm=mpdecision prev_pid=1614 prev_prio=113 prev_state=S ==> next_comm=grep next_pid=4877 next_prio=120
           <...>-4877  [000] ...2   283.002501: sched_switch: prev_comm=grep prev_pid=4877 prev_prio=120 prev_state=R+ ==> next_comm=mmcqd/1 next_pid=117 next_prio=120
         mmcqd/1-117   [000] ...1   283.002555: block_rq_complete: 179,0 RA () 803104 + 136 [0]
         mmcqd/1-117   [000] ...2   283.002585: sched_switch: prev_comm=mmcqd/1 prev_pid=117 prev_prio=120 prev_state=R+ ==> next_comm=kworker/0:2H next_pid=520 next_prio=100
    kworker/0:2H-520   [000] ...2   283.002596: sched_switch: prev_comm=kworker/0:2H prev_pid=520 prev_prio=100 prev_state=S ==> next_comm=app_process next_pid=4873 next_prio=120
           <...>-4873  [000] d..2   283.002952: block_rq_insert: 179,0 R 0 () 803392 + 32 [app_process]
           <...>-4873  [000] ...2   283.002964: sched_switch: prev_comm=app_process prev_pid=4873 prev_prio=120 prev_state=D|W ==> next_comm=mmcqd/1 next_pid=117 next_prio=120
         mmcqd/1-117   [000] ...2   283.003033: sched_switch: prev_comm=mmcqd/1 prev_pid=117 prev_prio=120 prev_state=S ==> next_comm=grep next_pid=4877 next_prio=120
           <...>-4877  [000] ...2   283.003382: sched_switch: prev_comm=grep prev_pid=4877 prev_prio=120 prev_state=R ==> next_comm=mmcqd/1 next_pid=117 next_prio=120
         mmcqd/1-117   [000] ...1   283.003405: block_rq_complete: 179,0 RA () 803392 + 32 [0]
         mmcqd/1-117   [000] ...2   283.003431: sched_switch: prev_comm=mmcqd/1 prev_pid=117 prev_prio=120 prev_state=R+ ==> next_comm=kworker/0:2H next_pid=520 next_prio=100
    kworker/0:2H-520   [000] ...2   283.003442: sched_switch: prev_comm=kworker/0:2H prev_pid=520 prev_prio=100 prev_state=S ==> next_comm=app_process next_pid=4873 next_prio=120
           <...>-4873  [000] d..2   283.003507: block_rq_insert: 179,0 R 0 () 804336 + 136 [app_process]
           <...>-4873  [000] ...2   283.003519: sched_switch: prev_comm=app_process prev_pid=4873 prev_prio=120 prev_state=D|W ==> next_comm=mmcqd/1 next_pid=117 next_prio=120
         mmcqd/1-117   [000] ...2   283.003619: sched_switch: prev_comm=mmcqd/1 prev_pid=117 prev_prio=120 prev_state=S ==> next_comm=grep next_pid=4877 next_prio=120
           <...>-4877  [000] ...2   283.004560: sched_switch: prev_comm=grep prev_pid=4877 prev_prio=120 prev_state=R+ ==> next_comm=mmcqd/1 next_pid=117 next_prio=120
         mmcqd/1-117   [000] ...1   283.004614: block_rq_complete: 179,0 RA () 804336 + 136 [0]
         mmcqd/1-117   [000] ...2   283.004643: sched_switch: prev_comm=mmcqd/1 prev_pid=117 prev_prio=120 prev_state=R+ ==> next_comm=kworker/0:2H next_pid=520 next_prio=100
    kworker/0:2H-520   [000] ...2   283.004654: sched_switch: prev_comm=kworker/0:2H prev_pid=520 prev_prio=100 prev_state=S ==> next_comm=app_process next_pid=4873 next_prio=120
           <...>-4873  [000] d..2   283.005072: block_rq_insert: 179,0 FWS 0 () 0 + 0 [app_process]
           <...>-4873  [000] ...2   283.005084: sched_switch: prev_comm=app_process prev_pid=4873 prev_prio=120 prev_state=D ==> next_comm=mmcqd/1 next_pid=117 next_prio=120
         mmcqd/1-117   [000] ...2   283.005123: sched_switch: prev_comm=mmcqd/1 prev_pid=117 prev_prio=120 prev_state=D ==> next_comm=grep next_pid=4877 next_prio=120
           <...>-4877  [000] ...2   283.005150: sched_switch: prev_comm=grep prev_pid=4877 prev_prio=120 prev_state=R+ ==> next_comm=mmcqd/1 next_pid=117 next_prio=120
         mmcqd/1-117   [000] d..2   283.005183: block_rq_complete: 179,0 WS () 0 + 0 [0]
         mmcqd/1-117   [000] ...2   283.005207: sched_switch: prev_comm=mmcqd/1 prev_pid=117 prev_prio=120 prev_state=S ==> next_comm=app_process next_pid=4873 next_prio=120
          <idle>-0     [001] ...2   283.011995: sched_switch: prev_comm=swapper/1 prev_pid=0 prev_prio=120 prev_state=R ==> next_comm=ksoftirqd/1 next_pid=4866 next_prio=120
           <...>-4866  [001] ...2   283.012002: sched_switch: prev_comm=ksoftirqd/1 prev_pid=4866 prev_prio=120 prev_state=S ==> next_comm=grep next_pid=4877 next_prio=120
           <...>-4877  [001] d..2   283.015408: block_rq_insert: 179,0 R 0 () 1189296 + 16 [grep]
           <...>-4877  [001] d..2   283.015425: block_rq_insert: 179,0 R 0 () 1189368 + 24 [grep]
           <...>-4877  [001] d..2   283.015428: block_rq_insert: 179,0 R 0 () 1189464 + 8 [grep]
           <...>-4873  [000] ...2   283.015430: sched_switch: prev_comm=app_process prev_pid=4873 prev_prio=120 prev_state=R+ ==> next_comm=mmcqd/1 next_pid=117 next_prio=120
           <...>-4877  [001] ...2   283.015442: sched_switch: prev_comm=grep prev_pid=4877 prev_prio=120 prev_state=D|W ==> next_comm=swapper/1 next_pid=0 next_prio=120
          <idle>-0     [001] ...2   283.015462: sched_switch: prev_comm=swapper/1 prev_pid=0 prev_prio=120 prev_state=R ==> next_comm=ksoftirqd/1 next_pid=4866 next_prio=120
           <...>-4866  [001] ...2   283.015474: sched_switch: prev_comm=ksoftirqd/1 prev_pid=4866 prev_prio=120 prev_state=S ==> next_comm=swapper/1 next_pid=0 next_prio=120
          <idle>-0     [001] ...2   283.015488: sched_switch: prev_comm=swapper/1 prev_pid=0 prev_prio=120 prev_state=R ==> next_comm=ksoftirqd/1 next_pid=4866 next_prio=120
           <...>-4866  [001] ...2   283.015497: sched_switch: prev_comm=ksoftirqd/1 prev_pid=4866 prev_prio=120 prev_state=S ==> next_comm=swapper/1 next_pid=0 next_prio=120
         mmcqd/1-117   [000] ...2   283.015518: sched_switch: prev_comm=mmcqd/1 prev_pid=117 prev_prio=120 prev_state=S ==> next_comm=app_process next_pid=4873 next_prio=120
           <...>-4873  [000] ...2   283.015905: sched_switch: prev_comm=app_process prev_pid=4873 prev_prio=120 prev_state=R+ ==> next_comm=mmcqd/1 next_pid=117 next_prio=120
         mmcqd/1-117   [000] ...1   283.015943: block_rq_complete: 179,0 RA () 1189296 + 16 [0]
         mmcqd/1-117   [000] ...2   283.015975: sched_switch: prev_comm=mmcqd/1 prev_pid=117 prev_prio=120 prev_state=S ==> next_comm=app_process next_pid=4873 next_prio=120
           <...>-4873  [000] ...2   283.016410: sched_switch: prev_comm=app_process prev_pid=4873 prev_prio=120 prev_state=R+ ==> next_comm=mmcqd/1 next_pid=117 next_prio=120
         mmcqd/1-117   [000] ...1   283.016449: block_rq_complete: 179,0 RA () 1189368 + 24 [0]
          <idle>-0     [001] ...2   283.016467: sched_switch: prev_comm=swapper/1 prev_pid=0 prev_prio=120 prev_state=R ==> next_comm=grep next_pid=4877 next_prio=120
         mmcqd/1-117   [000] ...2   283.016472: sched_switch: prev_comm=mmcqd/1 prev_pid=117 prev_prio=120 prev_state=S ==> next_comm=app_process next_pid=4873 next_prio=120
           <...>-4873  [000] ...2   283.016692: sched_switch: prev_comm=app_process prev_pid=4873 prev_prio=120 prev_state=R+ ==> next_comm=mmcqd/1 next_pid=117 next_prio=120
         mmcqd/1-117   [000] ...1   283.016706: block_rq_complete: 179,0 RA () 1189464 + 8 [0]
         mmcqd/1-117   [000] ...2   283.016725: sched_switch: prev_comm=mmcqd/1 prev_pid=117 prev_prio=120 prev_state=R+ ==> next_comm=kworker/0:2H next_pid=520 next_prio=100
    kworker/0:2H-520   [000] ...2   283.016737: sched_switch: prev_comm=kworker/0:2H prev_pid=520 prev_prio=100 prev_state=S ==> next_comm=mmcqd/1 next_pid=117 next_prio=120
         mmcqd/1-117   [000] ...2   283.016752: sched_switch: prev_comm=mmcqd/1 prev_pid=117 prev_prio=120 prev_state=S ==> next_comm=app_process next_pid=4873 next_prio=120
           <...>-4877  [001] ...2   283.016841: sched_switch: prev_comm=grep prev_pid=4877 prev_prio=120 prev_state=R+ ==> next_comm=sh next_pid=4874 next_prio=120
           <...>-4873  [000] ...2   283.017050: sched_switch: prev_comm=app_process prev_pid=4873 prev_prio=120 prev_state=R+ ==> next_comm=adbd next_pid=792 next_prio=120
           <...>-4874  [001] ...3   283.017270: sched_switch: prev_comm=sh prev_pid=4874 prev_prio=120 prev_state=x ==> next_comm=adbd next_pid=4875 next_prio=120
           <...>-4875  [001] ...3   283.017358: sched_switch: prev_comm=adbd prev_pid=4875 prev_prio=120 prev_state=x ==> next_comm=grep next_pid=4877 next_prio=120
           <...>-4877  [001] ...2   283.017372: sched_switch: prev_comm=grep prev_pid=4877 prev_prio=120 prev_state=R+ ==> next_comm=kworker/1:1 next_pid=4872 next_prio=120
           <...>-4872  [001] ...2   283.017381: sched_switch: prev_comm=kworker/1:1 prev_pid=4872 prev_prio=120 prev_state=S ==> next_comm=grep next_pid=4877 next_prio=120
           <...>-4877  [001] ...3   283.017393: sched_switch: prev_comm=grep prev_pid=4877 prev_prio=120 prev_state=x ==> next_comm=adbd next_pid=794 next_prio=120
            adbd-794   [001] ...2   283.017443: sched_switch: prev_comm=adbd prev_pid=794 prev_prio=120 prev_state=S ==> next_comm=swapper/1 next_pid=0 next_prio=120
            adbd-792   [000] ...2   283.017460: sched_switch: prev_comm=adbd prev_pid=792 prev_prio=120 prev_state=S ==> next_comm=kworker/0:1 next_pid=15 next_prio=120
     kworker/0:1-15    [000] ...2   283.017473: sched_switch: prev_comm=kworker/0:1 prev_pid=15 prev_prio=120 prev_state=S ==> next_comm=app_process next_pid=4873 next_prio=120
           <...>-4873  [000] ...2   283.017647: sched_switch: prev_comm=app_process prev_pid=4873 prev_prio=120 prev_state=R+ ==> next_comm=adbd next_pid=795 next_prio=120
            adbd-795   [000] ...2   283.017700: sched_switch: prev_comm=adbd prev_pid=795 prev_prio=120 prev_state=S ==> next_comm=adbd next_pid=792 next_prio=120
          <idle>-0     [001] ...2   283.017793: sched_switch: prev_comm=swapper/1 prev_pid=0 prev_prio=120 prev_state=R ==> next_comm=adbd next_pid=794 next_prio=120
            adbd-794   [001] ...2   283.017803: sched_switch: prev_comm=adbd prev_pid=794 prev_prio=120 prev_state=S ==> next_comm=swapper/1 next_pid=0 next_prio=120
            adbd-792   [000] ...2   283.017864: sched_switch: prev_comm=adbd prev_pid=792 prev_prio=120 prev_state=S ==> next_comm=app_process next_pid=4873 next_prio=120
           <...>-4873  [000] d..2   283.019845: block_rq_insert: 179,0 R 0 () 4072736 + 128 [main]
           <...>-4873  [000] ...2   283.019861: sched_switch: prev_comm=main prev_pid=4873 prev_prio=120 prev_state=R+ ==> next_comm=mmcqd/1 next_pid=117 next_prio=120
         mmcqd/1-117   [000] ...2   283.019960: sched_switch: prev_comm=mmcqd/1 prev_pid=117 prev_prio=120 prev_state=S ==> next_comm=main next_pid=4873 next_prio=120
           <...>-4873  [000] ...2   283.019969: sched_switch: prev_comm=main prev_pid=4873 prev_prio=120 prev_state=D|W ==> next_comm=swapper/0 next_pid=0 next_prio=120
          <idle>-0     [000] ...2   283.019995: sched_switch: prev_comm=swapper/0 prev_pid=0 prev_prio=120 prev_state=R ==> next_comm=ksoftirqd/0 next_pid=3 next_prio=120
     ksoftirqd/0-3     [000] ...2   283.020007: sched_switch: prev_comm=ksoftirqd/0 prev_pid=3 prev_prio=120 prev_state=S ==> next_comm=swapper/0 next_pid=0 next_prio=120
          <idle>-0     [000] ...2   283.020029: sched_switch: prev_comm=swapper/0 prev_pid=0 prev_prio=120 prev_state=R ==> next_comm=ksoftirqd/0 next_pid=3 next_prio=120
     ksoftirqd/0-3     [000] ...2   283.020038: sched_switch: prev_comm=ksoftirqd/0 prev_pid=3 prev_prio=120 prev_state=S ==> next_comm=swapper/0 next_pid=0 next_prio=120
          <idle>-0     [000] ...2   283.020057: sched_switch: prev_comm=swapper/0 prev_pid=0 prev_prio=120 prev_state=R ==> next_comm=ksoftirqd/0 next_pid=3 next_prio=120
     ksoftirqd/0-3     [000] ...2   283.020113: sched_switch: prev_comm=ksoftirqd/0 prev_pid=3 prev_prio=120 prev_state=S ==> next_comm=swapper/0 next_pid=0 next_prio=120
          <idle>-0     [000] ...2   283.020799: sched_switch: prev_comm=swapper/0 prev_pid=0 prev_prio=120 prev_state=R ==> next_comm=mmcqd/1 next_pid=117 next_prio=120
         mmcqd/1-117   [000] ...1   283.020850: block_rq_complete: 179,0 RA () 4072736 + 128 [0]
         mmcqd/1-117   [000] ...2   283.020880: sched_switch: prev_comm=mmcqd/1 prev_pid=117 prev_prio=120 prev_state=R+ ==> next_comm=kworker/0:2H next_pid=520 next_prio=100
    kworker/0:2H-520   [000] ...2   283.020890: sched_switch: prev_comm=kworker/0:2H prev_pid=520 prev_prio=100 prev_state=S ==> next_comm=mmcqd/1 next_pid=117 next_prio=120
         mmcqd/1-117   [000] ...2   283.020904: sched_switch: prev_comm=mmcqd/1 prev_pid=117 prev_prio=120 prev_state=S ==> next_comm=main next_pid=4873 next_prio=120
           <...>-4873  [000] d..2   283.021044: block_rq_insert: 179,0 R 0 () 4076944 + 16 [main]
           <...>-4873  [000] d..2   283.021048: block_rq_insert: 179,0 R 0 () 4076968 + 80 [main]
           <...>-4873  [000] d..2   283.021052: block_rq_insert: 179,0 R 0 () 4077080 + 32 [main]
           <...>-4873  [000] ...2   283.021065: sched_switch: prev_comm=main prev_pid=4873 prev_prio=120 prev_state=R+ ==> next_comm=mmcqd/1 next_pid=117 next_prio=120
         mmcqd/1-117   [000] ...2   283.021155: sched_switch: prev_comm=mmcqd/1 prev_pid=117 prev_prio=120 prev_state=S ==> next_comm=main next_pid=4873 next_prio=120
           <...>-4873  [000] ...2   283.021162: sched_switch: prev_comm=main prev_pid=4873 prev_prio=120 prev_state=D|W ==> next_comm=swapper/0 next_pid=0 next_prio=120
          <idle>-0     [000] ...2   283.021383: sched_switch: prev_comm=swapper/0 prev_pid=0 prev_prio=120 prev_state=R ==> next_comm=mmcqd/1 next_pid=117 next_prio=120
         mmcqd/1-117   [000] ...1   283.021420: block_rq_complete: 179,0 RA () 4076944 + 16 [0]
         mmcqd/1-117   [000] ...2   283.021455: sched_switch: prev_comm=mmcqd/1 prev_pid=117 prev_prio=120 prev_state=S ==> next_comm=swapper/0 next_pid=0 next_prio=120
          <idle>-0     [001] ...2   283.022012: sched_switch: prev_comm=swapper/1 prev_pid=0 prev_prio=120 prev_state=R ==> next_comm=ksoftirqd/1 next_pid=4866 next_prio=120
          <idle>-0     [000] ...2   283.022018: sched_switch: prev_comm=swapper/0 prev_pid=0 prev_prio=120 prev_state=R ==> next_comm=mmcqd/1 next_pid=117 next_prio=120
           <...>-4866  [001] ...2   283.022020: sched_switch: prev_comm=ksoftirqd/1 prev_pid=4866 prev_prio=120 prev_state=S ==> next_comm=swapper/1 next_pid=0 next_prio=120
          <idle>-0     [001] ...2   283.022035: sched_switch: prev_comm=swapper/1 prev_pid=0 prev_prio=120 prev_state=R ==> next_comm=ksoftirqd/1 next_pid=4866 next_prio=120
         mmcqd/1-117   [000] ...1   283.022073: block_rq_complete: 179,0 RA () 4076968 + 80 [0]
           <...>-4866  [001] ...2   283.022079: sched_switch: prev_comm=ksoftirqd/1 prev_pid=4866 prev_prio=120 prev_state=S ==> next_comm=swapper/1 next_pid=0 next_prio=120
          <idle>-0     [001] ...2   283.022092: sched_switch: prev_comm=swapper/1 prev_pid=0 prev_prio=120 prev_state=R ==> next_comm=ksoftirqd/1 next_pid=4866 next_prio=120
         mmcqd/1-117   [000] ...2   283.022098: sched_switch: prev_comm=mmcqd/1 prev_pid=117 prev_prio=120 prev_state=S ==> next_comm=main next_pid=4873 next_prio=120
           <...>-4866  [001] ...2   283.022099: sched_switch: prev_comm=ksoftirqd/1 prev_pid=4866 prev_prio=120 prev_state=S ==> next_comm=swapper/1 next_pid=0 next_prio=120
           <...>-4873  [000] ...2   283.022145: sched_switch: prev_comm=main prev_pid=4873 prev_prio=120 prev_state=D|W ==> next_comm=swapper/0 next_pid=0 next_prio=120
          <idle>-0     [000] ...2   283.022463: sched_switch: prev_comm=swapper/0 prev_pid=0 prev_prio=120 prev_state=R ==> next_comm=mmcqd/1 next_pid=117 next_prio=120
         mmcqd/1-117   [000] ...1   283.022484: block_rq_complete: 179,0 RA () 4077080 + 32 [0]
         mmcqd/1-117   [000] ...2   283.022508: sched_switch: prev_comm=mmcqd/1 prev_pid=117 prev_prio=120 prev_state=R+ ==> next_comm=kworker/0:2H next_pid=520 next_prio=100
    kworker/0:2H-520   [000] ...2   283.022518: sched_switch: prev_comm=kworker/0:2H prev_pid=520 prev_prio=100 prev_state=S ==> next_comm=mmcqd/1 next_pid=117 next_prio=120
         mmcqd/1-117   [000] ...2   283.022531: sched_switch: prev_comm=mmcqd/1 prev_pid=117 prev_prio=120 prev_state=S ==> next_comm=main next_pid=4873 next_prio=120
           <...>-4873  [000] d..2   283.022621: block_rq_insert: 179,0 R 0 () 4077120 + 16 [main]
           <...>-4873  [000] d..2   283.022625: block_rq_insert: 179,0 R 0 () 4077160 + 16 [main]
           <...>-4873  [000] d..2   283.022627: block_rq_insert: 179,0 R 0 () 4077184 + 48 [main]
           <...>-4873  [000] ...2   283.022640: sched_switch: prev_comm=main prev_pid=4873 prev_prio=120 prev_state=R+ ==> next_comm=mmcqd/1 next_pid=117 next_prio=120
         mmcqd/1-117   [000] ...2   283.022704: sched_switch: prev_comm=mmcqd/1 prev_pid=117 prev_prio=120 prev_state=S ==> next_comm=main next_pid=4873 next_prio=120
           <...>-4873  [000] ...2   283.022712: sched_switch: prev_comm=main prev_pid=4873 prev_prio=120 prev_state=D|W ==> next_comm=swapper/0 next_pid=0 next_prio=120
          <idle>-0     [000] ...2   283.022978: sched_switch: prev_comm=swapper/0 prev_pid=0 prev_prio=120 prev_state=R ==> next_comm=mmcqd/1 next_pid=117 next_prio=120
         mmcqd/1-117   [000] ...1   283.023014: block_rq_complete: 179,0 RA () 4077120 + 16 [0]
         mmcqd/1-117   [000] ...2   283.023055: sched_switch: prev_comm=mmcqd/1 prev_pid=117 prev_prio=120 prev_state=S ==> next_comm=swapper/0 next_pid=0 next_prio=120
          <idle>-0     [000] ...2   283.023302: sched_switch: prev_comm=swapper/0 prev_pid=0 prev_prio=120 prev_state=R ==> next_comm=mmcqd/1 next_pid=117 next_prio=120
         mmcqd/1-117   [000] ...1   283.023338: block_rq_complete: 179,0 RA () 4077160 + 16 [0]
         mmcqd/1-117   [000] ...2   283.023360: sched_switch: prev_comm=mmcqd/1 prev_pid=117 prev_prio=120 prev_state=S ==> next_comm=main next_pid=4873 next_prio=120
           <...>-4873  [000] d..2   283.023480: block_rq_insert: 179,0 R 0 () 4077376 + 8 [main]
           <...>-4873  [000] d..2   283.023485: block_rq_insert: 179,0 R 0 () 4077400 + 104 [main]
           <...>-4873  [000] ...2   283.023499: sched_switch: prev_comm=main prev_pid=4873 prev_prio=120 prev_state=R+ ==> next_comm=mmcqd/1 next_pid=117 next_prio=120
         mmcqd/1-117   [000] ...2   283.023520: sched_switch: prev_comm=mmcqd/1 prev_pid=117 prev_prio=120 prev_state=S ==> next_comm=main next_pid=4873 next_prio=120
           <...>-4873  [000] ...2   283.023528: sched_switch: prev_comm=main prev_pid=4873 prev_prio=120 prev_state=D|W ==> next_comm=swapper/0 next_pid=0 next_prio=120
          <idle>-0     [000] ...2   283.023787: sched_switch: prev_comm=swapper/0 prev_pid=0 prev_prio=120 prev_state=R ==> next_comm=mmcqd/1 next_pid=117 next_prio=120
         mmcqd/1-117   [000] ...1   283.023833: block_rq_complete: 179,0 RA () 4077184 + 48 [0]
         mmcqd/1-117   [000] ...2   283.023895: sched_switch: prev_comm=mmcqd/1 prev_pid=117 prev_prio=120 prev_state=S ==> next_comm=swapper/0 next_pid=0 next_prio=120
