          <idle>-0     [000] ...2   295.732512: sched_switch: prev_comm=swapper/0 prev_pid=0 prev_prio=120 prev_state=R ==> next_comm=mmcqd/1 next_pid=117 next_prio=120
           <...>-117   [000] ...1   295.732539: block_rq_complete: 179,0 RA () 4078840 + 24 [0]
           <...>-117   [000] ...2   295.732558: sched_switch: prev_comm=mmcqd/1 prev_pid=117 prev_prio=120 prev_state=S ==> next_comm=swapper/0 next_pid=0 next_prio=120
          <idle>-0     [000] ...2   295.732787: sched_switch: prev_comm=swapper/0 prev_pid=0 prev_prio=120 prev_state=R ==> next_comm=mmcqd/1 next_pid=117 next_prio=120
           <...>-117   [000] ...1   295.732810: block_rq_complete: 179,0 RA () 4078824 + 8 [0]
           <...>-117   [000] ...2   295.732828: sched_switch: prev_comm=mmcqd/1 prev_pid=117 prev_prio=120 prev_state=S ==> next_comm=swapper/0 next_pid=0 next_prio=120
          <idle>-0     [000] ...2   295.733060: sched_switch: prev_comm=swapper/0 prev_pid=0 prev_prio=120 prev_state=R ==> next_comm=mmcqd/1 next_pid=117 next_prio=120
           <...>-117   [000] ...1   295.733084: block_rq_complete: 179,0 RA () 4078784 + 8 [0]
           <...>-117   [000] ...2   295.733101: sched_switch: prev_comm=mmcqd/1 prev_pid=117 prev_prio=120 prev_state=S ==> next_comm=swapper/0 next_pid=0 next_prio=120
          <idle>-0     [000] ...2   295.733324: sched_switch: prev_comm=swapper/0 prev_pid=0 prev_prio=120 prev_state=R ==> next_comm=mmcqd/1 next_pid=117 next_prio=120
           <...>-117   [000] ...1   295.733348: block_rq_complete: 179,0 RA () 4078752 + 8 [0]
           <...>-117   [000] ...2   295.733377: sched_switch: prev_comm=mmcqd/1 prev_pid=117 prev_prio=120 prev_state=S ==> next_comm=swapper/0 next_pid=0 next_prio=120
          <idle>-0     [000] ...2   295.733585: sched_switch: prev_comm=swapper/0 prev_pid=0 prev_prio=120 prev_state=R ==> next_comm=mmcqd/1 next_pid=117 next_prio=120
           <...>-117   [000] ...1   295.733610: block_rq_complete: 179,0 RA () 4078736 + 8 [0]
           <...>-117   [000] ...2   295.733621: sched_switch: prev_comm=mmcqd/1 prev_pid=117 prev_prio=120 prev_state=S ==> next_comm=swapper/0 next_pid=0 next_prio=120
          <idle>-0     [000] ...2   295.734141: sched_switch: prev_comm=swapper/0 prev_pid=0 prev_prio=120 prev_state=R ==> next_comm=mmcqd/1 next_pid=117 next_prio=120
           <...>-117   [000] ...1   295.734162: block_rq_complete: 179,0 RA () 3991632 + 56 [0]
          <idle>-0     [001] ...2   295.734177: sched_switch: prev_comm=swapper/1 prev_pid=0 prev_prio=120 prev_state=R ==> next_comm=JDWP next_pid=5126 next_prio=120
           <...>-117   [000] ...2   295.734180: sched_switch: prev_comm=mmcqd/1 prev_pid=117 prev_prio=120 prev_state=R+ ==> next_comm=kworker/0:2H next_pid=520 next_prio=100
    kworker/0:2H-520   [000] ...2   295.734187: sched_switch: prev_comm=kworker/0:2H prev_pid=520 prev_prio=100 prev_state=S ==> next_comm=mmcqd/1 next_pid=117 next_prio=120
           <...>-117   [000] ...2   295.734195: sched_switch: prev_comm=mmcqd/1 prev_pid=117 prev_prio=120 prev_state=S ==> next_comm=swapper/0 next_pid=0 next_prio=120
          <idle>-0     [000] ...2   295.734244: sched_switch: prev_comm=swapper/0 prev_pid=0 prev_prio=120 prev_state=R ==> next_comm=main next_pid=5113 next_prio=120
           <...>-5113  [000] ...2   295.734256: sched_switch: prev_comm=main prev_pid=5113 prev_prio=120 prev_state=S ==> next_comm=swapper/0 next_pid=0 next_prio=120
          <idle>-0     [000] ...2   295.734275: sched_switch: prev_comm=swapper/0 prev_pid=0 prev_prio=120 prev_state=R ==> next_comm=main next_pid=5113 next_prio=120
           <...>-5126  [001] d..2   295.735041: block_rq_insert: 179,0 R 0 () 4019736 + 8 [JDWP]
           <...>-5126  [001] d..2   295.735045: block_rq_insert: 179,0 R 0 () 4019792 + 8 [JDWP]
           <...>-5113  [000] ...2   295.735058: sched_switch: prev_comm=main prev_pid=5113 prev_prio=120 prev_state=R ==> next_comm=mmcqd/1 next_pid=117 next_prio=120
           <...>-5126  [001] ...2   295.735064: sched_switch: prev_comm=JDWP prev_pid=5126 prev_prio=120 prev_state=D|W ==> next_comm=swapper/1 next_pid=0 next_prio=120
           <...>-117   [000] ...2   295.735109: sched_switch: prev_comm=mmcqd/1 prev_pid=117 prev_prio=120 prev_state=S ==> next_comm=main next_pid=5113 next_prio=120
           <...>-5113  [000] ...2   295.735323: sched_switch: prev_comm=main prev_pid=5113 prev_prio=120 prev_state=R+ ==> next_comm=mmcqd/1 next_pid=117 next_prio=120
           <...>-117   [000] ...1   295.735350: block_rq_complete: 179,0 RA () 4019736 + 8 [0]
           <...>-117   [000] ...2   295.735363: sched_switch: prev_comm=mmcqd/1 prev_pid=117 prev_prio=120 prev_state=S ==> next_comm=main next_pid=5113 next_prio=120
           <...>-5113  [000] ...2   295.735604: sched_switch: prev_comm=main prev_pid=5113 prev_prio=120 prev_state=R ==> next_comm=mmcqd/1 next_pid=117 next_prio=120
           <...>-117   [000] ...1   295.735614: block_rq_complete: 179,0 RA () 4019792 + 8 [0]
          <idle>-0     [001] ...2   295.735630: sched_switch: prev_comm=swapper/1 prev_pid=0 prev_prio=120 prev_state=R ==> next_comm=JDWP next_pid=5126 next_prio=120
           <...>-117   [000] ...2   295.735632: sched_switch: prev_comm=mmcqd/1 prev_pid=117 prev_prio=120 prev_state=R+ ==> next_comm=kworker/0:2H next_pid=520 next_prio=100
    kworker/0:2H-520   [000] ...2   295.735639: sched_switch: prev_comm=kworker/0:2H prev_pid=520 prev_prio=100 prev_state=S ==> next_comm=mmcqd/1 next_pid=117 next_prio=120
           <...>-117   [000] ...2   295.735648: sched_switch: prev_comm=mmcqd/1 prev_pid=117 prev_prio=120 prev_state=S ==> next_comm=main next_pid=5113 next_prio=120
           <...>-5126  [001] ...2   295.735943: sched_switch: prev_comm=JDWP prev_pid=5126 prev_prio=120 prev_state=R+ ==> next_comm=adbd next_pid=792 next_prio=120
           <...>-5113  [000] ...2   295.736070: sched_switch: prev_comm=main prev_pid=5113 prev_prio=120 prev_state=R+ ==> next_comm=adbd next_pid=794 next_prio=120
            adbd-792   [001] ...2   295.736118: sched_switch: prev_comm=adbd prev_pid=792 prev_prio=120 prev_state=S ==> next_comm=JDWP next_pid=5126 next_prio=120
            adbd-794   [000] ...2   295.736136: sched_switch: prev_comm=adbd prev_pid=794 prev_prio=120 prev_state=S ==> next_comm=main next_pid=5113 next_prio=120
           <...>-5126  [001] ...2   295.736325: sched_switch: prev_comm=JDWP prev_pid=5126 prev_prio=120 prev_state=S ==> next_comm=swapper/1 next_pid=0 next_prio=120
           <...>-5113  [000] ...2   295.736552: sched_switch: prev_comm=main prev_pid=5113 prev_prio=120 prev_state=R ==> next_comm=adbd next_pid=795 next_prio=120
          <idle>-0     [001] ...2   295.736578: sched_switch: prev_comm=swapper/1 prev_pid=0 prev_prio=120 prev_state=R ==> next_comm=adbd next_pid=792 next_prio=120
            adbd-795   [000] ...2   295.736584: sched_switch: prev_comm=adbd prev_pid=795 prev_prio=120 prev_state=S ==> next_comm=main next_pid=5113 next_prio=120
            adbd-792   [001] ...2   295.736777: sched_switch: prev_comm=adbd prev_pid=792 prev_prio=120 prev_state=S ==> next_comm=adbd next_pid=794 next_prio=120
            adbd-794   [001] ...2   295.736817: sched_switch: prev_comm=adbd prev_pid=794 prev_prio=120 prev_state=S ==> next_comm=swapper/1 next_pid=0 next_prio=120
           <...>-5113  [000] ...2   295.737219: sched_switch: prev_comm=main prev_pid=5113 prev_prio=120 prev_state=R ==> next_comm=adbd next_pid=795 next_prio=120
          <idle>-0     [001] ...2   295.737246: sched_switch: prev_comm=swapper/1 prev_pid=0 prev_prio=120 prev_state=R ==> next_comm=adbd next_pid=792 next_prio=120
            adbd-795   [000] ...2   295.737250: sched_switch: prev_comm=adbd prev_pid=795 prev_prio=120 prev_state=S ==> next_comm=main next_pid=5113 next_prio=120
            adbd-792   [001] ...2   295.737357: sched_switch: prev_comm=adbd prev_pid=792 prev_prio=120 prev_state=S ==> next_comm=adbd next_pid=794 next_prio=120
            adbd-794   [001] ...2   295.737365: sched_switch: prev_comm=adbd prev_pid=794 prev_prio=120 prev_state=S ==> next_comm=swapper/1 next_pid=0 next_prio=120
          <idle>-0     [001] ...2   295.741985: sched_switch: prev_comm=swapper/1 prev_pid=0 prev_prio=120 prev_state=R ==> next_comm=kworker/u:4 next_pid=251 next_prio=120
           <...>-5113  [000] ...2   295.742000: sched_switch: prev_comm=main prev_pid=5113 prev_prio=120 prev_state=R ==> next_comm=kworker/0:1 next_pid=15 next_prio=120
           <...>-251   [001] ...2   295.742008: sched_switch: prev_comm=kworker/u:4 prev_pid=251 prev_prio=120 prev_state=S ==> next_comm=swapper/1 next_pid=0 next_prio=120
     kworker/0:1-15    [000] ...2   295.742013: sched_switch: prev_comm=kworker/0:1 prev_pid=15 prev_prio=120 prev_state=S ==> next_comm=kworker/0:2H next_pid=520 next_prio=100
    kworker/0:2H-520   [000] ...2   295.742029: sched_switch: prev_comm=kworker/0:2H prev_pid=520 prev_prio=100 prev_state=S ==> next_comm=mpdecision next_pid=1614 next_prio=113
      mpdecision-1614  [000] ...2   295.742290: sched_switch: prev_comm=mpdecision prev_pid=1614 prev_prio=113 prev_state=S ==> next_comm=main next_pid=5113 next_prio=120
           <...>-5113  [000] d..2   295.749478: block_rq_insert: 179,0 R 0 () 4085616 + 40 [main]
           <...>-5113  [000] ...2   295.749504: sched_switch: prev_comm=main prev_pid=5113 prev_prio=120 prev_state=R+ ==> next_comm=mmcqd/1 next_pid=117 next_prio=120
           <...>-117   [000] ...2   295.749571: sched_switch: prev_comm=mmcqd/1 prev_pid=117 prev_prio=120 prev_state=S ==> next_comm=main next_pid=5113 next_prio=120
           <...>-5113  [000] ...2   295.750119: sched_switch: prev_comm=main prev_pid=5113 prev_prio=120 prev_state=R ==> next_comm=mmcqd/1 next_pid=117 next_prio=120
           <...>-117   [000] ...1   295.750137: block_rq_complete: 179,0 RA () 4085616 + 40 [0]
           <...>-117   [000] ...2   295.750156: sched_switch: prev_comm=mmcqd/1 prev_pid=117 prev_prio=120 prev_state=R+ ==> next_comm=kworker/0:2H next_pid=520 next_prio=100
    kworker/0:2H-520   [000] ...2   295.750164: sched_switch: prev_comm=kworker/0:2H prev_pid=520 prev_prio=100 prev_state=S ==> next_comm=mmcqd/1 next_pid=117 next_prio=120
           <...>-117   [000] ...2   295.750175: sched_switch: prev_comm=mmcqd/1 prev_pid=117 prev_prio=120 prev_state=S ==> next_comm=main next_pid=5113 next_prio=120
           <...>-5113  [000] d..2   295.752370: block_rq_insert: 179,0 R 0 () 874176 + 8 [main]
           <...>-5113  [000] ...2   295.752382: sched_switch: prev_comm=main prev_pid=5113 prev_prio=120 prev_state=R+ ==> next_comm=mmcqd/1 next_pid=117 next_prio=120
           <...>-117   [000] ...2   295.752420: sched_switch: prev_comm=mmcqd/1 prev_pid=117 prev_prio=120 prev_state=S ==> next_comm=main next_pid=5113 next_prio=120
           <...>-5113  [000] ...2   295.752427: sched_switch: prev_comm=main prev_pid=5113 prev_prio=120 prev_state=D|W ==> next_comm=swapper/0 next_pid=0 next_prio=120
          <idle>-0     [000] ...2   295.752450: sched_switch: prev_comm=swapper/0 prev_pid=0 prev_prio=120 prev_state=R ==> next_comm=ksoftirqd/0 next_pid=3 next_prio=120
     ksoftirqd/0-3     [000] ...2   295.752459: sched_switch: prev_comm=ksoftirqd/0 prev_pid=3 prev_prio=120 prev_state=S ==> next_comm=swapper/0 next_pid=0 next_prio=120
          <idle>-0     [000] ...2   295.752475: sched_switch: prev_comm=swapper/0 prev_pid=0 prev_prio=120 prev_state=R ==> next_comm=ksoftirqd/0 next_pid=3 next_prio=120
     ksoftirqd/0-3     [000] ...2   295.752481: sched_switch: prev_comm=ksoftirqd/0 prev_pid=3 prev_prio=120 prev_state=S ==> next_comm=swapper/0 next_pid=0 next_prio=120
          <idle>-0     [000] ...2   295.752495: sched_switch: prev_comm=swapper/0 prev_pid=0 prev_prio=120 prev_state=R ==> next_comm=ksoftirqd/0 next_pid=3 next_prio=120
     ksoftirqd/0-3     [000] ...2   295.752506: sched_switch: prev_comm=ksoftirqd/0 prev_pid=3 prev_prio=120 prev_state=S ==> next_comm=swapper/0 next_pid=0 next_prio=120
          <idle>-0     [000] ...2   295.752657: sched_switch: prev_comm=swapper/0 prev_pid=0 prev_prio=120 prev_state=R ==> next_comm=mmcqd/1 next_pid=117 next_prio=120
           <...>-117   [000] ...1   295.752667: block_rq_complete: 179,0 RA () 874176 + 8 [0]
           <...>-117   [000] ...2   295.752684: sched_switch: prev_comm=mmcqd/1 prev_pid=117 prev_prio=120 prev_state=R+ ==> next_comm=kworker/0:2H next_pid=520 next_prio=100
    kworker/0:2H-520   [000] ...2   295.752692: sched_switch: prev_comm=kworker/0:2H prev_pid=520 prev_prio=100 prev_state=S ==> next_comm=mmcqd/1 next_pid=117 next_prio=120
           <...>-117   [000] ...2   295.752701: sched_switch: prev_comm=mmcqd/1 prev_pid=117 prev_prio=120 prev_state=S ==> next_comm=main next_pid=5113 next_prio=120
           <...>-5113  [000] d..2   295.755879: block_rq_insert: 179,0 R 0 () 4084864 + 8 [main]
           <...>-5113  [000] ...2   295.755892: sched_switch: prev_comm=main prev_pid=5113 prev_prio=120 prev_state=R+ ==> next_comm=mmcqd/1 next_pid=117 next_prio=120
           <...>-117   [000] ...2   295.755937: sched_switch: prev_comm=mmcqd/1 prev_pid=117 prev_prio=120 prev_state=S ==> next_comm=main next_pid=5113 next_prio=120
           <...>-5113  [000] ...2   295.755942: sched_switch: prev_comm=main prev_pid=5113 prev_prio=120 prev_state=D|W ==> next_comm=swapper/0 next_pid=0 next_prio=120
          <idle>-0     [000] ...2   295.755959: sched_switch: prev_comm=swapper/0 prev_pid=0 prev_prio=120 prev_state=R ==> next_comm=ksoftirqd/0 next_pid=3 next_prio=120
     ksoftirqd/0-3     [000] ...2   295.755967: sched_switch: prev_comm=ksoftirqd/0 prev_pid=3 prev_prio=120 prev_state=S ==> next_comm=swapper/0 next_pid=0 next_prio=120
          <idle>-0     [000] ...2   295.755982: sched_switch: prev_comm=swapper/0 prev_pid=0 prev_prio=120 prev_state=R ==> next_comm=ksoftirqd/0 next_pid=3 next_prio=120
     ksoftirqd/0-3     [000] ...2   295.755989: sched_switch: prev_comm=ksoftirqd/0 prev_pid=3 prev_prio=120 prev_state=S ==> next_comm=swapper/0 next_pid=0 next_prio=120
          <idle>-0     [000] ...2   295.756003: sched_switch: prev_comm=swapper/0 prev_pid=0 prev_prio=120 prev_state=R ==> next_comm=ksoftirqd/0 next_pid=3 next_prio=120
     ksoftirqd/0-3     [000] ...2   295.756009: sched_switch: prev_comm=ksoftirqd/0 prev_pid=3 prev_prio=120 prev_state=S ==> next_comm=swapper/0 next_pid=0 next_prio=120
          <idle>-0     [000] ...2   295.756160: sched_switch: prev_comm=swapper/0 prev_pid=0 prev_prio=120 prev_state=R ==> next_comm=mmcqd/1 next_pid=117 next_prio=120
           <...>-117   [000] ...1   295.756171: block_rq_complete: 179,0 RA () 4084864 + 8 [0]
           <...>-117   [000] ...2   295.756189: sched_switch: prev_comm=mmcqd/1 prev_pid=117 prev_prio=120 prev_state=R+ ==> next_comm=kworker/0:2H next_pid=520 next_prio=100
    kworker/0:2H-520   [000] ...2   295.756196: sched_switch: prev_comm=kworker/0:2H prev_pid=520 prev_prio=100 prev_state=S ==> next_comm=mmcqd/1 next_pid=117 next_prio=120
           <...>-117   [000] ...2   295.756207: sched_switch: prev_comm=mmcqd/1 prev_pid=117 prev_prio=120 prev_state=S ==> next_comm=main next_pid=5113 next_prio=120
           <...>-5113  [000] d..2   295.757691: block_rq_insert: 179,0 R 0 () 4077832 + 8 [main]
           <...>-5113  [000] d..2   295.757694: block_rq_insert: 179,0 R 0 () 4077848 + 8 [main]
           <...>-5113  [000] d..2   295.757697: block_rq_insert: 179,0 R 0 () 4077872 + 8 [main]
           <...>-5113  [000] ...2   295.757708: sched_switch: prev_comm=main prev_pid=5113 prev_prio=120 prev_state=R+ ==> next_comm=mmcqd/1 next_pid=117 next_prio=120
           <...>-117   [000] ...2   295.757755: sched_switch: prev_comm=mmcqd/1 prev_pid=117 prev_prio=120 prev_state=S ==> next_comm=main next_pid=5113 next_prio=120
           <...>-5113  [000] ...2   295.757761: sched_switch: prev_comm=main prev_pid=5113 prev_prio=120 prev_state=D|W ==> next_comm=swapper/0 next_pid=0 next_prio=120
          <idle>-0     [000] ...2   295.757978: sched_switch: prev_comm=swapper/0 prev_pid=0 prev_prio=120 prev_state=R ==> next_comm=mmcqd/1 next_pid=117 next_prio=120
           <...>-117   [000] ...1   295.758004: block_rq_complete: 179,0 RA () 4077872 + 8 [0]
           <...>-117   [000] ...2   295.758023: sched_switch: prev_comm=mmcqd/1 prev_pid=117 prev_prio=120 prev_state=S ==> next_comm=swapper/0 next_pid=0 next_prio=120
          <idle>-0     [000] ...2   295.758246: sched_switch: prev_comm=swapper/0 prev_pid=0 prev_prio=120 prev_state=R ==> next_comm=mmcqd/1 next_pid=117 next_prio=120
           <...>-117   [000] ...1   295.758270: block_rq_complete: 179,0 RA () 4077848 + 8 [0]
           <...>-117   [000] ...2   295.758285: sched_switch: prev_comm=mmcqd/1 prev_pid=117 prev_prio=120 prev_state=S ==> next_comm=main next_pid=5113 next_prio=120
           <...>-5113  [000] ...2   295.758528: sched_switch: prev_comm=main prev_pid=5113 prev_prio=120 prev_state=R ==> next_comm=mmcqd/1 next_pid=117 next_prio=120
           <...>-117   [000] ...1   295.758538: block_rq_complete: 179,0 RA () 4077832 + 8 [0]
           <...>-117   [000] ...2   295.758551: sched_switch: prev_comm=mmcqd/1 prev_pid=117 prev_prio=120 prev_state=R+ ==> next_comm=kworker/0:2H next_pid=520 next_prio=100
    kworker/0:2H-520   [000] ...2   295.758558: sched_switch: prev_comm=kworker/0:2H prev_pid=520 prev_prio=100 prev_state=S ==> next_comm=mmcqd/1 next_pid=117 next_prio=120
           <...>-117   [000] ...2   295.758567: sched_switch: prev_comm=mmcqd/1 prev_pid=117 prev_prio=120 prev_state=S ==> next_comm=main next_pid=5113 next_prio=120
           <...>-5113  [000] d..2   295.762351: block_rq_insert: 179,0 R 0 () 3997296 + 8 [main]
           <...>-5113  [000] ...2   295.762365: sched_switch: prev_comm=main prev_pid=5113 prev_prio=120 prev_state=R+ ==> next_comm=mmcqd/1 next_pid=117 next_prio=120
           <...>-117   [000] ...2   295.762411: sched_switch: prev_comm=mmcqd/1 prev_pid=117 prev_prio=120 prev_state=S ==> next_comm=main next_pid=5113 next_prio=120
           <...>-5113  [000] ...2   295.762418: sched_switch: prev_comm=main prev_pid=5113 prev_prio=120 prev_state=D|W ==> next_comm=swapper/0 next_pid=0 next_prio=120
          <idle>-0     [000] ...2   295.762654: sched_switch: prev_comm=swapper/0 prev_pid=0 prev_prio=120 prev_state=R ==> next_comm=mmcqd/1 next_pid=117 next_prio=120
           <...>-117   [000] ...1   295.762663: block_rq_complete: 179,0 RA () 3997296 + 8 [0]
           <...>-117   [000] ...2   295.762681: sched_switch: prev_comm=mmcqd/1 prev_pid=117 prev_prio=120 prev_state=R+ ==> next_comm=kworker/0:2H next_pid=520 next_prio=100
    kworker/0:2H-520   [000] ...2   295.762689: sched_switch: prev_comm=kworker/0:2H prev_pid=520 prev_prio=100 prev_state=S ==> next_comm=mmcqd/1 next_pid=117 next_prio=120
           <...>-117   [000] ...2   295.762699: sched_switch: prev_comm=mmcqd/1 prev_pid=117 prev_prio=120 prev_state=S ==> next_comm=main next_pid=5113 next_prio=120
           <...>-5113  [000] d..2   295.762730: block_rq_insert: 179,0 R 0 () 4010088 + 8 [main]
           <...>-5113  [000] d..2   295.762732: block_rq_insert: 179,0 R 0 () 4010136 + 8 [main]
           <...>-5113  [000] ...2   295.762741: sched_switch: prev_comm=main prev_pid=5113 prev_prio=120 prev_state=R+ ==> next_comm=mmcqd/1 next_pid=117 next_prio=120
           <...>-117   [000] ...2   295.762782: sched_switch: prev_comm=mmcqd/1 prev_pid=117 prev_prio=120 prev_state=S ==> next_comm=main next_pid=5113 next_prio=120
           <...>-5113  [000] ...2   295.762787: sched_switch: prev_comm=main prev_pid=5113 prev_prio=120 prev_state=D|W ==> next_comm=swapper/0 next_pid=0 next_prio=120
          <idle>-0     [000] ...2   295.763017: sched_switch: prev_comm=swapper/0 prev_pid=0 prev_prio=120 prev_state=R ==> next_comm=mmcqd/1 next_pid=117 next_prio=120
           <...>-117   [000] ...1   295.763041: block_rq_complete: 179,0 RA () 4010088 + 8 [0]
           <...>-117   [000] ...2   295.763052: sched_switch: prev_comm=mmcqd/1 prev_pid=117 prev_prio=120 prev_state=S ==> next_comm=swapper/0 next_pid=0 next_prio=120
          <idle>-0     [000] ...2   295.763282: sched_switch: prev_comm=swapper/0 prev_pid=0 prev_prio=120 prev_state=R ==> next_comm=mmcqd/1 next_pid=117 next_prio=120
           <...>-117   [000] ...1   295.763292: block_rq_complete: 179,0 RA () 4010136 + 8 [0]
           <...>-117   [000] ...2   295.763307: sched_switch: prev_comm=mmcqd/1 prev_pid=117 prev_prio=120 prev_state=R+ ==> next_comm=kworker/0:2H next_pid=520 next_prio=100
    kworker/0:2H-520   [000] ...2   295.763314: sched_switch: prev_comm=kworker/0:2H prev_pid=520 prev_prio=100 prev_state=S ==> next_comm=mmcqd/1 next_pid=117 next_prio=120
           <...>-117   [000] ...2   295.763322: sched_switch: prev_comm=mmcqd/1 prev_pid=117 prev_prio=120 prev_state=S ==> next_comm=main next_pid=5113 next_prio=120
           <...>-5113  [000] d..2   295.763364: block_rq_insert: 179,0 R 0 () 4020328 + 8 [main]
           <...>-5113  [000] d..2   295.763367: block_rq_insert: 179,0 R 0 () 4020392 + 56 [main]
           <...>-5113  [000] ...2   295.763375: sched_switch: prev_comm=main prev_pid=5113 prev_prio=120 prev_state=R+ ==> next_comm=mmcqd/1 next_pid=117 next_prio=120
           <...>-117   [000] ...2   295.763427: sched_switch: prev_comm=mmcqd/1 prev_pid=117 prev_prio=120 prev_state=S ==> next_comm=main next_pid=5113 next_prio=120
           <...>-5113  [000] ...2   295.763432: sched_switch: prev_comm=main prev_pid=5113 prev_prio=120 prev_state=D|W ==> next_comm=swapper/0 next_pid=0 next_prio=120
          <idle>-0     [000] ...2   295.763651: sched_switch: prev_comm=swapper/0 prev_pid=0 prev_prio=120 prev_state=R ==> next_comm=mmcqd/1 next_pid=117 next_prio=120
           <...>-117   [000] ...1   295.763675: block_rq_complete: 179,0 RA () 4020328 + 8 [0]
           <...>-117   [000] ...2   295.763686: sched_switch: prev_comm=mmcqd/1 prev_pid=117 prev_prio=120 prev_state=S ==> next_comm=swapper/0 next_pid=0 next_prio=120
          <idle>-0     [000] ...2   295.764162: sched_switch: prev_comm=swapper/0 prev_pid=0 prev_prio=120 prev_state=R ==> next_comm=mmcqd/1 next_pid=117 next_prio=120
           <...>-117   [000] ...1   295.764181: block_rq_complete: 179,0 RA () 4020392 + 56 [0]
           <...>-117   [000] ...2   295.764199: sched_switch: prev_comm=mmcqd/1 prev_pid=117 prev_prio=120 prev_state=R+ ==> next_comm=kworker/0:2H next_pid=520 next_prio=100
    kworker/0:2H-520   [000] ...2   295.764205: sched_switch: prev_comm=kworker/0:2H prev_pid=520 prev_prio=100 prev_state=S ==> next_comm=mmcqd/1 next_pid=117 next_prio=120
           <...>-117   [000] ...2   295.764213: sched_switch: prev_comm=mmcqd/1 prev_pid=117 prev_prio=120 prev_state=S ==> next_comm=main next_pid=5113 next_prio=120
           <...>-5113  [000] d..2   295.774228: block_rq_insert: 179,0 R 0 () 3994176 + 120 [main]
           <...>-5113  [000] ...2   295.774248: sched_switch: prev_comm=main prev_pid=5113 prev_prio=120 prev_state=R+ ==> next_comm=mmcqd/1 next_pid=117 next_prio=120
           <...>-117   [000] ...2   295.774330: sched_switch: prev_comm=mmcqd/1 prev_pid=117 prev_prio=120 prev_state=S ==> next_comm=main next_pid=5113 next_prio=120
           <...>-5113  [000] d..2   295.774412: block_rq_insert: 179,0 R 0 () 4077504 + 24 [main]
           <...>-5113  [000] ...2   295.774423: sched_switch: prev_comm=main prev_pid=5113 prev_prio=120 prev_state=R+ ==> next_comm=mmcqd/1 next_pid=117 next_prio=120
           <...>-117   [000] ...2   295.774444: sched_switch: prev_comm=mmcqd/1 prev_pid=117 prev_prio=120 prev_state=S ==> next_comm=main next_pid=5113 next_prio=120
           <...>-5113  [000] ...2   295.774450: sched_switch: prev_comm=main prev_pid=5113 prev_prio=120 prev_state=D|W ==> next_comm=swapper/0 next_pid=0 next_prio=120
          <idle>-0     [000] ...2   295.774470: sched_switch: prev_comm=swapper/0 prev_pid=0 prev_prio=120 prev_state=R ==> next_comm=ksoftirqd/0 next_pid=3 next_prio=120
     ksoftirqd/0-3     [000] ...2   295.774479: sched_switch: prev_comm=ksoftirqd/0 prev_pid=3 prev_prio=120 prev_state=S ==> next_comm=swapper/0 next_pid=0 next_prio=120
          <idle>-0     [000] ...2   295.774495: sched_switch: prev_comm=swapper/0 prev_pid=0 prev_prio=120 prev_state=R ==> next_comm=ksoftirqd/0 next_pid=3 next_prio=120
     ksoftirqd/0-3     [000] ...2   295.774504: sched_switch: prev_comm=ksoftirqd/0 prev_pid=3 prev_prio=120 prev_state=S ==> next_comm=swapper/0 next_pid=0 next_prio=120
          <idle>-0     [000] ...2   295.774518: sched_switch: prev_comm=swapper/0 prev_pid=0 prev_prio=120 prev_state=R ==> next_comm=ksoftirqd/0 next_pid=3 next_prio=120
     ksoftirqd/0-3     [000] ...2   295.774526: sched_switch: prev_comm=ksoftirqd/0 prev_pid=3 prev_prio=120 prev_state=S ==> next_comm=swapper/0 next_pid=0 next_prio=120
          <idle>-0     [000] ...2   295.775248: sched_switch: prev_comm=swapper/0 prev_pid=0 prev_prio=120 prev_state=R ==> next_comm=mmcqd/1 next_pid=117 next_prio=120
           <...>-117   [000] ...1   295.775299: block_rq_complete: 179,0 RA () 3994176 + 120 [0]
           <...>-117   [000] ...2   295.775316: sched_switch: prev_comm=mmcqd/1 prev_pid=117 prev_prio=120 prev_state=S ==> next_comm=swapper/0 next_pid=0 next_prio=120
          <idle>-0     [000] ...2   295.775566: sched_switch: prev_comm=swapper/0 prev_pid=0 prev_prio=120 prev_state=R ==> next_comm=mmcqd/1 next_pid=117 next_prio=120
           <...>-117   [000] ...1   295.775579: block_rq_complete: 179,0 RA () 4077504 + 24 [0]
           <...>-117   [000] ...2   295.775598: sched_switch: prev_comm=mmcqd/1 prev_pid=117 prev_prio=120 prev_state=R+ ==> next_comm=kworker/0:2H next_pid=520 next_prio=100
    kworker/0:2H-520   [000] ...2   295.775606: sched_switch: prev_comm=kworker/0:2H prev_pid=520 prev_prio=100 prev_state=S ==> next_comm=mmcqd/1 next_pid=117 next_prio=120
           <...>-117   [000] ...2   295.775616: sched_switch: prev_comm=mmcqd/1 prev_pid=117 prev_prio=120 prev_state=S ==> next_comm=main next_pid=5113 next_prio=120
           <...>-5113  [000] d..2   295.775849: block_rq_insert: 179,0 R 0 () 4079680 + 16 [main]
           <...>-5113  [000] d..2   295.775852: block_rq_insert: 179,0 R 0 () 4079712 + 8 [main]
           <...>-5113  [000] d..2   295.775854: block_rq_insert: 179,0 R 0 () 4079728 + 8 [main]
           <...>-5113  [000] ...2   295.775864: sched_switch: prev_comm=main prev_pid=5113 prev_prio=120 prev_state=R+ ==> next_comm=mmcqd/1 next_pid=117 next_prio=120
           <...>-117   [000] ...2   295.775910: sched_switch: prev_comm=mmcqd/1 prev_pid=117 prev_prio=120 prev_state=S ==> next_comm=main next_pid=5113 next_prio=120
           <...>-5113  [000] ...2   295.776170: sched_switch: prev_comm=main prev_pid=5113 prev_prio=120 prev_state=R ==> next_comm=mmcqd/1 next_pid=117 next_prio=120
           <...>-117   [000] ...1   295.776196: block_rq_complete: 179,0 RA () 4079680 + 16 [0]
           <...>-117   [000] ...2   295.776216: sched_switch: prev_comm=mmcqd/1 prev_pid=117 prev_prio=120 prev_state=S ==> next_comm=main next_pid=5113 next_prio=120
           <...>-5113  [000] d..2   295.776326: block_rq_insert: 179,0 R 0 () 4026240 + 32 [main]
           <...>-5113  [000] d..2   295.776329: block_rq_insert: 179,0 R 0 () 4026288 + 16 [main]
           <...>-5113  [000] d..2   295.776331: block_rq_insert: 179,0 R 0 () 4026360 + 16 [main]
           <...>-5113  [000] ...2   295.776339: sched_switch: prev_comm=main prev_pid=5113 prev_prio=120 prev_state=D|W ==> next_comm=swapper/0 next_pid=0 next_prio=120
          <idle>-0     [000] ...2   295.776458: sched_switch: prev_comm=swapper/0 prev_pid=0 prev_prio=120 prev_state=R ==> next_comm=mmcqd/1 next_pid=117 next_prio=120
           <...>-117   [000] ...1   295.776483: block_rq_complete: 179,0 RA () 4079712 + 8 [0]
           <...>-117   [000] ...2   295.776507: sched_switch: prev_comm=mmcqd/1 prev_pid=117 prev_prio=120 prev_state=S ==> next_comm=swapper/0 next_pid=0 next_prio=120
          <idle>-0     [000] ...2   295.776779: sched_switch: prev_comm=swapper/0 prev_pid=0 prev_prio=120 prev_state=R ==> next_comm=mmcqd/1 next_pid=117 next_prio=120
           <...>-117   [000] ...1   295.776803: block_rq_complete: 179,0 RA () 4079728 + 8 [0]
           <...>-117   [000] ...2   295.776823: sched_switch: prev_comm=mmcqd/1 prev_pid=117 prev_prio=120 prev_state=S ==> next_comm=swapper/0 next_pid=0 next_prio=120
          <idle>-0     [000] ...2   295.777145: sched_switch: prev_comm=swapper/0 prev_pid=0 prev_prio=120 prev_state=R ==> next_comm=mmcqd/1 next_pid=117 next_prio=120
           <...>-117   [000] ...1   295.777174: block_rq_complete: 179,0 RA () 4026240 + 32 [0]
           <...>-117   [000] ...2   295.777193: sched_switch: prev_comm=mmcqd/1 prev_pid=117 prev_prio=120 prev_state=S ==> next_comm=swapper/0 next_pid=0 next_prio=120
          <idle>-0     [000] ...2   295.777425: sched_switch: prev_comm=swapper/0 prev_pid=0 prev_prio=120 prev_state=R ==> next_comm=mmcqd/1 next_pid=117 next_prio=120
           <...>-117   [000] ...1   295.777450: block_rq_complete: 179,0 RA () 4026288 + 16 [0]
           <...>-117   [000] ...2   295.777461: sched_switch: prev_comm=mmcqd/1 prev_pid=117 prev_prio=120 prev_state=S ==> next_comm=swapper/0 next_pid=0 next_prio=120
          <idle>-0     [000] ...2   295.777880: sched_switch: prev_comm=swapper/0 prev_pid=0 prev_prio=120 prev_state=R ==> next_comm=mmcqd/1 next_pid=117 next_prio=120
           <...>-117   [000] ...1   295.777890: block_rq_complete: 179,0 RA () 4026360 + 16 [0]
           <...>-117   [000] ...2   295.777906: sched_switch: prev_comm=mmcqd/1 prev_pid=117 prev_prio=120 prev_state=R+ ==> next_comm=kworker/0:2H next_pid=520 next_prio=100
    kworker/0:2H-520   [000] ...2   295.777913: sched_switch: prev_comm=kworker/0:2H prev_pid=520 prev_prio=100 prev_state=S ==> next_comm=mmcqd/1 next_pid=117 next_prio=120
           <...>-117   [000] ...2   295.777922: sched_switch: prev_comm=mmcqd/1 prev_pid=117 prev_prio=120 prev_state=S ==> next_comm=main next_pid=5113 next_prio=120
           <...>-5113  [000] d..2   295.778954: block_rq_insert: 179,0 R 0 () 4028944 + 256 [main]
           <...>-5113  [000] ...2   295.778966: sched_switch: prev_comm=main prev_pid=5113 prev_prio=120 prev_state=R+ ==> next_comm=mmcqd/1 next_pid=117 next_prio=120
           <...>-117   [000] ...2   295.779062: sched_switch: prev_comm=mmcqd/1 prev_pid=117 prev_prio=120 prev_state=S ==> next_comm=main next_pid=5113 next_prio=120
           <...>-5113  [000] d..2   295.779409: block_rq_insert: 179,0 R 0 () 4026808 + 8 [main]
           <...>-5113  [000] ...2   295.779420: sched_switch: prev_comm=main prev_pid=5113 prev_prio=120 prev_state=R+ ==> next_comm=mmcqd/1 next_pid=117 next_prio=120
           <...>-117   [000] ...2   295.779436: sched_switch: prev_comm=mmcqd/1 prev_pid=117 prev_prio=120 prev_state=S ==> next_comm=main next_pid=5113 next_prio=120
           <...>-5113  [000] ...2   295.779441: sched_switch: prev_comm=main prev_pid=5113 prev_prio=120 prev_state=D|W ==> next_comm=swapper/0 next_pid=0 next_prio=120
          <idle>-0     [000] ...2   295.780529: sched_switch: prev_comm=swapper/0 prev_pid=0 prev_prio=120 prev_state=R ==> next_comm=mmcqd/1 next_pid=117 next_prio=120
           <...>-117   [000] ...1   295.780603: block_rq_complete: 179,0 RA () 4028944 + 256 [0]
           <...>-117   [000] ...2   295.780627: sched_switch: prev_comm=mmcqd/1 prev_pid=117 prev_prio=120 prev_state=S ==> next_comm=swapper/0 next_pid=0 next_prio=120
          <idle>-0     [000] ...2   295.780774: sched_switch: prev_comm=swapper/0 prev_pid=0 prev_prio=120 prev_state=R ==> next_comm=mmcqd/1 next_pid=117 next_prio=120
           <...>-117   [000] ...1   295.780784: block_rq_complete: 179,0 RA () 4026808 + 8 [0]
           <...>-117   [000] ...2   295.780799: sched_switch: prev_comm=mmcqd/1 prev_pid=117 prev_prio=120 prev_state=R+ ==> next_comm=kworker/0:2H next_pid=520 next_prio=100
    kworker/0:2H-520   [000] ...2   295.780807: sched_switch: prev_comm=kworker/0:2H prev_pid=520 prev_prio=100 prev_state=S ==> next_comm=mmcqd/1 next_pid=117 next_prio=120
           <...>-117   [000] ...2   295.780815: sched_switch: prev_comm=mmcqd/1 prev_pid=117 prev_prio=120 prev_state=S ==> next_comm=main next_pid=5113 next_prio=120
           <...>-5113  [000] d..2   295.783325: block_rq_insert: 179,0 R 0 () 4008664 + 16 [main]
           <...>-5113  [000] d..2   295.783329: block_rq_insert: 179,0 R 0 () 4008712 + 8 [main]
           <...>-5113  [000] ...2   295.783342: sched_switch: prev_comm=main prev_pid=5113 prev_prio=120 prev_state=R+ ==> next_comm=mmcqd/1 next_pid=117 next_prio=120
           <...>-117   [000] ...2   295.783398: sched_switch: prev_comm=mmcqd/1 prev_pid=117 prev_prio=120 prev_state=S ==> next_comm=main next_pid=5113 next_prio=120
           <...>-5113  [000] ...2   295.783406: sched_switch: prev_comm=main prev_pid=5113 prev_prio=120 prev_state=D|W ==> next_comm=swapper/0 next_pid=0 next_prio=120
          <idle>-0     [000] ...2   295.783613: sched_switch: prev_comm=swapper/0 prev_pid=0 prev_prio=120 prev_state=R ==> next_comm=mmcqd/1 next_pid=117 next_prio=120
           <...>-117   [000] ...1   295.783639: block_rq_complete: 179,0 RA () 4008712 + 8 [0]
           <...>-117   [000] ...2   295.783653: sched_switch: prev_comm=mmcqd/1 prev_pid=117 prev_prio=120 prev_state=S ==> next_comm=swapper/0 next_pid=0 next_prio=120
          <idle>-0     [000] ...2   295.783943: sched_switch: prev_comm=swapper/0 prev_pid=0 prev_prio=120 prev_state=R ==> next_comm=mmcqd/1 next_pid=117 next_prio=120
           <...>-117   [000] ...1   295.783954: block_rq_complete: 179,0 RA () 4008664 + 16 [0]
           <...>-117   [000] ...2   295.783971: sched_switch: prev_comm=mmcqd/1 prev_pid=117 prev_prio=120 prev_state=R+ ==> next_comm=kworker/0:2H next_pid=520 next_prio=100
    kworker/0:2H-520   [000] ...2   295.783979: sched_switch: prev_comm=kworker/0:2H prev_pid=520 prev_prio=100 prev_state=S ==> next_comm=mmcqd/1 next_pid=117 next_prio=120
           <...>-117   [000] ...2   295.783989: sched_switch: prev_comm=mmcqd/1 prev_pid=117 prev_prio=120 prev_state=S ==> next_comm=main next_pid=5113 next_prio=120
          <idle>-0     [001] ...2   295.787070: sched_switch: prev_comm=swapper/1 prev_pid=0 prev_prio=120 prev_state=R ==> next_comm=main next_pid=5132 next_prio=120
           <...>-5113  [000] ...2   295.787081: sched_switch: prev_comm=main prev_pid=5113 prev_prio=120 prev_state=R+ ==> next_comm=logcat next_pid=821 next_prio=120
          logcat-821   [000] ...2   295.787198: sched_switch: prev_comm=logcat prev_pid=821 prev_prio=120 prev_state=S ==> next_comm=logcat next_pid=818 next_prio=120
          logcat-818   [000] ...2   295.787291: sched_switch: prev_comm=logcat prev_pid=818 prev_prio=120 prev_state=S ==> next_comm=kworker/0:1 next_pid=15 next_prio=120
           <...>-5132  [001] ...2   295.787307: sched_switch: prev_comm=Binder_1 prev_pid=5132 prev_prio=120 prev_state=R+ ==> next_comm=adbd next_pid=792 next_prio=120
     kworker/0:1-15    [000] ...2   295.787313: sched_switch: prev_comm=kworker/0:1 prev_pid=15 prev_prio=120 prev_state=S ==> next_comm=main next_pid=5113 next_prio=120
            adbd-792   [001] ...2   295.787502: sched_switch: prev_comm=adbd prev_pid=792 prev_prio=120 prev_state=S ==> next_comm=adbd next_pid=794 next_prio=120
           <...>-5113  [000] d..2   295.787574: block_rq_insert: 179,0 R 0 () 4008840 + 8 [main]
           <...>-5113  [000] d..2   295.787579: block_rq_insert: 179,0 R 0 () 4008920 + 48 [main]
            adbd-794   [001] ...2   295.787580: sched_switch: prev_comm=adbd prev_pid=794 prev_prio=120 prev_state=S ==> next_comm=Binder_1 next_pid=5132 next_prio=120
           <...>-5113  [000] ...2   295.787589: sched_switch: prev_comm=main prev_pid=5113 prev_prio=120 prev_state=R+ ==> next_comm=mmcqd/1 next_pid=117 next_prio=120
           <...>-117   [000] ...2   295.787658: sched_switch: prev_comm=mmcqd/1 prev_pid=117 prev_prio=120 prev_state=S ==> next_comm=main next_pid=5113 next_prio=120
           <...>-5113  [000] ...2   295.787668: sched_switch: prev_comm=main prev_pid=5113 prev_prio=120 prev_state=D|W ==> next_comm=swapper/0 next_pid=0 next_prio=120
          <idle>-0     [000] ...2   295.787681: sched_switch: prev_comm=swapper/0 prev_pid=0 prev_prio=120 prev_state=R ==> next_comm=ksoftirqd/0 next_pid=3 next_prio=120
     ksoftirqd/0-3     [000] ...2   295.787693: sched_switch: prev_comm=ksoftirqd/0 prev_pid=3 prev_prio=120 prev_state=S ==> next_comm=swapper/0 next_pid=0 next_prio=120
          <idle>-0     [000] ...2   295.787703: sched_switch: prev_comm=swapper/0 prev_pid=0 prev_prio=120 prev_state=R ==> next_comm=ksoftirqd/0 next_pid=3 next_prio=120
     ksoftirqd/0-3     [000] ...2   295.787711: sched_switch: prev_comm=ksoftirqd/0 prev_pid=3 prev_prio=120 prev_state=S ==> next_comm=swapper/0 next_pid=0 next_prio=120
          <idle>-0     [000] ...2   295.787721: sched_switch: prev_comm=swapper/0 prev_pid=0 prev_prio=120 prev_state=R ==> next_comm=ksoftirqd/0 next_pid=3 next_prio=120
     ksoftirqd/0-3     [000] ...2   295.787730: sched_switch: prev_comm=ksoftirqd/0 prev_pid=3 prev_prio=120 prev_state=S ==> next_comm=swapper/0 next_pid=0 next_prio=120
          <idle>-0     [000] ...2   295.787864: sched_switch: prev_comm=swapper/0 prev_pid=0 prev_prio=120 prev_state=R ==> next_comm=mmcqd/1 next_pid=117 next_prio=120
           <...>-117   [000] ...1   295.787891: block_rq_complete: 179,0 RA () 4008840 + 8 [0]
           <...>-117   [000] ...2   295.787911: sched_switch: prev_comm=mmcqd/1 prev_pid=117 prev_prio=120 prev_state=S ==> next_comm=main next_pid=5113 next_prio=120
           <...>-5132  [001] ...2   295.787936: sched_switch: prev_comm=Binder_1 prev_pid=5132 prev_prio=120 prev_state=D ==> next_comm=swapper/1 next_pid=0 next_prio=120
           <...>-5113  [000] d..2   295.787946: block_rq_insert: 179,0 R 0 () 4024680 + 32 [main]
           <...>-5113  [000] d..2   295.787949: block_rq_insert: 179,0 R 0 () 4024792 + 8 [main]
          <idle>-0     [001] ...2   295.787952: sched_switch: prev_comm=swapper/1 prev_pid=0 prev_prio=120 prev_state=R ==> next_comm=ksoftirqd/1 next_pid=5106 next_prio=120
           <...>-5113  [000] ...2   295.787964: sched_switch: prev_comm=main prev_pid=5113 prev_prio=120 prev_state=R+ ==> next_comm=mmcqd/1 next_pid=117 next_prio=120
           <...>-5106  [001] ...2   295.787965: sched_switch: prev_comm=ksoftirqd/1 prev_pid=5106 prev_prio=120 prev_state=S ==> next_comm=Binder_1 next_pid=5132 next_prio=120
           <...>-117   [000] ...2   295.787985: sched_switch: prev_comm=mmcqd/1 prev_pid=117 prev_prio=120 prev_state=S ==> next_comm=main next_pid=5113 next_prio=120
           <...>-5113  [000] ...2   295.787991: sched_switch: prev_comm=main prev_pid=5113 prev_prio=120 prev_state=D|W ==> next_comm=swapper/0 next_pid=0 next_prio=120
          <idle>-0     [000] ...2   295.788015: sched_switch: prev_comm=swapper/0 prev_pid=0 prev_prio=120 prev_state=R ==> next_comm=Binder_1 next_pid=5133 next_prio=120
           <...>-5132  [001] ...2   295.788030: sched_switch: prev_comm=Binder_1 prev_pid=5132 prev_prio=120 prev_state=S ==> next_comm=swapper/1 next_pid=0 next_prio=120
          <idle>-0     [001] ...2   295.788045: sched_switch: prev_comm=swapper/1 prev_pid=0 prev_prio=120 prev_state=R ==> next_comm=ksoftirqd/1 next_pid=5106 next_prio=120
           <...>-5106  [001] ...2   295.788052: sched_switch: prev_comm=ksoftirqd/1 prev_pid=5106 prev_prio=120 prev_state=S ==> next_comm=swapper/1 next_pid=0 next_prio=120
          <idle>-0     [001] ...2   295.788065: sched_switch: prev_comm=swapper/1 prev_pid=0 prev_prio=120 prev_state=R ==> next_comm=ksoftirqd/1 next_pid=5106 next_prio=120
           <...>-5106  [001] ...2   295.788073: sched_switch: prev_comm=ksoftirqd/1 prev_pid=5106 prev_prio=120 prev_state=S ==> next_comm=swapper/1 next_pid=0 next_prio=120
           <...>-5133  [000] ...2   295.788152: sched_switch: prev_comm=Binder_2 prev_pid=5133 prev_prio=120 prev_state=R+ ==> next_comm=adbd next_pid=795 next_prio=120
          <idle>-0     [001] ...2   295.788178: sched_switch: prev_comm=swapper/1 prev_pid=0 prev_prio=120 prev_state=R ==> next_comm=adbd next_pid=792 next_prio=120
            adbd-795   [000] ...2   295.788184: sched_switch: prev_comm=adbd prev_pid=795 prev_prio=120 prev_state=S ==> next_comm=Binder_2 next_pid=5133 next_prio=120
            adbd-792   [001] ...2   295.788287: sched_switch: prev_comm=adbd prev_pid=792 prev_prio=120 prev_state=S ==> next_comm=adbd next_pid=794 next_prio=120
            adbd-794   [001] ...2   295.788294: sched_switch: prev_comm=adbd prev_pid=794 prev_prio=120 prev_state=S ==> next_comm=swapper/1 next_pid=0 next_prio=120
           <...>-5133  [000] ...2   295.788377: sched_switch: prev_comm=Binder_2 prev_pid=5133 prev_prio=120 prev_state=R+ ==> next_comm=adbd next_pid=795 next_prio=120
          <idle>-0     [001] ...2   295.788398: sched_switch: prev_comm=swapper/1 prev_pid=0 prev_prio=120 prev_state=R ==> next_comm=adbd next_pid=792 next_prio=120
            adbd-795   [000] ...2   295.788405: sched_switch: prev_comm=adbd prev_pid=795 prev_prio=120 prev_state=S ==> next_comm=Binder_2 next_pid=5133 next_prio=120
           <...>-5133  [000] ...2   295.788439: sched_switch: prev_comm=Binder_2 prev_pid=5133 prev_prio=120 prev_state=R+ ==> next_comm=mmcqd/1 next_pid=117 next_prio=120
           <...>-117   [000] ...1   295.788472: block_rq_complete: 179,0 RA () 4008920 + 48 [0]
           <...>-117   [000] ...2   295.788492: sched_switch: prev_comm=mmcqd/1 prev_pid=117 prev_prio=120 prev_state=S ==> next_comm=Binder_2 next_pid=5133 next_prio=120
            adbd-792   [001] ...2   295.788506: sched_switch: prev_comm=adbd prev_pid=792 prev_prio=120 prev_state=S ==> next_comm=adbd next_pid=794 next_prio=120
            adbd-794   [001] ...2   295.788512: sched_switch: prev_comm=adbd prev_pid=794 prev_prio=120 prev_state=S ==> next_comm=swapper/1 next_pid=0 next_prio=120
           <...>-5133  [000] ...2   295.788677: sched_switch: prev_comm=Binder_2 prev_pid=5133 prev_prio=120 prev_state=S ==> next_comm=swapper/0 next_pid=0 next_prio=120
          <idle>-0     [000] ...2   295.788854: sched_switch: prev_comm=swapper/0 prev_pid=0 prev_prio=120 prev_state=R ==> next_comm=mmcqd/1 next_pid=117 next_prio=120
           <...>-117   [000] ...1   295.788884: block_rq_complete: 179,0 RA () 4024680 + 32 [0]
           <...>-117   [000] ...2   295.788896: sched_switch: prev_comm=mmcqd/1 prev_pid=117 prev_prio=120 prev_state=S ==> next_comm=swapper/0 next_pid=0 next_prio=120
          <idle>-0     [000] ...2   295.789116: sched_switch: prev_comm=swapper/0 prev_pid=0 prev_prio=120 prev_state=R ==> next_comm=mmcqd/1 next_pid=117 next_prio=120
           <...>-117   [000] ...1   295.789126: block_rq_complete: 179,0 RA () 4024792 + 8 [0]
           <...>-117   [000] ...2   295.789143: sched_switch: prev_comm=mmcqd/1 prev_pid=117 prev_prio=120 prev_state=R+ ==> next_comm=kworker/0:2H next_pid=520 next_prio=100
    kworker/0:2H-520   [000] ...2   295.789152: sched_switch: prev_comm=kworker/0:2H prev_pid=520 prev_prio=100 prev_state=S ==> next_comm=main next_pid=5113 next_prio=120
           <...>-5113  [000] d..2   295.789338: block_rq_insert: 179,0 R 0 () 4123736 + 8 [main]
           <...>-5113  [000] d..2   295.789341: block_rq_insert: 179,0 R 0 () 4123816 + 32 [main]
           <...>-5113  [000] ...2   295.789348: sched_switch: prev_comm=main prev_pid=5113 prev_prio=120 prev_state=D|W ==> next_comm=mmcqd/1 next_pid=117 next_prio=120
           <...>-117   [000] ...2   295.789402: sched_switch: prev_comm=mmcqd/1 prev_pid=117 prev_prio=120 prev_state=S ==> next_comm=swapper/0 next_pid=0 next_prio=120
          <idle>-0     [000] ...2   295.789624: sched_switch: prev_comm=swapper/0 prev_pid=0 prev_prio=120 prev_state=R ==> next_comm=mmcqd/1 next_pid=117 next_prio=120
           <...>-117   [000] ...1   295.789649: block_rq_complete: 179,0 RA () 4123736 + 8 [0]
           <...>-117   [000] ...2   295.789660: sched_switch: prev_comm=mmcqd/1 prev_pid=117 prev_prio=120 prev_state=S ==> next_comm=swapper/0 next_pid=0 next_prio=120
          <idle>-0     [000] ...2   295.790037: sched_switch: prev_comm=swapper/0 prev_pid=0 prev_prio=120 prev_state=R ==> next_comm=mmcqd/1 next_pid=117 next_prio=120
           <...>-117   [000] ...1   295.790051: block_rq_complete: 179,0 RA () 4123816 + 32 [0]
           <...>-117   [000] ...2   295.790067: sched_switch: prev_comm=mmcqd/1 prev_pid=117 prev_prio=120 prev_state=R+ ==> next_comm=kworker/0:2H next_pid=520 next_prio=100
    kworker/0:2H-520   [000] ...2   295.790074: sched_switch: prev_comm=kworker/0:2H prev_pid=520 prev_prio=100 prev_state=S ==> next_comm=main next_pid=5113 next_prio=120
           <...>-5113  [000] d..2   295.790115: block_rq_insert: 179,0 R 0 () 4084528 + 24 [main]
           <...>-5113  [000] ...2   295.790123: sched_switch: prev_comm=main prev_pid=5113 prev_prio=120 prev_state=D|W ==> next_comm=mmcqd/1 next_pid=117 next_prio=120
           <...>-117   [000] ...2   295.790163: sched_switch: prev_comm=mmcqd/1 prev_pid=117 prev_prio=120 prev_state=S ==> next_comm=swapper/0 next_pid=0 next_prio=120
          <idle>-0     [000] ...2   295.790515: sched_switch: prev_comm=swapper/0 prev_pid=0 prev_prio=120 prev_state=R ==> next_comm=mmcqd/1 next_pid=117 next_prio=120
           <...>-117   [000] ...1   295.790527: block_rq_complete: 179,0 RA () 4084528 + 24 [0]
           <...>-117   [000] ...2   295.790543: sched_switch: prev_comm=mmcqd/1 prev_pid=117 prev_prio=120 prev_state=R+ ==> next_comm=kworker/0:2H next_pid=520 next_prio=100
    kworker/0:2H-520   [000] ...2   295.790550: sched_switch: prev_comm=kworker/0:2H prev_pid=520 prev_prio=100 prev_state=S ==> next_comm=main next_pid=5113 next_prio=120
           <...>-5113  [000] ...2   295.790611: sched_switch: prev_comm=main prev_pid=5113 prev_prio=120 prev_state=S ==> next_comm=servicemanager next_pid=169 next_prio=120
           <...>-169   [000] ...2   295.790641: sched_switch: prev_comm=servicemanager prev_pid=169 prev_prio=120 prev_state=S ==> next_comm=mmcqd/1 next_pid=117 next_prio=120
           <...>-117   [000] ...2   295.790651: sched_switch: prev_comm=mmcqd/1 prev_pid=117 prev_prio=120 prev_state=S ==> next_comm=main next_pid=5113 next_prio=120
           <...>-5113  [000] ...2   295.790808: sched_switch: prev_comm=main prev_pid=5113 prev_prio=120 prev_state=S ==> next_comm=servicemanager next_pid=169 next_prio=120
           <...>-169   [000] ...2   295.790919: sched_switch: prev_comm=servicemanager prev_pid=169 prev_prio=120 prev_state=S ==> next_comm=main next_pid=5113 next_prio=120
           <...>-5113  [000] d..2   295.791688: block_rq_insert: 179,0 R 0 () 4052264 + 8 [main]
           <...>-5113  [000] d..2   295.791691: block_rq_insert: 179,0 R 0 () 4052304 + 8 [main]
           <...>-5113  [000] d..2   295.791693: block_rq_insert: 179,0 R 0 () 4052400 + 32 [main]
           <...>-5113  [000] ...2   295.791705: sched_switch: prev_comm=main prev_pid=5113 prev_prio=120 prev_state=D|W ==> next_comm=kworker/0:1 next_pid=15 next_prio=120
     kworker/0:1-15    [000] ...2   295.791720: sched_switch: prev_comm=kworker/0:1 prev_pid=15 prev_prio=120 prev_state=S ==> next_comm=mmcqd/1 next_pid=117 next_prio=120
          <idle>-0     [001] ...2   295.791723: sched_switch: prev_comm=swapper/1 prev_pid=0 prev_prio=120 prev_state=R ==> next_comm=adbd next_pid=792 next_prio=120
           <...>-117   [000] ...2   295.791770: sched_switch: prev_comm=mmcqd/1 prev_pid=117 prev_prio=120 prev_state=S ==> next_comm=swapper/0 next_pid=0 next_prio=120
            adbd-792   [001] ...2   295.791865: sched_switch: prev_comm=adbd prev_pid=792 prev_prio=120 prev_state=S ==> next_comm=adbd next_pid=794 next_prio=120
            adbd-794   [001] ...2   295.791909: sched_switch: prev_comm=adbd prev_pid=794 prev_prio=120 prev_state=S ==> next_comm=swapper/1 next_pid=0 next_prio=120
          <idle>-0     [001] ...2   295.791987: sched_switch: prev_comm=swapper/1 prev_pid=0 prev_prio=120 prev_state=R ==> next_comm=kworker/1:0H next_pid=5105 next_prio=100
           <...>-5105  [001] ...2   295.792009: sched_switch: prev_comm=kworker/1:0H prev_pid=5105 prev_prio=100 prev_state=D ==> next_comm=kworker/1:2H next_pid=5111 next_prio=100
          <idle>-0     [000] ...2   295.792012: sched_switch: prev_comm=swapper/0 prev_pid=0 prev_prio=120 prev_state=R ==> next_comm=kworker/u:4 next_pid=251 next_prio=120
           <...>-251   [000] ...2   295.792028: sched_switch: prev_comm=kworker/u:4 prev_pid=251 prev_prio=120 prev_state=S ==> next_comm=ksoftirqd/0 next_pid=3 next_prio=120
     ksoftirqd/0-3     [000] ...2   295.792035: sched_switch: prev_comm=ksoftirqd/0 prev_pid=3 prev_prio=120 prev_state=S ==> next_comm=mpdecision next_pid=1614 next_prio=113
           <...>-5111  [001] ...2   295.792103: sched_switch: prev_comm=kworker/1:2H prev_pid=5111 prev_prio=100 prev_state=D ==> next_comm=ksoftirqd/1 next_pid=5106 next_prio=120
           <...>-5106  [001] ...2   295.792110: sched_switch: prev_comm=ksoftirqd/1 prev_pid=5106 prev_prio=120 prev_state=R ==> next_comm=kworker/1:2H next_pid=5111 next_prio=100
           <...>-5111  [001] ...2   295.792130: sched_switch: prev_comm=kworker/1:2H prev_pid=5111 prev_prio=100 prev_state=S ==> next_comm=kworker/1:0H next_pid=5105 next_prio=100
           <...>-5105  [001] ...2   295.792143: sched_switch: prev_comm=kworker/1:0H prev_pid=5105 prev_prio=100 prev_state=S ==> next_comm=ksoftirqd/1 next_pid=5106 next_prio=120
           <...>-5106  [001] ...2   295.792170: sched_switch: prev_comm=ksoftirqd/1 prev_pid=5106 prev_prio=120 prev_state=S ==> next_comm=swapper/1 next_pid=0 next_prio=120
