    kworker/0:2H-520   [000] ...2   308.303858: sched_switch: prev_comm=kworker/0:2H prev_pid=520 prev_prio=100 prev_state=S ==> next_comm=mmcqd/1 next_pid=117 next_prio=120
         mmcqd/1-117   [000] ...2   308.303867: sched_switch: prev_comm=mmcqd/1 prev_pid=117 prev_prio=120 prev_state=S ==> next_comm=main next_pid=5351 next_prio=120
           <...>-5351  [000] d..2   308.303930: block_rq_insert: 179,0 R 0 () 4077120 + 16 [main]
           <...>-5351  [000] d..2   308.303933: block_rq_insert: 179,0 R 0 () 4077160 + 16 [main]
           <...>-5351  [000] d..2   308.303934: block_rq_insert: 179,0 R 0 () 4077184 + 48 [main]
           <...>-5351  [000] ...2   308.303943: sched_switch: prev_comm=main prev_pid=5351 prev_prio=120 prev_state=R+ ==> next_comm=mmcqd/1 next_pid=117 next_prio=120
         mmcqd/1-117   [000] ...2   308.303990: sched_switch: prev_comm=mmcqd/1 prev_pid=117 prev_prio=120 prev_state=S ==> next_comm=main next_pid=5351 next_prio=120
           <...>-5351  [000] ...2   308.303996: sched_switch: prev_comm=main prev_pid=5351 prev_prio=120 prev_state=D|W ==> next_comm=swapper/0 next_pid=0 next_prio=120
          <idle>-0     [000] ...2   308.304258: sched_switch: prev_comm=swapper/0 prev_pid=0 prev_prio=120 prev_state=R ==> next_comm=mmcqd/1 next_pid=117 next_prio=120
         mmcqd/1-117   [000] ...1   308.304285: block_rq_complete: 179,0 RA () 4077120 + 16 [0]
         mmcqd/1-117   [000] ...2   308.304314: sched_switch: prev_comm=mmcqd/1 prev_pid=117 prev_prio=120 prev_state=S ==> next_comm=swapper/0 next_pid=0 next_prio=120
          <idle>-0     [000] ...2   308.304581: sched_switch: prev_comm=swapper/0 prev_pid=0 prev_prio=120 prev_state=R ==> next_comm=mmcqd/1 next_pid=117 next_prio=120
         mmcqd/1-117   [000] ...1   308.304608: block_rq_complete: 179,0 RA () 4077160 + 16 [0]
         mmcqd/1-117   [000] ...2   308.304624: sched_switch: prev_comm=mmcqd/1 prev_pid=117 prev_prio=120 prev_state=S ==> next_comm=main next_pid=5351 next_prio=120
           <...>-5351  [000] d..2   308.304708: block_rq_insert: 179,0 R 0 () 4077376 + 8 [main]
           <...>-5351  [000] d..2   308.304711: block_rq_insert: 179,0 R 0 () 4077400 + 104 [main]
           <...>-5351  [000] ...2   308.304720: sched_switch: prev_comm=main prev_pid=5351 prev_prio=120 prev_state=R+ ==> next_comm=mmcqd/1 next_pid=117 next_prio=120
         mmcqd/1-117   [000] ...2   308.304736: sched_switch: prev_comm=mmcqd/1 prev_pid=117 prev_prio=120 prev_state=S ==> next_comm=main next_pid=5351 next_prio=120
           <...>-5351  [000] ...2   308.304742: sched_switch: prev_comm=main prev_pid=5351 prev_prio=120 prev_state=D|W ==> next_comm=swapper/0 next_pid=0 next_prio=120
          <idle>-0     [000] ...2   308.305057: sched_switch: prev_comm=swapper/0 prev_pid=0 prev_prio=120 prev_state=R ==> next_comm=mmcqd/1 next_pid=117 next_prio=120
         mmcqd/1-117   [000] ...1   308.305091: block_rq_complete: 179,0 RA () 4077184 + 48 [0]
         mmcqd/1-117   [000] ...2   308.305136: sched_switch: prev_comm=mmcqd/1 prev_pid=117 prev_prio=120 prev_state=S ==> next_comm=swapper/0 next_pid=0 next_prio=120
          <idle>-0     [000] ...2   308.305326: sched_switch: prev_comm=swapper/0 prev_pid=0 prev_prio=120 prev_state=R ==> next_comm=mmcqd/1 next_pid=117 next_prio=120
         mmcqd/1-117   [000] ...1   308.305352: block_rq_complete: 179,0 RA () 4077376 + 8 [0]
         mmcqd/1-117   [000] ...2   308.305368: sched_switch: prev_comm=mmcqd/1 prev_pid=117 prev_prio=120 prev_state=S ==> next_comm=main next_pid=5351 next_prio=120
           <...>-5351  [000] d..2   308.305430: block_rq_insert: 179,0 R 0 () 4077592 + 16 [main]
           <...>-5351  [000] d..2   308.305433: block_rq_insert: 179,0 R 0 () 4077696 + 8 [main]
           <...>-5351  [000] d..2   308.305435: block_rq_insert: 179,0 R 0 () 4077752 + 8 [main]
           <...>-5351  [000] d..2   308.305436: block_rq_insert: 179,0 R 0 () 4077800 + 24 [main]
           <...>-5351  [000] ...2   308.305445: sched_switch: prev_comm=main prev_pid=5351 prev_prio=120 prev_state=R+ ==> next_comm=mmcqd/1 next_pid=117 next_prio=120
         mmcqd/1-117   [000] ...2   308.305462: sched_switch: prev_comm=mmcqd/1 prev_pid=117 prev_prio=120 prev_state=S ==> next_comm=main next_pid=5351 next_prio=120
           <...>-5351  [000] ...2   308.305468: sched_switch: prev_comm=main prev_pid=5351 prev_prio=120 prev_state=D|W ==> next_comm=swapper/0 next_pid=0 next_prio=120
          <idle>-0     [000] ...2   308.306080: sched_switch: prev_comm=swapper/0 prev_pid=0 prev_prio=120 prev_state=R ==> next_comm=mmcqd/1 next_pid=117 next_prio=120
         mmcqd/1-117   [000] ...1   308.306126: block_rq_complete: 179,0 RA () 4077400 + 104 [0]
         mmcqd/1-117   [000] ...2   308.306147: sched_switch: prev_comm=mmcqd/1 prev_pid=117 prev_prio=120 prev_state=S ==> next_comm=swapper/0 next_pid=0 next_prio=120
          <idle>-0     [000] ...2   308.306428: sched_switch: prev_comm=swapper/0 prev_pid=0 prev_prio=120 prev_state=R ==> next_comm=mmcqd/1 next_pid=117 next_prio=120
         mmcqd/1-117   [000] ...1   308.306455: block_rq_complete: 179,0 RA () 4077592 + 16 [0]
         mmcqd/1-117   [000] ...2   308.306473: sched_switch: prev_comm=mmcqd/1 prev_pid=117 prev_prio=120 prev_state=S ==> next_comm=swapper/0 next_pid=0 next_prio=120
          <idle>-0     [000] ...2   308.306686: sched_switch: prev_comm=swapper/0 prev_pid=0 prev_prio=120 prev_state=R ==> next_comm=mmcqd/1 next_pid=117 next_prio=120
         mmcqd/1-117   [000] ...1   308.306711: block_rq_complete: 179,0 RA () 4077696 + 8 [0]
         mmcqd/1-117   [000] ...2   308.306737: sched_switch: prev_comm=mmcqd/1 prev_pid=117 prev_prio=120 prev_state=S ==> next_comm=main next_pid=5351 next_prio=120
           <...>-5351  [000] d..2   308.306803: block_rq_insert: 179,0 R 0 () 4079160 + 8 [main]
           <...>-5351  [000] d..2   308.306805: block_rq_insert: 179,0 R 0 () 4079192 + 80 [main]
           <...>-5351  [000] d..2   308.306807: block_rq_insert: 179,0 R 0 () 4079304 + 8 [main]
           <...>-5351  [000] ...2   308.306814: sched_switch: prev_comm=main prev_pid=5351 prev_prio=120 prev_state=D|W ==> next_comm=swapper/0 next_pid=0 next_prio=120
          <idle>-0     [000] ...2   308.306966: sched_switch: prev_comm=swapper/0 prev_pid=0 prev_prio=120 prev_state=R ==> next_comm=mmcqd/1 next_pid=117 next_prio=120
         mmcqd/1-117   [000] ...1   308.306992: block_rq_complete: 179,0 RA () 4077752 + 8 [0]
         mmcqd/1-117   [000] ...2   308.307010: sched_switch: prev_comm=mmcqd/1 prev_pid=117 prev_prio=120 prev_state=S ==> next_comm=swapper/0 next_pid=0 next_prio=120
          <idle>-0     [000] ...2   308.307315: sched_switch: prev_comm=swapper/0 prev_pid=0 prev_prio=120 prev_state=R ==> next_comm=mmcqd/1 next_pid=117 next_prio=120
         mmcqd/1-117   [000] ...1   308.307344: block_rq_complete: 179,0 RA () 4077800 + 24 [0]
         mmcqd/1-117   [000] ...2   308.307380: sched_switch: prev_comm=mmcqd/1 prev_pid=117 prev_prio=120 prev_state=S ==> next_comm=swapper/0 next_pid=0 next_prio=120
          <idle>-0     [000] ...2   308.307593: sched_switch: prev_comm=swapper/0 prev_pid=0 prev_prio=120 prev_state=R ==> next_comm=mmcqd/1 next_pid=117 next_prio=120
         mmcqd/1-117   [000] ...1   308.307619: block_rq_complete: 179,0 RA () 4079160 + 8 [0]
         mmcqd/1-117   [000] ...2   308.307637: sched_switch: prev_comm=mmcqd/1 prev_pid=117 prev_prio=120 prev_state=S ==> next_comm=swapper/0 next_pid=0 next_prio=120
          <idle>-0     [000] ...2   308.308247: sched_switch: prev_comm=swapper/0 prev_pid=0 prev_prio=120 prev_state=R ==> next_comm=mmcqd/1 next_pid=117 next_prio=120
         mmcqd/1-117   [000] ...1   308.308288: block_rq_complete: 179,0 RA () 4079192 + 80 [0]
         mmcqd/1-117   [000] ...2   308.308306: sched_switch: prev_comm=mmcqd/1 prev_pid=117 prev_prio=120 prev_state=S ==> next_comm=main next_pid=5351 next_prio=120
           <...>-5351  [000] d..2   308.308361: block_rq_insert: 179,0 R 0 () 4081752 + 8 [main]
           <...>-5351  [000] d..2   308.308364: block_rq_insert: 179,0 R 0 () 4081856 + 8 [main]
           <...>-5351  [000] d..2   308.308365: block_rq_insert: 179,0 R 0 () 4081960 + 8 [main]
           <...>-5351  [000] d..2   308.308367: block_rq_insert: 179,0 R 0 () 4081976 + 8 [main]
           <...>-5351  [000] ...2   308.308376: sched_switch: prev_comm=main prev_pid=5351 prev_prio=120 prev_state=R+ ==> next_comm=mmcqd/1 next_pid=117 next_prio=120
         mmcqd/1-117   [000] ...2   308.308392: sched_switch: prev_comm=mmcqd/1 prev_pid=117 prev_prio=120 prev_state=S ==> next_comm=main next_pid=5351 next_prio=120
           <...>-5351  [000] ...2   308.308397: sched_switch: prev_comm=main prev_pid=5351 prev_prio=120 prev_state=D|W ==> next_comm=swapper/0 next_pid=0 next_prio=120
          <idle>-0     [000] ...2   308.308545: sched_switch: prev_comm=swapper/0 prev_pid=0 prev_prio=120 prev_state=R ==> next_comm=mmcqd/1 next_pid=117 next_prio=120
         mmcqd/1-117   [000] ...1   308.308570: block_rq_complete: 179,0 RA () 4079304 + 8 [0]
         mmcqd/1-117   [000] ...2   308.308588: sched_switch: prev_comm=mmcqd/1 prev_pid=117 prev_prio=120 prev_state=S ==> next_comm=swapper/0 next_pid=0 next_prio=120
          <idle>-0     [000] ...2   308.308826: sched_switch: prev_comm=swapper/0 prev_pid=0 prev_prio=120 prev_state=R ==> next_comm=mmcqd/1 next_pid=117 next_prio=120
         mmcqd/1-117   [000] ...1   308.308851: block_rq_complete: 179,0 RA () 4081752 + 8 [0]
         mmcqd/1-117   [000] ...2   308.308869: sched_switch: prev_comm=mmcqd/1 prev_pid=117 prev_prio=120 prev_state=S ==> next_comm=swapper/0 next_pid=0 next_prio=120
          <idle>-0     [000] ...2   308.309106: sched_switch: prev_comm=swapper/0 prev_pid=0 prev_prio=120 prev_state=R ==> next_comm=mmcqd/1 next_pid=117 next_prio=120
         mmcqd/1-117   [000] ...1   308.309131: block_rq_complete: 179,0 RA () 4081856 + 8 [0]
         mmcqd/1-117   [000] ...2   308.309153: sched_switch: prev_comm=mmcqd/1 prev_pid=117 prev_prio=120 prev_state=S ==> next_comm=main next_pid=5351 next_prio=120
           <...>-5351  [000] d..2   308.309230: block_rq_insert: 179,0 R 0 () 4082016 + 8 [main]
           <...>-5351  [000] d..2   308.309232: block_rq_insert: 179,0 R 0 () 4082128 + 8 [main]
           <...>-5351  [000] d..2   308.309234: block_rq_insert: 179,0 R 0 () 4082152 + 8 [main]
           <...>-5351  [000] d..2   308.309235: block_rq_insert: 179,0 R 0 () 4082168 + 32 [main]
           <...>-5351  [000] d..2   308.309237: block_rq_insert: 179,0 R 0 () 4082240 + 8 [main]
           <...>-5351  [000] ...2   308.309244: sched_switch: prev_comm=main prev_pid=5351 prev_prio=120 prev_state=D|W ==> next_comm=swapper/0 next_pid=0 next_prio=120
          <idle>-0     [000] ...2   308.309386: sched_switch: prev_comm=swapper/0 prev_pid=0 prev_prio=120 prev_state=R ==> next_comm=mmcqd/1 next_pid=117 next_prio=120
         mmcqd/1-117   [000] ...1   308.309411: block_rq_complete: 179,0 RA () 4081960 + 8 [0]
         mmcqd/1-117   [000] ...2   308.309429: sched_switch: prev_comm=mmcqd/1 prev_pid=117 prev_prio=120 prev_state=S ==> next_comm=swapper/0 next_pid=0 next_prio=120
          <idle>-0     [000] ...2   308.309697: sched_switch: prev_comm=swapper/0 prev_pid=0 prev_prio=120 prev_state=R ==> next_comm=mmcqd/1 next_pid=117 next_prio=120
         mmcqd/1-117   [000] ...1   308.309722: block_rq_complete: 179,0 RA () 4081976 + 8 [0]
         mmcqd/1-117   [000] ...2   308.309740: sched_switch: prev_comm=mmcqd/1 prev_pid=117 prev_prio=120 prev_state=S ==> next_comm=swapper/0 next_pid=0 next_prio=120
          <idle>-0     [000] ...2   308.309989: sched_switch: prev_comm=swapper/0 prev_pid=0 prev_prio=120 prev_state=R ==> next_comm=mmcqd/1 next_pid=117 next_prio=120
         mmcqd/1-117   [000] ...1   308.310014: block_rq_complete: 179,0 RA () 4082016 + 8 [0]
         mmcqd/1-117   [000] ...2   308.310033: sched_switch: prev_comm=mmcqd/1 prev_pid=117 prev_prio=120 prev_state=S ==> next_comm=swapper/0 next_pid=0 next_prio=120
          <idle>-0     [000] ...2   308.310273: sched_switch: prev_comm=swapper/0 prev_pid=0 prev_prio=120 prev_state=R ==> next_comm=mmcqd/1 next_pid=117 next_prio=120
         mmcqd/1-117   [000] ...1   308.310298: block_rq_complete: 179,0 RA () 4082128 + 8 [0]
         mmcqd/1-117   [000] ...2   308.310326: sched_switch: prev_comm=mmcqd/1 prev_pid=117 prev_prio=120 prev_state=S ==> next_comm=main next_pid=5351 next_prio=120
           <...>-5351  [000] ...2   308.310356: sched_switch: prev_comm=main prev_pid=5351 prev_prio=120 prev_state=D|W ==> next_comm=swapper/0 next_pid=0 next_prio=120
          <idle>-0     [000] ...2   308.310547: sched_switch: prev_comm=swapper/0 prev_pid=0 prev_prio=120 prev_state=R ==> next_comm=mmcqd/1 next_pid=117 next_prio=120
         mmcqd/1-117   [000] ...1   308.310572: block_rq_complete: 179,0 RA () 4082152 + 8 [0]
         mmcqd/1-117   [000] ...2   308.310594: sched_switch: prev_comm=mmcqd/1 prev_pid=117 prev_prio=120 prev_state=S ==> next_comm=main next_pid=5351 next_prio=120
           <...>-5351  [000] ...2   308.310622: sched_switch: prev_comm=main prev_pid=5351 prev_prio=120 prev_state=D|W ==> next_comm=swapper/0 next_pid=0 next_prio=120
          <idle>-0     [000] ...2   308.311100: sched_switch: prev_comm=swapper/0 prev_pid=0 prev_prio=120 prev_state=R ==> next_comm=mmcqd/1 next_pid=117 next_prio=120
         mmcqd/1-117   [000] ...1   308.311131: block_rq_complete: 179,0 RA () 4082168 + 32 [0]
         mmcqd/1-117   [000] ...2   308.311148: sched_switch: prev_comm=mmcqd/1 prev_pid=117 prev_prio=120 prev_state=S ==> next_comm=main next_pid=5351 next_prio=120
           <...>-5351  [000] ...2   308.311198: sched_switch: prev_comm=main prev_pid=5351 prev_prio=120 prev_state=D|W ==> next_comm=swapper/0 next_pid=0 next_prio=120
          <idle>-0     [000] ...2   308.311382: sched_switch: prev_comm=swapper/0 prev_pid=0 prev_prio=120 prev_state=R ==> next_comm=mmcqd/1 next_pid=117 next_prio=120
         mmcqd/1-117   [000] ...1   308.311392: block_rq_complete: 179,0 RA () 4082240 + 8 [0]
         mmcqd/1-117   [000] ...2   308.311408: sched_switch: prev_comm=mmcqd/1 prev_pid=117 prev_prio=120 prev_state=R+ ==> next_comm=kworker/0:2H next_pid=520 next_prio=100
    kworker/0:2H-520   [000] ...2   308.311415: sched_switch: prev_comm=kworker/0:2H prev_pid=520 prev_prio=100 prev_state=S ==> next_comm=mmcqd/1 next_pid=117 next_prio=120
         mmcqd/1-117   [000] ...2   308.311424: sched_switch: prev_comm=mmcqd/1 prev_pid=117 prev_prio=120 prev_state=S ==> next_comm=main next_pid=5351 next_prio=120
           <...>-5351  [000] d..2   308.311482: block_rq_insert: 179,0 R 0 () 4082680 + 96 [main]
           <...>-5351  [000] ...2   308.311491: sched_switch: prev_comm=main prev_pid=5351 prev_prio=120 prev_state=R+ ==> next_comm=mmcqd/1 next_pid=117 next_prio=120
         mmcqd/1-117   [000] ...2   308.311550: sched_switch: prev_comm=mmcqd/1 prev_pid=117 prev_prio=120 prev_state=S ==> next_comm=main next_pid=5351 next_prio=120
           <...>-5351  [000] ...2   308.311556: sched_switch: prev_comm=main prev_pid=5351 prev_prio=120 prev_state=D|W ==> next_comm=swapper/0 next_pid=0 next_prio=120
          <idle>-0     [000] ...2   308.312326: sched_switch: prev_comm=swapper/0 prev_pid=0 prev_prio=120 prev_state=R ==> next_comm=mmcqd/1 next_pid=117 next_prio=120
         mmcqd/1-117   [000] ...1   308.312356: block_rq_complete: 179,0 RA () 4082680 + 96 [0]
         mmcqd/1-117   [000] ...2   308.312376: sched_switch: prev_comm=mmcqd/1 prev_pid=117 prev_prio=120 prev_state=R+ ==> next_comm=kworker/0:2H next_pid=520 next_prio=100
    kworker/0:2H-520   [000] ...2   308.312383: sched_switch: prev_comm=kworker/0:2H prev_pid=520 prev_prio=100 prev_state=S ==> next_comm=mmcqd/1 next_pid=117 next_prio=120
         mmcqd/1-117   [000] ...2   308.312391: sched_switch: prev_comm=mmcqd/1 prev_pid=117 prev_prio=120 prev_state=S ==> next_comm=main next_pid=5351 next_prio=120
           <...>-5351  [000] d..2   308.312544: block_rq_insert: 179,0 R 0 () 4072976 + 16 [main]
           <...>-5351  [000] d..2   308.312547: block_rq_insert: 179,0 R 0 () 4073024 + 8 [main]
           <...>-5351  [000] d..2   308.312549: block_rq_insert: 179,0 R 0 () 4073040 + 16 [main]
           <...>-5351  [000] d..2   308.312550: block_rq_insert: 179,0 R 0 () 4073064 + 24 [main]
           <...>-5351  [000] d..2   308.312552: block_rq_insert: 179,0 R 0 () 4073096 + 16 [main]
           <...>-5351  [000] d..2   308.312554: block_rq_insert: 179,0 R 0 () 4073120 + 72 [main]
           <...>-5351  [000] d..2   308.312555: block_rq_insert: 179,0 R 0 () 4073208 + 16 [main]
           <...>-5351  [000] ...2   308.312564: sched_switch: prev_comm=main prev_pid=5351 prev_prio=120 prev_state=R+ ==> next_comm=mmcqd/1 next_pid=117 next_prio=120
         mmcqd/1-117   [000] ...2   308.312627: sched_switch: prev_comm=mmcqd/1 prev_pid=117 prev_prio=120 prev_state=S ==> next_comm=main next_pid=5351 next_prio=120
           <...>-5351  [000] ...2   308.312633: sched_switch: prev_comm=main prev_pid=5351 prev_prio=120 prev_state=D|W ==> next_comm=swapper/0 next_pid=0 next_prio=120
          <idle>-0     [000] ...2   308.313030: sched_switch: prev_comm=swapper/0 prev_pid=0 prev_prio=120 prev_state=R ==> next_comm=mmcqd/1 next_pid=117 next_prio=120
         mmcqd/1-117   [000] ...1   308.313058: block_rq_complete: 179,0 RA () 4073208 + 16 [0]
         mmcqd/1-117   [000] ...2   308.313078: sched_switch: prev_comm=mmcqd/1 prev_pid=117 prev_prio=120 prev_state=S ==> next_comm=swapper/0 next_pid=0 next_prio=120
          <idle>-0     [000] ...2   308.313609: sched_switch: prev_comm=swapper/0 prev_pid=0 prev_prio=120 prev_state=R ==> next_comm=mmcqd/1 next_pid=117 next_prio=120
         mmcqd/1-117   [000] ...1   308.313648: block_rq_complete: 179,0 RA () 4073120 + 72 [0]
         mmcqd/1-117   [000] ...2   308.313672: sched_switch: prev_comm=mmcqd/1 prev_pid=117 prev_prio=120 prev_state=S ==> next_comm=swapper/0 next_pid=0 next_prio=120
          <idle>-0     [000] ...2   308.313891: sched_switch: prev_comm=swapper/0 prev_pid=0 prev_prio=120 prev_state=R ==> next_comm=mmcqd/1 next_pid=117 next_prio=120
         mmcqd/1-117   [000] ...1   308.313918: block_rq_complete: 179,0 RA () 4073096 + 16 [0]
         mmcqd/1-117   [000] ...2   308.313942: sched_switch: prev_comm=mmcqd/1 prev_pid=117 prev_prio=120 prev_state=S ==> next_comm=main next_pid=5351 next_prio=120
           <...>-5351  [000] d..2   308.314013: block_rq_insert: 179,0 R 0 () 4085240 + 72 [main]
           <...>-5351  [000] d..2   308.314016: block_rq_insert: 179,0 R 0 () 4085320 + 16 [main]
           <...>-5351  [000] d..2   308.314017: block_rq_insert: 179,0 R 0 () 4085344 + 24 [main]
           <...>-5351  [000] d..2   308.314019: block_rq_insert: 179,0 R 0 () 4085376 + 16 [main]
           <...>-5351  [000] d..2   308.314020: block_rq_insert: 179,0 R 0 () 4085408 + 8 [main]
           <...>-5351  [000] d..2   308.314022: block_rq_insert: 179,0 R 0 () 4085432 + 16 [main]
           <...>-5351  [000] ...2   308.314029: sched_switch: prev_comm=main prev_pid=5351 prev_prio=120 prev_state=D|W ==> next_comm=swapper/0 next_pid=0 next_prio=120
          <idle>-0     [000] ...2   308.314250: sched_switch: prev_comm=swapper/0 prev_pid=0 prev_prio=120 prev_state=R ==> next_comm=mmcqd/1 next_pid=117 next_prio=120
         mmcqd/1-117   [000] ...1   308.314279: block_rq_complete: 179,0 RA () 4073064 + 24 [0]
         mmcqd/1-117   [000] ...2   308.314298: sched_switch: prev_comm=mmcqd/1 prev_pid=117 prev_prio=120 prev_state=S ==> next_comm=swapper/0 next_pid=0 next_prio=120
          <idle>-0     [000] ...2   308.314574: sched_switch: prev_comm=swapper/0 prev_pid=0 prev_prio=120 prev_state=R ==> next_comm=mmcqd/1 next_pid=117 next_prio=120
         mmcqd/1-117   [000] ...1   308.314602: block_rq_complete: 179,0 RA () 4073040 + 16 [0]
         mmcqd/1-117   [000] ...2   308.314622: sched_switch: prev_comm=mmcqd/1 prev_pid=117 prev_prio=120 prev_state=S ==> next_comm=swapper/0 next_pid=0 next_prio=120
          <idle>-0     [000] ...2   308.314892: sched_switch: prev_comm=swapper/0 prev_pid=0 prev_prio=120 prev_state=R ==> next_comm=mmcqd/1 next_pid=117 next_prio=120
         mmcqd/1-117   [000] ...1   308.314917: block_rq_complete: 179,0 RA () 4073024 + 8 [0]
         mmcqd/1-117   [000] ...2   308.314952: sched_switch: prev_comm=mmcqd/1 prev_pid=117 prev_prio=120 prev_state=S ==> next_comm=swapper/0 next_pid=0 next_prio=120
          <idle>-0     [000] ...2   308.315202: sched_switch: prev_comm=swapper/0 prev_pid=0 prev_prio=120 prev_state=R ==> next_comm=mmcqd/1 next_pid=117 next_prio=120
         mmcqd/1-117   [000] ...1   308.315231: block_rq_complete: 179,0 RA () 4072976 + 16 [0]
         mmcqd/1-117   [000] ...2   308.315251: sched_switch: prev_comm=mmcqd/1 prev_pid=117 prev_prio=120 prev_state=S ==> next_comm=swapper/0 next_pid=0 next_prio=120
          <idle>-0     [000] ...2   308.315908: sched_switch: prev_comm=swapper/0 prev_pid=0 prev_prio=120 prev_state=R ==> next_comm=mmcqd/1 next_pid=117 next_prio=120
         mmcqd/1-117   [000] ...1   308.315947: block_rq_complete: 179,0 RA () 4085240 + 72 [0]
         mmcqd/1-117   [000] ...2   308.315972: sched_switch: prev_comm=mmcqd/1 prev_pid=117 prev_prio=120 prev_state=S ==> next_comm=swapper/0 next_pid=0 next_prio=120
          <idle>-0     [000] ...2   308.316214: sched_switch: prev_comm=swapper/0 prev_pid=0 prev_prio=120 prev_state=R ==> next_comm=mmcqd/1 next_pid=117 next_prio=120
         mmcqd/1-117   [000] ...1   308.316241: block_rq_complete: 179,0 RA () 4085320 + 16 [0]
         mmcqd/1-117   [000] ...2   308.316265: sched_switch: prev_comm=mmcqd/1 prev_pid=117 prev_prio=120 prev_state=S ==> next_comm=main next_pid=5351 next_prio=120
           <...>-5351  [000] ...2   308.316563: sched_switch: prev_comm=main prev_pid=5351 prev_prio=120 prev_state=R+ ==> next_comm=mmcqd/1 next_pid=117 next_prio=120
         mmcqd/1-117   [000] ...1   308.316594: block_rq_complete: 179,0 RA () 4085344 + 24 [0]
         mmcqd/1-117   [000] ...2   308.316613: sched_switch: prev_comm=mmcqd/1 prev_pid=117 prev_prio=120 prev_state=S ==> next_comm=main next_pid=5351 next_prio=120
           <...>-5351  [000] d..2   308.316635: block_rq_insert: 179,0 R 0 () 4083344 + 8 [main]
           <...>-5351  [000] d..2   308.316638: block_rq_insert: 179,0 R 0 () 4083392 + 24 [main]
           <...>-5351  [000] d..2   308.316640: block_rq_insert: 179,0 R 0 () 4083424 + 32 [main]
           <...>-5351  [000] d..2   308.316641: block_rq_insert: 179,0 R 0 () 4083496 + 8 [main]
           <...>-5351  [000] ...2   308.316649: sched_switch: prev_comm=main prev_pid=5351 prev_prio=120 prev_state=D|W ==> next_comm=swapper/0 next_pid=0 next_prio=120
          <idle>-0     [000] ...2   308.316871: sched_switch: prev_comm=swapper/0 prev_pid=0 prev_prio=120 prev_state=R ==> next_comm=mmcqd/1 next_pid=117 next_prio=120
         mmcqd/1-117   [000] ...1   308.316898: block_rq_complete: 179,0 RA () 4085376 + 16 [0]
         mmcqd/1-117   [000] ...2   308.316919: sched_switch: prev_comm=mmcqd/1 prev_pid=117 prev_prio=120 prev_state=S ==> next_comm=swapper/0 next_pid=0 next_prio=120
          <idle>-0     [000] ...2   308.317128: sched_switch: prev_comm=swapper/0 prev_pid=0 prev_prio=120 prev_state=R ==> next_comm=mmcqd/1 next_pid=117 next_prio=120
         mmcqd/1-117   [000] ...1   308.317153: block_rq_complete: 179,0 RA () 4085408 + 8 [0]
         mmcqd/1-117   [000] ...2   308.317170: sched_switch: prev_comm=mmcqd/1 prev_pid=117 prev_prio=120 prev_state=S ==> next_comm=swapper/0 next_pid=0 next_prio=120
          <idle>-0     [000] ...2   308.317474: sched_switch: prev_comm=swapper/0 prev_pid=0 prev_prio=120 prev_state=R ==> next_comm=mmcqd/1 next_pid=117 next_prio=120
         mmcqd/1-117   [000] ...1   308.317501: block_rq_complete: 179,0 RA () 4085432 + 16 [0]
         mmcqd/1-117   [000] ...2   308.317525: sched_switch: prev_comm=mmcqd/1 prev_pid=117 prev_prio=120 prev_state=S ==> next_comm=swapper/0 next_pid=0 next_prio=120
          <idle>-0     [000] ...2   308.317743: sched_switch: prev_comm=swapper/0 prev_pid=0 prev_prio=120 prev_state=R ==> next_comm=mmcqd/1 next_pid=117 next_prio=120
         mmcqd/1-117   [000] ...1   308.317768: block_rq_complete: 179,0 RA () 4083496 + 8 [0]
         mmcqd/1-117   [000] ...2   308.317790: sched_switch: prev_comm=mmcqd/1 prev_pid=117 prev_prio=120 prev_state=S ==> next_comm=swapper/0 next_pid=0 next_prio=120
          <idle>-0     [000] ...2   308.318133: sched_switch: prev_comm=swapper/0 prev_pid=0 prev_prio=120 prev_state=R ==> next_comm=mmcqd/1 next_pid=117 next_prio=120
         mmcqd/1-117   [000] ...1   308.318163: block_rq_complete: 179,0 RA () 4083424 + 32 [0]
         mmcqd/1-117   [000] ...2   308.318182: sched_switch: prev_comm=mmcqd/1 prev_pid=117 prev_prio=120 prev_state=S ==> next_comm=swapper/0 next_pid=0 next_prio=120
          <idle>-0     [000] ...2   308.318477: sched_switch: prev_comm=swapper/0 prev_pid=0 prev_prio=120 prev_state=R ==> next_comm=mmcqd/1 next_pid=117 next_prio=120
         mmcqd/1-117   [000] ...1   308.318506: block_rq_complete: 179,0 RA () 4083392 + 24 [0]
         mmcqd/1-117   [000] ...2   308.318523: sched_switch: prev_comm=mmcqd/1 prev_pid=117 prev_prio=120 prev_state=S ==> next_comm=main next_pid=5351 next_prio=120
           <...>-5351  [000] d..2   308.318567: block_rq_insert: 179,0 R 0 () 4082888 + 24 [main]
           <...>-5351  [000] d..2   308.318570: block_rq_insert: 179,0 R 0 () 4083008 + 8 [main]
           <...>-5351  [000] ...2   308.318580: sched_switch: prev_comm=main prev_pid=5351 prev_prio=120 prev_state=R+ ==> next_comm=mmcqd/1 next_pid=117 next_prio=120
         mmcqd/1-117   [000] ...2   308.318596: sched_switch: prev_comm=mmcqd/1 prev_pid=117 prev_prio=120 prev_state=S ==> next_comm=main next_pid=5351 next_prio=120
           <...>-5351  [000] ...2   308.318602: sched_switch: prev_comm=main prev_pid=5351 prev_prio=120 prev_state=D|W ==> next_comm=swapper/0 next_pid=0 next_prio=120
          <idle>-0     [000] ...2   308.318729: sched_switch: prev_comm=swapper/0 prev_pid=0 prev_prio=120 prev_state=R ==> next_comm=mmcqd/1 next_pid=117 next_prio=120
         mmcqd/1-117   [000] ...1   308.318754: block_rq_complete: 179,0 RA () 4083344 + 8 [0]
         mmcqd/1-117   [000] ...2   308.318776: sched_switch: prev_comm=mmcqd/1 prev_pid=117 prev_prio=120 prev_state=S ==> next_comm=swapper/0 next_pid=0 next_prio=120
          <idle>-0     [000] ...2   308.319024: sched_switch: prev_comm=swapper/0 prev_pid=0 prev_prio=120 prev_state=R ==> next_comm=mmcqd/1 next_pid=117 next_prio=120
         mmcqd/1-117   [000] ...1   308.319049: block_rq_complete: 179,0 RA () 4083008 + 8 [0]
         mmcqd/1-117   [000] ...2   308.319060: sched_switch: prev_comm=mmcqd/1 prev_pid=117 prev_prio=120 prev_state=S ==> next_comm=swapper/0 next_pid=0 next_prio=120
          <idle>-0     [000] ...2   308.319379: sched_switch: prev_comm=swapper/0 prev_pid=0 prev_prio=120 prev_state=R ==> next_comm=mmcqd/1 next_pid=117 next_prio=120
         mmcqd/1-117   [000] ...1   308.319392: block_rq_complete: 179,0 RA () 4082888 + 24 [0]
         mmcqd/1-117   [000] ...2   308.319409: sched_switch: prev_comm=mmcqd/1 prev_pid=117 prev_prio=120 prev_state=R+ ==> next_comm=kworker/0:2H next_pid=520 next_prio=100
    kworker/0:2H-520   [000] ...2   308.319416: sched_switch: prev_comm=kworker/0:2H prev_pid=520 prev_prio=100 prev_state=S ==> next_comm=mmcqd/1 next_pid=117 next_prio=120
         mmcqd/1-117   [000] ...2   308.319425: sched_switch: prev_comm=mmcqd/1 prev_pid=117 prev_prio=120 prev_state=S ==> next_comm=main next_pid=5351 next_prio=120
           <...>-5351  [000] d..2   308.319566: block_rq_insert: 179,0 R 0 () 4085480 + 136 [main]
           <...>-5351  [000] ...2   308.319576: sched_switch: prev_comm=main prev_pid=5351 prev_prio=120 prev_state=R+ ==> next_comm=mmcqd/1 next_pid=117 next_prio=120
         mmcqd/1-117   [000] ...2   308.319647: sched_switch: prev_comm=mmcqd/1 prev_pid=117 prev_prio=120 prev_state=S ==> next_comm=main next_pid=5351 next_prio=120
           <...>-5351  [000] ...2   308.319652: sched_switch: prev_comm=main prev_pid=5351 prev_prio=120 prev_state=D|W ==> next_comm=swapper/0 next_pid=0 next_prio=120
          <idle>-0     [000] ...2   308.320551: sched_switch: prev_comm=swapper/0 prev_pid=0 prev_prio=120 prev_state=R ==> next_comm=mmcqd/1 next_pid=117 next_prio=120
         mmcqd/1-117   [000] ...1   308.320590: block_rq_complete: 179,0 RA () 4085480 + 136 [0]
         mmcqd/1-117   [000] ...2   308.320611: sched_switch: prev_comm=mmcqd/1 prev_pid=117 prev_prio=120 prev_state=R+ ==> next_comm=kworker/0:2H next_pid=520 next_prio=100
    kworker/0:2H-520   [000] ...2   308.320618: sched_switch: prev_comm=kworker/0:2H prev_pid=520 prev_prio=100 prev_state=S ==> next_comm=mmcqd/1 next_pid=117 next_prio=120
         mmcqd/1-117   [000] ...2   308.320627: sched_switch: prev_comm=mmcqd/1 prev_pid=117 prev_prio=120 prev_state=S ==> next_comm=main next_pid=5351 next_prio=120
           <...>-5351  [000] d..2   308.320780: block_rq_insert: 179,0 R 0 () 4083264 + 8 [main]
           <...>-5351  [000] ...2   308.320790: sched_switch: prev_comm=main prev_pid=5351 prev_prio=120 prev_state=R+ ==> next_comm=mmcqd/1 next_pid=117 next_prio=120
         mmcqd/1-117   [000] ...2   308.320826: sched_switch: prev_comm=mmcqd/1 prev_pid=117 prev_prio=120 prev_state=S ==> next_comm=main next_pid=5351 next_prio=120
           <...>-5351  [000] ...2   308.320832: sched_switch: prev_comm=main prev_pid=5351 prev_prio=120 prev_state=D|W ==> next_comm=swapper/0 next_pid=0 next_prio=120
          <idle>-0     [000] ...2   308.321069: sched_switch: prev_comm=swapper/0 prev_pid=0 prev_prio=120 prev_state=R ==> next_comm=mmcqd/1 next_pid=117 next_prio=120
         mmcqd/1-117   [000] ...1   308.321080: block_rq_complete: 179,0 RA () 4083264 + 8 [0]
         mmcqd/1-117   [000] ...2   308.321096: sched_switch: prev_comm=mmcqd/1 prev_pid=117 prev_prio=120 prev_state=R+ ==> next_comm=kworker/0:2H next_pid=520 next_prio=100
    kworker/0:2H-520   [000] ...2   308.321103: sched_switch: prev_comm=kworker/0:2H prev_pid=520 prev_prio=100 prev_state=S ==> next_comm=mmcqd/1 next_pid=117 next_prio=120
         mmcqd/1-117   [000] ...2   308.321112: sched_switch: prev_comm=mmcqd/1 prev_pid=117 prev_prio=120 prev_state=S ==> next_comm=main next_pid=5351 next_prio=120
           <...>-5351  [000] d..2   308.321806: block_rq_insert: 179,0 R 0 () 4085656 + 256 [main]
           <...>-5351  [000] ...2   308.321817: sched_switch: prev_comm=main prev_pid=5351 prev_prio=120 prev_state=R+ ==> next_comm=mmcqd/1 next_pid=117 next_prio=120
         mmcqd/1-117   [000] ...2   308.321919: sched_switch: prev_comm=mmcqd/1 prev_pid=117 prev_prio=120 prev_state=S ==> next_comm=main next_pid=5351 next_prio=120
           <...>-5351  [000] ...2   308.321924: sched_switch: prev_comm=main prev_pid=5351 prev_prio=120 prev_state=D|W ==> next_comm=swapper/0 next_pid=0 next_prio=120
          <idle>-0     [000] ...2   308.323377: sched_switch: prev_comm=swapper/0 prev_pid=0 prev_prio=120 prev_state=R ==> next_comm=mmcqd/1 next_pid=117 next_prio=120
         mmcqd/1-117   [000] ...1   308.323442: block_rq_complete: 179,0 RA () 4085656 + 256 [0]
         mmcqd/1-117   [000] ...2   308.323467: sched_switch: prev_comm=mmcqd/1 prev_pid=117 prev_prio=120 prev_state=R+ ==> next_comm=kworker/0:2H next_pid=520 next_prio=100
    kworker/0:2H-520   [000] ...2   308.323475: sched_switch: prev_comm=kworker/0:2H prev_pid=520 prev_prio=100 prev_state=S ==> next_comm=mmcqd/1 next_pid=117 next_prio=120
         mmcqd/1-117   [000] ...2   308.323484: sched_switch: prev_comm=mmcqd/1 prev_pid=117 prev_prio=120 prev_state=S ==> next_comm=main next_pid=5351 next_prio=120
           <...>-5351  [000] d..2   308.324435: block_rq_insert: 179,0 R 0 () 4085912 + 256 [main]
           <...>-5351  [000] ...2   308.324447: sched_switch: prev_comm=main prev_pid=5351 prev_prio=120 prev_state=R+ ==> next_comm=mmcqd/1 next_pid=117 next_prio=120
         mmcqd/1-117   [000] ...2   308.324551: sched_switch: prev_comm=mmcqd/1 prev_pid=117 prev_prio=120 prev_state=S ==> next_comm=main next_pid=5351 next_prio=120
           <...>-5351  [000] ...2   308.324627: sched_switch: prev_comm=main prev_pid=5351 prev_prio=120 prev_state=D|W ==> next_comm=swapper/0 next_pid=0 next_prio=120
          <idle>-0     [000] ...2   308.325991: sched_switch: prev_comm=swapper/0 prev_pid=0 prev_prio=120 prev_state=R ==> next_comm=mmcqd/1 next_pid=117 next_prio=120
         mmcqd/1-117   [000] ...1   308.326057: block_rq_complete: 179,0 RA () 4085912 + 256 [0]
         mmcqd/1-117   [000] ...2   308.326082: sched_switch: prev_comm=mmcqd/1 prev_pid=117 prev_prio=120 prev_state=R+ ==> next_comm=kworker/0:2H next_pid=520 next_prio=100
    kworker/0:2H-520   [000] ...2   308.326090: sched_switch: prev_comm=kworker/0:2H prev_pid=520 prev_prio=100 prev_state=S ==> next_comm=mmcqd/1 next_pid=117 next_prio=120
         mmcqd/1-117   [000] ...2   308.326099: sched_switch: prev_comm=mmcqd/1 prev_pid=117 prev_prio=120 prev_state=S ==> next_comm=main next_pid=5351 next_prio=120
           <...>-5351  [000] d..2   308.326173: block_rq_insert: 179,0 R 0 () 4072864 + 64 [main]
           <...>-5351  [000] d..2   308.326175: block_rq_insert: 179,0 R 0 () 4072944 + 8 [main]
           <...>-5351  [000] ...2   308.326185: sched_switch: prev_comm=main prev_pid=5351 prev_prio=120 prev_state=R+ ==> next_comm=mmcqd/1 next_pid=117 next_prio=120
         mmcqd/1-117   [000] ...2   308.326244: sched_switch: prev_comm=mmcqd/1 prev_pid=117 prev_prio=120 prev_state=S ==> next_comm=main next_pid=5351 next_prio=120
           <...>-5351  [000] ...2   308.326251: sched_switch: prev_comm=main prev_pid=5351 prev_prio=120 prev_state=D|W ==> next_comm=swapper/0 next_pid=0 next_prio=120
          <idle>-0     [000] ...2   308.326460: sched_switch: prev_comm=swapper/0 prev_pid=0 prev_prio=120 prev_state=R ==> next_comm=mmcqd/1 next_pid=117 next_prio=120
         mmcqd/1-117   [000] ...1   308.326486: block_rq_complete: 179,0 RA () 4072944 + 8 [0]
         mmcqd/1-117   [000] ...2   308.326499: sched_switch: prev_comm=mmcqd/1 prev_pid=117 prev_prio=120 prev_state=S ==> next_comm=swapper/0 next_pid=0 next_prio=120
          <idle>-0     [000] ...2   308.327012: sched_switch: prev_comm=swapper/0 prev_pid=0 prev_prio=120 prev_state=R ==> next_comm=mmcqd/1 next_pid=117 next_prio=120
         mmcqd/1-117   [000] ...1   308.327034: block_rq_complete: 179,0 RA () 4072864 + 64 [0]
         mmcqd/1-117   [000] ...2   308.327053: sched_switch: prev_comm=mmcqd/1 prev_pid=117 prev_prio=120 prev_state=R+ ==> next_comm=kworker/0:2H next_pid=520 next_prio=100
    kworker/0:2H-520   [000] ...2   308.327060: sched_switch: prev_comm=kworker/0:2H prev_pid=520 prev_prio=100 prev_state=S ==> next_comm=mmcqd/1 next_pid=117 next_prio=120
         mmcqd/1-117   [000] ...2   308.327069: sched_switch: prev_comm=mmcqd/1 prev_pid=117 prev_prio=120 prev_state=S ==> next_comm=main next_pid=5351 next_prio=120
           <...>-5351  [000] d..2   308.327362: block_rq_insert: 179,0 R 0 () 4086168 + 184 [main]
           <...>-5351  [000] ...2   308.327373: sched_switch: prev_comm=main prev_pid=5351 prev_prio=120 prev_state=R+ ==> next_comm=mmcqd/1 next_pid=117 next_prio=120
         mmcqd/1-117   [000] ...2   308.327456: sched_switch: prev_comm=mmcqd/1 prev_pid=117 prev_prio=120 prev_state=S ==> next_comm=main next_pid=5351 next_prio=120
           <...>-5351  [000] ...2   308.327464: sched_switch: prev_comm=main prev_pid=5351 prev_prio=120 prev_state=D|W ==> next_comm=swapper/0 next_pid=0 next_prio=120
          <idle>-0     [000] ...2   308.328583: sched_switch: prev_comm=swapper/0 prev_pid=0 prev_prio=120 prev_state=R ==> next_comm=mmcqd/1 next_pid=117 next_prio=120
         mmcqd/1-117   [000] ...1   308.328632: block_rq_complete: 179,0 RA () 4086168 + 184 [0]
         mmcqd/1-117   [000] ...2   308.328655: sched_switch: prev_comm=mmcqd/1 prev_pid=117 prev_prio=120 prev_state=R+ ==> next_comm=kworker/0:2H next_pid=520 next_prio=100
    kworker/0:2H-520   [000] ...2   308.328662: sched_switch: prev_comm=kworker/0:2H prev_pid=520 prev_prio=100 prev_state=S ==> next_comm=mmcqd/1 next_pid=117 next_prio=120
         mmcqd/1-117   [000] ...2   308.328671: sched_switch: prev_comm=mmcqd/1 prev_pid=117 prev_prio=120 prev_state=S ==> next_comm=main next_pid=5351 next_prio=120
           <...>-5351  [000] d..2   308.329002: block_rq_insert: 179,0 R 0 () 1207472 + 8 [main]
           <...>-5351  [000] d..2   308.329005: block_rq_insert: 179,0 R 0 () 1207488 + 24 [main]
           <...>-5351  [000] d..2   308.329007: block_rq_insert: 179,0 R 0 () 1207584 + 24 [main]
           <...>-5351  [000] ...2   308.329017: sched_switch: prev_comm=main prev_pid=5351 prev_prio=120 prev_state=R+ ==> next_comm=mmcqd/1 next_pid=117 next_prio=120
         mmcqd/1-117   [000] ...2   308.329067: sched_switch: prev_comm=mmcqd/1 prev_pid=117 prev_prio=120 prev_state=S ==> next_comm=main next_pid=5351 next_prio=120
           <...>-5351  [000] ...2   308.329075: sched_switch: prev_comm=main prev_pid=5351 prev_prio=120 prev_state=D|W ==> next_comm=swapper/0 next_pid=0 next_prio=120
          <idle>-0     [000] ...2   308.329090: sched_switch: prev_comm=swapper/0 prev_pid=0 prev_prio=120 prev_state=R ==> next_comm=ksoftirqd/0 next_pid=3 next_prio=120
           <...>-3     [000] ...2   308.329100: sched_switch: prev_comm=ksoftirqd/0 prev_pid=3 prev_prio=120 prev_state=S ==> next_comm=swapper/0 next_pid=0 next_prio=120
          <idle>-0     [000] ...2   308.329115: sched_switch: prev_comm=swapper/0 prev_pid=0 prev_prio=120 prev_state=R ==> next_comm=ksoftirqd/0 next_pid=3 next_prio=120
           <...>-3     [000] ...2   308.329124: sched_switch: prev_comm=ksoftirqd/0 prev_pid=3 prev_prio=120 prev_state=S ==> next_comm=swapper/0 next_pid=0 next_prio=120
          <idle>-0     [000] ...2   308.329136: sched_switch: prev_comm=swapper/0 prev_pid=0 prev_prio=120 prev_state=R ==> next_comm=ksoftirqd/0 next_pid=3 next_prio=120
           <...>-3     [000] ...2   308.329144: sched_switch: prev_comm=ksoftirqd/0 prev_pid=3 prev_prio=120 prev_state=S ==> next_comm=swapper/0 next_pid=0 next_prio=120
          <idle>-0     [000] ...2   308.329302: sched_switch: prev_comm=swapper/0 prev_pid=0 prev_prio=120 prev_state=R ==> next_comm=mmcqd/1 next_pid=117 next_prio=120
         mmcqd/1-117   [000] ...1   308.329328: block_rq_complete: 179,0 RA () 1207472 + 8 [0]
         mmcqd/1-117   [000] ...2   308.329354: sched_switch: prev_comm=mmcqd/1 prev_pid=117 prev_prio=120 prev_state=S ==> next_comm=swapper/0 next_pid=0 next_prio=120
          <idle>-0     [000] ...2   308.329654: sched_switch: prev_comm=swapper/0 prev_pid=0 prev_prio=120 prev_state=R ==> next_comm=mmcqd/1 next_pid=117 next_prio=120
         mmcqd/1-117   [000] ...1   308.329683: block_rq_complete: 179,0 RA () 1207488 + 24 [0]
         mmcqd/1-117   [000] ...2   308.329696: sched_switch: prev_comm=mmcqd/1 prev_pid=117 prev_prio=120 prev_state=S ==> next_comm=swapper/0 next_pid=0 next_prio=120
          <idle>-0     [000] ...2   308.329995: sched_switch: prev_comm=swapper/0 prev_pid=0 prev_prio=120 prev_state=R ==> next_comm=mmcqd/1 next_pid=117 next_prio=120
         mmcqd/1-117   [000] ...1   308.330010: block_rq_complete: 179,0 RA () 1207584 + 24 [0]
         mmcqd/1-117   [000] ...2   308.330027: sched_switch: prev_comm=mmcqd/1 prev_pid=117 prev_prio=120 prev_state=R+ ==> next_comm=kworker/0:2H next_pid=520 next_prio=100
    kworker/0:2H-520   [000] ...2   308.330034: sched_switch: prev_comm=kworker/0:2H prev_pid=520 prev_prio=100 prev_state=S ==> next_comm=mmcqd/1 next_pid=117 next_prio=120
         mmcqd/1-117   [000] ...2   308.330043: sched_switch: prev_comm=mmcqd/1 prev_pid=117 prev_prio=120 prev_state=S ==> next_comm=main next_pid=5351 next_prio=120
           <...>-5351  [000] ...2   308.331995: sched_switch: prev_comm=main prev_pid=5351 prev_prio=120 prev_state=R+ ==> next_comm=kworker/0:2H next_pid=520 next_prio=100
          <idle>-0     [001] ...2   308.331996: sched_switch: prev_comm=swapper/1 prev_pid=0 prev_prio=120 prev_state=R ==> next_comm=kworker/u:0 next_pid=6 next_prio=120
    kworker/0:2H-520   [000] ...2   308.332008: sched_switch: prev_comm=kworker/0:2H prev_pid=520 prev_prio=100 prev_state=D ==> next_comm=main next_pid=5351 next_prio=120
           <...>-5351  [000] ...2   308.332016: sched_switch: prev_comm=main prev_pid=5351 prev_prio=120 prev_state=R+ ==> next_comm=mpdecision next_pid=1614 next_prio=113
           <...>-6     [001] ...2   308.332035: sched_switch: prev_comm=kworker/u:0 prev_pid=6 prev_prio=120 prev_state=S ==> next_comm=swapper/1 next_pid=0 next_prio=120
          <idle>-0     [001] ...2   308.332056: sched_switch: prev_comm=swapper/1 prev_pid=0 prev_prio=120 prev_state=R ==> next_comm=ksoftirqd/1 next_pid=5347 next_prio=120
           <...>-5347  [001] ...2   308.332118: sched_switch: prev_comm=ksoftirqd/1 prev_pid=5347 prev_prio=120 prev_state=S ==> next_comm=swapper/1 next_pid=0 next_prio=120
          <idle>-0     [001] ...2   308.332140: sched_switch: prev_comm=swapper/1 prev_pid=0 prev_prio=120 prev_state=R ==> next_comm=ksoftirqd/1 next_pid=5347 next_prio=120
           <...>-5347  [001] ...2   308.332157: sched_switch: prev_comm=ksoftirqd/1 prev_pid=5347 prev_prio=120 prev_state=S ==> next_comm=swapper/1 next_pid=0 next_prio=120
          <idle>-0     [001] ...2   308.332177: sched_switch: prev_comm=swapper/1 prev_pid=0 prev_prio=120 prev_state=R ==> next_comm=ksoftirqd/1 next_pid=5347 next_prio=120
           <...>-5347  [001] ...2   308.332193: sched_switch: prev_comm=ksoftirqd/1 prev_pid=5347 prev_prio=120 prev_state=S ==> next_comm=swapper/1 next_pid=0 next_prio=120
           <...>-1614  [000] ...2   308.332288: sched_switch: prev_comm=mpdecision prev_pid=1614 prev_prio=113 prev_state=S ==> next_comm=kworker/0:2H next_pid=520 next_prio=100
    kworker/0:2H-520   [000] ...2   308.332298: sched_switch: prev_comm=kworker/0:2H prev_pid=520 prev_prio=100 prev_state=S ==> next_comm=main next_pid=5351 next_prio=120
           <...>-5351  [000] d..2   308.332324: block_rq_insert: 179,0 R 0 () 3996192 + 8 [main]
           <...>-5351  [000] d..2   308.332327: block_rq_insert: 179,0 R 0 () 3996264 + 8 [main]
           <...>-5351  [000] ...2   308.332337: sched_switch: prev_comm=main prev_pid=5351 prev_prio=120 prev_state=R+ ==> next_comm=mmcqd/1 next_pid=117 next_prio=120
         mmcqd/1-117   [000] ...2   308.332392: sched_switch: prev_comm=mmcqd/1 prev_pid=117 prev_prio=120 prev_state=S ==> next_comm=main next_pid=5351 next_prio=120
           <...>-5351  [000] ...2   308.332400: sched_switch: prev_comm=main prev_pid=5351 prev_prio=120 prev_state=D|W ==> next_comm=swapper/0 next_pid=0 next_prio=120
          <idle>-0     [000] ...2   308.332417: sched_switch: prev_comm=swapper/0 prev_pid=0 prev_prio=120 prev_state=R ==> next_comm=ksoftirqd/0 next_pid=3 next_prio=120
           <...>-3     [000] ...2   308.332425: sched_switch: prev_comm=ksoftirqd/0 prev_pid=3 prev_prio=120 prev_state=S ==> next_comm=swapper/0 next_pid=0 next_prio=120
          <idle>-0     [000] ...2   308.332440: sched_switch: prev_comm=swapper/0 prev_pid=0 prev_prio=120 prev_state=R ==> next_comm=ksoftirqd/0 next_pid=3 next_prio=120
           <...>-3     [000] ...2   308.332446: sched_switch: prev_comm=ksoftirqd/0 prev_pid=3 prev_prio=120 prev_state=S ==> next_comm=swapper/0 next_pid=0 next_prio=120
          <idle>-0     [000] ...2   308.332461: sched_switch: prev_comm=swapper/0 prev_pid=0 prev_prio=120 prev_state=R ==> next_comm=ksoftirqd/0 next_pid=3 next_prio=120
           <...>-3     [000] ...2   308.332468: sched_switch: prev_comm=ksoftirqd/0 prev_pid=3 prev_prio=120 prev_state=S ==> next_comm=swapper/0 next_pid=0 next_prio=120
          <idle>-0     [000] ...2   308.332633: sched_switch: prev_comm=swapper/0 prev_pid=0 prev_prio=120 prev_state=R ==> next_comm=mmcqd/1 next_pid=117 next_prio=120
         mmcqd/1-117   [000] ...1   308.332660: block_rq_complete: 179,0 RA () 3996192 + 8 [0]
         mmcqd/1-117   [000] ...2   308.332673: sched_switch: prev_comm=mmcqd/1 prev_pid=117 prev_prio=120 prev_state=S ==> next_comm=swapper/0 next_pid=0 next_prio=120
          <idle>-0     [000] ...2   308.332922: sched_switch: prev_comm=swapper/0 prev_pid=0 prev_prio=120 prev_state=R ==> next_comm=mmcqd/1 next_pid=117 next_prio=120
         mmcqd/1-117   [000] ...1   308.332932: block_rq_complete: 179,0 RA () 3996264 + 8 [0]
         mmcqd/1-117   [000] ...2   308.332950: sched_switch: prev_comm=mmcqd/1 prev_pid=117 prev_prio=120 prev_state=R+ ==> next_comm=kworker/0:2H next_pid=520 next_prio=100
    kworker/0:2H-520   [000] ...2   308.332957: sched_switch: prev_comm=kworker/0:2H prev_pid=520 prev_prio=100 prev_state=S ==> next_comm=mmcqd/1 next_pid=117 next_prio=120
         mmcqd/1-117   [000] ...2   308.332966: sched_switch: prev_comm=mmcqd/1 prev_pid=117 prev_prio=120 prev_state=S ==> next_comm=main next_pid=5351 next_prio=120
           <...>-5351  [000] d..2   308.335501: block_rq_insert: 179,0 R 0 () 4082472 + 16 [main]
           <...>-5351  [000] d..2   308.335505: block_rq_insert: 179,0 R 0 () 4082496 + 8 [main]
           <...>-5351  [000] d..2   308.335506: block_rq_insert: 179,0 R 0 () 4082512 + 8 [main]
           <...>-5351  [000] d..2   308.335508: block_rq_insert: 179,0 R 0 () 4082536 + 8 [main]
           <...>-5351  [000] d..2   308.335509: block_rq_insert: 179,0 R 0 () 4082552 + 48 [main]
           <...>-5351  [000] ...2   308.335523: sched_switch: prev_comm=main prev_pid=5351 prev_prio=120 prev_state=R+ ==> next_comm=mmcqd/1 next_pid=117 next_prio=120
         mmcqd/1-117   [000] ...2   308.335576: sched_switch: prev_comm=mmcqd/1 prev_pid=117 prev_prio=120 prev_state=S ==> next_comm=main next_pid=5351 next_prio=120
           <...>-5351  [000] ...2   308.335583: sched_switch: prev_comm=main prev_pid=5351 prev_prio=120 prev_state=D|W ==> next_comm=swapper/0 next_pid=0 next_prio=120
          <idle>-0     [000] ...2   308.335843: sched_switch: prev_comm=swapper/0 prev_pid=0 prev_prio=120 prev_state=R ==> next_comm=mmcqd/1 next_pid=117 next_prio=120
         mmcqd/1-117   [000] ...1   308.335871: block_rq_complete: 179,0 RA () 4082472 + 16 [0]
         mmcqd/1-117   [000] ...2   308.335895: sched_switch: prev_comm=mmcqd/1 prev_pid=117 prev_prio=120 prev_state=S ==> next_comm=main next_pid=5351 next_prio=120
           <...>-5351  [000] ...2   308.336118: sched_switch: prev_comm=main prev_pid=5351 prev_prio=120 prev_state=R ==> next_comm=mmcqd/1 next_pid=117 next_prio=120
         mmcqd/1-117   [000] ...1   308.336144: block_rq_complete: 179,0 RA () 4082496 + 8 [0]
         mmcqd/1-117   [000] ...2   308.336164: sched_switch: prev_comm=mmcqd/1 prev_pid=117 prev_prio=120 prev_state=S ==> next_comm=main next_pid=5351 next_prio=120
           <...>-5351  [000] ...2   308.336442: sched_switch: prev_comm=main prev_pid=5351 prev_prio=120 prev_state=R ==> next_comm=mmcqd/1 next_pid=117 next_prio=120
         mmcqd/1-117   [000] ...1   308.336467: block_rq_complete: 179,0 RA () 4082512 + 8 [0]
         mmcqd/1-117   [000] ...2   308.336496: sched_switch: prev_comm=mmcqd/1 prev_pid=117 prev_prio=120 prev_state=S ==> next_comm=main next_pid=5351 next_prio=120
           <...>-5351  [000] ...2   308.336732: sched_switch: prev_comm=main prev_pid=5351 prev_prio=120 prev_state=R ==> next_comm=mmcqd/1 next_pid=117 next_prio=120
         mmcqd/1-117   [000] ...1   308.336757: block_rq_complete: 179,0 RA () 4082536 + 8 [0]
         mmcqd/1-117   [000] ...2   308.336769: sched_switch: prev_comm=mmcqd/1 prev_pid=117 prev_prio=120 prev_state=S ==> next_comm=main next_pid=5351 next_prio=120
           <...>-5351  [000] ...2   308.337240: sched_switch: prev_comm=main prev_pid=5351 prev_prio=120 prev_state=R ==> next_comm=mmcqd/1 next_pid=117 next_prio=120
         mmcqd/1-117   [000] ...1   308.337259: block_rq_complete: 179,0 RA () 4082552 + 48 [0]
         mmcqd/1-117   [000] ...2   308.337274: sched_switch: prev_comm=mmcqd/1 prev_pid=117 prev_prio=120 prev_state=R+ ==> next_comm=kworker/0:2H next_pid=520 next_prio=100
    kworker/0:2H-520   [000] ...2   308.337283: sched_switch: prev_comm=kworker/0:2H prev_pid=520 prev_prio=100 prev_state=S ==> next_comm=mmcqd/1 next_pid=117 next_prio=120
         mmcqd/1-117   [000] ...2   308.337292: sched_switch: prev_comm=mmcqd/1 prev_pid=117 prev_prio=120 prev_state=S ==> next_comm=main next_pid=5351 next_prio=120
           <...>-5351  [000] d..2   308.346631: block_rq_insert: 179,0 R 0 () 802944 + 32 [main]
           <...>-5351  [000] ...2   308.346645: sched_switch: prev_comm=main prev_pid=5351 prev_prio=120 prev_state=R+ ==> next_comm=mmcqd/1 next_pid=117 next_prio=120
         mmcqd/1-117   [000] ...2   308.346698: sched_switch: prev_comm=mmcqd/1 prev_pid=117 prev_prio=120 prev_state=S ==> next_comm=main next_pid=5351 next_prio=120
           <...>-5351  [000] ...2   308.346703: sched_switch: prev_comm=main prev_pid=5351 prev_prio=120 prev_state=D|W ==> next_comm=swapper/0 next_pid=0 next_prio=120
          <idle>-0     [000] ...2   308.346721: sched_switch: prev_comm=swapper/0 prev_pid=0 prev_prio=120 prev_state=R ==> next_comm=ksoftirqd/0 next_pid=3 next_prio=120
           <...>-3     [000] ...2   308.346729: sched_switch: prev_comm=ksoftirqd/0 prev_pid=3 prev_prio=120 prev_state=S ==> next_comm=swapper/0 next_pid=0 next_prio=120
          <idle>-0     [000] ...2   308.346744: sched_switch: prev_comm=swapper/0 prev_pid=0 prev_prio=120 prev_state=R ==> next_comm=ksoftirqd/0 next_pid=3 next_prio=120
