         mmcqd/1-117   [000] ...2   308.278860: sched_switch: prev_comm=mmcqd/1 prev_pid=117 prev_prio=120 prev_state=R+ ==> next_comm=kworker/0:2H next_pid=520 next_prio=100
    kworker/0:2H-520   [000] ...2   308.278867: sched_switch: prev_comm=kworker/0:2H prev_pid=520 prev_prio=100 prev_state=S ==> next_comm=mmcqd/1 next_pid=117 next_prio=120
         mmcqd/1-117   [000] ...2   308.278876: sched_switch: prev_comm=mmcqd/1 prev_pid=117 prev_prio=120 prev_state=S ==> next_comm=app_process next_pid=5351 next_prio=120
           <...>-5351  [000] d..2   308.279369: block_rq_insert: 179,0 R 0 () 853200 + 32 [app_process]
           <...>-5351  [000] ...2   308.279379: sched_switch: prev_comm=app_process prev_pid=5351 prev_prio=120 prev_state=R+ ==> next_comm=mmcqd/1 next_pid=117 next_prio=120
         mmcqd/1-117   [000] ...2   308.279423: sched_switch: prev_comm=mmcqd/1 prev_pid=117 prev_prio=120 prev_state=S ==> next_comm=app_process next_pid=5351 next_prio=120
           <...>-5351  [000] ...2   308.279431: sched_switch: prev_comm=app_process prev_pid=5351 prev_prio=120 prev_state=D|W ==> next_comm=swapper/0 next_pid=0 next_prio=120
          <idle>-0     [000] ...2   308.279446: sched_switch: prev_comm=swapper/0 prev_pid=0 prev_prio=120 prev_state=R ==> next_comm=ksoftirqd/0 next_pid=3 next_prio=120
           <...>-3     [000] ...2   308.279455: sched_switch: prev_comm=ksoftirqd/0 prev_pid=3 prev_prio=120 prev_state=S ==> next_comm=swapper/0 next_pid=0 next_prio=120
          <idle>-0     [000] ...2   308.279473: sched_switch: prev_comm=swapper/0 prev_pid=0 prev_prio=120 prev_state=R ==> next_comm=ksoftirqd/0 next_pid=3 next_prio=120
           <...>-3     [000] ...2   308.279481: sched_switch: prev_comm=ksoftirqd/0 prev_pid=3 prev_prio=120 prev_state=S ==> next_comm=swapper/0 next_pid=0 next_prio=120
          <idle>-0     [000] ...2   308.279496: sched_switch: prev_comm=swapper/0 prev_pid=0 prev_prio=120 prev_state=R ==> next_comm=ksoftirqd/0 next_pid=3 next_prio=120
           <...>-3     [000] ...2   308.279504: sched_switch: prev_comm=ksoftirqd/0 prev_pid=3 prev_prio=120 prev_state=S ==> next_comm=swapper/0 next_pid=0 next_prio=120
          <idle>-0     [000] ...2   308.279808: sched_switch: prev_comm=swapper/0 prev_pid=0 prev_prio=120 prev_state=R ==> next_comm=mmcqd/1 next_pid=117 next_prio=120
         mmcqd/1-117   [000] ...1   308.279824: block_rq_complete: 179,0 RA () 853200 + 32 [0]
         mmcqd/1-117   [000] ...2   308.279842: sched_switch: prev_comm=mmcqd/1 prev_pid=117 prev_prio=120 prev_state=R+ ==> next_comm=kworker/0:2H next_pid=520 next_prio=100
    kworker/0:2H-520   [000] ...2   308.279850: sched_switch: prev_comm=kworker/0:2H prev_pid=520 prev_prio=100 prev_state=S ==> next_comm=mmcqd/1 next_pid=117 next_prio=120
         mmcqd/1-117   [000] ...2   308.279860: sched_switch: prev_comm=mmcqd/1 prev_pid=117 prev_prio=120 prev_state=S ==> next_comm=app_process next_pid=5351 next_prio=120
           <...>-5351  [000] d..2   308.279902: block_rq_insert: 179,0 R 0 () 863504 + 136 [app_process]
           <...>-5351  [000] ...2   308.279911: sched_switch: prev_comm=app_process prev_pid=5351 prev_prio=120 prev_state=R+ ==> next_comm=mmcqd/1 next_pid=117 next_prio=120
         mmcqd/1-117   [000] ...2   308.279980: sched_switch: prev_comm=mmcqd/1 prev_pid=117 prev_prio=120 prev_state=S ==> next_comm=app_process next_pid=5351 next_prio=120
           <...>-5351  [000] ...2   308.279986: sched_switch: prev_comm=app_process prev_pid=5351 prev_prio=120 prev_state=D|W ==> next_comm=swapper/0 next_pid=0 next_prio=120
          <idle>-0     [000] ...2   308.280838: sched_switch: prev_comm=swapper/0 prev_pid=0 prev_prio=120 prev_state=R ==> next_comm=mmcqd/1 next_pid=117 next_prio=120
         mmcqd/1-117   [000] ...1   308.280876: block_rq_complete: 179,0 RA () 863504 + 136 [0]
         mmcqd/1-117   [000] ...2   308.280896: sched_switch: prev_comm=mmcqd/1 prev_pid=117 prev_prio=120 prev_state=R+ ==> next_comm=kworker/0:2H next_pid=520 next_prio=100
    kworker/0:2H-520   [000] ...2   308.280903: sched_switch: prev_comm=kworker/0:2H prev_pid=520 prev_prio=100 prev_state=S ==> next_comm=mmcqd/1 next_pid=117 next_prio=120
         mmcqd/1-117   [000] ...2   308.280912: sched_switch: prev_comm=mmcqd/1 prev_pid=117 prev_prio=120 prev_state=S ==> next_comm=app_process next_pid=5351 next_prio=120
           <...>-5351  [000] d..2   308.281168: block_rq_insert: 179,0 R 0 () 855992 + 32 [app_process]
           <...>-5351  [000] ...2   308.281179: sched_switch: prev_comm=app_process prev_pid=5351 prev_prio=120 prev_state=R+ ==> next_comm=mmcqd/1 next_pid=117 next_prio=120
         mmcqd/1-117   [000] ...2   308.281223: sched_switch: prev_comm=mmcqd/1 prev_pid=117 prev_prio=120 prev_state=S ==> next_comm=app_process next_pid=5351 next_prio=120
           <...>-5351  [000] ...2   308.281231: sched_switch: prev_comm=app_process prev_pid=5351 prev_prio=120 prev_state=D|W ==> next_comm=swapper/0 next_pid=0 next_prio=120
          <idle>-0     [000] ...2   308.281605: sched_switch: prev_comm=swapper/0 prev_pid=0 prev_prio=120 prev_state=R ==> next_comm=mmcqd/1 next_pid=117 next_prio=120
         mmcqd/1-117   [000] ...1   308.281621: block_rq_complete: 179,0 RA () 855992 + 32 [0]
         mmcqd/1-117   [000] ...2   308.281638: sched_switch: prev_comm=mmcqd/1 prev_pid=117 prev_prio=120 prev_state=R+ ==> next_comm=kworker/0:2H next_pid=520 next_prio=100
    kworker/0:2H-520   [000] ...2   308.281646: sched_switch: prev_comm=kworker/0:2H prev_pid=520 prev_prio=100 prev_state=S ==> next_comm=mmcqd/1 next_pid=117 next_prio=120
         mmcqd/1-117   [000] ...2   308.281655: sched_switch: prev_comm=mmcqd/1 prev_pid=117 prev_prio=120 prev_state=S ==> next_comm=app_process next_pid=5351 next_prio=120
           <...>-5351  [000] d..2   308.281937: block_rq_insert: 179,0 R 0 () 868176 + 32 [app_process]
           <...>-5351  [000] ...2   308.281947: sched_switch: prev_comm=app_process prev_pid=5351 prev_prio=120 prev_state=R+ ==> next_comm=mmcqd/1 next_pid=117 next_prio=120
          <idle>-0     [001] ...2   308.281999: sched_switch: prev_comm=swapper/1 prev_pid=0 prev_prio=120 prev_state=R ==> next_comm=ksoftirqd/1 next_pid=5347 next_prio=120
         mmcqd/1-117   [000] ...2   308.282009: sched_switch: prev_comm=mmcqd/1 prev_pid=117 prev_prio=120 prev_state=S ==> next_comm=app_process next_pid=5351 next_prio=120
           <...>-5351  [000] ...2   308.282016: sched_switch: prev_comm=app_process prev_pid=5351 prev_prio=120 prev_state=D|W ==> next_comm=swapper/0 next_pid=0 next_prio=120
           <...>-5347  [001] ...2   308.282016: sched_switch: prev_comm=ksoftirqd/1 prev_pid=5347 prev_prio=120 prev_state=S ==> next_comm=swapper/1 next_pid=0 next_prio=120
          <idle>-0     [000] ...2   308.282027: sched_switch: prev_comm=swapper/0 prev_pid=0 prev_prio=120 prev_state=R ==> next_comm=ksoftirqd/0 next_pid=3 next_prio=120
           <...>-3     [000] ...2   308.282037: sched_switch: prev_comm=ksoftirqd/0 prev_pid=3 prev_prio=120 prev_state=S ==> next_comm=swapper/0 next_pid=0 next_prio=120
          <idle>-0     [001] ...2   308.282039: sched_switch: prev_comm=swapper/1 prev_pid=0 prev_prio=120 prev_state=R ==> next_comm=ksoftirqd/1 next_pid=5347 next_prio=120
           <...>-5347  [001] ...2   308.282055: sched_switch: prev_comm=ksoftirqd/1 prev_pid=5347 prev_prio=120 prev_state=S ==> next_comm=swapper/1 next_pid=0 next_prio=120
          <idle>-0     [001] ...2   308.282078: sched_switch: prev_comm=swapper/1 prev_pid=0 prev_prio=120 prev_state=R ==> next_comm=ksoftirqd/1 next_pid=5347 next_prio=120
           <...>-5347  [001] ...2   308.282092: sched_switch: prev_comm=ksoftirqd/1 prev_pid=5347 prev_prio=120 prev_state=S ==> next_comm=swapper/1 next_pid=0 next_prio=120
          <idle>-0     [000] ...2   308.282408: sched_switch: prev_comm=swapper/0 prev_pid=0 prev_prio=120 prev_state=R ==> next_comm=mmcqd/1 next_pid=117 next_prio=120
         mmcqd/1-117   [000] ...1   308.282423: block_rq_complete: 179,0 RA () 868176 + 32 [0]
         mmcqd/1-117   [000] ...2   308.282441: sched_switch: prev_comm=mmcqd/1 prev_pid=117 prev_prio=120 prev_state=R+ ==> next_comm=kworker/0:2H next_pid=520 next_prio=100
    kworker/0:2H-520   [000] ...2   308.282448: sched_switch: prev_comm=kworker/0:2H prev_pid=520 prev_prio=100 prev_state=S ==> next_comm=mmcqd/1 next_pid=117 next_prio=120
         mmcqd/1-117   [000] ...2   308.282457: sched_switch: prev_comm=mmcqd/1 prev_pid=117 prev_prio=120 prev_state=S ==> next_comm=app_process next_pid=5351 next_prio=120
           <...>-5351  [000] d..2   308.282499: block_rq_insert: 179,0 R 0 () 869424 + 136 [app_process]
           <...>-5351  [000] ...2   308.282509: sched_switch: prev_comm=app_process prev_pid=5351 prev_prio=120 prev_state=R+ ==> next_comm=mmcqd/1 next_pid=117 next_prio=120
         mmcqd/1-117   [000] ...2   308.282577: sched_switch: prev_comm=mmcqd/1 prev_pid=117 prev_prio=120 prev_state=S ==> next_comm=app_process next_pid=5351 next_prio=120
           <...>-5351  [000] ...2   308.282583: sched_switch: prev_comm=app_process prev_pid=5351 prev_prio=120 prev_state=D|W ==> next_comm=swapper/0 next_pid=0 next_prio=120
          <idle>-0     [000] ...2   308.283434: sched_switch: prev_comm=swapper/0 prev_pid=0 prev_prio=120 prev_state=R ==> next_comm=mmcqd/1 next_pid=117 next_prio=120
         mmcqd/1-117   [000] ...1   308.283473: block_rq_complete: 179,0 RA () 869424 + 136 [0]
         mmcqd/1-117   [000] ...2   308.283494: sched_switch: prev_comm=mmcqd/1 prev_pid=117 prev_prio=120 prev_state=R+ ==> next_comm=kworker/0:2H next_pid=520 next_prio=100
    kworker/0:2H-520   [000] ...2   308.283501: sched_switch: prev_comm=kworker/0:2H prev_pid=520 prev_prio=100 prev_state=S ==> next_comm=mmcqd/1 next_pid=117 next_prio=120
         mmcqd/1-117   [000] ...2   308.283510: sched_switch: prev_comm=mmcqd/1 prev_pid=117 prev_prio=120 prev_state=S ==> next_comm=app_process next_pid=5351 next_prio=120
           <...>-5351  [000] d..2   308.283774: block_rq_insert: 179,0 R 0 () 869672 + 32 [app_process]
           <...>-5351  [000] ...2   308.283785: sched_switch: prev_comm=app_process prev_pid=5351 prev_prio=120 prev_state=R+ ==> next_comm=mmcqd/1 next_pid=117 next_prio=120
         mmcqd/1-117   [000] ...2   308.283830: sched_switch: prev_comm=mmcqd/1 prev_pid=117 prev_prio=120 prev_state=S ==> next_comm=app_process next_pid=5351 next_prio=120
           <...>-5351  [000] ...2   308.283837: sched_switch: prev_comm=app_process prev_pid=5351 prev_prio=120 prev_state=D|W ==> next_comm=swapper/0 next_pid=0 next_prio=120
          <idle>-0     [000] ...2   308.283849: sched_switch: prev_comm=swapper/0 prev_pid=0 prev_prio=120 prev_state=R ==> next_comm=ksoftirqd/0 next_pid=3 next_prio=120
           <...>-3     [000] ...2   308.283856: sched_switch: prev_comm=ksoftirqd/0 prev_pid=3 prev_prio=120 prev_state=S ==> next_comm=swapper/0 next_pid=0 next_prio=120
          <idle>-0     [000] ...2   308.283867: sched_switch: prev_comm=swapper/0 prev_pid=0 prev_prio=120 prev_state=R ==> next_comm=ksoftirqd/0 next_pid=3 next_prio=120
           <...>-3     [000] ...2   308.283874: sched_switch: prev_comm=ksoftirqd/0 prev_pid=3 prev_prio=120 prev_state=S ==> next_comm=swapper/0 next_pid=0 next_prio=120
          <idle>-0     [000] ...2   308.283884: sched_switch: prev_comm=swapper/0 prev_pid=0 prev_prio=120 prev_state=R ==> next_comm=ksoftirqd/0 next_pid=3 next_prio=120
           <...>-3     [000] ...2   308.283891: sched_switch: prev_comm=ksoftirqd/0 prev_pid=3 prev_prio=120 prev_state=S ==> next_comm=swapper/0 next_pid=0 next_prio=120
          <idle>-0     [000] ...2   308.284222: sched_switch: prev_comm=swapper/0 prev_pid=0 prev_prio=120 prev_state=R ==> next_comm=mmcqd/1 next_pid=117 next_prio=120
         mmcqd/1-117   [000] ...1   308.284237: block_rq_complete: 179,0 RA () 869672 + 32 [0]
         mmcqd/1-117   [000] ...2   308.284255: sched_switch: prev_comm=mmcqd/1 prev_pid=117 prev_prio=120 prev_state=R+ ==> next_comm=kworker/0:2H next_pid=520 next_prio=100
    kworker/0:2H-520   [000] ...2   308.284262: sched_switch: prev_comm=kworker/0:2H prev_pid=520 prev_prio=100 prev_state=S ==> next_comm=mmcqd/1 next_pid=117 next_prio=120
         mmcqd/1-117   [000] ...2   308.284271: sched_switch: prev_comm=mmcqd/1 prev_pid=117 prev_prio=120 prev_state=S ==> next_comm=app_process next_pid=5351 next_prio=120
           <...>-5351  [000] d..2   308.284306: block_rq_insert: 179,0 R 0 () 869704 + 64 [app_process]
           <...>-5351  [000] ...2   308.284317: sched_switch: prev_comm=app_process prev_pid=5351 prev_prio=120 prev_state=R+ ==> next_comm=mmcqd/1 next_pid=117 next_prio=120
         mmcqd/1-117   [000] ...2   308.284367: sched_switch: prev_comm=mmcqd/1 prev_pid=117 prev_prio=120 prev_state=S ==> next_comm=app_process next_pid=5351 next_prio=120
           <...>-5351  [000] d..2   308.284411: block_rq_insert: 179,0 R 0 () 869768 + 40 [app_process]
           <...>-5351  [000] ...2   308.284421: sched_switch: prev_comm=app_process prev_pid=5351 prev_prio=120 prev_state=R+ ==> next_comm=mmcqd/1 next_pid=117 next_prio=120
         mmcqd/1-117   [000] ...2   308.284445: sched_switch: prev_comm=mmcqd/1 prev_pid=117 prev_prio=120 prev_state=S ==> next_comm=app_process next_pid=5351 next_prio=120
           <...>-5351  [000] ...2   308.284450: sched_switch: prev_comm=app_process prev_pid=5351 prev_prio=120 prev_state=D|W ==> next_comm=swapper/0 next_pid=0 next_prio=120
          <idle>-0     [000] ...2   308.284917: sched_switch: prev_comm=swapper/0 prev_pid=0 prev_prio=120 prev_state=R ==> next_comm=mmcqd/1 next_pid=117 next_prio=120
         mmcqd/1-117   [000] ...1   308.284955: block_rq_complete: 179,0 RA () 869704 + 64 [0]
         mmcqd/1-117   [000] ...2   308.284972: sched_switch: prev_comm=mmcqd/1 prev_pid=117 prev_prio=120 prev_state=S ==> next_comm=app_process next_pid=5351 next_prio=120
           <...>-5351  [000] ...2   308.285054: sched_switch: prev_comm=app_process prev_pid=5351 prev_prio=120 prev_state=D|W ==> next_comm=swapper/0 next_pid=0 next_prio=120
          <idle>-0     [000] ...2   308.285351: sched_switch: prev_comm=swapper/0 prev_pid=0 prev_prio=120 prev_state=R ==> next_comm=mmcqd/1 next_pid=117 next_prio=120
         mmcqd/1-117   [000] ...1   308.285369: block_rq_complete: 179,0 RA () 869768 + 40 [0]
         mmcqd/1-117   [000] ...2   308.285387: sched_switch: prev_comm=mmcqd/1 prev_pid=117 prev_prio=120 prev_state=R+ ==> next_comm=kworker/0:2H next_pid=520 next_prio=100
    kworker/0:2H-520   [000] ...2   308.285395: sched_switch: prev_comm=kworker/0:2H prev_pid=520 prev_prio=100 prev_state=S ==> next_comm=mmcqd/1 next_pid=117 next_prio=120
         mmcqd/1-117   [000] ...2   308.285404: sched_switch: prev_comm=mmcqd/1 prev_pid=117 prev_prio=120 prev_state=S ==> next_comm=app_process next_pid=5351 next_prio=120
           <...>-5351  [000] d..2   308.285544: block_rq_insert: 179,0 R 0 () 863648 + 32 [app_process]
           <...>-5351  [000] ...2   308.285554: sched_switch: prev_comm=app_process prev_pid=5351 prev_prio=120 prev_state=R+ ==> next_comm=mmcqd/1 next_pid=117 next_prio=120
         mmcqd/1-117   [000] ...2   308.285598: sched_switch: prev_comm=mmcqd/1 prev_pid=117 prev_prio=120 prev_state=S ==> next_comm=app_process next_pid=5351 next_prio=120
           <...>-5351  [000] ...2   308.285603: sched_switch: prev_comm=app_process prev_pid=5351 prev_prio=120 prev_state=D|W ==> next_comm=swapper/0 next_pid=0 next_prio=120
          <idle>-0     [000] ...2   308.285612: sched_switch: prev_comm=swapper/0 prev_pid=0 prev_prio=120 prev_state=R ==> next_comm=ksoftirqd/0 next_pid=3 next_prio=120
           <...>-3     [000] ...2   308.285620: sched_switch: prev_comm=ksoftirqd/0 prev_pid=3 prev_prio=120 prev_state=S ==> next_comm=swapper/0 next_pid=0 next_prio=120
          <idle>-0     [000] ...2   308.285630: sched_switch: prev_comm=swapper/0 prev_pid=0 prev_prio=120 prev_state=R ==> next_comm=ksoftirqd/0 next_pid=3 next_prio=120
           <...>-3     [000] ...2   308.285636: sched_switch: prev_comm=ksoftirqd/0 prev_pid=3 prev_prio=120 prev_state=S ==> next_comm=swapper/0 next_pid=0 next_prio=120
          <idle>-0     [000] ...2   308.285645: sched_switch: prev_comm=swapper/0 prev_pid=0 prev_prio=120 prev_state=R ==> next_comm=ksoftirqd/0 next_pid=3 next_prio=120
           <...>-3     [000] ...2   308.285651: sched_switch: prev_comm=ksoftirqd/0 prev_pid=3 prev_prio=120 prev_state=S ==> next_comm=swapper/0 next_pid=0 next_prio=120
          <idle>-0     [000] ...2   308.285934: sched_switch: prev_comm=swapper/0 prev_pid=0 prev_prio=120 prev_state=R ==> next_comm=mmcqd/1 next_pid=117 next_prio=120
         mmcqd/1-117   [000] ...1   308.285949: block_rq_complete: 179,0 RA () 863648 + 32 [0]
         mmcqd/1-117   [000] ...2   308.285966: sched_switch: prev_comm=mmcqd/1 prev_pid=117 prev_prio=120 prev_state=R+ ==> next_comm=kworker/0:2H next_pid=520 next_prio=100
    kworker/0:2H-520   [000] ...2   308.285973: sched_switch: prev_comm=kworker/0:2H prev_pid=520 prev_prio=100 prev_state=S ==> next_comm=mmcqd/1 next_pid=117 next_prio=120
         mmcqd/1-117   [000] ...2   308.285982: sched_switch: prev_comm=mmcqd/1 prev_pid=117 prev_prio=120 prev_state=S ==> next_comm=app_process next_pid=5351 next_prio=120
           <...>-5351  [000] d..2   308.286016: block_rq_insert: 179,0 R 0 () 863680 + 40 [app_process]
           <...>-5351  [000] ...2   308.286026: sched_switch: prev_comm=app_process prev_pid=5351 prev_prio=120 prev_state=R+ ==> next_comm=mmcqd/1 next_pid=117 next_prio=120
         mmcqd/1-117   [000] ...2   308.286070: sched_switch: prev_comm=mmcqd/1 prev_pid=117 prev_prio=120 prev_state=S ==> next_comm=app_process next_pid=5351 next_prio=120
           <...>-5351  [000] ...2   308.286104: sched_switch: prev_comm=app_process prev_pid=5351 prev_prio=120 prev_state=D|W ==> next_comm=swapper/0 next_pid=0 next_prio=120
          <idle>-0     [000] ...2   308.286482: sched_switch: prev_comm=swapper/0 prev_pid=0 prev_prio=120 prev_state=R ==> next_comm=mmcqd/1 next_pid=117 next_prio=120
         mmcqd/1-117   [000] ...1   308.286499: block_rq_complete: 179,0 RA () 863680 + 40 [0]
         mmcqd/1-117   [000] ...2   308.286517: sched_switch: prev_comm=mmcqd/1 prev_pid=117 prev_prio=120 prev_state=R+ ==> next_comm=kworker/0:2H next_pid=520 next_prio=100
    kworker/0:2H-520   [000] ...2   308.286525: sched_switch: prev_comm=kworker/0:2H prev_pid=520 prev_prio=100 prev_state=S ==> next_comm=mmcqd/1 next_pid=117 next_prio=120
         mmcqd/1-117   [000] ...2   308.286534: sched_switch: prev_comm=mmcqd/1 prev_pid=117 prev_prio=120 prev_state=S ==> next_comm=app_process next_pid=5351 next_prio=120
           <...>-5351  [000] d..2   308.286639: block_rq_insert: 179,0 R 0 () 863808 + 8 [app_process]
           <...>-5351  [000] ...2   308.286649: sched_switch: prev_comm=app_process prev_pid=5351 prev_prio=120 prev_state=R+ ==> next_comm=mmcqd/1 next_pid=117 next_prio=120
         mmcqd/1-117   [000] ...2   308.286687: sched_switch: prev_comm=mmcqd/1 prev_pid=117 prev_prio=120 prev_state=S ==> next_comm=app_process next_pid=5351 next_prio=120
           <...>-5351  [000] ...2   308.286692: sched_switch: prev_comm=app_process prev_pid=5351 prev_prio=120 prev_state=D|W ==> next_comm=swapper/0 next_pid=0 next_prio=120
          <idle>-0     [000] ...2   308.286701: sched_switch: prev_comm=swapper/0 prev_pid=0 prev_prio=120 prev_state=R ==> next_comm=ksoftirqd/0 next_pid=3 next_prio=120
           <...>-3     [000] ...2   308.286708: sched_switch: prev_comm=ksoftirqd/0 prev_pid=3 prev_prio=120 prev_state=S ==> next_comm=swapper/0 next_pid=0 next_prio=120
          <idle>-0     [000] ...2   308.286718: sched_switch: prev_comm=swapper/0 prev_pid=0 prev_prio=120 prev_state=R ==> next_comm=ksoftirqd/0 next_pid=3 next_prio=120
           <...>-3     [000] ...2   308.286725: sched_switch: prev_comm=ksoftirqd/0 prev_pid=3 prev_prio=120 prev_state=S ==> next_comm=swapper/0 next_pid=0 next_prio=120
          <idle>-0     [000] ...2   308.286734: sched_switch: prev_comm=swapper/0 prev_pid=0 prev_prio=120 prev_state=R ==> next_comm=ksoftirqd/0 next_pid=3 next_prio=120
           <...>-3     [000] ...2   308.286740: sched_switch: prev_comm=ksoftirqd/0 prev_pid=3 prev_prio=120 prev_state=S ==> next_comm=swapper/0 next_pid=0 next_prio=120
          <idle>-0     [000] ...2   308.286928: sched_switch: prev_comm=swapper/0 prev_pid=0 prev_prio=120 prev_state=R ==> next_comm=mmcqd/1 next_pid=117 next_prio=120
         mmcqd/1-117   [000] ...1   308.286938: block_rq_complete: 179,0 RA () 863808 + 8 [0]
         mmcqd/1-117   [000] ...2   308.286954: sched_switch: prev_comm=mmcqd/1 prev_pid=117 prev_prio=120 prev_state=R+ ==> next_comm=kworker/0:2H next_pid=520 next_prio=100
    kworker/0:2H-520   [000] ...2   308.286960: sched_switch: prev_comm=kworker/0:2H prev_pid=520 prev_prio=100 prev_state=S ==> next_comm=mmcqd/1 next_pid=117 next_prio=120
         mmcqd/1-117   [000] ...2   308.286969: sched_switch: prev_comm=mmcqd/1 prev_pid=117 prev_prio=120 prev_state=S ==> next_comm=app_process next_pid=5351 next_prio=120
           <...>-5351  [000] d..2   308.287046: block_rq_insert: 179,0 R 0 () 802992 + 32 [app_process]
           <...>-5351  [000] ...2   308.287057: sched_switch: prev_comm=app_process prev_pid=5351 prev_prio=120 prev_state=R+ ==> next_comm=mmcqd/1 next_pid=117 next_prio=120
         mmcqd/1-117   [000] ...2   308.287099: sched_switch: prev_comm=mmcqd/1 prev_pid=117 prev_prio=120 prev_state=S ==> next_comm=app_process next_pid=5351 next_prio=120
           <...>-5351  [000] ...2   308.287104: sched_switch: prev_comm=app_process prev_pid=5351 prev_prio=120 prev_state=D|W ==> next_comm=swapper/0 next_pid=0 next_prio=120
          <idle>-0     [000] ...2   308.287114: sched_switch: prev_comm=swapper/0 prev_pid=0 prev_prio=120 prev_state=R ==> next_comm=ksoftirqd/0 next_pid=3 next_prio=120
           <...>-3     [000] ...2   308.287120: sched_switch: prev_comm=ksoftirqd/0 prev_pid=3 prev_prio=120 prev_state=S ==> next_comm=swapper/0 next_pid=0 next_prio=120
          <idle>-0     [000] ...2   308.287130: sched_switch: prev_comm=swapper/0 prev_pid=0 prev_prio=120 prev_state=R ==> next_comm=ksoftirqd/0 next_pid=3 next_prio=120
           <...>-3     [000] ...2   308.287137: sched_switch: prev_comm=ksoftirqd/0 prev_pid=3 prev_prio=120 prev_state=S ==> next_comm=swapper/0 next_pid=0 next_prio=120
          <idle>-0     [000] ...2   308.287146: sched_switch: prev_comm=swapper/0 prev_pid=0 prev_prio=120 prev_state=R ==> next_comm=ksoftirqd/0 next_pid=3 next_prio=120
           <...>-3     [000] ...2   308.287154: sched_switch: prev_comm=ksoftirqd/0 prev_pid=3 prev_prio=120 prev_state=S ==> next_comm=swapper/0 next_pid=0 next_prio=120
          <idle>-0     [000] ...2   308.287269: sched_switch: prev_comm=swapper/0 prev_pid=0 prev_prio=120 prev_state=R ==> next_comm=adbd next_pid=795 next_prio=120
            adbd-795   [000] ...2   308.287285: sched_switch: prev_comm=adbd prev_pid=795 prev_prio=120 prev_state=S ==> next_comm=swapper/0 next_pid=0 next_prio=120
          <idle>-0     [000] ...2   308.287476: sched_switch: prev_comm=swapper/0 prev_pid=0 prev_prio=120 prev_state=R ==> next_comm=mmcqd/1 next_pid=117 next_prio=120
         mmcqd/1-117   [000] ...1   308.287491: block_rq_complete: 179,0 RA () 802992 + 32 [0]
         mmcqd/1-117   [000] ...2   308.287509: sched_switch: prev_comm=mmcqd/1 prev_pid=117 prev_prio=120 prev_state=R+ ==> next_comm=kworker/0:2H next_pid=520 next_prio=100
    kworker/0:2H-520   [000] ...2   308.287533: sched_switch: prev_comm=kworker/0:2H prev_pid=520 prev_prio=100 prev_state=S ==> next_comm=mmcqd/1 next_pid=117 next_prio=120
         mmcqd/1-117   [000] ...2   308.287542: sched_switch: prev_comm=mmcqd/1 prev_pid=117 prev_prio=120 prev_state=S ==> next_comm=adbd next_pid=795 next_prio=120
            adbd-795   [000] ...2   308.287584: sched_switch: prev_comm=adbd prev_pid=795 prev_prio=120 prev_state=S ==> next_comm=adbd next_pid=792 next_prio=120
          <idle>-0     [001] ...2   308.288026: sched_switch: prev_comm=swapper/1 prev_pid=0 prev_prio=120 prev_state=R ==> next_comm=adbd next_pid=5358 next_prio=120
            adbd-792   [000] ...2   308.288284: sched_switch: prev_comm=adbd prev_pid=792 prev_prio=120 prev_state=D ==> next_comm=adbd next_pid=794 next_prio=120
            adbd-794   [000] ...2   308.288360: sched_switch: prev_comm=adbd prev_pid=794 prev_prio=120 prev_state=S ==> next_comm=kworker/0:1 next_pid=15 next_prio=120
     kworker/0:1-15    [000] ...2   308.288376: sched_switch: prev_comm=kworker/0:1 prev_pid=15 prev_prio=120 prev_state=S ==> next_comm=adbd next_pid=792 next_prio=120
            adbd-792   [000] ...2   308.288383: sched_switch: prev_comm=adbd prev_pid=792 prev_prio=120 prev_state=S ==> next_comm=app_process next_pid=5351 next_prio=120
           <...>-5351  [000] d..2   308.288440: block_rq_insert: 179,0 R 0 () 803104 + 136 [app_process]
           <...>-5351  [000] ...2   308.288456: sched_switch: prev_comm=app_process prev_pid=5351 prev_prio=120 prev_state=R+ ==> next_comm=mmcqd/1 next_pid=117 next_prio=120
         mmcqd/1-117   [000] ...2   308.288527: sched_switch: prev_comm=mmcqd/1 prev_pid=117 prev_prio=120 prev_state=S ==> next_comm=app_process next_pid=5351 next_prio=120
           <...>-5351  [000] ...2   308.288532: sched_switch: prev_comm=app_process prev_pid=5351 prev_prio=120 prev_state=D|W ==> next_comm=swapper/0 next_pid=0 next_prio=120
          <idle>-0     [000] ...2   308.289384: sched_switch: prev_comm=swapper/0 prev_pid=0 prev_prio=120 prev_state=R ==> next_comm=mmcqd/1 next_pid=117 next_prio=120
         mmcqd/1-117   [000] ...1   308.289422: block_rq_complete: 179,0 RA () 803104 + 136 [0]
         mmcqd/1-117   [000] ...2   308.289445: sched_switch: prev_comm=mmcqd/1 prev_pid=117 prev_prio=120 prev_state=R+ ==> next_comm=kworker/0:2H next_pid=520 next_prio=100
    kworker/0:2H-520   [000] ...2   308.289453: sched_switch: prev_comm=kworker/0:2H prev_pid=520 prev_prio=100 prev_state=S ==> next_comm=mmcqd/1 next_pid=117 next_prio=120
         mmcqd/1-117   [000] ...2   308.289463: sched_switch: prev_comm=mmcqd/1 prev_pid=117 prev_prio=120 prev_state=S ==> next_comm=app_process next_pid=5351 next_prio=120
           <...>-5351  [000] d..2   308.289701: block_rq_insert: 179,0 R 0 () 803392 + 32 [app_process]
           <...>-5351  [000] ...2   308.289711: sched_switch: prev_comm=app_process prev_pid=5351 prev_prio=120 prev_state=R+ ==> next_comm=mmcqd/1 next_pid=117 next_prio=120
         mmcqd/1-117   [000] ...2   308.289755: sched_switch: prev_comm=mmcqd/1 prev_pid=117 prev_prio=120 prev_state=S ==> next_comm=app_process next_pid=5351 next_prio=120
           <...>-5351  [000] ...2   308.289760: sched_switch: prev_comm=app_process prev_pid=5351 prev_prio=120 prev_state=D|W ==> next_comm=swapper/0 next_pid=0 next_prio=120
          <idle>-0     [000] ...2   308.289772: sched_switch: prev_comm=swapper/0 prev_pid=0 prev_prio=120 prev_state=R ==> next_comm=ksoftirqd/0 next_pid=3 next_prio=120
           <...>-3     [000] ...2   308.289779: sched_switch: prev_comm=ksoftirqd/0 prev_pid=3 prev_prio=120 prev_state=S ==> next_comm=swapper/0 next_pid=0 next_prio=120
          <idle>-0     [000] ...2   308.289789: sched_switch: prev_comm=swapper/0 prev_pid=0 prev_prio=120 prev_state=R ==> next_comm=ksoftirqd/0 next_pid=3 next_prio=120
           <...>-3     [000] ...2   308.289795: sched_switch: prev_comm=ksoftirqd/0 prev_pid=3 prev_prio=120 prev_state=S ==> next_comm=swapper/0 next_pid=0 next_prio=120
          <idle>-0     [000] ...2   308.289804: sched_switch: prev_comm=swapper/0 prev_pid=0 prev_prio=120 prev_state=R ==> next_comm=ksoftirqd/0 next_pid=3 next_prio=120
           <...>-3     [000] ...2   308.289809: sched_switch: prev_comm=ksoftirqd/0 prev_pid=3 prev_prio=120 prev_state=S ==> next_comm=swapper/0 next_pid=0 next_prio=120
          <idle>-0     [000] ...2   308.290099: sched_switch: prev_comm=swapper/0 prev_pid=0 prev_prio=120 prev_state=R ==> next_comm=mmcqd/1 next_pid=117 next_prio=120
         mmcqd/1-117   [000] ...1   308.290114: block_rq_complete: 179,0 RA () 803392 + 32 [0]
         mmcqd/1-117   [000] ...2   308.290133: sched_switch: prev_comm=mmcqd/1 prev_pid=117 prev_prio=120 prev_state=R+ ==> next_comm=kworker/0:2H next_pid=520 next_prio=100
    kworker/0:2H-520   [000] ...2   308.290141: sched_switch: prev_comm=kworker/0:2H prev_pid=520 prev_prio=100 prev_state=S ==> next_comm=mmcqd/1 next_pid=117 next_prio=120
         mmcqd/1-117   [000] ...2   308.290150: sched_switch: prev_comm=mmcqd/1 prev_pid=117 prev_prio=120 prev_state=S ==> next_comm=app_process next_pid=5351 next_prio=120
           <...>-5351  [000] d..2   308.290196: block_rq_insert: 179,0 R 0 () 804336 + 136 [app_process]
           <...>-5351  [000] ...2   308.290205: sched_switch: prev_comm=app_process prev_pid=5351 prev_prio=120 prev_state=R+ ==> next_comm=mmcqd/1 next_pid=117 next_prio=120
         mmcqd/1-117   [000] ...2   308.290267: sched_switch: prev_comm=mmcqd/1 prev_pid=117 prev_prio=120 prev_state=S ==> next_comm=app_process next_pid=5351 next_prio=120
           <...>-5351  [000] ...2   308.290272: sched_switch: prev_comm=app_process prev_pid=5351 prev_prio=120 prev_state=D|W ==> next_comm=swapper/0 next_pid=0 next_prio=120
          <idle>-0     [000] ...2   308.291189: sched_switch: prev_comm=swapper/0 prev_pid=0 prev_prio=120 prev_state=R ==> next_comm=mmcqd/1 next_pid=117 next_prio=120
         mmcqd/1-117   [000] ...1   308.291224: block_rq_complete: 179,0 RA () 804336 + 136 [0]
         mmcqd/1-117   [000] ...2   308.291245: sched_switch: prev_comm=mmcqd/1 prev_pid=117 prev_prio=120 prev_state=R+ ==> next_comm=kworker/0:2H next_pid=520 next_prio=100
    kworker/0:2H-520   [000] ...2   308.291252: sched_switch: prev_comm=kworker/0:2H prev_pid=520 prev_prio=100 prev_state=S ==> next_comm=mmcqd/1 next_pid=117 next_prio=120
         mmcqd/1-117   [000] ...2   308.291261: sched_switch: prev_comm=mmcqd/1 prev_pid=117 prev_prio=120 prev_state=S ==> next_comm=app_process next_pid=5351 next_prio=120
           <...>-5351  [000] d..2   308.291538: block_rq_insert: 179,0 FWS 0 () 0 + 0 [app_process]
           <...>-5351  [000] ...2   308.291549: sched_switch: prev_comm=app_process prev_pid=5351 prev_prio=120 prev_state=R+ ==> next_comm=mmcqd/1 next_pid=117 next_prio=120
         mmcqd/1-117   [000] ...2   308.291574: sched_switch: prev_comm=mmcqd/1 prev_pid=117 prev_prio=120 prev_state=D ==> next_comm=app_process next_pid=5351 next_prio=120
           <...>-5351  [000] ...2   308.291579: sched_switch: prev_comm=app_process prev_pid=5351 prev_prio=120 prev_state=D ==> next_comm=swapper/0 next_pid=0 next_prio=120
          <idle>-0     [000] ...2   308.291600: sched_switch: prev_comm=swapper/0 prev_pid=0 prev_prio=120 prev_state=R ==> next_comm=mmcqd/1 next_pid=117 next_prio=120
         mmcqd/1-117   [000] ...2   308.291624: sched_switch: prev_comm=mmcqd/1 prev_pid=117 prev_prio=120 prev_state=R ==> next_comm=swapper/0 next_pid=0 next_prio=120
          <idle>-0     [000] ...2   308.291627: sched_switch: prev_comm=swapper/0 prev_pid=0 prev_prio=120 prev_state=R ==> next_comm=mmcqd/1 next_pid=117 next_prio=120
         mmcqd/1-117   [000] d..2   308.291632: block_rq_complete: 179,0 WS () 0 + 0 [0]
         mmcqd/1-117   [000] ...2   308.291650: sched_switch: prev_comm=mmcqd/1 prev_pid=117 prev_prio=120 prev_state=S ==> next_comm=app_process next_pid=5351 next_prio=120
           <...>-5351  [000] ...2   308.291982: sched_switch: prev_comm=app_process prev_pid=5351 prev_prio=120 prev_state=R+ ==> next_comm=kworker/0:1 next_pid=15 next_prio=120
     kworker/0:1-15    [000] ...2   308.292038: sched_switch: prev_comm=kworker/0:1 prev_pid=15 prev_prio=120 prev_state=S ==> next_comm=app_process next_pid=5351 next_prio=120
           <...>-5358  [001] ...2   308.294298: sched_switch: prev_comm=sh prev_pid=5358 prev_prio=120 prev_state=R+ ==> next_comm=kworker/1:1 next_pid=5350 next_prio=120
           <...>-5351  [000] ...2   308.294320: sched_switch: prev_comm=app_process prev_pid=5351 prev_prio=120 prev_state=R+ ==> next_comm=adbd next_pid=792 next_prio=120
           <...>-5350  [001] ...2   308.294326: sched_switch: prev_comm=kworker/1:1 prev_pid=5350 prev_prio=120 prev_state=S ==> next_comm=adbd next_pid=5359 next_prio=120
           <...>-5359  [001] ...2   308.294356: sched_switch: prev_comm=adbd prev_pid=5359 prev_prio=120 prev_state=S ==> next_comm=sh next_pid=5358 next_prio=120
           <...>-5358  [001] ...2   308.294376: sched_switch: prev_comm=sh prev_pid=5358 prev_prio=120 prev_state=R+ ==> next_comm=kworker/1:1 next_pid=5350 next_prio=120
            adbd-792   [000] ...2   308.294379: sched_switch: prev_comm=adbd prev_pid=792 prev_prio=120 prev_state=D ==> next_comm=app_process next_pid=5351 next_prio=120
           <...>-5351  [000] ...2   308.294395: sched_switch: prev_comm=app_process prev_pid=5351 prev_prio=120 prev_state=R ==> next_comm=adbd next_pid=792 next_prio=120
           <...>-5350  [001] ...2   308.294400: sched_switch: prev_comm=kworker/1:1 prev_pid=5350 prev_prio=120 prev_state=S ==> next_comm=sh next_pid=5358 next_prio=120
           <...>-5358  [001] ...2   308.294417: sched_switch: prev_comm=sh prev_pid=5358 prev_prio=120 prev_state=R+ ==> next_comm=kworker/1:1 next_pid=5350 next_prio=120
           <...>-5350  [001] ...2   308.294430: sched_switch: prev_comm=kworker/1:1 prev_pid=5350 prev_prio=120 prev_state=S ==> next_comm=sh next_pid=5358 next_prio=120
           <...>-5358  [001] ...2   308.294446: sched_switch: prev_comm=sh prev_pid=5358 prev_prio=120 prev_state=R+ ==> next_comm=kworker/1:1 next_pid=5350 next_prio=120
            adbd-792   [000] ...2   308.294449: sched_switch: prev_comm=adbd prev_pid=792 prev_prio=120 prev_state=D ==> next_comm=app_process next_pid=5351 next_prio=120
           <...>-5351  [000] ...2   308.294464: sched_switch: prev_comm=app_process prev_pid=5351 prev_prio=120 prev_state=R+ ==> next_comm=adbd next_pid=792 next_prio=120
           <...>-5350  [001] ...2   308.294468: sched_switch: prev_comm=kworker/1:1 prev_pid=5350 prev_prio=120 prev_state=S ==> next_comm=sh next_pid=5358 next_prio=120
           <...>-5358  [001] ...2   308.294484: sched_switch: prev_comm=sh prev_pid=5358 prev_prio=120 prev_state=R+ ==> next_comm=kworker/1:1 next_pid=5350 next_prio=120
           <...>-5350  [001] ...2   308.294497: sched_switch: prev_comm=kworker/1:1 prev_pid=5350 prev_prio=120 prev_state=S ==> next_comm=sh next_pid=5358 next_prio=120
           <...>-5358  [001] ...2   308.294512: sched_switch: prev_comm=sh prev_pid=5358 prev_prio=120 prev_state=R+ ==> next_comm=kworker/1:1 next_pid=5350 next_prio=120
           <...>-5350  [001] ...2   308.294524: sched_switch: prev_comm=kworker/1:1 prev_pid=5350 prev_prio=120 prev_state=S ==> next_comm=sh next_pid=5358 next_prio=120
           <...>-5358  [001] ...2   308.294540: sched_switch: prev_comm=sh prev_pid=5358 prev_prio=120 prev_state=R+ ==> next_comm=kworker/1:1 next_pid=5350 next_prio=120
            adbd-792   [000] ...2   308.294544: sched_switch: prev_comm=adbd prev_pid=792 prev_prio=120 prev_state=S ==> next_comm=adbd next_pid=794 next_prio=120
           <...>-5350  [001] ...2   308.294552: sched_switch: prev_comm=kworker/1:1 prev_pid=5350 prev_prio=120 prev_state=S ==> next_comm=sh next_pid=5358 next_prio=120
           <...>-5358  [001] ...2   308.294567: sched_switch: prev_comm=sh prev_pid=5358 prev_prio=120 prev_state=R+ ==> next_comm=kworker/1:1 next_pid=5350 next_prio=120
           <...>-5350  [001] ...2   308.294579: sched_switch: prev_comm=kworker/1:1 prev_pid=5350 prev_prio=120 prev_state=S ==> next_comm=sh next_pid=5358 next_prio=120
           <...>-5358  [001] ...2   308.294596: sched_switch: prev_comm=sh prev_pid=5358 prev_prio=120 prev_state=R+ ==> next_comm=kworker/1:1 next_pid=5350 next_prio=120
            adbd-794   [000] ...2   308.294607: sched_switch: prev_comm=adbd prev_pid=794 prev_prio=120 prev_state=S ==> next_comm=app_process next_pid=5351 next_prio=120
           <...>-5350  [001] ...2   308.294609: sched_switch: prev_comm=kworker/1:1 prev_pid=5350 prev_prio=120 prev_state=S ==> next_comm=sh next_pid=5358 next_prio=120
           <...>-5358  [001] ...2   308.294624: sched_switch: prev_comm=sh prev_pid=5358 prev_prio=120 prev_state=R+ ==> next_comm=kworker/1:1 next_pid=5350 next_prio=120
           <...>-5350  [001] ...2   308.294636: sched_switch: prev_comm=kworker/1:1 prev_pid=5350 prev_prio=120 prev_state=S ==> next_comm=sh next_pid=5358 next_prio=120
           <...>-5358  [001] ...2   308.294679: sched_switch: prev_comm=sh prev_pid=5358 prev_prio=120 prev_state=R+ ==> next_comm=kworker/1:1 next_pid=5350 next_prio=120
           <...>-5350  [001] ...2   308.294694: sched_switch: prev_comm=kworker/1:1 prev_pid=5350 prev_prio=120 prev_state=S ==> next_comm=sh next_pid=5358 next_prio=120
           <...>-5358  [001] ...2   308.294709: sched_switch: prev_comm=sh prev_pid=5358 prev_prio=120 prev_state=R+ ==> next_comm=kworker/1:1 next_pid=5350 next_prio=120
           <...>-5350  [001] ...2   308.294721: sched_switch: prev_comm=kworker/1:1 prev_pid=5350 prev_prio=120 prev_state=S ==> next_comm=sh next_pid=5358 next_prio=120
           <...>-5358  [001] ...2   308.294736: sched_switch: prev_comm=sh prev_pid=5358 prev_prio=120 prev_state=R+ ==> next_comm=kworker/1:1 next_pid=5350 next_prio=120
           <...>-5350  [001] ...2   308.294749: sched_switch: prev_comm=kworker/1:1 prev_pid=5350 prev_prio=120 prev_state=S ==> next_comm=sh next_pid=5358 next_prio=120
           <...>-5358  [001] ...2   308.294764: sched_switch: prev_comm=sh prev_pid=5358 prev_prio=120 prev_state=R+ ==> next_comm=kworker/1:1 next_pid=5350 next_prio=120
           <...>-5350  [001] ...2   308.294776: sched_switch: prev_comm=kworker/1:1 prev_pid=5350 prev_prio=120 prev_state=S ==> next_comm=sh next_pid=5358 next_prio=120
           <...>-5358  [001] ...2   308.294792: sched_switch: prev_comm=sh prev_pid=5358 prev_prio=120 prev_state=R+ ==> next_comm=kworker/1:1 next_pid=5350 next_prio=120
           <...>-5350  [001] ...2   308.294804: sched_switch: prev_comm=kworker/1:1 prev_pid=5350 prev_prio=120 prev_state=S ==> next_comm=sh next_pid=5358 next_prio=120
           <...>-5358  [001] ...2   308.294819: sched_switch: prev_comm=sh prev_pid=5358 prev_prio=120 prev_state=R+ ==> next_comm=kworker/1:1 next_pid=5350 next_prio=120
           <...>-5350  [001] ...2   308.294831: sched_switch: prev_comm=kworker/1:1 prev_pid=5350 prev_prio=120 prev_state=S ==> next_comm=sh next_pid=5358 next_prio=120
           <...>-5358  [001] ...2   308.294846: sched_switch: prev_comm=sh prev_pid=5358 prev_prio=120 prev_state=R+ ==> next_comm=kworker/1:1 next_pid=5350 next_prio=120
           <...>-5350  [001] ...2   308.294859: sched_switch: prev_comm=kworker/1:1 prev_pid=5350 prev_prio=120 prev_state=S ==> next_comm=sh next_pid=5358 next_prio=120
           <...>-5358  [001] ...2   308.294873: sched_switch: prev_comm=sh prev_pid=5358 prev_prio=120 prev_state=R+ ==> next_comm=kworker/1:1 next_pid=5350 next_prio=120
           <...>-5350  [001] ...2   308.294885: sched_switch: prev_comm=kworker/1:1 prev_pid=5350 prev_prio=120 prev_state=S ==> next_comm=sh next_pid=5358 next_prio=120
           <...>-5358  [001] ...2   308.294900: sched_switch: prev_comm=sh prev_pid=5358 prev_prio=120 prev_state=R+ ==> next_comm=kworker/1:1 next_pid=5350 next_prio=120
           <...>-5350  [001] ...2   308.294913: sched_switch: prev_comm=kworker/1:1 prev_pid=5350 prev_prio=120 prev_state=S ==> next_comm=sh next_pid=5358 next_prio=120
           <...>-5358  [001] ...2   308.294927: sched_switch: prev_comm=sh prev_pid=5358 prev_prio=120 prev_state=R+ ==> next_comm=kworker/1:1 next_pid=5350 next_prio=120
           <...>-5350  [001] ...2   308.294939: sched_switch: prev_comm=kworker/1:1 prev_pid=5350 prev_prio=120 prev_state=S ==> next_comm=sh next_pid=5358 next_prio=120
           <...>-5351  [000] ...2   308.294950: sched_switch: prev_comm=app_process prev_pid=5351 prev_prio=120 prev_state=R ==> next_comm=adbd next_pid=795 next_prio=120
           <...>-5358  [001] ...2   308.294955: sched_switch: prev_comm=sh prev_pid=5358 prev_prio=120 prev_state=R+ ==> next_comm=kworker/1:1 next_pid=5350 next_prio=120
           <...>-5350  [001] ...2   308.294968: sched_switch: prev_comm=kworker/1:1 prev_pid=5350 prev_prio=120 prev_state=S ==> next_comm=sh next_pid=5358 next_prio=120
           <...>-5358  [001] ...2   308.294984: sched_switch: prev_comm=sh prev_pid=5358 prev_prio=120 prev_state=R+ ==> next_comm=kworker/1:1 next_pid=5350 next_prio=120
            adbd-795   [000] ...2   308.294986: sched_switch: prev_comm=adbd prev_pid=795 prev_prio=120 prev_state=S ==> next_comm=adbd next_pid=792 next_prio=120
           <...>-5350  [001] ...2   308.294997: sched_switch: prev_comm=kworker/1:1 prev_pid=5350 prev_prio=120 prev_state=S ==> next_comm=sh next_pid=5358 next_prio=120
           <...>-5358  [001] ...2   308.295013: sched_switch: prev_comm=sh prev_pid=5358 prev_prio=120 prev_state=R+ ==> next_comm=kworker/1:1 next_pid=5350 next_prio=120
           <...>-5350  [001] ...2   308.295025: sched_switch: prev_comm=kworker/1:1 prev_pid=5350 prev_prio=120 prev_state=S ==> next_comm=sh next_pid=5358 next_prio=120
           <...>-5358  [001] ...2   308.295040: sched_switch: prev_comm=sh prev_pid=5358 prev_prio=120 prev_state=R+ ==> next_comm=kworker/1:1 next_pid=5350 next_prio=120
           <...>-5350  [001] ...2   308.295052: sched_switch: prev_comm=kworker/1:1 prev_pid=5350 prev_prio=120 prev_state=S ==> next_comm=sh next_pid=5358 next_prio=120
            adbd-792   [000] ...2   308.295180: sched_switch: prev_comm=adbd prev_pid=792 prev_prio=120 prev_state=S ==> next_comm=adbd next_pid=794 next_prio=120
            adbd-794   [000] ...2   308.295226: sched_switch: prev_comm=adbd prev_pid=794 prev_prio=120 prev_state=S ==> next_comm=app_process next_pid=5351 next_prio=120
           <...>-5358  [001] ...2   308.295622: sched_switch: prev_comm=sh prev_pid=5358 prev_prio=120 prev_state=R+ ==> next_comm=adbd next_pid=5359 next_prio=120
           <...>-5351  [000] ...2   308.295701: sched_switch: prev_comm=app_process prev_pid=5351 prev_prio=120 prev_state=R+ ==> next_comm=adbd next_pid=792 next_prio=120
           <...>-5359  [001] ...3   308.295783: sched_switch: prev_comm=adbd prev_pid=5359 prev_prio=120 prev_state=x ==> next_comm=sh next_pid=5358 next_prio=120
           <...>-5358  [001] ...3   308.295807: sched_switch: prev_comm=sh prev_pid=5358 prev_prio=120 prev_state=x ==> next_comm=adbd next_pid=794 next_prio=120
            adbd-794   [001] ...2   308.295876: sched_switch: prev_comm=adbd prev_pid=794 prev_prio=120 prev_state=S ==> next_comm=adbd next_pid=795 next_prio=120
            adbd-795   [001] ...2   308.295925: sched_switch: prev_comm=adbd prev_pid=795 prev_prio=120 prev_state=S ==> next_comm=swapper/1 next_pid=0 next_prio=120
          <idle>-0     [001] ...2   308.295954: sched_switch: prev_comm=swapper/1 prev_pid=0 prev_prio=120 prev_state=R ==> next_comm=ksoftirqd/1 next_pid=5347 next_prio=120
           <...>-5347  [001] ...2   308.295975: sched_switch: prev_comm=ksoftirqd/1 prev_pid=5347 prev_prio=120 prev_state=S ==> next_comm=adbd next_pid=794 next_prio=120
            adbd-794   [001] ...2   308.295989: sched_switch: prev_comm=adbd prev_pid=794 prev_prio=120 prev_state=S ==> next_comm=swapper/1 next_pid=0 next_prio=120
          <idle>-0     [001] ...2   308.296012: sched_switch: prev_comm=swapper/1 prev_pid=0 prev_prio=120 prev_state=R ==> next_comm=ksoftirqd/1 next_pid=5347 next_prio=120
            adbd-792   [000] ...2   308.296021: sched_switch: prev_comm=adbd prev_pid=792 prev_prio=120 prev_state=S ==> next_comm=kworker/0:1 next_pid=15 next_prio=120
           <...>-5347  [001] ...2   308.296029: sched_switch: prev_comm=ksoftirqd/1 prev_pid=5347 prev_prio=120 prev_state=S ==> next_comm=swapper/1 next_pid=0 next_prio=120
     kworker/0:1-15    [000] ...2   308.296030: sched_switch: prev_comm=kworker/0:1 prev_pid=15 prev_prio=120 prev_state=S ==> next_comm=app_process next_pid=5351 next_prio=120
          <idle>-0     [001] ...2   308.296051: sched_switch: prev_comm=swapper/1 prev_pid=0 prev_prio=120 prev_state=R ==> next_comm=ksoftirqd/1 next_pid=5347 next_prio=120
           <...>-5347  [001] ...2   308.296064: sched_switch: prev_comm=ksoftirqd/1 prev_pid=5347 prev_prio=120 prev_state=S ==> next_comm=adbd next_pid=795 next_prio=120
            adbd-795   [001] ...2   308.296111: sched_switch: prev_comm=adbd prev_pid=795 prev_prio=120 prev_state=S ==> next_comm=adbd next_pid=792 next_prio=120
            adbd-792   [001] ...2   308.296295: sched_switch: prev_comm=adbd prev_pid=792 prev_prio=120 prev_state=S ==> next_comm=adbd next_pid=794 next_prio=120
            adbd-794   [001] ...2   308.296307: sched_switch: prev_comm=adbd prev_pid=794 prev_prio=120 prev_state=S ==> next_comm=swapper/1 next_pid=0 next_prio=120
           <...>-5351  [000] d..2   308.301362: block_rq_insert: 179,0 R 0 () 4072736 + 128 [main]
           <...>-5351  [000] ...2   308.301375: sched_switch: prev_comm=main prev_pid=5351 prev_prio=120 prev_state=R+ ==> next_comm=mmcqd/1 next_pid=117 next_prio=120
         mmcqd/1-117   [000] ...2   308.301457: sched_switch: prev_comm=mmcqd/1 prev_pid=117 prev_prio=120 prev_state=S ==> next_comm=main next_pid=5351 next_prio=120
           <...>-5351  [000] ...2   308.301463: sched_switch: prev_comm=main prev_pid=5351 prev_prio=120 prev_state=D|W ==> next_comm=swapper/0 next_pid=0 next_prio=120
          <idle>-0     [000] ...2   308.301481: sched_switch: prev_comm=swapper/0 prev_pid=0 prev_prio=120 prev_state=R ==> next_comm=ksoftirqd/0 next_pid=3 next_prio=120
           <...>-3     [000] ...2   308.301489: sched_switch: prev_comm=ksoftirqd/0 prev_pid=3 prev_prio=120 prev_state=S ==> next_comm=swapper/0 next_pid=0 next_prio=120
          <idle>-0     [000] ...2   308.301505: sched_switch: prev_comm=swapper/0 prev_pid=0 prev_prio=120 prev_state=R ==> next_comm=ksoftirqd/0 next_pid=3 next_prio=120
           <...>-3     [000] ...2   308.301511: sched_switch: prev_comm=ksoftirqd/0 prev_pid=3 prev_prio=120 prev_state=S ==> next_comm=swapper/0 next_pid=0 next_prio=120
          <idle>-0     [000] ...2   308.301526: sched_switch: prev_comm=swapper/0 prev_pid=0 prev_prio=120 prev_state=R ==> next_comm=ksoftirqd/0 next_pid=3 next_prio=120
           <...>-3     [000] ...2   308.301556: sched_switch: prev_comm=ksoftirqd/0 prev_pid=3 prev_prio=120 prev_state=S ==> next_comm=swapper/0 next_pid=0 next_prio=120
          <idle>-0     [000] ...2   308.302278: sched_switch: prev_comm=swapper/0 prev_pid=0 prev_prio=120 prev_state=R ==> next_comm=mmcqd/1 next_pid=117 next_prio=120
         mmcqd/1-117   [000] ...1   308.302317: block_rq_complete: 179,0 RA () 4072736 + 128 [0]
         mmcqd/1-117   [000] ...2   308.302343: sched_switch: prev_comm=mmcqd/1 prev_pid=117 prev_prio=120 prev_state=R+ ==> next_comm=kworker/0:2H next_pid=520 next_prio=100
    kworker/0:2H-520   [000] ...2   308.302350: sched_switch: prev_comm=kworker/0:2H prev_pid=520 prev_prio=100 prev_state=S ==> next_comm=mmcqd/1 next_pid=117 next_prio=120
         mmcqd/1-117   [000] ...2   308.302360: sched_switch: prev_comm=mmcqd/1 prev_pid=117 prev_prio=120 prev_state=S ==> next_comm=main next_pid=5351 next_prio=120
           <...>-5351  [000] d..2   308.302461: block_rq_insert: 179,0 R 0 () 4076944 + 16 [main]
           <...>-5351  [000] d..2   308.302464: block_rq_insert: 179,0 R 0 () 4076968 + 80 [main]
           <...>-5351  [000] d..2   308.302466: block_rq_insert: 179,0 R 0 () 4077080 + 32 [main]
           <...>-5351  [000] ...2   308.302475: sched_switch: prev_comm=main prev_pid=5351 prev_prio=120 prev_state=R+ ==> next_comm=mmcqd/1 next_pid=117 next_prio=120
         mmcqd/1-117   [000] ...2   308.302541: sched_switch: prev_comm=mmcqd/1 prev_pid=117 prev_prio=120 prev_state=S ==> next_comm=main next_pid=5351 next_prio=120
           <...>-5351  [000] ...2   308.302547: sched_switch: prev_comm=main prev_pid=5351 prev_prio=120 prev_state=D|W ==> next_comm=swapper/0 next_pid=0 next_prio=120
          <idle>-0     [000] ...2   308.302770: sched_switch: prev_comm=swapper/0 prev_pid=0 prev_prio=120 prev_state=R ==> next_comm=mmcqd/1 next_pid=117 next_prio=120
         mmcqd/1-117   [000] ...1   308.302799: block_rq_complete: 179,0 RA () 4076944 + 16 [0]
         mmcqd/1-117   [000] ...2   308.302824: sched_switch: prev_comm=mmcqd/1 prev_pid=117 prev_prio=120 prev_state=S ==> next_comm=swapper/0 next_pid=0 next_prio=120
          <idle>-0     [000] ...2   308.303391: sched_switch: prev_comm=swapper/0 prev_pid=0 prev_prio=120 prev_state=R ==> next_comm=mmcqd/1 next_pid=117 next_prio=120
         mmcqd/1-117   [000] ...1   308.303432: block_rq_complete: 179,0 RA () 4076968 + 80 [0]
         mmcqd/1-117   [000] ...2   308.303450: sched_switch: prev_comm=mmcqd/1 prev_pid=117 prev_prio=120 prev_state=S ==> next_comm=main next_pid=5351 next_prio=120
           <...>-5351  [000] ...2   308.303484: sched_switch: prev_comm=main prev_pid=5351 prev_prio=120 prev_state=D|W ==> next_comm=swapper/0 next_pid=0 next_prio=120
          <idle>-0     [000] ...2   308.303818: sched_switch: prev_comm=swapper/0 prev_pid=0 prev_prio=120 prev_state=R ==> next_comm=mmcqd/1 next_pid=117 next_prio=120
         mmcqd/1-117   [000] ...1   308.303834: block_rq_complete: 179,0 RA () 4077080 + 32 [0]
         mmcqd/1-117   [000] ...2   308.303851: sched_switch: prev_comm=mmcqd/1 prev_pid=117 prev_prio=120 prev_state=R+ ==> next_comm=kworker/0:2H next_pid=520 next_prio=100
