            adbd-795   [000] ...2  2995.746306: sched_switch: prev_comm=adbd prev_pid=795 prev_prio=120 prev_state=S ==> next_comm=adbd next_pid=792 next_prio=120
           <...>-14078 [001] ...2  2995.746310: sched_switch: prev_comm=ksoftirqd/1 prev_pid=14078 prev_prio=120 prev_state=S ==> next_comm=swapper/1 next_pid=0 next_prio=120
          <idle>-0     [001] ...2  2995.746332: sched_switch: prev_comm=swapper/1 prev_pid=0 prev_prio=120 prev_state=R ==> next_comm=ksoftirqd/1 next_pid=14078 next_prio=120
           <...>-14078 [001] ...2  2995.746346: sched_switch: prev_comm=ksoftirqd/1 prev_pid=14078 prev_prio=120 prev_state=S ==> next_comm=swapper/1 next_pid=0 next_prio=120
            adbd-792   [000] ...2  2995.746399: sched_switch: prev_comm=adbd prev_pid=792 prev_prio=120 prev_state=S ==> next_comm=adbd next_pid=794 next_prio=120
            adbd-794   [000] ...2  2995.746405: sched_switch: prev_comm=adbd prev_pid=794 prev_prio=120 prev_state=S ==> next_comm=swapper/0 next_pid=0 next_prio=120
          <idle>-0     [000] ...2  2995.746451: sched_switch: prev_comm=swapper/0 prev_pid=0 prev_prio=120 prev_state=R ==> next_comm=adbd next_pid=795 next_prio=120
            adbd-795   [000] ...2  2995.746480: sched_switch: prev_comm=adbd prev_pid=795 prev_prio=120 prev_state=S ==> next_comm=adbd next_pid=792 next_prio=120
            adbd-792   [000] ...2  2995.746580: sched_switch: prev_comm=adbd prev_pid=792 prev_prio=120 prev_state=S ==> next_comm=adbd next_pid=794 next_prio=120
            adbd-794   [000] ...2  2995.746586: sched_switch: prev_comm=adbd prev_pid=794 prev_prio=120 prev_state=S ==> next_comm=swapper/0 next_pid=0 next_prio=120
          <idle>-0     [000] ...2  2995.746968: sched_switch: prev_comm=swapper/0 prev_pid=0 prev_prio=120 prev_state=R ==> next_comm=mmcqd/1 next_pid=117 next_prio=120
         mmcqd/1-117   [000] ...1  2995.747005: block_rq_complete: 179,0 RA () 812728 + 136 [0]
         mmcqd/1-117   [000] ...2  2995.747027: sched_switch: prev_comm=mmcqd/1 prev_pid=117 prev_prio=120 prev_state=R+ ==> next_comm=kworker/0:2H next_pid=520 next_prio=100
    kworker/0:2H-520   [000] ...2  2995.747035: sched_switch: prev_comm=kworker/0:2H prev_pid=520 prev_prio=100 prev_state=S ==> next_comm=mmcqd/1 next_pid=117 next_prio=120
         mmcqd/1-117   [000] ...2  2995.747044: sched_switch: prev_comm=mmcqd/1 prev_pid=117 prev_prio=120 prev_state=S ==> next_comm=app_process next_pid=14085 next_prio=120
           <...>-14085 [000] d..2  2995.747310: block_rq_insert: 179,0 R 0 () 812528 + 200 [app_process]
           <...>-14085 [000] ...2  2995.747321: sched_switch: prev_comm=app_process prev_pid=14085 prev_prio=120 prev_state=R+ ==> next_comm=mmcqd/1 next_pid=117 next_prio=120
         mmcqd/1-117   [000] ...2  2995.747409: sched_switch: prev_comm=mmcqd/1 prev_pid=117 prev_prio=120 prev_state=S ==> next_comm=app_process next_pid=14085 next_prio=120
           <...>-14085 [000] ...2  2995.747416: sched_switch: prev_comm=app_process prev_pid=14085 prev_prio=120 prev_state=D|W ==> next_comm=swapper/0 next_pid=0 next_prio=120
          <idle>-0     [000] ...2  2995.748611: sched_switch: prev_comm=swapper/0 prev_pid=0 prev_prio=120 prev_state=R ==> next_comm=mmcqd/1 next_pid=117 next_prio=120
         mmcqd/1-117   [000] ...1  2995.748663: block_rq_complete: 179,0 RA () 812528 + 200 [0]
         mmcqd/1-117   [000] ...2  2995.748688: sched_switch: prev_comm=mmcqd/1 prev_pid=117 prev_prio=120 prev_state=R+ ==> next_comm=kworker/0:2H next_pid=520 next_prio=100
    kworker/0:2H-520   [000] ...2  2995.748695: sched_switch: prev_comm=kworker/0:2H prev_pid=520 prev_prio=100 prev_state=S ==> next_comm=mmcqd/1 next_pid=117 next_prio=120
         mmcqd/1-117   [000] ...2  2995.748704: sched_switch: prev_comm=mmcqd/1 prev_pid=117 prev_prio=120 prev_state=S ==> next_comm=app_process next_pid=14085 next_prio=120
           <...>-14085 [000] d..2  2995.749198: block_rq_insert: 179,0 R 0 () 853200 + 32 [app_process]
           <...>-14085 [000] ...2  2995.749209: sched_switch: prev_comm=app_process prev_pid=14085 prev_prio=120 prev_state=R+ ==> next_comm=mmcqd/1 next_pid=117 next_prio=120
         mmcqd/1-117   [000] ...2  2995.749252: sched_switch: prev_comm=mmcqd/1 prev_pid=117 prev_prio=120 prev_state=S ==> next_comm=app_process next_pid=14085 next_prio=120
           <...>-14085 [000] ...2  2995.749260: sched_switch: prev_comm=app_process prev_pid=14085 prev_prio=120 prev_state=D|W ==> next_comm=swapper/0 next_pid=0 next_prio=120
          <idle>-0     [000] ...2  2995.749613: sched_switch: prev_comm=swapper/0 prev_pid=0 prev_prio=120 prev_state=R ==> next_comm=mmcqd/1 next_pid=117 next_prio=120
         mmcqd/1-117   [000] ...1  2995.749628: block_rq_complete: 179,0 RA () 853200 + 32 [0]
         mmcqd/1-117   [000] ...2  2995.749645: sched_switch: prev_comm=mmcqd/1 prev_pid=117 prev_prio=120 prev_state=R+ ==> next_comm=kworker/0:2H next_pid=520 next_prio=100
    kworker/0:2H-520   [000] ...2  2995.749653: sched_switch: prev_comm=kworker/0:2H prev_pid=520 prev_prio=100 prev_state=S ==> next_comm=mmcqd/1 next_pid=117 next_prio=120
         mmcqd/1-117   [000] ...2  2995.749662: sched_switch: prev_comm=mmcqd/1 prev_pid=117 prev_prio=120 prev_state=S ==> next_comm=app_process next_pid=14085 next_prio=120
           <...>-14085 [000] d..2  2995.749704: block_rq_insert: 179,0 R 0 () 863504 + 136 [app_process]
           <...>-14085 [000] ...2  2995.749714: sched_switch: prev_comm=app_process prev_pid=14085 prev_prio=120 prev_state=R+ ==> next_comm=mmcqd/1 next_pid=117 next_prio=120
         mmcqd/1-117   [000] ...2  2995.749782: sched_switch: prev_comm=mmcqd/1 prev_pid=117 prev_prio=120 prev_state=S ==> next_comm=app_process next_pid=14085 next_prio=120
           <...>-14085 [000] ...2  2995.749789: sched_switch: prev_comm=app_process prev_pid=14085 prev_prio=120 prev_state=D|W ==> next_comm=swapper/0 next_pid=0 next_prio=120
          <idle>-0     [000] ...2  2995.750628: sched_switch: prev_comm=swapper/0 prev_pid=0 prev_prio=120 prev_state=R ==> next_comm=mmcqd/1 next_pid=117 next_prio=120
         mmcqd/1-117   [000] ...1  2995.750667: block_rq_complete: 179,0 RA () 863504 + 136 [0]
         mmcqd/1-117   [000] ...2  2995.750687: sched_switch: prev_comm=mmcqd/1 prev_pid=117 prev_prio=120 prev_state=R+ ==> next_comm=kworker/0:2H next_pid=520 next_prio=100
    kworker/0:2H-520   [000] ...2  2995.750694: sched_switch: prev_comm=kworker/0:2H prev_pid=520 prev_prio=100 prev_state=S ==> next_comm=mmcqd/1 next_pid=117 next_prio=120
         mmcqd/1-117   [000] ...2  2995.750703: sched_switch: prev_comm=mmcqd/1 prev_pid=117 prev_prio=120 prev_state=S ==> next_comm=app_process next_pid=14085 next_prio=120
           <...>-14085 [000] d..2  2995.750967: block_rq_insert: 179,0 R 0 () 855992 + 32 [app_process]
           <...>-14085 [000] ...2  2995.750978: sched_switch: prev_comm=app_process prev_pid=14085 prev_prio=120 prev_state=R+ ==> next_comm=mmcqd/1 next_pid=117 next_prio=120
         mmcqd/1-117   [000] ...2  2995.751022: sched_switch: prev_comm=mmcqd/1 prev_pid=117 prev_prio=120 prev_state=S ==> next_comm=app_process next_pid=14085 next_prio=120
           <...>-14085 [000] ...2  2995.751029: sched_switch: prev_comm=app_process prev_pid=14085 prev_prio=120 prev_state=D|W ==> next_comm=swapper/0 next_pid=0 next_prio=120
          <idle>-0     [000] ...2  2995.751391: sched_switch: prev_comm=swapper/0 prev_pid=0 prev_prio=120 prev_state=R ==> next_comm=mmcqd/1 next_pid=117 next_prio=120
         mmcqd/1-117   [000] ...1  2995.751406: block_rq_complete: 179,0 RA () 855992 + 32 [0]
         mmcqd/1-117   [000] ...2  2995.751423: sched_switch: prev_comm=mmcqd/1 prev_pid=117 prev_prio=120 prev_state=R+ ==> next_comm=kworker/0:2H next_pid=520 next_prio=100
    kworker/0:2H-520   [000] ...2  2995.751430: sched_switch: prev_comm=kworker/0:2H prev_pid=520 prev_prio=100 prev_state=S ==> next_comm=mmcqd/1 next_pid=117 next_prio=120
         mmcqd/1-117   [000] ...2  2995.751439: sched_switch: prev_comm=mmcqd/1 prev_pid=117 prev_prio=120 prev_state=S ==> next_comm=app_process next_pid=14085 next_prio=120
           <...>-14085 [000] d..2  2995.751721: block_rq_insert: 179,0 R 0 () 868176 + 32 [app_process]
           <...>-14085 [000] ...2  2995.751731: sched_switch: prev_comm=app_process prev_pid=14085 prev_prio=120 prev_state=R+ ==> next_comm=mmcqd/1 next_pid=117 next_prio=120
         mmcqd/1-117   [000] ...2  2995.751775: sched_switch: prev_comm=mmcqd/1 prev_pid=117 prev_prio=120 prev_state=S ==> next_comm=app_process next_pid=14085 next_prio=120
           <...>-14085 [000] ...2  2995.751782: sched_switch: prev_comm=app_process prev_pid=14085 prev_prio=120 prev_state=D|W ==> next_comm=swapper/0 next_pid=0 next_prio=120
          <idle>-0     [000] ...2  2995.751991: sched_switch: prev_comm=swapper/0 prev_pid=0 prev_prio=120 prev_state=R ==> next_comm=ksoftirqd/0 next_pid=3 next_prio=120
     ksoftirqd/0-3     [000] ...2  2995.751999: sched_switch: prev_comm=ksoftirqd/0 prev_pid=3 prev_prio=120 prev_state=S ==> next_comm=swapper/0 next_pid=0 next_prio=120
          <idle>-0     [000] ...2  2995.752015: sched_switch: prev_comm=swapper/0 prev_pid=0 prev_prio=120 prev_state=R ==> next_comm=ksoftirqd/0 next_pid=3 next_prio=120
     ksoftirqd/0-3     [000] ...2  2995.752028: sched_switch: prev_comm=ksoftirqd/0 prev_pid=3 prev_prio=120 prev_state=S ==> next_comm=swapper/0 next_pid=0 next_prio=120
          <idle>-0     [000] ...2  2995.752167: sched_switch: prev_comm=swapper/0 prev_pid=0 prev_prio=120 prev_state=R ==> next_comm=mmcqd/1 next_pid=117 next_prio=120
         mmcqd/1-117   [000] ...1  2995.752183: block_rq_complete: 179,0 RA () 868176 + 32 [0]
         mmcqd/1-117   [000] ...2  2995.752200: sched_switch: prev_comm=mmcqd/1 prev_pid=117 prev_prio=120 prev_state=R+ ==> next_comm=kworker/0:2H next_pid=520 next_prio=100
    kworker/0:2H-520   [000] ...2  2995.752207: sched_switch: prev_comm=kworker/0:2H prev_pid=520 prev_prio=100 prev_state=S ==> next_comm=mmcqd/1 next_pid=117 next_prio=120
         mmcqd/1-117   [000] ...2  2995.752216: sched_switch: prev_comm=mmcqd/1 prev_pid=117 prev_prio=120 prev_state=S ==> next_comm=app_process next_pid=14085 next_prio=120
           <...>-14085 [000] d..2  2995.752257: block_rq_insert: 179,0 R 0 () 869424 + 136 [app_process]
           <...>-14085 [000] ...2  2995.752266: sched_switch: prev_comm=app_process prev_pid=14085 prev_prio=120 prev_state=R+ ==> next_comm=mmcqd/1 next_pid=117 next_prio=120
         mmcqd/1-117   [000] ...2  2995.752363: sched_switch: prev_comm=mmcqd/1 prev_pid=117 prev_prio=120 prev_state=S ==> next_comm=kworker/u:1 next_pid=12437 next_prio=120
           <...>-12437 [000] ...2  2995.752405: sched_switch: prev_comm=kworker/u:1 prev_pid=12437 prev_prio=120 prev_state=S ==> next_comm=kworker/u:0 next_pid=9281 next_prio=120
     kworker/u:0-9281  [000] ...2  2995.752411: sched_switch: prev_comm=kworker/u:0 prev_pid=9281 prev_prio=120 prev_state=S ==> next_comm=sensors.qcom next_pid=881 next_prio=120
    sensors.qcom-881   [000] ...2  2995.752487: sched_switch: prev_comm=sensors.qcom prev_pid=881 prev_prio=120 prev_state=S ==> next_comm=app_process next_pid=14085 next_prio=120
          <idle>-0     [001] ...2  2995.752492: sched_switch: prev_comm=swapper/1 prev_pid=0 prev_prio=120 prev_state=R ==> next_comm=sensors.qcom next_pid=689 next_prio=120
           <...>-14085 [000] ...2  2995.752495: sched_switch: prev_comm=app_process prev_pid=14085 prev_prio=120 prev_state=D|W ==> next_comm=swapper/0 next_pid=0 next_prio=120
    sensors.qcom-689   [001] ...2  2995.752568: sched_switch: prev_comm=sensors.qcom prev_pid=689 prev_prio=120 prev_state=S ==> next_comm=system_server next_pid=730 next_prio=118
          <idle>-0     [000] ...2  2995.752679: sched_switch: prev_comm=swapper/0 prev_pid=0 prev_prio=120 prev_state=R ==> next_comm=system_server next_pid=734 next_prio=118
   system_server-734   [000] ...2  2995.752709: sched_switch: prev_comm=system_server prev_pid=734 prev_prio=118 prev_state=S ==> next_comm=SensorService next_pid=776 next_prio=112
   system_server-730   [001] ...2  2995.752721: sched_switch: prev_comm=system_server prev_pid=730 prev_prio=118 prev_state=S ==> next_comm=swapper/1 next_pid=0 next_prio=120
          <idle>-0     [001] ...2  2995.752743: sched_switch: prev_comm=swapper/1 prev_pid=0 prev_prio=120 prev_state=R ==> next_comm=ksoftirqd/1 next_pid=14078 next_prio=120
   SensorService-776   [000] ...2  2995.752772: sched_switch: prev_comm=SensorService prev_pid=776 prev_prio=112 prev_state=S ==> next_comm=swapper/0 next_pid=0 next_prio=120
           <...>-14078 [001] ...2  2995.752773: sched_switch: prev_comm=ksoftirqd/1 prev_pid=14078 prev_prio=120 prev_state=S ==> next_comm=android.ui next_pid=781 next_prio=118
      android.ui-781   [001] ...2  2995.752901: sched_switch: prev_comm=android.ui prev_pid=781 prev_prio=118 prev_state=S ==> next_comm=swapper/1 next_pid=0 next_prio=120
          <idle>-0     [001] ...2  2995.752926: sched_switch: prev_comm=swapper/1 prev_pid=0 prev_prio=120 prev_state=R ==> next_comm=ksoftirqd/1 next_pid=14078 next_prio=120
           <...>-14078 [001] ...2  2995.752940: sched_switch: prev_comm=ksoftirqd/1 prev_pid=14078 prev_prio=120 prev_state=S ==> next_comm=swapper/1 next_pid=0 next_prio=120
          <idle>-0     [001] ...2  2995.752960: sched_switch: prev_comm=swapper/1 prev_pid=0 prev_prio=120 prev_state=R ==> next_comm=ksoftirqd/1 next_pid=14078 next_prio=120
           <...>-14078 [001] ...2  2995.752980: sched_switch: prev_comm=ksoftirqd/1 prev_pid=14078 prev_prio=120 prev_state=S ==> next_comm=swapper/1 next_pid=0 next_prio=120
          <idle>-0     [001] ...2  2995.753001: sched_switch: prev_comm=swapper/1 prev_pid=0 prev_prio=120 prev_state=R ==> next_comm=ksoftirqd/1 next_pid=14078 next_prio=120
           <...>-14078 [001] ...2  2995.753015: sched_switch: prev_comm=ksoftirqd/1 prev_pid=14078 prev_prio=120 prev_state=S ==> next_comm=swapper/1 next_pid=0 next_prio=120
          <idle>-0     [001] ...2  2995.753037: sched_switch: prev_comm=swapper/1 prev_pid=0 prev_prio=120 prev_state=R ==> next_comm=ksoftirqd/1 next_pid=14078 next_prio=120
           <...>-14078 [001] ...2  2995.753050: sched_switch: prev_comm=ksoftirqd/1 prev_pid=14078 prev_prio=120 prev_state=S ==> next_comm=swapper/1 next_pid=0 next_prio=120
          <idle>-0     [001] ...2  2995.753070: sched_switch: prev_comm=swapper/1 prev_pid=0 prev_prio=120 prev_state=R ==> next_comm=ksoftirqd/1 next_pid=14078 next_prio=120
           <...>-14078 [001] ...2  2995.753083: sched_switch: prev_comm=ksoftirqd/1 prev_pid=14078 prev_prio=120 prev_state=S ==> next_comm=swapper/1 next_pid=0 next_prio=120
          <idle>-0     [000] ...2  2995.753221: sched_switch: prev_comm=swapper/0 prev_pid=0 prev_prio=120 prev_state=R ==> next_comm=mmcqd/1 next_pid=117 next_prio=120
         mmcqd/1-117   [000] ...1  2995.753260: block_rq_complete: 179,0 RA () 869424 + 136 [0]
         mmcqd/1-117   [000] ...2  2995.753284: sched_switch: prev_comm=mmcqd/1 prev_pid=117 prev_prio=120 prev_state=R+ ==> next_comm=kworker/0:2H next_pid=520 next_prio=100
    kworker/0:2H-520   [000] ...2  2995.753292: sched_switch: prev_comm=kworker/0:2H prev_pid=520 prev_prio=100 prev_state=S ==> next_comm=mmcqd/1 next_pid=117 next_prio=120
         mmcqd/1-117   [000] ...2  2995.753301: sched_switch: prev_comm=mmcqd/1 prev_pid=117 prev_prio=120 prev_state=S ==> next_comm=app_process next_pid=14085 next_prio=120
           <...>-14085 [000] ...2  2995.753574: sched_switch: prev_comm=app_process prev_pid=14085 prev_prio=120 prev_state=R+ ==> next_comm=kworker/u:0 next_pid=9281 next_prio=120
     kworker/u:0-9281  [000] ...2  2995.753607: sched_switch: prev_comm=kworker/u:0 prev_pid=9281 prev_prio=120 prev_state=S ==> next_comm=kworker/u:1 next_pid=12437 next_prio=120
           <...>-12437 [000] ...2  2995.753612: sched_switch: prev_comm=kworker/u:1 prev_pid=12437 prev_prio=120 prev_state=S ==> next_comm=sensors.qcom next_pid=881 next_prio=120
    sensors.qcom-881   [000] ...2  2995.753661: sched_switch: prev_comm=sensors.qcom prev_pid=881 prev_prio=120 prev_state=S ==> next_comm=app_process next_pid=14085 next_prio=120
          <idle>-0     [001] ...2  2995.753666: sched_switch: prev_comm=swapper/1 prev_pid=0 prev_prio=120 prev_state=R ==> next_comm=sensors.qcom next_pid=689 next_prio=120
           <...>-14085 [000] d..2  2995.753685: block_rq_insert: 179,0 R 0 () 869672 + 32 [app_process]
           <...>-14085 [000] ...2  2995.753695: sched_switch: prev_comm=app_process prev_pid=14085 prev_prio=120 prev_state=R+ ==> next_comm=mmcqd/1 next_pid=117 next_prio=120
    sensors.qcom-689   [001] ...2  2995.753725: sched_switch: prev_comm=sensors.qcom prev_pid=689 prev_prio=120 prev_state=S ==> next_comm=system_server next_pid=730 next_prio=118
         mmcqd/1-117   [000] ...2  2995.753738: sched_switch: prev_comm=mmcqd/1 prev_pid=117 prev_prio=120 prev_state=S ==> next_comm=app_process next_pid=14085 next_prio=120
           <...>-14085 [000] ...2  2995.753745: sched_switch: prev_comm=app_process prev_pid=14085 prev_prio=120 prev_state=D|W ==> next_comm=swapper/0 next_pid=0 next_prio=120
          <idle>-0     [000] ...2  2995.753760: sched_switch: prev_comm=swapper/0 prev_pid=0 prev_prio=120 prev_state=R ==> next_comm=ksoftirqd/0 next_pid=3 next_prio=120
     ksoftirqd/0-3     [000] ...2  2995.753768: sched_switch: prev_comm=ksoftirqd/0 prev_pid=3 prev_prio=120 prev_state=S ==> next_comm=swapper/0 next_pid=0 next_prio=120
          <idle>-0     [000] ...2  2995.753783: sched_switch: prev_comm=swapper/0 prev_pid=0 prev_prio=120 prev_state=R ==> next_comm=ksoftirqd/0 next_pid=3 next_prio=120
     ksoftirqd/0-3     [000] ...2  2995.753788: sched_switch: prev_comm=ksoftirqd/0 prev_pid=3 prev_prio=120 prev_state=S ==> next_comm=swapper/0 next_pid=0 next_prio=120
          <idle>-0     [000] ...2  2995.753806: sched_switch: prev_comm=swapper/0 prev_pid=0 prev_prio=120 prev_state=R ==> next_comm=system_server next_pid=734 next_prio=118
   system_server-734   [000] ...2  2995.753821: sched_switch: prev_comm=system_server prev_pid=734 prev_prio=118 prev_state=S ==> next_comm=ksoftirqd/0 next_pid=3 next_prio=120
     ksoftirqd/0-3     [000] ...2  2995.753827: sched_switch: prev_comm=ksoftirqd/0 prev_pid=3 prev_prio=120 prev_state=S ==> next_comm=swapper/0 next_pid=0 next_prio=120
   system_server-730   [001] ...2  2995.753841: sched_switch: prev_comm=system_server prev_pid=730 prev_prio=118 prev_state=S ==> next_comm=swapper/1 next_pid=0 next_prio=120
          <idle>-0     [000] ...2  2995.754129: sched_switch: prev_comm=swapper/0 prev_pid=0 prev_prio=120 prev_state=R ==> next_comm=mmcqd/1 next_pid=117 next_prio=120
         mmcqd/1-117   [000] ...1  2995.754145: block_rq_complete: 179,0 RA () 869672 + 32 [0]
         mmcqd/1-117   [000] ...2  2995.754163: sched_switch: prev_comm=mmcqd/1 prev_pid=117 prev_prio=120 prev_state=R+ ==> next_comm=kworker/0:2H next_pid=520 next_prio=100
    kworker/0:2H-520   [000] ...2  2995.754171: sched_switch: prev_comm=kworker/0:2H prev_pid=520 prev_prio=100 prev_state=S ==> next_comm=mmcqd/1 next_pid=117 next_prio=120
         mmcqd/1-117   [000] ...2  2995.754180: sched_switch: prev_comm=mmcqd/1 prev_pid=117 prev_prio=120 prev_state=S ==> next_comm=app_process next_pid=14085 next_prio=120
           <...>-14085 [000] d..2  2995.754218: block_rq_insert: 179,0 R 0 () 869704 + 64 [app_process]
           <...>-14085 [000] ...2  2995.754227: sched_switch: prev_comm=app_process prev_pid=14085 prev_prio=120 prev_state=R+ ==> next_comm=mmcqd/1 next_pid=117 next_prio=120
         mmcqd/1-117   [000] ...2  2995.754278: sched_switch: prev_comm=mmcqd/1 prev_pid=117 prev_prio=120 prev_state=S ==> next_comm=app_process next_pid=14085 next_prio=120
           <...>-14085 [000] d..2  2995.754321: block_rq_insert: 179,0 R 0 () 869768 + 40 [app_process]
           <...>-14085 [000] ...2  2995.754331: sched_switch: prev_comm=app_process prev_pid=14085 prev_prio=120 prev_state=R+ ==> next_comm=mmcqd/1 next_pid=117 next_prio=120
         mmcqd/1-117   [000] ...2  2995.754355: sched_switch: prev_comm=mmcqd/1 prev_pid=117 prev_prio=120 prev_state=S ==> next_comm=app_process next_pid=14085 next_prio=120
           <...>-14085 [000] ...2  2995.754360: sched_switch: prev_comm=app_process prev_pid=14085 prev_prio=120 prev_state=D|W ==> next_comm=swapper/0 next_pid=0 next_prio=120
          <idle>-0     [000] ...2  2995.754818: sched_switch: prev_comm=swapper/0 prev_pid=0 prev_prio=120 prev_state=R ==> next_comm=mmcqd/1 next_pid=117 next_prio=120
         mmcqd/1-117   [000] ...1  2995.754856: block_rq_complete: 179,0 RA () 869704 + 64 [0]
         mmcqd/1-117   [000] ...2  2995.754873: sched_switch: prev_comm=mmcqd/1 prev_pid=117 prev_prio=120 prev_state=S ==> next_comm=app_process next_pid=14085 next_prio=120
           <...>-14085 [000] ...2  2995.754948: sched_switch: prev_comm=app_process prev_pid=14085 prev_prio=120 prev_state=D|W ==> next_comm=swapper/0 next_pid=0 next_prio=120
          <idle>-0     [000] ...2  2995.755244: sched_switch: prev_comm=swapper/0 prev_pid=0 prev_prio=120 prev_state=R ==> next_comm=mmcqd/1 next_pid=117 next_prio=120
         mmcqd/1-117   [000] ...1  2995.755261: block_rq_complete: 179,0 RA () 869768 + 40 [0]
         mmcqd/1-117   [000] ...2  2995.755280: sched_switch: prev_comm=mmcqd/1 prev_pid=117 prev_prio=120 prev_state=R+ ==> next_comm=kworker/0:2H next_pid=520 next_prio=100
    kworker/0:2H-520   [000] ...2  2995.755287: sched_switch: prev_comm=kworker/0:2H prev_pid=520 prev_prio=100 prev_state=S ==> next_comm=mmcqd/1 next_pid=117 next_prio=120
         mmcqd/1-117   [000] ...2  2995.755296: sched_switch: prev_comm=mmcqd/1 prev_pid=117 prev_prio=120 prev_state=S ==> next_comm=app_process next_pid=14085 next_prio=120
           <...>-14085 [000] d..2  2995.755437: block_rq_insert: 179,0 R 0 () 863648 + 32 [app_process]
           <...>-14085 [000] ...2  2995.755447: sched_switch: prev_comm=app_process prev_pid=14085 prev_prio=120 prev_state=R+ ==> next_comm=mmcqd/1 next_pid=117 next_prio=120
         mmcqd/1-117   [000] ...2  2995.755490: sched_switch: prev_comm=mmcqd/1 prev_pid=117 prev_prio=120 prev_state=S ==> next_comm=app_process next_pid=14085 next_prio=120
           <...>-14085 [000] ...2  2995.755495: sched_switch: prev_comm=app_process prev_pid=14085 prev_prio=120 prev_state=D|W ==> next_comm=swapper/0 next_pid=0 next_prio=120
          <idle>-0     [000] ...2  2995.755816: sched_switch: prev_comm=swapper/0 prev_pid=0 prev_prio=120 prev_state=R ==> next_comm=mmcqd/1 next_pid=117 next_prio=120
         mmcqd/1-117   [000] ...1  2995.755831: block_rq_complete: 179,0 RA () 863648 + 32 [0]
         mmcqd/1-117   [000] ...2  2995.755849: sched_switch: prev_comm=mmcqd/1 prev_pid=117 prev_prio=120 prev_state=R+ ==> next_comm=kworker/0:2H next_pid=520 next_prio=100
    kworker/0:2H-520   [000] ...2  2995.755856: sched_switch: prev_comm=kworker/0:2H prev_pid=520 prev_prio=100 prev_state=S ==> next_comm=mmcqd/1 next_pid=117 next_prio=120
         mmcqd/1-117   [000] ...2  2995.755865: sched_switch: prev_comm=mmcqd/1 prev_pid=117 prev_prio=120 prev_state=S ==> next_comm=app_process next_pid=14085 next_prio=120
           <...>-14085 [000] d..2  2995.755899: block_rq_insert: 179,0 R 0 () 863680 + 40 [app_process]
           <...>-14085 [000] ...2  2995.755909: sched_switch: prev_comm=app_process prev_pid=14085 prev_prio=120 prev_state=R+ ==> next_comm=mmcqd/1 next_pid=117 next_prio=120
         mmcqd/1-117   [000] ...2  2995.755953: sched_switch: prev_comm=mmcqd/1 prev_pid=117 prev_prio=120 prev_state=S ==> next_comm=app_process next_pid=14085 next_prio=120
           <...>-14085 [000] ...2  2995.755983: sched_switch: prev_comm=app_process prev_pid=14085 prev_prio=120 prev_state=D|W ==> next_comm=swapper/0 next_pid=0 next_prio=120
          <idle>-0     [000] ...2  2995.756356: sched_switch: prev_comm=swapper/0 prev_pid=0 prev_prio=120 prev_state=R ==> next_comm=mmcqd/1 next_pid=117 next_prio=120
         mmcqd/1-117   [000] ...1  2995.756373: block_rq_complete: 179,0 RA () 863680 + 40 [0]
         mmcqd/1-117   [000] ...2  2995.756391: sched_switch: prev_comm=mmcqd/1 prev_pid=117 prev_prio=120 prev_state=R+ ==> next_comm=kworker/0:2H next_pid=520 next_prio=100
    kworker/0:2H-520   [000] ...2  2995.756398: sched_switch: prev_comm=kworker/0:2H prev_pid=520 prev_prio=100 prev_state=S ==> next_comm=mmcqd/1 next_pid=117 next_prio=120
         mmcqd/1-117   [000] ...2  2995.756407: sched_switch: prev_comm=mmcqd/1 prev_pid=117 prev_prio=120 prev_state=S ==> next_comm=app_process next_pid=14085 next_prio=120
           <...>-14085 [000] d..2  2995.756521: block_rq_insert: 179,0 R 0 () 863808 + 8 [app_process]
           <...>-14085 [000] ...2  2995.756530: sched_switch: prev_comm=app_process prev_pid=14085 prev_prio=120 prev_state=R+ ==> next_comm=mmcqd/1 next_pid=117 next_prio=120
         mmcqd/1-117   [000] ...2  2995.756567: sched_switch: prev_comm=mmcqd/1 prev_pid=117 prev_prio=120 prev_state=S ==> next_comm=app_process next_pid=14085 next_prio=120
           <...>-14085 [000] ...2  2995.756572: sched_switch: prev_comm=app_process prev_pid=14085 prev_prio=120 prev_state=D|W ==> next_comm=swapper/0 next_pid=0 next_prio=120
          <idle>-0     [000] ...2  2995.756799: sched_switch: prev_comm=swapper/0 prev_pid=0 prev_prio=120 prev_state=R ==> next_comm=mmcqd/1 next_pid=117 next_prio=120
         mmcqd/1-117   [000] ...1  2995.756809: block_rq_complete: 179,0 RA () 863808 + 8 [0]
         mmcqd/1-117   [000] ...2  2995.756825: sched_switch: prev_comm=mmcqd/1 prev_pid=117 prev_prio=120 prev_state=R+ ==> next_comm=kworker/0:2H next_pid=520 next_prio=100
    kworker/0:2H-520   [000] ...2  2995.756832: sched_switch: prev_comm=kworker/0:2H prev_pid=520 prev_prio=100 prev_state=S ==> next_comm=mmcqd/1 next_pid=117 next_prio=120
         mmcqd/1-117   [000] ...2  2995.756841: sched_switch: prev_comm=mmcqd/1 prev_pid=117 prev_prio=120 prev_state=S ==> next_comm=app_process next_pid=14085 next_prio=120
           <...>-14085 [000] d..2  2995.756913: block_rq_insert: 179,0 R 0 () 802992 + 32 [app_process]
           <...>-14085 [000] ...2  2995.756922: sched_switch: prev_comm=app_process prev_pid=14085 prev_prio=120 prev_state=R+ ==> next_comm=mmcqd/1 next_pid=117 next_prio=120
         mmcqd/1-117   [000] ...2  2995.756965: sched_switch: prev_comm=mmcqd/1 prev_pid=117 prev_prio=120 prev_state=S ==> next_comm=app_process next_pid=14085 next_prio=120
           <...>-14085 [000] ...2  2995.756970: sched_switch: prev_comm=app_process prev_pid=14085 prev_prio=120 prev_state=D|W ==> next_comm=swapper/0 next_pid=0 next_prio=120
          <idle>-0     [000] ...2  2995.757333: sched_switch: prev_comm=swapper/0 prev_pid=0 prev_prio=120 prev_state=R ==> next_comm=mmcqd/1 next_pid=117 next_prio=120
         mmcqd/1-117   [000] ...1  2995.757348: block_rq_complete: 179,0 RA () 802992 + 32 [0]
         mmcqd/1-117   [000] ...2  2995.757365: sched_switch: prev_comm=mmcqd/1 prev_pid=117 prev_prio=120 prev_state=R+ ==> next_comm=kworker/0:2H next_pid=520 next_prio=100
    kworker/0:2H-520   [000] ...2  2995.757373: sched_switch: prev_comm=kworker/0:2H prev_pid=520 prev_prio=100 prev_state=S ==> next_comm=mmcqd/1 next_pid=117 next_prio=120
         mmcqd/1-117   [000] ...2  2995.757381: sched_switch: prev_comm=mmcqd/1 prev_pid=117 prev_prio=120 prev_state=S ==> next_comm=app_process next_pid=14085 next_prio=120
           <...>-14085 [000] d..2  2995.757422: block_rq_insert: 179,0 R 0 () 803104 + 136 [app_process]
           <...>-14085 [000] ...2  2995.757431: sched_switch: prev_comm=app_process prev_pid=14085 prev_prio=120 prev_state=R+ ==> next_comm=mmcqd/1 next_pid=117 next_prio=120
         mmcqd/1-117   [000] ...2  2995.757501: sched_switch: prev_comm=mmcqd/1 prev_pid=117 prev_prio=120 prev_state=S ==> next_comm=app_process next_pid=14085 next_prio=120
           <...>-14085 [000] ...2  2995.757506: sched_switch: prev_comm=app_process prev_pid=14085 prev_prio=120 prev_state=D|W ==> next_comm=swapper/0 next_pid=0 next_prio=120
          <idle>-0     [000] ...2  2995.758349: sched_switch: prev_comm=swapper/0 prev_pid=0 prev_prio=120 prev_state=R ==> next_comm=mmcqd/1 next_pid=117 next_prio=120
         mmcqd/1-117   [000] ...1  2995.758387: block_rq_complete: 179,0 RA () 803104 + 136 [0]
         mmcqd/1-117   [000] ...2  2995.758409: sched_switch: prev_comm=mmcqd/1 prev_pid=117 prev_prio=120 prev_state=R+ ==> next_comm=kworker/0:2H next_pid=520 next_prio=100
    kworker/0:2H-520   [000] ...2  2995.758417: sched_switch: prev_comm=kworker/0:2H prev_pid=520 prev_prio=100 prev_state=S ==> next_comm=mmcqd/1 next_pid=117 next_prio=120
         mmcqd/1-117   [000] ...2  2995.758426: sched_switch: prev_comm=mmcqd/1 prev_pid=117 prev_prio=120 prev_state=S ==> next_comm=app_process next_pid=14085 next_prio=120
           <...>-14085 [000] d..2  2995.758677: block_rq_insert: 179,0 R 0 () 803392 + 32 [app_process]
           <...>-14085 [000] ...2  2995.758688: sched_switch: prev_comm=app_process prev_pid=14085 prev_prio=120 prev_state=R+ ==> next_comm=mmcqd/1 next_pid=117 next_prio=120
         mmcqd/1-117   [000] ...2  2995.758734: sched_switch: prev_comm=mmcqd/1 prev_pid=117 prev_prio=120 prev_state=S ==> next_comm=app_process next_pid=14085 next_prio=120
           <...>-14085 [000] ...2  2995.758739: sched_switch: prev_comm=app_process prev_pid=14085 prev_prio=120 prev_state=D|W ==> next_comm=swapper/0 next_pid=0 next_prio=120
          <idle>-0     [000] ...2  2995.759067: sched_switch: prev_comm=swapper/0 prev_pid=0 prev_prio=120 prev_state=R ==> next_comm=mmcqd/1 next_pid=117 next_prio=120
         mmcqd/1-117   [000] ...1  2995.759082: block_rq_complete: 179,0 RA () 803392 + 32 [0]
         mmcqd/1-117   [000] ...2  2995.759101: sched_switch: prev_comm=mmcqd/1 prev_pid=117 prev_prio=120 prev_state=R+ ==> next_comm=kworker/0:2H next_pid=520 next_prio=100
    kworker/0:2H-520   [000] ...2  2995.759108: sched_switch: prev_comm=kworker/0:2H prev_pid=520 prev_prio=100 prev_state=S ==> next_comm=mmcqd/1 next_pid=117 next_prio=120
         mmcqd/1-117   [000] ...2  2995.759117: sched_switch: prev_comm=mmcqd/1 prev_pid=117 prev_prio=120 prev_state=S ==> next_comm=app_process next_pid=14085 next_prio=120
           <...>-14085 [000] d..2  2995.759158: block_rq_insert: 179,0 R 0 () 804336 + 136 [app_process]
           <...>-14085 [000] ...2  2995.759168: sched_switch: prev_comm=app_process prev_pid=14085 prev_prio=120 prev_state=R+ ==> next_comm=mmcqd/1 next_pid=117 next_prio=120
         mmcqd/1-117   [000] ...2  2995.759237: sched_switch: prev_comm=mmcqd/1 prev_pid=117 prev_prio=120 prev_state=S ==> next_comm=app_process next_pid=14085 next_prio=120
           <...>-14085 [000] ...2  2995.759242: sched_switch: prev_comm=app_process prev_pid=14085 prev_prio=120 prev_state=D|W ==> next_comm=swapper/0 next_pid=0 next_prio=120
          <idle>-0     [000] ...2  2995.760141: sched_switch: prev_comm=swapper/0 prev_pid=0 prev_prio=120 prev_state=R ==> next_comm=mmcqd/1 next_pid=117 next_prio=120
         mmcqd/1-117   [000] ...1  2995.760179: block_rq_complete: 179,0 RA () 804336 + 136 [0]
         mmcqd/1-117   [000] ...2  2995.760199: sched_switch: prev_comm=mmcqd/1 prev_pid=117 prev_prio=120 prev_state=R+ ==> next_comm=kworker/0:2H next_pid=520 next_prio=100
    kworker/0:2H-520   [000] ...2  2995.760206: sched_switch: prev_comm=kworker/0:2H prev_pid=520 prev_prio=100 prev_state=S ==> next_comm=mmcqd/1 next_pid=117 next_prio=120
         mmcqd/1-117   [000] ...2  2995.760215: sched_switch: prev_comm=mmcqd/1 prev_pid=117 prev_prio=120 prev_state=S ==> next_comm=app_process next_pid=14085 next_prio=120
           <...>-14085 [000] d..2  2995.760506: block_rq_insert: 179,0 FWS 0 () 0 + 0 [app_process]
           <...>-14085 [000] ...2  2995.760516: sched_switch: prev_comm=app_process prev_pid=14085 prev_prio=120 prev_state=R+ ==> next_comm=mmcqd/1 next_pid=117 next_prio=120
         mmcqd/1-117   [000] ...2  2995.760540: sched_switch: prev_comm=mmcqd/1 prev_pid=117 prev_prio=120 prev_state=D ==> next_comm=app_process next_pid=14085 next_prio=120
           <...>-14085 [000] ...2  2995.760546: sched_switch: prev_comm=app_process prev_pid=14085 prev_prio=120 prev_state=D ==> next_comm=swapper/0 next_pid=0 next_prio=120
          <idle>-0     [000] ...2  2995.760574: sched_switch: prev_comm=swapper/0 prev_pid=0 prev_prio=120 prev_state=R ==> next_comm=mmcqd/1 next_pid=117 next_prio=120
         mmcqd/1-117   [000] ...2  2995.760598: sched_switch: prev_comm=mmcqd/1 prev_pid=117 prev_prio=120 prev_state=R ==> next_comm=swapper/0 next_pid=0 next_prio=120
          <idle>-0     [000] ...2  2995.760602: sched_switch: prev_comm=swapper/0 prev_pid=0 prev_prio=120 prev_state=R ==> next_comm=mmcqd/1 next_pid=117 next_prio=120
         mmcqd/1-117   [000] d..2  2995.760606: block_rq_complete: 179,0 WS () 0 + 0 [0]
         mmcqd/1-117   [000] ...2  2995.760624: sched_switch: prev_comm=mmcqd/1 prev_pid=117 prev_prio=120 prev_state=S ==> next_comm=app_process next_pid=14085 next_prio=120
           <...>-14085 [000] d..2  2995.769426: block_rq_insert: 179,0 R 0 () 4072736 + 128 [main]
           <...>-14085 [000] ...2  2995.769438: sched_switch: prev_comm=main prev_pid=14085 prev_prio=120 prev_state=R+ ==> next_comm=mmcqd/1 next_pid=117 next_prio=120
         mmcqd/1-117   [000] ...2  2995.769512: sched_switch: prev_comm=mmcqd/1 prev_pid=117 prev_prio=120 prev_state=S ==> next_comm=main next_pid=14085 next_prio=120
           <...>-14085 [000] ...2  2995.769519: sched_switch: prev_comm=main prev_pid=14085 prev_prio=120 prev_state=D|W ==> next_comm=swapper/0 next_pid=0 next_prio=120
          <idle>-0     [000] ...2  2995.769540: sched_switch: prev_comm=swapper/0 prev_pid=0 prev_prio=120 prev_state=R ==> next_comm=ksoftirqd/0 next_pid=3 next_prio=120
     ksoftirqd/0-3     [000] ...2  2995.769549: sched_switch: prev_comm=ksoftirqd/0 prev_pid=3 prev_prio=120 prev_state=S ==> next_comm=swapper/0 next_pid=0 next_prio=120
          <idle>-0     [000] ...2  2995.769565: sched_switch: prev_comm=swapper/0 prev_pid=0 prev_prio=120 prev_state=R ==> next_comm=ksoftirqd/0 next_pid=3 next_prio=120
     ksoftirqd/0-3     [000] ...2  2995.769587: sched_switch: prev_comm=ksoftirqd/0 prev_pid=3 prev_prio=120 prev_state=S ==> next_comm=swapper/0 next_pid=0 next_prio=120
          <idle>-0     [000] ...2  2995.770321: sched_switch: prev_comm=swapper/0 prev_pid=0 prev_prio=120 prev_state=R ==> next_comm=mmcqd/1 next_pid=117 next_prio=120
         mmcqd/1-117   [000] ...1  2995.770358: block_rq_complete: 179,0 RA () 4072736 + 128 [0]
         mmcqd/1-117   [000] ...2  2995.770381: sched_switch: prev_comm=mmcqd/1 prev_pid=117 prev_prio=120 prev_state=R+ ==> next_comm=kworker/0:2H next_pid=520 next_prio=100
    kworker/0:2H-520   [000] ...2  2995.770389: sched_switch: prev_comm=kworker/0:2H prev_pid=520 prev_prio=100 prev_state=S ==> next_comm=mmcqd/1 next_pid=117 next_prio=120
         mmcqd/1-117   [000] ...2  2995.770399: sched_switch: prev_comm=mmcqd/1 prev_pid=117 prev_prio=120 prev_state=S ==> next_comm=main next_pid=14085 next_prio=120
           <...>-14085 [000] d..2  2995.770493: block_rq_insert: 179,0 R 0 () 4076944 + 16 [main]
           <...>-14085 [000] d..2  2995.770496: block_rq_insert: 179,0 R 0 () 4076968 + 80 [main]
           <...>-14085 [000] d..2  2995.770498: block_rq_insert: 179,0 R 0 () 4077080 + 32 [main]
           <...>-14085 [000] ...2  2995.770507: sched_switch: prev_comm=main prev_pid=14085 prev_prio=120 prev_state=R+ ==> next_comm=mmcqd/1 next_pid=117 next_prio=120
         mmcqd/1-117   [000] ...2  2995.770573: sched_switch: prev_comm=mmcqd/1 prev_pid=117 prev_prio=120 prev_state=S ==> next_comm=main next_pid=14085 next_prio=120
           <...>-14085 [000] ...2  2995.770579: sched_switch: prev_comm=main prev_pid=14085 prev_prio=120 prev_state=D|W ==> next_comm=swapper/0 next_pid=0 next_prio=120
          <idle>-0     [000] ...2  2995.770795: sched_switch: prev_comm=swapper/0 prev_pid=0 prev_prio=120 prev_state=R ==> next_comm=mmcqd/1 next_pid=117 next_prio=120
         mmcqd/1-117   [000] ...1  2995.770822: block_rq_complete: 179,0 RA () 4076944 + 16 [0]
         mmcqd/1-117   [000] ...2  2995.770847: sched_switch: prev_comm=mmcqd/1 prev_pid=117 prev_prio=120 prev_state=S ==> next_comm=swapper/0 next_pid=0 next_prio=120
          <idle>-0     [000] ...2  2995.771405: sched_switch: prev_comm=swapper/0 prev_pid=0 prev_prio=120 prev_state=R ==> next_comm=mmcqd/1 next_pid=117 next_prio=120
         mmcqd/1-117   [000] ...1  2995.771448: block_rq_complete: 179,0 RA () 4076968 + 80 [0]
         mmcqd/1-117   [000] ...2  2995.771465: sched_switch: prev_comm=mmcqd/1 prev_pid=117 prev_prio=120 prev_state=S ==> next_comm=main next_pid=14085 next_prio=120
           <...>-14085 [000] ...2  2995.771500: sched_switch: prev_comm=main prev_pid=14085 prev_prio=120 prev_state=D|W ==> next_comm=swapper/0 next_pid=0 next_prio=120
          <idle>-0     [000] ...2  2995.771827: sched_switch: prev_comm=swapper/0 prev_pid=0 prev_prio=120 prev_state=R ==> next_comm=mmcqd/1 next_pid=117 next_prio=120
         mmcqd/1-117   [000] ...1  2995.771843: block_rq_complete: 179,0 RA () 4077080 + 32 [0]
         mmcqd/1-117   [000] ...2  2995.771860: sched_switch: prev_comm=mmcqd/1 prev_pid=117 prev_prio=120 prev_state=R+ ==> next_comm=kworker/0:2H next_pid=520 next_prio=100
    kworker/0:2H-520   [000] ...2  2995.771867: sched_switch: prev_comm=kworker/0:2H prev_pid=520 prev_prio=100 prev_state=S ==> next_comm=mmcqd/1 next_pid=117 next_prio=120
         mmcqd/1-117   [000] ...2  2995.771876: sched_switch: prev_comm=mmcqd/1 prev_pid=117 prev_prio=120 prev_state=S ==> next_comm=main next_pid=14085 next_prio=120
           <...>-14085 [000] d..2  2995.771944: block_rq_insert: 179,0 R 0 () 4077120 + 16 [main]
           <...>-14085 [000] d..2  2995.771947: block_rq_insert: 179,0 R 0 () 4077160 + 16 [main]
           <...>-14085 [000] d..2  2995.771950: block_rq_insert: 179,0 R 0 () 4077184 + 48 [main]
           <...>-14085 [000] ...2  2995.771974: sched_switch: prev_comm=main prev_pid=14085 prev_prio=120 prev_state=R+ ==> next_comm=mmcqd/1 next_pid=117 next_prio=120
         mmcqd/1-117   [000] ...2  2995.772021: sched_switch: prev_comm=mmcqd/1 prev_pid=117 prev_prio=120 prev_state=S ==> next_comm=main next_pid=14085 next_prio=120
           <...>-14085 [000] ...2  2995.772027: sched_switch: prev_comm=main prev_pid=14085 prev_prio=120 prev_state=D|W ==> next_comm=swapper/0 next_pid=0 next_prio=120
          <idle>-0     [000] ...2  2995.772280: sched_switch: prev_comm=swapper/0 prev_pid=0 prev_prio=120 prev_state=R ==> next_comm=mmcqd/1 next_pid=117 next_prio=120
         mmcqd/1-117   [000] ...1  2995.772307: block_rq_complete: 179,0 RA () 4077120 + 16 [0]
         mmcqd/1-117   [000] ...2  2995.772336: sched_switch: prev_comm=mmcqd/1 prev_pid=117 prev_prio=120 prev_state=S ==> next_comm=swapper/0 next_pid=0 next_prio=120
          <idle>-0     [000] ...2  2995.772594: sched_switch: prev_comm=swapper/0 prev_pid=0 prev_prio=120 prev_state=R ==> next_comm=mmcqd/1 next_pid=117 next_prio=120
         mmcqd/1-117   [000] ...1  2995.772621: block_rq_complete: 179,0 RA () 4077160 + 16 [0]
         mmcqd/1-117   [000] ...2  2995.772636: sched_switch: prev_comm=mmcqd/1 prev_pid=117 prev_prio=120 prev_state=S ==> next_comm=main next_pid=14085 next_prio=120
           <...>-14085 [000] d..2  2995.772717: block_rq_insert: 179,0 R 0 () 4077376 + 8 [main]
           <...>-14085 [000] d..2  2995.772720: block_rq_insert: 179,0 R 0 () 4077400 + 104 [main]
           <...>-14085 [000] ...2  2995.772730: sched_switch: prev_comm=main prev_pid=14085 prev_prio=120 prev_state=R+ ==> next_comm=mmcqd/1 next_pid=117 next_prio=120
         mmcqd/1-117   [000] ...2  2995.772745: sched_switch: prev_comm=mmcqd/1 prev_pid=117 prev_prio=120 prev_state=S ==> next_comm=main next_pid=14085 next_prio=120
           <...>-14085 [000] ...2  2995.772751: sched_switch: prev_comm=main prev_pid=14085 prev_prio=120 prev_state=D|W ==> next_comm=swapper/0 next_pid=0 next_prio=120
          <idle>-0     [000] ...2  2995.773060: sched_switch: prev_comm=swapper/0 prev_pid=0 prev_prio=120 prev_state=R ==> next_comm=mmcqd/1 next_pid=117 next_prio=120
         mmcqd/1-117   [000] ...1  2995.773095: block_rq_complete: 179,0 RA () 4077184 + 48 [0]
         mmcqd/1-117   [000] ...2  2995.773139: sched_switch: prev_comm=mmcqd/1 prev_pid=117 prev_prio=120 prev_state=S ==> next_comm=swapper/0 next_pid=0 next_prio=120
          <idle>-0     [000] ...2  2995.773321: sched_switch: prev_comm=swapper/0 prev_pid=0 prev_prio=120 prev_state=R ==> next_comm=mmcqd/1 next_pid=117 next_prio=120
         mmcqd/1-117   [000] ...1  2995.773346: block_rq_complete: 179,0 RA () 4077376 + 8 [0]
         mmcqd/1-117   [000] ...2  2995.773361: sched_switch: prev_comm=mmcqd/1 prev_pid=117 prev_prio=120 prev_state=S ==> next_comm=main next_pid=14085 next_prio=120
           <...>-14085 [000] d..2  2995.773421: block_rq_insert: 179,0 R 0 () 4077592 + 16 [main]
           <...>-14085 [000] d..2  2995.773424: block_rq_insert: 179,0 R 0 () 4077696 + 8 [main]
           <...>-14085 [000] d..2  2995.773425: block_rq_insert: 179,0 R 0 () 4077752 + 8 [main]
           <...>-14085 [000] d..2  2995.773427: block_rq_insert: 179,0 R 0 () 4077800 + 24 [main]
           <...>-14085 [000] ...2  2995.773436: sched_switch: prev_comm=main prev_pid=14085 prev_prio=120 prev_state=R+ ==> next_comm=mmcqd/1 next_pid=117 next_prio=120
         mmcqd/1-117   [000] ...2  2995.773454: sched_switch: prev_comm=mmcqd/1 prev_pid=117 prev_prio=120 prev_state=S ==> next_comm=main next_pid=14085 next_prio=120
           <...>-14085 [000] ...2  2995.773459: sched_switch: prev_comm=main prev_pid=14085 prev_prio=120 prev_state=D|W ==> next_comm=swapper/0 next_pid=0 next_prio=120
          <idle>-0     [000] ...2  2995.774065: sched_switch: prev_comm=swapper/0 prev_pid=0 prev_prio=120 prev_state=R ==> next_comm=mmcqd/1 next_pid=117 next_prio=120
         mmcqd/1-117   [000] ...1  2995.774112: block_rq_complete: 179,0 RA () 4077400 + 104 [0]
         mmcqd/1-117   [000] ...2  2995.774134: sched_switch: prev_comm=mmcqd/1 prev_pid=117 prev_prio=120 prev_state=S ==> next_comm=swapper/0 next_pid=0 next_prio=120
          <idle>-0     [000] ...2  2995.774407: sched_switch: prev_comm=swapper/0 prev_pid=0 prev_prio=120 prev_state=R ==> next_comm=mmcqd/1 next_pid=117 next_prio=120
         mmcqd/1-117   [000] ...1  2995.774433: block_rq_complete: 179,0 RA () 4077592 + 16 [0]
         mmcqd/1-117   [000] ...2  2995.774452: sched_switch: prev_comm=mmcqd/1 prev_pid=117 prev_prio=120 prev_state=S ==> next_comm=swapper/0 next_pid=0 next_prio=120
          <idle>-0     [000] ...2  2995.774654: sched_switch: prev_comm=swapper/0 prev_pid=0 prev_prio=120 prev_state=R ==> next_comm=mmcqd/1 next_pid=117 next_prio=120
         mmcqd/1-117   [000] ...1  2995.774680: block_rq_complete: 179,0 RA () 4077696 + 8 [0]
         mmcqd/1-117   [000] ...2  2995.774706: sched_switch: prev_comm=mmcqd/1 prev_pid=117 prev_prio=120 prev_state=S ==> next_comm=main next_pid=14085 next_prio=120
           <...>-14085 [000] d..2  2995.774776: block_rq_insert: 179,0 R 0 () 4079160 + 8 [main]
           <...>-14085 [000] d..2  2995.774779: block_rq_insert: 179,0 R 0 () 4079192 + 80 [main]
           <...>-14085 [000] d..2  2995.774781: block_rq_insert: 179,0 R 0 () 4079304 + 8 [main]
           <...>-14085 [000] ...2  2995.774788: sched_switch: prev_comm=main prev_pid=14085 prev_prio=120 prev_state=D|W ==> next_comm=swapper/0 next_pid=0 next_prio=120
          <idle>-0     [000] ...2  2995.774926: sched_switch: prev_comm=swapper/0 prev_pid=0 prev_prio=120 prev_state=R ==> next_comm=mmcqd/1 next_pid=117 next_prio=120
         mmcqd/1-117   [000] ...1  2995.774951: block_rq_complete: 179,0 RA () 4077752 + 8 [0]
         mmcqd/1-117   [000] ...2  2995.774969: sched_switch: prev_comm=mmcqd/1 prev_pid=117 prev_prio=120 prev_state=S ==> next_comm=swapper/0 next_pid=0 next_prio=120
          <idle>-0     [000] ...2  2995.775276: sched_switch: prev_comm=swapper/0 prev_pid=0 prev_prio=120 prev_state=R ==> next_comm=mmcqd/1 next_pid=117 next_prio=120
         mmcqd/1-117   [000] ...1  2995.775305: block_rq_complete: 179,0 RA () 4077800 + 24 [0]
         mmcqd/1-117   [000] ...2  2995.775342: sched_switch: prev_comm=mmcqd/1 prev_pid=117 prev_prio=120 prev_state=S ==> next_comm=swapper/0 next_pid=0 next_prio=120
          <idle>-0     [000] ...2  2995.775535: sched_switch: prev_comm=swapper/0 prev_pid=0 prev_prio=120 prev_state=R ==> next_comm=mmcqd/1 next_pid=117 next_prio=120
         mmcqd/1-117   [000] ...1  2995.775560: block_rq_complete: 179,0 RA () 4079160 + 8 [0]
         mmcqd/1-117   [000] ...2  2995.775578: sched_switch: prev_comm=mmcqd/1 prev_pid=117 prev_prio=120 prev_state=S ==> next_comm=swapper/0 next_pid=0 next_prio=120
          <idle>-0     [000] ...2  2995.776181: sched_switch: prev_comm=swapper/0 prev_pid=0 prev_prio=120 prev_state=R ==> next_comm=mmcqd/1 next_pid=117 next_prio=120
         mmcqd/1-117   [000] ...1  2995.776222: block_rq_complete: 179,0 RA () 4079192 + 80 [0]
         mmcqd/1-117   [000] ...2  2995.776240: sched_switch: prev_comm=mmcqd/1 prev_pid=117 prev_prio=120 prev_state=S ==> next_comm=main next_pid=14085 next_prio=120
           <...>-14085 [000] d..2  2995.776295: block_rq_insert: 179,0 R 0 () 4081752 + 8 [main]
           <...>-14085 [000] d..2  2995.776298: block_rq_insert: 179,0 R 0 () 4081856 + 8 [main]
           <...>-14085 [000] d..2  2995.776300: block_rq_insert: 179,0 R 0 () 4081960 + 8 [main]
           <...>-14085 [000] d..2  2995.776301: block_rq_insert: 179,0 R 0 () 4081976 + 8 [main]
           <...>-14085 [000] ...2  2995.776310: sched_switch: prev_comm=main prev_pid=14085 prev_prio=120 prev_state=R+ ==> next_comm=mmcqd/1 next_pid=117 next_prio=120
         mmcqd/1-117   [000] ...2  2995.776325: sched_switch: prev_comm=mmcqd/1 prev_pid=117 prev_prio=120 prev_state=S ==> next_comm=main next_pid=14085 next_prio=120
           <...>-14085 [000] ...2  2995.776331: sched_switch: prev_comm=main prev_pid=14085 prev_prio=120 prev_state=D|W ==> next_comm=swapper/0 next_pid=0 next_prio=120
          <idle>-0     [000] ...2  2995.776465: sched_switch: prev_comm=swapper/0 prev_pid=0 prev_prio=120 prev_state=R ==> next_comm=mmcqd/1 next_pid=117 next_prio=120
         mmcqd/1-117   [000] ...1  2995.776491: block_rq_complete: 179,0 RA () 4079304 + 8 [0]
         mmcqd/1-117   [000] ...2  2995.776509: sched_switch: prev_comm=mmcqd/1 prev_pid=117 prev_prio=120 prev_state=S ==> next_comm=swapper/0 next_pid=0 next_prio=120
          <idle>-0     [000] ...2  2995.776739: sched_switch: prev_comm=swapper/0 prev_pid=0 prev_prio=120 prev_state=R ==> next_comm=mmcqd/1 next_pid=117 next_prio=120
         mmcqd/1-117   [000] ...1  2995.776765: block_rq_complete: 179,0 RA () 4081752 + 8 [0]
         mmcqd/1-117   [000] ...2  2995.776782: sched_switch: prev_comm=mmcqd/1 prev_pid=117 prev_prio=120 prev_state=S ==> next_comm=swapper/0 next_pid=0 next_prio=120
          <idle>-0     [000] ...2  2995.777004: sched_switch: prev_comm=swapper/0 prev_pid=0 prev_prio=120 prev_state=R ==> next_comm=mmcqd/1 next_pid=117 next_prio=120
         mmcqd/1-117   [000] ...1  2995.777029: block_rq_complete: 179,0 RA () 4081856 + 8 [0]
         mmcqd/1-117   [000] ...2  2995.777051: sched_switch: prev_comm=mmcqd/1 prev_pid=117 prev_prio=120 prev_state=S ==> next_comm=main next_pid=14085 next_prio=120
           <...>-14085 [000] d..2  2995.777122: block_rq_insert: 179,0 R 0 () 4082016 + 8 [main]
           <...>-14085 [000] d..2  2995.777125: block_rq_insert: 179,0 R 0 () 4082128 + 8 [main]
           <...>-14085 [000] d..2  2995.777127: block_rq_insert: 179,0 R 0 () 4082152 + 8 [main]
           <...>-14085 [000] d..2  2995.777128: block_rq_insert: 179,0 R 0 () 4082168 + 32 [main]
           <...>-14085 [000] d..2  2995.777129: block_rq_insert: 179,0 R 0 () 4082240 + 8 [main]
           <...>-14085 [000] ...2  2995.777137: sched_switch: prev_comm=main prev_pid=14085 prev_prio=120 prev_state=D|W ==> next_comm=swapper/0 next_pid=0 next_prio=120
          <idle>-0     [000] ...2  2995.777275: sched_switch: prev_comm=swapper/0 prev_pid=0 prev_prio=120 prev_state=R ==> next_comm=mmcqd/1 next_pid=117 next_prio=120
         mmcqd/1-117   [000] ...1  2995.777301: block_rq_complete: 179,0 RA () 4081960 + 8 [0]
         mmcqd/1-117   [000] ...2  2995.777319: sched_switch: prev_comm=mmcqd/1 prev_pid=117 prev_prio=120 prev_state=S ==> next_comm=swapper/0 next_pid=0 next_prio=120
          <idle>-0     [000] ...2  2995.777577: sched_switch: prev_comm=swapper/0 prev_pid=0 prev_prio=120 prev_state=R ==> next_comm=mmcqd/1 next_pid=117 next_prio=120
         mmcqd/1-117   [000] ...1  2995.777602: block_rq_complete: 179,0 RA () 4081976 + 8 [0]
         mmcqd/1-117   [000] ...2  2995.777620: sched_switch: prev_comm=mmcqd/1 prev_pid=117 prev_prio=120 prev_state=S ==> next_comm=swapper/0 next_pid=0 next_prio=120
          <idle>-0     [000] ...2  2995.777864: sched_switch: prev_comm=swapper/0 prev_pid=0 prev_prio=120 prev_state=R ==> next_comm=mmcqd/1 next_pid=117 next_prio=120
         mmcqd/1-117   [000] ...1  2995.777890: block_rq_complete: 179,0 RA () 4082016 + 8 [0]
         mmcqd/1-117   [000] ...2  2995.777907: sched_switch: prev_comm=mmcqd/1 prev_pid=117 prev_prio=120 prev_state=S ==> next_comm=swapper/0 next_pid=0 next_prio=120
          <idle>-0     [000] ...2  2995.778138: sched_switch: prev_comm=swapper/0 prev_pid=0 prev_prio=120 prev_state=R ==> next_comm=mmcqd/1 next_pid=117 next_prio=120
         mmcqd/1-117   [000] ...1  2995.778163: block_rq_complete: 179,0 RA () 4082128 + 8 [0]
