    sensors.qcom-881   [000] ...2  2995.818814: sched_switch: prev_comm=sensors.qcom prev_pid=881 prev_prio=120 prev_state=S ==> next_comm=ksoftirqd/0 next_pid=3 next_prio=120
     ksoftirqd/0-3     [000] ...2  2995.818819: sched_switch: prev_comm=ksoftirqd/0 prev_pid=3 prev_prio=120 prev_state=S ==> next_comm=swapper/0 next_pid=0 next_prio=120
          <idle>-0     [000] ...2  2995.818836: sched_switch: prev_comm=swapper/0 prev_pid=0 prev_prio=120 prev_state=R ==> next_comm=ksoftirqd/0 next_pid=3 next_prio=120
     ksoftirqd/0-3     [000] ...2  2995.818842: sched_switch: prev_comm=ksoftirqd/0 prev_pid=3 prev_prio=120 prev_state=S ==> next_comm=swapper/0 next_pid=0 next_prio=120
    sensors.qcom-689   [001] ...2  2995.818881: sched_switch: prev_comm=sensors.qcom prev_pid=689 prev_prio=120 prev_state=S ==> next_comm=system_server next_pid=730 next_prio=118
          <idle>-0     [000] ...2  2995.818993: sched_switch: prev_comm=swapper/0 prev_pid=0 prev_prio=120 prev_state=R ==> next_comm=system_server next_pid=734 next_prio=118
   system_server-734   [000] ...2  2995.819022: sched_switch: prev_comm=system_server prev_pid=734 prev_prio=118 prev_state=S ==> next_comm=SensorService next_pid=776 next_prio=112
   system_server-730   [001] ...2  2995.819029: sched_switch: prev_comm=system_server prev_pid=730 prev_prio=118 prev_state=S ==> next_comm=main next_pid=14094 next_prio=120
           <...>-14094 [001] ...2  2995.819068: sched_switch: prev_comm=main prev_pid=14094 prev_prio=120 prev_state=R+ ==> next_comm=android.ui next_pid=781 next_prio=118
   SensorService-776   [000] ...2  2995.819077: sched_switch: prev_comm=SensorService prev_pid=776 prev_prio=112 prev_state=S ==> next_comm=swapper/0 next_pid=0 next_prio=120
      android.ui-781   [001] ...2  2995.819189: sched_switch: prev_comm=android.ui prev_pid=781 prev_prio=118 prev_state=S ==> next_comm=main next_pid=14094 next_prio=120
          <idle>-0     [000] ...2  2995.819701: sched_switch: prev_comm=swapper/0 prev_pid=0 prev_prio=120 prev_state=R ==> next_comm=main next_pid=14095 next_prio=120
           <...>-14095 [000] ...2  2995.819721: sched_switch: prev_comm=main prev_pid=14095 prev_prio=120 prev_state=D ==> next_comm=swapper/0 next_pid=0 next_prio=120
          <idle>-0     [000] ...2  2995.819729: sched_switch: prev_comm=swapper/0 prev_pid=0 prev_prio=120 prev_state=R ==> next_comm=main next_pid=14095 next_prio=120
           <...>-14094 [001] ...2  2995.819733: sched_switch: prev_comm=Heap thread poo prev_pid=14094 prev_prio=120 prev_state=S ==> next_comm=swapper/1 next_pid=0 next_prio=120
          <idle>-0     [001] ...2  2995.819757: sched_switch: prev_comm=swapper/1 prev_pid=0 prev_prio=120 prev_state=R ==> next_comm=ksoftirqd/1 next_pid=14078 next_prio=120
           <...>-14078 [001] ...2  2995.819771: sched_switch: prev_comm=ksoftirqd/1 prev_pid=14078 prev_prio=120 prev_state=S ==> next_comm=swapper/1 next_pid=0 next_prio=120
          <idle>-0     [001] ...2  2995.819796: sched_switch: prev_comm=swapper/1 prev_pid=0 prev_prio=120 prev_state=R ==> next_comm=ksoftirqd/1 next_pid=14078 next_prio=120
           <...>-14078 [001] ...2  2995.819806: sched_switch: prev_comm=ksoftirqd/1 prev_pid=14078 prev_prio=120 prev_state=S ==> next_comm=swapper/1 next_pid=0 next_prio=120
           <...>-14095 [000] ...2  2995.820081: sched_switch: prev_comm=Heap thread poo prev_pid=14095 prev_prio=120 prev_state=S ==> next_comm=main next_pid=14096 next_prio=120
           <...>-14096 [000] ...2  2995.820475: sched_switch: prev_comm=Heap thread poo prev_pid=14096 prev_prio=120 prev_state=R+ ==> next_comm=main next_pid=14085 next_prio=120
          <idle>-0     [001] ...2  2995.820503: sched_switch: prev_comm=swapper/1 prev_pid=0 prev_prio=120 prev_state=R ==> next_comm=Heap thread poo next_pid=14094 next_prio=120
           <...>-14094 [001] ...2  2995.820517: sched_switch: prev_comm=Heap thread poo prev_pid=14094 prev_prio=120 prev_state=D ==> next_comm=swapper/1 next_pid=0 next_prio=120
          <idle>-0     [001] ...2  2995.820524: sched_switch: prev_comm=swapper/1 prev_pid=0 prev_prio=120 prev_state=R ==> next_comm=Heap thread poo next_pid=14094 next_prio=120
           <...>-14094 [001] ...2  2995.820544: sched_switch: prev_comm=Heap thread poo prev_pid=14094 prev_prio=120 prev_state=R+ ==> next_comm=Heap thread poo next_pid=14095 next_prio=120
           <...>-14085 [000] ...2  2995.820556: sched_switch: prev_comm=main prev_pid=14085 prev_prio=120 prev_state=S ==> next_comm=Heap thread poo next_pid=14096 next_prio=120
           <...>-14095 [001] ...2  2995.820574: sched_switch: prev_comm=Heap thread poo prev_pid=14095 prev_prio=120 prev_state=S ==> next_comm=Heap thread poo next_pid=14094 next_prio=120
           <...>-14096 [000] ...2  2995.820574: sched_switch: prev_comm=Heap thread poo prev_pid=14096 prev_prio=120 prev_state=S ==> next_comm=main next_pid=14097 next_prio=120
           <...>-14094 [001] ...2  2995.820585: sched_switch: prev_comm=Heap thread poo prev_pid=14094 prev_prio=120 prev_state=D ==> next_comm=swapper/1 next_pid=0 next_prio=120
          <idle>-0     [001] ...2  2995.820610: sched_switch: prev_comm=swapper/1 prev_pid=0 prev_prio=120 prev_state=R ==> next_comm=Heap thread poo next_pid=14094 next_prio=120
           <...>-14094 [001] ...2  2995.820634: sched_switch: prev_comm=Heap thread poo prev_pid=14094 prev_prio=120 prev_state=S ==> next_comm=swapper/1 next_pid=0 next_prio=120
           <...>-14097 [000] ...2  2995.821054: sched_switch: prev_comm=Signal Catcher prev_pid=14097 prev_prio=120 prev_state=R+ ==> next_comm=main next_pid=14085 next_prio=120
          <idle>-0     [001] ...2  2995.821131: sched_switch: prev_comm=swapper/1 prev_pid=0 prev_prio=120 prev_state=R ==> next_comm=main next_pid=14098 next_prio=120
           <...>-14085 [000] ...2  2995.821133: sched_switch: prev_comm=main prev_pid=14085 prev_prio=120 prev_state=S ==> next_comm=Signal Catcher next_pid=14097 next_prio=120
           <...>-14097 [000] ...2  2995.821143: sched_switch: prev_comm=Signal Catcher prev_pid=14097 prev_prio=120 prev_state=S ==> next_comm=swapper/0 next_pid=0 next_prio=120
          <idle>-0     [000] ...2  2995.821909: sched_switch: prev_comm=swapper/0 prev_pid=0 prev_prio=120 prev_state=R ==> next_comm=main next_pid=14085 next_prio=120
           <...>-14098 [001] ...2  2995.821990: sched_switch: prev_comm=JDWP prev_pid=14098 prev_prio=120 prev_state=R+ ==> next_comm=kworker/1:0H next_pid=14077 next_prio=100
           <...>-14077 [001] ...2  2995.822025: sched_switch: prev_comm=kworker/1:0H prev_pid=14077 prev_prio=100 prev_state=D ==> next_comm=kworker/1:1H next_pid=14079 next_prio=100
           <...>-14079 [001] ...2  2995.822059: sched_switch: prev_comm=kworker/1:1H prev_pid=14079 prev_prio=100 prev_state=S ==> next_comm=kworker/1:0H next_pid=14077 next_prio=100
           <...>-14077 [001] ...2  2995.822074: sched_switch: prev_comm=kworker/1:0H prev_pid=14077 prev_prio=100 prev_state=S ==> next_comm=JDWP next_pid=14098 next_prio=120
           <...>-14085 [000] d..2  2995.822092: block_rq_insert: 179,0 R 0 () 4067352 + 8 [main]
           <...>-14085 [000] d..2  2995.822096: block_rq_insert: 179,0 R 0 () 4067368 + 8 [main]
           <...>-14085 [000] ...2  2995.822107: sched_switch: prev_comm=main prev_pid=14085 prev_prio=120 prev_state=D|W ==> next_comm=mmcqd/1 next_pid=117 next_prio=120
           <...>-14098 [001] ...2  2995.822116: sched_switch: prev_comm=JDWP prev_pid=14098 prev_prio=120 prev_state=R+ ==> next_comm=adbd next_pid=792 next_prio=120
         mmcqd/1-117   [000] ...2  2995.822161: sched_switch: prev_comm=mmcqd/1 prev_pid=117 prev_prio=120 prev_state=S ==> next_comm=swapper/0 next_pid=0 next_prio=120
          <idle>-0     [000] ...2  2995.822178: sched_switch: prev_comm=swapper/0 prev_pid=0 prev_prio=120 prev_state=R ==> next_comm=ksoftirqd/0 next_pid=3 next_prio=120
     ksoftirqd/0-3     [000] ...2  2995.822185: sched_switch: prev_comm=ksoftirqd/0 prev_pid=3 prev_prio=120 prev_state=S ==> next_comm=swapper/0 next_pid=0 next_prio=120
          <idle>-0     [000] ...2  2995.822200: sched_switch: prev_comm=swapper/0 prev_pid=0 prev_prio=120 prev_state=R ==> next_comm=ksoftirqd/0 next_pid=3 next_prio=120
     ksoftirqd/0-3     [000] ...2  2995.822206: sched_switch: prev_comm=ksoftirqd/0 prev_pid=3 prev_prio=120 prev_state=S ==> next_comm=swapper/0 next_pid=0 next_prio=120
          <idle>-0     [000] ...2  2995.822220: sched_switch: prev_comm=swapper/0 prev_pid=0 prev_prio=120 prev_state=R ==> next_comm=ksoftirqd/0 next_pid=3 next_prio=120
     ksoftirqd/0-3     [000] ...2  2995.822225: sched_switch: prev_comm=ksoftirqd/0 prev_pid=3 prev_prio=120 prev_state=S ==> next_comm=swapper/0 next_pid=0 next_prio=120
            adbd-792   [001] ...2  2995.822334: sched_switch: prev_comm=adbd prev_pid=792 prev_prio=120 prev_state=S ==> next_comm=JDWP next_pid=14098 next_prio=120
           <...>-14098 [001] ...2  2995.822361: sched_switch: prev_comm=JDWP prev_pid=14098 prev_prio=120 prev_state=R+ ==> next_comm=adbd next_pid=792 next_prio=120
          <idle>-0     [000] ...2  2995.822381: sched_switch: prev_comm=swapper/0 prev_pid=0 prev_prio=120 prev_state=R ==> next_comm=mmcqd/1 next_pid=117 next_prio=120
         mmcqd/1-117   [000] ...1  2995.822407: block_rq_complete: 179,0 RA () 4067352 + 8 [0]
         mmcqd/1-117   [000] ...2  2995.822422: sched_switch: prev_comm=mmcqd/1 prev_pid=117 prev_prio=120 prev_state=S ==> next_comm=swapper/0 next_pid=0 next_prio=120
          <idle>-0     [000] ...2  2995.822523: sched_switch: prev_comm=swapper/0 prev_pid=0 prev_prio=120 prev_state=R ==> next_comm=adbd next_pid=794 next_prio=120
            adbd-794   [000] ...2  2995.822585: sched_switch: prev_comm=adbd prev_pid=794 prev_prio=120 prev_state=S ==> next_comm=swapper/0 next_pid=0 next_prio=120
            adbd-792   [001] ...2  2995.822586: sched_switch: prev_comm=adbd prev_pid=792 prev_prio=120 prev_state=S ==> next_comm=JDWP next_pid=14098 next_prio=120
           <...>-14098 [001] ...2  2995.822609: sched_switch: prev_comm=JDWP prev_pid=14098 prev_prio=120 prev_state=S ==> next_comm=swapper/1 next_pid=0 next_prio=120
          <idle>-0     [001] ...2  2995.822635: sched_switch: prev_comm=swapper/1 prev_pid=0 prev_prio=120 prev_state=R ==> next_comm=ksoftirqd/1 next_pid=14078 next_prio=120
          <idle>-0     [000] ...2  2995.822649: sched_switch: prev_comm=swapper/0 prev_pid=0 prev_prio=120 prev_state=R ==> next_comm=mmcqd/1 next_pid=117 next_prio=120
           <...>-14078 [001] ...2  2995.822654: sched_switch: prev_comm=ksoftirqd/1 prev_pid=14078 prev_prio=120 prev_state=S ==> next_comm=swapper/1 next_pid=0 next_prio=120
         mmcqd/1-117   [000] ...1  2995.822658: block_rq_complete: 179,0 RA () 4067368 + 8 [0]
         mmcqd/1-117   [000] ...2  2995.822676: sched_switch: prev_comm=mmcqd/1 prev_pid=117 prev_prio=120 prev_state=R+ ==> next_comm=kworker/0:2H next_pid=520 next_prio=100
          <idle>-0     [001] ...2  2995.822678: sched_switch: prev_comm=swapper/1 prev_pid=0 prev_prio=120 prev_state=R ==> next_comm=ksoftirqd/1 next_pid=14078 next_prio=120
    kworker/0:2H-520   [000] ...2  2995.822683: sched_switch: prev_comm=kworker/0:2H prev_pid=520 prev_prio=100 prev_state=S ==> next_comm=mmcqd/1 next_pid=117 next_prio=120
         mmcqd/1-117   [000] ...2  2995.822692: sched_switch: prev_comm=mmcqd/1 prev_pid=117 prev_prio=120 prev_state=S ==> next_comm=main next_pid=14085 next_prio=120
           <...>-14078 [001] ...2  2995.822696: sched_switch: prev_comm=ksoftirqd/1 prev_pid=14078 prev_prio=120 prev_state=S ==> next_comm=swapper/1 next_pid=0 next_prio=120
          <idle>-0     [001] ...2  2995.822719: sched_switch: prev_comm=swapper/1 prev_pid=0 prev_prio=120 prev_state=R ==> next_comm=ksoftirqd/1 next_pid=14078 next_prio=120
           <...>-14078 [001] ...2  2995.822731: sched_switch: prev_comm=ksoftirqd/1 prev_pid=14078 prev_prio=120 prev_state=S ==> next_comm=swapper/1 next_pid=0 next_prio=120
           <...>-14085 [000] d..2  2995.823116: block_rq_insert: 179,0 R 0 () 3993912 + 8 [main]
           <...>-14085 [000] d..2  2995.823119: block_rq_insert: 179,0 R 0 () 3993944 + 16 [main]
           <...>-14085 [000] d..2  2995.823122: block_rq_insert: 179,0 R 0 () 3993968 + 72 [main]
           <...>-14085 [000] ...2  2995.823134: sched_switch: prev_comm=main prev_pid=14085 prev_prio=120 prev_state=D|W ==> next_comm=adbd next_pid=795 next_prio=120
          <idle>-0     [001] ...2  2995.823167: sched_switch: prev_comm=swapper/1 prev_pid=0 prev_prio=120 prev_state=R ==> next_comm=adbd next_pid=792 next_prio=120
            adbd-795   [000] ...2  2995.823168: sched_switch: prev_comm=adbd prev_pid=795 prev_prio=120 prev_state=S ==> next_comm=mmcqd/1 next_pid=117 next_prio=120
         mmcqd/1-117   [000] ...2  2995.823212: sched_switch: prev_comm=mmcqd/1 prev_pid=117 prev_prio=120 prev_state=S ==> next_comm=swapper/0 next_pid=0 next_prio=120
            adbd-792   [001] ...2  2995.823333: sched_switch: prev_comm=adbd prev_pid=792 prev_prio=120 prev_state=S ==> next_comm=adbd next_pid=794 next_prio=120
            adbd-794   [001] ...2  2995.823346: sched_switch: prev_comm=adbd prev_pid=794 prev_prio=120 prev_state=S ==> next_comm=swapper/1 next_pid=0 next_prio=120
          <idle>-0     [000] ...2  2995.823434: sched_switch: prev_comm=swapper/0 prev_pid=0 prev_prio=120 prev_state=R ==> next_comm=mmcqd/1 next_pid=117 next_prio=120
         mmcqd/1-117   [000] ...1  2995.823460: block_rq_complete: 179,0 RA () 3993912 + 8 [0]
         mmcqd/1-117   [000] ...2  2995.823501: sched_switch: prev_comm=mmcqd/1 prev_pid=117 prev_prio=120 prev_state=S ==> next_comm=main next_pid=14085 next_prio=120
           <...>-14085 [000] d..2  2995.823648: block_rq_insert: 179,0 R 0 () 4026856 + 16 [main]
           <...>-14085 [000] d..2  2995.823650: block_rq_insert: 179,0 R 0 () 4026944 + 8 [main]
           <...>-14085 [000] d..2  2995.823652: block_rq_insert: 179,0 R 0 () 4026960 + 40 [main]
           <...>-14085 [000] d..2  2995.823653: block_rq_insert: 179,0 R 0 () 4027008 + 24 [main]
           <...>-14085 [000] ...2  2995.823660: sched_switch: prev_comm=main prev_pid=14085 prev_prio=120 prev_state=D|W ==> next_comm=swapper/0 next_pid=0 next_prio=120
          <idle>-0     [000] ...2  2995.823801: sched_switch: prev_comm=swapper/0 prev_pid=0 prev_prio=120 prev_state=R ==> next_comm=mmcqd/1 next_pid=117 next_prio=120
         mmcqd/1-117   [000] ...1  2995.823829: block_rq_complete: 179,0 RA () 3993944 + 16 [0]
         mmcqd/1-117   [000] ...2  2995.823851: sched_switch: prev_comm=mmcqd/1 prev_pid=117 prev_prio=120 prev_state=S ==> next_comm=swapper/0 next_pid=0 next_prio=120
          <idle>-0     [000] ...2  2995.824407: sched_switch: prev_comm=swapper/0 prev_pid=0 prev_prio=120 prev_state=R ==> next_comm=mmcqd/1 next_pid=117 next_prio=120
         mmcqd/1-117   [000] ...1  2995.824446: block_rq_complete: 179,0 RA () 3993968 + 72 [0]
         mmcqd/1-117   [000] ...2  2995.824468: sched_switch: prev_comm=mmcqd/1 prev_pid=117 prev_prio=120 prev_state=S ==> next_comm=swapper/0 next_pid=0 next_prio=120
          <idle>-0     [000] ...2  2995.824691: sched_switch: prev_comm=swapper/0 prev_pid=0 prev_prio=120 prev_state=R ==> next_comm=mmcqd/1 next_pid=117 next_prio=120
         mmcqd/1-117   [000] ...1  2995.824718: block_rq_complete: 179,0 RA () 4026856 + 16 [0]
         mmcqd/1-117   [000] ...2  2995.824744: sched_switch: prev_comm=mmcqd/1 prev_pid=117 prev_prio=120 prev_state=S ==> next_comm=swapper/0 next_pid=0 next_prio=120
          <idle>-0     [000] ...2  2995.824968: sched_switch: prev_comm=swapper/0 prev_pid=0 prev_prio=120 prev_state=R ==> next_comm=mmcqd/1 next_pid=117 next_prio=120
         mmcqd/1-117   [000] ...1  2995.824993: block_rq_complete: 179,0 RA () 4026944 + 8 [0]
         mmcqd/1-117   [000] ...2  2995.825019: sched_switch: prev_comm=mmcqd/1 prev_pid=117 prev_prio=120 prev_state=S ==> next_comm=main next_pid=14085 next_prio=120
           <...>-14085 [000] d..2  2995.825068: block_rq_insert: 179,0 R 0 () 4028616 + 96 [main]
           <...>-14085 [000] d..2  2995.825070: block_rq_insert: 179,0 R 0 () 4028736 + 56 [main]
           <...>-14085 [000] ...2  2995.825077: sched_switch: prev_comm=main prev_pid=14085 prev_prio=120 prev_state=D|W ==> next_comm=swapper/0 next_pid=0 next_prio=120
          <idle>-0     [000] ...2  2995.825422: sched_switch: prev_comm=swapper/0 prev_pid=0 prev_prio=120 prev_state=R ==> next_comm=mmcqd/1 next_pid=117 next_prio=120
         mmcqd/1-117   [000] ...1  2995.825454: block_rq_complete: 179,0 RA () 4026960 + 40 [0]
         mmcqd/1-117   [000] ...2  2995.825496: sched_switch: prev_comm=mmcqd/1 prev_pid=117 prev_prio=120 prev_state=S ==> next_comm=swapper/0 next_pid=0 next_prio=120
          <idle>-0     [000] ...2  2995.825734: sched_switch: prev_comm=swapper/0 prev_pid=0 prev_prio=120 prev_state=R ==> next_comm=mmcqd/1 next_pid=117 next_prio=120
         mmcqd/1-117   [000] ...1  2995.825763: block_rq_complete: 179,0 RA () 4027008 + 24 [0]
         mmcqd/1-117   [000] ...2  2995.825794: sched_switch: prev_comm=mmcqd/1 prev_pid=117 prev_prio=120 prev_state=S ==> next_comm=swapper/0 next_pid=0 next_prio=120
          <idle>-0     [000] ...2  2995.826524: sched_switch: prev_comm=swapper/0 prev_pid=0 prev_prio=120 prev_state=R ==> next_comm=mmcqd/1 next_pid=117 next_prio=120
         mmcqd/1-117   [000] ...1  2995.826569: block_rq_complete: 179,0 RA () 4028616 + 96 [0]
         mmcqd/1-117   [000] ...2  2995.826587: sched_switch: prev_comm=mmcqd/1 prev_pid=117 prev_prio=120 prev_state=S ==> next_comm=main next_pid=14085 next_prio=120
          <idle>-0     [001] ...2  2995.826707: sched_switch: prev_comm=swapper/1 prev_pid=0 prev_prio=120 prev_state=R ==> next_comm=main next_pid=14099 next_prio=120
           <...>-14085 [000] ...2  2995.826756: sched_switch: prev_comm=main prev_pid=14085 prev_prio=120 prev_state=D ==> next_comm=swapper/0 next_pid=0 next_prio=120
          <idle>-0     [000] ...2  2995.826763: sched_switch: prev_comm=swapper/0 prev_pid=0 prev_prio=120 prev_state=R ==> next_comm=main next_pid=14085 next_prio=120
           <...>-14085 [000] d..2  2995.826956: block_rq_insert: 179,0 R 0 () 3993624 + 48 [main]
           <...>-14085 [000] d..2  2995.826959: block_rq_insert: 179,0 R 0 () 3993688 + 24 [main]
           <...>-14085 [000] d..2  2995.826960: block_rq_insert: 179,0 R 0 () 3993752 + 8 [main]
           <...>-14085 [000] ...2  2995.826972: sched_switch: prev_comm=main prev_pid=14085 prev_prio=120 prev_state=D|W ==> next_comm=mmcqd/1 next_pid=117 next_prio=120
         mmcqd/1-117   [000] ...2  2995.826996: sched_switch: prev_comm=mmcqd/1 prev_pid=117 prev_prio=120 prev_state=S ==> next_comm=swapper/0 next_pid=0 next_prio=120
          <idle>-0     [000] ...2  2995.827037: sched_switch: prev_comm=swapper/0 prev_pid=0 prev_prio=120 prev_state=R ==> next_comm=mmcqd/1 next_pid=117 next_prio=120
         mmcqd/1-117   [000] ...1  2995.827071: block_rq_complete: 179,0 RA () 4028736 + 56 [0]
         mmcqd/1-117   [000] ...2  2995.827093: sched_switch: prev_comm=mmcqd/1 prev_pid=117 prev_prio=120 prev_state=S ==> next_comm=swapper/0 next_pid=0 next_prio=120
           <...>-14099 [001] ...2  2995.827460: sched_switch: prev_comm=ReferenceQueueD prev_pid=14099 prev_prio=120 prev_state=S ==> next_comm=swapper/1 next_pid=0 next_prio=120
          <idle>-0     [000] ...2  2995.827522: sched_switch: prev_comm=swapper/0 prev_pid=0 prev_prio=120 prev_state=R ==> next_comm=mmcqd/1 next_pid=117 next_prio=120
         mmcqd/1-117   [000] ...1  2995.827556: block_rq_complete: 179,0 RA () 3993624 + 48 [0]
         mmcqd/1-117   [000] ...2  2995.827576: sched_switch: prev_comm=mmcqd/1 prev_pid=117 prev_prio=120 prev_state=S ==> next_comm=swapper/0 next_pid=0 next_prio=120
          <idle>-0     [000] ...2  2995.827911: sched_switch: prev_comm=swapper/0 prev_pid=0 prev_prio=120 prev_state=R ==> next_comm=mmcqd/1 next_pid=117 next_prio=120
         mmcqd/1-117   [000] ...1  2995.827940: block_rq_complete: 179,0 RA () 3993688 + 24 [0]
         mmcqd/1-117   [000] ...2  2995.827951: sched_switch: prev_comm=mmcqd/1 prev_pid=117 prev_prio=120 prev_state=S ==> next_comm=swapper/0 next_pid=0 next_prio=120
          <idle>-0     [000] ...2  2995.828163: sched_switch: prev_comm=swapper/0 prev_pid=0 prev_prio=120 prev_state=R ==> next_comm=mmcqd/1 next_pid=117 next_prio=120
         mmcqd/1-117   [000] ...1  2995.828173: block_rq_complete: 179,0 RA () 3993752 + 8 [0]
         mmcqd/1-117   [000] ...2  2995.828190: sched_switch: prev_comm=mmcqd/1 prev_pid=117 prev_prio=120 prev_state=R+ ==> next_comm=kworker/0:2H next_pid=520 next_prio=100
    kworker/0:2H-520   [000] ...2  2995.828198: sched_switch: prev_comm=kworker/0:2H prev_pid=520 prev_prio=100 prev_state=S ==> next_comm=mmcqd/1 next_pid=117 next_prio=120
         mmcqd/1-117   [000] ...2  2995.828207: sched_switch: prev_comm=mmcqd/1 prev_pid=117 prev_prio=120 prev_state=S ==> next_comm=main next_pid=14085 next_prio=120
           <...>-14085 [000] d..2  2995.828293: block_rq_insert: 179,0 R 0 () 4019800 + 24 [main]
           <...>-14085 [000] d..2  2995.828296: block_rq_insert: 179,0 R 0 () 4019896 + 8 [main]
           <...>-14085 [000] d..2  2995.828298: block_rq_insert: 179,0 R 0 () 4019928 + 8 [main]
           <...>-14085 [000] ...2  2995.828309: sched_switch: prev_comm=main prev_pid=14085 prev_prio=120 prev_state=D|W ==> next_comm=mmcqd/1 next_pid=117 next_prio=120
         mmcqd/1-117   [000] ...2  2995.828356: sched_switch: prev_comm=mmcqd/1 prev_pid=117 prev_prio=120 prev_state=S ==> next_comm=swapper/0 next_pid=0 next_prio=120
          <idle>-0     [000] ...2  2995.828663: sched_switch: prev_comm=swapper/0 prev_pid=0 prev_prio=120 prev_state=R ==> next_comm=adbd next_pid=795 next_prio=120
            adbd-795   [000] ...2  2995.828676: sched_switch: prev_comm=adbd prev_pid=795 prev_prio=120 prev_state=S ==> next_comm=swapper/0 next_pid=0 next_prio=120
          <idle>-0     [000] ...2  2995.828709: sched_switch: prev_comm=swapper/0 prev_pid=0 prev_prio=120 prev_state=R ==> next_comm=mmcqd/1 next_pid=117 next_prio=120
         mmcqd/1-117   [000] ...1  2995.828737: block_rq_complete: 179,0 RA () 4019800 + 24 [0]
         mmcqd/1-117   [000] ...2  2995.828756: sched_switch: prev_comm=mmcqd/1 prev_pid=117 prev_prio=120 prev_state=S ==> next_comm=swapper/0 next_pid=0 next_prio=120
          <idle>-0     [000] ...2  2995.828826: sched_switch: prev_comm=swapper/0 prev_pid=0 prev_prio=120 prev_state=R ==> next_comm=adbd next_pid=795 next_prio=120
            adbd-795   [000] ...2  2995.828858: sched_switch: prev_comm=adbd prev_pid=795 prev_prio=120 prev_state=S ==> next_comm=adbd next_pid=792 next_prio=120
          <idle>-0     [001] ...2  2995.829049: sched_switch: prev_comm=swapper/1 prev_pid=0 prev_prio=120 prev_state=R ==> next_comm=JDWP next_pid=14098 next_prio=120
            adbd-792   [000] ...2  2995.829081: sched_switch: prev_comm=adbd prev_pid=792 prev_prio=120 prev_state=S ==> next_comm=adbd next_pid=794 next_prio=120
           <...>-14098 [001] ...2  2995.829088: sched_switch: prev_comm=JDWP prev_pid=14098 prev_prio=120 prev_state=S ==> next_comm=swapper/1 next_pid=0 next_prio=120
            adbd-794   [000] ...2  2995.829125: sched_switch: prev_comm=adbd prev_pid=794 prev_prio=120 prev_state=S ==> next_comm=mmcqd/1 next_pid=117 next_prio=120
         mmcqd/1-117   [000] ...1  2995.829151: block_rq_complete: 179,0 RA () 4019896 + 8 [0]
         mmcqd/1-117   [000] ...2  2995.829163: sched_switch: prev_comm=mmcqd/1 prev_pid=117 prev_prio=120 prev_state=S ==> next_comm=swapper/0 next_pid=0 next_prio=120
          <idle>-0     [000] ...2  2995.829375: sched_switch: prev_comm=swapper/0 prev_pid=0 prev_prio=120 prev_state=R ==> next_comm=mmcqd/1 next_pid=117 next_prio=120
         mmcqd/1-117   [000] ...1  2995.829385: block_rq_complete: 179,0 RA () 4019928 + 8 [0]
         mmcqd/1-117   [000] ...2  2995.829401: sched_switch: prev_comm=mmcqd/1 prev_pid=117 prev_prio=120 prev_state=R+ ==> next_comm=kworker/0:2H next_pid=520 next_prio=100
    kworker/0:2H-520   [000] ...2  2995.829408: sched_switch: prev_comm=kworker/0:2H prev_pid=520 prev_prio=100 prev_state=S ==> next_comm=mmcqd/1 next_pid=117 next_prio=120
         mmcqd/1-117   [000] ...2  2995.829417: sched_switch: prev_comm=mmcqd/1 prev_pid=117 prev_prio=120 prev_state=S ==> next_comm=main next_pid=14085 next_prio=120
           <...>-14085 [000] d..2  2995.829494: block_rq_insert: 179,0 R 0 () 4028368 + 104 [main]
           <...>-14085 [000] d..2  2995.829497: block_rq_insert: 179,0 R 0 () 4028480 + 32 [main]
           <...>-14085 [000] ...2  2995.829507: sched_switch: prev_comm=main prev_pid=14085 prev_prio=120 prev_state=D|W ==> next_comm=mmcqd/1 next_pid=117 next_prio=120
         mmcqd/1-117   [000] ...2  2995.829582: sched_switch: prev_comm=mmcqd/1 prev_pid=117 prev_prio=120 prev_state=S ==> next_comm=swapper/0 next_pid=0 next_prio=120
          <idle>-0     [000] ...2  2995.830350: sched_switch: prev_comm=swapper/0 prev_pid=0 prev_prio=120 prev_state=R ==> next_comm=mmcqd/1 next_pid=117 next_prio=120
         mmcqd/1-117   [000] ...1  2995.830396: block_rq_complete: 179,0 RA () 4028368 + 104 [0]
         mmcqd/1-117   [000] ...2  2995.830411: sched_switch: prev_comm=mmcqd/1 prev_pid=117 prev_prio=120 prev_state=S ==> next_comm=swapper/0 next_pid=0 next_prio=120
          <idle>-0     [000] ...2  2995.830709: sched_switch: prev_comm=swapper/0 prev_pid=0 prev_prio=120 prev_state=R ==> next_comm=mmcqd/1 next_pid=117 next_prio=120
         mmcqd/1-117   [000] ...1  2995.830724: block_rq_complete: 179,0 RA () 4028480 + 32 [0]
         mmcqd/1-117   [000] ...2  2995.830740: sched_switch: prev_comm=mmcqd/1 prev_pid=117 prev_prio=120 prev_state=R+ ==> next_comm=kworker/0:2H next_pid=520 next_prio=100
    kworker/0:2H-520   [000] ...2  2995.830747: sched_switch: prev_comm=kworker/0:2H prev_pid=520 prev_prio=100 prev_state=S ==> next_comm=mmcqd/1 next_pid=117 next_prio=120
         mmcqd/1-117   [000] ...2  2995.830756: sched_switch: prev_comm=mmcqd/1 prev_pid=117 prev_prio=120 prev_state=S ==> next_comm=main next_pid=14085 next_prio=120
          <idle>-0     [001] ...2  2995.830847: sched_switch: prev_comm=swapper/1 prev_pid=0 prev_prio=120 prev_state=R ==> next_comm=main next_pid=14100 next_prio=120
           <...>-14085 [000] ...2  2995.830886: sched_switch: prev_comm=main prev_pid=14085 prev_prio=120 prev_state=D ==> next_comm=swapper/0 next_pid=0 next_prio=120
          <idle>-0     [000] ...2  2995.830904: sched_switch: prev_comm=swapper/0 prev_pid=0 prev_prio=120 prev_state=R ==> next_comm=main next_pid=14085 next_prio=120
           <...>-14085 [000] ...2  2995.831073: sched_switch: prev_comm=main prev_pid=14085 prev_prio=120 prev_state=S ==> next_comm=swapper/0 next_pid=0 next_prio=120
          <idle>-0     [000] ...2  2995.831516: sched_switch: prev_comm=swapper/0 prev_pid=0 prev_prio=120 prev_state=R ==> next_comm=main next_pid=14085 next_prio=120
           <...>-14085 [000] ...2  2995.831555: sched_switch: prev_comm=main prev_pid=14085 prev_prio=120 prev_state=D ==> next_comm=swapper/0 next_pid=0 next_prio=120
          <idle>-0     [000] ...2  2995.831572: sched_switch: prev_comm=swapper/0 prev_pid=0 prev_prio=120 prev_state=R ==> next_comm=main next_pid=14085 next_prio=120
           <...>-14100 [001] ...2  2995.831613: sched_switch: prev_comm=FinalizerDaemon prev_pid=14100 prev_prio=120 prev_state=S ==> next_comm=main next_pid=14101 next_prio=120
           <...>-14085 [000] ...2  2995.831848: sched_switch: prev_comm=main prev_pid=14085 prev_prio=120 prev_state=S ==> next_comm=swapper/0 next_pid=0 next_prio=120
          <idle>-0     [000] ...2  2995.832292: sched_switch: prev_comm=swapper/0 prev_pid=0 prev_prio=120 prev_state=R ==> next_comm=main next_pid=14085 next_prio=120
           <...>-14101 [001] ...2  2995.832352: sched_switch: prev_comm=FinalizerWatchd prev_pid=14101 prev_prio=120 prev_state=S ==> next_comm=main next_pid=14102 next_prio=120
           <...>-14085 [000] ...2  2995.832559: sched_switch: prev_comm=main prev_pid=14085 prev_prio=120 prev_state=S ==> next_comm=swapper/0 next_pid=0 next_prio=120
          <idle>-0     [000] ...2  2995.833007: sched_switch: prev_comm=swapper/0 prev_pid=0 prev_prio=120 prev_state=R ==> next_comm=main next_pid=14085 next_prio=120
           <...>-14102 [001] ...2  2995.833058: sched_switch: prev_comm=HeapTrimmerDaem prev_pid=14102 prev_prio=120 prev_state=S ==> next_comm=main next_pid=14103 next_prio=120
           <...>-14085 [000] ...2  2995.833083: sched_switch: prev_comm=main prev_pid=14085 prev_prio=120 prev_state=D ==> next_comm=swapper/0 next_pid=0 next_prio=120
          <idle>-0     [000] ...2  2995.833115: sched_switch: prev_comm=swapper/0 prev_pid=0 prev_prio=120 prev_state=R ==> next_comm=main next_pid=14085 next_prio=120
           <...>-14085 [000] d..2  2995.833291: block_rq_insert: 179,0 R 0 () 4008360 + 48 [main]
           <...>-14085 [000] d..2  2995.833294: block_rq_insert: 179,0 R 0 () 4008432 + 16 [main]
           <...>-14085 [000] d..2  2995.833297: block_rq_insert: 179,0 R 0 () 4008456 + 8 [main]
           <...>-14085 [000] d..2  2995.833298: block_rq_insert: 179,0 R 0 () 4008536 + 16 [main]
           <...>-14085 [000] ...2  2995.833309: sched_switch: prev_comm=main prev_pid=14085 prev_prio=120 prev_state=D|W ==> next_comm=mmcqd/1 next_pid=117 next_prio=120
         mmcqd/1-117   [000] ...2  2995.833357: sched_switch: prev_comm=mmcqd/1 prev_pid=117 prev_prio=120 prev_state=S ==> next_comm=swapper/0 next_pid=0 next_prio=120
          <idle>-0     [000] ...2  2995.833647: sched_switch: prev_comm=swapper/0 prev_pid=0 prev_prio=120 prev_state=R ==> next_comm=mmcqd/1 next_pid=117 next_prio=120
         mmcqd/1-117   [000] ...1  2995.833673: block_rq_complete: 179,0 RA () 4008536 + 16 [0]
         mmcqd/1-117   [000] ...2  2995.833693: sched_switch: prev_comm=mmcqd/1 prev_pid=117 prev_prio=120 prev_state=S ==> next_comm=swapper/0 next_pid=0 next_prio=120
           <...>-14103 [001] ...2  2995.833768: sched_switch: prev_comm=GCDaemon prev_pid=14103 prev_prio=120 prev_state=S ==> next_comm=swapper/1 next_pid=0 next_prio=120
          <idle>-0     [001] ...2  2995.833796: sched_switch: prev_comm=swapper/1 prev_pid=0 prev_prio=120 prev_state=R ==> next_comm=ksoftirqd/1 next_pid=14078 next_prio=120
           <...>-14078 [001] ...2  2995.833814: sched_switch: prev_comm=ksoftirqd/1 prev_pid=14078 prev_prio=120 prev_state=S ==> next_comm=swapper/1 next_pid=0 next_prio=120
          <idle>-0     [001] ...2  2995.833836: sched_switch: prev_comm=swapper/1 prev_pid=0 prev_prio=120 prev_state=R ==> next_comm=ksoftirqd/1 next_pid=14078 next_prio=120
           <...>-14078 [001] ...2  2995.833849: sched_switch: prev_comm=ksoftirqd/1 prev_pid=14078 prev_prio=120 prev_state=S ==> next_comm=swapper/1 next_pid=0 next_prio=120
          <idle>-0     [000] ...2  2995.833849: sched_switch: prev_comm=swapper/0 prev_pid=0 prev_prio=120 prev_state=R ==> next_comm=adbd next_pid=795 next_prio=120
            adbd-795   [000] ...2  2995.833861: sched_switch: prev_comm=adbd prev_pid=795 prev_prio=120 prev_state=S ==> next_comm=swapper/0 next_pid=0 next_prio=120
          <idle>-0     [001] ...2  2995.833873: sched_switch: prev_comm=swapper/1 prev_pid=0 prev_prio=120 prev_state=R ==> next_comm=ksoftirqd/1 next_pid=14078 next_prio=120
           <...>-14078 [001] ...2  2995.833893: sched_switch: prev_comm=ksoftirqd/1 prev_pid=14078 prev_prio=120 prev_state=S ==> next_comm=swapper/1 next_pid=0 next_prio=120
          <idle>-0     [000] ...2  2995.833899: sched_switch: prev_comm=swapper/0 prev_pid=0 prev_prio=120 prev_state=R ==> next_comm=mmcqd/1 next_pid=117 next_prio=120
         mmcqd/1-117   [000] ...1  2995.833924: block_rq_complete: 179,0 RA () 4008456 + 8 [0]
         mmcqd/1-117   [000] ...2  2995.833957: sched_switch: prev_comm=mmcqd/1 prev_pid=117 prev_prio=120 prev_state=S ==> next_comm=main next_pid=14085 next_prio=120
           <...>-14085 [000] ...2  2995.833975: sched_switch: prev_comm=main prev_pid=14085 prev_prio=120 prev_state=D|W ==> next_comm=swapper/0 next_pid=0 next_prio=120
          <idle>-0     [000] ...2  2995.834079: sched_switch: prev_comm=swapper/0 prev_pid=0 prev_prio=120 prev_state=R ==> next_comm=adbd next_pid=795 next_prio=120
            adbd-795   [000] ...2  2995.834112: sched_switch: prev_comm=adbd prev_pid=795 prev_prio=120 prev_state=S ==> next_comm=adbd next_pid=792 next_prio=120
          <idle>-0     [001] ...2  2995.834204: sched_switch: prev_comm=swapper/1 prev_pid=0 prev_prio=120 prev_state=R ==> next_comm=JDWP next_pid=14098 next_prio=120
           <...>-14098 [001] ...2  2995.834284: sched_switch: prev_comm=JDWP prev_pid=14098 prev_prio=120 prev_state=S ==> next_comm=swapper/1 next_pid=0 next_prio=120
            adbd-792   [000] ...2  2995.834315: sched_switch: prev_comm=adbd prev_pid=792 prev_prio=120 prev_state=S ==> next_comm=adbd next_pid=794 next_prio=120
            adbd-794   [000] ...2  2995.834381: sched_switch: prev_comm=adbd prev_pid=794 prev_prio=120 prev_state=S ==> next_comm=mmcqd/1 next_pid=117 next_prio=120
         mmcqd/1-117   [000] ...1  2995.834410: block_rq_complete: 179,0 RA () 4008432 + 16 [0]
         mmcqd/1-117   [000] ...2  2995.834427: sched_switch: prev_comm=mmcqd/1 prev_pid=117 prev_prio=120 prev_state=S ==> next_comm=main next_pid=14085 next_prio=120
           <...>-14085 [000] ...2  2995.834651: sched_switch: prev_comm=main prev_pid=14085 prev_prio=120 prev_state=R+ ==> next_comm=adbd next_pid=795 next_prio=120
            adbd-795   [000] ...2  2995.834662: sched_switch: prev_comm=adbd prev_pid=795 prev_prio=120 prev_state=S ==> next_comm=main next_pid=14085 next_prio=120
           <...>-14085 [000] d..2  2995.834750: block_rq_insert: 179,0 R 0 () 4079784 + 8 [main]
           <...>-14085 [000] d..2  2995.834754: block_rq_insert: 179,0 R 0 () 4079880 + 40 [main]
           <...>-14085 [000] ...2  2995.834766: sched_switch: prev_comm=main prev_pid=14085 prev_prio=120 prev_state=D|W ==> next_comm=mmcqd/1 next_pid=117 next_prio=120
         mmcqd/1-117   [000] ...2  2995.834783: sched_switch: prev_comm=mmcqd/1 prev_pid=117 prev_prio=120 prev_state=S ==> next_comm=swapper/0 next_pid=0 next_prio=120
          <idle>-0     [000] ...2  2995.834868: sched_switch: prev_comm=swapper/0 prev_pid=0 prev_prio=120 prev_state=R ==> next_comm=adbd next_pid=795 next_prio=120
            adbd-795   [000] ...2  2995.834906: sched_switch: prev_comm=adbd prev_pid=795 prev_prio=120 prev_state=S ==> next_comm=adbd next_pid=792 next_prio=120
          <idle>-0     [001] ...2  2995.834990: sched_switch: prev_comm=swapper/1 prev_pid=0 prev_prio=120 prev_state=R ==> next_comm=JDWP next_pid=14098 next_prio=120
            adbd-792   [000] ...2  2995.835023: sched_switch: prev_comm=adbd prev_pid=792 prev_prio=120 prev_state=S ==> next_comm=adbd next_pid=794 next_prio=120
            adbd-794   [000] ...2  2995.835084: sched_switch: prev_comm=adbd prev_pid=794 prev_prio=120 prev_state=S ==> next_comm=adbd next_pid=795 next_prio=120
            adbd-795   [000] ...2  2995.835109: sched_switch: prev_comm=adbd prev_pid=795 prev_prio=120 prev_state=S ==> next_comm=adbd next_pid=792 next_prio=120
            adbd-792   [000] ...2  2995.835202: sched_switch: prev_comm=adbd prev_pid=792 prev_prio=120 prev_state=S ==> next_comm=adbd next_pid=794 next_prio=120
            adbd-794   [000] ...2  2995.835208: sched_switch: prev_comm=adbd prev_pid=794 prev_prio=120 prev_state=S ==> next_comm=mmcqd/1 next_pid=117 next_prio=120
         mmcqd/1-117   [000] ...1  2995.835243: block_rq_complete: 179,0 RA () 4008360 + 48 [0]
         mmcqd/1-117   [000] ...2  2995.835274: sched_switch: prev_comm=mmcqd/1 prev_pid=117 prev_prio=120 prev_state=S ==> next_comm=swapper/0 next_pid=0 next_prio=120
           <...>-14098 [001] ...2  2995.835278: sched_switch: prev_comm=JDWP prev_pid=14098 prev_prio=120 prev_state=S ==> next_comm=adbd next_pid=792 next_prio=120
          <idle>-0     [000] ...2  2995.835411: sched_switch: prev_comm=swapper/0 prev_pid=0 prev_prio=120 prev_state=R ==> next_comm=adbd next_pid=795 next_prio=120
            adbd-795   [000] ...2  2995.835421: sched_switch: prev_comm=adbd prev_pid=795 prev_prio=120 prev_state=S ==> next_comm=swapper/0 next_pid=0 next_prio=120
            adbd-792   [001] ...2  2995.835454: sched_switch: prev_comm=adbd prev_pid=792 prev_prio=120 prev_state=S ==> next_comm=adbd next_pid=794 next_prio=120
          <idle>-0     [000] ...2  2995.835456: sched_switch: prev_comm=swapper/0 prev_pid=0 prev_prio=120 prev_state=R ==> next_comm=mmcqd/1 next_pid=117 next_prio=120
         mmcqd/1-117   [000] ...1  2995.835488: block_rq_complete: 179,0 RA () 4079784 + 8 [0]
         mmcqd/1-117   [000] ...2  2995.835499: sched_switch: prev_comm=mmcqd/1 prev_pid=117 prev_prio=120 prev_state=S ==> next_comm=swapper/0 next_pid=0 next_prio=120
            adbd-794   [001] ...2  2995.835519: sched_switch: prev_comm=adbd prev_pid=794 prev_prio=120 prev_state=S ==> next_comm=swapper/1 next_pid=0 next_prio=120
          <idle>-0     [000] ...2  2995.835557: sched_switch: prev_comm=swapper/0 prev_pid=0 prev_prio=120 prev_state=R ==> next_comm=adbd next_pid=795 next_prio=120
            adbd-795   [000] ...2  2995.835586: sched_switch: prev_comm=adbd prev_pid=795 prev_prio=120 prev_state=S ==> next_comm=adbd next_pid=792 next_prio=120
          <idle>-0     [001] ...2  2995.835678: sched_switch: prev_comm=swapper/1 prev_pid=0 prev_prio=120 prev_state=R ==> next_comm=JDWP next_pid=14098 next_prio=120
            adbd-792   [000] ...2  2995.835714: sched_switch: prev_comm=adbd prev_pid=792 prev_prio=120 prev_state=S ==> next_comm=adbd next_pid=794 next_prio=120
            adbd-794   [000] ...2  2995.835754: sched_switch: prev_comm=adbd prev_pid=794 prev_prio=120 prev_state=S ==> next_comm=swapper/0 next_pid=0 next_prio=120
          <idle>-0     [000] ...2  2995.835847: sched_switch: prev_comm=swapper/0 prev_pid=0 prev_prio=120 prev_state=R ==> next_comm=adbd next_pid=795 next_prio=120
            adbd-795   [000] ...2  2995.835877: sched_switch: prev_comm=adbd prev_pid=795 prev_prio=120 prev_state=S ==> next_comm=adbd next_pid=792 next_prio=120
           <...>-14098 [001] d..2  2995.835983: block_rq_insert: 179,0 R 0 () 4086360 + 56 [JDWP]
            adbd-792   [000] ...2  2995.835991: sched_switch: prev_comm=adbd prev_pid=792 prev_prio=120 prev_state=S ==> next_comm=adbd next_pid=794 next_prio=120
           <...>-14098 [001] d..2  2995.835993: block_rq_insert: 179,0 R 0 () 4086424 + 72 [JDWP]
            adbd-794   [000] ...2  2995.835997: sched_switch: prev_comm=adbd prev_pid=794 prev_prio=120 prev_state=S ==> next_comm=mmcqd/1 next_pid=117 next_prio=120
           <...>-14098 [001] ...2  2995.836007: sched_switch: prev_comm=JDWP prev_pid=14098 prev_prio=120 prev_state=D|W ==> next_comm=swapper/1 next_pid=0 next_prio=120
         mmcqd/1-117   [000] ...1  2995.836012: block_rq_complete: 179,0 RA () 4079880 + 40 [0]
         mmcqd/1-117   [000] ...2  2995.836048: sched_switch: prev_comm=mmcqd/1 prev_pid=117 prev_prio=120 prev_state=R+ ==> next_comm=kworker/0:2H next_pid=520 next_prio=100
    kworker/0:2H-520   [000] ...2  2995.836056: sched_switch: prev_comm=kworker/0:2H prev_pid=520 prev_prio=100 prev_state=S ==> next_comm=adbd next_pid=795 next_prio=120
            adbd-795   [000] ...2  2995.836066: sched_switch: prev_comm=adbd prev_pid=795 prev_prio=120 prev_state=S ==> next_comm=mmcqd/1 next_pid=117 next_prio=120
         mmcqd/1-117   [000] ...2  2995.836160: sched_switch: prev_comm=mmcqd/1 prev_pid=117 prev_prio=120 prev_state=S ==> next_comm=adbd next_pid=795 next_prio=120
            adbd-795   [000] ...2  2995.836188: sched_switch: prev_comm=adbd prev_pid=795 prev_prio=120 prev_state=S ==> next_comm=adbd next_pid=792 next_prio=120
            adbd-792   [000] ...2  2995.836303: sched_switch: prev_comm=adbd prev_pid=792 prev_prio=120 prev_state=S ==> next_comm=adbd next_pid=794 next_prio=120
            adbd-794   [000] ...2  2995.836343: sched_switch: prev_comm=adbd prev_pid=794 prev_prio=120 prev_state=S ==> next_comm=main next_pid=14085 next_prio=120
           <...>-14085 [000] d..2  2995.837646: block_rq_insert: 179,0 R 0 () 4084016 + 8 [main]
           <...>-14085 [000] d..2  2995.837652: block_rq_insert: 179,0 R 0 () 4084104 + 8 [main]
           <...>-14085 [000] d..2  2995.837654: block_rq_insert: 179,0 R 0 () 4084128 + 8 [main]
           <...>-14085 [000] ...2  2995.837664: sched_switch: prev_comm=main prev_pid=14085 prev_prio=120 prev_state=D|W ==> next_comm=mmcqd/1 next_pid=117 next_prio=120
         mmcqd/1-117   [000] ...1  2995.837706: block_rq_complete: 179,0 RA () 4086360 + 56 [0]
          <idle>-0     [001] ...2  2995.837732: sched_switch: prev_comm=swapper/1 prev_pid=0 prev_prio=120 prev_state=R ==> next_comm=JDWP next_pid=14098 next_prio=120
         mmcqd/1-117   [000] ...2  2995.837735: sched_switch: prev_comm=mmcqd/1 prev_pid=117 prev_prio=120 prev_state=S ==> next_comm=swapper/0 next_pid=0 next_prio=120
           <...>-14098 [001] d..2  2995.837923: block_rq_insert: 179,0 R 0 () 4078280 + 144 [JDWP]
           <...>-14098 [001] d..2  2995.837929: block_rq_insert: 179,0 R 0 () 4078440 + 8 [JDWP]
           <...>-14098 [001] d..2  2995.837933: block_rq_insert: 179,0 R 0 () 4078456 + 40 [JDWP]
           <...>-14098 [001] ...2  2995.837950: sched_switch: prev_comm=JDWP prev_pid=14098 prev_prio=120 prev_state=D|W ==> next_comm=swapper/1 next_pid=0 next_prio=120
          <idle>-0     [000] ...2  2995.838228: sched_switch: prev_comm=swapper/0 prev_pid=0 prev_prio=120 prev_state=R ==> next_comm=mmcqd/1 next_pid=117 next_prio=120
         mmcqd/1-117   [000] ...1  2995.838269: block_rq_complete: 179,0 RA () 4086424 + 72 [0]
         mmcqd/1-117   [000] ...2  2995.838291: sched_switch: prev_comm=mmcqd/1 prev_pid=117 prev_prio=120 prev_state=S ==> next_comm=swapper/0 next_pid=0 next_prio=120
          <idle>-0     [000] ...2  2995.838485: sched_switch: prev_comm=swapper/0 prev_pid=0 prev_prio=120 prev_state=R ==> next_comm=mmcqd/1 next_pid=117 next_prio=120
         mmcqd/1-117   [000] ...1  2995.838510: block_rq_complete: 179,0 RA () 4084128 + 8 [0]
         mmcqd/1-117   [000] ...2  2995.838529: sched_switch: prev_comm=mmcqd/1 prev_pid=117 prev_prio=120 prev_state=S ==> next_comm=swapper/0 next_pid=0 next_prio=120
          <idle>-0     [000] ...2  2995.838725: sched_switch: prev_comm=swapper/0 prev_pid=0 prev_prio=120 prev_state=R ==> next_comm=mmcqd/1 next_pid=117 next_prio=120
         mmcqd/1-117   [000] ...1  2995.838751: block_rq_complete: 179,0 RA () 4084104 + 8 [0]
         mmcqd/1-117   [000] ...2  2995.838783: sched_switch: prev_comm=mmcqd/1 prev_pid=117 prev_prio=120 prev_state=S ==> next_comm=main next_pid=14085 next_prio=120
           <...>-14085 [000] ...2  2995.839003: sched_switch: prev_comm=main prev_pid=14085 prev_prio=120 prev_state=R ==> next_comm=mmcqd/1 next_pid=117 next_prio=120
         mmcqd/1-117   [000] ...1  2995.839029: block_rq_complete: 179,0 RA () 4084016 + 8 [0]
         mmcqd/1-117   [000] ...2  2995.839048: sched_switch: prev_comm=mmcqd/1 prev_pid=117 prev_prio=120 prev_state=S ==> next_comm=main next_pid=14085 next_prio=120
           <...>-14085 [000] ...2  2995.839463: sched_switch: prev_comm=main prev_pid=14085 prev_prio=120 prev_state=R+ ==> next_comm=mmcqd/1 next_pid=117 next_prio=120
         mmcqd/1-117   [000] ...1  2995.839496: block_rq_complete: 179,0 RA () 4078456 + 40 [0]
         mmcqd/1-117   [000] ...2  2995.839552: sched_switch: prev_comm=mmcqd/1 prev_pid=117 prev_prio=120 prev_state=S ==> next_comm=main next_pid=14085 next_prio=120
           <...>-14085 [000] ...2  2995.839730: sched_switch: prev_comm=main prev_pid=14085 prev_prio=120 prev_state=R ==> next_comm=mmcqd/1 next_pid=117 next_prio=120
         mmcqd/1-117   [000] ...1  2995.839756: block_rq_complete: 179,0 RA () 4078440 + 8 [0]
         mmcqd/1-117   [000] ...2  2995.839768: sched_switch: prev_comm=mmcqd/1 prev_pid=117 prev_prio=120 prev_state=S ==> next_comm=main next_pid=14085 next_prio=120
           <...>-14085 [000] d..2  2995.840350: block_rq_insert: 179,0 R 0 () 4086528 + 168 [main]
           <...>-14085 [000] d..2  2995.840354: block_rq_insert: 179,0 R 0 () 4086704 + 80 [main]
           <...>-14085 [000] ...2  2995.840365: sched_switch: prev_comm=main prev_pid=14085 prev_prio=120 prev_state=R+ ==> next_comm=mmcqd/1 next_pid=117 next_prio=120
         mmcqd/1-117   [000] ...2  2995.840374: sched_switch: prev_comm=mmcqd/1 prev_pid=117 prev_prio=120 prev_state=S ==> next_comm=main next_pid=14085 next_prio=120
           <...>-14085 [000] ...2  2995.840733: sched_switch: prev_comm=main prev_pid=14085 prev_prio=120 prev_state=R ==> next_comm=mmcqd/1 next_pid=117 next_prio=120
         mmcqd/1-117   [000] ...1  2995.840773: block_rq_complete: 179,0 RA () 4078280 + 144 [0]
          <idle>-0     [001] ...2  2995.840794: sched_switch: prev_comm=swapper/1 prev_pid=0 prev_prio=120 prev_state=R ==> next_comm=JDWP next_pid=14098 next_prio=120
         mmcqd/1-117   [000] ...2  2995.840796: sched_switch: prev_comm=mmcqd/1 prev_pid=117 prev_prio=120 prev_state=R+ ==> next_comm=kworker/0:2H next_pid=520 next_prio=100
    kworker/0:2H-520   [000] ...2  2995.840806: sched_switch: prev_comm=kworker/0:2H prev_pid=520 prev_prio=100 prev_state=S ==> next_comm=mmcqd/1 next_pid=117 next_prio=120
         mmcqd/1-117   [000] ...2  2995.840904: sched_switch: prev_comm=mmcqd/1 prev_pid=117 prev_prio=120 prev_state=S ==> next_comm=main next_pid=14085 next_prio=120
           <...>-14098 [001] d..2  2995.840930: block_rq_insert: 179,0 R 0 () 3992040 + 24 [JDWP]
           <...>-14098 [001] d..2  2995.840936: block_rq_insert: 179,0 R 0 () 3992168 + 8 [JDWP]
           <...>-14098 [001] d..2  2995.840940: block_rq_insert: 179,0 R 0 () 3992192 + 56 [JDWP]
           <...>-14098 [001] ...2  2995.840954: sched_switch: prev_comm=JDWP prev_pid=14098 prev_prio=120 prev_state=D|W ==> next_comm=swapper/1 next_pid=0 next_prio=120
           <...>-14085 [000] ...2  2995.841868: sched_switch: prev_comm=main prev_pid=14085 prev_prio=120 prev_state=R ==> next_comm=mmcqd/1 next_pid=117 next_prio=120
         mmcqd/1-117   [000] ...1  2995.841931: block_rq_complete: 179,0 RA () 4086528 + 168 [0]
         mmcqd/1-117   [000] ...2  2995.841950: sched_switch: prev_comm=mmcqd/1 prev_pid=117 prev_prio=120 prev_state=S ==> next_comm=main next_pid=14085 next_prio=120
           <...>-14085 [000] ...2  2995.841984: sched_switch: prev_comm=main prev_pid=14085 prev_prio=120 prev_state=R ==> next_comm=kworker/u:0 next_pid=9281 next_prio=120
     kworker/u:0-9281  [000] ...2  2995.841999: sched_switch: prev_comm=kworker/u:0 prev_pid=9281 prev_prio=120 prev_state=S ==> next_comm=mpdecision next_pid=1614 next_prio=113
      mpdecision-1614  [000] ...2  2995.842256: sched_switch: prev_comm=mpdecision prev_pid=1614 prev_prio=113 prev_state=S ==> next_comm=main next_pid=14085 next_prio=120
           <...>-14085 [000] ...2  2995.842455: sched_switch: prev_comm=main prev_pid=14085 prev_prio=120 prev_state=R+ ==> next_comm=mmcqd/1 next_pid=117 next_prio=120
         mmcqd/1-117   [000] ...1  2995.842481: block_rq_complete: 179,0 RA () 4086704 + 80 [0]
         mmcqd/1-117   [000] ...2  2995.842498: sched_switch: prev_comm=mmcqd/1 prev_pid=117 prev_prio=120 prev_state=R+ ==> next_comm=kworker/0:2H next_pid=520 next_prio=100
    kworker/0:2H-520   [000] ...2  2995.842506: sched_switch: prev_comm=kworker/0:2H prev_pid=520 prev_prio=100 prev_state=S ==> next_comm=mmcqd/1 next_pid=117 next_prio=120
         mmcqd/1-117   [000] ...2  2995.842562: sched_switch: prev_comm=mmcqd/1 prev_pid=117 prev_prio=120 prev_state=S ==> next_comm=main next_pid=14085 next_prio=120
           <...>-14085 [000] ...2  2995.842856: sched_switch: prev_comm=main prev_pid=14085 prev_prio=120 prev_state=R ==> next_comm=mmcqd/1 next_pid=117 next_prio=120
         mmcqd/1-117   [000] ...1  2995.842887: block_rq_complete: 179,0 RA () 3992040 + 24 [0]
         mmcqd/1-117   [000] ...2  2995.842920: sched_switch: prev_comm=mmcqd/1 prev_pid=117 prev_prio=120 prev_state=S ==> next_comm=main next_pid=14085 next_prio=120
           <...>-14085 [000] ...2  2995.843123: sched_switch: prev_comm=main prev_pid=14085 prev_prio=120 prev_state=R ==> next_comm=mmcqd/1 next_pid=117 next_prio=120
         mmcqd/1-117   [000] ...1  2995.843149: block_rq_complete: 179,0 RA () 3992168 + 8 [0]
         mmcqd/1-117   [000] ...2  2995.843167: sched_switch: prev_comm=mmcqd/1 prev_pid=117 prev_prio=120 prev_state=S ==> next_comm=main next_pid=14085 next_prio=120
          <idle>-0     [001] ...2  2995.843172: sched_switch: prev_comm=swapper/1 prev_pid=0 prev_prio=120 prev_state=R ==> next_comm=JDWP next_pid=14098 next_prio=120
           <...>-14098 [001] d..2  2995.843239: block_rq_insert: 179,0 R 0 () 3992296 + 8 [JDWP]
           <...>-14098 [001] d..2  2995.843244: block_rq_insert: 179,0 R 0 () 3992368 + 16 [JDWP]
           <...>-14098 [001] d..2  2995.843247: block_rq_insert: 179,0 R 0 () 3992400 + 8 [JDWP]
           <...>-14085 [000] ...2  2995.843261: sched_switch: prev_comm=main prev_pid=14085 prev_prio=120 prev_state=R+ ==> next_comm=mmcqd/1 next_pid=117 next_prio=120
           <...>-14098 [001] ...2  2995.843276: sched_switch: prev_comm=JDWP prev_pid=14098 prev_prio=120 prev_state=D|W ==> next_comm=swapper/1 next_pid=0 next_prio=120
         mmcqd/1-117   [000] ...2  2995.843277: sched_switch: prev_comm=mmcqd/1 prev_pid=117 prev_prio=120 prev_state=S ==> next_comm=main next_pid=14085 next_prio=120
           <...>-14085 [000] d..2  2995.843296: block_rq_insert: 179,0 R 0 () 4078544 + 88 [main]
