           <...>-14085 [000] d..2  2995.843299: block_rq_insert: 179,0 R 0 () 4078640 + 56 [main]
           <...>-14085 [000] ...2  2995.843306: sched_switch: prev_comm=main prev_pid=14085 prev_prio=120 prev_state=D|W ==> next_comm=swapper/0 next_pid=0 next_prio=120
          <idle>-0     [000] ...2  2995.843323: sched_switch: prev_comm=swapper/0 prev_pid=0 prev_prio=120 prev_state=R ==> next_comm=ksoftirqd/0 next_pid=3 next_prio=120
     ksoftirqd/0-3     [000] ...2  2995.843332: sched_switch: prev_comm=ksoftirqd/0 prev_pid=3 prev_prio=120 prev_state=S ==> next_comm=swapper/0 next_pid=0 next_prio=120
          <idle>-0     [000] ...2  2995.843348: sched_switch: prev_comm=swapper/0 prev_pid=0 prev_prio=120 prev_state=R ==> next_comm=ksoftirqd/0 next_pid=3 next_prio=120
     ksoftirqd/0-3     [000] ...2  2995.843355: sched_switch: prev_comm=ksoftirqd/0 prev_pid=3 prev_prio=120 prev_state=S ==> next_comm=swapper/0 next_pid=0 next_prio=120
          <idle>-0     [000] ...2  2995.843370: sched_switch: prev_comm=swapper/0 prev_pid=0 prev_prio=120 prev_state=R ==> next_comm=ksoftirqd/0 next_pid=3 next_prio=120
     ksoftirqd/0-3     [000] ...2  2995.843377: sched_switch: prev_comm=ksoftirqd/0 prev_pid=3 prev_prio=120 prev_state=S ==> next_comm=swapper/0 next_pid=0 next_prio=120
          <idle>-0     [000] ...2  2995.843631: sched_switch: prev_comm=swapper/0 prev_pid=0 prev_prio=120 prev_state=R ==> next_comm=mmcqd/1 next_pid=117 next_prio=120
         mmcqd/1-117   [000] ...1  2995.843668: block_rq_complete: 179,0 RA () 3992192 + 56 [0]
         mmcqd/1-117   [000] ...2  2995.843691: sched_switch: prev_comm=mmcqd/1 prev_pid=117 prev_prio=120 prev_state=S ==> next_comm=swapper/0 next_pid=0 next_prio=120
          <idle>-0     [000] ...2  2995.843897: sched_switch: prev_comm=swapper/0 prev_pid=0 prev_prio=120 prev_state=R ==> next_comm=mmcqd/1 next_pid=117 next_prio=120
         mmcqd/1-117   [000] ...1  2995.843923: block_rq_complete: 179,0 RA () 3992296 + 8 [0]
         mmcqd/1-117   [000] ...2  2995.843941: sched_switch: prev_comm=mmcqd/1 prev_pid=117 prev_prio=120 prev_state=S ==> next_comm=swapper/0 next_pid=0 next_prio=120
          <idle>-0     [000] ...2  2995.844193: sched_switch: prev_comm=swapper/0 prev_pid=0 prev_prio=120 prev_state=R ==> next_comm=mmcqd/1 next_pid=117 next_prio=120
         mmcqd/1-117   [000] ...1  2995.844220: block_rq_complete: 179,0 RA () 3992368 + 16 [0]
         mmcqd/1-117   [000] ...2  2995.844236: sched_switch: prev_comm=mmcqd/1 prev_pid=117 prev_prio=120 prev_state=S ==> next_comm=swapper/0 next_pid=0 next_prio=120
          <idle>-0     [001] ...2  2995.844239: sched_switch: prev_comm=swapper/1 prev_pid=0 prev_prio=120 prev_state=R ==> next_comm=JDWP next_pid=14098 next_prio=120
           <...>-14098 [001] d..2  2995.844364: block_rq_insert: 179,0 R 0 () 4025256 + 24 [JDWP]
          <idle>-0     [000] ...2  2995.844385: sched_switch: prev_comm=swapper/0 prev_pid=0 prev_prio=120 prev_state=R ==> next_comm=mmcqd/1 next_pid=117 next_prio=120
           <...>-14098 [001] ...2  2995.844389: sched_switch: prev_comm=JDWP prev_pid=14098 prev_prio=120 prev_state=D|W ==> next_comm=swapper/1 next_pid=0 next_prio=120
         mmcqd/1-117   [000] ...2  2995.844402: sched_switch: prev_comm=mmcqd/1 prev_pid=117 prev_prio=120 prev_state=S ==> next_comm=swapper/0 next_pid=0 next_prio=120
          <idle>-0     [000] ...2  2995.844476: sched_switch: prev_comm=swapper/0 prev_pid=0 prev_prio=120 prev_state=R ==> next_comm=mmcqd/1 next_pid=117 next_prio=120
         mmcqd/1-117   [000] ...1  2995.844502: block_rq_complete: 179,0 RA () 3992400 + 8 [0]
         mmcqd/1-117   [000] ...2  2995.844514: sched_switch: prev_comm=mmcqd/1 prev_pid=117 prev_prio=120 prev_state=S ==> next_comm=swapper/0 next_pid=0 next_prio=120
          <idle>-0     [000] ...2  2995.844810: sched_switch: prev_comm=swapper/0 prev_pid=0 prev_prio=120 prev_state=R ==> next_comm=mmcqd/1 next_pid=117 next_prio=120
         mmcqd/1-117   [000] ...1  2995.844823: block_rq_complete: 179,0 RA () 4025256 + 24 [0]
         mmcqd/1-117   [000] ...2  2995.844840: sched_switch: prev_comm=mmcqd/1 prev_pid=117 prev_prio=120 prev_state=R+ ==> next_comm=kworker/0:2H next_pid=520 next_prio=100
          <idle>-0     [001] ...2  2995.844842: sched_switch: prev_comm=swapper/1 prev_pid=0 prev_prio=120 prev_state=R ==> next_comm=JDWP next_pid=14098 next_prio=120
    kworker/0:2H-520   [000] ...2  2995.844847: sched_switch: prev_comm=kworker/0:2H prev_pid=520 prev_prio=100 prev_state=S ==> next_comm=mmcqd/1 next_pid=117 next_prio=120
         mmcqd/1-117   [000] ...2  2995.844920: sched_switch: prev_comm=mmcqd/1 prev_pid=117 prev_prio=120 prev_state=S ==> next_comm=swapper/0 next_pid=0 next_prio=120
           <...>-14098 [001] d..2  2995.844979: block_rq_insert: 179,0 R 0 () 4028792 + 152 [JDWP]
           <...>-14098 [001] ...2  2995.844997: sched_switch: prev_comm=JDWP prev_pid=14098 prev_prio=120 prev_state=D|W ==> next_comm=swapper/1 next_pid=0 next_prio=120
          <idle>-0     [000] ...2  2995.845621: sched_switch: prev_comm=swapper/0 prev_pid=0 prev_prio=120 prev_state=R ==> next_comm=mmcqd/1 next_pid=117 next_prio=120
         mmcqd/1-117   [000] ...1  2995.845664: block_rq_complete: 179,0 RA () 4078544 + 88 [0]
         mmcqd/1-117   [000] ...2  2995.845728: sched_switch: prev_comm=mmcqd/1 prev_pid=117 prev_prio=120 prev_state=S ==> next_comm=main next_pid=14085 next_prio=120
           <...>-14085 [000] d..2  2995.845777: block_rq_insert: 179,0 R 0 () 4078128 + 8 [main]
           <...>-14085 [000] d..2  2995.845782: block_rq_insert: 179,0 R 0 () 4078152 + 8 [main]
           <...>-14085 [000] d..2  2995.845784: block_rq_insert: 179,0 R 0 () 4078176 + 24 [main]
           <...>-14085 [000] d..2  2995.845786: block_rq_insert: 179,0 R 0 () 4078208 + 56 [main]
           <...>-14085 [000] ...2  2995.845793: sched_switch: prev_comm=main prev_pid=14085 prev_prio=120 prev_state=D|W ==> next_comm=swapper/0 next_pid=0 next_prio=120
          <idle>-0     [000] ...2  2995.846142: sched_switch: prev_comm=swapper/0 prev_pid=0 prev_prio=120 prev_state=R ==> next_comm=mmcqd/1 next_pid=117 next_prio=120
         mmcqd/1-117   [000] ...1  2995.846178: block_rq_complete: 179,0 RA () 4078640 + 56 [0]
         mmcqd/1-117   [000] ...2  2995.846198: sched_switch: prev_comm=mmcqd/1 prev_pid=117 prev_prio=120 prev_state=S ==> next_comm=swapper/0 next_pid=0 next_prio=120
          <idle>-0     [000] ...2  2995.847178: sched_switch: prev_comm=swapper/0 prev_pid=0 prev_prio=120 prev_state=R ==> next_comm=mmcqd/1 next_pid=117 next_prio=120
         mmcqd/1-117   [000] ...1  2995.847235: block_rq_complete: 179,0 RA () 4028792 + 152 [0]
          <idle>-0     [001] ...2  2995.847257: sched_switch: prev_comm=swapper/1 prev_pid=0 prev_prio=120 prev_state=R ==> next_comm=JDWP next_pid=14098 next_prio=120
         mmcqd/1-117   [000] ...2  2995.847262: sched_switch: prev_comm=mmcqd/1 prev_pid=117 prev_prio=120 prev_state=S ==> next_comm=swapper/0 next_pid=0 next_prio=120
           <...>-14098 [001] d..2  2995.847387: block_rq_insert: 179,0 R 0 () 4077968 + 8 [JDWP]
           <...>-14098 [001] d..2  2995.847392: block_rq_insert: 179,0 R 0 () 4078016 + 88 [JDWP]
           <...>-14098 [001] d..2  2995.847395: block_rq_insert: 179,0 R 0 () 4078112 + 16 [JDWP]
           <...>-14098 [001] ...2  2995.847410: sched_switch: prev_comm=JDWP prev_pid=14098 prev_prio=120 prev_state=D|W ==> next_comm=swapper/1 next_pid=0 next_prio=120
          <idle>-0     [000] ...2  2995.847433: sched_switch: prev_comm=swapper/0 prev_pid=0 prev_prio=120 prev_state=R ==> next_comm=mmcqd/1 next_pid=117 next_prio=120
         mmcqd/1-117   [000] ...1  2995.847460: block_rq_complete: 179,0 RA () 4078128 + 8 [0]
         mmcqd/1-117   [000] ...2  2995.847483: sched_switch: prev_comm=mmcqd/1 prev_pid=117 prev_prio=120 prev_state=S ==> next_comm=swapper/0 next_pid=0 next_prio=120
          <idle>-0     [000] ...2  2995.847712: sched_switch: prev_comm=swapper/0 prev_pid=0 prev_prio=120 prev_state=R ==> next_comm=mmcqd/1 next_pid=117 next_prio=120
         mmcqd/1-117   [000] ...1  2995.847737: block_rq_complete: 179,0 RA () 4078152 + 8 [0]
         mmcqd/1-117   [000] ...2  2995.847768: sched_switch: prev_comm=mmcqd/1 prev_pid=117 prev_prio=120 prev_state=S ==> next_comm=swapper/0 next_pid=0 next_prio=120
          <idle>-0     [000] ...2  2995.848059: sched_switch: prev_comm=swapper/0 prev_pid=0 prev_prio=120 prev_state=R ==> next_comm=mmcqd/1 next_pid=117 next_prio=120
         mmcqd/1-117   [000] ...1  2995.848088: block_rq_complete: 179,0 RA () 4078176 + 24 [0]
         mmcqd/1-117   [000] ...2  2995.848110: sched_switch: prev_comm=mmcqd/1 prev_pid=117 prev_prio=120 prev_state=S ==> next_comm=swapper/0 next_pid=0 next_prio=120
          <idle>-0     [000] ...2  2995.848560: sched_switch: prev_comm=swapper/0 prev_pid=0 prev_prio=120 prev_state=R ==> next_comm=mmcqd/1 next_pid=117 next_prio=120
         mmcqd/1-117   [000] ...1  2995.848595: block_rq_complete: 179,0 RA () 4078208 + 56 [0]
         mmcqd/1-117   [000] ...2  2995.848639: sched_switch: prev_comm=mmcqd/1 prev_pid=117 prev_prio=120 prev_state=S ==> next_comm=main next_pid=14085 next_prio=120
           <...>-14085 [000] ...2  2995.848771: sched_switch: prev_comm=main prev_pid=14085 prev_prio=120 prev_state=D|W ==> next_comm=swapper/0 next_pid=0 next_prio=120
          <idle>-0     [000] ...2  2995.848850: sched_switch: prev_comm=swapper/0 prev_pid=0 prev_prio=120 prev_state=R ==> next_comm=mmcqd/1 next_pid=117 next_prio=120
         mmcqd/1-117   [000] ...1  2995.848878: block_rq_complete: 179,0 RA () 4078112 + 16 [0]
         mmcqd/1-117   [000] ...2  2995.848897: sched_switch: prev_comm=mmcqd/1 prev_pid=117 prev_prio=120 prev_state=S ==> next_comm=swapper/0 next_pid=0 next_prio=120
          <idle>-0     [000] ...2  2995.849601: sched_switch: prev_comm=swapper/0 prev_pid=0 prev_prio=120 prev_state=R ==> next_comm=mmcqd/1 next_pid=117 next_prio=120
         mmcqd/1-117   [000] ...1  2995.849644: block_rq_complete: 179,0 RA () 4078016 + 88 [0]
         mmcqd/1-117   [000] ...2  2995.849665: sched_switch: prev_comm=mmcqd/1 prev_pid=117 prev_prio=120 prev_state=S ==> next_comm=main next_pid=14085 next_prio=120
          <idle>-0     [001] ...2  2995.849668: sched_switch: prev_comm=swapper/1 prev_pid=0 prev_prio=120 prev_state=R ==> next_comm=JDWP next_pid=14098 next_prio=120
           <...>-14085 [000] d..2  2995.849801: block_rq_insert: 179,0 R 0 () 3994040 + 136 [main]
           <...>-14085 [000] ...2  2995.849813: sched_switch: prev_comm=main prev_pid=14085 prev_prio=120 prev_state=R+ ==> next_comm=mmcqd/1 next_pid=117 next_prio=120
         mmcqd/1-117   [000] ...1  2995.849834: block_rq_complete: 179,0 RA () 4077968 + 8 [0]
         mmcqd/1-117   [000] ...2  2995.849847: sched_switch: prev_comm=mmcqd/1 prev_pid=117 prev_prio=120 prev_state=R+ ==> next_comm=kworker/0:2H next_pid=520 next_prio=100
    kworker/0:2H-520   [000] ...2  2995.849854: sched_switch: prev_comm=kworker/0:2H prev_pid=520 prev_prio=100 prev_state=S ==> next_comm=mmcqd/1 next_pid=117 next_prio=120
           <...>-14098 [001] ...2  2995.849859: sched_switch: prev_comm=JDWP prev_pid=14098 prev_prio=120 prev_state=S ==> next_comm=swapper/1 next_pid=0 next_prio=120
         mmcqd/1-117   [000] ...2  2995.849923: sched_switch: prev_comm=mmcqd/1 prev_pid=117 prev_prio=120 prev_state=S ==> next_comm=main next_pid=14085 next_prio=120
           <...>-14085 [000] ...2  2995.849929: sched_switch: prev_comm=main prev_pid=14085 prev_prio=120 prev_state=D|W ==> next_comm=swapper/0 next_pid=0 next_prio=120
          <idle>-0     [000] ...2  2995.850842: sched_switch: prev_comm=swapper/0 prev_pid=0 prev_prio=120 prev_state=R ==> next_comm=mmcqd/1 next_pid=117 next_prio=120
         mmcqd/1-117   [000] ...1  2995.850880: block_rq_complete: 179,0 RA () 3994040 + 136 [0]
         mmcqd/1-117   [000] ...2  2995.850901: sched_switch: prev_comm=mmcqd/1 prev_pid=117 prev_prio=120 prev_state=R+ ==> next_comm=kworker/0:2H next_pid=520 next_prio=100
    kworker/0:2H-520   [000] ...2  2995.850908: sched_switch: prev_comm=kworker/0:2H prev_pid=520 prev_prio=100 prev_state=S ==> next_comm=mmcqd/1 next_pid=117 next_prio=120
         mmcqd/1-117   [000] ...2  2995.850917: sched_switch: prev_comm=mmcqd/1 prev_pid=117 prev_prio=120 prev_state=S ==> next_comm=main next_pid=14085 next_prio=120
          <idle>-0     [001] ...2  2995.851043: sched_switch: prev_comm=swapper/1 prev_pid=0 prev_prio=120 prev_state=R ==> next_comm=JDWP next_pid=14098 next_prio=120
           <...>-14085 [000] ...2  2995.851115: sched_switch: prev_comm=main prev_pid=14085 prev_prio=120 prev_state=S ==> next_comm=swapper/0 next_pid=0 next_prio=120
          <idle>-0     [000] ...2  2995.851168: sched_switch: prev_comm=swapper/0 prev_pid=0 prev_prio=120 prev_state=R ==> next_comm=main next_pid=14085 next_prio=120
           <...>-14085 [000] ...2  2995.851219: sched_switch: prev_comm=main prev_pid=14085 prev_prio=120 prev_state=S ==> next_comm=swapper/0 next_pid=0 next_prio=120
           <...>-14098 [001] d..2  2995.851278: block_rq_insert: 179,0 R 0 () 4009736 + 8 [JDWP]
           <...>-14098 [001] d..2  2995.851292: block_rq_insert: 179,0 R 0 () 4009784 + 8 [JDWP]
           <...>-14098 [001] d..2  2995.851297: block_rq_insert: 179,0 R 0 () 4009824 + 8 [JDWP]
          <idle>-0     [000] ...2  2995.851300: sched_switch: prev_comm=swapper/0 prev_pid=0 prev_prio=120 prev_state=R ==> next_comm=mmcqd/1 next_pid=117 next_prio=120
           <...>-14098 [001] d..2  2995.851300: block_rq_insert: 179,0 R 0 () 4009864 + 8 [JDWP]
           <...>-14098 [001] ...2  2995.851315: sched_switch: prev_comm=JDWP prev_pid=14098 prev_prio=120 prev_state=D|W ==> next_comm=swapper/1 next_pid=0 next_prio=120
         mmcqd/1-117   [000] ...2  2995.851346: sched_switch: prev_comm=mmcqd/1 prev_pid=117 prev_prio=120 prev_state=S ==> next_comm=swapper/0 next_pid=0 next_prio=120
          <idle>-0     [000] ...2  2995.851563: sched_switch: prev_comm=swapper/0 prev_pid=0 prev_prio=120 prev_state=R ==> next_comm=mmcqd/1 next_pid=117 next_prio=120
         mmcqd/1-117   [000] ...1  2995.851588: block_rq_complete: 179,0 RA () 4009736 + 8 [0]
         mmcqd/1-117   [000] ...2  2995.851607: sched_switch: prev_comm=mmcqd/1 prev_pid=117 prev_prio=120 prev_state=S ==> next_comm=swapper/0 next_pid=0 next_prio=120
          <idle>-0     [000] ...2  2995.851835: sched_switch: prev_comm=swapper/0 prev_pid=0 prev_prio=120 prev_state=R ==> next_comm=mmcqd/1 next_pid=117 next_prio=120
         mmcqd/1-117   [000] ...1  2995.851860: block_rq_complete: 179,0 RA () 4009784 + 8 [0]
         mmcqd/1-117   [000] ...2  2995.851878: sched_switch: prev_comm=mmcqd/1 prev_pid=117 prev_prio=120 prev_state=S ==> next_comm=swapper/0 next_pid=0 next_prio=120
          <idle>-0     [000] ...2  2995.852119: sched_switch: prev_comm=swapper/0 prev_pid=0 prev_prio=120 prev_state=R ==> next_comm=mmcqd/1 next_pid=117 next_prio=120
         mmcqd/1-117   [000] ...1  2995.852145: block_rq_complete: 179,0 RA () 4009824 + 8 [0]
         mmcqd/1-117   [000] ...2  2995.852160: sched_switch: prev_comm=mmcqd/1 prev_pid=117 prev_prio=120 prev_state=S ==> next_comm=swapper/0 next_pid=0 next_prio=120
          <idle>-0     [001] ...2  2995.852167: sched_switch: prev_comm=swapper/1 prev_pid=0 prev_prio=120 prev_state=R ==> next_comm=JDWP next_pid=14098 next_prio=120
          <idle>-0     [000] ...2  2995.852251: sched_switch: prev_comm=swapper/0 prev_pid=0 prev_prio=120 prev_state=R ==> next_comm=main next_pid=14085 next_prio=120
           <...>-14085 [000] ...2  2995.852331: sched_switch: prev_comm=main prev_pid=14085 prev_prio=120 prev_state=S ==> next_comm=swapper/0 next_pid=0 next_prio=120
          <idle>-0     [000] ...2  2995.852369: sched_switch: prev_comm=swapper/0 prev_pid=0 prev_prio=120 prev_state=R ==> next_comm=mmcqd/1 next_pid=117 next_prio=120
         mmcqd/1-117   [000] ...1  2995.852378: block_rq_complete: 179,0 RA () 4009864 + 8 [0]
         mmcqd/1-117   [000] ...2  2995.852391: sched_switch: prev_comm=mmcqd/1 prev_pid=117 prev_prio=120 prev_state=R+ ==> next_comm=kworker/0:2H next_pid=520 next_prio=100
    kworker/0:2H-520   [000] ...2  2995.852398: sched_switch: prev_comm=kworker/0:2H prev_pid=520 prev_prio=100 prev_state=S ==> next_comm=mmcqd/1 next_pid=117 next_prio=120
         mmcqd/1-117   [000] ...2  2995.852406: sched_switch: prev_comm=mmcqd/1 prev_pid=117 prev_prio=120 prev_state=S ==> next_comm=swapper/0 next_pid=0 next_prio=120
           <...>-14098 [001] d..2  2995.852427: block_rq_insert: 179,0 R 0 () 4010144 + 96 [JDWP]
           <...>-14098 [001] d..2  2995.852431: block_rq_insert: 179,0 R 0 () 4010264 + 48 [JDWP]
           <...>-14098 [001] d..2  2995.852434: block_rq_insert: 179,0 R 0 () 4010336 + 24 [JDWP]
          <idle>-0     [000] ...2  2995.852452: sched_switch: prev_comm=swapper/0 prev_pid=0 prev_prio=120 prev_state=R ==> next_comm=mmcqd/1 next_pid=117 next_prio=120
           <...>-14098 [001] ...2  2995.852455: sched_switch: prev_comm=JDWP prev_pid=14098 prev_prio=120 prev_state=D|W ==> next_comm=swapper/1 next_pid=0 next_prio=120
         mmcqd/1-117   [000] ...2  2995.852525: sched_switch: prev_comm=mmcqd/1 prev_pid=117 prev_prio=120 prev_state=S ==> next_comm=swapper/0 next_pid=0 next_prio=120
          <idle>-0     [000] ...2  2995.853134: sched_switch: prev_comm=swapper/0 prev_pid=0 prev_prio=120 prev_state=R ==> next_comm=mmcqd/1 next_pid=117 next_prio=120
         mmcqd/1-117   [000] ...1  2995.853178: block_rq_complete: 179,0 RA () 4010144 + 96 [0]
         mmcqd/1-117   [000] ...2  2995.853204: sched_switch: prev_comm=mmcqd/1 prev_pid=117 prev_prio=120 prev_state=S ==> next_comm=swapper/0 next_pid=0 next_prio=120
          <idle>-0     [000] ...2  2995.853614: sched_switch: prev_comm=swapper/0 prev_pid=0 prev_prio=120 prev_state=R ==> next_comm=mmcqd/1 next_pid=117 next_prio=120
         mmcqd/1-117   [000] ...1  2995.853648: block_rq_complete: 179,0 RA () 4010264 + 48 [0]
         mmcqd/1-117   [000] ...2  2995.853664: sched_switch: prev_comm=mmcqd/1 prev_pid=117 prev_prio=120 prev_state=S ==> next_comm=swapper/0 next_pid=0 next_prio=120
          <idle>-0     [001] ...2  2995.853667: sched_switch: prev_comm=swapper/1 prev_pid=0 prev_prio=120 prev_state=R ==> next_comm=JDWP next_pid=14098 next_prio=120
           <...>-14098 [001] ...2  2995.853687: sched_switch: prev_comm=JDWP prev_pid=14098 prev_prio=120 prev_state=D|W ==> next_comm=swapper/1 next_pid=0 next_prio=120
          <idle>-0     [000] ...2  2995.853952: sched_switch: prev_comm=swapper/0 prev_pid=0 prev_prio=120 prev_state=R ==> next_comm=mmcqd/1 next_pid=117 next_prio=120
         mmcqd/1-117   [000] ...1  2995.853965: block_rq_complete: 179,0 RA () 4010336 + 24 [0]
         mmcqd/1-117   [000] ...2  2995.853982: sched_switch: prev_comm=mmcqd/1 prev_pid=117 prev_prio=120 prev_state=R+ ==> next_comm=kworker/0:2H next_pid=520 next_prio=100
          <idle>-0     [001] ...2  2995.853983: sched_switch: prev_comm=swapper/1 prev_pid=0 prev_prio=120 prev_state=R ==> next_comm=JDWP next_pid=14098 next_prio=120
    kworker/0:2H-520   [000] ...2  2995.853988: sched_switch: prev_comm=kworker/0:2H prev_pid=520 prev_prio=100 prev_state=S ==> next_comm=mmcqd/1 next_pid=117 next_prio=120
         mmcqd/1-117   [000] ...2  2995.853996: sched_switch: prev_comm=mmcqd/1 prev_pid=117 prev_prio=120 prev_state=S ==> next_comm=swapper/0 next_pid=0 next_prio=120
           <...>-14098 [001] d..2  2995.854071: block_rq_insert: 179,0 R 0 () 4020448 + 16 [JDWP]
           <...>-14098 [001] d..2  2995.854075: block_rq_insert: 179,0 R 0 () 4020472 + 40 [JDWP]
           <...>-14098 [001] d..2  2995.854078: block_rq_insert: 179,0 R 0 () 4020544 + 8 [JDWP]
           <...>-14098 [001] d..2  2995.854080: block_rq_insert: 179,0 R 0 () 4020560 + 24 [JDWP]
          <idle>-0     [000] ...2  2995.854097: sched_switch: prev_comm=swapper/0 prev_pid=0 prev_prio=120 prev_state=R ==> next_comm=mmcqd/1 next_pid=117 next_prio=120
           <...>-14098 [001] ...2  2995.854099: sched_switch: prev_comm=JDWP prev_pid=14098 prev_prio=120 prev_state=D|W ==> next_comm=swapper/1 next_pid=0 next_prio=120
         mmcqd/1-117   [000] ...2  2995.854149: sched_switch: prev_comm=mmcqd/1 prev_pid=117 prev_prio=120 prev_state=S ==> next_comm=swapper/0 next_pid=0 next_prio=120
          <idle>-0     [000] ...2  2995.854339: sched_switch: prev_comm=swapper/0 prev_pid=0 prev_prio=120 prev_state=R ==> next_comm=kworker/u:0 next_pid=9281 next_prio=120
     kworker/u:0-9281  [000] ...2  2995.854399: sched_switch: prev_comm=kworker/u:0 prev_pid=9281 prev_prio=120 prev_state=S ==> next_comm=kworker/u:1 next_pid=12437 next_prio=120
           <...>-12437 [000] ...2  2995.854405: sched_switch: prev_comm=kworker/u:1 prev_pid=12437 prev_prio=120 prev_state=S ==> next_comm=sensors.qcom next_pid=881 next_prio=120
    sensors.qcom-881   [000] ...2  2995.854480: sched_switch: prev_comm=sensors.qcom prev_pid=881 prev_prio=120 prev_state=S ==> next_comm=mmcqd/1 next_pid=117 next_prio=120
          <idle>-0     [001] ...2  2995.854484: sched_switch: prev_comm=swapper/1 prev_pid=0 prev_prio=120 prev_state=R ==> next_comm=sensors.qcom next_pid=689 next_prio=120
         mmcqd/1-117   [000] ...1  2995.854507: block_rq_complete: 179,0 RA () 4020448 + 16 [0]
         mmcqd/1-117   [000] ...2  2995.854527: sched_switch: prev_comm=mmcqd/1 prev_pid=117 prev_prio=120 prev_state=S ==> next_comm=swapper/0 next_pid=0 next_prio=120
    sensors.qcom-689   [001] ...2  2995.854560: sched_switch: prev_comm=sensors.qcom prev_pid=689 prev_prio=120 prev_state=S ==> next_comm=system_server next_pid=730 next_prio=118
          <idle>-0     [000] ...2  2995.854673: sched_switch: prev_comm=swapper/0 prev_pid=0 prev_prio=120 prev_state=R ==> next_comm=system_server next_pid=734 next_prio=118
   system_server-734   [000] ...2  2995.854696: sched_switch: prev_comm=system_server prev_pid=734 prev_prio=118 prev_state=S ==> next_comm=swapper/0 next_pid=0 next_prio=120
   system_server-730   [001] ...2  2995.854714: sched_switch: prev_comm=system_server prev_pid=730 prev_prio=118 prev_state=S ==> next_comm=swapper/1 next_pid=0 next_prio=120
          <idle>-0     [000] ...2  2995.855036: sched_switch: prev_comm=swapper/0 prev_pid=0 prev_prio=120 prev_state=R ==> next_comm=mmcqd/1 next_pid=117 next_prio=120
         mmcqd/1-117   [000] ...1  2995.855070: block_rq_complete: 179,0 RA () 4020472 + 40 [0]
         mmcqd/1-117   [000] ...2  2995.855095: sched_switch: prev_comm=mmcqd/1 prev_pid=117 prev_prio=120 prev_state=S ==> next_comm=swapper/0 next_pid=0 next_prio=120
          <idle>-0     [000] ...2  2995.855304: sched_switch: prev_comm=swapper/0 prev_pid=0 prev_prio=120 prev_state=R ==> next_comm=mmcqd/1 next_pid=117 next_prio=120
         mmcqd/1-117   [000] ...1  2995.855329: block_rq_complete: 179,0 RA () 4020544 + 8 [0]
         mmcqd/1-117   [000] ...2  2995.855340: sched_switch: prev_comm=mmcqd/1 prev_pid=117 prev_prio=120 prev_state=S ==> next_comm=swapper/0 next_pid=0 next_prio=120
          <idle>-0     [000] ...2  2995.855693: sched_switch: prev_comm=swapper/0 prev_pid=0 prev_prio=120 prev_state=R ==> next_comm=mmcqd/1 next_pid=117 next_prio=120
         mmcqd/1-117   [000] ...1  2995.855707: block_rq_complete: 179,0 RA () 4020560 + 24 [0]
         mmcqd/1-117   [000] ...2  2995.855723: sched_switch: prev_comm=mmcqd/1 prev_pid=117 prev_prio=120 prev_state=R+ ==> next_comm=kworker/0:2H next_pid=520 next_prio=100
          <idle>-0     [001] ...2  2995.855726: sched_switch: prev_comm=swapper/1 prev_pid=0 prev_prio=120 prev_state=R ==> next_comm=JDWP next_pid=14098 next_prio=120
    kworker/0:2H-520   [000] ...2  2995.855730: sched_switch: prev_comm=kworker/0:2H prev_pid=520 prev_prio=100 prev_state=S ==> next_comm=mmcqd/1 next_pid=117 next_prio=120
         mmcqd/1-117   [000] ...2  2995.855738: sched_switch: prev_comm=mmcqd/1 prev_pid=117 prev_prio=120 prev_state=S ==> next_comm=swapper/0 next_pid=0 next_prio=120
          <idle>-0     [000] ...2  2995.855818: sched_switch: prev_comm=swapper/0 prev_pid=0 prev_prio=120 prev_state=R ==> next_comm=main next_pid=14085 next_prio=120
           <...>-14085 [000] ...2  2995.855880: sched_switch: prev_comm=main prev_pid=14085 prev_prio=120 prev_state=S ==> next_comm=swapper/0 next_pid=0 next_prio=120
           <...>-14098 [001] d..2  2995.856017: block_rq_insert: 179,0 R 0 () 4079416 + 48 [JDWP]
           <...>-14098 [001] d..2  2995.856022: block_rq_insert: 179,0 R 0 () 4079480 + 24 [JDWP]
           <...>-14098 [001] d..2  2995.856025: block_rq_insert: 179,0 R 0 () 4079512 + 72 [JDWP]
           <...>-14098 [001] d..2  2995.856028: block_rq_insert: 179,0 R 0 () 4079600 + 16 [JDWP]
           <...>-14098 [001] d..2  2995.856030: block_rq_insert: 179,0 R 0 () 4079632 + 16 [JDWP]
           <...>-14098 [001] d..2  2995.856033: block_rq_insert: 179,0 R 0 () 4079656 + 16 [JDWP]
          <idle>-0     [000] ...2  2995.856051: sched_switch: prev_comm=swapper/0 prev_pid=0 prev_prio=120 prev_state=R ==> next_comm=mmcqd/1 next_pid=117 next_prio=120
           <...>-14098 [001] ...2  2995.856054: sched_switch: prev_comm=JDWP prev_pid=14098 prev_prio=120 prev_state=D|W ==> next_comm=swapper/1 next_pid=0 next_prio=120
         mmcqd/1-117   [000] ...2  2995.856107: sched_switch: prev_comm=mmcqd/1 prev_pid=117 prev_prio=120 prev_state=S ==> next_comm=swapper/0 next_pid=0 next_prio=120
          <idle>-0     [000] ...2  2995.856560: sched_switch: prev_comm=swapper/0 prev_pid=0 prev_prio=120 prev_state=R ==> next_comm=mmcqd/1 next_pid=117 next_prio=120
         mmcqd/1-117   [000] ...1  2995.856594: block_rq_complete: 179,0 RA () 4079416 + 48 [0]
         mmcqd/1-117   [000] ...2  2995.856631: sched_switch: prev_comm=mmcqd/1 prev_pid=117 prev_prio=120 prev_state=S ==> next_comm=swapper/0 next_pid=0 next_prio=120
          <idle>-0     [000] ...2  2995.856944: sched_switch: prev_comm=swapper/0 prev_pid=0 prev_prio=120 prev_state=R ==> next_comm=mmcqd/1 next_pid=117 next_prio=120
         mmcqd/1-117   [000] ...1  2995.856972: block_rq_complete: 179,0 RA () 4079480 + 24 [0]
         mmcqd/1-117   [000] ...2  2995.856994: sched_switch: prev_comm=mmcqd/1 prev_pid=117 prev_prio=120 prev_state=S ==> next_comm=swapper/0 next_pid=0 next_prio=120
          <idle>-0     [000] ...2  2995.857506: sched_switch: prev_comm=swapper/0 prev_pid=0 prev_prio=120 prev_state=R ==> next_comm=mmcqd/1 next_pid=117 next_prio=120
         mmcqd/1-117   [000] ...1  2995.857546: block_rq_complete: 179,0 RA () 4079512 + 72 [0]
          <idle>-0     [001] ...2  2995.857565: sched_switch: prev_comm=swapper/1 prev_pid=0 prev_prio=120 prev_state=R ==> next_comm=JDWP next_pid=14098 next_prio=120
         mmcqd/1-117   [000] ...2  2995.857571: sched_switch: prev_comm=mmcqd/1 prev_pid=117 prev_prio=120 prev_state=S ==> next_comm=swapper/0 next_pid=0 next_prio=120
          <idle>-0     [000] ...2  2995.857607: sched_switch: prev_comm=swapper/0 prev_pid=0 prev_prio=120 prev_state=R ==> next_comm=main next_pid=14085 next_prio=120
           <...>-14085 [000] ...2  2995.857734: sched_switch: prev_comm=main prev_pid=14085 prev_prio=120 prev_state=S ==> next_comm=swapper/0 next_pid=0 next_prio=120
           <...>-14098 [001] ...2  2995.857767: sched_switch: prev_comm=JDWP prev_pid=14098 prev_prio=120 prev_state=D|W ==> next_comm=swapper/1 next_pid=0 next_prio=120
          <idle>-0     [000] ...2  2995.857797: sched_switch: prev_comm=swapper/0 prev_pid=0 prev_prio=120 prev_state=R ==> next_comm=mmcqd/1 next_pid=117 next_prio=120
         mmcqd/1-117   [000] ...1  2995.857825: block_rq_complete: 179,0 RA () 4079600 + 16 [0]
         mmcqd/1-117   [000] ...2  2995.857847: sched_switch: prev_comm=mmcqd/1 prev_pid=117 prev_prio=120 prev_state=S ==> next_comm=swapper/0 next_pid=0 next_prio=120
          <idle>-0     [000] ...2  2995.858097: sched_switch: prev_comm=swapper/0 prev_pid=0 prev_prio=120 prev_state=R ==> next_comm=mmcqd/1 next_pid=117 next_prio=120
         mmcqd/1-117   [000] ...1  2995.858124: block_rq_complete: 179,0 RA () 4079632 + 16 [0]
         mmcqd/1-117   [000] ...2  2995.858140: sched_switch: prev_comm=mmcqd/1 prev_pid=117 prev_prio=120 prev_state=S ==> next_comm=swapper/0 next_pid=0 next_prio=120
          <idle>-0     [001] ...2  2995.858143: sched_switch: prev_comm=swapper/1 prev_pid=0 prev_prio=120 prev_state=R ==> next_comm=JDWP next_pid=14098 next_prio=120
          <idle>-0     [000] ...2  2995.858180: sched_switch: prev_comm=swapper/0 prev_pid=0 prev_prio=120 prev_state=R ==> next_comm=main next_pid=14085 next_prio=120
           <...>-14085 [000] ...2  2995.858239: sched_switch: prev_comm=main prev_pid=14085 prev_prio=120 prev_state=D|W ==> next_comm=swapper/0 next_pid=0 next_prio=120
           <...>-14098 [001] d..2  2995.858304: block_rq_insert: 179,0 R 0 () 4078736 + 8 [JDWP]
           <...>-14098 [001] d..2  2995.858308: block_rq_insert: 179,0 R 0 () 4078752 + 8 [JDWP]
           <...>-14098 [001] d..2  2995.858311: block_rq_insert: 179,0 R 0 () 4078784 + 8 [JDWP]
           <...>-14098 [001] d..2  2995.858315: block_rq_insert: 179,0 R 0 () 4078824 + 8 [JDWP]
           <...>-14098 [001] d..2  2995.858318: block_rq_insert: 179,0 R 0 () 4078840 + 24 [JDWP]
           <...>-14098 [001] d..2  2995.858320: block_rq_insert: 179,0 R 0 () 4078888 + 32 [JDWP]
           <...>-14098 [001] d..2  2995.858323: block_rq_insert: 179,0 R 0 () 4078952 + 16 [JDWP]
           <...>-14098 [001] d..2  2995.858326: block_rq_insert: 179,0 R 0 () 4078976 + 8 [JDWP]
          <idle>-0     [000] ...2  2995.858344: sched_switch: prev_comm=swapper/0 prev_pid=0 prev_prio=120 prev_state=R ==> next_comm=mmcqd/1 next_pid=117 next_prio=120
         mmcqd/1-117   [000] ...2  2995.858359: sched_switch: prev_comm=mmcqd/1 prev_pid=117 prev_prio=120 prev_state=S ==> next_comm=swapper/0 next_pid=0 next_prio=120
           <...>-14098 [001] ...2  2995.858363: sched_switch: prev_comm=JDWP prev_pid=14098 prev_prio=120 prev_state=S ==> next_comm=swapper/1 next_pid=0 next_prio=120
          <idle>-0     [000] ...2  2995.858396: sched_switch: prev_comm=swapper/0 prev_pid=0 prev_prio=120 prev_state=R ==> next_comm=mmcqd/1 next_pid=117 next_prio=120
         mmcqd/1-117   [000] ...1  2995.858424: block_rq_complete: 179,0 RA () 4079656 + 16 [0]
         mmcqd/1-117   [000] ...2  2995.858450: sched_switch: prev_comm=mmcqd/1 prev_pid=117 prev_prio=120 prev_state=S ==> next_comm=main next_pid=14085 next_prio=120
          <idle>-0     [001] ...2  2995.858484: sched_switch: prev_comm=swapper/1 prev_pid=0 prev_prio=120 prev_state=R ==> next_comm=JDWP next_pid=14098 next_prio=120
           <...>-14085 [000] ...2  2995.858512: sched_switch: prev_comm=main prev_pid=14085 prev_prio=120 prev_state=S ==> next_comm=swapper/0 next_pid=0 next_prio=120
          <idle>-0     [000] ...2  2995.858595: sched_switch: prev_comm=swapper/0 prev_pid=0 prev_prio=120 prev_state=R ==> next_comm=main next_pid=14085 next_prio=120
           <...>-14085 [000] ...2  2995.858638: sched_switch: prev_comm=main prev_pid=14085 prev_prio=120 prev_state=R+ ==> next_comm=mmcqd/1 next_pid=117 next_prio=120
         mmcqd/1-117   [000] ...1  2995.858662: block_rq_complete: 179,0 RA () 4078976 + 8 [0]
         mmcqd/1-117   [000] ...2  2995.858685: sched_switch: prev_comm=mmcqd/1 prev_pid=117 prev_prio=120 prev_state=S ==> next_comm=main next_pid=14085 next_prio=120
           <...>-14085 [000] ...2  2995.858962: sched_switch: prev_comm=main prev_pid=14085 prev_prio=120 prev_state=R ==> next_comm=mmcqd/1 next_pid=117 next_prio=120
         mmcqd/1-117   [000] ...1  2995.858989: block_rq_complete: 179,0 RA () 4078952 + 16 [0]
         mmcqd/1-117   [000] ...2  2995.859011: sched_switch: prev_comm=mmcqd/1 prev_pid=117 prev_prio=120 prev_state=S ==> next_comm=main next_pid=14085 next_prio=120
           <...>-14085 [000] ...2  2995.859387: sched_switch: prev_comm=main prev_pid=14085 prev_prio=120 prev_state=R ==> next_comm=mmcqd/1 next_pid=117 next_prio=120
         mmcqd/1-117   [000] ...1  2995.859419: block_rq_complete: 179,0 RA () 4078888 + 32 [0]
         mmcqd/1-117   [000] ...2  2995.859440: sched_switch: prev_comm=mmcqd/1 prev_pid=117 prev_prio=120 prev_state=S ==> next_comm=main next_pid=14085 next_prio=120
           <...>-14085 [000] ...2  2995.859866: sched_switch: prev_comm=main prev_pid=14085 prev_prio=120 prev_state=R ==> next_comm=mmcqd/1 next_pid=117 next_prio=120
           <...>-14098 [001] d..2  2995.859887: block_rq_insert: 179,0 R 0 () 4019736 + 8 [JDWP]
           <...>-14098 [001] d..2  2995.859893: block_rq_insert: 179,0 R 0 () 4019792 + 8 [JDWP]
         mmcqd/1-117   [000] ...1  2995.859895: block_rq_complete: 179,0 RA () 4078840 + 24 [0]
         mmcqd/1-117   [000] ...2  2995.859916: sched_switch: prev_comm=mmcqd/1 prev_pid=117 prev_prio=120 prev_state=S ==> next_comm=main next_pid=14085 next_prio=120
           <...>-14098 [001] ...2  2995.859916: sched_switch: prev_comm=JDWP prev_pid=14098 prev_prio=120 prev_state=D|W ==> next_comm=swapper/1 next_pid=0 next_prio=120
           <...>-14085 [000] ...2  2995.860135: sched_switch: prev_comm=main prev_pid=14085 prev_prio=120 prev_state=R ==> next_comm=mmcqd/1 next_pid=117 next_prio=120
         mmcqd/1-117   [000] ...1  2995.860161: block_rq_complete: 179,0 RA () 4078824 + 8 [0]
         mmcqd/1-117   [000] ...2  2995.860181: sched_switch: prev_comm=mmcqd/1 prev_pid=117 prev_prio=120 prev_state=S ==> next_comm=main next_pid=14085 next_prio=120
           <...>-14085 [000] ...2  2995.860406: sched_switch: prev_comm=main prev_pid=14085 prev_prio=120 prev_state=R ==> next_comm=mmcqd/1 next_pid=117 next_prio=120
         mmcqd/1-117   [000] ...1  2995.860431: block_rq_complete: 179,0 RA () 4078784 + 8 [0]
         mmcqd/1-117   [000] ...2  2995.860452: sched_switch: prev_comm=mmcqd/1 prev_pid=117 prev_prio=120 prev_state=S ==> next_comm=main next_pid=14085 next_prio=120
           <...>-14085 [000] ...2  2995.860666: sched_switch: prev_comm=main prev_pid=14085 prev_prio=120 prev_state=R ==> next_comm=mmcqd/1 next_pid=117 next_prio=120
         mmcqd/1-117   [000] ...1  2995.860693: block_rq_complete: 179,0 RA () 4078752 + 8 [0]
         mmcqd/1-117   [000] ...2  2995.860713: sched_switch: prev_comm=mmcqd/1 prev_pid=117 prev_prio=120 prev_state=S ==> next_comm=main next_pid=14085 next_prio=120
           <...>-14085 [000] ...2  2995.860924: sched_switch: prev_comm=main prev_pid=14085 prev_prio=120 prev_state=R ==> next_comm=mmcqd/1 next_pid=117 next_prio=120
         mmcqd/1-117   [000] ...1  2995.860950: block_rq_complete: 179,0 RA () 4078736 + 8 [0]
         mmcqd/1-117   [000] ...2  2995.860970: sched_switch: prev_comm=mmcqd/1 prev_pid=117 prev_prio=120 prev_state=S ==> next_comm=main next_pid=14085 next_prio=120
           <...>-14085 [000] ...2  2995.861204: sched_switch: prev_comm=main prev_pid=14085 prev_prio=120 prev_state=R+ ==> next_comm=mmcqd/1 next_pid=117 next_prio=120
         mmcqd/1-117   [000] ...1  2995.861231: block_rq_complete: 179,0 RA () 4019736 + 8 [0]
         mmcqd/1-117   [000] ...2  2995.861243: sched_switch: prev_comm=mmcqd/1 prev_pid=117 prev_prio=120 prev_state=S ==> next_comm=main next_pid=14085 next_prio=120
           <...>-14085 [000] ...2  2995.861482: sched_switch: prev_comm=main prev_pid=14085 prev_prio=120 prev_state=R ==> next_comm=mmcqd/1 next_pid=117 next_prio=120
         mmcqd/1-117   [000] ...1  2995.861493: block_rq_complete: 179,0 RA () 4019792 + 8 [0]
         mmcqd/1-117   [000] ...2  2995.861512: sched_switch: prev_comm=mmcqd/1 prev_pid=117 prev_prio=120 prev_state=R+ ==> next_comm=kworker/0:2H next_pid=520 next_prio=100
          <idle>-0     [001] ...2  2995.861514: sched_switch: prev_comm=swapper/1 prev_pid=0 prev_prio=120 prev_state=R ==> next_comm=JDWP next_pid=14098 next_prio=120
    kworker/0:2H-520   [000] ...2  2995.861520: sched_switch: prev_comm=kworker/0:2H prev_pid=520 prev_prio=100 prev_state=S ==> next_comm=mmcqd/1 next_pid=117 next_prio=120
         mmcqd/1-117   [000] ...2  2995.861530: sched_switch: prev_comm=mmcqd/1 prev_pid=117 prev_prio=120 prev_state=S ==> next_comm=main next_pid=14085 next_prio=120
           <...>-14098 [001] ...2  2995.861994: sched_switch: prev_comm=JDWP prev_pid=14098 prev_prio=120 prev_state=R+ ==> next_comm=kworker/1:0H next_pid=14077 next_prio=100
           <...>-14077 [001] ...2  2995.862016: sched_switch: prev_comm=kworker/1:0H prev_pid=14077 prev_prio=100 prev_state=S ==> next_comm=JDWP next_pid=14098 next_prio=120
           <...>-14098 [001] ...2  2995.862071: sched_switch: prev_comm=JDWP prev_pid=14098 prev_prio=120 prev_state=R+ ==> next_comm=adbd next_pid=792 next_prio=120
           <...>-14085 [000] ...2  2995.862226: sched_switch: prev_comm=main prev_pid=14085 prev_prio=120 prev_state=R+ ==> next_comm=adbd next_pid=794 next_prio=120
            adbd-794   [000] ...2  2995.862293: sched_switch: prev_comm=adbd prev_pid=794 prev_prio=120 prev_state=S ==> next_comm=main next_pid=14085 next_prio=120
            adbd-792   [001] ...2  2995.862294: sched_switch: prev_comm=adbd prev_pid=792 prev_prio=120 prev_state=S ==> next_comm=JDWP next_pid=14098 next_prio=120
           <...>-14098 [001] ...2  2995.862613: sched_switch: prev_comm=JDWP prev_pid=14098 prev_prio=120 prev_state=S ==> next_comm=swapper/1 next_pid=0 next_prio=120
           <...>-14085 [000] ...2  2995.862658: sched_switch: prev_comm=main prev_pid=14085 prev_prio=120 prev_state=R ==> next_comm=adbd next_pid=795 next_prio=120
          <idle>-0     [001] ...2  2995.862690: sched_switch: prev_comm=swapper/1 prev_pid=0 prev_prio=120 prev_state=R ==> next_comm=adbd next_pid=792 next_prio=120
            adbd-795   [000] ...2  2995.862691: sched_switch: prev_comm=adbd prev_pid=795 prev_prio=120 prev_state=S ==> next_comm=main next_pid=14085 next_prio=120
            adbd-792   [001] ...2  2995.862964: sched_switch: prev_comm=adbd prev_pid=792 prev_prio=120 prev_state=S ==> next_comm=adbd next_pid=794 next_prio=120
            adbd-794   [001] ...2  2995.863040: sched_switch: prev_comm=adbd prev_pid=794 prev_prio=120 prev_state=S ==> next_comm=swapper/1 next_pid=0 next_prio=120
           <...>-14085 [000] ...2  2995.863355: sched_switch: prev_comm=main prev_pid=14085 prev_prio=120 prev_state=R ==> next_comm=adbd next_pid=795 next_prio=120
          <idle>-0     [001] ...2  2995.863385: sched_switch: prev_comm=swapper/1 prev_pid=0 prev_prio=120 prev_state=R ==> next_comm=adbd next_pid=792 next_prio=120
            adbd-795   [000] ...2  2995.863386: sched_switch: prev_comm=adbd prev_pid=795 prev_prio=120 prev_state=S ==> next_comm=main next_pid=14085 next_prio=120
            adbd-792   [001] ...2  2995.863547: sched_switch: prev_comm=adbd prev_pid=792 prev_prio=120 prev_state=S ==> next_comm=adbd next_pid=794 next_prio=120
            adbd-794   [001] ...2  2995.863560: sched_switch: prev_comm=adbd prev_pid=794 prev_prio=120 prev_state=S ==> next_comm=swapper/1 next_pid=0 next_prio=120
           <...>-14085 [000] d..2  2995.874045: block_rq_insert: 179,0 R 0 () 4085616 + 40 [main]
           <...>-14085 [000] ...2  2995.874071: sched_switch: prev_comm=main prev_pid=14085 prev_prio=120 prev_state=R+ ==> next_comm=mmcqd/1 next_pid=117 next_prio=120
         mmcqd/1-117   [000] ...2  2995.874139: sched_switch: prev_comm=mmcqd/1 prev_pid=117 prev_prio=120 prev_state=S ==> next_comm=main next_pid=14085 next_prio=120
           <...>-14085 [000] ...2  2995.874687: sched_switch: prev_comm=main prev_pid=14085 prev_prio=120 prev_state=R ==> next_comm=mmcqd/1 next_pid=117 next_prio=120
         mmcqd/1-117   [000] ...1  2995.874706: block_rq_complete: 179,0 RA () 4085616 + 40 [0]
         mmcqd/1-117   [000] ...2  2995.874728: sched_switch: prev_comm=mmcqd/1 prev_pid=117 prev_prio=120 prev_state=R+ ==> next_comm=kworker/0:2H next_pid=520 next_prio=100
    kworker/0:2H-520   [000] ...2  2995.874737: sched_switch: prev_comm=kworker/0:2H prev_pid=520 prev_prio=100 prev_state=S ==> next_comm=mmcqd/1 next_pid=117 next_prio=120
         mmcqd/1-117   [000] ...2  2995.874748: sched_switch: prev_comm=mmcqd/1 prev_pid=117 prev_prio=120 prev_state=S ==> next_comm=main next_pid=14085 next_prio=120
           <...>-14085 [000] d..2  2995.876970: block_rq_insert: 179,0 R 0 () 874176 + 8 [main]
           <...>-14085 [000] ...2  2995.876981: sched_switch: prev_comm=main prev_pid=14085 prev_prio=120 prev_state=R+ ==> next_comm=mmcqd/1 next_pid=117 next_prio=120
         mmcqd/1-117   [000] ...2  2995.877023: sched_switch: prev_comm=mmcqd/1 prev_pid=117 prev_prio=120 prev_state=S ==> next_comm=main next_pid=14085 next_prio=120
           <...>-14085 [000] ...2  2995.877030: sched_switch: prev_comm=main prev_pid=14085 prev_prio=120 prev_state=D|W ==> next_comm=swapper/0 next_pid=0 next_prio=120
          <idle>-0     [000] ...2  2995.877052: sched_switch: prev_comm=swapper/0 prev_pid=0 prev_prio=120 prev_state=R ==> next_comm=ksoftirqd/0 next_pid=3 next_prio=120
     ksoftirqd/0-3     [000] ...2  2995.877061: sched_switch: prev_comm=ksoftirqd/0 prev_pid=3 prev_prio=120 prev_state=S ==> next_comm=swapper/0 next_pid=0 next_prio=120
          <idle>-0     [000] ...2  2995.877078: sched_switch: prev_comm=swapper/0 prev_pid=0 prev_prio=120 prev_state=R ==> next_comm=ksoftirqd/0 next_pid=3 next_prio=120
     ksoftirqd/0-3     [000] ...2  2995.877086: sched_switch: prev_comm=ksoftirqd/0 prev_pid=3 prev_prio=120 prev_state=S ==> next_comm=swapper/0 next_pid=0 next_prio=120
          <idle>-0     [000] ...2  2995.877099: sched_switch: prev_comm=swapper/0 prev_pid=0 prev_prio=120 prev_state=R ==> next_comm=ksoftirqd/0 next_pid=3 next_prio=120
     ksoftirqd/0-3     [000] ...2  2995.877113: sched_switch: prev_comm=ksoftirqd/0 prev_pid=3 prev_prio=120 prev_state=S ==> next_comm=swapper/0 next_pid=0 next_prio=120
          <idle>-0     [000] ...2  2995.877257: sched_switch: prev_comm=swapper/0 prev_pid=0 prev_prio=120 prev_state=R ==> next_comm=mmcqd/1 next_pid=117 next_prio=120
         mmcqd/1-117   [000] ...1  2995.877268: block_rq_complete: 179,0 RA () 874176 + 8 [0]
         mmcqd/1-117   [000] ...2  2995.877286: sched_switch: prev_comm=mmcqd/1 prev_pid=117 prev_prio=120 prev_state=R+ ==> next_comm=kworker/0:2H next_pid=520 next_prio=100
    kworker/0:2H-520   [000] ...2  2995.877293: sched_switch: prev_comm=kworker/0:2H prev_pid=520 prev_prio=100 prev_state=S ==> next_comm=mmcqd/1 next_pid=117 next_prio=120
         mmcqd/1-117   [000] ...2  2995.877303: sched_switch: prev_comm=mmcqd/1 prev_pid=117 prev_prio=120 prev_state=S ==> next_comm=main next_pid=14085 next_prio=120
           <...>-14085 [000] d..2  2995.880547: block_rq_insert: 179,0 R 0 () 4084864 + 8 [main]
           <...>-14085 [000] ...2  2995.880563: sched_switch: prev_comm=main prev_pid=14085 prev_prio=120 prev_state=R+ ==> next_comm=mmcqd/1 next_pid=117 next_prio=120
         mmcqd/1-117   [000] ...2  2995.880607: sched_switch: prev_comm=mmcqd/1 prev_pid=117 prev_prio=120 prev_state=S ==> next_comm=main next_pid=14085 next_prio=120
           <...>-14085 [000] ...2  2995.880613: sched_switch: prev_comm=main prev_pid=14085 prev_prio=120 prev_state=D|W ==> next_comm=swapper/0 next_pid=0 next_prio=120
          <idle>-0     [000] ...2  2995.880631: sched_switch: prev_comm=swapper/0 prev_pid=0 prev_prio=120 prev_state=R ==> next_comm=ksoftirqd/0 next_pid=3 next_prio=120
     ksoftirqd/0-3     [000] ...2  2995.880639: sched_switch: prev_comm=ksoftirqd/0 prev_pid=3 prev_prio=120 prev_state=S ==> next_comm=swapper/0 next_pid=0 next_prio=120
          <idle>-0     [000] ...2  2995.880655: sched_switch: prev_comm=swapper/0 prev_pid=0 prev_prio=120 prev_state=R ==> next_comm=ksoftirqd/0 next_pid=3 next_prio=120
     ksoftirqd/0-3     [000] ...2  2995.880662: sched_switch: prev_comm=ksoftirqd/0 prev_pid=3 prev_prio=120 prev_state=S ==> next_comm=swapper/0 next_pid=0 next_prio=120
          <idle>-0     [000] ...2  2995.880676: sched_switch: prev_comm=swapper/0 prev_pid=0 prev_prio=120 prev_state=R ==> next_comm=ksoftirqd/0 next_pid=3 next_prio=120
     ksoftirqd/0-3     [000] ...2  2995.880684: sched_switch: prev_comm=ksoftirqd/0 prev_pid=3 prev_prio=120 prev_state=S ==> next_comm=swapper/0 next_pid=0 next_prio=120
          <idle>-0     [000] ...2  2995.880828: sched_switch: prev_comm=swapper/0 prev_pid=0 prev_prio=120 prev_state=R ==> next_comm=mmcqd/1 next_pid=117 next_prio=120
         mmcqd/1-117   [000] ...1  2995.880839: block_rq_complete: 179,0 RA () 4084864 + 8 [0]
         mmcqd/1-117   [000] ...2  2995.880858: sched_switch: prev_comm=mmcqd/1 prev_pid=117 prev_prio=120 prev_state=R+ ==> next_comm=kworker/0:2H next_pid=520 next_prio=100
    kworker/0:2H-520   [000] ...2  2995.880865: sched_switch: prev_comm=kworker/0:2H prev_pid=520 prev_prio=100 prev_state=S ==> next_comm=mmcqd/1 next_pid=117 next_prio=120
         mmcqd/1-117   [000] ...2  2995.880875: sched_switch: prev_comm=mmcqd/1 prev_pid=117 prev_prio=120 prev_state=S ==> next_comm=main next_pid=14085 next_prio=120
           <...>-14085 [000] ...2  2995.881003: sched_switch: prev_comm=main prev_pid=14085 prev_prio=120 prev_state=R ==> next_comm=adbd next_pid=795 next_prio=120
            adbd-795   [000] ...2  2995.881019: sched_switch: prev_comm=adbd prev_pid=795 prev_prio=120 prev_state=S ==> next_comm=main next_pid=14085 next_prio=120
           <...>-14085 [000] ...2  2995.881200: sched_switch: prev_comm=main prev_pid=14085 prev_prio=120 prev_state=R ==> next_comm=adbd next_pid=795 next_prio=120
          <idle>-0     [001] ...2  2995.881242: sched_switch: prev_comm=swapper/1 prev_pid=0 prev_prio=120 prev_state=R ==> next_comm=adbd next_pid=792 next_prio=120
            adbd-795   [000] ...2  2995.881249: sched_switch: prev_comm=adbd prev_pid=795 prev_prio=120 prev_state=S ==> next_comm=main next_pid=14085 next_prio=120
            adbd-792   [001] ...2  2995.881468: sched_switch: prev_comm=adbd prev_pid=792 prev_prio=120 prev_state=S ==> next_comm=JDWP next_pid=13717 next_prio=120
            JDWP-13717 [001] ...2  2995.881846: sched_switch: prev_comm=JDWP prev_pid=13717 prev_prio=120 prev_state=R+ ==> next_comm=adbd next_pid=792 next_prio=120
            adbd-792   [001] ...2  2995.882046: sched_switch: prev_comm=adbd prev_pid=792 prev_prio=120 prev_state=S ==> next_comm=adbd next_pid=794 next_prio=120
            adbd-794   [001] ...2  2995.882147: sched_switch: prev_comm=adbd prev_pid=794 prev_prio=120 prev_state=S ==> next_comm=JDWP next_pid=13717 next_prio=120
            JDWP-13717 [001] ...2  2995.882206: sched_switch: prev_comm=JDWP prev_pid=13717 prev_prio=120 prev_state=S ==> next_comm=swapper/1 next_pid=0 next_prio=120
           <...>-14085 [000] d..2  2995.882582: block_rq_insert: 179,0 R 0 () 4077832 + 8 [main]
           <...>-14085 [000] d..2  2995.882586: block_rq_insert: 179,0 R 0 () 4077848 + 8 [main]
           <...>-14085 [000] d..2  2995.882588: block_rq_insert: 179,0 R 0 () 4077872 + 8 [main]
           <...>-14085 [000] ...2  2995.882609: sched_switch: prev_comm=main prev_pid=14085 prev_prio=120 prev_state=R+ ==> next_comm=mmcqd/1 next_pid=117 next_prio=120
         mmcqd/1-117   [000] ...2  2995.882672: sched_switch: prev_comm=mmcqd/1 prev_pid=117 prev_prio=120 prev_state=S ==> next_comm=adbd next_pid=795 next_prio=120
            adbd-795   [000] ...2  2995.882704: sched_switch: prev_comm=adbd prev_pid=795 prev_prio=120 prev_state=S ==> next_comm=main next_pid=14085 next_prio=120
          <idle>-0     [001] ...2  2995.882704: sched_switch: prev_comm=swapper/1 prev_pid=0 prev_prio=120 prev_state=R ==> next_comm=adbd next_pid=792 next_prio=120
           <...>-14085 [000] ...2  2995.882712: sched_switch: prev_comm=main prev_pid=14085 prev_prio=120 prev_state=D|W ==> next_comm=swapper/0 next_pid=0 next_prio=120
          <idle>-0     [000] ...2  2995.882891: sched_switch: prev_comm=swapper/0 prev_pid=0 prev_prio=120 prev_state=R ==> next_comm=mmcqd/1 next_pid=117 next_prio=120
         mmcqd/1-117   [000] ...1  2995.882916: block_rq_complete: 179,0 RA () 4077872 + 8 [0]
         mmcqd/1-117   [000] ...2  2995.882936: sched_switch: prev_comm=mmcqd/1 prev_pid=117 prev_prio=120 prev_state=S ==> next_comm=swapper/0 next_pid=0 next_prio=120
            adbd-792   [001] ...2  2995.882963: sched_switch: prev_comm=adbd prev_pid=792 prev_prio=120 prev_state=S ==> next_comm=adbd next_pid=794 next_prio=120
            adbd-794   [001] ...2  2995.883027: sched_switch: prev_comm=adbd prev_pid=794 prev_prio=120 prev_state=S ==> next_comm=swapper/1 next_pid=0 next_prio=120
          <idle>-0     [000] ...2  2995.883159: sched_switch: prev_comm=swapper/0 prev_pid=0 prev_prio=120 prev_state=R ==> next_comm=mmcqd/1 next_pid=117 next_prio=120
         mmcqd/1-117   [000] ...1  2995.883185: block_rq_complete: 179,0 RA () 4077848 + 8 [0]
         mmcqd/1-117   [000] ...2  2995.883201: sched_switch: prev_comm=mmcqd/1 prev_pid=117 prev_prio=120 prev_state=S ==> next_comm=main next_pid=14085 next_prio=120
           <...>-14085 [000] ...2  2995.883401: sched_switch: prev_comm=main prev_pid=14085 prev_prio=120 prev_state=R ==> next_comm=adbd next_pid=795 next_prio=120
          <idle>-0     [001] ...2  2995.883432: sched_switch: prev_comm=swapper/1 prev_pid=0 prev_prio=120 prev_state=R ==> next_comm=adbd next_pid=792 next_prio=120
            adbd-795   [000] ...2  2995.883448: sched_switch: prev_comm=adbd prev_pid=795 prev_prio=120 prev_state=S ==> next_comm=mmcqd/1 next_pid=117 next_prio=120
         mmcqd/1-117   [000] ...1  2995.883457: block_rq_complete: 179,0 RA () 4077832 + 8 [0]
         mmcqd/1-117   [000] ...2  2995.883476: sched_switch: prev_comm=mmcqd/1 prev_pid=117 prev_prio=120 prev_state=S ==> next_comm=kworker/0:2H next_pid=520 next_prio=100
