         mmcqd/1-117   [000] ...2  2995.778191: sched_switch: prev_comm=mmcqd/1 prev_pid=117 prev_prio=120 prev_state=S ==> next_comm=main next_pid=14085 next_prio=120
           <...>-14085 [000] ...2  2995.778220: sched_switch: prev_comm=main prev_pid=14085 prev_prio=120 prev_state=D|W ==> next_comm=swapper/0 next_pid=0 next_prio=120
          <idle>-0     [000] ...2  2995.778410: sched_switch: prev_comm=swapper/0 prev_pid=0 prev_prio=120 prev_state=R ==> next_comm=mmcqd/1 next_pid=117 next_prio=120
         mmcqd/1-117   [000] ...1  2995.778436: block_rq_complete: 179,0 RA () 4082152 + 8 [0]
         mmcqd/1-117   [000] ...2  2995.778458: sched_switch: prev_comm=mmcqd/1 prev_pid=117 prev_prio=120 prev_state=S ==> next_comm=main next_pid=14085 next_prio=120
           <...>-14085 [000] ...2  2995.778486: sched_switch: prev_comm=main prev_pid=14085 prev_prio=120 prev_state=D|W ==> next_comm=swapper/0 next_pid=0 next_prio=120
          <idle>-0     [000] ...2  2995.778935: sched_switch: prev_comm=swapper/0 prev_pid=0 prev_prio=120 prev_state=R ==> next_comm=mmcqd/1 next_pid=117 next_prio=120
         mmcqd/1-117   [000] ...1  2995.778966: block_rq_complete: 179,0 RA () 4082168 + 32 [0]
         mmcqd/1-117   [000] ...2  2995.778982: sched_switch: prev_comm=mmcqd/1 prev_pid=117 prev_prio=120 prev_state=S ==> next_comm=main next_pid=14085 next_prio=120
           <...>-14085 [000] ...2  2995.779030: sched_switch: prev_comm=main prev_pid=14085 prev_prio=120 prev_state=D|W ==> next_comm=swapper/0 next_pid=0 next_prio=120
          <idle>-0     [000] ...2  2995.779205: sched_switch: prev_comm=swapper/0 prev_pid=0 prev_prio=120 prev_state=R ==> next_comm=mmcqd/1 next_pid=117 next_prio=120
         mmcqd/1-117   [000] ...1  2995.779215: block_rq_complete: 179,0 RA () 4082240 + 8 [0]
         mmcqd/1-117   [000] ...2  2995.779232: sched_switch: prev_comm=mmcqd/1 prev_pid=117 prev_prio=120 prev_state=R+ ==> next_comm=kworker/0:2H next_pid=520 next_prio=100
    kworker/0:2H-520   [000] ...2  2995.779239: sched_switch: prev_comm=kworker/0:2H prev_pid=520 prev_prio=100 prev_state=S ==> next_comm=mmcqd/1 next_pid=117 next_prio=120
         mmcqd/1-117   [000] ...2  2995.779249: sched_switch: prev_comm=mmcqd/1 prev_pid=117 prev_prio=120 prev_state=S ==> next_comm=main next_pid=14085 next_prio=120
           <...>-14085 [000] d..2  2995.779316: block_rq_insert: 179,0 R 0 () 4082680 + 96 [main]
           <...>-14085 [000] ...2  2995.779326: sched_switch: prev_comm=main prev_pid=14085 prev_prio=120 prev_state=R+ ==> next_comm=mmcqd/1 next_pid=117 next_prio=120
         mmcqd/1-117   [000] ...2  2995.779384: sched_switch: prev_comm=mmcqd/1 prev_pid=117 prev_prio=120 prev_state=S ==> next_comm=main next_pid=14085 next_prio=120
           <...>-14085 [000] ...2  2995.779390: sched_switch: prev_comm=main prev_pid=14085 prev_prio=120 prev_state=D|W ==> next_comm=swapper/0 next_pid=0 next_prio=120
          <idle>-0     [000] ...2  2995.780140: sched_switch: prev_comm=swapper/0 prev_pid=0 prev_prio=120 prev_state=R ==> next_comm=mmcqd/1 next_pid=117 next_prio=120
         mmcqd/1-117   [000] ...1  2995.780170: block_rq_complete: 179,0 RA () 4082680 + 96 [0]
         mmcqd/1-117   [000] ...2  2995.780190: sched_switch: prev_comm=mmcqd/1 prev_pid=117 prev_prio=120 prev_state=R+ ==> next_comm=kworker/0:2H next_pid=520 next_prio=100
    kworker/0:2H-520   [000] ...2  2995.780197: sched_switch: prev_comm=kworker/0:2H prev_pid=520 prev_prio=100 prev_state=S ==> next_comm=mmcqd/1 next_pid=117 next_prio=120
         mmcqd/1-117   [000] ...2  2995.780206: sched_switch: prev_comm=mmcqd/1 prev_pid=117 prev_prio=120 prev_state=S ==> next_comm=main next_pid=14085 next_prio=120
           <...>-14085 [000] d..2  2995.780358: block_rq_insert: 179,0 R 0 () 4072976 + 16 [main]
           <...>-14085 [000] d..2  2995.780360: block_rq_insert: 179,0 R 0 () 4073024 + 8 [main]
           <...>-14085 [000] d..2  2995.780362: block_rq_insert: 179,0 R 0 () 4073040 + 16 [main]
           <...>-14085 [000] d..2  2995.780364: block_rq_insert: 179,0 R 0 () 4073064 + 24 [main]
           <...>-14085 [000] d..2  2995.780366: block_rq_insert: 179,0 R 0 () 4073096 + 16 [main]
           <...>-14085 [000] d..2  2995.780368: block_rq_insert: 179,0 R 0 () 4073120 + 72 [main]
           <...>-14085 [000] d..2  2995.780369: block_rq_insert: 179,0 R 0 () 4073208 + 16 [main]
           <...>-14085 [000] ...2  2995.780378: sched_switch: prev_comm=main prev_pid=14085 prev_prio=120 prev_state=R+ ==> next_comm=mmcqd/1 next_pid=117 next_prio=120
         mmcqd/1-117   [000] ...2  2995.780441: sched_switch: prev_comm=mmcqd/1 prev_pid=117 prev_prio=120 prev_state=S ==> next_comm=main next_pid=14085 next_prio=120
           <...>-14085 [000] ...2  2995.780447: sched_switch: prev_comm=main prev_pid=14085 prev_prio=120 prev_state=D|W ==> next_comm=swapper/0 next_pid=0 next_prio=120
          <idle>-0     [000] ...2  2995.780828: sched_switch: prev_comm=swapper/0 prev_pid=0 prev_prio=120 prev_state=R ==> next_comm=mmcqd/1 next_pid=117 next_prio=120
         mmcqd/1-117   [000] ...1  2995.780855: block_rq_complete: 179,0 RA () 4073208 + 16 [0]
         mmcqd/1-117   [000] ...2  2995.780875: sched_switch: prev_comm=mmcqd/1 prev_pid=117 prev_prio=120 prev_state=S ==> next_comm=swapper/0 next_pid=0 next_prio=120
          <idle>-0     [000] ...2  2995.781395: sched_switch: prev_comm=swapper/0 prev_pid=0 prev_prio=120 prev_state=R ==> next_comm=mmcqd/1 next_pid=117 next_prio=120
         mmcqd/1-117   [000] ...1  2995.781434: block_rq_complete: 179,0 RA () 4073120 + 72 [0]
         mmcqd/1-117   [000] ...2  2995.781458: sched_switch: prev_comm=mmcqd/1 prev_pid=117 prev_prio=120 prev_state=S ==> next_comm=swapper/0 next_pid=0 next_prio=120
          <idle>-0     [000] ...2  2995.781671: sched_switch: prev_comm=swapper/0 prev_pid=0 prev_prio=120 prev_state=R ==> next_comm=mmcqd/1 next_pid=117 next_prio=120
         mmcqd/1-117   [000] ...1  2995.781698: block_rq_complete: 179,0 RA () 4073096 + 16 [0]
         mmcqd/1-117   [000] ...2  2995.781722: sched_switch: prev_comm=mmcqd/1 prev_pid=117 prev_prio=120 prev_state=S ==> next_comm=main next_pid=14085 next_prio=120
           <...>-14085 [000] d..2  2995.781786: block_rq_insert: 179,0 R 0 () 4085240 + 72 [main]
           <...>-14085 [000] d..2  2995.781789: block_rq_insert: 179,0 R 0 () 4085320 + 16 [main]
           <...>-14085 [000] d..2  2995.781790: block_rq_insert: 179,0 R 0 () 4085344 + 24 [main]
           <...>-14085 [000] d..2  2995.781792: block_rq_insert: 179,0 R 0 () 4085376 + 16 [main]
           <...>-14085 [000] d..2  2995.781793: block_rq_insert: 179,0 R 0 () 4085408 + 8 [main]
           <...>-14085 [000] d..2  2995.781794: block_rq_insert: 179,0 R 0 () 4085432 + 16 [main]
           <...>-14085 [000] ...2  2995.781801: sched_switch: prev_comm=main prev_pid=14085 prev_prio=120 prev_state=D|W ==> next_comm=swapper/0 next_pid=0 next_prio=120
          <idle>-0     [000] ...2  2995.782020: sched_switch: prev_comm=swapper/0 prev_pid=0 prev_prio=120 prev_state=R ==> next_comm=mmcqd/1 next_pid=117 next_prio=120
         mmcqd/1-117   [000] ...1  2995.782049: block_rq_complete: 179,0 RA () 4073064 + 24 [0]
         mmcqd/1-117   [000] ...2  2995.782068: sched_switch: prev_comm=mmcqd/1 prev_pid=117 prev_prio=120 prev_state=S ==> next_comm=swapper/0 next_pid=0 next_prio=120
          <idle>-0     [000] ...2  2995.782324: sched_switch: prev_comm=swapper/0 prev_pid=0 prev_prio=120 prev_state=R ==> next_comm=mmcqd/1 next_pid=117 next_prio=120
         mmcqd/1-117   [000] ...1  2995.782351: block_rq_complete: 179,0 RA () 4073040 + 16 [0]
         mmcqd/1-117   [000] ...2  2995.782371: sched_switch: prev_comm=mmcqd/1 prev_pid=117 prev_prio=120 prev_state=S ==> next_comm=swapper/0 next_pid=0 next_prio=120
          <idle>-0     [000] ...2  2995.782633: sched_switch: prev_comm=swapper/0 prev_pid=0 prev_prio=120 prev_state=R ==> next_comm=mmcqd/1 next_pid=117 next_prio=120
         mmcqd/1-117   [000] ...1  2995.782658: block_rq_complete: 179,0 RA () 4073024 + 8 [0]
         mmcqd/1-117   [000] ...2  2995.782692: sched_switch: prev_comm=mmcqd/1 prev_pid=117 prev_prio=120 prev_state=S ==> next_comm=swapper/0 next_pid=0 next_prio=120
          <idle>-0     [000] ...2  2995.782934: sched_switch: prev_comm=swapper/0 prev_pid=0 prev_prio=120 prev_state=R ==> next_comm=mmcqd/1 next_pid=117 next_prio=120
         mmcqd/1-117   [000] ...1  2995.782961: block_rq_complete: 179,0 RA () 4072976 + 16 [0]
         mmcqd/1-117   [000] ...2  2995.782981: sched_switch: prev_comm=mmcqd/1 prev_pid=117 prev_prio=120 prev_state=S ==> next_comm=swapper/0 next_pid=0 next_prio=120
          <idle>-0     [000] ...2  2995.783621: sched_switch: prev_comm=swapper/0 prev_pid=0 prev_prio=120 prev_state=R ==> next_comm=mmcqd/1 next_pid=117 next_prio=120
         mmcqd/1-117   [000] ...1  2995.783661: block_rq_complete: 179,0 RA () 4085240 + 72 [0]
         mmcqd/1-117   [000] ...2  2995.783685: sched_switch: prev_comm=mmcqd/1 prev_pid=117 prev_prio=120 prev_state=S ==> next_comm=swapper/0 next_pid=0 next_prio=120
          <idle>-0     [000] ...2  2995.783919: sched_switch: prev_comm=swapper/0 prev_pid=0 prev_prio=120 prev_state=R ==> next_comm=mmcqd/1 next_pid=117 next_prio=120
         mmcqd/1-117   [000] ...1  2995.783947: block_rq_complete: 179,0 RA () 4085320 + 16 [0]
         mmcqd/1-117   [000] ...2  2995.783971: sched_switch: prev_comm=mmcqd/1 prev_pid=117 prev_prio=120 prev_state=S ==> next_comm=main next_pid=14085 next_prio=120
           <...>-14085 [000] ...2  2995.784265: sched_switch: prev_comm=main prev_pid=14085 prev_prio=120 prev_state=R+ ==> next_comm=mmcqd/1 next_pid=117 next_prio=120
         mmcqd/1-117   [000] ...1  2995.784296: block_rq_complete: 179,0 RA () 4085344 + 24 [0]
         mmcqd/1-117   [000] ...2  2995.784317: sched_switch: prev_comm=mmcqd/1 prev_pid=117 prev_prio=120 prev_state=S ==> next_comm=main next_pid=14085 next_prio=120
           <...>-14085 [000] d..2  2995.784348: block_rq_insert: 179,0 R 0 () 4083344 + 8 [main]
           <...>-14085 [000] d..2  2995.784351: block_rq_insert: 179,0 R 0 () 4083392 + 24 [main]
           <...>-14085 [000] d..2  2995.784352: block_rq_insert: 179,0 R 0 () 4083424 + 32 [main]
           <...>-14085 [000] d..2  2995.784354: block_rq_insert: 179,0 R 0 () 4083496 + 8 [main]
           <...>-14085 [000] ...2  2995.784361: sched_switch: prev_comm=main prev_pid=14085 prev_prio=120 prev_state=D|W ==> next_comm=swapper/0 next_pid=0 next_prio=120
          <idle>-0     [000] ...2  2995.784561: sched_switch: prev_comm=swapper/0 prev_pid=0 prev_prio=120 prev_state=R ==> next_comm=mmcqd/1 next_pid=117 next_prio=120
         mmcqd/1-117   [000] ...1  2995.784588: block_rq_complete: 179,0 RA () 4085376 + 16 [0]
         mmcqd/1-117   [000] ...2  2995.784608: sched_switch: prev_comm=mmcqd/1 prev_pid=117 prev_prio=120 prev_state=S ==> next_comm=swapper/0 next_pid=0 next_prio=120
          <idle>-0     [000] ...2  2995.784806: sched_switch: prev_comm=swapper/0 prev_pid=0 prev_prio=120 prev_state=R ==> next_comm=mmcqd/1 next_pid=117 next_prio=120
         mmcqd/1-117   [000] ...1  2995.784832: block_rq_complete: 179,0 RA () 4085408 + 8 [0]
         mmcqd/1-117   [000] ...2  2995.784849: sched_switch: prev_comm=mmcqd/1 prev_pid=117 prev_prio=120 prev_state=S ==> next_comm=swapper/0 next_pid=0 next_prio=120
          <idle>-0     [000] ...2  2995.785143: sched_switch: prev_comm=swapper/0 prev_pid=0 prev_prio=120 prev_state=R ==> next_comm=mmcqd/1 next_pid=117 next_prio=120
         mmcqd/1-117   [000] ...1  2995.785170: block_rq_complete: 179,0 RA () 4085432 + 16 [0]
         mmcqd/1-117   [000] ...2  2995.785194: sched_switch: prev_comm=mmcqd/1 prev_pid=117 prev_prio=120 prev_state=S ==> next_comm=swapper/0 next_pid=0 next_prio=120
          <idle>-0     [000] ...2  2995.785403: sched_switch: prev_comm=swapper/0 prev_pid=0 prev_prio=120 prev_state=R ==> next_comm=mmcqd/1 next_pid=117 next_prio=120
         mmcqd/1-117   [000] ...1  2995.785428: block_rq_complete: 179,0 RA () 4083496 + 8 [0]
         mmcqd/1-117   [000] ...2  2995.785450: sched_switch: prev_comm=mmcqd/1 prev_pid=117 prev_prio=120 prev_state=S ==> next_comm=swapper/0 next_pid=0 next_prio=120
          <idle>-0     [000] ...2  2995.785786: sched_switch: prev_comm=swapper/0 prev_pid=0 prev_prio=120 prev_state=R ==> next_comm=mmcqd/1 next_pid=117 next_prio=120
         mmcqd/1-117   [000] ...1  2995.785816: block_rq_complete: 179,0 RA () 4083424 + 32 [0]
         mmcqd/1-117   [000] ...2  2995.785835: sched_switch: prev_comm=mmcqd/1 prev_pid=117 prev_prio=120 prev_state=S ==> next_comm=swapper/0 next_pid=0 next_prio=120
          <idle>-0     [000] ...2  2995.786122: sched_switch: prev_comm=swapper/0 prev_pid=0 prev_prio=120 prev_state=R ==> next_comm=mmcqd/1 next_pid=117 next_prio=120
         mmcqd/1-117   [000] ...1  2995.786150: block_rq_complete: 179,0 RA () 4083392 + 24 [0]
         mmcqd/1-117   [000] ...2  2995.786166: sched_switch: prev_comm=mmcqd/1 prev_pid=117 prev_prio=120 prev_state=S ==> next_comm=main next_pid=14085 next_prio=120
           <...>-14085 [000] d..2  2995.786212: block_rq_insert: 179,0 R 0 () 4082888 + 24 [main]
           <...>-14085 [000] d..2  2995.786215: block_rq_insert: 179,0 R 0 () 4083008 + 8 [main]
           <...>-14085 [000] ...2  2995.786225: sched_switch: prev_comm=main prev_pid=14085 prev_prio=120 prev_state=R+ ==> next_comm=mmcqd/1 next_pid=117 next_prio=120
         mmcqd/1-117   [000] ...2  2995.786241: sched_switch: prev_comm=mmcqd/1 prev_pid=117 prev_prio=120 prev_state=S ==> next_comm=main next_pid=14085 next_prio=120
           <...>-14085 [000] ...2  2995.786246: sched_switch: prev_comm=main prev_pid=14085 prev_prio=120 prev_state=D|W ==> next_comm=swapper/0 next_pid=0 next_prio=120
          <idle>-0     [000] ...2  2995.786363: sched_switch: prev_comm=swapper/0 prev_pid=0 prev_prio=120 prev_state=R ==> next_comm=mmcqd/1 next_pid=117 next_prio=120
         mmcqd/1-117   [000] ...1  2995.786389: block_rq_complete: 179,0 RA () 4083344 + 8 [0]
         mmcqd/1-117   [000] ...2  2995.786410: sched_switch: prev_comm=mmcqd/1 prev_pid=117 prev_prio=120 prev_state=S ==> next_comm=swapper/0 next_pid=0 next_prio=120
          <idle>-0     [000] ...2  2995.786650: sched_switch: prev_comm=swapper/0 prev_pid=0 prev_prio=120 prev_state=R ==> next_comm=mmcqd/1 next_pid=117 next_prio=120
         mmcqd/1-117   [000] ...1  2995.786675: block_rq_complete: 179,0 RA () 4083008 + 8 [0]
         mmcqd/1-117   [000] ...2  2995.786687: sched_switch: prev_comm=mmcqd/1 prev_pid=117 prev_prio=120 prev_state=S ==> next_comm=swapper/0 next_pid=0 next_prio=120
          <idle>-0     [000] ...2  2995.786993: sched_switch: prev_comm=swapper/0 prev_pid=0 prev_prio=120 prev_state=R ==> next_comm=mmcqd/1 next_pid=117 next_prio=120
         mmcqd/1-117   [000] ...1  2995.787006: block_rq_complete: 179,0 RA () 4082888 + 24 [0]
         mmcqd/1-117   [000] ...2  2995.787023: sched_switch: prev_comm=mmcqd/1 prev_pid=117 prev_prio=120 prev_state=R+ ==> next_comm=kworker/0:2H next_pid=520 next_prio=100
    kworker/0:2H-520   [000] ...2  2995.787031: sched_switch: prev_comm=kworker/0:2H prev_pid=520 prev_prio=100 prev_state=S ==> next_comm=mmcqd/1 next_pid=117 next_prio=120
         mmcqd/1-117   [000] ...2  2995.787041: sched_switch: prev_comm=mmcqd/1 prev_pid=117 prev_prio=120 prev_state=S ==> next_comm=main next_pid=14085 next_prio=120
           <...>-14085 [000] d..2  2995.787181: block_rq_insert: 179,0 R 0 () 4085480 + 136 [main]
           <...>-14085 [000] ...2  2995.787191: sched_switch: prev_comm=main prev_pid=14085 prev_prio=120 prev_state=R+ ==> next_comm=mmcqd/1 next_pid=117 next_prio=120
         mmcqd/1-117   [000] ...2  2995.787262: sched_switch: prev_comm=mmcqd/1 prev_pid=117 prev_prio=120 prev_state=S ==> next_comm=main next_pid=14085 next_prio=120
           <...>-14085 [000] ...2  2995.787267: sched_switch: prev_comm=main prev_pid=14085 prev_prio=120 prev_state=D|W ==> next_comm=swapper/0 next_pid=0 next_prio=120
          <idle>-0     [000] ...2  2995.788154: sched_switch: prev_comm=swapper/0 prev_pid=0 prev_prio=120 prev_state=R ==> next_comm=mmcqd/1 next_pid=117 next_prio=120
         mmcqd/1-117   [000] ...1  2995.788193: block_rq_complete: 179,0 RA () 4085480 + 136 [0]
         mmcqd/1-117   [000] ...2  2995.788215: sched_switch: prev_comm=mmcqd/1 prev_pid=117 prev_prio=120 prev_state=R+ ==> next_comm=kworker/0:2H next_pid=520 next_prio=100
    kworker/0:2H-520   [000] ...2  2995.788222: sched_switch: prev_comm=kworker/0:2H prev_pid=520 prev_prio=100 prev_state=S ==> next_comm=mmcqd/1 next_pid=117 next_prio=120
         mmcqd/1-117   [000] ...2  2995.788231: sched_switch: prev_comm=mmcqd/1 prev_pid=117 prev_prio=120 prev_state=S ==> next_comm=main next_pid=14085 next_prio=120
           <...>-14085 [000] d..2  2995.788383: block_rq_insert: 179,0 R 0 () 4083264 + 8 [main]
           <...>-14085 [000] ...2  2995.788392: sched_switch: prev_comm=main prev_pid=14085 prev_prio=120 prev_state=R+ ==> next_comm=mmcqd/1 next_pid=117 next_prio=120
         mmcqd/1-117   [000] ...2  2995.788429: sched_switch: prev_comm=mmcqd/1 prev_pid=117 prev_prio=120 prev_state=S ==> next_comm=main next_pid=14085 next_prio=120
           <...>-14085 [000] ...2  2995.788435: sched_switch: prev_comm=main prev_pid=14085 prev_prio=120 prev_state=D|W ==> next_comm=swapper/0 next_pid=0 next_prio=120
          <idle>-0     [000] ...2  2995.788664: sched_switch: prev_comm=swapper/0 prev_pid=0 prev_prio=120 prev_state=R ==> next_comm=mmcqd/1 next_pid=117 next_prio=120
         mmcqd/1-117   [000] ...1  2995.788674: block_rq_complete: 179,0 RA () 4083264 + 8 [0]
         mmcqd/1-117   [000] ...2  2995.788691: sched_switch: prev_comm=mmcqd/1 prev_pid=117 prev_prio=120 prev_state=R+ ==> next_comm=kworker/0:2H next_pid=520 next_prio=100
    kworker/0:2H-520   [000] ...2  2995.788698: sched_switch: prev_comm=kworker/0:2H prev_pid=520 prev_prio=100 prev_state=S ==> next_comm=mmcqd/1 next_pid=117 next_prio=120
         mmcqd/1-117   [000] ...2  2995.788707: sched_switch: prev_comm=mmcqd/1 prev_pid=117 prev_prio=120 prev_state=S ==> next_comm=main next_pid=14085 next_prio=120
           <...>-14085 [000] d..2  2995.789397: block_rq_insert: 179,0 R 0 () 4085656 + 256 [main]
           <...>-14085 [000] ...2  2995.789408: sched_switch: prev_comm=main prev_pid=14085 prev_prio=120 prev_state=R+ ==> next_comm=mmcqd/1 next_pid=117 next_prio=120
         mmcqd/1-117   [000] ...2  2995.789506: sched_switch: prev_comm=mmcqd/1 prev_pid=117 prev_prio=120 prev_state=S ==> next_comm=main next_pid=14085 next_prio=120
           <...>-14085 [000] ...2  2995.789512: sched_switch: prev_comm=main prev_pid=14085 prev_prio=120 prev_state=D|W ==> next_comm=swapper/0 next_pid=0 next_prio=120
          <idle>-0     [000] ...2  2995.790957: sched_switch: prev_comm=swapper/0 prev_pid=0 prev_prio=120 prev_state=R ==> next_comm=mmcqd/1 next_pid=117 next_prio=120
         mmcqd/1-117   [000] ...1  2995.791022: block_rq_complete: 179,0 RA () 4085656 + 256 [0]
         mmcqd/1-117   [000] ...2  2995.791047: sched_switch: prev_comm=mmcqd/1 prev_pid=117 prev_prio=120 prev_state=R+ ==> next_comm=kworker/0:2H next_pid=520 next_prio=100
    kworker/0:2H-520   [000] ...2  2995.791055: sched_switch: prev_comm=kworker/0:2H prev_pid=520 prev_prio=100 prev_state=S ==> next_comm=mmcqd/1 next_pid=117 next_prio=120
         mmcqd/1-117   [000] ...2  2995.791064: sched_switch: prev_comm=mmcqd/1 prev_pid=117 prev_prio=120 prev_state=S ==> next_comm=main next_pid=14085 next_prio=120
           <...>-14085 [000] ...2  2995.791983: sched_switch: prev_comm=main prev_pid=14085 prev_prio=120 prev_state=R ==> next_comm=kworker/u:1 next_pid=12437 next_prio=120
           <...>-12437 [000] ...2  2995.791999: sched_switch: prev_comm=kworker/u:1 prev_pid=12437 prev_prio=120 prev_state=S ==> next_comm=mpdecision next_pid=1614 next_prio=113
      mpdecision-1614  [000] ...2  2995.792244: sched_switch: prev_comm=mpdecision prev_pid=1614 prev_prio=113 prev_state=S ==> next_comm=main next_pid=14085 next_prio=120
           <...>-14085 [000] d..2  2995.792309: block_rq_insert: 179,0 R 0 () 4085912 + 256 [main]
           <...>-14085 [000] ...2  2995.792320: sched_switch: prev_comm=main prev_pid=14085 prev_prio=120 prev_state=R+ ==> next_comm=mmcqd/1 next_pid=117 next_prio=120
         mmcqd/1-117   [000] ...2  2995.792424: sched_switch: prev_comm=mmcqd/1 prev_pid=117 prev_prio=120 prev_state=S ==> next_comm=main next_pid=14085 next_prio=120
           <...>-14085 [000] ...2  2995.792501: sched_switch: prev_comm=main prev_pid=14085 prev_prio=120 prev_state=D|W ==> next_comm=swapper/0 next_pid=0 next_prio=120
          <idle>-0     [000] ...2  2995.792518: sched_switch: prev_comm=swapper/0 prev_pid=0 prev_prio=120 prev_state=R ==> next_comm=ksoftirqd/0 next_pid=3 next_prio=120
     ksoftirqd/0-3     [000] ...2  2995.792528: sched_switch: prev_comm=ksoftirqd/0 prev_pid=3 prev_prio=120 prev_state=S ==> next_comm=swapper/0 next_pid=0 next_prio=120
          <idle>-0     [000] ...2  2995.792545: sched_switch: prev_comm=swapper/0 prev_pid=0 prev_prio=120 prev_state=R ==> next_comm=ksoftirqd/0 next_pid=3 next_prio=120
     ksoftirqd/0-3     [000] ...2  2995.792553: sched_switch: prev_comm=ksoftirqd/0 prev_pid=3 prev_prio=120 prev_state=S ==> next_comm=swapper/0 next_pid=0 next_prio=120
          <idle>-0     [000] ...2  2995.792568: sched_switch: prev_comm=swapper/0 prev_pid=0 prev_prio=120 prev_state=R ==> next_comm=ksoftirqd/0 next_pid=3 next_prio=120
     ksoftirqd/0-3     [000] ...2  2995.792577: sched_switch: prev_comm=ksoftirqd/0 prev_pid=3 prev_prio=120 prev_state=S ==> next_comm=swapper/0 next_pid=0 next_prio=120
          <idle>-0     [000] ...2  2995.793855: sched_switch: prev_comm=swapper/0 prev_pid=0 prev_prio=120 prev_state=R ==> next_comm=mmcqd/1 next_pid=117 next_prio=120
         mmcqd/1-117   [000] ...1  2995.793921: block_rq_complete: 179,0 RA () 4085912 + 256 [0]
         mmcqd/1-117   [000] ...2  2995.793949: sched_switch: prev_comm=mmcqd/1 prev_pid=117 prev_prio=120 prev_state=R+ ==> next_comm=kworker/0:2H next_pid=520 next_prio=100
    kworker/0:2H-520   [000] ...2  2995.793957: sched_switch: prev_comm=kworker/0:2H prev_pid=520 prev_prio=100 prev_state=S ==> next_comm=mmcqd/1 next_pid=117 next_prio=120
         mmcqd/1-117   [000] ...2  2995.793966: sched_switch: prev_comm=mmcqd/1 prev_pid=117 prev_prio=120 prev_state=S ==> next_comm=main next_pid=14085 next_prio=120
           <...>-14085 [000] d..2  2995.794042: block_rq_insert: 179,0 R 0 () 4072864 + 64 [main]
           <...>-14085 [000] d..2  2995.794044: block_rq_insert: 179,0 R 0 () 4072944 + 8 [main]
           <...>-14085 [000] ...2  2995.794054: sched_switch: prev_comm=main prev_pid=14085 prev_prio=120 prev_state=R+ ==> next_comm=mmcqd/1 next_pid=117 next_prio=120
         mmcqd/1-117   [000] ...2  2995.794112: sched_switch: prev_comm=mmcqd/1 prev_pid=117 prev_prio=120 prev_state=S ==> next_comm=main next_pid=14085 next_prio=120
           <...>-14085 [000] ...2  2995.794120: sched_switch: prev_comm=main prev_pid=14085 prev_prio=120 prev_state=D|W ==> next_comm=swapper/0 next_pid=0 next_prio=120
          <idle>-0     [000] ...2  2995.794321: sched_switch: prev_comm=swapper/0 prev_pid=0 prev_prio=120 prev_state=R ==> next_comm=mmcqd/1 next_pid=117 next_prio=120
         mmcqd/1-117   [000] ...1  2995.794347: block_rq_complete: 179,0 RA () 4072944 + 8 [0]
         mmcqd/1-117   [000] ...2  2995.794359: sched_switch: prev_comm=mmcqd/1 prev_pid=117 prev_prio=120 prev_state=S ==> next_comm=swapper/0 next_pid=0 next_prio=120
          <idle>-0     [000] ...2  2995.794863: sched_switch: prev_comm=swapper/0 prev_pid=0 prev_prio=120 prev_state=R ==> next_comm=mmcqd/1 next_pid=117 next_prio=120
         mmcqd/1-117   [000] ...1  2995.794885: block_rq_complete: 179,0 RA () 4072864 + 64 [0]
         mmcqd/1-117   [000] ...2  2995.794903: sched_switch: prev_comm=mmcqd/1 prev_pid=117 prev_prio=120 prev_state=R+ ==> next_comm=kworker/0:2H next_pid=520 next_prio=100
    kworker/0:2H-520   [000] ...2  2995.794911: sched_switch: prev_comm=kworker/0:2H prev_pid=520 prev_prio=100 prev_state=S ==> next_comm=mmcqd/1 next_pid=117 next_prio=120
         mmcqd/1-117   [000] ...2  2995.794921: sched_switch: prev_comm=mmcqd/1 prev_pid=117 prev_prio=120 prev_state=S ==> next_comm=main next_pid=14085 next_prio=120
           <...>-14085 [000] d..2  2995.795215: block_rq_insert: 179,0 R 0 () 4086168 + 184 [main]
           <...>-14085 [000] ...2  2995.795225: sched_switch: prev_comm=main prev_pid=14085 prev_prio=120 prev_state=R+ ==> next_comm=mmcqd/1 next_pid=117 next_prio=120
         mmcqd/1-117   [000] ...2  2995.795308: sched_switch: prev_comm=mmcqd/1 prev_pid=117 prev_prio=120 prev_state=S ==> next_comm=main next_pid=14085 next_prio=120
           <...>-14085 [000] ...2  2995.795315: sched_switch: prev_comm=main prev_pid=14085 prev_prio=120 prev_state=D|W ==> next_comm=swapper/0 next_pid=0 next_prio=120
          <idle>-0     [000] ...2  2995.796426: sched_switch: prev_comm=swapper/0 prev_pid=0 prev_prio=120 prev_state=R ==> next_comm=mmcqd/1 next_pid=117 next_prio=120
         mmcqd/1-117   [000] ...1  2995.796475: block_rq_complete: 179,0 RA () 4086168 + 184 [0]
         mmcqd/1-117   [000] ...2  2995.796499: sched_switch: prev_comm=mmcqd/1 prev_pid=117 prev_prio=120 prev_state=R+ ==> next_comm=kworker/0:2H next_pid=520 next_prio=100
    kworker/0:2H-520   [000] ...2  2995.796506: sched_switch: prev_comm=kworker/0:2H prev_pid=520 prev_prio=100 prev_state=S ==> next_comm=mmcqd/1 next_pid=117 next_prio=120
         mmcqd/1-117   [000] ...2  2995.796515: sched_switch: prev_comm=mmcqd/1 prev_pid=117 prev_prio=120 prev_state=S ==> next_comm=main next_pid=14085 next_prio=120
           <...>-14085 [000] d..2  2995.796837: block_rq_insert: 179,0 R 0 () 1207472 + 8 [main]
           <...>-14085 [000] d..2  2995.796840: block_rq_insert: 179,0 R 0 () 1207488 + 16 [main]
           <...>-14085 [000] d..2  2995.796842: block_rq_insert: 179,0 R 0 () 1207584 + 24 [main]
           <...>-14085 [000] ...2  2995.796851: sched_switch: prev_comm=main prev_pid=14085 prev_prio=120 prev_state=R+ ==> next_comm=mmcqd/1 next_pid=117 next_prio=120
         mmcqd/1-117   [000] ...2  2995.796899: sched_switch: prev_comm=mmcqd/1 prev_pid=117 prev_prio=120 prev_state=S ==> next_comm=main next_pid=14085 next_prio=120
           <...>-14085 [000] ...2  2995.796907: sched_switch: prev_comm=main prev_pid=14085 prev_prio=120 prev_state=D|W ==> next_comm=swapper/0 next_pid=0 next_prio=120
          <idle>-0     [000] ...2  2995.796924: sched_switch: prev_comm=swapper/0 prev_pid=0 prev_prio=120 prev_state=R ==> next_comm=ksoftirqd/0 next_pid=3 next_prio=120
     ksoftirqd/0-3     [000] ...2  2995.796933: sched_switch: prev_comm=ksoftirqd/0 prev_pid=3 prev_prio=120 prev_state=S ==> next_comm=swapper/0 next_pid=0 next_prio=120
          <idle>-0     [000] ...2  2995.796949: sched_switch: prev_comm=swapper/0 prev_pid=0 prev_prio=120 prev_state=R ==> next_comm=ksoftirqd/0 next_pid=3 next_prio=120
     ksoftirqd/0-3     [000] ...2  2995.796957: sched_switch: prev_comm=ksoftirqd/0 prev_pid=3 prev_prio=120 prev_state=S ==> next_comm=swapper/0 next_pid=0 next_prio=120
          <idle>-0     [000] ...2  2995.796972: sched_switch: prev_comm=swapper/0 prev_pid=0 prev_prio=120 prev_state=R ==> next_comm=ksoftirqd/0 next_pid=3 next_prio=120
     ksoftirqd/0-3     [000] ...2  2995.796980: sched_switch: prev_comm=ksoftirqd/0 prev_pid=3 prev_prio=120 prev_state=S ==> next_comm=swapper/0 next_pid=0 next_prio=120
          <idle>-0     [000] ...2  2995.797127: sched_switch: prev_comm=swapper/0 prev_pid=0 prev_prio=120 prev_state=R ==> next_comm=mmcqd/1 next_pid=117 next_prio=120
         mmcqd/1-117   [000] ...1  2995.797153: block_rq_complete: 179,0 RA () 1207472 + 8 [0]
         mmcqd/1-117   [000] ...2  2995.797177: sched_switch: prev_comm=mmcqd/1 prev_pid=117 prev_prio=120 prev_state=S ==> next_comm=swapper/0 next_pid=0 next_prio=120
          <idle>-0     [000] ...2  2995.797438: sched_switch: prev_comm=swapper/0 prev_pid=0 prev_prio=120 prev_state=R ==> next_comm=mmcqd/1 next_pid=117 next_prio=120
         mmcqd/1-117   [000] ...1  2995.797465: block_rq_complete: 179,0 RA () 1207488 + 16 [0]
         mmcqd/1-117   [000] ...2  2995.797478: sched_switch: prev_comm=mmcqd/1 prev_pid=117 prev_prio=120 prev_state=S ==> next_comm=swapper/0 next_pid=0 next_prio=120
          <idle>-0     [000] ...2  2995.797765: sched_switch: prev_comm=swapper/0 prev_pid=0 prev_prio=120 prev_state=R ==> next_comm=mmcqd/1 next_pid=117 next_prio=120
         mmcqd/1-117   [000] ...1  2995.797778: block_rq_complete: 179,0 RA () 1207584 + 24 [0]
         mmcqd/1-117   [000] ...2  2995.797796: sched_switch: prev_comm=mmcqd/1 prev_pid=117 prev_prio=120 prev_state=R+ ==> next_comm=kworker/0:2H next_pid=520 next_prio=100
    kworker/0:2H-520   [000] ...2  2995.797803: sched_switch: prev_comm=kworker/0:2H prev_pid=520 prev_prio=100 prev_state=S ==> next_comm=mmcqd/1 next_pid=117 next_prio=120
         mmcqd/1-117   [000] ...2  2995.797812: sched_switch: prev_comm=mmcqd/1 prev_pid=117 prev_prio=120 prev_state=S ==> next_comm=main next_pid=14085 next_prio=120
           <...>-14085 [000] d..2  2995.799752: block_rq_insert: 179,0 R 0 () 3996192 + 8 [main]
           <...>-14085 [000] d..2  2995.799756: block_rq_insert: 179,0 R 0 () 3996264 + 8 [main]
           <...>-14085 [000] ...2  2995.799770: sched_switch: prev_comm=main prev_pid=14085 prev_prio=120 prev_state=R+ ==> next_comm=mmcqd/1 next_pid=117 next_prio=120
         mmcqd/1-117   [000] ...2  2995.799825: sched_switch: prev_comm=mmcqd/1 prev_pid=117 prev_prio=120 prev_state=S ==> next_comm=main next_pid=14085 next_prio=120
           <...>-14085 [000] ...2  2995.799833: sched_switch: prev_comm=main prev_pid=14085 prev_prio=120 prev_state=D|W ==> next_comm=swapper/0 next_pid=0 next_prio=120
          <idle>-0     [000] ...2  2995.800056: sched_switch: prev_comm=swapper/0 prev_pid=0 prev_prio=120 prev_state=R ==> next_comm=mmcqd/1 next_pid=117 next_prio=120
         mmcqd/1-117   [000] ...1  2995.800082: block_rq_complete: 179,0 RA () 3996192 + 8 [0]
         mmcqd/1-117   [000] ...2  2995.800095: sched_switch: prev_comm=mmcqd/1 prev_pid=117 prev_prio=120 prev_state=S ==> next_comm=swapper/0 next_pid=0 next_prio=120
          <idle>-0     [000] ...2  2995.800335: sched_switch: prev_comm=swapper/0 prev_pid=0 prev_prio=120 prev_state=R ==> next_comm=mmcqd/1 next_pid=117 next_prio=120
         mmcqd/1-117   [000] ...1  2995.800345: block_rq_complete: 179,0 RA () 3996264 + 8 [0]
         mmcqd/1-117   [000] ...2  2995.800362: sched_switch: prev_comm=mmcqd/1 prev_pid=117 prev_prio=120 prev_state=R+ ==> next_comm=kworker/0:2H next_pid=520 next_prio=100
    kworker/0:2H-520   [000] ...2  2995.800371: sched_switch: prev_comm=kworker/0:2H prev_pid=520 prev_prio=100 prev_state=S ==> next_comm=mmcqd/1 next_pid=117 next_prio=120
         mmcqd/1-117   [000] ...2  2995.800380: sched_switch: prev_comm=mmcqd/1 prev_pid=117 prev_prio=120 prev_state=S ==> next_comm=main next_pid=14085 next_prio=120
           <...>-14085 [000] d..2  2995.802939: block_rq_insert: 179,0 R 0 () 4082472 + 16 [main]
           <...>-14085 [000] d..2  2995.802942: block_rq_insert: 179,0 R 0 () 4082496 + 8 [main]
           <...>-14085 [000] d..2  2995.802944: block_rq_insert: 179,0 R 0 () 4082512 + 8 [main]
           <...>-14085 [000] d..2  2995.802946: block_rq_insert: 179,0 R 0 () 4082536 + 8 [main]
           <...>-14085 [000] d..2  2995.802948: block_rq_insert: 179,0 R 0 () 4082552 + 24 [main]
           <...>-14085 [000] d..2  2995.802949: block_rq_insert: 179,0 R 0 () 4082584 + 16 [main]
           <...>-14085 [000] ...2  2995.802961: sched_switch: prev_comm=main prev_pid=14085 prev_prio=120 prev_state=R+ ==> next_comm=mmcqd/1 next_pid=117 next_prio=120
         mmcqd/1-117   [000] ...2  2995.803016: sched_switch: prev_comm=mmcqd/1 prev_pid=117 prev_prio=120 prev_state=S ==> next_comm=main next_pid=14085 next_prio=120
           <...>-14085 [000] ...2  2995.803023: sched_switch: prev_comm=main prev_pid=14085 prev_prio=120 prev_state=D|W ==> next_comm=swapper/0 next_pid=0 next_prio=120
          <idle>-0     [000] ...2  2995.803275: sched_switch: prev_comm=swapper/0 prev_pid=0 prev_prio=120 prev_state=R ==> next_comm=mmcqd/1 next_pid=117 next_prio=120
         mmcqd/1-117   [000] ...1  2995.803304: block_rq_complete: 179,0 RA () 4082472 + 16 [0]
         mmcqd/1-117   [000] ...2  2995.803329: sched_switch: prev_comm=mmcqd/1 prev_pid=117 prev_prio=120 prev_state=S ==> next_comm=main next_pid=14085 next_prio=120
           <...>-14085 [000] ...2  2995.803540: sched_switch: prev_comm=main prev_pid=14085 prev_prio=120 prev_state=R ==> next_comm=mmcqd/1 next_pid=117 next_prio=120
         mmcqd/1-117   [000] ...1  2995.803567: block_rq_complete: 179,0 RA () 4082496 + 8 [0]
         mmcqd/1-117   [000] ...2  2995.803586: sched_switch: prev_comm=mmcqd/1 prev_pid=117 prev_prio=120 prev_state=S ==> next_comm=main next_pid=14085 next_prio=120
           <...>-14085 [000] ...2  2995.803855: sched_switch: prev_comm=main prev_pid=14085 prev_prio=120 prev_state=R ==> next_comm=mmcqd/1 next_pid=117 next_prio=120
         mmcqd/1-117   [000] ...1  2995.803880: block_rq_complete: 179,0 RA () 4082512 + 8 [0]
         mmcqd/1-117   [000] ...2  2995.803904: sched_switch: prev_comm=mmcqd/1 prev_pid=117 prev_prio=120 prev_state=S ==> next_comm=main next_pid=14085 next_prio=120
           <...>-14085 [000] ...2  2995.804136: sched_switch: prev_comm=main prev_pid=14085 prev_prio=120 prev_state=R ==> next_comm=mmcqd/1 next_pid=117 next_prio=120
         mmcqd/1-117   [000] ...1  2995.804160: block_rq_complete: 179,0 RA () 4082536 + 8 [0]
         mmcqd/1-117   [000] ...2  2995.804181: sched_switch: prev_comm=mmcqd/1 prev_pid=117 prev_prio=120 prev_state=S ==> next_comm=main next_pid=14085 next_prio=120
           <...>-14085 [000] ...2  2995.804532: sched_switch: prev_comm=main prev_pid=14085 prev_prio=120 prev_state=R ==> next_comm=mmcqd/1 next_pid=117 next_prio=120
         mmcqd/1-117   [000] ...1  2995.804561: block_rq_complete: 179,0 RA () 4082552 + 24 [0]
         mmcqd/1-117   [000] ...2  2995.804572: sched_switch: prev_comm=mmcqd/1 prev_pid=117 prev_prio=120 prev_state=S ==> next_comm=main next_pid=14085 next_prio=120
           <...>-14085 [000] ...2  2995.804859: sched_switch: prev_comm=main prev_pid=14085 prev_prio=120 prev_state=R ==> next_comm=mmcqd/1 next_pid=117 next_prio=120
         mmcqd/1-117   [000] ...1  2995.804871: block_rq_complete: 179,0 RA () 4082584 + 16 [0]
         mmcqd/1-117   [000] ...2  2995.804885: sched_switch: prev_comm=mmcqd/1 prev_pid=117 prev_prio=120 prev_state=R+ ==> next_comm=kworker/0:2H next_pid=520 next_prio=100
    kworker/0:2H-520   [000] ...2  2995.804893: sched_switch: prev_comm=kworker/0:2H prev_pid=520 prev_prio=100 prev_state=S ==> next_comm=mmcqd/1 next_pid=117 next_prio=120
         mmcqd/1-117   [000] ...2  2995.804902: sched_switch: prev_comm=mmcqd/1 prev_pid=117 prev_prio=120 prev_state=S ==> next_comm=main next_pid=14085 next_prio=120
           <...>-14085 [000] d..2  2995.814142: block_rq_insert: 179,0 R 0 () 802944 + 32 [main]
           <...>-14085 [000] ...2  2995.814157: sched_switch: prev_comm=main prev_pid=14085 prev_prio=120 prev_state=R+ ==> next_comm=mmcqd/1 next_pid=117 next_prio=120
         mmcqd/1-117   [000] ...2  2995.814207: sched_switch: prev_comm=mmcqd/1 prev_pid=117 prev_prio=120 prev_state=S ==> next_comm=main next_pid=14085 next_prio=120
           <...>-14085 [000] ...2  2995.814213: sched_switch: prev_comm=main prev_pid=14085 prev_prio=120 prev_state=D|W ==> next_comm=swapper/0 next_pid=0 next_prio=120
          <idle>-0     [000] ...2  2995.814231: sched_switch: prev_comm=swapper/0 prev_pid=0 prev_prio=120 prev_state=R ==> next_comm=ksoftirqd/0 next_pid=3 next_prio=120
     ksoftirqd/0-3     [000] ...2  2995.814240: sched_switch: prev_comm=ksoftirqd/0 prev_pid=3 prev_prio=120 prev_state=S ==> next_comm=swapper/0 next_pid=0 next_prio=120
          <idle>-0     [000] ...2  2995.814256: sched_switch: prev_comm=swapper/0 prev_pid=0 prev_prio=120 prev_state=R ==> next_comm=ksoftirqd/0 next_pid=3 next_prio=120
     ksoftirqd/0-3     [000] ...2  2995.814263: sched_switch: prev_comm=ksoftirqd/0 prev_pid=3 prev_prio=120 prev_state=S ==> next_comm=swapper/0 next_pid=0 next_prio=120
          <idle>-0     [000] ...2  2995.814277: sched_switch: prev_comm=swapper/0 prev_pid=0 prev_prio=120 prev_state=R ==> next_comm=ksoftirqd/0 next_pid=3 next_prio=120
     ksoftirqd/0-3     [000] ...2  2995.814286: sched_switch: prev_comm=ksoftirqd/0 prev_pid=3 prev_prio=120 prev_state=S ==> next_comm=swapper/0 next_pid=0 next_prio=120
          <idle>-0     [000] ...2  2995.814672: sched_switch: prev_comm=swapper/0 prev_pid=0 prev_prio=120 prev_state=R ==> next_comm=mmcqd/1 next_pid=117 next_prio=120
         mmcqd/1-117   [000] ...1  2995.814689: block_rq_complete: 179,0 RA () 802944 + 32 [0]
         mmcqd/1-117   [000] ...2  2995.814708: sched_switch: prev_comm=mmcqd/1 prev_pid=117 prev_prio=120 prev_state=R+ ==> next_comm=kworker/0:2H next_pid=520 next_prio=100
    kworker/0:2H-520   [000] ...2  2995.814716: sched_switch: prev_comm=kworker/0:2H prev_pid=520 prev_prio=100 prev_state=S ==> next_comm=mmcqd/1 next_pid=117 next_prio=120
         mmcqd/1-117   [000] ...2  2995.814726: sched_switch: prev_comm=mmcqd/1 prev_pid=117 prev_prio=120 prev_state=S ==> next_comm=main next_pid=14085 next_prio=120
           <...>-14085 [000] d..2  2995.814762: block_rq_insert: 179,0 R 0 () 802976 + 16 [main]
           <...>-14085 [000] ...2  2995.814772: sched_switch: prev_comm=main prev_pid=14085 prev_prio=120 prev_state=R+ ==> next_comm=mmcqd/1 next_pid=117 next_prio=120
         mmcqd/1-117   [000] ...2  2995.814812: sched_switch: prev_comm=mmcqd/1 prev_pid=117 prev_prio=120 prev_state=S ==> next_comm=main next_pid=14085 next_prio=120
           <...>-14085 [000] ...2  2995.814843: sched_switch: prev_comm=main prev_pid=14085 prev_prio=120 prev_state=D|W ==> next_comm=swapper/0 next_pid=0 next_prio=120
          <idle>-0     [000] ...2  2995.815076: sched_switch: prev_comm=swapper/0 prev_pid=0 prev_prio=120 prev_state=R ==> next_comm=mmcqd/1 next_pid=117 next_prio=120
         mmcqd/1-117   [000] ...1  2995.815088: block_rq_complete: 179,0 RA () 802976 + 16 [0]
         mmcqd/1-117   [000] ...2  2995.815104: sched_switch: prev_comm=mmcqd/1 prev_pid=117 prev_prio=120 prev_state=R+ ==> next_comm=kworker/0:2H next_pid=520 next_prio=100
    kworker/0:2H-520   [000] ...2  2995.815111: sched_switch: prev_comm=kworker/0:2H prev_pid=520 prev_prio=100 prev_state=S ==> next_comm=mmcqd/1 next_pid=117 next_prio=120
         mmcqd/1-117   [000] ...2  2995.815120: sched_switch: prev_comm=mmcqd/1 prev_pid=117 prev_prio=120 prev_state=S ==> next_comm=main next_pid=14085 next_prio=120
           <...>-14085 [000] d..2  2995.815408: block_rq_insert: 179,0 R 0 () 3984384 + 256 [main]
           <...>-14085 [000] ...2  2995.815420: sched_switch: prev_comm=main prev_pid=14085 prev_prio=120 prev_state=R+ ==> next_comm=mmcqd/1 next_pid=117 next_prio=120
         mmcqd/1-117   [000] ...2  2995.815524: sched_switch: prev_comm=mmcqd/1 prev_pid=117 prev_prio=120 prev_state=S ==> next_comm=main next_pid=14085 next_prio=120
           <...>-14085 [000] ...2  2995.815529: sched_switch: prev_comm=main prev_pid=14085 prev_prio=120 prev_state=D|W ==> next_comm=swapper/0 next_pid=0 next_prio=120
          <idle>-0     [000] ...2  2995.815545: sched_switch: prev_comm=swapper/0 prev_pid=0 prev_prio=120 prev_state=R ==> next_comm=ksoftirqd/0 next_pid=3 next_prio=120
     ksoftirqd/0-3     [000] ...2  2995.815552: sched_switch: prev_comm=ksoftirqd/0 prev_pid=3 prev_prio=120 prev_state=S ==> next_comm=swapper/0 next_pid=0 next_prio=120
          <idle>-0     [000] ...2  2995.815568: sched_switch: prev_comm=swapper/0 prev_pid=0 prev_prio=120 prev_state=R ==> next_comm=ksoftirqd/0 next_pid=3 next_prio=120
     ksoftirqd/0-3     [000] ...2  2995.815575: sched_switch: prev_comm=ksoftirqd/0 prev_pid=3 prev_prio=120 prev_state=S ==> next_comm=swapper/0 next_pid=0 next_prio=120
          <idle>-0     [000] ...2  2995.815589: sched_switch: prev_comm=swapper/0 prev_pid=0 prev_prio=120 prev_state=R ==> next_comm=ksoftirqd/0 next_pid=3 next_prio=120
     ksoftirqd/0-3     [000] ...2  2995.815596: sched_switch: prev_comm=ksoftirqd/0 prev_pid=3 prev_prio=120 prev_state=S ==> next_comm=swapper/0 next_pid=0 next_prio=120
          <idle>-0     [000] ...2  2995.816900: sched_switch: prev_comm=swapper/0 prev_pid=0 prev_prio=120 prev_state=R ==> next_comm=mmcqd/1 next_pid=117 next_prio=120
         mmcqd/1-117   [000] ...1  2995.816965: block_rq_complete: 179,0 RA () 3984384 + 256 [0]
         mmcqd/1-117   [000] ...2  2995.816991: sched_switch: prev_comm=mmcqd/1 prev_pid=117 prev_prio=120 prev_state=R+ ==> next_comm=kworker/0:2H next_pid=520 next_prio=100
    kworker/0:2H-520   [000] ...2  2995.816998: sched_switch: prev_comm=kworker/0:2H prev_pid=520 prev_prio=100 prev_state=S ==> next_comm=mmcqd/1 next_pid=117 next_prio=120
         mmcqd/1-117   [000] ...2  2995.817008: sched_switch: prev_comm=mmcqd/1 prev_pid=117 prev_prio=120 prev_state=S ==> next_comm=main next_pid=14085 next_prio=120
           <...>-14085 [000] d..2  2995.817226: block_rq_insert: 179,0 R 0 () 3984640 + 16 [main]
           <...>-14085 [000] ...2  2995.817236: sched_switch: prev_comm=main prev_pid=14085 prev_prio=120 prev_state=R+ ==> next_comm=mmcqd/1 next_pid=117 next_prio=120
         mmcqd/1-117   [000] ...2  2995.817276: sched_switch: prev_comm=mmcqd/1 prev_pid=117 prev_prio=120 prev_state=S ==> next_comm=main next_pid=14085 next_prio=120
           <...>-14085 [000] ...2  2995.817284: sched_switch: prev_comm=main prev_pid=14085 prev_prio=120 prev_state=D|W ==> next_comm=swapper/0 next_pid=0 next_prio=120
          <idle>-0     [000] ...2  2995.817300: sched_switch: prev_comm=swapper/0 prev_pid=0 prev_prio=120 prev_state=R ==> next_comm=ksoftirqd/0 next_pid=3 next_prio=120
     ksoftirqd/0-3     [000] ...2  2995.817309: sched_switch: prev_comm=ksoftirqd/0 prev_pid=3 prev_prio=120 prev_state=S ==> next_comm=swapper/0 next_pid=0 next_prio=120
          <idle>-0     [000] ...2  2995.817324: sched_switch: prev_comm=swapper/0 prev_pid=0 prev_prio=120 prev_state=R ==> next_comm=ksoftirqd/0 next_pid=3 next_prio=120
     ksoftirqd/0-3     [000] ...2  2995.817332: sched_switch: prev_comm=ksoftirqd/0 prev_pid=3 prev_prio=120 prev_state=S ==> next_comm=swapper/0 next_pid=0 next_prio=120
          <idle>-0     [000] ...2  2995.817346: sched_switch: prev_comm=swapper/0 prev_pid=0 prev_prio=120 prev_state=R ==> next_comm=ksoftirqd/0 next_pid=3 next_prio=120
     ksoftirqd/0-3     [000] ...2  2995.817355: sched_switch: prev_comm=ksoftirqd/0 prev_pid=3 prev_prio=120 prev_state=S ==> next_comm=swapper/0 next_pid=0 next_prio=120
          <idle>-0     [000] ...2  2995.817518: sched_switch: prev_comm=swapper/0 prev_pid=0 prev_prio=120 prev_state=R ==> next_comm=mmcqd/1 next_pid=117 next_prio=120
         mmcqd/1-117   [000] ...1  2995.817530: block_rq_complete: 179,0 RA () 3984640 + 16 [0]
         mmcqd/1-117   [000] ...2  2995.817546: sched_switch: prev_comm=mmcqd/1 prev_pid=117 prev_prio=120 prev_state=R+ ==> next_comm=kworker/0:2H next_pid=520 next_prio=100
    kworker/0:2H-520   [000] ...2  2995.817555: sched_switch: prev_comm=kworker/0:2H prev_pid=520 prev_prio=100 prev_state=S ==> next_comm=mmcqd/1 next_pid=117 next_prio=120
         mmcqd/1-117   [000] ...2  2995.817564: sched_switch: prev_comm=mmcqd/1 prev_pid=117 prev_prio=120 prev_state=S ==> next_comm=main next_pid=14085 next_prio=120
          <idle>-0     [001] ...2  2995.818165: sched_switch: prev_comm=swapper/1 prev_pid=0 prev_prio=120 prev_state=R ==> next_comm=main next_pid=14094 next_prio=120
           <...>-14094 [001] ...2  2995.818180: sched_switch: prev_comm=main prev_pid=14094 prev_prio=120 prev_state=D ==> next_comm=swapper/1 next_pid=0 next_prio=120
          <idle>-0     [001] ...2  2995.818211: sched_switch: prev_comm=swapper/1 prev_pid=0 prev_prio=120 prev_state=R ==> next_comm=main next_pid=14094 next_prio=120
           <...>-14085 [000] ...2  2995.818211: sched_switch: prev_comm=main prev_pid=14085 prev_prio=120 prev_state=D ==> next_comm=swapper/0 next_pid=0 next_prio=120
          <idle>-0     [000] ...2  2995.818228: sched_switch: prev_comm=swapper/0 prev_pid=0 prev_prio=120 prev_state=R ==> next_comm=ksoftirqd/0 next_pid=3 next_prio=120
     ksoftirqd/0-3     [000] ...2  2995.818235: sched_switch: prev_comm=ksoftirqd/0 prev_pid=3 prev_prio=120 prev_state=S ==> next_comm=main next_pid=14085 next_prio=120
           <...>-14085 [000] ...2  2995.818286: sched_switch: prev_comm=main prev_pid=14085 prev_prio=120 prev_state=D ==> next_comm=main next_pid=14095 next_prio=120
           <...>-14095 [000] ...2  2995.818296: sched_switch: prev_comm=main prev_pid=14095 prev_prio=120 prev_state=R+ ==> next_comm=main next_pid=14085 next_prio=120
           <...>-14094 [001] ...2  2995.818299: sched_switch: prev_comm=main prev_pid=14094 prev_prio=120 prev_state=D ==> next_comm=swapper/1 next_pid=0 next_prio=120
           <...>-14085 [000] ...2  2995.818330: sched_switch: prev_comm=main prev_pid=14085 prev_prio=120 prev_state=D ==> next_comm=main next_pid=14095 next_prio=120
           <...>-14095 [000] ...2  2995.818344: sched_switch: prev_comm=main prev_pid=14095 prev_prio=120 prev_state=R+ ==> next_comm=main next_pid=14085 next_prio=120
          <idle>-0     [001] ...2  2995.818352: sched_switch: prev_comm=swapper/1 prev_pid=0 prev_prio=120 prev_state=R ==> next_comm=main next_pid=14094 next_prio=120
           <...>-14085 [000] ...2  2995.818384: sched_switch: prev_comm=main prev_pid=14085 prev_prio=120 prev_state=S ==> next_comm=main next_pid=14095 next_prio=120
           <...>-14094 [001] ...2  2995.818439: sched_switch: prev_comm=main prev_pid=14094 prev_prio=120 prev_state=D ==> next_comm=swapper/1 next_pid=0 next_prio=120
          <idle>-0     [001] ...2  2995.818446: sched_switch: prev_comm=swapper/1 prev_pid=0 prev_prio=120 prev_state=R+ ==> next_comm=main next_pid=14094 next_prio=120
           <...>-14095 [000] ...2  2995.818496: sched_switch: prev_comm=main prev_pid=14095 prev_prio=120 prev_state=D ==> next_comm=main next_pid=14096 next_prio=120
           <...>-14096 [000] ...2  2995.818506: sched_switch: prev_comm=main prev_pid=14096 prev_prio=120 prev_state=R+ ==> next_comm=main next_pid=14095 next_prio=120
           <...>-14094 [001] ...2  2995.818511: sched_switch: prev_comm=main prev_pid=14094 prev_prio=120 prev_state=D ==> next_comm=swapper/1 next_pid=0 next_prio=120
           <...>-14095 [000] ...2  2995.818519: sched_switch: prev_comm=main prev_pid=14095 prev_prio=120 prev_state=D ==> next_comm=main next_pid=14096 next_prio=120
           <...>-14096 [000] ...2  2995.818532: sched_switch: prev_comm=main prev_pid=14096 prev_prio=120 prev_state=R+ ==> next_comm=main next_pid=14095 next_prio=120
           <...>-14095 [000] ...2  2995.818540: sched_switch: prev_comm=main prev_pid=14095 prev_prio=120 prev_state=D ==> next_comm=main next_pid=14096 next_prio=120
          <idle>-0     [001] ...2  2995.818541: sched_switch: prev_comm=swapper/1 prev_pid=0 prev_prio=120 prev_state=R ==> next_comm=ksoftirqd/1 next_pid=14078 next_prio=120
           <...>-14096 [000] ...2  2995.818549: sched_switch: prev_comm=main prev_pid=14096 prev_prio=120 prev_state=S ==> next_comm=swapper/0 next_pid=0 next_prio=120
           <...>-14078 [001] ...2  2995.818553: sched_switch: prev_comm=ksoftirqd/1 prev_pid=14078 prev_prio=120 prev_state=S ==> next_comm=main next_pid=14094 next_prio=120
          <idle>-0     [000] ...2  2995.818569: sched_switch: prev_comm=swapper/0 prev_pid=0 prev_prio=120 prev_state=R ==> next_comm=ksoftirqd/0 next_pid=3 next_prio=120
     ksoftirqd/0-3     [000] ...2  2995.818578: sched_switch: prev_comm=ksoftirqd/0 prev_pid=3 prev_prio=120 prev_state=S ==> next_comm=main next_pid=14095 next_prio=120
           <...>-14094 [001] ...2  2995.818580: sched_switch: prev_comm=main prev_pid=14094 prev_prio=120 prev_state=D ==> next_comm=swapper/1 next_pid=0 next_prio=120
          <idle>-0     [001] ...2  2995.818605: sched_switch: prev_comm=swapper/1 prev_pid=0 prev_prio=120 prev_state=R ==> next_comm=ksoftirqd/1 next_pid=14078 next_prio=120
           <...>-14078 [001] ...2  2995.818616: sched_switch: prev_comm=ksoftirqd/1 prev_pid=14078 prev_prio=120 prev_state=S ==> next_comm=main next_pid=14094 next_prio=120
           <...>-14095 [000] ...2  2995.818634: sched_switch: prev_comm=main prev_pid=14095 prev_prio=120 prev_state=S ==> next_comm=main next_pid=14096 next_prio=120
           <...>-14096 [000] ...2  2995.818645: sched_switch: prev_comm=main prev_pid=14096 prev_prio=120 prev_state=S ==> next_comm=swapper/0 next_pid=0 next_prio=120
          <idle>-0     [000] ...2  2995.818691: sched_switch: prev_comm=swapper/0 prev_pid=0 prev_prio=120 prev_state=R ==> next_comm=kworker/u:1 next_pid=12437 next_prio=120
           <...>-12437 [000] ...2  2995.818732: sched_switch: prev_comm=kworker/u:1 prev_pid=12437 prev_prio=120 prev_state=S ==> next_comm=kworker/u:0 next_pid=9281 next_prio=120
     kworker/u:0-9281  [000] ...2  2995.818738: sched_switch: prev_comm=kworker/u:0 prev_pid=9281 prev_prio=120 prev_state=S ==> next_comm=sensors.qcom next_pid=881 next_prio=120
           <...>-14094 [001] ...2  2995.818810: sched_switch: prev_comm=main prev_pid=14094 prev_prio=120 prev_state=R+ ==> next_comm=sensors.qcom next_pid=689 next_prio=120
