           <...>-2202  [001] ...2   137.877134: sched_switch: prev_comm=app_process prev_pid=2202 prev_prio=120 prev_state=D|W ==> next_comm=swapper/1 next_pid=0 next_prio=120
          <idle>-0     [000] ...2   137.877136: sched_switch: prev_comm=swapper/0 prev_pid=0 prev_prio=120 prev_state=R ==> next_comm=mmcqd/1 next_pid=117 next_prio=120
          <idle>-0     [001] ...2   137.877157: sched_switch: prev_comm=swapper/1 prev_pid=0 prev_prio=120 prev_state=R ==> next_comm=ksoftirqd/1 next_pid=2195 next_prio=120
           <...>-2195  [001] ...2   137.877169: sched_switch: prev_comm=ksoftirqd/1 prev_pid=2195 prev_prio=120 prev_state=S ==> next_comm=swapper/1 next_pid=0 next_prio=120
         mmcqd/1-117   [000] ...2   137.877172: sched_switch: prev_comm=mmcqd/1 prev_pid=117 prev_prio=120 prev_state=S ==> next_comm=swapper/0 next_pid=0 next_prio=120
          <idle>-0     [001] ...2   137.877190: sched_switch: prev_comm=swapper/1 prev_pid=0 prev_prio=120 prev_state=R ==> next_comm=ksoftirqd/1 next_pid=2195 next_prio=120
           <...>-2195  [001] ...2   137.877200: sched_switch: prev_comm=ksoftirqd/1 prev_pid=2195 prev_prio=120 prev_state=S ==> next_comm=swapper/1 next_pid=0 next_prio=120
          <idle>-0     [001] ...2   137.877222: sched_switch: prev_comm=swapper/1 prev_pid=0 prev_prio=120 prev_state=R ==> next_comm=ksoftirqd/1 next_pid=2195 next_prio=120
           <...>-2195  [001] ...2   137.877232: sched_switch: prev_comm=ksoftirqd/1 prev_pid=2195 prev_prio=120 prev_state=S ==> next_comm=swapper/1 next_pid=0 next_prio=120
          <idle>-0     [000] ...2   137.877672: sched_switch: prev_comm=swapper/0 prev_pid=0 prev_prio=120 prev_state=R ==> next_comm=mmcqd/1 next_pid=117 next_prio=120
         mmcqd/1-117   [000] ...1   137.877686: block_rq_complete: 179,0 RA () 1186368 + 24 [0]
         mmcqd/1-117   [000] ...2   137.877703: sched_switch: prev_comm=mmcqd/1 prev_pid=117 prev_prio=120 prev_state=R+ ==> next_comm=kworker/0:1H next_pid=17 next_prio=100
          <idle>-0     [001] ...2   137.877704: sched_switch: prev_comm=swapper/1 prev_pid=0 prev_prio=120 prev_state=R ==> next_comm=app_process next_pid=2202 next_prio=120
    kworker/0:1H-17    [000] ...2   137.877709: sched_switch: prev_comm=kworker/0:1H prev_pid=17 prev_prio=100 prev_state=S ==> next_comm=mmcqd/1 next_pid=117 next_prio=120
         mmcqd/1-117   [000] ...2   137.877718: sched_switch: prev_comm=mmcqd/1 prev_pid=117 prev_prio=120 prev_state=S ==> next_comm=swapper/0 next_pid=0 next_prio=120
           <...>-2202  [001] d..2   137.877924: block_rq_insert: 179,0 R 0 () 1190912 + 16 [app_process]
           <...>-2202  [001] d..2   137.877929: block_rq_insert: 179,0 R 0 () 1190960 + 88 [app_process]
           <...>-2202  [001] ...2   137.877947: sched_switch: prev_comm=app_process prev_pid=2202 prev_prio=120 prev_state=D|W ==> next_comm=swapper/1 next_pid=0 next_prio=120
          <idle>-0     [000] ...2   137.877948: sched_switch: prev_comm=swapper/0 prev_pid=0 prev_prio=120 prev_state=R ==> next_comm=mmcqd/1 next_pid=117 next_prio=120
          <idle>-0     [001] ...2   137.877969: sched_switch: prev_comm=swapper/1 prev_pid=0 prev_prio=120 prev_state=R ==> next_comm=ksoftirqd/1 next_pid=2195 next_prio=120
           <...>-2195  [001] ...2   137.877981: sched_switch: prev_comm=ksoftirqd/1 prev_pid=2195 prev_prio=120 prev_state=S ==> next_comm=swapper/1 next_pid=0 next_prio=120
          <idle>-0     [001] ...2   137.878005: sched_switch: prev_comm=swapper/1 prev_pid=0 prev_prio=120 prev_state=R ==> next_comm=ksoftirqd/1 next_pid=2195 next_prio=120
         mmcqd/1-117   [000] ...2   137.878012: sched_switch: prev_comm=mmcqd/1 prev_pid=117 prev_prio=120 prev_state=S ==> next_comm=swapper/0 next_pid=0 next_prio=120
           <...>-2195  [001] ...2   137.878016: sched_switch: prev_comm=ksoftirqd/1 prev_pid=2195 prev_prio=120 prev_state=S ==> next_comm=swapper/1 next_pid=0 next_prio=120
          <idle>-0     [001] ...2   137.878038: sched_switch: prev_comm=swapper/1 prev_pid=0 prev_prio=120 prev_state=R ==> next_comm=ksoftirqd/1 next_pid=2195 next_prio=120
           <...>-2195  [001] ...2   137.878050: sched_switch: prev_comm=ksoftirqd/1 prev_pid=2195 prev_prio=120 prev_state=S ==> next_comm=swapper/1 next_pid=0 next_prio=120
          <idle>-0     [000] ...2   137.878381: sched_switch: prev_comm=swapper/0 prev_pid=0 prev_prio=120 prev_state=R ==> next_comm=mmcqd/1 next_pid=117 next_prio=120
         mmcqd/1-117   [000] ...1   137.878412: block_rq_complete: 179,0 RA () 1190912 + 16 [0]
         mmcqd/1-117   [000] ...2   137.878424: sched_switch: prev_comm=mmcqd/1 prev_pid=117 prev_prio=120 prev_state=S ==> next_comm=swapper/0 next_pid=0 next_prio=120
          <idle>-0     [000] ...2   137.879612: sched_switch: prev_comm=swapper/0 prev_pid=0 prev_prio=120 prev_state=R ==> next_comm=mmcqd/1 next_pid=117 next_prio=120
         mmcqd/1-117   [000] ...1   137.879640: block_rq_complete: 179,0 RA () 1190960 + 88 [0]
         mmcqd/1-117   [000] ...2   137.879659: sched_switch: prev_comm=mmcqd/1 prev_pid=117 prev_prio=120 prev_state=R+ ==> next_comm=kworker/0:1H next_pid=17 next_prio=100
          <idle>-0     [001] ...2   137.879661: sched_switch: prev_comm=swapper/1 prev_pid=0 prev_prio=120 prev_state=R ==> next_comm=app_process next_pid=2202 next_prio=120
    kworker/0:1H-17    [000] ...2   137.879665: sched_switch: prev_comm=kworker/0:1H prev_pid=17 prev_prio=100 prev_state=S ==> next_comm=mmcqd/1 next_pid=117 next_prio=120
         mmcqd/1-117   [000] ...2   137.879676: sched_switch: prev_comm=mmcqd/1 prev_pid=117 prev_prio=120 prev_state=S ==> next_comm=swapper/0 next_pid=0 next_prio=120
           <...>-2202  [001] d..2   137.879851: block_rq_insert: 179,0 R 0 () 1191096 + 8 [app_process]
          <idle>-0     [000] ...2   137.879872: sched_switch: prev_comm=swapper/0 prev_pid=0 prev_prio=120 prev_state=R ==> next_comm=mmcqd/1 next_pid=117 next_prio=120
           <...>-2202  [001] ...2   137.879874: sched_switch: prev_comm=app_process prev_pid=2202 prev_prio=120 prev_state=D|W ==> next_comm=swapper/1 next_pid=0 next_prio=120
          <idle>-0     [001] ...2   137.879895: sched_switch: prev_comm=swapper/1 prev_pid=0 prev_prio=120 prev_state=R ==> next_comm=ksoftirqd/1 next_pid=2195 next_prio=120
         mmcqd/1-117   [000] ...2   137.879909: sched_switch: prev_comm=mmcqd/1 prev_pid=117 prev_prio=120 prev_state=S ==> next_comm=swapper/0 next_pid=0 next_prio=120
           <...>-2195  [001] ...2   137.879910: sched_switch: prev_comm=ksoftirqd/1 prev_pid=2195 prev_prio=120 prev_state=S ==> next_comm=swapper/1 next_pid=0 next_prio=120
          <idle>-0     [001] ...2   137.879932: sched_switch: prev_comm=swapper/1 prev_pid=0 prev_prio=120 prev_state=R ==> next_comm=ksoftirqd/1 next_pid=2195 next_prio=120
           <...>-2195  [001] ...2   137.879945: sched_switch: prev_comm=ksoftirqd/1 prev_pid=2195 prev_prio=120 prev_state=S ==> next_comm=swapper/1 next_pid=0 next_prio=120
          <idle>-0     [001] ...2   137.879964: sched_switch: prev_comm=swapper/1 prev_pid=0 prev_prio=120 prev_state=R ==> next_comm=ksoftirqd/1 next_pid=2195 next_prio=120
           <...>-2195  [001] ...2   137.879978: sched_switch: prev_comm=ksoftirqd/1 prev_pid=2195 prev_prio=120 prev_state=S ==> next_comm=swapper/1 next_pid=0 next_prio=120
          <idle>-0     [000] ...2   137.880229: sched_switch: prev_comm=swapper/0 prev_pid=0 prev_prio=120 prev_state=R ==> next_comm=mmcqd/1 next_pid=117 next_prio=120
         mmcqd/1-117   [000] ...1   137.880239: block_rq_complete: 179,0 RA () 1191096 + 8 [0]
         mmcqd/1-117   [000] ...2   137.880254: sched_switch: prev_comm=mmcqd/1 prev_pid=117 prev_prio=120 prev_state=R+ ==> next_comm=kworker/0:1H next_pid=17 next_prio=100
          <idle>-0     [001] ...2   137.880257: sched_switch: prev_comm=swapper/1 prev_pid=0 prev_prio=120 prev_state=R ==> next_comm=app_process next_pid=2202 next_prio=120
    kworker/0:1H-17    [000] ...2   137.880261: sched_switch: prev_comm=kworker/0:1H prev_pid=17 prev_prio=100 prev_state=S ==> next_comm=mmcqd/1 next_pid=117 next_prio=120
         mmcqd/1-117   [000] ...2   137.880271: sched_switch: prev_comm=mmcqd/1 prev_pid=117 prev_prio=120 prev_state=S ==> next_comm=swapper/0 next_pid=0 next_prio=120
           <...>-2202  [001] d..2   137.880473: block_rq_insert: 179,0 R 0 () 1196272 + 144 [app_process]
          <idle>-0     [000] ...2   137.880494: sched_switch: prev_comm=swapper/0 prev_pid=0 prev_prio=120 prev_state=R ==> next_comm=mmcqd/1 next_pid=117 next_prio=120
           <...>-2202  [001] ...2   137.880496: sched_switch: prev_comm=app_process prev_pid=2202 prev_prio=120 prev_state=D|W ==> next_comm=swapper/1 next_pid=0 next_prio=120
          <idle>-0     [001] ...2   137.880518: sched_switch: prev_comm=swapper/1 prev_pid=0 prev_prio=120 prev_state=R ==> next_comm=ksoftirqd/1 next_pid=2195 next_prio=120
           <...>-2195  [001] ...2   137.880535: sched_switch: prev_comm=ksoftirqd/1 prev_pid=2195 prev_prio=120 prev_state=S ==> next_comm=swapper/1 next_pid=0 next_prio=120
          <idle>-0     [001] ...2   137.880557: sched_switch: prev_comm=swapper/1 prev_pid=0 prev_prio=120 prev_state=R ==> next_comm=ksoftirqd/1 next_pid=2195 next_prio=120
         mmcqd/1-117   [000] ...2   137.880562: sched_switch: prev_comm=mmcqd/1 prev_pid=117 prev_prio=120 prev_state=S ==> next_comm=swapper/0 next_pid=0 next_prio=120
           <...>-2195  [001] ...2   137.880567: sched_switch: prev_comm=ksoftirqd/1 prev_pid=2195 prev_prio=120 prev_state=S ==> next_comm=swapper/1 next_pid=0 next_prio=120
          <idle>-0     [001] ...2   137.880589: sched_switch: prev_comm=swapper/1 prev_pid=0 prev_prio=120 prev_state=R ==> next_comm=ksoftirqd/1 next_pid=2195 next_prio=120
           <...>-2195  [001] ...2   137.880600: sched_switch: prev_comm=ksoftirqd/1 prev_pid=2195 prev_prio=120 prev_state=S ==> next_comm=swapper/1 next_pid=0 next_prio=120
          <idle>-0     [000] ...2   137.882396: sched_switch: prev_comm=swapper/0 prev_pid=0 prev_prio=120 prev_state=R ==> next_comm=mmcqd/1 next_pid=117 next_prio=120
         mmcqd/1-117   [000] ...1   137.882435: block_rq_complete: 179,0 RA () 1196272 + 144 [0]
          <idle>-0     [001] ...2   137.882454: sched_switch: prev_comm=swapper/1 prev_pid=0 prev_prio=120 prev_state=R ==> next_comm=app_process next_pid=2202 next_prio=120
         mmcqd/1-117   [000] ...2   137.882456: sched_switch: prev_comm=mmcqd/1 prev_pid=117 prev_prio=120 prev_state=R+ ==> next_comm=kworker/0:1H next_pid=17 next_prio=100
    kworker/0:1H-17    [000] ...2   137.882463: sched_switch: prev_comm=kworker/0:1H prev_pid=17 prev_prio=100 prev_state=S ==> next_comm=mmcqd/1 next_pid=117 next_prio=120
         mmcqd/1-117   [000] ...2   137.882473: sched_switch: prev_comm=mmcqd/1 prev_pid=117 prev_prio=120 prev_state=S ==> next_comm=swapper/0 next_pid=0 next_prio=120
           <...>-2202  [001] d..2   137.882704: block_rq_insert: 179,0 R 0 () 1197384 + 8 [app_process]
           <...>-2202  [001] d..2   137.882708: block_rq_insert: 179,0 R 0 () 1197408 + 8 [app_process]
           <...>-2202  [001] d..2   137.882712: block_rq_insert: 179,0 R 0 () 1197440 + 8 [app_process]
           <...>-2202  [001] d..2   137.882715: block_rq_insert: 179,0 R 0 () 1197464 + 16 [app_process]
          <idle>-0     [000] ...2   137.882734: sched_switch: prev_comm=swapper/0 prev_pid=0 prev_prio=120 prev_state=R ==> next_comm=mmcqd/1 next_pid=117 next_prio=120
           <...>-2202  [001] ...2   137.882735: sched_switch: prev_comm=app_process prev_pid=2202 prev_prio=120 prev_state=D|W ==> next_comm=swapper/1 next_pid=0 next_prio=120
          <idle>-0     [001] ...2   137.882757: sched_switch: prev_comm=swapper/1 prev_pid=0 prev_prio=120 prev_state=R ==> next_comm=ksoftirqd/1 next_pid=2195 next_prio=120
           <...>-2195  [001] ...2   137.882772: sched_switch: prev_comm=ksoftirqd/1 prev_pid=2195 prev_prio=120 prev_state=S ==> next_comm=swapper/1 next_pid=0 next_prio=120
         mmcqd/1-117   [000] ...2   137.882778: sched_switch: prev_comm=mmcqd/1 prev_pid=117 prev_prio=120 prev_state=S ==> next_comm=swapper/0 next_pid=0 next_prio=120
          <idle>-0     [001] ...2   137.882794: sched_switch: prev_comm=swapper/1 prev_pid=0 prev_prio=120 prev_state=R ==> next_comm=ksoftirqd/1 next_pid=2195 next_prio=120
           <...>-2195  [001] ...2   137.882807: sched_switch: prev_comm=ksoftirqd/1 prev_pid=2195 prev_prio=120 prev_state=S ==> next_comm=swapper/1 next_pid=0 next_prio=120
          <idle>-0     [001] ...2   137.882829: sched_switch: prev_comm=swapper/1 prev_pid=0 prev_prio=120 prev_state=R ==> next_comm=ksoftirqd/1 next_pid=2195 next_prio=120
           <...>-2195  [001] ...2   137.882843: sched_switch: prev_comm=ksoftirqd/1 prev_pid=2195 prev_prio=120 prev_state=S ==> next_comm=swapper/1 next_pid=0 next_prio=120
          <idle>-0     [000] ...2   137.883086: sched_switch: prev_comm=swapper/0 prev_pid=0 prev_prio=120 prev_state=R ==> next_comm=mmcqd/1 next_pid=117 next_prio=120
         mmcqd/1-117   [000] ...1   137.883111: block_rq_complete: 179,0 RA () 1197384 + 8 [0]
         mmcqd/1-117   [000] ...2   137.883136: sched_switch: prev_comm=mmcqd/1 prev_pid=117 prev_prio=120 prev_state=S ==> next_comm=swapper/0 next_pid=0 next_prio=120
          <idle>-0     [000] ...2   137.883434: sched_switch: prev_comm=swapper/0 prev_pid=0 prev_prio=120 prev_state=R ==> next_comm=mmcqd/1 next_pid=117 next_prio=120
         mmcqd/1-117   [000] ...1   137.883459: block_rq_complete: 179,0 RA () 1197408 + 8 [0]
         mmcqd/1-117   [000] ...2   137.883485: sched_switch: prev_comm=mmcqd/1 prev_pid=117 prev_prio=120 prev_state=S ==> next_comm=swapper/0 next_pid=0 next_prio=120
          <idle>-0     [000] ...2   137.883767: sched_switch: prev_comm=swapper/0 prev_pid=0 prev_prio=120 prev_state=R ==> next_comm=mmcqd/1 next_pid=117 next_prio=120
         mmcqd/1-117   [000] ...1   137.883792: block_rq_complete: 179,0 RA () 1197440 + 8 [0]
         mmcqd/1-117   [000] ...2   137.883809: sched_switch: prev_comm=mmcqd/1 prev_pid=117 prev_prio=120 prev_state=S ==> next_comm=swapper/0 next_pid=0 next_prio=120
          <idle>-0     [000] ...2   137.884193: sched_switch: prev_comm=swapper/0 prev_pid=0 prev_prio=120 prev_state=R ==> next_comm=mmcqd/1 next_pid=117 next_prio=120
         mmcqd/1-117   [000] ...1   137.884205: block_rq_complete: 179,0 RA () 1197464 + 16 [0]
         mmcqd/1-117   [000] ...2   137.884221: sched_switch: prev_comm=mmcqd/1 prev_pid=117 prev_prio=120 prev_state=R+ ==> next_comm=kworker/0:1H next_pid=17 next_prio=100
          <idle>-0     [001] ...2   137.884223: sched_switch: prev_comm=swapper/1 prev_pid=0 prev_prio=120 prev_state=R ==> next_comm=app_process next_pid=2202 next_prio=120
    kworker/0:1H-17    [000] ...2   137.884227: sched_switch: prev_comm=kworker/0:1H prev_pid=17 prev_prio=100 prev_state=S ==> next_comm=mmcqd/1 next_pid=117 next_prio=120
         mmcqd/1-117   [000] ...2   137.884237: sched_switch: prev_comm=mmcqd/1 prev_pid=117 prev_prio=120 prev_state=S ==> next_comm=swapper/0 next_pid=0 next_prio=120
           <...>-2202  [001] d..2   137.884426: block_rq_insert: 179,0 R 0 () 1199856 + 104 [app_process]
          <idle>-0     [000] ...2   137.884447: sched_switch: prev_comm=swapper/0 prev_pid=0 prev_prio=120 prev_state=R ==> next_comm=mmcqd/1 next_pid=117 next_prio=120
           <...>-2202  [001] ...2   137.884448: sched_switch: prev_comm=app_process prev_pid=2202 prev_prio=120 prev_state=D|W ==> next_comm=swapper/1 next_pid=0 next_prio=120
          <idle>-0     [001] ...2   137.884470: sched_switch: prev_comm=swapper/1 prev_pid=0 prev_prio=120 prev_state=R ==> next_comm=ksoftirqd/1 next_pid=2195 next_prio=120
           <...>-2195  [001] ...2   137.884487: sched_switch: prev_comm=ksoftirqd/1 prev_pid=2195 prev_prio=120 prev_state=S ==> next_comm=swapper/1 next_pid=0 next_prio=120
         mmcqd/1-117   [000] ...2   137.884508: sched_switch: prev_comm=mmcqd/1 prev_pid=117 prev_prio=120 prev_state=S ==> next_comm=swapper/0 next_pid=0 next_prio=120
          <idle>-0     [001] ...2   137.884508: sched_switch: prev_comm=swapper/1 prev_pid=0 prev_prio=120 prev_state=R ==> next_comm=ksoftirqd/1 next_pid=2195 next_prio=120
           <...>-2195  [001] ...2   137.884521: sched_switch: prev_comm=ksoftirqd/1 prev_pid=2195 prev_prio=120 prev_state=S ==> next_comm=swapper/1 next_pid=0 next_prio=120
          <idle>-0     [001] ...2   137.884543: sched_switch: prev_comm=swapper/1 prev_pid=0 prev_prio=120 prev_state=R ==> next_comm=ksoftirqd/1 next_pid=2195 next_prio=120
           <...>-2195  [001] ...2   137.884557: sched_switch: prev_comm=ksoftirqd/1 prev_pid=2195 prev_prio=120 prev_state=S ==> next_comm=swapper/1 next_pid=0 next_prio=120
          <idle>-0     [000] ...2   137.885898: sched_switch: prev_comm=swapper/0 prev_pid=0 prev_prio=120 prev_state=R ==> next_comm=mmcqd/1 next_pid=117 next_prio=120
         mmcqd/1-117   [000] ...1   137.885929: block_rq_complete: 179,0 RA () 1199856 + 104 [0]
          <idle>-0     [001] ...2   137.885947: sched_switch: prev_comm=swapper/1 prev_pid=0 prev_prio=120 prev_state=R ==> next_comm=app_process next_pid=2202 next_prio=120
         mmcqd/1-117   [000] ...2   137.885948: sched_switch: prev_comm=mmcqd/1 prev_pid=117 prev_prio=120 prev_state=R+ ==> next_comm=kworker/0:1H next_pid=17 next_prio=100
    kworker/0:1H-17    [000] ...2   137.885955: sched_switch: prev_comm=kworker/0:1H prev_pid=17 prev_prio=100 prev_state=S ==> next_comm=mmcqd/1 next_pid=117 next_prio=120
         mmcqd/1-117   [000] ...2   137.885966: sched_switch: prev_comm=mmcqd/1 prev_pid=117 prev_prio=120 prev_state=S ==> next_comm=swapper/0 next_pid=0 next_prio=120
           <...>-2202  [001] d..2   137.886138: block_rq_insert: 179,0 R 0 () 1199968 + 8 [app_process]
          <idle>-0     [000] ...2   137.886158: sched_switch: prev_comm=swapper/0 prev_pid=0 prev_prio=120 prev_state=R ==> next_comm=mmcqd/1 next_pid=117 next_prio=120
           <...>-2202  [001] ...2   137.886160: sched_switch: prev_comm=app_process prev_pid=2202 prev_prio=120 prev_state=D|W ==> next_comm=swapper/1 next_pid=0 next_prio=120
          <idle>-0     [001] ...2   137.886181: sched_switch: prev_comm=swapper/1 prev_pid=0 prev_prio=120 prev_state=R ==> next_comm=ksoftirqd/1 next_pid=2195 next_prio=120
           <...>-2195  [001] ...2   137.886196: sched_switch: prev_comm=ksoftirqd/1 prev_pid=2195 prev_prio=120 prev_state=S ==> next_comm=swapper/1 next_pid=0 next_prio=120
         mmcqd/1-117   [000] ...2   137.886196: sched_switch: prev_comm=mmcqd/1 prev_pid=117 prev_prio=120 prev_state=S ==> next_comm=swapper/0 next_pid=0 next_prio=120
          <idle>-0     [001] ...2   137.886217: sched_switch: prev_comm=swapper/1 prev_pid=0 prev_prio=120 prev_state=R ==> next_comm=ksoftirqd/1 next_pid=2195 next_prio=120
           <...>-2195  [001] ...2   137.886231: sched_switch: prev_comm=ksoftirqd/1 prev_pid=2195 prev_prio=120 prev_state=S ==> next_comm=swapper/1 next_pid=0 next_prio=120
          <idle>-0     [001] ...2   137.886250: sched_switch: prev_comm=swapper/1 prev_pid=0 prev_prio=120 prev_state=R ==> next_comm=ksoftirqd/1 next_pid=2195 next_prio=120
           <...>-2195  [001] ...2   137.886263: sched_switch: prev_comm=ksoftirqd/1 prev_pid=2195 prev_prio=120 prev_state=S ==> next_comm=swapper/1 next_pid=0 next_prio=120
          <idle>-0     [000] ...2   137.886413: sched_switch: prev_comm=swapper/0 prev_pid=0 prev_prio=120 prev_state=R ==> next_comm=adbd next_pid=793 next_prio=120
            adbd-793   [000] ...2   137.886434: sched_switch: prev_comm=adbd prev_pid=793 prev_prio=120 prev_state=S ==> next_comm=swapper/0 next_pid=0 next_prio=120
          <idle>-0     [000] ...2   137.886516: sched_switch: prev_comm=swapper/0 prev_pid=0 prev_prio=120 prev_state=R ==> next_comm=mmcqd/1 next_pid=117 next_prio=120
         mmcqd/1-117   [000] ...1   137.886526: block_rq_complete: 179,0 RA () 1199968 + 8 [0]
         mmcqd/1-117   [000] ...2   137.886544: sched_switch: prev_comm=mmcqd/1 prev_pid=117 prev_prio=120 prev_state=R+ ==> next_comm=kworker/0:1H next_pid=17 next_prio=100
          <idle>-0     [001] ...2   137.886546: sched_switch: prev_comm=swapper/1 prev_pid=0 prev_prio=120 prev_state=R ==> next_comm=app_process next_pid=2202 next_prio=120
    kworker/0:1H-17    [000] ...2   137.886551: sched_switch: prev_comm=kworker/0:1H prev_pid=17 prev_prio=100 prev_state=S ==> next_comm=mmcqd/1 next_pid=117 next_prio=120
         mmcqd/1-117   [000] ...2   137.886561: sched_switch: prev_comm=mmcqd/1 prev_pid=117 prev_prio=120 prev_state=S ==> next_comm=swapper/0 next_pid=0 next_prio=120
          <idle>-0     [000] ...2   137.886610: sched_switch: prev_comm=swapper/0 prev_pid=0 prev_prio=120 prev_state=R ==> next_comm=adbd next_pid=793 next_prio=120
            adbd-793   [000] ...2   137.886656: sched_switch: prev_comm=adbd prev_pid=793 prev_prio=120 prev_state=S ==> next_comm=adbd next_pid=790 next_prio=120
           <...>-2202  [001] d..2   137.886718: block_rq_insert: 179,0 R 0 () 1200008 + 8 [app_process]
           <...>-2202  [001] ...2   137.886745: sched_switch: prev_comm=app_process prev_pid=2202 prev_prio=120 prev_state=D|W ==> next_comm=swapper/1 next_pid=0 next_prio=120
          <idle>-0     [001] ...2   137.886766: sched_switch: prev_comm=swapper/1 prev_pid=0 prev_prio=120 prev_state=R ==> next_comm=ksoftirqd/1 next_pid=2195 next_prio=120
           <...>-2195  [001] ...2   137.886789: sched_switch: prev_comm=ksoftirqd/1 prev_pid=2195 prev_prio=120 prev_state=S ==> next_comm=adbd next_pid=792 next_prio=120
            adbd-792   [001] ...2   137.886805: sched_switch: prev_comm=adbd prev_pid=792 prev_prio=120 prev_state=S ==> next_comm=swapper/1 next_pid=0 next_prio=120
          <idle>-0     [001] ...2   137.886826: sched_switch: prev_comm=swapper/1 prev_pid=0 prev_prio=120 prev_state=R ==> next_comm=ksoftirqd/1 next_pid=2195 next_prio=120
           <...>-2195  [001] ...2   137.886837: sched_switch: prev_comm=ksoftirqd/1 prev_pid=2195 prev_prio=120 prev_state=S ==> next_comm=swapper/1 next_pid=0 next_prio=120
          <idle>-0     [001] ...2   137.886857: sched_switch: prev_comm=swapper/1 prev_pid=0 prev_prio=120 prev_state=R ==> next_comm=ksoftirqd/1 next_pid=2195 next_prio=120
           <...>-2195  [001] ...2   137.886866: sched_switch: prev_comm=ksoftirqd/1 prev_pid=2195 prev_prio=120 prev_state=S ==> next_comm=swapper/1 next_pid=0 next_prio=120
          <idle>-0     [001] ...2   137.887067: sched_switch: prev_comm=swapper/1 prev_pid=0 prev_prio=120 prev_state=R ==> next_comm=adbd next_pid=2203 next_prio=120
           <...>-2203  [001] ...2   137.887290: sched_switch: prev_comm=adbd prev_pid=2203 prev_prio=120 prev_state=R+ ==> next_comm=adbd next_pid=792 next_prio=120
            adbd-790   [000] ...2   137.887354: sched_switch: prev_comm=adbd prev_pid=790 prev_prio=120 prev_state=D ==> next_comm=kworker/0:0 next_pid=4 next_prio=120
     kworker/0:0-4     [000] ...2   137.887368: sched_switch: prev_comm=kworker/0:0 prev_pid=4 prev_prio=120 prev_state=S ==> next_comm=adbd next_pid=790 next_prio=120
            adbd-790   [000] ...2   137.887375: sched_switch: prev_comm=adbd prev_pid=790 prev_prio=120 prev_state=S ==> next_comm=mmcqd/1 next_pid=117 next_prio=120
            adbd-792   [001] ...2   137.887384: sched_switch: prev_comm=adbd prev_pid=792 prev_prio=120 prev_state=S ==> next_comm=adbd next_pid=2204 next_prio=120
           <...>-2204  [001] ...2   137.887412: sched_switch: prev_comm=adbd prev_pid=2204 prev_prio=120 prev_state=S ==> next_comm=adbd next_pid=2203 next_prio=120
         mmcqd/1-117   [000] ...2   137.887422: sched_switch: prev_comm=mmcqd/1 prev_pid=117 prev_prio=120 prev_state=S ==> next_comm=swapper/0 next_pid=0 next_prio=120
           <...>-2203  [001] ...2   137.887506: sched_switch: prev_comm=adbd prev_pid=2203 prev_prio=120 prev_state=R+ ==> next_comm=migration/1 next_pid=2192 next_prio=0
           <...>-2192  [001] ...2   137.887523: sched_switch: prev_comm=migration/1 prev_pid=2192 prev_prio=0 prev_state=S ==> next_comm=swapper/1 next_pid=0 next_prio=120
          <idle>-0     [000] ...2   137.887527: sched_switch: prev_comm=swapper/0 prev_pid=0 prev_prio=120 prev_state=R ==> next_comm=adbd next_pid=2203 next_prio=120
           <...>-2203  [000] ...2   137.887713: sched_switch: prev_comm=adbd prev_pid=2203 prev_prio=120 prev_state=R+ ==> next_comm=mmcqd/1 next_pid=117 next_prio=120
         mmcqd/1-117   [000] ...1   137.887725: block_rq_complete: 179,0 RA () 1200008 + 8 [0]
          <idle>-0     [001] ...2   137.887742: sched_switch: prev_comm=swapper/1 prev_pid=0 prev_prio=120 prev_state=R ==> next_comm=app_process next_pid=2202 next_prio=120
         mmcqd/1-117   [000] ...2   137.887744: sched_switch: prev_comm=mmcqd/1 prev_pid=117 prev_prio=120 prev_state=R+ ==> next_comm=kworker/0:1H next_pid=17 next_prio=100
    kworker/0:1H-17    [000] ...2   137.887751: sched_switch: prev_comm=kworker/0:1H prev_pid=17 prev_prio=100 prev_state=S ==> next_comm=mmcqd/1 next_pid=117 next_prio=120
         mmcqd/1-117   [000] ...2   137.887761: sched_switch: prev_comm=mmcqd/1 prev_pid=117 prev_prio=120 prev_state=S ==> next_comm=adbd next_pid=2203 next_prio=120
           <...>-2202  [001] d..2   137.888019: block_rq_insert: 179,0 R 0 () 1200464 + 8 [app_process]
           <...>-2202  [001] d..2   137.888024: block_rq_insert: 179,0 R 0 () 1200480 + 16 [app_process]
           <...>-2202  [001] d..2   137.888029: block_rq_insert: 179,0 R 0 () 1200504 + 56 [app_process]
           <...>-2202  [001] d..2   137.888034: block_rq_insert: 179,0 R 0 () 1200568 + 16 [app_process]
           <...>-2203  [000] ...2   137.888049: sched_switch: prev_comm=sh prev_pid=2203 prev_prio=120 prev_state=R+ ==> next_comm=mmcqd/1 next_pid=117 next_prio=120
           <...>-2202  [001] ...2   137.888055: sched_switch: prev_comm=app_process prev_pid=2202 prev_prio=120 prev_state=D|W ==> next_comm=swapper/1 next_pid=0 next_prio=120
         mmcqd/1-117   [000] ...2   137.888099: sched_switch: prev_comm=mmcqd/1 prev_pid=117 prev_prio=120 prev_state=S ==> next_comm=sh next_pid=2203 next_prio=120
           <...>-2203  [000] ...2   137.888399: sched_switch: prev_comm=sh prev_pid=2203 prev_prio=120 prev_state=R ==> next_comm=mmcqd/1 next_pid=117 next_prio=120
         mmcqd/1-117   [000] ...1   137.888430: block_rq_complete: 179,0 RA () 1200464 + 8 [0]
          <idle>-0     [001] ...2   137.888481: sched_switch: prev_comm=swapper/1 prev_pid=0 prev_prio=120 prev_state=R ==> next_comm=kworker/u:3 next_pid=113 next_prio=120
         mmcqd/1-117   [000] ...2   137.888489: sched_switch: prev_comm=mmcqd/1 prev_pid=117 prev_prio=120 prev_state=S ==> next_comm=sh next_pid=2203 next_prio=120
           <...>-2203  [000] ...2   137.888499: sched_switch: prev_comm=sh prev_pid=2203 prev_prio=120 prev_state=R ==> next_comm=mpdecision next_pid=1613 next_prio=113
     kworker/u:3-113   [001] ...2   137.888506: sched_switch: prev_comm=kworker/u:3 prev_pid=113 prev_prio=120 prev_state=S ==> next_comm=kworker/1:0H next_pid=2194 next_prio=100
           <...>-2194  [001] ...2   137.888534: sched_switch: prev_comm=kworker/1:0H prev_pid=2194 prev_prio=100 prev_state=D ==> next_comm=ksoftirqd/1 next_pid=2195 next_prio=120
           <...>-2195  [001] ...2   137.888548: sched_switch: prev_comm=ksoftirqd/1 prev_pid=2195 prev_prio=120 prev_state=S ==> next_comm=kworker/1:1H next_pid=2199 next_prio=100
           <...>-2199  [001] ...2   137.888653: sched_switch: prev_comm=kworker/1:1H prev_pid=2199 prev_prio=0 prev_state=D ==> next_comm=swapper/1 next_pid=0 next_prio=120
          <idle>-0     [001] ...2   137.888664: sched_switch: prev_comm=swapper/1 prev_pid=0 prev_prio=120 prev_state=R ==> next_comm=kworker/1:1H next_pid=2199 next_prio=0
           <...>-2199  [001] ...2   137.888681: sched_switch: prev_comm=kworker/1:1H prev_pid=2199 prev_prio=100 prev_state=S ==> next_comm=kworker/1:0H next_pid=2194 next_prio=100
           <...>-2194  [001] ...2   137.888688: sched_switch: prev_comm=kworker/1:0H prev_pid=2194 prev_prio=100 prev_state=S ==> next_comm=ksoftirqd/1 next_pid=2195 next_prio=120
           <...>-2195  [001] ...2   137.888694: sched_switch: prev_comm=ksoftirqd/1 prev_pid=2195 prev_prio=120 prev_state=S ==> next_comm=swapper/1 next_pid=0 next_prio=120
          <idle>-0     [001] ...2   137.888707: sched_switch: prev_comm=swapper/1 prev_pid=0 prev_prio=120 prev_state=R ==> next_comm=ksoftirqd/1 next_pid=2195 next_prio=120
           <...>-2195  [001] ...2   137.888713: sched_switch: prev_comm=ksoftirqd/1 prev_pid=2195 prev_prio=120 prev_state=S ==> next_comm=swapper/1 next_pid=0 next_prio=120
      mpdecision-1613  [000] ...2   137.888738: sched_switch: prev_comm=mpdecision prev_pid=1613 prev_prio=113 prev_state=S ==> next_comm=sh next_pid=2203 next_prio=120
           <...>-2203  [000] ...2   137.888833: sched_switch: prev_comm=sh prev_pid=2203 prev_prio=120 prev_state=R ==> next_comm=mmcqd/1 next_pid=117 next_prio=120
         mmcqd/1-117   [000] ...1   137.888864: block_rq_complete: 179,0 RA () 1200480 + 16 [0]
         mmcqd/1-117   [000] ...2   137.888886: sched_switch: prev_comm=mmcqd/1 prev_pid=117 prev_prio=120 prev_state=S ==> next_comm=sh next_pid=2203 next_prio=120
           <...>-2203  [000] ...2   137.889750: sched_switch: prev_comm=sh prev_pid=2203 prev_prio=120 prev_state=R+ ==> next_comm=mmcqd/1 next_pid=117 next_prio=120
         mmcqd/1-117   [000] ...1   137.889790: block_rq_complete: 179,0 RA () 1200504 + 56 [0]
         mmcqd/1-117   [000] ...2   137.889805: sched_switch: prev_comm=mmcqd/1 prev_pid=117 prev_prio=120 prev_state=S ==> next_comm=sh next_pid=2203 next_prio=120
           <...>-2203  [000] ...2   137.890175: sched_switch: prev_comm=sh prev_pid=2203 prev_prio=120 prev_state=R ==> next_comm=mmcqd/1 next_pid=117 next_prio=120
         mmcqd/1-117   [000] ...1   137.890187: block_rq_complete: 179,0 RA () 1200568 + 16 [0]
          <idle>-0     [001] ...2   137.890204: sched_switch: prev_comm=swapper/1 prev_pid=0 prev_prio=120 prev_state=R ==> next_comm=app_process next_pid=2202 next_prio=120
         mmcqd/1-117   [000] ...2   137.890206: sched_switch: prev_comm=mmcqd/1 prev_pid=117 prev_prio=120 prev_state=R+ ==> next_comm=kworker/0:1H next_pid=17 next_prio=100
    kworker/0:1H-17    [000] ...2   137.890214: sched_switch: prev_comm=kworker/0:1H prev_pid=17 prev_prio=100 prev_state=S ==> next_comm=mmcqd/1 next_pid=117 next_prio=120
         mmcqd/1-117   [000] ...2   137.890224: sched_switch: prev_comm=mmcqd/1 prev_pid=117 prev_prio=120 prev_state=S ==> next_comm=sh next_pid=2203 next_prio=120
           <...>-2202  [001] d..2   137.890342: block_rq_insert: 179,0 R 0 () 1201088 + 24 [app_process]
           <...>-2202  [001] d..2   137.890346: block_rq_insert: 179,0 R 0 () 1201160 + 32 [app_process]
           <...>-2203  [000] ...2   137.890357: sched_switch: prev_comm=sh prev_pid=2203 prev_prio=120 prev_state=R+ ==> next_comm=mmcqd/1 next_pid=117 next_prio=120
           <...>-2202  [001] ...2   137.890364: sched_switch: prev_comm=app_process prev_pid=2202 prev_prio=120 prev_state=D|W ==> next_comm=swapper/1 next_pid=0 next_prio=120
         mmcqd/1-117   [000] ...2   137.890415: sched_switch: prev_comm=mmcqd/1 prev_pid=117 prev_prio=120 prev_state=S ==> next_comm=sh next_pid=2203 next_prio=120
           <...>-2203  [000] ...2   137.890889: sched_switch: prev_comm=sh prev_pid=2203 prev_prio=120 prev_state=R+ ==> next_comm=mmcqd/1 next_pid=117 next_prio=120
         mmcqd/1-117   [000] ...1   137.890922: block_rq_complete: 179,0 RA () 1201088 + 24 [0]
         mmcqd/1-117   [000] ...2   137.890937: sched_switch: prev_comm=mmcqd/1 prev_pid=117 prev_prio=120 prev_state=S ==> next_comm=sh next_pid=2203 next_prio=120
          <idle>-0     [001] ...2   137.891125: sched_switch: prev_comm=swapper/1 prev_pid=0 prev_prio=120 prev_state=R ==> next_comm=sh next_pid=2205 next_prio=120
           <...>-2203  [000] ...2   137.891457: sched_switch: prev_comm=sh prev_pid=2203 prev_prio=120 prev_state=S ==> next_comm=sh next_pid=2206 next_prio=120
           <...>-2206  [000] ...2   137.891487: sched_switch: prev_comm=sh prev_pid=2206 prev_prio=120 prev_state=R+ ==> next_comm=mmcqd/1 next_pid=117 next_prio=120
         mmcqd/1-117   [000] ...1   137.891501: block_rq_complete: 179,0 RA () 1201160 + 32 [0]
           <...>-2205  [001] ...2   137.891511: sched_switch: prev_comm=sh prev_pid=2205 prev_prio=120 prev_state=R+ ==> next_comm=app_process next_pid=2202 next_prio=120
         mmcqd/1-117   [000] ...2   137.891521: sched_switch: prev_comm=mmcqd/1 prev_pid=117 prev_prio=120 prev_state=R+ ==> next_comm=kworker/0:1H next_pid=17 next_prio=100
    kworker/0:1H-17    [000] ...2   137.891529: sched_switch: prev_comm=kworker/0:1H prev_pid=17 prev_prio=100 prev_state=S ==> next_comm=mmcqd/1 next_pid=117 next_prio=120
         mmcqd/1-117   [000] ...2   137.891540: sched_switch: prev_comm=mmcqd/1 prev_pid=117 prev_prio=120 prev_state=S ==> next_comm=sh next_pid=2206 next_prio=120
           <...>-2202  [001] d..2   137.891675: block_rq_insert: 179,0 R 0 () 1203920 + 8 [app_process]
           <...>-2202  [001] d..2   137.891679: block_rq_insert: 179,0 R 0 () 1203968 + 88 [app_process]
           <...>-2206  [000] ...2   137.891690: sched_switch: prev_comm=sh prev_pid=2206 prev_prio=120 prev_state=R+ ==> next_comm=mmcqd/1 next_pid=117 next_prio=120
           <...>-2202  [001] ...2   137.891693: sched_switch: prev_comm=app_process prev_pid=2202 prev_prio=120 prev_state=D|W ==> next_comm=sh next_pid=2205 next_prio=120
         mmcqd/1-117   [000] ...2   137.891757: sched_switch: prev_comm=mmcqd/1 prev_pid=117 prev_prio=120 prev_state=S ==> next_comm=sh next_pid=2206 next_prio=120
           <...>-2206  [000] ...2   137.892027: sched_switch: prev_comm=sh prev_pid=2206 prev_prio=120 prev_state=R+ ==> next_comm=mmcqd/1 next_pid=117 next_prio=120
         mmcqd/1-117   [000] ...1   137.892051: block_rq_complete: 179,0 RA () 1203920 + 8 [0]
         mmcqd/1-117   [000] ...2   137.892068: sched_switch: prev_comm=mmcqd/1 prev_pid=117 prev_prio=120 prev_state=S ==> next_comm=sh next_pid=2206 next_prio=120
           <...>-2206  [000] d..2   137.892089: block_rq_insert: 179,0 R 0 () 733808 + 32 [sh]
           <...>-2206  [000] ...2   137.892103: sched_switch: prev_comm=sh prev_pid=2206 prev_prio=120 prev_state=R+ ==> next_comm=mmcqd/1 next_pid=117 next_prio=120
         mmcqd/1-117   [000] ...2   137.892124: sched_switch: prev_comm=mmcqd/1 prev_pid=117 prev_prio=120 prev_state=S ==> next_comm=sh next_pid=2206 next_prio=120
           <...>-2206  [000] ...2   137.892131: sched_switch: prev_comm=sh prev_pid=2206 prev_prio=120 prev_state=D|W ==> next_comm=swapper/0 next_pid=0 next_prio=120
          <idle>-0     [000] ...2   137.892151: sched_switch: prev_comm=swapper/0 prev_pid=0 prev_prio=120 prev_state=R ==> next_comm=ksoftirqd/0 next_pid=3 next_prio=120
     ksoftirqd/0-3     [000] ...2   137.892160: sched_switch: prev_comm=ksoftirqd/0 prev_pid=3 prev_prio=120 prev_state=S ==> next_comm=sh next_pid=2203 next_prio=120
           <...>-2205  [001] ...3   137.892164: sched_switch: prev_comm=sh prev_pid=2205 prev_prio=120 prev_state=x ==> next_comm=swapper/1 next_pid=0 next_prio=120
           <...>-2203  [000] ...2   137.892207: sched_switch: prev_comm=sh prev_pid=2203 prev_prio=120 prev_state=S ==> next_comm=swapper/0 next_pid=0 next_prio=120
          <idle>-0     [000] ...2   137.892228: sched_switch: prev_comm=swapper/0 prev_pid=0 prev_prio=120 prev_state=R ==> next_comm=ksoftirqd/0 next_pid=3 next_prio=120
     ksoftirqd/0-3     [000] ...2   137.892239: sched_switch: prev_comm=ksoftirqd/0 prev_pid=3 prev_prio=120 prev_state=S ==> next_comm=swapper/0 next_pid=0 next_prio=120
          <idle>-0     [000] ...2   137.892255: sched_switch: prev_comm=swapper/0 prev_pid=0 prev_prio=120 prev_state=R ==> next_comm=ksoftirqd/0 next_pid=3 next_prio=120
     ksoftirqd/0-3     [000] ...2   137.892276: sched_switch: prev_comm=ksoftirqd/0 prev_pid=3 prev_prio=120 prev_state=S ==> next_comm=swapper/0 next_pid=0 next_prio=120
          <idle>-0     [000] ...2   137.893251: sched_switch: prev_comm=swapper/0 prev_pid=0 prev_prio=120 prev_state=R ==> next_comm=mmcqd/1 next_pid=117 next_prio=120
         mmcqd/1-117   [000] ...1   137.893295: block_rq_complete: 179,0 RA () 1203968 + 88 [0]
          <idle>-0     [001] ...2   137.893309: sched_switch: prev_comm=swapper/1 prev_pid=0 prev_prio=120 prev_state=R ==> next_comm=app_process next_pid=2202 next_prio=120
         mmcqd/1-117   [000] ...2   137.893315: sched_switch: prev_comm=mmcqd/1 prev_pid=117 prev_prio=120 prev_state=S ==> next_comm=swapper/0 next_pid=0 next_prio=120
           <...>-2202  [001] d..2   137.893458: block_rq_insert: 179,0 R 0 () 1206136 + 88 [app_process]
           <...>-2202  [001] ...2   137.893475: sched_switch: prev_comm=app_process prev_pid=2202 prev_prio=120 prev_state=D|W ==> next_comm=swapper/1 next_pid=0 next_prio=120
          <idle>-0     [000] ...2   137.893476: sched_switch: prev_comm=swapper/0 prev_pid=0 prev_prio=120 prev_state=R ==> next_comm=mmcqd/1 next_pid=117 next_prio=120
         mmcqd/1-117   [000] ...2   137.893510: sched_switch: prev_comm=mmcqd/1 prev_pid=117 prev_prio=120 prev_state=S ==> next_comm=swapper/0 next_pid=0 next_prio=120
          <idle>-0     [000] ...2   137.893870: sched_switch: prev_comm=swapper/0 prev_pid=0 prev_prio=120 prev_state=R ==> next_comm=mmcqd/1 next_pid=117 next_prio=120
         mmcqd/1-117   [000] ...1   137.893903: block_rq_complete: 179,0 RA () 733808 + 32 [0]
         mmcqd/1-117   [000] ...2   137.893919: sched_switch: prev_comm=mmcqd/1 prev_pid=117 prev_prio=120 prev_state=S ==> next_comm=sh next_pid=2206 next_prio=120
           <...>-2206  [000] d..2   137.894145: block_rq_insert: 179,0 R 0 () 733968 + 136 [grep]
           <...>-2206  [000] ...2   137.894158: sched_switch: prev_comm=grep prev_pid=2206 prev_prio=120 prev_state=R+ ==> next_comm=mmcqd/1 next_pid=117 next_prio=120
         mmcqd/1-117   [000] ...2   137.894203: sched_switch: prev_comm=mmcqd/1 prev_pid=117 prev_prio=120 prev_state=S ==> next_comm=grep next_pid=2206 next_prio=120
           <...>-2206  [000] ...2   137.894208: sched_switch: prev_comm=grep prev_pid=2206 prev_prio=120 prev_state=D|W ==> next_comm=swapper/0 next_pid=0 next_prio=120
          <idle>-0     [000] ...2   137.895111: sched_switch: prev_comm=swapper/0 prev_pid=0 prev_prio=120 prev_state=R ==> next_comm=mmcqd/1 next_pid=117 next_prio=120
         mmcqd/1-117   [000] ...1   137.895155: block_rq_complete: 179,0 RA () 1206136 + 88 [0]
          <idle>-0     [001] ...2   137.895167: sched_switch: prev_comm=swapper/1 prev_pid=0 prev_prio=120 prev_state=R ==> next_comm=app_process next_pid=2202 next_prio=120
         mmcqd/1-117   [000] ...2   137.895173: sched_switch: prev_comm=mmcqd/1 prev_pid=117 prev_prio=120 prev_state=S ==> next_comm=swapper/0 next_pid=0 next_prio=120
           <...>-2202  [001] d..2   137.895298: block_rq_insert: 179,0 R 0 () 1206280 + 8 [app_process]
           <...>-2202  [001] d..2   137.895308: block_rq_insert: 179,0 R 0 () 1206296 + 40 [app_process]
          <idle>-0     [000] ...2   137.895316: sched_switch: prev_comm=swapper/0 prev_pid=0 prev_prio=120 prev_state=R ==> next_comm=mmcqd/1 next_pid=117 next_prio=120
           <...>-2202  [001] ...2   137.895318: sched_switch: prev_comm=app_process prev_pid=2202 prev_prio=120 prev_state=D|W ==> next_comm=swapper/1 next_pid=0 next_prio=120
         mmcqd/1-117   [000] ...2   137.895330: sched_switch: prev_comm=mmcqd/1 prev_pid=117 prev_prio=120 prev_state=S ==> next_comm=swapper/0 next_pid=0 next_prio=120
          <idle>-0     [000] ...2   137.896863: sched_switch: prev_comm=swapper/0 prev_pid=0 prev_prio=120 prev_state=R ==> next_comm=mmcqd/1 next_pid=117 next_prio=120
         mmcqd/1-117   [000] ...1   137.896917: block_rq_complete: 179,0 RA () 733968 + 136 [0]
         mmcqd/1-117   [000] ...2   137.896950: sched_switch: prev_comm=mmcqd/1 prev_pid=117 prev_prio=120 prev_state=S ==> next_comm=grep next_pid=2206 next_prio=120
           <...>-2206  [000] ...2   137.897193: sched_switch: prev_comm=grep prev_pid=2206 prev_prio=120 prev_state=R+ ==> next_comm=mmcqd/1 next_pid=117 next_prio=120
         mmcqd/1-117   [000] ...1   137.897217: block_rq_complete: 179,0 RA () 1206280 + 8 [0]
         mmcqd/1-117   [000] ...2   137.897234: sched_switch: prev_comm=mmcqd/1 prev_pid=117 prev_prio=120 prev_state=S ==> next_comm=grep next_pid=2206 next_prio=120
           <...>-2206  [000] d..2   137.897250: block_rq_insert: 179,0 R 0 () 733840 + 128 [grep]
           <...>-2206  [000] ...2   137.897262: sched_switch: prev_comm=grep prev_pid=2206 prev_prio=120 prev_state=R+ ==> next_comm=mmcqd/1 next_pid=117 next_prio=120
         mmcqd/1-117   [000] ...2   137.897305: sched_switch: prev_comm=mmcqd/1 prev_pid=117 prev_prio=120 prev_state=S ==> next_comm=grep next_pid=2206 next_prio=120
           <...>-2206  [000] d..2   137.897744: block_rq_insert: 179,0 R 0 () 1242728 + 8 [grep]
           <...>-2206  [000] ...2   137.897754: sched_switch: prev_comm=grep prev_pid=2206 prev_prio=120 prev_state=D|W ==> next_comm=swapper/0 next_pid=0 next_prio=120
          <idle>-0     [000] ...2   137.897770: sched_switch: prev_comm=swapper/0 prev_pid=0 prev_prio=120 prev_state=R ==> next_comm=ksoftirqd/0 next_pid=3 next_prio=120
     ksoftirqd/0-3     [000] ...2   137.897780: sched_switch: prev_comm=ksoftirqd/0 prev_pid=3 prev_prio=120 prev_state=S ==> next_comm=swapper/0 next_pid=0 next_prio=120
          <idle>-0     [000] ...2   137.897795: sched_switch: prev_comm=swapper/0 prev_pid=0 prev_prio=120 prev_state=R ==> next_comm=ksoftirqd/0 next_pid=3 next_prio=120
     ksoftirqd/0-3     [000] ...2   137.897803: sched_switch: prev_comm=ksoftirqd/0 prev_pid=3 prev_prio=120 prev_state=S ==> next_comm=swapper/0 next_pid=0 next_prio=120
          <idle>-0     [000] ...2   137.897816: sched_switch: prev_comm=swapper/0 prev_pid=0 prev_prio=120 prev_state=R ==> next_comm=ksoftirqd/0 next_pid=3 next_prio=120
     ksoftirqd/0-3     [000] ...2   137.897828: sched_switch: prev_comm=ksoftirqd/0 prev_pid=3 prev_prio=120 prev_state=S ==> next_comm=swapper/0 next_pid=0 next_prio=120
          <idle>-0     [000] ...2   137.897903: sched_switch: prev_comm=swapper/0 prev_pid=0 prev_prio=120 prev_state=R ==> next_comm=mmcqd/1 next_pid=117 next_prio=120
         mmcqd/1-117   [000] ...1   137.897938: block_rq_complete: 179,0 RA () 1206296 + 40 [0]
          <idle>-0     [001] ...2   137.897951: sched_switch: prev_comm=swapper/1 prev_pid=0 prev_prio=120 prev_state=R ==> next_comm=app_process next_pid=2202 next_prio=120
         mmcqd/1-117   [000] ...2   137.897964: sched_switch: prev_comm=mmcqd/1 prev_pid=117 prev_prio=120 prev_state=S ==> next_comm=swapper/0 next_pid=0 next_prio=120
           <...>-2202  [001] d..2   137.898061: block_rq_insert: 179,0 R 0 () 1206520 + 24 [app_process]
           <...>-2202  [001] ...2   137.898072: sched_switch: prev_comm=app_process prev_pid=2202 prev_prio=120 prev_state=D|W ==> next_comm=swapper/1 next_pid=0 next_prio=120
          <idle>-0     [001] ...2   137.898469: sched_switch: prev_comm=swapper/1 prev_pid=0 prev_prio=120 prev_state=R ==> next_comm=ksoftirqd/1 next_pid=2195 next_prio=120
           <...>-2195  [001] ...2   137.898478: sched_switch: prev_comm=ksoftirqd/1 prev_pid=2195 prev_prio=120 prev_state=S ==> next_comm=swapper/1 next_pid=0 next_prio=120
          <idle>-0     [001] ...2   137.898490: sched_switch: prev_comm=swapper/1 prev_pid=0 prev_prio=120 prev_state=R ==> next_comm=ksoftirqd/1 next_pid=2195 next_prio=120
           <...>-2195  [001] ...2   137.898506: sched_switch: prev_comm=ksoftirqd/1 prev_pid=2195 prev_prio=120 prev_state=S ==> next_comm=swapper/1 next_pid=0 next_prio=120
          <idle>-0     [001] ...2   137.898519: sched_switch: prev_comm=swapper/1 prev_pid=0 prev_prio=120 prev_state=R ==> next_comm=ksoftirqd/1 next_pid=2195 next_prio=120
           <...>-2195  [001] ...2   137.898527: sched_switch: prev_comm=ksoftirqd/1 prev_pid=2195 prev_prio=120 prev_state=S ==> next_comm=swapper/1 next_pid=0 next_prio=120
          <idle>-0     [001] ...2   137.898539: sched_switch: prev_comm=swapper/1 prev_pid=0 prev_prio=120 prev_state=R ==> next_comm=ksoftirqd/1 next_pid=2195 next_prio=120
           <...>-2195  [001] ...2   137.898547: sched_switch: prev_comm=ksoftirqd/1 prev_pid=2195 prev_prio=120 prev_state=S ==> next_comm=swapper/1 next_pid=0 next_prio=120
          <idle>-0     [001] ...2   137.898560: sched_switch: prev_comm=swapper/1 prev_pid=0 prev_prio=120 prev_state=R ==> next_comm=ksoftirqd/1 next_pid=2195 next_prio=120
           <...>-2195  [001] ...2   137.898567: sched_switch: prev_comm=ksoftirqd/1 prev_pid=2195 prev_prio=120 prev_state=S ==> next_comm=swapper/1 next_pid=0 next_prio=120
          <idle>-0     [001] ...2   137.898580: sched_switch: prev_comm=swapper/1 prev_pid=0 prev_prio=120 prev_state=R ==> next_comm=ksoftirqd/1 next_pid=2195 next_prio=120
           <...>-2195  [001] ...2   137.898586: sched_switch: prev_comm=ksoftirqd/1 prev_pid=2195 prev_prio=120 prev_state=S ==> next_comm=swapper/1 next_pid=0 next_prio=120
          <idle>-0     [000] ...2   137.899572: sched_switch: prev_comm=swapper/0 prev_pid=0 prev_prio=120 prev_state=R ==> next_comm=mmcqd/1 next_pid=117 next_prio=120
         mmcqd/1-117   [000] ...1   137.899624: block_rq_complete: 179,0 RA () 733840 + 128 [0]
         mmcqd/1-117   [000] ...2   137.899652: sched_switch: prev_comm=mmcqd/1 prev_pid=117 prev_prio=120 prev_state=S ==> next_comm=swapper/0 next_pid=0 next_prio=120
          <idle>-0     [000] ...2   137.899922: sched_switch: prev_comm=swapper/0 prev_pid=0 prev_prio=120 prev_state=R ==> next_comm=mmcqd/1 next_pid=117 next_prio=120
         mmcqd/1-117   [000] ...1   137.899945: block_rq_complete: 179,0 RA () 1242728 + 8 [0]
         mmcqd/1-117   [000] ...2   137.899963: sched_switch: prev_comm=mmcqd/1 prev_pid=117 prev_prio=120 prev_state=S ==> next_comm=grep next_pid=2206 next_prio=120
           <...>-2206  [000] d..2   137.900249: block_rq_insert: 179,0 R 0 () 1225440 + 16 [grep]
           <...>-2206  [000] dn.2   137.900258: block_rq_insert: 179,0 R 0 () 1225512 + 16 [grep]
           <...>-2206  [000] ...2   137.900265: sched_switch: prev_comm=grep prev_pid=2206 prev_prio=120 prev_state=R+ ==> next_comm=mmcqd/1 next_pid=117 next_prio=120
         mmcqd/1-117   [000] ...2   137.900282: sched_switch: prev_comm=mmcqd/1 prev_pid=117 prev_prio=120 prev_state=S ==> next_comm=grep next_pid=2206 next_prio=120
           <...>-2206  [000] ...2   137.900290: sched_switch: prev_comm=grep prev_pid=2206 prev_prio=120 prev_state=D|W ==> next_comm=swapper/0 next_pid=0 next_prio=120
          <idle>-0     [000] ...2   137.900306: sched_switch: prev_comm=swapper/0 prev_pid=0 prev_prio=120 prev_state=R ==> next_comm=ksoftirqd/0 next_pid=3 next_prio=120
     ksoftirqd/0-3     [000] ...2   137.900314: sched_switch: prev_comm=ksoftirqd/0 prev_pid=3 prev_prio=120 prev_state=S ==> next_comm=swapper/0 next_pid=0 next_prio=120
          <idle>-0     [000] ...2   137.900330: sched_switch: prev_comm=swapper/0 prev_pid=0 prev_prio=120 prev_state=R ==> next_comm=ksoftirqd/0 next_pid=3 next_prio=120
     ksoftirqd/0-3     [000] ...2   137.900338: sched_switch: prev_comm=ksoftirqd/0 prev_pid=3 prev_prio=120 prev_state=S ==> next_comm=swapper/0 next_pid=0 next_prio=120
          <idle>-0     [000] ...2   137.900353: sched_switch: prev_comm=swapper/0 prev_pid=0 prev_prio=120 prev_state=R ==> next_comm=ksoftirqd/0 next_pid=3 next_prio=120
     ksoftirqd/0-3     [000] ...2   137.900362: sched_switch: prev_comm=ksoftirqd/0 prev_pid=3 prev_prio=120 prev_state=S ==> next_comm=swapper/0 next_pid=0 next_prio=120
          <idle>-0     [000] ...2   137.900538: sched_switch: prev_comm=swapper/0 prev_pid=0 prev_prio=120 prev_state=R ==> next_comm=mmcqd/1 next_pid=117 next_prio=120
         mmcqd/1-117   [000] ...1   137.900570: block_rq_complete: 179,0 RA () 1206520 + 24 [0]
          <idle>-0     [001] ...2   137.900583: sched_switch: prev_comm=swapper/1 prev_pid=0 prev_prio=120 prev_state=R ==> next_comm=app_process next_pid=2202 next_prio=120
         mmcqd/1-117   [000] ...2   137.900596: sched_switch: prev_comm=mmcqd/1 prev_pid=117 prev_prio=120 prev_state=S ==> next_comm=swapper/0 next_pid=0 next_prio=120
           <...>-2202  [001] d..2   137.900705: block_rq_insert: 179,0 R 0 () 1206904 + 8 [app_process]
           <...>-2202  [001] d..2   137.900709: block_rq_insert: 179,0 R 0 () 1206960 + 8 [app_process]
           <...>-2202  [001] d..2   137.900711: block_rq_insert: 179,0 R 0 () 1206984 + 32 [app_process]
           <...>-2202  [001] ...2   137.900721: sched_switch: prev_comm=app_process prev_pid=2202 prev_prio=120 prev_state=D|W ==> next_comm=swapper/1 next_pid=0 next_prio=120
          <idle>-0     [000] ...2   137.900960: sched_switch: prev_comm=swapper/0 prev_pid=0 prev_prio=120 prev_state=R ==> next_comm=mmcqd/1 next_pid=117 next_prio=120
         mmcqd/1-117   [000] ...1   137.900991: block_rq_complete: 179,0 RA () 1225440 + 16 [0]
         mmcqd/1-117   [000] ...2   137.901016: sched_switch: prev_comm=mmcqd/1 prev_pid=117 prev_prio=120 prev_state=S ==> next_comm=swapper/0 next_pid=0 next_prio=120
          <idle>-0     [000] ...2   137.901388: sched_switch: prev_comm=swapper/0 prev_pid=0 prev_prio=120 prev_state=R ==> next_comm=mmcqd/1 next_pid=117 next_prio=120
         mmcqd/1-117   [000] ...1   137.901418: block_rq_complete: 179,0 RA () 1225512 + 16 [0]
         mmcqd/1-117   [000] ...2   137.901438: sched_switch: prev_comm=mmcqd/1 prev_pid=117 prev_prio=120 prev_state=S ==> next_comm=grep next_pid=2206 next_prio=120
