    kworker/0:1H-17    [000] ...2   138.190667: sched_switch: prev_comm=kworker/0:1H prev_pid=17 prev_prio=100 prev_state=S ==> next_comm=mmcqd/1 next_pid=117 next_prio=120
         mmcqd/1-117   [000] ...2   138.190676: sched_switch: prev_comm=mmcqd/1 prev_pid=117 prev_prio=120 prev_state=S ==> next_comm=main next_pid=2202 next_prio=120
          <idle>-0     [001] ...2   138.190770: sched_switch: prev_comm=swapper/1 prev_pid=0 prev_prio=120 prev_state=R ==> next_comm=main next_pid=2217 next_prio=120
           <...>-2202  [000] ...2   138.190804: sched_switch: prev_comm=main prev_pid=2202 prev_prio=120 prev_state=D ==> next_comm=swapper/0 next_pid=0 next_prio=120
          <idle>-0     [000] ...2   138.190830: sched_switch: prev_comm=swapper/0 prev_pid=0 prev_prio=120 prev_state=R ==> next_comm=main next_pid=2202 next_prio=120
           <...>-2202  [000] ...2   138.190998: sched_switch: prev_comm=main prev_pid=2202 prev_prio=120 prev_state=S ==> next_comm=swapper/0 next_pid=0 next_prio=120
          <idle>-0     [000] ...2   138.191443: sched_switch: prev_comm=swapper/0 prev_pid=0 prev_prio=120 prev_state=R ==> next_comm=main next_pid=2202 next_prio=120
           <...>-2217  [001] ...2   138.191528: sched_switch: prev_comm=FinalizerDaemon prev_pid=2217 prev_prio=120 prev_state=S ==> next_comm=main next_pid=2218 next_prio=120
           <...>-2202  [000] ...2   138.191746: sched_switch: prev_comm=main prev_pid=2202 prev_prio=120 prev_state=S ==> next_comm=swapper/0 next_pid=0 next_prio=120
          <idle>-0     [000] ...2   138.192196: sched_switch: prev_comm=swapper/0 prev_pid=0 prev_prio=120 prev_state=R ==> next_comm=main next_pid=2202 next_prio=120
           <...>-2218  [001] ...2   138.192254: sched_switch: prev_comm=FinalizerWatchd prev_pid=2218 prev_prio=120 prev_state=S ==> next_comm=main next_pid=2219 next_prio=120
           <...>-2202  [000] ...2   138.192462: sched_switch: prev_comm=main prev_pid=2202 prev_prio=120 prev_state=S ==> next_comm=swapper/0 next_pid=0 next_prio=120
          <idle>-0     [000] ...2   138.192902: sched_switch: prev_comm=swapper/0 prev_pid=0 prev_prio=120 prev_state=R ==> next_comm=main next_pid=2202 next_prio=120
           <...>-2219  [001] ...2   138.192952: sched_switch: prev_comm=HeapTrimmerDaem prev_pid=2219 prev_prio=120 prev_state=S ==> next_comm=swapper/1 next_pid=0 next_prio=120
          <idle>-0     [001] ...2   138.192969: sched_switch: prev_comm=swapper/1 prev_pid=0 prev_prio=120 prev_state=R ==> next_comm=ksoftirqd/1 next_pid=2195 next_prio=120
           <...>-2195  [001] ...2   138.192982: sched_switch: prev_comm=ksoftirqd/1 prev_pid=2195 prev_prio=120 prev_state=S ==> next_comm=main next_pid=2220 next_prio=120
           <...>-2202  [000] ...2   138.192995: sched_switch: prev_comm=main prev_pid=2202 prev_prio=120 prev_state=D ==> next_comm=swapper/0 next_pid=0 next_prio=120
          <idle>-0     [000] ...2   138.193006: sched_switch: prev_comm=swapper/0 prev_pid=0 prev_prio=120 prev_state=R ==> next_comm=main next_pid=2202 next_prio=120
           <...>-2202  [000] d..2   138.193166: block_rq_insert: 179,0 R 0 () 4008360 + 48 [main]
           <...>-2202  [000] d..2   138.193169: block_rq_insert: 179,0 R 0 () 4008432 + 16 [main]
           <...>-2202  [000] d..2   138.193171: block_rq_insert: 179,0 R 0 () 4008456 + 8 [main]
           <...>-2202  [000] d..2   138.193173: block_rq_insert: 179,0 R 0 () 4008536 + 16 [main]
           <...>-2202  [000] ...2   138.193183: sched_switch: prev_comm=main prev_pid=2202 prev_prio=120 prev_state=D|W ==> next_comm=mmcqd/1 next_pid=117 next_prio=120
         mmcqd/1-117   [000] ...2   138.193231: sched_switch: prev_comm=mmcqd/1 prev_pid=117 prev_prio=120 prev_state=S ==> next_comm=swapper/0 next_pid=0 next_prio=120
          <idle>-0     [000] ...2   138.193538: sched_switch: prev_comm=swapper/0 prev_pid=0 prev_prio=120 prev_state=R ==> next_comm=mmcqd/1 next_pid=117 next_prio=120
         mmcqd/1-117   [000] ...1   138.193573: block_rq_complete: 179,0 RA () 4008536 + 16 [0]
         mmcqd/1-117   [000] ...2   138.193595: sched_switch: prev_comm=mmcqd/1 prev_pid=117 prev_prio=120 prev_state=S ==> next_comm=adbd next_pid=793 next_prio=120
            adbd-793   [000] ...2   138.193607: sched_switch: prev_comm=adbd prev_pid=793 prev_prio=120 prev_state=S ==> next_comm=swapper/0 next_pid=0 next_prio=120
           <...>-2220  [001] ...2   138.193650: sched_switch: prev_comm=GCDaemon prev_pid=2220 prev_prio=120 prev_state=S ==> next_comm=swapper/1 next_pid=0 next_prio=120
          <idle>-0     [001] ...2   138.193675: sched_switch: prev_comm=swapper/1 prev_pid=0 prev_prio=120 prev_state=R ==> next_comm=ksoftirqd/1 next_pid=2195 next_prio=120
           <...>-2195  [001] ...2   138.193695: sched_switch: prev_comm=ksoftirqd/1 prev_pid=2195 prev_prio=120 prev_state=S ==> next_comm=swapper/1 next_pid=0 next_prio=120
          <idle>-0     [001] ...2   138.193717: sched_switch: prev_comm=swapper/1 prev_pid=0 prev_prio=120 prev_state=R ==> next_comm=ksoftirqd/1 next_pid=2195 next_prio=120
          <idle>-0     [000] ...2   138.193723: sched_switch: prev_comm=swapper/0 prev_pid=0 prev_prio=120 prev_state=R ==> next_comm=adbd next_pid=793 next_prio=120
           <...>-2195  [001] ...2   138.193728: sched_switch: prev_comm=ksoftirqd/1 prev_pid=2195 prev_prio=120 prev_state=S ==> next_comm=swapper/1 next_pid=0 next_prio=120
          <idle>-0     [001] ...2   138.193749: sched_switch: prev_comm=swapper/1 prev_pid=0 prev_prio=120 prev_state=R ==> next_comm=ksoftirqd/1 next_pid=2195 next_prio=120
            adbd-793   [000] ...2   138.193753: sched_switch: prev_comm=adbd prev_pid=793 prev_prio=120 prev_state=S ==> next_comm=adbd next_pid=790 next_prio=120
           <...>-2195  [001] ...2   138.193762: sched_switch: prev_comm=ksoftirqd/1 prev_pid=2195 prev_prio=120 prev_state=S ==> next_comm=swapper/1 next_pid=0 next_prio=120
          <idle>-0     [001] ...2   138.193858: sched_switch: prev_comm=swapper/1 prev_pid=0 prev_prio=120 prev_state=R ==> next_comm=adbd next_pid=792 next_prio=120
            adbd-792   [001] ...2   138.193869: sched_switch: prev_comm=adbd prev_pid=792 prev_prio=120 prev_state=S ==> next_comm=JDWP next_pid=2215 next_prio=120
           <...>-2215  [001] ...2   138.193946: sched_switch: prev_comm=JDWP prev_pid=2215 prev_prio=120 prev_state=S ==> next_comm=adbd next_pid=792 next_prio=120
            adbd-790   [000] ...2   138.194016: sched_switch: prev_comm=adbd prev_pid=790 prev_prio=120 prev_state=S ==> next_comm=mmcqd/1 next_pid=117 next_prio=120
         mmcqd/1-117   [000] ...1   138.194042: block_rq_complete: 179,0 RA () 4008456 + 8 [0]
            adbd-792   [001] ...2   138.194045: sched_switch: prev_comm=adbd prev_pid=792 prev_prio=120 prev_state=S ==> next_comm=swapper/1 next_pid=0 next_prio=120
         mmcqd/1-117   [000] ...2   138.194074: sched_switch: prev_comm=mmcqd/1 prev_pid=117 prev_prio=120 prev_state=S ==> next_comm=main next_pid=2202 next_prio=120
           <...>-2202  [000] ...2   138.194092: sched_switch: prev_comm=main prev_pid=2202 prev_prio=120 prev_state=D|W ==> next_comm=swapper/0 next_pid=0 next_prio=120
          <idle>-0     [000] ...2   138.194322: sched_switch: prev_comm=swapper/0 prev_pid=0 prev_prio=120 prev_state=R ==> next_comm=adbd next_pid=793 next_prio=120
            adbd-793   [000] ...2   138.194334: sched_switch: prev_comm=adbd prev_pid=793 prev_prio=120 prev_state=S ==> next_comm=mmcqd/1 next_pid=117 next_prio=120
         mmcqd/1-117   [000] ...1   138.194362: block_rq_complete: 179,0 RA () 4008432 + 16 [0]
         mmcqd/1-117   [000] ...2   138.194381: sched_switch: prev_comm=mmcqd/1 prev_pid=117 prev_prio=120 prev_state=S ==> next_comm=main next_pid=2202 next_prio=120
           <...>-2202  [000] ...2   138.194436: sched_switch: prev_comm=main prev_pid=2202 prev_prio=120 prev_state=R+ ==> next_comm=adbd next_pid=793 next_prio=120
            adbd-793   [000] ...2   138.194466: sched_switch: prev_comm=adbd prev_pid=793 prev_prio=120 prev_state=S ==> next_comm=adbd next_pid=790 next_prio=120
          <idle>-0     [001] ...2   138.194566: sched_switch: prev_comm=swapper/1 prev_pid=0 prev_prio=120 prev_state=R ==> next_comm=JDWP next_pid=2215 next_prio=120
            adbd-790   [000] ...2   138.194620: sched_switch: prev_comm=adbd prev_pid=790 prev_prio=120 prev_state=S ==> next_comm=adbd next_pid=793 next_prio=120
            adbd-793   [000] ...2   138.194646: sched_switch: prev_comm=adbd prev_pid=793 prev_prio=120 prev_state=S ==> next_comm=adbd next_pid=790 next_prio=120
            adbd-790   [000] ...2   138.194756: sched_switch: prev_comm=adbd prev_pid=790 prev_prio=120 prev_state=S ==> next_comm=main next_pid=2202 next_prio=120
           <...>-2215  [001] ...2   138.194856: sched_switch: prev_comm=JDWP prev_pid=2215 prev_prio=120 prev_state=S ==> next_comm=adbd next_pid=792 next_prio=120
            adbd-792   [001] ...2   138.194916: sched_switch: prev_comm=adbd prev_pid=792 prev_prio=120 prev_state=S ==> next_comm=adbd next_pid=790 next_prio=120
           <...>-2202  [000] d..2   138.195024: block_rq_insert: 179,0 R 0 () 4079784 + 8 [main]
           <...>-2202  [000] d..2   138.195026: block_rq_insert: 179,0 R 0 () 4079880 + 40 [main]
           <...>-2202  [000] ...2   138.195035: sched_switch: prev_comm=main prev_pid=2202 prev_prio=120 prev_state=D|W ==> next_comm=mmcqd/1 next_pid=117 next_prio=120
         mmcqd/1-117   [000] ...1   138.195053: block_rq_complete: 179,0 RA () 4008360 + 48 [0]
         mmcqd/1-117   [000] ...2   138.195068: sched_switch: prev_comm=mmcqd/1 prev_pid=117 prev_prio=120 prev_state=R+ ==> next_comm=kworker/0:1H next_pid=17 next_prio=100
    kworker/0:1H-17    [000] ...2   138.195076: sched_switch: prev_comm=kworker/0:1H prev_pid=17 prev_prio=100 prev_state=S ==> next_comm=mmcqd/1 next_pid=117 next_prio=120
            adbd-790   [001] ...2   138.195136: sched_switch: prev_comm=adbd prev_pid=790 prev_prio=120 prev_state=S ==> next_comm=adbd next_pid=792 next_prio=120
         mmcqd/1-117   [000] ...2   138.195136: sched_switch: prev_comm=mmcqd/1 prev_pid=117 prev_prio=120 prev_state=S ==> next_comm=swapper/0 next_pid=0 next_prio=120
          <idle>-0     [000] ...2   138.195148: sched_switch: prev_comm=swapper/0 prev_pid=0 prev_prio=120 prev_state=R ==> next_comm=adbd next_pid=793 next_prio=120
            adbd-793   [000] ...2   138.195168: sched_switch: prev_comm=adbd prev_pid=793 prev_prio=120 prev_state=S ==> next_comm=swapper/0 next_pid=0 next_prio=120
            adbd-792   [001] ...2   138.195195: sched_switch: prev_comm=adbd prev_pid=792 prev_prio=120 prev_state=S ==> next_comm=swapper/1 next_pid=0 next_prio=120
          <idle>-0     [000] ...2   138.195338: sched_switch: prev_comm=swapper/0 prev_pid=0 prev_prio=120 prev_state=R ==> next_comm=adbd next_pid=793 next_prio=120
          <idle>-0     [001] ...2   138.195367: sched_switch: prev_comm=swapper/1 prev_pid=0 prev_prio=120 prev_state=R ==> next_comm=adbd next_pid=790 next_prio=120
            adbd-793   [000] ...2   138.195368: sched_switch: prev_comm=adbd prev_pid=793 prev_prio=120 prev_state=S ==> next_comm=mmcqd/1 next_pid=117 next_prio=120
         mmcqd/1-117   [000] ...1   138.195392: block_rq_complete: 179,0 RA () 4079784 + 8 [0]
         mmcqd/1-117   [000] ...2   138.195403: sched_switch: prev_comm=mmcqd/1 prev_pid=117 prev_prio=120 prev_state=S ==> next_comm=swapper/0 next_pid=0 next_prio=120
          <idle>-0     [000] ...2   138.195560: sched_switch: prev_comm=swapper/0 prev_pid=0 prev_prio=120 prev_state=R ==> next_comm=adbd next_pid=793 next_prio=120
            adbd-793   [000] ...2   138.195582: sched_switch: prev_comm=adbd prev_pid=793 prev_prio=120 prev_state=S ==> next_comm=swapper/0 next_pid=0 next_prio=120
            adbd-790   [001] ...2   138.195770: sched_switch: prev_comm=adbd prev_pid=790 prev_prio=120 prev_state=S ==> next_comm=adbd next_pid=792 next_prio=120
          <idle>-0     [000] ...2   138.195822: sched_switch: prev_comm=swapper/0 prev_pid=0 prev_prio=120 prev_state=R ==> next_comm=mmcqd/1 next_pid=117 next_prio=120
            adbd-792   [001] ...2   138.195825: sched_switch: prev_comm=adbd prev_pid=792 prev_prio=120 prev_state=S ==> next_comm=JDWP next_pid=2215 next_prio=120
         mmcqd/1-117   [000] ...1   138.195839: block_rq_complete: 179,0 RA () 4079880 + 40 [0]
         mmcqd/1-117   [000] ...2   138.195856: sched_switch: prev_comm=mmcqd/1 prev_pid=117 prev_prio=120 prev_state=R+ ==> next_comm=kworker/0:1H next_pid=17 next_prio=100
    kworker/0:1H-17    [000] ...2   138.195862: sched_switch: prev_comm=kworker/0:1H prev_pid=17 prev_prio=100 prev_state=S ==> next_comm=mmcqd/1 next_pid=117 next_prio=120
         mmcqd/1-117   [000] ...2   138.195870: sched_switch: prev_comm=mmcqd/1 prev_pid=117 prev_prio=120 prev_state=S ==> next_comm=main next_pid=2202 next_prio=120
           <...>-2215  [001] ...2   138.195953: sched_switch: prev_comm=JDWP prev_pid=2215 prev_prio=120 prev_state=D ==> next_comm=swapper/1 next_pid=0 next_prio=120
          <idle>-0     [001] ...2   138.195961: sched_switch: prev_comm=swapper/1 prev_pid=0 prev_prio=120 prev_state=R ==> next_comm=JDWP next_pid=2215 next_prio=120
           <...>-2202  [000] ...2   138.196001: sched_switch: prev_comm=main prev_pid=2202 prev_prio=120 prev_state=R ==> next_comm=adbd next_pid=793 next_prio=120
            adbd-793   [000] ...2   138.196012: sched_switch: prev_comm=adbd prev_pid=793 prev_prio=120 prev_state=S ==> next_comm=main next_pid=2202 next_prio=120
           <...>-2202  [000] ...2   138.196142: sched_switch: prev_comm=main prev_pid=2202 prev_prio=120 prev_state=R ==> next_comm=adbd next_pid=793 next_prio=120
           <...>-2215  [001] d..2   138.196168: block_rq_insert: 179,0 R 0 () 4086360 + 56 [JDWP]
            adbd-793   [000] ...2   138.196178: sched_switch: prev_comm=adbd prev_pid=793 prev_prio=120 prev_state=S ==> next_comm=main next_pid=2202 next_prio=120
           <...>-2215  [001] d..2   138.196184: block_rq_insert: 179,0 R 0 () 4086424 + 72 [JDWP]
           <...>-2215  [001] ...2   138.196198: sched_switch: prev_comm=JDWP prev_pid=2215 prev_prio=120 prev_state=D|W ==> next_comm=adbd next_pid=790 next_prio=120
            adbd-790   [001] ...2   138.196423: sched_switch: prev_comm=adbd prev_pid=790 prev_prio=120 prev_state=S ==> next_comm=adbd next_pid=792 next_prio=120
            adbd-792   [001] ...2   138.196482: sched_switch: prev_comm=adbd prev_pid=792 prev_prio=120 prev_state=S ==> next_comm=swapper/1 next_pid=0 next_prio=120
           <...>-2202  [000] d..2   138.197200: block_rq_insert: 179,0 R 0 () 4084016 + 8 [main]
           <...>-2202  [000] d..2   138.197204: block_rq_insert: 179,0 R 0 () 4084104 + 8 [main]
           <...>-2202  [000] d..2   138.197206: block_rq_insert: 179,0 R 0 () 4084128 + 8 [main]
           <...>-2202  [000] ...2   138.197215: sched_switch: prev_comm=main prev_pid=2202 prev_prio=120 prev_state=D|W ==> next_comm=mmcqd/1 next_pid=117 next_prio=120
         mmcqd/1-117   [000] ...2   138.197297: sched_switch: prev_comm=mmcqd/1 prev_pid=117 prev_prio=120 prev_state=S ==> next_comm=swapper/0 next_pid=0 next_prio=120
          <idle>-0     [000] ...2   138.197788: sched_switch: prev_comm=swapper/0 prev_pid=0 prev_prio=120 prev_state=R ==> next_comm=mmcqd/1 next_pid=117 next_prio=120
         mmcqd/1-117   [000] ...1   138.197826: block_rq_complete: 179,0 RA () 4086360 + 56 [0]
          <idle>-0     [001] ...2   138.197848: sched_switch: prev_comm=swapper/1 prev_pid=0 prev_prio=120 prev_state=R ==> next_comm=JDWP next_pid=2215 next_prio=120
         mmcqd/1-117   [000] ...2   138.197854: sched_switch: prev_comm=mmcqd/1 prev_pid=117 prev_prio=120 prev_state=S ==> next_comm=swapper/0 next_pid=0 next_prio=120
           <...>-2215  [001] d..2   138.198049: block_rq_insert: 179,0 R 0 () 4078280 + 144 [JDWP]
           <...>-2215  [001] d..2   138.198055: block_rq_insert: 179,0 R 0 () 4078440 + 8 [JDWP]
           <...>-2215  [001] d..2   138.198059: block_rq_insert: 179,0 R 0 () 4078456 + 40 [JDWP]
           <...>-2215  [001] ...2   138.198077: sched_switch: prev_comm=JDWP prev_pid=2215 prev_prio=120 prev_state=D|W ==> next_comm=swapper/1 next_pid=0 next_prio=120
          <idle>-0     [000] ...2   138.198365: sched_switch: prev_comm=swapper/0 prev_pid=0 prev_prio=120 prev_state=R ==> next_comm=mmcqd/1 next_pid=117 next_prio=120
         mmcqd/1-117   [000] ...1   138.198404: block_rq_complete: 179,0 RA () 4086424 + 72 [0]
         mmcqd/1-117   [000] ...2   138.198426: sched_switch: prev_comm=mmcqd/1 prev_pid=117 prev_prio=120 prev_state=S ==> next_comm=swapper/0 next_pid=0 next_prio=120
          <idle>-0     [000] ...2   138.198635: sched_switch: prev_comm=swapper/0 prev_pid=0 prev_prio=120 prev_state=R ==> next_comm=mmcqd/1 next_pid=117 next_prio=120
         mmcqd/1-117   [000] ...1   138.198660: block_rq_complete: 179,0 RA () 4084016 + 8 [0]
         mmcqd/1-117   [000] ...2   138.198678: sched_switch: prev_comm=mmcqd/1 prev_pid=117 prev_prio=120 prev_state=S ==> next_comm=swapper/0 next_pid=0 next_prio=120
          <idle>-0     [000] ...2   138.198893: sched_switch: prev_comm=swapper/0 prev_pid=0 prev_prio=120 prev_state=R ==> next_comm=mmcqd/1 next_pid=117 next_prio=120
         mmcqd/1-117   [000] ...1   138.198918: block_rq_complete: 179,0 RA () 4084104 + 8 [0]
         mmcqd/1-117   [000] ...2   138.198950: sched_switch: prev_comm=mmcqd/1 prev_pid=117 prev_prio=120 prev_state=S ==> next_comm=main next_pid=2202 next_prio=120
           <...>-2202  [000] ...2   138.199169: sched_switch: prev_comm=main prev_pid=2202 prev_prio=120 prev_state=R ==> next_comm=mmcqd/1 next_pid=117 next_prio=120
         mmcqd/1-117   [000] ...1   138.199195: block_rq_complete: 179,0 RA () 4084128 + 8 [0]
         mmcqd/1-117   [000] ...2   138.199214: sched_switch: prev_comm=mmcqd/1 prev_pid=117 prev_prio=120 prev_state=S ==> next_comm=main next_pid=2202 next_prio=120
           <...>-2202  [000] ...2   138.199654: sched_switch: prev_comm=main prev_pid=2202 prev_prio=120 prev_state=R ==> next_comm=mmcqd/1 next_pid=117 next_prio=120
         mmcqd/1-117   [000] ...1   138.199689: block_rq_complete: 179,0 RA () 4078456 + 40 [0]
         mmcqd/1-117   [000] ...2   138.199746: sched_switch: prev_comm=mmcqd/1 prev_pid=117 prev_prio=120 prev_state=S ==> next_comm=main next_pid=2202 next_prio=120
           <...>-2202  [000] ...2   138.199927: sched_switch: prev_comm=main prev_pid=2202 prev_prio=120 prev_state=R ==> next_comm=mmcqd/1 next_pid=117 next_prio=120
         mmcqd/1-117   [000] ...1   138.199953: block_rq_complete: 179,0 RA () 4078440 + 8 [0]
         mmcqd/1-117   [000] ...2   138.199965: sched_switch: prev_comm=mmcqd/1 prev_pid=117 prev_prio=120 prev_state=S ==> next_comm=main next_pid=2202 next_prio=120
           <...>-2202  [000] d..2   138.200523: block_rq_insert: 179,0 R 0 () 4086528 + 168 [main]
           <...>-2202  [000] d..2   138.200526: block_rq_insert: 179,0 R 0 () 4086704 + 80 [main]
           <...>-2202  [000] ...2   138.200536: sched_switch: prev_comm=main prev_pid=2202 prev_prio=120 prev_state=R+ ==> next_comm=mmcqd/1 next_pid=117 next_prio=120
         mmcqd/1-117   [000] ...2   138.200545: sched_switch: prev_comm=mmcqd/1 prev_pid=117 prev_prio=120 prev_state=S ==> next_comm=main next_pid=2202 next_prio=120
           <...>-2202  [000] ...2   138.200936: sched_switch: prev_comm=main prev_pid=2202 prev_prio=120 prev_state=R ==> next_comm=mmcqd/1 next_pid=117 next_prio=120
         mmcqd/1-117   [000] ...1   138.200978: block_rq_complete: 179,0 RA () 4078280 + 144 [0]
          <idle>-0     [001] ...2   138.200999: sched_switch: prev_comm=swapper/1 prev_pid=0 prev_prio=120 prev_state=R ==> next_comm=JDWP next_pid=2215 next_prio=120
         mmcqd/1-117   [000] ...2   138.201000: sched_switch: prev_comm=mmcqd/1 prev_pid=117 prev_prio=120 prev_state=R+ ==> next_comm=kworker/0:1H next_pid=17 next_prio=100
    kworker/0:1H-17    [000] ...2   138.201007: sched_switch: prev_comm=kworker/0:1H prev_pid=17 prev_prio=100 prev_state=S ==> next_comm=mmcqd/1 next_pid=117 next_prio=120
         mmcqd/1-117   [000] ...2   138.201106: sched_switch: prev_comm=mmcqd/1 prev_pid=117 prev_prio=120 prev_state=S ==> next_comm=main next_pid=2202 next_prio=120
           <...>-2215  [001] d..2   138.201122: block_rq_insert: 179,0 R 0 () 3992040 + 24 [JDWP]
           <...>-2215  [001] d..2   138.201128: block_rq_insert: 179,0 R 0 () 3992168 + 8 [JDWP]
           <...>-2215  [001] d..2   138.201131: block_rq_insert: 179,0 R 0 () 3992192 + 56 [JDWP]
           <...>-2215  [001] ...2   138.201148: sched_switch: prev_comm=JDWP prev_pid=2215 prev_prio=120 prev_state=D|W ==> next_comm=swapper/1 next_pid=0 next_prio=120
           <...>-2202  [000] ...2   138.202065: sched_switch: prev_comm=main prev_pid=2202 prev_prio=120 prev_state=R ==> next_comm=mmcqd/1 next_pid=117 next_prio=120
         mmcqd/1-117   [000] ...1   138.202128: block_rq_complete: 179,0 RA () 4086528 + 168 [0]
         mmcqd/1-117   [000] ...2   138.202147: sched_switch: prev_comm=mmcqd/1 prev_pid=117 prev_prio=120 prev_state=S ==> next_comm=main next_pid=2202 next_prio=120
           <...>-2202  [000] ...2   138.202672: sched_switch: prev_comm=main prev_pid=2202 prev_prio=120 prev_state=R+ ==> next_comm=mmcqd/1 next_pid=117 next_prio=120
         mmcqd/1-117   [000] ...1   138.202699: block_rq_complete: 179,0 RA () 4086704 + 80 [0]
         mmcqd/1-117   [000] ...2   138.202716: sched_switch: prev_comm=mmcqd/1 prev_pid=117 prev_prio=120 prev_state=R+ ==> next_comm=kworker/0:1H next_pid=17 next_prio=100
    kworker/0:1H-17    [000] ...2   138.202723: sched_switch: prev_comm=kworker/0:1H prev_pid=17 prev_prio=100 prev_state=S ==> next_comm=mmcqd/1 next_pid=117 next_prio=120
         mmcqd/1-117   [000] ...2   138.202777: sched_switch: prev_comm=mmcqd/1 prev_pid=117 prev_prio=120 prev_state=S ==> next_comm=main next_pid=2202 next_prio=120
           <...>-2202  [000] d..2   138.202928: block_rq_insert: 179,0 R 0 () 4078544 + 88 [main]
           <...>-2202  [000] d..2   138.202931: block_rq_insert: 179,0 R 0 () 4078640 + 56 [main]
           <...>-2202  [000] ...2   138.202940: sched_switch: prev_comm=main prev_pid=2202 prev_prio=120 prev_state=D|W ==> next_comm=swapper/0 next_pid=0 next_prio=120
          <idle>-0     [000] ...2   138.203089: sched_switch: prev_comm=swapper/0 prev_pid=0 prev_prio=120 prev_state=R ==> next_comm=mmcqd/1 next_pid=117 next_prio=120
         mmcqd/1-117   [000] ...1   138.203119: block_rq_complete: 179,0 RA () 3992040 + 24 [0]
         mmcqd/1-117   [000] ...2   138.203153: sched_switch: prev_comm=mmcqd/1 prev_pid=117 prev_prio=120 prev_state=S ==> next_comm=swapper/0 next_pid=0 next_prio=120
          <idle>-0     [000] ...2   138.203364: sched_switch: prev_comm=swapper/0 prev_pid=0 prev_prio=120 prev_state=R ==> next_comm=mmcqd/1 next_pid=117 next_prio=120
         mmcqd/1-117   [000] ...1   138.203390: block_rq_complete: 179,0 RA () 3992168 + 8 [0]
         mmcqd/1-117   [000] ...2   138.203407: sched_switch: prev_comm=mmcqd/1 prev_pid=117 prev_prio=120 prev_state=S ==> next_comm=swapper/0 next_pid=0 next_prio=120
          <idle>-0     [001] ...2   138.203411: sched_switch: prev_comm=swapper/1 prev_pid=0 prev_prio=120 prev_state=R ==> next_comm=JDWP next_pid=2215 next_prio=120
           <...>-2215  [001] d..2   138.203478: block_rq_insert: 179,0 R 0 () 3992296 + 8 [JDWP]
           <...>-2215  [001] d..2   138.203482: block_rq_insert: 179,0 R 0 () 3992368 + 16 [JDWP]
           <...>-2215  [001] d..2   138.203485: block_rq_insert: 179,0 R 0 () 3992400 + 8 [JDWP]
          <idle>-0     [000] ...2   138.203502: sched_switch: prev_comm=swapper/0 prev_pid=0 prev_prio=120 prev_state=R ==> next_comm=mmcqd/1 next_pid=117 next_prio=120
           <...>-2215  [001] ...2   138.203507: sched_switch: prev_comm=JDWP prev_pid=2215 prev_prio=120 prev_state=D|W ==> next_comm=swapper/1 next_pid=0 next_prio=120
         mmcqd/1-117   [000] ...2   138.203516: sched_switch: prev_comm=mmcqd/1 prev_pid=117 prev_prio=120 prev_state=S ==> next_comm=swapper/0 next_pid=0 next_prio=120
          <idle>-0     [000] ...2   138.203871: sched_switch: prev_comm=swapper/0 prev_pid=0 prev_prio=120 prev_state=R ==> next_comm=mmcqd/1 next_pid=117 next_prio=120
         mmcqd/1-117   [000] ...1   138.203906: block_rq_complete: 179,0 RA () 3992192 + 56 [0]
         mmcqd/1-117   [000] ...2   138.203931: sched_switch: prev_comm=mmcqd/1 prev_pid=117 prev_prio=120 prev_state=S ==> next_comm=swapper/0 next_pid=0 next_prio=120
          <idle>-0     [000] ...2   138.204148: sched_switch: prev_comm=swapper/0 prev_pid=0 prev_prio=120 prev_state=R ==> next_comm=mmcqd/1 next_pid=117 next_prio=120
         mmcqd/1-117   [000] ...1   138.204173: block_rq_complete: 179,0 RA () 3992296 + 8 [0]
         mmcqd/1-117   [000] ...2   138.204191: sched_switch: prev_comm=mmcqd/1 prev_pid=117 prev_prio=120 prev_state=S ==> next_comm=swapper/0 next_pid=0 next_prio=120
          <idle>-0     [000] ...2   138.204466: sched_switch: prev_comm=swapper/0 prev_pid=0 prev_prio=120 prev_state=R ==> next_comm=mmcqd/1 next_pid=117 next_prio=120
         mmcqd/1-117   [000] ...1   138.204493: block_rq_complete: 179,0 RA () 3992368 + 16 [0]
         mmcqd/1-117   [000] ...2   138.204509: sched_switch: prev_comm=mmcqd/1 prev_pid=117 prev_prio=120 prev_state=S ==> next_comm=swapper/0 next_pid=0 next_prio=120
          <idle>-0     [001] ...2   138.204512: sched_switch: prev_comm=swapper/1 prev_pid=0 prev_prio=120 prev_state=R ==> next_comm=JDWP next_pid=2215 next_prio=120
           <...>-2215  [001] d..2   138.204635: block_rq_insert: 179,0 R 0 () 4025256 + 24 [JDWP]
          <idle>-0     [000] ...2   138.204654: sched_switch: prev_comm=swapper/0 prev_pid=0 prev_prio=120 prev_state=R ==> next_comm=mmcqd/1 next_pid=117 next_prio=120
           <...>-2215  [001] ...2   138.204657: sched_switch: prev_comm=JDWP prev_pid=2215 prev_prio=120 prev_state=D|W ==> next_comm=swapper/1 next_pid=0 next_prio=120
         mmcqd/1-117   [000] ...2   138.204672: sched_switch: prev_comm=mmcqd/1 prev_pid=117 prev_prio=120 prev_state=S ==> next_comm=swapper/0 next_pid=0 next_prio=120
          <idle>-0     [000] ...2   138.204752: sched_switch: prev_comm=swapper/0 prev_pid=0 prev_prio=120 prev_state=R ==> next_comm=mmcqd/1 next_pid=117 next_prio=120
         mmcqd/1-117   [000] ...1   138.204778: block_rq_complete: 179,0 RA () 3992400 + 8 [0]
         mmcqd/1-117   [000] ...2   138.204789: sched_switch: prev_comm=mmcqd/1 prev_pid=117 prev_prio=120 prev_state=S ==> next_comm=swapper/0 next_pid=0 next_prio=120
          <idle>-0     [000] ...2   138.205089: sched_switch: prev_comm=swapper/0 prev_pid=0 prev_prio=120 prev_state=R ==> next_comm=mmcqd/1 next_pid=117 next_prio=120
         mmcqd/1-117   [000] ...1   138.205102: block_rq_complete: 179,0 RA () 4025256 + 24 [0]
         mmcqd/1-117   [000] ...2   138.205119: sched_switch: prev_comm=mmcqd/1 prev_pid=117 prev_prio=120 prev_state=R+ ==> next_comm=kworker/0:1H next_pid=17 next_prio=100
          <idle>-0     [001] ...2   138.205123: sched_switch: prev_comm=swapper/1 prev_pid=0 prev_prio=120 prev_state=R ==> next_comm=JDWP next_pid=2215 next_prio=120
    kworker/0:1H-17    [000] ...2   138.205126: sched_switch: prev_comm=kworker/0:1H prev_pid=17 prev_prio=100 prev_state=S ==> next_comm=mmcqd/1 next_pid=117 next_prio=120
         mmcqd/1-117   [000] ...2   138.205197: sched_switch: prev_comm=mmcqd/1 prev_pid=117 prev_prio=120 prev_state=S ==> next_comm=swapper/0 next_pid=0 next_prio=120
           <...>-2215  [001] d..2   138.205257: block_rq_insert: 179,0 R 0 () 4028792 + 152 [JDWP]
           <...>-2215  [001] ...2   138.205276: sched_switch: prev_comm=JDWP prev_pid=2215 prev_prio=120 prev_state=D|W ==> next_comm=swapper/1 next_pid=0 next_prio=120
          <idle>-0     [000] ...2   138.205907: sched_switch: prev_comm=swapper/0 prev_pid=0 prev_prio=120 prev_state=R ==> next_comm=mmcqd/1 next_pid=117 next_prio=120
         mmcqd/1-117   [000] ...1   138.205950: block_rq_complete: 179,0 RA () 4078544 + 88 [0]
         mmcqd/1-117   [000] ...2   138.206012: sched_switch: prev_comm=mmcqd/1 prev_pid=117 prev_prio=120 prev_state=S ==> next_comm=main next_pid=2202 next_prio=120
           <...>-2202  [000] d..2   138.206061: block_rq_insert: 179,0 R 0 () 4078128 + 8 [main]
           <...>-2202  [000] d..2   138.206066: block_rq_insert: 179,0 R 0 () 4078152 + 8 [main]
           <...>-2202  [000] d..2   138.206068: block_rq_insert: 179,0 R 0 () 4078176 + 24 [main]
           <...>-2202  [000] d..2   138.206070: block_rq_insert: 179,0 R 0 () 4078208 + 56 [main]
           <...>-2202  [000] ...2   138.206077: sched_switch: prev_comm=main prev_pid=2202 prev_prio=120 prev_state=D|W ==> next_comm=swapper/0 next_pid=0 next_prio=120
          <idle>-0     [000] ...2   138.206437: sched_switch: prev_comm=swapper/0 prev_pid=0 prev_prio=120 prev_state=R ==> next_comm=mmcqd/1 next_pid=117 next_prio=120
         mmcqd/1-117   [000] ...1   138.206473: block_rq_complete: 179,0 RA () 4078640 + 56 [0]
         mmcqd/1-117   [000] ...2   138.206493: sched_switch: prev_comm=mmcqd/1 prev_pid=117 prev_prio=120 prev_state=S ==> next_comm=swapper/0 next_pid=0 next_prio=120
          <idle>-0     [000] ...2   138.207482: sched_switch: prev_comm=swapper/0 prev_pid=0 prev_prio=120 prev_state=R ==> next_comm=mmcqd/1 next_pid=117 next_prio=120
         mmcqd/1-117   [000] ...1   138.207539: block_rq_complete: 179,0 RA () 4028792 + 152 [0]
          <idle>-0     [001] ...2   138.207562: sched_switch: prev_comm=swapper/1 prev_pid=0 prev_prio=120 prev_state=R ==> next_comm=JDWP next_pid=2215 next_prio=120
         mmcqd/1-117   [000] ...2   138.207566: sched_switch: prev_comm=mmcqd/1 prev_pid=117 prev_prio=120 prev_state=S ==> next_comm=swapper/0 next_pid=0 next_prio=120
           <...>-2215  [001] d..2   138.207691: block_rq_insert: 179,0 R 0 () 4077968 + 8 [JDWP]
           <...>-2215  [001] d..2   138.207696: block_rq_insert: 179,0 R 0 () 4078016 + 88 [JDWP]
           <...>-2215  [001] d..2   138.207700: block_rq_insert: 179,0 R 0 () 4078112 + 16 [JDWP]
           <...>-2215  [001] ...2   138.207715: sched_switch: prev_comm=JDWP prev_pid=2215 prev_prio=120 prev_state=D|W ==> next_comm=swapper/1 next_pid=0 next_prio=120
          <idle>-0     [000] ...2   138.207747: sched_switch: prev_comm=swapper/0 prev_pid=0 prev_prio=120 prev_state=R ==> next_comm=mmcqd/1 next_pid=117 next_prio=120
         mmcqd/1-117   [000] ...1   138.207772: block_rq_complete: 179,0 RA () 4078128 + 8 [0]
         mmcqd/1-117   [000] ...2   138.207794: sched_switch: prev_comm=mmcqd/1 prev_pid=117 prev_prio=120 prev_state=S ==> next_comm=swapper/0 next_pid=0 next_prio=120
          <idle>-0     [000] ...2   138.208031: sched_switch: prev_comm=swapper/0 prev_pid=0 prev_prio=120 prev_state=R ==> next_comm=mmcqd/1 next_pid=117 next_prio=120
         mmcqd/1-117   [000] ...1   138.208056: block_rq_complete: 179,0 RA () 4078152 + 8 [0]
         mmcqd/1-117   [000] ...2   138.208086: sched_switch: prev_comm=mmcqd/1 prev_pid=117 prev_prio=120 prev_state=S ==> next_comm=swapper/0 next_pid=0 next_prio=120
          <idle>-0     [000] ...2   138.208393: sched_switch: prev_comm=swapper/0 prev_pid=0 prev_prio=120 prev_state=R ==> next_comm=mmcqd/1 next_pid=117 next_prio=120
         mmcqd/1-117   [000] ...1   138.208422: block_rq_complete: 179,0 RA () 4078176 + 24 [0]
         mmcqd/1-117   [000] ...2   138.208471: sched_switch: prev_comm=mmcqd/1 prev_pid=117 prev_prio=120 prev_state=S ==> next_comm=kworker/u:3 next_pid=113 next_prio=120
     kworker/u:3-113   [000] ...2   138.208487: sched_switch: prev_comm=kworker/u:3 prev_pid=113 prev_prio=120 prev_state=S ==> next_comm=mpdecision next_pid=1613 next_prio=113
      mpdecision-1613  [000] ...2   138.208743: sched_switch: prev_comm=mpdecision prev_pid=1613 prev_prio=113 prev_state=S ==> next_comm=swapper/0 next_pid=0 next_prio=120
          <idle>-0     [000] ...2   138.208760: sched_switch: prev_comm=swapper/0 prev_pid=0 prev_prio=120 prev_state=R ==> next_comm=ksoftirqd/0 next_pid=3 next_prio=120
     ksoftirqd/0-3     [000] ...2   138.208769: sched_switch: prev_comm=ksoftirqd/0 prev_pid=3 prev_prio=120 prev_state=S ==> next_comm=swapper/0 next_pid=0 next_prio=120
          <idle>-0     [000] ...2   138.208784: sched_switch: prev_comm=swapper/0 prev_pid=0 prev_prio=120 prev_state=R ==> next_comm=ksoftirqd/0 next_pid=3 next_prio=120
     ksoftirqd/0-3     [000] ...2   138.208791: sched_switch: prev_comm=ksoftirqd/0 prev_pid=3 prev_prio=120 prev_state=S ==> next_comm=swapper/0 next_pid=0 next_prio=120
          <idle>-0     [000] ...2   138.208804: sched_switch: prev_comm=swapper/0 prev_pid=0 prev_prio=120 prev_state=R ==> next_comm=ksoftirqd/0 next_pid=3 next_prio=120
     ksoftirqd/0-3     [000] ...2   138.208812: sched_switch: prev_comm=ksoftirqd/0 prev_pid=3 prev_prio=120 prev_state=S ==> next_comm=swapper/0 next_pid=0 next_prio=120
          <idle>-0     [000] ...2   138.208905: sched_switch: prev_comm=swapper/0 prev_pid=0 prev_prio=120 prev_state=R ==> next_comm=mmcqd/1 next_pid=117 next_prio=120
         mmcqd/1-117   [000] ...1   138.208944: block_rq_complete: 179,0 RA () 4078208 + 56 [0]
         mmcqd/1-117   [000] ...2   138.208990: sched_switch: prev_comm=mmcqd/1 prev_pid=117 prev_prio=120 prev_state=S ==> next_comm=main next_pid=2202 next_prio=120
           <...>-2202  [000] ...2   138.209128: sched_switch: prev_comm=main prev_pid=2202 prev_prio=120 prev_state=D|W ==> next_comm=swapper/0 next_pid=0 next_prio=120
          <idle>-0     [000] ...2   138.209206: sched_switch: prev_comm=swapper/0 prev_pid=0 prev_prio=120 prev_state=R ==> next_comm=mmcqd/1 next_pid=117 next_prio=120
         mmcqd/1-117   [000] ...1   138.209235: block_rq_complete: 179,0 RA () 4078112 + 16 [0]
         mmcqd/1-117   [000] ...2   138.209254: sched_switch: prev_comm=mmcqd/1 prev_pid=117 prev_prio=120 prev_state=S ==> next_comm=swapper/0 next_pid=0 next_prio=120
          <idle>-0     [000] ...2   138.209966: sched_switch: prev_comm=swapper/0 prev_pid=0 prev_prio=120 prev_state=R ==> next_comm=mmcqd/1 next_pid=117 next_prio=120
         mmcqd/1-117   [000] ...1   138.210009: block_rq_complete: 179,0 RA () 4078016 + 88 [0]
         mmcqd/1-117   [000] ...2   138.210032: sched_switch: prev_comm=mmcqd/1 prev_pid=117 prev_prio=120 prev_state=S ==> next_comm=main next_pid=2202 next_prio=120
          <idle>-0     [001] ...2   138.210035: sched_switch: prev_comm=swapper/1 prev_pid=0 prev_prio=120 prev_state=R ==> next_comm=JDWP next_pid=2215 next_prio=120
           <...>-2202  [000] d..2   138.210170: block_rq_insert: 179,0 R 0 () 3994040 + 136 [main]
           <...>-2202  [000] ...2   138.210183: sched_switch: prev_comm=main prev_pid=2202 prev_prio=120 prev_state=R+ ==> next_comm=mmcqd/1 next_pid=117 next_prio=120
           <...>-2215  [001] ...2   138.210228: sched_switch: prev_comm=JDWP prev_pid=2215 prev_prio=120 prev_state=S ==> next_comm=swapper/1 next_pid=0 next_prio=120
         mmcqd/1-117   [000] ...1   138.210257: block_rq_complete: 179,0 RA () 4077968 + 8 [0]
         mmcqd/1-117   [000] ...2   138.210269: sched_switch: prev_comm=mmcqd/1 prev_pid=117 prev_prio=120 prev_state=S ==> next_comm=main next_pid=2202 next_prio=120
           <...>-2202  [000] ...2   138.210275: sched_switch: prev_comm=main prev_pid=2202 prev_prio=120 prev_state=D|W ==> next_comm=swapper/0 next_pid=0 next_prio=120
          <idle>-0     [000] ...2   138.211193: sched_switch: prev_comm=swapper/0 prev_pid=0 prev_prio=120 prev_state=R ==> next_comm=mmcqd/1 next_pid=117 next_prio=120
         mmcqd/1-117   [000] ...1   138.211231: block_rq_complete: 179,0 RA () 3994040 + 136 [0]
         mmcqd/1-117   [000] ...2   138.211255: sched_switch: prev_comm=mmcqd/1 prev_pid=117 prev_prio=120 prev_state=R+ ==> next_comm=kworker/0:1H next_pid=17 next_prio=100
    kworker/0:1H-17    [000] ...2   138.211262: sched_switch: prev_comm=kworker/0:1H prev_pid=17 prev_prio=100 prev_state=S ==> next_comm=mmcqd/1 next_pid=117 next_prio=120
         mmcqd/1-117   [000] ...2   138.211272: sched_switch: prev_comm=mmcqd/1 prev_pid=117 prev_prio=120 prev_state=S ==> next_comm=main next_pid=2202 next_prio=120
          <idle>-0     [001] ...2   138.211398: sched_switch: prev_comm=swapper/1 prev_pid=0 prev_prio=120 prev_state=R ==> next_comm=JDWP next_pid=2215 next_prio=120
           <...>-2202  [000] ...2   138.211471: sched_switch: prev_comm=main prev_pid=2202 prev_prio=120 prev_state=S ==> next_comm=swapper/0 next_pid=0 next_prio=120
          <idle>-0     [000] ...2   138.211519: sched_switch: prev_comm=swapper/0 prev_pid=0 prev_prio=120 prev_state=R ==> next_comm=main next_pid=2202 next_prio=120
           <...>-2202  [000] ...2   138.211570: sched_switch: prev_comm=main prev_pid=2202 prev_prio=120 prev_state=S ==> next_comm=swapper/0 next_pid=0 next_prio=120
           <...>-2215  [001] d..2   138.211621: block_rq_insert: 179,0 R 0 () 4009736 + 8 [JDWP]
           <...>-2215  [001] d..2   138.211637: block_rq_insert: 179,0 R 0 () 4009824 + 8 [JDWP]
           <...>-2215  [001] d..2   138.211641: block_rq_insert: 179,0 R 0 () 4009864 + 8 [JDWP]
          <idle>-0     [000] ...2   138.211644: sched_switch: prev_comm=swapper/0 prev_pid=0 prev_prio=120 prev_state=R ==> next_comm=mmcqd/1 next_pid=117 next_prio=120
           <...>-2215  [001] ...2   138.211656: sched_switch: prev_comm=JDWP prev_pid=2215 prev_prio=120 prev_state=D|W ==> next_comm=swapper/1 next_pid=0 next_prio=120
         mmcqd/1-117   [000] ...2   138.211688: sched_switch: prev_comm=mmcqd/1 prev_pid=117 prev_prio=120 prev_state=S ==> next_comm=swapper/0 next_pid=0 next_prio=120
          <idle>-0     [000] ...2   138.211916: sched_switch: prev_comm=swapper/0 prev_pid=0 prev_prio=120 prev_state=R ==> next_comm=mmcqd/1 next_pid=117 next_prio=120
         mmcqd/1-117   [000] ...1   138.211942: block_rq_complete: 179,0 RA () 4009736 + 8 [0]
         mmcqd/1-117   [000] ...2   138.211961: sched_switch: prev_comm=mmcqd/1 prev_pid=117 prev_prio=120 prev_state=S ==> next_comm=swapper/0 next_pid=0 next_prio=120
          <idle>-0     [000] ...2   138.212203: sched_switch: prev_comm=swapper/0 prev_pid=0 prev_prio=120 prev_state=R ==> next_comm=mmcqd/1 next_pid=117 next_prio=120
         mmcqd/1-117   [000] ...1   138.212229: block_rq_complete: 179,0 RA () 4009824 + 8 [0]
         mmcqd/1-117   [000] ...2   138.212244: sched_switch: prev_comm=mmcqd/1 prev_pid=117 prev_prio=120 prev_state=S ==> next_comm=swapper/0 next_pid=0 next_prio=120
          <idle>-0     [001] ...2   138.212247: sched_switch: prev_comm=swapper/1 prev_pid=0 prev_prio=120 prev_state=R ==> next_comm=JDWP next_pid=2215 next_prio=120
          <idle>-0     [000] ...2   138.212329: sched_switch: prev_comm=swapper/0 prev_pid=0 prev_prio=120 prev_state=R ==> next_comm=main next_pid=2202 next_prio=120
           <...>-2202  [000] ...2   138.212408: sched_switch: prev_comm=main prev_pid=2202 prev_prio=120 prev_state=S ==> next_comm=swapper/0 next_pid=0 next_prio=120
          <idle>-0     [000] ...2   138.212470: sched_switch: prev_comm=swapper/0 prev_pid=0 prev_prio=120 prev_state=R ==> next_comm=mmcqd/1 next_pid=117 next_prio=120
         mmcqd/1-117   [000] ...1   138.212479: block_rq_complete: 179,0 RA () 4009864 + 8 [0]
         mmcqd/1-117   [000] ...2   138.212493: sched_switch: prev_comm=mmcqd/1 prev_pid=117 prev_prio=120 prev_state=R+ ==> next_comm=kworker/0:1H next_pid=17 next_prio=100
    kworker/0:1H-17    [000] ...2   138.212500: sched_switch: prev_comm=kworker/0:1H prev_pid=17 prev_prio=100 prev_state=S ==> next_comm=mmcqd/1 next_pid=117 next_prio=120
         mmcqd/1-117   [000] ...2   138.212509: sched_switch: prev_comm=mmcqd/1 prev_pid=117 prev_prio=120 prev_state=S ==> next_comm=swapper/0 next_pid=0 next_prio=120
           <...>-2215  [001] d..2   138.212510: block_rq_insert: 179,0 R 0 () 4010144 + 96 [JDWP]
           <...>-2215  [001] d..2   138.212514: block_rq_insert: 179,0 R 0 () 4010264 + 48 [JDWP]
           <...>-2215  [001] d..2   138.212517: block_rq_insert: 179,0 R 0 () 4010336 + 24 [JDWP]
          <idle>-0     [000] ...2   138.212534: sched_switch: prev_comm=swapper/0 prev_pid=0 prev_prio=120 prev_state=R ==> next_comm=mmcqd/1 next_pid=117 next_prio=120
           <...>-2215  [001] ...2   138.212538: sched_switch: prev_comm=JDWP prev_pid=2215 prev_prio=120 prev_state=D|W ==> next_comm=swapper/1 next_pid=0 next_prio=120
         mmcqd/1-117   [000] ...2   138.212606: sched_switch: prev_comm=mmcqd/1 prev_pid=117 prev_prio=120 prev_state=S ==> next_comm=swapper/0 next_pid=0 next_prio=120
          <idle>-0     [000] ...2   138.213225: sched_switch: prev_comm=swapper/0 prev_pid=0 prev_prio=120 prev_state=R ==> next_comm=mmcqd/1 next_pid=117 next_prio=120
         mmcqd/1-117   [000] ...1   138.213270: block_rq_complete: 179,0 RA () 4010144 + 96 [0]
         mmcqd/1-117   [000] ...2   138.213295: sched_switch: prev_comm=mmcqd/1 prev_pid=117 prev_prio=120 prev_state=S ==> next_comm=swapper/0 next_pid=0 next_prio=120
          <idle>-0     [000] ...2   138.213714: sched_switch: prev_comm=swapper/0 prev_pid=0 prev_prio=120 prev_state=R ==> next_comm=mmcqd/1 next_pid=117 next_prio=120
         mmcqd/1-117   [000] ...1   138.213748: block_rq_complete: 179,0 RA () 4010264 + 48 [0]
         mmcqd/1-117   [000] ...2   138.213764: sched_switch: prev_comm=mmcqd/1 prev_pid=117 prev_prio=120 prev_state=S ==> next_comm=swapper/0 next_pid=0 next_prio=120
          <idle>-0     [001] ...2   138.213767: sched_switch: prev_comm=swapper/1 prev_pid=0 prev_prio=120 prev_state=R ==> next_comm=JDWP next_pid=2215 next_prio=120
           <...>-2215  [001] ...2   138.213787: sched_switch: prev_comm=JDWP prev_pid=2215 prev_prio=120 prev_state=D|W ==> next_comm=swapper/1 next_pid=0 next_prio=120
          <idle>-0     [000] ...2   138.214062: sched_switch: prev_comm=swapper/0 prev_pid=0 prev_prio=120 prev_state=R ==> next_comm=mmcqd/1 next_pid=117 next_prio=120
         mmcqd/1-117   [000] ...1   138.214076: block_rq_complete: 179,0 RA () 4010336 + 24 [0]
         mmcqd/1-117   [000] ...2   138.214092: sched_switch: prev_comm=mmcqd/1 prev_pid=117 prev_prio=120 prev_state=R+ ==> next_comm=kworker/0:1H next_pid=17 next_prio=100
          <idle>-0     [001] ...2   138.214093: sched_switch: prev_comm=swapper/1 prev_pid=0 prev_prio=120 prev_state=R ==> next_comm=JDWP next_pid=2215 next_prio=120
    kworker/0:1H-17    [000] ...2   138.214098: sched_switch: prev_comm=kworker/0:1H prev_pid=17 prev_prio=100 prev_state=S ==> next_comm=mmcqd/1 next_pid=117 next_prio=120
         mmcqd/1-117   [000] ...2   138.214106: sched_switch: prev_comm=mmcqd/1 prev_pid=117 prev_prio=120 prev_state=S ==> next_comm=swapper/0 next_pid=0 next_prio=120
           <...>-2215  [001] d..2   138.214173: block_rq_insert: 179,0 R 0 () 4020448 + 16 [JDWP]
           <...>-2215  [001] d..2   138.214177: block_rq_insert: 179,0 R 0 () 4020472 + 40 [JDWP]
           <...>-2215  [001] d..2   138.214180: block_rq_insert: 179,0 R 0 () 4020544 + 8 [JDWP]
           <...>-2215  [001] d..2   138.214183: block_rq_insert: 179,0 R 0 () 4020560 + 24 [JDWP]
          <idle>-0     [000] ...2   138.214199: sched_switch: prev_comm=swapper/0 prev_pid=0 prev_prio=120 prev_state=R ==> next_comm=mmcqd/1 next_pid=117 next_prio=120
           <...>-2215  [001] ...2   138.214202: sched_switch: prev_comm=JDWP prev_pid=2215 prev_prio=120 prev_state=D|W ==> next_comm=swapper/1 next_pid=0 next_prio=120
         mmcqd/1-117   [000] ...2   138.214250: sched_switch: prev_comm=mmcqd/1 prev_pid=117 prev_prio=120 prev_state=S ==> next_comm=swapper/0 next_pid=0 next_prio=120
          <idle>-0     [000] ...2   138.214518: sched_switch: prev_comm=swapper/0 prev_pid=0 prev_prio=120 prev_state=R ==> next_comm=mmcqd/1 next_pid=117 next_prio=120
         mmcqd/1-117   [000] ...1   138.214545: block_rq_complete: 179,0 RA () 4020448 + 16 [0]
         mmcqd/1-117   [000] ...2   138.214564: sched_switch: prev_comm=mmcqd/1 prev_pid=117 prev_prio=120 prev_state=S ==> next_comm=swapper/0 next_pid=0 next_prio=120
          <idle>-0     [000] ...2   138.215097: sched_switch: prev_comm=swapper/0 prev_pid=0 prev_prio=120 prev_state=R ==> next_comm=mmcqd/1 next_pid=117 next_prio=120
         mmcqd/1-117   [000] ...1   138.215129: block_rq_complete: 179,0 RA () 4020472 + 40 [0]
         mmcqd/1-117   [000] ...2   138.215153: sched_switch: prev_comm=mmcqd/1 prev_pid=117 prev_prio=120 prev_state=S ==> next_comm=swapper/0 next_pid=0 next_prio=120
          <idle>-0     [000] ...2   138.215375: sched_switch: prev_comm=swapper/0 prev_pid=0 prev_prio=120 prev_state=R ==> next_comm=mmcqd/1 next_pid=117 next_prio=120
         mmcqd/1-117   [000] ...1   138.215400: block_rq_complete: 179,0 RA () 4020544 + 8 [0]
         mmcqd/1-117   [000] ...2   138.215411: sched_switch: prev_comm=mmcqd/1 prev_pid=117 prev_prio=120 prev_state=S ==> next_comm=swapper/0 next_pid=0 next_prio=120
          <idle>-0     [000] ...2   138.215775: sched_switch: prev_comm=swapper/0 prev_pid=0 prev_prio=120 prev_state=R ==> next_comm=mmcqd/1 next_pid=117 next_prio=120
         mmcqd/1-117   [000] ...1   138.215789: block_rq_complete: 179,0 RA () 4020560 + 24 [0]
         mmcqd/1-117   [000] ...2   138.215805: sched_switch: prev_comm=mmcqd/1 prev_pid=117 prev_prio=120 prev_state=R+ ==> next_comm=kworker/0:1H next_pid=17 next_prio=100
          <idle>-0     [001] ...2   138.215807: sched_switch: prev_comm=swapper/1 prev_pid=0 prev_prio=120 prev_state=R ==> next_comm=JDWP next_pid=2215 next_prio=120
    kworker/0:1H-17    [000] ...2   138.215811: sched_switch: prev_comm=kworker/0:1H prev_pid=17 prev_prio=100 prev_state=S ==> next_comm=mmcqd/1 next_pid=117 next_prio=120
         mmcqd/1-117   [000] ...2   138.215819: sched_switch: prev_comm=mmcqd/1 prev_pid=117 prev_prio=120 prev_state=S ==> next_comm=swapper/0 next_pid=0 next_prio=120
          <idle>-0     [000] ...2   138.215893: sched_switch: prev_comm=swapper/0 prev_pid=0 prev_prio=120 prev_state=R ==> next_comm=main next_pid=2202 next_prio=120
           <...>-2202  [000] ...2   138.215946: sched_switch: prev_comm=main prev_pid=2202 prev_prio=120 prev_state=S ==> next_comm=swapper/0 next_pid=0 next_prio=120
           <...>-2215  [001] d..2   138.216081: block_rq_insert: 179,0 R 0 () 4079416 + 48 [JDWP]
           <...>-2215  [001] d..2   138.216085: block_rq_insert: 179,0 R 0 () 4079480 + 24 [JDWP]
           <...>-2215  [001] d..2   138.216088: block_rq_insert: 179,0 R 0 () 4079512 + 72 [JDWP]
           <...>-2215  [001] d..2   138.216091: block_rq_insert: 179,0 R 0 () 4079600 + 16 [JDWP]
           <...>-2215  [001] d..2   138.216094: block_rq_insert: 179,0 R 0 () 4079632 + 16 [JDWP]
           <...>-2215  [001] d..2   138.216096: block_rq_insert: 179,0 R 0 () 4079656 + 16 [JDWP]
          <idle>-0     [000] ...2   138.216113: sched_switch: prev_comm=swapper/0 prev_pid=0 prev_prio=120 prev_state=R ==> next_comm=mmcqd/1 next_pid=117 next_prio=120
           <...>-2215  [001] ...2   138.216117: sched_switch: prev_comm=JDWP prev_pid=2215 prev_prio=120 prev_state=D|W ==> next_comm=swapper/1 next_pid=0 next_prio=120
         mmcqd/1-117   [000] ...2   138.216168: sched_switch: prev_comm=mmcqd/1 prev_pid=117 prev_prio=120 prev_state=S ==> next_comm=swapper/0 next_pid=0 next_prio=120
          <idle>-0     [000] ...2   138.216626: sched_switch: prev_comm=swapper/0 prev_pid=0 prev_prio=120 prev_state=R ==> next_comm=mmcqd/1 next_pid=117 next_prio=120
         mmcqd/1-117   [000] ...1   138.216660: block_rq_complete: 179,0 RA () 4079416 + 48 [0]
         mmcqd/1-117   [000] ...2   138.216697: sched_switch: prev_comm=mmcqd/1 prev_pid=117 prev_prio=120 prev_state=S ==> next_comm=swapper/0 next_pid=0 next_prio=120
          <idle>-0     [000] ...2   138.217019: sched_switch: prev_comm=swapper/0 prev_pid=0 prev_prio=120 prev_state=R ==> next_comm=mmcqd/1 next_pid=117 next_prio=120
         mmcqd/1-117   [000] ...1   138.217048: block_rq_complete: 179,0 RA () 4079480 + 24 [0]
         mmcqd/1-117   [000] ...2   138.217070: sched_switch: prev_comm=mmcqd/1 prev_pid=117 prev_prio=120 prev_state=S ==> next_comm=swapper/0 next_pid=0 next_prio=120
          <idle>-0     [000] ...2   138.217603: sched_switch: prev_comm=swapper/0 prev_pid=0 prev_prio=120 prev_state=R ==> next_comm=mmcqd/1 next_pid=117 next_prio=120
         mmcqd/1-117   [000] ...1   138.217642: block_rq_complete: 179,0 RA () 4079512 + 72 [0]
          <idle>-0     [001] ...2   138.217661: sched_switch: prev_comm=swapper/1 prev_pid=0 prev_prio=120 prev_state=R ==> next_comm=JDWP next_pid=2215 next_prio=120
         mmcqd/1-117   [000] ...2   138.217667: sched_switch: prev_comm=mmcqd/1 prev_pid=117 prev_prio=120 prev_state=S ==> next_comm=swapper/0 next_pid=0 next_prio=120
          <idle>-0     [000] ...2   138.217701: sched_switch: prev_comm=swapper/0 prev_pid=0 prev_prio=120 prev_state=R ==> next_comm=main next_pid=2202 next_prio=120
           <...>-2202  [000] ...2   138.217827: sched_switch: prev_comm=main prev_pid=2202 prev_prio=120 prev_state=S ==> next_comm=swapper/0 next_pid=0 next_prio=120
           <...>-2215  [001] ...2   138.217861: sched_switch: prev_comm=JDWP prev_pid=2215 prev_prio=120 prev_state=D|W ==> next_comm=swapper/1 next_pid=0 next_prio=120
          <idle>-0     [000] ...2   138.217916: sched_switch: prev_comm=swapper/0 prev_pid=0 prev_prio=120 prev_state=R ==> next_comm=mmcqd/1 next_pid=117 next_prio=120
         mmcqd/1-117   [000] ...1   138.217944: block_rq_complete: 179,0 RA () 4079600 + 16 [0]
         mmcqd/1-117   [000] ...2   138.217966: sched_switch: prev_comm=mmcqd/1 prev_pid=117 prev_prio=120 prev_state=S ==> next_comm=swapper/0 next_pid=0 next_prio=120
