           <...>-2206  [000] d..2   137.901542: block_rq_insert: 179,0 R 0 () 1260424 + 8 [grep]
           <...>-2206  [000] ...2   137.901552: sched_switch: prev_comm=grep prev_pid=2206 prev_prio=120 prev_state=D|W ==> next_comm=swapper/0 next_pid=0 next_prio=120
          <idle>-0     [000] ...2   137.901567: sched_switch: prev_comm=swapper/0 prev_pid=0 prev_prio=120 prev_state=R ==> next_comm=ksoftirqd/0 next_pid=3 next_prio=120
     ksoftirqd/0-3     [000] ...2   137.901574: sched_switch: prev_comm=ksoftirqd/0 prev_pid=3 prev_prio=120 prev_state=S ==> next_comm=swapper/0 next_pid=0 next_prio=120
          <idle>-0     [000] ...2   137.901588: sched_switch: prev_comm=swapper/0 prev_pid=0 prev_prio=120 prev_state=R ==> next_comm=ksoftirqd/0 next_pid=3 next_prio=120
     ksoftirqd/0-3     [000] ...2   137.901595: sched_switch: prev_comm=ksoftirqd/0 prev_pid=3 prev_prio=120 prev_state=S ==> next_comm=swapper/0 next_pid=0 next_prio=120
          <idle>-0     [000] ...2   137.901608: sched_switch: prev_comm=swapper/0 prev_pid=0 prev_prio=120 prev_state=R ==> next_comm=ksoftirqd/0 next_pid=3 next_prio=120
     ksoftirqd/0-3     [000] ...2   137.901615: sched_switch: prev_comm=ksoftirqd/0 prev_pid=3 prev_prio=120 prev_state=S ==> next_comm=swapper/0 next_pid=0 next_prio=120
          <idle>-0     [000] ...2   137.901997: sched_switch: prev_comm=swapper/0 prev_pid=0 prev_prio=120 prev_state=R ==> next_comm=mmcqd/1 next_pid=117 next_prio=120
         mmcqd/1-117   [000] ...1   137.902030: block_rq_complete: 179,0 RA () 1206984 + 32 [0]
          <idle>-0     [001] ...2   137.902043: sched_switch: prev_comm=swapper/1 prev_pid=0 prev_prio=120 prev_state=R ==> next_comm=app_process next_pid=2202 next_prio=120
         mmcqd/1-117   [000] ...2   137.902052: sched_switch: prev_comm=mmcqd/1 prev_pid=117 prev_prio=120 prev_state=S ==> next_comm=swapper/0 next_pid=0 next_prio=120
           <...>-2202  [001] d..2   137.902169: block_rq_insert: 179,0 R 0 () 1209824 + 16 [app_process]
           <...>-2202  [001] d..2   137.902171: block_rq_insert: 179,0 R 0 () 1209864 + 32 [app_process]
           <...>-2202  [001] d..2   137.902173: block_rq_insert: 179,0 R 0 () 1209936 + 16 [app_process]
           <...>-2202  [001] ...2   137.902181: sched_switch: prev_comm=app_process prev_pid=2202 prev_prio=120 prev_state=D|W ==> next_comm=swapper/1 next_pid=0 next_prio=120
          <idle>-0     [000] ...2   137.902320: sched_switch: prev_comm=swapper/0 prev_pid=0 prev_prio=120 prev_state=R ==> next_comm=mmcqd/1 next_pid=117 next_prio=120
         mmcqd/1-117   [000] ...1   137.902343: block_rq_complete: 179,0 RA () 1206960 + 8 [0]
         mmcqd/1-117   [000] ...2   137.902367: sched_switch: prev_comm=mmcqd/1 prev_pid=117 prev_prio=120 prev_state=S ==> next_comm=swapper/0 next_pid=0 next_prio=120
          <idle>-0     [000] ...2   137.902669: sched_switch: prev_comm=swapper/0 prev_pid=0 prev_prio=120 prev_state=R ==> next_comm=mmcqd/1 next_pid=117 next_prio=120
         mmcqd/1-117   [000] ...1   137.902692: block_rq_complete: 179,0 RA () 1206904 + 8 [0]
         mmcqd/1-117   [000] ...2   137.902719: sched_switch: prev_comm=mmcqd/1 prev_pid=117 prev_prio=120 prev_state=S ==> next_comm=swapper/0 next_pid=0 next_prio=120
          <idle>-0     [000] ...2   137.903088: sched_switch: prev_comm=swapper/0 prev_pid=0 prev_prio=120 prev_state=R ==> next_comm=mmcqd/1 next_pid=117 next_prio=120
         mmcqd/1-117   [000] ...1   137.903117: block_rq_complete: 179,0 RA () 1209824 + 16 [0]
         mmcqd/1-117   [000] ...2   137.903137: sched_switch: prev_comm=mmcqd/1 prev_pid=117 prev_prio=120 prev_state=S ==> next_comm=swapper/0 next_pid=0 next_prio=120
          <idle>-0     [000] ...2   137.903686: sched_switch: prev_comm=swapper/0 prev_pid=0 prev_prio=120 prev_state=R ==> next_comm=mmcqd/1 next_pid=117 next_prio=120
         mmcqd/1-117   [000] ...1   137.903718: block_rq_complete: 179,0 RA () 1209864 + 32 [0]
         mmcqd/1-117   [000] ...2   137.903738: sched_switch: prev_comm=mmcqd/1 prev_pid=117 prev_prio=120 prev_state=S ==> next_comm=swapper/0 next_pid=0 next_prio=120
          <idle>-0     [000] ...2   137.904118: sched_switch: prev_comm=swapper/0 prev_pid=0 prev_prio=120 prev_state=R ==> next_comm=mmcqd/1 next_pid=117 next_prio=120
         mmcqd/1-117   [000] ...1   137.904146: block_rq_complete: 179,0 RA () 1209936 + 16 [0]
          <idle>-0     [001] ...2   137.904159: sched_switch: prev_comm=swapper/1 prev_pid=0 prev_prio=120 prev_state=R ==> next_comm=app_process next_pid=2202 next_prio=120
         mmcqd/1-117   [000] ...2   137.904161: sched_switch: prev_comm=mmcqd/1 prev_pid=117 prev_prio=120 prev_state=S ==> next_comm=swapper/0 next_pid=0 next_prio=120
           <...>-2202  [001] d..2   137.904294: block_rq_insert: 179,0 R 0 () 1211744 + 136 [app_process]
           <...>-2202  [001] ...2   137.904309: sched_switch: prev_comm=app_process prev_pid=2202 prev_prio=120 prev_state=D|W ==> next_comm=swapper/1 next_pid=0 next_prio=120
          <idle>-0     [000] ...2   137.904310: sched_switch: prev_comm=swapper/0 prev_pid=0 prev_prio=120 prev_state=R ==> next_comm=mmcqd/1 next_pid=117 next_prio=120
         mmcqd/1-117   [000] ...2   137.904317: sched_switch: prev_comm=mmcqd/1 prev_pid=117 prev_prio=120 prev_state=S ==> next_comm=swapper/0 next_pid=0 next_prio=120
          <idle>-0     [000] ...2   137.904434: sched_switch: prev_comm=swapper/0 prev_pid=0 prev_prio=120 prev_state=R ==> next_comm=mmcqd/1 next_pid=117 next_prio=120
         mmcqd/1-117   [000] ...1   137.904443: block_rq_complete: 179,0 RA () 1260424 + 8 [0]
         mmcqd/1-117   [000] ...2   137.904460: sched_switch: prev_comm=mmcqd/1 prev_pid=117 prev_prio=120 prev_state=R+ ==> next_comm=kworker/0:1H next_pid=17 next_prio=100
    kworker/0:1H-17    [000] ...2   137.904468: sched_switch: prev_comm=kworker/0:1H prev_pid=17 prev_prio=100 prev_state=S ==> next_comm=mmcqd/1 next_pid=117 next_prio=120
         mmcqd/1-117   [000] ...2   137.904535: sched_switch: prev_comm=mmcqd/1 prev_pid=117 prev_prio=120 prev_state=S ==> next_comm=grep next_pid=2206 next_prio=120
           <...>-2206  [000] d..2   137.905525: block_rq_insert: 179,0 R 0 () 1196112 + 24 [grep]
           <...>-2206  [000] dn.2   137.905536: block_rq_insert: 179,0 R 0 () 1196144 + 16 [grep]
           <...>-2206  [000] dn.2   137.905539: block_rq_insert: 179,0 R 0 () 1196168 + 40 [grep]
           <...>-2206  [000] dn.2   137.905541: block_rq_insert: 179,0 R 0 () 1196216 + 8 [grep]
           <...>-2206  [000] dn.2   137.905543: block_rq_insert: 179,0 R 0 () 1196240 + 32 [grep]
           <...>-2206  [000] ...2   137.905549: sched_switch: prev_comm=grep prev_pid=2206 prev_prio=120 prev_state=R+ ==> next_comm=mmcqd/1 next_pid=117 next_prio=120
         mmcqd/1-117   [000] ...2   137.905571: sched_switch: prev_comm=mmcqd/1 prev_pid=117 prev_prio=120 prev_state=S ==> next_comm=grep next_pid=2206 next_prio=120
           <...>-2206  [000] ...2   137.905577: sched_switch: prev_comm=grep prev_pid=2206 prev_prio=120 prev_state=D|W ==> next_comm=swapper/0 next_pid=0 next_prio=120
          <idle>-0     [000] ...2   137.906280: sched_switch: prev_comm=swapper/0 prev_pid=0 prev_prio=120 prev_state=R ==> next_comm=mmcqd/1 next_pid=117 next_prio=120
         mmcqd/1-117   [000] ...1   137.906335: block_rq_complete: 179,0 RA () 1211744 + 136 [0]
          <idle>-0     [001] ...2   137.906348: sched_switch: prev_comm=swapper/1 prev_pid=0 prev_prio=120 prev_state=R ==> next_comm=app_process next_pid=2202 next_prio=120
         mmcqd/1-117   [000] ...2   137.906363: sched_switch: prev_comm=mmcqd/1 prev_pid=117 prev_prio=120 prev_state=S ==> next_comm=swapper/0 next_pid=0 next_prio=120
           <...>-2202  [001] d..2   137.906466: block_rq_insert: 179,0 R 0 () 1213624 + 8 [app_process]
           <...>-2202  [001] ...2   137.906476: sched_switch: prev_comm=app_process prev_pid=2202 prev_prio=120 prev_state=D|W ==> next_comm=swapper/1 next_pid=0 next_prio=120
          <idle>-0     [000] ...2   137.906892: sched_switch: prev_comm=swapper/0 prev_pid=0 prev_prio=120 prev_state=R ==> next_comm=mmcqd/1 next_pid=117 next_prio=120
         mmcqd/1-117   [000] ...1   137.906925: block_rq_complete: 179,0 RA () 1196240 + 32 [0]
         mmcqd/1-117   [000] ...2   137.906956: sched_switch: prev_comm=mmcqd/1 prev_pid=117 prev_prio=120 prev_state=S ==> next_comm=grep next_pid=2206 next_prio=120
           <...>-2206  [000] ...2   137.907211: sched_switch: prev_comm=grep prev_pid=2206 prev_prio=120 prev_state=R+ ==> next_comm=mmcqd/1 next_pid=117 next_prio=120
         mmcqd/1-117   [000] ...1   137.907235: block_rq_complete: 179,0 RA () 1196216 + 8 [0]
         mmcqd/1-117   [000] ...2   137.907259: sched_switch: prev_comm=mmcqd/1 prev_pid=117 prev_prio=120 prev_state=S ==> next_comm=grep next_pid=2206 next_prio=120
           <...>-2206  [000] ...2   137.907881: sched_switch: prev_comm=grep prev_pid=2206 prev_prio=120 prev_state=R ==> next_comm=mmcqd/1 next_pid=117 next_prio=120
         mmcqd/1-117   [000] ...1   137.907917: block_rq_complete: 179,0 RA () 1196168 + 40 [0]
         mmcqd/1-117   [000] ...2   137.907942: sched_switch: prev_comm=mmcqd/1 prev_pid=117 prev_prio=120 prev_state=S ==> next_comm=grep next_pid=2206 next_prio=120
           <...>-2206  [000] ...2   137.908316: sched_switch: prev_comm=grep prev_pid=2206 prev_prio=120 prev_state=R ==> next_comm=mmcqd/1 next_pid=117 next_prio=120
         mmcqd/1-117   [000] ...1   137.908346: block_rq_complete: 179,0 RA () 1196144 + 16 [0]
         mmcqd/1-117   [000] ...2   137.908367: sched_switch: prev_comm=mmcqd/1 prev_pid=117 prev_prio=120 prev_state=S ==> next_comm=grep next_pid=2206 next_prio=120
          <idle>-0     [001] ...2   137.908465: sched_switch: prev_comm=swapper/1 prev_pid=0 prev_prio=120 prev_state=R ==> next_comm=ksoftirqd/1 next_pid=2195 next_prio=120
           <...>-2195  [001] ...2   137.908473: sched_switch: prev_comm=ksoftirqd/1 prev_pid=2195 prev_prio=120 prev_state=S ==> next_comm=swapper/1 next_pid=0 next_prio=120
          <idle>-0     [001] ...2   137.908486: sched_switch: prev_comm=swapper/1 prev_pid=0 prev_prio=120 prev_state=R ==> next_comm=ksoftirqd/1 next_pid=2195 next_prio=120
           <...>-2195  [001] ...2   137.908493: sched_switch: prev_comm=ksoftirqd/1 prev_pid=2195 prev_prio=120 prev_state=S ==> next_comm=swapper/1 next_pid=0 next_prio=120
          <idle>-0     [001] ...2   137.908506: sched_switch: prev_comm=swapper/1 prev_pid=0 prev_prio=120 prev_state=R ==> next_comm=ksoftirqd/1 next_pid=2195 next_prio=120
           <...>-2195  [001] ...2   137.908513: sched_switch: prev_comm=ksoftirqd/1 prev_pid=2195 prev_prio=120 prev_state=S ==> next_comm=swapper/1 next_pid=0 next_prio=120
           <...>-2206  [000] ...2   137.908832: sched_switch: prev_comm=grep prev_pid=2206 prev_prio=120 prev_state=R ==> next_comm=mmcqd/1 next_pid=117 next_prio=120
         mmcqd/1-117   [000] ...1   137.908863: block_rq_complete: 179,0 RA () 1196112 + 24 [0]
         mmcqd/1-117   [000] ...2   137.908875: sched_switch: prev_comm=mmcqd/1 prev_pid=117 prev_prio=120 prev_state=S ==> next_comm=grep next_pid=2206 next_prio=120
           <...>-2206  [000] ...2   137.909149: sched_switch: prev_comm=grep prev_pid=2206 prev_prio=120 prev_state=R ==> next_comm=mmcqd/1 next_pid=117 next_prio=120
         mmcqd/1-117   [000] ...1   137.909158: block_rq_complete: 179,0 RA () 1213624 + 8 [0]
          <idle>-0     [001] ...2   137.909175: sched_switch: prev_comm=swapper/1 prev_pid=0 prev_prio=120 prev_state=R ==> next_comm=app_process next_pid=2202 next_prio=120
         mmcqd/1-117   [000] ...2   137.909178: sched_switch: prev_comm=mmcqd/1 prev_pid=117 prev_prio=120 prev_state=R+ ==> next_comm=kworker/0:1H next_pid=17 next_prio=100
    kworker/0:1H-17    [000] ...2   137.909187: sched_switch: prev_comm=kworker/0:1H prev_pid=17 prev_prio=100 prev_state=S ==> next_comm=mmcqd/1 next_pid=117 next_prio=120
         mmcqd/1-117   [000] ...2   137.909197: sched_switch: prev_comm=mmcqd/1 prev_pid=117 prev_prio=120 prev_state=S ==> next_comm=grep next_pid=2206 next_prio=120
           <...>-2202  [001] d..2   137.909295: block_rq_insert: 179,0 R 0 () 1213704 + 16 [app_process]
           <...>-2206  [000] ...2   137.909306: sched_switch: prev_comm=grep prev_pid=2206 prev_prio=120 prev_state=R ==> next_comm=mmcqd/1 next_pid=117 next_prio=120
           <...>-2202  [001] ...2   137.909313: sched_switch: prev_comm=app_process prev_pid=2202 prev_prio=120 prev_state=D|W ==> next_comm=swapper/1 next_pid=0 next_prio=120
         mmcqd/1-117   [000] ...2   137.909343: sched_switch: prev_comm=mmcqd/1 prev_pid=117 prev_prio=120 prev_state=S ==> next_comm=grep next_pid=2206 next_prio=120
           <...>-2206  [000] ...2   137.909737: sched_switch: prev_comm=grep prev_pid=2206 prev_prio=120 prev_state=R+ ==> next_comm=mmcqd/1 next_pid=117 next_prio=120
         mmcqd/1-117   [000] ...1   137.909749: block_rq_complete: 179,0 RA () 1213704 + 16 [0]
          <idle>-0     [001] ...2   137.909761: sched_switch: prev_comm=swapper/1 prev_pid=0 prev_prio=120 prev_state=R ==> next_comm=app_process next_pid=2202 next_prio=120
         mmcqd/1-117   [000] ...2   137.909766: sched_switch: prev_comm=mmcqd/1 prev_pid=117 prev_prio=120 prev_state=R+ ==> next_comm=kworker/0:1H next_pid=17 next_prio=100
    kworker/0:1H-17    [000] ...2   137.909773: sched_switch: prev_comm=kworker/0:1H prev_pid=17 prev_prio=100 prev_state=S ==> next_comm=mmcqd/1 next_pid=117 next_prio=120
         mmcqd/1-117   [000] ...2   137.909783: sched_switch: prev_comm=mmcqd/1 prev_pid=117 prev_prio=120 prev_state=S ==> next_comm=grep next_pid=2206 next_prio=120
           <...>-2202  [001] d..2   137.909876: block_rq_insert: 179,0 R 0 () 1214640 + 8 [app_process]
           <...>-2206  [000] ...2   137.909888: sched_switch: prev_comm=grep prev_pid=2206 prev_prio=120 prev_state=R+ ==> next_comm=mmcqd/1 next_pid=117 next_prio=120
           <...>-2202  [001] ...2   137.909894: sched_switch: prev_comm=app_process prev_pid=2202 prev_prio=120 prev_state=D|W ==> next_comm=swapper/1 next_pid=0 next_prio=120
         mmcqd/1-117   [000] ...2   137.909923: sched_switch: prev_comm=mmcqd/1 prev_pid=117 prev_prio=120 prev_state=S ==> next_comm=grep next_pid=2206 next_prio=120
           <...>-2206  [000] ...2   137.910219: sched_switch: prev_comm=grep prev_pid=2206 prev_prio=120 prev_state=R+ ==> next_comm=mmcqd/1 next_pid=117 next_prio=120
         mmcqd/1-117   [000] ...1   137.910230: block_rq_complete: 179,0 RA () 1214640 + 8 [0]
          <idle>-0     [001] ...2   137.910244: sched_switch: prev_comm=swapper/1 prev_pid=0 prev_prio=120 prev_state=R ==> next_comm=app_process next_pid=2202 next_prio=120
         mmcqd/1-117   [000] ...2   137.910248: sched_switch: prev_comm=mmcqd/1 prev_pid=117 prev_prio=120 prev_state=R+ ==> next_comm=kworker/0:1H next_pid=17 next_prio=100
    kworker/0:1H-17    [000] ...2   137.910256: sched_switch: prev_comm=kworker/0:1H prev_pid=17 prev_prio=100 prev_state=S ==> next_comm=mmcqd/1 next_pid=117 next_prio=120
         mmcqd/1-117   [000] ...2   137.910265: sched_switch: prev_comm=mmcqd/1 prev_pid=117 prev_prio=120 prev_state=S ==> next_comm=grep next_pid=2206 next_prio=120
           <...>-2202  [001] d..2   137.910370: block_rq_insert: 179,0 R 0 () 1214688 + 8 [app_process]
           <...>-2206  [000] ...2   137.910383: sched_switch: prev_comm=grep prev_pid=2206 prev_prio=120 prev_state=R+ ==> next_comm=mmcqd/1 next_pid=117 next_prio=120
           <...>-2202  [001] ...2   137.910388: sched_switch: prev_comm=app_process prev_pid=2202 prev_prio=120 prev_state=D|W ==> next_comm=swapper/1 next_pid=0 next_prio=120
         mmcqd/1-117   [000] ...2   137.910418: sched_switch: prev_comm=mmcqd/1 prev_pid=117 prev_prio=120 prev_state=S ==> next_comm=grep next_pid=2206 next_prio=120
           <...>-2206  [000] d..2   137.910694: block_rq_insert: 179,0 R 0 () 1189296 + 16 [grep]
           <...>-2206  [000] dn.2   137.910704: block_rq_insert: 179,0 R 0 () 1189368 + 24 [grep]
           <...>-2206  [000] dn.2   137.910707: block_rq_insert: 179,0 R 0 () 1189464 + 8 [grep]
           <...>-2206  [000] ...2   137.910726: sched_switch: prev_comm=grep prev_pid=2206 prev_prio=120 prev_state=R+ ==> next_comm=mmcqd/1 next_pid=117 next_prio=120
         mmcqd/1-117   [000] ...1   137.910736: block_rq_complete: 179,0 RA () 1214688 + 8 [0]
          <idle>-0     [001] ...2   137.910750: sched_switch: prev_comm=swapper/1 prev_pid=0 prev_prio=120 prev_state=R ==> next_comm=app_process next_pid=2202 next_prio=120
         mmcqd/1-117   [000] ...2   137.910753: sched_switch: prev_comm=mmcqd/1 prev_pid=117 prev_prio=120 prev_state=R+ ==> next_comm=kworker/0:1H next_pid=17 next_prio=100
    kworker/0:1H-17    [000] ...2   137.910761: sched_switch: prev_comm=kworker/0:1H prev_pid=17 prev_prio=100 prev_state=S ==> next_comm=mmcqd/1 next_pid=117 next_prio=120
         mmcqd/1-117   [000] ...2   137.910812: sched_switch: prev_comm=mmcqd/1 prev_pid=117 prev_prio=120 prev_state=S ==> next_comm=grep next_pid=2206 next_prio=120
           <...>-2206  [000] ...2   137.910819: sched_switch: prev_comm=grep prev_pid=2206 prev_prio=120 prev_state=D|W ==> next_comm=swapper/0 next_pid=0 next_prio=120
          <idle>-0     [000] ...2   137.910838: sched_switch: prev_comm=swapper/0 prev_pid=0 prev_prio=120 prev_state=R ==> next_comm=ksoftirqd/0 next_pid=3 next_prio=120
     ksoftirqd/0-3     [000] ...2   137.910845: sched_switch: prev_comm=ksoftirqd/0 prev_pid=3 prev_prio=120 prev_state=S ==> next_comm=swapper/0 next_pid=0 next_prio=120
          <idle>-0     [000] ...2   137.910861: sched_switch: prev_comm=swapper/0 prev_pid=0 prev_prio=120 prev_state=R ==> next_comm=ksoftirqd/0 next_pid=3 next_prio=120
     ksoftirqd/0-3     [000] ...2   137.910868: sched_switch: prev_comm=ksoftirqd/0 prev_pid=3 prev_prio=120 prev_state=S ==> next_comm=swapper/0 next_pid=0 next_prio=120
          <idle>-0     [000] ...2   137.910883: sched_switch: prev_comm=swapper/0 prev_pid=0 prev_prio=120 prev_state=R ==> next_comm=ksoftirqd/0 next_pid=3 next_prio=120
     ksoftirqd/0-3     [000] ...2   137.910889: sched_switch: prev_comm=ksoftirqd/0 prev_pid=3 prev_prio=120 prev_state=S ==> next_comm=swapper/0 next_pid=0 next_prio=120
           <...>-2202  [001] d..2   137.910956: block_rq_insert: 179,0 R 0 () 1214864 + 8 [app_process]
           <...>-2202  [001] ...2   137.910968: sched_switch: prev_comm=app_process prev_pid=2202 prev_prio=120 prev_state=D|W ==> next_comm=swapper/1 next_pid=0 next_prio=120
          <idle>-0     [000] ...2   137.911120: sched_switch: prev_comm=swapper/0 prev_pid=0 prev_prio=120 prev_state=R ==> next_comm=mmcqd/1 next_pid=117 next_prio=120
         mmcqd/1-117   [000] ...1   137.911143: block_rq_complete: 179,0 RA () 1189464 + 8 [0]
         mmcqd/1-117   [000] ...2   137.911167: sched_switch: prev_comm=mmcqd/1 prev_pid=117 prev_prio=120 prev_state=S ==> next_comm=swapper/0 next_pid=0 next_prio=120
          <idle>-0     [000] ...2   137.911729: sched_switch: prev_comm=swapper/0 prev_pid=0 prev_prio=120 prev_state=R ==> next_comm=mmcqd/1 next_pid=117 next_prio=120
         mmcqd/1-117   [000] ...1   137.911760: block_rq_complete: 179,0 RA () 1189368 + 24 [0]
         mmcqd/1-117   [000] ...2   137.911783: sched_switch: prev_comm=mmcqd/1 prev_pid=117 prev_prio=120 prev_state=S ==> next_comm=grep next_pid=2206 next_prio=120
           <...>-2206  [000] ...2   137.912136: sched_switch: prev_comm=grep prev_pid=2206 prev_prio=120 prev_state=R+ ==> next_comm=mmcqd/1 next_pid=117 next_prio=120
         mmcqd/1-117   [000] ...1   137.912167: block_rq_complete: 179,0 RA () 1189296 + 16 [0]
         mmcqd/1-117   [000] ...2   137.912178: sched_switch: prev_comm=mmcqd/1 prev_pid=117 prev_prio=120 prev_state=S ==> next_comm=grep next_pid=2206 next_prio=120
           <...>-2206  [000] ...2   137.912216: sched_switch: prev_comm=grep prev_pid=2206 prev_prio=120 prev_state=R+ ==> next_comm=sh next_pid=2203 next_prio=120
           <...>-2203  [000] ...3   137.912652: sched_switch: prev_comm=sh prev_pid=2203 prev_prio=120 prev_state=x ==> next_comm=adbd next_pid=790 next_prio=120
          <idle>-0     [001] ...2   137.912654: sched_switch: prev_comm=swapper/1 prev_pid=0 prev_prio=120 prev_state=R ==> next_comm=adbd next_pid=2204 next_prio=120
           <...>-2204  [001] ...3   137.912758: sched_switch: prev_comm=adbd prev_pid=2204 prev_prio=120 prev_state=x ==> next_comm=swapper/1 next_pid=0 next_prio=120
          <idle>-0     [001] ...2   137.912780: sched_switch: prev_comm=swapper/1 prev_pid=0 prev_prio=120 prev_state=R ==> next_comm=adbd next_pid=792 next_prio=120
            adbd-792   [001] ...2   137.912835: sched_switch: prev_comm=adbd prev_pid=792 prev_prio=120 prev_state=S ==> next_comm=swapper/1 next_pid=0 next_prio=120
            adbd-790   [000] ...2   137.912949: sched_switch: prev_comm=adbd prev_pid=790 prev_prio=120 prev_state=S ==> next_comm=kworker/0:0 next_pid=4 next_prio=120
     kworker/0:0-4     [000] ...2   137.912959: sched_switch: prev_comm=kworker/0:0 prev_pid=4 prev_prio=120 prev_state=S ==> next_comm=mmcqd/1 next_pid=117 next_prio=120
         mmcqd/1-117   [000] ...1   137.912969: block_rq_complete: 179,0 RA () 1214864 + 8 [0]
          <idle>-0     [001] ...2   137.912982: sched_switch: prev_comm=swapper/1 prev_pid=0 prev_prio=120 prev_state=R ==> next_comm=app_process next_pid=2202 next_prio=120
         mmcqd/1-117   [000] ...2   137.913007: sched_switch: prev_comm=mmcqd/1 prev_pid=117 prev_prio=120 prev_state=R+ ==> next_comm=kworker/0:1H next_pid=17 next_prio=100
    kworker/0:1H-17    [000] ...2   137.913014: sched_switch: prev_comm=kworker/0:1H prev_pid=17 prev_prio=100 prev_state=S ==> next_comm=adbd next_pid=793 next_prio=120
            adbd-793   [000] ...2   137.913050: sched_switch: prev_comm=adbd prev_pid=793 prev_prio=120 prev_state=S ==> next_comm=mmcqd/1 next_pid=117 next_prio=120
         mmcqd/1-117   [000] ...2   137.913059: sched_switch: prev_comm=mmcqd/1 prev_pid=117 prev_prio=120 prev_state=S ==> next_comm=adbd next_pid=790 next_prio=120
           <...>-2202  [001] d..2   137.913147: block_rq_insert: 179,0 R 0 () 1234304 + 144 [app_process]
           <...>-2202  [001] ...2   137.913159: sched_switch: prev_comm=app_process prev_pid=2202 prev_prio=120 prev_state=D|W ==> next_comm=adbd next_pid=792 next_prio=120
            adbd-790   [000] ...2   137.913169: sched_switch: prev_comm=adbd prev_pid=790 prev_prio=120 prev_state=S ==> next_comm=mmcqd/1 next_pid=117 next_prio=120
            adbd-792   [001] ...2   137.913175: sched_switch: prev_comm=adbd prev_pid=792 prev_prio=120 prev_state=S ==> next_comm=grep next_pid=2206 next_prio=120
           <...>-2206  [001] ...2   137.913186: sched_switch: prev_comm=grep prev_pid=2206 prev_prio=120 prev_state=R+ ==> next_comm=kworker/1:1 next_pid=2201 next_prio=120
           <...>-2201  [001] ...2   137.913195: sched_switch: prev_comm=kworker/1:1 prev_pid=2201 prev_prio=120 prev_state=S ==> next_comm=grep next_pid=2206 next_prio=120
           <...>-2206  [001] ...3   137.913203: sched_switch: prev_comm=grep prev_pid=2206 prev_prio=120 prev_state=x ==> next_comm=swapper/1 next_pid=0 next_prio=120
         mmcqd/1-117   [000] ...2   137.913242: sched_switch: prev_comm=mmcqd/1 prev_pid=117 prev_prio=120 prev_state=S ==> next_comm=swapper/0 next_pid=0 next_prio=120
          <idle>-0     [000] ...2   137.915057: sched_switch: prev_comm=swapper/0 prev_pid=0 prev_prio=120 prev_state=R ==> next_comm=mmcqd/1 next_pid=117 next_prio=120
         mmcqd/1-117   [000] ...1   137.915094: block_rq_complete: 179,0 RA () 1234304 + 144 [0]
          <idle>-0     [001] ...2   137.915107: sched_switch: prev_comm=swapper/1 prev_pid=0 prev_prio=120 prev_state=R ==> next_comm=app_process next_pid=2202 next_prio=120
         mmcqd/1-117   [000] ...2   137.915117: sched_switch: prev_comm=mmcqd/1 prev_pid=117 prev_prio=120 prev_state=R+ ==> next_comm=kworker/0:1H next_pid=17 next_prio=100
    kworker/0:1H-17    [000] ...2   137.915124: sched_switch: prev_comm=kworker/0:1H prev_pid=17 prev_prio=100 prev_state=S ==> next_comm=mmcqd/1 next_pid=117 next_prio=120
         mmcqd/1-117   [000] ...2   137.915134: sched_switch: prev_comm=mmcqd/1 prev_pid=117 prev_prio=120 prev_state=S ==> next_comm=swapper/0 next_pid=0 next_prio=120
           <...>-2202  [001] d..2   137.915234: block_rq_insert: 179,0 R 0 () 1235112 + 8 [app_process]
           <...>-2202  [001] ...2   137.915247: sched_switch: prev_comm=app_process prev_pid=2202 prev_prio=120 prev_state=D|W ==> next_comm=swapper/1 next_pid=0 next_prio=120
          <idle>-0     [000] ...2   137.915248: sched_switch: prev_comm=swapper/0 prev_pid=0 prev_prio=120 prev_state=R ==> next_comm=mmcqd/1 next_pid=117 next_prio=120
         mmcqd/1-117   [000] ...2   137.915287: sched_switch: prev_comm=mmcqd/1 prev_pid=117 prev_prio=120 prev_state=S ==> next_comm=swapper/0 next_pid=0 next_prio=120
          <idle>-0     [000] ...2   137.915576: sched_switch: prev_comm=swapper/0 prev_pid=0 prev_prio=120 prev_state=R ==> next_comm=mmcqd/1 next_pid=117 next_prio=120
         mmcqd/1-117   [000] ...1   137.915586: block_rq_complete: 179,0 RA () 1235112 + 8 [0]
          <idle>-0     [001] ...2   137.915597: sched_switch: prev_comm=swapper/1 prev_pid=0 prev_prio=120 prev_state=R ==> next_comm=app_process next_pid=2202 next_prio=120
         mmcqd/1-117   [000] ...2   137.915601: sched_switch: prev_comm=mmcqd/1 prev_pid=117 prev_prio=120 prev_state=R+ ==> next_comm=kworker/0:1H next_pid=17 next_prio=100
    kworker/0:1H-17    [000] ...2   137.915610: sched_switch: prev_comm=kworker/0:1H prev_pid=17 prev_prio=100 prev_state=S ==> next_comm=mmcqd/1 next_pid=117 next_prio=120
         mmcqd/1-117   [000] ...2   137.915620: sched_switch: prev_comm=mmcqd/1 prev_pid=117 prev_prio=120 prev_state=S ==> next_comm=swapper/0 next_pid=0 next_prio=120
           <...>-2202  [001] d..2   137.915813: block_rq_insert: 179,0 R 0 () 1247224 + 136 [app_process]
          <idle>-0     [000] ...2   137.915826: sched_switch: prev_comm=swapper/0 prev_pid=0 prev_prio=120 prev_state=R ==> next_comm=mmcqd/1 next_pid=117 next_prio=120
           <...>-2202  [001] ...2   137.915827: sched_switch: prev_comm=app_process prev_pid=2202 prev_prio=120 prev_state=D|W ==> next_comm=swapper/1 next_pid=0 next_prio=120
         mmcqd/1-117   [000] ...2   137.915896: sched_switch: prev_comm=mmcqd/1 prev_pid=117 prev_prio=120 prev_state=S ==> next_comm=swapper/0 next_pid=0 next_prio=120
          <idle>-0     [000] ...2   137.917718: sched_switch: prev_comm=swapper/0 prev_pid=0 prev_prio=120 prev_state=R ==> next_comm=mmcqd/1 next_pid=117 next_prio=120
         mmcqd/1-117   [000] ...1   137.917753: block_rq_complete: 179,0 RA () 1247224 + 136 [0]
          <idle>-0     [001] ...2   137.917765: sched_switch: prev_comm=swapper/1 prev_pid=0 prev_prio=120 prev_state=R ==> next_comm=app_process next_pid=2202 next_prio=120
         mmcqd/1-117   [000] ...2   137.917773: sched_switch: prev_comm=mmcqd/1 prev_pid=117 prev_prio=120 prev_state=R+ ==> next_comm=kworker/0:1H next_pid=17 next_prio=100
    kworker/0:1H-17    [000] ...2   137.917780: sched_switch: prev_comm=kworker/0:1H prev_pid=17 prev_prio=100 prev_state=S ==> next_comm=mmcqd/1 next_pid=117 next_prio=120
         mmcqd/1-117   [000] ...2   137.917789: sched_switch: prev_comm=mmcqd/1 prev_pid=117 prev_prio=120 prev_state=S ==> next_comm=swapper/0 next_pid=0 next_prio=120
           <...>-2202  [001] d..2   137.917913: block_rq_insert: 179,0 R 0 () 1247896 + 136 [app_process]
           <...>-2202  [001] ...2   137.917926: sched_switch: prev_comm=app_process prev_pid=2202 prev_prio=120 prev_state=D|W ==> next_comm=swapper/1 next_pid=0 next_prio=120
          <idle>-0     [000] ...2   137.917927: sched_switch: prev_comm=swapper/0 prev_pid=0 prev_prio=120 prev_state=R ==> next_comm=mmcqd/1 next_pid=117 next_prio=120
         mmcqd/1-117   [000] ...2   137.917996: sched_switch: prev_comm=mmcqd/1 prev_pid=117 prev_prio=120 prev_state=S ==> next_comm=swapper/0 next_pid=0 next_prio=120
          <idle>-0     [000] ...2   137.918470: sched_switch: prev_comm=swapper/0 prev_pid=0 prev_prio=120 prev_state=R ==> next_comm=ksoftirqd/0 next_pid=3 next_prio=120
          <idle>-0     [001] ...2   137.918471: sched_switch: prev_comm=swapper/1 prev_pid=0 prev_prio=120 prev_state=R ==> next_comm=ksoftirqd/1 next_pid=2195 next_prio=120
           <...>-2195  [001] ...2   137.918480: sched_switch: prev_comm=ksoftirqd/1 prev_pid=2195 prev_prio=120 prev_state=S ==> next_comm=swapper/1 next_pid=0 next_prio=120
     ksoftirqd/0-3     [000] ...2   137.918482: sched_switch: prev_comm=ksoftirqd/0 prev_pid=3 prev_prio=120 prev_state=S ==> next_comm=swapper/0 next_pid=0 next_prio=120
          <idle>-0     [001] ...2   137.918494: sched_switch: prev_comm=swapper/1 prev_pid=0 prev_prio=120 prev_state=R ==> next_comm=ksoftirqd/1 next_pid=2195 next_prio=120
          <idle>-0     [000] ...2   137.918498: sched_switch: prev_comm=swapper/0 prev_pid=0 prev_prio=120 prev_state=R ==> next_comm=ksoftirqd/0 next_pid=3 next_prio=120
           <...>-2195  [001] ...2   137.918521: sched_switch: prev_comm=ksoftirqd/1 prev_pid=2195 prev_prio=120 prev_state=S ==> next_comm=swapper/1 next_pid=0 next_prio=120
     ksoftirqd/0-3     [000] ...2   137.918522: sched_switch: prev_comm=ksoftirqd/0 prev_pid=3 prev_prio=120 prev_state=S ==> next_comm=swapper/0 next_pid=0 next_prio=120
          <idle>-0     [000] ...2   137.918538: sched_switch: prev_comm=swapper/0 prev_pid=0 prev_prio=120 prev_state=R ==> next_comm=ksoftirqd/0 next_pid=3 next_prio=120
     ksoftirqd/0-3     [000] ...2   137.918548: sched_switch: prev_comm=ksoftirqd/0 prev_pid=3 prev_prio=120 prev_state=S ==> next_comm=swapper/0 next_pid=0 next_prio=120
          <idle>-0     [000] ...2   137.918563: sched_switch: prev_comm=swapper/0 prev_pid=0 prev_prio=120 prev_state=R ==> next_comm=ksoftirqd/0 next_pid=3 next_prio=120
     ksoftirqd/0-3     [000] ...2   137.918574: sched_switch: prev_comm=ksoftirqd/0 prev_pid=3 prev_prio=120 prev_state=S ==> next_comm=swapper/0 next_pid=0 next_prio=120
          <idle>-0     [000] ...2   137.918589: sched_switch: prev_comm=swapper/0 prev_pid=0 prev_prio=120 prev_state=R ==> next_comm=ksoftirqd/0 next_pid=3 next_prio=120
     ksoftirqd/0-3     [000] ...2   137.918596: sched_switch: prev_comm=ksoftirqd/0 prev_pid=3 prev_prio=120 prev_state=S ==> next_comm=swapper/0 next_pid=0 next_prio=120
          <idle>-0     [000] ...2   137.918610: sched_switch: prev_comm=swapper/0 prev_pid=0 prev_prio=120 prev_state=R ==> next_comm=ksoftirqd/0 next_pid=3 next_prio=120
     ksoftirqd/0-3     [000] ...2   137.918616: sched_switch: prev_comm=ksoftirqd/0 prev_pid=3 prev_prio=120 prev_state=S ==> next_comm=swapper/0 next_pid=0 next_prio=120
          <idle>-0     [000] ...2   137.919111: sched_switch: prev_comm=swapper/0 prev_pid=0 prev_prio=120 prev_state=R ==> next_comm=adbd next_pid=793 next_prio=120
            adbd-793   [000] ...2   137.919121: sched_switch: prev_comm=adbd prev_pid=793 prev_prio=120 prev_state=S ==> next_comm=swapper/0 next_pid=0 next_prio=120
          <idle>-0     [000] ...2   137.919360: sched_switch: prev_comm=swapper/0 prev_pid=0 prev_prio=120 prev_state=R ==> next_comm=adbd next_pid=793 next_prio=120
            adbd-793   [000] ...2   137.919389: sched_switch: prev_comm=adbd prev_pid=793 prev_prio=120 prev_state=S ==> next_comm=adbd next_pid=790 next_prio=120
          <idle>-0     [001] ...2   137.919783: sched_switch: prev_comm=swapper/1 prev_pid=0 prev_prio=120 prev_state=R ==> next_comm=adbd next_pid=2207 next_prio=120
            adbd-790   [000] ...2   137.920039: sched_switch: prev_comm=adbd prev_pid=790 prev_prio=120 prev_state=D ==> next_comm=kworker/0:0 next_pid=4 next_prio=120
     kworker/0:0-4     [000] ...2   137.920054: sched_switch: prev_comm=kworker/0:0 prev_pid=4 prev_prio=120 prev_state=S ==> next_comm=adbd next_pid=792 next_prio=120
            adbd-792   [000] ...2   137.920114: sched_switch: prev_comm=adbd prev_pid=792 prev_prio=120 prev_state=S ==> next_comm=mmcqd/1 next_pid=117 next_prio=120
         mmcqd/1-117   [000] ...1   137.920152: block_rq_complete: 179,0 RA () 1247896 + 136 [0]
           <...>-2207  [001] ...2   137.920163: sched_switch: prev_comm=sh prev_pid=2207 prev_prio=120 prev_state=R+ ==> next_comm=app_process next_pid=2202 next_prio=120
         mmcqd/1-117   [000] ...2   137.920179: sched_switch: prev_comm=mmcqd/1 prev_pid=117 prev_prio=120 prev_state=R+ ==> next_comm=kworker/0:1H next_pid=17 next_prio=100
    kworker/0:1H-17    [000] ...2   137.920186: sched_switch: prev_comm=kworker/0:1H prev_pid=17 prev_prio=100 prev_state=S ==> next_comm=mmcqd/1 next_pid=117 next_prio=120
         mmcqd/1-117   [000] ...2   137.920196: sched_switch: prev_comm=mmcqd/1 prev_pid=117 prev_prio=120 prev_state=S ==> next_comm=adbd next_pid=790 next_prio=120
            adbd-790   [000] ...2   137.920204: sched_switch: prev_comm=adbd prev_pid=790 prev_prio=120 prev_state=S ==> next_comm=swapper/0 next_pid=0 next_prio=120
           <...>-2202  [001] d..2   137.920297: block_rq_insert: 179,0 R 0 () 1248136 + 32 [app_process]
           <...>-2202  [001] ...2   137.920310: sched_switch: prev_comm=app_process prev_pid=2202 prev_prio=120 prev_state=D|W ==> next_comm=adbd next_pid=2208 next_prio=120
          <idle>-0     [000] ...2   137.920311: sched_switch: prev_comm=swapper/0 prev_pid=0 prev_prio=120 prev_state=R ==> next_comm=mmcqd/1 next_pid=117 next_prio=120
           <...>-2208  [001] ...2   137.920325: sched_switch: prev_comm=adbd prev_pid=2208 prev_prio=120 prev_state=S ==> next_comm=sh next_pid=2207 next_prio=120
         mmcqd/1-117   [000] ...2   137.920352: sched_switch: prev_comm=mmcqd/1 prev_pid=117 prev_prio=120 prev_state=S ==> next_comm=swapper/0 next_pid=0 next_prio=120
          <idle>-0     [000] ...2   137.920912: sched_switch: prev_comm=swapper/0 prev_pid=0 prev_prio=120 prev_state=R ==> next_comm=mmcqd/1 next_pid=117 next_prio=120
         mmcqd/1-117   [000] ...1   137.920927: block_rq_complete: 179,0 RA () 1248136 + 32 [0]
           <...>-2207  [001] ...2   137.920937: sched_switch: prev_comm=sh prev_pid=2207 prev_prio=120 prev_state=R ==> next_comm=app_process next_pid=2202 next_prio=120
         mmcqd/1-117   [000] ...2   137.920945: sched_switch: prev_comm=mmcqd/1 prev_pid=117 prev_prio=120 prev_state=R+ ==> next_comm=kworker/0:1H next_pid=17 next_prio=100
    kworker/0:1H-17    [000] ...2   137.920952: sched_switch: prev_comm=kworker/0:1H prev_pid=17 prev_prio=100 prev_state=S ==> next_comm=mmcqd/1 next_pid=117 next_prio=120
         mmcqd/1-117   [000] ...2   137.920961: sched_switch: prev_comm=mmcqd/1 prev_pid=117 prev_prio=120 prev_state=S ==> next_comm=swapper/0 next_pid=0 next_prio=120
           <...>-2202  [001] d..2   137.921064: block_rq_insert: 179,0 R 0 () 1249000 + 16 [app_process]
           <...>-2202  [001] d..2   137.921066: block_rq_insert: 179,0 R 0 () 1249104 + 16 [app_process]
           <...>-2202  [001] ...2   137.921078: sched_switch: prev_comm=app_process prev_pid=2202 prev_prio=120 prev_state=D|W ==> next_comm=sh next_pid=2207 next_prio=120
          <idle>-0     [000] ...2   137.921080: sched_switch: prev_comm=swapper/0 prev_pid=0 prev_prio=120 prev_state=R ==> next_comm=mmcqd/1 next_pid=117 next_prio=120
         mmcqd/1-117   [000] ...2   137.921128: sched_switch: prev_comm=mmcqd/1 prev_pid=117 prev_prio=120 prev_state=S ==> next_comm=swapper/0 next_pid=0 next_prio=120
          <idle>-0     [000] ...2   137.921512: sched_switch: prev_comm=swapper/0 prev_pid=0 prev_prio=120 prev_state=R ==> next_comm=mmcqd/1 next_pid=117 next_prio=120
         mmcqd/1-117   [000] ...1   137.921542: block_rq_complete: 179,0 RA () 1249000 + 16 [0]
         mmcqd/1-117   [000] ...2   137.921554: sched_switch: prev_comm=mmcqd/1 prev_pid=117 prev_prio=120 prev_state=S ==> next_comm=swapper/0 next_pid=0 next_prio=120
          <idle>-0     [000] ...2   137.921943: sched_switch: prev_comm=swapper/0 prev_pid=0 prev_prio=120 prev_state=R ==> next_comm=mmcqd/1 next_pid=117 next_prio=120
         mmcqd/1-117   [000] ...1   137.921955: block_rq_complete: 179,0 RA () 1249104 + 16 [0]
           <...>-2207  [001] ...2   137.921966: sched_switch: prev_comm=sh prev_pid=2207 prev_prio=120 prev_state=R+ ==> next_comm=app_process next_pid=2202 next_prio=120
         mmcqd/1-117   [000] ...2   137.921974: sched_switch: prev_comm=mmcqd/1 prev_pid=117 prev_prio=120 prev_state=R+ ==> next_comm=kworker/0:1H next_pid=17 next_prio=100
    kworker/0:1H-17    [000] ...2   137.921981: sched_switch: prev_comm=kworker/0:1H prev_pid=17 prev_prio=100 prev_state=S ==> next_comm=mmcqd/1 next_pid=117 next_prio=120
         mmcqd/1-117   [000] ...2   137.921990: sched_switch: prev_comm=mmcqd/1 prev_pid=117 prev_prio=120 prev_state=S ==> next_comm=swapper/0 next_pid=0 next_prio=120
           <...>-2202  [001] d..2   137.922114: block_rq_insert: 179,0 R 0 () 1250288 + 8 [app_process]
           <...>-2202  [001] d..2   137.922116: block_rq_insert: 179,0 R 0 () 1250304 + 8 [app_process]
           <...>-2202  [001] d..2   137.922118: block_rq_insert: 179,0 R 0 () 1250344 + 80 [app_process]
          <idle>-0     [000] ...2   137.922131: sched_switch: prev_comm=swapper/0 prev_pid=0 prev_prio=120 prev_state=R ==> next_comm=mmcqd/1 next_pid=117 next_prio=120
           <...>-2202  [001] ...2   137.922131: sched_switch: prev_comm=app_process prev_pid=2202 prev_prio=120 prev_state=D|W ==> next_comm=sh next_pid=2207 next_prio=120
         mmcqd/1-117   [000] ...2   137.922176: sched_switch: prev_comm=mmcqd/1 prev_pid=117 prev_prio=120 prev_state=S ==> next_comm=swapper/0 next_pid=0 next_prio=120
          <idle>-0     [000] ...2   137.922489: sched_switch: prev_comm=swapper/0 prev_pid=0 prev_prio=120 prev_state=R ==> next_comm=mmcqd/1 next_pid=117 next_prio=120
         mmcqd/1-117   [000] ...1   137.922513: block_rq_complete: 179,0 RA () 1250288 + 8 [0]
         mmcqd/1-117   [000] ...2   137.922554: sched_switch: prev_comm=mmcqd/1 prev_pid=117 prev_prio=120 prev_state=S ==> next_comm=swapper/0 next_pid=0 next_prio=120
          <idle>-0     [000] ...2   137.922823: sched_switch: prev_comm=swapper/0 prev_pid=0 prev_prio=120 prev_state=R ==> next_comm=mmcqd/1 next_pid=117 next_prio=120
         mmcqd/1-117   [000] ...1   137.922846: block_rq_complete: 179,0 RA () 1250304 + 8 [0]
         mmcqd/1-117   [000] ...2   137.922863: sched_switch: prev_comm=mmcqd/1 prev_pid=117 prev_prio=120 prev_state=S ==> next_comm=swapper/0 next_pid=0 next_prio=120
           <...>-2207  [001] ...2   137.923134: sched_switch: prev_comm=sh prev_pid=2207 prev_prio=120 prev_state=R+ ==> next_comm=kworker/1:1 next_pid=2201 next_prio=120
           <...>-2201  [001] ...2   137.923151: sched_switch: prev_comm=kworker/1:1 prev_pid=2201 prev_prio=120 prev_state=S ==> next_comm=sh next_pid=2207 next_prio=120
          <idle>-0     [000] ...2   137.923152: sched_switch: prev_comm=swapper/0 prev_pid=0 prev_prio=120 prev_state=R ==> next_comm=adbd next_pid=790 next_prio=120
           <...>-2207  [001] ...2   137.923161: sched_switch: prev_comm=sh prev_pid=2207 prev_prio=120 prev_state=R+ ==> next_comm=kworker/1:1 next_pid=2201 next_prio=120
           <...>-2201  [001] ...2   137.923170: sched_switch: prev_comm=kworker/1:1 prev_pid=2201 prev_prio=120 prev_state=S ==> next_comm=sh next_pid=2207 next_prio=120
            adbd-790   [000] ...2   137.923304: sched_switch: prev_comm=adbd prev_pid=790 prev_prio=120 prev_state=S ==> next_comm=adbd next_pid=792 next_prio=120
            adbd-792   [000] ...2   137.923355: sched_switch: prev_comm=adbd prev_pid=792 prev_prio=120 prev_state=S ==> next_comm=swapper/0 next_pid=0 next_prio=120
           <...>-2207  [001] ...2   137.923488: sched_switch: prev_comm=sh prev_pid=2207 prev_prio=120 prev_state=R+ ==> next_comm=adbd next_pid=2208 next_prio=120
          <idle>-0     [000] ...2   137.923543: sched_switch: prev_comm=swapper/0 prev_pid=0 prev_prio=120 prev_state=R ==> next_comm=adbd next_pid=790 next_prio=120
           <...>-2208  [001] ...3   137.923578: sched_switch: prev_comm=adbd prev_pid=2208 prev_prio=120 prev_state=x ==> next_comm=sh next_pid=2207 next_prio=120
           <...>-2207  [001] ...3   137.923587: sched_switch: prev_comm=sh prev_pid=2207 prev_prio=120 prev_state=x ==> next_comm=swapper/1 next_pid=0 next_prio=120
          <idle>-0     [001] ...2   137.923605: sched_switch: prev_comm=swapper/1 prev_pid=0 prev_prio=120 prev_state=R ==> next_comm=ksoftirqd/1 next_pid=2195 next_prio=120
           <...>-2195  [001] ...2   137.923614: sched_switch: prev_comm=ksoftirqd/1 prev_pid=2195 prev_prio=120 prev_state=S ==> next_comm=swapper/1 next_pid=0 next_prio=120
          <idle>-0     [001] ...2   137.923630: sched_switch: prev_comm=swapper/1 prev_pid=0 prev_prio=120 prev_state=R ==> next_comm=ksoftirqd/1 next_pid=2195 next_prio=120
           <...>-2195  [001] ...2   137.923642: sched_switch: prev_comm=ksoftirqd/1 prev_pid=2195 prev_prio=120 prev_state=S ==> next_comm=swapper/1 next_pid=0 next_prio=120
          <idle>-0     [001] ...2   137.923655: sched_switch: prev_comm=swapper/1 prev_pid=0 prev_prio=120 prev_state=R ==> next_comm=ksoftirqd/1 next_pid=2195 next_prio=120
           <...>-2195  [001] ...2   137.923664: sched_switch: prev_comm=ksoftirqd/1 prev_pid=2195 prev_prio=120 prev_state=S ==> next_comm=swapper/1 next_pid=0 next_prio=120
            adbd-790   [000] ...2   137.923770: sched_switch: prev_comm=adbd prev_pid=790 prev_prio=120 prev_state=S ==> next_comm=kworker/0:0 next_pid=4 next_prio=120
     kworker/0:0-4     [000] ...2   137.923780: sched_switch: prev_comm=kworker/0:0 prev_pid=4 prev_prio=120 prev_state=S ==> next_comm=adbd next_pid=793 next_prio=120
            adbd-793   [000] ...2   137.923814: sched_switch: prev_comm=adbd prev_pid=793 prev_prio=120 prev_state=S ==> next_comm=adbd next_pid=792 next_prio=120
            adbd-792   [000] ...2   137.923857: sched_switch: prev_comm=adbd prev_pid=792 prev_prio=120 prev_state=S ==> next_comm=adbd next_pid=790 next_prio=120
            adbd-790   [000] ...2   137.924028: sched_switch: prev_comm=adbd prev_pid=790 prev_prio=120 prev_state=S ==> next_comm=adbd next_pid=793 next_prio=120
            adbd-793   [000] ...2   137.924055: sched_switch: prev_comm=adbd prev_pid=793 prev_prio=120 prev_state=S ==> next_comm=adbd next_pid=792 next_prio=120
            adbd-792   [000] ...2   137.924060: sched_switch: prev_comm=adbd prev_pid=792 prev_prio=120 prev_state=S ==> next_comm=mmcqd/1 next_pid=117 next_prio=120
         mmcqd/1-117   [000] ...1   137.924085: block_rq_complete: 179,0 RA () 1250344 + 80 [0]
          <idle>-0     [001] ...2   137.924102: sched_switch: prev_comm=swapper/1 prev_pid=0 prev_prio=120 prev_state=R ==> next_comm=app_process next_pid=2202 next_prio=120
         mmcqd/1-117   [000] ...2   137.924107: sched_switch: prev_comm=mmcqd/1 prev_pid=117 prev_prio=120 prev_state=R+ ==> next_comm=kworker/0:1H next_pid=17 next_prio=100
    kworker/0:1H-17    [000] ...2   137.924115: sched_switch: prev_comm=kworker/0:1H prev_pid=17 prev_prio=100 prev_state=S ==> next_comm=mmcqd/1 next_pid=117 next_prio=120
         mmcqd/1-117   [000] ...2   137.924124: sched_switch: prev_comm=mmcqd/1 prev_pid=117 prev_prio=120 prev_state=S ==> next_comm=adbd next_pid=790 next_prio=120
            adbd-790   [000] ...2   137.924233: sched_switch: prev_comm=adbd prev_pid=790 prev_prio=120 prev_state=S ==> next_comm=adbd next_pid=792 next_prio=120
            adbd-792   [000] ...2   137.924238: sched_switch: prev_comm=adbd prev_pid=792 prev_prio=120 prev_state=S ==> next_comm=swapper/0 next_pid=0 next_prio=120
           <...>-2202  [001] d..2   137.924247: block_rq_insert: 179,0 R 0 () 1259688 + 72 [app_process]
           <...>-2202  [001] d..2   137.924251: block_rq_insert: 179,0 R 0 () 1259800 + 24 [app_process]
          <idle>-0     [000] ...2   137.924263: sched_switch: prev_comm=swapper/0 prev_pid=0 prev_prio=120 prev_state=R ==> next_comm=mmcqd/1 next_pid=117 next_prio=120
           <...>-2202  [001] ...2   137.924264: sched_switch: prev_comm=app_process prev_pid=2202 prev_prio=120 prev_state=D|W ==> next_comm=swapper/1 next_pid=0 next_prio=120
         mmcqd/1-117   [000] ...2   137.924331: sched_switch: prev_comm=mmcqd/1 prev_pid=117 prev_prio=120 prev_state=S ==> next_comm=swapper/0 next_pid=0 next_prio=120
          <idle>-0     [000] ...2   137.925321: sched_switch: prev_comm=swapper/0 prev_pid=0 prev_prio=120 prev_state=R ==> next_comm=mmcqd/1 next_pid=117 next_prio=120
         mmcqd/1-117   [000] ...1   137.925362: block_rq_complete: 179,0 RA () 1259688 + 72 [0]
         mmcqd/1-117   [000] ...2   137.925376: sched_switch: prev_comm=mmcqd/1 prev_pid=117 prev_prio=120 prev_state=S ==> next_comm=swapper/0 next_pid=0 next_prio=120
          <idle>-0     [000] ...2   137.925828: sched_switch: prev_comm=swapper/0 prev_pid=0 prev_prio=120 prev_state=R ==> next_comm=mmcqd/1 next_pid=117 next_prio=120
         mmcqd/1-117   [000] ...1   137.925840: block_rq_complete: 179,0 RA () 1259800 + 24 [0]
          <idle>-0     [001] ...2   137.925853: sched_switch: prev_comm=swapper/1 prev_pid=0 prev_prio=120 prev_state=R ==> next_comm=app_process next_pid=2202 next_prio=120
         mmcqd/1-117   [000] ...2   137.925857: sched_switch: prev_comm=mmcqd/1 prev_pid=117 prev_prio=120 prev_state=R+ ==> next_comm=kworker/0:1H next_pid=17 next_prio=100
    kworker/0:1H-17    [000] ...2   137.925864: sched_switch: prev_comm=kworker/0:1H prev_pid=17 prev_prio=100 prev_state=S ==> next_comm=mmcqd/1 next_pid=117 next_prio=120
         mmcqd/1-117   [000] ...2   137.925873: sched_switch: prev_comm=mmcqd/1 prev_pid=117 prev_prio=120 prev_state=S ==> next_comm=swapper/0 next_pid=0 next_prio=120
           <...>-2202  [001] d..2   137.926061: block_rq_insert: 179,0 R 0 () 1260936 + 8 [app_process]
           <...>-2202  [001] ...2   137.926074: sched_switch: prev_comm=app_process prev_pid=2202 prev_prio=120 prev_state=D|W ==> next_comm=swapper/1 next_pid=0 next_prio=120
          <idle>-0     [000] ...2   137.926074: sched_switch: prev_comm=swapper/0 prev_pid=0 prev_prio=120 prev_state=R ==> next_comm=mmcqd/1 next_pid=117 next_prio=120
         mmcqd/1-117   [000] ...2   137.926107: sched_switch: prev_comm=mmcqd/1 prev_pid=117 prev_prio=120 prev_state=S ==> next_comm=swapper/0 next_pid=0 next_prio=120
          <idle>-0     [000] ...2   137.926412: sched_switch: prev_comm=swapper/0 prev_pid=0 prev_prio=120 prev_state=R ==> next_comm=mmcqd/1 next_pid=117 next_prio=120
         mmcqd/1-117   [000] ...1   137.926422: block_rq_complete: 179,0 RA () 1260936 + 8 [0]
          <idle>-0     [001] ...2   137.926434: sched_switch: prev_comm=swapper/1 prev_pid=0 prev_prio=120 prev_state=R ==> next_comm=app_process next_pid=2202 next_prio=120
         mmcqd/1-117   [000] ...2   137.926438: sched_switch: prev_comm=mmcqd/1 prev_pid=117 prev_prio=120 prev_state=R+ ==> next_comm=kworker/0:1H next_pid=17 next_prio=100
    kworker/0:1H-17    [000] ...2   137.926446: sched_switch: prev_comm=kworker/0:1H prev_pid=17 prev_prio=100 prev_state=S ==> next_comm=mmcqd/1 next_pid=117 next_prio=120
         mmcqd/1-117   [000] ...2   137.926455: sched_switch: prev_comm=mmcqd/1 prev_pid=117 prev_prio=120 prev_state=S ==> next_comm=swapper/0 next_pid=0 next_prio=120
           <...>-2202  [001] d..2   137.926547: block_rq_insert: 179,0 R 0 () 1261088 + 8 [app_process]
          <idle>-0     [000] ...2   137.926560: sched_switch: prev_comm=swapper/0 prev_pid=0 prev_prio=120 prev_state=R ==> next_comm=mmcqd/1 next_pid=117 next_prio=120
           <...>-2202  [001] ...2   137.926560: sched_switch: prev_comm=app_process prev_pid=2202 prev_prio=120 prev_state=D|W ==> next_comm=swapper/1 next_pid=0 next_prio=120
         mmcqd/1-117   [000] ...2   137.926592: sched_switch: prev_comm=mmcqd/1 prev_pid=117 prev_prio=120 prev_state=S ==> next_comm=swapper/0 next_pid=0 next_prio=120
          <idle>-0     [000] ...2   137.926887: sched_switch: prev_comm=swapper/0 prev_pid=0 prev_prio=120 prev_state=R ==> next_comm=mmcqd/1 next_pid=117 next_prio=120
         mmcqd/1-117   [000] ...1   137.926897: block_rq_complete: 179,0 RA () 1261088 + 8 [0]
          <idle>-0     [001] ...2   137.926909: sched_switch: prev_comm=swapper/1 prev_pid=0 prev_prio=120 prev_state=R ==> next_comm=app_process next_pid=2202 next_prio=120
         mmcqd/1-117   [000] ...2   137.926912: sched_switch: prev_comm=mmcqd/1 prev_pid=117 prev_prio=120 prev_state=R+ ==> next_comm=kworker/0:1H next_pid=17 next_prio=100
    kworker/0:1H-17    [000] ...2   137.926919: sched_switch: prev_comm=kworker/0:1H prev_pid=17 prev_prio=100 prev_state=S ==> next_comm=mmcqd/1 next_pid=117 next_prio=120
         mmcqd/1-117   [000] ...2   137.926927: sched_switch: prev_comm=mmcqd/1 prev_pid=117 prev_prio=120 prev_state=S ==> next_comm=swapper/0 next_pid=0 next_prio=120
           <...>-2202  [001] d..2   137.927057: block_rq_insert: 179,0 R 0 () 1318792 + 16 [app_process]
           <...>-2202  [001] d..2   137.927060: block_rq_insert: 179,0 R 0 () 1318872 + 8 [app_process]
           <...>-2202  [001] d..2   137.927062: block_rq_insert: 179,0 R 0 () 1318896 + 8 [app_process]
           <...>-2202  [001] d..2   137.927063: block_rq_insert: 179,0 R 0 () 1318920 + 8 [app_process]
          <idle>-0     [000] ...2   137.927075: sched_switch: prev_comm=swapper/0 prev_pid=0 prev_prio=120 prev_state=R ==> next_comm=mmcqd/1 next_pid=117 next_prio=120
           <...>-2202  [001] ...2   137.927075: sched_switch: prev_comm=app_process prev_pid=2202 prev_prio=120 prev_state=D|W ==> next_comm=swapper/1 next_pid=0 next_prio=120
