           <...>-799   [001] ...2   252.129057: sched_switch: prev_comm=logcat prev_pid=799 prev_prio=120 prev_state=S ==> next_comm=main next_pid=4555 next_prio=120
          <idle>-0     [000] ...2   252.129103: sched_switch: prev_comm=swapper/0 prev_pid=0 prev_prio=120 prev_state=R ==> next_comm=logcat next_pid=802 next_prio=120
          logcat-802   [000] ...2   252.129126: sched_switch: prev_comm=logcat prev_pid=802 prev_prio=120 prev_state=S ==> next_comm=swapper/0 next_pid=0 next_prio=120
           <...>-4555  [001] ...2   252.129135: sched_switch: prev_comm=main prev_pid=4555 prev_prio=120 prev_state=R ==> next_comm=logcat next_pid=797 next_prio=120
           <...>-797   [001] ...2   252.129149: sched_switch: prev_comm=logcat prev_pid=797 prev_prio=120 prev_state=S ==> next_comm=main next_pid=4555 next_prio=120
           <...>-4555  [001] ...2   252.129387: sched_switch: prev_comm=main prev_pid=4555 prev_prio=120 prev_state=R+ ==> next_comm=kworker/1:0 next_pid=4542 next_prio=120
           <...>-4542  [001] ...2   252.129401: sched_switch: prev_comm=kworker/1:0 prev_pid=4542 prev_prio=120 prev_state=S ==> next_comm=main next_pid=4555 next_prio=120
          <idle>-0     [000] ...2   252.129406: sched_switch: prev_comm=swapper/0 prev_pid=0 prev_prio=120 prev_state=R ==> next_comm=adbd next_pid=790 next_prio=120
           <...>-4555  [001] ...2   252.129437: sched_switch: prev_comm=main prev_pid=4555 prev_prio=120 prev_state=R+ ==> next_comm=kworker/1:0 next_pid=4542 next_prio=120
            adbd-790   [000] ...2   252.129443: sched_switch: prev_comm=adbd prev_pid=790 prev_prio=120 prev_state=D ==> next_comm=swapper/0 next_pid=0 next_prio=120
           <...>-4542  [001] ...2   252.129450: sched_switch: prev_comm=kworker/1:0 prev_pid=4542 prev_prio=120 prev_state=S ==> next_comm=main next_pid=4555 next_prio=120
          <idle>-0     [000] ...2   252.129450: sched_switch: prev_comm=swapper/0 prev_pid=0 prev_prio=120 prev_state=R ==> next_comm=adbd next_pid=790 next_prio=120
           <...>-4555  [001] d..2   252.129634: block_rq_insert: 179,0 R 0 () 4052264 + 8 [main]
           <...>-4555  [001] d..2   252.129637: block_rq_insert: 179,0 R 0 () 4052304 + 8 [main]
           <...>-4555  [001] d..2   252.129639: block_rq_insert: 179,0 R 0 () 4052400 + 32 [main]
           <...>-4555  [001] ...2   252.129649: sched_switch: prev_comm=main prev_pid=4555 prev_prio=120 prev_state=R+ ==> next_comm=mmcqd/1 next_pid=117 next_prio=120
            adbd-790   [000] ...2   252.129654: sched_switch: prev_comm=adbd prev_pid=790 prev_prio=120 prev_state=S ==> next_comm=adbd next_pid=792 next_prio=120
         mmcqd/1-117   [001] ...2   252.129695: sched_switch: prev_comm=mmcqd/1 prev_pid=117 prev_prio=120 prev_state=S ==> next_comm=main next_pid=4555 next_prio=120
           <...>-4555  [001] ...2   252.129701: sched_switch: prev_comm=main prev_pid=4555 prev_prio=120 prev_state=D|W ==> next_comm=swapper/1 next_pid=0 next_prio=120
            adbd-792   [000] ...2   252.129740: sched_switch: prev_comm=adbd prev_pid=792 prev_prio=120 prev_state=S ==> next_comm=swapper/0 next_pid=0 next_prio=120
          <idle>-0     [000] ...2   252.130115: sched_switch: prev_comm=swapper/0 prev_pid=0 prev_prio=120 prev_state=R ==> next_comm=adbd next_pid=793 next_prio=120
            adbd-793   [000] ...2   252.130165: sched_switch: prev_comm=adbd prev_pid=793 prev_prio=120 prev_state=S ==> next_comm=adbd next_pid=790 next_prio=120
            adbd-790   [000] ...2   252.130363: sched_switch: prev_comm=adbd prev_pid=790 prev_prio=120 prev_state=S ==> next_comm=adbd next_pid=792 next_prio=120
            adbd-792   [000] ...2   252.130373: sched_switch: prev_comm=adbd prev_pid=792 prev_prio=120 prev_state=S ==> next_comm=mmcqd/1 next_pid=117 next_prio=120
         mmcqd/1-117   [000] ...1   252.130422: block_rq_complete: 179,0 RA () 4052400 + 32 [0]
         mmcqd/1-117   [000] ...2   252.130456: sched_switch: prev_comm=mmcqd/1 prev_pid=117 prev_prio=120 prev_state=S ==> next_comm=swapper/0 next_pid=0 next_prio=120
          <idle>-0     [000] ...2   252.130664: sched_switch: prev_comm=swapper/0 prev_pid=0 prev_prio=120 prev_state=R ==> next_comm=mmcqd/1 next_pid=117 next_prio=120
         mmcqd/1-117   [000] ...1   252.130705: block_rq_complete: 179,0 RA () 4052304 + 8 [0]
          <idle>-0     [001] ...2   252.130722: sched_switch: prev_comm=swapper/1 prev_pid=0 prev_prio=120 prev_state=R ==> next_comm=main next_pid=4555 next_prio=120
         mmcqd/1-117   [000] ...2   252.130732: sched_switch: prev_comm=mmcqd/1 prev_pid=117 prev_prio=120 prev_state=S ==> next_comm=swapper/0 next_pid=0 next_prio=120
          <idle>-0     [000] ...2   252.130949: sched_switch: prev_comm=swapper/0 prev_pid=0 prev_prio=120 prev_state=R ==> next_comm=mmcqd/1 next_pid=117 next_prio=120
         mmcqd/1-117   [000] ...1   252.130966: block_rq_complete: 179,0 RA () 4052264 + 8 [0]
         mmcqd/1-117   [000] ...2   252.130988: sched_switch: prev_comm=mmcqd/1 prev_pid=117 prev_prio=120 prev_state=R+ ==> next_comm=kworker/0:1H next_pid=17 next_prio=100
    kworker/0:1H-17    [000] ...2   252.131000: sched_switch: prev_comm=kworker/0:1H prev_pid=17 prev_prio=100 prev_state=S ==> next_comm=mmcqd/1 next_pid=117 next_prio=120
         mmcqd/1-117   [000] ...2   252.131015: sched_switch: prev_comm=mmcqd/1 prev_pid=117 prev_prio=120 prev_state=S ==> next_comm=swapper/0 next_pid=0 next_prio=120
          <idle>-0     [000] ...2   252.131325: sched_switch: prev_comm=swapper/0 prev_pid=0 prev_prio=120 prev_state=R ==> next_comm=Binder_5 next_pid=1057 next_prio=120
           <...>-4555  [001] ...2   252.131327: sched_switch: prev_comm=main prev_pid=4555 prev_prio=120 prev_state=S ==> next_comm=swapper/1 next_pid=0 next_prio=120
          <idle>-0     [001] ...2   252.131621: sched_switch: prev_comm=swapper/1 prev_pid=0 prev_prio=120 prev_state=R ==> next_comm=logcat next_pid=797 next_prio=120
           <...>-797   [001] ...2   252.131734: sched_switch: prev_comm=logcat prev_pid=797 prev_prio=120 prev_state=S ==> next_comm=logcat next_pid=799 next_prio=120
           <...>-799   [001] ...2   252.131833: sched_switch: prev_comm=logcat prev_pid=799 prev_prio=120 prev_state=S ==> next_comm=kworker/1:0 next_pid=4542 next_prio=120
           <...>-4542  [001] ...2   252.131851: sched_switch: prev_comm=kworker/1:0 prev_pid=4542 prev_prio=120 prev_state=S ==> next_comm=adbd next_pid=790 next_prio=120
            adbd-790   [001] ...2   252.132022: sched_switch: prev_comm=adbd prev_pid=790 prev_prio=120 prev_state=S ==> next_comm=adbd next_pid=792 next_prio=120
            adbd-792   [001] ...2   252.132105: sched_switch: prev_comm=adbd prev_pid=792 prev_prio=120 prev_state=S ==> next_comm=logcat next_pid=802 next_prio=120
        Binder_5-1057  [000] ...2   252.132152: sched_switch: prev_comm=Binder_5 prev_pid=1057 prev_prio=120 prev_state=S ==> next_comm=swapper/0 next_pid=0 next_prio=120
          logcat-802   [001] ...2   252.132213: sched_switch: prev_comm=logcat prev_pid=802 prev_prio=120 prev_state=S ==> next_comm=Binder_3 next_pid=786 next_prio=120
          <idle>-0     [000] ...2   252.132294: sched_switch: prev_comm=swapper/0 prev_pid=0 prev_prio=120 prev_state=R ==> next_comm=Binder_5 next_pid=1057 next_prio=120
        Binder_5-1057  [000] ...2   252.132305: sched_switch: prev_comm=Binder_5 prev_pid=1057 prev_prio=120 prev_state=D ==> next_comm=swapper/0 next_pid=0 next_prio=120
           <...>-786   [001] ...2   252.132311: sched_switch: prev_comm=Binder_3 prev_pid=786 prev_prio=120 prev_state=S ==> next_comm=kworker/1:0 next_pid=4542 next_prio=120
          <idle>-0     [000] ...2   252.132312: sched_switch: prev_comm=swapper/0 prev_pid=0 prev_prio=120 prev_state=R ==> next_comm=Binder_5 next_pid=1057 next_prio=120
           <...>-4542  [001] ...2   252.132325: sched_switch: prev_comm=kworker/1:0 prev_pid=4542 prev_prio=120 prev_state=S ==> next_comm=adbd next_pid=790 next_prio=120
            adbd-790   [001] ...2   252.132449: sched_switch: prev_comm=adbd prev_pid=790 prev_prio=120 prev_state=S ==> next_comm=adbd next_pid=792 next_prio=120
            adbd-792   [001] ...2   252.132505: sched_switch: prev_comm=adbd prev_pid=792 prev_prio=120 prev_state=S ==> next_comm=adbd next_pid=793 next_prio=120
            adbd-793   [001] ...2   252.132535: sched_switch: prev_comm=adbd prev_pid=793 prev_prio=120 prev_state=S ==> next_comm=adbd next_pid=790 next_prio=120
            adbd-790   [001] ...2   252.132638: sched_switch: prev_comm=adbd prev_pid=790 prev_prio=120 prev_state=S ==> next_comm=adbd next_pid=792 next_prio=120
            adbd-792   [001] ...2   252.132646: sched_switch: prev_comm=adbd prev_pid=792 prev_prio=120 prev_state=S ==> next_comm=swapper/1 next_pid=0 next_prio=120
          <idle>-0     [001] ...2   252.132797: sched_switch: prev_comm=swapper/1 prev_pid=0 prev_prio=120 prev_state=R ==> next_comm=adbd next_pid=793 next_prio=120
            adbd-793   [001] ...2   252.132826: sched_switch: prev_comm=adbd prev_pid=793 prev_prio=120 prev_state=S ==> next_comm=adbd next_pid=790 next_prio=120
        Binder_5-1057  [000] ...2   252.132851: sched_switch: prev_comm=Binder_5 prev_pid=1057 prev_prio=120 prev_state=R+ ==> next_comm=InputDispatcher next_pid=812 next_prio=112
           <...>-812   [000] ...2   252.132900: sched_switch: prev_comm=InputDispatcher prev_pid=812 prev_prio=112 prev_state=S ==> next_comm=Binder_5 next_pid=1057 next_prio=120
            adbd-790   [001] ...2   252.132929: sched_switch: prev_comm=adbd prev_pid=790 prev_prio=120 prev_state=S ==> next_comm=adbd next_pid=792 next_prio=120
            adbd-792   [001] ...2   252.132937: sched_switch: prev_comm=adbd prev_pid=792 prev_prio=120 prev_state=S ==> next_comm=swapper/1 next_pid=0 next_prio=120
        Binder_5-1057  [000] ...2   252.133082: sched_switch: prev_comm=Binder_5 prev_pid=1057 prev_prio=120 prev_state=S ==> next_comm=Binder_2 next_pid=270 next_prio=120
          <idle>-0     [001] ...2   252.133082: sched_switch: prev_comm=swapper/1 prev_pid=0 prev_prio=120 prev_state=R ==> next_comm=adbd next_pid=793 next_prio=120
            adbd-793   [001] ...2   252.133111: sched_switch: prev_comm=adbd prev_pid=793 prev_prio=120 prev_state=S ==> next_comm=adbd next_pid=790 next_prio=120
            adbd-790   [001] ...2   252.133219: sched_switch: prev_comm=adbd prev_pid=790 prev_prio=120 prev_state=S ==> next_comm=adbd next_pid=792 next_prio=120
           <...>-270   [000] ...2   252.133226: sched_switch: prev_comm=Binder_2 prev_pid=270 prev_prio=120 prev_state=S ==> next_comm=Binder_5 next_pid=1057 next_prio=120
            adbd-792   [001] ...2   252.133226: sched_switch: prev_comm=adbd prev_pid=792 prev_prio=120 prev_state=S ==> next_comm=swapper/1 next_pid=0 next_prio=120
          <idle>-0     [001] ...2   252.133307: sched_switch: prev_comm=swapper/1 prev_pid=0 prev_prio=120 prev_state=R ==> next_comm=android.display next_pid=780 next_prio=116
           <...>-780   [001] ...2   252.133405: sched_switch: prev_comm=android.display prev_pid=780 prev_prio=116 prev_state=S ==> next_comm=Binder_1 next_pid=268 next_prio=120
        Binder_5-1057  [000] ...2   252.133444: sched_switch: prev_comm=Binder_5 prev_pid=1057 prev_prio=120 prev_state=R+ ==> next_comm=EventThread next_pid=371 next_prio=111
           <...>-268   [001] ...2   252.133461: sched_switch: prev_comm=Binder_1 prev_pid=268 prev_prio=120 prev_state=S ==> next_comm=swapper/1 next_pid=0 next_prio=120
           <...>-371   [000] ...2   252.133529: sched_switch: prev_comm=EventThread prev_pid=371 prev_prio=111 prev_state=S ==> next_comm=Binder_1 next_pid=722 next_prio=120
           <...>-722   [000] ...2   252.133646: sched_switch: prev_comm=Binder_1 prev_pid=722 prev_prio=120 prev_state=S ==> next_comm=Binder_5 next_pid=1057 next_prio=120
          <idle>-0     [001] ...2   252.133896: sched_switch: prev_comm=swapper/1 prev_pid=0 prev_prio=120 prev_state=R ==> next_comm=logcat next_pid=799 next_prio=120
           <...>-799   [001] ...2   252.134001: sched_switch: prev_comm=logcat prev_pid=799 prev_prio=120 prev_state=S ==> next_comm=kworker/1:0 next_pid=4542 next_prio=120
           <...>-4542  [001] ...2   252.134017: sched_switch: prev_comm=kworker/1:0 prev_pid=4542 prev_prio=120 prev_state=S ==> next_comm=logcat next_pid=797 next_prio=120
           <...>-797   [001] ...2   252.134115: sched_switch: prev_comm=logcat prev_pid=797 prev_prio=120 prev_state=S ==> next_comm=kworker/1:0 next_pid=4542 next_prio=120
        Binder_5-1057  [000] ...2   252.134118: sched_switch: prev_comm=Binder_5 prev_pid=1057 prev_prio=120 prev_state=R+ ==> next_comm=ActivityManager next_pid=775 next_prio=118
           <...>-4542  [001] ...2   252.134125: sched_switch: prev_comm=kworker/1:0 prev_pid=4542 prev_prio=120 prev_state=S ==> next_comm=logcat next_pid=802 next_prio=120
 ActivityManager-775   [000] ...2   252.134171: sched_switch: prev_comm=ActivityManager prev_pid=775 prev_prio=118 prev_state=S ==> next_comm=LazyTaskWriterT next_pid=851 next_prio=120
          logcat-802   [001] ...2   252.134221: sched_switch: prev_comm=logcat prev_pid=802 prev_prio=120 prev_state=S ==> next_comm=kworker/1:0 next_pid=4542 next_prio=120
 LazyTaskWriterT-851   [000] ...2   252.134222: sched_switch: prev_comm=LazyTaskWriterT prev_pid=851 prev_prio=120 prev_state=S ==> next_comm=Binder_5 next_pid=1057 next_prio=120
           <...>-4542  [001] ...2   252.134232: sched_switch: prev_comm=kworker/1:0 prev_pid=4542 prev_prio=120 prev_state=S ==> next_comm=adbd next_pid=790 next_prio=120
        Binder_5-1057  [000] ...2   252.134249: sched_switch: prev_comm=Binder_5 prev_pid=1057 prev_prio=120 prev_state=R+ ==> next_comm=ActivityManager next_pid=775 next_prio=118
 ActivityManager-775   [000] ...2   252.134267: sched_switch: prev_comm=ActivityManager prev_pid=775 prev_prio=118 prev_state=S ==> next_comm=Binder_5 next_pid=1057 next_prio=120
        Binder_5-1057  [000] ...2   252.134288: sched_switch: prev_comm=Binder_5 prev_pid=1057 prev_prio=120 prev_state=R+ ==> next_comm=ActivityManager next_pid=775 next_prio=118
 ActivityManager-775   [000] ...2   252.134325: sched_switch: prev_comm=ActivityManager prev_pid=775 prev_prio=118 prev_state=S ==> next_comm=Binder_5 next_pid=1057 next_prio=120
            adbd-790   [001] ...2   252.134406: sched_switch: prev_comm=adbd prev_pid=790 prev_prio=120 prev_state=S ==> next_comm=adbd next_pid=792 next_prio=120
            adbd-792   [001] ...2   252.134482: sched_switch: prev_comm=adbd prev_pid=792 prev_prio=120 prev_state=S ==> next_comm=swapper/1 next_pid=0 next_prio=120
          <idle>-0     [001] ...2   252.134601: sched_switch: prev_comm=swapper/1 prev_pid=0 prev_prio=120 prev_state=R ==> next_comm=Binder_3 next_pid=1590 next_prio=120
        Binder_5-1057  [000] ...2   252.134699: sched_switch: prev_comm=Binder_5 prev_pid=1057 prev_prio=120 prev_state=R+ ==> next_comm=Binder_1 next_pid=1144 next_prio=120
        Binder_1-1144  [000] ...2   252.134712: sched_switch: prev_comm=Binder_1 prev_pid=1144 prev_prio=120 prev_state=D ==> next_comm=Binder_5 next_pid=1057 next_prio=120
           <...>-1590  [001] ...2   252.134721: sched_switch: prev_comm=Binder_3 prev_pid=1590 prev_prio=120 prev_state=D ==> next_comm=droid.launcher3 next_pid=1127 next_prio=120
        Binder_5-1057  [000] ...2   252.134726: sched_switch: prev_comm=Binder_5 prev_pid=1057 prev_prio=120 prev_state=R+ ==> next_comm=Binder_1 next_pid=1144 next_prio=120
           <...>-1127  [001] ...2   252.134786: sched_switch: prev_comm=droid.launcher3 prev_pid=1127 prev_prio=120 prev_state=R+ ==> next_comm=Binder_5 next_pid=1437 next_prio=120
           <...>-1437  [001] ...2   252.134794: sched_switch: prev_comm=Binder_5 prev_pid=1437 prev_prio=120 prev_state=D ==> next_comm=Binder_3 next_pid=1590 next_prio=120
           <...>-1590  [001] ...2   252.134800: sched_switch: prev_comm=Binder_3 prev_pid=1590 prev_prio=120 prev_state=D ==> next_comm=droid.launcher3 next_pid=1127 next_prio=120
           <...>-1127  [001] ...2   252.134808: sched_switch: prev_comm=droid.launcher3 prev_pid=1127 prev_prio=120 prev_state=R+ ==> next_comm=Binder_3 next_pid=1590 next_prio=120
           <...>-1590  [001] ...2   252.134819: sched_switch: prev_comm=Binder_3 prev_pid=1590 prev_prio=120 prev_state=S ==> next_comm=Binder_5 next_pid=1437 next_prio=120
           <...>-1437  [001] ...2   252.134868: sched_switch: prev_comm=Binder_5 prev_pid=1437 prev_prio=120 prev_state=S ==> next_comm=adbd next_pid=793 next_prio=120
        Binder_1-1144  [000] ...2   252.134889: sched_switch: prev_comm=Binder_1 prev_pid=1144 prev_prio=120 prev_state=S ==> next_comm=EventThread next_pid=371 next_prio=111
            adbd-793   [001] ...2   252.134901: sched_switch: prev_comm=adbd prev_pid=793 prev_prio=120 prev_state=S ==> next_comm=adbd next_pid=790 next_prio=120
           <...>-371   [000] ...2   252.134922: sched_switch: prev_comm=EventThread prev_pid=371 prev_prio=111 prev_state=S ==> next_comm=Binder_5 next_pid=1057 next_prio=120
            adbd-790   [001] ...2   252.135006: sched_switch: prev_comm=adbd prev_pid=790 prev_prio=120 prev_state=S ==> next_comm=droid.launcher3 next_pid=1127 next_prio=120
           <...>-1127  [001] ...2   252.135023: sched_switch: prev_comm=droid.launcher3 prev_pid=1127 prev_prio=120 prev_state=R ==> next_comm=adbd next_pid=792 next_prio=120
            adbd-792   [001] ...2   252.135051: sched_switch: prev_comm=adbd prev_pid=792 prev_prio=120 prev_state=S ==> next_comm=droid.launcher3 next_pid=1127 next_prio=120
           <...>-1127  [001] ...2   252.135105: sched_switch: prev_comm=droid.launcher3 prev_pid=1127 prev_prio=120 prev_state=S ==> next_comm=RenderThread next_pid=1371 next_prio=116
           <...>-1371  [001] ...2   252.135133: sched_switch: prev_comm=RenderThread prev_pid=1371 prev_prio=116 prev_state=S ==> next_comm=swapper/1 next_pid=0 next_prio=120
          <idle>-0     [001] ...2   252.135151: sched_switch: prev_comm=swapper/1 prev_pid=0 prev_prio=120 prev_state=R ==> next_comm=adbd next_pid=793 next_prio=120
            adbd-793   [001] ...2   252.135180: sched_switch: prev_comm=adbd prev_pid=793 prev_prio=120 prev_state=S ==> next_comm=adbd next_pid=790 next_prio=120
        Binder_5-1057  [000] ...2   252.135187: sched_switch: prev_comm=Binder_5 prev_pid=1057 prev_prio=120 prev_state=R+ ==> next_comm=Binder_2 next_pid=1147 next_prio=120
           <...>-1147  [000] ...2   252.135199: sched_switch: prev_comm=Binder_2 prev_pid=1147 prev_prio=120 prev_state=D ==> next_comm=Binder_5 next_pid=1057 next_prio=120
        Binder_5-1057  [000] ...2   252.135212: sched_switch: prev_comm=Binder_5 prev_pid=1057 prev_prio=120 prev_state=R+ ==> next_comm=Binder_2 next_pid=1147 next_prio=120
            adbd-790   [001] ...2   252.135288: sched_switch: prev_comm=adbd prev_pid=790 prev_prio=120 prev_state=S ==> next_comm=adbd next_pid=792 next_prio=120
            adbd-792   [001] ...2   252.135294: sched_switch: prev_comm=adbd prev_pid=792 prev_prio=120 prev_state=S ==> next_comm=swapper/1 next_pid=0 next_prio=120
           <...>-1147  [000] ...2   252.135324: sched_switch: prev_comm=Binder_2 prev_pid=1147 prev_prio=120 prev_state=S ==> next_comm=Binder_5 next_pid=1057 next_prio=120
          <idle>-0     [001] ...2   252.135390: sched_switch: prev_comm=swapper/1 prev_pid=0 prev_prio=120 prev_state=R ==> next_comm=adbd next_pid=793 next_prio=120
            adbd-793   [001] ...2   252.135417: sched_switch: prev_comm=adbd prev_pid=793 prev_prio=120 prev_state=S ==> next_comm=adbd next_pid=790 next_prio=120
        Binder_5-1057  [000] ...2   252.135476: sched_switch: prev_comm=Binder_5 prev_pid=1057 prev_prio=120 prev_state=R+ ==> next_comm=ActivityManager next_pid=775 next_prio=118
 ActivityManager-775   [000] ...2   252.135524: sched_switch: prev_comm=ActivityManager prev_pid=775 prev_prio=118 prev_state=S ==> next_comm=Binder_5 next_pid=1057 next_prio=120
            adbd-790   [001] ...2   252.135527: sched_switch: prev_comm=adbd prev_pid=790 prev_prio=120 prev_state=S ==> next_comm=adbd next_pid=792 next_prio=120
            adbd-792   [001] ...2   252.135533: sched_switch: prev_comm=adbd prev_pid=792 prev_prio=120 prev_state=S ==> next_comm=swapper/1 next_pid=0 next_prio=120
        Binder_5-1057  [000] ...2   252.135548: sched_switch: prev_comm=Binder_5 prev_pid=1057 prev_prio=120 prev_state=R+ ==> next_comm=ActivityManager next_pid=775 next_prio=118
 ActivityManager-775   [000] ...2   252.135567: sched_switch: prev_comm=ActivityManager prev_pid=775 prev_prio=118 prev_state=S ==> next_comm=Binder_5 next_pid=1057 next_prio=120
        Binder_5-1057  [000] ...2   252.135587: sched_switch: prev_comm=Binder_5 prev_pid=1057 prev_prio=120 prev_state=R+ ==> next_comm=ActivityManager next_pid=775 next_prio=118
 ActivityManager-775   [000] ...2   252.135631: sched_switch: prev_comm=ActivityManager prev_pid=775 prev_prio=118 prev_state=S ==> next_comm=Binder_5 next_pid=1057 next_prio=120
        Binder_5-1057  [000] ...2   252.135975: sched_switch: prev_comm=Binder_5 prev_pid=1057 prev_prio=120 prev_state=R+ ==> next_comm=Binder_2 next_pid=2104 next_prio=120
        Binder_2-2104  [000] ...2   252.135990: sched_switch: prev_comm=Binder_2 prev_pid=2104 prev_prio=120 prev_state=D ==> next_comm=Binder_5 next_pid=1057 next_prio=120
        Binder_5-1057  [000] ...2   252.136004: sched_switch: prev_comm=Binder_5 prev_pid=1057 prev_prio=120 prev_state=R+ ==> next_comm=Binder_2 next_pid=2104 next_prio=120
        Binder_2-2104  [000] ...2   252.136620: sched_switch: prev_comm=Binder_2 prev_pid=2104 prev_prio=120 prev_state=S ==> next_comm=xample.bdbtrace next_pid=2087 next_prio=120
 xample.bdbtrace-2087  [000] ...2   252.137277: sched_switch: prev_comm=xample.bdbtrace prev_pid=2087 prev_prio=120 prev_state=S ==> next_comm=Binder_4 next_pid=909 next_prio=120
           <...>-909   [000] ...2   252.137396: sched_switch: prev_comm=Binder_4 prev_pid=909 prev_prio=120 prev_state=S ==> next_comm=Binder_5 next_pid=1057 next_prio=120
        Binder_5-1057  [000] ...2   252.137471: sched_switch: prev_comm=Binder_5 prev_pid=1057 prev_prio=120 prev_state=R+ ==> next_comm=LazyTaskWriterT next_pid=851 next_prio=120
 LazyTaskWriterT-851   [000] ...2   252.137495: sched_switch: prev_comm=LazyTaskWriterT prev_pid=851 prev_prio=120 prev_state=S ==> next_comm=Binder_5 next_pid=1057 next_prio=120
        Binder_5-1057  [000] ...2   252.137515: sched_switch: prev_comm=Binder_5 prev_pid=1057 prev_prio=120 prev_state=R+ ==> next_comm=LazyTaskWriterT next_pid=851 next_prio=120
 LazyTaskWriterT-851   [000] ...2   252.137536: sched_switch: prev_comm=LazyTaskWriterT prev_pid=851 prev_prio=120 prev_state=S ==> next_comm=Binder_5 next_pid=1057 next_prio=120
        Binder_5-1057  [000] ...2   252.137556: sched_switch: prev_comm=Binder_5 prev_pid=1057 prev_prio=120 prev_state=R+ ==> next_comm=LazyTaskWriterT next_pid=851 next_prio=120
 LazyTaskWriterT-851   [000] ...2   252.137586: sched_switch: prev_comm=LazyTaskWriterT prev_pid=851 prev_prio=120 prev_state=S ==> next_comm=Binder_5 next_pid=1057 next_prio=120
        Binder_5-1057  [000] ...2   252.137608: sched_switch: prev_comm=Binder_5 prev_pid=1057 prev_prio=120 prev_state=R+ ==> next_comm=LazyTaskWriterT next_pid=851 next_prio=120
 LazyTaskWriterT-851   [000] ...2   252.137626: sched_switch: prev_comm=LazyTaskWriterT prev_pid=851 prev_prio=120 prev_state=S ==> next_comm=Binder_5 next_pid=1057 next_prio=120
        Binder_5-1057  [000] ...2   252.137646: sched_switch: prev_comm=Binder_5 prev_pid=1057 prev_prio=120 prev_state=R+ ==> next_comm=LazyTaskWriterT next_pid=851 next_prio=120
 LazyTaskWriterT-851   [000] ...2   252.137691: sched_switch: prev_comm=LazyTaskWriterT prev_pid=851 prev_prio=120 prev_state=S ==> next_comm=Binder_5 next_pid=1057 next_prio=120
        Binder_5-1057  [000] ...2   252.137730: sched_switch: prev_comm=Binder_5 prev_pid=1057 prev_prio=120 prev_state=R+ ==> next_comm=LazyTaskWriterT next_pid=851 next_prio=120
 LazyTaskWriterT-851   [000] ...2   252.137750: sched_switch: prev_comm=LazyTaskWriterT prev_pid=851 prev_prio=120 prev_state=S ==> next_comm=Binder_5 next_pid=1057 next_prio=120
        Binder_5-1057  [000] ...2   252.137770: sched_switch: prev_comm=Binder_5 prev_pid=1057 prev_prio=120 prev_state=R+ ==> next_comm=LazyTaskWriterT next_pid=851 next_prio=120
 LazyTaskWriterT-851   [000] ...2   252.137790: sched_switch: prev_comm=LazyTaskWriterT prev_pid=851 prev_prio=120 prev_state=S ==> next_comm=Binder_5 next_pid=1057 next_prio=120
        Binder_5-1057  [000] ...2   252.137810: sched_switch: prev_comm=Binder_5 prev_pid=1057 prev_prio=120 prev_state=R+ ==> next_comm=LazyTaskWriterT next_pid=851 next_prio=120
 LazyTaskWriterT-851   [000] ...2   252.137839: sched_switch: prev_comm=LazyTaskWriterT prev_pid=851 prev_prio=120 prev_state=S ==> next_comm=Binder_5 next_pid=1057 next_prio=120
        Binder_5-1057  [000] ...2   252.137861: sched_switch: prev_comm=Binder_5 prev_pid=1057 prev_prio=120 prev_state=R+ ==> next_comm=LazyTaskWriterT next_pid=851 next_prio=120
 LazyTaskWriterT-851   [000] ...2   252.137881: sched_switch: prev_comm=LazyTaskWriterT prev_pid=851 prev_prio=120 prev_state=S ==> next_comm=Binder_5 next_pid=1057 next_prio=120
        Binder_5-1057  [000] ...2   252.137902: sched_switch: prev_comm=Binder_5 prev_pid=1057 prev_prio=120 prev_state=R+ ==> next_comm=LazyTaskWriterT next_pid=851 next_prio=120
 LazyTaskWriterT-851   [000] ...2   252.137944: sched_switch: prev_comm=LazyTaskWriterT prev_pid=851 prev_prio=120 prev_state=S ==> next_comm=Binder_5 next_pid=1057 next_prio=120
        Binder_5-1057  [000] ...2   252.138253: sched_switch: prev_comm=Binder_5 prev_pid=1057 prev_prio=120 prev_state=R+ ==> next_comm=Binder_4 next_pid=1291 next_prio=120
           <...>-1291  [000] ...2   252.138266: sched_switch: prev_comm=Binder_4 prev_pid=1291 prev_prio=120 prev_state=D ==> next_comm=android.bg next_pid=774 next_prio=130
           <...>-774   [000] ...2   252.138363: sched_switch: prev_comm=android.bg prev_pid=774 prev_prio=130 prev_state=S ==> next_comm=Binder_5 next_pid=1057 next_prio=120
        Binder_5-1057  [000] ...2   252.138376: sched_switch: prev_comm=Binder_5 prev_pid=1057 prev_prio=120 prev_state=R+ ==> next_comm=Binder_4 next_pid=1291 next_prio=120
          <idle>-0     [001] ...2   252.138487: sched_switch: prev_comm=swapper/1 prev_pid=0 prev_prio=120 prev_state=R ==> next_comm=kworker/1:0H next_pid=4543 next_prio=100
           <...>-1291  [000] ...2   252.138488: sched_switch: prev_comm=Binder_4 prev_pid=1291 prev_prio=120 prev_state=R ==> next_comm=kworker/0:1H next_pid=17 next_prio=100
           <...>-4543  [001] ...2   252.138506: sched_switch: prev_comm=kworker/1:0H prev_pid=4543 prev_prio=100 prev_state=S ==> next_comm=ksoftirqd/1 next_pid=4544 next_prio=120
    kworker/0:1H-17    [000] ...2   252.138508: sched_switch: prev_comm=kworker/0:1H prev_pid=17 prev_prio=100 prev_state=S ==> next_comm=kworker/0:1 next_pid=15 next_prio=120
           <...>-4544  [001] ...2   252.138520: sched_switch: prev_comm=ksoftirqd/1 prev_pid=4544 prev_prio=120 prev_state=S ==> next_comm=swapper/1 next_pid=0 next_prio=120
     kworker/0:1-15    [000] ...2   252.138526: sched_switch: prev_comm=kworker/0:1 prev_pid=15 prev_prio=120 prev_state=S ==> next_comm=Binder_4 next_pid=1291 next_prio=120
          <idle>-0     [001] ...2   252.138538: sched_switch: prev_comm=swapper/1 prev_pid=0 prev_prio=120 prev_state=R ==> next_comm=ksoftirqd/1 next_pid=4544 next_prio=120
           <...>-4544  [001] ...2   252.138548: sched_switch: prev_comm=ksoftirqd/1 prev_pid=4544 prev_prio=120 prev_state=S ==> next_comm=swapper/1 next_pid=0 next_prio=120
          <idle>-0     [001] ...2   252.138560: sched_switch: prev_comm=swapper/1 prev_pid=0 prev_prio=120 prev_state=R ==> next_comm=ksoftirqd/1 next_pid=4544 next_prio=120
           <...>-4544  [001] ...2   252.138569: sched_switch: prev_comm=ksoftirqd/1 prev_pid=4544 prev_prio=120 prev_state=S ==> next_comm=swapper/1 next_pid=0 next_prio=120
           <...>-1291  [000] ...2   252.138589: sched_switch: prev_comm=Binder_4 prev_pid=1291 prev_prio=120 prev_state=S ==> next_comm=Binder_5 next_pid=1057 next_prio=120
          <idle>-0     [001] ...2   252.139062: sched_switch: prev_comm=swapper/1 prev_pid=0 prev_prio=120 prev_state=R ==> next_comm=logcat next_pid=799 next_prio=120
        Binder_5-1057  [000] ...2   252.139064: sched_switch: prev_comm=Binder_5 prev_pid=1057 prev_prio=120 prev_state=R+ ==> next_comm=InputDispatcher next_pid=812 next_prio=112
           <...>-799   [001] ...2   252.139082: sched_switch: prev_comm=logcat prev_pid=799 prev_prio=120 prev_state=S ==> next_comm=swapper/1 next_pid=0 next_prio=120
           <...>-812   [000] ...2   252.139107: sched_switch: prev_comm=InputDispatcher prev_pid=812 prev_prio=112 prev_state=S ==> next_comm=Binder_5 next_pid=1057 next_prio=120
          <idle>-0     [001] ...2   252.139172: sched_switch: prev_comm=swapper/1 prev_pid=0 prev_prio=120 prev_state=R ==> next_comm=logcat next_pid=797 next_prio=120
           <...>-797   [001] ...2   252.139190: sched_switch: prev_comm=logcat prev_pid=797 prev_prio=120 prev_state=S ==> next_comm=swapper/1 next_pid=0 next_prio=120
          <idle>-0     [001] ...2   252.139237: sched_switch: prev_comm=swapper/1 prev_pid=0 prev_prio=120 prev_state=R ==> next_comm=Binder_3 next_pid=786 next_prio=120
        Binder_5-1057  [000] ...2   252.139248: sched_switch: prev_comm=Binder_5 prev_pid=1057 prev_prio=120 prev_state=D ==> next_comm=swapper/0 next_pid=0 next_prio=120
          <idle>-0     [000] ...2   252.139256: sched_switch: prev_comm=swapper/0 prev_pid=0 prev_prio=120 prev_state=R ==> next_comm=Binder_5 next_pid=1057 next_prio=120
        Binder_5-1057  [000] ...2   252.139266: sched_switch: prev_comm=Binder_5 prev_pid=1057 prev_prio=120 prev_state=S ==> next_comm=swapper/0 next_pid=0 next_prio=120
          <idle>-0     [000] ...2   252.139294: sched_switch: prev_comm=swapper/0 prev_pid=0 prev_prio=120 prev_state=R ==> next_comm=ksoftirqd/0 next_pid=3 next_prio=120
     ksoftirqd/0-3     [000] ...2   252.139307: sched_switch: prev_comm=ksoftirqd/0 prev_pid=3 prev_prio=120 prev_state=S ==> next_comm=swapper/0 next_pid=0 next_prio=120
          <idle>-0     [000] ...2   252.139333: sched_switch: prev_comm=swapper/0 prev_pid=0 prev_prio=120 prev_state=R ==> next_comm=ksoftirqd/0 next_pid=3 next_prio=120
           <...>-786   [001] ...2   252.139339: sched_switch: prev_comm=Binder_3 prev_pid=786 prev_prio=120 prev_state=S ==> next_comm=logcat next_pid=802 next_prio=120
     ksoftirqd/0-3     [000] ...2   252.139344: sched_switch: prev_comm=ksoftirqd/0 prev_pid=3 prev_prio=120 prev_state=S ==> next_comm=Binder_5 next_pid=1057 next_prio=120
          logcat-802   [001] ...2   252.139357: sched_switch: prev_comm=logcat prev_pid=802 prev_prio=120 prev_state=S ==> next_comm=swapper/1 next_pid=0 next_prio=120
          <idle>-0     [001] ...2   252.139414: sched_switch: prev_comm=swapper/1 prev_pid=0 prev_prio=120 prev_state=R ==> next_comm=android.display next_pid=780 next_prio=116
           <...>-780   [001] ...2   252.139450: sched_switch: prev_comm=android.display prev_pid=780 prev_prio=116 prev_state=S ==> next_comm=swapper/1 next_pid=0 next_prio=120
        Binder_5-1057  [000] ...2   252.139616: sched_switch: prev_comm=Binder_5 prev_pid=1057 prev_prio=120 prev_state=R+ ==> next_comm=Binder_2 next_pid=270 next_prio=120
           <...>-270   [000] ...2   252.139628: sched_switch: prev_comm=Binder_2 prev_pid=270 prev_prio=120 prev_state=D ==> next_comm=Binder_5 next_pid=1057 next_prio=120
        Binder_5-1057  [000] ...2   252.139642: sched_switch: prev_comm=Binder_5 prev_pid=1057 prev_prio=120 prev_state=R+ ==> next_comm=Binder_2 next_pid=270 next_prio=120
           <...>-270   [000] ...2   252.139741: sched_switch: prev_comm=Binder_2 prev_pid=270 prev_prio=120 prev_state=S ==> next_comm=Binder_5 next_pid=1057 next_prio=120
        Binder_5-1057  [000] ...2   252.140120: sched_switch: prev_comm=Binder_5 prev_pid=1057 prev_prio=120 prev_state=R+ ==> next_comm=InputDispatcher next_pid=812 next_prio=112
           <...>-812   [000] ...2   252.140158: sched_switch: prev_comm=InputDispatcher prev_pid=812 prev_prio=112 prev_state=S ==> next_comm=Binder_5 next_pid=1057 next_prio=120
          <idle>-0     [001] ...2   252.140277: sched_switch: prev_comm=swapper/1 prev_pid=0 prev_prio=120 prev_state=R ==> next_comm=Binder_1 next_pid=268 next_prio=120
        Binder_5-1057  [000] ...2   252.140295: sched_switch: prev_comm=Binder_5 prev_pid=1057 prev_prio=120 prev_state=S ==> next_comm=swapper/0 next_pid=0 next_prio=120
          <idle>-0     [000] ...2   252.140319: sched_switch: prev_comm=swapper/0 prev_pid=0 prev_prio=120 prev_state=R ==> next_comm=ksoftirqd/0 next_pid=3 next_prio=120
     ksoftirqd/0-3     [000] ...2   252.140330: sched_switch: prev_comm=ksoftirqd/0 prev_pid=3 prev_prio=120 prev_state=S ==> next_comm=swapper/0 next_pid=0 next_prio=120
          <idle>-0     [000] ...2   252.140351: sched_switch: prev_comm=swapper/0 prev_pid=0 prev_prio=120 prev_state=R ==> next_comm=Binder_5 next_pid=1057 next_prio=120
           <...>-268   [001] ...2   252.140361: sched_switch: prev_comm=Binder_1 prev_pid=268 prev_prio=120 prev_state=D ==> next_comm=swapper/1 next_pid=0 next_prio=120
          <idle>-0     [001] ...2   252.140369: sched_switch: prev_comm=swapper/1 prev_pid=0 prev_prio=120 prev_state=R ==> next_comm=Binder_1 next_pid=268 next_prio=120
           <...>-268   [001] ...2   252.140377: sched_switch: prev_comm=Binder_1 prev_pid=268 prev_prio=120 prev_state=S ==> next_comm=swapper/1 next_pid=0 next_prio=120
        Binder_5-1057  [000] ...2   252.140732: sched_switch: prev_comm=Binder_5 prev_pid=1057 prev_prio=120 prev_state=R+ ==> next_comm=Binder_1 next_pid=2103 next_prio=120
        Binder_1-2103  [000] ...2   252.140745: sched_switch: prev_comm=Binder_1 prev_pid=2103 prev_prio=120 prev_state=D ==> next_comm=Binder_5 next_pid=1057 next_prio=120
        Binder_5-1057  [000] ...2   252.140760: sched_switch: prev_comm=Binder_5 prev_pid=1057 prev_prio=120 prev_state=R+ ==> next_comm=Binder_1 next_pid=2103 next_prio=120
        Binder_1-2103  [000] ...2   252.140939: sched_switch: prev_comm=Binder_1 prev_pid=2103 prev_prio=120 prev_state=S ==> next_comm=Binder_5 next_pid=1057 next_prio=120
        Binder_5-1057  [000] ...2   252.141104: sched_switch: prev_comm=Binder_5 prev_pid=1057 prev_prio=120 prev_state=R+ ==> next_comm=InputDispatcher next_pid=812 next_prio=112
           <...>-812   [000] ...2   252.141143: sched_switch: prev_comm=InputDispatcher prev_pid=812 prev_prio=112 prev_state=S ==> next_comm=Binder_5 next_pid=1057 next_prio=120
        Binder_5-1057  [000] ...2   252.141226: sched_switch: prev_comm=Binder_5 prev_pid=1057 prev_prio=120 prev_state=R+ ==> next_comm=ActivityManager next_pid=775 next_prio=118
 ActivityManager-775   [000] ...2   252.141248: sched_switch: prev_comm=ActivityManager prev_pid=775 prev_prio=118 prev_state=S ==> next_comm=Binder_5 next_pid=1057 next_prio=120
        Binder_5-1057  [000] ...2   252.141269: sched_switch: prev_comm=Binder_5 prev_pid=1057 prev_prio=120 prev_state=R+ ==> next_comm=ActivityManager next_pid=775 next_prio=118
 ActivityManager-775   [000] ...2   252.141388: sched_switch: prev_comm=ActivityManager prev_pid=775 prev_prio=118 prev_state=S ==> next_comm=Binder_4 next_pid=909 next_prio=120
           <...>-909   [000] ...2   252.141494: sched_switch: prev_comm=Binder_4 prev_pid=909 prev_prio=120 prev_state=S ==> next_comm=xample.bdbtrace next_pid=2087 next_prio=120
 xample.bdbtrace-2087  [000] d..2   252.142896: block_rq_insert: 179,0 R 0 () 851896 + 32 [xample.bdbtrace]
 xample.bdbtrace-2087  [000] ...2   252.142928: sched_switch: prev_comm=xample.bdbtrace prev_pid=2087 prev_prio=120 prev_state=D|W ==> next_comm=Binder_3 next_pid=899 next_prio=120
           <...>-899   [000] ...2   252.143068: sched_switch: prev_comm=Binder_3 prev_pid=899 prev_prio=120 prev_state=S ==> next_comm=mmcqd/1 next_pid=117 next_prio=120
         mmcqd/1-117   [000] ...2   252.143160: sched_switch: prev_comm=mmcqd/1 prev_pid=117 prev_prio=120 prev_state=S ==> next_comm=Binder_5 next_pid=1057 next_prio=120
          <idle>-0     [001] ...2   252.143223: sched_switch: prev_comm=swapper/1 prev_pid=0 prev_prio=120 prev_state=R ==> next_comm=main next_pid=4555 next_prio=120
        Binder_5-1057  [000] ...2   252.143256: sched_switch: prev_comm=Binder_5 prev_pid=1057 prev_prio=120 prev_state=S ==> next_comm=android.bg next_pid=774 next_prio=130
           <...>-774   [000] ...2   252.143295: sched_switch: prev_comm=android.bg prev_pid=774 prev_prio=130 prev_state=R+ ==> next_comm=kworker/u:3 next_pid=113 next_prio=120
           <...>-4555  [001] ...2   252.143320: sched_switch: prev_comm=main prev_pid=4555 prev_prio=120 prev_state=R+ ==> next_comm=logcat next_pid=802 next_prio=120
     kworker/u:3-113   [000] ...2   252.143326: sched_switch: prev_comm=kworker/u:3 prev_pid=113 prev_prio=120 prev_state=S ==> next_comm=Binder_2 next_pid=4571 next_prio=120
          logcat-802   [001] ...2   252.143434: sched_switch: prev_comm=logcat prev_pid=802 prev_prio=120 prev_state=S ==> next_comm=kworker/1:0 next_pid=4542 next_prio=120
           <...>-4542  [001] ...2   252.143450: sched_switch: prev_comm=kworker/1:0 prev_pid=4542 prev_prio=120 prev_state=S ==> next_comm=logcat next_pid=799 next_prio=120
           <...>-799   [001] ...2   252.143544: sched_switch: prev_comm=logcat prev_pid=799 prev_prio=120 prev_state=S ==> next_comm=kworker/1:0 next_pid=4542 next_prio=120
           <...>-4542  [001] ...2   252.143554: sched_switch: prev_comm=kworker/1:0 prev_pid=4542 prev_prio=120 prev_state=S ==> next_comm=logcat next_pid=797 next_prio=120
           <...>-797   [001] ...2   252.143645: sched_switch: prev_comm=logcat prev_pid=797 prev_prio=120 prev_state=S ==> next_comm=kworker/1:0 next_pid=4542 next_prio=120
           <...>-4542  [001] ...2   252.143656: sched_switch: prev_comm=kworker/1:0 prev_pid=4542 prev_prio=120 prev_state=S ==> next_comm=adbd next_pid=790 next_prio=120
           <...>-4571  [000] ...3   252.143711: sched_switch: prev_comm=Binder_2 prev_pid=4571 prev_prio=120 prev_state=x ==> next_comm=mmcqd/1 next_pid=117 next_prio=120
         mmcqd/1-117   [000] ...1   252.143738: block_rq_complete: 179,0 RA () 851896 + 32 [0]
         mmcqd/1-117   [000] ...2   252.143772: sched_switch: prev_comm=mmcqd/1 prev_pid=117 prev_prio=120 prev_state=R+ ==> next_comm=kworker/0:1H next_pid=17 next_prio=100
    kworker/0:1H-17    [000] ...2   252.143784: sched_switch: prev_comm=kworker/0:1H prev_pid=17 prev_prio=100 prev_state=S ==> next_comm=xample.bdbtrace next_pid=2087 next_prio=120
            adbd-790   [001] ...2   252.143863: sched_switch: prev_comm=adbd prev_pid=790 prev_prio=120 prev_state=S ==> next_comm=adbd next_pid=792 next_prio=120
            adbd-792   [001] ...2   252.143946: sched_switch: prev_comm=adbd prev_pid=792 prev_prio=120 prev_state=S ==> next_comm=Binder_1 next_pid=4570 next_prio=120
           <...>-4570  [001] ...3   252.144118: sched_switch: prev_comm=Binder_1 prev_pid=4570 prev_prio=120 prev_state=x ==> next_comm=main next_pid=4555 next_prio=120
           <...>-4555  [001] d..2   252.144211: block_rq_insert: 179,0 R 0 () 1181984 + 8 [main]
           <...>-4555  [001] d..2   252.144216: block_rq_insert: 179,0 R 0 () 1182000 + 40 [main]
           <...>-4555  [001] d..2   252.144218: block_rq_insert: 179,0 R 0 () 1182048 + 24 [main]
           <...>-4555  [001] ...2   252.144236: sched_switch: prev_comm=main prev_pid=4555 prev_prio=120 prev_state=D|W ==> next_comm=swapper/1 next_pid=0 next_prio=120
          <idle>-0     [001] ...2   252.144403: sched_switch: prev_comm=swapper/1 prev_pid=0 prev_prio=120 prev_state=R ==> next_comm=adbd next_pid=793 next_prio=120
            adbd-793   [001] ...2   252.144437: sched_switch: prev_comm=adbd prev_pid=793 prev_prio=120 prev_state=S ==> next_comm=adbd next_pid=790 next_prio=120
            adbd-790   [001] ...2   252.144539: sched_switch: prev_comm=adbd prev_pid=790 prev_prio=120 prev_state=S ==> next_comm=adbd next_pid=792 next_prio=120
            adbd-792   [001] ...2   252.144571: sched_switch: prev_comm=adbd prev_pid=792 prev_prio=120 prev_state=S ==> next_comm=swapper/1 next_pid=0 next_prio=120
          <idle>-0     [001] ...2   252.144663: sched_switch: prev_comm=swapper/1 prev_pid=0 prev_prio=120 prev_state=R ==> next_comm=adbd next_pid=793 next_prio=120
            adbd-793   [001] ...2   252.144693: sched_switch: prev_comm=adbd prev_pid=793 prev_prio=120 prev_state=S ==> next_comm=adbd next_pid=790 next_prio=120
            adbd-790   [001] ...2   252.144797: sched_switch: prev_comm=adbd prev_pid=790 prev_prio=120 prev_state=S ==> next_comm=adbd next_pid=792 next_prio=120
            adbd-792   [001] ...2   252.144808: sched_switch: prev_comm=adbd prev_pid=792 prev_prio=120 prev_state=S ==> next_comm=swapper/1 next_pid=0 next_prio=120
          <idle>-0     [001] ...2   252.144854: sched_switch: prev_comm=swapper/1 prev_pid=0 prev_prio=120 prev_state=R ==> next_comm=adbd next_pid=793 next_prio=120
            adbd-793   [001] ...2   252.144882: sched_switch: prev_comm=adbd prev_pid=793 prev_prio=120 prev_state=S ==> next_comm=adbd next_pid=790 next_prio=120
            adbd-790   [001] ...2   252.144989: sched_switch: prev_comm=adbd prev_pid=790 prev_prio=120 prev_state=S ==> next_comm=adbd next_pid=792 next_prio=120
            adbd-792   [001] ...2   252.144999: sched_switch: prev_comm=adbd prev_pid=792 prev_prio=120 prev_state=S ==> next_comm=swapper/1 next_pid=0 next_prio=120
 xample.bdbtrace-2087  [000] d..2   252.145447: block_rq_insert: 179,0 R 0 () 852120 + 8 [xample.bdbtrace]
 xample.bdbtrace-2087  [000] ...2   252.145465: sched_switch: prev_comm=xample.bdbtrace prev_pid=2087 prev_prio=120 prev_state=D|W ==> next_comm=mmcqd/1 next_pid=117 next_prio=120
         mmcqd/1-117   [000] ...2   252.145570: sched_switch: prev_comm=mmcqd/1 prev_pid=117 prev_prio=120 prev_state=S ==> next_comm=android.bg next_pid=774 next_prio=130
           <...>-774   [000] ...2   252.145659: sched_switch: prev_comm=android.bg prev_pid=774 prev_prio=130 prev_state=S ==> next_comm=swapper/0 next_pid=0 next_prio=120
          <idle>-0     [000] ...2   252.145790: sched_switch: prev_comm=swapper/0 prev_pid=0 prev_prio=120 prev_state=R ==> next_comm=mmcqd/1 next_pid=117 next_prio=120
         mmcqd/1-117   [000] ...1   252.145831: block_rq_complete: 179,0 RA () 1181984 + 8 [0]
         mmcqd/1-117   [000] ...2   252.145872: sched_switch: prev_comm=mmcqd/1 prev_pid=117 prev_prio=120 prev_state=S ==> next_comm=swapper/0 next_pid=0 next_prio=120
          <idle>-0     [000] ...2   252.146258: sched_switch: prev_comm=swapper/0 prev_pid=0 prev_prio=120 prev_state=R ==> next_comm=mmcqd/1 next_pid=117 next_prio=120
         mmcqd/1-117   [000] ...1   252.146307: block_rq_complete: 179,0 RA () 1182000 + 40 [0]
          <idle>-0     [001] ...2   252.146326: sched_switch: prev_comm=swapper/1 prev_pid=0 prev_prio=120 prev_state=R ==> next_comm=main next_pid=4555 next_prio=120
         mmcqd/1-117   [000] ...2   252.146351: sched_switch: prev_comm=mmcqd/1 prev_pid=117 prev_prio=120 prev_state=S ==> next_comm=swapper/0 next_pid=0 next_prio=120
          <idle>-0     [000] ...2   252.146378: sched_switch: prev_comm=swapper/0 prev_pid=0 prev_prio=120 prev_state=R ==> next_comm=Heap thread poo next_pid=4562 next_prio=120
           <...>-4555  [001] ...2   252.146381: sched_switch: prev_comm=main prev_pid=4555 prev_prio=120 prev_state=S ==> next_comm=swapper/1 next_pid=0 next_prio=120
           <...>-4562  [000] ...3   252.146564: sched_switch: prev_comm=Heap thread poo prev_pid=4562 prev_prio=120 prev_state=x ==> next_comm=Heap thread poo next_pid=4560 next_prio=120
          <idle>-0     [001] ...2   252.146593: sched_switch: prev_comm=swapper/1 prev_pid=0 prev_prio=120 prev_state=R ==> next_comm=Heap thread poo next_pid=4561 next_prio=120
           <...>-4561  [001] ...2   252.146648: sched_switch: prev_comm=Heap thread poo prev_pid=4561 prev_prio=120 prev_state=S ==> next_comm=swapper/1 next_pid=0 next_prio=120
          <idle>-0     [001] ...2   252.146698: sched_switch: prev_comm=swapper/1 prev_pid=0 prev_prio=120 prev_state=R ==> next_comm=Heap thread poo next_pid=4561 next_prio=120
           <...>-4561  [001] ...3   252.146766: sched_switch: prev_comm=Heap thread poo prev_pid=4561 prev_prio=120 prev_state=x ==> next_comm=swapper/1 next_pid=0 next_prio=120
          <idle>-0     [001] ...2   252.146784: sched_switch: prev_comm=swapper/1 prev_pid=0 prev_prio=120 prev_state=R ==> next_comm=main next_pid=4555 next_prio=120
           <...>-4560  [000] ...3   252.146808: sched_switch: prev_comm=Heap thread poo prev_pid=4560 prev_prio=120 prev_state=x ==> next_comm=mmcqd/1 next_pid=117 next_prio=120
         mmcqd/1-117   [000] ...1   252.146856: block_rq_complete: 179,0 RA () 1182048 + 24 [0]
         mmcqd/1-117   [000] ...2   252.146876: sched_switch: prev_comm=mmcqd/1 prev_pid=117 prev_prio=120 prev_state=S ==> next_comm=swapper/0 next_pid=0 next_prio=120
           <...>-4555  [001] ...2   252.146898: sched_switch: prev_comm=main prev_pid=4555 prev_prio=120 prev_state=R+ ==> next_comm=adbd next_pid=790 next_prio=120
            adbd-790   [001] ...2   252.147049: sched_switch: prev_comm=adbd prev_pid=790 prev_prio=120 prev_state=S ==> next_comm=adbd next_pid=792 next_prio=120
            adbd-792   [001] ...2   252.147087: sched_switch: prev_comm=adbd prev_pid=792 prev_prio=120 prev_state=S ==> next_comm=main next_pid=4555 next_prio=120
          <idle>-0     [000] ...2   252.147096: sched_switch: prev_comm=swapper/0 prev_pid=0 prev_prio=120 prev_state=R ==> next_comm=mmcqd/1 next_pid=117 next_prio=120
           <...>-4555  [001] ...2   252.147104: sched_switch: prev_comm=main prev_pid=4555 prev_prio=120 prev_state=R+ ==> next_comm=JDWP next_pid=4564 next_prio=120
         mmcqd/1-117   [000] ...1   252.147112: block_rq_complete: 179,0 RA () 852120 + 8 [0]
           <...>-4564  [001] ...2   252.147119: sched_switch: prev_comm=JDWP prev_pid=4564 prev_prio=120 prev_state=S ==> next_comm=main next_pid=4555 next_prio=120
           <...>-4555  [001] ...2   252.147129: sched_switch: prev_comm=main prev_pid=4555 prev_prio=120 prev_state=R+ ==> next_comm=adbd next_pid=790 next_prio=120
         mmcqd/1-117   [000] ...2   252.147140: sched_switch: prev_comm=mmcqd/1 prev_pid=117 prev_prio=120 prev_state=R+ ==> next_comm=kworker/0:1H next_pid=17 next_prio=100
    kworker/0:1H-17    [000] ...2   252.147152: sched_switch: prev_comm=kworker/0:1H prev_pid=17 prev_prio=100 prev_state=S ==> next_comm=xample.bdbtrace next_pid=2087 next_prio=120
            adbd-790   [001] ...2   252.147279: sched_switch: prev_comm=adbd prev_pid=790 prev_prio=120 prev_state=S ==> next_comm=adbd next_pid=792 next_prio=120
            adbd-792   [001] ...2   252.147309: sched_switch: prev_comm=adbd prev_pid=792 prev_prio=120 prev_state=S ==> next_comm=main next_pid=4555 next_prio=120
           <...>-4555  [001] ...2   252.147330: sched_switch: prev_comm=main prev_pid=4555 prev_prio=120 prev_state=R+ ==> next_comm=JDWP next_pid=4564 next_prio=120
           <...>-4564  [001] ...3   252.147624: sched_switch: prev_comm=JDWP prev_pid=4564 prev_prio=120 prev_state=x ==> next_comm=logcat next_pid=797 next_prio=120
           <...>-797   [001] ...2   252.147718: sched_switch: prev_comm=logcat prev_pid=797 prev_prio=120 prev_state=S ==> next_comm=logcat next_pid=799 next_prio=120
           <...>-799   [001] ...2   252.147802: sched_switch: prev_comm=logcat prev_pid=799 prev_prio=120 prev_state=S ==> next_comm=kworker/1:0 next_pid=4542 next_prio=120
           <...>-4542  [001] ...2   252.147821: sched_switch: prev_comm=kworker/1:0 prev_pid=4542 prev_prio=120 prev_state=S ==> next_comm=logcat next_pid=802 next_prio=120
          logcat-802   [001] ...2   252.147911: sched_switch: prev_comm=logcat prev_pid=802 prev_prio=120 prev_state=S ==> next_comm=kworker/1:0 next_pid=4542 next_prio=120
           <...>-4542  [001] ...2   252.147921: sched_switch: prev_comm=kworker/1:0 prev_pid=4542 prev_prio=120 prev_state=S ==> next_comm=adbd next_pid=790 next_prio=120
            adbd-790   [001] ...2   252.148103: sched_switch: prev_comm=adbd prev_pid=790 prev_prio=120 prev_state=S ==> next_comm=adbd next_pid=792 next_prio=120
            adbd-792   [001] ...2   252.148173: sched_switch: prev_comm=adbd prev_pid=792 prev_prio=120 prev_state=S ==> next_comm=main next_pid=4555 next_prio=120
           <...>-4555  [001] ...2   252.148220: sched_switch: prev_comm=main prev_pid=4555 prev_prio=120 prev_state=R+ ==> next_comm=Signal Catcher next_pid=4563 next_prio=120
           <...>-4563  [001] ...3   252.148357: sched_switch: prev_comm=Signal Catcher prev_pid=4563 prev_prio=120 prev_state=x ==> next_comm=main next_pid=4555 next_prio=120
           <...>-4555  [001] ...2   252.148387: sched_switch: prev_comm=main prev_pid=4555 prev_prio=120 prev_state=S ==> next_comm=adbd next_pid=793 next_prio=120
            adbd-793   [001] ...2   252.148422: sched_switch: prev_comm=adbd prev_pid=793 prev_prio=120 prev_state=S ==> next_comm=adbd next_pid=790 next_prio=120
            adbd-790   [001] ...2   252.148482: sched_switch: prev_comm=adbd prev_pid=790 prev_prio=120 prev_state=R+ ==> next_comm=adbd next_pid=793 next_prio=120
            adbd-793   [001] ...2   252.148505: sched_switch: prev_comm=adbd prev_pid=793 prev_prio=120 prev_state=S ==> next_comm=adbd next_pid=790 next_prio=120
