          <idle>-0     [000] ...2   251.818505: sched_switch: prev_comm=swapper/0 prev_pid=0 prev_prio=120 prev_state=R ==> next_comm=ksoftirqd/0 next_pid=3 next_prio=120
     ksoftirqd/0-3     [000] ...2   251.818513: sched_switch: prev_comm=ksoftirqd/0 prev_pid=3 prev_prio=120 prev_state=S ==> next_comm=swapper/0 next_pid=0 next_prio=120
          <idle>-0     [000] ...2   251.818524: sched_switch: prev_comm=swapper/0 prev_pid=0 prev_prio=120 prev_state=R ==> next_comm=ksoftirqd/0 next_pid=3 next_prio=120
     ksoftirqd/0-3     [000] ...2   251.818532: sched_switch: prev_comm=ksoftirqd/0 prev_pid=3 prev_prio=120 prev_state=S ==> next_comm=swapper/0 next_pid=0 next_prio=120
          <idle>-0     [000] ...2   251.820135: sched_switch: prev_comm=swapper/0 prev_pid=0 prev_prio=120 prev_state=R ==> next_comm=adbd next_pid=793 next_prio=120
            adbd-793   [000] ...2   251.820156: sched_switch: prev_comm=adbd prev_pid=793 prev_prio=120 prev_state=S ==> next_comm=swapper/0 next_pid=0 next_prio=120
          <idle>-0     [000] ...2   251.820297: sched_switch: prev_comm=swapper/0 prev_pid=0 prev_prio=120 prev_state=R ==> next_comm=adbd next_pid=793 next_prio=120
            adbd-793   [000] ...2   251.820352: sched_switch: prev_comm=adbd prev_pid=793 prev_prio=120 prev_state=S ==> next_comm=adbd next_pid=790 next_prio=120
            adbd-790   [000] ...2   251.820557: sched_switch: prev_comm=adbd prev_pid=790 prev_prio=120 prev_state=S ==> next_comm=adbd next_pid=792 next_prio=120
            adbd-792   [000] ...2   251.820630: sched_switch: prev_comm=adbd prev_pid=792 prev_prio=120 prev_state=S ==> next_comm=JDWP next_pid=2097 next_prio=120
            JDWP-2097  [000] ...2   251.821460: sched_switch: prev_comm=JDWP prev_pid=2097 prev_prio=120 prev_state=S ==> next_comm=adbd next_pid=790 next_prio=120
            adbd-790   [000] ...2   251.821610: sched_switch: prev_comm=adbd prev_pid=790 prev_prio=120 prev_state=S ==> next_comm=adbd next_pid=792 next_prio=120
            adbd-792   [000] ...2   251.821667: sched_switch: prev_comm=adbd prev_pid=792 prev_prio=120 prev_state=S ==> next_comm=swapper/0 next_pid=0 next_prio=120
          <idle>-0     [000] ...2   251.821990: sched_switch: prev_comm=swapper/0 prev_pid=0 prev_prio=120 prev_state=R ==> next_comm=adbd next_pid=793 next_prio=120
            adbd-793   [000] ...2   251.822024: sched_switch: prev_comm=adbd prev_pid=793 prev_prio=120 prev_state=S ==> next_comm=adbd next_pid=790 next_prio=120
            adbd-790   [000] ...2   251.822152: sched_switch: prev_comm=adbd prev_pid=790 prev_prio=120 prev_state=S ==> next_comm=adbd next_pid=792 next_prio=120
            adbd-792   [000] ...2   251.822161: sched_switch: prev_comm=adbd prev_pid=792 prev_prio=120 prev_state=S ==> next_comm=swapper/0 next_pid=0 next_prio=120
           <...>-4555  [001] d..2   251.825867: block_rq_insert: 179,0 R 0 () 1196112 + 24 [app_process]
           <...>-4555  [001] d..2   251.825873: block_rq_insert: 179,0 R 0 () 1196144 + 16 [app_process]
           <...>-4555  [001] d..2   251.825875: block_rq_insert: 179,0 R 0 () 1196168 + 40 [app_process]
           <...>-4555  [001] d..2   251.825877: block_rq_insert: 179,0 R 0 () 1196216 + 8 [app_process]
           <...>-4555  [001] d..2   251.825878: block_rq_insert: 179,0 R 0 () 1196240 + 32 [app_process]
           <...>-4555  [001] ...2   251.825897: sched_switch: prev_comm=app_process prev_pid=4555 prev_prio=120 prev_state=D|W ==> next_comm=swapper/1 next_pid=0 next_prio=120
          <idle>-0     [000] ...2   251.825898: sched_switch: prev_comm=swapper/0 prev_pid=0 prev_prio=120 prev_state=R ==> next_comm=mmcqd/1 next_pid=117 next_prio=120
         mmcqd/1-117   [000] ...2   251.825980: sched_switch: prev_comm=mmcqd/1 prev_pid=117 prev_prio=120 prev_state=S ==> next_comm=swapper/0 next_pid=0 next_prio=120
          <idle>-0     [000] ...2   251.826472: sched_switch: prev_comm=swapper/0 prev_pid=0 prev_prio=120 prev_state=R ==> next_comm=mmcqd/1 next_pid=117 next_prio=120
         mmcqd/1-117   [000] ...1   251.826507: block_rq_complete: 179,0 RA () 1196112 + 24 [0]
         mmcqd/1-117   [000] ...2   251.826549: sched_switch: prev_comm=mmcqd/1 prev_pid=117 prev_prio=120 prev_state=S ==> next_comm=swapper/0 next_pid=0 next_prio=120
          <idle>-0     [000] ...2   251.826789: sched_switch: prev_comm=swapper/0 prev_pid=0 prev_prio=120 prev_state=R ==> next_comm=mmcqd/1 next_pid=117 next_prio=120
         mmcqd/1-117   [000] ...1   251.826820: block_rq_complete: 179,0 RA () 1196144 + 16 [0]
         mmcqd/1-117   [000] ...2   251.826844: sched_switch: prev_comm=mmcqd/1 prev_pid=117 prev_prio=120 prev_state=S ==> next_comm=swapper/0 next_pid=0 next_prio=120
          <idle>-0     [000] ...2   251.827237: sched_switch: prev_comm=swapper/0 prev_pid=0 prev_prio=120 prev_state=R ==> next_comm=mmcqd/1 next_pid=117 next_prio=120
         mmcqd/1-117   [000] ...1   251.827274: block_rq_complete: 179,0 RA () 1196168 + 40 [0]
         mmcqd/1-117   [000] ...2   251.827306: sched_switch: prev_comm=mmcqd/1 prev_pid=117 prev_prio=120 prev_state=S ==> next_comm=swapper/0 next_pid=0 next_prio=120
          <idle>-0     [000] ...2   251.827503: sched_switch: prev_comm=swapper/0 prev_pid=0 prev_prio=120 prev_state=R ==> next_comm=mmcqd/1 next_pid=117 next_prio=120
         mmcqd/1-117   [000] ...1   251.827532: block_rq_complete: 179,0 RA () 1196216 + 8 [0]
         mmcqd/1-117   [000] ...2   251.827548: sched_switch: prev_comm=mmcqd/1 prev_pid=117 prev_prio=120 prev_state=S ==> next_comm=swapper/0 next_pid=0 next_prio=120
          <idle>-0     [000] ...2   251.827929: sched_switch: prev_comm=swapper/0 prev_pid=0 prev_prio=120 prev_state=R ==> next_comm=mmcqd/1 next_pid=117 next_prio=120
         mmcqd/1-117   [000] ...1   251.827947: block_rq_complete: 179,0 RA () 1196240 + 32 [0]
          <idle>-0     [001] ...2   251.827964: sched_switch: prev_comm=swapper/1 prev_pid=0 prev_prio=120 prev_state=R ==> next_comm=app_process next_pid=4555 next_prio=120
         mmcqd/1-117   [000] ...2   251.827970: sched_switch: prev_comm=mmcqd/1 prev_pid=117 prev_prio=120 prev_state=R+ ==> next_comm=kworker/0:1H next_pid=17 next_prio=100
    kworker/0:1H-17    [000] ...2   251.827981: sched_switch: prev_comm=kworker/0:1H prev_pid=17 prev_prio=100 prev_state=S ==> next_comm=mmcqd/1 next_pid=117 next_prio=120
         mmcqd/1-117   [000] ...2   251.827997: sched_switch: prev_comm=mmcqd/1 prev_pid=117 prev_prio=120 prev_state=S ==> next_comm=swapper/0 next_pid=0 next_prio=120
          <idle>-0     [000] ...2   251.828473: sched_switch: prev_comm=swapper/0 prev_pid=0 prev_prio=120 prev_state=R ==> next_comm=kworker/0:1 next_pid=15 next_prio=120
     kworker/0:1-15    [000] ...2   251.828535: sched_switch: prev_comm=kworker/0:1 prev_pid=15 prev_prio=120 prev_state=S ==> next_comm=ksoftirqd/0 next_pid=3 next_prio=120
     ksoftirqd/0-3     [000] ...2   251.828549: sched_switch: prev_comm=ksoftirqd/0 prev_pid=3 prev_prio=120 prev_state=S ==> next_comm=swapper/0 next_pid=0 next_prio=120
           <...>-4555  [001] d..2   251.843438: block_rq_insert: 179,0 R 0 () 1247040 + 56 [app_process]
           <...>-4555  [001] d..2   251.843444: block_rq_insert: 179,0 R 0 () 1247104 + 8 [app_process]
           <...>-4555  [001] d..2   251.843446: block_rq_insert: 179,0 R 0 () 1247120 + 104 [app_process]
           <...>-4555  [001] ...2   251.843469: sched_switch: prev_comm=app_process prev_pid=4555 prev_prio=120 prev_state=D|W ==> next_comm=swapper/1 next_pid=0 next_prio=120
          <idle>-0     [000] ...2   251.843470: sched_switch: prev_comm=swapper/0 prev_pid=0 prev_prio=120 prev_state=R ==> next_comm=mmcqd/1 next_pid=117 next_prio=120
         mmcqd/1-117   [000] ...2   251.843557: sched_switch: prev_comm=mmcqd/1 prev_pid=117 prev_prio=120 prev_state=S ==> next_comm=swapper/0 next_pid=0 next_prio=120
          <idle>-0     [000] ...2   251.844188: sched_switch: prev_comm=swapper/0 prev_pid=0 prev_prio=120 prev_state=R ==> next_comm=mmcqd/1 next_pid=117 next_prio=120
         mmcqd/1-117   [000] ...1   251.844231: block_rq_complete: 179,0 RA () 1247040 + 56 [0]
         mmcqd/1-117   [000] ...2   251.844294: sched_switch: prev_comm=mmcqd/1 prev_pid=117 prev_prio=120 prev_state=S ==> next_comm=swapper/0 next_pid=0 next_prio=120
          <idle>-0     [000] ...2   251.844445: sched_switch: prev_comm=swapper/0 prev_pid=0 prev_prio=120 prev_state=R ==> next_comm=mmcqd/1 next_pid=117 next_prio=120
         mmcqd/1-117   [000] ...1   251.844474: block_rq_complete: 179,0 RA () 1247104 + 8 [0]
         mmcqd/1-117   [000] ...2   251.844490: sched_switch: prev_comm=mmcqd/1 prev_pid=117 prev_prio=120 prev_state=S ==> next_comm=swapper/0 next_pid=0 next_prio=120
          <idle>-0     [000] ...2   251.845162: sched_switch: prev_comm=swapper/0 prev_pid=0 prev_prio=120 prev_state=R ==> next_comm=mmcqd/1 next_pid=117 next_prio=120
         mmcqd/1-117   [000] ...1   251.845197: block_rq_complete: 179,0 RA () 1247120 + 104 [0]
          <idle>-0     [001] ...2   251.845215: sched_switch: prev_comm=swapper/1 prev_pid=0 prev_prio=120 prev_state=R ==> next_comm=app_process next_pid=4555 next_prio=120
         mmcqd/1-117   [000] ...2   251.845222: sched_switch: prev_comm=mmcqd/1 prev_pid=117 prev_prio=120 prev_state=R+ ==> next_comm=kworker/0:1H next_pid=17 next_prio=100
    kworker/0:1H-17    [000] ...2   251.845232: sched_switch: prev_comm=kworker/0:1H prev_pid=17 prev_prio=100 prev_state=S ==> next_comm=mmcqd/1 next_pid=117 next_prio=120
         mmcqd/1-117   [000] ...2   251.845247: sched_switch: prev_comm=mmcqd/1 prev_pid=117 prev_prio=120 prev_state=S ==> next_comm=swapper/0 next_pid=0 next_prio=120
          <idle>-0     [000] ...2   251.858479: sched_switch: prev_comm=swapper/0 prev_pid=0 prev_prio=120 prev_state=R ==> next_comm=kworker/u:3 next_pid=113 next_prio=120
     kworker/u:3-113   [000] ...2   251.858501: sched_switch: prev_comm=kworker/u:3 prev_pid=113 prev_prio=120 prev_state=S ==> next_comm=mpdecision next_pid=1613 next_prio=113
      mpdecision-1613  [000] ...2   251.858800: sched_switch: prev_comm=mpdecision prev_pid=1613 prev_prio=113 prev_state=S ==> next_comm=swapper/0 next_pid=0 next_prio=120
          <idle>-0     [000] ...2   251.858822: sched_switch: prev_comm=swapper/0 prev_pid=0 prev_prio=120 prev_state=R ==> next_comm=ksoftirqd/0 next_pid=3 next_prio=120
     ksoftirqd/0-3     [000] ...2   251.858835: sched_switch: prev_comm=ksoftirqd/0 prev_pid=3 prev_prio=120 prev_state=S ==> next_comm=swapper/0 next_pid=0 next_prio=120
          <idle>-0     [000] ...2   251.858854: sched_switch: prev_comm=swapper/0 prev_pid=0 prev_prio=120 prev_state=R ==> next_comm=ksoftirqd/0 next_pid=3 next_prio=120
     ksoftirqd/0-3     [000] ...2   251.858863: sched_switch: prev_comm=ksoftirqd/0 prev_pid=3 prev_prio=120 prev_state=S ==> next_comm=swapper/0 next_pid=0 next_prio=120
          <idle>-0     [000] ...2   251.858880: sched_switch: prev_comm=swapper/0 prev_pid=0 prev_prio=120 prev_state=R ==> next_comm=ksoftirqd/0 next_pid=3 next_prio=120
     ksoftirqd/0-3     [000] ...2   251.858889: sched_switch: prev_comm=ksoftirqd/0 prev_pid=3 prev_prio=120 prev_state=S ==> next_comm=swapper/0 next_pid=0 next_prio=120
           <...>-4555  [001] d..2   251.863889: block_rq_insert: 179,0 R 0 () 1211560 + 16 [app_process]
           <...>-4555  [001] d..2   251.863894: block_rq_insert: 179,0 R 0 () 1211624 + 120 [app_process]
           <...>-4555  [001] ...2   251.863914: sched_switch: prev_comm=app_process prev_pid=4555 prev_prio=120 prev_state=D|W ==> next_comm=swapper/1 next_pid=0 next_prio=120
          <idle>-0     [000] ...2   251.863917: sched_switch: prev_comm=swapper/0 prev_pid=0 prev_prio=120 prev_state=R ==> next_comm=mmcqd/1 next_pid=117 next_prio=120
         mmcqd/1-117   [000] ...2   251.864028: sched_switch: prev_comm=mmcqd/1 prev_pid=117 prev_prio=120 prev_state=S ==> next_comm=swapper/0 next_pid=0 next_prio=120
          <idle>-0     [000] ...2   251.864388: sched_switch: prev_comm=swapper/0 prev_pid=0 prev_prio=120 prev_state=R ==> next_comm=mmcqd/1 next_pid=117 next_prio=120
         mmcqd/1-117   [000] ...1   251.864421: block_rq_complete: 179,0 RA () 1211560 + 16 [0]
         mmcqd/1-117   [000] ...2   251.864444: sched_switch: prev_comm=mmcqd/1 prev_pid=117 prev_prio=120 prev_state=S ==> next_comm=swapper/0 next_pid=0 next_prio=120
          <idle>-0     [000] ...2   251.865258: sched_switch: prev_comm=swapper/0 prev_pid=0 prev_prio=120 prev_state=R ==> next_comm=mmcqd/1 next_pid=117 next_prio=120
         mmcqd/1-117   [000] ...1   251.865296: block_rq_complete: 179,0 RA () 1211624 + 120 [0]
          <idle>-0     [001] ...2   251.865315: sched_switch: prev_comm=swapper/1 prev_pid=0 prev_prio=120 prev_state=R ==> next_comm=app_process next_pid=4555 next_prio=120
         mmcqd/1-117   [000] ...2   251.865323: sched_switch: prev_comm=mmcqd/1 prev_pid=117 prev_prio=120 prev_state=R+ ==> next_comm=kworker/0:1H next_pid=17 next_prio=100
    kworker/0:1H-17    [000] ...2   251.865334: sched_switch: prev_comm=kworker/0:1H prev_pid=17 prev_prio=100 prev_state=S ==> next_comm=mmcqd/1 next_pid=117 next_prio=120
         mmcqd/1-117   [000] ...2   251.865349: sched_switch: prev_comm=mmcqd/1 prev_pid=117 prev_prio=120 prev_state=S ==> next_comm=swapper/0 next_pid=0 next_prio=120
          <idle>-0     [000] ...2   251.868470: sched_switch: prev_comm=swapper/0 prev_pid=0 prev_prio=120 prev_state=R ==> next_comm=kworker/0:1H next_pid=17 next_prio=100
    kworker/0:1H-17    [000] ...2   251.868494: sched_switch: prev_comm=kworker/0:1H prev_pid=17 prev_prio=100 prev_state=D ==> next_comm=ksoftirqd/0 next_pid=3 next_prio=120
     ksoftirqd/0-3     [000] ...2   251.868504: sched_switch: prev_comm=ksoftirqd/0 prev_pid=3 prev_prio=120 prev_state=S ==> next_comm=kworker/0:3H next_pid=788 next_prio=100
    kworker/0:3H-788   [000] ...2   251.868604: sched_switch: prev_comm=kworker/0:3H prev_pid=788 prev_prio=100 prev_state=S ==> next_comm=kworker/0:1H next_pid=17 next_prio=100
    kworker/0:1H-17    [000] ...2   251.868620: sched_switch: prev_comm=kworker/0:1H prev_pid=17 prev_prio=100 prev_state=S ==> next_comm=swapper/0 next_pid=0 next_prio=120
          <idle>-0     [000] ...2   251.889696: sched_switch: prev_comm=swapper/0 prev_pid=0 prev_prio=120 prev_state=R ==> next_comm=adbd next_pid=793 next_prio=120
            adbd-793   [000] ...2   251.889726: sched_switch: prev_comm=adbd prev_pid=793 prev_prio=120 prev_state=S ==> next_comm=swapper/0 next_pid=0 next_prio=120
          <idle>-0     [000] ...2   251.889962: sched_switch: prev_comm=swapper/0 prev_pid=0 prev_prio=120 prev_state=R ==> next_comm=adbd next_pid=793 next_prio=120
            adbd-793   [000] ...2   251.890029: sched_switch: prev_comm=adbd prev_pid=793 prev_prio=120 prev_state=S ==> next_comm=adbd next_pid=790 next_prio=120
            adbd-790   [000] ...2   251.891074: sched_switch: prev_comm=adbd prev_pid=790 prev_prio=120 prev_state=D ==> next_comm=adbd next_pid=792 next_prio=120
            adbd-792   [000] ...2   251.891184: sched_switch: prev_comm=adbd prev_pid=792 prev_prio=120 prev_state=S ==> next_comm=kworker/0:1 next_pid=15 next_prio=120
     kworker/0:1-15    [000] ...2   251.891208: sched_switch: prev_comm=kworker/0:1 prev_pid=15 prev_prio=120 prev_state=S ==> next_comm=adbd next_pid=790 next_prio=120
            adbd-790   [000] ...2   251.891276: sched_switch: prev_comm=adbd prev_pid=790 prev_prio=120 prev_state=S ==> next_comm=adbd next_pid=4557 next_prio=120
           <...>-4557  [000] ...2   251.891311: sched_switch: prev_comm=adbd prev_pid=4557 prev_prio=120 prev_state=S ==> next_comm=adbd next_pid=4556 next_prio=120
           <...>-4556  [000] ...2   251.897163: sched_switch: prev_comm=sh prev_pid=4556 prev_prio=120 prev_state=S ==> next_comm=sh next_pid=4558 next_prio=120
           <...>-4555  [001] ...2   251.898461: sched_switch: prev_comm=app_process prev_pid=4555 prev_prio=120 prev_state=R ==> next_comm=sh next_pid=4559 next_prio=120
           <...>-4558  [000] ...2   251.898493: sched_switch: prev_comm=sh prev_pid=4558 prev_prio=120 prev_state=R+ ==> next_comm=kworker/0:1H next_pid=17 next_prio=100
    kworker/0:1H-17    [000] ...2   251.898532: sched_switch: prev_comm=kworker/0:1H prev_pid=17 prev_prio=100 prev_state=D ==> next_comm=kworker/u:3 next_pid=113 next_prio=120
     kworker/u:3-113   [000] ...2   251.898551: sched_switch: prev_comm=kworker/u:3 prev_pid=113 prev_prio=120 prev_state=S ==> next_comm=kworker/0:3H next_pid=788 next_prio=100
    kworker/0:3H-788   [000] ...2   251.898588: sched_switch: prev_comm=kworker/0:3H prev_pid=788 prev_prio=100 prev_state=S ==> next_comm=kworker/0:1H next_pid=17 next_prio=100
    kworker/0:1H-17    [000] ...2   251.898603: sched_switch: prev_comm=kworker/0:1H prev_pid=17 prev_prio=100 prev_state=S ==> next_comm=sh next_pid=4558 next_prio=120
           <...>-4558  [000] ...2   251.898776: sched_switch: prev_comm=sh prev_pid=4558 prev_prio=120 prev_state=R+ ==> next_comm=sh next_pid=4556 next_prio=120
           <...>-4556  [000] ...2   251.898853: sched_switch: prev_comm=sh prev_pid=4556 prev_prio=120 prev_state=S ==> next_comm=sh next_pid=4558 next_prio=120
           <...>-4558  [000] ...3   251.898871: sched_switch: prev_comm=sh prev_pid=4558 prev_prio=120 prev_state=x ==> next_comm=swapper/0 next_pid=0 next_prio=120
          <idle>-0     [000] ...2   251.898901: sched_switch: prev_comm=swapper/0 prev_pid=0 prev_prio=120 prev_state=R ==> next_comm=ksoftirqd/0 next_pid=3 next_prio=120
           <...>-4559  [001] d..2   251.898909: block_rq_insert: 179,0 R 0 () 733808 + 32 [sh]
     ksoftirqd/0-3     [000] ...2   251.898920: sched_switch: prev_comm=ksoftirqd/0 prev_pid=3 prev_prio=120 prev_state=S ==> next_comm=swapper/0 next_pid=0 next_prio=120
          <idle>-0     [000] ...2   251.898927: sched_switch: prev_comm=swapper/0 prev_pid=0 prev_prio=120 prev_state=R ==> next_comm=mmcqd/1 next_pid=117 next_prio=120
           <...>-4559  [001] ...2   251.898929: sched_switch: prev_comm=sh prev_pid=4559 prev_prio=120 prev_state=D|W ==> next_comm=app_process next_pid=4555 next_prio=120
         mmcqd/1-117   [000] ...2   251.899016: sched_switch: prev_comm=mmcqd/1 prev_pid=117 prev_prio=120 prev_state=S ==> next_comm=swapper/0 next_pid=0 next_prio=120
          <idle>-0     [000] ...2   251.899041: sched_switch: prev_comm=swapper/0 prev_pid=0 prev_prio=120 prev_state=R ==> next_comm=ksoftirqd/0 next_pid=3 next_prio=120
     ksoftirqd/0-3     [000] ...2   251.899054: sched_switch: prev_comm=ksoftirqd/0 prev_pid=3 prev_prio=120 prev_state=S ==> next_comm=swapper/0 next_pid=0 next_prio=120
          <idle>-0     [000] ...2   251.899076: sched_switch: prev_comm=swapper/0 prev_pid=0 prev_prio=120 prev_state=R ==> next_comm=ksoftirqd/0 next_pid=3 next_prio=120
     ksoftirqd/0-3     [000] ...2   251.899088: sched_switch: prev_comm=ksoftirqd/0 prev_pid=3 prev_prio=120 prev_state=S ==> next_comm=swapper/0 next_pid=0 next_prio=120
          <idle>-0     [000] ...2   251.899572: sched_switch: prev_comm=swapper/0 prev_pid=0 prev_prio=120 prev_state=R ==> next_comm=mmcqd/1 next_pid=117 next_prio=120
         mmcqd/1-117   [000] ...1   251.899598: block_rq_complete: 179,0 RA () 733808 + 32 [0]
           <...>-4555  [001] ...2   251.899616: sched_switch: prev_comm=app_process prev_pid=4555 prev_prio=120 prev_state=R ==> next_comm=sh next_pid=4559 next_prio=120
         mmcqd/1-117   [000] ...2   251.899637: sched_switch: prev_comm=mmcqd/1 prev_pid=117 prev_prio=120 prev_state=R+ ==> next_comm=kworker/0:1H next_pid=17 next_prio=100
    kworker/0:1H-17    [000] ...2   251.899650: sched_switch: prev_comm=kworker/0:1H prev_pid=17 prev_prio=100 prev_state=S ==> next_comm=mmcqd/1 next_pid=117 next_prio=120
         mmcqd/1-117   [000] ...2   251.899674: sched_switch: prev_comm=mmcqd/1 prev_pid=117 prev_prio=120 prev_state=S ==> next_comm=swapper/0 next_pid=0 next_prio=120
           <...>-4559  [001] d..2   251.899889: block_rq_insert: 179,0 R 0 () 733968 + 136 [grep]
           <...>-4559  [001] ...2   251.899902: sched_switch: prev_comm=grep prev_pid=4559 prev_prio=120 prev_state=D|W ==> next_comm=app_process next_pid=4555 next_prio=120
          <idle>-0     [000] ...2   251.899906: sched_switch: prev_comm=swapper/0 prev_pid=0 prev_prio=120 prev_state=R ==> next_comm=mmcqd/1 next_pid=117 next_prio=120
         mmcqd/1-117   [000] ...2   251.900015: sched_switch: prev_comm=mmcqd/1 prev_pid=117 prev_prio=120 prev_state=S ==> next_comm=swapper/0 next_pid=0 next_prio=120
          <idle>-0     [000] ...2   251.900895: sched_switch: prev_comm=swapper/0 prev_pid=0 prev_prio=120 prev_state=R ==> next_comm=mmcqd/1 next_pid=117 next_prio=120
         mmcqd/1-117   [000] ...1   251.900954: block_rq_complete: 179,0 RA () 733968 + 136 [0]
           <...>-4555  [001] ...2   251.900969: sched_switch: prev_comm=app_process prev_pid=4555 prev_prio=120 prev_state=R ==> next_comm=grep next_pid=4559 next_prio=120
         mmcqd/1-117   [000] ...2   251.900992: sched_switch: prev_comm=mmcqd/1 prev_pid=117 prev_prio=120 prev_state=R+ ==> next_comm=kworker/0:1H next_pid=17 next_prio=100
    kworker/0:1H-17    [000] ...2   251.901004: sched_switch: prev_comm=kworker/0:1H prev_pid=17 prev_prio=100 prev_state=S ==> next_comm=mmcqd/1 next_pid=117 next_prio=120
         mmcqd/1-117   [000] ...2   251.901025: sched_switch: prev_comm=mmcqd/1 prev_pid=117 prev_prio=120 prev_state=S ==> next_comm=swapper/0 next_pid=0 next_prio=120
           <...>-4559  [001] d..2   251.901230: block_rq_insert: 179,0 R 0 () 733840 + 128 [grep]
          <idle>-0     [000] ...2   251.901247: sched_switch: prev_comm=swapper/0 prev_pid=0 prev_prio=120 prev_state=R ==> next_comm=mmcqd/1 next_pid=117 next_prio=120
         mmcqd/1-117   [000] ...2   251.901352: sched_switch: prev_comm=mmcqd/1 prev_pid=117 prev_prio=120 prev_state=S ==> next_comm=swapper/0 next_pid=0 next_prio=120
          <idle>-0     [000] ...2   251.902271: sched_switch: prev_comm=swapper/0 prev_pid=0 prev_prio=120 prev_state=R ==> next_comm=mmcqd/1 next_pid=117 next_prio=120
         mmcqd/1-117   [000] ...1   251.902333: block_rq_complete: 179,0 RA () 733840 + 128 [0]
         mmcqd/1-117   [000] ...2   251.902361: sched_switch: prev_comm=mmcqd/1 prev_pid=117 prev_prio=120 prev_state=R+ ==> next_comm=kworker/0:1H next_pid=17 next_prio=100
    kworker/0:1H-17    [000] ...2   251.902373: sched_switch: prev_comm=kworker/0:1H prev_pid=17 prev_prio=100 prev_state=S ==> next_comm=mmcqd/1 next_pid=117 next_prio=120
         mmcqd/1-117   [000] ...2   251.902394: sched_switch: prev_comm=mmcqd/1 prev_pid=117 prev_prio=120 prev_state=S ==> next_comm=swapper/0 next_pid=0 next_prio=120
           <...>-4559  [001] d..2   251.906199: block_rq_insert: 179,0 R 0 () 1189296 + 16 [grep]
           <...>-4559  [001] d..2   251.906204: block_rq_insert: 179,0 R 0 () 1189368 + 24 [grep]
           <...>-4559  [001] d..2   251.906206: block_rq_insert: 179,0 R 0 () 1189464 + 8 [grep]
           <...>-4559  [001] ...2   251.906225: sched_switch: prev_comm=grep prev_pid=4559 prev_prio=120 prev_state=D|W ==> next_comm=app_process next_pid=4555 next_prio=120
          <idle>-0     [000] ...2   251.906228: sched_switch: prev_comm=swapper/0 prev_pid=0 prev_prio=120 prev_state=R ==> next_comm=mmcqd/1 next_pid=117 next_prio=120
         mmcqd/1-117   [000] ...2   251.906317: sched_switch: prev_comm=mmcqd/1 prev_pid=117 prev_prio=120 prev_state=S ==> next_comm=swapper/0 next_pid=0 next_prio=120
          <idle>-0     [000] ...2   251.906568: sched_switch: prev_comm=swapper/0 prev_pid=0 prev_prio=120 prev_state=R ==> next_comm=mmcqd/1 next_pid=117 next_prio=120
         mmcqd/1-117   [000] ...1   251.906610: block_rq_complete: 179,0 RA () 1189296 + 16 [0]
         mmcqd/1-117   [000] ...2   251.906645: sched_switch: prev_comm=mmcqd/1 prev_pid=117 prev_prio=120 prev_state=S ==> next_comm=swapper/0 next_pid=0 next_prio=120
          <idle>-0     [000] ...2   251.907079: sched_switch: prev_comm=swapper/0 prev_pid=0 prev_prio=120 prev_state=R ==> next_comm=mmcqd/1 next_pid=117 next_prio=120
         mmcqd/1-117   [000] ...1   251.907125: block_rq_complete: 179,0 RA () 1189368 + 24 [0]
         mmcqd/1-117   [000] ...2   251.907165: sched_switch: prev_comm=mmcqd/1 prev_pid=117 prev_prio=120 prev_state=S ==> next_comm=grep next_pid=4559 next_prio=120
           <...>-4559  [000] ...2   251.907367: sched_switch: prev_comm=grep prev_pid=4559 prev_prio=120 prev_state=R ==> next_comm=mmcqd/1 next_pid=117 next_prio=120
         mmcqd/1-117   [000] ...1   251.907385: block_rq_complete: 179,0 RA () 1189464 + 8 [0]
         mmcqd/1-117   [000] ...2   251.907408: sched_switch: prev_comm=mmcqd/1 prev_pid=117 prev_prio=120 prev_state=R+ ==> next_comm=kworker/0:1H next_pid=17 next_prio=100
    kworker/0:1H-17    [000] ...2   251.907421: sched_switch: prev_comm=kworker/0:1H prev_pid=17 prev_prio=100 prev_state=S ==> next_comm=mmcqd/1 next_pid=117 next_prio=120
         mmcqd/1-117   [000] ...2   251.907437: sched_switch: prev_comm=mmcqd/1 prev_pid=117 prev_prio=120 prev_state=S ==> next_comm=grep next_pid=4559 next_prio=120
           <...>-4559  [000] ...2   251.907901: sched_switch: prev_comm=grep prev_pid=4559 prev_prio=120 prev_state=R+ ==> next_comm=sh next_pid=4556 next_prio=120
           <...>-4555  [001] ...2   251.908464: sched_switch: prev_comm=app_process prev_pid=4555 prev_prio=120 prev_state=R ==> next_comm=kworker/u:3 next_pid=113 next_prio=120
           <...>-4556  [000] ...2   251.908481: sched_switch: prev_comm=sh prev_pid=4556 prev_prio=120 prev_state=R+ ==> next_comm=mpdecision next_pid=1613 next_prio=113
     kworker/u:3-113   [001] ...2   251.908481: sched_switch: prev_comm=kworker/u:3 prev_pid=113 prev_prio=120 prev_state=S ==> next_comm=app_process next_pid=4555 next_prio=120
      mpdecision-1613  [000] ...2   251.908874: sched_switch: prev_comm=mpdecision prev_pid=1613 prev_prio=113 prev_state=S ==> next_comm=adbd next_pid=790 next_prio=120
            adbd-790   [000] ...2   251.909257: sched_switch: prev_comm=adbd prev_pid=790 prev_prio=120 prev_state=S ==> next_comm=adbd next_pid=792 next_prio=120
            adbd-792   [000] ...2   251.909346: sched_switch: prev_comm=adbd prev_pid=792 prev_prio=120 prev_state=S ==> next_comm=kworker/0:1 next_pid=15 next_prio=120
     kworker/0:1-15    [000] ...2   251.909361: sched_switch: prev_comm=kworker/0:1 prev_pid=15 prev_prio=120 prev_state=S ==> next_comm=sh next_pid=4556 next_prio=120
           <...>-4556  [000] ...3   251.909561: sched_switch: prev_comm=sh prev_pid=4556 prev_prio=120 prev_state=x ==> next_comm=adbd next_pid=4557 next_prio=120
           <...>-4557  [000] ...3   251.909749: sched_switch: prev_comm=adbd prev_pid=4557 prev_prio=120 prev_state=x ==> next_comm=adbd next_pid=793 next_prio=120
            adbd-793   [000] ...2   251.909806: sched_switch: prev_comm=adbd prev_pid=793 prev_prio=120 prev_state=S ==> next_comm=adbd next_pid=790 next_prio=120
            adbd-790   [000] ...2   251.910014: sched_switch: prev_comm=adbd prev_pid=790 prev_prio=120 prev_state=S ==> next_comm=adbd next_pid=792 next_prio=120
            adbd-792   [000] ...2   251.910024: sched_switch: prev_comm=adbd prev_pid=792 prev_prio=120 prev_state=S ==> next_comm=grep next_pid=4559 next_prio=120
           <...>-4559  [000] ...2   251.910044: sched_switch: prev_comm=grep prev_pid=4559 prev_prio=120 prev_state=R+ ==> next_comm=kworker/0:1 next_pid=15 next_prio=120
     kworker/0:1-15    [000] ...2   251.910058: sched_switch: prev_comm=kworker/0:1 prev_pid=15 prev_prio=120 prev_state=S ==> next_comm=grep next_pid=4559 next_prio=120
           <...>-4559  [000] ...3   251.910070: sched_switch: prev_comm=grep prev_pid=4559 prev_prio=120 prev_state=x ==> next_comm=swapper/0 next_pid=0 next_prio=120
          <idle>-0     [000] ...2   251.910100: sched_switch: prev_comm=swapper/0 prev_pid=0 prev_prio=120 prev_state=R ==> next_comm=ksoftirqd/0 next_pid=3 next_prio=120
     ksoftirqd/0-3     [000] ...2   251.910114: sched_switch: prev_comm=ksoftirqd/0 prev_pid=3 prev_prio=120 prev_state=S ==> next_comm=swapper/0 next_pid=0 next_prio=120
          <idle>-0     [000] ...2   251.910137: sched_switch: prev_comm=swapper/0 prev_pid=0 prev_prio=120 prev_state=R ==> next_comm=ksoftirqd/0 next_pid=3 next_prio=120
     ksoftirqd/0-3     [000] ...2   251.910150: sched_switch: prev_comm=ksoftirqd/0 prev_pid=3 prev_prio=120 prev_state=S ==> next_comm=swapper/0 next_pid=0 next_prio=120
          <idle>-0     [000] ...2   251.910171: sched_switch: prev_comm=swapper/0 prev_pid=0 prev_prio=120 prev_state=R ==> next_comm=ksoftirqd/0 next_pid=3 next_prio=120
     ksoftirqd/0-3     [000] ...2   251.910184: sched_switch: prev_comm=ksoftirqd/0 prev_pid=3 prev_prio=120 prev_state=S ==> next_comm=swapper/0 next_pid=0 next_prio=120
          <idle>-0     [000] ...2   251.918496: sched_switch: prev_comm=swapper/0 prev_pid=0 prev_prio=120 prev_state=R ==> next_comm=ksoftirqd/0 next_pid=3 next_prio=120
     ksoftirqd/0-3     [000] ...2   251.918538: sched_switch: prev_comm=ksoftirqd/0 prev_pid=3 prev_prio=120 prev_state=S ==> next_comm=swapper/0 next_pid=0 next_prio=120
          <idle>-0     [000] ...2   251.918560: sched_switch: prev_comm=swapper/0 prev_pid=0 prev_prio=120 prev_state=R ==> next_comm=ksoftirqd/0 next_pid=3 next_prio=120
     ksoftirqd/0-3     [000] ...2   251.918573: sched_switch: prev_comm=ksoftirqd/0 prev_pid=3 prev_prio=120 prev_state=S ==> next_comm=swapper/0 next_pid=0 next_prio=120
          <idle>-0     [000] ...2   251.918594: sched_switch: prev_comm=swapper/0 prev_pid=0 prev_prio=120 prev_state=R ==> next_comm=ksoftirqd/0 next_pid=3 next_prio=120
     ksoftirqd/0-3     [000] ...2   251.918606: sched_switch: prev_comm=ksoftirqd/0 prev_pid=3 prev_prio=120 prev_state=S ==> next_comm=swapper/0 next_pid=0 next_prio=120
          <idle>-0     [000] ...2   251.918628: sched_switch: prev_comm=swapper/0 prev_pid=0 prev_prio=120 prev_state=R ==> next_comm=ksoftirqd/0 next_pid=3 next_prio=120
     ksoftirqd/0-3     [000] ...2   251.918640: sched_switch: prev_comm=ksoftirqd/0 prev_pid=3 prev_prio=120 prev_state=S ==> next_comm=swapper/0 next_pid=0 next_prio=120
          <idle>-0     [000] ...2   251.918662: sched_switch: prev_comm=swapper/0 prev_pid=0 prev_prio=120 prev_state=R ==> next_comm=ksoftirqd/0 next_pid=3 next_prio=120
     ksoftirqd/0-3     [000] ...2   251.918674: sched_switch: prev_comm=ksoftirqd/0 prev_pid=3 prev_prio=120 prev_state=S ==> next_comm=swapper/0 next_pid=0 next_prio=120
          <idle>-0     [000] ...2   251.918694: sched_switch: prev_comm=swapper/0 prev_pid=0 prev_prio=120 prev_state=R ==> next_comm=ksoftirqd/0 next_pid=3 next_prio=120
     ksoftirqd/0-3     [000] ...2   251.918706: sched_switch: prev_comm=ksoftirqd/0 prev_pid=3 prev_prio=120 prev_state=S ==> next_comm=swapper/0 next_pid=0 next_prio=120
          <idle>-0     [000] ...2   251.928505: sched_switch: prev_comm=swapper/0 prev_pid=0 prev_prio=120 prev_state=R ==> next_comm=ksoftirqd/0 next_pid=3 next_prio=120
     ksoftirqd/0-3     [000] ...2   251.928522: sched_switch: prev_comm=ksoftirqd/0 prev_pid=3 prev_prio=120 prev_state=S ==> next_comm=swapper/0 next_pid=0 next_prio=120
          <idle>-0     [000] ...2   251.928547: sched_switch: prev_comm=swapper/0 prev_pid=0 prev_prio=120 prev_state=R ==> next_comm=ksoftirqd/0 next_pid=3 next_prio=120
     ksoftirqd/0-3     [000] ...2   251.928562: sched_switch: prev_comm=ksoftirqd/0 prev_pid=3 prev_prio=120 prev_state=S ==> next_comm=swapper/0 next_pid=0 next_prio=120
          <idle>-0     [000] ...2   251.928586: sched_switch: prev_comm=swapper/0 prev_pid=0 prev_prio=120 prev_state=R ==> next_comm=ksoftirqd/0 next_pid=3 next_prio=120
     ksoftirqd/0-3     [000] ...2   251.928599: sched_switch: prev_comm=ksoftirqd/0 prev_pid=3 prev_prio=120 prev_state=S ==> next_comm=swapper/0 next_pid=0 next_prio=120
           <...>-4555  [001] ...2   251.931610: sched_switch: prev_comm=app_process prev_pid=4555 prev_prio=120 prev_state=R+ ==> next_comm=logcat next_pid=797 next_prio=120
          <idle>-0     [000] ...2   251.931613: sched_switch: prev_comm=swapper/0 prev_pid=0 prev_prio=120 prev_state=R ==> next_comm=logcat next_pid=802 next_prio=120
           <...>-797   [001] ...2   251.931722: sched_switch: prev_comm=logcat prev_pid=797 prev_prio=120 prev_state=S ==> next_comm=kworker/1:0 next_pid=4542 next_prio=120
           <...>-4542  [001] ...2   251.931742: sched_switch: prev_comm=kworker/1:0 prev_pid=4542 prev_prio=120 prev_state=S ==> next_comm=adbd next_pid=790 next_prio=120
            adbd-790   [001] ...2   251.931763: sched_switch: prev_comm=adbd prev_pid=790 prev_prio=120 prev_state=D ==> next_comm=app_process next_pid=4555 next_prio=120
          logcat-802   [000] ...2   251.931782: sched_switch: prev_comm=logcat prev_pid=802 prev_prio=120 prev_state=S ==> next_comm=logcat next_pid=799 next_prio=120
           <...>-799   [000] ...2   251.931947: sched_switch: prev_comm=logcat prev_pid=799 prev_prio=120 prev_state=S ==> next_comm=kworker/0:1 next_pid=15 next_prio=120
           <...>-4555  [001] ...2   251.931973: sched_switch: prev_comm=app_process prev_pid=4555 prev_prio=120 prev_state=R+ ==> next_comm=adbd next_pid=790 next_prio=120
     kworker/0:1-15    [000] ...2   251.931992: sched_switch: prev_comm=kworker/0:1 prev_pid=15 prev_prio=120 prev_state=S ==> next_comm=swapper/0 next_pid=0 next_prio=120
          <idle>-0     [000] ...2   251.932109: sched_switch: prev_comm=swapper/0 prev_pid=0 prev_prio=120 prev_state=R ==> next_comm=adbd next_pid=792 next_prio=120
            adbd-790   [001] ...2   251.932212: sched_switch: prev_comm=adbd prev_pid=790 prev_prio=120 prev_state=S ==> next_comm=app_process next_pid=4555 next_prio=120
           <...>-4555  [001] d..2   251.932223: block_rq_insert: 179,0 R 0 () 1183416 + 224 [app_process]
           <...>-4555  [001] ...2   251.932247: sched_switch: prev_comm=app_process prev_pid=4555 prev_prio=120 prev_state=D|W ==> next_comm=mmcqd/1 next_pid=117 next_prio=120
            adbd-792   [000] ...2   251.932256: sched_switch: prev_comm=adbd prev_pid=792 prev_prio=120 prev_state=S ==> next_comm=swapper/0 next_pid=0 next_prio=120
         mmcqd/1-117   [001] ...2   251.932361: sched_switch: prev_comm=mmcqd/1 prev_pid=117 prev_prio=120 prev_state=S ==> next_comm=swapper/1 next_pid=0 next_prio=120
          <idle>-0     [001] ...2   251.932383: sched_switch: prev_comm=swapper/1 prev_pid=0 prev_prio=120 prev_state=R ==> next_comm=ksoftirqd/1 next_pid=4544 next_prio=120
           <...>-4544  [001] ...2   251.932400: sched_switch: prev_comm=ksoftirqd/1 prev_pid=4544 prev_prio=120 prev_state=S ==> next_comm=swapper/1 next_pid=0 next_prio=120
          <idle>-0     [001] ...2   251.932414: sched_switch: prev_comm=swapper/1 prev_pid=0 prev_prio=120 prev_state=R ==> next_comm=ksoftirqd/1 next_pid=4544 next_prio=120
           <...>-4544  [001] ...2   251.932422: sched_switch: prev_comm=ksoftirqd/1 prev_pid=4544 prev_prio=120 prev_state=S ==> next_comm=swapper/1 next_pid=0 next_prio=120
          <idle>-0     [001] ...2   251.932433: sched_switch: prev_comm=swapper/1 prev_pid=0 prev_prio=120 prev_state=R ==> next_comm=ksoftirqd/1 next_pid=4544 next_prio=120
           <...>-4544  [001] ...2   251.932443: sched_switch: prev_comm=ksoftirqd/1 prev_pid=4544 prev_prio=120 prev_state=S ==> next_comm=swapper/1 next_pid=0 next_prio=120
          <idle>-0     [000] ...2   251.932785: sched_switch: prev_comm=swapper/0 prev_pid=0 prev_prio=120 prev_state=R ==> next_comm=adbd next_pid=793 next_prio=120
            adbd-793   [000] ...2   251.932837: sched_switch: prev_comm=adbd prev_pid=793 prev_prio=120 prev_state=S ==> next_comm=adbd next_pid=790 next_prio=120
            adbd-790   [000] ...2   251.933058: sched_switch: prev_comm=adbd prev_pid=790 prev_prio=120 prev_state=S ==> next_comm=adbd next_pid=793 next_prio=120
            adbd-793   [000] ...2   251.933104: sched_switch: prev_comm=adbd prev_pid=793 prev_prio=120 prev_state=S ==> next_comm=adbd next_pid=792 next_prio=120
            adbd-792   [000] ...2   251.933164: sched_switch: prev_comm=adbd prev_pid=792 prev_prio=120 prev_state=S ==> next_comm=adbd next_pid=790 next_prio=120
            adbd-790   [000] ...2   251.933348: sched_switch: prev_comm=adbd prev_pid=790 prev_prio=120 prev_state=S ==> next_comm=adbd next_pid=792 next_prio=120
            adbd-792   [000] ...2   251.933384: sched_switch: prev_comm=adbd prev_pid=792 prev_prio=120 prev_state=S ==> next_comm=swapper/0 next_pid=0 next_prio=120
          <idle>-0     [000] ...2   251.933390: sched_switch: prev_comm=swapper/0 prev_pid=0 prev_prio=120 prev_state=R ==> next_comm=adbd next_pid=793 next_prio=120
            adbd-793   [000] ...2   251.933436: sched_switch: prev_comm=adbd prev_pid=793 prev_prio=120 prev_state=S ==> next_comm=adbd next_pid=790 next_prio=120
            adbd-790   [000] ...2   251.933620: sched_switch: prev_comm=adbd prev_pid=790 prev_prio=120 prev_state=S ==> next_comm=adbd next_pid=792 next_prio=120
            adbd-792   [000] ...2   251.933632: sched_switch: prev_comm=adbd prev_pid=792 prev_prio=120 prev_state=S ==> next_comm=swapper/0 next_pid=0 next_prio=120
          <idle>-0     [000] ...2   251.933859: sched_switch: prev_comm=swapper/0 prev_pid=0 prev_prio=120 prev_state=R ==> next_comm=mmcqd/1 next_pid=117 next_prio=120
         mmcqd/1-117   [000] ...1   251.933956: block_rq_complete: 179,0 RA () 1183416 + 224 [0]
          <idle>-0     [001] ...2   251.933981: sched_switch: prev_comm=swapper/1 prev_pid=0 prev_prio=120 prev_state=R ==> next_comm=app_process next_pid=4555 next_prio=120
         mmcqd/1-117   [000] ...2   251.934003: sched_switch: prev_comm=mmcqd/1 prev_pid=117 prev_prio=120 prev_state=R+ ==> next_comm=kworker/0:1H next_pid=17 next_prio=100
    kworker/0:1H-17    [000] ...2   251.934015: sched_switch: prev_comm=kworker/0:1H prev_pid=17 prev_prio=100 prev_state=S ==> next_comm=mmcqd/1 next_pid=117 next_prio=120
         mmcqd/1-117   [000] ...2   251.934034: sched_switch: prev_comm=mmcqd/1 prev_pid=117 prev_prio=120 prev_state=S ==> next_comm=swapper/0 next_pid=0 next_prio=120
           <...>-4555  [001] d..2   251.934176: block_rq_insert: 179,0 R 0 () 1186480 + 40 [app_process]
           <...>-4555  [001] ...2   251.934190: sched_switch: prev_comm=app_process prev_pid=4555 prev_prio=120 prev_state=D|W ==> next_comm=swapper/1 next_pid=0 next_prio=120
          <idle>-0     [000] ...2   251.934194: sched_switch: prev_comm=swapper/0 prev_pid=0 prev_prio=120 prev_state=R ==> next_comm=mmcqd/1 next_pid=117 next_prio=120
          <idle>-0     [001] ...2   251.934206: sched_switch: prev_comm=swapper/1 prev_pid=0 prev_prio=120 prev_state=R ==> next_comm=ksoftirqd/1 next_pid=4544 next_prio=120
           <...>-4544  [001] ...2   251.934215: sched_switch: prev_comm=ksoftirqd/1 prev_pid=4544 prev_prio=120 prev_state=S ==> next_comm=swapper/1 next_pid=0 next_prio=120
          <idle>-0     [001] ...2   251.934227: sched_switch: prev_comm=swapper/1 prev_pid=0 prev_prio=120 prev_state=R ==> next_comm=ksoftirqd/1 next_pid=4544 next_prio=120
           <...>-4544  [001] ...2   251.934235: sched_switch: prev_comm=ksoftirqd/1 prev_pid=4544 prev_prio=120 prev_state=S ==> next_comm=swapper/1 next_pid=0 next_prio=120
          <idle>-0     [001] ...2   251.934247: sched_switch: prev_comm=swapper/1 prev_pid=0 prev_prio=120 prev_state=R ==> next_comm=ksoftirqd/1 next_pid=4544 next_prio=120
           <...>-4544  [001] ...2   251.934253: sched_switch: prev_comm=ksoftirqd/1 prev_pid=4544 prev_prio=120 prev_state=S ==> next_comm=swapper/1 next_pid=0 next_prio=120
         mmcqd/1-117   [000] ...2   251.934268: sched_switch: prev_comm=mmcqd/1 prev_pid=117 prev_prio=120 prev_state=S ==> next_comm=swapper/0 next_pid=0 next_prio=120
          <idle>-0     [000] ...2   251.934691: sched_switch: prev_comm=swapper/0 prev_pid=0 prev_prio=120 prev_state=R ==> next_comm=mmcqd/1 next_pid=117 next_prio=120
         mmcqd/1-117   [000] ...1   251.934719: block_rq_complete: 179,0 RA () 1186480 + 40 [0]
          <idle>-0     [001] ...2   251.934736: sched_switch: prev_comm=swapper/1 prev_pid=0 prev_prio=120 prev_state=R ==> next_comm=app_process next_pid=4555 next_prio=120
         mmcqd/1-117   [000] ...2   251.934750: sched_switch: prev_comm=mmcqd/1 prev_pid=117 prev_prio=120 prev_state=R+ ==> next_comm=kworker/0:1H next_pid=17 next_prio=100
    kworker/0:1H-17    [000] ...2   251.934763: sched_switch: prev_comm=kworker/0:1H prev_pid=17 prev_prio=100 prev_state=S ==> next_comm=mmcqd/1 next_pid=117 next_prio=120
         mmcqd/1-117   [000] ...2   251.934781: sched_switch: prev_comm=mmcqd/1 prev_pid=117 prev_prio=120 prev_state=S ==> next_comm=swapper/0 next_pid=0 next_prio=120
           <...>-4555  [001] d..2   251.934891: block_rq_insert: 179,0 R 0 () 1242888 + 8 [app_process]
           <...>-4555  [001] ...2   251.934904: sched_switch: prev_comm=app_process prev_pid=4555 prev_prio=120 prev_state=D|W ==> next_comm=swapper/1 next_pid=0 next_prio=120
          <idle>-0     [000] ...2   251.934909: sched_switch: prev_comm=swapper/0 prev_pid=0 prev_prio=120 prev_state=R ==> next_comm=mmcqd/1 next_pid=117 next_prio=120
         mmcqd/1-117   [000] ...2   251.934968: sched_switch: prev_comm=mmcqd/1 prev_pid=117 prev_prio=120 prev_state=S ==> next_comm=swapper/0 next_pid=0 next_prio=120
          <idle>-0     [000] ...2   251.935204: sched_switch: prev_comm=swapper/0 prev_pid=0 prev_prio=120 prev_state=R ==> next_comm=mmcqd/1 next_pid=117 next_prio=120
         mmcqd/1-117   [000] ...1   251.935219: block_rq_complete: 179,0 RA () 1242888 + 8 [0]
          <idle>-0     [001] ...2   251.935234: sched_switch: prev_comm=swapper/1 prev_pid=0 prev_prio=120 prev_state=R ==> next_comm=app_process next_pid=4555 next_prio=120
         mmcqd/1-117   [000] ...2   251.935250: sched_switch: prev_comm=mmcqd/1 prev_pid=117 prev_prio=120 prev_state=R+ ==> next_comm=kworker/0:1H next_pid=17 next_prio=100
    kworker/0:1H-17    [000] ...2   251.935262: sched_switch: prev_comm=kworker/0:1H prev_pid=17 prev_prio=100 prev_state=S ==> next_comm=mmcqd/1 next_pid=117 next_prio=120
         mmcqd/1-117   [000] ...2   251.935276: sched_switch: prev_comm=mmcqd/1 prev_pid=117 prev_prio=120 prev_state=S ==> next_comm=swapper/0 next_pid=0 next_prio=120
           <...>-4555  [001] ...2   251.936777: sched_switch: prev_comm=app_process prev_pid=4555 prev_prio=120 prev_state=R ==> next_comm=logcat next_pid=797 next_prio=120
           <...>-797   [001] ...2   251.936794: sched_switch: prev_comm=logcat prev_pid=797 prev_prio=120 prev_state=S ==> next_comm=app_process next_pid=4555 next_prio=120
          <idle>-0     [000] ...2   251.936843: sched_switch: prev_comm=swapper/0 prev_pid=0 prev_prio=120 prev_state=R ==> next_comm=logcat next_pid=802 next_prio=120
          logcat-802   [000] ...2   251.936871: sched_switch: prev_comm=logcat prev_pid=802 prev_prio=120 prev_state=S ==> next_comm=swapper/0 next_pid=0 next_prio=120
          <idle>-0     [000] ...2   251.937008: sched_switch: prev_comm=swapper/0 prev_pid=0 prev_prio=120 prev_state=R ==> next_comm=logcat next_pid=799 next_prio=120
           <...>-799   [000] ...2   251.937031: sched_switch: prev_comm=logcat prev_pid=799 prev_prio=120 prev_state=S ==> next_comm=swapper/0 next_pid=0 next_prio=120
           <...>-4555  [001] ...2   251.937218: sched_switch: prev_comm=app_process prev_pid=4555 prev_prio=120 prev_state=R+ ==> next_comm=logcat next_pid=797 next_prio=120
          <idle>-0     [000] ...2   251.937221: sched_switch: prev_comm=swapper/0 prev_pid=0 prev_prio=120 prev_state=R ==> next_comm=logcat next_pid=799 next_prio=120
           <...>-797   [001] ...2   251.937318: sched_switch: prev_comm=logcat prev_pid=797 prev_prio=120 prev_state=S ==> next_comm=kworker/1:0 next_pid=4542 next_prio=120
           <...>-4542  [001] ...2   251.937331: sched_switch: prev_comm=kworker/1:0 prev_pid=4542 prev_prio=120 prev_state=S ==> next_comm=adbd next_pid=790 next_prio=120
            adbd-790   [001] ...2   251.937346: sched_switch: prev_comm=adbd prev_pid=790 prev_prio=120 prev_state=D ==> next_comm=app_process next_pid=4555 next_prio=120
           <...>-799   [000] ...2   251.937369: sched_switch: prev_comm=logcat prev_pid=799 prev_prio=120 prev_state=S ==> next_comm=kworker/0:1 next_pid=15 next_prio=120
           <...>-4555  [001] ...2   251.937389: sched_switch: prev_comm=app_process prev_pid=4555 prev_prio=120 prev_state=R ==> next_comm=adbd next_pid=790 next_prio=120
     kworker/0:1-15    [000] ...2   251.937393: sched_switch: prev_comm=kworker/0:1 prev_pid=15 prev_prio=120 prev_state=S ==> next_comm=logcat next_pid=802 next_prio=120
            adbd-790   [001] ...2   251.937504: sched_switch: prev_comm=adbd prev_pid=790 prev_prio=120 prev_state=D ==> next_comm=app_process next_pid=4555 next_prio=120
          logcat-802   [000] ...2   251.937541: sched_switch: prev_comm=logcat prev_pid=802 prev_prio=120 prev_state=S ==> next_comm=kworker/0:1 next_pid=15 next_prio=120
           <...>-4555  [001] ...2   251.937562: sched_switch: prev_comm=app_process prev_pid=4555 prev_prio=120 prev_state=R ==> next_comm=adbd next_pid=790 next_prio=120
     kworker/0:1-15    [000] ...2   251.937566: sched_switch: prev_comm=kworker/0:1 prev_pid=15 prev_prio=120 prev_state=S ==> next_comm=adbd next_pid=792 next_prio=120
            adbd-790   [001] ...2   251.937649: sched_switch: prev_comm=adbd prev_pid=790 prev_prio=120 prev_state=S ==> next_comm=app_process next_pid=4555 next_prio=120
            adbd-792   [000] ...2   251.937702: sched_switch: prev_comm=adbd prev_pid=792 prev_prio=120 prev_state=S ==> next_comm=swapper/0 next_pid=0 next_prio=120
          <idle>-0     [000] ...2   251.938014: sched_switch: prev_comm=swapper/0 prev_pid=0 prev_prio=120 prev_state=R ==> next_comm=adbd next_pid=793 next_prio=120
            adbd-793   [000] ...2   251.938066: sched_switch: prev_comm=adbd prev_pid=793 prev_prio=120 prev_state=S ==> next_comm=adbd next_pid=790 next_prio=120
            adbd-790   [000] ...2   251.938290: sched_switch: prev_comm=adbd prev_pid=790 prev_prio=120 prev_state=S ==> next_comm=adbd next_pid=793 next_prio=120
            adbd-793   [000] ...2   251.938338: sched_switch: prev_comm=adbd prev_pid=793 prev_prio=120 prev_state=S ==> next_comm=adbd next_pid=792 next_prio=120
            adbd-792   [000] ...2   251.938395: sched_switch: prev_comm=adbd prev_pid=792 prev_prio=120 prev_state=S ==> next_comm=adbd next_pid=790 next_prio=120
           <...>-4555  [001] ...2   251.938464: sched_switch: prev_comm=app_process prev_pid=4555 prev_prio=120 prev_state=R+ ==> next_comm=kworker/1:0H next_pid=4543 next_prio=100
           <...>-4543  [001] ...2   251.938481: sched_switch: prev_comm=kworker/1:0H prev_pid=4543 prev_prio=100 prev_state=S ==> next_comm=app_process next_pid=4555 next_prio=120
            adbd-790   [000] ...2   251.938566: sched_switch: prev_comm=adbd prev_pid=790 prev_prio=120 prev_state=R+ ==> next_comm=kworker/0:1H next_pid=17 next_prio=100
    kworker/0:1H-17    [000] ...2   251.938595: sched_switch: prev_comm=kworker/0:1H prev_pid=17 prev_prio=100 prev_state=D ==> next_comm=kworker/0:3H next_pid=788 next_prio=100
    kworker/0:3H-788   [000] ...2   251.938626: sched_switch: prev_comm=kworker/0:3H prev_pid=788 prev_prio=100 prev_state=S ==> next_comm=kworker/0:1H next_pid=17 next_prio=100
    kworker/0:1H-17    [000] ...2   251.938638: sched_switch: prev_comm=kworker/0:1H prev_pid=17 prev_prio=100 prev_state=S ==> next_comm=adbd next_pid=793 next_prio=120
            adbd-793   [000] ...2   251.938681: sched_switch: prev_comm=adbd prev_pid=793 prev_prio=120 prev_state=S ==> next_comm=adbd next_pid=790 next_prio=120
            adbd-790   [000] ...2   251.938938: sched_switch: prev_comm=adbd prev_pid=790 prev_prio=120 prev_state=S ==> next_comm=adbd next_pid=792 next_prio=120
            adbd-792   [000] ...2   251.938951: sched_switch: prev_comm=adbd prev_pid=792 prev_prio=120 prev_state=S ==> next_comm=swapper/0 next_pid=0 next_prio=120
          <idle>-0     [000] ...2   251.938978: sched_switch: prev_comm=swapper/0 prev_pid=0 prev_prio=120 prev_state=R ==> next_comm=ksoftirqd/0 next_pid=3 next_prio=120
     ksoftirqd/0-3     [000] ...2   251.938997: sched_switch: prev_comm=ksoftirqd/0 prev_pid=3 prev_prio=120 prev_state=S ==> next_comm=swapper/0 next_pid=0 next_prio=120
          <idle>-0     [000] ...2   251.939017: sched_switch: prev_comm=swapper/0 prev_pid=0 prev_prio=120 prev_state=R ==> next_comm=ksoftirqd/0 next_pid=3 next_prio=120
     ksoftirqd/0-3     [000] ...2   251.939030: sched_switch: prev_comm=ksoftirqd/0 prev_pid=3 prev_prio=120 prev_state=S ==> next_comm=swapper/0 next_pid=0 next_prio=120
          <idle>-0     [000] ...2   251.939049: sched_switch: prev_comm=swapper/0 prev_pid=0 prev_prio=120 prev_state=R ==> next_comm=ksoftirqd/0 next_pid=3 next_prio=120
     ksoftirqd/0-3     [000] ...2   251.939061: sched_switch: prev_comm=ksoftirqd/0 prev_pid=3 prev_prio=120 prev_state=S ==> next_comm=swapper/0 next_pid=0 next_prio=120
           <...>-4555  [001] d..2   251.939161: block_rq_insert: 179,0 R 0 () 806160 + 32 [app_process]
           <...>-4555  [001] ...2   251.939177: sched_switch: prev_comm=app_process prev_pid=4555 prev_prio=120 prev_state=D|W ==> next_comm=swapper/1 next_pid=0 next_prio=120
          <idle>-0     [000] ...2   251.939182: sched_switch: prev_comm=swapper/0 prev_pid=0 prev_prio=120 prev_state=R ==> next_comm=mmcqd/1 next_pid=117 next_prio=120
          <idle>-0     [001] ...2   251.939191: sched_switch: prev_comm=swapper/1 prev_pid=0 prev_prio=120 prev_state=R ==> next_comm=ksoftirqd/1 next_pid=4544 next_prio=120
