          <idle>-0     [000] ...2   252.004826: sched_switch: prev_comm=swapper/0 prev_pid=0 prev_prio=120 prev_state=R ==> next_comm=mmcqd/1 next_pid=117 next_prio=120
         mmcqd/1-117   [000] ...2   252.004903: sched_switch: prev_comm=mmcqd/1 prev_pid=117 prev_prio=120 prev_state=S ==> next_comm=swapper/0 next_pid=0 next_prio=120
          <idle>-0     [000] ...2   252.005146: sched_switch: prev_comm=swapper/0 prev_pid=0 prev_prio=120 prev_state=R ==> next_comm=mmcqd/1 next_pid=117 next_prio=120
         mmcqd/1-117   [000] ...1   252.005188: block_rq_complete: 179,0 RA () 3996192 + 8 [0]
         mmcqd/1-117   [000] ...2   252.005211: sched_switch: prev_comm=mmcqd/1 prev_pid=117 prev_prio=120 prev_state=S ==> next_comm=swapper/0 next_pid=0 next_prio=120
          <idle>-0     [000] ...2   252.005445: sched_switch: prev_comm=swapper/0 prev_pid=0 prev_prio=120 prev_state=R ==> next_comm=mmcqd/1 next_pid=117 next_prio=120
         mmcqd/1-117   [000] ...1   252.005460: block_rq_complete: 179,0 RA () 3996264 + 8 [0]
          <idle>-0     [001] ...2   252.005476: sched_switch: prev_comm=swapper/1 prev_pid=0 prev_prio=120 prev_state=R ==> next_comm=main next_pid=4555 next_prio=120
         mmcqd/1-117   [000] ...2   252.005487: sched_switch: prev_comm=mmcqd/1 prev_pid=117 prev_prio=120 prev_state=R+ ==> next_comm=kworker/0:1H next_pid=17 next_prio=100
    kworker/0:1H-17    [000] ...2   252.005499: sched_switch: prev_comm=kworker/0:1H prev_pid=17 prev_prio=100 prev_state=S ==> next_comm=mmcqd/1 next_pid=117 next_prio=120
         mmcqd/1-117   [000] ...2   252.005517: sched_switch: prev_comm=mmcqd/1 prev_pid=117 prev_prio=120 prev_state=S ==> next_comm=swapper/0 next_pid=0 next_prio=120
           <...>-4555  [001] d..2   252.008000: block_rq_insert: 179,0 R 0 () 4082472 + 16 [main]
           <...>-4555  [001] d..2   252.008004: block_rq_insert: 179,0 R 0 () 4082496 + 8 [main]
           <...>-4555  [001] d..2   252.008006: block_rq_insert: 179,0 R 0 () 4082512 + 8 [main]
           <...>-4555  [001] d..2   252.008008: block_rq_insert: 179,0 R 0 () 4082536 + 8 [main]
           <...>-4555  [001] d..2   252.008009: block_rq_insert: 179,0 R 0 () 4082552 + 48 [main]
           <...>-4555  [001] ...2   252.008025: sched_switch: prev_comm=main prev_pid=4555 prev_prio=120 prev_state=D|W ==> next_comm=swapper/1 next_pid=0 next_prio=120
          <idle>-0     [000] ...2   252.008031: sched_switch: prev_comm=swapper/0 prev_pid=0 prev_prio=120 prev_state=R ==> next_comm=mmcqd/1 next_pid=117 next_prio=120
         mmcqd/1-117   [000] ...2   252.008111: sched_switch: prev_comm=mmcqd/1 prev_pid=117 prev_prio=120 prev_state=S ==> next_comm=swapper/0 next_pid=0 next_prio=120
          <idle>-0     [000] ...2   252.008380: sched_switch: prev_comm=swapper/0 prev_pid=0 prev_prio=120 prev_state=R ==> next_comm=mmcqd/1 next_pid=117 next_prio=120
         mmcqd/1-117   [000] ...1   252.008423: block_rq_complete: 179,0 RA () 4082472 + 16 [0]
          <idle>-0     [001] ...2   252.008468: sched_switch: prev_comm=swapper/1 prev_pid=0 prev_prio=120 prev_state=R ==> next_comm=kworker/u:3 next_pid=113 next_prio=120
         mmcqd/1-117   [000] ...2   252.008483: sched_switch: prev_comm=mmcqd/1 prev_pid=117 prev_prio=120 prev_state=R+ ==> next_comm=mpdecision next_pid=1613 next_prio=113
     kworker/u:3-113   [001] ...2   252.008484: sched_switch: prev_comm=kworker/u:3 prev_pid=113 prev_prio=120 prev_state=S ==> next_comm=ksoftirqd/1 next_pid=4544 next_prio=120
           <...>-4544  [001] ...2   252.008492: sched_switch: prev_comm=ksoftirqd/1 prev_pid=4544 prev_prio=120 prev_state=S ==> next_comm=main next_pid=4555 next_prio=120
      mpdecision-1613  [000] ...2   252.008895: sched_switch: prev_comm=mpdecision prev_pid=1613 prev_prio=113 prev_state=S ==> next_comm=mmcqd/1 next_pid=117 next_prio=120
         mmcqd/1-117   [000] ...1   252.008957: block_rq_complete: 179,0 RA () 4082496 + 8 [0]
         mmcqd/1-117   [000] ...2   252.008992: sched_switch: prev_comm=mmcqd/1 prev_pid=117 prev_prio=120 prev_state=S ==> next_comm=swapper/0 next_pid=0 next_prio=120
          <idle>-0     [000] ...2   252.009017: sched_switch: prev_comm=swapper/0 prev_pid=0 prev_prio=120 prev_state=R ==> next_comm=ksoftirqd/0 next_pid=3 next_prio=120
     ksoftirqd/0-3     [000] ...2   252.009032: sched_switch: prev_comm=ksoftirqd/0 prev_pid=3 prev_prio=120 prev_state=S ==> next_comm=swapper/0 next_pid=0 next_prio=120
          <idle>-0     [000] ...2   252.009054: sched_switch: prev_comm=swapper/0 prev_pid=0 prev_prio=120 prev_state=R ==> next_comm=ksoftirqd/0 next_pid=3 next_prio=120
     ksoftirqd/0-3     [000] ...2   252.009067: sched_switch: prev_comm=ksoftirqd/0 prev_pid=3 prev_prio=120 prev_state=S ==> next_comm=swapper/0 next_pid=0 next_prio=120
          <idle>-0     [000] ...2   252.009089: sched_switch: prev_comm=swapper/0 prev_pid=0 prev_prio=120 prev_state=R ==> next_comm=ksoftirqd/0 next_pid=3 next_prio=120
     ksoftirqd/0-3     [000] ...2   252.009101: sched_switch: prev_comm=ksoftirqd/0 prev_pid=3 prev_prio=120 prev_state=S ==> next_comm=swapper/0 next_pid=0 next_prio=120
          <idle>-0     [000] ...2   252.009251: sched_switch: prev_comm=swapper/0 prev_pid=0 prev_prio=120 prev_state=R ==> next_comm=mmcqd/1 next_pid=117 next_prio=120
         mmcqd/1-117   [000] ...1   252.009290: block_rq_complete: 179,0 RA () 4082512 + 8 [0]
         mmcqd/1-117   [000] ...2   252.009340: sched_switch: prev_comm=mmcqd/1 prev_pid=117 prev_prio=120 prev_state=S ==> next_comm=swapper/0 next_pid=0 next_prio=120
          <idle>-0     [000] ...2   252.009545: sched_switch: prev_comm=swapper/0 prev_pid=0 prev_prio=120 prev_state=R ==> next_comm=mmcqd/1 next_pid=117 next_prio=120
         mmcqd/1-117   [000] ...1   252.009584: block_rq_complete: 179,0 RA () 4082536 + 8 [0]
         mmcqd/1-117   [000] ...2   252.009605: sched_switch: prev_comm=mmcqd/1 prev_pid=117 prev_prio=120 prev_state=S ==> next_comm=swapper/0 next_pid=0 next_prio=120
          <idle>-0     [000] ...2   252.010059: sched_switch: prev_comm=swapper/0 prev_pid=0 prev_prio=120 prev_state=R ==> next_comm=mmcqd/1 next_pid=117 next_prio=120
         mmcqd/1-117   [000] ...1   252.010088: block_rq_complete: 179,0 RA () 4082552 + 48 [0]
         mmcqd/1-117   [000] ...2   252.010112: sched_switch: prev_comm=mmcqd/1 prev_pid=117 prev_prio=120 prev_state=R+ ==> next_comm=kworker/0:1H next_pid=17 next_prio=100
    kworker/0:1H-17    [000] ...2   252.010124: sched_switch: prev_comm=kworker/0:1H prev_pid=17 prev_prio=100 prev_state=S ==> next_comm=mmcqd/1 next_pid=117 next_prio=120
         mmcqd/1-117   [000] ...2   252.010142: sched_switch: prev_comm=mmcqd/1 prev_pid=117 prev_prio=120 prev_state=S ==> next_comm=swapper/0 next_pid=0 next_prio=120
          <idle>-0     [000] ...2   252.018480: sched_switch: prev_comm=swapper/0 prev_pid=0 prev_prio=120 prev_state=R ==> next_comm=ksoftirqd/0 next_pid=3 next_prio=120
     ksoftirqd/0-3     [000] ...2   252.018495: sched_switch: prev_comm=ksoftirqd/0 prev_pid=3 prev_prio=120 prev_state=S ==> next_comm=swapper/0 next_pid=0 next_prio=120
          <idle>-0     [000] ...2   252.018518: sched_switch: prev_comm=swapper/0 prev_pid=0 prev_prio=120 prev_state=R ==> next_comm=ksoftirqd/0 next_pid=3 next_prio=120
     ksoftirqd/0-3     [000] ...2   252.018531: sched_switch: prev_comm=ksoftirqd/0 prev_pid=3 prev_prio=120 prev_state=S ==> next_comm=swapper/0 next_pid=0 next_prio=120
          <idle>-0     [000] ...2   252.018552: sched_switch: prev_comm=swapper/0 prev_pid=0 prev_prio=120 prev_state=R ==> next_comm=ksoftirqd/0 next_pid=3 next_prio=120
     ksoftirqd/0-3     [000] ...2   252.018566: sched_switch: prev_comm=ksoftirqd/0 prev_pid=3 prev_prio=120 prev_state=S ==> next_comm=swapper/0 next_pid=0 next_prio=120
           <...>-4555  [001] d..2   252.018675: block_rq_insert: 179,0 R 0 () 802944 + 32 [main]
           <...>-4555  [001] ...2   252.018691: sched_switch: prev_comm=main prev_pid=4555 prev_prio=120 prev_state=D|W ==> next_comm=swapper/1 next_pid=0 next_prio=120
          <idle>-0     [000] ...2   252.018698: sched_switch: prev_comm=swapper/0 prev_pid=0 prev_prio=120 prev_state=R ==> next_comm=mmcqd/1 next_pid=117 next_prio=120
          <idle>-0     [001] ...2   252.018708: sched_switch: prev_comm=swapper/1 prev_pid=0 prev_prio=120 prev_state=R ==> next_comm=ksoftirqd/1 next_pid=4544 next_prio=120
           <...>-4544  [001] ...2   252.018717: sched_switch: prev_comm=ksoftirqd/1 prev_pid=4544 prev_prio=120 prev_state=S ==> next_comm=swapper/1 next_pid=0 next_prio=120
          <idle>-0     [001] ...2   252.018732: sched_switch: prev_comm=swapper/1 prev_pid=0 prev_prio=120 prev_state=R ==> next_comm=ksoftirqd/1 next_pid=4544 next_prio=120
           <...>-4544  [001] ...2   252.018740: sched_switch: prev_comm=ksoftirqd/1 prev_pid=4544 prev_prio=120 prev_state=S ==> next_comm=swapper/1 next_pid=0 next_prio=120
         mmcqd/1-117   [000] ...2   252.018772: sched_switch: prev_comm=mmcqd/1 prev_pid=117 prev_prio=120 prev_state=S ==> next_comm=swapper/0 next_pid=0 next_prio=120
          <idle>-0     [000] ...2   252.019250: sched_switch: prev_comm=swapper/0 prev_pid=0 prev_prio=120 prev_state=R ==> next_comm=mmcqd/1 next_pid=117 next_prio=120
         mmcqd/1-117   [000] ...1   252.019273: block_rq_complete: 179,0 RA () 802944 + 32 [0]
          <idle>-0     [001] ...2   252.019292: sched_switch: prev_comm=swapper/1 prev_pid=0 prev_prio=120 prev_state=R ==> next_comm=main next_pid=4555 next_prio=120
         mmcqd/1-117   [000] ...2   252.019305: sched_switch: prev_comm=mmcqd/1 prev_pid=117 prev_prio=120 prev_state=R+ ==> next_comm=kworker/0:1H next_pid=17 next_prio=100
    kworker/0:1H-17    [000] ...2   252.019318: sched_switch: prev_comm=kworker/0:1H prev_pid=17 prev_prio=100 prev_state=S ==> next_comm=mmcqd/1 next_pid=117 next_prio=120
           <...>-4555  [001] d..2   252.019325: block_rq_insert: 179,0 R 0 () 802976 + 16 [main]
           <...>-4555  [001] ...2   252.019366: sched_switch: prev_comm=main prev_pid=4555 prev_prio=120 prev_state=D|W ==> next_comm=swapper/1 next_pid=0 next_prio=120
         mmcqd/1-117   [000] ...2   252.019392: sched_switch: prev_comm=mmcqd/1 prev_pid=117 prev_prio=120 prev_state=S ==> next_comm=swapper/0 next_pid=0 next_prio=120
          <idle>-0     [000] ...2   252.019667: sched_switch: prev_comm=swapper/0 prev_pid=0 prev_prio=120 prev_state=R ==> next_comm=mmcqd/1 next_pid=117 next_prio=120
         mmcqd/1-117   [000] ...1   252.019685: block_rq_complete: 179,0 RA () 802976 + 16 [0]
          <idle>-0     [001] ...2   252.019701: sched_switch: prev_comm=swapper/1 prev_pid=0 prev_prio=120 prev_state=R ==> next_comm=main next_pid=4555 next_prio=120
         mmcqd/1-117   [000] ...2   252.019714: sched_switch: prev_comm=mmcqd/1 prev_pid=117 prev_prio=120 prev_state=R+ ==> next_comm=kworker/0:1H next_pid=17 next_prio=100
    kworker/0:1H-17    [000] ...2   252.019726: sched_switch: prev_comm=kworker/0:1H prev_pid=17 prev_prio=100 prev_state=S ==> next_comm=mmcqd/1 next_pid=117 next_prio=120
         mmcqd/1-117   [000] ...2   252.019743: sched_switch: prev_comm=mmcqd/1 prev_pid=117 prev_prio=120 prev_state=S ==> next_comm=swapper/0 next_pid=0 next_prio=120
           <...>-4555  [001] d..2   252.019993: block_rq_insert: 179,0 R 0 () 3984384 + 256 [main]
           <...>-4555  [001] ...2   252.020007: sched_switch: prev_comm=main prev_pid=4555 prev_prio=120 prev_state=D|W ==> next_comm=swapper/1 next_pid=0 next_prio=120
          <idle>-0     [000] ...2   252.020010: sched_switch: prev_comm=swapper/0 prev_pid=0 prev_prio=120 prev_state=R ==> next_comm=mmcqd/1 next_pid=117 next_prio=120
         mmcqd/1-117   [000] ...2   252.020177: sched_switch: prev_comm=mmcqd/1 prev_pid=117 prev_prio=120 prev_state=S ==> next_comm=swapper/0 next_pid=0 next_prio=120
          <idle>-0     [000] ...2   252.021599: sched_switch: prev_comm=swapper/0 prev_pid=0 prev_prio=120 prev_state=R ==> next_comm=mmcqd/1 next_pid=117 next_prio=120
         mmcqd/1-117   [000] ...1   252.021705: block_rq_complete: 179,0 RA () 3984384 + 256 [0]
          <idle>-0     [001] ...2   252.021732: sched_switch: prev_comm=swapper/1 prev_pid=0 prev_prio=120 prev_state=R ==> next_comm=main next_pid=4555 next_prio=120
         mmcqd/1-117   [000] ...2   252.021745: sched_switch: prev_comm=mmcqd/1 prev_pid=117 prev_prio=120 prev_state=R+ ==> next_comm=kworker/0:1H next_pid=17 next_prio=100
    kworker/0:1H-17    [000] ...2   252.021756: sched_switch: prev_comm=kworker/0:1H prev_pid=17 prev_prio=100 prev_state=S ==> next_comm=mmcqd/1 next_pid=117 next_prio=120
         mmcqd/1-117   [000] ...2   252.021772: sched_switch: prev_comm=mmcqd/1 prev_pid=117 prev_prio=120 prev_state=S ==> next_comm=swapper/0 next_pid=0 next_prio=120
           <...>-4555  [001] d..2   252.021948: block_rq_insert: 179,0 R 0 () 3984640 + 16 [main]
           <...>-4555  [001] ...2   252.021962: sched_switch: prev_comm=main prev_pid=4555 prev_prio=120 prev_state=D|W ==> next_comm=swapper/1 next_pid=0 next_prio=120
          <idle>-0     [000] ...2   252.021965: sched_switch: prev_comm=swapper/0 prev_pid=0 prev_prio=120 prev_state=R ==> next_comm=mmcqd/1 next_pid=117 next_prio=120
         mmcqd/1-117   [000] ...2   252.022026: sched_switch: prev_comm=mmcqd/1 prev_pid=117 prev_prio=120 prev_state=S ==> next_comm=swapper/0 next_pid=0 next_prio=120
          <idle>-0     [000] ...2   252.022277: sched_switch: prev_comm=swapper/0 prev_pid=0 prev_prio=120 prev_state=R ==> next_comm=mmcqd/1 next_pid=117 next_prio=120
         mmcqd/1-117   [000] ...1   252.022296: block_rq_complete: 179,0 RA () 3984640 + 16 [0]
          <idle>-0     [001] ...2   252.022311: sched_switch: prev_comm=swapper/1 prev_pid=0 prev_prio=120 prev_state=R ==> next_comm=main next_pid=4555 next_prio=120
         mmcqd/1-117   [000] ...2   252.022322: sched_switch: prev_comm=mmcqd/1 prev_pid=117 prev_prio=120 prev_state=R+ ==> next_comm=kworker/0:1H next_pid=17 next_prio=100
    kworker/0:1H-17    [000] ...2   252.022333: sched_switch: prev_comm=kworker/0:1H prev_pid=17 prev_prio=100 prev_state=S ==> next_comm=mmcqd/1 next_pid=117 next_prio=120
         mmcqd/1-117   [000] ...2   252.022350: sched_switch: prev_comm=mmcqd/1 prev_pid=117 prev_prio=120 prev_state=S ==> next_comm=swapper/0 next_pid=0 next_prio=120
          <idle>-0     [000] ...2   252.022903: sched_switch: prev_comm=swapper/0 prev_pid=0 prev_prio=120 prev_state=R ==> next_comm=main next_pid=4560 next_prio=120
           <...>-4555  [001] ...2   252.023003: sched_switch: prev_comm=main prev_pid=4555 prev_prio=120 prev_state=D ==> next_comm=main next_pid=4561 next_prio=120
           <...>-4561  [001] ...2   252.023012: sched_switch: prev_comm=main prev_pid=4561 prev_prio=120 prev_state=R+ ==> next_comm=main next_pid=4555 next_prio=120
           <...>-4560  [000] ...2   252.023024: sched_switch: prev_comm=main prev_pid=4560 prev_prio=120 prev_state=D ==> next_comm=swapper/0 next_pid=0 next_prio=120
           <...>-4555  [001] ...2   252.023047: sched_switch: prev_comm=main prev_pid=4555 prev_prio=120 prev_state=D ==> next_comm=main next_pid=4561 next_prio=120
           <...>-4561  [001] ...2   252.023062: sched_switch: prev_comm=main prev_pid=4561 prev_prio=120 prev_state=R+ ==> next_comm=main next_pid=4555 next_prio=120
          <idle>-0     [000] ...2   252.023066: sched_switch: prev_comm=swapper/0 prev_pid=0 prev_prio=120 prev_state=R ==> next_comm=main next_pid=4560 next_prio=120
           <...>-4555  [001] ...2   252.023095: sched_switch: prev_comm=main prev_pid=4555 prev_prio=120 prev_state=D ==> next_comm=main next_pid=4561 next_prio=120
           <...>-4561  [001] ...2   252.023102: sched_switch: prev_comm=main prev_pid=4561 prev_prio=120 prev_state=R ==> next_comm=main next_pid=4555 next_prio=120
           <...>-4560  [000] ...2   252.023111: sched_switch: prev_comm=main prev_pid=4560 prev_prio=120 prev_state=D ==> next_comm=main next_pid=4562 next_prio=120
           <...>-4562  [000] ...2   252.023119: sched_switch: prev_comm=main prev_pid=4562 prev_prio=120 prev_state=R+ ==> next_comm=main next_pid=4560 next_prio=120
           <...>-4555  [001] ...2   252.023119: sched_switch: prev_comm=main prev_pid=4555 prev_prio=120 prev_state=D ==> next_comm=main next_pid=4561 next_prio=120
           <...>-4561  [001] ...2   252.023135: sched_switch: prev_comm=main prev_pid=4561 prev_prio=120 prev_state=R+ ==> next_comm=main next_pid=4555 next_prio=120
           <...>-4560  [000] ...2   252.023140: sched_switch: prev_comm=main prev_pid=4560 prev_prio=120 prev_state=D ==> next_comm=main next_pid=4562 next_prio=120
           <...>-4562  [000] ...2   252.023148: sched_switch: prev_comm=main prev_pid=4562 prev_prio=120 prev_state=R+ ==> next_comm=main next_pid=4560 next_prio=120
           <...>-4555  [001] ...2   252.023149: sched_switch: prev_comm=main prev_pid=4555 prev_prio=120 prev_state=S ==> next_comm=main next_pid=4561 next_prio=120
           <...>-4560  [000] ...2   252.023187: sched_switch: prev_comm=main prev_pid=4560 prev_prio=120 prev_state=D ==> next_comm=main next_pid=4562 next_prio=120
           <...>-4562  [000] ...2   252.023194: sched_switch: prev_comm=main prev_pid=4562 prev_prio=120 prev_state=R+ ==> next_comm=main next_pid=4560 next_prio=120
           <...>-4560  [000] ...2   252.023262: sched_switch: prev_comm=main prev_pid=4560 prev_prio=120 prev_state=D ==> next_comm=main next_pid=4562 next_prio=120
           <...>-4562  [000] ...2   252.023270: sched_switch: prev_comm=main prev_pid=4562 prev_prio=120 prev_state=R+ ==> next_comm=main next_pid=4560 next_prio=120
           <...>-4561  [001] ...2   252.023274: sched_switch: prev_comm=main prev_pid=4561 prev_prio=120 prev_state=D ==> next_comm=swapper/1 next_pid=0 next_prio=120
          <idle>-0     [001] ...2   252.023291: sched_switch: prev_comm=swapper/1 prev_pid=0 prev_prio=120 prev_state=R ==> next_comm=main next_pid=4561 next_prio=120
           <...>-4560  [000] ...2   252.023298: sched_switch: prev_comm=main prev_pid=4560 prev_prio=120 prev_state=D ==> next_comm=main next_pid=4562 next_prio=120
           <...>-4562  [000] ...2   252.023306: sched_switch: prev_comm=main prev_pid=4562 prev_prio=120 prev_state=R+ ==> next_comm=main next_pid=4560 next_prio=120
           <...>-4561  [001] ...2   252.023355: sched_switch: prev_comm=main prev_pid=4561 prev_prio=120 prev_state=S ==> next_comm=swapper/1 next_pid=0 next_prio=120
          <idle>-0     [001] ...2   252.024006: sched_switch: prev_comm=swapper/1 prev_pid=0 prev_prio=120 prev_state=R ==> next_comm=main next_pid=4561 next_prio=120
           <...>-4560  [000] ...2   252.024037: sched_switch: prev_comm=Heap thread poo prev_pid=4560 prev_prio=120 prev_state=S ==> next_comm=main next_pid=4562 next_prio=120
           <...>-4561  [001] ...2   252.024050: sched_switch: prev_comm=main prev_pid=4561 prev_prio=120 prev_state=D ==> next_comm=swapper/1 next_pid=0 next_prio=120
          <idle>-0     [001] ...2   252.024057: sched_switch: prev_comm=swapper/1 prev_pid=0 prev_prio=120 prev_state=R ==> next_comm=main next_pid=4561 next_prio=120
           <...>-4562  [000] ...2   252.024075: sched_switch: prev_comm=main prev_pid=4562 prev_prio=120 prev_state=S ==> next_comm=swapper/0 next_pid=0 next_prio=120
          <idle>-0     [000] ...2   252.024383: sched_switch: prev_comm=swapper/0 prev_pid=0 prev_prio=120 prev_state=R ==> next_comm=main next_pid=4562 next_prio=120
           <...>-4561  [001] ...2   252.024391: sched_switch: prev_comm=Heap thread poo prev_pid=4561 prev_prio=120 prev_state=S ==> next_comm=swapper/1 next_pid=0 next_prio=120
          <idle>-0     [001] ...2   252.025031: sched_switch: prev_comm=swapper/1 prev_pid=0 prev_prio=120 prev_state=R ==> next_comm=main next_pid=4555 next_prio=120
           <...>-4562  [000] ...2   252.025053: sched_switch: prev_comm=Heap thread poo prev_pid=4562 prev_prio=120 prev_state=S ==> next_comm=Heap thread poo next_pid=4560 next_prio=120
           <...>-4555  [001] ...2   252.025075: sched_switch: prev_comm=main prev_pid=4555 prev_prio=120 prev_state=D ==> next_comm=swapper/1 next_pid=0 next_prio=120
          <idle>-0     [001] ...2   252.025090: sched_switch: prev_comm=swapper/1 prev_pid=0 prev_prio=120 prev_state=R ==> next_comm=main next_pid=4555 next_prio=120
           <...>-4560  [000] ...2   252.025096: sched_switch: prev_comm=Heap thread poo prev_pid=4560 prev_prio=120 prev_state=D ==> next_comm=swapper/0 next_pid=0 next_prio=120
          <idle>-0     [000] ...2   252.025104: sched_switch: prev_comm=swapper/0 prev_pid=0 prev_prio=120 prev_state=R ==> next_comm=Heap thread poo next_pid=4560 next_prio=120
           <...>-4560  [000] ...2   252.025129: sched_switch: prev_comm=Heap thread poo prev_pid=4560 prev_prio=120 prev_state=S ==> next_comm=main next_pid=4563 next_prio=120
           <...>-4555  [001] ...2   252.025139: sched_switch: prev_comm=main prev_pid=4555 prev_prio=120 prev_state=S ==> next_comm=Heap thread poo next_pid=4561 next_prio=120
           <...>-4561  [001] ...2   252.025156: sched_switch: prev_comm=Heap thread poo prev_pid=4561 prev_prio=120 prev_state=S ==> next_comm=swapper/1 next_pid=0 next_prio=120
          <idle>-0     [001] ...2   252.025879: sched_switch: prev_comm=swapper/1 prev_pid=0 prev_prio=120 prev_state=R ==> next_comm=main next_pid=4555 next_prio=120
           <...>-4563  [000] ...2   252.025885: sched_switch: prev_comm=Signal Catcher prev_pid=4563 prev_prio=120 prev_state=S ==> next_comm=swapper/0 next_pid=0 next_prio=120
          <idle>-0     [000] ...2   252.025950: sched_switch: prev_comm=swapper/0 prev_pid=0 prev_prio=120 prev_state=R ==> next_comm=main next_pid=4564 next_prio=120
           <...>-4555  [001] ...2   252.025953: sched_switch: prev_comm=main prev_pid=4555 prev_prio=120 prev_state=S ==> next_comm=swapper/1 next_pid=0 next_prio=120
          <idle>-0     [001] ...2   252.026681: sched_switch: prev_comm=swapper/1 prev_pid=0 prev_prio=120 prev_state=R ==> next_comm=main next_pid=4555 next_prio=120
           <...>-4564  [000] ...2   252.026768: sched_switch: prev_comm=JDWP prev_pid=4564 prev_prio=120 prev_state=R+ ==> next_comm=adbd next_pid=790 next_prio=120
           <...>-4555  [001] d..2   252.026837: block_rq_insert: 179,0 R 0 () 4067352 + 8 [main]
           <...>-4555  [001] d..2   252.026840: block_rq_insert: 179,0 R 0 () 4067368 + 8 [main]
           <...>-4555  [001] ...2   252.026851: sched_switch: prev_comm=main prev_pid=4555 prev_prio=120 prev_state=D|W ==> next_comm=mmcqd/1 next_pid=117 next_prio=120
         mmcqd/1-117   [001] ...2   252.026900: sched_switch: prev_comm=mmcqd/1 prev_pid=117 prev_prio=120 prev_state=S ==> next_comm=swapper/1 next_pid=0 next_prio=120
            adbd-790   [000] ...2   252.027028: sched_switch: prev_comm=adbd prev_pid=790 prev_prio=120 prev_state=S ==> next_comm=JDWP next_pid=4564 next_prio=120
           <...>-4564  [000] ...2   252.027058: sched_switch: prev_comm=JDWP prev_pid=4564 prev_prio=120 prev_state=R+ ==> next_comm=adbd next_pid=790 next_prio=120
          <idle>-0     [001] ...2   252.027137: sched_switch: prev_comm=swapper/1 prev_pid=0 prev_prio=120 prev_state=R ==> next_comm=mmcqd/1 next_pid=117 next_prio=120
         mmcqd/1-117   [001] ...1   252.027159: block_rq_complete: 179,0 RA () 4067352 + 8 [0]
         mmcqd/1-117   [001] ...2   252.027171: sched_switch: prev_comm=mmcqd/1 prev_pid=117 prev_prio=120 prev_state=S ==> next_comm=swapper/1 next_pid=0 next_prio=120
            adbd-790   [000] ...2   252.027368: sched_switch: prev_comm=adbd prev_pid=790 prev_prio=120 prev_state=S ==> next_comm=adbd next_pid=792 next_prio=120
          <idle>-0     [001] ...2   252.027418: sched_switch: prev_comm=swapper/1 prev_pid=0 prev_prio=120 prev_state=R ==> next_comm=mmcqd/1 next_pid=117 next_prio=120
         mmcqd/1-117   [001] ...1   252.027428: block_rq_complete: 179,0 RA () 4067368 + 8 [0]
         mmcqd/1-117   [001] ...2   252.027445: sched_switch: prev_comm=mmcqd/1 prev_pid=117 prev_prio=120 prev_state=R+ ==> next_comm=kworker/1:0H next_pid=4543 next_prio=100
           <...>-4543  [001] ...2   252.027453: sched_switch: prev_comm=kworker/1:0H prev_pid=4543 prev_prio=100 prev_state=S ==> next_comm=mmcqd/1 next_pid=117 next_prio=120
         mmcqd/1-117   [001] ...2   252.027462: sched_switch: prev_comm=mmcqd/1 prev_pid=117 prev_prio=120 prev_state=S ==> next_comm=main next_pid=4555 next_prio=120
            adbd-792   [000] ...2   252.027493: sched_switch: prev_comm=adbd prev_pid=792 prev_prio=120 prev_state=S ==> next_comm=JDWP next_pid=4564 next_prio=120
           <...>-4564  [000] ...2   252.027513: sched_switch: prev_comm=JDWP prev_pid=4564 prev_prio=120 prev_state=S ==> next_comm=swapper/0 next_pid=0 next_prio=120
           <...>-4555  [001] d..2   252.027834: block_rq_insert: 179,0 R 0 () 3993912 + 8 [main]
           <...>-4555  [001] d..2   252.027837: block_rq_insert: 179,0 R 0 () 3993944 + 16 [main]
           <...>-4555  [001] d..2   252.027839: block_rq_insert: 179,0 R 0 () 3993968 + 72 [main]
           <...>-4555  [001] ...2   252.027850: sched_switch: prev_comm=main prev_pid=4555 prev_prio=120 prev_state=D|W ==> next_comm=mmcqd/1 next_pid=117 next_prio=120
          <idle>-0     [000] ...2   252.027869: sched_switch: prev_comm=swapper/0 prev_pid=0 prev_prio=120 prev_state=R ==> next_comm=adbd next_pid=793 next_prio=120
         mmcqd/1-117   [001] ...2   252.027892: sched_switch: prev_comm=mmcqd/1 prev_pid=117 prev_prio=120 prev_state=S ==> next_comm=swapper/1 next_pid=0 next_prio=120
            adbd-793   [000] ...2   252.027928: sched_switch: prev_comm=adbd prev_pid=793 prev_prio=120 prev_state=S ==> next_comm=adbd next_pid=790 next_prio=120
          <idle>-0     [001] ...2   252.028134: sched_switch: prev_comm=swapper/1 prev_pid=0 prev_prio=120 prev_state=R ==> next_comm=mmcqd/1 next_pid=117 next_prio=120
            adbd-790   [000] ...2   252.028148: sched_switch: prev_comm=adbd prev_pid=790 prev_prio=120 prev_state=S ==> next_comm=adbd next_pid=792 next_prio=120
         mmcqd/1-117   [001] ...1   252.028155: block_rq_complete: 179,0 RA () 3993912 + 8 [0]
            adbd-792   [000] ...2   252.028165: sched_switch: prev_comm=adbd prev_pid=792 prev_prio=120 prev_state=S ==> next_comm=swapper/0 next_pid=0 next_prio=120
         mmcqd/1-117   [001] ...2   252.028194: sched_switch: prev_comm=mmcqd/1 prev_pid=117 prev_prio=120 prev_state=S ==> next_comm=main next_pid=4555 next_prio=120
           <...>-4555  [001] d..2   252.028330: block_rq_insert: 179,0 R 0 () 4026856 + 24 [main]
           <...>-4555  [001] d..2   252.028333: block_rq_insert: 179,0 R 0 () 4026944 + 8 [main]
           <...>-4555  [001] d..2   252.028334: block_rq_insert: 179,0 R 0 () 4026960 + 40 [main]
           <...>-4555  [001] d..2   252.028336: block_rq_insert: 179,0 R 0 () 4027008 + 24 [main]
           <...>-4555  [001] ...2   252.028343: sched_switch: prev_comm=main prev_pid=4555 prev_prio=120 prev_state=D|W ==> next_comm=swapper/1 next_pid=0 next_prio=120
          <idle>-0     [001] ...2   252.028475: sched_switch: prev_comm=swapper/1 prev_pid=0 prev_prio=120 prev_state=R ==> next_comm=ksoftirqd/1 next_pid=4544 next_prio=120
           <...>-4544  [001] ...2   252.028484: sched_switch: prev_comm=ksoftirqd/1 prev_pid=4544 prev_prio=120 prev_state=S ==> next_comm=swapper/1 next_pid=0 next_prio=120
          <idle>-0     [001] ...2   252.028499: sched_switch: prev_comm=swapper/1 prev_pid=0 prev_prio=120 prev_state=R ==> next_comm=ksoftirqd/1 next_pid=4544 next_prio=120
           <...>-4544  [001] ...2   252.028513: sched_switch: prev_comm=ksoftirqd/1 prev_pid=4544 prev_prio=120 prev_state=S ==> next_comm=mmcqd/1 next_pid=117 next_prio=120
          <idle>-0     [000] ...2   252.028528: sched_switch: prev_comm=swapper/0 prev_pid=0 prev_prio=120 prev_state=R ==> next_comm=ksoftirqd/0 next_pid=3 next_prio=120
         mmcqd/1-117   [001] ...1   252.028536: block_rq_complete: 179,0 RA () 3993944 + 16 [0]
     ksoftirqd/0-3     [000] ...2   252.028546: sched_switch: prev_comm=ksoftirqd/0 prev_pid=3 prev_prio=120 prev_state=S ==> next_comm=swapper/0 next_pid=0 next_prio=120
         mmcqd/1-117   [001] ...2   252.028558: sched_switch: prev_comm=mmcqd/1 prev_pid=117 prev_prio=120 prev_state=S ==> next_comm=swapper/1 next_pid=0 next_prio=120
          <idle>-0     [000] ...2   252.028572: sched_switch: prev_comm=swapper/0 prev_pid=0 prev_prio=120 prev_state=R ==> next_comm=ksoftirqd/0 next_pid=3 next_prio=120
     ksoftirqd/0-3     [000] ...2   252.028581: sched_switch: prev_comm=ksoftirqd/0 prev_pid=3 prev_prio=120 prev_state=S ==> next_comm=swapper/0 next_pid=0 next_prio=120
          <idle>-0     [000] ...2   252.029141: sched_switch: prev_comm=swapper/0 prev_pid=0 prev_prio=120 prev_state=R ==> next_comm=mmcqd/1 next_pid=117 next_prio=120
         mmcqd/1-117   [000] ...1   252.029205: block_rq_complete: 179,0 RA () 3993968 + 72 [0]
         mmcqd/1-117   [000] ...2   252.029242: sched_switch: prev_comm=mmcqd/1 prev_pid=117 prev_prio=120 prev_state=S ==> next_comm=swapper/0 next_pid=0 next_prio=120
          <idle>-0     [000] ...2   252.029493: sched_switch: prev_comm=swapper/0 prev_pid=0 prev_prio=120 prev_state=R ==> next_comm=mmcqd/1 next_pid=117 next_prio=120
         mmcqd/1-117   [000] ...1   252.029539: block_rq_complete: 179,0 RA () 4026856 + 24 [0]
         mmcqd/1-117   [000] ...2   252.029585: sched_switch: prev_comm=mmcqd/1 prev_pid=117 prev_prio=120 prev_state=S ==> next_comm=swapper/0 next_pid=0 next_prio=120
          <idle>-0     [000] ...2   252.029782: sched_switch: prev_comm=swapper/0 prev_pid=0 prev_prio=120 prev_state=R ==> next_comm=mmcqd/1 next_pid=117 next_prio=120
         mmcqd/1-117   [000] ...1   252.029822: block_rq_complete: 179,0 RA () 4026944 + 8 [0]
          <idle>-0     [001] ...2   252.029839: sched_switch: prev_comm=swapper/1 prev_pid=0 prev_prio=120 prev_state=R ==> next_comm=main next_pid=4555 next_prio=120
         mmcqd/1-117   [000] ...2   252.029865: sched_switch: prev_comm=mmcqd/1 prev_pid=117 prev_prio=120 prev_state=S ==> next_comm=swapper/0 next_pid=0 next_prio=120
           <...>-4555  [001] d..2   252.029892: block_rq_insert: 179,0 R 0 () 4028616 + 96 [main]
           <...>-4555  [001] d..2   252.029894: block_rq_insert: 179,0 R 0 () 4028736 + 56 [main]
           <...>-4555  [001] ...2   252.029903: sched_switch: prev_comm=main prev_pid=4555 prev_prio=120 prev_state=D|W ==> next_comm=swapper/1 next_pid=0 next_prio=120
          <idle>-0     [000] ...2   252.030254: sched_switch: prev_comm=swapper/0 prev_pid=0 prev_prio=120 prev_state=R ==> next_comm=mmcqd/1 next_pid=117 next_prio=120
         mmcqd/1-117   [000] ...1   252.030305: block_rq_complete: 179,0 RA () 4026960 + 40 [0]
         mmcqd/1-117   [000] ...2   252.030372: sched_switch: prev_comm=mmcqd/1 prev_pid=117 prev_prio=120 prev_state=S ==> next_comm=swapper/0 next_pid=0 next_prio=120
          <idle>-0     [000] ...2   252.030590: sched_switch: prev_comm=swapper/0 prev_pid=0 prev_prio=120 prev_state=R ==> next_comm=mmcqd/1 next_pid=117 next_prio=120
         mmcqd/1-117   [000] ...1   252.030635: block_rq_complete: 179,0 RA () 4027008 + 24 [0]
         mmcqd/1-117   [000] ...2   252.030685: sched_switch: prev_comm=mmcqd/1 prev_pid=117 prev_prio=120 prev_state=S ==> next_comm=swapper/0 next_pid=0 next_prio=120
          <idle>-0     [000] ...2   252.031406: sched_switch: prev_comm=swapper/0 prev_pid=0 prev_prio=120 prev_state=R ==> next_comm=mmcqd/1 next_pid=117 next_prio=120
         mmcqd/1-117   [000] ...1   252.031476: block_rq_complete: 179,0 RA () 4028616 + 96 [0]
          <idle>-0     [001] ...2   252.031495: sched_switch: prev_comm=swapper/1 prev_pid=0 prev_prio=120 prev_state=R ==> next_comm=main next_pid=4555 next_prio=120
         mmcqd/1-117   [000] ...2   252.031506: sched_switch: prev_comm=mmcqd/1 prev_pid=117 prev_prio=120 prev_state=S ==> next_comm=swapper/0 next_pid=0 next_prio=120
          <idle>-0     [000] ...2   252.031608: sched_switch: prev_comm=swapper/0 prev_pid=0 prev_prio=120 prev_state=R ==> next_comm=main next_pid=4565 next_prio=120
           <...>-4555  [001] d..2   252.031841: block_rq_insert: 179,0 R 0 () 3993624 + 48 [main]
           <...>-4555  [001] d..2   252.031844: block_rq_insert: 179,0 R 0 () 3993688 + 24 [main]
           <...>-4555  [001] d..2   252.031845: block_rq_insert: 179,0 R 0 () 3993752 + 8 [main]
           <...>-4565  [000] ...2   252.031857: sched_switch: prev_comm=main prev_pid=4565 prev_prio=120 prev_state=R+ ==> next_comm=mmcqd/1 next_pid=117 next_prio=120
           <...>-4555  [001] ...2   252.031861: sched_switch: prev_comm=main prev_pid=4555 prev_prio=120 prev_state=D|W ==> next_comm=swapper/1 next_pid=0 next_prio=120
         mmcqd/1-117   [000] ...2   252.031900: sched_switch: prev_comm=mmcqd/1 prev_pid=117 prev_prio=120 prev_state=S ==> next_comm=main next_pid=4565 next_prio=120
           <...>-4565  [000] ...2   252.031957: sched_switch: prev_comm=main prev_pid=4565 prev_prio=120 prev_state=R+ ==> next_comm=mmcqd/1 next_pid=117 next_prio=120
         mmcqd/1-117   [000] ...1   252.032015: block_rq_complete: 179,0 RA () 4028736 + 56 [0]
         mmcqd/1-117   [000] ...2   252.032057: sched_switch: prev_comm=mmcqd/1 prev_pid=117 prev_prio=120 prev_state=S ==> next_comm=main next_pid=4565 next_prio=120
           <...>-4565  [000] ...2   252.032469: sched_switch: prev_comm=main prev_pid=4565 prev_prio=120 prev_state=R ==> next_comm=mmcqd/1 next_pid=117 next_prio=120
         mmcqd/1-117   [000] ...1   252.032522: block_rq_complete: 179,0 RA () 3993624 + 48 [0]
         mmcqd/1-117   [000] ...2   252.032555: sched_switch: prev_comm=mmcqd/1 prev_pid=117 prev_prio=120 prev_state=S ==> next_comm=main next_pid=4565 next_prio=120
           <...>-4565  [000] ...2   252.032640: sched_switch: prev_comm=ReferenceQueueD prev_pid=4565 prev_prio=120 prev_state=S ==> next_comm=swapper/0 next_pid=0 next_prio=120
          <idle>-0     [000] ...2   252.032885: sched_switch: prev_comm=swapper/0 prev_pid=0 prev_prio=120 prev_state=R ==> next_comm=mmcqd/1 next_pid=117 next_prio=120
         mmcqd/1-117   [000] ...1   252.032930: block_rq_complete: 179,0 RA () 3993688 + 24 [0]
         mmcqd/1-117   [000] ...2   252.032949: sched_switch: prev_comm=mmcqd/1 prev_pid=117 prev_prio=120 prev_state=S ==> next_comm=swapper/0 next_pid=0 next_prio=120
          <idle>-0     [000] ...2   252.033164: sched_switch: prev_comm=swapper/0 prev_pid=0 prev_prio=120 prev_state=R ==> next_comm=mmcqd/1 next_pid=117 next_prio=120
         mmcqd/1-117   [000] ...1   252.033179: block_rq_complete: 179,0 RA () 3993752 + 8 [0]
          <idle>-0     [001] ...2   252.033197: sched_switch: prev_comm=swapper/1 prev_pid=0 prev_prio=120 prev_state=R ==> next_comm=main next_pid=4555 next_prio=120
         mmcqd/1-117   [000] ...2   252.033206: sched_switch: prev_comm=mmcqd/1 prev_pid=117 prev_prio=120 prev_state=R+ ==> next_comm=kworker/0:1H next_pid=17 next_prio=100
    kworker/0:1H-17    [000] ...2   252.033219: sched_switch: prev_comm=kworker/0:1H prev_pid=17 prev_prio=100 prev_state=S ==> next_comm=mmcqd/1 next_pid=117 next_prio=120
         mmcqd/1-117   [000] ...2   252.033234: sched_switch: prev_comm=mmcqd/1 prev_pid=117 prev_prio=120 prev_state=S ==> next_comm=swapper/0 next_pid=0 next_prio=120
           <...>-4555  [001] d..2   252.033275: block_rq_insert: 179,0 R 0 () 4019800 + 24 [main]
           <...>-4555  [001] d..2   252.033278: block_rq_insert: 179,0 R 0 () 4019896 + 8 [main]
           <...>-4555  [001] d..2   252.033280: block_rq_insert: 179,0 R 0 () 4019928 + 8 [main]
           <...>-4555  [001] ...2   252.033292: sched_switch: prev_comm=main prev_pid=4555 prev_prio=120 prev_state=D|W ==> next_comm=swapper/1 next_pid=0 next_prio=120
          <idle>-0     [000] ...2   252.033295: sched_switch: prev_comm=swapper/0 prev_pid=0 prev_prio=120 prev_state=R ==> next_comm=mmcqd/1 next_pid=117 next_prio=120
         mmcqd/1-117   [000] ...2   252.033368: sched_switch: prev_comm=mmcqd/1 prev_pid=117 prev_prio=120 prev_state=S ==> next_comm=swapper/0 next_pid=0 next_prio=120
          <idle>-0     [000] ...2   252.033477: sched_switch: prev_comm=swapper/0 prev_pid=0 prev_prio=120 prev_state=R ==> next_comm=adbd next_pid=793 next_prio=120
            adbd-793   [000] ...2   252.033496: sched_switch: prev_comm=adbd prev_pid=793 prev_prio=120 prev_state=S ==> next_comm=swapper/0 next_pid=0 next_prio=120
          <idle>-0     [000] ...2   252.033742: sched_switch: prev_comm=swapper/0 prev_pid=0 prev_prio=120 prev_state=R ==> next_comm=adbd next_pid=793 next_prio=120
            adbd-793   [000] ...2   252.033789: sched_switch: prev_comm=adbd prev_pid=793 prev_prio=120 prev_state=S ==> next_comm=adbd next_pid=790 next_prio=120
            adbd-790   [000] ...2   252.034158: sched_switch: prev_comm=adbd prev_pid=790 prev_prio=120 prev_state=S ==> next_comm=adbd next_pid=792 next_prio=120
            adbd-792   [000] ...2   252.034225: sched_switch: prev_comm=adbd prev_pid=792 prev_prio=120 prev_state=S ==> next_comm=JDWP next_pid=4564 next_prio=120
           <...>-4564  [000] ...2   252.034258: sched_switch: prev_comm=JDWP prev_pid=4564 prev_prio=120 prev_state=S ==> next_comm=mmcqd/1 next_pid=117 next_prio=120
         mmcqd/1-117   [000] ...1   252.034306: block_rq_complete: 179,0 RA () 4019800 + 24 [0]
         mmcqd/1-117   [000] ...2   252.034338: sched_switch: prev_comm=mmcqd/1 prev_pid=117 prev_prio=120 prev_state=S ==> next_comm=swapper/0 next_pid=0 next_prio=120
          <idle>-0     [000] ...2   252.034533: sched_switch: prev_comm=swapper/0 prev_pid=0 prev_prio=120 prev_state=R ==> next_comm=mmcqd/1 next_pid=117 next_prio=120
         mmcqd/1-117   [000] ...1   252.034573: block_rq_complete: 179,0 RA () 4019896 + 8 [0]
         mmcqd/1-117   [000] ...2   252.034591: sched_switch: prev_comm=mmcqd/1 prev_pid=117 prev_prio=120 prev_state=S ==> next_comm=swapper/0 next_pid=0 next_prio=120
          <idle>-0     [000] ...2   252.034811: sched_switch: prev_comm=swapper/0 prev_pid=0 prev_prio=120 prev_state=R ==> next_comm=mmcqd/1 next_pid=117 next_prio=120
         mmcqd/1-117   [000] ...1   252.034827: block_rq_complete: 179,0 RA () 4019928 + 8 [0]
          <idle>-0     [001] ...2   252.034844: sched_switch: prev_comm=swapper/1 prev_pid=0 prev_prio=120 prev_state=R ==> next_comm=main next_pid=4555 next_prio=120
         mmcqd/1-117   [000] ...2   252.034854: sched_switch: prev_comm=mmcqd/1 prev_pid=117 prev_prio=120 prev_state=R+ ==> next_comm=kworker/0:1H next_pid=17 next_prio=100
    kworker/0:1H-17    [000] ...2   252.034866: sched_switch: prev_comm=kworker/0:1H prev_pid=17 prev_prio=100 prev_state=S ==> next_comm=mmcqd/1 next_pid=117 next_prio=120
         mmcqd/1-117   [000] ...2   252.034880: sched_switch: prev_comm=mmcqd/1 prev_pid=117 prev_prio=120 prev_state=S ==> next_comm=swapper/0 next_pid=0 next_prio=120
           <...>-4555  [001] d..2   252.034925: block_rq_insert: 179,0 R 0 () 4028368 + 104 [main]
           <...>-4555  [001] d..2   252.034928: block_rq_insert: 179,0 R 0 () 4028480 + 32 [main]
           <...>-4555  [001] ...2   252.034941: sched_switch: prev_comm=main prev_pid=4555 prev_prio=120 prev_state=D|W ==> next_comm=swapper/1 next_pid=0 next_prio=120
          <idle>-0     [000] ...2   252.034943: sched_switch: prev_comm=swapper/0 prev_pid=0 prev_prio=120 prev_state=R ==> next_comm=mmcqd/1 next_pid=117 next_prio=120
         mmcqd/1-117   [000] ...2   252.035061: sched_switch: prev_comm=mmcqd/1 prev_pid=117 prev_prio=120 prev_state=S ==> next_comm=swapper/0 next_pid=0 next_prio=120
          <idle>-0     [000] ...2   252.035854: sched_switch: prev_comm=swapper/0 prev_pid=0 prev_prio=120 prev_state=R ==> next_comm=mmcqd/1 next_pid=117 next_prio=120
         mmcqd/1-117   [000] ...1   252.035928: block_rq_complete: 179,0 RA () 4028368 + 104 [0]
         mmcqd/1-117   [000] ...2   252.035951: sched_switch: prev_comm=mmcqd/1 prev_pid=117 prev_prio=120 prev_state=S ==> next_comm=swapper/0 next_pid=0 next_prio=120
          <idle>-0     [000] ...2   252.036247: sched_switch: prev_comm=swapper/0 prev_pid=0 prev_prio=120 prev_state=R ==> next_comm=mmcqd/1 next_pid=117 next_prio=120
         mmcqd/1-117   [000] ...1   252.036271: block_rq_complete: 179,0 RA () 4028480 + 32 [0]
          <idle>-0     [001] ...2   252.036289: sched_switch: prev_comm=swapper/1 prev_pid=0 prev_prio=120 prev_state=R ==> next_comm=main next_pid=4555 next_prio=120
         mmcqd/1-117   [000] ...2   252.036299: sched_switch: prev_comm=mmcqd/1 prev_pid=117 prev_prio=120 prev_state=R+ ==> next_comm=kworker/0:1H next_pid=17 next_prio=100
    kworker/0:1H-17    [000] ...2   252.036312: sched_switch: prev_comm=kworker/0:1H prev_pid=17 prev_prio=100 prev_state=S ==> next_comm=mmcqd/1 next_pid=117 next_prio=120
         mmcqd/1-117   [000] ...2   252.036327: sched_switch: prev_comm=mmcqd/1 prev_pid=117 prev_prio=120 prev_state=S ==> next_comm=swapper/0 next_pid=0 next_prio=120
          <idle>-0     [000] ...2   252.036369: sched_switch: prev_comm=swapper/0 prev_pid=0 prev_prio=120 prev_state=R ==> next_comm=main next_pid=4566 next_prio=120
           <...>-4555  [001] ...2   252.036567: sched_switch: prev_comm=main prev_pid=4555 prev_prio=120 prev_state=S ==> next_comm=swapper/1 next_pid=0 next_prio=120
          <idle>-0     [001] ...2   252.037003: sched_switch: prev_comm=swapper/1 prev_pid=0 prev_prio=120 prev_state=R ==> next_comm=main next_pid=4555 next_prio=120
           <...>-4566  [000] ...2   252.037066: sched_switch: prev_comm=FinalizerDaemon prev_pid=4566 prev_prio=120 prev_state=S ==> next_comm=swapper/0 next_pid=0 next_prio=120
          <idle>-0     [000] ...2   252.037358: sched_switch: prev_comm=swapper/0 prev_pid=0 prev_prio=120 prev_state=R ==> next_comm=main next_pid=4568 next_prio=120
           <...>-4555  [001] ...2   252.037567: sched_switch: prev_comm=main prev_pid=4555 prev_prio=120 prev_state=S ==> next_comm=main next_pid=4567 next_prio=120
           <...>-4568  [000] ...2   252.037579: sched_switch: prev_comm=main prev_pid=4568 prev_prio=120 prev_state=D ==> next_comm=swapper/0 next_pid=0 next_prio=120
          <idle>-0     [000] ...2   252.037586: sched_switch: prev_comm=swapper/0 prev_pid=0 prev_prio=120 prev_state=R ==> next_comm=main next_pid=4568 next_prio=120
           <...>-4567  [001] ...2   252.037593: sched_switch: prev_comm=main prev_pid=4567 prev_prio=120 prev_state=S ==> next_comm=swapper/1 next_pid=0 next_prio=120
          <idle>-0     [001] ...2   252.038000: sched_switch: prev_comm=swapper/1 prev_pid=0 prev_prio=120 prev_state=R ==> next_comm=main next_pid=4555 next_prio=120
           <...>-4568  [000] ...2   252.038052: sched_switch: prev_comm=HeapTrimmerDaem prev_pid=4568 prev_prio=120 prev_state=S ==> next_comm=swapper/0 next_pid=0 next_prio=120
          <idle>-0     [000] ...2   252.038060: sched_switch: prev_comm=swapper/0 prev_pid=0 prev_prio=120 prev_state=R ==> next_comm=main next_pid=4569 next_prio=120
           <...>-4555  [001] d..2   252.038250: block_rq_insert: 179,0 R 0 () 4008360 + 48 [main]
           <...>-4555  [001] d..2   252.038253: block_rq_insert: 179,0 R 0 () 4008432 + 16 [main]
           <...>-4555  [001] d..2   252.038255: block_rq_insert: 179,0 R 0 () 4008456 + 8 [main]
           <...>-4555  [001] d..2   252.038256: block_rq_insert: 179,0 R 0 () 4008536 + 16 [main]
           <...>-4569  [000] ...2   252.038268: sched_switch: prev_comm=main prev_pid=4569 prev_prio=120 prev_state=R+ ==> next_comm=mmcqd/1 next_pid=117 next_prio=120
           <...>-4555  [001] ...2   252.038268: sched_switch: prev_comm=main prev_pid=4555 prev_prio=120 prev_state=D|W ==> next_comm=main next_pid=4567 next_prio=120
           <...>-4567  [001] ...2   252.038285: sched_switch: prev_comm=main prev_pid=4567 prev_prio=120 prev_state=S ==> next_comm=swapper/1 next_pid=0 next_prio=120
         mmcqd/1-117   [000] ...2   252.038347: sched_switch: prev_comm=mmcqd/1 prev_pid=117 prev_prio=120 prev_state=S ==> next_comm=main next_pid=4569 next_prio=120
           <...>-4569  [000] ...2   252.038471: sched_switch: prev_comm=main prev_pid=4569 prev_prio=120 prev_state=R+ ==> next_comm=kworker/0:1H next_pid=17 next_prio=100
    kworker/0:1H-17    [000] ...2   252.038503: sched_switch: prev_comm=kworker/0:1H prev_pid=17 prev_prio=100 prev_state=D ==> next_comm=kworker/0:3H next_pid=788 next_prio=100
    kworker/0:3H-788   [000] ...2   252.038535: sched_switch: prev_comm=kworker/0:3H prev_pid=788 prev_prio=100 prev_state=S ==> next_comm=kworker/0:1H next_pid=17 next_prio=100
    kworker/0:1H-17    [000] ...2   252.038548: sched_switch: prev_comm=kworker/0:1H prev_pid=17 prev_prio=100 prev_state=S ==> next_comm=main next_pid=4569 next_prio=120
           <...>-4569  [000] ...2   252.038646: sched_switch: prev_comm=main prev_pid=4569 prev_prio=120 prev_state=R+ ==> next_comm=adbd next_pid=793 next_prio=120
            adbd-793   [000] ...2   252.038665: sched_switch: prev_comm=adbd prev_pid=793 prev_prio=120 prev_state=S ==> next_comm=mmcqd/1 next_pid=117 next_prio=120
         mmcqd/1-117   [000] ...1   252.038708: block_rq_complete: 179,0 RA () 4008536 + 16 [0]
         mmcqd/1-117   [000] ...2   252.038754: sched_switch: prev_comm=mmcqd/1 prev_pid=117 prev_prio=120 prev_state=S ==> next_comm=main next_pid=4569 next_prio=120
           <...>-4569  [000] ...2   252.038777: sched_switch: prev_comm=main prev_pid=4569 prev_prio=120 prev_state=R+ ==> next_comm=adbd next_pid=793 next_prio=120
            adbd-793   [000] ...2   252.038828: sched_switch: prev_comm=adbd prev_pid=793 prev_prio=120 prev_state=S ==> next_comm=adbd next_pid=790 next_prio=120
            adbd-790   [000] ...2   252.039089: sched_switch: prev_comm=adbd prev_pid=790 prev_prio=120 prev_state=S ==> next_comm=adbd next_pid=792 next_prio=120
            adbd-792   [000] ...2   252.039158: sched_switch: prev_comm=adbd prev_pid=792 prev_prio=120 prev_state=S ==> next_comm=JDWP next_pid=4564 next_prio=120
           <...>-4564  [000] ...2   252.039250: sched_switch: prev_comm=JDWP prev_pid=4564 prev_prio=120 prev_state=S ==> next_comm=mmcqd/1 next_pid=117 next_prio=120
         mmcqd/1-117   [000] ...1   252.039292: block_rq_complete: 179,0 RA () 4008456 + 8 [0]
          <idle>-0     [001] ...2   252.039311: sched_switch: prev_comm=swapper/1 prev_pid=0 prev_prio=120 prev_state=R ==> next_comm=main next_pid=4555 next_prio=120
           <...>-4555  [001] ...2   252.039332: sched_switch: prev_comm=main prev_pid=4555 prev_prio=120 prev_state=D|W ==> next_comm=swapper/1 next_pid=0 next_prio=120
         mmcqd/1-117   [000] ...2   252.039349: sched_switch: prev_comm=mmcqd/1 prev_pid=117 prev_prio=120 prev_state=S ==> next_comm=adbd next_pid=790 next_prio=120
            adbd-790   [000] ...2   252.039621: sched_switch: prev_comm=adbd prev_pid=790 prev_prio=120 prev_state=S ==> next_comm=adbd next_pid=792 next_prio=120
            adbd-792   [000] ...2   252.039690: sched_switch: prev_comm=adbd prev_pid=792 prev_prio=120 prev_state=S ==> next_comm=adbd next_pid=793 next_prio=120
            adbd-793   [000] ...2   252.039711: sched_switch: prev_comm=adbd prev_pid=793 prev_prio=120 prev_state=S ==> next_comm=mmcqd/1 next_pid=117 next_prio=120
         mmcqd/1-117   [000] ...1   252.039767: block_rq_complete: 179,0 RA () 4008432 + 16 [0]
          <idle>-0     [001] ...2   252.039785: sched_switch: prev_comm=swapper/1 prev_pid=0 prev_prio=120 prev_state=R ==> next_comm=main next_pid=4555 next_prio=120
         mmcqd/1-117   [000] ...2   252.039794: sched_switch: prev_comm=mmcqd/1 prev_pid=117 prev_prio=120 prev_state=S ==> next_comm=adbd next_pid=793 next_prio=120
            adbd-793   [000] ...2   252.039839: sched_switch: prev_comm=adbd prev_pid=793 prev_prio=120 prev_state=S ==> next_comm=adbd next_pid=790 next_prio=120
           <...>-4555  [001] d..2   252.040031: block_rq_insert: 179,0 R 0 () 4079784 + 8 [main]
           <...>-4555  [001] d..2   252.040034: block_rq_insert: 179,0 R 0 () 4079880 + 40 [main]
           <...>-4555  [001] ...2   252.040046: sched_switch: prev_comm=main prev_pid=4555 prev_prio=120 prev_state=D|W ==> next_comm=mmcqd/1 next_pid=117 next_prio=120
         mmcqd/1-117   [001] ...2   252.040070: sched_switch: prev_comm=mmcqd/1 prev_pid=117 prev_prio=120 prev_state=S ==> next_comm=JDWP next_pid=4564 next_prio=120
            adbd-790   [000] ...2   252.040103: sched_switch: prev_comm=adbd prev_pid=790 prev_prio=120 prev_state=S ==> next_comm=adbd next_pid=792 next_prio=120
            adbd-792   [000] ...2   252.040173: sched_switch: prev_comm=adbd prev_pid=792 prev_prio=120 prev_state=S ==> next_comm=adbd next_pid=793 next_prio=120
           <...>-4564  [001] ...2   252.040253: sched_switch: prev_comm=JDWP prev_pid=4564 prev_prio=120 prev_state=S ==> next_comm=mmcqd/1 next_pid=117 next_prio=120
            adbd-793   [000] ...2   252.040270: sched_switch: prev_comm=adbd prev_pid=793 prev_prio=120 prev_state=S ==> next_comm=adbd next_pid=790 next_prio=120
         mmcqd/1-117   [001] ...1   252.040285: block_rq_complete: 179,0 RA () 4008360 + 48 [0]
         mmcqd/1-117   [001] ...2   252.040320: sched_switch: prev_comm=mmcqd/1 prev_pid=117 prev_prio=120 prev_state=S ==> next_comm=main next_pid=4569 next_prio=120
           <...>-4569  [001] ...2   252.040511: sched_switch: prev_comm=main prev_pid=4569 prev_prio=120 prev_state=R+ ==> next_comm=mmcqd/1 next_pid=117 next_prio=120
         mmcqd/1-117   [001] ...1   252.040532: block_rq_complete: 179,0 RA () 4079784 + 8 [0]
         mmcqd/1-117   [001] ...2   252.040544: sched_switch: prev_comm=mmcqd/1 prev_pid=117 prev_prio=120 prev_state=S ==> next_comm=main next_pid=4567 next_prio=120
