# tracer: nop
#
# entries-in-buffer/entries-written: 12160/12160   #P:3
#
#                              _-----=> irqs-off
#                             / _----=> need-resched
#                            | / _---=> hardirq/softirq
#                            || / _--=> preempt-depth
#                            ||| /     delay
#           TASK-PID   CPU#  ||||    TIMESTAMP  FUNCTION
#              | |       |   ||||       |         |
          <idle>-0     [001] ...2   150.381636: sched_switch: prev_comm=swapper/1 prev_pid=0 prev_prio=120 prev_state=R ==> next_comm=sh next_pid=2440 next_prio=120
              sh-2432  [000] ...2   150.381688: sched_switch: prev_comm=sh prev_pid=2432 prev_prio=120 prev_state=S ==> next_comm=swapper/0 next_pid=0 next_prio=120
          <idle>-0     [000] ...2   150.381712: sched_switch: prev_comm=swapper/0 prev_pid=0 prev_prio=120 prev_state=R ==> next_comm=ksoftirqd/0 next_pid=3 next_prio=120
     ksoftirqd/0-3     [000] ...2   150.381724: sched_switch: prev_comm=ksoftirqd/0 prev_pid=3 prev_prio=120 prev_state=S ==> next_comm=swapper/0 next_pid=0 next_prio=120
          <idle>-0     [000] ...2   150.381740: sched_switch: prev_comm=swapper/0 prev_pid=0 prev_prio=120 prev_state=R ==> next_comm=ksoftirqd/0 next_pid=3 next_prio=120
     ksoftirqd/0-3     [000] ...2   150.381748: sched_switch: prev_comm=ksoftirqd/0 prev_pid=3 prev_prio=120 prev_state=S ==> next_comm=swapper/0 next_pid=0 next_prio=120
           <...>-2440  [001] ...2   150.382806: sched_switch: prev_comm=sh prev_pid=2440 prev_prio=120 prev_state=R+ ==> next_comm=migration/1 next_pid=2435 next_prio=0
          <idle>-0     [000] ...2   150.382843: sched_switch: prev_comm=swapper/0 prev_pid=0 prev_prio=120 prev_state=R ==> next_comm=sh next_pid=2440 next_prio=120
           <...>-2435  [001] ...2   150.382866: sched_switch: prev_comm=migration/1 prev_pid=2435 prev_prio=0 prev_state=S ==> next_comm=swapper/1 next_pid=0 next_prio=120
           <...>-2440  [000] d..2   150.382899: block_rq_insert: 179,0 R 0 () 377368 + 8 [sh]
           <...>-2440  [000] ...2   150.382914: sched_switch: prev_comm=sh prev_pid=2440 prev_prio=120 prev_state=R+ ==> next_comm=mmcqd/1 next_pid=117 next_prio=120
           <...>-117   [000] ...2   150.382987: sched_switch: prev_comm=mmcqd/1 prev_pid=117 prev_prio=120 prev_state=S ==> next_comm=sh next_pid=2440 next_prio=120
           <...>-2440  [000] d..2   150.383002: block_rq_insert: 179,0 R 0 () 377376 + 8 [sh]
           <...>-2440  [000] ...2   150.383012: sched_switch: prev_comm=sh prev_pid=2440 prev_prio=120 prev_state=R+ ==> next_comm=mmcqd/1 next_pid=117 next_prio=120
           <...>-117   [000] ...2   150.383029: sched_switch: prev_comm=mmcqd/1 prev_pid=117 prev_prio=120 prev_state=S ==> next_comm=sh next_pid=2440 next_prio=120
           <...>-2440  [000] d..2   150.383042: block_rq_insert: 179,0 R 0 () 377384 + 8 [sh]
           <...>-2440  [000] d..2   150.383144: block_rq_insert: 179,0 R 0 () 377480 + 8 [sh]
           <...>-2440  [000] ...2   150.383315: sched_switch: prev_comm=sh prev_pid=2440 prev_prio=120 prev_state=D ==> next_comm=swapper/0 next_pid=0 next_prio=120
          <idle>-0     [000] ...2   150.383353: sched_switch: prev_comm=swapper/0 prev_pid=0 prev_prio=120 prev_state=R ==> next_comm=mmcqd/1 next_pid=117 next_prio=120
           <...>-117   [000] ...1   150.383385: block_rq_complete: 179,0 RA () 377368 + 8 [0]
           <...>-117   [000] ...2   150.383424: sched_switch: prev_comm=mmcqd/1 prev_pid=117 prev_prio=120 prev_state=S ==> next_comm=swapper/0 next_pid=0 next_prio=120
          <idle>-0     [000] ...2   150.383629: sched_switch: prev_comm=swapper/0 prev_pid=0 prev_prio=120 prev_state=R ==> next_comm=mmcqd/1 next_pid=117 next_prio=120
           <...>-117   [000] ...1   150.383658: block_rq_complete: 179,0 RA () 377376 + 8 [0]
           <...>-117   [000] ...2   150.383674: sched_switch: prev_comm=mmcqd/1 prev_pid=117 prev_prio=120 prev_state=S ==> next_comm=swapper/0 next_pid=0 next_prio=120
          <idle>-0     [000] ...2   150.385062: sched_switch: prev_comm=swapper/0 prev_pid=0 prev_prio=120 prev_state=R ==> next_comm=mmcqd/1 next_pid=117 next_prio=120
           <...>-117   [000] ...1   150.385080: block_rq_complete: 179,0 RA () 377384 + 248 [0]
           <...>-117   [000] ...2   150.385143: sched_switch: prev_comm=mmcqd/1 prev_pid=117 prev_prio=120 prev_state=R+ ==> next_comm=kworker/0:1H next_pid=17 next_prio=100
    kworker/0:1H-17    [000] ...2   150.385155: sched_switch: prev_comm=kworker/0:1H prev_pid=17 prev_prio=100 prev_state=S ==> next_comm=mmcqd/1 next_pid=117 next_prio=120
           <...>-117   [000] ...2   150.385169: sched_switch: prev_comm=mmcqd/1 prev_pid=117 prev_prio=120 prev_state=S ==> next_comm=sh next_pid=2440 next_prio=120
           <...>-2440  [000] d..2   150.385205: block_rq_insert: 179,0 R 0 () 722984 + 8 [sh]
           <...>-2440  [000] ...2   150.385217: sched_switch: prev_comm=sh prev_pid=2440 prev_prio=120 prev_state=R+ ==> next_comm=mmcqd/1 next_pid=117 next_prio=120
           <...>-117   [000] ...2   150.385261: sched_switch: prev_comm=mmcqd/1 prev_pid=117 prev_prio=120 prev_state=S ==> next_comm=sh next_pid=2440 next_prio=120
           <...>-2440  [000] ...2   150.385269: sched_switch: prev_comm=sh prev_pid=2440 prev_prio=120 prev_state=D|W ==> next_comm=swapper/0 next_pid=0 next_prio=120
          <idle>-0     [000] ...2   150.385500: sched_switch: prev_comm=swapper/0 prev_pid=0 prev_prio=120 prev_state=R ==> next_comm=mmcqd/1 next_pid=117 next_prio=120
           <...>-117   [000] ...1   150.385513: block_rq_complete: 179,0 RA () 722984 + 8 [0]
           <...>-117   [000] ...2   150.385533: sched_switch: prev_comm=mmcqd/1 prev_pid=117 prev_prio=120 prev_state=R+ ==> next_comm=kworker/0:1H next_pid=17 next_prio=100
    kworker/0:1H-17    [000] ...2   150.385541: sched_switch: prev_comm=kworker/0:1H prev_pid=17 prev_prio=100 prev_state=S ==> next_comm=mmcqd/1 next_pid=117 next_prio=120
           <...>-117   [000] ...2   150.385553: sched_switch: prev_comm=mmcqd/1 prev_pid=117 prev_prio=120 prev_state=S ==> next_comm=sh next_pid=2440 next_prio=120
           <...>-2440  [000] d..2   150.385913: block_rq_insert: 179,0 R 0 () 732792 + 8 [am]
           <...>-2440  [000] ...2   150.385925: sched_switch: prev_comm=am prev_pid=2440 prev_prio=120 prev_state=R+ ==> next_comm=mmcqd/1 next_pid=117 next_prio=120
           <...>-117   [000] ...2   150.385970: sched_switch: prev_comm=mmcqd/1 prev_pid=117 prev_prio=120 prev_state=S ==> next_comm=am next_pid=2440 next_prio=120
           <...>-2440  [000] ...2   150.385980: sched_switch: prev_comm=am prev_pid=2440 prev_prio=120 prev_state=D|W ==> next_comm=swapper/0 next_pid=0 next_prio=120
          <idle>-0     [000] ...2   150.386219: sched_switch: prev_comm=swapper/0 prev_pid=0 prev_prio=120 prev_state=R ==> next_comm=mmcqd/1 next_pid=117 next_prio=120
           <...>-117   [000] ...1   150.386232: block_rq_complete: 179,0 RA () 732792 + 8 [0]
           <...>-117   [000] ...2   150.386251: sched_switch: prev_comm=mmcqd/1 prev_pid=117 prev_prio=120 prev_state=R+ ==> next_comm=kworker/0:1H next_pid=17 next_prio=100
    kworker/0:1H-17    [000] ...2   150.386260: sched_switch: prev_comm=kworker/0:1H prev_pid=17 prev_prio=100 prev_state=S ==> next_comm=mmcqd/1 next_pid=117 next_prio=120
           <...>-117   [000] ...2   150.386271: sched_switch: prev_comm=mmcqd/1 prev_pid=117 prev_prio=120 prev_state=S ==> next_comm=am next_pid=2440 next_prio=120
           <...>-2440  [000] d..2   150.386353: block_rq_insert: 179,0 R 0 () 728040 + 8 [am]
           <...>-2440  [000] d..2   150.386355: block_rq_insert: 179,0 R 0 () 728080 + 80 [am]
           <...>-2440  [000] ...2   150.386366: sched_switch: prev_comm=am prev_pid=2440 prev_prio=120 prev_state=R+ ==> next_comm=mmcqd/1 next_pid=117 next_prio=120
           <...>-117   [000] ...2   150.386445: sched_switch: prev_comm=mmcqd/1 prev_pid=117 prev_prio=120 prev_state=S ==> next_comm=am next_pid=2440 next_prio=120
           <...>-2440  [000] ...2   150.386454: sched_switch: prev_comm=am prev_pid=2440 prev_prio=120 prev_state=D|W ==> next_comm=swapper/0 next_pid=0 next_prio=120
          <idle>-0     [000] ...2   150.387041: sched_switch: prev_comm=swapper/0 prev_pid=0 prev_prio=120 prev_state=R ==> next_comm=mmcqd/1 next_pid=117 next_prio=120
           <...>-117   [000] ...1   150.387094: block_rq_complete: 179,0 RA () 728080 + 80 [0]
           <...>-117   [000] ...2   150.387117: sched_switch: prev_comm=mmcqd/1 prev_pid=117 prev_prio=120 prev_state=S ==> next_comm=am next_pid=2440 next_prio=120
           <...>-2440  [000] ...2   150.387309: sched_switch: prev_comm=am prev_pid=2440 prev_prio=120 prev_state=R+ ==> next_comm=mmcqd/1 next_pid=117 next_prio=120
           <...>-117   [000] ...1   150.387322: block_rq_complete: 179,0 RA () 728040 + 8 [0]
           <...>-117   [000] ...2   150.387338: sched_switch: prev_comm=mmcqd/1 prev_pid=117 prev_prio=120 prev_state=R+ ==> next_comm=kworker/0:1H next_pid=17 next_prio=100
    kworker/0:1H-17    [000] ...2   150.387347: sched_switch: prev_comm=kworker/0:1H prev_pid=17 prev_prio=100 prev_state=S ==> next_comm=mmcqd/1 next_pid=117 next_prio=120
           <...>-117   [000] ...2   150.387358: sched_switch: prev_comm=mmcqd/1 prev_pid=117 prev_prio=120 prev_state=S ==> next_comm=am next_pid=2440 next_prio=120
           <...>-2440  [000] d..2   150.387592: block_rq_insert: 179,0 R 0 () 1189784 + 8 [am]
           <...>-2440  [000] d..2   150.387595: block_rq_insert: 179,0 R 0 () 1189800 + 8 [am]
           <...>-2440  [000] d..2   150.387597: block_rq_insert: 179,0 R 0 () 1189824 + 184 [am]
           <...>-2440  [000] ...2   150.387608: sched_switch: prev_comm=am prev_pid=2440 prev_prio=120 prev_state=R+ ==> next_comm=mmcqd/1 next_pid=117 next_prio=120
           <...>-117   [000] ...2   150.387663: sched_switch: prev_comm=mmcqd/1 prev_pid=117 prev_prio=120 prev_state=S ==> next_comm=am next_pid=2440 next_prio=120
           <...>-2440  [000] ...2   150.387672: sched_switch: prev_comm=am prev_pid=2440 prev_prio=120 prev_state=D|W ==> next_comm=swapper/0 next_pid=0 next_prio=120
          <idle>-0     [000] ...2   150.387891: sched_switch: prev_comm=swapper/0 prev_pid=0 prev_prio=120 prev_state=R ==> next_comm=mmcqd/1 next_pid=117 next_prio=120
           <...>-117   [000] ...1   150.387922: block_rq_complete: 179,0 RA () 1189784 + 8 [0]
           <...>-117   [000] ...2   150.388010: sched_switch: prev_comm=mmcqd/1 prev_pid=117 prev_prio=120 prev_state=S ==> next_comm=swapper/0 next_pid=0 next_prio=120
          <idle>-0     [000] ...2   150.388150: sched_switch: prev_comm=swapper/0 prev_pid=0 prev_prio=120 prev_state=R ==> next_comm=mmcqd/1 next_pid=117 next_prio=120
           <...>-117   [000] ...1   150.388181: block_rq_complete: 179,0 RA () 1189800 + 8 [0]
           <...>-117   [000] ...2   150.388197: sched_switch: prev_comm=mmcqd/1 prev_pid=117 prev_prio=120 prev_state=S ==> next_comm=swapper/0 next_pid=0 next_prio=120
          <idle>-0     [000] ...2   150.388481: sched_switch: prev_comm=swapper/0 prev_pid=0 prev_prio=120 prev_state=R ==> next_comm=ksoftirqd/0 next_pid=3 next_prio=120
     ksoftirqd/0-3     [000] ...2   150.388496: sched_switch: prev_comm=ksoftirqd/0 prev_pid=3 prev_prio=120 prev_state=S ==> next_comm=swapper/0 next_pid=0 next_prio=120
          <idle>-0     [000] ...2   150.388516: sched_switch: prev_comm=swapper/0 prev_pid=0 prev_prio=120 prev_state=R ==> next_comm=ksoftirqd/0 next_pid=3 next_prio=120
     ksoftirqd/0-3     [000] ...2   150.388529: sched_switch: prev_comm=ksoftirqd/0 prev_pid=3 prev_prio=120 prev_state=S ==> next_comm=swapper/0 next_pid=0 next_prio=120
          <idle>-0     [000] ...2   150.389353: sched_switch: prev_comm=swapper/0 prev_pid=0 prev_prio=120 prev_state=R ==> next_comm=mmcqd/1 next_pid=117 next_prio=120
           <...>-117   [000] ...1   150.389419: block_rq_complete: 179,0 RA () 1189824 + 184 [0]
           <...>-117   [000] ...2   150.389449: sched_switch: prev_comm=mmcqd/1 prev_pid=117 prev_prio=120 prev_state=R+ ==> next_comm=kworker/0:1H next_pid=17 next_prio=100
    kworker/0:1H-17    [000] ...2   150.389458: sched_switch: prev_comm=kworker/0:1H prev_pid=17 prev_prio=100 prev_state=S ==> next_comm=mmcqd/1 next_pid=117 next_prio=120
           <...>-117   [000] ...2   150.389469: sched_switch: prev_comm=mmcqd/1 prev_pid=117 prev_prio=120 prev_state=S ==> next_comm=am next_pid=2440 next_prio=120
           <...>-2440  [000] d..2   150.390298: block_rq_insert: 179,0 R 0 () 1214776 + 16 [am]
           <...>-2440  [000] ...2   150.390312: sched_switch: prev_comm=am prev_pid=2440 prev_prio=120 prev_state=R+ ==> next_comm=mmcqd/1 next_pid=117 next_prio=120
           <...>-117   [000] ...2   150.390361: sched_switch: prev_comm=mmcqd/1 prev_pid=117 prev_prio=120 prev_state=S ==> next_comm=am next_pid=2440 next_prio=120
           <...>-2440  [000] ...2   150.390370: sched_switch: prev_comm=am prev_pid=2440 prev_prio=120 prev_state=D|W ==> next_comm=swapper/0 next_pid=0 next_prio=120
          <idle>-0     [000] ...2   150.390388: sched_switch: prev_comm=swapper/0 prev_pid=0 prev_prio=120 prev_state=R ==> next_comm=ksoftirqd/0 next_pid=3 next_prio=120
     ksoftirqd/0-3     [000] ...2   150.390397: sched_switch: prev_comm=ksoftirqd/0 prev_pid=3 prev_prio=120 prev_state=S ==> next_comm=swapper/0 next_pid=0 next_prio=120
          <idle>-0     [000] ...2   150.390416: sched_switch: prev_comm=swapper/0 prev_pid=0 prev_prio=120 prev_state=R ==> next_comm=ksoftirqd/0 next_pid=3 next_prio=120
     ksoftirqd/0-3     [000] ...2   150.390424: sched_switch: prev_comm=ksoftirqd/0 prev_pid=3 prev_prio=120 prev_state=S ==> next_comm=swapper/0 next_pid=0 next_prio=120
          <idle>-0     [000] ...2   150.390440: sched_switch: prev_comm=swapper/0 prev_pid=0 prev_prio=120 prev_state=R ==> next_comm=ksoftirqd/0 next_pid=3 next_prio=120
     ksoftirqd/0-3     [000] ...2   150.390449: sched_switch: prev_comm=ksoftirqd/0 prev_pid=3 prev_prio=120 prev_state=S ==> next_comm=swapper/0 next_pid=0 next_prio=120
          <idle>-0     [000] ...2   150.390693: sched_switch: prev_comm=swapper/0 prev_pid=0 prev_prio=120 prev_state=R ==> next_comm=mmcqd/1 next_pid=117 next_prio=120
           <...>-117   [000] ...1   150.390708: block_rq_complete: 179,0 RA () 1214776 + 16 [0]
           <...>-117   [000] ...2   150.390729: sched_switch: prev_comm=mmcqd/1 prev_pid=117 prev_prio=120 prev_state=R+ ==> next_comm=kworker/0:1H next_pid=17 next_prio=100
    kworker/0:1H-17    [000] ...2   150.390737: sched_switch: prev_comm=kworker/0:1H prev_pid=17 prev_prio=100 prev_state=S ==> next_comm=mmcqd/1 next_pid=117 next_prio=120
           <...>-117   [000] ...2   150.390749: sched_switch: prev_comm=mmcqd/1 prev_pid=117 prev_prio=120 prev_state=S ==> next_comm=am next_pid=2440 next_prio=120
           <...>-2440  [000] d..2   150.390887: block_rq_insert: 179,0 R 0 () 1210456 + 16 [am]
           <...>-2440  [000] d..2   150.390890: block_rq_insert: 179,0 R 0 () 1210568 + 24 [am]
           <...>-2440  [000] ...2   150.390900: sched_switch: prev_comm=am prev_pid=2440 prev_prio=120 prev_state=R+ ==> next_comm=mmcqd/1 next_pid=117 next_prio=120
           <...>-117   [000] ...2   150.390963: sched_switch: prev_comm=mmcqd/1 prev_pid=117 prev_prio=120 prev_state=S ==> next_comm=am next_pid=2440 next_prio=120
           <...>-2440  [000] ...2   150.390969: sched_switch: prev_comm=am prev_pid=2440 prev_prio=120 prev_state=D|W ==> next_comm=swapper/0 next_pid=0 next_prio=120
          <idle>-0     [000] ...2   150.390986: sched_switch: prev_comm=swapper/0 prev_pid=0 prev_prio=120 prev_state=R ==> next_comm=ksoftirqd/0 next_pid=3 next_prio=120
     ksoftirqd/0-3     [000] ...2   150.390995: sched_switch: prev_comm=ksoftirqd/0 prev_pid=3 prev_prio=120 prev_state=S ==> next_comm=swapper/0 next_pid=0 next_prio=120
          <idle>-0     [000] ...2   150.391013: sched_switch: prev_comm=swapper/0 prev_pid=0 prev_prio=120 prev_state=R ==> next_comm=ksoftirqd/0 next_pid=3 next_prio=120
     ksoftirqd/0-3     [000] ...2   150.391021: sched_switch: prev_comm=ksoftirqd/0 prev_pid=3 prev_prio=120 prev_state=S ==> next_comm=swapper/0 next_pid=0 next_prio=120
          <idle>-0     [000] ...2   150.391038: sched_switch: prev_comm=swapper/0 prev_pid=0 prev_prio=120 prev_state=R ==> next_comm=ksoftirqd/0 next_pid=3 next_prio=120
     ksoftirqd/0-3     [000] ...2   150.391046: sched_switch: prev_comm=ksoftirqd/0 prev_pid=3 prev_prio=120 prev_state=S ==> next_comm=swapper/0 next_pid=0 next_prio=120
          <idle>-0     [000] ...2   150.391266: sched_switch: prev_comm=swapper/0 prev_pid=0 prev_prio=120 prev_state=R ==> next_comm=mmcqd/1 next_pid=117 next_prio=120
           <...>-117   [000] ...1   150.391303: block_rq_complete: 179,0 RA () 1210568 + 24 [0]
           <...>-117   [000] ...2   150.391322: sched_switch: prev_comm=mmcqd/1 prev_pid=117 prev_prio=120 prev_state=S ==> next_comm=am next_pid=2440 next_prio=120
           <...>-2440  [000] d..2   150.391452: block_rq_insert: 179,0 R 0 () 1259352 + 8 [am]
           <...>-2440  [000] ...2   150.391465: sched_switch: prev_comm=am prev_pid=2440 prev_prio=120 prev_state=R+ ==> next_comm=mmcqd/1 next_pid=117 next_prio=120
           <...>-117   [000] ...2   150.391485: sched_switch: prev_comm=mmcqd/1 prev_pid=117 prev_prio=120 prev_state=S ==> next_comm=am next_pid=2440 next_prio=120
           <...>-2440  [000] ...2   150.391491: sched_switch: prev_comm=am prev_pid=2440 prev_prio=120 prev_state=D|W ==> next_comm=swapper/0 next_pid=0 next_prio=120
          <idle>-0     [000] ...2   150.391508: sched_switch: prev_comm=swapper/0 prev_pid=0 prev_prio=120 prev_state=R ==> next_comm=ksoftirqd/0 next_pid=3 next_prio=120
     ksoftirqd/0-3     [000] ...2   150.391517: sched_switch: prev_comm=ksoftirqd/0 prev_pid=3 prev_prio=120 prev_state=S ==> next_comm=swapper/0 next_pid=0 next_prio=120
          <idle>-0     [000] ...2   150.391536: sched_switch: prev_comm=swapper/0 prev_pid=0 prev_prio=120 prev_state=R ==> next_comm=ksoftirqd/0 next_pid=3 next_prio=120
     ksoftirqd/0-3     [000] ...2   150.391544: sched_switch: prev_comm=ksoftirqd/0 prev_pid=3 prev_prio=120 prev_state=S ==> next_comm=swapper/0 next_pid=0 next_prio=120
          <idle>-0     [000] ...2   150.391560: sched_switch: prev_comm=swapper/0 prev_pid=0 prev_prio=120 prev_state=R ==> next_comm=ksoftirqd/0 next_pid=3 next_prio=120
     ksoftirqd/0-3     [000] ...2   150.391568: sched_switch: prev_comm=ksoftirqd/0 prev_pid=3 prev_prio=120 prev_state=S ==> next_comm=swapper/0 next_pid=0 next_prio=120
          <idle>-0     [000] ...2   150.391636: sched_switch: prev_comm=swapper/0 prev_pid=0 prev_prio=120 prev_state=R ==> next_comm=mmcqd/1 next_pid=117 next_prio=120
           <...>-117   [000] ...1   150.391670: block_rq_complete: 179,0 RA () 1210456 + 16 [0]
           <...>-117   [000] ...2   150.391686: sched_switch: prev_comm=mmcqd/1 prev_pid=117 prev_prio=120 prev_state=S ==> next_comm=swapper/0 next_pid=0 next_prio=120
          <idle>-0     [000] ...2   150.391919: sched_switch: prev_comm=swapper/0 prev_pid=0 prev_prio=120 prev_state=R ==> next_comm=mmcqd/1 next_pid=117 next_prio=120
           <...>-117   [000] ...1   150.391932: block_rq_complete: 179,0 RA () 1259352 + 8 [0]
           <...>-117   [000] ...2   150.391952: sched_switch: prev_comm=mmcqd/1 prev_pid=117 prev_prio=120 prev_state=R+ ==> next_comm=kworker/0:1H next_pid=17 next_prio=100
    kworker/0:1H-17    [000] ...2   150.391960: sched_switch: prev_comm=kworker/0:1H prev_pid=17 prev_prio=100 prev_state=S ==> next_comm=mmcqd/1 next_pid=117 next_prio=120
           <...>-117   [000] ...2   150.391972: sched_switch: prev_comm=mmcqd/1 prev_pid=117 prev_prio=120 prev_state=S ==> next_comm=am next_pid=2440 next_prio=120
           <...>-2440  [000] ...2   150.393659: sched_switch: prev_comm=am prev_pid=2440 prev_prio=120 prev_state=R+ ==> next_comm=migration/0 next_pid=8 next_prio=0
     migration/0-8     [000] ...2   150.393674: sched_switch: prev_comm=migration/0 prev_pid=8 prev_prio=0 prev_state=S ==> next_comm=swapper/0 next_pid=0 next_prio=120
          <idle>-0     [000] ...2   150.393691: sched_switch: prev_comm=swapper/0 prev_pid=0 prev_prio=120 prev_state=R ==> next_comm=ksoftirqd/0 next_pid=3 next_prio=120
     ksoftirqd/0-3     [000] ...2   150.393699: sched_switch: prev_comm=ksoftirqd/0 prev_pid=3 prev_prio=120 prev_state=S ==> next_comm=swapper/0 next_pid=0 next_prio=120
          <idle>-0     [001] ...2   150.393706: sched_switch: prev_comm=swapper/1 prev_pid=0 prev_prio=120 prev_state=R ==> next_comm=am next_pid=2440 next_prio=120
          <idle>-0     [000] ...2   150.393714: sched_switch: prev_comm=swapper/0 prev_pid=0 prev_prio=120 prev_state=R ==> next_comm=ksoftirqd/0 next_pid=3 next_prio=120
     ksoftirqd/0-3     [000] ...2   150.393721: sched_switch: prev_comm=ksoftirqd/0 prev_pid=3 prev_prio=120 prev_state=S ==> next_comm=swapper/0 next_pid=0 next_prio=120
          <idle>-0     [000] ...2   150.393735: sched_switch: prev_comm=swapper/0 prev_pid=0 prev_prio=120 prev_state=R ==> next_comm=ksoftirqd/0 next_pid=3 next_prio=120
     ksoftirqd/0-3     [000] ...2   150.393741: sched_switch: prev_comm=ksoftirqd/0 prev_pid=3 prev_prio=120 prev_state=S ==> next_comm=swapper/0 next_pid=0 next_prio=120
           <...>-2440  [001] d..2   150.396347: block_rq_insert: 179,0 R 0 () 1172184 + 112 [app_process]
          <idle>-0     [000] ...2   150.396387: sched_switch: prev_comm=swapper/0 prev_pid=0 prev_prio=120 prev_state=R ==> next_comm=mmcqd/1 next_pid=117 next_prio=120
           <...>-2440  [001] ...2   150.396418: sched_switch: prev_comm=app_process prev_pid=2440 prev_prio=120 prev_state=D|W ==> next_comm=swapper/1 next_pid=0 next_prio=120
           <...>-117   [000] ...2   150.396453: sched_switch: prev_comm=mmcqd/1 prev_pid=117 prev_prio=120 prev_state=S ==> next_comm=swapper/0 next_pid=0 next_prio=120
          <idle>-0     [001] ...2   150.396486: sched_switch: prev_comm=swapper/1 prev_pid=0 prev_prio=120 prev_state=R ==> next_comm=ksoftirqd/1 next_pid=2438 next_prio=120
           <...>-2438  [001] ...2   150.396528: sched_switch: prev_comm=ksoftirqd/1 prev_pid=2438 prev_prio=120 prev_state=S ==> next_comm=swapper/1 next_pid=0 next_prio=120
          <idle>-0     [001] ...2   150.396591: sched_switch: prev_comm=swapper/1 prev_pid=0 prev_prio=120 prev_state=R ==> next_comm=ksoftirqd/1 next_pid=2438 next_prio=120
           <...>-2438  [001] ...2   150.396626: sched_switch: prev_comm=ksoftirqd/1 prev_pid=2438 prev_prio=120 prev_state=S ==> next_comm=swapper/1 next_pid=0 next_prio=120
          <idle>-0     [001] ...2   150.396685: sched_switch: prev_comm=swapper/1 prev_pid=0 prev_prio=120 prev_state=R ==> next_comm=ksoftirqd/1 next_pid=2438 next_prio=120
           <...>-2438  [001] ...2   150.396759: sched_switch: prev_comm=ksoftirqd/1 prev_pid=2438 prev_prio=120 prev_state=S ==> next_comm=swapper/1 next_pid=0 next_prio=120
          <idle>-0     [001] ...2   150.396817: sched_switch: prev_comm=swapper/1 prev_pid=0 prev_prio=120 prev_state=R ==> next_comm=ksoftirqd/1 next_pid=2438 next_prio=120
           <...>-2438  [001] ...2   150.396852: sched_switch: prev_comm=ksoftirqd/1 prev_pid=2438 prev_prio=120 prev_state=S ==> next_comm=swapper/1 next_pid=0 next_prio=120
          <idle>-0     [001] ...2   150.396903: sched_switch: prev_comm=swapper/1 prev_pid=0 prev_prio=120 prev_state=R ==> next_comm=ksoftirqd/1 next_pid=2438 next_prio=120
           <...>-2438  [001] ...2   150.396945: sched_switch: prev_comm=ksoftirqd/1 prev_pid=2438 prev_prio=120 prev_state=S ==> next_comm=swapper/1 next_pid=0 next_prio=120
          <idle>-0     [001] ...2   150.396996: sched_switch: prev_comm=swapper/1 prev_pid=0 prev_prio=120 prev_state=R ==> next_comm=ksoftirqd/1 next_pid=2438 next_prio=120
           <...>-2438  [001] ...2   150.397025: sched_switch: prev_comm=ksoftirqd/1 prev_pid=2438 prev_prio=120 prev_state=S ==> next_comm=swapper/1 next_pid=0 next_prio=120
          <idle>-0     [000] ...2   150.397297: sched_switch: prev_comm=swapper/0 prev_pid=0 prev_prio=120 prev_state=R ==> next_comm=mmcqd/1 next_pid=117 next_prio=120
           <...>-117   [000] ...1   150.397343: block_rq_complete: 179,0 RA () 1172184 + 112 [0]
           <...>-117   [000] ...2   150.397366: sched_switch: prev_comm=mmcqd/1 prev_pid=117 prev_prio=120 prev_state=R+ ==> next_comm=kworker/0:1H next_pid=17 next_prio=100
    kworker/0:1H-17    [000] ...2   150.397373: sched_switch: prev_comm=kworker/0:1H prev_pid=17 prev_prio=100 prev_state=S ==> next_comm=mmcqd/1 next_pid=117 next_prio=120
          <idle>-0     [001] ...2   150.397374: sched_switch: prev_comm=swapper/1 prev_pid=0 prev_prio=120 prev_state=R ==> next_comm=app_process next_pid=2440 next_prio=120
           <...>-117   [000] ...2   150.397383: sched_switch: prev_comm=mmcqd/1 prev_pid=117 prev_prio=120 prev_state=S ==> next_comm=swapper/0 next_pid=0 next_prio=120
           <...>-2440  [001] d..2   150.397902: block_rq_insert: 179,0 R 0 () 1187608 + 64 [app_process]
          <idle>-0     [000] ...2   150.397936: sched_switch: prev_comm=swapper/0 prev_pid=0 prev_prio=120 prev_state=R ==> next_comm=mmcqd/1 next_pid=117 next_prio=120
           <...>-2440  [001] ...2   150.397952: sched_switch: prev_comm=app_process prev_pid=2440 prev_prio=120 prev_state=D|W ==> next_comm=swapper/1 next_pid=0 next_prio=120
           <...>-117   [000] ...2   150.397987: sched_switch: prev_comm=mmcqd/1 prev_pid=117 prev_prio=120 prev_state=S ==> next_comm=swapper/0 next_pid=0 next_prio=120
          <idle>-0     [000] ...2   150.398515: sched_switch: prev_comm=swapper/0 prev_pid=0 prev_prio=120 prev_state=R ==> next_comm=mmcqd/1 next_pid=117 next_prio=120
           <...>-117   [000] ...1   150.398536: block_rq_complete: 179,0 RA () 1187608 + 64 [0]
          <idle>-0     [001] ...2   150.398553: sched_switch: prev_comm=swapper/1 prev_pid=0 prev_prio=120 prev_state=R ==> next_comm=kworker/1:0H next_pid=2437 next_prio=100
           <...>-117   [000] ...2   150.398555: sched_switch: prev_comm=mmcqd/1 prev_pid=117 prev_prio=120 prev_state=R+ ==> next_comm=kworker/0:1H next_pid=17 next_prio=100
    kworker/0:1H-17    [000] ...2   150.398562: sched_switch: prev_comm=kworker/0:1H prev_pid=17 prev_prio=100 prev_state=S ==> next_comm=mmcqd/1 next_pid=117 next_prio=120
           <...>-117   [000] ...2   150.398571: sched_switch: prev_comm=mmcqd/1 prev_pid=117 prev_prio=120 prev_state=S ==> next_comm=app_process next_pid=2440 next_prio=120
           <...>-2440  [000] ...2   150.398598: sched_switch: prev_comm=app_process prev_pid=2440 prev_prio=120 prev_state=R+ ==> next_comm=kthreadd next_pid=2 next_prio=98
           <...>-2437  [001] ...2   150.398614: sched_switch: prev_comm=kworker/1:0H prev_pid=2437 prev_prio=100 prev_state=D ==> next_comm=ksoftirqd/1 next_pid=2438 next_prio=120
        kthreadd-2     [000] ...2   150.398630: sched_switch: prev_comm=kthreadd prev_pid=2 prev_prio=98 prev_state=S ==> next_comm=app_process next_pid=2440 next_prio=120
           <...>-2438  [001] ...2   150.398641: sched_switch: prev_comm=ksoftirqd/1 prev_pid=2438 prev_prio=120 prev_state=R+ ==> next_comm=kthreadd next_pid=2441 next_prio=98
           <...>-2441  [001] ...2   150.398687: sched_switch: prev_comm=kthreadd prev_pid=2441 prev_prio=98 prev_state=D ==> next_comm=kworker/1:0H next_pid=2437 next_prio=100
           <...>-2437  [001] ...2   150.398795: sched_switch: prev_comm=kworker/1:0H prev_pid=2437 prev_prio=100 prev_state=D ==> next_comm=kworker/1:1H next_pid=2441 next_prio=100
           <...>-2440  [000] d..2   150.398814: block_rq_insert: 179,0 R 0 () 1196504 + 8 [app_process]
           <...>-2440  [000] ...2   150.398832: sched_switch: prev_comm=app_process prev_pid=2440 prev_prio=120 prev_state=R+ ==> next_comm=kthreadd next_pid=2 next_prio=98
           <...>-2441  [001] ...2   150.398848: sched_switch: prev_comm=kworker/1:1H prev_pid=2441 prev_prio=100 prev_state=D ==> next_comm=ksoftirqd/1 next_pid=2438 next_prio=120
        kthreadd-2     [000] ...2   150.398855: sched_switch: prev_comm=kthreadd prev_pid=2 prev_prio=98 prev_state=S ==> next_comm=mmcqd/1 next_pid=117 next_prio=120
           <...>-2438  [001] ...2   150.398867: sched_switch: prev_comm=ksoftirqd/1 prev_pid=2438 prev_prio=120 prev_state=R+ ==> next_comm=kthreadd next_pid=2442 next_prio=98
           <...>-117   [000] ...2   150.398891: sched_switch: prev_comm=mmcqd/1 prev_pid=117 prev_prio=120 prev_state=S ==> next_comm=app_process next_pid=2440 next_prio=120
           <...>-2442  [001] ...2   150.398908: sched_switch: prev_comm=kthreadd prev_pid=2442 prev_prio=98 prev_state=D ==> next_comm=kworker/1:1H next_pid=2441 next_prio=100
           <...>-2440  [000] ...2   150.398910: sched_switch: prev_comm=app_process prev_pid=2440 prev_prio=120 prev_state=D|W ==> next_comm=swapper/0 next_pid=0 next_prio=120
          <idle>-0     [000] ...2   150.398926: sched_switch: prev_comm=swapper/0 prev_pid=0 prev_prio=120 prev_state=R ==> next_comm=ksoftirqd/0 next_pid=3 next_prio=120
     ksoftirqd/0-3     [000] ...2   150.398938: sched_switch: prev_comm=ksoftirqd/0 prev_pid=3 prev_prio=120 prev_state=S ==> next_comm=swapper/0 next_pid=0 next_prio=120
          <idle>-0     [000] ...2   150.398953: sched_switch: prev_comm=swapper/0 prev_pid=0 prev_prio=120 prev_state=R ==> next_comm=ksoftirqd/0 next_pid=3 next_prio=120
     ksoftirqd/0-3     [000] ...2   150.398973: sched_switch: prev_comm=ksoftirqd/0 prev_pid=3 prev_prio=120 prev_state=S ==> next_comm=swapper/0 next_pid=0 next_prio=120
          <idle>-0     [000] ...2   150.398988: sched_switch: prev_comm=swapper/0 prev_pid=0 prev_prio=120 prev_state=R ==> next_comm=ksoftirqd/0 next_pid=3 next_prio=120
     ksoftirqd/0-3     [000] ...2   150.398998: sched_switch: prev_comm=ksoftirqd/0 prev_pid=3 prev_prio=120 prev_state=S ==> next_comm=swapper/0 next_pid=0 next_prio=120
           <...>-2441  [001] ...2   150.399120: sched_switch: prev_comm=kworker/1:1H prev_pid=2441 prev_prio=100 prev_state=R+ ==> next_comm=kworker/1:2H next_pid=2442 next_prio=100
           <...>-2442  [001] ...2   150.399130: sched_switch: prev_comm=kworker/1:2H prev_pid=2442 prev_prio=100 prev_state=S ==> next_comm=kworker/1:1H next_pid=2441 next_prio=100
          <idle>-0     [000] ...2   150.399134: sched_switch: prev_comm=swapper/0 prev_pid=0 prev_prio=120 prev_state=R ==> next_comm=mmcqd/1 next_pid=117 next_prio=120
           <...>-117   [000] ...1   150.399143: block_rq_complete: 179,0 RA () 1196504 + 8 [0]
           <...>-2441  [001] ...2   150.399145: sched_switch: prev_comm=kworker/1:1H prev_pid=2441 prev_prio=100 prev_state=S ==> next_comm=kworker/1:0H next_pid=2437 next_prio=100
           <...>-117   [000] ...2   150.399160: sched_switch: prev_comm=mmcqd/1 prev_pid=117 prev_prio=120 prev_state=R+ ==> next_comm=kworker/0:1H next_pid=17 next_prio=100
           <...>-2437  [001] ...2   150.399160: sched_switch: prev_comm=kworker/1:0H prev_pid=2437 prev_prio=100 prev_state=S ==> next_comm=ksoftirqd/1 next_pid=2438 next_prio=120
    kworker/0:1H-17    [000] ...2   150.399166: sched_switch: prev_comm=kworker/0:1H prev_pid=17 prev_prio=100 prev_state=S ==> next_comm=mmcqd/1 next_pid=117 next_prio=120
           <...>-2438  [001] ...2   150.399168: sched_switch: prev_comm=ksoftirqd/1 prev_pid=2438 prev_prio=120 prev_state=S ==> next_comm=swapper/1 next_pid=0 next_prio=120
           <...>-117   [000] ...2   150.399174: sched_switch: prev_comm=mmcqd/1 prev_pid=117 prev_prio=120 prev_state=S ==> next_comm=app_process next_pid=2440 next_prio=120
          <idle>-0     [001] ...2   150.399200: sched_switch: prev_comm=swapper/1 prev_pid=0 prev_prio=120 prev_state=R ==> next_comm=ksoftirqd/1 next_pid=2438 next_prio=120
           <...>-2438  [001] ...2   150.399212: sched_switch: prev_comm=ksoftirqd/1 prev_pid=2438 prev_prio=120 prev_state=S ==> next_comm=swapper/1 next_pid=0 next_prio=120
          <idle>-0     [001] ...2   150.399234: sched_switch: prev_comm=swapper/1 prev_pid=0 prev_prio=120 prev_state=R ==> next_comm=ksoftirqd/1 next_pid=2438 next_prio=120
           <...>-2438  [001] ...2   150.399246: sched_switch: prev_comm=ksoftirqd/1 prev_pid=2438 prev_prio=120 prev_state=S ==> next_comm=swapper/1 next_pid=0 next_prio=120
           <...>-2440  [000] d..2   150.399278: block_rq_insert: 179,0 R 0 () 1210368 + 8 [app_process]
           <...>-2440  [000] ...2   150.399288: sched_switch: prev_comm=app_process prev_pid=2440 prev_prio=120 prev_state=R+ ==> next_comm=mmcqd/1 next_pid=117 next_prio=120
           <...>-117   [000] ...2   150.399325: sched_switch: prev_comm=mmcqd/1 prev_pid=117 prev_prio=120 prev_state=S ==> next_comm=app_process next_pid=2440 next_prio=120
           <...>-2440  [000] ...2   150.399333: sched_switch: prev_comm=app_process prev_pid=2440 prev_prio=120 prev_state=D|W ==> next_comm=swapper/0 next_pid=0 next_prio=120
          <idle>-0     [000] ...2   150.399555: sched_switch: prev_comm=swapper/0 prev_pid=0 prev_prio=120 prev_state=R ==> next_comm=mmcqd/1 next_pid=117 next_prio=120
           <...>-117   [000] ...1   150.399565: block_rq_complete: 179,0 RA () 1210368 + 8 [0]
           <...>-117   [000] ...2   150.399581: sched_switch: prev_comm=mmcqd/1 prev_pid=117 prev_prio=120 prev_state=R+ ==> next_comm=kworker/0:1H next_pid=17 next_prio=100
    kworker/0:1H-17    [000] ...2   150.399587: sched_switch: prev_comm=kworker/0:1H prev_pid=17 prev_prio=100 prev_state=S ==> next_comm=mmcqd/1 next_pid=117 next_prio=120
           <...>-117   [000] ...2   150.399597: sched_switch: prev_comm=mmcqd/1 prev_pid=117 prev_prio=120 prev_state=S ==> next_comm=app_process next_pid=2440 next_prio=120
           <...>-2440  [000] d..2   150.399861: block_rq_insert: 179,0 R 0 () 1261264 + 16 [app_process]
           <...>-2440  [000] ...2   150.399870: sched_switch: prev_comm=app_process prev_pid=2440 prev_prio=120 prev_state=R+ ==> next_comm=mmcqd/1 next_pid=117 next_prio=120
           <...>-117   [000] ...2   150.399909: sched_switch: prev_comm=mmcqd/1 prev_pid=117 prev_prio=120 prev_state=S ==> next_comm=app_process next_pid=2440 next_prio=120
           <...>-2440  [000] ...2   150.399915: sched_switch: prev_comm=app_process prev_pid=2440 prev_prio=120 prev_state=D|W ==> next_comm=swapper/0 next_pid=0 next_prio=120
          <idle>-0     [000] ...2   150.400184: sched_switch: prev_comm=swapper/0 prev_pid=0 prev_prio=120 prev_state=R ==> next_comm=mmcqd/1 next_pid=117 next_prio=120
           <...>-117   [000] ...1   150.400196: block_rq_complete: 179,0 RA () 1261264 + 16 [0]
           <...>-117   [000] ...2   150.400213: sched_switch: prev_comm=mmcqd/1 prev_pid=117 prev_prio=120 prev_state=R+ ==> next_comm=kworker/0:1H next_pid=17 next_prio=100
    kworker/0:1H-17    [000] ...2   150.400220: sched_switch: prev_comm=kworker/0:1H prev_pid=17 prev_prio=100 prev_state=S ==> next_comm=mmcqd/1 next_pid=117 next_prio=120
           <...>-117   [000] ...2   150.400229: sched_switch: prev_comm=mmcqd/1 prev_pid=117 prev_prio=120 prev_state=S ==> next_comm=app_process next_pid=2440 next_prio=120
           <...>-2440  [000] d..2   150.400365: block_rq_insert: 179,0 R 0 () 875136 + 48 [app_process]
           <...>-2440  [000] d..2   150.400368: block_rq_insert: 179,0 R 0 () 875192 + 80 [app_process]
           <...>-2440  [000] ...2   150.400377: sched_switch: prev_comm=app_process prev_pid=2440 prev_prio=120 prev_state=R+ ==> next_comm=mmcqd/1 next_pid=117 next_prio=120
           <...>-117   [000] ...2   150.400450: sched_switch: prev_comm=mmcqd/1 prev_pid=117 prev_prio=120 prev_state=S ==> next_comm=app_process next_pid=2440 next_prio=120
           <...>-2440  [000] ...2   150.400455: sched_switch: prev_comm=app_process prev_pid=2440 prev_prio=120 prev_state=D|W ==> next_comm=swapper/0 next_pid=0 next_prio=120
          <idle>-0     [000] ...2   150.400851: sched_switch: prev_comm=swapper/0 prev_pid=0 prev_prio=120 prev_state=R ==> next_comm=mmcqd/1 next_pid=117 next_prio=120
           <...>-117   [000] ...1   150.400886: block_rq_complete: 179,0 RA () 875136 + 48 [0]
           <...>-117   [000] ...2   150.400901: sched_switch: prev_comm=mmcqd/1 prev_pid=117 prev_prio=120 prev_state=S ==> next_comm=swapper/0 next_pid=0 next_prio=120
          <idle>-0     [000] ...2   150.401578: sched_switch: prev_comm=swapper/0 prev_pid=0 prev_prio=120 prev_state=R ==> next_comm=mmcqd/1 next_pid=117 next_prio=120
           <...>-117   [000] ...1   150.401604: block_rq_complete: 179,0 RA () 875192 + 80 [0]
           <...>-117   [000] ...2   150.401624: sched_switch: prev_comm=mmcqd/1 prev_pid=117 prev_prio=120 prev_state=R+ ==> next_comm=kworker/0:1H next_pid=17 next_prio=100
    kworker/0:1H-17    [000] ...2   150.401631: sched_switch: prev_comm=kworker/0:1H prev_pid=17 prev_prio=100 prev_state=S ==> next_comm=mmcqd/1 next_pid=117 next_prio=120
           <...>-117   [000] ...2   150.401640: sched_switch: prev_comm=mmcqd/1 prev_pid=117 prev_prio=120 prev_state=S ==> next_comm=app_process next_pid=2440 next_prio=120
           <...>-2440  [000] d..2   150.401770: block_rq_insert: 179,0 R 0 () 875280 + 16 [app_process]
           <...>-2440  [000] ...2   150.401780: sched_switch: prev_comm=app_process prev_pid=2440 prev_prio=120 prev_state=R+ ==> next_comm=mmcqd/1 next_pid=117 next_prio=120
           <...>-117   [000] ...2   150.401817: sched_switch: prev_comm=mmcqd/1 prev_pid=117 prev_prio=120 prev_state=S ==> next_comm=app_process next_pid=2440 next_prio=120
           <...>-2440  [000] ...2   150.401823: sched_switch: prev_comm=app_process prev_pid=2440 prev_prio=120 prev_state=D|W ==> next_comm=swapper/0 next_pid=0 next_prio=120
          <idle>-0     [000] ...2   150.402102: sched_switch: prev_comm=swapper/0 prev_pid=0 prev_prio=120 prev_state=R ==> next_comm=mmcqd/1 next_pid=117 next_prio=120
           <...>-117   [000] ...1   150.402113: block_rq_complete: 179,0 RA () 875280 + 16 [0]
           <...>-117   [000] ...2   150.402130: sched_switch: prev_comm=mmcqd/1 prev_pid=117 prev_prio=120 prev_state=R+ ==> next_comm=kworker/0:1H next_pid=17 next_prio=100
    kworker/0:1H-17    [000] ...2   150.402137: sched_switch: prev_comm=kworker/0:1H prev_pid=17 prev_prio=100 prev_state=S ==> next_comm=mmcqd/1 next_pid=117 next_prio=120
           <...>-117   [000] ...2   150.402146: sched_switch: prev_comm=mmcqd/1 prev_pid=117 prev_prio=120 prev_state=S ==> next_comm=app_process next_pid=2440 next_prio=120
           <...>-2440  [000] d..2   150.402248: block_rq_insert: 179,0 R 0 () 876648 + 8 [app_process]
           <...>-2440  [000] ...2   150.402257: sched_switch: prev_comm=app_process prev_pid=2440 prev_prio=120 prev_state=R+ ==> next_comm=mmcqd/1 next_pid=117 next_prio=120
           <...>-117   [000] ...2   150.402293: sched_switch: prev_comm=mmcqd/1 prev_pid=117 prev_prio=120 prev_state=S ==> next_comm=app_process next_pid=2440 next_prio=120
           <...>-2440  [000] ...2   150.402298: sched_switch: prev_comm=app_process prev_pid=2440 prev_prio=120 prev_state=D|W ==> next_comm=swapper/0 next_pid=0 next_prio=120
          <idle>-0     [000] ...2   150.402539: sched_switch: prev_comm=swapper/0 prev_pid=0 prev_prio=120 prev_state=R ==> next_comm=mmcqd/1 next_pid=117 next_prio=120
           <...>-117   [000] ...1   150.402549: block_rq_complete: 179,0 RA () 876648 + 8 [0]
           <...>-117   [000] ...2   150.402564: sched_switch: prev_comm=mmcqd/1 prev_pid=117 prev_prio=120 prev_state=R+ ==> next_comm=kworker/0:1H next_pid=17 next_prio=100
    kworker/0:1H-17    [000] ...2   150.402571: sched_switch: prev_comm=kworker/0:1H prev_pid=17 prev_prio=100 prev_state=S ==> next_comm=mmcqd/1 next_pid=117 next_prio=120
           <...>-117   [000] ...2   150.402580: sched_switch: prev_comm=mmcqd/1 prev_pid=117 prev_prio=120 prev_state=S ==> next_comm=app_process next_pid=2440 next_prio=120
           <...>-2440  [000] d..2   150.402688: block_rq_insert: 179,0 R 0 () 876728 + 8 [app_process]
           <...>-2440  [000] ...2   150.402697: sched_switch: prev_comm=app_process prev_pid=2440 prev_prio=120 prev_state=R+ ==> next_comm=mmcqd/1 next_pid=117 next_prio=120
           <...>-117   [000] ...2   150.402733: sched_switch: prev_comm=mmcqd/1 prev_pid=117 prev_prio=120 prev_state=S ==> next_comm=app_process next_pid=2440 next_prio=120
           <...>-2440  [000] ...2   150.402739: sched_switch: prev_comm=app_process prev_pid=2440 prev_prio=120 prev_state=D|W ==> next_comm=swapper/0 next_pid=0 next_prio=120
          <idle>-0     [000] ...2   150.402969: sched_switch: prev_comm=swapper/0 prev_pid=0 prev_prio=120 prev_state=R ==> next_comm=mmcqd/1 next_pid=117 next_prio=120
           <...>-117   [000] ...1   150.402979: block_rq_complete: 179,0 RA () 876728 + 8 [0]
           <...>-117   [000] ...2   150.402995: sched_switch: prev_comm=mmcqd/1 prev_pid=117 prev_prio=120 prev_state=R+ ==> next_comm=kworker/0:1H next_pid=17 next_prio=100
    kworker/0:1H-17    [000] ...2   150.403002: sched_switch: prev_comm=kworker/0:1H prev_pid=17 prev_prio=100 prev_state=S ==> next_comm=mmcqd/1 next_pid=117 next_prio=120
           <...>-117   [000] ...2   150.403011: sched_switch: prev_comm=mmcqd/1 prev_pid=117 prev_prio=120 prev_state=S ==> next_comm=app_process next_pid=2440 next_prio=120
           <...>-2440  [000] d..2   150.403136: block_rq_insert: 179,0 R 0 () 1172824 + 16 [app_process]
           <...>-2440  [000] ...2   150.403146: sched_switch: prev_comm=app_process prev_pid=2440 prev_prio=120 prev_state=R+ ==> next_comm=mmcqd/1 next_pid=117 next_prio=120
           <...>-117   [000] ...2   150.403184: sched_switch: prev_comm=mmcqd/1 prev_pid=117 prev_prio=120 prev_state=S ==> next_comm=app_process next_pid=2440 next_prio=120
           <...>-2440  [000] ...2   150.403190: sched_switch: prev_comm=app_process prev_pid=2440 prev_prio=120 prev_state=D|W ==> next_comm=swapper/0 next_pid=0 next_prio=120
          <idle>-0     [000] ...2   150.403515: sched_switch: prev_comm=swapper/0 prev_pid=0 prev_prio=120 prev_state=R ==> next_comm=mmcqd/1 next_pid=117 next_prio=120
           <...>-117   [000] ...1   150.403527: block_rq_complete: 179,0 RA () 1172824 + 16 [0]
           <...>-117   [000] ...2   150.403543: sched_switch: prev_comm=mmcqd/1 prev_pid=117 prev_prio=120 prev_state=R+ ==> next_comm=kworker/0:1H next_pid=17 next_prio=100
    kworker/0:1H-17    [000] ...2   150.403550: sched_switch: prev_comm=kworker/0:1H prev_pid=17 prev_prio=100 prev_state=S ==> next_comm=mmcqd/1 next_pid=117 next_prio=120
           <...>-117   [000] ...2   150.403559: sched_switch: prev_comm=mmcqd/1 prev_pid=117 prev_prio=120 prev_state=S ==> next_comm=app_process next_pid=2440 next_prio=120
           <...>-2440  [000] d..2   150.403670: block_rq_insert: 179,0 R 0 () 1186368 + 24 [app_process]
           <...>-2440  [000] ...2   150.403680: sched_switch: prev_comm=app_process prev_pid=2440 prev_prio=120 prev_state=R+ ==> next_comm=mmcqd/1 next_pid=117 next_prio=120
           <...>-117   [000] ...2   150.403720: sched_switch: prev_comm=mmcqd/1 prev_pid=117 prev_prio=120 prev_state=S ==> next_comm=app_process next_pid=2440 next_prio=120
           <...>-2440  [000] ...2   150.403726: sched_switch: prev_comm=app_process prev_pid=2440 prev_prio=120 prev_state=D|W ==> next_comm=swapper/0 next_pid=0 next_prio=120
          <idle>-0     [000] ...2   150.404031: sched_switch: prev_comm=swapper/0 prev_pid=0 prev_prio=120 prev_state=R ==> next_comm=mmcqd/1 next_pid=117 next_prio=120
           <...>-117   [000] ...1   150.404045: block_rq_complete: 179,0 RA () 1186368 + 24 [0]
           <...>-117   [000] ...2   150.404061: sched_switch: prev_comm=mmcqd/1 prev_pid=117 prev_prio=120 prev_state=R+ ==> next_comm=kworker/0:1H next_pid=17 next_prio=100
    kworker/0:1H-17    [000] ...2   150.404068: sched_switch: prev_comm=kworker/0:1H prev_pid=17 prev_prio=100 prev_state=S ==> next_comm=mmcqd/1 next_pid=117 next_prio=120
           <...>-117   [000] ...2   150.404077: sched_switch: prev_comm=mmcqd/1 prev_pid=117 prev_prio=120 prev_state=S ==> next_comm=app_process next_pid=2440 next_prio=120
           <...>-2440  [000] d..2   150.404199: block_rq_insert: 179,0 R 0 () 1190912 + 16 [app_process]
           <...>-2440  [000] d..2   150.404202: block_rq_insert: 179,0 R 0 () 1190960 + 88 [app_process]
           <...>-2440  [000] ...2   150.404211: sched_switch: prev_comm=app_process prev_pid=2440 prev_prio=120 prev_state=R+ ==> next_comm=mmcqd/1 next_pid=117 next_prio=120
           <...>-117   [000] ...2   150.404276: sched_switch: prev_comm=mmcqd/1 prev_pid=117 prev_prio=120 prev_state=S ==> next_comm=app_process next_pid=2440 next_prio=120
           <...>-2440  [000] ...2   150.404282: sched_switch: prev_comm=app_process prev_pid=2440 prev_prio=120 prev_state=D|W ==> next_comm=swapper/0 next_pid=0 next_prio=120
          <idle>-0     [000] ...2   150.404513: sched_switch: prev_comm=swapper/0 prev_pid=0 prev_prio=120 prev_state=R ==> next_comm=mmcqd/1 next_pid=117 next_prio=120
           <...>-117   [000] ...1   150.404540: block_rq_complete: 179,0 RA () 1190912 + 16 [0]
           <...>-117   [000] ...2   150.404552: sched_switch: prev_comm=mmcqd/1 prev_pid=117 prev_prio=120 prev_state=S ==> next_comm=swapper/0 next_pid=0 next_prio=120
          <idle>-0     [000] ...2   150.405192: sched_switch: prev_comm=swapper/0 prev_pid=0 prev_prio=120 prev_state=R ==> next_comm=mmcqd/1 next_pid=117 next_prio=120
           <...>-117   [000] ...1   150.405220: block_rq_complete: 179,0 RA () 1190960 + 88 [0]
           <...>-117   [000] ...2   150.405240: sched_switch: prev_comm=mmcqd/1 prev_pid=117 prev_prio=120 prev_state=R+ ==> next_comm=kworker/0:1H next_pid=17 next_prio=100
    kworker/0:1H-17    [000] ...2   150.405247: sched_switch: prev_comm=kworker/0:1H prev_pid=17 prev_prio=100 prev_state=S ==> next_comm=mmcqd/1 next_pid=117 next_prio=120
           <...>-117   [000] ...2   150.405257: sched_switch: prev_comm=mmcqd/1 prev_pid=117 prev_prio=120 prev_state=S ==> next_comm=app_process next_pid=2440 next_prio=120
           <...>-2440  [000] d..2   150.405371: block_rq_insert: 179,0 R 0 () 1191096 + 8 [app_process]
           <...>-2440  [000] ...2   150.405380: sched_switch: prev_comm=app_process prev_pid=2440 prev_prio=120 prev_state=R+ ==> next_comm=mmcqd/1 next_pid=117 next_prio=120
           <...>-117   [000] ...2   150.405417: sched_switch: prev_comm=mmcqd/1 prev_pid=117 prev_prio=120 prev_state=S ==> next_comm=app_process next_pid=2440 next_prio=120
           <...>-2440  [000] ...2   150.405422: sched_switch: prev_comm=app_process prev_pid=2440 prev_prio=120 prev_state=D|W ==> next_comm=swapper/0 next_pid=0 next_prio=120
          <idle>-0     [000] ...2   150.405666: sched_switch: prev_comm=swapper/0 prev_pid=0 prev_prio=120 prev_state=R ==> next_comm=mmcqd/1 next_pid=117 next_prio=120
           <...>-117   [000] ...1   150.405676: block_rq_complete: 179,0 RA () 1191096 + 8 [0]
           <...>-117   [000] ...2   150.405691: sched_switch: prev_comm=mmcqd/1 prev_pid=117 prev_prio=120 prev_state=R+ ==> next_comm=kworker/0:1H next_pid=17 next_prio=100
    kworker/0:1H-17    [000] ...2   150.405698: sched_switch: prev_comm=kworker/0:1H prev_pid=17 prev_prio=100 prev_state=S ==> next_comm=mmcqd/1 next_pid=117 next_prio=120
           <...>-117   [000] ...2   150.405707: sched_switch: prev_comm=mmcqd/1 prev_pid=117 prev_prio=120 prev_state=S ==> next_comm=app_process next_pid=2440 next_prio=120
           <...>-2440  [000] d..2   150.405844: block_rq_insert: 179,0 R 0 () 1196272 + 144 [app_process]
           <...>-2440  [000] ...2   150.405855: sched_switch: prev_comm=app_process prev_pid=2440 prev_prio=120 prev_state=R+ ==> next_comm=mmcqd/1 next_pid=117 next_prio=120
           <...>-117   [000] ...2   150.405926: sched_switch: prev_comm=mmcqd/1 prev_pid=117 prev_prio=120 prev_state=S ==> next_comm=app_process next_pid=2440 next_prio=120
           <...>-2440  [000] ...2   150.405932: sched_switch: prev_comm=app_process prev_pid=2440 prev_prio=120 prev_state=D|W ==> next_comm=swapper/0 next_pid=0 next_prio=120
          <idle>-0     [000] ...2   150.406880: sched_switch: prev_comm=swapper/0 prev_pid=0 prev_prio=120 prev_state=R ==> next_comm=mmcqd/1 next_pid=117 next_prio=120
           <...>-117   [000] ...1   150.406921: block_rq_complete: 179,0 RA () 1196272 + 144 [0]
           <...>-117   [000] ...2   150.406942: sched_switch: prev_comm=mmcqd/1 prev_pid=117 prev_prio=120 prev_state=R+ ==> next_comm=kworker/0:1H next_pid=17 next_prio=100
    kworker/0:1H-17    [000] ...2   150.406949: sched_switch: prev_comm=kworker/0:1H prev_pid=17 prev_prio=100 prev_state=S ==> next_comm=mmcqd/1 next_pid=117 next_prio=120
           <...>-117   [000] ...2   150.406957: sched_switch: prev_comm=mmcqd/1 prev_pid=117 prev_prio=120 prev_state=S ==> next_comm=app_process next_pid=2440 next_prio=120
           <...>-2440  [000] d..2   150.407096: block_rq_insert: 179,0 R 0 () 1197384 + 8 [app_process]
           <...>-2440  [000] d..2   150.407099: block_rq_insert: 179,0 R 0 () 1197408 + 8 [app_process]
           <...>-2440  [000] d..2   150.407101: block_rq_insert: 179,0 R 0 () 1197440 + 8 [app_process]
           <...>-2440  [000] d..2   150.407103: block_rq_insert: 179,0 R 0 () 1197464 + 16 [app_process]
           <...>-2440  [000] ...2   150.407112: sched_switch: prev_comm=app_process prev_pid=2440 prev_prio=120 prev_state=R+ ==> next_comm=mmcqd/1 next_pid=117 next_prio=120
           <...>-117   [000] ...2   150.407155: sched_switch: prev_comm=mmcqd/1 prev_pid=117 prev_prio=120 prev_state=S ==> next_comm=app_process next_pid=2440 next_prio=120
