           <...>-2439  [001] ...2   150.511600: sched_switch: prev_comm=kworker/1:1 prev_pid=2439 prev_prio=120 prev_state=S ==> next_comm=sh next_pid=2449 next_prio=120
           <...>-2449  [001] ...2   150.511615: sched_switch: prev_comm=sh prev_pid=2449 prev_prio=120 prev_state=R+ ==> next_comm=kworker/1:1 next_pid=2439 next_prio=120
           <...>-2439  [001] ...2   150.511628: sched_switch: prev_comm=kworker/1:1 prev_pid=2439 prev_prio=120 prev_state=S ==> next_comm=sh next_pid=2449 next_prio=120
           <...>-2449  [001] ...2   150.511673: sched_switch: prev_comm=sh prev_pid=2449 prev_prio=120 prev_state=R+ ==> next_comm=kworker/1:1 next_pid=2439 next_prio=120
           <...>-2439  [001] ...2   150.511686: sched_switch: prev_comm=kworker/1:1 prev_pid=2439 prev_prio=120 prev_state=S ==> next_comm=sh next_pid=2449 next_prio=120
           <...>-2449  [001] ...2   150.511701: sched_switch: prev_comm=sh prev_pid=2449 prev_prio=120 prev_state=R+ ==> next_comm=kworker/1:1 next_pid=2439 next_prio=120
           <...>-2439  [001] ...2   150.511713: sched_switch: prev_comm=kworker/1:1 prev_pid=2439 prev_prio=120 prev_state=S ==> next_comm=sh next_pid=2449 next_prio=120
           <...>-2449  [001] ...2   150.511730: sched_switch: prev_comm=sh prev_pid=2449 prev_prio=120 prev_state=R+ ==> next_comm=kworker/1:1 next_pid=2439 next_prio=120
           <...>-2439  [001] ...2   150.511744: sched_switch: prev_comm=kworker/1:1 prev_pid=2439 prev_prio=120 prev_state=S ==> next_comm=sh next_pid=2449 next_prio=120
           <...>-2449  [001] ...2   150.511759: sched_switch: prev_comm=sh prev_pid=2449 prev_prio=120 prev_state=R+ ==> next_comm=kworker/1:1 next_pid=2439 next_prio=120
           <...>-2439  [001] ...2   150.511772: sched_switch: prev_comm=kworker/1:1 prev_pid=2439 prev_prio=120 prev_state=S ==> next_comm=sh next_pid=2449 next_prio=120
           <...>-2449  [001] ...2   150.511789: sched_switch: prev_comm=sh prev_pid=2449 prev_prio=120 prev_state=R+ ==> next_comm=kworker/1:1 next_pid=2439 next_prio=120
           <...>-2439  [001] ...2   150.511802: sched_switch: prev_comm=kworker/1:1 prev_pid=2439 prev_prio=120 prev_state=S ==> next_comm=sh next_pid=2449 next_prio=120
           <...>-2449  [001] ...2   150.511817: sched_switch: prev_comm=sh prev_pid=2449 prev_prio=120 prev_state=R+ ==> next_comm=kworker/1:1 next_pid=2439 next_prio=120
           <...>-2439  [001] ...2   150.511829: sched_switch: prev_comm=kworker/1:1 prev_pid=2439 prev_prio=120 prev_state=S ==> next_comm=sh next_pid=2449 next_prio=120
           <...>-2449  [001] ...2   150.511844: sched_switch: prev_comm=sh prev_pid=2449 prev_prio=120 prev_state=R+ ==> next_comm=kworker/1:1 next_pid=2439 next_prio=120
           <...>-2439  [001] ...2   150.511856: sched_switch: prev_comm=kworker/1:1 prev_pid=2439 prev_prio=120 prev_state=S ==> next_comm=sh next_pid=2449 next_prio=120
           <...>-2449  [001] ...2   150.511871: sched_switch: prev_comm=sh prev_pid=2449 prev_prio=120 prev_state=R+ ==> next_comm=kworker/1:1 next_pid=2439 next_prio=120
           <...>-2439  [001] ...2   150.511883: sched_switch: prev_comm=kworker/1:1 prev_pid=2439 prev_prio=120 prev_state=S ==> next_comm=sh next_pid=2449 next_prio=120
           <...>-2449  [001] ...2   150.511898: sched_switch: prev_comm=sh prev_pid=2449 prev_prio=120 prev_state=R+ ==> next_comm=kworker/1:1 next_pid=2439 next_prio=120
           <...>-2439  [001] ...2   150.511911: sched_switch: prev_comm=kworker/1:1 prev_pid=2439 prev_prio=120 prev_state=S ==> next_comm=sh next_pid=2449 next_prio=120
           <...>-2449  [001] ...2   150.511927: sched_switch: prev_comm=sh prev_pid=2449 prev_prio=120 prev_state=R+ ==> next_comm=kworker/1:1 next_pid=2439 next_prio=120
           <...>-2439  [001] ...2   150.511939: sched_switch: prev_comm=kworker/1:1 prev_pid=2439 prev_prio=120 prev_state=S ==> next_comm=sh next_pid=2449 next_prio=120
           <...>-2449  [001] ...2   150.511954: sched_switch: prev_comm=sh prev_pid=2449 prev_prio=120 prev_state=R+ ==> next_comm=kworker/1:1 next_pid=2439 next_prio=120
           <...>-2439  [001] ...2   150.511967: sched_switch: prev_comm=kworker/1:1 prev_pid=2439 prev_prio=120 prev_state=S ==> next_comm=sh next_pid=2449 next_prio=120
           <...>-2440  [000] ...2   150.511969: sched_switch: prev_comm=app_process prev_pid=2440 prev_prio=120 prev_state=R+ ==> next_comm=adbd next_pid=793 next_prio=120
           <...>-2449  [001] ...2   150.511983: sched_switch: prev_comm=sh prev_pid=2449 prev_prio=120 prev_state=R+ ==> next_comm=kworker/1:1 next_pid=2439 next_prio=120
           <...>-2439  [001] ...2   150.511995: sched_switch: prev_comm=kworker/1:1 prev_pid=2439 prev_prio=120 prev_state=S ==> next_comm=sh next_pid=2449 next_prio=120
            adbd-793   [000] ...2   150.512006: sched_switch: prev_comm=adbd prev_pid=793 prev_prio=120 prev_state=S ==> next_comm=adbd next_pid=790 next_prio=120
           <...>-2449  [001] ...2   150.512012: sched_switch: prev_comm=sh prev_pid=2449 prev_prio=120 prev_state=R+ ==> next_comm=kworker/1:1 next_pid=2439 next_prio=120
           <...>-2439  [001] ...2   150.512025: sched_switch: prev_comm=kworker/1:1 prev_pid=2439 prev_prio=120 prev_state=S ==> next_comm=sh next_pid=2449 next_prio=120
           <...>-2449  [001] ...2   150.512040: sched_switch: prev_comm=sh prev_pid=2449 prev_prio=120 prev_state=R+ ==> next_comm=kworker/1:1 next_pid=2439 next_prio=120
           <...>-2439  [001] ...2   150.512052: sched_switch: prev_comm=kworker/1:1 prev_pid=2439 prev_prio=120 prev_state=S ==> next_comm=sh next_pid=2449 next_prio=120
            adbd-790   [000] ...2   150.512188: sched_switch: prev_comm=adbd prev_pid=790 prev_prio=120 prev_state=S ==> next_comm=adbd next_pid=792 next_prio=120
            adbd-792   [000] ...2   150.512242: sched_switch: prev_comm=adbd prev_pid=792 prev_prio=120 prev_state=S ==> next_comm=app_process next_pid=2440 next_prio=120
           <...>-2440  [000] d..2   150.512272: block_rq_insert: 179,0 R 0 () 1247040 + 56 [app_process]
           <...>-2440  [000] d..2   150.512277: block_rq_insert: 179,0 R 0 () 1247104 + 8 [app_process]
           <...>-2440  [000] d..2   150.512279: block_rq_insert: 179,0 R 0 () 1247120 + 104 [app_process]
           <...>-2440  [000] ...2   150.512290: sched_switch: prev_comm=app_process prev_pid=2440 prev_prio=120 prev_state=R+ ==> next_comm=mmcqd/1 next_pid=117 next_prio=120
           <...>-117   [000] ...2   150.512371: sched_switch: prev_comm=mmcqd/1 prev_pid=117 prev_prio=120 prev_state=S ==> next_comm=app_process next_pid=2440 next_prio=120
           <...>-2440  [000] ...2   150.512380: sched_switch: prev_comm=app_process prev_pid=2440 prev_prio=120 prev_state=D|W ==> next_comm=swapper/0 next_pid=0 next_prio=120
          <idle>-0     [000] ...2   150.512402: sched_switch: prev_comm=swapper/0 prev_pid=0 prev_prio=120 prev_state=R ==> next_comm=ksoftirqd/0 next_pid=3 next_prio=120
     ksoftirqd/0-3     [000] ...2   150.512411: sched_switch: prev_comm=ksoftirqd/0 prev_pid=3 prev_prio=120 prev_state=S ==> next_comm=swapper/0 next_pid=0 next_prio=120
          <idle>-0     [000] ...2   150.512434: sched_switch: prev_comm=swapper/0 prev_pid=0 prev_prio=120 prev_state=R ==> next_comm=ksoftirqd/0 next_pid=3 next_prio=120
     ksoftirqd/0-3     [000] ...2   150.512441: sched_switch: prev_comm=ksoftirqd/0 prev_pid=3 prev_prio=120 prev_state=S ==> next_comm=swapper/0 next_pid=0 next_prio=120
          <idle>-0     [000] ...2   150.512456: sched_switch: prev_comm=swapper/0 prev_pid=0 prev_prio=120 prev_state=R ==> next_comm=ksoftirqd/0 next_pid=3 next_prio=120
     ksoftirqd/0-3     [000] ...2   150.512462: sched_switch: prev_comm=ksoftirqd/0 prev_pid=3 prev_prio=120 prev_state=S ==> next_comm=swapper/0 next_pid=0 next_prio=120
           <...>-2449  [001] ...2   150.512631: sched_switch: prev_comm=sh prev_pid=2449 prev_prio=120 prev_state=R+ ==> next_comm=adbd next_pid=2450 next_prio=120
          <idle>-0     [000] ...2   150.512707: sched_switch: prev_comm=swapper/0 prev_pid=0 prev_prio=120 prev_state=R ==> next_comm=adbd next_pid=790 next_prio=120
           <...>-2450  [001] ...3   150.512798: sched_switch: prev_comm=adbd prev_pid=2450 prev_prio=120 prev_state=x ==> next_comm=sh next_pid=2449 next_prio=120
           <...>-2449  [001] ...3   150.512822: sched_switch: prev_comm=sh prev_pid=2449 prev_prio=120 prev_state=x ==> next_comm=adbd next_pid=792 next_prio=120
            adbd-792   [001] ...2   150.512892: sched_switch: prev_comm=adbd prev_pid=792 prev_prio=120 prev_state=S ==> next_comm=adbd next_pid=793 next_prio=120
            adbd-793   [001] ...2   150.512942: sched_switch: prev_comm=adbd prev_pid=793 prev_prio=120 prev_state=S ==> next_comm=swapper/1 next_pid=0 next_prio=120
          <idle>-0     [001] ...2   150.512971: sched_switch: prev_comm=swapper/1 prev_pid=0 prev_prio=120 prev_state=R ==> next_comm=ksoftirqd/1 next_pid=2438 next_prio=120
           <...>-2438  [001] ...2   150.513005: sched_switch: prev_comm=ksoftirqd/1 prev_pid=2438 prev_prio=120 prev_state=S ==> next_comm=mmcqd/1 next_pid=117 next_prio=120
           <...>-117   [001] ...1   150.513060: block_rq_complete: 179,0 RA () 1247040 + 56 [0]
            adbd-790   [000] ...2   150.513085: sched_switch: prev_comm=adbd prev_pid=790 prev_prio=120 prev_state=S ==> next_comm=kworker/0:0 next_pid=4 next_prio=120
     kworker/0:0-4     [000] ...2   150.513096: sched_switch: prev_comm=kworker/0:0 prev_pid=4 prev_prio=120 prev_state=S ==> next_comm=adbd next_pid=793 next_prio=120
            adbd-793   [000] ...2   150.513126: sched_switch: prev_comm=adbd prev_pid=793 prev_prio=120 prev_state=S ==> next_comm=adbd next_pid=790 next_prio=120
           <...>-117   [001] ...2   150.513139: sched_switch: prev_comm=mmcqd/1 prev_pid=117 prev_prio=120 prev_state=S ==> next_comm=adbd next_pid=792 next_prio=120
            adbd-792   [001] ...2   150.513151: sched_switch: prev_comm=adbd prev_pid=792 prev_prio=120 prev_state=S ==> next_comm=swapper/1 next_pid=0 next_prio=120
          <idle>-0     [001] ...2   150.513174: sched_switch: prev_comm=swapper/1 prev_pid=0 prev_prio=120 prev_state=R ==> next_comm=ksoftirqd/1 next_pid=2438 next_prio=120
           <...>-2438  [001] ...2   150.513190: sched_switch: prev_comm=ksoftirqd/1 prev_pid=2438 prev_prio=120 prev_state=S ==> next_comm=swapper/1 next_pid=0 next_prio=120
          <idle>-0     [001] ...2   150.513212: sched_switch: prev_comm=swapper/1 prev_pid=0 prev_prio=120 prev_state=R ==> next_comm=ksoftirqd/1 next_pid=2438 next_prio=120
           <...>-2438  [001] ...2   150.513227: sched_switch: prev_comm=ksoftirqd/1 prev_pid=2438 prev_prio=120 prev_state=S ==> next_comm=swapper/1 next_pid=0 next_prio=120
            adbd-790   [000] ...2   150.513234: sched_switch: prev_comm=adbd prev_pid=790 prev_prio=120 prev_state=S ==> next_comm=adbd next_pid=792 next_prio=120
            adbd-792   [000] ...2   150.513258: sched_switch: prev_comm=adbd prev_pid=792 prev_prio=120 prev_state=S ==> next_comm=swapper/0 next_pid=0 next_prio=120
          <idle>-0     [000] ...2   150.513261: sched_switch: prev_comm=swapper/0 prev_pid=0 prev_prio=120 prev_state=R ==> next_comm=mmcqd/1 next_pid=117 next_prio=120
           <...>-117   [000] ...1   150.513288: block_rq_complete: 179,0 RA () 1247104 + 8 [0]
           <...>-117   [000] ...2   150.513303: sched_switch: prev_comm=mmcqd/1 prev_pid=117 prev_prio=120 prev_state=S ==> next_comm=swapper/0 next_pid=0 next_prio=120
          <idle>-0     [000] ...2   150.513979: sched_switch: prev_comm=swapper/0 prev_pid=0 prev_prio=120 prev_state=R ==> next_comm=mmcqd/1 next_pid=117 next_prio=120
           <...>-117   [000] ...1   150.514011: block_rq_complete: 179,0 RA () 1247120 + 104 [0]
           <...>-117   [000] ...2   150.514034: sched_switch: prev_comm=mmcqd/1 prev_pid=117 prev_prio=120 prev_state=R+ ==> next_comm=kworker/0:1H next_pid=17 next_prio=100
    kworker/0:1H-17    [000] ...2   150.514042: sched_switch: prev_comm=kworker/0:1H prev_pid=17 prev_prio=100 prev_state=S ==> next_comm=mmcqd/1 next_pid=117 next_prio=120
           <...>-117   [000] ...2   150.514053: sched_switch: prev_comm=mmcqd/1 prev_pid=117 prev_prio=120 prev_state=S ==> next_comm=app_process next_pid=2440 next_prio=120
          <idle>-0     [001] ...2   150.528487: sched_switch: prev_comm=swapper/1 prev_pid=0 prev_prio=120 prev_state=R ==> next_comm=kworker/u:0 next_pid=6 next_prio=120
           <...>-2440  [000] ...2   150.528510: sched_switch: prev_comm=app_process prev_pid=2440 prev_prio=120 prev_state=R ==> next_comm=mpdecision next_pid=1613 next_prio=113
     kworker/u:0-6     [001] ...2   150.528526: sched_switch: prev_comm=kworker/u:0 prev_pid=6 prev_prio=120 prev_state=S ==> next_comm=swapper/1 next_pid=0 next_prio=120
          <idle>-0     [001] ...2   150.528561: sched_switch: prev_comm=swapper/1 prev_pid=0 prev_prio=120 prev_state=R ==> next_comm=ksoftirqd/1 next_pid=2438 next_prio=120
           <...>-2438  [001] ...2   150.528630: sched_switch: prev_comm=ksoftirqd/1 prev_pid=2438 prev_prio=120 prev_state=S ==> next_comm=swapper/1 next_pid=0 next_prio=120
          <idle>-0     [001] ...2   150.528652: sched_switch: prev_comm=swapper/1 prev_pid=0 prev_prio=120 prev_state=R ==> next_comm=ksoftirqd/1 next_pid=2438 next_prio=120
           <...>-2438  [001] ...2   150.528667: sched_switch: prev_comm=ksoftirqd/1 prev_pid=2438 prev_prio=120 prev_state=S ==> next_comm=swapper/1 next_pid=0 next_prio=120
          <idle>-0     [001] ...2   150.528688: sched_switch: prev_comm=swapper/1 prev_pid=0 prev_prio=120 prev_state=R ==> next_comm=ksoftirqd/1 next_pid=2438 next_prio=120
           <...>-2438  [001] ...2   150.528703: sched_switch: prev_comm=ksoftirqd/1 prev_pid=2438 prev_prio=120 prev_state=S ==> next_comm=swapper/1 next_pid=0 next_prio=120
          <idle>-0     [001] ...2   150.528724: sched_switch: prev_comm=swapper/1 prev_pid=0 prev_prio=120 prev_state=R ==> next_comm=ksoftirqd/1 next_pid=2438 next_prio=120
           <...>-2438  [001] ...2   150.528740: sched_switch: prev_comm=ksoftirqd/1 prev_pid=2438 prev_prio=120 prev_state=S ==> next_comm=swapper/1 next_pid=0 next_prio=120
      mpdecision-1613  [000] ...2   150.528759: sched_switch: prev_comm=mpdecision prev_pid=1613 prev_prio=113 prev_state=S ==> next_comm=app_process next_pid=2440 next_prio=120
          <idle>-0     [001] ...2   150.528761: sched_switch: prev_comm=swapper/1 prev_pid=0 prev_prio=120 prev_state=R ==> next_comm=ksoftirqd/1 next_pid=2438 next_prio=120
           <...>-2438  [001] ...2   150.528774: sched_switch: prev_comm=ksoftirqd/1 prev_pid=2438 prev_prio=120 prev_state=S ==> next_comm=swapper/1 next_pid=0 next_prio=120
          <idle>-0     [001] ...2   150.528793: sched_switch: prev_comm=swapper/1 prev_pid=0 prev_prio=120 prev_state=R ==> next_comm=ksoftirqd/1 next_pid=2438 next_prio=120
           <...>-2438  [001] ...2   150.528803: sched_switch: prev_comm=ksoftirqd/1 prev_pid=2438 prev_prio=120 prev_state=S ==> next_comm=swapper/1 next_pid=0 next_prio=120
           <...>-2440  [000] d..2   150.533190: block_rq_insert: 179,0 R 0 () 1211560 + 16 [app_process]
           <...>-2440  [000] d..2   150.533196: block_rq_insert: 179,0 R 0 () 1211624 + 120 [app_process]
           <...>-2440  [000] ...2   150.533208: sched_switch: prev_comm=app_process prev_pid=2440 prev_prio=120 prev_state=R+ ==> next_comm=mmcqd/1 next_pid=117 next_prio=120
           <...>-117   [000] ...2   150.533305: sched_switch: prev_comm=mmcqd/1 prev_pid=117 prev_prio=120 prev_state=S ==> next_comm=app_process next_pid=2440 next_prio=120
           <...>-2440  [000] ...2   150.533314: sched_switch: prev_comm=app_process prev_pid=2440 prev_prio=120 prev_state=D|W ==> next_comm=swapper/0 next_pid=0 next_prio=120
          <idle>-0     [000] ...2   150.533333: sched_switch: prev_comm=swapper/0 prev_pid=0 prev_prio=120 prev_state=R ==> next_comm=ksoftirqd/0 next_pid=3 next_prio=120
     ksoftirqd/0-3     [000] ...2   150.533345: sched_switch: prev_comm=ksoftirqd/0 prev_pid=3 prev_prio=120 prev_state=S ==> next_comm=swapper/0 next_pid=0 next_prio=120
          <idle>-0     [000] ...2   150.533361: sched_switch: prev_comm=swapper/0 prev_pid=0 prev_prio=120 prev_state=R ==> next_comm=ksoftirqd/0 next_pid=3 next_prio=120
     ksoftirqd/0-3     [000] ...2   150.533368: sched_switch: prev_comm=ksoftirqd/0 prev_pid=3 prev_prio=120 prev_state=S ==> next_comm=swapper/0 next_pid=0 next_prio=120
          <idle>-0     [000] ...2   150.533382: sched_switch: prev_comm=swapper/0 prev_pid=0 prev_prio=120 prev_state=R ==> next_comm=ksoftirqd/0 next_pid=3 next_prio=120
     ksoftirqd/0-3     [000] ...2   150.533389: sched_switch: prev_comm=ksoftirqd/0 prev_pid=3 prev_prio=120 prev_state=S ==> next_comm=swapper/0 next_pid=0 next_prio=120
          <idle>-0     [000] ...2   150.533676: sched_switch: prev_comm=swapper/0 prev_pid=0 prev_prio=120 prev_state=R ==> next_comm=mmcqd/1 next_pid=117 next_prio=120
           <...>-117   [000] ...1   150.533706: block_rq_complete: 179,0 RA () 1211560 + 16 [0]
           <...>-117   [000] ...2   150.533723: sched_switch: prev_comm=mmcqd/1 prev_pid=117 prev_prio=120 prev_state=S ==> next_comm=swapper/0 next_pid=0 next_prio=120
          <idle>-0     [000] ...2   150.534543: sched_switch: prev_comm=swapper/0 prev_pid=0 prev_prio=120 prev_state=R ==> next_comm=mmcqd/1 next_pid=117 next_prio=120
           <...>-117   [000] ...1   150.534579: block_rq_complete: 179,0 RA () 1211624 + 120 [0]
           <...>-117   [000] ...2   150.534602: sched_switch: prev_comm=mmcqd/1 prev_pid=117 prev_prio=120 prev_state=R+ ==> next_comm=kworker/0:1H next_pid=17 next_prio=100
    kworker/0:1H-17    [000] ...2   150.534610: sched_switch: prev_comm=kworker/0:1H prev_pid=17 prev_prio=100 prev_state=S ==> next_comm=mmcqd/1 next_pid=117 next_prio=120
           <...>-117   [000] ...2   150.534621: sched_switch: prev_comm=mmcqd/1 prev_pid=117 prev_prio=120 prev_state=S ==> next_comm=app_process next_pid=2440 next_prio=120
           <...>-2440  [000] ...2   150.538459: sched_switch: prev_comm=app_process prev_pid=2440 prev_prio=120 prev_state=R ==> next_comm=kworker/0:1H next_pid=17 next_prio=100
    kworker/0:1H-17    [000] ...2   150.538474: sched_switch: prev_comm=kworker/0:1H prev_pid=17 prev_prio=100 prev_state=S ==> next_comm=app_process next_pid=2440 next_prio=120
          <idle>-0     [001] ...2   150.538490: sched_switch: prev_comm=swapper/1 prev_pid=0 prev_prio=120 prev_state=R ==> next_comm=kworker/1:0H next_pid=2437 next_prio=100
           <...>-2437  [001] ...2   150.538520: sched_switch: prev_comm=kworker/1:0H prev_pid=2437 prev_prio=100 prev_state=D ==> next_comm=kworker/1:1H next_pid=2441 next_prio=100
           <...>-2441  [001] ...2   150.538551: sched_switch: prev_comm=kworker/1:1H prev_pid=2441 prev_prio=100 prev_state=S ==> next_comm=kworker/1:0H next_pid=2437 next_prio=100
           <...>-2437  [001] ...2   150.538563: sched_switch: prev_comm=kworker/1:0H prev_pid=2437 prev_prio=100 prev_state=S ==> next_comm=ksoftirqd/1 next_pid=2438 next_prio=120
           <...>-2438  [001] ...2   150.538577: sched_switch: prev_comm=ksoftirqd/1 prev_pid=2438 prev_prio=120 prev_state=S ==> next_comm=swapper/1 next_pid=0 next_prio=120
          <idle>-0     [001] ...2   150.538599: sched_switch: prev_comm=swapper/1 prev_pid=0 prev_prio=120 prev_state=R ==> next_comm=ksoftirqd/1 next_pid=2438 next_prio=120
           <...>-2438  [001] ...2   150.538611: sched_switch: prev_comm=ksoftirqd/1 prev_pid=2438 prev_prio=120 prev_state=S ==> next_comm=swapper/1 next_pid=0 next_prio=120
          <idle>-0     [001] ...2   150.538632: sched_switch: prev_comm=swapper/1 prev_pid=0 prev_prio=120 prev_state=R ==> next_comm=ksoftirqd/1 next_pid=2438 next_prio=120
           <...>-2438  [001] ...2   150.538644: sched_switch: prev_comm=ksoftirqd/1 prev_pid=2438 prev_prio=120 prev_state=S ==> next_comm=swapper/1 next_pid=0 next_prio=120
           <...>-2440  [000] ...2   150.558461: sched_switch: prev_comm=app_process prev_pid=2440 prev_prio=120 prev_state=R ==> next_comm=kworker/0:0 next_pid=4 next_prio=120
     kworker/0:0-4     [000] ...2   150.558509: sched_switch: prev_comm=kworker/0:0 prev_pid=4 prev_prio=120 prev_state=S ==> next_comm=app_process next_pid=2440 next_prio=120
          <idle>-0     [001] ...2   150.578483: sched_switch: prev_comm=swapper/1 prev_pid=0 prev_prio=120 prev_state=R ==> next_comm=kworker/u:0 next_pid=6 next_prio=120
           <...>-2440  [000] ...2   150.578505: sched_switch: prev_comm=app_process prev_pid=2440 prev_prio=120 prev_state=R ==> next_comm=mpdecision next_pid=1613 next_prio=113
     kworker/u:0-6     [001] ...2   150.578521: sched_switch: prev_comm=kworker/u:0 prev_pid=6 prev_prio=120 prev_state=S ==> next_comm=swapper/1 next_pid=0 next_prio=120
          <idle>-0     [001] ...2   150.578544: sched_switch: prev_comm=swapper/1 prev_pid=0 prev_prio=120 prev_state=R ==> next_comm=ksoftirqd/1 next_pid=2438 next_prio=120
           <...>-2438  [001] ...2   150.578570: sched_switch: prev_comm=ksoftirqd/1 prev_pid=2438 prev_prio=120 prev_state=S ==> next_comm=swapper/1 next_pid=0 next_prio=120
          <idle>-0     [001] ...2   150.578589: sched_switch: prev_comm=swapper/1 prev_pid=0 prev_prio=120 prev_state=R ==> next_comm=ksoftirqd/1 next_pid=2438 next_prio=120
           <...>-2438  [001] ...2   150.578606: sched_switch: prev_comm=ksoftirqd/1 prev_pid=2438 prev_prio=120 prev_state=S ==> next_comm=swapper/1 next_pid=0 next_prio=120
          <idle>-0     [001] ...2   150.578627: sched_switch: prev_comm=swapper/1 prev_pid=0 prev_prio=120 prev_state=R ==> next_comm=ksoftirqd/1 next_pid=2438 next_prio=120
           <...>-2438  [001] ...2   150.578643: sched_switch: prev_comm=ksoftirqd/1 prev_pid=2438 prev_prio=120 prev_state=S ==> next_comm=swapper/1 next_pid=0 next_prio=120
      mpdecision-1613  [000] ...2   150.578763: sched_switch: prev_comm=mpdecision prev_pid=1613 prev_prio=113 prev_state=S ==> next_comm=app_process next_pid=2440 next_prio=120
           <...>-2440  [000] ...2   150.594110: sched_switch: prev_comm=app_process prev_pid=2440 prev_prio=120 prev_state=R+ ==> next_comm=logcat next_pid=802 next_prio=120
          logcat-802   [000] ...2   150.594232: sched_switch: prev_comm=logcat prev_pid=802 prev_prio=120 prev_state=S ==> next_comm=logcat next_pid=797 next_prio=120
          logcat-797   [000] ...2   150.594329: sched_switch: prev_comm=logcat prev_pid=797 prev_prio=120 prev_state=S ==> next_comm=logcat next_pid=799 next_prio=120
          logcat-799   [000] ...2   150.594426: sched_switch: prev_comm=logcat prev_pid=799 prev_prio=120 prev_state=S ==> next_comm=kworker/0:0 next_pid=4 next_prio=120
     kworker/0:0-4     [000] ...2   150.594451: sched_switch: prev_comm=kworker/0:0 prev_pid=4 prev_prio=120 prev_state=S ==> next_comm=adbd next_pid=790 next_prio=120
            adbd-790   [000] ...2   150.594683: sched_switch: prev_comm=adbd prev_pid=790 prev_prio=120 prev_state=S ==> next_comm=adbd next_pid=792 next_prio=120
            adbd-792   [000] ...2   150.594782: sched_switch: prev_comm=adbd prev_pid=792 prev_prio=120 prev_state=S ==> next_comm=app_process next_pid=2440 next_prio=120
           <...>-2440  [000] d..2   150.595025: block_rq_insert: 179,0 R 0 () 1183416 + 224 [app_process]
           <...>-2440  [000] ...2   150.595040: sched_switch: prev_comm=app_process prev_pid=2440 prev_prio=120 prev_state=R+ ==> next_comm=mmcqd/1 next_pid=117 next_prio=120
           <...>-117   [000] ...2   150.595175: sched_switch: prev_comm=mmcqd/1 prev_pid=117 prev_prio=120 prev_state=S ==> next_comm=adbd next_pid=793 next_prio=120
            adbd-793   [000] ...2   150.595207: sched_switch: prev_comm=adbd prev_pid=793 prev_prio=120 prev_state=S ==> next_comm=adbd next_pid=790 next_prio=120
            adbd-790   [000] ...2   150.595331: sched_switch: prev_comm=adbd prev_pid=790 prev_prio=120 prev_state=S ==> next_comm=adbd next_pid=792 next_prio=120
            adbd-792   [000] ...2   150.595356: sched_switch: prev_comm=adbd prev_pid=792 prev_prio=120 prev_state=S ==> next_comm=app_process next_pid=2440 next_prio=120
           <...>-2440  [000] ...2   150.595386: sched_switch: prev_comm=app_process prev_pid=2440 prev_prio=120 prev_state=D|W ==> next_comm=swapper/0 next_pid=0 next_prio=120
          <idle>-0     [000] ...2   150.595390: sched_switch: prev_comm=swapper/0 prev_pid=0 prev_prio=120 prev_state=R ==> next_comm=adbd next_pid=793 next_prio=120
            adbd-793   [000] ...2   150.595418: sched_switch: prev_comm=adbd prev_pid=793 prev_prio=120 prev_state=S ==> next_comm=adbd next_pid=790 next_prio=120
            adbd-790   [000] ...2   150.595539: sched_switch: prev_comm=adbd prev_pid=790 prev_prio=120 prev_state=S ==> next_comm=adbd next_pid=792 next_prio=120
            adbd-792   [000] ...2   150.595544: sched_switch: prev_comm=adbd prev_pid=792 prev_prio=120 prev_state=S ==> next_comm=swapper/0 next_pid=0 next_prio=120
          <idle>-0     [000] ...2   150.595565: sched_switch: prev_comm=swapper/0 prev_pid=0 prev_prio=120 prev_state=R ==> next_comm=ksoftirqd/0 next_pid=3 next_prio=120
     ksoftirqd/0-3     [000] ...2   150.595574: sched_switch: prev_comm=ksoftirqd/0 prev_pid=3 prev_prio=120 prev_state=S ==> next_comm=swapper/0 next_pid=0 next_prio=120
          <idle>-0     [000] ...2   150.595589: sched_switch: prev_comm=swapper/0 prev_pid=0 prev_prio=120 prev_state=R ==> next_comm=ksoftirqd/0 next_pid=3 next_prio=120
     ksoftirqd/0-3     [000] ...2   150.595596: sched_switch: prev_comm=ksoftirqd/0 prev_pid=3 prev_prio=120 prev_state=S ==> next_comm=swapper/0 next_pid=0 next_prio=120
          <idle>-0     [000] ...2   150.595609: sched_switch: prev_comm=swapper/0 prev_pid=0 prev_prio=120 prev_state=R ==> next_comm=ksoftirqd/0 next_pid=3 next_prio=120
     ksoftirqd/0-3     [000] ...2   150.595643: sched_switch: prev_comm=ksoftirqd/0 prev_pid=3 prev_prio=120 prev_state=S ==> next_comm=adbd next_pid=793 next_prio=120
            adbd-793   [000] ...2   150.595671: sched_switch: prev_comm=adbd prev_pid=793 prev_prio=120 prev_state=S ==> next_comm=adbd next_pid=790 next_prio=120
            adbd-790   [000] ...2   150.595793: sched_switch: prev_comm=adbd prev_pid=790 prev_prio=120 prev_state=S ==> next_comm=adbd next_pid=792 next_prio=120
            adbd-792   [000] ...2   150.595798: sched_switch: prev_comm=adbd prev_pid=792 prev_prio=120 prev_state=S ==> next_comm=swapper/0 next_pid=0 next_prio=120
          <idle>-0     [000] ...2   150.596627: sched_switch: prev_comm=swapper/0 prev_pid=0 prev_prio=120 prev_state=R ==> next_comm=mmcqd/1 next_pid=117 next_prio=120
           <...>-117   [000] ...1   150.596688: block_rq_complete: 179,0 RA () 1183416 + 224 [0]
           <...>-117   [000] ...2   150.596719: sched_switch: prev_comm=mmcqd/1 prev_pid=117 prev_prio=120 prev_state=R+ ==> next_comm=kworker/0:1H next_pid=17 next_prio=100
    kworker/0:1H-17    [000] ...2   150.596728: sched_switch: prev_comm=kworker/0:1H prev_pid=17 prev_prio=100 prev_state=S ==> next_comm=mmcqd/1 next_pid=117 next_prio=120
           <...>-117   [000] ...2   150.596738: sched_switch: prev_comm=mmcqd/1 prev_pid=117 prev_prio=120 prev_state=S ==> next_comm=app_process next_pid=2440 next_prio=120
           <...>-2440  [000] d..2   150.596926: block_rq_insert: 179,0 R 0 () 1186480 + 40 [app_process]
           <...>-2440  [000] ...2   150.596937: sched_switch: prev_comm=app_process prev_pid=2440 prev_prio=120 prev_state=R+ ==> next_comm=mmcqd/1 next_pid=117 next_prio=120
           <...>-117   [000] ...2   150.596983: sched_switch: prev_comm=mmcqd/1 prev_pid=117 prev_prio=120 prev_state=S ==> next_comm=app_process next_pid=2440 next_prio=120
           <...>-2440  [000] ...2   150.596989: sched_switch: prev_comm=app_process prev_pid=2440 prev_prio=120 prev_state=D|W ==> next_comm=swapper/0 next_pid=0 next_prio=120
          <idle>-0     [000] ...2   150.597003: sched_switch: prev_comm=swapper/0 prev_pid=0 prev_prio=120 prev_state=R ==> next_comm=ksoftirqd/0 next_pid=3 next_prio=120
     ksoftirqd/0-3     [000] ...2   150.597011: sched_switch: prev_comm=ksoftirqd/0 prev_pid=3 prev_prio=120 prev_state=S ==> next_comm=swapper/0 next_pid=0 next_prio=120
          <idle>-0     [000] ...2   150.597025: sched_switch: prev_comm=swapper/0 prev_pid=0 prev_prio=120 prev_state=R ==> next_comm=ksoftirqd/0 next_pid=3 next_prio=120
     ksoftirqd/0-3     [000] ...2   150.597031: sched_switch: prev_comm=ksoftirqd/0 prev_pid=3 prev_prio=120 prev_state=S ==> next_comm=swapper/0 next_pid=0 next_prio=120
          <idle>-0     [000] ...2   150.597044: sched_switch: prev_comm=swapper/0 prev_pid=0 prev_prio=120 prev_state=R ==> next_comm=ksoftirqd/0 next_pid=3 next_prio=120
     ksoftirqd/0-3     [000] ...2   150.597051: sched_switch: prev_comm=ksoftirqd/0 prev_pid=3 prev_prio=120 prev_state=S ==> next_comm=swapper/0 next_pid=0 next_prio=120
          <idle>-0     [000] ...2   150.597397: sched_switch: prev_comm=swapper/0 prev_pid=0 prev_prio=120 prev_state=R ==> next_comm=mmcqd/1 next_pid=117 next_prio=120
           <...>-117   [000] ...1   150.597415: block_rq_complete: 179,0 RA () 1186480 + 40 [0]
           <...>-117   [000] ...2   150.597433: sched_switch: prev_comm=mmcqd/1 prev_pid=117 prev_prio=120 prev_state=R+ ==> next_comm=kworker/0:1H next_pid=17 next_prio=100
    kworker/0:1H-17    [000] ...2   150.597440: sched_switch: prev_comm=kworker/0:1H prev_pid=17 prev_prio=100 prev_state=S ==> next_comm=mmcqd/1 next_pid=117 next_prio=120
           <...>-117   [000] ...2   150.597449: sched_switch: prev_comm=mmcqd/1 prev_pid=117 prev_prio=120 prev_state=S ==> next_comm=app_process next_pid=2440 next_prio=120
           <...>-2440  [000] d..2   150.597606: block_rq_insert: 179,0 R 0 () 1242888 + 8 [app_process]
           <...>-2440  [000] ...2   150.597616: sched_switch: prev_comm=app_process prev_pid=2440 prev_prio=120 prev_state=R+ ==> next_comm=mmcqd/1 next_pid=117 next_prio=120
           <...>-117   [000] ...2   150.597652: sched_switch: prev_comm=mmcqd/1 prev_pid=117 prev_prio=120 prev_state=S ==> next_comm=app_process next_pid=2440 next_prio=120
           <...>-2440  [000] ...2   150.597658: sched_switch: prev_comm=app_process prev_pid=2440 prev_prio=120 prev_state=D|W ==> next_comm=swapper/0 next_pid=0 next_prio=120
          <idle>-0     [000] ...2   150.597671: sched_switch: prev_comm=swapper/0 prev_pid=0 prev_prio=120 prev_state=R ==> next_comm=ksoftirqd/0 next_pid=3 next_prio=120
     ksoftirqd/0-3     [000] ...2   150.597678: sched_switch: prev_comm=ksoftirqd/0 prev_pid=3 prev_prio=120 prev_state=S ==> next_comm=swapper/0 next_pid=0 next_prio=120
          <idle>-0     [000] ...2   150.597692: sched_switch: prev_comm=swapper/0 prev_pid=0 prev_prio=120 prev_state=R ==> next_comm=ksoftirqd/0 next_pid=3 next_prio=120
     ksoftirqd/0-3     [000] ...2   150.597699: sched_switch: prev_comm=ksoftirqd/0 prev_pid=3 prev_prio=120 prev_state=S ==> next_comm=swapper/0 next_pid=0 next_prio=120
          <idle>-0     [000] ...2   150.597711: sched_switch: prev_comm=swapper/0 prev_pid=0 prev_prio=120 prev_state=R ==> next_comm=ksoftirqd/0 next_pid=3 next_prio=120
     ksoftirqd/0-3     [000] ...2   150.597718: sched_switch: prev_comm=ksoftirqd/0 prev_pid=3 prev_prio=120 prev_state=S ==> next_comm=swapper/0 next_pid=0 next_prio=120
          <idle>-0     [000] ...2   150.597884: sched_switch: prev_comm=swapper/0 prev_pid=0 prev_prio=120 prev_state=R ==> next_comm=mmcqd/1 next_pid=117 next_prio=120
           <...>-117   [000] ...1   150.597894: block_rq_complete: 179,0 RA () 1242888 + 8 [0]
           <...>-117   [000] ...2   150.597910: sched_switch: prev_comm=mmcqd/1 prev_pid=117 prev_prio=120 prev_state=R+ ==> next_comm=kworker/0:1H next_pid=17 next_prio=100
    kworker/0:1H-17    [000] ...2   150.597917: sched_switch: prev_comm=kworker/0:1H prev_pid=17 prev_prio=100 prev_state=S ==> next_comm=mmcqd/1 next_pid=117 next_prio=120
           <...>-117   [000] ...2   150.597926: sched_switch: prev_comm=mmcqd/1 prev_pid=117 prev_prio=120 prev_state=S ==> next_comm=app_process next_pid=2440 next_prio=120
           <...>-2440  [000] ...2   150.599285: sched_switch: prev_comm=app_process prev_pid=2440 prev_prio=120 prev_state=R ==> next_comm=logcat next_pid=802 next_prio=120
          logcat-802   [000] ...2   150.599301: sched_switch: prev_comm=logcat prev_pid=802 prev_prio=120 prev_state=S ==> next_comm=app_process next_pid=2440 next_prio=120
           <...>-2440  [000] ...2   150.599382: sched_switch: prev_comm=app_process prev_pid=2440 prev_prio=120 prev_state=R ==> next_comm=logcat next_pid=797 next_prio=120
          logcat-797   [000] ...2   150.599397: sched_switch: prev_comm=logcat prev_pid=797 prev_prio=120 prev_state=S ==> next_comm=app_process next_pid=2440 next_prio=120
           <...>-2440  [000] ...2   150.599479: sched_switch: prev_comm=app_process prev_pid=2440 prev_prio=120 prev_state=R ==> next_comm=logcat next_pid=799 next_prio=120
          logcat-799   [000] ...2   150.599493: sched_switch: prev_comm=logcat prev_pid=799 prev_prio=120 prev_state=S ==> next_comm=app_process next_pid=2440 next_prio=120
           <...>-2440  [000] ...2   150.599999: sched_switch: prev_comm=app_process prev_pid=2440 prev_prio=120 prev_state=R+ ==> next_comm=logcat next_pid=799 next_prio=120
          logcat-799   [000] ...2   150.600103: sched_switch: prev_comm=logcat prev_pid=799 prev_prio=120 prev_state=S ==> next_comm=logcat next_pid=797 next_prio=120
          logcat-797   [000] ...2   150.600191: sched_switch: prev_comm=logcat prev_pid=797 prev_prio=120 prev_state=S ==> next_comm=logcat next_pid=802 next_prio=120
          logcat-802   [000] ...2   150.600278: sched_switch: prev_comm=logcat prev_pid=802 prev_prio=120 prev_state=S ==> next_comm=kworker/0:0 next_pid=4 next_prio=120
     kworker/0:0-4     [000] ...2   150.600303: sched_switch: prev_comm=kworker/0:0 prev_pid=4 prev_prio=120 prev_state=S ==> next_comm=adbd next_pid=790 next_prio=120
            adbd-790   [000] ...2   150.600488: sched_switch: prev_comm=adbd prev_pid=790 prev_prio=120 prev_state=S ==> next_comm=adbd next_pid=792 next_prio=120
            adbd-792   [000] ...2   150.600568: sched_switch: prev_comm=adbd prev_pid=792 prev_prio=120 prev_state=S ==> next_comm=app_process next_pid=2440 next_prio=120
           <...>-2440  [000] ...2   150.600890: sched_switch: prev_comm=app_process prev_pid=2440 prev_prio=120 prev_state=R ==> next_comm=adbd next_pid=793 next_prio=120
            adbd-793   [000] ...2   150.600923: sched_switch: prev_comm=adbd prev_pid=793 prev_prio=120 prev_state=S ==> next_comm=adbd next_pid=790 next_prio=120
            adbd-790   [000] ...2   150.601049: sched_switch: prev_comm=adbd prev_pid=790 prev_prio=120 prev_state=S ==> next_comm=adbd next_pid=792 next_prio=120
            adbd-792   [000] ...2   150.601076: sched_switch: prev_comm=adbd prev_pid=792 prev_prio=120 prev_state=S ==> next_comm=app_process next_pid=2440 next_prio=120
           <...>-2440  [000] ...2   150.601149: sched_switch: prev_comm=app_process prev_pid=2440 prev_prio=120 prev_state=R+ ==> next_comm=adbd next_pid=793 next_prio=120
            adbd-793   [000] ...2   150.601179: sched_switch: prev_comm=adbd prev_pid=793 prev_prio=120 prev_state=S ==> next_comm=adbd next_pid=790 next_prio=120
            adbd-790   [000] ...2   150.601302: sched_switch: prev_comm=adbd prev_pid=790 prev_prio=120 prev_state=S ==> next_comm=adbd next_pid=792 next_prio=120
            adbd-792   [000] ...2   150.601307: sched_switch: prev_comm=adbd prev_pid=792 prev_prio=120 prev_state=S ==> next_comm=app_process next_pid=2440 next_prio=120
           <...>-2440  [000] ...2   150.601388: sched_switch: prev_comm=app_process prev_pid=2440 prev_prio=120 prev_state=R ==> next_comm=adbd next_pid=793 next_prio=120
            adbd-793   [000] ...2   150.601417: sched_switch: prev_comm=adbd prev_pid=793 prev_prio=120 prev_state=S ==> next_comm=adbd next_pid=790 next_prio=120
            adbd-790   [000] ...2   150.601539: sched_switch: prev_comm=adbd prev_pid=790 prev_prio=120 prev_state=S ==> next_comm=adbd next_pid=792 next_prio=120
            adbd-792   [000] ...2   150.601545: sched_switch: prev_comm=adbd prev_pid=792 prev_prio=120 prev_state=S ==> next_comm=app_process next_pid=2440 next_prio=120
           <...>-2440  [000] d..2   150.602777: block_rq_insert: 179,0 R 0 () 806160 + 32 [app_process]
           <...>-2440  [000] ...2   150.602792: sched_switch: prev_comm=app_process prev_pid=2440 prev_prio=120 prev_state=R+ ==> next_comm=mmcqd/1 next_pid=117 next_prio=120
           <...>-117   [000] ...2   150.602845: sched_switch: prev_comm=mmcqd/1 prev_pid=117 prev_prio=120 prev_state=S ==> next_comm=app_process next_pid=2440 next_prio=120
           <...>-2440  [000] ...2   150.602852: sched_switch: prev_comm=app_process prev_pid=2440 prev_prio=120 prev_state=D|W ==> next_comm=swapper/0 next_pid=0 next_prio=120
          <idle>-0     [000] ...2   150.602871: sched_switch: prev_comm=swapper/0 prev_pid=0 prev_prio=120 prev_state=R ==> next_comm=ksoftirqd/0 next_pid=3 next_prio=120
     ksoftirqd/0-3     [000] ...2   150.602881: sched_switch: prev_comm=ksoftirqd/0 prev_pid=3 prev_prio=120 prev_state=S ==> next_comm=swapper/0 next_pid=0 next_prio=120
          <idle>-0     [000] ...2   150.602895: sched_switch: prev_comm=swapper/0 prev_pid=0 prev_prio=120 prev_state=R ==> next_comm=ksoftirqd/0 next_pid=3 next_prio=120
     ksoftirqd/0-3     [000] ...2   150.602902: sched_switch: prev_comm=ksoftirqd/0 prev_pid=3 prev_prio=120 prev_state=S ==> next_comm=swapper/0 next_pid=0 next_prio=120
          <idle>-0     [000] ...2   150.602913: sched_switch: prev_comm=swapper/0 prev_pid=0 prev_prio=120 prev_state=R ==> next_comm=ksoftirqd/0 next_pid=3 next_prio=120
     ksoftirqd/0-3     [000] ...2   150.602924: sched_switch: prev_comm=ksoftirqd/0 prev_pid=3 prev_prio=120 prev_state=S ==> next_comm=swapper/0 next_pid=0 next_prio=120
          <idle>-0     [000] ...2   150.603237: sched_switch: prev_comm=swapper/0 prev_pid=0 prev_prio=120 prev_state=R ==> next_comm=mmcqd/1 next_pid=117 next_prio=120
           <...>-117   [000] ...1   150.603254: block_rq_complete: 179,0 RA () 806160 + 32 [0]
           <...>-117   [000] ...2   150.603275: sched_switch: prev_comm=mmcqd/1 prev_pid=117 prev_prio=120 prev_state=R+ ==> next_comm=kworker/0:1H next_pid=17 next_prio=100
    kworker/0:1H-17    [000] ...2   150.603283: sched_switch: prev_comm=kworker/0:1H prev_pid=17 prev_prio=100 prev_state=S ==> next_comm=mmcqd/1 next_pid=117 next_prio=120
           <...>-117   [000] ...2   150.603292: sched_switch: prev_comm=mmcqd/1 prev_pid=117 prev_prio=120 prev_state=S ==> next_comm=app_process next_pid=2440 next_prio=120
           <...>-2440  [000] d..2   150.603352: block_rq_insert: 179,0 R 0 () 808488 + 136 [app_process]
           <...>-2440  [000] ...2   150.603362: sched_switch: prev_comm=app_process prev_pid=2440 prev_prio=120 prev_state=R+ ==> next_comm=mmcqd/1 next_pid=117 next_prio=120
           <...>-117   [000] ...2   150.603433: sched_switch: prev_comm=mmcqd/1 prev_pid=117 prev_prio=120 prev_state=S ==> next_comm=app_process next_pid=2440 next_prio=120
           <...>-2440  [000] ...2   150.603438: sched_switch: prev_comm=app_process prev_pid=2440 prev_prio=120 prev_state=D|W ==> next_comm=swapper/0 next_pid=0 next_prio=120
          <idle>-0     [000] ...2   150.604294: sched_switch: prev_comm=swapper/0 prev_pid=0 prev_prio=120 prev_state=R ==> next_comm=mmcqd/1 next_pid=117 next_prio=120
           <...>-117   [000] ...1   150.604332: block_rq_complete: 179,0 RA () 808488 + 136 [0]
           <...>-117   [000] ...2   150.604354: sched_switch: prev_comm=mmcqd/1 prev_pid=117 prev_prio=120 prev_state=R+ ==> next_comm=kworker/0:1H next_pid=17 next_prio=100
    kworker/0:1H-17    [000] ...2   150.604361: sched_switch: prev_comm=kworker/0:1H prev_pid=17 prev_prio=100 prev_state=S ==> next_comm=mmcqd/1 next_pid=117 next_prio=120
           <...>-117   [000] ...2   150.604370: sched_switch: prev_comm=mmcqd/1 prev_pid=117 prev_prio=120 prev_state=S ==> next_comm=app_process next_pid=2440 next_prio=120
           <...>-2440  [000] d..2   150.604676: block_rq_insert: 179,0 R 0 () 805880 + 32 [app_process]
           <...>-2440  [000] ...2   150.604686: sched_switch: prev_comm=app_process prev_pid=2440 prev_prio=120 prev_state=R+ ==> next_comm=mmcqd/1 next_pid=117 next_prio=120
           <...>-117   [000] ...2   150.604733: sched_switch: prev_comm=mmcqd/1 prev_pid=117 prev_prio=120 prev_state=S ==> next_comm=app_process next_pid=2440 next_prio=120
           <...>-2440  [000] ...2   150.604738: sched_switch: prev_comm=app_process prev_pid=2440 prev_prio=120 prev_state=D|W ==> next_comm=swapper/0 next_pid=0 next_prio=120
          <idle>-0     [000] ...2   150.604751: sched_switch: prev_comm=swapper/0 prev_pid=0 prev_prio=120 prev_state=R ==> next_comm=ksoftirqd/0 next_pid=3 next_prio=120
     ksoftirqd/0-3     [000] ...2   150.604759: sched_switch: prev_comm=ksoftirqd/0 prev_pid=3 prev_prio=120 prev_state=S ==> next_comm=swapper/0 next_pid=0 next_prio=120
          <idle>-0     [000] ...2   150.604771: sched_switch: prev_comm=swapper/0 prev_pid=0 prev_prio=120 prev_state=R ==> next_comm=ksoftirqd/0 next_pid=3 next_prio=120
     ksoftirqd/0-3     [000] ...2   150.604777: sched_switch: prev_comm=ksoftirqd/0 prev_pid=3 prev_prio=120 prev_state=S ==> next_comm=swapper/0 next_pid=0 next_prio=120
          <idle>-0     [000] ...2   150.604788: sched_switch: prev_comm=swapper/0 prev_pid=0 prev_prio=120 prev_state=R ==> next_comm=ksoftirqd/0 next_pid=3 next_prio=120
     ksoftirqd/0-3     [000] ...2   150.604795: sched_switch: prev_comm=ksoftirqd/0 prev_pid=3 prev_prio=120 prev_state=S ==> next_comm=swapper/0 next_pid=0 next_prio=120
          <idle>-0     [000] ...2   150.605162: sched_switch: prev_comm=swapper/0 prev_pid=0 prev_prio=120 prev_state=R ==> next_comm=logcat next_pid=799 next_prio=120
          logcat-799   [000] ...2   150.605179: sched_switch: prev_comm=logcat prev_pid=799 prev_prio=120 prev_state=S ==> next_comm=swapper/0 next_pid=0 next_prio=120
          <idle>-0     [000] ...2   150.605224: sched_switch: prev_comm=swapper/0 prev_pid=0 prev_prio=120 prev_state=R ==> next_comm=mmcqd/1 next_pid=117 next_prio=120
           <...>-117   [000] ...1   150.605250: block_rq_complete: 179,0 RA () 805880 + 32 [0]
           <...>-117   [000] ...2   150.605267: sched_switch: prev_comm=mmcqd/1 prev_pid=117 prev_prio=120 prev_state=R+ ==> next_comm=kworker/0:1H next_pid=17 next_prio=100
    kworker/0:1H-17    [000] ...2   150.605275: sched_switch: prev_comm=kworker/0:1H prev_pid=17 prev_prio=100 prev_state=S ==> next_comm=logcat next_pid=797 next_prio=120
          logcat-797   [000] ...2   150.605290: sched_switch: prev_comm=logcat prev_pid=797 prev_prio=120 prev_state=S ==> next_comm=mmcqd/1 next_pid=117 next_prio=120
           <...>-117   [000] ...2   150.605300: sched_switch: prev_comm=mmcqd/1 prev_pid=117 prev_prio=120 prev_state=S ==> next_comm=app_process next_pid=2440 next_prio=120
           <...>-2440  [000] ...2   150.605333: sched_switch: prev_comm=app_process prev_pid=2440 prev_prio=120 prev_state=R+ ==> next_comm=logcat next_pid=802 next_prio=120
          logcat-802   [000] ...2   150.605348: sched_switch: prev_comm=logcat prev_pid=802 prev_prio=120 prev_state=S ==> next_comm=app_process next_pid=2440 next_prio=120
           <...>-2440  [000] d..2   150.605371: block_rq_insert: 179,0 R 0 () 805976 + 136 [app_process]
           <...>-2440  [000] ...2   150.605380: sched_switch: prev_comm=app_process prev_pid=2440 prev_prio=120 prev_state=R+ ==> next_comm=mmcqd/1 next_pid=117 next_prio=120
           <...>-117   [000] ...2   150.605449: sched_switch: prev_comm=mmcqd/1 prev_pid=117 prev_prio=120 prev_state=S ==> next_comm=app_process next_pid=2440 next_prio=120
           <...>-2440  [000] ...2   150.605454: sched_switch: prev_comm=app_process prev_pid=2440 prev_prio=120 prev_state=D|W ==> next_comm=swapper/0 next_pid=0 next_prio=120
          <idle>-0     [000] ...2   150.606314: sched_switch: prev_comm=swapper/0 prev_pid=0 prev_prio=120 prev_state=R ==> next_comm=mmcqd/1 next_pid=117 next_prio=120
           <...>-117   [000] ...1   150.606353: block_rq_complete: 179,0 RA () 805976 + 136 [0]
           <...>-117   [000] ...2   150.606373: sched_switch: prev_comm=mmcqd/1 prev_pid=117 prev_prio=120 prev_state=R+ ==> next_comm=kworker/0:1H next_pid=17 next_prio=100
    kworker/0:1H-17    [000] ...2   150.606381: sched_switch: prev_comm=kworker/0:1H prev_pid=17 prev_prio=100 prev_state=S ==> next_comm=mmcqd/1 next_pid=117 next_prio=120
           <...>-117   [000] ...2   150.606389: sched_switch: prev_comm=mmcqd/1 prev_pid=117 prev_prio=120 prev_state=S ==> next_comm=app_process next_pid=2440 next_prio=120
           <...>-2440  [000] d..2   150.606658: block_rq_insert: 179,0 R 0 () 863920 + 32 [app_process]
           <...>-2440  [000] ...2   150.606668: sched_switch: prev_comm=app_process prev_pid=2440 prev_prio=120 prev_state=R+ ==> next_comm=mmcqd/1 next_pid=117 next_prio=120
           <...>-117   [000] ...2   150.606715: sched_switch: prev_comm=mmcqd/1 prev_pid=117 prev_prio=120 prev_state=S ==> next_comm=app_process next_pid=2440 next_prio=120
           <...>-2440  [000] ...2   150.606720: sched_switch: prev_comm=app_process prev_pid=2440 prev_prio=120 prev_state=D|W ==> next_comm=swapper/0 next_pid=0 next_prio=120
          <idle>-0     [000] ...2   150.606735: sched_switch: prev_comm=swapper/0 prev_pid=0 prev_prio=120 prev_state=R ==> next_comm=ksoftirqd/0 next_pid=3 next_prio=120
     ksoftirqd/0-3     [000] ...2   150.606742: sched_switch: prev_comm=ksoftirqd/0 prev_pid=3 prev_prio=120 prev_state=S ==> next_comm=swapper/0 next_pid=0 next_prio=120
          <idle>-0     [000] ...2   150.606756: sched_switch: prev_comm=swapper/0 prev_pid=0 prev_prio=120 prev_state=R ==> next_comm=ksoftirqd/0 next_pid=3 next_prio=120
     ksoftirqd/0-3     [000] ...2   150.606762: sched_switch: prev_comm=ksoftirqd/0 prev_pid=3 prev_prio=120 prev_state=S ==> next_comm=swapper/0 next_pid=0 next_prio=120
          <idle>-0     [000] ...2   150.606775: sched_switch: prev_comm=swapper/0 prev_pid=0 prev_prio=120 prev_state=R ==> next_comm=ksoftirqd/0 next_pid=3 next_prio=120
     ksoftirqd/0-3     [000] ...2   150.606782: sched_switch: prev_comm=ksoftirqd/0 prev_pid=3 prev_prio=120 prev_state=S ==> next_comm=swapper/0 next_pid=0 next_prio=120
          <idle>-0     [000] ...2   150.607093: sched_switch: prev_comm=swapper/0 prev_pid=0 prev_prio=120 prev_state=R ==> next_comm=mmcqd/1 next_pid=117 next_prio=120
           <...>-117   [000] ...1   150.607111: block_rq_complete: 179,0 RA () 863920 + 32 [0]
           <...>-117   [000] ...2   150.607129: sched_switch: prev_comm=mmcqd/1 prev_pid=117 prev_prio=120 prev_state=R+ ==> next_comm=kworker/0:1H next_pid=17 next_prio=100
    kworker/0:1H-17    [000] ...2   150.607136: sched_switch: prev_comm=kworker/0:1H prev_pid=17 prev_prio=100 prev_state=S ==> next_comm=mmcqd/1 next_pid=117 next_prio=120
           <...>-117   [000] ...2   150.607145: sched_switch: prev_comm=mmcqd/1 prev_pid=117 prev_prio=120 prev_state=S ==> next_comm=app_process next_pid=2440 next_prio=120
           <...>-2440  [000] d..2   150.607185: block_rq_insert: 179,0 R 0 () 864048 + 136 [app_process]
           <...>-2440  [000] ...2   150.607194: sched_switch: prev_comm=app_process prev_pid=2440 prev_prio=120 prev_state=R+ ==> next_comm=mmcqd/1 next_pid=117 next_prio=120
           <...>-117   [000] ...2   150.607263: sched_switch: prev_comm=mmcqd/1 prev_pid=117 prev_prio=120 prev_state=S ==> next_comm=app_process next_pid=2440 next_prio=120
           <...>-2440  [000] ...2   150.607269: sched_switch: prev_comm=app_process prev_pid=2440 prev_prio=120 prev_state=D|W ==> next_comm=swapper/0 next_pid=0 next_prio=120
          <idle>-0     [000] ...2   150.608124: sched_switch: prev_comm=swapper/0 prev_pid=0 prev_prio=120 prev_state=R ==> next_comm=mmcqd/1 next_pid=117 next_prio=120
           <...>-117   [000] ...1   150.608162: block_rq_complete: 179,0 RA () 864048 + 136 [0]
           <...>-117   [000] ...2   150.608183: sched_switch: prev_comm=mmcqd/1 prev_pid=117 prev_prio=120 prev_state=R+ ==> next_comm=kworker/0:1H next_pid=17 next_prio=100
    kworker/0:1H-17    [000] ...2   150.608190: sched_switch: prev_comm=kworker/0:1H prev_pid=17 prev_prio=100 prev_state=S ==> next_comm=mmcqd/1 next_pid=117 next_prio=120
           <...>-117   [000] ...2   150.608199: sched_switch: prev_comm=mmcqd/1 prev_pid=117 prev_prio=120 prev_state=S ==> next_comm=app_process next_pid=2440 next_prio=120
           <...>-2440  [000] d..2   150.608475: block_rq_insert: 179,0 R 0 () 806136 + 24 [app_process]
           <...>-2440  [000] ...2   150.608485: sched_switch: prev_comm=app_process prev_pid=2440 prev_prio=120 prev_state=R+ ==> next_comm=mmcqd/1 next_pid=117 next_prio=120
           <...>-117   [000] ...2   150.608528: sched_switch: prev_comm=mmcqd/1 prev_pid=117 prev_prio=120 prev_state=S ==> next_comm=app_process next_pid=2440 next_prio=120
           <...>-2440  [000] ...2   150.608533: sched_switch: prev_comm=app_process prev_pid=2440 prev_prio=120 prev_state=D|W ==> next_comm=swapper/0 next_pid=0 next_prio=120
          <idle>-0     [000] ...2   150.608549: sched_switch: prev_comm=swapper/0 prev_pid=0 prev_prio=120 prev_state=R ==> next_comm=ksoftirqd/0 next_pid=3 next_prio=120
     ksoftirqd/0-3     [000] ...2   150.608556: sched_switch: prev_comm=ksoftirqd/0 prev_pid=3 prev_prio=120 prev_state=S ==> next_comm=swapper/0 next_pid=0 next_prio=120
