           <...>-2744  [000] d..2   163.498360: block_rq_insert: 179,0 R 0 () 4086704 + 80 [main]
           <...>-2744  [000] ...2   163.498514: sched_switch: prev_comm=main prev_pid=2744 prev_prio=120 prev_state=R ==> next_comm=mmcqd/1 next_pid=117 next_prio=120
         mmcqd/1-117   [000] ...1   163.498541: block_rq_complete: 179,0 RA () 3992368 + 16 [0]
         mmcqd/1-117   [000] ...2   163.498558: sched_switch: prev_comm=mmcqd/1 prev_pid=117 prev_prio=120 prev_state=S ==> next_comm=main next_pid=2744 next_prio=120
          <idle>-0     [001] ...2   163.498562: sched_switch: prev_comm=swapper/1 prev_pid=0 prev_prio=120 prev_state=R ==> next_comm=JDWP next_pid=2757 next_prio=120
           <...>-2757  [001] d..2   163.498682: block_rq_insert: 179,0 R 0 () 4025256 + 24 [JDWP]
           <...>-2744  [000] ...2   163.498699: sched_switch: prev_comm=main prev_pid=2744 prev_prio=120 prev_state=R ==> next_comm=mmcqd/1 next_pid=117 next_prio=120
           <...>-2757  [001] ...2   163.498712: sched_switch: prev_comm=JDWP prev_pid=2757 prev_prio=120 prev_state=D|W ==> next_comm=swapper/1 next_pid=0 next_prio=120
         mmcqd/1-117   [000] ...2   163.498718: sched_switch: prev_comm=mmcqd/1 prev_pid=117 prev_prio=120 prev_state=S ==> next_comm=main next_pid=2744 next_prio=120
           <...>-2744  [000] ...2   163.498786: sched_switch: prev_comm=main prev_pid=2744 prev_prio=120 prev_state=R+ ==> next_comm=mmcqd/1 next_pid=117 next_prio=120
         mmcqd/1-117   [000] ...1   163.498813: block_rq_complete: 179,0 RA () 3992400 + 8 [0]
         mmcqd/1-117   [000] ...2   163.498825: sched_switch: prev_comm=mmcqd/1 prev_pid=117 prev_prio=120 prev_state=S ==> next_comm=main next_pid=2744 next_prio=120
           <...>-2744  [000] ...2   163.499112: sched_switch: prev_comm=main prev_pid=2744 prev_prio=120 prev_state=R ==> next_comm=mmcqd/1 next_pid=117 next_prio=120
         mmcqd/1-117   [000] ...1   163.499126: block_rq_complete: 179,0 RA () 4025256 + 24 [0]
         mmcqd/1-117   [000] ...2   163.499145: sched_switch: prev_comm=mmcqd/1 prev_pid=117 prev_prio=120 prev_state=R+ ==> next_comm=kworker/0:1H next_pid=17 next_prio=100
          <idle>-0     [001] ...2   163.499146: sched_switch: prev_comm=swapper/1 prev_pid=0 prev_prio=120 prev_state=R ==> next_comm=JDWP next_pid=2757 next_prio=120
    kworker/0:1H-17    [000] ...2   163.499153: sched_switch: prev_comm=kworker/0:1H prev_pid=17 prev_prio=100 prev_state=S ==> next_comm=mmcqd/1 next_pid=117 next_prio=120
         mmcqd/1-117   [000] ...2   163.499252: sched_switch: prev_comm=mmcqd/1 prev_pid=117 prev_prio=120 prev_state=S ==> next_comm=main next_pid=2744 next_prio=120
           <...>-2757  [001] d..2   163.499273: block_rq_insert: 179,0 R 0 () 4028792 + 152 [JDWP]
           <...>-2757  [001] ...2   163.499292: sched_switch: prev_comm=JDWP prev_pid=2757 prev_prio=120 prev_state=D|W ==> next_comm=swapper/1 next_pid=0 next_prio=120
           <...>-2744  [000] ...2   163.500048: sched_switch: prev_comm=main prev_pid=2744 prev_prio=120 prev_state=D|W ==> next_comm=swapper/0 next_pid=0 next_prio=120
          <idle>-0     [000] ...2   163.500217: sched_switch: prev_comm=swapper/0 prev_pid=0 prev_prio=120 prev_state=R ==> next_comm=mmcqd/1 next_pid=117 next_prio=120
         mmcqd/1-117   [000] ...1   163.500281: block_rq_complete: 179,0 RA () 4086528 + 168 [0]
         mmcqd/1-117   [000] ...2   163.500349: sched_switch: prev_comm=mmcqd/1 prev_pid=117 prev_prio=120 prev_state=S ==> next_comm=main next_pid=2744 next_prio=120
           <...>-2744  [000] ...2   163.500801: sched_switch: prev_comm=main prev_pid=2744 prev_prio=120 prev_state=R+ ==> next_comm=mmcqd/1 next_pid=117 next_prio=120
         mmcqd/1-117   [000] ...1   163.500845: block_rq_complete: 179,0 RA () 4086704 + 80 [0]
         mmcqd/1-117   [000] ...2   163.500860: sched_switch: prev_comm=mmcqd/1 prev_pid=117 prev_prio=120 prev_state=S ==> next_comm=main next_pid=2744 next_prio=120
           <...>-2744  [000] d..2   163.501006: block_rq_insert: 179,0 R 0 () 4078544 + 88 [main]
           <...>-2744  [000] dn.2   163.501016: block_rq_insert: 179,0 R 0 () 4078640 + 56 [main]
           <...>-2744  [000] ...2   163.501023: sched_switch: prev_comm=main prev_pid=2744 prev_prio=120 prev_state=R+ ==> next_comm=mmcqd/1 next_pid=117 next_prio=120
         mmcqd/1-117   [000] ...2   163.501059: sched_switch: prev_comm=mmcqd/1 prev_pid=117 prev_prio=120 prev_state=S ==> next_comm=main next_pid=2744 next_prio=120
           <...>-2744  [000] ...2   163.501066: sched_switch: prev_comm=main prev_pid=2744 prev_prio=120 prev_state=D|W ==> next_comm=swapper/0 next_pid=0 next_prio=120
          <idle>-0     [000] ...2   163.501836: sched_switch: prev_comm=swapper/0 prev_pid=0 prev_prio=120 prev_state=R ==> next_comm=mmcqd/1 next_pid=117 next_prio=120
         mmcqd/1-117   [000] ...1   163.501895: block_rq_complete: 179,0 RA () 4028792 + 152 [0]
          <idle>-0     [001] ...2   163.501919: sched_switch: prev_comm=swapper/1 prev_pid=0 prev_prio=120 prev_state=R ==> next_comm=JDWP next_pid=2757 next_prio=120
         mmcqd/1-117   [000] ...2   163.501934: sched_switch: prev_comm=mmcqd/1 prev_pid=117 prev_prio=120 prev_state=S ==> next_comm=swapper/0 next_pid=0 next_prio=120
           <...>-2757  [001] d..2   163.502061: block_rq_insert: 179,0 R 0 () 4077968 + 8 [JDWP]
           <...>-2757  [001] d..2   163.502069: block_rq_insert: 179,0 R 0 () 4078016 + 88 [JDWP]
           <...>-2757  [001] d..2   163.502072: block_rq_insert: 179,0 R 0 () 4078112 + 24 [JDWP]
           <...>-2757  [001] ...2   163.502088: sched_switch: prev_comm=JDWP prev_pid=2757 prev_prio=120 prev_state=D|W ==> next_comm=swapper/1 next_pid=0 next_prio=120
          <idle>-0     [000] ...2   163.502579: sched_switch: prev_comm=swapper/0 prev_pid=0 prev_prio=120 prev_state=R ==> next_comm=mmcqd/1 next_pid=117 next_prio=120
         mmcqd/1-117   [000] ...1   163.502623: block_rq_complete: 179,0 RA () 4078544 + 88 [0]
         mmcqd/1-117   [000] ...2   163.502653: sched_switch: prev_comm=mmcqd/1 prev_pid=117 prev_prio=120 prev_state=S ==> next_comm=main next_pid=2744 next_prio=120
           <...>-2744  [000] d..2   163.502705: block_rq_insert: 179,0 R 0 () 4078152 + 8 [main]
           <...>-2744  [000] d..2   163.502708: block_rq_insert: 179,0 R 0 () 4078176 + 24 [main]
           <...>-2744  [000] d..2   163.502710: block_rq_insert: 179,0 R 0 () 4078208 + 56 [main]
           <...>-2744  [000] ...2   163.502717: sched_switch: prev_comm=main prev_pid=2744 prev_prio=120 prev_state=D|W ==> next_comm=swapper/0 next_pid=0 next_prio=120
          <idle>-0     [000] ...2   163.503096: sched_switch: prev_comm=swapper/0 prev_pid=0 prev_prio=120 prev_state=R ==> next_comm=mmcqd/1 next_pid=117 next_prio=120
         mmcqd/1-117   [000] ...1   163.503133: block_rq_complete: 179,0 RA () 4078640 + 56 [0]
         mmcqd/1-117   [000] ...2   163.503173: sched_switch: prev_comm=mmcqd/1 prev_pid=117 prev_prio=120 prev_state=S ==> next_comm=swapper/0 next_pid=0 next_prio=120
          <idle>-0     [000] ...2   163.503417: sched_switch: prev_comm=swapper/0 prev_pid=0 prev_prio=120 prev_state=R ==> next_comm=mmcqd/1 next_pid=117 next_prio=120
         mmcqd/1-117   [000] ...1   163.503449: block_rq_complete: 179,0 RA () 4078112 + 24 [0]
         mmcqd/1-117   [000] ...2   163.503468: sched_switch: prev_comm=mmcqd/1 prev_pid=117 prev_prio=120 prev_state=S ==> next_comm=swapper/0 next_pid=0 next_prio=120
          <idle>-0     [000] ...2   163.504164: sched_switch: prev_comm=swapper/0 prev_pid=0 prev_prio=120 prev_state=R ==> next_comm=mmcqd/1 next_pid=117 next_prio=120
         mmcqd/1-117   [000] ...1   163.504208: block_rq_complete: 179,0 RA () 4078016 + 88 [0]
          <idle>-0     [001] ...2   163.504229: sched_switch: prev_comm=swapper/1 prev_pid=0 prev_prio=120 prev_state=R ==> next_comm=JDWP next_pid=2757 next_prio=120
         mmcqd/1-117   [000] ...2   163.504233: sched_switch: prev_comm=mmcqd/1 prev_pid=117 prev_prio=120 prev_state=S ==> next_comm=swapper/0 next_pid=0 next_prio=120
          <idle>-0     [000] ...2   163.504400: sched_switch: prev_comm=swapper/0 prev_pid=0 prev_prio=120 prev_state=R ==> next_comm=mmcqd/1 next_pid=117 next_prio=120
         mmcqd/1-117   [000] ...1   163.504424: block_rq_complete: 179,0 RA () 4077968 + 8 [0]
         mmcqd/1-117   [000] ...2   163.504446: sched_switch: prev_comm=mmcqd/1 prev_pid=117 prev_prio=120 prev_state=S ==> next_comm=swapper/0 next_pid=0 next_prio=120
           <...>-2757  [001] ...2   163.504539: sched_switch: prev_comm=JDWP prev_pid=2757 prev_prio=120 prev_state=D|W ==> next_comm=swapper/1 next_pid=0 next_prio=120
          <idle>-0     [000] ...2   163.504687: sched_switch: prev_comm=swapper/0 prev_pid=0 prev_prio=120 prev_state=R ==> next_comm=mmcqd/1 next_pid=117 next_prio=120
         mmcqd/1-117   [000] ...1   163.504712: block_rq_complete: 179,0 RA () 4078152 + 8 [0]
         mmcqd/1-117   [000] ...2   163.504745: sched_switch: prev_comm=mmcqd/1 prev_pid=117 prev_prio=120 prev_state=S ==> next_comm=swapper/0 next_pid=0 next_prio=120
          <idle>-0     [000] ...2   163.505028: sched_switch: prev_comm=swapper/0 prev_pid=0 prev_prio=120 prev_state=R ==> next_comm=mmcqd/1 next_pid=117 next_prio=120
         mmcqd/1-117   [000] ...1   163.505057: block_rq_complete: 179,0 RA () 4078176 + 24 [0]
         mmcqd/1-117   [000] ...2   163.505069: sched_switch: prev_comm=mmcqd/1 prev_pid=117 prev_prio=120 prev_state=S ==> next_comm=swapper/0 next_pid=0 next_prio=120
          <idle>-0     [000] ...2   163.505520: sched_switch: prev_comm=swapper/0 prev_pid=0 prev_prio=120 prev_state=R ==> next_comm=mmcqd/1 next_pid=117 next_prio=120
         mmcqd/1-117   [000] ...1   163.505541: block_rq_complete: 179,0 RA () 4078208 + 56 [0]
         mmcqd/1-117   [000] ...2   163.505562: sched_switch: prev_comm=mmcqd/1 prev_pid=117 prev_prio=120 prev_state=R+ ==> next_comm=kworker/0:1H next_pid=17 next_prio=100
          <idle>-0     [001] ...2   163.505564: sched_switch: prev_comm=swapper/1 prev_pid=0 prev_prio=120 prev_state=R ==> next_comm=JDWP next_pid=2757 next_prio=120
    kworker/0:1H-17    [000] ...2   163.505569: sched_switch: prev_comm=kworker/0:1H prev_pid=17 prev_prio=100 prev_state=S ==> next_comm=mmcqd/1 next_pid=117 next_prio=120
         mmcqd/1-117   [000] ...2   163.505578: sched_switch: prev_comm=mmcqd/1 prev_pid=117 prev_prio=120 prev_state=S ==> next_comm=main next_pid=2744 next_prio=120
           <...>-2757  [001] d..2   163.505654: block_rq_insert: 179,0 R 0 () 4009736 + 8 [JDWP]
           <...>-2757  [001] d..2   163.505671: block_rq_insert: 179,0 R 0 () 4009824 + 8 [JDWP]
           <...>-2744  [000] ...2   163.505672: sched_switch: prev_comm=main prev_pid=2744 prev_prio=120 prev_state=R ==> next_comm=mmcqd/1 next_pid=117 next_prio=120
           <...>-2757  [001] d..2   163.505676: block_rq_insert: 179,0 R 0 () 4009864 + 8 [JDWP]
           <...>-2757  [001] ...2   163.505695: sched_switch: prev_comm=JDWP prev_pid=2757 prev_prio=120 prev_state=D|W ==> next_comm=swapper/1 next_pid=0 next_prio=120
         mmcqd/1-117   [000] ...2   163.505720: sched_switch: prev_comm=mmcqd/1 prev_pid=117 prev_prio=120 prev_state=S ==> next_comm=main next_pid=2744 next_prio=120
           <...>-2744  [000] ...2   163.505834: sched_switch: prev_comm=main prev_pid=2744 prev_prio=120 prev_state=S ==> next_comm=swapper/0 next_pid=0 next_prio=120
          <idle>-0     [000] ...2   163.505936: sched_switch: prev_comm=swapper/0 prev_pid=0 prev_prio=120 prev_state=R ==> next_comm=mmcqd/1 next_pid=117 next_prio=120
         mmcqd/1-117   [000] ...1   163.505962: block_rq_complete: 179,0 RA () 4009736 + 8 [0]
         mmcqd/1-117   [000] ...2   163.505981: sched_switch: prev_comm=mmcqd/1 prev_pid=117 prev_prio=120 prev_state=S ==> next_comm=swapper/0 next_pid=0 next_prio=120
          <idle>-0     [000] ...2   163.506210: sched_switch: prev_comm=swapper/0 prev_pid=0 prev_prio=120 prev_state=R ==> next_comm=mmcqd/1 next_pid=117 next_prio=120
         mmcqd/1-117   [000] ...1   163.506235: block_rq_complete: 179,0 RA () 4009824 + 8 [0]
         mmcqd/1-117   [000] ...2   163.506251: sched_switch: prev_comm=mmcqd/1 prev_pid=117 prev_prio=120 prev_state=S ==> next_comm=swapper/0 next_pid=0 next_prio=120
          <idle>-0     [001] ...2   163.506254: sched_switch: prev_comm=swapper/1 prev_pid=0 prev_prio=120 prev_state=R ==> next_comm=JDWP next_pid=2757 next_prio=120
          <idle>-0     [000] ...2   163.506340: sched_switch: prev_comm=swapper/0 prev_pid=0 prev_prio=120 prev_state=R ==> next_comm=main next_pid=2744 next_prio=120
           <...>-2757  [001] ...2   163.506376: sched_switch: prev_comm=JDWP prev_pid=2757 prev_prio=120 prev_state=S ==> next_comm=swapper/1 next_pid=0 next_prio=120
           <...>-2744  [000] d..2   163.506402: block_rq_insert: 179,0 R 0 () 3994040 + 136 [main]
           <...>-2744  [000] ...2   163.506415: sched_switch: prev_comm=main prev_pid=2744 prev_prio=120 prev_state=R+ ==> next_comm=mmcqd/1 next_pid=117 next_prio=120
         mmcqd/1-117   [000] ...1   163.506497: block_rq_complete: 179,0 RA () 4009864 + 8 [0]
         mmcqd/1-117   [000] ...2   163.506509: sched_switch: prev_comm=mmcqd/1 prev_pid=117 prev_prio=120 prev_state=S ==> next_comm=main next_pid=2744 next_prio=120
           <...>-2744  [000] ...2   163.506514: sched_switch: prev_comm=main prev_pid=2744 prev_prio=120 prev_state=D|W ==> next_comm=swapper/0 next_pid=0 next_prio=120
          <idle>-0     [000] ...2   163.507427: sched_switch: prev_comm=swapper/0 prev_pid=0 prev_prio=120 prev_state=R ==> next_comm=mmcqd/1 next_pid=117 next_prio=120
         mmcqd/1-117   [000] ...1   163.507466: block_rq_complete: 179,0 RA () 3994040 + 136 [0]
         mmcqd/1-117   [000] ...2   163.507487: sched_switch: prev_comm=mmcqd/1 prev_pid=117 prev_prio=120 prev_state=R+ ==> next_comm=kworker/0:1H next_pid=17 next_prio=100
    kworker/0:1H-17    [000] ...2   163.507494: sched_switch: prev_comm=kworker/0:1H prev_pid=17 prev_prio=100 prev_state=S ==> next_comm=mmcqd/1 next_pid=117 next_prio=120
         mmcqd/1-117   [000] ...2   163.507504: sched_switch: prev_comm=mmcqd/1 prev_pid=117 prev_prio=120 prev_state=S ==> next_comm=main next_pid=2744 next_prio=120
          <idle>-0     [001] ...2   163.507629: sched_switch: prev_comm=swapper/1 prev_pid=0 prev_prio=120 prev_state=R ==> next_comm=JDWP next_pid=2757 next_prio=120
           <...>-2744  [000] ...2   163.507703: sched_switch: prev_comm=main prev_pid=2744 prev_prio=120 prev_state=S ==> next_comm=swapper/0 next_pid=0 next_prio=120
           <...>-2757  [001] d..2   163.507778: block_rq_insert: 179,0 R 0 () 4010144 + 96 [JDWP]
           <...>-2757  [001] d..2   163.507793: block_rq_insert: 179,0 R 0 () 4010264 + 48 [JDWP]
           <...>-2757  [001] d..2   163.507798: block_rq_insert: 179,0 R 0 () 4010336 + 24 [JDWP]
          <idle>-0     [000] ...2   163.507801: sched_switch: prev_comm=swapper/0 prev_pid=0 prev_prio=120 prev_state=R ==> next_comm=mmcqd/1 next_pid=117 next_prio=120
           <...>-2757  [001] ...2   163.507813: sched_switch: prev_comm=JDWP prev_pid=2757 prev_prio=120 prev_state=D|W ==> next_comm=swapper/1 next_pid=0 next_prio=120
         mmcqd/1-117   [000] ...2   163.507877: sched_switch: prev_comm=mmcqd/1 prev_pid=117 prev_prio=120 prev_state=S ==> next_comm=swapper/0 next_pid=0 next_prio=120
          <idle>-0     [000] ...2   163.508485: sched_switch: prev_comm=swapper/0 prev_pid=0 prev_prio=120 prev_state=R ==> next_comm=mmcqd/1 next_pid=117 next_prio=120
         mmcqd/1-117   [000] ...1   163.508531: block_rq_complete: 179,0 RA () 4010144 + 96 [0]
         mmcqd/1-117   [000] ...2   163.508557: sched_switch: prev_comm=mmcqd/1 prev_pid=117 prev_prio=120 prev_state=S ==> next_comm=swapper/0 next_pid=0 next_prio=120
          <idle>-0     [000] ...2   163.508962: sched_switch: prev_comm=swapper/0 prev_pid=0 prev_prio=120 prev_state=R ==> next_comm=mmcqd/1 next_pid=117 next_prio=120
         mmcqd/1-117   [000] ...1   163.508997: block_rq_complete: 179,0 RA () 4010264 + 48 [0]
         mmcqd/1-117   [000] ...2   163.509014: sched_switch: prev_comm=mmcqd/1 prev_pid=117 prev_prio=120 prev_state=S ==> next_comm=swapper/0 next_pid=0 next_prio=120
          <idle>-0     [001] ...2   163.509017: sched_switch: prev_comm=swapper/1 prev_pid=0 prev_prio=120 prev_state=R ==> next_comm=JDWP next_pid=2757 next_prio=120
           <...>-2757  [001] ...2   163.509038: sched_switch: prev_comm=JDWP prev_pid=2757 prev_prio=120 prev_state=D|W ==> next_comm=swapper/1 next_pid=0 next_prio=120
          <idle>-0     [000] ...2   163.509298: sched_switch: prev_comm=swapper/0 prev_pid=0 prev_prio=120 prev_state=R ==> next_comm=mmcqd/1 next_pid=117 next_prio=120
         mmcqd/1-117   [000] ...1   163.509311: block_rq_complete: 179,0 RA () 4010336 + 24 [0]
         mmcqd/1-117   [000] ...2   163.509329: sched_switch: prev_comm=mmcqd/1 prev_pid=117 prev_prio=120 prev_state=R+ ==> next_comm=kworker/0:1H next_pid=17 next_prio=100
          <idle>-0     [001] ...2   163.509330: sched_switch: prev_comm=swapper/1 prev_pid=0 prev_prio=120 prev_state=R ==> next_comm=JDWP next_pid=2757 next_prio=120
    kworker/0:1H-17    [000] ...2   163.509335: sched_switch: prev_comm=kworker/0:1H prev_pid=17 prev_prio=100 prev_state=S ==> next_comm=mmcqd/1 next_pid=117 next_prio=120
         mmcqd/1-117   [000] ...2   163.509344: sched_switch: prev_comm=mmcqd/1 prev_pid=117 prev_prio=120 prev_state=S ==> next_comm=swapper/0 next_pid=0 next_prio=120
           <...>-2757  [001] d..2   163.509417: block_rq_insert: 179,0 R 0 () 4020448 + 16 [JDWP]
           <...>-2757  [001] d..2   163.509421: block_rq_insert: 179,0 R 0 () 4020472 + 40 [JDWP]
           <...>-2757  [001] d..2   163.509424: block_rq_insert: 179,0 R 0 () 4020544 + 8 [JDWP]
           <...>-2757  [001] d..2   163.509427: block_rq_insert: 179,0 R 0 () 4020560 + 24 [JDWP]
          <idle>-0     [000] ...2   163.509444: sched_switch: prev_comm=swapper/0 prev_pid=0 prev_prio=120 prev_state=R ==> next_comm=mmcqd/1 next_pid=117 next_prio=120
           <...>-2757  [001] ...2   163.509446: sched_switch: prev_comm=JDWP prev_pid=2757 prev_prio=120 prev_state=D|W ==> next_comm=swapper/1 next_pid=0 next_prio=120
         mmcqd/1-117   [000] ...2   163.509495: sched_switch: prev_comm=mmcqd/1 prev_pid=117 prev_prio=120 prev_state=S ==> next_comm=swapper/0 next_pid=0 next_prio=120
          <idle>-0     [000] ...2   163.509738: sched_switch: prev_comm=swapper/0 prev_pid=0 prev_prio=120 prev_state=R ==> next_comm=mmcqd/1 next_pid=117 next_prio=120
         mmcqd/1-117   [000] ...1   163.509765: block_rq_complete: 179,0 RA () 4020448 + 16 [0]
         mmcqd/1-117   [000] ...2   163.509784: sched_switch: prev_comm=mmcqd/1 prev_pid=117 prev_prio=120 prev_state=S ==> next_comm=swapper/0 next_pid=0 next_prio=120
          <idle>-0     [000] ...2   163.510302: sched_switch: prev_comm=swapper/0 prev_pid=0 prev_prio=120 prev_state=R ==> next_comm=mmcqd/1 next_pid=117 next_prio=120
         mmcqd/1-117   [000] ...1   163.510334: block_rq_complete: 179,0 RA () 4020472 + 40 [0]
         mmcqd/1-117   [000] ...2   163.510358: sched_switch: prev_comm=mmcqd/1 prev_pid=117 prev_prio=120 prev_state=S ==> next_comm=swapper/0 next_pid=0 next_prio=120
          <idle>-0     [000] ...2   163.510567: sched_switch: prev_comm=swapper/0 prev_pid=0 prev_prio=120 prev_state=R ==> next_comm=mmcqd/1 next_pid=117 next_prio=120
         mmcqd/1-117   [000] ...1   163.510592: block_rq_complete: 179,0 RA () 4020544 + 8 [0]
         mmcqd/1-117   [000] ...2   163.510603: sched_switch: prev_comm=mmcqd/1 prev_pid=117 prev_prio=120 prev_state=S ==> next_comm=swapper/0 next_pid=0 next_prio=120
          <idle>-0     [000] ...2   163.510953: sched_switch: prev_comm=swapper/0 prev_pid=0 prev_prio=120 prev_state=R ==> next_comm=mmcqd/1 next_pid=117 next_prio=120
         mmcqd/1-117   [000] ...1   163.510966: block_rq_complete: 179,0 RA () 4020560 + 24 [0]
         mmcqd/1-117   [000] ...2   163.510983: sched_switch: prev_comm=mmcqd/1 prev_pid=117 prev_prio=120 prev_state=R+ ==> next_comm=kworker/0:1H next_pid=17 next_prio=100
          <idle>-0     [001] ...2   163.510984: sched_switch: prev_comm=swapper/1 prev_pid=0 prev_prio=120 prev_state=R ==> next_comm=JDWP next_pid=2757 next_prio=120
    kworker/0:1H-17    [000] ...2   163.510989: sched_switch: prev_comm=kworker/0:1H prev_pid=17 prev_prio=100 prev_state=S ==> next_comm=mmcqd/1 next_pid=117 next_prio=120
         mmcqd/1-117   [000] ...2   163.510997: sched_switch: prev_comm=mmcqd/1 prev_pid=117 prev_prio=120 prev_state=S ==> next_comm=swapper/0 next_pid=0 next_prio=120
          <idle>-0     [000] ...2   163.511071: sched_switch: prev_comm=swapper/0 prev_pid=0 prev_prio=120 prev_state=R ==> next_comm=main next_pid=2744 next_prio=120
           <...>-2744  [000] ...2   163.511133: sched_switch: prev_comm=main prev_pid=2744 prev_prio=120 prev_state=S ==> next_comm=swapper/0 next_pid=0 next_prio=120
           <...>-2757  [001] d..2   163.511267: block_rq_insert: 179,0 R 0 () 4079416 + 48 [JDWP]
           <...>-2757  [001] d..2   163.511271: block_rq_insert: 179,0 R 0 () 4079480 + 24 [JDWP]
           <...>-2757  [001] d..2   163.511275: block_rq_insert: 179,0 R 0 () 4079512 + 72 [JDWP]
           <...>-2757  [001] d..2   163.511277: block_rq_insert: 179,0 R 0 () 4079600 + 16 [JDWP]
           <...>-2757  [001] d..2   163.511280: block_rq_insert: 179,0 R 0 () 4079632 + 16 [JDWP]
           <...>-2757  [001] d..2   163.511283: block_rq_insert: 179,0 R 0 () 4079656 + 16 [JDWP]
          <idle>-0     [000] ...2   163.511301: sched_switch: prev_comm=swapper/0 prev_pid=0 prev_prio=120 prev_state=R ==> next_comm=mmcqd/1 next_pid=117 next_prio=120
           <...>-2757  [001] ...2   163.511304: sched_switch: prev_comm=JDWP prev_pid=2757 prev_prio=120 prev_state=D|W ==> next_comm=swapper/1 next_pid=0 next_prio=120
         mmcqd/1-117   [000] ...2   163.511356: sched_switch: prev_comm=mmcqd/1 prev_pid=117 prev_prio=120 prev_state=S ==> next_comm=swapper/0 next_pid=0 next_prio=120
          <idle>-0     [000] ...2   163.511803: sched_switch: prev_comm=swapper/0 prev_pid=0 prev_prio=120 prev_state=R ==> next_comm=mmcqd/1 next_pid=117 next_prio=120
         mmcqd/1-117   [000] ...1   163.511838: block_rq_complete: 179,0 RA () 4079416 + 48 [0]
         mmcqd/1-117   [000] ...2   163.511876: sched_switch: prev_comm=mmcqd/1 prev_pid=117 prev_prio=120 prev_state=S ==> next_comm=swapper/0 next_pid=0 next_prio=120
          <idle>-0     [000] ...2   163.512183: sched_switch: prev_comm=swapper/0 prev_pid=0 prev_prio=120 prev_state=R ==> next_comm=mmcqd/1 next_pid=117 next_prio=120
         mmcqd/1-117   [000] ...1   163.512212: block_rq_complete: 179,0 RA () 4079480 + 24 [0]
         mmcqd/1-117   [000] ...2   163.512234: sched_switch: prev_comm=mmcqd/1 prev_pid=117 prev_prio=120 prev_state=S ==> next_comm=swapper/0 next_pid=0 next_prio=120
          <idle>-0     [000] ...2   163.512741: sched_switch: prev_comm=swapper/0 prev_pid=0 prev_prio=120 prev_state=R ==> next_comm=mmcqd/1 next_pid=117 next_prio=120
         mmcqd/1-117   [000] ...1   163.512781: block_rq_complete: 179,0 RA () 4079512 + 72 [0]
          <idle>-0     [001] ...2   163.512801: sched_switch: prev_comm=swapper/1 prev_pid=0 prev_prio=120 prev_state=R ==> next_comm=JDWP next_pid=2757 next_prio=120
         mmcqd/1-117   [000] ...2   163.512807: sched_switch: prev_comm=mmcqd/1 prev_pid=117 prev_prio=120 prev_state=S ==> next_comm=swapper/0 next_pid=0 next_prio=120
          <idle>-0     [000] ...2   163.512842: sched_switch: prev_comm=swapper/0 prev_pid=0 prev_prio=120 prev_state=R ==> next_comm=main next_pid=2744 next_prio=120
           <...>-2744  [000] ...2   163.512921: sched_switch: prev_comm=main prev_pid=2744 prev_prio=120 prev_state=S ==> next_comm=swapper/0 next_pid=0 next_prio=120
          <idle>-0     [000] ...2   163.512942: sched_switch: prev_comm=swapper/0 prev_pid=0 prev_prio=120 prev_state=R ==> next_comm=main next_pid=2744 next_prio=120
           <...>-2744  [000] ...2   163.512991: sched_switch: prev_comm=main prev_pid=2744 prev_prio=120 prev_state=S ==> next_comm=swapper/0 next_pid=0 next_prio=120
           <...>-2757  [001] ...2   163.513023: sched_switch: prev_comm=JDWP prev_pid=2757 prev_prio=120 prev_state=D|W ==> next_comm=swapper/1 next_pid=0 next_prio=120
          <idle>-0     [000] ...2   163.513030: sched_switch: prev_comm=swapper/0 prev_pid=0 prev_prio=120 prev_state=R ==> next_comm=mmcqd/1 next_pid=117 next_prio=120
         mmcqd/1-117   [000] ...1   163.513056: block_rq_complete: 179,0 RA () 4079600 + 16 [0]
         mmcqd/1-117   [000] ...2   163.513078: sched_switch: prev_comm=mmcqd/1 prev_pid=117 prev_prio=120 prev_state=S ==> next_comm=swapper/0 next_pid=0 next_prio=120
          <idle>-0     [000] ...2   163.513323: sched_switch: prev_comm=swapper/0 prev_pid=0 prev_prio=120 prev_state=R ==> next_comm=mmcqd/1 next_pid=117 next_prio=120
         mmcqd/1-117   [000] ...1   163.513351: block_rq_complete: 179,0 RA () 4079632 + 16 [0]
         mmcqd/1-117   [000] ...2   163.513366: sched_switch: prev_comm=mmcqd/1 prev_pid=117 prev_prio=120 prev_state=S ==> next_comm=swapper/0 next_pid=0 next_prio=120
          <idle>-0     [001] ...2   163.513369: sched_switch: prev_comm=swapper/1 prev_pid=0 prev_prio=120 prev_state=R ==> next_comm=JDWP next_pid=2757 next_prio=120
          <idle>-0     [000] ...2   163.513407: sched_switch: prev_comm=swapper/0 prev_pid=0 prev_prio=120 prev_state=R ==> next_comm=main next_pid=2744 next_prio=120
           <...>-2757  [001] d..2   163.513517: block_rq_insert: 179,0 R 0 () 4078736 + 8 [JDWP]
           <...>-2757  [001] d..2   163.513522: block_rq_insert: 179,0 R 0 () 4078752 + 8 [JDWP]
           <...>-2757  [001] d..2   163.513525: block_rq_insert: 179,0 R 0 () 4078784 + 8 [JDWP]
           <...>-2757  [001] d..2   163.513529: block_rq_insert: 179,0 R 0 () 4078824 + 8 [JDWP]
           <...>-2757  [001] d..2   163.513532: block_rq_insert: 179,0 R 0 () 4078840 + 24 [JDWP]
           <...>-2757  [001] d..2   163.513535: block_rq_insert: 179,0 R 0 () 4078888 + 32 [JDWP]
           <...>-2757  [001] d..2   163.513538: block_rq_insert: 179,0 R 0 () 4078952 + 16 [JDWP]
           <...>-2757  [001] d..2   163.513541: block_rq_insert: 179,0 R 0 () 4078976 + 8 [JDWP]
           <...>-2744  [000] ...2   163.513555: sched_switch: prev_comm=main prev_pid=2744 prev_prio=120 prev_state=R ==> next_comm=mmcqd/1 next_pid=117 next_prio=120
         mmcqd/1-117   [000] ...2   163.513570: sched_switch: prev_comm=mmcqd/1 prev_pid=117 prev_prio=120 prev_state=S ==> next_comm=main next_pid=2744 next_prio=120
           <...>-2757  [001] ...2   163.513578: sched_switch: prev_comm=JDWP prev_pid=2757 prev_prio=120 prev_state=S ==> next_comm=swapper/1 next_pid=0 next_prio=120
           <...>-2744  [000] ...2   163.513583: sched_switch: prev_comm=main prev_pid=2744 prev_prio=120 prev_state=D|W ==> next_comm=swapper/0 next_pid=0 next_prio=120
          <idle>-0     [000] ...2   163.513613: sched_switch: prev_comm=swapper/0 prev_pid=0 prev_prio=120 prev_state=R ==> next_comm=mmcqd/1 next_pid=117 next_prio=120
         mmcqd/1-117   [000] ...1   163.513640: block_rq_complete: 179,0 RA () 4079656 + 16 [0]
         mmcqd/1-117   [000] ...2   163.513666: sched_switch: prev_comm=mmcqd/1 prev_pid=117 prev_prio=120 prev_state=S ==> next_comm=main next_pid=2744 next_prio=120
          <idle>-0     [001] ...2   163.513699: sched_switch: prev_comm=swapper/1 prev_pid=0 prev_prio=120 prev_state=R ==> next_comm=JDWP next_pid=2757 next_prio=120
           <...>-2744  [000] ...2   163.513725: sched_switch: prev_comm=main prev_pid=2744 prev_prio=120 prev_state=S ==> next_comm=swapper/0 next_pid=0 next_prio=120
           <...>-2757  [001] d..2   163.513763: block_rq_insert: 179,0 R 0 () 3991632 + 56 [JDWP]
           <...>-2757  [001] ...2   163.513779: sched_switch: prev_comm=JDWP prev_pid=2757 prev_prio=120 prev_state=D|W ==> next_comm=swapper/1 next_pid=0 next_prio=120
          <idle>-0     [000] ...2   163.513861: sched_switch: prev_comm=swapper/0 prev_pid=0 prev_prio=120 prev_state=R ==> next_comm=mmcqd/1 next_pid=117 next_prio=120
         mmcqd/1-117   [000] ...1   163.513887: block_rq_complete: 179,0 RA () 4078976 + 8 [0]
         mmcqd/1-117   [000] ...2   163.513911: sched_switch: prev_comm=mmcqd/1 prev_pid=117 prev_prio=120 prev_state=S ==> next_comm=swapper/0 next_pid=0 next_prio=120
          <idle>-0     [000] ...2   163.514178: sched_switch: prev_comm=swapper/0 prev_pid=0 prev_prio=120 prev_state=R ==> next_comm=mmcqd/1 next_pid=117 next_prio=120
         mmcqd/1-117   [000] ...1   163.514205: block_rq_complete: 179,0 RA () 4078952 + 16 [0]
         mmcqd/1-117   [000] ...2   163.514228: sched_switch: prev_comm=mmcqd/1 prev_pid=117 prev_prio=120 prev_state=S ==> next_comm=swapper/0 next_pid=0 next_prio=120
          <idle>-0     [000] ...2   163.514597: sched_switch: prev_comm=swapper/0 prev_pid=0 prev_prio=120 prev_state=R ==> next_comm=mmcqd/1 next_pid=117 next_prio=120
         mmcqd/1-117   [000] ...1   163.514627: block_rq_complete: 179,0 RA () 4078888 + 32 [0]
         mmcqd/1-117   [000] ...2   163.514647: sched_switch: prev_comm=mmcqd/1 prev_pid=117 prev_prio=120 prev_state=S ==> next_comm=swapper/0 next_pid=0 next_prio=120
          <idle>-0     [000] ...2   163.515069: sched_switch: prev_comm=swapper/0 prev_pid=0 prev_prio=120 prev_state=R ==> next_comm=mmcqd/1 next_pid=117 next_prio=120
         mmcqd/1-117   [000] ...1   163.515098: block_rq_complete: 179,0 RA () 4078840 + 24 [0]
         mmcqd/1-117   [000] ...2   163.515117: sched_switch: prev_comm=mmcqd/1 prev_pid=117 prev_prio=120 prev_state=S ==> next_comm=swapper/0 next_pid=0 next_prio=120
          <idle>-0     [000] ...2   163.515324: sched_switch: prev_comm=swapper/0 prev_pid=0 prev_prio=120 prev_state=R ==> next_comm=mmcqd/1 next_pid=117 next_prio=120
         mmcqd/1-117   [000] ...1   163.515350: block_rq_complete: 179,0 RA () 4078824 + 8 [0]
         mmcqd/1-117   [000] ...2   163.515368: sched_switch: prev_comm=mmcqd/1 prev_pid=117 prev_prio=120 prev_state=S ==> next_comm=swapper/0 next_pid=0 next_prio=120
          <idle>-0     [000] ...2   163.515592: sched_switch: prev_comm=swapper/0 prev_pid=0 prev_prio=120 prev_state=R ==> next_comm=mmcqd/1 next_pid=117 next_prio=120
         mmcqd/1-117   [000] ...1   163.515617: block_rq_complete: 179,0 RA () 4078784 + 8 [0]
         mmcqd/1-117   [000] ...2   163.515636: sched_switch: prev_comm=mmcqd/1 prev_pid=117 prev_prio=120 prev_state=S ==> next_comm=swapper/0 next_pid=0 next_prio=120
          <idle>-0     [000] ...2   163.515851: sched_switch: prev_comm=swapper/0 prev_pid=0 prev_prio=120 prev_state=R ==> next_comm=mmcqd/1 next_pid=117 next_prio=120
         mmcqd/1-117   [000] ...1   163.515877: block_rq_complete: 179,0 RA () 4078752 + 8 [0]
         mmcqd/1-117   [000] ...2   163.515908: sched_switch: prev_comm=mmcqd/1 prev_pid=117 prev_prio=120 prev_state=S ==> next_comm=swapper/0 next_pid=0 next_prio=120
          <idle>-0     [000] ...2   163.516107: sched_switch: prev_comm=swapper/0 prev_pid=0 prev_prio=120 prev_state=R ==> next_comm=mmcqd/1 next_pid=117 next_prio=120
         mmcqd/1-117   [000] ...1   163.516132: block_rq_complete: 179,0 RA () 4078736 + 8 [0]
         mmcqd/1-117   [000] ...2   163.516144: sched_switch: prev_comm=mmcqd/1 prev_pid=117 prev_prio=120 prev_state=S ==> next_comm=swapper/0 next_pid=0 next_prio=120
          <idle>-0     [000] ...2   163.516658: sched_switch: prev_comm=swapper/0 prev_pid=0 prev_prio=120 prev_state=R ==> next_comm=mmcqd/1 next_pid=117 next_prio=120
         mmcqd/1-117   [000] ...1   163.516679: block_rq_complete: 179,0 RA () 3991632 + 56 [0]
         mmcqd/1-117   [000] ...2   163.516697: sched_switch: prev_comm=mmcqd/1 prev_pid=117 prev_prio=120 prev_state=R+ ==> next_comm=kworker/0:1H next_pid=17 next_prio=100
          <idle>-0     [001] ...2   163.516699: sched_switch: prev_comm=swapper/1 prev_pid=0 prev_prio=120 prev_state=R ==> next_comm=JDWP next_pid=2757 next_prio=120
    kworker/0:1H-17    [000] ...2   163.516704: sched_switch: prev_comm=kworker/0:1H prev_pid=17 prev_prio=100 prev_state=S ==> next_comm=mmcqd/1 next_pid=117 next_prio=120
         mmcqd/1-117   [000] ...2   163.516712: sched_switch: prev_comm=mmcqd/1 prev_pid=117 prev_prio=120 prev_state=S ==> next_comm=swapper/0 next_pid=0 next_prio=120
          <idle>-0     [000] ...2   163.516800: sched_switch: prev_comm=swapper/0 prev_pid=0 prev_prio=120 prev_state=R ==> next_comm=main next_pid=2744 next_prio=120
           <...>-2757  [001] ...2   163.516827: sched_switch: prev_comm=JDWP prev_pid=2757 prev_prio=120 prev_state=S ==> next_comm=swapper/1 next_pid=0 next_prio=120
          <idle>-0     [001] ...2   163.516834: sched_switch: prev_comm=swapper/1 prev_pid=0 prev_prio=120 prev_state=R ==> next_comm=JDWP next_pid=2757 next_prio=120
           <...>-2757  [001] ...2   163.517073: sched_switch: prev_comm=JDWP prev_pid=2757 prev_prio=120 prev_state=S ==> next_comm=swapper/1 next_pid=0 next_prio=120
          <idle>-0     [001] ...2   163.517081: sched_switch: prev_comm=swapper/1 prev_pid=0 prev_prio=120 prev_state=R ==> next_comm=JDWP next_pid=2757 next_prio=120
           <...>-2757  [001] d..2   163.518103: block_rq_insert: 179,0 R 0 () 4019736 + 8 [JDWP]
           <...>-2757  [001] d..2   163.518111: block_rq_insert: 179,0 R 0 () 4019792 + 8 [JDWP]
           <...>-2744  [000] ...2   163.518129: sched_switch: prev_comm=main prev_pid=2744 prev_prio=120 prev_state=R ==> next_comm=mmcqd/1 next_pid=117 next_prio=120
           <...>-2757  [001] ...2   163.518140: sched_switch: prev_comm=JDWP prev_pid=2757 prev_prio=120 prev_state=D|W ==> next_comm=swapper/1 next_pid=0 next_prio=120
         mmcqd/1-117   [000] ...2   163.518180: sched_switch: prev_comm=mmcqd/1 prev_pid=117 prev_prio=120 prev_state=S ==> next_comm=main next_pid=2744 next_prio=120
           <...>-2744  [000] ...2   163.518390: sched_switch: prev_comm=main prev_pid=2744 prev_prio=120 prev_state=R ==> next_comm=mmcqd/1 next_pid=117 next_prio=120
         mmcqd/1-117   [000] ...1   163.518419: block_rq_complete: 179,0 RA () 4019736 + 8 [0]
         mmcqd/1-117   [000] ...2   163.518460: sched_switch: prev_comm=mmcqd/1 prev_pid=117 prev_prio=120 prev_state=S ==> next_comm=main next_pid=2744 next_prio=120
          <idle>-0     [001] ...2   163.518467: sched_switch: prev_comm=swapper/1 prev_pid=0 prev_prio=120 prev_state=R ==> next_comm=kworker/u:3 next_pid=113 next_prio=120
           <...>-2744  [000] ...2   163.518486: sched_switch: prev_comm=main prev_pid=2744 prev_prio=120 prev_state=R ==> next_comm=mpdecision next_pid=1613 next_prio=113
           <...>-113   [001] ...2   163.518497: sched_switch: prev_comm=kworker/u:3 prev_pid=113 prev_prio=120 prev_state=S ==> next_comm=swapper/1 next_pid=0 next_prio=120
      mpdecision-1613  [000] ...2   163.518765: sched_switch: prev_comm=mpdecision prev_pid=1613 prev_prio=113 prev_state=S ==> next_comm=mmcqd/1 next_pid=117 next_prio=120
         mmcqd/1-117   [000] ...1   163.518775: block_rq_complete: 179,0 RA () 4019792 + 8 [0]
         mmcqd/1-117   [000] ...2   163.518794: sched_switch: prev_comm=mmcqd/1 prev_pid=117 prev_prio=120 prev_state=R+ ==> next_comm=kworker/0:1H next_pid=17 next_prio=100
          <idle>-0     [001] ...2   163.518796: sched_switch: prev_comm=swapper/1 prev_pid=0 prev_prio=120 prev_state=R ==> next_comm=JDWP next_pid=2757 next_prio=120
    kworker/0:1H-17    [000] ...2   163.518801: sched_switch: prev_comm=kworker/0:1H prev_pid=17 prev_prio=100 prev_state=S ==> next_comm=mmcqd/1 next_pid=117 next_prio=120
         mmcqd/1-117   [000] ...2   163.518811: sched_switch: prev_comm=mmcqd/1 prev_pid=117 prev_prio=120 prev_state=S ==> next_comm=main next_pid=2744 next_prio=120
           <...>-2757  [001] ...2   163.519288: sched_switch: prev_comm=JDWP prev_pid=2757 prev_prio=120 prev_state=R+ ==> next_comm=adbd next_pid=790 next_prio=120
           <...>-2744  [000] ...2   163.519466: sched_switch: prev_comm=main prev_pid=2744 prev_prio=120 prev_state=R ==> next_comm=adbd next_pid=792 next_prio=120
            adbd-792   [000] ...2   163.519539: sched_switch: prev_comm=adbd prev_pid=792 prev_prio=120 prev_state=S ==> next_comm=main next_pid=2744 next_prio=120
            adbd-790   [001] ...2   163.519550: sched_switch: prev_comm=adbd prev_pid=790 prev_prio=120 prev_state=S ==> next_comm=JDWP next_pid=2757 next_prio=120
           <...>-2744  [000] ...2   163.519864: sched_switch: prev_comm=main prev_pid=2744 prev_prio=120 prev_state=R ==> next_comm=adbd next_pid=793 next_prio=120
           <...>-2757  [001] ...2   163.519887: sched_switch: prev_comm=JDWP prev_pid=2757 prev_prio=120 prev_state=S ==> next_comm=adbd next_pid=790 next_prio=120
            adbd-793   [000] ...2   163.519898: sched_switch: prev_comm=adbd prev_pid=793 prev_prio=120 prev_state=S ==> next_comm=main next_pid=2744 next_prio=120
            adbd-790   [001] ...2   163.520230: sched_switch: prev_comm=adbd prev_pid=790 prev_prio=120 prev_state=S ==> next_comm=adbd next_pid=792 next_prio=120
            adbd-792   [001] ...2   163.520299: sched_switch: prev_comm=adbd prev_pid=792 prev_prio=120 prev_state=S ==> next_comm=swapper/1 next_pid=0 next_prio=120
           <...>-2744  [000] ...2   163.520626: sched_switch: prev_comm=main prev_pid=2744 prev_prio=120 prev_state=R ==> next_comm=adbd next_pid=793 next_prio=120
            adbd-793   [000] ...2   163.520657: sched_switch: prev_comm=adbd prev_pid=793 prev_prio=120 prev_state=S ==> next_comm=main next_pid=2744 next_prio=120
          <idle>-0     [001] ...2   163.520657: sched_switch: prev_comm=swapper/1 prev_pid=0 prev_prio=120 prev_state=R ==> next_comm=adbd next_pid=790 next_prio=120
            adbd-790   [001] ...2   163.520848: sched_switch: prev_comm=adbd prev_pid=790 prev_prio=120 prev_state=S ==> next_comm=adbd next_pid=792 next_prio=120
            adbd-792   [001] ...2   163.520861: sched_switch: prev_comm=adbd prev_pid=792 prev_prio=120 prev_state=S ==> next_comm=swapper/1 next_pid=0 next_prio=120
           <...>-2744  [000] d..2   163.531977: block_rq_insert: 179,0 R 0 () 4085616 + 40 [main]
           <...>-2744  [000] ...2   163.532007: sched_switch: prev_comm=main prev_pid=2744 prev_prio=120 prev_state=R+ ==> next_comm=mmcqd/1 next_pid=117 next_prio=120
         mmcqd/1-117   [000] ...2   163.532076: sched_switch: prev_comm=mmcqd/1 prev_pid=117 prev_prio=120 prev_state=S ==> next_comm=main next_pid=2744 next_prio=120
           <...>-2744  [000] ...2   163.532620: sched_switch: prev_comm=main prev_pid=2744 prev_prio=120 prev_state=R ==> next_comm=mmcqd/1 next_pid=117 next_prio=120
         mmcqd/1-117   [000] ...1   163.532640: block_rq_complete: 179,0 RA () 4085616 + 40 [0]
         mmcqd/1-117   [000] ...2   163.532661: sched_switch: prev_comm=mmcqd/1 prev_pid=117 prev_prio=120 prev_state=R+ ==> next_comm=kworker/0:1H next_pid=17 next_prio=100
    kworker/0:1H-17    [000] ...2   163.532670: sched_switch: prev_comm=kworker/0:1H prev_pid=17 prev_prio=100 prev_state=S ==> next_comm=mmcqd/1 next_pid=117 next_prio=120
         mmcqd/1-117   [000] ...2   163.532681: sched_switch: prev_comm=mmcqd/1 prev_pid=117 prev_prio=120 prev_state=S ==> next_comm=main next_pid=2744 next_prio=120
           <...>-2744  [000] d..2   163.534896: block_rq_insert: 179,0 R 0 () 874176 + 8 [main]
           <...>-2744  [000] ...2   163.534908: sched_switch: prev_comm=main prev_pid=2744 prev_prio=120 prev_state=R+ ==> next_comm=mmcqd/1 next_pid=117 next_prio=120
         mmcqd/1-117   [000] ...2   163.534948: sched_switch: prev_comm=mmcqd/1 prev_pid=117 prev_prio=120 prev_state=S ==> next_comm=main next_pid=2744 next_prio=120
           <...>-2744  [000] ...2   163.534955: sched_switch: prev_comm=main prev_pid=2744 prev_prio=120 prev_state=D|W ==> next_comm=swapper/0 next_pid=0 next_prio=120
          <idle>-0     [000] ...2   163.534979: sched_switch: prev_comm=swapper/0 prev_pid=0 prev_prio=120 prev_state=R ==> next_comm=ksoftirqd/0 next_pid=3 next_prio=120
     ksoftirqd/0-3     [000] ...2   163.534990: sched_switch: prev_comm=ksoftirqd/0 prev_pid=3 prev_prio=120 prev_state=S ==> next_comm=swapper/0 next_pid=0 next_prio=120
          <idle>-0     [000] ...2   163.535006: sched_switch: prev_comm=swapper/0 prev_pid=0 prev_prio=120 prev_state=R ==> next_comm=ksoftirqd/0 next_pid=3 next_prio=120
     ksoftirqd/0-3     [000] ...2   163.535013: sched_switch: prev_comm=ksoftirqd/0 prev_pid=3 prev_prio=120 prev_state=S ==> next_comm=swapper/0 next_pid=0 next_prio=120
          <idle>-0     [000] ...2   163.535027: sched_switch: prev_comm=swapper/0 prev_pid=0 prev_prio=120 prev_state=R ==> next_comm=ksoftirqd/0 next_pid=3 next_prio=120
     ksoftirqd/0-3     [000] ...2   163.535038: sched_switch: prev_comm=ksoftirqd/0 prev_pid=3 prev_prio=120 prev_state=S ==> next_comm=swapper/0 next_pid=0 next_prio=120
          <idle>-0     [000] ...2   163.535191: sched_switch: prev_comm=swapper/0 prev_pid=0 prev_prio=120 prev_state=R ==> next_comm=mmcqd/1 next_pid=117 next_prio=120
         mmcqd/1-117   [000] ...1   163.535201: block_rq_complete: 179,0 RA () 874176 + 8 [0]
         mmcqd/1-117   [000] ...2   163.535219: sched_switch: prev_comm=mmcqd/1 prev_pid=117 prev_prio=120 prev_state=R+ ==> next_comm=kworker/0:1H next_pid=17 next_prio=100
    kworker/0:1H-17    [000] ...2   163.535226: sched_switch: prev_comm=kworker/0:1H prev_pid=17 prev_prio=100 prev_state=S ==> next_comm=mmcqd/1 next_pid=117 next_prio=120
         mmcqd/1-117   [000] ...2   163.535236: sched_switch: prev_comm=mmcqd/1 prev_pid=117 prev_prio=120 prev_state=S ==> next_comm=main next_pid=2744 next_prio=120
           <...>-2744  [000] ...2   163.538472: sched_switch: prev_comm=main prev_pid=2744 prev_prio=120 prev_state=R ==> next_comm=kworker/0:1H next_pid=17 next_prio=100
    kworker/0:1H-17    [000] ...2   163.538492: sched_switch: prev_comm=kworker/0:1H prev_pid=17 prev_prio=100 prev_state=S ==> next_comm=main next_pid=2744 next_prio=120
           <...>-2744  [000] d..2   163.538543: block_rq_insert: 179,0 R 0 () 4084864 + 8 [main]
           <...>-2744  [000] ...2   163.538555: sched_switch: prev_comm=main prev_pid=2744 prev_prio=120 prev_state=R+ ==> next_comm=mmcqd/1 next_pid=117 next_prio=120
         mmcqd/1-117   [000] ...2   163.538601: sched_switch: prev_comm=mmcqd/1 prev_pid=117 prev_prio=120 prev_state=S ==> next_comm=main next_pid=2744 next_prio=120
           <...>-2744  [000] ...2   163.538606: sched_switch: prev_comm=main prev_pid=2744 prev_prio=120 prev_state=D|W ==> next_comm=swapper/0 next_pid=0 next_prio=120
          <idle>-0     [000] ...2   163.538625: sched_switch: prev_comm=swapper/0 prev_pid=0 prev_prio=120 prev_state=R ==> next_comm=ksoftirqd/0 next_pid=3 next_prio=120
     ksoftirqd/0-3     [000] ...2   163.538632: sched_switch: prev_comm=ksoftirqd/0 prev_pid=3 prev_prio=120 prev_state=S ==> next_comm=swapper/0 next_pid=0 next_prio=120
          <idle>-0     [000] ...2   163.538647: sched_switch: prev_comm=swapper/0 prev_pid=0 prev_prio=120 prev_state=R ==> next_comm=ksoftirqd/0 next_pid=3 next_prio=120
     ksoftirqd/0-3     [000] ...2   163.538653: sched_switch: prev_comm=ksoftirqd/0 prev_pid=3 prev_prio=120 prev_state=S ==> next_comm=swapper/0 next_pid=0 next_prio=120
          <idle>-0     [000] ...2   163.538819: sched_switch: prev_comm=swapper/0 prev_pid=0 prev_prio=120 prev_state=R ==> next_comm=mmcqd/1 next_pid=117 next_prio=120
         mmcqd/1-117   [000] ...1   163.538830: block_rq_complete: 179,0 RA () 4084864 + 8 [0]
         mmcqd/1-117   [000] ...2   163.538849: sched_switch: prev_comm=mmcqd/1 prev_pid=117 prev_prio=120 prev_state=R+ ==> next_comm=kworker/0:1H next_pid=17 next_prio=100
    kworker/0:1H-17    [000] ...2   163.538856: sched_switch: prev_comm=kworker/0:1H prev_pid=17 prev_prio=100 prev_state=S ==> next_comm=mmcqd/1 next_pid=117 next_prio=120
         mmcqd/1-117   [000] ...2   163.538866: sched_switch: prev_comm=mmcqd/1 prev_pid=117 prev_prio=120 prev_state=S ==> next_comm=main next_pid=2744 next_prio=120
           <...>-2744  [000] d..2   163.540379: block_rq_insert: 179,0 R 0 () 4077832 + 8 [main]
           <...>-2744  [000] d..2   163.540383: block_rq_insert: 179,0 R 0 () 4077848 + 8 [main]
           <...>-2744  [000] d..2   163.540385: block_rq_insert: 179,0 R 0 () 4077872 + 8 [main]
           <...>-2744  [000] ...2   163.540397: sched_switch: prev_comm=main prev_pid=2744 prev_prio=120 prev_state=R+ ==> next_comm=mmcqd/1 next_pid=117 next_prio=120
         mmcqd/1-117   [000] ...2   163.540445: sched_switch: prev_comm=mmcqd/1 prev_pid=117 prev_prio=120 prev_state=S ==> next_comm=main next_pid=2744 next_prio=120
           <...>-2744  [000] ...2   163.540451: sched_switch: prev_comm=main prev_pid=2744 prev_prio=120 prev_state=D|W ==> next_comm=swapper/0 next_pid=0 next_prio=120
          <idle>-0     [000] ...2   163.540666: sched_switch: prev_comm=swapper/0 prev_pid=0 prev_prio=120 prev_state=R ==> next_comm=mmcqd/1 next_pid=117 next_prio=120
         mmcqd/1-117   [000] ...1   163.540693: block_rq_complete: 179,0 RA () 4077872 + 8 [0]
         mmcqd/1-117   [000] ...2   163.540711: sched_switch: prev_comm=mmcqd/1 prev_pid=117 prev_prio=120 prev_state=S ==> next_comm=swapper/0 next_pid=0 next_prio=120
          <idle>-0     [000] ...2   163.540924: sched_switch: prev_comm=swapper/0 prev_pid=0 prev_prio=120 prev_state=R ==> next_comm=mmcqd/1 next_pid=117 next_prio=120
         mmcqd/1-117   [000] ...1   163.540949: block_rq_complete: 179,0 RA () 4077848 + 8 [0]
         mmcqd/1-117   [000] ...2   163.540965: sched_switch: prev_comm=mmcqd/1 prev_pid=117 prev_prio=120 prev_state=S ==> next_comm=main next_pid=2744 next_prio=120
           <...>-2744  [000] ...2   163.541199: sched_switch: prev_comm=main prev_pid=2744 prev_prio=120 prev_state=R ==> next_comm=mmcqd/1 next_pid=117 next_prio=120
         mmcqd/1-117   [000] ...1   163.541209: block_rq_complete: 179,0 RA () 4077832 + 8 [0]
         mmcqd/1-117   [000] ...2   163.541224: sched_switch: prev_comm=mmcqd/1 prev_pid=117 prev_prio=120 prev_state=R+ ==> next_comm=kworker/0:1H next_pid=17 next_prio=100
    kworker/0:1H-17    [000] ...2   163.541231: sched_switch: prev_comm=kworker/0:1H prev_pid=17 prev_prio=100 prev_state=S ==> next_comm=mmcqd/1 next_pid=117 next_prio=120
         mmcqd/1-117   [000] ...2   163.541241: sched_switch: prev_comm=mmcqd/1 prev_pid=117 prev_prio=120 prev_state=S ==> next_comm=main next_pid=2744 next_prio=120
           <...>-2744  [000] d..2   163.545085: block_rq_insert: 179,0 R 0 () 3997296 + 8 [main]
           <...>-2744  [000] ...2   163.545103: sched_switch: prev_comm=main prev_pid=2744 prev_prio=120 prev_state=R+ ==> next_comm=mmcqd/1 next_pid=117 next_prio=120
         mmcqd/1-117   [000] ...2   163.545151: sched_switch: prev_comm=mmcqd/1 prev_pid=117 prev_prio=120 prev_state=S ==> next_comm=main next_pid=2744 next_prio=120
           <...>-2744  [000] ...2   163.545157: sched_switch: prev_comm=main prev_pid=2744 prev_prio=120 prev_state=D|W ==> next_comm=swapper/0 next_pid=0 next_prio=120
          <idle>-0     [000] ...2   163.545390: sched_switch: prev_comm=swapper/0 prev_pid=0 prev_prio=120 prev_state=R ==> next_comm=mmcqd/1 next_pid=117 next_prio=120
         mmcqd/1-117   [000] ...1   163.545401: block_rq_complete: 179,0 RA () 3997296 + 8 [0]
         mmcqd/1-117   [000] ...2   163.545421: sched_switch: prev_comm=mmcqd/1 prev_pid=117 prev_prio=120 prev_state=R+ ==> next_comm=kworker/0:1H next_pid=17 next_prio=100
    kworker/0:1H-17    [000] ...2   163.545429: sched_switch: prev_comm=kworker/0:1H prev_pid=17 prev_prio=100 prev_state=S ==> next_comm=mmcqd/1 next_pid=117 next_prio=120
         mmcqd/1-117   [000] ...2   163.545439: sched_switch: prev_comm=mmcqd/1 prev_pid=117 prev_prio=120 prev_state=S ==> next_comm=main next_pid=2744 next_prio=120
           <...>-2744  [000] d..2   163.545471: block_rq_insert: 179,0 R 0 () 4010088 + 8 [main]
           <...>-2744  [000] d..2   163.545473: block_rq_insert: 179,0 R 0 () 4010136 + 8 [main]
           <...>-2744  [000] ...2   163.545482: sched_switch: prev_comm=main prev_pid=2744 prev_prio=120 prev_state=R+ ==> next_comm=mmcqd/1 next_pid=117 next_prio=120
         mmcqd/1-117   [000] ...2   163.545525: sched_switch: prev_comm=mmcqd/1 prev_pid=117 prev_prio=120 prev_state=S ==> next_comm=main next_pid=2744 next_prio=120
           <...>-2744  [000] ...2   163.545531: sched_switch: prev_comm=main prev_pid=2744 prev_prio=120 prev_state=D|W ==> next_comm=swapper/0 next_pid=0 next_prio=120
          <idle>-0     [000] ...2   163.545756: sched_switch: prev_comm=swapper/0 prev_pid=0 prev_prio=120 prev_state=R ==> next_comm=mmcqd/1 next_pid=117 next_prio=120
         mmcqd/1-117   [000] ...1   163.545782: block_rq_complete: 179,0 RA () 4010088 + 8 [0]
         mmcqd/1-117   [000] ...2   163.545793: sched_switch: prev_comm=mmcqd/1 prev_pid=117 prev_prio=120 prev_state=S ==> next_comm=swapper/0 next_pid=0 next_prio=120
          <idle>-0     [000] ...2   163.546015: sched_switch: prev_comm=swapper/0 prev_pid=0 prev_prio=120 prev_state=R ==> next_comm=mmcqd/1 next_pid=117 next_prio=120
         mmcqd/1-117   [000] ...1   163.546025: block_rq_complete: 179,0 RA () 4010136 + 8 [0]
         mmcqd/1-117   [000] ...2   163.546041: sched_switch: prev_comm=mmcqd/1 prev_pid=117 prev_prio=120 prev_state=R+ ==> next_comm=kworker/0:1H next_pid=17 next_prio=100
    kworker/0:1H-17    [000] ...2   163.546049: sched_switch: prev_comm=kworker/0:1H prev_pid=17 prev_prio=100 prev_state=S ==> next_comm=mmcqd/1 next_pid=117 next_prio=120
