           <...>-2744  [000] d..2   163.431420: block_rq_insert: 179,0 R 0 () 4079304 + 8 [main]
           <...>-2744  [000] ...2   163.431427: sched_switch: prev_comm=main prev_pid=2744 prev_prio=120 prev_state=D|W ==> next_comm=swapper/0 next_pid=0 next_prio=120
          <idle>-0     [000] ...2   163.431569: sched_switch: prev_comm=swapper/0 prev_pid=0 prev_prio=120 prev_state=R ==> next_comm=mmcqd/1 next_pid=117 next_prio=120
         mmcqd/1-117   [000] ...1   163.431594: block_rq_complete: 179,0 RA () 4077752 + 8 [0]
         mmcqd/1-117   [000] ...2   163.431613: sched_switch: prev_comm=mmcqd/1 prev_pid=117 prev_prio=120 prev_state=S ==> next_comm=swapper/0 next_pid=0 next_prio=120
          <idle>-0     [000] ...2   163.431906: sched_switch: prev_comm=swapper/0 prev_pid=0 prev_prio=120 prev_state=R ==> next_comm=mmcqd/1 next_pid=117 next_prio=120
         mmcqd/1-117   [000] ...1   163.431934: block_rq_complete: 179,0 RA () 4077800 + 24 [0]
         mmcqd/1-117   [000] ...2   163.431970: sched_switch: prev_comm=mmcqd/1 prev_pid=117 prev_prio=120 prev_state=S ==> next_comm=swapper/0 next_pid=0 next_prio=120
          <idle>-0     [000] ...2   163.432172: sched_switch: prev_comm=swapper/0 prev_pid=0 prev_prio=120 prev_state=R ==> next_comm=mmcqd/1 next_pid=117 next_prio=120
         mmcqd/1-117   [000] ...1   163.432197: block_rq_complete: 179,0 RA () 4079160 + 8 [0]
         mmcqd/1-117   [000] ...2   163.432215: sched_switch: prev_comm=mmcqd/1 prev_pid=117 prev_prio=120 prev_state=S ==> next_comm=swapper/0 next_pid=0 next_prio=120
          <idle>-0     [000] ...2   163.432811: sched_switch: prev_comm=swapper/0 prev_pid=0 prev_prio=120 prev_state=R ==> next_comm=mmcqd/1 next_pid=117 next_prio=120
         mmcqd/1-117   [000] ...1   163.432851: block_rq_complete: 179,0 RA () 4079192 + 80 [0]
         mmcqd/1-117   [000] ...2   163.432868: sched_switch: prev_comm=mmcqd/1 prev_pid=117 prev_prio=120 prev_state=S ==> next_comm=main next_pid=2744 next_prio=120
           <...>-2744  [000] d..2   163.432929: block_rq_insert: 179,0 R 0 () 4081752 + 8 [main]
           <...>-2744  [000] d..2   163.432931: block_rq_insert: 179,0 R 0 () 4081856 + 8 [main]
           <...>-2744  [000] d..2   163.432933: block_rq_insert: 179,0 R 0 () 4081960 + 8 [main]
           <...>-2744  [000] d..2   163.432934: block_rq_insert: 179,0 R 0 () 4081976 + 8 [main]
           <...>-2744  [000] ...2   163.432944: sched_switch: prev_comm=main prev_pid=2744 prev_prio=120 prev_state=R+ ==> next_comm=mmcqd/1 next_pid=117 next_prio=120
         mmcqd/1-117   [000] ...2   163.432959: sched_switch: prev_comm=mmcqd/1 prev_pid=117 prev_prio=120 prev_state=S ==> next_comm=main next_pid=2744 next_prio=120
           <...>-2744  [000] ...2   163.432965: sched_switch: prev_comm=main prev_pid=2744 prev_prio=120 prev_state=D|W ==> next_comm=swapper/0 next_pid=0 next_prio=120
          <idle>-0     [000] ...2   163.433095: sched_switch: prev_comm=swapper/0 prev_pid=0 prev_prio=120 prev_state=R ==> next_comm=mmcqd/1 next_pid=117 next_prio=120
         mmcqd/1-117   [000] ...1   163.433120: block_rq_complete: 179,0 RA () 4079304 + 8 [0]
         mmcqd/1-117   [000] ...2   163.433138: sched_switch: prev_comm=mmcqd/1 prev_pid=117 prev_prio=120 prev_state=S ==> next_comm=swapper/0 next_pid=0 next_prio=120
          <idle>-0     [000] ...2   163.433362: sched_switch: prev_comm=swapper/0 prev_pid=0 prev_prio=120 prev_state=R ==> next_comm=mmcqd/1 next_pid=117 next_prio=120
         mmcqd/1-117   [000] ...1   163.433388: block_rq_complete: 179,0 RA () 4081752 + 8 [0]
         mmcqd/1-117   [000] ...2   163.433405: sched_switch: prev_comm=mmcqd/1 prev_pid=117 prev_prio=120 prev_state=S ==> next_comm=swapper/0 next_pid=0 next_prio=120
          <idle>-0     [000] ...2   163.433630: sched_switch: prev_comm=swapper/0 prev_pid=0 prev_prio=120 prev_state=R ==> next_comm=mmcqd/1 next_pid=117 next_prio=120
         mmcqd/1-117   [000] ...1   163.433655: block_rq_complete: 179,0 RA () 4081856 + 8 [0]
         mmcqd/1-117   [000] ...2   163.433677: sched_switch: prev_comm=mmcqd/1 prev_pid=117 prev_prio=120 prev_state=S ==> next_comm=main next_pid=2744 next_prio=120
           <...>-2744  [000] d..2   163.433747: block_rq_insert: 179,0 R 0 () 4082016 + 8 [main]
           <...>-2744  [000] d..2   163.433750: block_rq_insert: 179,0 R 0 () 4082128 + 8 [main]
           <...>-2744  [000] d..2   163.433752: block_rq_insert: 179,0 R 0 () 4082152 + 8 [main]
           <...>-2744  [000] d..2   163.433753: block_rq_insert: 179,0 R 0 () 4082168 + 32 [main]
           <...>-2744  [000] d..2   163.433755: block_rq_insert: 179,0 R 0 () 4082240 + 8 [main]
           <...>-2744  [000] ...2   163.433762: sched_switch: prev_comm=main prev_pid=2744 prev_prio=120 prev_state=D|W ==> next_comm=swapper/0 next_pid=0 next_prio=120
          <idle>-0     [000] ...2   163.433900: sched_switch: prev_comm=swapper/0 prev_pid=0 prev_prio=120 prev_state=R ==> next_comm=mmcqd/1 next_pid=117 next_prio=120
         mmcqd/1-117   [000] ...1   163.433926: block_rq_complete: 179,0 RA () 4081960 + 8 [0]
         mmcqd/1-117   [000] ...2   163.433944: sched_switch: prev_comm=mmcqd/1 prev_pid=117 prev_prio=120 prev_state=S ==> next_comm=swapper/0 next_pid=0 next_prio=120
          <idle>-0     [000] ...2   163.434204: sched_switch: prev_comm=swapper/0 prev_pid=0 prev_prio=120 prev_state=R ==> next_comm=mmcqd/1 next_pid=117 next_prio=120
         mmcqd/1-117   [000] ...1   163.434229: block_rq_complete: 179,0 RA () 4081976 + 8 [0]
         mmcqd/1-117   [000] ...2   163.434246: sched_switch: prev_comm=mmcqd/1 prev_pid=117 prev_prio=120 prev_state=S ==> next_comm=swapper/0 next_pid=0 next_prio=120
          <idle>-0     [000] ...2   163.434483: sched_switch: prev_comm=swapper/0 prev_pid=0 prev_prio=120 prev_state=R ==> next_comm=mmcqd/1 next_pid=117 next_prio=120
         mmcqd/1-117   [000] ...1   163.434509: block_rq_complete: 179,0 RA () 4082016 + 8 [0]
         mmcqd/1-117   [000] ...2   163.434527: sched_switch: prev_comm=mmcqd/1 prev_pid=117 prev_prio=120 prev_state=S ==> next_comm=swapper/0 next_pid=0 next_prio=120
          <idle>-0     [000] ...2   163.434755: sched_switch: prev_comm=swapper/0 prev_pid=0 prev_prio=120 prev_state=R ==> next_comm=mmcqd/1 next_pid=117 next_prio=120
         mmcqd/1-117   [000] ...1   163.434782: block_rq_complete: 179,0 RA () 4082128 + 8 [0]
         mmcqd/1-117   [000] ...2   163.434810: sched_switch: prev_comm=mmcqd/1 prev_pid=117 prev_prio=120 prev_state=S ==> next_comm=main next_pid=2744 next_prio=120
           <...>-2744  [000] ...2   163.434841: sched_switch: prev_comm=main prev_pid=2744 prev_prio=120 prev_state=D|W ==> next_comm=swapper/0 next_pid=0 next_prio=120
          <idle>-0     [000] ...2   163.435019: sched_switch: prev_comm=swapper/0 prev_pid=0 prev_prio=120 prev_state=R ==> next_comm=mmcqd/1 next_pid=117 next_prio=120
         mmcqd/1-117   [000] ...1   163.435045: block_rq_complete: 179,0 RA () 4082152 + 8 [0]
         mmcqd/1-117   [000] ...2   163.435067: sched_switch: prev_comm=mmcqd/1 prev_pid=117 prev_prio=120 prev_state=S ==> next_comm=main next_pid=2744 next_prio=120
           <...>-2744  [000] ...2   163.435095: sched_switch: prev_comm=main prev_pid=2744 prev_prio=120 prev_state=D|W ==> next_comm=swapper/0 next_pid=0 next_prio=120
          <idle>-0     [000] ...2   163.435547: sched_switch: prev_comm=swapper/0 prev_pid=0 prev_prio=120 prev_state=R ==> next_comm=mmcqd/1 next_pid=117 next_prio=120
         mmcqd/1-117   [000] ...1   163.435578: block_rq_complete: 179,0 RA () 4082168 + 32 [0]
         mmcqd/1-117   [000] ...2   163.435594: sched_switch: prev_comm=mmcqd/1 prev_pid=117 prev_prio=120 prev_state=S ==> next_comm=main next_pid=2744 next_prio=120
           <...>-2744  [000] ...2   163.435642: sched_switch: prev_comm=main prev_pid=2744 prev_prio=120 prev_state=D|W ==> next_comm=swapper/0 next_pid=0 next_prio=120
          <idle>-0     [000] ...2   163.435814: sched_switch: prev_comm=swapper/0 prev_pid=0 prev_prio=120 prev_state=R ==> next_comm=mmcqd/1 next_pid=117 next_prio=120
         mmcqd/1-117   [000] ...1   163.435824: block_rq_complete: 179,0 RA () 4082240 + 8 [0]
         mmcqd/1-117   [000] ...2   163.435841: sched_switch: prev_comm=mmcqd/1 prev_pid=117 prev_prio=120 prev_state=R+ ==> next_comm=kworker/0:1H next_pid=17 next_prio=100
    kworker/0:1H-17    [000] ...2   163.435848: sched_switch: prev_comm=kworker/0:1H prev_pid=17 prev_prio=100 prev_state=S ==> next_comm=mmcqd/1 next_pid=117 next_prio=120
         mmcqd/1-117   [000] ...2   163.435858: sched_switch: prev_comm=mmcqd/1 prev_pid=117 prev_prio=120 prev_state=S ==> next_comm=main next_pid=2744 next_prio=120
           <...>-2744  [000] d..2   163.435916: block_rq_insert: 179,0 R 0 () 4082680 + 96 [main]
           <...>-2744  [000] ...2   163.435926: sched_switch: prev_comm=main prev_pid=2744 prev_prio=120 prev_state=R+ ==> next_comm=mmcqd/1 next_pid=117 next_prio=120
         mmcqd/1-117   [000] ...2   163.435986: sched_switch: prev_comm=mmcqd/1 prev_pid=117 prev_prio=120 prev_state=S ==> next_comm=main next_pid=2744 next_prio=120
           <...>-2744  [000] ...2   163.435991: sched_switch: prev_comm=main prev_pid=2744 prev_prio=120 prev_state=D|W ==> next_comm=swapper/0 next_pid=0 next_prio=120
          <idle>-0     [000] ...2   163.436736: sched_switch: prev_comm=swapper/0 prev_pid=0 prev_prio=120 prev_state=R ==> next_comm=mmcqd/1 next_pid=117 next_prio=120
         mmcqd/1-117   [000] ...1   163.436766: block_rq_complete: 179,0 RA () 4082680 + 96 [0]
         mmcqd/1-117   [000] ...2   163.436786: sched_switch: prev_comm=mmcqd/1 prev_pid=117 prev_prio=120 prev_state=R+ ==> next_comm=kworker/0:1H next_pid=17 next_prio=100
    kworker/0:1H-17    [000] ...2   163.436793: sched_switch: prev_comm=kworker/0:1H prev_pid=17 prev_prio=100 prev_state=S ==> next_comm=mmcqd/1 next_pid=117 next_prio=120
         mmcqd/1-117   [000] ...2   163.436802: sched_switch: prev_comm=mmcqd/1 prev_pid=117 prev_prio=120 prev_state=S ==> next_comm=main next_pid=2744 next_prio=120
           <...>-2744  [000] d..2   163.436953: block_rq_insert: 179,0 R 0 () 4072976 + 16 [main]
           <...>-2744  [000] d..2   163.436956: block_rq_insert: 179,0 R 0 () 4073024 + 8 [main]
           <...>-2744  [000] d..2   163.436958: block_rq_insert: 179,0 R 0 () 4073040 + 16 [main]
           <...>-2744  [000] d..2   163.436959: block_rq_insert: 179,0 R 0 () 4073064 + 24 [main]
           <...>-2744  [000] d..2   163.436961: block_rq_insert: 179,0 R 0 () 4073096 + 16 [main]
           <...>-2744  [000] d..2   163.436963: block_rq_insert: 179,0 R 0 () 4073120 + 72 [main]
           <...>-2744  [000] d..2   163.436964: block_rq_insert: 179,0 R 0 () 4073208 + 16 [main]
           <...>-2744  [000] ...2   163.436974: sched_switch: prev_comm=main prev_pid=2744 prev_prio=120 prev_state=R+ ==> next_comm=mmcqd/1 next_pid=117 next_prio=120
         mmcqd/1-117   [000] ...2   163.437037: sched_switch: prev_comm=mmcqd/1 prev_pid=117 prev_prio=120 prev_state=S ==> next_comm=main next_pid=2744 next_prio=120
           <...>-2744  [000] ...2   163.437042: sched_switch: prev_comm=main prev_pid=2744 prev_prio=120 prev_state=D|W ==> next_comm=swapper/0 next_pid=0 next_prio=120
          <idle>-0     [000] ...2   163.437415: sched_switch: prev_comm=swapper/0 prev_pid=0 prev_prio=120 prev_state=R ==> next_comm=mmcqd/1 next_pid=117 next_prio=120
         mmcqd/1-117   [000] ...1   163.437443: block_rq_complete: 179,0 RA () 4073208 + 16 [0]
         mmcqd/1-117   [000] ...2   163.437464: sched_switch: prev_comm=mmcqd/1 prev_pid=117 prev_prio=120 prev_state=S ==> next_comm=swapper/0 next_pid=0 next_prio=120
          <idle>-0     [000] ...2   163.437980: sched_switch: prev_comm=swapper/0 prev_pid=0 prev_prio=120 prev_state=R ==> next_comm=mmcqd/1 next_pid=117 next_prio=120
         mmcqd/1-117   [000] ...1   163.438019: block_rq_complete: 179,0 RA () 4073120 + 72 [0]
         mmcqd/1-117   [000] ...2   163.438043: sched_switch: prev_comm=mmcqd/1 prev_pid=117 prev_prio=120 prev_state=S ==> next_comm=swapper/0 next_pid=0 next_prio=120
          <idle>-0     [000] ...2   163.438250: sched_switch: prev_comm=swapper/0 prev_pid=0 prev_prio=120 prev_state=R ==> next_comm=mmcqd/1 next_pid=117 next_prio=120
         mmcqd/1-117   [000] ...1   163.438277: block_rq_complete: 179,0 RA () 4073096 + 16 [0]
         mmcqd/1-117   [000] ...2   163.438301: sched_switch: prev_comm=mmcqd/1 prev_pid=117 prev_prio=120 prev_state=S ==> next_comm=main next_pid=2744 next_prio=120
           <...>-2744  [000] d..2   163.438371: block_rq_insert: 179,0 R 0 () 4085240 + 72 [main]
           <...>-2744  [000] d..2   163.438374: block_rq_insert: 179,0 R 0 () 4085320 + 16 [main]
           <...>-2744  [000] d..2   163.438375: block_rq_insert: 179,0 R 0 () 4085344 + 24 [main]
           <...>-2744  [000] d..2   163.438377: block_rq_insert: 179,0 R 0 () 4085376 + 16 [main]
           <...>-2744  [000] d..2   163.438378: block_rq_insert: 179,0 R 0 () 4085408 + 8 [main]
           <...>-2744  [000] d..2   163.438379: block_rq_insert: 179,0 R 0 () 4085432 + 16 [main]
           <...>-2744  [000] ...2   163.438386: sched_switch: prev_comm=main prev_pid=2744 prev_prio=120 prev_state=D|W ==> next_comm=swapper/0 next_pid=0 next_prio=120
          <idle>-0     [000] ...2   163.438599: sched_switch: prev_comm=swapper/0 prev_pid=0 prev_prio=120 prev_state=R ==> next_comm=mmcqd/1 next_pid=117 next_prio=120
         mmcqd/1-117   [000] ...1   163.438628: block_rq_complete: 179,0 RA () 4073064 + 24 [0]
         mmcqd/1-117   [000] ...2   163.438647: sched_switch: prev_comm=mmcqd/1 prev_pid=117 prev_prio=120 prev_state=S ==> next_comm=swapper/0 next_pid=0 next_prio=120
          <idle>-0     [000] ...2   163.438899: sched_switch: prev_comm=swapper/0 prev_pid=0 prev_prio=120 prev_state=R ==> next_comm=mmcqd/1 next_pid=117 next_prio=120
         mmcqd/1-117   [000] ...1   163.438926: block_rq_complete: 179,0 RA () 4073040 + 16 [0]
         mmcqd/1-117   [000] ...2   163.438947: sched_switch: prev_comm=mmcqd/1 prev_pid=117 prev_prio=120 prev_state=S ==> next_comm=swapper/0 next_pid=0 next_prio=120
          <idle>-0     [000] ...2   163.439205: sched_switch: prev_comm=swapper/0 prev_pid=0 prev_prio=120 prev_state=R ==> next_comm=mmcqd/1 next_pid=117 next_prio=120
         mmcqd/1-117   [000] ...1   163.439230: block_rq_complete: 179,0 RA () 4073024 + 8 [0]
         mmcqd/1-117   [000] ...2   163.439265: sched_switch: prev_comm=mmcqd/1 prev_pid=117 prev_prio=120 prev_state=S ==> next_comm=swapper/0 next_pid=0 next_prio=120
          <idle>-0     [000] ...2   163.439495: sched_switch: prev_comm=swapper/0 prev_pid=0 prev_prio=120 prev_state=R ==> next_comm=mmcqd/1 next_pid=117 next_prio=120
         mmcqd/1-117   [000] ...1   163.439522: block_rq_complete: 179,0 RA () 4072976 + 16 [0]
         mmcqd/1-117   [000] ...2   163.439543: sched_switch: prev_comm=mmcqd/1 prev_pid=117 prev_prio=120 prev_state=S ==> next_comm=swapper/0 next_pid=0 next_prio=120
          <idle>-0     [000] ...2   163.440182: sched_switch: prev_comm=swapper/0 prev_pid=0 prev_prio=120 prev_state=R ==> next_comm=mmcqd/1 next_pid=117 next_prio=120
         mmcqd/1-117   [000] ...1   163.440221: block_rq_complete: 179,0 RA () 4085240 + 72 [0]
         mmcqd/1-117   [000] ...2   163.440246: sched_switch: prev_comm=mmcqd/1 prev_pid=117 prev_prio=120 prev_state=S ==> next_comm=swapper/0 next_pid=0 next_prio=120
          <idle>-0     [000] ...2   163.440474: sched_switch: prev_comm=swapper/0 prev_pid=0 prev_prio=120 prev_state=R ==> next_comm=mmcqd/1 next_pid=117 next_prio=120
         mmcqd/1-117   [000] ...1   163.440501: block_rq_complete: 179,0 RA () 4085320 + 16 [0]
         mmcqd/1-117   [000] ...2   163.440525: sched_switch: prev_comm=mmcqd/1 prev_pid=117 prev_prio=120 prev_state=S ==> next_comm=main next_pid=2744 next_prio=120
           <...>-2744  [000] ...2   163.440811: sched_switch: prev_comm=main prev_pid=2744 prev_prio=120 prev_state=R+ ==> next_comm=mmcqd/1 next_pid=117 next_prio=120
         mmcqd/1-117   [000] ...1   163.440841: block_rq_complete: 179,0 RA () 4085344 + 24 [0]
         mmcqd/1-117   [000] ...2   163.440862: sched_switch: prev_comm=mmcqd/1 prev_pid=117 prev_prio=120 prev_state=S ==> next_comm=main next_pid=2744 next_prio=120
           <...>-2744  [000] d..2   163.440892: block_rq_insert: 179,0 R 0 () 4083344 + 8 [main]
           <...>-2744  [000] d..2   163.440895: block_rq_insert: 179,0 R 0 () 4083392 + 24 [main]
           <...>-2744  [000] d..2   163.440896: block_rq_insert: 179,0 R 0 () 4083424 + 32 [main]
           <...>-2744  [000] d..2   163.440898: block_rq_insert: 179,0 R 0 () 4083496 + 8 [main]
           <...>-2744  [000] ...2   163.440905: sched_switch: prev_comm=main prev_pid=2744 prev_prio=120 prev_state=D|W ==> next_comm=swapper/0 next_pid=0 next_prio=120
          <idle>-0     [000] ...2   163.441108: sched_switch: prev_comm=swapper/0 prev_pid=0 prev_prio=120 prev_state=R ==> next_comm=mmcqd/1 next_pid=117 next_prio=120
         mmcqd/1-117   [000] ...1   163.441135: block_rq_complete: 179,0 RA () 4085376 + 16 [0]
         mmcqd/1-117   [000] ...2   163.441156: sched_switch: prev_comm=mmcqd/1 prev_pid=117 prev_prio=120 prev_state=S ==> next_comm=swapper/0 next_pid=0 next_prio=120
          <idle>-0     [000] ...2   163.441357: sched_switch: prev_comm=swapper/0 prev_pid=0 prev_prio=120 prev_state=R ==> next_comm=mmcqd/1 next_pid=117 next_prio=120
         mmcqd/1-117   [000] ...1   163.441383: block_rq_complete: 179,0 RA () 4085408 + 8 [0]
         mmcqd/1-117   [000] ...2   163.441400: sched_switch: prev_comm=mmcqd/1 prev_pid=117 prev_prio=120 prev_state=S ==> next_comm=swapper/0 next_pid=0 next_prio=120
          <idle>-0     [000] ...2   163.441693: sched_switch: prev_comm=swapper/0 prev_pid=0 prev_prio=120 prev_state=R ==> next_comm=mmcqd/1 next_pid=117 next_prio=120
         mmcqd/1-117   [000] ...1   163.441720: block_rq_complete: 179,0 RA () 4085432 + 16 [0]
         mmcqd/1-117   [000] ...2   163.441745: sched_switch: prev_comm=mmcqd/1 prev_pid=117 prev_prio=120 prev_state=S ==> next_comm=swapper/0 next_pid=0 next_prio=120
          <idle>-0     [000] ...2   163.441949: sched_switch: prev_comm=swapper/0 prev_pid=0 prev_prio=120 prev_state=R ==> next_comm=mmcqd/1 next_pid=117 next_prio=120
         mmcqd/1-117   [000] ...1   163.441975: block_rq_complete: 179,0 RA () 4083496 + 8 [0]
         mmcqd/1-117   [000] ...2   163.441996: sched_switch: prev_comm=mmcqd/1 prev_pid=117 prev_prio=120 prev_state=S ==> next_comm=swapper/0 next_pid=0 next_prio=120
          <idle>-0     [000] ...2   163.442331: sched_switch: prev_comm=swapper/0 prev_pid=0 prev_prio=120 prev_state=R ==> next_comm=mmcqd/1 next_pid=117 next_prio=120
         mmcqd/1-117   [000] ...1   163.442362: block_rq_complete: 179,0 RA () 4083424 + 32 [0]
         mmcqd/1-117   [000] ...2   163.442380: sched_switch: prev_comm=mmcqd/1 prev_pid=117 prev_prio=120 prev_state=S ==> next_comm=swapper/0 next_pid=0 next_prio=120
          <idle>-0     [000] ...2   163.442662: sched_switch: prev_comm=swapper/0 prev_pid=0 prev_prio=120 prev_state=R ==> next_comm=mmcqd/1 next_pid=117 next_prio=120
         mmcqd/1-117   [000] ...1   163.442691: block_rq_complete: 179,0 RA () 4083392 + 24 [0]
         mmcqd/1-117   [000] ...2   163.442707: sched_switch: prev_comm=mmcqd/1 prev_pid=117 prev_prio=120 prev_state=S ==> next_comm=main next_pid=2744 next_prio=120
           <...>-2744  [000] d..2   163.442752: block_rq_insert: 179,0 R 0 () 4082888 + 24 [main]
           <...>-2744  [000] d..2   163.442754: block_rq_insert: 179,0 R 0 () 4083008 + 8 [main]
           <...>-2744  [000] ...2   163.442764: sched_switch: prev_comm=main prev_pid=2744 prev_prio=120 prev_state=R+ ==> next_comm=mmcqd/1 next_pid=117 next_prio=120
         mmcqd/1-117   [000] ...2   163.442779: sched_switch: prev_comm=mmcqd/1 prev_pid=117 prev_prio=120 prev_state=S ==> next_comm=main next_pid=2744 next_prio=120
           <...>-2744  [000] ...2   163.442785: sched_switch: prev_comm=main prev_pid=2744 prev_prio=120 prev_state=D|W ==> next_comm=swapper/0 next_pid=0 next_prio=120
          <idle>-0     [000] ...2   163.442902: sched_switch: prev_comm=swapper/0 prev_pid=0 prev_prio=120 prev_state=R ==> next_comm=mmcqd/1 next_pid=117 next_prio=120
         mmcqd/1-117   [000] ...1   163.442927: block_rq_complete: 179,0 RA () 4083344 + 8 [0]
         mmcqd/1-117   [000] ...2   163.442949: sched_switch: prev_comm=mmcqd/1 prev_pid=117 prev_prio=120 prev_state=S ==> next_comm=swapper/0 next_pid=0 next_prio=120
          <idle>-0     [000] ...2   163.443184: sched_switch: prev_comm=swapper/0 prev_pid=0 prev_prio=120 prev_state=R ==> next_comm=mmcqd/1 next_pid=117 next_prio=120
         mmcqd/1-117   [000] ...1   163.443209: block_rq_complete: 179,0 RA () 4083008 + 8 [0]
         mmcqd/1-117   [000] ...2   163.443220: sched_switch: prev_comm=mmcqd/1 prev_pid=117 prev_prio=120 prev_state=S ==> next_comm=swapper/0 next_pid=0 next_prio=120
          <idle>-0     [000] ...2   163.443526: sched_switch: prev_comm=swapper/0 prev_pid=0 prev_prio=120 prev_state=R ==> next_comm=mmcqd/1 next_pid=117 next_prio=120
         mmcqd/1-117   [000] ...1   163.443540: block_rq_complete: 179,0 RA () 4082888 + 24 [0]
         mmcqd/1-117   [000] ...2   163.443556: sched_switch: prev_comm=mmcqd/1 prev_pid=117 prev_prio=120 prev_state=R+ ==> next_comm=kworker/0:1H next_pid=17 next_prio=100
    kworker/0:1H-17    [000] ...2   163.443564: sched_switch: prev_comm=kworker/0:1H prev_pid=17 prev_prio=100 prev_state=S ==> next_comm=mmcqd/1 next_pid=117 next_prio=120
         mmcqd/1-117   [000] ...2   163.443574: sched_switch: prev_comm=mmcqd/1 prev_pid=117 prev_prio=120 prev_state=S ==> next_comm=main next_pid=2744 next_prio=120
           <...>-2744  [000] d..2   163.443715: block_rq_insert: 179,0 R 0 () 4085480 + 136 [main]
           <...>-2744  [000] ...2   163.443725: sched_switch: prev_comm=main prev_pid=2744 prev_prio=120 prev_state=R+ ==> next_comm=mmcqd/1 next_pid=117 next_prio=120
         mmcqd/1-117   [000] ...2   163.443797: sched_switch: prev_comm=mmcqd/1 prev_pid=117 prev_prio=120 prev_state=S ==> next_comm=main next_pid=2744 next_prio=120
           <...>-2744  [000] ...2   163.443802: sched_switch: prev_comm=main prev_pid=2744 prev_prio=120 prev_state=D|W ==> next_comm=swapper/0 next_pid=0 next_prio=120
          <idle>-0     [000] ...2   163.444686: sched_switch: prev_comm=swapper/0 prev_pid=0 prev_prio=120 prev_state=R ==> next_comm=mmcqd/1 next_pid=117 next_prio=120
         mmcqd/1-117   [000] ...1   163.444725: block_rq_complete: 179,0 RA () 4085480 + 136 [0]
         mmcqd/1-117   [000] ...2   163.444746: sched_switch: prev_comm=mmcqd/1 prev_pid=117 prev_prio=120 prev_state=R+ ==> next_comm=kworker/0:1H next_pid=17 next_prio=100
    kworker/0:1H-17    [000] ...2   163.444754: sched_switch: prev_comm=kworker/0:1H prev_pid=17 prev_prio=100 prev_state=S ==> next_comm=mmcqd/1 next_pid=117 next_prio=120
         mmcqd/1-117   [000] ...2   163.444763: sched_switch: prev_comm=mmcqd/1 prev_pid=117 prev_prio=120 prev_state=S ==> next_comm=main next_pid=2744 next_prio=120
           <...>-2744  [000] d..2   163.444915: block_rq_insert: 179,0 R 0 () 4083264 + 8 [main]
           <...>-2744  [000] ...2   163.444925: sched_switch: prev_comm=main prev_pid=2744 prev_prio=120 prev_state=R+ ==> next_comm=mmcqd/1 next_pid=117 next_prio=120
         mmcqd/1-117   [000] ...2   163.444962: sched_switch: prev_comm=mmcqd/1 prev_pid=117 prev_prio=120 prev_state=S ==> next_comm=main next_pid=2744 next_prio=120
           <...>-2744  [000] ...2   163.444967: sched_switch: prev_comm=main prev_pid=2744 prev_prio=120 prev_state=D|W ==> next_comm=swapper/0 next_pid=0 next_prio=120
          <idle>-0     [000] ...2   163.445193: sched_switch: prev_comm=swapper/0 prev_pid=0 prev_prio=120 prev_state=R ==> next_comm=mmcqd/1 next_pid=117 next_prio=120
         mmcqd/1-117   [000] ...1   163.445203: block_rq_complete: 179,0 RA () 4083264 + 8 [0]
         mmcqd/1-117   [000] ...2   163.445219: sched_switch: prev_comm=mmcqd/1 prev_pid=117 prev_prio=120 prev_state=R+ ==> next_comm=kworker/0:1H next_pid=17 next_prio=100
    kworker/0:1H-17    [000] ...2   163.445227: sched_switch: prev_comm=kworker/0:1H prev_pid=17 prev_prio=100 prev_state=S ==> next_comm=mmcqd/1 next_pid=117 next_prio=120
         mmcqd/1-117   [000] ...2   163.445236: sched_switch: prev_comm=mmcqd/1 prev_pid=117 prev_prio=120 prev_state=S ==> next_comm=main next_pid=2744 next_prio=120
           <...>-2744  [000] d..2   163.445927: block_rq_insert: 179,0 R 0 () 4085656 + 256 [main]
           <...>-2744  [000] ...2   163.445938: sched_switch: prev_comm=main prev_pid=2744 prev_prio=120 prev_state=R+ ==> next_comm=mmcqd/1 next_pid=117 next_prio=120
         mmcqd/1-117   [000] ...2   163.446039: sched_switch: prev_comm=mmcqd/1 prev_pid=117 prev_prio=120 prev_state=S ==> next_comm=main next_pid=2744 next_prio=120
           <...>-2744  [000] ...2   163.446044: sched_switch: prev_comm=main prev_pid=2744 prev_prio=120 prev_state=D|W ==> next_comm=swapper/0 next_pid=0 next_prio=120
          <idle>-0     [000] ...2   163.447484: sched_switch: prev_comm=swapper/0 prev_pid=0 prev_prio=120 prev_state=R ==> next_comm=mmcqd/1 next_pid=117 next_prio=120
         mmcqd/1-117   [000] ...1   163.447550: block_rq_complete: 179,0 RA () 4085656 + 256 [0]
         mmcqd/1-117   [000] ...2   163.447575: sched_switch: prev_comm=mmcqd/1 prev_pid=117 prev_prio=120 prev_state=R+ ==> next_comm=kworker/0:1H next_pid=17 next_prio=100
    kworker/0:1H-17    [000] ...2   163.447582: sched_switch: prev_comm=kworker/0:1H prev_pid=17 prev_prio=100 prev_state=S ==> next_comm=mmcqd/1 next_pid=117 next_prio=120
         mmcqd/1-117   [000] ...2   163.447591: sched_switch: prev_comm=mmcqd/1 prev_pid=117 prev_prio=120 prev_state=S ==> next_comm=main next_pid=2744 next_prio=120
           <...>-2744  [000] d..2   163.448564: block_rq_insert: 179,0 R 0 () 4085912 + 256 [main]
           <...>-2744  [000] ...2   163.448575: sched_switch: prev_comm=main prev_pid=2744 prev_prio=120 prev_state=R+ ==> next_comm=mmcqd/1 next_pid=117 next_prio=120
         mmcqd/1-117   [000] ...2   163.448682: sched_switch: prev_comm=mmcqd/1 prev_pid=117 prev_prio=120 prev_state=S ==> next_comm=main next_pid=2744 next_prio=120
           <...>-2744  [000] ...2   163.448755: sched_switch: prev_comm=main prev_pid=2744 prev_prio=120 prev_state=D|W ==> next_comm=swapper/0 next_pid=0 next_prio=120
          <idle>-0     [000] ...2   163.450111: sched_switch: prev_comm=swapper/0 prev_pid=0 prev_prio=120 prev_state=R ==> next_comm=mmcqd/1 next_pid=117 next_prio=120
         mmcqd/1-117   [000] ...1   163.450177: block_rq_complete: 179,0 RA () 4085912 + 256 [0]
         mmcqd/1-117   [000] ...2   163.450205: sched_switch: prev_comm=mmcqd/1 prev_pid=117 prev_prio=120 prev_state=R+ ==> next_comm=kworker/0:1H next_pid=17 next_prio=100
    kworker/0:1H-17    [000] ...2   163.450213: sched_switch: prev_comm=kworker/0:1H prev_pid=17 prev_prio=100 prev_state=S ==> next_comm=mmcqd/1 next_pid=117 next_prio=120
         mmcqd/1-117   [000] ...2   163.450222: sched_switch: prev_comm=mmcqd/1 prev_pid=117 prev_prio=120 prev_state=S ==> next_comm=main next_pid=2744 next_prio=120
           <...>-2744  [000] d..2   163.450302: block_rq_insert: 179,0 R 0 () 4072864 + 64 [main]
           <...>-2744  [000] d..2   163.450305: block_rq_insert: 179,0 R 0 () 4072944 + 8 [main]
           <...>-2744  [000] ...2   163.450314: sched_switch: prev_comm=main prev_pid=2744 prev_prio=120 prev_state=R+ ==> next_comm=mmcqd/1 next_pid=117 next_prio=120
         mmcqd/1-117   [000] ...2   163.450373: sched_switch: prev_comm=mmcqd/1 prev_pid=117 prev_prio=120 prev_state=S ==> next_comm=main next_pid=2744 next_prio=120
           <...>-2744  [000] ...2   163.450380: sched_switch: prev_comm=main prev_pid=2744 prev_prio=120 prev_state=D|W ==> next_comm=swapper/0 next_pid=0 next_prio=120
          <idle>-0     [000] ...2   163.450577: sched_switch: prev_comm=swapper/0 prev_pid=0 prev_prio=120 prev_state=R ==> next_comm=mmcqd/1 next_pid=117 next_prio=120
         mmcqd/1-117   [000] ...1   163.450603: block_rq_complete: 179,0 RA () 4072944 + 8 [0]
         mmcqd/1-117   [000] ...2   163.450617: sched_switch: prev_comm=mmcqd/1 prev_pid=117 prev_prio=120 prev_state=S ==> next_comm=swapper/0 next_pid=0 next_prio=120
          <idle>-0     [000] ...2   163.451117: sched_switch: prev_comm=swapper/0 prev_pid=0 prev_prio=120 prev_state=R ==> next_comm=mmcqd/1 next_pid=117 next_prio=120
         mmcqd/1-117   [000] ...1   163.451140: block_rq_complete: 179,0 RA () 4072864 + 64 [0]
         mmcqd/1-117   [000] ...2   163.451158: sched_switch: prev_comm=mmcqd/1 prev_pid=117 prev_prio=120 prev_state=R+ ==> next_comm=kworker/0:1H next_pid=17 next_prio=100
    kworker/0:1H-17    [000] ...2   163.451165: sched_switch: prev_comm=kworker/0:1H prev_pid=17 prev_prio=100 prev_state=S ==> next_comm=mmcqd/1 next_pid=117 next_prio=120
         mmcqd/1-117   [000] ...2   163.451174: sched_switch: prev_comm=mmcqd/1 prev_pid=117 prev_prio=120 prev_state=S ==> next_comm=main next_pid=2744 next_prio=120
           <...>-2744  [000] d..2   163.451459: block_rq_insert: 179,0 R 0 () 4086168 + 184 [main]
           <...>-2744  [000] ...2   163.451469: sched_switch: prev_comm=main prev_pid=2744 prev_prio=120 prev_state=R+ ==> next_comm=mmcqd/1 next_pid=117 next_prio=120
         mmcqd/1-117   [000] ...2   163.451552: sched_switch: prev_comm=mmcqd/1 prev_pid=117 prev_prio=120 prev_state=S ==> next_comm=main next_pid=2744 next_prio=120
           <...>-2744  [000] ...2   163.451560: sched_switch: prev_comm=main prev_pid=2744 prev_prio=120 prev_state=D|W ==> next_comm=swapper/0 next_pid=0 next_prio=120
          <idle>-0     [000] ...2   163.452667: sched_switch: prev_comm=swapper/0 prev_pid=0 prev_prio=120 prev_state=R ==> next_comm=mmcqd/1 next_pid=117 next_prio=120
         mmcqd/1-117   [000] ...1   163.452716: block_rq_complete: 179,0 RA () 4086168 + 184 [0]
         mmcqd/1-117   [000] ...2   163.452739: sched_switch: prev_comm=mmcqd/1 prev_pid=117 prev_prio=120 prev_state=R+ ==> next_comm=kworker/0:1H next_pid=17 next_prio=100
    kworker/0:1H-17    [000] ...2   163.452746: sched_switch: prev_comm=kworker/0:1H prev_pid=17 prev_prio=100 prev_state=S ==> next_comm=mmcqd/1 next_pid=117 next_prio=120
         mmcqd/1-117   [000] ...2   163.452755: sched_switch: prev_comm=mmcqd/1 prev_pid=117 prev_prio=120 prev_state=S ==> next_comm=main next_pid=2744 next_prio=120
           <...>-2744  [000] d..2   163.453088: block_rq_insert: 179,0 R 0 () 1207472 + 8 [main]
           <...>-2744  [000] d..2   163.453091: block_rq_insert: 179,0 R 0 () 1207488 + 24 [main]
           <...>-2744  [000] d..2   163.453093: block_rq_insert: 179,0 R 0 () 1207584 + 24 [main]
           <...>-2744  [000] ...2   163.453103: sched_switch: prev_comm=main prev_pid=2744 prev_prio=120 prev_state=R+ ==> next_comm=mmcqd/1 next_pid=117 next_prio=120
         mmcqd/1-117   [000] ...2   163.453155: sched_switch: prev_comm=mmcqd/1 prev_pid=117 prev_prio=120 prev_state=S ==> next_comm=main next_pid=2744 next_prio=120
           <...>-2744  [000] ...2   163.453163: sched_switch: prev_comm=main prev_pid=2744 prev_prio=120 prev_state=D|W ==> next_comm=swapper/0 next_pid=0 next_prio=120
          <idle>-0     [000] ...2   163.453178: sched_switch: prev_comm=swapper/0 prev_pid=0 prev_prio=120 prev_state=R ==> next_comm=ksoftirqd/0 next_pid=3 next_prio=120
     ksoftirqd/0-3     [000] ...2   163.453189: sched_switch: prev_comm=ksoftirqd/0 prev_pid=3 prev_prio=120 prev_state=S ==> next_comm=swapper/0 next_pid=0 next_prio=120
          <idle>-0     [000] ...2   163.453203: sched_switch: prev_comm=swapper/0 prev_pid=0 prev_prio=120 prev_state=R ==> next_comm=ksoftirqd/0 next_pid=3 next_prio=120
     ksoftirqd/0-3     [000] ...2   163.453211: sched_switch: prev_comm=ksoftirqd/0 prev_pid=3 prev_prio=120 prev_state=S ==> next_comm=swapper/0 next_pid=0 next_prio=120
          <idle>-0     [000] ...2   163.453224: sched_switch: prev_comm=swapper/0 prev_pid=0 prev_prio=120 prev_state=R ==> next_comm=ksoftirqd/0 next_pid=3 next_prio=120
     ksoftirqd/0-3     [000] ...2   163.453232: sched_switch: prev_comm=ksoftirqd/0 prev_pid=3 prev_prio=120 prev_state=S ==> next_comm=swapper/0 next_pid=0 next_prio=120
          <idle>-0     [000] ...2   163.453386: sched_switch: prev_comm=swapper/0 prev_pid=0 prev_prio=120 prev_state=R ==> next_comm=mmcqd/1 next_pid=117 next_prio=120
         mmcqd/1-117   [000] ...1   163.453413: block_rq_complete: 179,0 RA () 1207472 + 8 [0]
         mmcqd/1-117   [000] ...2   163.453437: sched_switch: prev_comm=mmcqd/1 prev_pid=117 prev_prio=120 prev_state=S ==> next_comm=swapper/0 next_pid=0 next_prio=120
          <idle>-0     [000] ...2   163.453741: sched_switch: prev_comm=swapper/0 prev_pid=0 prev_prio=120 prev_state=R ==> next_comm=mmcqd/1 next_pid=117 next_prio=120
         mmcqd/1-117   [000] ...1   163.453770: block_rq_complete: 179,0 RA () 1207488 + 24 [0]
         mmcqd/1-117   [000] ...2   163.453784: sched_switch: prev_comm=mmcqd/1 prev_pid=117 prev_prio=120 prev_state=S ==> next_comm=swapper/0 next_pid=0 next_prio=120
          <idle>-0     [000] ...2   163.454084: sched_switch: prev_comm=swapper/0 prev_pid=0 prev_prio=120 prev_state=R ==> next_comm=mmcqd/1 next_pid=117 next_prio=120
         mmcqd/1-117   [000] ...1   163.454097: block_rq_complete: 179,0 RA () 1207584 + 24 [0]
         mmcqd/1-117   [000] ...2   163.454114: sched_switch: prev_comm=mmcqd/1 prev_pid=117 prev_prio=120 prev_state=R+ ==> next_comm=kworker/0:1H next_pid=17 next_prio=100
    kworker/0:1H-17    [000] ...2   163.454124: sched_switch: prev_comm=kworker/0:1H prev_pid=17 prev_prio=100 prev_state=S ==> next_comm=mmcqd/1 next_pid=117 next_prio=120
         mmcqd/1-117   [000] ...2   163.454133: sched_switch: prev_comm=mmcqd/1 prev_pid=117 prev_prio=120 prev_state=S ==> next_comm=main next_pid=2744 next_prio=120
           <...>-2744  [000] d..2   163.456077: block_rq_insert: 179,0 R 0 () 3996192 + 8 [main]
           <...>-2744  [000] d..2   163.456081: block_rq_insert: 179,0 R 0 () 3996264 + 8 [main]
           <...>-2744  [000] ...2   163.456095: sched_switch: prev_comm=main prev_pid=2744 prev_prio=120 prev_state=R+ ==> next_comm=mmcqd/1 next_pid=117 next_prio=120
         mmcqd/1-117   [000] ...2   163.456149: sched_switch: prev_comm=mmcqd/1 prev_pid=117 prev_prio=120 prev_state=S ==> next_comm=main next_pid=2744 next_prio=120
           <...>-2744  [000] ...2   163.456157: sched_switch: prev_comm=main prev_pid=2744 prev_prio=120 prev_state=D|W ==> next_comm=swapper/0 next_pid=0 next_prio=120
          <idle>-0     [000] ...2   163.456375: sched_switch: prev_comm=swapper/0 prev_pid=0 prev_prio=120 prev_state=R ==> next_comm=mmcqd/1 next_pid=117 next_prio=120
         mmcqd/1-117   [000] ...1   163.456402: block_rq_complete: 179,0 RA () 3996192 + 8 [0]
         mmcqd/1-117   [000] ...2   163.456415: sched_switch: prev_comm=mmcqd/1 prev_pid=117 prev_prio=120 prev_state=S ==> next_comm=swapper/0 next_pid=0 next_prio=120
          <idle>-0     [000] ...2   163.456652: sched_switch: prev_comm=swapper/0 prev_pid=0 prev_prio=120 prev_state=R ==> next_comm=mmcqd/1 next_pid=117 next_prio=120
         mmcqd/1-117   [000] ...1   163.456661: block_rq_complete: 179,0 RA () 3996264 + 8 [0]
         mmcqd/1-117   [000] ...2   163.456678: sched_switch: prev_comm=mmcqd/1 prev_pid=117 prev_prio=120 prev_state=R+ ==> next_comm=kworker/0:1H next_pid=17 next_prio=100
    kworker/0:1H-17    [000] ...2   163.456686: sched_switch: prev_comm=kworker/0:1H prev_pid=17 prev_prio=100 prev_state=S ==> next_comm=mmcqd/1 next_pid=117 next_prio=120
         mmcqd/1-117   [000] ...2   163.456696: sched_switch: prev_comm=mmcqd/1 prev_pid=117 prev_prio=120 prev_state=S ==> next_comm=main next_pid=2744 next_prio=120
           <...>-2744  [000] d..2   163.459238: block_rq_insert: 179,0 R 0 () 4082472 + 16 [main]
           <...>-2744  [000] d..2   163.459243: block_rq_insert: 179,0 R 0 () 4082496 + 8 [main]
           <...>-2744  [000] d..2   163.459245: block_rq_insert: 179,0 R 0 () 4082512 + 8 [main]
           <...>-2744  [000] d..2   163.459247: block_rq_insert: 179,0 R 0 () 4082536 + 8 [main]
           <...>-2744  [000] d..2   163.459248: block_rq_insert: 179,0 R 0 () 4082552 + 48 [main]
           <...>-2744  [000] ...2   163.459259: sched_switch: prev_comm=main prev_pid=2744 prev_prio=120 prev_state=R+ ==> next_comm=mmcqd/1 next_pid=117 next_prio=120
         mmcqd/1-117   [000] ...2   163.459314: sched_switch: prev_comm=mmcqd/1 prev_pid=117 prev_prio=120 prev_state=S ==> next_comm=main next_pid=2744 next_prio=120
           <...>-2744  [000] ...2   163.459320: sched_switch: prev_comm=main prev_pid=2744 prev_prio=120 prev_state=D|W ==> next_comm=swapper/0 next_pid=0 next_prio=120
          <idle>-0     [000] ...2   163.459569: sched_switch: prev_comm=swapper/0 prev_pid=0 prev_prio=120 prev_state=R ==> next_comm=mmcqd/1 next_pid=117 next_prio=120
         mmcqd/1-117   [000] ...1   163.459597: block_rq_complete: 179,0 RA () 4082472 + 16 [0]
         mmcqd/1-117   [000] ...2   163.459622: sched_switch: prev_comm=mmcqd/1 prev_pid=117 prev_prio=120 prev_state=S ==> next_comm=main next_pid=2744 next_prio=120
           <...>-2744  [000] ...2   163.459833: sched_switch: prev_comm=main prev_pid=2744 prev_prio=120 prev_state=R ==> next_comm=mmcqd/1 next_pid=117 next_prio=120
         mmcqd/1-117   [000] ...1   163.459860: block_rq_complete: 179,0 RA () 4082496 + 8 [0]
         mmcqd/1-117   [000] ...2   163.459879: sched_switch: prev_comm=mmcqd/1 prev_pid=117 prev_prio=120 prev_state=S ==> next_comm=main next_pid=2744 next_prio=120
           <...>-2744  [000] ...2   163.460145: sched_switch: prev_comm=main prev_pid=2744 prev_prio=120 prev_state=R ==> next_comm=mmcqd/1 next_pid=117 next_prio=120
         mmcqd/1-117   [000] ...1   163.460171: block_rq_complete: 179,0 RA () 4082512 + 8 [0]
         mmcqd/1-117   [000] ...2   163.460200: sched_switch: prev_comm=mmcqd/1 prev_pid=117 prev_prio=120 prev_state=S ==> next_comm=main next_pid=2744 next_prio=120
           <...>-2744  [000] ...2   163.460423: sched_switch: prev_comm=main prev_pid=2744 prev_prio=120 prev_state=R ==> next_comm=mmcqd/1 next_pid=117 next_prio=120
         mmcqd/1-117   [000] ...1   163.460448: block_rq_complete: 179,0 RA () 4082536 + 8 [0]
         mmcqd/1-117   [000] ...2   163.460459: sched_switch: prev_comm=mmcqd/1 prev_pid=117 prev_prio=120 prev_state=S ==> next_comm=main next_pid=2744 next_prio=120
           <...>-2744  [000] ...2   163.460924: sched_switch: prev_comm=main prev_pid=2744 prev_prio=120 prev_state=R ==> next_comm=mmcqd/1 next_pid=117 next_prio=120
         mmcqd/1-117   [000] ...1   163.460943: block_rq_complete: 179,0 RA () 4082552 + 48 [0]
         mmcqd/1-117   [000] ...2   163.460957: sched_switch: prev_comm=mmcqd/1 prev_pid=117 prev_prio=120 prev_state=R+ ==> next_comm=kworker/0:1H next_pid=17 next_prio=100
    kworker/0:1H-17    [000] ...2   163.460965: sched_switch: prev_comm=kworker/0:1H prev_pid=17 prev_prio=100 prev_state=S ==> next_comm=mmcqd/1 next_pid=117 next_prio=120
         mmcqd/1-117   [000] ...2   163.460976: sched_switch: prev_comm=mmcqd/1 prev_pid=117 prev_prio=120 prev_state=S ==> next_comm=main next_pid=2744 next_prio=120
          <idle>-0     [001] ...2   163.468467: sched_switch: prev_comm=swapper/1 prev_pid=0 prev_prio=120 prev_state=R ==> next_comm=kworker/u:3 next_pid=113 next_prio=120
           <...>-2744  [000] ...2   163.468486: sched_switch: prev_comm=main prev_pid=2744 prev_prio=120 prev_state=R ==> next_comm=mpdecision next_pid=1613 next_prio=113
           <...>-113   [001] ...2   163.468498: sched_switch: prev_comm=kworker/u:3 prev_pid=113 prev_prio=120 prev_state=S ==> next_comm=swapper/1 next_pid=0 next_prio=120
          <idle>-0     [001] ...2   163.468519: sched_switch: prev_comm=swapper/1 prev_pid=0 prev_prio=120 prev_state=R ==> next_comm=ksoftirqd/1 next_pid=2737 next_prio=120
           <...>-2737  [001] ...2   163.468541: sched_switch: prev_comm=ksoftirqd/1 prev_pid=2737 prev_prio=120 prev_state=S ==> next_comm=swapper/1 next_pid=0 next_prio=120
      mpdecision-1613  [000] ...2   163.468731: sched_switch: prev_comm=mpdecision prev_pid=1613 prev_prio=113 prev_state=S ==> next_comm=main next_pid=2744 next_prio=120
           <...>-2744  [000] d..2   163.470637: block_rq_insert: 179,0 R 0 () 802944 + 32 [main]
           <...>-2744  [000] ...2   163.470651: sched_switch: prev_comm=main prev_pid=2744 prev_prio=120 prev_state=R+ ==> next_comm=mmcqd/1 next_pid=117 next_prio=120
         mmcqd/1-117   [000] ...2   163.470705: sched_switch: prev_comm=mmcqd/1 prev_pid=117 prev_prio=120 prev_state=S ==> next_comm=main next_pid=2744 next_prio=120
           <...>-2744  [000] ...2   163.470711: sched_switch: prev_comm=main prev_pid=2744 prev_prio=120 prev_state=D|W ==> next_comm=swapper/0 next_pid=0 next_prio=120
          <idle>-0     [000] ...2   163.470727: sched_switch: prev_comm=swapper/0 prev_pid=0 prev_prio=120 prev_state=R ==> next_comm=ksoftirqd/0 next_pid=3 next_prio=120
     ksoftirqd/0-3     [000] ...2   163.470736: sched_switch: prev_comm=ksoftirqd/0 prev_pid=3 prev_prio=120 prev_state=S ==> next_comm=swapper/0 next_pid=0 next_prio=120
          <idle>-0     [000] ...2   163.470749: sched_switch: prev_comm=swapper/0 prev_pid=0 prev_prio=120 prev_state=R ==> next_comm=ksoftirqd/0 next_pid=3 next_prio=120
     ksoftirqd/0-3     [000] ...2   163.470756: sched_switch: prev_comm=ksoftirqd/0 prev_pid=3 prev_prio=120 prev_state=S ==> next_comm=swapper/0 next_pid=0 next_prio=120
          <idle>-0     [000] ...2   163.470767: sched_switch: prev_comm=swapper/0 prev_pid=0 prev_prio=120 prev_state=R ==> next_comm=ksoftirqd/0 next_pid=3 next_prio=120
     ksoftirqd/0-3     [000] ...2   163.470776: sched_switch: prev_comm=ksoftirqd/0 prev_pid=3 prev_prio=120 prev_state=S ==> next_comm=swapper/0 next_pid=0 next_prio=120
          <idle>-0     [000] ...2   163.470810: sched_switch: prev_comm=swapper/0 prev_pid=0 prev_prio=120 prev_state=R ==> next_comm=ActivityManager next_pid=775 next_prio=118
 ActivityManager-775   [000] ...2   163.470902: sched_switch: prev_comm=ActivityManager prev_pid=775 prev_prio=118 prev_state=S ==> next_comm=swapper/0 next_pid=0 next_prio=120
          <idle>-0     [000] ...2   163.471179: sched_switch: prev_comm=swapper/0 prev_pid=0 prev_prio=120 prev_state=R ==> next_comm=mmcqd/1 next_pid=117 next_prio=120
         mmcqd/1-117   [000] ...1   163.471196: block_rq_complete: 179,0 RA () 802944 + 32 [0]
         mmcqd/1-117   [000] ...2   163.471217: sched_switch: prev_comm=mmcqd/1 prev_pid=117 prev_prio=120 prev_state=R+ ==> next_comm=kworker/0:1H next_pid=17 next_prio=100
    kworker/0:1H-17    [000] ...2   163.471225: sched_switch: prev_comm=kworker/0:1H prev_pid=17 prev_prio=100 prev_state=S ==> next_comm=mmcqd/1 next_pid=117 next_prio=120
         mmcqd/1-117   [000] ...2   163.471235: sched_switch: prev_comm=mmcqd/1 prev_pid=117 prev_prio=120 prev_state=S ==> next_comm=main next_pid=2744 next_prio=120
           <...>-2744  [000] d..2   163.471272: block_rq_insert: 179,0 R 0 () 802976 + 16 [main]
           <...>-2744  [000] ...2   163.471283: sched_switch: prev_comm=main prev_pid=2744 prev_prio=120 prev_state=R+ ==> next_comm=mmcqd/1 next_pid=117 next_prio=120
         mmcqd/1-117   [000] ...2   163.471326: sched_switch: prev_comm=mmcqd/1 prev_pid=117 prev_prio=120 prev_state=S ==> next_comm=main next_pid=2744 next_prio=120
           <...>-2744  [000] ...2   163.471358: sched_switch: prev_comm=main prev_pid=2744 prev_prio=120 prev_state=D|W ==> next_comm=swapper/0 next_pid=0 next_prio=120
          <idle>-0     [000] ...2   163.471603: sched_switch: prev_comm=swapper/0 prev_pid=0 prev_prio=120 prev_state=R ==> next_comm=mmcqd/1 next_pid=117 next_prio=120
         mmcqd/1-117   [000] ...1   163.471615: block_rq_complete: 179,0 RA () 802976 + 16 [0]
         mmcqd/1-117   [000] ...2   163.471633: sched_switch: prev_comm=mmcqd/1 prev_pid=117 prev_prio=120 prev_state=R+ ==> next_comm=kworker/0:1H next_pid=17 next_prio=100
    kworker/0:1H-17    [000] ...2   163.471640: sched_switch: prev_comm=kworker/0:1H prev_pid=17 prev_prio=100 prev_state=S ==> next_comm=mmcqd/1 next_pid=117 next_prio=120
         mmcqd/1-117   [000] ...2   163.471649: sched_switch: prev_comm=mmcqd/1 prev_pid=117 prev_prio=120 prev_state=S ==> next_comm=main next_pid=2744 next_prio=120
           <...>-2744  [000] d..2   163.471941: block_rq_insert: 179,0 R 0 () 3984384 + 256 [main]
           <...>-2744  [000] ...2   163.471952: sched_switch: prev_comm=main prev_pid=2744 prev_prio=120 prev_state=R+ ==> next_comm=mmcqd/1 next_pid=117 next_prio=120
         mmcqd/1-117   [000] ...2   163.472058: sched_switch: prev_comm=mmcqd/1 prev_pid=117 prev_prio=120 prev_state=S ==> next_comm=main next_pid=2744 next_prio=120
           <...>-2744  [000] ...2   163.472064: sched_switch: prev_comm=main prev_pid=2744 prev_prio=120 prev_state=D|W ==> next_comm=swapper/0 next_pid=0 next_prio=120
          <idle>-0     [000] ...2   163.472080: sched_switch: prev_comm=swapper/0 prev_pid=0 prev_prio=120 prev_state=R ==> next_comm=ksoftirqd/0 next_pid=3 next_prio=120
     ksoftirqd/0-3     [000] ...2   163.472087: sched_switch: prev_comm=ksoftirqd/0 prev_pid=3 prev_prio=120 prev_state=S ==> next_comm=swapper/0 next_pid=0 next_prio=120
          <idle>-0     [000] ...2   163.472103: sched_switch: prev_comm=swapper/0 prev_pid=0 prev_prio=120 prev_state=R ==> next_comm=ksoftirqd/0 next_pid=3 next_prio=120
     ksoftirqd/0-3     [000] ...2   163.472110: sched_switch: prev_comm=ksoftirqd/0 prev_pid=3 prev_prio=120 prev_state=S ==> next_comm=swapper/0 next_pid=0 next_prio=120
          <idle>-0     [000] ...2   163.472124: sched_switch: prev_comm=swapper/0 prev_pid=0 prev_prio=120 prev_state=R ==> next_comm=ksoftirqd/0 next_pid=3 next_prio=120
     ksoftirqd/0-3     [000] ...2   163.472131: sched_switch: prev_comm=ksoftirqd/0 prev_pid=3 prev_prio=120 prev_state=S ==> next_comm=swapper/0 next_pid=0 next_prio=120
          <idle>-0     [000] ...2   163.473429: sched_switch: prev_comm=swapper/0 prev_pid=0 prev_prio=120 prev_state=R ==> next_comm=mmcqd/1 next_pid=117 next_prio=120
         mmcqd/1-117   [000] ...1   163.473494: block_rq_complete: 179,0 RA () 3984384 + 256 [0]
         mmcqd/1-117   [000] ...2   163.473520: sched_switch: prev_comm=mmcqd/1 prev_pid=117 prev_prio=120 prev_state=R+ ==> next_comm=kworker/0:1H next_pid=17 next_prio=100
    kworker/0:1H-17    [000] ...2   163.473527: sched_switch: prev_comm=kworker/0:1H prev_pid=17 prev_prio=100 prev_state=S ==> next_comm=mmcqd/1 next_pid=117 next_prio=120
         mmcqd/1-117   [000] ...2   163.473536: sched_switch: prev_comm=mmcqd/1 prev_pid=117 prev_prio=120 prev_state=S ==> next_comm=main next_pid=2744 next_prio=120
           <...>-2744  [000] d..2   163.473747: block_rq_insert: 179,0 R 0 () 3984640 + 16 [main]
           <...>-2744  [000] ...2   163.473758: sched_switch: prev_comm=main prev_pid=2744 prev_prio=120 prev_state=R+ ==> next_comm=mmcqd/1 next_pid=117 next_prio=120
         mmcqd/1-117   [000] ...2   163.473798: sched_switch: prev_comm=mmcqd/1 prev_pid=117 prev_prio=120 prev_state=S ==> next_comm=main next_pid=2744 next_prio=120
           <...>-2744  [000] ...2   163.473807: sched_switch: prev_comm=main prev_pid=2744 prev_prio=120 prev_state=D|W ==> next_comm=swapper/0 next_pid=0 next_prio=120
          <idle>-0     [000] ...2   163.473822: sched_switch: prev_comm=swapper/0 prev_pid=0 prev_prio=120 prev_state=R ==> next_comm=ksoftirqd/0 next_pid=3 next_prio=120
     ksoftirqd/0-3     [000] ...2   163.473832: sched_switch: prev_comm=ksoftirqd/0 prev_pid=3 prev_prio=120 prev_state=S ==> next_comm=swapper/0 next_pid=0 next_prio=120
          <idle>-0     [000] ...2   163.473847: sched_switch: prev_comm=swapper/0 prev_pid=0 prev_prio=120 prev_state=R ==> next_comm=ksoftirqd/0 next_pid=3 next_prio=120
     ksoftirqd/0-3     [000] ...2   163.473856: sched_switch: prev_comm=ksoftirqd/0 prev_pid=3 prev_prio=120 prev_state=S ==> next_comm=swapper/0 next_pid=0 next_prio=120
          <idle>-0     [000] ...2   163.473869: sched_switch: prev_comm=swapper/0 prev_pid=0 prev_prio=120 prev_state=R ==> next_comm=ksoftirqd/0 next_pid=3 next_prio=120
     ksoftirqd/0-3     [000] ...2   163.473879: sched_switch: prev_comm=ksoftirqd/0 prev_pid=3 prev_prio=120 prev_state=S ==> next_comm=swapper/0 next_pid=0 next_prio=120
          <idle>-0     [000] ...2   163.474044: sched_switch: prev_comm=swapper/0 prev_pid=0 prev_prio=120 prev_state=R ==> next_comm=mmcqd/1 next_pid=117 next_prio=120
         mmcqd/1-117   [000] ...1   163.474056: block_rq_complete: 179,0 RA () 3984640 + 16 [0]
         mmcqd/1-117   [000] ...2   163.474072: sched_switch: prev_comm=mmcqd/1 prev_pid=117 prev_prio=120 prev_state=R+ ==> next_comm=kworker/0:1H next_pid=17 next_prio=100
    kworker/0:1H-17    [000] ...2   163.474080: sched_switch: prev_comm=kworker/0:1H prev_pid=17 prev_prio=100 prev_state=S ==> next_comm=mmcqd/1 next_pid=117 next_prio=120
         mmcqd/1-117   [000] ...2   163.474089: sched_switch: prev_comm=mmcqd/1 prev_pid=117 prev_prio=120 prev_state=S ==> next_comm=main next_pid=2744 next_prio=120
          <idle>-0     [001] ...2   163.474708: sched_switch: prev_comm=swapper/1 prev_pid=0 prev_prio=120 prev_state=R ==> next_comm=main next_pid=2753 next_prio=120
           <...>-2744  [000] ...2   163.474722: sched_switch: prev_comm=main prev_pid=2744 prev_prio=120 prev_state=D ==> next_comm=swapper/0 next_pid=0 next_prio=120
