# tracer: nop
#
# entries-in-buffer/entries-written: 9965/9965   #P:1
#
#                              _-----=> irqs-off
#                             / _----=> need-resched
#                            | / _---=> hardirq/softirq
#                            || / _--=> preempt-depth
#                            ||| /     delay
#           TASK-PID   CPU#  ||||    TIMESTAMP  FUNCTION
#              | |       |   ||||       |         |
          <idle>-0     [001] ...2   175.801392: sched_switch: prev_comm=swapper/1 prev_pid=0 prev_prio=120 prev_state=R ==> next_comm=sh next_pid=2989 next_prio=120
           <...>-2979  [000] ...2   175.801463: sched_switch: prev_comm=sh prev_pid=2979 prev_prio=120 prev_state=S ==> next_comm=mmcqd/1 next_pid=117 next_prio=120
         mmcqd/1-117   [000] ...1   175.801478: block_rq_complete: 179,0 RA () 1196504 + 8 [0]
         mmcqd/1-117   [000] ...2   175.801502: sched_switch: prev_comm=mmcqd/1 prev_pid=117 prev_prio=120 prev_state=R+ ==> next_comm=kworker/0:1H next_pid=17 next_prio=100
    kworker/0:1H-17    [000] ...2   175.801511: sched_switch: prev_comm=kworker/0:1H prev_pid=17 prev_prio=100 prev_state=S ==> next_comm=mmcqd/1 next_pid=117 next_prio=120
         mmcqd/1-117   [000] ...2   175.801523: sched_switch: prev_comm=mmcqd/1 prev_pid=117 prev_prio=120 prev_state=S ==> next_comm=grep next_pid=2988 next_prio=120
           <...>-2988  [000] d..2   175.801755: block_rq_insert: 179,0 R 0 () 1242728 + 8 [grep]
           <...>-2988  [000] ...2   175.801767: sched_switch: prev_comm=grep prev_pid=2988 prev_prio=120 prev_state=R+ ==> next_comm=mmcqd/1 next_pid=117 next_prio=120
         mmcqd/1-117   [000] ...2   175.801810: sched_switch: prev_comm=mmcqd/1 prev_pid=117 prev_prio=120 prev_state=S ==> next_comm=grep next_pid=2988 next_prio=120
           <...>-2988  [000] ...2   175.801817: sched_switch: prev_comm=grep prev_pid=2988 prev_prio=120 prev_state=D|W ==> next_comm=swapper/0 next_pid=0 next_prio=120
          <idle>-0     [000] ...2   175.801830: sched_switch: prev_comm=swapper/0 prev_pid=0 prev_prio=120 prev_state=R ==> next_comm=ksoftirqd/0 next_pid=3 next_prio=120
           <...>-3     [000] ...2   175.801837: sched_switch: prev_comm=ksoftirqd/0 prev_pid=3 prev_prio=120 prev_state=S ==> next_comm=swapper/0 next_pid=0 next_prio=120
          <idle>-0     [000] ...2   175.801847: sched_switch: prev_comm=swapper/0 prev_pid=0 prev_prio=120 prev_state=R ==> next_comm=ksoftirqd/0 next_pid=3 next_prio=120
           <...>-3     [000] ...2   175.801853: sched_switch: prev_comm=ksoftirqd/0 prev_pid=3 prev_prio=120 prev_state=S ==> next_comm=swapper/0 next_pid=0 next_prio=120
           <...>-2989  [001] d..2   175.801897: block_rq_insert: 179,0 R 0 () 722984 + 8 [sh]
          <idle>-0     [000] ...2   175.801922: sched_switch: prev_comm=swapper/0 prev_pid=0 prev_prio=120 prev_state=R ==> next_comm=mmcqd/1 next_pid=117 next_prio=120
           <...>-2989  [001] ...2   175.801930: sched_switch: prev_comm=sh prev_pid=2989 prev_prio=120 prev_state=D|W ==> next_comm=swapper/1 next_pid=0 next_prio=120
         mmcqd/1-117   [000] ...2   175.801937: sched_switch: prev_comm=mmcqd/1 prev_pid=117 prev_prio=120 prev_state=S ==> next_comm=swapper/0 next_pid=0 next_prio=120
          <idle>-0     [000] ...2   175.802058: sched_switch: prev_comm=swapper/0 prev_pid=0 prev_prio=120 prev_state=R ==> next_comm=mmcqd/1 next_pid=117 next_prio=120
         mmcqd/1-117   [000] ...1   175.802084: block_rq_complete: 179,0 RA () 1242728 + 8 [0]
         mmcqd/1-117   [000] ...2   175.802101: sched_switch: prev_comm=mmcqd/1 prev_pid=117 prev_prio=120 prev_state=S ==> next_comm=grep next_pid=2988 next_prio=120
           <...>-2988  [000] ...2   175.802338: sched_switch: prev_comm=grep prev_pid=2988 prev_prio=120 prev_state=R+ ==> next_comm=mmcqd/1 next_pid=117 next_prio=120
         mmcqd/1-117   [000] ...1   175.802350: block_rq_complete: 179,0 RA () 722984 + 8 [0]
         mmcqd/1-117   [000] ...2   175.802369: sched_switch: prev_comm=mmcqd/1 prev_pid=117 prev_prio=120 prev_state=R+ ==> next_comm=kworker/0:1H next_pid=17 next_prio=100
          <idle>-0     [001] ...2   175.802371: sched_switch: prev_comm=swapper/1 prev_pid=0 prev_prio=120 prev_state=R ==> next_comm=sh next_pid=2989 next_prio=120
    kworker/0:1H-17    [000] ...2   175.802375: sched_switch: prev_comm=kworker/0:1H prev_pid=17 prev_prio=100 prev_state=S ==> next_comm=mmcqd/1 next_pid=117 next_prio=120
         mmcqd/1-117   [000] ...2   175.802385: sched_switch: prev_comm=mmcqd/1 prev_pid=117 prev_prio=120 prev_state=S ==> next_comm=grep next_pid=2988 next_prio=120
           <...>-2988  [000] d..2   175.802393: block_rq_insert: 179,0 R 0 () 1210368 + 8 [grep]
           <...>-2988  [000] ...2   175.802405: sched_switch: prev_comm=grep prev_pid=2988 prev_prio=120 prev_state=R+ ==> next_comm=mmcqd/1 next_pid=117 next_prio=120
         mmcqd/1-117   [000] ...2   175.802441: sched_switch: prev_comm=mmcqd/1 prev_pid=117 prev_prio=120 prev_state=S ==> next_comm=grep next_pid=2988 next_prio=120
           <...>-2988  [000] ...2   175.802446: sched_switch: prev_comm=grep prev_pid=2988 prev_prio=120 prev_state=D|W ==> next_comm=swapper/0 next_pid=0 next_prio=120
          <idle>-0     [000] ...2   175.802672: sched_switch: prev_comm=swapper/0 prev_pid=0 prev_prio=120 prev_state=R ==> next_comm=mmcqd/1 next_pid=117 next_prio=120
         mmcqd/1-117   [000] ...1   175.802682: block_rq_complete: 179,0 RA () 1210368 + 8 [0]
         mmcqd/1-117   [000] ...2   175.802697: sched_switch: prev_comm=mmcqd/1 prev_pid=117 prev_prio=120 prev_state=R+ ==> next_comm=kworker/0:1H next_pid=17 next_prio=100
    kworker/0:1H-17    [000] ...2   175.802704: sched_switch: prev_comm=kworker/0:1H prev_pid=17 prev_prio=100 prev_state=S ==> next_comm=mmcqd/1 next_pid=117 next_prio=120
         mmcqd/1-117   [000] ...2   175.802712: sched_switch: prev_comm=mmcqd/1 prev_pid=117 prev_prio=120 prev_state=S ==> next_comm=grep next_pid=2988 next_prio=120
           <...>-2988  [000] d..2   175.802824: block_rq_insert: 179,0 R 0 () 1225440 + 16 [grep]
           <...>-2988  [000] d..2   175.802827: block_rq_insert: 179,0 R 0 () 1225512 + 16 [grep]
           <...>-2988  [000] ...2   175.802836: sched_switch: prev_comm=grep prev_pid=2988 prev_prio=120 prev_state=R+ ==> next_comm=mmcqd/1 next_pid=117 next_prio=120
         mmcqd/1-117   [000] ...2   175.802884: sched_switch: prev_comm=mmcqd/1 prev_pid=117 prev_prio=120 prev_state=S ==> next_comm=grep next_pid=2988 next_prio=120
           <...>-2988  [000] ...2   175.802889: sched_switch: prev_comm=grep prev_pid=2988 prev_prio=120 prev_state=D|W ==> next_comm=swapper/0 next_pid=0 next_prio=120
          <idle>-0     [000] ...2   175.803155: sched_switch: prev_comm=swapper/0 prev_pid=0 prev_prio=120 prev_state=R ==> next_comm=mmcqd/1 next_pid=117 next_prio=120
         mmcqd/1-117   [000] ...1   175.803182: block_rq_complete: 179,0 RA () 1225440 + 16 [0]
         mmcqd/1-117   [000] ...2   175.803194: sched_switch: prev_comm=mmcqd/1 prev_pid=117 prev_prio=120 prev_state=S ==> next_comm=swapper/0 next_pid=0 next_prio=120
          <idle>-0     [000] ...2   175.803469: sched_switch: prev_comm=swapper/0 prev_pid=0 prev_prio=120 prev_state=R ==> next_comm=mmcqd/1 next_pid=117 next_prio=120
         mmcqd/1-117   [000] ...1   175.803480: block_rq_complete: 179,0 RA () 1225512 + 16 [0]
         mmcqd/1-117   [000] ...2   175.803496: sched_switch: prev_comm=mmcqd/1 prev_pid=117 prev_prio=120 prev_state=R+ ==> next_comm=kworker/0:1H next_pid=17 next_prio=100
    kworker/0:1H-17    [000] ...2   175.803503: sched_switch: prev_comm=kworker/0:1H prev_pid=17 prev_prio=100 prev_state=S ==> next_comm=mmcqd/1 next_pid=117 next_prio=120
         mmcqd/1-117   [000] ...2   175.803512: sched_switch: prev_comm=mmcqd/1 prev_pid=117 prev_prio=120 prev_state=S ==> next_comm=grep next_pid=2988 next_prio=120
           <...>-2988  [000] d..2   175.803622: block_rq_insert: 179,0 R 0 () 1260424 + 8 [grep]
           <...>-2988  [000] ...2   175.803631: sched_switch: prev_comm=grep prev_pid=2988 prev_prio=120 prev_state=R+ ==> next_comm=mmcqd/1 next_pid=117 next_prio=120
         mmcqd/1-117   [000] ...2   175.803666: sched_switch: prev_comm=mmcqd/1 prev_pid=117 prev_prio=120 prev_state=S ==> next_comm=grep next_pid=2988 next_prio=120
           <...>-2988  [000] ...2   175.803671: sched_switch: prev_comm=grep prev_pid=2988 prev_prio=120 prev_state=D|W ==> next_comm=swapper/0 next_pid=0 next_prio=120
          <idle>-0     [000] ...2   175.803897: sched_switch: prev_comm=swapper/0 prev_pid=0 prev_prio=120 prev_state=R ==> next_comm=mmcqd/1 next_pid=117 next_prio=120
         mmcqd/1-117   [000] ...1   175.803906: block_rq_complete: 179,0 RA () 1260424 + 8 [0]
         mmcqd/1-117   [000] ...2   175.803921: sched_switch: prev_comm=mmcqd/1 prev_pid=117 prev_prio=120 prev_state=R+ ==> next_comm=kworker/0:1H next_pid=17 next_prio=100
    kworker/0:1H-17    [000] ...2   175.803927: sched_switch: prev_comm=kworker/0:1H prev_pid=17 prev_prio=100 prev_state=S ==> next_comm=mmcqd/1 next_pid=117 next_prio=120
         mmcqd/1-117   [000] ...2   175.803935: sched_switch: prev_comm=mmcqd/1 prev_pid=117 prev_prio=120 prev_state=S ==> next_comm=grep next_pid=2988 next_prio=120
           <...>-2988  [000] d..2   175.804901: block_rq_insert: 179,0 R 0 () 1196112 + 24 [grep]
           <...>-2988  [000] d..2   175.804905: block_rq_insert: 179,0 R 0 () 1196144 + 16 [grep]
           <...>-2988  [000] d..2   175.804906: block_rq_insert: 179,0 R 0 () 1196168 + 40 [grep]
           <...>-2988  [000] d..2   175.804908: block_rq_insert: 179,0 R 0 () 1196216 + 8 [grep]
           <...>-2988  [000] d..2   175.804910: block_rq_insert: 179,0 R 0 () 1196240 + 32 [grep]
           <...>-2988  [000] ...2   175.804920: sched_switch: prev_comm=grep prev_pid=2988 prev_prio=120 prev_state=R+ ==> next_comm=mmcqd/1 next_pid=117 next_prio=120
         mmcqd/1-117   [000] ...2   175.804971: sched_switch: prev_comm=mmcqd/1 prev_pid=117 prev_prio=120 prev_state=S ==> next_comm=grep next_pid=2988 next_prio=120
           <...>-2988  [000] ...2   175.804977: sched_switch: prev_comm=grep prev_pid=2988 prev_prio=120 prev_state=D|W ==> next_comm=swapper/0 next_pid=0 next_prio=120
          <idle>-0     [000] ...2   175.805327: sched_switch: prev_comm=swapper/0 prev_pid=0 prev_prio=120 prev_state=R ==> next_comm=mmcqd/1 next_pid=117 next_prio=120
         mmcqd/1-117   [000] ...1   175.805357: block_rq_complete: 179,0 RA () 1196112 + 24 [0]
         mmcqd/1-117   [000] ...2   175.805384: sched_switch: prev_comm=mmcqd/1 prev_pid=117 prev_prio=120 prev_state=S ==> next_comm=swapper/0 next_pid=0 next_prio=120
          <idle>-0     [000] ...2   175.805650: sched_switch: prev_comm=swapper/0 prev_pid=0 prev_prio=120 prev_state=R ==> next_comm=mmcqd/1 next_pid=117 next_prio=120
         mmcqd/1-117   [000] ...1   175.805677: block_rq_complete: 179,0 RA () 1196144 + 16 [0]
         mmcqd/1-117   [000] ...2   175.805696: sched_switch: prev_comm=mmcqd/1 prev_pid=117 prev_prio=120 prev_state=S ==> next_comm=swapper/0 next_pid=0 next_prio=120
          <idle>-0     [000] ...2   175.806098: sched_switch: prev_comm=swapper/0 prev_pid=0 prev_prio=120 prev_state=R ==> next_comm=mmcqd/1 next_pid=117 next_prio=120
         mmcqd/1-117   [000] ...1   175.806130: block_rq_complete: 179,0 RA () 1196168 + 40 [0]
         mmcqd/1-117   [000] ...2   175.806156: sched_switch: prev_comm=mmcqd/1 prev_pid=117 prev_prio=120 prev_state=S ==> next_comm=swapper/0 next_pid=0 next_prio=120
          <idle>-0     [000] ...2   175.806364: sched_switch: prev_comm=swapper/0 prev_pid=0 prev_prio=120 prev_state=R ==> next_comm=mmcqd/1 next_pid=117 next_prio=120
         mmcqd/1-117   [000] ...1   175.806389: block_rq_complete: 179,0 RA () 1196216 + 8 [0]
         mmcqd/1-117   [000] ...2   175.806401: sched_switch: prev_comm=mmcqd/1 prev_pid=117 prev_prio=120 prev_state=S ==> next_comm=swapper/0 next_pid=0 next_prio=120
          <idle>-0     [000] ...2   175.806790: sched_switch: prev_comm=swapper/0 prev_pid=0 prev_prio=120 prev_state=R ==> next_comm=mmcqd/1 next_pid=117 next_prio=120
         mmcqd/1-117   [000] ...1   175.806805: block_rq_complete: 179,0 RA () 1196240 + 32 [0]
         mmcqd/1-117   [000] ...2   175.806823: sched_switch: prev_comm=mmcqd/1 prev_pid=117 prev_prio=120 prev_state=R+ ==> next_comm=kworker/0:1H next_pid=17 next_prio=100
    kworker/0:1H-17    [000] ...2   175.806832: sched_switch: prev_comm=kworker/0:1H prev_pid=17 prev_prio=100 prev_state=S ==> next_comm=mmcqd/1 next_pid=117 next_prio=120
         mmcqd/1-117   [000] ...2   175.806842: sched_switch: prev_comm=mmcqd/1 prev_pid=117 prev_prio=120 prev_state=S ==> next_comm=grep next_pid=2988 next_prio=120
           <...>-2988  [000] ...2   175.808473: sched_switch: prev_comm=grep prev_pid=2988 prev_prio=120 prev_state=R ==> next_comm=kworker/0:1 next_pid=15 next_prio=120
           <...>-2989  [001] ...2   175.808473: sched_switch: prev_comm=app_process prev_pid=2989 prev_prio=120 prev_state=R+ ==> next_comm=kworker/u:0 next_pid=6 next_prio=120
           <...>-6     [001] ...2   175.808519: sched_switch: prev_comm=kworker/u:0 prev_pid=6 prev_prio=120 prev_state=S ==> next_comm=app_process next_pid=2989 next_prio=120
     kworker/0:1-15    [000] ...2   175.808530: sched_switch: prev_comm=kworker/0:1 prev_pid=15 prev_prio=120 prev_state=S ==> next_comm=mpdecision next_pid=1613 next_prio=113
           <...>-2989  [001] d..2   175.808610: block_rq_insert: 179,0 R 0 () 1172184 + 112 [app_process]
           <...>-2989  [001] ...2   175.808634: sched_switch: prev_comm=app_process prev_pid=2989 prev_prio=120 prev_state=R+ ==> next_comm=mmcqd/1 next_pid=117 next_prio=120
         mmcqd/1-117   [001] ...2   175.808741: sched_switch: prev_comm=mmcqd/1 prev_pid=117 prev_prio=120 prev_state=S ==> next_comm=app_process next_pid=2989 next_prio=120
           <...>-2989  [001] ...2   175.808760: sched_switch: prev_comm=app_process prev_pid=2989 prev_prio=120 prev_state=D|W ==> next_comm=swapper/1 next_pid=0 next_prio=120
      mpdecision-1613  [000] ...2   175.808769: sched_switch: prev_comm=mpdecision prev_pid=1613 prev_prio=113 prev_state=S ==> next_comm=grep next_pid=2988 next_prio=120
          <idle>-0     [001] ...2   175.808792: sched_switch: prev_comm=swapper/1 prev_pid=0 prev_prio=120 prev_state=R ==> next_comm=ksoftirqd/1 next_pid=2978 next_prio=120
           <...>-2978  [001] ...2   175.808809: sched_switch: prev_comm=ksoftirqd/1 prev_pid=2978 prev_prio=120 prev_state=S ==> next_comm=swapper/1 next_pid=0 next_prio=120
          <idle>-0     [001] ...2   175.808831: sched_switch: prev_comm=swapper/1 prev_pid=0 prev_prio=120 prev_state=R ==> next_comm=ksoftirqd/1 next_pid=2978 next_prio=120
           <...>-2978  [001] ...2   175.808845: sched_switch: prev_comm=ksoftirqd/1 prev_pid=2978 prev_prio=120 prev_state=S ==> next_comm=swapper/1 next_pid=0 next_prio=120
          <idle>-0     [001] ...2   175.808867: sched_switch: prev_comm=swapper/1 prev_pid=0 prev_prio=120 prev_state=R ==> next_comm=ksoftirqd/1 next_pid=2978 next_prio=120
           <...>-2978  [001] ...2   175.808879: sched_switch: prev_comm=ksoftirqd/1 prev_pid=2978 prev_prio=120 prev_state=S ==> next_comm=swapper/1 next_pid=0 next_prio=120
          <idle>-0     [001] ...2   175.809586: sched_switch: prev_comm=swapper/1 prev_pid=0 prev_prio=120 prev_state=R ==> next_comm=mmcqd/1 next_pid=117 next_prio=120
         mmcqd/1-117   [001] ...1   175.809642: block_rq_complete: 179,0 RA () 1172184 + 112 [0]
         mmcqd/1-117   [001] ...2   175.809683: sched_switch: prev_comm=mmcqd/1 prev_pid=117 prev_prio=120 prev_state=R+ ==> next_comm=kworker/1:0H next_pid=2977 next_prio=100
           <...>-2977  [001] ...2   175.809695: sched_switch: prev_comm=kworker/1:0H prev_pid=2977 prev_prio=100 prev_state=S ==> next_comm=mmcqd/1 next_pid=117 next_prio=120
         mmcqd/1-117   [001] ...2   175.809713: sched_switch: prev_comm=mmcqd/1 prev_pid=117 prev_prio=120 prev_state=S ==> next_comm=app_process next_pid=2989 next_prio=120
           <...>-2989  [001] d..2   175.809927: block_rq_insert: 179,0 R 0 () 1187608 + 64 [app_process]
           <...>-2989  [001] ...2   175.809945: sched_switch: prev_comm=app_process prev_pid=2989 prev_prio=120 prev_state=R+ ==> next_comm=mmcqd/1 next_pid=117 next_prio=120
         mmcqd/1-117   [001] ...2   175.810021: sched_switch: prev_comm=mmcqd/1 prev_pid=117 prev_prio=120 prev_state=S ==> next_comm=app_process next_pid=2989 next_prio=120
           <...>-2989  [001] ...2   175.810034: sched_switch: prev_comm=app_process prev_pid=2989 prev_prio=120 prev_state=D|W ==> next_comm=swapper/1 next_pid=0 next_prio=120
           <...>-2988  [000] d..2   175.810318: block_rq_insert: 179,0 R 0 () 1189296 + 16 [grep]
           <...>-2988  [000] d..2   175.810329: block_rq_insert: 179,0 R 0 () 1189368 + 24 [grep]
           <...>-2988  [000] d..2   175.810331: block_rq_insert: 179,0 R 0 () 1189464 + 8 [grep]
          <idle>-0     [001] ...2   175.810338: sched_switch: prev_comm=swapper/1 prev_pid=0 prev_prio=120 prev_state=R ==> next_comm=mmcqd/1 next_pid=117 next_prio=120
           <...>-2988  [000] ...2   175.810339: sched_switch: prev_comm=grep prev_pid=2988 prev_prio=120 prev_state=D|W ==> next_comm=swapper/0 next_pid=0 next_prio=120
          <idle>-0     [000] ...2   175.810358: sched_switch: prev_comm=swapper/0 prev_pid=0 prev_prio=120 prev_state=R ==> next_comm=ksoftirqd/0 next_pid=3 next_prio=120
         mmcqd/1-117   [001] ...2   175.810370: sched_switch: prev_comm=mmcqd/1 prev_pid=117 prev_prio=120 prev_state=S ==> next_comm=swapper/1 next_pid=0 next_prio=120
           <...>-3     [000] ...2   175.810371: sched_switch: prev_comm=ksoftirqd/0 prev_pid=3 prev_prio=120 prev_state=S ==> next_comm=swapper/0 next_pid=0 next_prio=120
          <idle>-0     [000] ...2   175.810387: sched_switch: prev_comm=swapper/0 prev_pid=0 prev_prio=120 prev_state=R ==> next_comm=ksoftirqd/0 next_pid=3 next_prio=120
           <...>-3     [000] ...2   175.810393: sched_switch: prev_comm=ksoftirqd/0 prev_pid=3 prev_prio=120 prev_state=S ==> next_comm=swapper/0 next_pid=0 next_prio=120
          <idle>-0     [000] ...2   175.810409: sched_switch: prev_comm=swapper/0 prev_pid=0 prev_prio=120 prev_state=R ==> next_comm=ksoftirqd/0 next_pid=3 next_prio=120
           <...>-3     [000] ...2   175.810424: sched_switch: prev_comm=ksoftirqd/0 prev_pid=3 prev_prio=120 prev_state=S ==> next_comm=swapper/0 next_pid=0 next_prio=120
          <idle>-0     [000] ...2   175.810557: sched_switch: prev_comm=swapper/0 prev_pid=0 prev_prio=120 prev_state=R ==> next_comm=mmcqd/1 next_pid=117 next_prio=120
         mmcqd/1-117   [000] ...1   175.810597: block_rq_complete: 179,0 RA () 1187608 + 64 [0]
          <idle>-0     [001] ...2   175.810613: sched_switch: prev_comm=swapper/1 prev_pid=0 prev_prio=120 prev_state=R ==> next_comm=app_process next_pid=2989 next_prio=120
         mmcqd/1-117   [000] ...2   175.810626: sched_switch: prev_comm=mmcqd/1 prev_pid=117 prev_prio=120 prev_state=S ==> next_comm=swapper/0 next_pid=0 next_prio=120
          <idle>-0     [000] ...2   175.810851: sched_switch: prev_comm=swapper/0 prev_pid=0 prev_prio=120 prev_state=R ==> next_comm=mmcqd/1 next_pid=117 next_prio=120
         mmcqd/1-117   [000] ...1   175.810877: block_rq_complete: 179,0 RA () 1189296 + 16 [0]
         mmcqd/1-117   [000] ...2   175.810896: sched_switch: prev_comm=mmcqd/1 prev_pid=117 prev_prio=120 prev_state=S ==> next_comm=swapper/0 next_pid=0 next_prio=120
          <idle>-0     [000] ...2   175.811356: sched_switch: prev_comm=swapper/0 prev_pid=0 prev_prio=120 prev_state=R ==> next_comm=mmcqd/1 next_pid=117 next_prio=120
         mmcqd/1-117   [000] ...1   175.811383: block_rq_complete: 179,0 RA () 1189368 + 24 [0]
         mmcqd/1-117   [000] ...2   175.811399: sched_switch: prev_comm=mmcqd/1 prev_pid=117 prev_prio=120 prev_state=S ==> next_comm=grep next_pid=2988 next_prio=120
           <...>-2989  [001] d..2   175.811556: block_rq_insert: 179,0 R 0 () 1261264 + 16 [app_process]
           <...>-2988  [000] ...2   175.811580: sched_switch: prev_comm=grep prev_pid=2988 prev_prio=120 prev_state=R+ ==> next_comm=mmcqd/1 next_pid=117 next_prio=120
           <...>-2989  [001] ...2   175.811588: sched_switch: prev_comm=app_process prev_pid=2989 prev_prio=120 prev_state=D|W ==> next_comm=swapper/1 next_pid=0 next_prio=120
         mmcqd/1-117   [000] ...2   175.811597: sched_switch: prev_comm=mmcqd/1 prev_pid=117 prev_prio=120 prev_state=S ==> next_comm=grep next_pid=2988 next_prio=120
           <...>-2988  [000] ...2   175.811636: sched_switch: prev_comm=grep prev_pid=2988 prev_prio=120 prev_state=R+ ==> next_comm=mmcqd/1 next_pid=117 next_prio=120
         mmcqd/1-117   [000] ...1   175.811662: block_rq_complete: 179,0 RA () 1189464 + 8 [0]
         mmcqd/1-117   [000] ...2   175.811675: sched_switch: prev_comm=mmcqd/1 prev_pid=117 prev_prio=120 prev_state=S ==> next_comm=grep next_pid=2988 next_prio=120
           <...>-2988  [000] ...2   175.811869: sched_switch: prev_comm=grep prev_pid=2988 prev_prio=120 prev_state=R+ ==> next_comm=kworker/0:1 next_pid=15 next_prio=120
          <idle>-0     [001] ...2   175.811871: sched_switch: prev_comm=swapper/1 prev_pid=0 prev_prio=120 prev_state=R ==> next_comm=sh next_pid=2985 next_prio=120
     kworker/0:1-15    [000] ...2   175.811877: sched_switch: prev_comm=kworker/0:1 prev_pid=15 prev_prio=120 prev_state=S ==> next_comm=grep next_pid=2988 next_prio=120
           <...>-2988  [000] ...3   175.811882: sched_switch: prev_comm=grep prev_pid=2988 prev_prio=120 prev_state=x ==> next_comm=swapper/0 next_pid=0 next_prio=120
          <idle>-0     [000] ...2   175.811896: sched_switch: prev_comm=swapper/0 prev_pid=0 prev_prio=120 prev_state=R ==> next_comm=ksoftirqd/0 next_pid=3 next_prio=120
           <...>-3     [000] ...2   175.811903: sched_switch: prev_comm=ksoftirqd/0 prev_pid=3 prev_prio=120 prev_state=S ==> next_comm=swapper/0 next_pid=0 next_prio=120
          <idle>-0     [000] ...2   175.811917: sched_switch: prev_comm=swapper/0 prev_pid=0 prev_prio=120 prev_state=R ==> next_comm=ksoftirqd/0 next_pid=3 next_prio=120
           <...>-3     [000] ...2   175.811924: sched_switch: prev_comm=ksoftirqd/0 prev_pid=3 prev_prio=120 prev_state=S ==> next_comm=swapper/0 next_pid=0 next_prio=120
          <idle>-0     [000] ...2   175.811957: sched_switch: prev_comm=swapper/0 prev_pid=0 prev_prio=120 prev_state=R ==> next_comm=mmcqd/1 next_pid=117 next_prio=120
         mmcqd/1-117   [000] ...1   175.811967: block_rq_complete: 179,0 RA () 1261264 + 16 [0]
         mmcqd/1-117   [000] ...2   175.811985: sched_switch: prev_comm=mmcqd/1 prev_pid=117 prev_prio=120 prev_state=R+ ==> next_comm=kworker/0:1H next_pid=17 next_prio=100
    kworker/0:1H-17    [000] ...2   175.811992: sched_switch: prev_comm=kworker/0:1H prev_pid=17 prev_prio=100 prev_state=S ==> next_comm=ksoftirqd/0 next_pid=3 next_prio=120
           <...>-3     [000] ...2   175.811997: sched_switch: prev_comm=ksoftirqd/0 prev_pid=3 prev_prio=120 prev_state=S ==> next_comm=mmcqd/1 next_pid=117 next_prio=120
         mmcqd/1-117   [000] ...2   175.812006: sched_switch: prev_comm=mmcqd/1 prev_pid=117 prev_prio=120 prev_state=S ==> next_comm=swapper/0 next_pid=0 next_prio=120
          <idle>-0     [000] ...2   175.812234: sched_switch: prev_comm=swapper/0 prev_pid=0 prev_prio=120 prev_state=R ==> next_comm=adbd next_pid=790 next_prio=120
            adbd-790   [000] ...2   175.812480: sched_switch: prev_comm=adbd prev_pid=790 prev_prio=120 prev_state=S ==> next_comm=adbd next_pid=792 next_prio=120
            adbd-792   [000] ...2   175.812540: sched_switch: prev_comm=adbd prev_pid=792 prev_prio=120 prev_state=S ==> next_comm=kworker/0:1 next_pid=15 next_prio=120
     kworker/0:1-15    [000] ...2   175.812550: sched_switch: prev_comm=kworker/0:1 prev_pid=15 prev_prio=120 prev_state=S ==> next_comm=swapper/0 next_pid=0 next_prio=120
           <...>-2985  [001] ...3   175.812598: sched_switch: prev_comm=sh prev_pid=2985 prev_prio=120 prev_state=x ==> next_comm=adbd next_pid=2986 next_prio=120
          <idle>-0     [000] ...2   175.812669: sched_switch: prev_comm=swapper/0 prev_pid=0 prev_prio=120 prev_state=R ==> next_comm=adbd next_pid=790 next_prio=120
            adbd-790   [000] ...2   175.812725: sched_switch: prev_comm=adbd prev_pid=790 prev_prio=120 prev_state=D ==> next_comm=swapper/0 next_pid=0 next_prio=120
          <idle>-0     [000] ...2   175.812739: sched_switch: prev_comm=swapper/0 prev_pid=0 prev_prio=120 prev_state=R ==> next_comm=adbd next_pid=790 next_prio=120
           <...>-2986  [001] ...3   175.812764: sched_switch: prev_comm=adbd prev_pid=2986 prev_prio=120 prev_state=x ==> next_comm=kworker/1:1 next_pid=2984 next_prio=120
           <...>-2984  [001] ...2   175.812779: sched_switch: prev_comm=kworker/1:1 prev_pid=2984 prev_prio=120 prev_state=S ==> next_comm=app_process next_pid=2989 next_prio=120
            adbd-790   [000] ...2   175.812821: sched_switch: prev_comm=adbd prev_pid=790 prev_prio=120 prev_state=S ==> next_comm=adbd next_pid=793 next_prio=120
            adbd-793   [000] ...2   175.812853: sched_switch: prev_comm=adbd prev_pid=793 prev_prio=120 prev_state=S ==> next_comm=adbd next_pid=790 next_prio=120
            adbd-790   [000] ...2   175.812962: sched_switch: prev_comm=adbd prev_pid=790 prev_prio=120 prev_state=S ==> next_comm=adbd next_pid=792 next_prio=120
            adbd-792   [000] ...2   175.812967: sched_switch: prev_comm=adbd prev_pid=792 prev_prio=120 prev_state=S ==> next_comm=swapper/0 next_pid=0 next_prio=120
           <...>-2989  [001] d..2   175.813026: block_rq_insert: 179,0 R 0 () 875136 + 48 [app_process]
           <...>-2989  [001] d..2   175.813031: block_rq_insert: 179,0 R 0 () 875192 + 80 [app_process]
          <idle>-0     [000] ...2   175.813048: sched_switch: prev_comm=swapper/0 prev_pid=0 prev_prio=120 prev_state=R ==> next_comm=mmcqd/1 next_pid=117 next_prio=120
           <...>-2989  [001] ...2   175.813051: sched_switch: prev_comm=app_process prev_pid=2989 prev_prio=120 prev_state=D|W ==> next_comm=swapper/1 next_pid=0 next_prio=120
         mmcqd/1-117   [000] ...2   175.813126: sched_switch: prev_comm=mmcqd/1 prev_pid=117 prev_prio=120 prev_state=S ==> next_comm=swapper/0 next_pid=0 next_prio=120
          <idle>-0     [000] ...2   175.813529: sched_switch: prev_comm=swapper/0 prev_pid=0 prev_prio=120 prev_state=R ==> next_comm=mmcqd/1 next_pid=117 next_prio=120
         mmcqd/1-117   [000] ...1   175.813564: block_rq_complete: 179,0 RA () 875136 + 48 [0]
         mmcqd/1-117   [000] ...2   175.813579: sched_switch: prev_comm=mmcqd/1 prev_pid=117 prev_prio=120 prev_state=S ==> next_comm=swapper/0 next_pid=0 next_prio=120
          <idle>-0     [000] ...2   175.814250: sched_switch: prev_comm=swapper/0 prev_pid=0 prev_prio=120 prev_state=R ==> next_comm=mmcqd/1 next_pid=117 next_prio=120
         mmcqd/1-117   [000] ...1   175.814276: block_rq_complete: 179,0 RA () 875192 + 80 [0]
          <idle>-0     [001] ...2   175.814293: sched_switch: prev_comm=swapper/1 prev_pid=0 prev_prio=120 prev_state=R ==> next_comm=app_process next_pid=2989 next_prio=120
         mmcqd/1-117   [000] ...2   175.814296: sched_switch: prev_comm=mmcqd/1 prev_pid=117 prev_prio=120 prev_state=R+ ==> next_comm=kworker/0:1H next_pid=17 next_prio=100
    kworker/0:1H-17    [000] ...2   175.814303: sched_switch: prev_comm=kworker/0:1H prev_pid=17 prev_prio=100 prev_state=S ==> next_comm=mmcqd/1 next_pid=117 next_prio=120
         mmcqd/1-117   [000] ...2   175.814312: sched_switch: prev_comm=mmcqd/1 prev_pid=117 prev_prio=120 prev_state=S ==> next_comm=swapper/0 next_pid=0 next_prio=120
           <...>-2989  [001] d..2   175.814516: block_rq_insert: 179,0 R 0 () 875280 + 16 [app_process]
          <idle>-0     [000] ...2   175.814534: sched_switch: prev_comm=swapper/0 prev_pid=0 prev_prio=120 prev_state=R ==> next_comm=mmcqd/1 next_pid=117 next_prio=120
           <...>-2989  [001] ...2   175.814540: sched_switch: prev_comm=app_process prev_pid=2989 prev_prio=120 prev_state=D|W ==> next_comm=swapper/1 next_pid=0 next_prio=120
         mmcqd/1-117   [000] ...2   175.814570: sched_switch: prev_comm=mmcqd/1 prev_pid=117 prev_prio=120 prev_state=S ==> next_comm=swapper/0 next_pid=0 next_prio=120
          <idle>-0     [000] ...2   175.814856: sched_switch: prev_comm=swapper/0 prev_pid=0 prev_prio=120 prev_state=R ==> next_comm=mmcqd/1 next_pid=117 next_prio=120
         mmcqd/1-117   [000] ...1   175.814868: block_rq_complete: 179,0 RA () 875280 + 16 [0]
          <idle>-0     [001] ...2   175.814883: sched_switch: prev_comm=swapper/1 prev_pid=0 prev_prio=120 prev_state=R ==> next_comm=app_process next_pid=2989 next_prio=120
         mmcqd/1-117   [000] ...2   175.814884: sched_switch: prev_comm=mmcqd/1 prev_pid=117 prev_prio=120 prev_state=R+ ==> next_comm=kworker/0:1H next_pid=17 next_prio=100
    kworker/0:1H-17    [000] ...2   175.814890: sched_switch: prev_comm=kworker/0:1H prev_pid=17 prev_prio=100 prev_state=S ==> next_comm=mmcqd/1 next_pid=117 next_prio=120
         mmcqd/1-117   [000] ...2   175.814899: sched_switch: prev_comm=mmcqd/1 prev_pid=117 prev_prio=120 prev_state=S ==> next_comm=swapper/0 next_pid=0 next_prio=120
           <...>-2989  [001] d..2   175.815055: block_rq_insert: 179,0 R 0 () 876648 + 8 [app_process]
          <idle>-0     [000] ...2   175.815072: sched_switch: prev_comm=swapper/0 prev_pid=0 prev_prio=120 prev_state=R ==> next_comm=mmcqd/1 next_pid=117 next_prio=120
           <...>-2989  [001] ...2   175.815077: sched_switch: prev_comm=app_process prev_pid=2989 prev_prio=120 prev_state=D|W ==> next_comm=swapper/1 next_pid=0 next_prio=120
         mmcqd/1-117   [000] ...2   175.815106: sched_switch: prev_comm=mmcqd/1 prev_pid=117 prev_prio=120 prev_state=S ==> next_comm=swapper/0 next_pid=0 next_prio=120
          <idle>-0     [000] ...2   175.815353: sched_switch: prev_comm=swapper/0 prev_pid=0 prev_prio=120 prev_state=R ==> next_comm=mmcqd/1 next_pid=117 next_prio=120
         mmcqd/1-117   [000] ...1   175.815363: block_rq_complete: 179,0 RA () 876648 + 8 [0]
          <idle>-0     [001] ...2   175.815378: sched_switch: prev_comm=swapper/1 prev_pid=0 prev_prio=120 prev_state=R ==> next_comm=app_process next_pid=2989 next_prio=120
         mmcqd/1-117   [000] ...2   175.815378: sched_switch: prev_comm=mmcqd/1 prev_pid=117 prev_prio=120 prev_state=R+ ==> next_comm=kworker/0:1H next_pid=17 next_prio=100
    kworker/0:1H-17    [000] ...2   175.815385: sched_switch: prev_comm=kworker/0:1H prev_pid=17 prev_prio=100 prev_state=S ==> next_comm=mmcqd/1 next_pid=117 next_prio=120
         mmcqd/1-117   [000] ...2   175.815393: sched_switch: prev_comm=mmcqd/1 prev_pid=117 prev_prio=120 prev_state=S ==> next_comm=swapper/0 next_pid=0 next_prio=120
           <...>-2989  [001] d..2   175.815558: block_rq_insert: 179,0 R 0 () 876728 + 8 [app_process]
          <idle>-0     [000] ...2   175.815575: sched_switch: prev_comm=swapper/0 prev_pid=0 prev_prio=120 prev_state=R ==> next_comm=mmcqd/1 next_pid=117 next_prio=120
           <...>-2989  [001] ...2   175.815580: sched_switch: prev_comm=app_process prev_pid=2989 prev_prio=120 prev_state=D|W ==> next_comm=swapper/1 next_pid=0 next_prio=120
         mmcqd/1-117   [000] ...2   175.815608: sched_switch: prev_comm=mmcqd/1 prev_pid=117 prev_prio=120 prev_state=S ==> next_comm=swapper/0 next_pid=0 next_prio=120
          <idle>-0     [000] ...2   175.815845: sched_switch: prev_comm=swapper/0 prev_pid=0 prev_prio=120 prev_state=R ==> next_comm=mmcqd/1 next_pid=117 next_prio=120
         mmcqd/1-117   [000] ...1   175.815855: block_rq_complete: 179,0 RA () 876728 + 8 [0]
          <idle>-0     [001] ...2   175.815870: sched_switch: prev_comm=swapper/1 prev_pid=0 prev_prio=120 prev_state=R ==> next_comm=app_process next_pid=2989 next_prio=120
         mmcqd/1-117   [000] ...2   175.815870: sched_switch: prev_comm=mmcqd/1 prev_pid=117 prev_prio=120 prev_state=R+ ==> next_comm=kworker/0:1H next_pid=17 next_prio=100
    kworker/0:1H-17    [000] ...2   175.815876: sched_switch: prev_comm=kworker/0:1H prev_pid=17 prev_prio=100 prev_state=S ==> next_comm=mmcqd/1 next_pid=117 next_prio=120
         mmcqd/1-117   [000] ...2   175.815885: sched_switch: prev_comm=mmcqd/1 prev_pid=117 prev_prio=120 prev_state=S ==> next_comm=swapper/0 next_pid=0 next_prio=120
           <...>-2989  [001] d..2   175.816078: block_rq_insert: 179,0 R 0 () 1172824 + 16 [app_process]
          <idle>-0     [000] ...2   175.816096: sched_switch: prev_comm=swapper/0 prev_pid=0 prev_prio=120 prev_state=R ==> next_comm=mmcqd/1 next_pid=117 next_prio=120
           <...>-2989  [001] ...2   175.816101: sched_switch: prev_comm=app_process prev_pid=2989 prev_prio=120 prev_state=D|W ==> next_comm=swapper/1 next_pid=0 next_prio=120
         mmcqd/1-117   [000] ...2   175.816131: sched_switch: prev_comm=mmcqd/1 prev_pid=117 prev_prio=120 prev_state=S ==> next_comm=swapper/0 next_pid=0 next_prio=120
          <idle>-0     [000] ...2   175.816463: sched_switch: prev_comm=swapper/0 prev_pid=0 prev_prio=120 prev_state=R ==> next_comm=mmcqd/1 next_pid=117 next_prio=120
         mmcqd/1-117   [000] ...1   175.816474: block_rq_complete: 179,0 RA () 1172824 + 16 [0]
          <idle>-0     [001] ...2   175.816490: sched_switch: prev_comm=swapper/1 prev_pid=0 prev_prio=120 prev_state=R ==> next_comm=app_process next_pid=2989 next_prio=120
         mmcqd/1-117   [000] ...2   175.816491: sched_switch: prev_comm=mmcqd/1 prev_pid=117 prev_prio=120 prev_state=R+ ==> next_comm=kworker/0:1H next_pid=17 next_prio=100
    kworker/0:1H-17    [000] ...2   175.816497: sched_switch: prev_comm=kworker/0:1H prev_pid=17 prev_prio=100 prev_state=S ==> next_comm=mmcqd/1 next_pid=117 next_prio=120
         mmcqd/1-117   [000] ...2   175.816506: sched_switch: prev_comm=mmcqd/1 prev_pid=117 prev_prio=120 prev_state=S ==> next_comm=swapper/0 next_pid=0 next_prio=120
           <...>-2989  [001] d..2   175.816675: block_rq_insert: 179,0 R 0 () 1186368 + 24 [app_process]
          <idle>-0     [000] ...2   175.816693: sched_switch: prev_comm=swapper/0 prev_pid=0 prev_prio=120 prev_state=R ==> next_comm=mmcqd/1 next_pid=117 next_prio=120
           <...>-2989  [001] ...2   175.816698: sched_switch: prev_comm=app_process prev_pid=2989 prev_prio=120 prev_state=D|W ==> next_comm=swapper/1 next_pid=0 next_prio=120
         mmcqd/1-117   [000] ...2   175.816731: sched_switch: prev_comm=mmcqd/1 prev_pid=117 prev_prio=120 prev_state=S ==> next_comm=swapper/0 next_pid=0 next_prio=120
          <idle>-0     [000] ...2   175.817045: sched_switch: prev_comm=swapper/0 prev_pid=0 prev_prio=120 prev_state=R ==> next_comm=mmcqd/1 next_pid=117 next_prio=120
         mmcqd/1-117   [000] ...1   175.817058: block_rq_complete: 179,0 RA () 1186368 + 24 [0]
          <idle>-0     [001] ...2   175.817074: sched_switch: prev_comm=swapper/1 prev_pid=0 prev_prio=120 prev_state=R ==> next_comm=app_process next_pid=2989 next_prio=120
         mmcqd/1-117   [000] ...2   175.817075: sched_switch: prev_comm=mmcqd/1 prev_pid=117 prev_prio=120 prev_state=R+ ==> next_comm=kworker/0:1H next_pid=17 next_prio=100
    kworker/0:1H-17    [000] ...2   175.817081: sched_switch: prev_comm=kworker/0:1H prev_pid=17 prev_prio=100 prev_state=S ==> next_comm=mmcqd/1 next_pid=117 next_prio=120
         mmcqd/1-117   [000] ...2   175.817090: sched_switch: prev_comm=mmcqd/1 prev_pid=117 prev_prio=120 prev_state=S ==> next_comm=swapper/0 next_pid=0 next_prio=120
           <...>-2989  [001] d..2   175.817280: block_rq_insert: 179,0 R 0 () 1190912 + 16 [app_process]
           <...>-2989  [001] d..2   175.817285: block_rq_insert: 179,0 R 0 () 1190960 + 88 [app_process]
          <idle>-0     [000] ...2   175.817301: sched_switch: prev_comm=swapper/0 prev_pid=0 prev_prio=120 prev_state=R ==> next_comm=mmcqd/1 next_pid=117 next_prio=120
           <...>-2989  [001] ...2   175.817306: sched_switch: prev_comm=app_process prev_pid=2989 prev_prio=120 prev_state=D|W ==> next_comm=swapper/1 next_pid=0 next_prio=120
         mmcqd/1-117   [000] ...2   175.817365: sched_switch: prev_comm=mmcqd/1 prev_pid=117 prev_prio=120 prev_state=S ==> next_comm=swapper/0 next_pid=0 next_prio=120
          <idle>-0     [000] ...2   175.817601: sched_switch: prev_comm=swapper/0 prev_pid=0 prev_prio=120 prev_state=R ==> next_comm=mmcqd/1 next_pid=117 next_prio=120
         mmcqd/1-117   [000] ...1   175.817629: block_rq_complete: 179,0 RA () 1190912 + 16 [0]
         mmcqd/1-117   [000] ...2   175.817641: sched_switch: prev_comm=mmcqd/1 prev_pid=117 prev_prio=120 prev_state=S ==> next_comm=swapper/0 next_pid=0 next_prio=120
          <idle>-0     [000] ...2   175.818281: sched_switch: prev_comm=swapper/0 prev_pid=0 prev_prio=120 prev_state=R ==> next_comm=mmcqd/1 next_pid=117 next_prio=120
         mmcqd/1-117   [000] ...1   175.818307: block_rq_complete: 179,0 RA () 1190960 + 88 [0]
          <idle>-0     [001] ...2   175.818322: sched_switch: prev_comm=swapper/1 prev_pid=0 prev_prio=120 prev_state=R ==> next_comm=app_process next_pid=2989 next_prio=120
         mmcqd/1-117   [000] ...2   175.818326: sched_switch: prev_comm=mmcqd/1 prev_pid=117 prev_prio=120 prev_state=R+ ==> next_comm=kworker/0:1H next_pid=17 next_prio=100
    kworker/0:1H-17    [000] ...2   175.818332: sched_switch: prev_comm=kworker/0:1H prev_pid=17 prev_prio=100 prev_state=S ==> next_comm=mmcqd/1 next_pid=117 next_prio=120
         mmcqd/1-117   [000] ...2   175.818341: sched_switch: prev_comm=mmcqd/1 prev_pid=117 prev_prio=120 prev_state=S ==> next_comm=swapper/0 next_pid=0 next_prio=120
          <idle>-0     [000] ...2   175.818469: sched_switch: prev_comm=swapper/0 prev_pid=0 prev_prio=120 prev_state=R ==> next_comm=ksoftirqd/0 next_pid=3 next_prio=120
           <...>-3     [000] ...2   175.818485: sched_switch: prev_comm=ksoftirqd/0 prev_pid=3 prev_prio=120 prev_state=S ==> next_comm=swapper/0 next_pid=0 next_prio=120
          <idle>-0     [000] ...2   175.818500: sched_switch: prev_comm=swapper/0 prev_pid=0 prev_prio=120 prev_state=R ==> next_comm=ksoftirqd/0 next_pid=3 next_prio=120
           <...>-3     [000] ...2   175.818505: sched_switch: prev_comm=ksoftirqd/0 prev_pid=3 prev_prio=120 prev_state=S ==> next_comm=swapper/0 next_pid=0 next_prio=120
          <idle>-0     [000] ...2   175.818519: sched_switch: prev_comm=swapper/0 prev_pid=0 prev_prio=120 prev_state=R ==> next_comm=ksoftirqd/0 next_pid=3 next_prio=120
           <...>-3     [000] ...2   175.818524: sched_switch: prev_comm=ksoftirqd/0 prev_pid=3 prev_prio=120 prev_state=S ==> next_comm=swapper/0 next_pid=0 next_prio=120
           <...>-2989  [001] d..2   175.818571: block_rq_insert: 179,0 R 0 () 1191096 + 8 [app_process]
          <idle>-0     [000] ...2   175.818591: sched_switch: prev_comm=swapper/0 prev_pid=0 prev_prio=120 prev_state=R ==> next_comm=mmcqd/1 next_pid=117 next_prio=120
           <...>-2989  [001] ...2   175.818592: sched_switch: prev_comm=app_process prev_pid=2989 prev_prio=120 prev_state=D|W ==> next_comm=swapper/1 next_pid=0 next_prio=120
          <idle>-0     [001] ...2   175.818625: sched_switch: prev_comm=swapper/1 prev_pid=0 prev_prio=120 prev_state=R ==> next_comm=ksoftirqd/1 next_pid=2978 next_prio=120
         mmcqd/1-117   [000] ...2   175.818625: sched_switch: prev_comm=mmcqd/1 prev_pid=117 prev_prio=120 prev_state=S ==> next_comm=swapper/0 next_pid=0 next_prio=120
           <...>-2978  [001] ...2   175.818641: sched_switch: prev_comm=ksoftirqd/1 prev_pid=2978 prev_prio=120 prev_state=S ==> next_comm=swapper/1 next_pid=0 next_prio=120
          <idle>-0     [001] ...2   175.818664: sched_switch: prev_comm=swapper/1 prev_pid=0 prev_prio=120 prev_state=R ==> next_comm=ksoftirqd/1 next_pid=2978 next_prio=120
           <...>-2978  [001] ...2   175.818681: sched_switch: prev_comm=ksoftirqd/1 prev_pid=2978 prev_prio=120 prev_state=S ==> next_comm=swapper/1 next_pid=0 next_prio=120
          <idle>-0     [001] ...2   175.818701: sched_switch: prev_comm=swapper/1 prev_pid=0 prev_prio=120 prev_state=R ==> next_comm=ksoftirqd/1 next_pid=2978 next_prio=120
           <...>-2978  [001] ...2   175.818766: sched_switch: prev_comm=ksoftirqd/1 prev_pid=2978 prev_prio=120 prev_state=S ==> next_comm=swapper/1 next_pid=0 next_prio=120
          <idle>-0     [001] ...2   175.818789: sched_switch: prev_comm=swapper/1 prev_pid=0 prev_prio=120 prev_state=R ==> next_comm=ksoftirqd/1 next_pid=2978 next_prio=120
           <...>-2978  [001] ...2   175.818805: sched_switch: prev_comm=ksoftirqd/1 prev_pid=2978 prev_prio=120 prev_state=S ==> next_comm=swapper/1 next_pid=0 next_prio=120
          <idle>-0     [001] ...2   175.818828: sched_switch: prev_comm=swapper/1 prev_pid=0 prev_prio=120 prev_state=R ==> next_comm=ksoftirqd/1 next_pid=2978 next_prio=120
           <...>-2978  [001] ...2   175.818847: sched_switch: prev_comm=ksoftirqd/1 prev_pid=2978 prev_prio=120 prev_state=S ==> next_comm=swapper/1 next_pid=0 next_prio=120
          <idle>-0     [001] ...2   175.818868: sched_switch: prev_comm=swapper/1 prev_pid=0 prev_prio=120 prev_state=R ==> next_comm=ksoftirqd/1 next_pid=2978 next_prio=120
          <idle>-0     [000] ...2   175.818875: sched_switch: prev_comm=swapper/0 prev_pid=0 prev_prio=120 prev_state=R ==> next_comm=mmcqd/1 next_pid=117 next_prio=120
           <...>-2978  [001] ...2   175.818878: sched_switch: prev_comm=ksoftirqd/1 prev_pid=2978 prev_prio=120 prev_state=S ==> next_comm=swapper/1 next_pid=0 next_prio=120
         mmcqd/1-117   [000] ...1   175.818884: block_rq_complete: 179,0 RA () 1191096 + 8 [0]
         mmcqd/1-117   [000] ...2   175.818900: sched_switch: prev_comm=mmcqd/1 prev_pid=117 prev_prio=120 prev_state=R+ ==> next_comm=kworker/0:1H next_pid=17 next_prio=100
          <idle>-0     [001] ...2   175.818902: sched_switch: prev_comm=swapper/1 prev_pid=0 prev_prio=120 prev_state=R ==> next_comm=app_process next_pid=2989 next_prio=120
    kworker/0:1H-17    [000] ...2   175.818907: sched_switch: prev_comm=kworker/0:1H prev_pid=17 prev_prio=100 prev_state=S ==> next_comm=mmcqd/1 next_pid=117 next_prio=120
         mmcqd/1-117   [000] ...2   175.818915: sched_switch: prev_comm=mmcqd/1 prev_pid=117 prev_prio=120 prev_state=S ==> next_comm=swapper/0 next_pid=0 next_prio=120
           <...>-2989  [001] d..2   175.819285: block_rq_insert: 179,0 R 0 () 1197384 + 8 [app_process]
           <...>-2989  [001] d..2   175.819290: block_rq_insert: 179,0 R 0 () 1197408 + 8 [app_process]
           <...>-2989  [001] d..2   175.819293: block_rq_insert: 179,0 R 0 () 1197440 + 8 [app_process]
           <...>-2989  [001] d..2   175.819297: block_rq_insert: 179,0 R 0 () 1197464 + 16 [app_process]
          <idle>-0     [000] ...2   175.819312: sched_switch: prev_comm=swapper/0 prev_pid=0 prev_prio=120 prev_state=R ==> next_comm=mmcqd/1 next_pid=117 next_prio=120
           <...>-2989  [001] ...2   175.819314: sched_switch: prev_comm=app_process prev_pid=2989 prev_prio=120 prev_state=D|W ==> next_comm=swapper/1 next_pid=0 next_prio=120
         mmcqd/1-117   [000] ...2   175.819355: sched_switch: prev_comm=mmcqd/1 prev_pid=117 prev_prio=120 prev_state=S ==> next_comm=swapper/0 next_pid=0 next_prio=120
          <idle>-0     [000] ...2   175.819588: sched_switch: prev_comm=swapper/0 prev_pid=0 prev_prio=120 prev_state=R ==> next_comm=mmcqd/1 next_pid=117 next_prio=120
         mmcqd/1-117   [000] ...1   175.819613: block_rq_complete: 179,0 RA () 1197384 + 8 [0]
         mmcqd/1-117   [000] ...2   175.819632: sched_switch: prev_comm=mmcqd/1 prev_pid=117 prev_prio=120 prev_state=S ==> next_comm=swapper/0 next_pid=0 next_prio=120
          <idle>-0     [000] ...2   175.819880: sched_switch: prev_comm=swapper/0 prev_pid=0 prev_prio=120 prev_state=R ==> next_comm=mmcqd/1 next_pid=117 next_prio=120
         mmcqd/1-117   [000] ...1   175.819905: block_rq_complete: 179,0 RA () 1197408 + 8 [0]
         mmcqd/1-117   [000] ...2   175.819925: sched_switch: prev_comm=mmcqd/1 prev_pid=117 prev_prio=120 prev_state=S ==> next_comm=swapper/0 next_pid=0 next_prio=120
          <idle>-0     [000] ...2   175.820155: sched_switch: prev_comm=swapper/0 prev_pid=0 prev_prio=120 prev_state=R ==> next_comm=mmcqd/1 next_pid=117 next_prio=120
         mmcqd/1-117   [000] ...1   175.820181: block_rq_complete: 179,0 RA () 1197440 + 8 [0]
         mmcqd/1-117   [000] ...2   175.820192: sched_switch: prev_comm=mmcqd/1 prev_pid=117 prev_prio=120 prev_state=S ==> next_comm=swapper/0 next_pid=0 next_prio=120
          <idle>-0     [000] ...2   175.820481: sched_switch: prev_comm=swapper/0 prev_pid=0 prev_prio=120 prev_state=R ==> next_comm=mmcqd/1 next_pid=117 next_prio=120
         mmcqd/1-117   [000] ...1   175.820493: block_rq_complete: 179,0 RA () 1197464 + 16 [0]
          <idle>-0     [001] ...2   175.820509: sched_switch: prev_comm=swapper/1 prev_pid=0 prev_prio=120 prev_state=R ==> next_comm=app_process next_pid=2989 next_prio=120
         mmcqd/1-117   [000] ...2   175.820509: sched_switch: prev_comm=mmcqd/1 prev_pid=117 prev_prio=120 prev_state=R+ ==> next_comm=kworker/0:1H next_pid=17 next_prio=100
    kworker/0:1H-17    [000] ...2   175.820515: sched_switch: prev_comm=kworker/0:1H prev_pid=17 prev_prio=100 prev_state=S ==> next_comm=mmcqd/1 next_pid=117 next_prio=120
         mmcqd/1-117   [000] ...2   175.820524: sched_switch: prev_comm=mmcqd/1 prev_pid=117 prev_prio=120 prev_state=S ==> next_comm=swapper/0 next_pid=0 next_prio=120
           <...>-2989  [001] d..2   175.820715: block_rq_insert: 179,0 R 0 () 1199856 + 104 [app_process]
          <idle>-0     [000] ...2   175.820732: sched_switch: prev_comm=swapper/0 prev_pid=0 prev_prio=120 prev_state=R ==> next_comm=mmcqd/1 next_pid=117 next_prio=120
           <...>-2989  [001] ...2   175.820738: sched_switch: prev_comm=app_process prev_pid=2989 prev_prio=120 prev_state=D|W ==> next_comm=swapper/1 next_pid=0 next_prio=120
         mmcqd/1-117   [000] ...2   175.820791: sched_switch: prev_comm=mmcqd/1 prev_pid=117 prev_prio=120 prev_state=S ==> next_comm=swapper/0 next_pid=0 next_prio=120
          <idle>-0     [000] ...2   175.821571: sched_switch: prev_comm=swapper/0 prev_pid=0 prev_prio=120 prev_state=R ==> next_comm=mmcqd/1 next_pid=117 next_prio=120
         mmcqd/1-117   [000] ...1   175.821600: block_rq_complete: 179,0 RA () 1199856 + 104 [0]
          <idle>-0     [001] ...2   175.821616: sched_switch: prev_comm=swapper/1 prev_pid=0 prev_prio=120 prev_state=R ==> next_comm=app_process next_pid=2989 next_prio=120
         mmcqd/1-117   [000] ...2   175.821619: sched_switch: prev_comm=mmcqd/1 prev_pid=117 prev_prio=120 prev_state=R+ ==> next_comm=kworker/0:1H next_pid=17 next_prio=100
    kworker/0:1H-17    [000] ...2   175.821626: sched_switch: prev_comm=kworker/0:1H prev_pid=17 prev_prio=100 prev_state=S ==> next_comm=mmcqd/1 next_pid=117 next_prio=120
         mmcqd/1-117   [000] ...2   175.821635: sched_switch: prev_comm=mmcqd/1 prev_pid=117 prev_prio=120 prev_state=S ==> next_comm=swapper/0 next_pid=0 next_prio=120
           <...>-2989  [001] d..2   175.821810: block_rq_insert: 179,0 R 0 () 1199968 + 8 [app_process]
          <idle>-0     [000] ...2   175.821827: sched_switch: prev_comm=swapper/0 prev_pid=0 prev_prio=120 prev_state=R ==> next_comm=mmcqd/1 next_pid=117 next_prio=120
           <...>-2989  [001] ...2   175.821831: sched_switch: prev_comm=app_process prev_pid=2989 prev_prio=120 prev_state=D|W ==> next_comm=swapper/1 next_pid=0 next_prio=120
         mmcqd/1-117   [000] ...2   175.821861: sched_switch: prev_comm=mmcqd/1 prev_pid=117 prev_prio=120 prev_state=S ==> next_comm=swapper/0 next_pid=0 next_prio=120
          <idle>-0     [000] ...2   175.822106: sched_switch: prev_comm=swapper/0 prev_pid=0 prev_prio=120 prev_state=R ==> next_comm=mmcqd/1 next_pid=117 next_prio=120
         mmcqd/1-117   [000] ...1   175.822116: block_rq_complete: 179,0 RA () 1199968 + 8 [0]
          <idle>-0     [001] ...2   175.822132: sched_switch: prev_comm=swapper/1 prev_pid=0 prev_prio=120 prev_state=R ==> next_comm=app_process next_pid=2989 next_prio=120
         mmcqd/1-117   [000] ...2   175.822132: sched_switch: prev_comm=mmcqd/1 prev_pid=117 prev_prio=120 prev_state=R+ ==> next_comm=kworker/0:1H next_pid=17 next_prio=100
    kworker/0:1H-17    [000] ...2   175.822138: sched_switch: prev_comm=kworker/0:1H prev_pid=17 prev_prio=100 prev_state=S ==> next_comm=mmcqd/1 next_pid=117 next_prio=120
         mmcqd/1-117   [000] ...2   175.822147: sched_switch: prev_comm=mmcqd/1 prev_pid=117 prev_prio=120 prev_state=S ==> next_comm=swapper/0 next_pid=0 next_prio=120
           <...>-2989  [001] d..2   175.822308: block_rq_insert: 179,0 R 0 () 1200008 + 8 [app_process]
          <idle>-0     [000] ...2   175.822325: sched_switch: prev_comm=swapper/0 prev_pid=0 prev_prio=120 prev_state=R ==> next_comm=mmcqd/1 next_pid=117 next_prio=120
           <...>-2989  [001] ...2   175.822330: sched_switch: prev_comm=app_process prev_pid=2989 prev_prio=120 prev_state=D|W ==> next_comm=swapper/1 next_pid=0 next_prio=120
         mmcqd/1-117   [000] ...2   175.822358: sched_switch: prev_comm=mmcqd/1 prev_pid=117 prev_prio=120 prev_state=S ==> next_comm=swapper/0 next_pid=0 next_prio=120
          <idle>-0     [000] ...2   175.822577: sched_switch: prev_comm=swapper/0 prev_pid=0 prev_prio=120 prev_state=R ==> next_comm=mmcqd/1 next_pid=117 next_prio=120
         mmcqd/1-117   [000] ...1   175.822587: block_rq_complete: 179,0 RA () 1200008 + 8 [0]
          <idle>-0     [001] ...2   175.822602: sched_switch: prev_comm=swapper/1 prev_pid=0 prev_prio=120 prev_state=R ==> next_comm=app_process next_pid=2989 next_prio=120
