         mmcqd/1-117   [000] ...2   188.853307: sched_switch: prev_comm=mmcqd/1 prev_pid=117 prev_prio=120 prev_state=S ==> next_comm=main next_pid=3256 next_prio=120
           <...>-3256  [000] d..2   188.857112: block_rq_insert: 179,0 R 0 () 3997296 + 8 [main]
           <...>-3256  [000] ...2   188.857126: sched_switch: prev_comm=main prev_pid=3256 prev_prio=120 prev_state=R+ ==> next_comm=mmcqd/1 next_pid=117 next_prio=120
         mmcqd/1-117   [000] ...2   188.857173: sched_switch: prev_comm=mmcqd/1 prev_pid=117 prev_prio=120 prev_state=S ==> next_comm=main next_pid=3256 next_prio=120
           <...>-3256  [000] ...2   188.857180: sched_switch: prev_comm=main prev_pid=3256 prev_prio=120 prev_state=D|W ==> next_comm=swapper/0 next_pid=0 next_prio=120
          <idle>-0     [000] ...2   188.857426: sched_switch: prev_comm=swapper/0 prev_pid=0 prev_prio=120 prev_state=R ==> next_comm=mmcqd/1 next_pid=117 next_prio=120
         mmcqd/1-117   [000] ...1   188.857436: block_rq_complete: 179,0 RA () 3997296 + 8 [0]
         mmcqd/1-117   [000] ...2   188.857455: sched_switch: prev_comm=mmcqd/1 prev_pid=117 prev_prio=120 prev_state=R+ ==> next_comm=kworker/0:1H next_pid=17 next_prio=100
    kworker/0:1H-17    [000] ...2   188.857464: sched_switch: prev_comm=kworker/0:1H prev_pid=17 prev_prio=100 prev_state=S ==> next_comm=mmcqd/1 next_pid=117 next_prio=120
         mmcqd/1-117   [000] ...2   188.857474: sched_switch: prev_comm=mmcqd/1 prev_pid=117 prev_prio=120 prev_state=S ==> next_comm=main next_pid=3256 next_prio=120
           <...>-3256  [000] d..2   188.857514: block_rq_insert: 179,0 R 0 () 4010088 + 8 [main]
           <...>-3256  [000] d..2   188.857517: block_rq_insert: 179,0 R 0 () 4010136 + 8 [main]
           <...>-3256  [000] ...2   188.857525: sched_switch: prev_comm=main prev_pid=3256 prev_prio=120 prev_state=R+ ==> next_comm=mmcqd/1 next_pid=117 next_prio=120
         mmcqd/1-117   [000] ...2   188.857569: sched_switch: prev_comm=mmcqd/1 prev_pid=117 prev_prio=120 prev_state=S ==> next_comm=main next_pid=3256 next_prio=120
           <...>-3256  [000] ...2   188.857576: sched_switch: prev_comm=main prev_pid=3256 prev_prio=120 prev_state=D|W ==> next_comm=swapper/0 next_pid=0 next_prio=120
          <idle>-0     [000] ...2   188.857814: sched_switch: prev_comm=swapper/0 prev_pid=0 prev_prio=120 prev_state=R ==> next_comm=mmcqd/1 next_pid=117 next_prio=120
         mmcqd/1-117   [000] ...1   188.857840: block_rq_complete: 179,0 RA () 4010088 + 8 [0]
         mmcqd/1-117   [000] ...2   188.857851: sched_switch: prev_comm=mmcqd/1 prev_pid=117 prev_prio=120 prev_state=S ==> next_comm=swapper/0 next_pid=0 next_prio=120
          <idle>-0     [000] ...2   188.858085: sched_switch: prev_comm=swapper/0 prev_pid=0 prev_prio=120 prev_state=R ==> next_comm=mmcqd/1 next_pid=117 next_prio=120
         mmcqd/1-117   [000] ...1   188.858095: block_rq_complete: 179,0 RA () 4010136 + 8 [0]
         mmcqd/1-117   [000] ...2   188.858110: sched_switch: prev_comm=mmcqd/1 prev_pid=117 prev_prio=120 prev_state=R+ ==> next_comm=kworker/0:1H next_pid=17 next_prio=100
    kworker/0:1H-17    [000] ...2   188.858117: sched_switch: prev_comm=kworker/0:1H prev_pid=17 prev_prio=100 prev_state=S ==> next_comm=mmcqd/1 next_pid=117 next_prio=120
         mmcqd/1-117   [000] ...2   188.858128: sched_switch: prev_comm=mmcqd/1 prev_pid=117 prev_prio=120 prev_state=S ==> next_comm=main next_pid=3256 next_prio=120
           <...>-3256  [000] d..2   188.858167: block_rq_insert: 179,0 R 0 () 4020328 + 8 [main]
           <...>-3256  [000] d..2   188.858170: block_rq_insert: 179,0 R 0 () 4020392 + 56 [main]
           <...>-3256  [000] ...2   188.858178: sched_switch: prev_comm=main prev_pid=3256 prev_prio=120 prev_state=R+ ==> next_comm=mmcqd/1 next_pid=117 next_prio=120
         mmcqd/1-117   [000] ...2   188.858235: sched_switch: prev_comm=mmcqd/1 prev_pid=117 prev_prio=120 prev_state=S ==> next_comm=main next_pid=3256 next_prio=120
           <...>-3256  [000] ...2   188.858240: sched_switch: prev_comm=main prev_pid=3256 prev_prio=120 prev_state=D|W ==> next_comm=swapper/0 next_pid=0 next_prio=120
          <idle>-0     [000] ...2   188.858468: sched_switch: prev_comm=swapper/0 prev_pid=0 prev_prio=120 prev_state=R ==> next_comm=mmcqd/1 next_pid=117 next_prio=120
         mmcqd/1-117   [000] ...1   188.858494: block_rq_complete: 179,0 RA () 4020328 + 8 [0]
         mmcqd/1-117   [000] ...2   188.858505: sched_switch: prev_comm=mmcqd/1 prev_pid=117 prev_prio=120 prev_state=S ==> next_comm=swapper/0 next_pid=0 next_prio=120
          <idle>-0     [000] ...2   188.858984: sched_switch: prev_comm=swapper/0 prev_pid=0 prev_prio=120 prev_state=R ==> next_comm=mmcqd/1 next_pid=117 next_prio=120
         mmcqd/1-117   [000] ...1   188.859005: block_rq_complete: 179,0 RA () 4020392 + 56 [0]
         mmcqd/1-117   [000] ...2   188.859023: sched_switch: prev_comm=mmcqd/1 prev_pid=117 prev_prio=120 prev_state=R+ ==> next_comm=kworker/0:1H next_pid=17 next_prio=100
    kworker/0:1H-17    [000] ...2   188.859030: sched_switch: prev_comm=kworker/0:1H prev_pid=17 prev_prio=100 prev_state=S ==> next_comm=mmcqd/1 next_pid=117 next_prio=120
         mmcqd/1-117   [000] ...2   188.859039: sched_switch: prev_comm=mmcqd/1 prev_pid=117 prev_prio=120 prev_state=S ==> next_comm=main next_pid=3256 next_prio=120
           <...>-3256  [000] d..2   188.869120: block_rq_insert: 179,0 R 0 () 3994176 + 120 [main]
           <...>-3256  [000] ...2   188.869138: sched_switch: prev_comm=main prev_pid=3256 prev_prio=120 prev_state=R+ ==> next_comm=mmcqd/1 next_pid=117 next_prio=120
         mmcqd/1-117   [000] ...2   188.869222: sched_switch: prev_comm=mmcqd/1 prev_pid=117 prev_prio=120 prev_state=S ==> next_comm=main next_pid=3256 next_prio=120
           <...>-3256  [000] d..2   188.869309: block_rq_insert: 179,0 R 0 () 4077504 + 24 [main]
           <...>-3256  [000] ...2   188.869320: sched_switch: prev_comm=main prev_pid=3256 prev_prio=120 prev_state=R+ ==> next_comm=mmcqd/1 next_pid=117 next_prio=120
         mmcqd/1-117   [000] ...2   188.869341: sched_switch: prev_comm=mmcqd/1 prev_pid=117 prev_prio=120 prev_state=S ==> next_comm=main next_pid=3256 next_prio=120
           <...>-3256  [000] ...2   188.869348: sched_switch: prev_comm=main prev_pid=3256 prev_prio=120 prev_state=D|W ==> next_comm=swapper/0 next_pid=0 next_prio=120
          <idle>-0     [000] ...2   188.869370: sched_switch: prev_comm=swapper/0 prev_pid=0 prev_prio=120 prev_state=R ==> next_comm=ksoftirqd/0 next_pid=3 next_prio=120
     ksoftirqd/0-3     [000] ...2   188.869380: sched_switch: prev_comm=ksoftirqd/0 prev_pid=3 prev_prio=120 prev_state=S ==> next_comm=swapper/0 next_pid=0 next_prio=120
          <idle>-0     [000] ...2   188.869396: sched_switch: prev_comm=swapper/0 prev_pid=0 prev_prio=120 prev_state=R ==> next_comm=ksoftirqd/0 next_pid=3 next_prio=120
     ksoftirqd/0-3     [000] ...2   188.869403: sched_switch: prev_comm=ksoftirqd/0 prev_pid=3 prev_prio=120 prev_state=S ==> next_comm=swapper/0 next_pid=0 next_prio=120
          <idle>-0     [000] ...2   188.869417: sched_switch: prev_comm=swapper/0 prev_pid=0 prev_prio=120 prev_state=R ==> next_comm=ksoftirqd/0 next_pid=3 next_prio=120
     ksoftirqd/0-3     [000] ...2   188.869424: sched_switch: prev_comm=ksoftirqd/0 prev_pid=3 prev_prio=120 prev_state=S ==> next_comm=swapper/0 next_pid=0 next_prio=120
          <idle>-0     [000] ...2   188.870150: sched_switch: prev_comm=swapper/0 prev_pid=0 prev_prio=120 prev_state=R ==> next_comm=mmcqd/1 next_pid=117 next_prio=120
         mmcqd/1-117   [000] ...1   188.870204: block_rq_complete: 179,0 RA () 3994176 + 120 [0]
         mmcqd/1-117   [000] ...2   188.870222: sched_switch: prev_comm=mmcqd/1 prev_pid=117 prev_prio=120 prev_state=S ==> next_comm=swapper/0 next_pid=0 next_prio=120
          <idle>-0     [000] ...2   188.870490: sched_switch: prev_comm=swapper/0 prev_pid=0 prev_prio=120 prev_state=R ==> next_comm=mmcqd/1 next_pid=117 next_prio=120
         mmcqd/1-117   [000] ...1   188.870503: block_rq_complete: 179,0 RA () 4077504 + 24 [0]
         mmcqd/1-117   [000] ...2   188.870523: sched_switch: prev_comm=mmcqd/1 prev_pid=117 prev_prio=120 prev_state=R+ ==> next_comm=kworker/0:1H next_pid=17 next_prio=100
    kworker/0:1H-17    [000] ...2   188.870532: sched_switch: prev_comm=kworker/0:1H prev_pid=17 prev_prio=100 prev_state=S ==> next_comm=mmcqd/1 next_pid=117 next_prio=120
         mmcqd/1-117   [000] ...2   188.870542: sched_switch: prev_comm=mmcqd/1 prev_pid=117 prev_prio=120 prev_state=S ==> next_comm=main next_pid=3256 next_prio=120
           <...>-3256  [000] d..2   188.870792: block_rq_insert: 179,0 R 0 () 4079680 + 16 [main]
           <...>-3256  [000] d..2   188.870796: block_rq_insert: 179,0 R 0 () 4079712 + 8 [main]
           <...>-3256  [000] d..2   188.870798: block_rq_insert: 179,0 R 0 () 4079728 + 8 [main]
           <...>-3256  [000] ...2   188.870808: sched_switch: prev_comm=main prev_pid=3256 prev_prio=120 prev_state=R+ ==> next_comm=mmcqd/1 next_pid=117 next_prio=120
         mmcqd/1-117   [000] ...2   188.870856: sched_switch: prev_comm=mmcqd/1 prev_pid=117 prev_prio=120 prev_state=S ==> next_comm=main next_pid=3256 next_prio=120
           <...>-3256  [000] ...2   188.871123: sched_switch: prev_comm=main prev_pid=3256 prev_prio=120 prev_state=R+ ==> next_comm=mmcqd/1 next_pid=117 next_prio=120
         mmcqd/1-117   [000] ...1   188.871152: block_rq_complete: 179,0 RA () 4079680 + 16 [0]
         mmcqd/1-117   [000] ...2   188.871172: sched_switch: prev_comm=mmcqd/1 prev_pid=117 prev_prio=120 prev_state=S ==> next_comm=main next_pid=3256 next_prio=120
           <...>-3256  [000] d..2   188.871292: block_rq_insert: 179,0 R 0 () 4026240 + 32 [main]
           <...>-3256  [000] d..2   188.871295: block_rq_insert: 179,0 R 0 () 4026288 + 16 [main]
           <...>-3256  [000] d..2   188.871296: block_rq_insert: 179,0 R 0 () 4026360 + 16 [main]
           <...>-3256  [000] ...2   188.871304: sched_switch: prev_comm=main prev_pid=3256 prev_prio=120 prev_state=D|W ==> next_comm=swapper/0 next_pid=0 next_prio=120
          <idle>-0     [000] ...2   188.871420: sched_switch: prev_comm=swapper/0 prev_pid=0 prev_prio=120 prev_state=R ==> next_comm=mmcqd/1 next_pid=117 next_prio=120
         mmcqd/1-117   [000] ...1   188.871447: block_rq_complete: 179,0 RA () 4079712 + 8 [0]
         mmcqd/1-117   [000] ...2   188.871471: sched_switch: prev_comm=mmcqd/1 prev_pid=117 prev_prio=120 prev_state=S ==> next_comm=swapper/0 next_pid=0 next_prio=120
          <idle>-0     [000] ...2   188.871748: sched_switch: prev_comm=swapper/0 prev_pid=0 prev_prio=120 prev_state=R ==> next_comm=mmcqd/1 next_pid=117 next_prio=120
         mmcqd/1-117   [000] ...1   188.871774: block_rq_complete: 179,0 RA () 4079728 + 8 [0]
         mmcqd/1-117   [000] ...2   188.871793: sched_switch: prev_comm=mmcqd/1 prev_pid=117 prev_prio=120 prev_state=S ==> next_comm=swapper/0 next_pid=0 next_prio=120
          <idle>-0     [000] ...2   188.872125: sched_switch: prev_comm=swapper/0 prev_pid=0 prev_prio=120 prev_state=R ==> next_comm=mmcqd/1 next_pid=117 next_prio=120
         mmcqd/1-117   [000] ...1   188.872156: block_rq_complete: 179,0 RA () 4026240 + 32 [0]
         mmcqd/1-117   [000] ...2   188.872177: sched_switch: prev_comm=mmcqd/1 prev_pid=117 prev_prio=120 prev_state=S ==> next_comm=swapper/0 next_pid=0 next_prio=120
          <idle>-0     [000] ...2   188.872414: sched_switch: prev_comm=swapper/0 prev_pid=0 prev_prio=120 prev_state=R ==> next_comm=mmcqd/1 next_pid=117 next_prio=120
         mmcqd/1-117   [000] ...1   188.872441: block_rq_complete: 179,0 RA () 4026288 + 16 [0]
         mmcqd/1-117   [000] ...2   188.872452: sched_switch: prev_comm=mmcqd/1 prev_pid=117 prev_prio=120 prev_state=S ==> next_comm=swapper/0 next_pid=0 next_prio=120
          <idle>-0     [000] ...2   188.872886: sched_switch: prev_comm=swapper/0 prev_pid=0 prev_prio=120 prev_state=R ==> next_comm=mmcqd/1 next_pid=117 next_prio=120
         mmcqd/1-117   [000] ...1   188.872897: block_rq_complete: 179,0 RA () 4026360 + 16 [0]
         mmcqd/1-117   [000] ...2   188.872914: sched_switch: prev_comm=mmcqd/1 prev_pid=117 prev_prio=120 prev_state=R+ ==> next_comm=kworker/0:1H next_pid=17 next_prio=100
    kworker/0:1H-17    [000] ...2   188.872921: sched_switch: prev_comm=kworker/0:1H prev_pid=17 prev_prio=100 prev_state=S ==> next_comm=mmcqd/1 next_pid=117 next_prio=120
         mmcqd/1-117   [000] ...2   188.872932: sched_switch: prev_comm=mmcqd/1 prev_pid=117 prev_prio=120 prev_state=S ==> next_comm=main next_pid=3256 next_prio=120
           <...>-3256  [000] d..2   188.873989: block_rq_insert: 179,0 R 0 () 4028944 + 256 [main]
           <...>-3256  [000] ...2   188.874001: sched_switch: prev_comm=main prev_pid=3256 prev_prio=120 prev_state=R+ ==> next_comm=mmcqd/1 next_pid=117 next_prio=120
         mmcqd/1-117   [000] ...2   188.874110: sched_switch: prev_comm=mmcqd/1 prev_pid=117 prev_prio=120 prev_state=S ==> next_comm=main next_pid=3256 next_prio=120
           <...>-3256  [000] d..2   188.874468: block_rq_insert: 179,0 R 0 () 4026808 + 8 [main]
           <...>-3256  [000] ...2   188.874479: sched_switch: prev_comm=main prev_pid=3256 prev_prio=120 prev_state=R+ ==> next_comm=mmcqd/1 next_pid=117 next_prio=120
         mmcqd/1-117   [000] ...2   188.874495: sched_switch: prev_comm=mmcqd/1 prev_pid=117 prev_prio=120 prev_state=S ==> next_comm=main next_pid=3256 next_prio=120
           <...>-3256  [000] ...2   188.874501: sched_switch: prev_comm=main prev_pid=3256 prev_prio=120 prev_state=D|W ==> next_comm=swapper/0 next_pid=0 next_prio=120
          <idle>-0     [000] ...2   188.875593: sched_switch: prev_comm=swapper/0 prev_pid=0 prev_prio=120 prev_state=R ==> next_comm=mmcqd/1 next_pid=117 next_prio=120
         mmcqd/1-117   [000] ...1   188.875674: block_rq_complete: 179,0 RA () 4028944 + 256 [0]
         mmcqd/1-117   [000] ...2   188.875697: sched_switch: prev_comm=mmcqd/1 prev_pid=117 prev_prio=120 prev_state=S ==> next_comm=swapper/0 next_pid=0 next_prio=120
          <idle>-0     [000] ...2   188.875849: sched_switch: prev_comm=swapper/0 prev_pid=0 prev_prio=120 prev_state=R ==> next_comm=mmcqd/1 next_pid=117 next_prio=120
         mmcqd/1-117   [000] ...1   188.875859: block_rq_complete: 179,0 RA () 4026808 + 8 [0]
         mmcqd/1-117   [000] ...2   188.875876: sched_switch: prev_comm=mmcqd/1 prev_pid=117 prev_prio=120 prev_state=R+ ==> next_comm=kworker/0:1H next_pid=17 next_prio=100
    kworker/0:1H-17    [000] ...2   188.875883: sched_switch: prev_comm=kworker/0:1H prev_pid=17 prev_prio=100 prev_state=S ==> next_comm=mmcqd/1 next_pid=117 next_prio=120
         mmcqd/1-117   [000] ...2   188.875892: sched_switch: prev_comm=mmcqd/1 prev_pid=117 prev_prio=120 prev_state=S ==> next_comm=main next_pid=3256 next_prio=120
          <idle>-0     [001] ...2   188.878473: sched_switch: prev_comm=swapper/1 prev_pid=0 prev_prio=120 prev_state=R ==> next_comm=kworker/u:3 next_pid=113 next_prio=120
           <...>-3256  [000] ...2   188.878495: sched_switch: prev_comm=main prev_pid=3256 prev_prio=120 prev_state=R ==> next_comm=mpdecision next_pid=1613 next_prio=113
     kworker/u:3-113   [001] ...2   188.878508: sched_switch: prev_comm=kworker/u:3 prev_pid=113 prev_prio=120 prev_state=S ==> next_comm=swapper/1 next_pid=0 next_prio=120
      mpdecision-1613  [000] ...2   188.878752: sched_switch: prev_comm=mpdecision prev_pid=1613 prev_prio=113 prev_state=S ==> next_comm=main next_pid=3256 next_prio=120
           <...>-3256  [000] d..2   188.878789: block_rq_insert: 179,0 R 0 () 4008664 + 16 [main]
           <...>-3256  [000] d..2   188.878793: block_rq_insert: 179,0 R 0 () 4008712 + 8 [main]
           <...>-3256  [000] ...2   188.878803: sched_switch: prev_comm=main prev_pid=3256 prev_prio=120 prev_state=R+ ==> next_comm=mmcqd/1 next_pid=117 next_prio=120
         mmcqd/1-117   [000] ...2   188.878858: sched_switch: prev_comm=mmcqd/1 prev_pid=117 prev_prio=120 prev_state=S ==> next_comm=main next_pid=3256 next_prio=120
           <...>-3256  [000] ...2   188.878866: sched_switch: prev_comm=main prev_pid=3256 prev_prio=120 prev_state=D|W ==> next_comm=swapper/0 next_pid=0 next_prio=120
          <idle>-0     [000] ...2   188.878884: sched_switch: prev_comm=swapper/0 prev_pid=0 prev_prio=120 prev_state=R ==> next_comm=ksoftirqd/0 next_pid=3 next_prio=120
     ksoftirqd/0-3     [000] ...2   188.878894: sched_switch: prev_comm=ksoftirqd/0 prev_pid=3 prev_prio=120 prev_state=S ==> next_comm=swapper/0 next_pid=0 next_prio=120
          <idle>-0     [000] ...2   188.878910: sched_switch: prev_comm=swapper/0 prev_pid=0 prev_prio=120 prev_state=R ==> next_comm=ksoftirqd/0 next_pid=3 next_prio=120
     ksoftirqd/0-3     [000] ...2   188.878919: sched_switch: prev_comm=ksoftirqd/0 prev_pid=3 prev_prio=120 prev_state=S ==> next_comm=swapper/0 next_pid=0 next_prio=120
          <idle>-0     [000] ...2   188.878933: sched_switch: prev_comm=swapper/0 prev_pid=0 prev_prio=120 prev_state=R ==> next_comm=ksoftirqd/0 next_pid=3 next_prio=120
     ksoftirqd/0-3     [000] ...2   188.878944: sched_switch: prev_comm=ksoftirqd/0 prev_pid=3 prev_prio=120 prev_state=S ==> next_comm=swapper/0 next_pid=0 next_prio=120
          <idle>-0     [000] ...2   188.879079: sched_switch: prev_comm=swapper/0 prev_pid=0 prev_prio=120 prev_state=R ==> next_comm=mmcqd/1 next_pid=117 next_prio=120
         mmcqd/1-117   [000] ...1   188.879107: block_rq_complete: 179,0 RA () 4008712 + 8 [0]
         mmcqd/1-117   [000] ...2   188.879121: sched_switch: prev_comm=mmcqd/1 prev_pid=117 prev_prio=120 prev_state=S ==> next_comm=swapper/0 next_pid=0 next_prio=120
          <idle>-0     [000] ...2   188.879424: sched_switch: prev_comm=swapper/0 prev_pid=0 prev_prio=120 prev_state=R ==> next_comm=mmcqd/1 next_pid=117 next_prio=120
         mmcqd/1-117   [000] ...1   188.879436: block_rq_complete: 179,0 RA () 4008664 + 16 [0]
         mmcqd/1-117   [000] ...2   188.879454: sched_switch: prev_comm=mmcqd/1 prev_pid=117 prev_prio=120 prev_state=R+ ==> next_comm=kworker/0:1H next_pid=17 next_prio=100
    kworker/0:1H-17    [000] ...2   188.879461: sched_switch: prev_comm=kworker/0:1H prev_pid=17 prev_prio=100 prev_state=S ==> next_comm=mmcqd/1 next_pid=117 next_prio=120
         mmcqd/1-117   [000] ...2   188.879470: sched_switch: prev_comm=mmcqd/1 prev_pid=117 prev_prio=120 prev_state=S ==> next_comm=main next_pid=3256 next_prio=120
          <idle>-0     [001] ...2   188.882702: sched_switch: prev_comm=swapper/1 prev_pid=0 prev_prio=120 prev_state=R ==> next_comm=main next_pid=3273 next_prio=120
           <...>-3256  [000] ...2   188.882712: sched_switch: prev_comm=main prev_pid=3256 prev_prio=120 prev_state=R+ ==> next_comm=logcat next_pid=802 next_prio=120
          logcat-802   [000] ...2   188.882826: sched_switch: prev_comm=logcat prev_pid=802 prev_prio=120 prev_state=S ==> next_comm=logcat next_pid=797 next_prio=120
          logcat-797   [000] ...2   188.882919: sched_switch: prev_comm=logcat prev_pid=797 prev_prio=120 prev_state=S ==> next_comm=logcat next_pid=799 next_prio=120
          logcat-799   [000] ...2   188.883008: sched_switch: prev_comm=logcat prev_pid=799 prev_prio=120 prev_state=S ==> next_comm=kworker/0:1 next_pid=15 next_prio=120
           <...>-3273  [001] ...2   188.883027: sched_switch: prev_comm=Binder_1 prev_pid=3273 prev_prio=120 prev_state=R+ ==> next_comm=adbd next_pid=790 next_prio=120
     kworker/0:1-15    [000] ...2   188.883033: sched_switch: prev_comm=kworker/0:1 prev_pid=15 prev_prio=120 prev_state=S ==> next_comm=main next_pid=3256 next_prio=120
           <...>-3256  [000] d..2   188.883289: block_rq_insert: 179,0 R 0 () 4008840 + 8 [main]
           <...>-3256  [000] d..2   188.883293: block_rq_insert: 179,0 R 0 () 4008920 + 48 [main]
           <...>-3256  [000] ...2   188.883305: sched_switch: prev_comm=main prev_pid=3256 prev_prio=120 prev_state=R+ ==> next_comm=mmcqd/1 next_pid=117 next_prio=120
            adbd-790   [001] ...2   188.883354: sched_switch: prev_comm=adbd prev_pid=790 prev_prio=120 prev_state=S ==> next_comm=adbd next_pid=792 next_prio=120
         mmcqd/1-117   [000] ...2   188.883381: sched_switch: prev_comm=mmcqd/1 prev_pid=117 prev_prio=120 prev_state=S ==> next_comm=main next_pid=3256 next_prio=120
           <...>-3256  [000] ...2   188.883396: sched_switch: prev_comm=main prev_pid=3256 prev_prio=120 prev_state=D|W ==> next_comm=swapper/0 next_pid=0 next_prio=120
          <idle>-0     [000] ...2   188.883421: sched_switch: prev_comm=swapper/0 prev_pid=0 prev_prio=120 prev_state=R ==> next_comm=ksoftirqd/0 next_pid=3 next_prio=120
     ksoftirqd/0-3     [000] ...2   188.883430: sched_switch: prev_comm=ksoftirqd/0 prev_pid=3 prev_prio=120 prev_state=S ==> next_comm=swapper/0 next_pid=0 next_prio=120
          <idle>-0     [000] ...2   188.883443: sched_switch: prev_comm=swapper/0 prev_pid=0 prev_prio=120 prev_state=R ==> next_comm=ksoftirqd/0 next_pid=3 next_prio=120
     ksoftirqd/0-3     [000] ...2   188.883449: sched_switch: prev_comm=ksoftirqd/0 prev_pid=3 prev_prio=120 prev_state=S ==> next_comm=swapper/0 next_pid=0 next_prio=120
          <idle>-0     [000] ...2   188.883461: sched_switch: prev_comm=swapper/0 prev_pid=0 prev_prio=120 prev_state=R ==> next_comm=ksoftirqd/0 next_pid=3 next_prio=120
     ksoftirqd/0-3     [000] ...2   188.883467: sched_switch: prev_comm=ksoftirqd/0 prev_pid=3 prev_prio=120 prev_state=S ==> next_comm=swapper/0 next_pid=0 next_prio=120
            adbd-792   [001] ...2   188.883484: sched_switch: prev_comm=adbd prev_pid=792 prev_prio=120 prev_state=S ==> next_comm=Binder_1 next_pid=3273 next_prio=120
          <idle>-0     [000] ...2   188.883591: sched_switch: prev_comm=swapper/0 prev_pid=0 prev_prio=120 prev_state=R ==> next_comm=mmcqd/1 next_pid=117 next_prio=120
         mmcqd/1-117   [000] ...1   188.883617: block_rq_complete: 179,0 RA () 4008840 + 8 [0]
         mmcqd/1-117   [000] ...2   188.883635: sched_switch: prev_comm=mmcqd/1 prev_pid=117 prev_prio=120 prev_state=S ==> next_comm=main next_pid=3256 next_prio=120
           <...>-3256  [000] d..2   188.883669: block_rq_insert: 179,0 R 0 () 4024680 + 32 [main]
           <...>-3256  [000] d..2   188.883671: block_rq_insert: 179,0 R 0 () 4024792 + 8 [main]
           <...>-3256  [000] ...2   188.883680: sched_switch: prev_comm=main prev_pid=3256 prev_prio=120 prev_state=R+ ==> next_comm=mmcqd/1 next_pid=117 next_prio=120
         mmcqd/1-117   [000] ...2   188.883700: sched_switch: prev_comm=mmcqd/1 prev_pid=117 prev_prio=120 prev_state=S ==> next_comm=main next_pid=3256 next_prio=120
           <...>-3256  [000] ...2   188.883705: sched_switch: prev_comm=main prev_pid=3256 prev_prio=120 prev_state=D|W ==> next_comm=swapper/0 next_pid=0 next_prio=120
          <idle>-0     [000] ...2   188.883802: sched_switch: prev_comm=swapper/0 prev_pid=0 prev_prio=120 prev_state=R ==> next_comm=adbd next_pid=793 next_prio=120
            adbd-793   [000] ...2   188.883838: sched_switch: prev_comm=adbd prev_pid=793 prev_prio=120 prev_state=S ==> next_comm=adbd next_pid=790 next_prio=120
           <...>-3273  [001] ...2   188.883928: sched_switch: prev_comm=Binder_1 prev_pid=3273 prev_prio=120 prev_state=R+ ==> next_comm=adbd next_pid=792 next_prio=120
            adbd-790   [000] ...2   188.883954: sched_switch: prev_comm=adbd prev_pid=790 prev_prio=120 prev_state=S ==> next_comm=swapper/0 next_pid=0 next_prio=120
            adbd-792   [001] ...2   188.883971: sched_switch: prev_comm=adbd prev_pid=792 prev_prio=120 prev_state=S ==> next_comm=Binder_1 next_pid=3273 next_prio=120
          <idle>-0     [000] ...2   188.884062: sched_switch: prev_comm=swapper/0 prev_pid=0 prev_prio=120 prev_state=R ==> next_comm=adbd next_pid=793 next_prio=120
            adbd-793   [000] ...2   188.884092: sched_switch: prev_comm=adbd prev_pid=793 prev_prio=120 prev_state=S ==> next_comm=adbd next_pid=790 next_prio=120
            adbd-790   [000] ...2   188.884229: sched_switch: prev_comm=adbd prev_pid=790 prev_prio=120 prev_state=S ==> next_comm=adbd next_pid=792 next_prio=120
            adbd-792   [000] ...2   188.884234: sched_switch: prev_comm=adbd prev_pid=792 prev_prio=120 prev_state=S ==> next_comm=mmcqd/1 next_pid=117 next_prio=120
         mmcqd/1-117   [000] ...1   188.884284: block_rq_complete: 179,0 RA () 4008920 + 48 [0]
         mmcqd/1-117   [000] ...2   188.884305: sched_switch: prev_comm=mmcqd/1 prev_pid=117 prev_prio=120 prev_state=S ==> next_comm=adbd next_pid=793 next_prio=120
           <...>-3273  [001] ...2   188.884321: sched_switch: prev_comm=Binder_1 prev_pid=3273 prev_prio=120 prev_state=S ==> next_comm=Binder_1 next_pid=3274 next_prio=120
            adbd-793   [000] ...2   188.884332: sched_switch: prev_comm=adbd prev_pid=793 prev_prio=120 prev_state=S ==> next_comm=adbd next_pid=790 next_prio=120
            adbd-790   [000] ...2   188.884441: sched_switch: prev_comm=adbd prev_pid=790 prev_prio=120 prev_state=S ==> next_comm=adbd next_pid=792 next_prio=120
            adbd-792   [000] ...2   188.884447: sched_switch: prev_comm=adbd prev_pid=792 prev_prio=120 prev_state=S ==> next_comm=swapper/0 next_pid=0 next_prio=120
          <idle>-0     [000] ...2   188.884652: sched_switch: prev_comm=swapper/0 prev_pid=0 prev_prio=120 prev_state=R ==> next_comm=mmcqd/1 next_pid=117 next_prio=120
         mmcqd/1-117   [000] ...1   188.884681: block_rq_complete: 179,0 RA () 4024680 + 32 [0]
         mmcqd/1-117   [000] ...2   188.884693: sched_switch: prev_comm=mmcqd/1 prev_pid=117 prev_prio=120 prev_state=S ==> next_comm=swapper/0 next_pid=0 next_prio=120
          <idle>-0     [000] ...2   188.884923: sched_switch: prev_comm=swapper/0 prev_pid=0 prev_prio=120 prev_state=R ==> next_comm=mmcqd/1 next_pid=117 next_prio=120
         mmcqd/1-117   [000] ...1   188.884933: block_rq_complete: 179,0 RA () 4024792 + 8 [0]
         mmcqd/1-117   [000] ...2   188.884950: sched_switch: prev_comm=mmcqd/1 prev_pid=117 prev_prio=120 prev_state=R+ ==> next_comm=kworker/0:1H next_pid=17 next_prio=100
    kworker/0:1H-17    [000] ...2   188.884957: sched_switch: prev_comm=kworker/0:1H prev_pid=17 prev_prio=100 prev_state=S ==> next_comm=mmcqd/1 next_pid=117 next_prio=120
         mmcqd/1-117   [000] ...2   188.884968: sched_switch: prev_comm=mmcqd/1 prev_pid=117 prev_prio=120 prev_state=S ==> next_comm=main next_pid=3256 next_prio=120
           <...>-3274  [001] ...2   188.885097: sched_switch: prev_comm=Binder_2 prev_pid=3274 prev_prio=120 prev_state=S ==> next_comm=swapper/1 next_pid=0 next_prio=120
          <idle>-0     [001] ...2   188.885125: sched_switch: prev_comm=swapper/1 prev_pid=0 prev_prio=120 prev_state=R ==> next_comm=ksoftirqd/1 next_pid=3247 next_prio=120
           <...>-3247  [001] ...2   188.885140: sched_switch: prev_comm=ksoftirqd/1 prev_pid=3247 prev_prio=120 prev_state=S ==> next_comm=swapper/1 next_pid=0 next_prio=120
           <...>-3256  [000] d..2   188.885143: block_rq_insert: 179,0 R 0 () 4123736 + 8 [main]
           <...>-3256  [000] d..2   188.885146: block_rq_insert: 179,0 R 0 () 4123816 + 32 [main]
           <...>-3256  [000] ...2   188.885155: sched_switch: prev_comm=main prev_pid=3256 prev_prio=120 prev_state=R+ ==> next_comm=mmcqd/1 next_pid=117 next_prio=120
          <idle>-0     [001] ...2   188.885164: sched_switch: prev_comm=swapper/1 prev_pid=0 prev_prio=120 prev_state=R ==> next_comm=ksoftirqd/1 next_pid=3247 next_prio=120
           <...>-3247  [001] ...2   188.885183: sched_switch: prev_comm=ksoftirqd/1 prev_pid=3247 prev_prio=120 prev_state=S ==> next_comm=swapper/1 next_pid=0 next_prio=120
         mmcqd/1-117   [000] ...2   188.885204: sched_switch: prev_comm=mmcqd/1 prev_pid=117 prev_prio=120 prev_state=S ==> next_comm=main next_pid=3256 next_prio=120
          <idle>-0     [001] ...2   188.885206: sched_switch: prev_comm=swapper/1 prev_pid=0 prev_prio=120 prev_state=R ==> next_comm=ksoftirqd/1 next_pid=3247 next_prio=120
           <...>-3256  [000] ...2   188.885210: sched_switch: prev_comm=main prev_pid=3256 prev_prio=120 prev_state=D|W ==> next_comm=swapper/0 next_pid=0 next_prio=120
           <...>-3247  [001] ...2   188.885219: sched_switch: prev_comm=ksoftirqd/1 prev_pid=3247 prev_prio=120 prev_state=S ==> next_comm=swapper/1 next_pid=0 next_prio=120
          <idle>-0     [000] ...2   188.885437: sched_switch: prev_comm=swapper/0 prev_pid=0 prev_prio=120 prev_state=R ==> next_comm=mmcqd/1 next_pid=117 next_prio=120
         mmcqd/1-117   [000] ...1   188.885463: block_rq_complete: 179,0 RA () 4123736 + 8 [0]
         mmcqd/1-117   [000] ...2   188.885475: sched_switch: prev_comm=mmcqd/1 prev_pid=117 prev_prio=120 prev_state=S ==> next_comm=swapper/0 next_pid=0 next_prio=120
          <idle>-0     [000] ...2   188.885858: sched_switch: prev_comm=swapper/0 prev_pid=0 prev_prio=120 prev_state=R ==> next_comm=mmcqd/1 next_pid=117 next_prio=120
         mmcqd/1-117   [000] ...1   188.885874: block_rq_complete: 179,0 RA () 4123816 + 32 [0]
         mmcqd/1-117   [000] ...2   188.885891: sched_switch: prev_comm=mmcqd/1 prev_pid=117 prev_prio=120 prev_state=R+ ==> next_comm=kworker/0:1H next_pid=17 next_prio=100
    kworker/0:1H-17    [000] ...2   188.885899: sched_switch: prev_comm=kworker/0:1H prev_pid=17 prev_prio=100 prev_state=S ==> next_comm=mmcqd/1 next_pid=117 next_prio=120
         mmcqd/1-117   [000] ...2   188.885908: sched_switch: prev_comm=mmcqd/1 prev_pid=117 prev_prio=120 prev_state=S ==> next_comm=main next_pid=3256 next_prio=120
           <...>-3256  [000] d..2   188.885961: block_rq_insert: 179,0 R 0 () 4084528 + 24 [main]
           <...>-3256  [000] ...2   188.885970: sched_switch: prev_comm=main prev_pid=3256 prev_prio=120 prev_state=R+ ==> next_comm=mmcqd/1 next_pid=117 next_prio=120
         mmcqd/1-117   [000] ...2   188.886011: sched_switch: prev_comm=mmcqd/1 prev_pid=117 prev_prio=120 prev_state=S ==> next_comm=main next_pid=3256 next_prio=120
           <...>-3256  [000] ...2   188.886017: sched_switch: prev_comm=main prev_pid=3256 prev_prio=120 prev_state=D|W ==> next_comm=swapper/0 next_pid=0 next_prio=120
          <idle>-0     [000] ...2   188.886373: sched_switch: prev_comm=swapper/0 prev_pid=0 prev_prio=120 prev_state=R ==> next_comm=mmcqd/1 next_pid=117 next_prio=120
         mmcqd/1-117   [000] ...1   188.886387: block_rq_complete: 179,0 RA () 4084528 + 24 [0]
         mmcqd/1-117   [000] ...2   188.886404: sched_switch: prev_comm=mmcqd/1 prev_pid=117 prev_prio=120 prev_state=R+ ==> next_comm=kworker/0:1H next_pid=17 next_prio=100
    kworker/0:1H-17    [000] ...2   188.886411: sched_switch: prev_comm=kworker/0:1H prev_pid=17 prev_prio=100 prev_state=S ==> next_comm=mmcqd/1 next_pid=117 next_prio=120
         mmcqd/1-117   [000] ...2   188.886419: sched_switch: prev_comm=mmcqd/1 prev_pid=117 prev_prio=120 prev_state=S ==> next_comm=main next_pid=3256 next_prio=120
           <...>-3256  [000] ...2   188.886473: sched_switch: prev_comm=main prev_pid=3256 prev_prio=120 prev_state=R+ ==> next_comm=servicemanager next_pid=170 next_prio=120
           <...>-170   [000] ...2   188.886483: sched_switch: prev_comm=servicemanager prev_pid=170 prev_prio=120 prev_state=D ==> next_comm=main next_pid=3256 next_prio=120
           <...>-3256  [000] ...2   188.886491: sched_switch: prev_comm=main prev_pid=3256 prev_prio=120 prev_state=R+ ==> next_comm=servicemanager next_pid=170 next_prio=120
           <...>-170   [000] ...2   188.886517: sched_switch: prev_comm=servicemanager prev_pid=170 prev_prio=120 prev_state=S ==> next_comm=main next_pid=3256 next_prio=120
           <...>-3256  [000] ...2   188.886676: sched_switch: prev_comm=main prev_pid=3256 prev_prio=120 prev_state=R+ ==> next_comm=servicemanager next_pid=170 next_prio=120
           <...>-170   [000] ...2   188.886684: sched_switch: prev_comm=servicemanager prev_pid=170 prev_prio=120 prev_state=D ==> next_comm=main next_pid=3256 next_prio=120
           <...>-3256  [000] ...2   188.886693: sched_switch: prev_comm=main prev_pid=3256 prev_prio=120 prev_state=R+ ==> next_comm=servicemanager next_pid=170 next_prio=120
           <...>-170   [000] ...2   188.886804: sched_switch: prev_comm=servicemanager prev_pid=170 prev_prio=120 prev_state=S ==> next_comm=main next_pid=3256 next_prio=120
           <...>-3256  [000] ...2   188.887380: sched_switch: prev_comm=main prev_pid=3256 prev_prio=120 prev_state=R+ ==> next_comm=kworker/0:1 next_pid=15 next_prio=120
     kworker/0:1-15    [000] ...2   188.887395: sched_switch: prev_comm=kworker/0:1 prev_pid=15 prev_prio=120 prev_state=S ==> next_comm=adbd next_pid=790 next_prio=120
            adbd-790   [000] ...2   188.887551: sched_switch: prev_comm=adbd prev_pid=790 prev_prio=120 prev_state=S ==> next_comm=adbd next_pid=792 next_prio=120
            adbd-792   [000] ...2   188.887603: sched_switch: prev_comm=adbd prev_pid=792 prev_prio=120 prev_state=S ==> next_comm=main next_pid=3256 next_prio=120
           <...>-3256  [000] ...2   188.887644: sched_switch: prev_comm=main prev_pid=3256 prev_prio=120 prev_state=R+ ==> next_comm=kworker/0:1 next_pid=15 next_prio=120
     kworker/0:1-15    [000] ...2   188.887652: sched_switch: prev_comm=kworker/0:1 prev_pid=15 prev_prio=120 prev_state=S ==> next_comm=main next_pid=3256 next_prio=120
           <...>-3256  [000] d..2   188.887858: block_rq_insert: 179,0 R 0 () 4052264 + 8 [main]
           <...>-3256  [000] d..2   188.887861: block_rq_insert: 179,0 R 0 () 4052304 + 8 [main]
           <...>-3256  [000] d..2   188.887863: block_rq_insert: 179,0 R 0 () 4052400 + 32 [main]
           <...>-3256  [000] ...2   188.887881: sched_switch: prev_comm=main prev_pid=3256 prev_prio=120 prev_state=R+ ==> next_comm=mmcqd/1 next_pid=117 next_prio=120
         mmcqd/1-117   [000] ...2   188.887941: sched_switch: prev_comm=mmcqd/1 prev_pid=117 prev_prio=120 prev_state=S ==> next_comm=logcat next_pid=802 next_prio=120
          logcat-802   [000] ...2   188.887959: sched_switch: prev_comm=logcat prev_pid=802 prev_prio=120 prev_state=S ==> next_comm=main next_pid=3256 next_prio=120
           <...>-3256  [000] ...2   188.887973: sched_switch: prev_comm=main prev_pid=3256 prev_prio=120 prev_state=R+ ==> next_comm=logcat next_pid=797 next_prio=120
          logcat-797   [000] ...2   188.887988: sched_switch: prev_comm=logcat prev_pid=797 prev_prio=120 prev_state=S ==> next_comm=main next_pid=3256 next_prio=120
           <...>-3256  [000] ...2   188.887997: sched_switch: prev_comm=main prev_pid=3256 prev_prio=120 prev_state=D|W ==> next_comm=swapper/0 next_pid=0 next_prio=120
          <idle>-0     [000] ...2   188.888046: sched_switch: prev_comm=swapper/0 prev_pid=0 prev_prio=120 prev_state=R ==> next_comm=adbd next_pid=793 next_prio=120
            adbd-793   [000] ...2   188.888087: sched_switch: prev_comm=adbd prev_pid=793 prev_prio=120 prev_state=S ==> next_comm=logcat next_pid=799 next_prio=120
          logcat-799   [000] ...2   188.888101: sched_switch: prev_comm=logcat prev_pid=799 prev_prio=120 prev_state=S ==> next_comm=adbd next_pid=790 next_prio=120
            adbd-790   [000] ...2   188.888327: sched_switch: prev_comm=adbd prev_pid=790 prev_prio=120 prev_state=S ==> next_comm=adbd next_pid=792 next_prio=120
            adbd-792   [000] ...2   188.888377: sched_switch: prev_comm=adbd prev_pid=792 prev_prio=120 prev_state=S ==> next_comm=mmcqd/1 next_pid=117 next_prio=120
         mmcqd/1-117   [000] ...1   188.888410: block_rq_complete: 179,0 RA () 4052400 + 32 [0]
         mmcqd/1-117   [000] ...2   188.888430: sched_switch: prev_comm=mmcqd/1 prev_pid=117 prev_prio=120 prev_state=S ==> next_comm=swapper/0 next_pid=0 next_prio=120
          <idle>-0     [000] ...2   188.888478: sched_switch: prev_comm=swapper/0 prev_pid=0 prev_prio=120 prev_state=R ==> next_comm=ksoftirqd/0 next_pid=3 next_prio=120
     ksoftirqd/0-3     [000] ...2   188.888485: sched_switch: prev_comm=ksoftirqd/0 prev_pid=3 prev_prio=120 prev_state=S ==> next_comm=swapper/0 next_pid=0 next_prio=120
          <idle>-0     [000] ...2   188.888501: sched_switch: prev_comm=swapper/0 prev_pid=0 prev_prio=120 prev_state=R ==> next_comm=ksoftirqd/0 next_pid=3 next_prio=120
     ksoftirqd/0-3     [000] ...2   188.888508: sched_switch: prev_comm=ksoftirqd/0 prev_pid=3 prev_prio=120 prev_state=S ==> next_comm=swapper/0 next_pid=0 next_prio=120
          <idle>-0     [000] ...2   188.888651: sched_switch: prev_comm=swapper/0 prev_pid=0 prev_prio=120 prev_state=R ==> next_comm=mmcqd/1 next_pid=117 next_prio=120
         mmcqd/1-117   [000] ...1   188.888682: block_rq_complete: 179,0 RA () 4052304 + 8 [0]
         mmcqd/1-117   [000] ...2   188.888698: sched_switch: prev_comm=mmcqd/1 prev_pid=117 prev_prio=120 prev_state=S ==> next_comm=main next_pid=3256 next_prio=120
           <...>-3256  [000] ...2   188.888773: sched_switch: prev_comm=main prev_pid=3256 prev_prio=120 prev_state=R+ ==> next_comm=adbd next_pid=793 next_prio=120
            adbd-793   [000] ...2   188.888803: sched_switch: prev_comm=adbd prev_pid=793 prev_prio=120 prev_state=S ==> next_comm=adbd next_pid=790 next_prio=120
            adbd-790   [000] ...2   188.888949: sched_switch: prev_comm=adbd prev_pid=790 prev_prio=120 prev_state=S ==> next_comm=adbd next_pid=792 next_prio=120
            adbd-792   [000] ...2   188.888955: sched_switch: prev_comm=adbd prev_pid=792 prev_prio=120 prev_state=S ==> next_comm=mmcqd/1 next_pid=117 next_prio=120
         mmcqd/1-117   [000] ...1   188.888965: block_rq_complete: 179,0 RA () 4052264 + 8 [0]
         mmcqd/1-117   [000] ...2   188.888978: sched_switch: prev_comm=mmcqd/1 prev_pid=117 prev_prio=120 prev_state=R+ ==> next_comm=kworker/0:1H next_pid=17 next_prio=100
    kworker/0:1H-17    [000] ...2   188.888985: sched_switch: prev_comm=kworker/0:1H prev_pid=17 prev_prio=100 prev_state=S ==> next_comm=mmcqd/1 next_pid=117 next_prio=120
         mmcqd/1-117   [000] ...2   188.888995: sched_switch: prev_comm=mmcqd/1 prev_pid=117 prev_prio=120 prev_state=S ==> next_comm=main next_pid=3256 next_prio=120
           <...>-3256  [000] ...2   188.889547: sched_switch: prev_comm=main prev_pid=3256 prev_prio=120 prev_state=S ==> next_comm=swapper/0 next_pid=0 next_prio=120
          <idle>-0     [001] ...2   188.889553: sched_switch: prev_comm=swapper/1 prev_pid=0 prev_prio=120 prev_state=R ==> next_comm=Binder_1 next_pid=722 next_prio=120
          <idle>-0     [000] ...2   188.889850: sched_switch: prev_comm=swapper/0 prev_pid=0 prev_prio=120 prev_state=R ==> next_comm=logcat next_pid=799 next_prio=120
          logcat-799   [000] ...2   188.889966: sched_switch: prev_comm=logcat prev_pid=799 prev_prio=120 prev_state=S ==> next_comm=logcat next_pid=797 next_prio=120
          logcat-797   [000] ...2   188.890062: sched_switch: prev_comm=logcat prev_pid=797 prev_prio=120 prev_state=S ==> next_comm=kworker/0:1 next_pid=15 next_prio=120
     kworker/0:1-15    [000] ...2   188.890083: sched_switch: prev_comm=kworker/0:1 prev_pid=15 prev_prio=120 prev_state=S ==> next_comm=adbd next_pid=790 next_prio=120
            adbd-790   [000] ...2   188.890256: sched_switch: prev_comm=adbd prev_pid=790 prev_prio=120 prev_state=S ==> next_comm=adbd next_pid=792 next_prio=120
            adbd-792   [000] ...2   188.890336: sched_switch: prev_comm=adbd prev_pid=792 prev_prio=120 prev_state=S ==> next_comm=swapper/0 next_pid=0 next_prio=120
          <idle>-0     [000] ...2   188.890353: sched_switch: prev_comm=swapper/0 prev_pid=0 prev_prio=120 prev_state=R ==> next_comm=Binder_4 next_pid=1291 next_prio=120
           <...>-722   [001] ...2   188.890362: sched_switch: prev_comm=Binder_1 prev_pid=722 prev_prio=120 prev_state=S ==> next_comm=logcat next_pid=802 next_prio=120
           <...>-1291  [000] ...2   188.890450: sched_switch: prev_comm=Binder_4 prev_pid=1291 prev_prio=120 prev_state=S ==> next_comm=ksoftirqd/0 next_pid=3 next_prio=120
     ksoftirqd/0-3     [000] ...2   188.890456: sched_switch: prev_comm=ksoftirqd/0 prev_pid=3 prev_prio=120 prev_state=S ==> next_comm=swapper/0 next_pid=0 next_prio=120
          <idle>-0     [000] ...2   188.890469: sched_switch: prev_comm=swapper/0 prev_pid=0 prev_prio=120 prev_state=R ==> next_comm=ksoftirqd/0 next_pid=3 next_prio=120
     ksoftirqd/0-3     [000] ...2   188.890475: sched_switch: prev_comm=ksoftirqd/0 prev_pid=3 prev_prio=120 prev_state=S ==> next_comm=swapper/0 next_pid=0 next_prio=120
          <idle>-0     [000] ...2   188.890486: sched_switch: prev_comm=swapper/0 prev_pid=0 prev_prio=120 prev_state=R ==> next_comm=ksoftirqd/0 next_pid=3 next_prio=120
     ksoftirqd/0-3     [000] ...2   188.890492: sched_switch: prev_comm=ksoftirqd/0 prev_pid=3 prev_prio=120 prev_state=S ==> next_comm=swapper/0 next_pid=0 next_prio=120
          logcat-802   [001] ...2   188.890547: sched_switch: prev_comm=logcat prev_pid=802 prev_prio=120 prev_state=S ==> next_comm=kworker/1:1 next_pid=3253 next_prio=120
          <idle>-0     [000] ...2   188.890571: sched_switch: prev_comm=swapper/0 prev_pid=0 prev_prio=120 prev_state=R ==> next_comm=adbd next_pid=790 next_prio=120
           <...>-3253  [001] ...2   188.890575: sched_switch: prev_comm=kworker/1:1 prev_pid=3253 prev_prio=120 prev_state=S ==> next_comm=Binder_1 next_pid=722 next_prio=120
            adbd-790   [000] ...2   188.890716: sched_switch: prev_comm=adbd prev_pid=790 prev_prio=120 prev_state=S ==> next_comm=adbd next_pid=793 next_prio=120
            adbd-793   [000] ...2   188.890753: sched_switch: prev_comm=adbd prev_pid=793 prev_prio=120 prev_state=S ==> next_comm=adbd next_pid=792 next_prio=120
            adbd-792   [000] ...2   188.890799: sched_switch: prev_comm=adbd prev_pid=792 prev_prio=120 prev_state=S ==> next_comm=adbd next_pid=790 next_prio=120
            adbd-790   [000] ...2   188.890934: sched_switch: prev_comm=adbd prev_pid=790 prev_prio=120 prev_state=S ==> next_comm=adbd next_pid=793 next_prio=120
            adbd-793   [000] ...2   188.890962: sched_switch: prev_comm=adbd prev_pid=793 prev_prio=120 prev_state=S ==> next_comm=adbd next_pid=792 next_prio=120
            adbd-792   [000] ...2   188.890967: sched_switch: prev_comm=adbd prev_pid=792 prev_prio=120 prev_state=S ==> next_comm=adbd next_pid=790 next_prio=120
           <...>-722   [001] ...2   188.891019: sched_switch: prev_comm=Binder_1 prev_pid=722 prev_prio=120 prev_state=R+ ==> next_comm=InputDispatcher next_pid=812 next_prio=112
           <...>-812   [001] ...2   188.891068: sched_switch: prev_comm=InputDispatcher prev_pid=812 prev_prio=112 prev_state=S ==> next_comm=Binder_1 next_pid=722 next_prio=120
            adbd-790   [000] ...2   188.891075: sched_switch: prev_comm=adbd prev_pid=790 prev_prio=120 prev_state=S ==> next_comm=adbd next_pid=792 next_prio=120
            adbd-792   [000] ...2   188.891081: sched_switch: prev_comm=adbd prev_pid=792 prev_prio=120 prev_state=S ==> next_comm=swapper/0 next_pid=0 next_prio=120
          <idle>-0     [000] ...2   188.891167: sched_switch: prev_comm=swapper/0 prev_pid=0 prev_prio=120 prev_state=R ==> next_comm=adbd next_pid=793 next_prio=120
            adbd-793   [000] ...2   188.891196: sched_switch: prev_comm=adbd prev_pid=793 prev_prio=120 prev_state=S ==> next_comm=adbd next_pid=790 next_prio=120
           <...>-722   [001] ...2   188.891216: sched_switch: prev_comm=Binder_1 prev_pid=722 prev_prio=120 prev_state=S ==> next_comm=Binder_3 next_pid=786 next_prio=120
            adbd-790   [000] ...2   188.891303: sched_switch: prev_comm=adbd prev_pid=790 prev_prio=120 prev_state=S ==> next_comm=adbd next_pid=792 next_prio=120
            adbd-792   [000] ...2   188.891309: sched_switch: prev_comm=adbd prev_pid=792 prev_prio=120 prev_state=S ==> next_comm=swapper/0 next_pid=0 next_prio=120
           <...>-786   [001] ...2   188.891360: sched_switch: prev_comm=Binder_3 prev_pid=786 prev_prio=120 prev_state=S ==> next_comm=Binder_1 next_pid=722 next_prio=120
           <...>-722   [001] ...2   188.891438: sched_switch: prev_comm=Binder_1 prev_pid=722 prev_prio=120 prev_state=R+ ==> next_comm=android.display next_pid=780 next_prio=116
           <...>-780   [001] ...2   188.891496: sched_switch: prev_comm=android.display prev_pid=780 prev_prio=116 prev_state=S ==> next_comm=Binder_1 next_pid=722 next_prio=120
           <...>-722   [001] ...2   188.891522: sched_switch: prev_comm=Binder_1 prev_pid=722 prev_prio=120 prev_state=R+ ==> next_comm=android.display next_pid=780 next_prio=116
           <...>-780   [001] ...2   188.891541: sched_switch: prev_comm=android.display prev_pid=780 prev_prio=116 prev_state=S ==> next_comm=Binder_1 next_pid=722 next_prio=120
           <...>-722   [001] ...2   188.891561: sched_switch: prev_comm=Binder_1 prev_pid=722 prev_prio=120 prev_state=R+ ==> next_comm=android.display next_pid=780 next_prio=116
           <...>-780   [001] ...2   188.891732: sched_switch: prev_comm=android.display prev_pid=780 prev_prio=116 prev_state=S ==> next_comm=Binder_1 next_pid=722 next_prio=120
           <...>-722   [001] ...2   188.891782: sched_switch: prev_comm=Binder_1 prev_pid=722 prev_prio=120 prev_state=S ==> next_comm=swapper/1 next_pid=0 next_prio=120
          <idle>-0     [001] ...2   188.891806: sched_switch: prev_comm=swapper/1 prev_pid=0 prev_prio=120 prev_state=R ==> next_comm=ksoftirqd/1 next_pid=3247 next_prio=120
           <...>-3247  [001] ...2   188.891842: sched_switch: prev_comm=ksoftirqd/1 prev_pid=3247 prev_prio=120 prev_state=S ==> next_comm=swapper/1 next_pid=0 next_prio=120
          <idle>-0     [001] ...2   188.891864: sched_switch: prev_comm=swapper/1 prev_pid=0 prev_prio=120 prev_state=R ==> next_comm=ksoftirqd/1 next_pid=3247 next_prio=120
           <...>-3247  [001] ...2   188.891878: sched_switch: prev_comm=ksoftirqd/1 prev_pid=3247 prev_prio=120 prev_state=S ==> next_comm=swapper/1 next_pid=0 next_prio=120
          <idle>-0     [001] ...2   188.891899: sched_switch: prev_comm=swapper/1 prev_pid=0 prev_prio=120 prev_state=R ==> next_comm=ksoftirqd/1 next_pid=3247 next_prio=120
           <...>-3247  [001] ...2   188.891918: sched_switch: prev_comm=ksoftirqd/1 prev_pid=3247 prev_prio=120 prev_state=S ==> next_comm=swapper/1 next_pid=0 next_prio=120
          <idle>-0     [001] ...2   188.892801: sched_switch: prev_comm=swapper/1 prev_pid=0 prev_prio=120 prev_state=R ==> next_comm=android.display next_pid=780 next_prio=116
           <...>-780   [001] ...2   188.892963: sched_switch: prev_comm=android.display prev_pid=780 prev_prio=116 prev_state=S ==> next_comm=Binder_1 next_pid=268 next_prio=120
          <idle>-0     [000] ...2   188.893025: sched_switch: prev_comm=swapper/0 prev_pid=0 prev_prio=120 prev_state=R ==> next_comm=EventThread next_pid=371 next_prio=111
           <...>-268   [001] ...2   188.893051: sched_switch: prev_comm=Binder_1 prev_pid=268 prev_prio=120 prev_state=S ==> next_comm=Binder_1 next_pid=722 next_prio=120
           <...>-371   [000] ...2   188.893077: sched_switch: prev_comm=EventThread prev_pid=371 prev_prio=111 prev_state=S ==> next_comm=Binder_8 next_pid=1150 next_prio=120
           <...>-1150  [000] ...2   188.893159: sched_switch: prev_comm=Binder_8 prev_pid=1150 prev_prio=120 prev_state=S ==> next_comm=swapper/0 next_pid=0 next_prio=120
          <idle>-0     [000] ...2   188.893252: sched_switch: prev_comm=swapper/0 prev_pid=0 prev_prio=120 prev_state=R ==> next_comm=LazyTaskWriterT next_pid=851 next_prio=120
 LazyTaskWriterT-851   [000] ...2   188.893307: sched_switch: prev_comm=LazyTaskWriterT prev_pid=851 prev_prio=120 prev_state=S ==> next_comm=swapper/0 next_pid=0 next_prio=120
          <idle>-0     [000] ...2   188.893458: sched_switch: prev_comm=swapper/0 prev_pid=0 prev_prio=120 prev_state=R ==> next_comm=logcat next_pid=797 next_prio=120
          logcat-797   [000] ...2   188.893564: sched_switch: prev_comm=logcat prev_pid=797 prev_prio=120 prev_state=S ==> next_comm=kworker/0:1 next_pid=15 next_prio=120
     kworker/0:1-15    [000] ...2   188.893578: sched_switch: prev_comm=kworker/0:1 prev_pid=15 prev_prio=120 prev_state=S ==> next_comm=logcat next_pid=799 next_prio=120
          logcat-799   [000] ...2   188.893678: sched_switch: prev_comm=logcat prev_pid=799 prev_prio=120 prev_state=S ==> next_comm=ActivityManager next_pid=775 next_prio=118
 ActivityManager-775   [000] ...2   188.893713: sched_switch: prev_comm=ActivityManager prev_pid=775 prev_prio=118 prev_state=S ==> next_comm=kworker/0:1 next_pid=15 next_prio=120
     kworker/0:1-15    [000] ...2   188.893724: sched_switch: prev_comm=kworker/0:1 prev_pid=15 prev_prio=120 prev_state=S ==> next_comm=adbd next_pid=790 next_prio=120
            adbd-790   [000] ...2   188.893889: sched_switch: prev_comm=adbd prev_pid=790 prev_prio=120 prev_state=S ==> next_comm=adbd next_pid=792 next_prio=120
            adbd-792   [000] ...2   188.893975: sched_switch: prev_comm=adbd prev_pid=792 prev_prio=120 prev_state=S ==> next_comm=Binder_1 next_pid=1144 next_prio=120
           <...>-722   [001] ...2   188.894009: sched_switch: prev_comm=Binder_1 prev_pid=722 prev_prio=120 prev_state=R+ ==> next_comm=Binder_3 next_pid=1590 next_prio=120
           <...>-1590  [001] ...2   188.894022: sched_switch: prev_comm=Binder_3 prev_pid=1590 prev_prio=120 prev_state=D ==> next_comm=logcat next_pid=802 next_prio=120
           <...>-1144  [000] ...2   188.894101: sched_switch: prev_comm=Binder_1 prev_pid=1144 prev_prio=120 prev_state=D ==> next_comm=droid.launcher3 next_pid=1127 next_prio=120
           <...>-1127  [000] ...2   188.894166: sched_switch: prev_comm=droid.launcher3 prev_pid=1127 prev_prio=120 prev_state=D ==> next_comm=swapper/0 next_pid=0 next_prio=120
