         mmcqd/1-117   [000] ...2   188.713409: sched_switch: prev_comm=mmcqd/1 prev_pid=117 prev_prio=120 prev_state=R+ ==> next_comm=kworker/0:1H next_pid=17 next_prio=100
    kworker/0:1H-17    [000] ...2   188.713416: sched_switch: prev_comm=kworker/0:1H prev_pid=17 prev_prio=100 prev_state=S ==> next_comm=mmcqd/1 next_pid=117 next_prio=120
         mmcqd/1-117   [000] ...2   188.713424: sched_switch: prev_comm=mmcqd/1 prev_pid=117 prev_prio=120 prev_state=S ==> next_comm=app_process next_pid=3256 next_prio=120
           <...>-3256  [000] d..2   188.713687: block_rq_insert: 179,0 R 0 () 868176 + 32 [app_process]
           <...>-3256  [000] ...2   188.713697: sched_switch: prev_comm=app_process prev_pid=3256 prev_prio=120 prev_state=R+ ==> next_comm=mmcqd/1 next_pid=117 next_prio=120
         mmcqd/1-117   [000] ...2   188.713738: sched_switch: prev_comm=mmcqd/1 prev_pid=117 prev_prio=120 prev_state=S ==> next_comm=app_process next_pid=3256 next_prio=120
           <...>-3256  [000] ...2   188.713745: sched_switch: prev_comm=app_process prev_pid=3256 prev_prio=120 prev_state=D|W ==> next_comm=swapper/0 next_pid=0 next_prio=120
          <idle>-0     [000] ...2   188.713759: sched_switch: prev_comm=swapper/0 prev_pid=0 prev_prio=120 prev_state=R ==> next_comm=ksoftirqd/0 next_pid=3 next_prio=120
     ksoftirqd/0-3     [000] ...2   188.713767: sched_switch: prev_comm=ksoftirqd/0 prev_pid=3 prev_prio=120 prev_state=S ==> next_comm=swapper/0 next_pid=0 next_prio=120
          <idle>-0     [000] ...2   188.713782: sched_switch: prev_comm=swapper/0 prev_pid=0 prev_prio=120 prev_state=R ==> next_comm=ksoftirqd/0 next_pid=3 next_prio=120
     ksoftirqd/0-3     [000] ...2   188.713788: sched_switch: prev_comm=ksoftirqd/0 prev_pid=3 prev_prio=120 prev_state=S ==> next_comm=swapper/0 next_pid=0 next_prio=120
          <idle>-0     [000] ...2   188.713802: sched_switch: prev_comm=swapper/0 prev_pid=0 prev_prio=120 prev_state=R ==> next_comm=ksoftirqd/0 next_pid=3 next_prio=120
     ksoftirqd/0-3     [000] ...2   188.713809: sched_switch: prev_comm=ksoftirqd/0 prev_pid=3 prev_prio=120 prev_state=S ==> next_comm=swapper/0 next_pid=0 next_prio=120
          <idle>-0     [000] ...2   188.714140: sched_switch: prev_comm=swapper/0 prev_pid=0 prev_prio=120 prev_state=R ==> next_comm=mmcqd/1 next_pid=117 next_prio=120
         mmcqd/1-117   [000] ...1   188.714155: block_rq_complete: 179,0 RA () 868176 + 32 [0]
         mmcqd/1-117   [000] ...2   188.714172: sched_switch: prev_comm=mmcqd/1 prev_pid=117 prev_prio=120 prev_state=R+ ==> next_comm=kworker/0:1H next_pid=17 next_prio=100
    kworker/0:1H-17    [000] ...2   188.714181: sched_switch: prev_comm=kworker/0:1H prev_pid=17 prev_prio=100 prev_state=S ==> next_comm=mmcqd/1 next_pid=117 next_prio=120
         mmcqd/1-117   [000] ...2   188.714190: sched_switch: prev_comm=mmcqd/1 prev_pid=117 prev_prio=120 prev_state=S ==> next_comm=app_process next_pid=3256 next_prio=120
           <...>-3256  [000] d..2   188.714229: block_rq_insert: 179,0 R 0 () 869424 + 136 [app_process]
           <...>-3256  [000] ...2   188.714238: sched_switch: prev_comm=app_process prev_pid=3256 prev_prio=120 prev_state=R+ ==> next_comm=mmcqd/1 next_pid=117 next_prio=120
         mmcqd/1-117   [000] ...2   188.714303: sched_switch: prev_comm=mmcqd/1 prev_pid=117 prev_prio=120 prev_state=S ==> next_comm=app_process next_pid=3256 next_prio=120
           <...>-3256  [000] ...2   188.714308: sched_switch: prev_comm=app_process prev_pid=3256 prev_prio=120 prev_state=D|W ==> next_comm=swapper/0 next_pid=0 next_prio=120
          <idle>-0     [000] ...2   188.715163: sched_switch: prev_comm=swapper/0 prev_pid=0 prev_prio=120 prev_state=R ==> next_comm=mmcqd/1 next_pid=117 next_prio=120
         mmcqd/1-117   [000] ...1   188.715199: block_rq_complete: 179,0 RA () 869424 + 136 [0]
         mmcqd/1-117   [000] ...2   188.715219: sched_switch: prev_comm=mmcqd/1 prev_pid=117 prev_prio=120 prev_state=R+ ==> next_comm=kworker/0:1H next_pid=17 next_prio=100
    kworker/0:1H-17    [000] ...2   188.715225: sched_switch: prev_comm=kworker/0:1H prev_pid=17 prev_prio=100 prev_state=S ==> next_comm=mmcqd/1 next_pid=117 next_prio=120
         mmcqd/1-117   [000] ...2   188.715234: sched_switch: prev_comm=mmcqd/1 prev_pid=117 prev_prio=120 prev_state=S ==> next_comm=app_process next_pid=3256 next_prio=120
           <...>-3256  [000] d..2   188.715483: block_rq_insert: 179,0 R 0 () 869672 + 32 [app_process]
           <...>-3256  [000] ...2   188.715494: sched_switch: prev_comm=app_process prev_pid=3256 prev_prio=120 prev_state=R+ ==> next_comm=mmcqd/1 next_pid=117 next_prio=120
         mmcqd/1-117   [000] ...2   188.715536: sched_switch: prev_comm=mmcqd/1 prev_pid=117 prev_prio=120 prev_state=S ==> next_comm=app_process next_pid=3256 next_prio=120
           <...>-3256  [000] ...2   188.715541: sched_switch: prev_comm=app_process prev_pid=3256 prev_prio=120 prev_state=D|W ==> next_comm=swapper/0 next_pid=0 next_prio=120
          <idle>-0     [000] ...2   188.715555: sched_switch: prev_comm=swapper/0 prev_pid=0 prev_prio=120 prev_state=R ==> next_comm=ksoftirqd/0 next_pid=3 next_prio=120
     ksoftirqd/0-3     [000] ...2   188.715562: sched_switch: prev_comm=ksoftirqd/0 prev_pid=3 prev_prio=120 prev_state=S ==> next_comm=swapper/0 next_pid=0 next_prio=120
          <idle>-0     [000] ...2   188.715576: sched_switch: prev_comm=swapper/0 prev_pid=0 prev_prio=120 prev_state=R ==> next_comm=ksoftirqd/0 next_pid=3 next_prio=120
     ksoftirqd/0-3     [000] ...2   188.715583: sched_switch: prev_comm=ksoftirqd/0 prev_pid=3 prev_prio=120 prev_state=S ==> next_comm=swapper/0 next_pid=0 next_prio=120
          <idle>-0     [000] ...2   188.715596: sched_switch: prev_comm=swapper/0 prev_pid=0 prev_prio=120 prev_state=R ==> next_comm=ksoftirqd/0 next_pid=3 next_prio=120
     ksoftirqd/0-3     [000] ...2   188.715602: sched_switch: prev_comm=ksoftirqd/0 prev_pid=3 prev_prio=120 prev_state=S ==> next_comm=swapper/0 next_pid=0 next_prio=120
          <idle>-0     [000] ...2   188.715933: sched_switch: prev_comm=swapper/0 prev_pid=0 prev_prio=120 prev_state=R ==> next_comm=mmcqd/1 next_pid=117 next_prio=120
         mmcqd/1-117   [000] ...1   188.715948: block_rq_complete: 179,0 RA () 869672 + 32 [0]
         mmcqd/1-117   [000] ...2   188.715966: sched_switch: prev_comm=mmcqd/1 prev_pid=117 prev_prio=120 prev_state=R+ ==> next_comm=kworker/0:1H next_pid=17 next_prio=100
    kworker/0:1H-17    [000] ...2   188.715972: sched_switch: prev_comm=kworker/0:1H prev_pid=17 prev_prio=100 prev_state=S ==> next_comm=mmcqd/1 next_pid=117 next_prio=120
         mmcqd/1-117   [000] ...2   188.715981: sched_switch: prev_comm=mmcqd/1 prev_pid=117 prev_prio=120 prev_state=S ==> next_comm=app_process next_pid=3256 next_prio=120
           <...>-3256  [000] d..2   188.716015: block_rq_insert: 179,0 R 0 () 869704 + 64 [app_process]
           <...>-3256  [000] ...2   188.716025: sched_switch: prev_comm=app_process prev_pid=3256 prev_prio=120 prev_state=R+ ==> next_comm=mmcqd/1 next_pid=117 next_prio=120
         mmcqd/1-117   [000] ...2   188.716073: sched_switch: prev_comm=mmcqd/1 prev_pid=117 prev_prio=120 prev_state=S ==> next_comm=app_process next_pid=3256 next_prio=120
           <...>-3256  [000] d..2   188.716116: block_rq_insert: 179,0 R 0 () 869768 + 40 [app_process]
           <...>-3256  [000] ...2   188.716126: sched_switch: prev_comm=app_process prev_pid=3256 prev_prio=120 prev_state=R+ ==> next_comm=mmcqd/1 next_pid=117 next_prio=120
         mmcqd/1-117   [000] ...2   188.716149: sched_switch: prev_comm=mmcqd/1 prev_pid=117 prev_prio=120 prev_state=S ==> next_comm=app_process next_pid=3256 next_prio=120
           <...>-3256  [000] ...2   188.716154: sched_switch: prev_comm=app_process prev_pid=3256 prev_prio=120 prev_state=D|W ==> next_comm=swapper/0 next_pid=0 next_prio=120
          <idle>-0     [000] ...2   188.716626: sched_switch: prev_comm=swapper/0 prev_pid=0 prev_prio=120 prev_state=R ==> next_comm=mmcqd/1 next_pid=117 next_prio=120
         mmcqd/1-117   [000] ...1   188.716662: block_rq_complete: 179,0 RA () 869704 + 64 [0]
         mmcqd/1-117   [000] ...2   188.716679: sched_switch: prev_comm=mmcqd/1 prev_pid=117 prev_prio=120 prev_state=S ==> next_comm=app_process next_pid=3256 next_prio=120
           <...>-3256  [000] ...2   188.716758: sched_switch: prev_comm=app_process prev_pid=3256 prev_prio=120 prev_state=D|W ==> next_comm=swapper/0 next_pid=0 next_prio=120
          <idle>-0     [000] ...2   188.717063: sched_switch: prev_comm=swapper/0 prev_pid=0 prev_prio=120 prev_state=R ==> next_comm=mmcqd/1 next_pid=117 next_prio=120
         mmcqd/1-117   [000] ...1   188.717079: block_rq_complete: 179,0 RA () 869768 + 40 [0]
         mmcqd/1-117   [000] ...2   188.717097: sched_switch: prev_comm=mmcqd/1 prev_pid=117 prev_prio=120 prev_state=R+ ==> next_comm=kworker/0:1H next_pid=17 next_prio=100
    kworker/0:1H-17    [000] ...2   188.717104: sched_switch: prev_comm=kworker/0:1H prev_pid=17 prev_prio=100 prev_state=S ==> next_comm=mmcqd/1 next_pid=117 next_prio=120
         mmcqd/1-117   [000] ...2   188.717113: sched_switch: prev_comm=mmcqd/1 prev_pid=117 prev_prio=120 prev_state=S ==> next_comm=app_process next_pid=3256 next_prio=120
           <...>-3256  [000] d..2   188.717250: block_rq_insert: 179,0 R 0 () 863648 + 32 [app_process]
           <...>-3256  [000] ...2   188.717259: sched_switch: prev_comm=app_process prev_pid=3256 prev_prio=120 prev_state=R+ ==> next_comm=mmcqd/1 next_pid=117 next_prio=120
         mmcqd/1-117   [000] ...2   188.717301: sched_switch: prev_comm=mmcqd/1 prev_pid=117 prev_prio=120 prev_state=S ==> next_comm=app_process next_pid=3256 next_prio=120
           <...>-3256  [000] ...2   188.717306: sched_switch: prev_comm=app_process prev_pid=3256 prev_prio=120 prev_state=D|W ==> next_comm=swapper/0 next_pid=0 next_prio=120
          <idle>-0     [000] ...2   188.717320: sched_switch: prev_comm=swapper/0 prev_pid=0 prev_prio=120 prev_state=R ==> next_comm=ksoftirqd/0 next_pid=3 next_prio=120
     ksoftirqd/0-3     [000] ...2   188.717327: sched_switch: prev_comm=ksoftirqd/0 prev_pid=3 prev_prio=120 prev_state=S ==> next_comm=swapper/0 next_pid=0 next_prio=120
          <idle>-0     [000] ...2   188.717342: sched_switch: prev_comm=swapper/0 prev_pid=0 prev_prio=120 prev_state=R ==> next_comm=ksoftirqd/0 next_pid=3 next_prio=120
     ksoftirqd/0-3     [000] ...2   188.717348: sched_switch: prev_comm=ksoftirqd/0 prev_pid=3 prev_prio=120 prev_state=S ==> next_comm=swapper/0 next_pid=0 next_prio=120
          <idle>-0     [000] ...2   188.717361: sched_switch: prev_comm=swapper/0 prev_pid=0 prev_prio=120 prev_state=R ==> next_comm=ksoftirqd/0 next_pid=3 next_prio=120
     ksoftirqd/0-3     [000] ...2   188.717368: sched_switch: prev_comm=ksoftirqd/0 prev_pid=3 prev_prio=120 prev_state=S ==> next_comm=swapper/0 next_pid=0 next_prio=120
          <idle>-0     [000] ...2   188.717639: sched_switch: prev_comm=swapper/0 prev_pid=0 prev_prio=120 prev_state=R ==> next_comm=mmcqd/1 next_pid=117 next_prio=120
         mmcqd/1-117   [000] ...1   188.717654: block_rq_complete: 179,0 RA () 863648 + 32 [0]
         mmcqd/1-117   [000] ...2   188.717671: sched_switch: prev_comm=mmcqd/1 prev_pid=117 prev_prio=120 prev_state=R+ ==> next_comm=kworker/0:1H next_pid=17 next_prio=100
    kworker/0:1H-17    [000] ...2   188.717678: sched_switch: prev_comm=kworker/0:1H prev_pid=17 prev_prio=100 prev_state=S ==> next_comm=mmcqd/1 next_pid=117 next_prio=120
         mmcqd/1-117   [000] ...2   188.717686: sched_switch: prev_comm=mmcqd/1 prev_pid=117 prev_prio=120 prev_state=S ==> next_comm=app_process next_pid=3256 next_prio=120
           <...>-3256  [000] d..2   188.717720: block_rq_insert: 179,0 R 0 () 863680 + 40 [app_process]
           <...>-3256  [000] ...2   188.717729: sched_switch: prev_comm=app_process prev_pid=3256 prev_prio=120 prev_state=R+ ==> next_comm=mmcqd/1 next_pid=117 next_prio=120
         mmcqd/1-117   [000] ...2   188.717771: sched_switch: prev_comm=mmcqd/1 prev_pid=117 prev_prio=120 prev_state=S ==> next_comm=app_process next_pid=3256 next_prio=120
           <...>-3256  [000] ...2   188.717803: sched_switch: prev_comm=app_process prev_pid=3256 prev_prio=120 prev_state=D|W ==> next_comm=swapper/0 next_pid=0 next_prio=120
          <idle>-0     [000] ...2   188.718187: sched_switch: prev_comm=swapper/0 prev_pid=0 prev_prio=120 prev_state=R ==> next_comm=mmcqd/1 next_pid=117 next_prio=120
         mmcqd/1-117   [000] ...1   188.718203: block_rq_complete: 179,0 RA () 863680 + 40 [0]
         mmcqd/1-117   [000] ...2   188.718221: sched_switch: prev_comm=mmcqd/1 prev_pid=117 prev_prio=120 prev_state=R+ ==> next_comm=kworker/0:1H next_pid=17 next_prio=100
    kworker/0:1H-17    [000] ...2   188.718228: sched_switch: prev_comm=kworker/0:1H prev_pid=17 prev_prio=100 prev_state=S ==> next_comm=mmcqd/1 next_pid=117 next_prio=120
         mmcqd/1-117   [000] ...2   188.718236: sched_switch: prev_comm=mmcqd/1 prev_pid=117 prev_prio=120 prev_state=S ==> next_comm=app_process next_pid=3256 next_prio=120
           <...>-3256  [000] d..2   188.718338: block_rq_insert: 179,0 R 0 () 863808 + 8 [app_process]
           <...>-3256  [000] ...2   188.718348: sched_switch: prev_comm=app_process prev_pid=3256 prev_prio=120 prev_state=R+ ==> next_comm=mmcqd/1 next_pid=117 next_prio=120
         mmcqd/1-117   [000] ...2   188.718383: sched_switch: prev_comm=mmcqd/1 prev_pid=117 prev_prio=120 prev_state=S ==> next_comm=app_process next_pid=3256 next_prio=120
           <...>-3256  [000] ...2   188.718388: sched_switch: prev_comm=app_process prev_pid=3256 prev_prio=120 prev_state=D|W ==> next_comm=swapper/0 next_pid=0 next_prio=120
          <idle>-0     [000] ...2   188.718402: sched_switch: prev_comm=swapper/0 prev_pid=0 prev_prio=120 prev_state=R ==> next_comm=ksoftirqd/0 next_pid=3 next_prio=120
     ksoftirqd/0-3     [000] ...2   188.718408: sched_switch: prev_comm=ksoftirqd/0 prev_pid=3 prev_prio=120 prev_state=S ==> next_comm=swapper/0 next_pid=0 next_prio=120
          <idle>-0     [000] ...2   188.718423: sched_switch: prev_comm=swapper/0 prev_pid=0 prev_prio=120 prev_state=R ==> next_comm=ksoftirqd/0 next_pid=3 next_prio=120
     ksoftirqd/0-3     [000] ...2   188.718429: sched_switch: prev_comm=ksoftirqd/0 prev_pid=3 prev_prio=120 prev_state=S ==> next_comm=swapper/0 next_pid=0 next_prio=120
          <idle>-0     [000] ...2   188.718449: sched_switch: prev_comm=swapper/0 prev_pid=0 prev_prio=120 prev_state=R ==> next_comm=ksoftirqd/0 next_pid=3 next_prio=120
     ksoftirqd/0-3     [000] ...2   188.718455: sched_switch: prev_comm=ksoftirqd/0 prev_pid=3 prev_prio=120 prev_state=S ==> next_comm=swapper/0 next_pid=0 next_prio=120
          <idle>-0     [000] ...2   188.718628: sched_switch: prev_comm=swapper/0 prev_pid=0 prev_prio=120 prev_state=R ==> next_comm=mmcqd/1 next_pid=117 next_prio=120
         mmcqd/1-117   [000] ...1   188.718637: block_rq_complete: 179,0 RA () 863808 + 8 [0]
         mmcqd/1-117   [000] ...2   188.718653: sched_switch: prev_comm=mmcqd/1 prev_pid=117 prev_prio=120 prev_state=R+ ==> next_comm=kworker/0:1H next_pid=17 next_prio=100
    kworker/0:1H-17    [000] ...2   188.718659: sched_switch: prev_comm=kworker/0:1H prev_pid=17 prev_prio=100 prev_state=S ==> next_comm=mmcqd/1 next_pid=117 next_prio=120
         mmcqd/1-117   [000] ...2   188.718668: sched_switch: prev_comm=mmcqd/1 prev_pid=117 prev_prio=120 prev_state=S ==> next_comm=app_process next_pid=3256 next_prio=120
           <...>-3256  [000] d..2   188.718736: block_rq_insert: 179,0 R 0 () 802992 + 32 [app_process]
           <...>-3256  [000] ...2   188.718746: sched_switch: prev_comm=app_process prev_pid=3256 prev_prio=120 prev_state=R+ ==> next_comm=mmcqd/1 next_pid=117 next_prio=120
         mmcqd/1-117   [000] ...2   188.718786: sched_switch: prev_comm=mmcqd/1 prev_pid=117 prev_prio=120 prev_state=S ==> next_comm=app_process next_pid=3256 next_prio=120
           <...>-3256  [000] ...2   188.718791: sched_switch: prev_comm=app_process prev_pid=3256 prev_prio=120 prev_state=D|W ==> next_comm=swapper/0 next_pid=0 next_prio=120
          <idle>-0     [000] ...2   188.718805: sched_switch: prev_comm=swapper/0 prev_pid=0 prev_prio=120 prev_state=R ==> next_comm=ksoftirqd/0 next_pid=3 next_prio=120
     ksoftirqd/0-3     [000] ...2   188.718812: sched_switch: prev_comm=ksoftirqd/0 prev_pid=3 prev_prio=120 prev_state=S ==> next_comm=swapper/0 next_pid=0 next_prio=120
          <idle>-0     [000] ...2   188.718826: sched_switch: prev_comm=swapper/0 prev_pid=0 prev_prio=120 prev_state=R ==> next_comm=ksoftirqd/0 next_pid=3 next_prio=120
     ksoftirqd/0-3     [000] ...2   188.718832: sched_switch: prev_comm=ksoftirqd/0 prev_pid=3 prev_prio=120 prev_state=S ==> next_comm=swapper/0 next_pid=0 next_prio=120
          <idle>-0     [000] ...2   188.718845: sched_switch: prev_comm=swapper/0 prev_pid=0 prev_prio=120 prev_state=R ==> next_comm=ksoftirqd/0 next_pid=3 next_prio=120
     ksoftirqd/0-3     [000] ...2   188.718851: sched_switch: prev_comm=ksoftirqd/0 prev_pid=3 prev_prio=120 prev_state=S ==> next_comm=swapper/0 next_pid=0 next_prio=120
          <idle>-0     [000] ...2   188.719169: sched_switch: prev_comm=swapper/0 prev_pid=0 prev_prio=120 prev_state=R ==> next_comm=mmcqd/1 next_pid=117 next_prio=120
         mmcqd/1-117   [000] ...1   188.719184: block_rq_complete: 179,0 RA () 802992 + 32 [0]
         mmcqd/1-117   [000] ...2   188.719199: sched_switch: prev_comm=mmcqd/1 prev_pid=117 prev_prio=120 prev_state=R+ ==> next_comm=kworker/0:1H next_pid=17 next_prio=100
    kworker/0:1H-17    [000] ...2   188.719206: sched_switch: prev_comm=kworker/0:1H prev_pid=17 prev_prio=100 prev_state=S ==> next_comm=mmcqd/1 next_pid=117 next_prio=120
         mmcqd/1-117   [000] ...2   188.719214: sched_switch: prev_comm=mmcqd/1 prev_pid=117 prev_prio=120 prev_state=S ==> next_comm=app_process next_pid=3256 next_prio=120
           <...>-3256  [000] d..2   188.719258: block_rq_insert: 179,0 R 0 () 803104 + 136 [app_process]
           <...>-3256  [000] ...2   188.719267: sched_switch: prev_comm=app_process prev_pid=3256 prev_prio=120 prev_state=R+ ==> next_comm=mmcqd/1 next_pid=117 next_prio=120
         mmcqd/1-117   [000] ...2   188.719333: sched_switch: prev_comm=mmcqd/1 prev_pid=117 prev_prio=120 prev_state=S ==> next_comm=app_process next_pid=3256 next_prio=120
           <...>-3256  [000] ...2   188.719338: sched_switch: prev_comm=app_process prev_pid=3256 prev_prio=120 prev_state=D|W ==> next_comm=swapper/0 next_pid=0 next_prio=120
          <idle>-0     [000] ...2   188.720192: sched_switch: prev_comm=swapper/0 prev_pid=0 prev_prio=120 prev_state=R ==> next_comm=mmcqd/1 next_pid=117 next_prio=120
         mmcqd/1-117   [000] ...1   188.720228: block_rq_complete: 179,0 RA () 803104 + 136 [0]
         mmcqd/1-117   [000] ...2   188.720248: sched_switch: prev_comm=mmcqd/1 prev_pid=117 prev_prio=120 prev_state=R+ ==> next_comm=kworker/0:1H next_pid=17 next_prio=100
    kworker/0:1H-17    [000] ...2   188.720254: sched_switch: prev_comm=kworker/0:1H prev_pid=17 prev_prio=100 prev_state=S ==> next_comm=mmcqd/1 next_pid=117 next_prio=120
         mmcqd/1-117   [000] ...2   188.720263: sched_switch: prev_comm=mmcqd/1 prev_pid=117 prev_prio=120 prev_state=S ==> next_comm=app_process next_pid=3256 next_prio=120
           <...>-3256  [000] d..2   188.720498: block_rq_insert: 179,0 R 0 () 803392 + 32 [app_process]
           <...>-3256  [000] ...2   188.720508: sched_switch: prev_comm=app_process prev_pid=3256 prev_prio=120 prev_state=R+ ==> next_comm=mmcqd/1 next_pid=117 next_prio=120
         mmcqd/1-117   [000] ...2   188.720552: sched_switch: prev_comm=mmcqd/1 prev_pid=117 prev_prio=120 prev_state=S ==> next_comm=app_process next_pid=3256 next_prio=120
           <...>-3256  [000] ...2   188.720557: sched_switch: prev_comm=app_process prev_pid=3256 prev_prio=120 prev_state=D|W ==> next_comm=swapper/0 next_pid=0 next_prio=120
          <idle>-0     [000] ...2   188.720573: sched_switch: prev_comm=swapper/0 prev_pid=0 prev_prio=120 prev_state=R ==> next_comm=ksoftirqd/0 next_pid=3 next_prio=120
     ksoftirqd/0-3     [000] ...2   188.720580: sched_switch: prev_comm=ksoftirqd/0 prev_pid=3 prev_prio=120 prev_state=S ==> next_comm=swapper/0 next_pid=0 next_prio=120
          <idle>-0     [000] ...2   188.720595: sched_switch: prev_comm=swapper/0 prev_pid=0 prev_prio=120 prev_state=R ==> next_comm=ksoftirqd/0 next_pid=3 next_prio=120
     ksoftirqd/0-3     [000] ...2   188.720601: sched_switch: prev_comm=ksoftirqd/0 prev_pid=3 prev_prio=120 prev_state=S ==> next_comm=swapper/0 next_pid=0 next_prio=120
          <idle>-0     [000] ...2   188.720615: sched_switch: prev_comm=swapper/0 prev_pid=0 prev_prio=120 prev_state=R ==> next_comm=ksoftirqd/0 next_pid=3 next_prio=120
     ksoftirqd/0-3     [000] ...2   188.720621: sched_switch: prev_comm=ksoftirqd/0 prev_pid=3 prev_prio=120 prev_state=S ==> next_comm=swapper/0 next_pid=0 next_prio=120
          <idle>-0     [000] ...2   188.720899: sched_switch: prev_comm=swapper/0 prev_pid=0 prev_prio=120 prev_state=R ==> next_comm=mmcqd/1 next_pid=117 next_prio=120
         mmcqd/1-117   [000] ...1   188.720913: block_rq_complete: 179,0 RA () 803392 + 32 [0]
         mmcqd/1-117   [000] ...2   188.720930: sched_switch: prev_comm=mmcqd/1 prev_pid=117 prev_prio=120 prev_state=R+ ==> next_comm=kworker/0:1H next_pid=17 next_prio=100
    kworker/0:1H-17    [000] ...2   188.720937: sched_switch: prev_comm=kworker/0:1H prev_pid=17 prev_prio=100 prev_state=S ==> next_comm=mmcqd/1 next_pid=117 next_prio=120
         mmcqd/1-117   [000] ...2   188.720946: sched_switch: prev_comm=mmcqd/1 prev_pid=117 prev_prio=120 prev_state=S ==> next_comm=app_process next_pid=3256 next_prio=120
           <...>-3256  [000] d..2   188.720992: block_rq_insert: 179,0 R 0 () 804336 + 136 [app_process]
           <...>-3256  [000] ...2   188.721001: sched_switch: prev_comm=app_process prev_pid=3256 prev_prio=120 prev_state=R+ ==> next_comm=mmcqd/1 next_pid=117 next_prio=120
         mmcqd/1-117   [000] ...2   188.721066: sched_switch: prev_comm=mmcqd/1 prev_pid=117 prev_prio=120 prev_state=S ==> next_comm=app_process next_pid=3256 next_prio=120
           <...>-3256  [000] ...2   188.721071: sched_switch: prev_comm=app_process prev_pid=3256 prev_prio=120 prev_state=D|W ==> next_comm=swapper/0 next_pid=0 next_prio=120
          <idle>-0     [000] ...2   188.721992: sched_switch: prev_comm=swapper/0 prev_pid=0 prev_prio=120 prev_state=R ==> next_comm=mmcqd/1 next_pid=117 next_prio=120
         mmcqd/1-117   [000] ...1   188.722028: block_rq_complete: 179,0 RA () 804336 + 136 [0]
         mmcqd/1-117   [000] ...2   188.722049: sched_switch: prev_comm=mmcqd/1 prev_pid=117 prev_prio=120 prev_state=R+ ==> next_comm=kworker/0:1H next_pid=17 next_prio=100
    kworker/0:1H-17    [000] ...2   188.722056: sched_switch: prev_comm=kworker/0:1H prev_pid=17 prev_prio=100 prev_state=S ==> next_comm=mmcqd/1 next_pid=117 next_prio=120
         mmcqd/1-117   [000] ...2   188.722064: sched_switch: prev_comm=mmcqd/1 prev_pid=117 prev_prio=120 prev_state=S ==> next_comm=app_process next_pid=3256 next_prio=120
           <...>-3256  [000] d..2   188.722337: block_rq_insert: 179,0 FWS 0 () 0 + 0 [app_process]
           <...>-3256  [000] ...2   188.722347: sched_switch: prev_comm=app_process prev_pid=3256 prev_prio=120 prev_state=R+ ==> next_comm=mmcqd/1 next_pid=117 next_prio=120
         mmcqd/1-117   [000] ...2   188.722372: sched_switch: prev_comm=mmcqd/1 prev_pid=117 prev_prio=120 prev_state=D ==> next_comm=app_process next_pid=3256 next_prio=120
           <...>-3256  [000] ...2   188.722378: sched_switch: prev_comm=app_process prev_pid=3256 prev_prio=120 prev_state=D ==> next_comm=swapper/0 next_pid=0 next_prio=120
          <idle>-0     [000] ...2   188.722406: sched_switch: prev_comm=swapper/0 prev_pid=0 prev_prio=120 prev_state=R ==> next_comm=ksoftirqd/0 next_pid=3 next_prio=120
     ksoftirqd/0-3     [000] ...2   188.722413: sched_switch: prev_comm=ksoftirqd/0 prev_pid=3 prev_prio=120 prev_state=S ==> next_comm=mmcqd/1 next_pid=117 next_prio=120
         mmcqd/1-117   [000] ...2   188.722437: sched_switch: prev_comm=mmcqd/1 prev_pid=117 prev_prio=120 prev_state=R ==> next_comm=swapper/0 next_pid=0 next_prio=120
          <idle>-0     [000] ...2   188.722440: sched_switch: prev_comm=swapper/0 prev_pid=0 prev_prio=120 prev_state=R ==> next_comm=mmcqd/1 next_pid=117 next_prio=120
         mmcqd/1-117   [000] d..2   188.722445: block_rq_complete: 179,0 WS () 0 + 0 [0]
         mmcqd/1-117   [000] ...2   188.722462: sched_switch: prev_comm=mmcqd/1 prev_pid=117 prev_prio=120 prev_state=S ==> next_comm=app_process next_pid=3256 next_prio=120
          <idle>-0     [001] ...2   188.728468: sched_switch: prev_comm=swapper/1 prev_pid=0 prev_prio=120 prev_state=R ==> next_comm=kworker/u:3 next_pid=113 next_prio=120
           <...>-3256  [000] ...2   188.728481: sched_switch: prev_comm=app_process prev_pid=3256 prev_prio=120 prev_state=R+ ==> next_comm=mpdecision next_pid=1613 next_prio=113
     kworker/u:3-113   [001] ...2   188.728488: sched_switch: prev_comm=kworker/u:3 prev_pid=113 prev_prio=120 prev_state=S ==> next_comm=swapper/1 next_pid=0 next_prio=120
      mpdecision-1613  [000] ...2   188.728710: sched_switch: prev_comm=mpdecision prev_pid=1613 prev_prio=113 prev_state=S ==> next_comm=app_process next_pid=3256 next_prio=120
           <...>-3256  [000] d..2   188.731012: block_rq_insert: 179,0 R 0 () 4072736 + 128 [main]
           <...>-3256  [000] ...2   188.731023: sched_switch: prev_comm=main prev_pid=3256 prev_prio=120 prev_state=R+ ==> next_comm=mmcqd/1 next_pid=117 next_prio=120
         mmcqd/1-117   [000] ...2   188.731096: sched_switch: prev_comm=mmcqd/1 prev_pid=117 prev_prio=120 prev_state=S ==> next_comm=main next_pid=3256 next_prio=120
           <...>-3256  [000] ...2   188.731102: sched_switch: prev_comm=main prev_pid=3256 prev_prio=120 prev_state=D|W ==> next_comm=swapper/0 next_pid=0 next_prio=120
          <idle>-0     [000] ...2   188.731121: sched_switch: prev_comm=swapper/0 prev_pid=0 prev_prio=120 prev_state=R ==> next_comm=ksoftirqd/0 next_pid=3 next_prio=120
     ksoftirqd/0-3     [000] ...2   188.731130: sched_switch: prev_comm=ksoftirqd/0 prev_pid=3 prev_prio=120 prev_state=S ==> next_comm=swapper/0 next_pid=0 next_prio=120
          <idle>-0     [000] ...2   188.731146: sched_switch: prev_comm=swapper/0 prev_pid=0 prev_prio=120 prev_state=R ==> next_comm=ksoftirqd/0 next_pid=3 next_prio=120
     ksoftirqd/0-3     [000] ...2   188.731168: sched_switch: prev_comm=ksoftirqd/0 prev_pid=3 prev_prio=120 prev_state=S ==> next_comm=swapper/0 next_pid=0 next_prio=120
          <idle>-0     [000] ...2   188.731915: sched_switch: prev_comm=swapper/0 prev_pid=0 prev_prio=120 prev_state=R ==> next_comm=mmcqd/1 next_pid=117 next_prio=120
         mmcqd/1-117   [000] ...1   188.731950: block_rq_complete: 179,0 RA () 4072736 + 128 [0]
         mmcqd/1-117   [000] ...2   188.731972: sched_switch: prev_comm=mmcqd/1 prev_pid=117 prev_prio=120 prev_state=R+ ==> next_comm=kworker/0:1H next_pid=17 next_prio=100
    kworker/0:1H-17    [000] ...2   188.731979: sched_switch: prev_comm=kworker/0:1H prev_pid=17 prev_prio=100 prev_state=S ==> next_comm=mmcqd/1 next_pid=117 next_prio=120
         mmcqd/1-117   [000] ...2   188.731989: sched_switch: prev_comm=mmcqd/1 prev_pid=117 prev_prio=120 prev_state=S ==> next_comm=main next_pid=3256 next_prio=120
           <...>-3256  [000] d..2   188.732082: block_rq_insert: 179,0 R 0 () 4076944 + 16 [main]
           <...>-3256  [000] d..2   188.732086: block_rq_insert: 179,0 R 0 () 4076968 + 80 [main]
           <...>-3256  [000] d..2   188.732088: block_rq_insert: 179,0 R 0 () 4077080 + 32 [main]
           <...>-3256  [000] ...2   188.732096: sched_switch: prev_comm=main prev_pid=3256 prev_prio=120 prev_state=R+ ==> next_comm=mmcqd/1 next_pid=117 next_prio=120
         mmcqd/1-117   [000] ...2   188.732159: sched_switch: prev_comm=mmcqd/1 prev_pid=117 prev_prio=120 prev_state=S ==> next_comm=main next_pid=3256 next_prio=120
           <...>-3256  [000] ...2   188.732164: sched_switch: prev_comm=main prev_pid=3256 prev_prio=120 prev_state=D|W ==> next_comm=swapper/0 next_pid=0 next_prio=120
          <idle>-0     [000] ...2   188.732391: sched_switch: prev_comm=swapper/0 prev_pid=0 prev_prio=120 prev_state=R ==> next_comm=mmcqd/1 next_pid=117 next_prio=120
         mmcqd/1-117   [000] ...1   188.732417: block_rq_complete: 179,0 RA () 4076944 + 16 [0]
         mmcqd/1-117   [000] ...2   188.732442: sched_switch: prev_comm=mmcqd/1 prev_pid=117 prev_prio=120 prev_state=S ==> next_comm=swapper/0 next_pid=0 next_prio=120
          <idle>-0     [000] ...2   188.733013: sched_switch: prev_comm=swapper/0 prev_pid=0 prev_prio=120 prev_state=R ==> next_comm=mmcqd/1 next_pid=117 next_prio=120
         mmcqd/1-117   [000] ...1   188.733051: block_rq_complete: 179,0 RA () 4076968 + 80 [0]
         mmcqd/1-117   [000] ...2   188.733069: sched_switch: prev_comm=mmcqd/1 prev_pid=117 prev_prio=120 prev_state=S ==> next_comm=main next_pid=3256 next_prio=120
           <...>-3256  [000] ...2   188.733101: sched_switch: prev_comm=main prev_pid=3256 prev_prio=120 prev_state=D|W ==> next_comm=swapper/0 next_pid=0 next_prio=120
          <idle>-0     [000] ...2   188.733438: sched_switch: prev_comm=swapper/0 prev_pid=0 prev_prio=120 prev_state=R ==> next_comm=mmcqd/1 next_pid=117 next_prio=120
         mmcqd/1-117   [000] ...1   188.733453: block_rq_complete: 179,0 RA () 4077080 + 32 [0]
         mmcqd/1-117   [000] ...2   188.733469: sched_switch: prev_comm=mmcqd/1 prev_pid=117 prev_prio=120 prev_state=R+ ==> next_comm=kworker/0:1H next_pid=17 next_prio=100
    kworker/0:1H-17    [000] ...2   188.733477: sched_switch: prev_comm=kworker/0:1H prev_pid=17 prev_prio=100 prev_state=S ==> next_comm=mmcqd/1 next_pid=117 next_prio=120
         mmcqd/1-117   [000] ...2   188.733486: sched_switch: prev_comm=mmcqd/1 prev_pid=117 prev_prio=120 prev_state=S ==> next_comm=main next_pid=3256 next_prio=120
           <...>-3256  [000] d..2   188.733546: block_rq_insert: 179,0 R 0 () 4077120 + 16 [main]
           <...>-3256  [000] d..2   188.733549: block_rq_insert: 179,0 R 0 () 4077160 + 16 [main]
           <...>-3256  [000] d..2   188.733550: block_rq_insert: 179,0 R 0 () 4077184 + 48 [main]
           <...>-3256  [000] ...2   188.733559: sched_switch: prev_comm=main prev_pid=3256 prev_prio=120 prev_state=R+ ==> next_comm=mmcqd/1 next_pid=117 next_prio=120
         mmcqd/1-117   [000] ...2   188.733605: sched_switch: prev_comm=mmcqd/1 prev_pid=117 prev_prio=120 prev_state=S ==> next_comm=main next_pid=3256 next_prio=120
           <...>-3256  [000] ...2   188.733610: sched_switch: prev_comm=main prev_pid=3256 prev_prio=120 prev_state=D|W ==> next_comm=swapper/0 next_pid=0 next_prio=120
          <idle>-0     [000] ...2   188.733875: sched_switch: prev_comm=swapper/0 prev_pid=0 prev_prio=120 prev_state=R ==> next_comm=mmcqd/1 next_pid=117 next_prio=120
         mmcqd/1-117   [000] ...1   188.733901: block_rq_complete: 179,0 RA () 4077120 + 16 [0]
         mmcqd/1-117   [000] ...2   188.733928: sched_switch: prev_comm=mmcqd/1 prev_pid=117 prev_prio=120 prev_state=S ==> next_comm=swapper/0 next_pid=0 next_prio=120
          <idle>-0     [000] ...2   188.734204: sched_switch: prev_comm=swapper/0 prev_pid=0 prev_prio=120 prev_state=R ==> next_comm=mmcqd/1 next_pid=117 next_prio=120
         mmcqd/1-117   [000] ...1   188.734229: block_rq_complete: 179,0 RA () 4077160 + 16 [0]
         mmcqd/1-117   [000] ...2   188.734244: sched_switch: prev_comm=mmcqd/1 prev_pid=117 prev_prio=120 prev_state=S ==> next_comm=main next_pid=3256 next_prio=120
           <...>-3256  [000] d..2   188.734327: block_rq_insert: 179,0 R 0 () 4077376 + 8 [main]
           <...>-3256  [000] d..2   188.734330: block_rq_insert: 179,0 R 0 () 4077400 + 104 [main]
           <...>-3256  [000] ...2   188.734339: sched_switch: prev_comm=main prev_pid=3256 prev_prio=120 prev_state=R+ ==> next_comm=mmcqd/1 next_pid=117 next_prio=120
         mmcqd/1-117   [000] ...2   188.734354: sched_switch: prev_comm=mmcqd/1 prev_pid=117 prev_prio=120 prev_state=S ==> next_comm=main next_pid=3256 next_prio=120
           <...>-3256  [000] ...2   188.734359: sched_switch: prev_comm=main prev_pid=3256 prev_prio=120 prev_state=D|W ==> next_comm=swapper/0 next_pid=0 next_prio=120
          <idle>-0     [000] ...2   188.734679: sched_switch: prev_comm=swapper/0 prev_pid=0 prev_prio=120 prev_state=R ==> next_comm=mmcqd/1 next_pid=117 next_prio=120
         mmcqd/1-117   [000] ...1   188.734712: block_rq_complete: 179,0 RA () 4077184 + 48 [0]
         mmcqd/1-117   [000] ...2   188.734754: sched_switch: prev_comm=mmcqd/1 prev_pid=117 prev_prio=120 prev_state=S ==> next_comm=swapper/0 next_pid=0 next_prio=120
          <idle>-0     [000] ...2   188.734949: sched_switch: prev_comm=swapper/0 prev_pid=0 prev_prio=120 prev_state=R ==> next_comm=mmcqd/1 next_pid=117 next_prio=120
         mmcqd/1-117   [000] ...1   188.734973: block_rq_complete: 179,0 RA () 4077376 + 8 [0]
         mmcqd/1-117   [000] ...2   188.734987: sched_switch: prev_comm=mmcqd/1 prev_pid=117 prev_prio=120 prev_state=S ==> next_comm=main next_pid=3256 next_prio=120
           <...>-3256  [000] d..2   188.735045: block_rq_insert: 179,0 R 0 () 4077592 + 16 [main]
           <...>-3256  [000] d..2   188.735048: block_rq_insert: 179,0 R 0 () 4077696 + 8 [main]
           <...>-3256  [000] d..2   188.735049: block_rq_insert: 179,0 R 0 () 4077752 + 8 [main]
           <...>-3256  [000] d..2   188.735051: block_rq_insert: 179,0 R 0 () 4077800 + 24 [main]
           <...>-3256  [000] ...2   188.735060: sched_switch: prev_comm=main prev_pid=3256 prev_prio=120 prev_state=R+ ==> next_comm=mmcqd/1 next_pid=117 next_prio=120
         mmcqd/1-117   [000] ...2   188.735076: sched_switch: prev_comm=mmcqd/1 prev_pid=117 prev_prio=120 prev_state=S ==> next_comm=main next_pid=3256 next_prio=120
           <...>-3256  [000] ...2   188.735081: sched_switch: prev_comm=main prev_pid=3256 prev_prio=120 prev_state=D|W ==> next_comm=swapper/0 next_pid=0 next_prio=120
          <idle>-0     [000] ...2   188.735704: sched_switch: prev_comm=swapper/0 prev_pid=0 prev_prio=120 prev_state=R ==> next_comm=mmcqd/1 next_pid=117 next_prio=120
         mmcqd/1-117   [000] ...1   188.735747: block_rq_complete: 179,0 RA () 4077400 + 104 [0]
         mmcqd/1-117   [000] ...2   188.735768: sched_switch: prev_comm=mmcqd/1 prev_pid=117 prev_prio=120 prev_state=S ==> next_comm=swapper/0 next_pid=0 next_prio=120
          <idle>-0     [000] ...2   188.736052: sched_switch: prev_comm=swapper/0 prev_pid=0 prev_prio=120 prev_state=R ==> next_comm=mmcqd/1 next_pid=117 next_prio=120
         mmcqd/1-117   [000] ...1   188.736076: block_rq_complete: 179,0 RA () 4077592 + 16 [0]
         mmcqd/1-117   [000] ...2   188.736093: sched_switch: prev_comm=mmcqd/1 prev_pid=117 prev_prio=120 prev_state=S ==> next_comm=swapper/0 next_pid=0 next_prio=120
          <idle>-0     [000] ...2   188.736313: sched_switch: prev_comm=swapper/0 prev_pid=0 prev_prio=120 prev_state=R ==> next_comm=mmcqd/1 next_pid=117 next_prio=120
         mmcqd/1-117   [000] ...1   188.736337: block_rq_complete: 179,0 RA () 4077696 + 8 [0]
         mmcqd/1-117   [000] ...2   188.736362: sched_switch: prev_comm=mmcqd/1 prev_pid=117 prev_prio=120 prev_state=S ==> next_comm=main next_pid=3256 next_prio=120
           <...>-3256  [000] d..2   188.736424: block_rq_insert: 179,0 R 0 () 4079160 + 8 [main]
           <...>-3256  [000] d..2   188.736427: block_rq_insert: 179,0 R 0 () 4079192 + 80 [main]
           <...>-3256  [000] d..2   188.736428: block_rq_insert: 179,0 R 0 () 4079304 + 8 [main]
           <...>-3256  [000] ...2   188.736435: sched_switch: prev_comm=main prev_pid=3256 prev_prio=120 prev_state=D|W ==> next_comm=swapper/0 next_pid=0 next_prio=120
          <idle>-0     [000] ...2   188.736595: sched_switch: prev_comm=swapper/0 prev_pid=0 prev_prio=120 prev_state=R ==> next_comm=mmcqd/1 next_pid=117 next_prio=120
         mmcqd/1-117   [000] ...1   188.736620: block_rq_complete: 179,0 RA () 4077752 + 8 [0]
         mmcqd/1-117   [000] ...2   188.736637: sched_switch: prev_comm=mmcqd/1 prev_pid=117 prev_prio=120 prev_state=S ==> next_comm=swapper/0 next_pid=0 next_prio=120
          <idle>-0     [000] ...2   188.736945: sched_switch: prev_comm=swapper/0 prev_pid=0 prev_prio=120 prev_state=R ==> next_comm=mmcqd/1 next_pid=117 next_prio=120
         mmcqd/1-117   [000] ...1   188.736972: block_rq_complete: 179,0 RA () 4077800 + 24 [0]
         mmcqd/1-117   [000] ...2   188.737007: sched_switch: prev_comm=mmcqd/1 prev_pid=117 prev_prio=120 prev_state=S ==> next_comm=swapper/0 next_pid=0 next_prio=120
          <idle>-0     [000] ...2   188.737225: sched_switch: prev_comm=swapper/0 prev_pid=0 prev_prio=120 prev_state=R ==> next_comm=mmcqd/1 next_pid=117 next_prio=120
         mmcqd/1-117   [000] ...1   188.737249: block_rq_complete: 179,0 RA () 4079160 + 8 [0]
         mmcqd/1-117   [000] ...2   188.737265: sched_switch: prev_comm=mmcqd/1 prev_pid=117 prev_prio=120 prev_state=S ==> next_comm=swapper/0 next_pid=0 next_prio=120
          <idle>-0     [000] ...2   188.737879: sched_switch: prev_comm=swapper/0 prev_pid=0 prev_prio=120 prev_state=R ==> next_comm=mmcqd/1 next_pid=117 next_prio=120
         mmcqd/1-117   [000] ...1   188.737919: block_rq_complete: 179,0 RA () 4079192 + 80 [0]
         mmcqd/1-117   [000] ...2   188.737935: sched_switch: prev_comm=mmcqd/1 prev_pid=117 prev_prio=120 prev_state=S ==> next_comm=main next_pid=3256 next_prio=120
           <...>-3256  [000] d..2   188.737998: block_rq_insert: 179,0 R 0 () 4081752 + 8 [main]
           <...>-3256  [000] d..2   188.738001: block_rq_insert: 179,0 R 0 () 4081856 + 8 [main]
           <...>-3256  [000] d..2   188.738002: block_rq_insert: 179,0 R 0 () 4081960 + 8 [main]
           <...>-3256  [000] d..2   188.738004: block_rq_insert: 179,0 R 0 () 4081976 + 8 [main]
           <...>-3256  [000] ...2   188.738013: sched_switch: prev_comm=main prev_pid=3256 prev_prio=120 prev_state=R+ ==> next_comm=mmcqd/1 next_pid=117 next_prio=120
         mmcqd/1-117   [000] ...2   188.738028: sched_switch: prev_comm=mmcqd/1 prev_pid=117 prev_prio=120 prev_state=S ==> next_comm=main next_pid=3256 next_prio=120
           <...>-3256  [000] ...2   188.738033: sched_switch: prev_comm=main prev_pid=3256 prev_prio=120 prev_state=D|W ==> next_comm=swapper/0 next_pid=0 next_prio=120
          <idle>-0     [000] ...2   188.738175: sched_switch: prev_comm=swapper/0 prev_pid=0 prev_prio=120 prev_state=R ==> next_comm=mmcqd/1 next_pid=117 next_prio=120
         mmcqd/1-117   [000] ...1   188.738200: block_rq_complete: 179,0 RA () 4079304 + 8 [0]
         mmcqd/1-117   [000] ...2   188.738217: sched_switch: prev_comm=mmcqd/1 prev_pid=117 prev_prio=120 prev_state=S ==> next_comm=swapper/0 next_pid=0 next_prio=120
          <idle>-0     [000] ...2   188.738460: sched_switch: prev_comm=swapper/0 prev_pid=0 prev_prio=120 prev_state=R ==> next_comm=mmcqd/1 next_pid=117 next_prio=120
         mmcqd/1-117   [000] ...1   188.738484: block_rq_complete: 179,0 RA () 4081752 + 8 [0]
         mmcqd/1-117   [000] ...2   188.738501: sched_switch: prev_comm=mmcqd/1 prev_pid=117 prev_prio=120 prev_state=S ==> next_comm=swapper/0 next_pid=0 next_prio=120
          <idle>-0     [000] ...2   188.738734: sched_switch: prev_comm=swapper/0 prev_pid=0 prev_prio=120 prev_state=R ==> next_comm=mmcqd/1 next_pid=117 next_prio=120
         mmcqd/1-117   [000] ...1   188.738758: block_rq_complete: 179,0 RA () 4081856 + 8 [0]
         mmcqd/1-117   [000] ...2   188.738779: sched_switch: prev_comm=mmcqd/1 prev_pid=117 prev_prio=120 prev_state=S ==> next_comm=main next_pid=3256 next_prio=120
           <...>-3256  [000] d..2   188.738846: block_rq_insert: 179,0 R 0 () 4082016 + 8 [main]
           <...>-3256  [000] d..2   188.738848: block_rq_insert: 179,0 R 0 () 4082128 + 8 [main]
           <...>-3256  [000] d..2   188.738850: block_rq_insert: 179,0 R 0 () 4082152 + 8 [main]
           <...>-3256  [000] d..2   188.738851: block_rq_insert: 179,0 R 0 () 4082168 + 32 [main]
           <...>-3256  [000] d..2   188.738852: block_rq_insert: 179,0 R 0 () 4082240 + 8 [main]
           <...>-3256  [000] ...2   188.738859: sched_switch: prev_comm=main prev_pid=3256 prev_prio=120 prev_state=D|W ==> next_comm=swapper/0 next_pid=0 next_prio=120
          <idle>-0     [000] ...2   188.739015: sched_switch: prev_comm=swapper/0 prev_pid=0 prev_prio=120 prev_state=R ==> next_comm=mmcqd/1 next_pid=117 next_prio=120
         mmcqd/1-117   [000] ...1   188.739039: block_rq_complete: 179,0 RA () 4081960 + 8 [0]
         mmcqd/1-117   [000] ...2   188.739056: sched_switch: prev_comm=mmcqd/1 prev_pid=117 prev_prio=120 prev_state=S ==> next_comm=swapper/0 next_pid=0 next_prio=120
          <idle>-0     [000] ...2   188.739330: sched_switch: prev_comm=swapper/0 prev_pid=0 prev_prio=120 prev_state=R ==> next_comm=mmcqd/1 next_pid=117 next_prio=120
         mmcqd/1-117   [000] ...1   188.739354: block_rq_complete: 179,0 RA () 4081976 + 8 [0]
         mmcqd/1-117   [000] ...2   188.739371: sched_switch: prev_comm=mmcqd/1 prev_pid=117 prev_prio=120 prev_state=S ==> next_comm=swapper/0 next_pid=0 next_prio=120
          <idle>-0     [000] ...2   188.739622: sched_switch: prev_comm=swapper/0 prev_pid=0 prev_prio=120 prev_state=R ==> next_comm=mmcqd/1 next_pid=117 next_prio=120
         mmcqd/1-117   [000] ...1   188.739645: block_rq_complete: 179,0 RA () 4082016 + 8 [0]
         mmcqd/1-117   [000] ...2   188.739662: sched_switch: prev_comm=mmcqd/1 prev_pid=117 prev_prio=120 prev_state=S ==> next_comm=swapper/0 next_pid=0 next_prio=120
          <idle>-0     [000] ...2   188.739907: sched_switch: prev_comm=swapper/0 prev_pid=0 prev_prio=120 prev_state=R ==> next_comm=mmcqd/1 next_pid=117 next_prio=120
         mmcqd/1-117   [000] ...1   188.739931: block_rq_complete: 179,0 RA () 4082128 + 8 [0]
         mmcqd/1-117   [000] ...2   188.739958: sched_switch: prev_comm=mmcqd/1 prev_pid=117 prev_prio=120 prev_state=S ==> next_comm=main next_pid=3256 next_prio=120
           <...>-3256  [000] ...2   188.739987: sched_switch: prev_comm=main prev_pid=3256 prev_prio=120 prev_state=D|W ==> next_comm=swapper/0 next_pid=0 next_prio=120
          <idle>-0     [000] ...2   188.740191: sched_switch: prev_comm=swapper/0 prev_pid=0 prev_prio=120 prev_state=R ==> next_comm=mmcqd/1 next_pid=117 next_prio=120
         mmcqd/1-117   [000] ...1   188.740215: block_rq_complete: 179,0 RA () 4082152 + 8 [0]
         mmcqd/1-117   [000] ...2   188.740236: sched_switch: prev_comm=mmcqd/1 prev_pid=117 prev_prio=120 prev_state=S ==> next_comm=main next_pid=3256 next_prio=120
           <...>-3256  [000] ...2   188.740264: sched_switch: prev_comm=main prev_pid=3256 prev_prio=120 prev_state=D|W ==> next_comm=swapper/0 next_pid=0 next_prio=120
          <idle>-0     [000] ...2   188.740745: sched_switch: prev_comm=swapper/0 prev_pid=0 prev_prio=120 prev_state=R ==> next_comm=mmcqd/1 next_pid=117 next_prio=120
         mmcqd/1-117   [000] ...1   188.740775: block_rq_complete: 179,0 RA () 4082168 + 32 [0]
         mmcqd/1-117   [000] ...2   188.740790: sched_switch: prev_comm=mmcqd/1 prev_pid=117 prev_prio=120 prev_state=S ==> next_comm=main next_pid=3256 next_prio=120
           <...>-3256  [000] ...2   188.740836: sched_switch: prev_comm=main prev_pid=3256 prev_prio=120 prev_state=D|W ==> next_comm=swapper/0 next_pid=0 next_prio=120
          <idle>-0     [000] ...2   188.741026: sched_switch: prev_comm=swapper/0 prev_pid=0 prev_prio=120 prev_state=R ==> next_comm=mmcqd/1 next_pid=117 next_prio=120
         mmcqd/1-117   [000] ...1   188.741036: block_rq_complete: 179,0 RA () 4082240 + 8 [0]
         mmcqd/1-117   [000] ...2   188.741052: sched_switch: prev_comm=mmcqd/1 prev_pid=117 prev_prio=120 prev_state=R+ ==> next_comm=kworker/0:1H next_pid=17 next_prio=100
    kworker/0:1H-17    [000] ...2   188.741059: sched_switch: prev_comm=kworker/0:1H prev_pid=17 prev_prio=100 prev_state=S ==> next_comm=mmcqd/1 next_pid=117 next_prio=120
         mmcqd/1-117   [000] ...2   188.741068: sched_switch: prev_comm=mmcqd/1 prev_pid=117 prev_prio=120 prev_state=S ==> next_comm=main next_pid=3256 next_prio=120
           <...>-3256  [000] d..2   188.741124: block_rq_insert: 179,0 R 0 () 4082680 + 96 [main]
           <...>-3256  [000] ...2   188.741133: sched_switch: prev_comm=main prev_pid=3256 prev_prio=120 prev_state=R+ ==> next_comm=mmcqd/1 next_pid=117 next_prio=120
         mmcqd/1-117   [000] ...2   188.741189: sched_switch: prev_comm=mmcqd/1 prev_pid=117 prev_prio=120 prev_state=S ==> next_comm=main next_pid=3256 next_prio=120
           <...>-3256  [000] ...2   188.741194: sched_switch: prev_comm=main prev_pid=3256 prev_prio=120 prev_state=D|W ==> next_comm=swapper/0 next_pid=0 next_prio=120
          <idle>-0     [000] ...2   188.741964: sched_switch: prev_comm=swapper/0 prev_pid=0 prev_prio=120 prev_state=R ==> next_comm=mmcqd/1 next_pid=117 next_prio=120
         mmcqd/1-117   [000] ...1   188.741991: block_rq_complete: 179,0 RA () 4082680 + 96 [0]
         mmcqd/1-117   [000] ...2   188.742010: sched_switch: prev_comm=mmcqd/1 prev_pid=117 prev_prio=120 prev_state=R+ ==> next_comm=kworker/0:1H next_pid=17 next_prio=100
    kworker/0:1H-17    [000] ...2   188.742016: sched_switch: prev_comm=kworker/0:1H prev_pid=17 prev_prio=100 prev_state=S ==> next_comm=mmcqd/1 next_pid=117 next_prio=120
         mmcqd/1-117   [000] ...2   188.742025: sched_switch: prev_comm=mmcqd/1 prev_pid=117 prev_prio=120 prev_state=S ==> next_comm=main next_pid=3256 next_prio=120
           <...>-3256  [000] d..2   188.742170: block_rq_insert: 179,0 R 0 () 4072976 + 16 [main]
           <...>-3256  [000] d..2   188.742172: block_rq_insert: 179,0 R 0 () 4073024 + 8 [main]
           <...>-3256  [000] d..2   188.742174: block_rq_insert: 179,0 R 0 () 4073040 + 16 [main]
           <...>-3256  [000] d..2   188.742176: block_rq_insert: 179,0 R 0 () 4073064 + 24 [main]
           <...>-3256  [000] d..2   188.742177: block_rq_insert: 179,0 R 0 () 4073096 + 16 [main]
           <...>-3256  [000] d..2   188.742179: block_rq_insert: 179,0 R 0 () 4073120 + 72 [main]
           <...>-3256  [000] d..2   188.742181: block_rq_insert: 179,0 R 0 () 4073208 + 16 [main]
           <...>-3256  [000] ...2   188.742190: sched_switch: prev_comm=main prev_pid=3256 prev_prio=120 prev_state=R+ ==> next_comm=mmcqd/1 next_pid=117 next_prio=120
         mmcqd/1-117   [000] ...2   188.742248: sched_switch: prev_comm=mmcqd/1 prev_pid=117 prev_prio=120 prev_state=S ==> next_comm=main next_pid=3256 next_prio=120
           <...>-3256  [000] ...2   188.742253: sched_switch: prev_comm=main prev_pid=3256 prev_prio=120 prev_state=D|W ==> next_comm=swapper/0 next_pid=0 next_prio=120
          <idle>-0     [000] ...2   188.742657: sched_switch: prev_comm=swapper/0 prev_pid=0 prev_prio=120 prev_state=R ==> next_comm=mmcqd/1 next_pid=117 next_prio=120
         mmcqd/1-117   [000] ...1   188.742685: block_rq_complete: 179,0 RA () 4073208 + 16 [0]
         mmcqd/1-117   [000] ...2   188.742704: sched_switch: prev_comm=mmcqd/1 prev_pid=117 prev_prio=120 prev_state=S ==> next_comm=swapper/0 next_pid=0 next_prio=120
          <idle>-0     [000] ...2   188.743234: sched_switch: prev_comm=swapper/0 prev_pid=0 prev_prio=120 prev_state=R ==> next_comm=mmcqd/1 next_pid=117 next_prio=120
         mmcqd/1-117   [000] ...1   188.743270: block_rq_complete: 179,0 RA () 4073120 + 72 [0]
         mmcqd/1-117   [000] ...2   188.743292: sched_switch: prev_comm=mmcqd/1 prev_pid=117 prev_prio=120 prev_state=S ==> next_comm=swapper/0 next_pid=0 next_prio=120
          <idle>-0     [000] ...2   188.743519: sched_switch: prev_comm=swapper/0 prev_pid=0 prev_prio=120 prev_state=R ==> next_comm=mmcqd/1 next_pid=117 next_prio=120
         mmcqd/1-117   [000] ...1   188.743545: block_rq_complete: 179,0 RA () 4073096 + 16 [0]
         mmcqd/1-117   [000] ...2   188.743568: sched_switch: prev_comm=mmcqd/1 prev_pid=117 prev_prio=120 prev_state=S ==> next_comm=main next_pid=3256 next_prio=120
           <...>-3256  [000] d..2   188.743636: block_rq_insert: 179,0 R 0 () 4085240 + 72 [main]
           <...>-3256  [000] d..2   188.743639: block_rq_insert: 179,0 R 0 () 4085320 + 16 [main]
           <...>-3256  [000] d..2   188.743640: block_rq_insert: 179,0 R 0 () 4085344 + 24 [main]
           <...>-3256  [000] d..2   188.743642: block_rq_insert: 179,0 R 0 () 4085376 + 16 [main]
           <...>-3256  [000] d..2   188.743643: block_rq_insert: 179,0 R 0 () 4085408 + 8 [main]
           <...>-3256  [000] d..2   188.743645: block_rq_insert: 179,0 R 0 () 4085432 + 16 [main]
           <...>-3256  [000] ...2   188.743651: sched_switch: prev_comm=main prev_pid=3256 prev_prio=120 prev_state=D|W ==> next_comm=swapper/0 next_pid=0 next_prio=120
          <idle>-0     [000] ...2   188.743879: sched_switch: prev_comm=swapper/0 prev_pid=0 prev_prio=120 prev_state=R ==> next_comm=mmcqd/1 next_pid=117 next_prio=120
         mmcqd/1-117   [000] ...1   188.743906: block_rq_complete: 179,0 RA () 4073064 + 24 [0]
         mmcqd/1-117   [000] ...2   188.743924: sched_switch: prev_comm=mmcqd/1 prev_pid=117 prev_prio=120 prev_state=S ==> next_comm=swapper/0 next_pid=0 next_prio=120
          <idle>-0     [000] ...2   188.744197: sched_switch: prev_comm=swapper/0 prev_pid=0 prev_prio=120 prev_state=R ==> next_comm=mmcqd/1 next_pid=117 next_prio=120
         mmcqd/1-117   [000] ...1   188.744223: block_rq_complete: 179,0 RA () 4073040 + 16 [0]
