           <...>-3736  [000] ...2   213.906577: sched_switch: prev_comm=app_process prev_pid=3736 prev_prio=120 prev_state=D|W ==> next_comm=swapper/0 next_pid=0 next_prio=120
          <idle>-0     [000] ...2   213.906587: sched_switch: prev_comm=swapper/0 prev_pid=0 prev_prio=120 prev_state=R ==> next_comm=ksoftirqd/0 next_pid=3 next_prio=120
     ksoftirqd/0-3     [000] ...2   213.906594: sched_switch: prev_comm=ksoftirqd/0 prev_pid=3 prev_prio=120 prev_state=S ==> next_comm=swapper/0 next_pid=0 next_prio=120
          <idle>-0     [000] ...2   213.906604: sched_switch: prev_comm=swapper/0 prev_pid=0 prev_prio=120 prev_state=R ==> next_comm=ksoftirqd/0 next_pid=3 next_prio=120
     ksoftirqd/0-3     [000] ...2   213.906610: sched_switch: prev_comm=ksoftirqd/0 prev_pid=3 prev_prio=120 prev_state=S ==> next_comm=swapper/0 next_pid=0 next_prio=120
          <idle>-0     [000] ...2   213.906618: sched_switch: prev_comm=swapper/0 prev_pid=0 prev_prio=120 prev_state=R ==> next_comm=ksoftirqd/0 next_pid=3 next_prio=120
     ksoftirqd/0-3     [000] ...2   213.906625: sched_switch: prev_comm=ksoftirqd/0 prev_pid=3 prev_prio=120 prev_state=S ==> next_comm=swapper/0 next_pid=0 next_prio=120
          <idle>-0     [000] ...2   213.906911: sched_switch: prev_comm=swapper/0 prev_pid=0 prev_prio=120 prev_state=R ==> next_comm=mmcqd/1 next_pid=117 next_prio=120
         mmcqd/1-117   [000] ...1   213.906925: block_rq_complete: 179,0 RA () 803392 + 32 [0]
         mmcqd/1-117   [000] ...2   213.906943: sched_switch: prev_comm=mmcqd/1 prev_pid=117 prev_prio=120 prev_state=R+ ==> next_comm=kworker/0:1H next_pid=17 next_prio=100
    kworker/0:1H-17    [000] ...2   213.906950: sched_switch: prev_comm=kworker/0:1H prev_pid=17 prev_prio=100 prev_state=S ==> next_comm=mmcqd/1 next_pid=117 next_prio=120
         mmcqd/1-117   [000] ...2   213.906958: sched_switch: prev_comm=mmcqd/1 prev_pid=117 prev_prio=120 prev_state=S ==> next_comm=app_process next_pid=3736 next_prio=120
           <...>-3736  [000] d..2   213.906998: block_rq_insert: 179,0 R 0 () 804336 + 136 [app_process]
           <...>-3736  [000] ...2   213.907007: sched_switch: prev_comm=app_process prev_pid=3736 prev_prio=120 prev_state=R+ ==> next_comm=mmcqd/1 next_pid=117 next_prio=120
         mmcqd/1-117   [000] ...2   213.907071: sched_switch: prev_comm=mmcqd/1 prev_pid=117 prev_prio=120 prev_state=S ==> next_comm=app_process next_pid=3736 next_prio=120
           <...>-3736  [000] ...2   213.907075: sched_switch: prev_comm=app_process prev_pid=3736 prev_prio=120 prev_state=D|W ==> next_comm=swapper/0 next_pid=0 next_prio=120
          <idle>-0     [000] ...2   213.907982: sched_switch: prev_comm=swapper/0 prev_pid=0 prev_prio=120 prev_state=R ==> next_comm=mmcqd/1 next_pid=117 next_prio=120
         mmcqd/1-117   [000] ...1   213.908018: block_rq_complete: 179,0 RA () 804336 + 136 [0]
         mmcqd/1-117   [000] ...2   213.908037: sched_switch: prev_comm=mmcqd/1 prev_pid=117 prev_prio=120 prev_state=R+ ==> next_comm=kworker/0:1H next_pid=17 next_prio=100
    kworker/0:1H-17    [000] ...2   213.908044: sched_switch: prev_comm=kworker/0:1H prev_pid=17 prev_prio=100 prev_state=S ==> next_comm=mmcqd/1 next_pid=117 next_prio=120
         mmcqd/1-117   [000] ...2   213.908052: sched_switch: prev_comm=mmcqd/1 prev_pid=117 prev_prio=120 prev_state=S ==> next_comm=app_process next_pid=3736 next_prio=120
           <...>-3736  [000] d..2   213.908331: block_rq_insert: 179,0 FWS 0 () 0 + 0 [app_process]
           <...>-3736  [000] ...2   213.908340: sched_switch: prev_comm=app_process prev_pid=3736 prev_prio=120 prev_state=R+ ==> next_comm=mmcqd/1 next_pid=117 next_prio=120
         mmcqd/1-117   [000] ...2   213.908363: sched_switch: prev_comm=mmcqd/1 prev_pid=117 prev_prio=120 prev_state=D ==> next_comm=app_process next_pid=3736 next_prio=120
           <...>-3736  [000] ...2   213.908369: sched_switch: prev_comm=app_process prev_pid=3736 prev_prio=120 prev_state=D ==> next_comm=swapper/0 next_pid=0 next_prio=120
          <idle>-0     [000] ...2   213.908395: sched_switch: prev_comm=swapper/0 prev_pid=0 prev_prio=120 prev_state=R ==> next_comm=ksoftirqd/0 next_pid=3 next_prio=120
     ksoftirqd/0-3     [000] ...2   213.908402: sched_switch: prev_comm=ksoftirqd/0 prev_pid=3 prev_prio=120 prev_state=S ==> next_comm=mmcqd/1 next_pid=117 next_prio=120
         mmcqd/1-117   [000] ...2   213.908424: sched_switch: prev_comm=mmcqd/1 prev_pid=117 prev_prio=120 prev_state=R ==> next_comm=swapper/0 next_pid=0 next_prio=120
          <idle>-0     [000] ...2   213.908428: sched_switch: prev_comm=swapper/0 prev_pid=0 prev_prio=120 prev_state=R ==> next_comm=mmcqd/1 next_pid=117 next_prio=120
         mmcqd/1-117   [000] d..2   213.908432: block_rq_complete: 179,0 WS () 0 + 0 [0]
          <idle>-0     [001] ...2   213.908468: sched_switch: prev_comm=swapper/1 prev_pid=0 prev_prio=120 prev_state=R ==> next_comm=kworker/u:0 next_pid=6 next_prio=120
         mmcqd/1-117   [000] ...2   213.908482: sched_switch: prev_comm=mmcqd/1 prev_pid=117 prev_prio=120 prev_state=S ==> next_comm=kworker/0:1 next_pid=15 next_prio=120
     kworker/u:0-6     [001] ...2   213.908488: sched_switch: prev_comm=kworker/u:0 prev_pid=6 prev_prio=120 prev_state=S ==> next_comm=swapper/1 next_pid=0 next_prio=120
     kworker/0:1-15    [000] ...2   213.908493: sched_switch: prev_comm=kworker/0:1 prev_pid=15 prev_prio=120 prev_state=S ==> next_comm=mpdecision next_pid=1613 next_prio=113
      mpdecision-1613  [000] ...2   213.908733: sched_switch: prev_comm=mpdecision prev_pid=1613 prev_prio=113 prev_state=S ==> next_comm=app_process next_pid=3736 next_prio=120
           <...>-3736  [000] d..2   213.917147: block_rq_insert: 179,0 R 0 () 4072736 + 128 [main]
           <...>-3736  [000] ...2   213.917161: sched_switch: prev_comm=main prev_pid=3736 prev_prio=120 prev_state=R+ ==> next_comm=mmcqd/1 next_pid=117 next_prio=120
         mmcqd/1-117   [000] ...2   213.917235: sched_switch: prev_comm=mmcqd/1 prev_pid=117 prev_prio=120 prev_state=S ==> next_comm=main next_pid=3736 next_prio=120
           <...>-3736  [000] ...2   213.917241: sched_switch: prev_comm=main prev_pid=3736 prev_prio=120 prev_state=D|W ==> next_comm=swapper/0 next_pid=0 next_prio=120
          <idle>-0     [000] ...2   213.917257: sched_switch: prev_comm=swapper/0 prev_pid=0 prev_prio=120 prev_state=R ==> next_comm=ksoftirqd/0 next_pid=3 next_prio=120
     ksoftirqd/0-3     [000] ...2   213.917266: sched_switch: prev_comm=ksoftirqd/0 prev_pid=3 prev_prio=120 prev_state=S ==> next_comm=swapper/0 next_pid=0 next_prio=120
          <idle>-0     [000] ...2   213.917280: sched_switch: prev_comm=swapper/0 prev_pid=0 prev_prio=120 prev_state=R ==> next_comm=ksoftirqd/0 next_pid=3 next_prio=120
     ksoftirqd/0-3     [000] ...2   213.917287: sched_switch: prev_comm=ksoftirqd/0 prev_pid=3 prev_prio=120 prev_state=S ==> next_comm=swapper/0 next_pid=0 next_prio=120
          <idle>-0     [000] ...2   213.917299: sched_switch: prev_comm=swapper/0 prev_pid=0 prev_prio=120 prev_state=R ==> next_comm=ksoftirqd/0 next_pid=3 next_prio=120
     ksoftirqd/0-3     [000] ...2   213.917320: sched_switch: prev_comm=ksoftirqd/0 prev_pid=3 prev_prio=120 prev_state=S ==> next_comm=swapper/0 next_pid=0 next_prio=120
          <idle>-0     [000] ...2   213.918181: sched_switch: prev_comm=swapper/0 prev_pid=0 prev_prio=120 prev_state=R ==> next_comm=mmcqd/1 next_pid=117 next_prio=120
         mmcqd/1-117   [000] ...1   213.918215: block_rq_complete: 179,0 RA () 4072736 + 128 [0]
         mmcqd/1-117   [000] ...2   213.918237: sched_switch: prev_comm=mmcqd/1 prev_pid=117 prev_prio=120 prev_state=R+ ==> next_comm=kworker/0:1H next_pid=17 next_prio=100
    kworker/0:1H-17    [000] ...2   213.918245: sched_switch: prev_comm=kworker/0:1H prev_pid=17 prev_prio=100 prev_state=S ==> next_comm=mmcqd/1 next_pid=117 next_prio=120
         mmcqd/1-117   [000] ...2   213.918254: sched_switch: prev_comm=mmcqd/1 prev_pid=117 prev_prio=120 prev_state=S ==> next_comm=main next_pid=3736 next_prio=120
           <...>-3736  [000] d..2   213.918344: block_rq_insert: 179,0 R 0 () 4076944 + 16 [main]
           <...>-3736  [000] d..2   213.918347: block_rq_insert: 179,0 R 0 () 4076968 + 80 [main]
           <...>-3736  [000] d..2   213.918349: block_rq_insert: 179,0 R 0 () 4077080 + 32 [main]
           <...>-3736  [000] ...2   213.918358: sched_switch: prev_comm=main prev_pid=3736 prev_prio=120 prev_state=R+ ==> next_comm=mmcqd/1 next_pid=117 next_prio=120
         mmcqd/1-117   [000] ...2   213.918419: sched_switch: prev_comm=mmcqd/1 prev_pid=117 prev_prio=120 prev_state=S ==> next_comm=main next_pid=3736 next_prio=120
           <...>-3736  [000] ...2   213.918425: sched_switch: prev_comm=main prev_pid=3736 prev_prio=120 prev_state=D|W ==> next_comm=swapper/0 next_pid=0 next_prio=120
          <idle>-0     [000] ...2   213.918649: sched_switch: prev_comm=swapper/0 prev_pid=0 prev_prio=120 prev_state=R ==> next_comm=mmcqd/1 next_pid=117 next_prio=120
         mmcqd/1-117   [000] ...1   213.918676: block_rq_complete: 179,0 RA () 4076944 + 16 [0]
         mmcqd/1-117   [000] ...2   213.918699: sched_switch: prev_comm=mmcqd/1 prev_pid=117 prev_prio=120 prev_state=S ==> next_comm=swapper/0 next_pid=0 next_prio=120
          <idle>-0     [000] ...2   213.919262: sched_switch: prev_comm=swapper/0 prev_pid=0 prev_prio=120 prev_state=R ==> next_comm=mmcqd/1 next_pid=117 next_prio=120
         mmcqd/1-117   [000] ...1   213.919300: block_rq_complete: 179,0 RA () 4076968 + 80 [0]
         mmcqd/1-117   [000] ...2   213.919318: sched_switch: prev_comm=mmcqd/1 prev_pid=117 prev_prio=120 prev_state=S ==> next_comm=main next_pid=3736 next_prio=120
           <...>-3736  [000] ...2   213.919351: sched_switch: prev_comm=main prev_pid=3736 prev_prio=120 prev_state=D|W ==> next_comm=swapper/0 next_pid=0 next_prio=120
          <idle>-0     [000] ...2   213.919681: sched_switch: prev_comm=swapper/0 prev_pid=0 prev_prio=120 prev_state=R ==> next_comm=mmcqd/1 next_pid=117 next_prio=120
         mmcqd/1-117   [000] ...1   213.919696: block_rq_complete: 179,0 RA () 4077080 + 32 [0]
         mmcqd/1-117   [000] ...2   213.919713: sched_switch: prev_comm=mmcqd/1 prev_pid=117 prev_prio=120 prev_state=R+ ==> next_comm=kworker/0:1H next_pid=17 next_prio=100
    kworker/0:1H-17    [000] ...2   213.919719: sched_switch: prev_comm=kworker/0:1H prev_pid=17 prev_prio=100 prev_state=S ==> next_comm=mmcqd/1 next_pid=117 next_prio=120
         mmcqd/1-117   [000] ...2   213.919728: sched_switch: prev_comm=mmcqd/1 prev_pid=117 prev_prio=120 prev_state=S ==> next_comm=main next_pid=3736 next_prio=120
           <...>-3736  [000] d..2   213.919787: block_rq_insert: 179,0 R 0 () 4077120 + 16 [main]
           <...>-3736  [000] d..2   213.919790: block_rq_insert: 179,0 R 0 () 4077160 + 16 [main]
           <...>-3736  [000] d..2   213.919791: block_rq_insert: 179,0 R 0 () 4077184 + 48 [main]
           <...>-3736  [000] ...2   213.919800: sched_switch: prev_comm=main prev_pid=3736 prev_prio=120 prev_state=R+ ==> next_comm=mmcqd/1 next_pid=117 next_prio=120
         mmcqd/1-117   [000] ...2   213.919844: sched_switch: prev_comm=mmcqd/1 prev_pid=117 prev_prio=120 prev_state=S ==> next_comm=main next_pid=3736 next_prio=120
           <...>-3736  [000] ...2   213.919849: sched_switch: prev_comm=main prev_pid=3736 prev_prio=120 prev_state=D|W ==> next_comm=swapper/0 next_pid=0 next_prio=120
          <idle>-0     [000] ...2   213.920109: sched_switch: prev_comm=swapper/0 prev_pid=0 prev_prio=120 prev_state=R ==> next_comm=mmcqd/1 next_pid=117 next_prio=120
         mmcqd/1-117   [000] ...1   213.920135: block_rq_complete: 179,0 RA () 4077120 + 16 [0]
         mmcqd/1-117   [000] ...2   213.920162: sched_switch: prev_comm=mmcqd/1 prev_pid=117 prev_prio=120 prev_state=S ==> next_comm=swapper/0 next_pid=0 next_prio=120
          <idle>-0     [000] ...2   213.920429: sched_switch: prev_comm=swapper/0 prev_pid=0 prev_prio=120 prev_state=R ==> next_comm=mmcqd/1 next_pid=117 next_prio=120
         mmcqd/1-117   [000] ...1   213.920455: block_rq_complete: 179,0 RA () 4077160 + 16 [0]
         mmcqd/1-117   [000] ...2   213.920469: sched_switch: prev_comm=mmcqd/1 prev_pid=117 prev_prio=120 prev_state=S ==> next_comm=main next_pid=3736 next_prio=120
           <...>-3736  [000] d..2   213.920552: block_rq_insert: 179,0 R 0 () 4077376 + 8 [main]
           <...>-3736  [000] d..2   213.920555: block_rq_insert: 179,0 R 0 () 4077400 + 104 [main]
           <...>-3736  [000] ...2   213.920564: sched_switch: prev_comm=main prev_pid=3736 prev_prio=120 prev_state=R+ ==> next_comm=mmcqd/1 next_pid=117 next_prio=120
         mmcqd/1-117   [000] ...2   213.920579: sched_switch: prev_comm=mmcqd/1 prev_pid=117 prev_prio=120 prev_state=S ==> next_comm=main next_pid=3736 next_prio=120
           <...>-3736  [000] ...2   213.920584: sched_switch: prev_comm=main prev_pid=3736 prev_prio=120 prev_state=D|W ==> next_comm=swapper/0 next_pid=0 next_prio=120
          <idle>-0     [000] ...2   213.920899: sched_switch: prev_comm=swapper/0 prev_pid=0 prev_prio=120 prev_state=R ==> next_comm=mmcqd/1 next_pid=117 next_prio=120
         mmcqd/1-117   [000] ...1   213.920933: block_rq_complete: 179,0 RA () 4077184 + 48 [0]
         mmcqd/1-117   [000] ...2   213.920973: sched_switch: prev_comm=mmcqd/1 prev_pid=117 prev_prio=120 prev_state=S ==> next_comm=swapper/0 next_pid=0 next_prio=120
          <idle>-0     [000] ...2   213.921164: sched_switch: prev_comm=swapper/0 prev_pid=0 prev_prio=120 prev_state=R ==> next_comm=mmcqd/1 next_pid=117 next_prio=120
         mmcqd/1-117   [000] ...1   213.921188: block_rq_complete: 179,0 RA () 4077376 + 8 [0]
         mmcqd/1-117   [000] ...2   213.921203: sched_switch: prev_comm=mmcqd/1 prev_pid=117 prev_prio=120 prev_state=S ==> next_comm=main next_pid=3736 next_prio=120
           <...>-3736  [000] d..2   213.921262: block_rq_insert: 179,0 R 0 () 4077592 + 16 [main]
           <...>-3736  [000] d..2   213.921264: block_rq_insert: 179,0 R 0 () 4077696 + 8 [main]
           <...>-3736  [000] d..2   213.921266: block_rq_insert: 179,0 R 0 () 4077752 + 8 [main]
           <...>-3736  [000] d..2   213.921267: block_rq_insert: 179,0 R 0 () 4077800 + 24 [main]
           <...>-3736  [000] ...2   213.921276: sched_switch: prev_comm=main prev_pid=3736 prev_prio=120 prev_state=R+ ==> next_comm=mmcqd/1 next_pid=117 next_prio=120
         mmcqd/1-117   [000] ...2   213.921295: sched_switch: prev_comm=mmcqd/1 prev_pid=117 prev_prio=120 prev_state=S ==> next_comm=main next_pid=3736 next_prio=120
           <...>-3736  [000] ...2   213.921300: sched_switch: prev_comm=main prev_pid=3736 prev_prio=120 prev_state=D|W ==> next_comm=swapper/0 next_pid=0 next_prio=120
          <idle>-0     [000] ...2   213.921914: sched_switch: prev_comm=swapper/0 prev_pid=0 prev_prio=120 prev_state=R ==> next_comm=mmcqd/1 next_pid=117 next_prio=120
         mmcqd/1-117   [000] ...1   213.921958: block_rq_complete: 179,0 RA () 4077400 + 104 [0]
         mmcqd/1-117   [000] ...2   213.921978: sched_switch: prev_comm=mmcqd/1 prev_pid=117 prev_prio=120 prev_state=S ==> next_comm=swapper/0 next_pid=0 next_prio=120
          <idle>-0     [000] ...2   213.922258: sched_switch: prev_comm=swapper/0 prev_pid=0 prev_prio=120 prev_state=R ==> next_comm=mmcqd/1 next_pid=117 next_prio=120
         mmcqd/1-117   [000] ...1   213.922283: block_rq_complete: 179,0 RA () 4077592 + 16 [0]
         mmcqd/1-117   [000] ...2   213.922300: sched_switch: prev_comm=mmcqd/1 prev_pid=117 prev_prio=120 prev_state=S ==> next_comm=swapper/0 next_pid=0 next_prio=120
          <idle>-0     [000] ...2   213.922514: sched_switch: prev_comm=swapper/0 prev_pid=0 prev_prio=120 prev_state=R ==> next_comm=mmcqd/1 next_pid=117 next_prio=120
         mmcqd/1-117   [000] ...1   213.922538: block_rq_complete: 179,0 RA () 4077696 + 8 [0]
         mmcqd/1-117   [000] ...2   213.922563: sched_switch: prev_comm=mmcqd/1 prev_pid=117 prev_prio=120 prev_state=S ==> next_comm=main next_pid=3736 next_prio=120
           <...>-3736  [000] d..2   213.922628: block_rq_insert: 179,0 R 0 () 4079160 + 8 [main]
           <...>-3736  [000] d..2   213.922631: block_rq_insert: 179,0 R 0 () 4079192 + 80 [main]
           <...>-3736  [000] d..2   213.922632: block_rq_insert: 179,0 R 0 () 4079304 + 8 [main]
           <...>-3736  [000] ...2   213.922640: sched_switch: prev_comm=main prev_pid=3736 prev_prio=120 prev_state=D|W ==> next_comm=swapper/0 next_pid=0 next_prio=120
          <idle>-0     [000] ...2   213.922792: sched_switch: prev_comm=swapper/0 prev_pid=0 prev_prio=120 prev_state=R ==> next_comm=mmcqd/1 next_pid=117 next_prio=120
         mmcqd/1-117   [000] ...1   213.922816: block_rq_complete: 179,0 RA () 4077752 + 8 [0]
         mmcqd/1-117   [000] ...2   213.922833: sched_switch: prev_comm=mmcqd/1 prev_pid=117 prev_prio=120 prev_state=S ==> next_comm=swapper/0 next_pid=0 next_prio=120
          <idle>-0     [000] ...2   213.923137: sched_switch: prev_comm=swapper/0 prev_pid=0 prev_prio=120 prev_state=R ==> next_comm=mmcqd/1 next_pid=117 next_prio=120
         mmcqd/1-117   [000] ...1   213.923164: block_rq_complete: 179,0 RA () 4077800 + 24 [0]
         mmcqd/1-117   [000] ...2   213.923199: sched_switch: prev_comm=mmcqd/1 prev_pid=117 prev_prio=120 prev_state=S ==> next_comm=swapper/0 next_pid=0 next_prio=120
          <idle>-0     [000] ...2   213.923415: sched_switch: prev_comm=swapper/0 prev_pid=0 prev_prio=120 prev_state=R ==> next_comm=mmcqd/1 next_pid=117 next_prio=120
         mmcqd/1-117   [000] ...1   213.923439: block_rq_complete: 179,0 RA () 4079160 + 8 [0]
         mmcqd/1-117   [000] ...2   213.923456: sched_switch: prev_comm=mmcqd/1 prev_pid=117 prev_prio=120 prev_state=S ==> next_comm=swapper/0 next_pid=0 next_prio=120
          <idle>-0     [000] ...2   213.924064: sched_switch: prev_comm=swapper/0 prev_pid=0 prev_prio=120 prev_state=R ==> next_comm=mmcqd/1 next_pid=117 next_prio=120
         mmcqd/1-117   [000] ...1   213.924103: block_rq_complete: 179,0 RA () 4079192 + 80 [0]
         mmcqd/1-117   [000] ...2   213.924119: sched_switch: prev_comm=mmcqd/1 prev_pid=117 prev_prio=120 prev_state=S ==> next_comm=main next_pid=3736 next_prio=120
           <...>-3736  [000] d..2   213.924173: block_rq_insert: 179,0 R 0 () 4081752 + 8 [main]
           <...>-3736  [000] d..2   213.924175: block_rq_insert: 179,0 R 0 () 4081856 + 8 [main]
           <...>-3736  [000] d..2   213.924177: block_rq_insert: 179,0 R 0 () 4081960 + 8 [main]
           <...>-3736  [000] d..2   213.924178: block_rq_insert: 179,0 R 0 () 4081976 + 8 [main]
           <...>-3736  [000] ...2   213.924187: sched_switch: prev_comm=main prev_pid=3736 prev_prio=120 prev_state=R+ ==> next_comm=mmcqd/1 next_pid=117 next_prio=120
         mmcqd/1-117   [000] ...2   213.924202: sched_switch: prev_comm=mmcqd/1 prev_pid=117 prev_prio=120 prev_state=S ==> next_comm=main next_pid=3736 next_prio=120
           <...>-3736  [000] ...2   213.924207: sched_switch: prev_comm=main prev_pid=3736 prev_prio=120 prev_state=D|W ==> next_comm=swapper/0 next_pid=0 next_prio=120
          <idle>-0     [000] ...2   213.924357: sched_switch: prev_comm=swapper/0 prev_pid=0 prev_prio=120 prev_state=R ==> next_comm=mmcqd/1 next_pid=117 next_prio=120
         mmcqd/1-117   [000] ...1   213.924381: block_rq_complete: 179,0 RA () 4079304 + 8 [0]
         mmcqd/1-117   [000] ...2   213.924398: sched_switch: prev_comm=mmcqd/1 prev_pid=117 prev_prio=120 prev_state=S ==> next_comm=swapper/0 next_pid=0 next_prio=120
          <idle>-0     [000] ...2   213.924636: sched_switch: prev_comm=swapper/0 prev_pid=0 prev_prio=120 prev_state=R ==> next_comm=mmcqd/1 next_pid=117 next_prio=120
         mmcqd/1-117   [000] ...1   213.924660: block_rq_complete: 179,0 RA () 4081752 + 8 [0]
         mmcqd/1-117   [000] ...2   213.924677: sched_switch: prev_comm=mmcqd/1 prev_pid=117 prev_prio=120 prev_state=S ==> next_comm=swapper/0 next_pid=0 next_prio=120
          <idle>-0     [000] ...2   213.924908: sched_switch: prev_comm=swapper/0 prev_pid=0 prev_prio=120 prev_state=R ==> next_comm=mmcqd/1 next_pid=117 next_prio=120
         mmcqd/1-117   [000] ...1   213.924932: block_rq_complete: 179,0 RA () 4081856 + 8 [0]
         mmcqd/1-117   [000] ...2   213.924952: sched_switch: prev_comm=mmcqd/1 prev_pid=117 prev_prio=120 prev_state=S ==> next_comm=main next_pid=3736 next_prio=120
           <...>-3736  [000] d..2   213.925019: block_rq_insert: 179,0 R 0 () 4082016 + 8 [main]
           <...>-3736  [000] d..2   213.925021: block_rq_insert: 179,0 R 0 () 4082128 + 8 [main]
           <...>-3736  [000] d..2   213.925023: block_rq_insert: 179,0 R 0 () 4082152 + 8 [main]
           <...>-3736  [000] d..2   213.925025: block_rq_insert: 179,0 R 0 () 4082168 + 32 [main]
           <...>-3736  [000] d..2   213.925026: block_rq_insert: 179,0 R 0 () 4082240 + 8 [main]
           <...>-3736  [000] ...2   213.925033: sched_switch: prev_comm=main prev_pid=3736 prev_prio=120 prev_state=D|W ==> next_comm=swapper/0 next_pid=0 next_prio=120
          <idle>-0     [000] ...2   213.925186: sched_switch: prev_comm=swapper/0 prev_pid=0 prev_prio=120 prev_state=R ==> next_comm=mmcqd/1 next_pid=117 next_prio=120
         mmcqd/1-117   [000] ...1   213.925210: block_rq_complete: 179,0 RA () 4081960 + 8 [0]
         mmcqd/1-117   [000] ...2   213.925227: sched_switch: prev_comm=mmcqd/1 prev_pid=117 prev_prio=120 prev_state=S ==> next_comm=swapper/0 next_pid=0 next_prio=120
          <idle>-0     [000] ...2   213.925494: sched_switch: prev_comm=swapper/0 prev_pid=0 prev_prio=120 prev_state=R ==> next_comm=mmcqd/1 next_pid=117 next_prio=120
         mmcqd/1-117   [000] ...1   213.925517: block_rq_complete: 179,0 RA () 4081976 + 8 [0]
         mmcqd/1-117   [000] ...2   213.925534: sched_switch: prev_comm=mmcqd/1 prev_pid=117 prev_prio=120 prev_state=S ==> next_comm=swapper/0 next_pid=0 next_prio=120
          <idle>-0     [000] ...2   213.925782: sched_switch: prev_comm=swapper/0 prev_pid=0 prev_prio=120 prev_state=R ==> next_comm=mmcqd/1 next_pid=117 next_prio=120
         mmcqd/1-117   [000] ...1   213.925806: block_rq_complete: 179,0 RA () 4082016 + 8 [0]
         mmcqd/1-117   [000] ...2   213.925823: sched_switch: prev_comm=mmcqd/1 prev_pid=117 prev_prio=120 prev_state=S ==> next_comm=swapper/0 next_pid=0 next_prio=120
          <idle>-0     [000] ...2   213.926063: sched_switch: prev_comm=swapper/0 prev_pid=0 prev_prio=120 prev_state=R ==> next_comm=mmcqd/1 next_pid=117 next_prio=120
         mmcqd/1-117   [000] ...1   213.926087: block_rq_complete: 179,0 RA () 4082128 + 8 [0]
         mmcqd/1-117   [000] ...2   213.926114: sched_switch: prev_comm=mmcqd/1 prev_pid=117 prev_prio=120 prev_state=S ==> next_comm=main next_pid=3736 next_prio=120
           <...>-3736  [000] ...2   213.926143: sched_switch: prev_comm=main prev_pid=3736 prev_prio=120 prev_state=D|W ==> next_comm=swapper/0 next_pid=0 next_prio=120
          <idle>-0     [000] ...2   213.926337: sched_switch: prev_comm=swapper/0 prev_pid=0 prev_prio=120 prev_state=R ==> next_comm=mmcqd/1 next_pid=117 next_prio=120
         mmcqd/1-117   [000] ...1   213.926361: block_rq_complete: 179,0 RA () 4082152 + 8 [0]
         mmcqd/1-117   [000] ...2   213.926383: sched_switch: prev_comm=mmcqd/1 prev_pid=117 prev_prio=120 prev_state=S ==> next_comm=main next_pid=3736 next_prio=120
           <...>-3736  [000] ...2   213.926410: sched_switch: prev_comm=main prev_pid=3736 prev_prio=120 prev_state=D|W ==> next_comm=swapper/0 next_pid=0 next_prio=120
          <idle>-0     [000] ...2   213.926883: sched_switch: prev_comm=swapper/0 prev_pid=0 prev_prio=120 prev_state=R ==> next_comm=mmcqd/1 next_pid=117 next_prio=120
         mmcqd/1-117   [000] ...1   213.926912: block_rq_complete: 179,0 RA () 4082168 + 32 [0]
         mmcqd/1-117   [000] ...2   213.926928: sched_switch: prev_comm=mmcqd/1 prev_pid=117 prev_prio=120 prev_state=S ==> next_comm=main next_pid=3736 next_prio=120
           <...>-3736  [000] ...2   213.926975: sched_switch: prev_comm=main prev_pid=3736 prev_prio=120 prev_state=D|W ==> next_comm=swapper/0 next_pid=0 next_prio=120
          <idle>-0     [000] ...2   213.927159: sched_switch: prev_comm=swapper/0 prev_pid=0 prev_prio=120 prev_state=R ==> next_comm=mmcqd/1 next_pid=117 next_prio=120
         mmcqd/1-117   [000] ...1   213.927168: block_rq_complete: 179,0 RA () 4082240 + 8 [0]
         mmcqd/1-117   [000] ...2   213.927184: sched_switch: prev_comm=mmcqd/1 prev_pid=117 prev_prio=120 prev_state=R+ ==> next_comm=kworker/0:1H next_pid=17 next_prio=100
    kworker/0:1H-17    [000] ...2   213.927191: sched_switch: prev_comm=kworker/0:1H prev_pid=17 prev_prio=100 prev_state=S ==> next_comm=mmcqd/1 next_pid=117 next_prio=120
         mmcqd/1-117   [000] ...2   213.927200: sched_switch: prev_comm=mmcqd/1 prev_pid=117 prev_prio=120 prev_state=S ==> next_comm=main next_pid=3736 next_prio=120
           <...>-3736  [000] d..2   213.927262: block_rq_insert: 179,0 R 0 () 4082680 + 96 [main]
           <...>-3736  [000] ...2   213.927271: sched_switch: prev_comm=main prev_pid=3736 prev_prio=120 prev_state=R+ ==> next_comm=mmcqd/1 next_pid=117 next_prio=120
         mmcqd/1-117   [000] ...2   213.927326: sched_switch: prev_comm=mmcqd/1 prev_pid=117 prev_prio=120 prev_state=S ==> next_comm=main next_pid=3736 next_prio=120
           <...>-3736  [000] ...2   213.927332: sched_switch: prev_comm=main prev_pid=3736 prev_prio=120 prev_state=D|W ==> next_comm=swapper/0 next_pid=0 next_prio=120
          <idle>-0     [000] ...2   213.928091: sched_switch: prev_comm=swapper/0 prev_pid=0 prev_prio=120 prev_state=R ==> next_comm=mmcqd/1 next_pid=117 next_prio=120
         mmcqd/1-117   [000] ...1   213.928118: block_rq_complete: 179,0 RA () 4082680 + 96 [0]
         mmcqd/1-117   [000] ...2   213.928137: sched_switch: prev_comm=mmcqd/1 prev_pid=117 prev_prio=120 prev_state=R+ ==> next_comm=kworker/0:1H next_pid=17 next_prio=100
    kworker/0:1H-17    [000] ...2   213.928144: sched_switch: prev_comm=kworker/0:1H prev_pid=17 prev_prio=100 prev_state=S ==> next_comm=mmcqd/1 next_pid=117 next_prio=120
         mmcqd/1-117   [000] ...2   213.928152: sched_switch: prev_comm=mmcqd/1 prev_pid=117 prev_prio=120 prev_state=S ==> next_comm=main next_pid=3736 next_prio=120
           <...>-3736  [000] d..2   213.928287: block_rq_insert: 179,0 R 0 () 4072976 + 16 [main]
           <...>-3736  [000] d..2   213.928290: block_rq_insert: 179,0 R 0 () 4073024 + 8 [main]
           <...>-3736  [000] d..2   213.928292: block_rq_insert: 179,0 R 0 () 4073040 + 16 [main]
           <...>-3736  [000] d..2   213.928294: block_rq_insert: 179,0 R 0 () 4073064 + 24 [main]
           <...>-3736  [000] d..2   213.928296: block_rq_insert: 179,0 R 0 () 4073096 + 16 [main]
           <...>-3736  [000] d..2   213.928297: block_rq_insert: 179,0 R 0 () 4073120 + 72 [main]
           <...>-3736  [000] d..2   213.928299: block_rq_insert: 179,0 R 0 () 4073208 + 16 [main]
           <...>-3736  [000] ...2   213.928309: sched_switch: prev_comm=main prev_pid=3736 prev_prio=120 prev_state=R+ ==> next_comm=mmcqd/1 next_pid=117 next_prio=120
         mmcqd/1-117   [000] ...2   213.928367: sched_switch: prev_comm=mmcqd/1 prev_pid=117 prev_prio=120 prev_state=S ==> next_comm=main next_pid=3736 next_prio=120
           <...>-3736  [000] ...2   213.928373: sched_switch: prev_comm=main prev_pid=3736 prev_prio=120 prev_state=D|W ==> next_comm=swapper/0 next_pid=0 next_prio=120
          <idle>-0     [000] ...2   213.928766: sched_switch: prev_comm=swapper/0 prev_pid=0 prev_prio=120 prev_state=R ==> next_comm=mmcqd/1 next_pid=117 next_prio=120
         mmcqd/1-117   [000] ...1   213.928793: block_rq_complete: 179,0 RA () 4073208 + 16 [0]
         mmcqd/1-117   [000] ...2   213.928812: sched_switch: prev_comm=mmcqd/1 prev_pid=117 prev_prio=120 prev_state=S ==> next_comm=swapper/0 next_pid=0 next_prio=120
          <idle>-0     [000] ...2   213.929338: sched_switch: prev_comm=swapper/0 prev_pid=0 prev_prio=120 prev_state=R ==> next_comm=mmcqd/1 next_pid=117 next_prio=120
         mmcqd/1-117   [000] ...1   213.929375: block_rq_complete: 179,0 RA () 4073120 + 72 [0]
         mmcqd/1-117   [000] ...2   213.929397: sched_switch: prev_comm=mmcqd/1 prev_pid=117 prev_prio=120 prev_state=S ==> next_comm=swapper/0 next_pid=0 next_prio=120
          <idle>-0     [000] ...2   213.929618: sched_switch: prev_comm=swapper/0 prev_pid=0 prev_prio=120 prev_state=R ==> next_comm=mmcqd/1 next_pid=117 next_prio=120
         mmcqd/1-117   [000] ...1   213.929644: block_rq_complete: 179,0 RA () 4073096 + 16 [0]
         mmcqd/1-117   [000] ...2   213.929666: sched_switch: prev_comm=mmcqd/1 prev_pid=117 prev_prio=120 prev_state=S ==> next_comm=main next_pid=3736 next_prio=120
           <...>-3736  [000] d..2   213.929733: block_rq_insert: 179,0 R 0 () 4085240 + 72 [main]
           <...>-3736  [000] d..2   213.929736: block_rq_insert: 179,0 R 0 () 4085320 + 16 [main]
           <...>-3736  [000] d..2   213.929737: block_rq_insert: 179,0 R 0 () 4085344 + 24 [main]
           <...>-3736  [000] d..2   213.929739: block_rq_insert: 179,0 R 0 () 4085376 + 16 [main]
           <...>-3736  [000] d..2   213.929740: block_rq_insert: 179,0 R 0 () 4085408 + 8 [main]
           <...>-3736  [000] d..2   213.929742: block_rq_insert: 179,0 R 0 () 4085432 + 16 [main]
           <...>-3736  [000] ...2   213.929748: sched_switch: prev_comm=main prev_pid=3736 prev_prio=120 prev_state=D|W ==> next_comm=swapper/0 next_pid=0 next_prio=120
          <idle>-0     [000] ...2   213.929974: sched_switch: prev_comm=swapper/0 prev_pid=0 prev_prio=120 prev_state=R ==> next_comm=mmcqd/1 next_pid=117 next_prio=120
         mmcqd/1-117   [000] ...1   213.930003: block_rq_complete: 179,0 RA () 4073064 + 24 [0]
         mmcqd/1-117   [000] ...2   213.930021: sched_switch: prev_comm=mmcqd/1 prev_pid=117 prev_prio=120 prev_state=S ==> next_comm=swapper/0 next_pid=0 next_prio=120
          <idle>-0     [000] ...2   213.930287: sched_switch: prev_comm=swapper/0 prev_pid=0 prev_prio=120 prev_state=R ==> next_comm=mmcqd/1 next_pid=117 next_prio=120
         mmcqd/1-117   [000] ...1   213.930313: block_rq_complete: 179,0 RA () 4073040 + 16 [0]
         mmcqd/1-117   [000] ...2   213.930332: sched_switch: prev_comm=mmcqd/1 prev_pid=117 prev_prio=120 prev_state=S ==> next_comm=swapper/0 next_pid=0 next_prio=120
          <idle>-0     [000] ...2   213.930604: sched_switch: prev_comm=swapper/0 prev_pid=0 prev_prio=120 prev_state=R ==> next_comm=mmcqd/1 next_pid=117 next_prio=120
         mmcqd/1-117   [000] ...1   213.930628: block_rq_complete: 179,0 RA () 4073024 + 8 [0]
         mmcqd/1-117   [000] ...2   213.930660: sched_switch: prev_comm=mmcqd/1 prev_pid=117 prev_prio=120 prev_state=S ==> next_comm=swapper/0 next_pid=0 next_prio=120
          <idle>-0     [000] ...2   213.930911: sched_switch: prev_comm=swapper/0 prev_pid=0 prev_prio=120 prev_state=R ==> next_comm=mmcqd/1 next_pid=117 next_prio=120
         mmcqd/1-117   [000] ...1   213.930937: block_rq_complete: 179,0 RA () 4072976 + 16 [0]
         mmcqd/1-117   [000] ...2   213.930956: sched_switch: prev_comm=mmcqd/1 prev_pid=117 prev_prio=120 prev_state=S ==> next_comm=swapper/0 next_pid=0 next_prio=120
          <idle>-0     [000] ...2   213.931611: sched_switch: prev_comm=swapper/0 prev_pid=0 prev_prio=120 prev_state=R ==> next_comm=mmcqd/1 next_pid=117 next_prio=120
         mmcqd/1-117   [000] ...1   213.931648: block_rq_complete: 179,0 RA () 4085240 + 72 [0]
         mmcqd/1-117   [000] ...2   213.931670: sched_switch: prev_comm=mmcqd/1 prev_pid=117 prev_prio=120 prev_state=S ==> next_comm=swapper/0 next_pid=0 next_prio=120
          <idle>-0     [000] ...2   213.931914: sched_switch: prev_comm=swapper/0 prev_pid=0 prev_prio=120 prev_state=R ==> next_comm=mmcqd/1 next_pid=117 next_prio=120
         mmcqd/1-117   [000] ...1   213.931939: block_rq_complete: 179,0 RA () 4085320 + 16 [0]
         mmcqd/1-117   [000] ...2   213.931964: sched_switch: prev_comm=mmcqd/1 prev_pid=117 prev_prio=120 prev_state=S ==> next_comm=main next_pid=3736 next_prio=120
           <...>-3736  [000] ...2   213.932261: sched_switch: prev_comm=main prev_pid=3736 prev_prio=120 prev_state=R+ ==> next_comm=mmcqd/1 next_pid=117 next_prio=120
         mmcqd/1-117   [000] ...1   213.932289: block_rq_complete: 179,0 RA () 4085344 + 24 [0]
         mmcqd/1-117   [000] ...2   213.932309: sched_switch: prev_comm=mmcqd/1 prev_pid=117 prev_prio=120 prev_state=S ==> next_comm=main next_pid=3736 next_prio=120
           <...>-3736  [000] d..2   213.932322: block_rq_insert: 179,0 R 0 () 4083344 + 8 [main]
           <...>-3736  [000] d..2   213.932325: block_rq_insert: 179,0 R 0 () 4083392 + 24 [main]
           <...>-3736  [000] d..2   213.932327: block_rq_insert: 179,0 R 0 () 4083424 + 32 [main]
           <...>-3736  [000] d..2   213.932328: block_rq_insert: 179,0 R 0 () 4083496 + 8 [main]
           <...>-3736  [000] ...2   213.932336: sched_switch: prev_comm=main prev_pid=3736 prev_prio=120 prev_state=D|W ==> next_comm=swapper/0 next_pid=0 next_prio=120
          <idle>-0     [000] ...2   213.932566: sched_switch: prev_comm=swapper/0 prev_pid=0 prev_prio=120 prev_state=R ==> next_comm=mmcqd/1 next_pid=117 next_prio=120
         mmcqd/1-117   [000] ...1   213.932592: block_rq_complete: 179,0 RA () 4085376 + 16 [0]
         mmcqd/1-117   [000] ...2   213.932612: sched_switch: prev_comm=mmcqd/1 prev_pid=117 prev_prio=120 prev_state=S ==> next_comm=swapper/0 next_pid=0 next_prio=120
          <idle>-0     [000] ...2   213.932818: sched_switch: prev_comm=swapper/0 prev_pid=0 prev_prio=120 prev_state=R ==> next_comm=mmcqd/1 next_pid=117 next_prio=120
         mmcqd/1-117   [000] ...1   213.932842: block_rq_complete: 179,0 RA () 4085408 + 8 [0]
         mmcqd/1-117   [000] ...2   213.932859: sched_switch: prev_comm=mmcqd/1 prev_pid=117 prev_prio=120 prev_state=S ==> next_comm=swapper/0 next_pid=0 next_prio=120
          <idle>-0     [000] ...2   213.933161: sched_switch: prev_comm=swapper/0 prev_pid=0 prev_prio=120 prev_state=R ==> next_comm=mmcqd/1 next_pid=117 next_prio=120
         mmcqd/1-117   [000] ...1   213.933186: block_rq_complete: 179,0 RA () 4085432 + 16 [0]
         mmcqd/1-117   [000] ...2   213.933209: sched_switch: prev_comm=mmcqd/1 prev_pid=117 prev_prio=120 prev_state=S ==> next_comm=swapper/0 next_pid=0 next_prio=120
          <idle>-0     [000] ...2   213.933426: sched_switch: prev_comm=swapper/0 prev_pid=0 prev_prio=120 prev_state=R ==> next_comm=mmcqd/1 next_pid=117 next_prio=120
         mmcqd/1-117   [000] ...1   213.933450: block_rq_complete: 179,0 RA () 4083496 + 8 [0]
         mmcqd/1-117   [000] ...2   213.933471: sched_switch: prev_comm=mmcqd/1 prev_pid=117 prev_prio=120 prev_state=S ==> next_comm=swapper/0 next_pid=0 next_prio=120
          <idle>-0     [000] ...2   213.933813: sched_switch: prev_comm=swapper/0 prev_pid=0 prev_prio=120 prev_state=R ==> next_comm=mmcqd/1 next_pid=117 next_prio=120
         mmcqd/1-117   [000] ...1   213.933842: block_rq_complete: 179,0 RA () 4083424 + 32 [0]
         mmcqd/1-117   [000] ...2   213.933860: sched_switch: prev_comm=mmcqd/1 prev_pid=117 prev_prio=120 prev_state=S ==> next_comm=swapper/0 next_pid=0 next_prio=120
          <idle>-0     [000] ...2   213.934154: sched_switch: prev_comm=swapper/0 prev_pid=0 prev_prio=120 prev_state=R ==> next_comm=mmcqd/1 next_pid=117 next_prio=120
         mmcqd/1-117   [000] ...1   213.934181: block_rq_complete: 179,0 RA () 4083392 + 24 [0]
         mmcqd/1-117   [000] ...2   213.934196: sched_switch: prev_comm=mmcqd/1 prev_pid=117 prev_prio=120 prev_state=S ==> next_comm=main next_pid=3736 next_prio=120
           <...>-3736  [000] d..2   213.934239: block_rq_insert: 179,0 R 0 () 4082888 + 24 [main]
           <...>-3736  [000] d..2   213.934241: block_rq_insert: 179,0 R 0 () 4083008 + 8 [main]
           <...>-3736  [000] ...2   213.934251: sched_switch: prev_comm=main prev_pid=3736 prev_prio=120 prev_state=R+ ==> next_comm=mmcqd/1 next_pid=117 next_prio=120
         mmcqd/1-117   [000] ...2   213.934265: sched_switch: prev_comm=mmcqd/1 prev_pid=117 prev_prio=120 prev_state=S ==> next_comm=main next_pid=3736 next_prio=120
           <...>-3736  [000] ...2   213.934270: sched_switch: prev_comm=main prev_pid=3736 prev_prio=120 prev_state=D|W ==> next_comm=swapper/0 next_pid=0 next_prio=120
          <idle>-0     [000] ...2   213.934403: sched_switch: prev_comm=swapper/0 prev_pid=0 prev_prio=120 prev_state=R ==> next_comm=mmcqd/1 next_pid=117 next_prio=120
         mmcqd/1-117   [000] ...1   213.934427: block_rq_complete: 179,0 RA () 4083344 + 8 [0]
         mmcqd/1-117   [000] ...2   213.934448: sched_switch: prev_comm=mmcqd/1 prev_pid=117 prev_prio=120 prev_state=S ==> next_comm=swapper/0 next_pid=0 next_prio=120
          <idle>-0     [000] ...2   213.934695: sched_switch: prev_comm=swapper/0 prev_pid=0 prev_prio=120 prev_state=R ==> next_comm=mmcqd/1 next_pid=117 next_prio=120
         mmcqd/1-117   [000] ...1   213.934719: block_rq_complete: 179,0 RA () 4083008 + 8 [0]
         mmcqd/1-117   [000] ...2   213.934729: sched_switch: prev_comm=mmcqd/1 prev_pid=117 prev_prio=120 prev_state=S ==> next_comm=swapper/0 next_pid=0 next_prio=120
          <idle>-0     [000] ...2   213.935044: sched_switch: prev_comm=swapper/0 prev_pid=0 prev_prio=120 prev_state=R ==> next_comm=mmcqd/1 next_pid=117 next_prio=120
         mmcqd/1-117   [000] ...1   213.935056: block_rq_complete: 179,0 RA () 4082888 + 24 [0]
         mmcqd/1-117   [000] ...2   213.935073: sched_switch: prev_comm=mmcqd/1 prev_pid=117 prev_prio=120 prev_state=R+ ==> next_comm=kworker/0:1H next_pid=17 next_prio=100
    kworker/0:1H-17    [000] ...2   213.935080: sched_switch: prev_comm=kworker/0:1H prev_pid=17 prev_prio=100 prev_state=S ==> next_comm=mmcqd/1 next_pid=117 next_prio=120
         mmcqd/1-117   [000] ...2   213.935089: sched_switch: prev_comm=mmcqd/1 prev_pid=117 prev_prio=120 prev_state=S ==> next_comm=main next_pid=3736 next_prio=120
           <...>-3736  [000] d..2   213.935218: block_rq_insert: 179,0 R 0 () 4085480 + 136 [main]
           <...>-3736  [000] ...2   213.935228: sched_switch: prev_comm=main prev_pid=3736 prev_prio=120 prev_state=R+ ==> next_comm=mmcqd/1 next_pid=117 next_prio=120
         mmcqd/1-117   [000] ...2   213.935292: sched_switch: prev_comm=mmcqd/1 prev_pid=117 prev_prio=120 prev_state=S ==> next_comm=main next_pid=3736 next_prio=120
           <...>-3736  [000] ...2   213.935298: sched_switch: prev_comm=main prev_pid=3736 prev_prio=120 prev_state=D|W ==> next_comm=swapper/0 next_pid=0 next_prio=120
          <idle>-0     [000] ...2   213.936187: sched_switch: prev_comm=swapper/0 prev_pid=0 prev_prio=120 prev_state=R ==> next_comm=mmcqd/1 next_pid=117 next_prio=120
         mmcqd/1-117   [000] ...1   213.936222: block_rq_complete: 179,0 RA () 4085480 + 136 [0]
         mmcqd/1-117   [000] ...2   213.936241: sched_switch: prev_comm=mmcqd/1 prev_pid=117 prev_prio=120 prev_state=R+ ==> next_comm=kworker/0:1H next_pid=17 next_prio=100
    kworker/0:1H-17    [000] ...2   213.936248: sched_switch: prev_comm=kworker/0:1H prev_pid=17 prev_prio=100 prev_state=S ==> next_comm=mmcqd/1 next_pid=117 next_prio=120
         mmcqd/1-117   [000] ...2   213.936256: sched_switch: prev_comm=mmcqd/1 prev_pid=117 prev_prio=120 prev_state=S ==> next_comm=main next_pid=3736 next_prio=120
           <...>-3736  [000] d..2   213.936400: block_rq_insert: 179,0 R 0 () 4083264 + 8 [main]
           <...>-3736  [000] ...2   213.936409: sched_switch: prev_comm=main prev_pid=3736 prev_prio=120 prev_state=R+ ==> next_comm=mmcqd/1 next_pid=117 next_prio=120
         mmcqd/1-117   [000] ...2   213.936444: sched_switch: prev_comm=mmcqd/1 prev_pid=117 prev_prio=120 prev_state=S ==> next_comm=main next_pid=3736 next_prio=120
           <...>-3736  [000] ...2   213.936450: sched_switch: prev_comm=main prev_pid=3736 prev_prio=120 prev_state=D|W ==> next_comm=swapper/0 next_pid=0 next_prio=120
          <idle>-0     [000] ...2   213.936683: sched_switch: prev_comm=swapper/0 prev_pid=0 prev_prio=120 prev_state=R ==> next_comm=mmcqd/1 next_pid=117 next_prio=120
         mmcqd/1-117   [000] ...1   213.936692: block_rq_complete: 179,0 RA () 4083264 + 8 [0]
         mmcqd/1-117   [000] ...2   213.936708: sched_switch: prev_comm=mmcqd/1 prev_pid=117 prev_prio=120 prev_state=R+ ==> next_comm=kworker/0:1H next_pid=17 next_prio=100
    kworker/0:1H-17    [000] ...2   213.936714: sched_switch: prev_comm=kworker/0:1H prev_pid=17 prev_prio=100 prev_state=S ==> next_comm=mmcqd/1 next_pid=117 next_prio=120
         mmcqd/1-117   [000] ...2   213.936723: sched_switch: prev_comm=mmcqd/1 prev_pid=117 prev_prio=120 prev_state=S ==> next_comm=main next_pid=3736 next_prio=120
           <...>-3736  [000] d..2   213.937380: block_rq_insert: 179,0 R 0 () 4085656 + 256 [main]
           <...>-3736  [000] ...2   213.937390: sched_switch: prev_comm=main prev_pid=3736 prev_prio=120 prev_state=R+ ==> next_comm=mmcqd/1 next_pid=117 next_prio=120
         mmcqd/1-117   [000] ...2   213.937485: sched_switch: prev_comm=mmcqd/1 prev_pid=117 prev_prio=120 prev_state=S ==> next_comm=main next_pid=3736 next_prio=120
           <...>-3736  [000] ...2   213.937492: sched_switch: prev_comm=main prev_pid=3736 prev_prio=120 prev_state=D|W ==> next_comm=swapper/0 next_pid=0 next_prio=120
          <idle>-0     [000] ...2   213.938935: sched_switch: prev_comm=swapper/0 prev_pid=0 prev_prio=120 prev_state=R ==> next_comm=mmcqd/1 next_pid=117 next_prio=120
         mmcqd/1-117   [000] ...1   213.938994: block_rq_complete: 179,0 RA () 4085656 + 256 [0]
         mmcqd/1-117   [000] ...2   213.939017: sched_switch: prev_comm=mmcqd/1 prev_pid=117 prev_prio=120 prev_state=R+ ==> next_comm=kworker/0:1H next_pid=17 next_prio=100
    kworker/0:1H-17    [000] ...2   213.939024: sched_switch: prev_comm=kworker/0:1H prev_pid=17 prev_prio=100 prev_state=S ==> next_comm=mmcqd/1 next_pid=117 next_prio=120
         mmcqd/1-117   [000] ...2   213.939033: sched_switch: prev_comm=mmcqd/1 prev_pid=117 prev_prio=120 prev_state=S ==> next_comm=main next_pid=3736 next_prio=120
           <...>-3736  [000] d..2   213.939955: block_rq_insert: 179,0 R 0 () 4085912 + 256 [main]
           <...>-3736  [000] ...2   213.939966: sched_switch: prev_comm=main prev_pid=3736 prev_prio=120 prev_state=R+ ==> next_comm=mmcqd/1 next_pid=117 next_prio=120
         mmcqd/1-117   [000] ...2   213.940062: sched_switch: prev_comm=mmcqd/1 prev_pid=117 prev_prio=120 prev_state=S ==> next_comm=main next_pid=3736 next_prio=120
           <...>-3736  [000] ...2   213.940136: sched_switch: prev_comm=main prev_pid=3736 prev_prio=120 prev_state=D|W ==> next_comm=swapper/0 next_pid=0 next_prio=120
          <idle>-0     [000] ...2   213.941496: sched_switch: prev_comm=swapper/0 prev_pid=0 prev_prio=120 prev_state=R ==> next_comm=mmcqd/1 next_pid=117 next_prio=120
         mmcqd/1-117   [000] ...1   213.941557: block_rq_complete: 179,0 RA () 4085912 + 256 [0]
         mmcqd/1-117   [000] ...2   213.941581: sched_switch: prev_comm=mmcqd/1 prev_pid=117 prev_prio=120 prev_state=R+ ==> next_comm=kworker/0:1H next_pid=17 next_prio=100
    kworker/0:1H-17    [000] ...2   213.941589: sched_switch: prev_comm=kworker/0:1H prev_pid=17 prev_prio=100 prev_state=S ==> next_comm=mmcqd/1 next_pid=117 next_prio=120
         mmcqd/1-117   [000] ...2   213.941598: sched_switch: prev_comm=mmcqd/1 prev_pid=117 prev_prio=120 prev_state=S ==> next_comm=main next_pid=3736 next_prio=120
           <...>-3736  [000] d..2   213.941676: block_rq_insert: 179,0 R 0 () 4072864 + 64 [main]
           <...>-3736  [000] d..2   213.941679: block_rq_insert: 179,0 R 0 () 4072944 + 8 [main]
           <...>-3736  [000] ...2   213.941688: sched_switch: prev_comm=main prev_pid=3736 prev_prio=120 prev_state=R+ ==> next_comm=mmcqd/1 next_pid=117 next_prio=120
         mmcqd/1-117   [000] ...2   213.941744: sched_switch: prev_comm=mmcqd/1 prev_pid=117 prev_prio=120 prev_state=S ==> next_comm=main next_pid=3736 next_prio=120
           <...>-3736  [000] ...2   213.941752: sched_switch: prev_comm=main prev_pid=3736 prev_prio=120 prev_state=D|W ==> next_comm=swapper/0 next_pid=0 next_prio=120
          <idle>-0     [000] ...2   213.941958: sched_switch: prev_comm=swapper/0 prev_pid=0 prev_prio=120 prev_state=R ==> next_comm=mmcqd/1 next_pid=117 next_prio=120
         mmcqd/1-117   [000] ...1   213.941982: block_rq_complete: 179,0 RA () 4072944 + 8 [0]
         mmcqd/1-117   [000] ...2   213.941995: sched_switch: prev_comm=mmcqd/1 prev_pid=117 prev_prio=120 prev_state=S ==> next_comm=swapper/0 next_pid=0 next_prio=120
          <idle>-0     [000] ...2   213.942505: sched_switch: prev_comm=swapper/0 prev_pid=0 prev_prio=120 prev_state=R ==> next_comm=mmcqd/1 next_pid=117 next_prio=120
         mmcqd/1-117   [000] ...1   213.942525: block_rq_complete: 179,0 RA () 4072864 + 64 [0]
         mmcqd/1-117   [000] ...2   213.942542: sched_switch: prev_comm=mmcqd/1 prev_pid=117 prev_prio=120 prev_state=R+ ==> next_comm=kworker/0:1H next_pid=17 next_prio=100
    kworker/0:1H-17    [000] ...2   213.942548: sched_switch: prev_comm=kworker/0:1H prev_pid=17 prev_prio=100 prev_state=S ==> next_comm=mmcqd/1 next_pid=117 next_prio=120
         mmcqd/1-117   [000] ...2   213.942557: sched_switch: prev_comm=mmcqd/1 prev_pid=117 prev_prio=120 prev_state=S ==> next_comm=main next_pid=3736 next_prio=120
           <...>-3736  [000] d..2   213.942843: block_rq_insert: 179,0 R 0 () 4086168 + 184 [main]
           <...>-3736  [000] ...2   213.942853: sched_switch: prev_comm=main prev_pid=3736 prev_prio=120 prev_state=R+ ==> next_comm=mmcqd/1 next_pid=117 next_prio=120
         mmcqd/1-117   [000] ...2   213.942931: sched_switch: prev_comm=mmcqd/1 prev_pid=117 prev_prio=120 prev_state=S ==> next_comm=main next_pid=3736 next_prio=120
           <...>-3736  [000] ...2   213.942938: sched_switch: prev_comm=main prev_pid=3736 prev_prio=120 prev_state=D|W ==> next_comm=swapper/0 next_pid=0 next_prio=120
          <idle>-0     [000] ...2   213.944051: sched_switch: prev_comm=swapper/0 prev_pid=0 prev_prio=120 prev_state=R ==> next_comm=mmcqd/1 next_pid=117 next_prio=120
         mmcqd/1-117   [000] ...1   213.944095: block_rq_complete: 179,0 RA () 4086168 + 184 [0]
         mmcqd/1-117   [000] ...2   213.944117: sched_switch: prev_comm=mmcqd/1 prev_pid=117 prev_prio=120 prev_state=R+ ==> next_comm=kworker/0:1H next_pid=17 next_prio=100
    kworker/0:1H-17    [000] ...2   213.944124: sched_switch: prev_comm=kworker/0:1H prev_pid=17 prev_prio=100 prev_state=S ==> next_comm=mmcqd/1 next_pid=117 next_prio=120
         mmcqd/1-117   [000] ...2   213.944132: sched_switch: prev_comm=mmcqd/1 prev_pid=117 prev_prio=120 prev_state=S ==> next_comm=main next_pid=3736 next_prio=120
           <...>-3736  [000] d..2   213.944454: block_rq_insert: 179,0 R 0 () 1207472 + 8 [main]
           <...>-3736  [000] d..2   213.944457: block_rq_insert: 179,0 R 0 () 1207488 + 24 [main]
           <...>-3736  [000] d..2   213.944459: block_rq_insert: 179,0 R 0 () 1207584 + 24 [main]
           <...>-3736  [000] ...2   213.944468: sched_switch: prev_comm=main prev_pid=3736 prev_prio=120 prev_state=R+ ==> next_comm=mmcqd/1 next_pid=117 next_prio=120
         mmcqd/1-117   [000] ...2   213.944517: sched_switch: prev_comm=mmcqd/1 prev_pid=117 prev_prio=120 prev_state=S ==> next_comm=main next_pid=3736 next_prio=120
           <...>-3736  [000] ...2   213.944525: sched_switch: prev_comm=main prev_pid=3736 prev_prio=120 prev_state=D|W ==> next_comm=swapper/0 next_pid=0 next_prio=120
          <idle>-0     [000] ...2   213.944539: sched_switch: prev_comm=swapper/0 prev_pid=0 prev_prio=120 prev_state=R ==> next_comm=ksoftirqd/0 next_pid=3 next_prio=120
     ksoftirqd/0-3     [000] ...2   213.944548: sched_switch: prev_comm=ksoftirqd/0 prev_pid=3 prev_prio=120 prev_state=S ==> next_comm=swapper/0 next_pid=0 next_prio=120
          <idle>-0     [000] ...2   213.944562: sched_switch: prev_comm=swapper/0 prev_pid=0 prev_prio=120 prev_state=R ==> next_comm=ksoftirqd/0 next_pid=3 next_prio=120
     ksoftirqd/0-3     [000] ...2   213.944570: sched_switch: prev_comm=ksoftirqd/0 prev_pid=3 prev_prio=120 prev_state=S ==> next_comm=swapper/0 next_pid=0 next_prio=120
          <idle>-0     [000] ...2   213.944582: sched_switch: prev_comm=swapper/0 prev_pid=0 prev_prio=120 prev_state=R ==> next_comm=ksoftirqd/0 next_pid=3 next_prio=120
     ksoftirqd/0-3     [000] ...2   213.944590: sched_switch: prev_comm=ksoftirqd/0 prev_pid=3 prev_prio=120 prev_state=S ==> next_comm=swapper/0 next_pid=0 next_prio=120
          <idle>-0     [000] ...2   213.944744: sched_switch: prev_comm=swapper/0 prev_pid=0 prev_prio=120 prev_state=R ==> next_comm=mmcqd/1 next_pid=117 next_prio=120
         mmcqd/1-117   [000] ...1   213.944770: block_rq_complete: 179,0 RA () 1207472 + 8 [0]
         mmcqd/1-117   [000] ...2   213.944793: sched_switch: prev_comm=mmcqd/1 prev_pid=117 prev_prio=120 prev_state=S ==> next_comm=swapper/0 next_pid=0 next_prio=120
          <idle>-0     [000] ...2   213.945094: sched_switch: prev_comm=swapper/0 prev_pid=0 prev_prio=120 prev_state=R ==> next_comm=mmcqd/1 next_pid=117 next_prio=120
         mmcqd/1-117   [000] ...1   213.945121: block_rq_complete: 179,0 RA () 1207488 + 24 [0]
         mmcqd/1-117   [000] ...2   213.945134: sched_switch: prev_comm=mmcqd/1 prev_pid=117 prev_prio=120 prev_state=S ==> next_comm=swapper/0 next_pid=0 next_prio=120
          <idle>-0     [000] ...2   213.945431: sched_switch: prev_comm=swapper/0 prev_pid=0 prev_prio=120 prev_state=R ==> next_comm=mmcqd/1 next_pid=117 next_prio=120
         mmcqd/1-117   [000] ...1   213.945444: block_rq_complete: 179,0 RA () 1207584 + 24 [0]
