     kworker/0:1-26762 [000] ...2  9227.813356: sched_switch: prev_comm=kworker/0:1 prev_pid=26762 prev_prio=120 prev_state=S ==> next_comm=sh next_pid=29177 next_prio=120
           <...>-29177 [000] ...2  9227.813366: sched_switch: prev_comm=sh prev_pid=29177 prev_prio=120 prev_state=R+ ==> next_comm=kworker/0:1 next_pid=26762 next_prio=120
     kworker/0:1-26762 [000] ...2  9227.813374: sched_switch: prev_comm=kworker/0:1 prev_pid=26762 prev_prio=120 prev_state=S ==> next_comm=sh next_pid=29177 next_prio=120
           <...>-29177 [000] ...2  9227.813384: sched_switch: prev_comm=sh prev_pid=29177 prev_prio=120 prev_state=R+ ==> next_comm=kworker/0:1 next_pid=26762 next_prio=120
     kworker/0:1-26762 [000] ...2  9227.813392: sched_switch: prev_comm=kworker/0:1 prev_pid=26762 prev_prio=120 prev_state=S ==> next_comm=sh next_pid=29177 next_prio=120
           <...>-29177 [000] ...2  9227.813403: sched_switch: prev_comm=sh prev_pid=29177 prev_prio=120 prev_state=R+ ==> next_comm=kworker/0:1 next_pid=26762 next_prio=120
     kworker/0:1-26762 [000] ...2  9227.813413: sched_switch: prev_comm=kworker/0:1 prev_pid=26762 prev_prio=120 prev_state=S ==> next_comm=sh next_pid=29177 next_prio=120
           <...>-29177 [000] ...2  9227.813423: sched_switch: prev_comm=sh prev_pid=29177 prev_prio=120 prev_state=R+ ==> next_comm=kworker/0:1 next_pid=26762 next_prio=120
     kworker/0:1-26762 [000] ...2  9227.813432: sched_switch: prev_comm=kworker/0:1 prev_pid=26762 prev_prio=120 prev_state=S ==> next_comm=sh next_pid=29177 next_prio=120
           <...>-29177 [000] ...2  9227.813442: sched_switch: prev_comm=sh prev_pid=29177 prev_prio=120 prev_state=R+ ==> next_comm=kworker/0:1 next_pid=26762 next_prio=120
     kworker/0:1-26762 [000] ...2  9227.813450: sched_switch: prev_comm=kworker/0:1 prev_pid=26762 prev_prio=120 prev_state=S ==> next_comm=sh next_pid=29177 next_prio=120
           <...>-29177 [000] ...2  9227.813461: sched_switch: prev_comm=sh prev_pid=29177 prev_prio=120 prev_state=R+ ==> next_comm=kworker/0:1 next_pid=26762 next_prio=120
     kworker/0:1-26762 [000] ...2  9227.813469: sched_switch: prev_comm=kworker/0:1 prev_pid=26762 prev_prio=120 prev_state=S ==> next_comm=sh next_pid=29177 next_prio=120
           <...>-29177 [000] ...2  9227.813478: sched_switch: prev_comm=sh prev_pid=29177 prev_prio=120 prev_state=R+ ==> next_comm=kworker/0:1 next_pid=26762 next_prio=120
     kworker/0:1-26762 [000] ...2  9227.813487: sched_switch: prev_comm=kworker/0:1 prev_pid=26762 prev_prio=120 prev_state=S ==> next_comm=sh next_pid=29177 next_prio=120
           <...>-29177 [000] ...2  9227.813507: sched_switch: prev_comm=sh prev_pid=29177 prev_prio=120 prev_state=R+ ==> next_comm=kworker/0:1 next_pid=26762 next_prio=120
     kworker/0:1-26762 [000] ...2  9227.813516: sched_switch: prev_comm=kworker/0:1 prev_pid=26762 prev_prio=120 prev_state=S ==> next_comm=sh next_pid=29177 next_prio=120
           <...>-29177 [000] ...2  9227.813525: sched_switch: prev_comm=sh prev_pid=29177 prev_prio=120 prev_state=R+ ==> next_comm=kworker/0:1 next_pid=26762 next_prio=120
     kworker/0:1-26762 [000] ...2  9227.813533: sched_switch: prev_comm=kworker/0:1 prev_pid=26762 prev_prio=120 prev_state=S ==> next_comm=sh next_pid=29177 next_prio=120
           <...>-29177 [000] ...2  9227.813871: sched_switch: prev_comm=sh prev_pid=29177 prev_prio=120 prev_state=R+ ==> next_comm=adbd next_pid=2836 next_prio=120
            adbd-2836  [000] ...2  9227.813904: sched_switch: prev_comm=adbd prev_pid=2836 prev_prio=120 prev_state=S ==> next_comm=adbd next_pid=2833 next_prio=120
            adbd-2833  [000] ...2  9227.814215: sched_switch: prev_comm=adbd prev_pid=2833 prev_prio=120 prev_state=S ==> next_comm=adbd next_pid=2835 next_prio=120
            adbd-2835  [000] ...2  9227.814284: sched_switch: prev_comm=adbd prev_pid=2835 prev_prio=120 prev_state=S ==> next_comm=kworker/0:1 next_pid=26762 next_prio=120
     kworker/0:1-26762 [000] ...2  9227.814295: sched_switch: prev_comm=kworker/0:1 prev_pid=26762 prev_prio=120 prev_state=S ==> next_comm=sh next_pid=29177 next_prio=120
           <...>-29177 [000] ...2  9227.814402: sched_switch: prev_comm=sh prev_pid=29177 prev_prio=120 prev_state=R+ ==> next_comm=adbd next_pid=29178 next_prio=120
           <...>-29178 [000] ...3  9227.814513: sched_switch: prev_comm=adbd prev_pid=29178 prev_prio=120 prev_state=x ==> next_comm=adbd next_pid=2833 next_prio=120
            adbd-2833  [000] ...2  9227.814654: sched_switch: prev_comm=adbd prev_pid=2833 prev_prio=120 prev_state=S ==> next_comm=adbd next_pid=2836 next_prio=120
            adbd-2836  [000] ...2  9227.814686: sched_switch: prev_comm=adbd prev_pid=2836 prev_prio=120 prev_state=S ==> next_comm=adbd next_pid=2833 next_prio=120
            adbd-2833  [000] ...2  9227.814820: sched_switch: prev_comm=adbd prev_pid=2833 prev_prio=120 prev_state=S ==> next_comm=adbd next_pid=2835 next_prio=120
            adbd-2835  [000] ...2  9227.814827: sched_switch: prev_comm=adbd prev_pid=2835 prev_prio=120 prev_state=S ==> next_comm=adbd next_pid=2836 next_prio=120
            adbd-2836  [000] ...2  9227.814857: sched_switch: prev_comm=adbd prev_pid=2836 prev_prio=120 prev_state=S ==> next_comm=adbd next_pid=2833 next_prio=120
            adbd-2833  [000] ...2  9227.814972: sched_switch: prev_comm=adbd prev_pid=2833 prev_prio=120 prev_state=S ==> next_comm=adbd next_pid=2835 next_prio=120
            adbd-2835  [000] ...2  9227.814979: sched_switch: prev_comm=adbd prev_pid=2835 prev_prio=120 prev_state=S ==> next_comm=sh next_pid=29177 next_prio=120
           <...>-29177 [000] ...3  9227.814989: sched_switch: prev_comm=sh prev_pid=29177 prev_prio=120 prev_state=x ==> next_comm=swapper/0 next_pid=0 next_prio=120
          <idle>-0     [000] ...2  9227.815011: sched_switch: prev_comm=swapper/0 prev_pid=0 prev_prio=120 prev_state=R ==> next_comm=ksoftirqd/0 next_pid=3 next_prio=120
     ksoftirqd/0-3     [000] ...2  9227.815024: sched_switch: prev_comm=ksoftirqd/0 prev_pid=3 prev_prio=120 prev_state=S ==> next_comm=swapper/0 next_pid=0 next_prio=120
          <idle>-0     [000] ...2  9227.815042: sched_switch: prev_comm=swapper/0 prev_pid=0 prev_prio=120 prev_state=R ==> next_comm=ksoftirqd/0 next_pid=3 next_prio=120
     ksoftirqd/0-3     [000] ...2  9227.815052: sched_switch: prev_comm=ksoftirqd/0 prev_pid=3 prev_prio=120 prev_state=S ==> next_comm=swapper/0 next_pid=0 next_prio=120
          <idle>-0     [000] ...2  9227.815068: sched_switch: prev_comm=swapper/0 prev_pid=0 prev_prio=120 prev_state=R ==> next_comm=ksoftirqd/0 next_pid=3 next_prio=120
     ksoftirqd/0-3     [000] ...2  9227.815077: sched_switch: prev_comm=ksoftirqd/0 prev_pid=3 prev_prio=120 prev_state=S ==> next_comm=swapper/0 next_pid=0 next_prio=120
          <idle>-0     [000] ...2  9227.822853: sched_switch: prev_comm=swapper/0 prev_pid=0 prev_prio=120 prev_state=R ==> next_comm=ksoftirqd/0 next_pid=3 next_prio=120
     ksoftirqd/0-3     [000] ...2  9227.822865: sched_switch: prev_comm=ksoftirqd/0 prev_pid=3 prev_prio=120 prev_state=S ==> next_comm=swapper/0 next_pid=0 next_prio=120
          <idle>-0     [000] ...2  9227.822880: sched_switch: prev_comm=swapper/0 prev_pid=0 prev_prio=120 prev_state=R ==> next_comm=ksoftirqd/0 next_pid=3 next_prio=120
     ksoftirqd/0-3     [000] ...2  9227.822889: sched_switch: prev_comm=ksoftirqd/0 prev_pid=3 prev_prio=120 prev_state=S ==> next_comm=swapper/0 next_pid=0 next_prio=120
          <idle>-0     [000] ...2  9227.822903: sched_switch: prev_comm=swapper/0 prev_pid=0 prev_prio=120 prev_state=R ==> next_comm=ksoftirqd/0 next_pid=3 next_prio=120
     ksoftirqd/0-3     [000] ...2  9227.822912: sched_switch: prev_comm=ksoftirqd/0 prev_pid=3 prev_prio=120 prev_state=S ==> next_comm=swapper/0 next_pid=0 next_prio=120
          <idle>-0     [000] ...2  9227.832845: sched_switch: prev_comm=swapper/0 prev_pid=0 prev_prio=120 prev_state=R ==> next_comm=ksoftirqd/0 next_pid=3 next_prio=120
     ksoftirqd/0-3     [000] ...2  9227.832894: sched_switch: prev_comm=ksoftirqd/0 prev_pid=3 prev_prio=120 prev_state=S ==> next_comm=swapper/0 next_pid=0 next_prio=120
          <idle>-0     [000] ...2  9227.832910: sched_switch: prev_comm=swapper/0 prev_pid=0 prev_prio=120 prev_state=R ==> next_comm=ksoftirqd/0 next_pid=3 next_prio=120
     ksoftirqd/0-3     [000] ...2  9227.832918: sched_switch: prev_comm=ksoftirqd/0 prev_pid=3 prev_prio=120 prev_state=S ==> next_comm=swapper/0 next_pid=0 next_prio=120
          <idle>-0     [000] ...2  9227.832933: sched_switch: prev_comm=swapper/0 prev_pid=0 prev_prio=120 prev_state=R ==> next_comm=ksoftirqd/0 next_pid=3 next_prio=120
     ksoftirqd/0-3     [000] ...2  9227.832941: sched_switch: prev_comm=ksoftirqd/0 prev_pid=3 prev_prio=120 prev_state=S ==> next_comm=swapper/0 next_pid=0 next_prio=120
          <idle>-0     [000] ...2  9227.842853: sched_switch: prev_comm=swapper/0 prev_pid=0 prev_prio=120 prev_state=R ==> next_comm=ksoftirqd/0 next_pid=3 next_prio=120
     ksoftirqd/0-3     [000] ...2  9227.842865: sched_switch: prev_comm=ksoftirqd/0 prev_pid=3 prev_prio=120 prev_state=S ==> next_comm=swapper/0 next_pid=0 next_prio=120
          <idle>-0     [000] ...2  9227.842878: sched_switch: prev_comm=swapper/0 prev_pid=0 prev_prio=120 prev_state=R ==> next_comm=ksoftirqd/0 next_pid=3 next_prio=120
     ksoftirqd/0-3     [000] ...2  9227.842886: sched_switch: prev_comm=ksoftirqd/0 prev_pid=3 prev_prio=120 prev_state=S ==> next_comm=swapper/0 next_pid=0 next_prio=120
          <idle>-0     [000] ...2  9227.842899: sched_switch: prev_comm=swapper/0 prev_pid=0 prev_prio=120 prev_state=R ==> next_comm=ksoftirqd/0 next_pid=3 next_prio=120
     ksoftirqd/0-3     [000] ...2  9227.842907: sched_switch: prev_comm=ksoftirqd/0 prev_pid=3 prev_prio=120 prev_state=S ==> next_comm=swapper/0 next_pid=0 next_prio=120
          <idle>-0     [000] ...2  9227.847821: sched_switch: prev_comm=swapper/0 prev_pid=0 prev_prio=120 prev_state=R ==> next_comm=sensors.qcom next_pid=287 next_prio=120
           <...>-287   [000] ...2  9227.847928: sched_switch: prev_comm=sensors.qcom prev_pid=287 prev_prio=120 prev_state=S ==> next_comm=sensors.qcom next_pid=29179 next_prio=120
           <...>-29179 [000] ...2  9227.848080: sched_switch: prev_comm=sensors.qcom prev_pid=29179 prev_prio=120 prev_state=R+ ==> next_comm=sensors.qcom next_pid=830 next_prio=120
           <...>-830   [000] ...2  9227.848100: sched_switch: prev_comm=sensors.qcom prev_pid=830 prev_prio=120 prev_state=D ==> next_comm=sensors.qcom next_pid=29179 next_prio=120
           <...>-29179 [000] ...2  9227.848109: sched_switch: prev_comm=sensors.qcom prev_pid=29179 prev_prio=120 prev_state=R+ ==> next_comm=sensors.qcom next_pid=830 next_prio=120
           <...>-830   [000] ...2  9227.848163: sched_switch: prev_comm=sensors.qcom prev_pid=830 prev_prio=120 prev_state=S ==> next_comm=sensors.qcom next_pid=678 next_prio=120
    sensors.qcom-678   [000] ...2  9227.848208: sched_switch: prev_comm=sensors.qcom prev_pid=678 prev_prio=120 prev_state=S ==> next_comm=system_server next_pid=715 next_prio=118
   system_server-715   [000] ...2  9227.848315: sched_switch: prev_comm=system_server prev_pid=715 prev_prio=118 prev_state=S ==> next_comm=system_server next_pid=718 next_prio=118
           <...>-718   [000] ...2  9227.848339: sched_switch: prev_comm=system_server prev_pid=718 prev_prio=118 prev_state=S ==> next_comm=sensors.qcom next_pid=29179 next_prio=120
           <...>-29179 [000] ...3  9227.848451: sched_switch: prev_comm=sensors.qcom prev_pid=29179 prev_prio=120 prev_state=x ==> next_comm=swapper/0 next_pid=0 next_prio=120
           <...>-29174 [001] d..2  9227.850617: block_rq_insert: 179,0 R 0 () 1247040 + 56 [app_process]
           <...>-29174 [001] d..2  9227.850623: block_rq_insert: 179,0 R 0 () 1247120 + 104 [app_process]
           <...>-29174 [001] ...2  9227.850641: sched_switch: prev_comm=app_process prev_pid=29174 prev_prio=120 prev_state=D|W ==> next_comm=swapper/1 next_pid=0 next_prio=120
          <idle>-0     [000] ...2  9227.850641: sched_switch: prev_comm=swapper/0 prev_pid=0 prev_prio=120 prev_state=R ==> next_comm=mmcqd/1 next_pid=116 next_prio=120
         mmcqd/1-116   [000] ...2  9227.850756: sched_switch: prev_comm=mmcqd/1 prev_pid=116 prev_prio=120 prev_state=S ==> next_comm=swapper/0 next_pid=0 next_prio=120
          <idle>-0     [000] ...2  9227.851356: sched_switch: prev_comm=swapper/0 prev_pid=0 prev_prio=120 prev_state=R ==> next_comm=mmcqd/1 next_pid=116 next_prio=120
         mmcqd/1-116   [000] ...1  9227.851398: block_rq_complete: 179,0 RA () 1247040 + 56 [0]
         mmcqd/1-116   [000] ...2  9227.851421: sched_switch: prev_comm=mmcqd/1 prev_pid=116 prev_prio=120 prev_state=S ==> next_comm=swapper/0 next_pid=0 next_prio=120
          <idle>-0     [000] ...2  9227.852071: sched_switch: prev_comm=swapper/0 prev_pid=0 prev_prio=120 prev_state=R ==> next_comm=mmcqd/1 next_pid=116 next_prio=120
         mmcqd/1-116   [000] ...1  9227.852105: block_rq_complete: 179,0 RA () 1247120 + 104 [0]
          <idle>-0     [001] ...2  9227.852124: sched_switch: prev_comm=swapper/1 prev_pid=0 prev_prio=120 prev_state=R ==> next_comm=app_process next_pid=29174 next_prio=120
         mmcqd/1-116   [000] ...2  9227.852131: sched_switch: prev_comm=mmcqd/1 prev_pid=116 prev_prio=120 prev_state=R+ ==> next_comm=kworker/0:0H next_pid=21073 next_prio=100
    kworker/0:0H-21073 [000] ...2  9227.852142: sched_switch: prev_comm=kworker/0:0H prev_pid=21073 prev_prio=100 prev_state=S ==> next_comm=mmcqd/1 next_pid=116 next_prio=120
         mmcqd/1-116   [000] ...2  9227.852156: sched_switch: prev_comm=mmcqd/1 prev_pid=116 prev_prio=120 prev_state=S ==> next_comm=swapper/0 next_pid=0 next_prio=120
          <idle>-0     [000] ...2  9227.852840: sched_switch: prev_comm=swapper/0 prev_pid=0 prev_prio=120 prev_state=R ==> next_comm=kworker/u:3 next_pid=27995 next_prio=120
     kworker/u:3-27995 [000] ...2  9227.852857: sched_switch: prev_comm=kworker/u:3 prev_pid=27995 prev_prio=120 prev_state=S ==> next_comm=ksoftirqd/0 next_pid=3 next_prio=120
     ksoftirqd/0-3     [000] ...2  9227.852870: sched_switch: prev_comm=ksoftirqd/0 prev_pid=3 prev_prio=120 prev_state=S ==> next_comm=mpdecision next_pid=1578 next_prio=113
      mpdecision-1578  [000] ...2  9227.853139: sched_switch: prev_comm=mpdecision prev_pid=1578 prev_prio=113 prev_state=S ==> next_comm=kworker/0:0H next_pid=21073 next_prio=100
    kworker/0:0H-21073 [000] ...2  9227.853162: sched_switch: prev_comm=kworker/0:0H prev_pid=21073 prev_prio=100 prev_state=D ==> next_comm=kworker/0:3H next_pid=18917 next_prio=100
    kworker/0:3H-18917 [000] ...2  9227.853261: sched_switch: prev_comm=kworker/0:3H prev_pid=18917 prev_prio=100 prev_state=S ==> next_comm=kworker/0:0H next_pid=21073 next_prio=100
    kworker/0:0H-21073 [000] ...2  9227.853277: sched_switch: prev_comm=kworker/0:0H prev_pid=21073 prev_prio=100 prev_state=S ==> next_comm=swapper/0 next_pid=0 next_prio=120
          <idle>-0     [000] ...2  9227.853304: sched_switch: prev_comm=swapper/0 prev_pid=0 prev_prio=120 prev_state=R ==> next_comm=ksoftirqd/0 next_pid=3 next_prio=120
     ksoftirqd/0-3     [000] ...2  9227.853317: sched_switch: prev_comm=ksoftirqd/0 prev_pid=3 prev_prio=120 prev_state=S ==> next_comm=swapper/0 next_pid=0 next_prio=120
          <idle>-0     [000] ...2  9227.853340: sched_switch: prev_comm=swapper/0 prev_pid=0 prev_prio=120 prev_state=R ==> next_comm=ksoftirqd/0 next_pid=3 next_prio=120
     ksoftirqd/0-3     [000] ...2  9227.853352: sched_switch: prev_comm=ksoftirqd/0 prev_pid=3 prev_prio=120 prev_state=S ==> next_comm=swapper/0 next_pid=0 next_prio=120
          <idle>-0     [000] ...2  9227.862864: sched_switch: prev_comm=swapper/0 prev_pid=0 prev_prio=120 prev_state=R ==> next_comm=ksoftirqd/0 next_pid=3 next_prio=120
     ksoftirqd/0-3     [000] ...2  9227.862880: sched_switch: prev_comm=ksoftirqd/0 prev_pid=3 prev_prio=120 prev_state=S ==> next_comm=swapper/0 next_pid=0 next_prio=120
          <idle>-0     [000] ...2  9227.862904: sched_switch: prev_comm=swapper/0 prev_pid=0 prev_prio=120 prev_state=R ==> next_comm=ksoftirqd/0 next_pid=3 next_prio=120
     ksoftirqd/0-3     [000] ...2  9227.862916: sched_switch: prev_comm=ksoftirqd/0 prev_pid=3 prev_prio=120 prev_state=S ==> next_comm=swapper/0 next_pid=0 next_prio=120
          <idle>-0     [000] ...2  9227.862938: sched_switch: prev_comm=swapper/0 prev_pid=0 prev_prio=120 prev_state=R ==> next_comm=ksoftirqd/0 next_pid=3 next_prio=120
     ksoftirqd/0-3     [000] ...2  9227.862950: sched_switch: prev_comm=ksoftirqd/0 prev_pid=3 prev_prio=120 prev_state=S ==> next_comm=swapper/0 next_pid=0 next_prio=120
          <idle>-0     [000] ...2  9227.870337: sched_switch: prev_comm=swapper/0 prev_pid=0 prev_prio=120 prev_state=R ==> next_comm=kworker/u:3 next_pid=27995 next_prio=120
     kworker/u:3-27995 [000] ...2  9227.870407: sched_switch: prev_comm=kworker/u:3 prev_pid=27995 prev_prio=120 prev_state=S ==> next_comm=kworker/u:0 next_pid=27839 next_prio=120
     kworker/u:0-27839 [000] ...2  9227.870417: sched_switch: prev_comm=kworker/u:0 prev_pid=27839 prev_prio=120 prev_state=S ==> next_comm=sensors.qcom next_pid=842 next_prio=120
    sensors.qcom-842   [000] ...2  9227.870535: sched_switch: prev_comm=sensors.qcom prev_pid=842 prev_prio=120 prev_state=S ==> next_comm=sensors.qcom next_pid=678 next_prio=120
    sensors.qcom-678   [000] ...2  9227.870607: sched_switch: prev_comm=sensors.qcom prev_pid=678 prev_prio=120 prev_state=S ==> next_comm=system_server next_pid=715 next_prio=118
   system_server-715   [000] ...2  9227.870752: sched_switch: prev_comm=system_server prev_pid=715 prev_prio=118 prev_state=S ==> next_comm=system_server next_pid=719 next_prio=118
   system_server-719   [000] ...2  9227.870786: sched_switch: prev_comm=system_server prev_pid=719 prev_prio=118 prev_state=S ==> next_comm=swapper/0 next_pid=0 next_prio=120
           <...>-29174 [001] d..2  9227.870860: block_rq_insert: 179,0 R 0 () 1211560 + 16 [app_process]
           <...>-29174 [001] d..2  9227.870866: block_rq_insert: 179,0 R 0 () 1211624 + 48 [app_process]
           <...>-29174 [001] d..2  9227.870868: block_rq_insert: 179,0 R 0 () 1211680 + 64 [app_process]
           <...>-29174 [001] ...2  9227.870885: sched_switch: prev_comm=app_process prev_pid=29174 prev_prio=120 prev_state=D|W ==> next_comm=swapper/1 next_pid=0 next_prio=120
          <idle>-0     [000] ...2  9227.870887: sched_switch: prev_comm=swapper/0 prev_pid=0 prev_prio=120 prev_state=R ==> next_comm=mmcqd/1 next_pid=116 next_prio=120
         mmcqd/1-116   [000] ...2  9227.870997: sched_switch: prev_comm=mmcqd/1 prev_pid=116 prev_prio=120 prev_state=S ==> next_comm=swapper/0 next_pid=0 next_prio=120
          <idle>-0     [000] ...2  9227.871383: sched_switch: prev_comm=swapper/0 prev_pid=0 prev_prio=120 prev_state=R ==> next_comm=mmcqd/1 next_pid=116 next_prio=120
         mmcqd/1-116   [000] ...1  9227.871427: block_rq_complete: 179,0 RA () 1211560 + 16 [0]
         mmcqd/1-116   [000] ...2  9227.871490: sched_switch: prev_comm=mmcqd/1 prev_pid=116 prev_prio=120 prev_state=S ==> next_comm=swapper/0 next_pid=0 next_prio=120
          <idle>-0     [000] ...2  9227.871957: sched_switch: prev_comm=swapper/0 prev_pid=0 prev_prio=120 prev_state=R ==> next_comm=mmcqd/1 next_pid=116 next_prio=120
         mmcqd/1-116   [000] ...1  9227.872010: block_rq_complete: 179,0 RA () 1211624 + 48 [0]
         mmcqd/1-116   [000] ...2  9227.872035: sched_switch: prev_comm=mmcqd/1 prev_pid=116 prev_prio=120 prev_state=S ==> next_comm=swapper/0 next_pid=0 next_prio=120
          <idle>-0     [000] ...2  9227.872540: sched_switch: prev_comm=swapper/0 prev_pid=0 prev_prio=120 prev_state=R ==> next_comm=mmcqd/1 next_pid=116 next_prio=120
         mmcqd/1-116   [000] ...1  9227.872575: block_rq_complete: 179,0 RA () 1211680 + 64 [0]
          <idle>-0     [001] ...2  9227.872596: sched_switch: prev_comm=swapper/1 prev_pid=0 prev_prio=120 prev_state=R ==> next_comm=app_process next_pid=29174 next_prio=120
         mmcqd/1-116   [000] ...2  9227.872608: sched_switch: prev_comm=mmcqd/1 prev_pid=116 prev_prio=120 prev_state=R+ ==> next_comm=kworker/0:0H next_pid=21073 next_prio=100
    kworker/0:0H-21073 [000] ...2  9227.872622: sched_switch: prev_comm=kworker/0:0H prev_pid=21073 prev_prio=100 prev_state=S ==> next_comm=mmcqd/1 next_pid=116 next_prio=120
         mmcqd/1-116   [000] ...2  9227.872643: sched_switch: prev_comm=mmcqd/1 prev_pid=116 prev_prio=120 prev_state=S ==> next_comm=swapper/0 next_pid=0 next_prio=120
          <idle>-0     [000] ...2  9227.872854: sched_switch: prev_comm=swapper/0 prev_pid=0 prev_prio=120 prev_state=R ==> next_comm=ksoftirqd/0 next_pid=3 next_prio=120
     ksoftirqd/0-3     [000] ...2  9227.872880: sched_switch: prev_comm=ksoftirqd/0 prev_pid=3 prev_prio=120 prev_state=S ==> next_comm=swapper/0 next_pid=0 next_prio=120
          <idle>-0     [000] ...2  9227.872907: sched_switch: prev_comm=swapper/0 prev_pid=0 prev_prio=120 prev_state=R ==> next_comm=ksoftirqd/0 next_pid=3 next_prio=120
     ksoftirqd/0-3     [000] ...2  9227.872922: sched_switch: prev_comm=ksoftirqd/0 prev_pid=3 prev_prio=120 prev_state=S ==> next_comm=swapper/0 next_pid=0 next_prio=120
          <idle>-0     [000] ...2  9227.872949: sched_switch: prev_comm=swapper/0 prev_pid=0 prev_prio=120 prev_state=R ==> next_comm=ksoftirqd/0 next_pid=3 next_prio=120
     ksoftirqd/0-3     [000] ...2  9227.872962: sched_switch: prev_comm=ksoftirqd/0 prev_pid=3 prev_prio=120 prev_state=S ==> next_comm=swapper/0 next_pid=0 next_prio=120
          <idle>-0     [000] ...2  9227.875862: sched_switch: prev_comm=swapper/0 prev_pid=0 prev_prio=120 prev_state=R ==> next_comm=kworker/u:0 next_pid=27839 next_prio=120
     kworker/u:0-27839 [000] ...2  9227.875915: sched_switch: prev_comm=kworker/u:0 prev_pid=27839 prev_prio=120 prev_state=S ==> next_comm=kworker/u:3 next_pid=27995 next_prio=120
     kworker/u:3-27995 [000] ...2  9227.875924: sched_switch: prev_comm=kworker/u:3 prev_pid=27995 prev_prio=120 prev_state=S ==> next_comm=sensors.qcom next_pid=842 next_prio=120
    sensors.qcom-842   [000] ...2  9227.876005: sched_switch: prev_comm=sensors.qcom prev_pid=842 prev_prio=120 prev_state=S ==> next_comm=sensors.qcom next_pid=678 next_prio=120
    sensors.qcom-678   [000] ...2  9227.876060: sched_switch: prev_comm=sensors.qcom prev_pid=678 prev_prio=120 prev_state=S ==> next_comm=system_server next_pid=715 next_prio=118
   system_server-715   [000] ...2  9227.876174: sched_switch: prev_comm=system_server prev_pid=715 prev_prio=118 prev_state=S ==> next_comm=system_server next_pid=719 next_prio=118
   system_server-719   [000] ...2  9227.876213: sched_switch: prev_comm=system_server prev_pid=719 prev_prio=118 prev_state=S ==> next_comm=SensorService next_pid=760 next_prio=112
   SensorService-760   [000] ...2  9227.876298: sched_switch: prev_comm=SensorService prev_pid=760 prev_prio=112 prev_state=S ==> next_comm=android.ui next_pid=772 next_prio=118
      android.ui-772   [000] ...2  9227.876426: sched_switch: prev_comm=android.ui prev_pid=772 prev_prio=118 prev_state=S ==> next_comm=swapper/0 next_pid=0 next_prio=120
          <idle>-0     [000] ...2  9227.882851: sched_switch: prev_comm=swapper/0 prev_pid=0 prev_prio=120 prev_state=R ==> next_comm=ksoftirqd/0 next_pid=3 next_prio=120
     ksoftirqd/0-3     [000] ...2  9227.882864: sched_switch: prev_comm=ksoftirqd/0 prev_pid=3 prev_prio=120 prev_state=S ==> next_comm=swapper/0 next_pid=0 next_prio=120
          <idle>-0     [000] ...2  9227.882886: sched_switch: prev_comm=swapper/0 prev_pid=0 prev_prio=120 prev_state=R ==> next_comm=ksoftirqd/0 next_pid=3 next_prio=120
     ksoftirqd/0-3     [000] ...2  9227.882901: sched_switch: prev_comm=ksoftirqd/0 prev_pid=3 prev_prio=120 prev_state=S ==> next_comm=swapper/0 next_pid=0 next_prio=120
          <idle>-0     [000] ...2  9227.882923: sched_switch: prev_comm=swapper/0 prev_pid=0 prev_prio=120 prev_state=R ==> next_comm=ksoftirqd/0 next_pid=3 next_prio=120
     ksoftirqd/0-3     [000] ...2  9227.882935: sched_switch: prev_comm=ksoftirqd/0 prev_pid=3 prev_prio=120 prev_state=S ==> next_comm=swapper/0 next_pid=0 next_prio=120
           <...>-29174 [001] ...2  9227.892829: sched_switch: prev_comm=app_process prev_pid=29174 prev_prio=120 prev_state=R ==> next_comm=kworker/1:0H next_pid=29162 next_prio=100
          <idle>-0     [000] ...2  9227.892846: sched_switch: prev_comm=swapper/0 prev_pid=0 prev_prio=120 prev_state=R ==> next_comm=ksoftirqd/0 next_pid=3 next_prio=120
    kworker/1:0H-29162 [001] ...2  9227.892846: sched_switch: prev_comm=kworker/1:0H prev_pid=29162 prev_prio=100 prev_state=S ==> next_comm=app_process next_pid=29174 next_prio=120
     ksoftirqd/0-3     [000] ...2  9227.892863: sched_switch: prev_comm=ksoftirqd/0 prev_pid=3 prev_prio=120 prev_state=S ==> next_comm=swapper/0 next_pid=0 next_prio=120
          <idle>-0     [000] ...2  9227.902848: sched_switch: prev_comm=swapper/0 prev_pid=0 prev_prio=120 prev_state=R ==> next_comm=kworker/u:3 next_pid=27995 next_prio=120
     kworker/u:3-27995 [000] ...2  9227.902875: sched_switch: prev_comm=kworker/u:3 prev_pid=27995 prev_prio=120 prev_state=S ==> next_comm=mpdecision next_pid=1578 next_prio=113
      mpdecision-1578  [000] ...2  9227.903293: sched_switch: prev_comm=mpdecision prev_pid=1578 prev_prio=113 prev_state=S ==> next_comm=swapper/0 next_pid=0 next_prio=120
          <idle>-0     [000] ...2  9227.903318: sched_switch: prev_comm=swapper/0 prev_pid=0 prev_prio=120 prev_state=R ==> next_comm=ksoftirqd/0 next_pid=3 next_prio=120
     ksoftirqd/0-3     [000] ...2  9227.903335: sched_switch: prev_comm=ksoftirqd/0 prev_pid=3 prev_prio=120 prev_state=S ==> next_comm=swapper/0 next_pid=0 next_prio=120
          <idle>-0     [000] ...2  9227.903358: sched_switch: prev_comm=swapper/0 prev_pid=0 prev_prio=120 prev_state=R ==> next_comm=ksoftirqd/0 next_pid=3 next_prio=120
     ksoftirqd/0-3     [000] ...2  9227.903371: sched_switch: prev_comm=ksoftirqd/0 prev_pid=3 prev_prio=120 prev_state=S ==> next_comm=swapper/0 next_pid=0 next_prio=120
          <idle>-0     [000] ...2  9227.903393: sched_switch: prev_comm=swapper/0 prev_pid=0 prev_prio=120 prev_state=R ==> next_comm=ksoftirqd/0 next_pid=3 next_prio=120
     ksoftirqd/0-3     [000] ...2  9227.903405: sched_switch: prev_comm=ksoftirqd/0 prev_pid=3 prev_prio=120 prev_state=S ==> next_comm=swapper/0 next_pid=0 next_prio=120
          <idle>-0     [000] ...2  9227.927540: sched_switch: prev_comm=swapper/0 prev_pid=0 prev_prio=120 prev_state=R ==> next_comm=qmuxd next_pid=519 next_prio=120
           qmuxd-519   [000] ...2  9227.927721: sched_switch: prev_comm=qmuxd prev_pid=519 prev_prio=120 prev_state=S ==> next_comm=kworker/0:1 next_pid=26762 next_prio=120
     kworker/0:1-26762 [000] ...2  9227.927737: sched_switch: prev_comm=kworker/0:1 prev_pid=26762 prev_prio=120 prev_state=S ==> next_comm=rild next_pid=662 next_prio=120
            rild-662   [000] ...2  9227.928091: sched_switch: prev_comm=rild prev_pid=662 prev_prio=120 prev_state=S ==> next_comm=rild next_pid=300 next_prio=120
            rild-300   [000] ...2  9227.928661: sched_switch: prev_comm=rild prev_pid=300 prev_prio=120 prev_state=S ==> next_comm=qmuxd next_pid=192 next_prio=120
           qmuxd-192   [000] ...2  9227.928833: sched_switch: prev_comm=qmuxd prev_pid=192 prev_prio=120 prev_state=S ==> next_comm=ksoftirqd/0 next_pid=3 next_prio=120
     ksoftirqd/0-3     [000] ...2  9227.928856: sched_switch: prev_comm=ksoftirqd/0 prev_pid=3 prev_prio=120 prev_state=S ==> next_comm=swapper/0 next_pid=0 next_prio=120
          <idle>-0     [000] ...2  9227.929734: sched_switch: prev_comm=swapper/0 prev_pid=0 prev_prio=120 prev_state=R ==> next_comm=kworker/0:1 next_pid=26762 next_prio=120
     kworker/0:1-26762 [000] ...2  9227.929757: sched_switch: prev_comm=kworker/0:1 prev_pid=26762 prev_prio=120 prev_state=S ==> next_comm=qmuxd next_pid=519 next_prio=120
           qmuxd-519   [000] ...2  9227.929914: sched_switch: prev_comm=qmuxd prev_pid=519 prev_prio=120 prev_state=S ==> next_comm=rild next_pid=662 next_prio=120
            rild-662   [000] ...2  9227.929988: sched_switch: prev_comm=rild prev_pid=662 prev_prio=120 prev_state=S ==> next_comm=rild next_pid=300 next_prio=120
            rild-300   [000] ...2  9227.930695: sched_switch: prev_comm=rild prev_pid=300 prev_prio=120 prev_state=S ==> next_comm=RILReceiver0 next_pid=1272 next_prio=120
    RILReceiver0-1272  [000] ...2  9227.930899: sched_switch: prev_comm=RILReceiver0 prev_pid=1272 prev_prio=120 prev_state=S ==> next_comm=m.android.phone next_pid=1088 next_prio=120
 m.android.phone-1088  [000] ...2  9227.931228: sched_switch: prev_comm=m.android.phone prev_pid=1088 prev_prio=120 prev_state=S ==> next_comm=Binder_B next_pid=1776 next_prio=120
        Binder_B-1776  [000] ...2  9227.931451: sched_switch: prev_comm=Binder_B prev_pid=1776 prev_prio=120 prev_state=S ==> next_comm=servicemanager next_pid=170 next_prio=120
  servicemanager-170   [000] ...2  9227.931610: sched_switch: prev_comm=servicemanager prev_pid=170 prev_prio=120 prev_state=S ==> next_comm=Binder_B next_pid=1776 next_prio=120
           <...>-29174 [001] ...2  9227.931637: sched_switch: prev_comm=app_process prev_pid=29174 prev_prio=120 prev_state=R+ ==> next_comm=logcat next_pid=5462 next_prio=120
        Binder_B-1776  [000] ...2  9227.931719: sched_switch: prev_comm=Binder_B prev_pid=1776 prev_prio=120 prev_state=S ==> next_comm=logcat next_pid=8970 next_prio=120
          logcat-5462  [001] ...2  9227.931748: sched_switch: prev_comm=logcat prev_pid=5462 prev_prio=120 prev_state=S ==> next_comm=kworker/1:1 next_pid=29166 next_prio=120
     kworker/1:1-29166 [001] ...2  9227.931765: sched_switch: prev_comm=kworker/1:1 prev_pid=29166 prev_prio=120 prev_state=S ==> next_comm=adbd next_pid=2833 next_prio=120
          logcat-8970  [000] ...2  9227.931888: sched_switch: prev_comm=logcat prev_pid=8970 prev_prio=120 prev_state=S ==> next_comm=logcat next_pid=18670 next_prio=120
            adbd-2833  [001] ...2  9227.931902: sched_switch: prev_comm=adbd prev_pid=2833 prev_prio=120 prev_state=D ==> next_comm=adbd next_pid=2835 next_prio=120
            adbd-2835  [001] ...2  9227.931962: sched_switch: prev_comm=adbd prev_pid=2835 prev_prio=120 prev_state=S ==> next_comm=app_process next_pid=29174 next_prio=120
          logcat-18670 [000] ...2  9227.932081: sched_switch: prev_comm=logcat prev_pid=18670 prev_prio=120 prev_state=S ==> next_comm=kworker/0:1 next_pid=26762 next_prio=120
           <...>-29174 [001] ...2  9227.932104: sched_switch: prev_comm=app_process prev_pid=29174 prev_prio=120 prev_state=R+ ==> next_comm=adbd next_pid=2833 next_prio=120
     kworker/0:1-26762 [000] ...2  9227.932113: sched_switch: prev_comm=kworker/0:1 prev_pid=26762 prev_prio=120 prev_state=S ==> next_comm=m.android.phone next_pid=1088 next_prio=120
            adbd-2833  [001] ...2  9227.932216: sched_switch: prev_comm=adbd prev_pid=2833 prev_prio=120 prev_state=S ==> next_comm=adbd next_pid=2835 next_prio=120
 m.android.phone-1088  [000] ...2  9227.932266: sched_switch: prev_comm=m.android.phone prev_pid=1088 prev_prio=120 prev_state=S ==> next_comm=Binder_B next_pid=1776 next_prio=120
            adbd-2835  [001] ...2  9227.932271: sched_switch: prev_comm=adbd prev_pid=2835 prev_prio=120 prev_state=S ==> next_comm=app_process next_pid=29174 next_prio=120
           <...>-29174 [001] d..2  9227.932367: block_rq_insert: 179,0 R 0 () 1183416 + 224 [app_process]
           <...>-29174 [001] ...2  9227.932381: sched_switch: prev_comm=app_process prev_pid=29174 prev_prio=120 prev_state=R+ ==> next_comm=mmcqd/1 next_pid=116 next_prio=120
         mmcqd/1-116   [001] ...2  9227.932482: sched_switch: prev_comm=mmcqd/1 prev_pid=116 prev_prio=120 prev_state=S ==> next_comm=app_process next_pid=29174 next_prio=120
           <...>-29174 [001] ...2  9227.932499: sched_switch: prev_comm=app_process prev_pid=29174 prev_prio=120 prev_state=D|W ==> next_comm=Binder_3 next_pid=1433 next_prio=120
        Binder_3-1433  [001] ...2  9227.932617: sched_switch: prev_comm=Binder_3 prev_pid=1433 prev_prio=120 prev_state=S ==> next_comm=ndroid.systemui next_pid=855 next_prio=120
           <...>-855   [001] ...2  9227.932690: sched_switch: prev_comm=ndroid.systemui prev_pid=855 prev_prio=120 prev_state=S ==> next_comm=adbd next_pid=2836 next_prio=120
            adbd-2836  [001] ...2  9227.932725: sched_switch: prev_comm=adbd prev_pid=2836 prev_prio=120 prev_state=S ==> next_comm=adbd next_pid=2833 next_prio=120
        Binder_B-1776  [000] ...2  9227.932792: sched_switch: prev_comm=Binder_B prev_pid=1776 prev_prio=120 prev_state=S ==> next_comm=system_server next_pid=691 next_prio=118
            adbd-2833  [001] ...2  9227.932851: sched_switch: prev_comm=adbd prev_pid=2833 prev_prio=120 prev_state=S ==> next_comm=adbd next_pid=2835 next_prio=120
            adbd-2835  [001] ...2  9227.932863: sched_switch: prev_comm=adbd prev_pid=2835 prev_prio=120 prev_state=S ==> next_comm=m.android.phone next_pid=1088 next_prio=120
   system_server-691   [000] ...2  9227.932887: sched_switch: prev_comm=system_server prev_pid=691 prev_prio=118 prev_state=R ==> next_comm=kworker/0:0H next_pid=21073 next_prio=100
    kworker/0:0H-21073 [000] ...2  9227.932920: sched_switch: prev_comm=kworker/0:0H prev_pid=21073 prev_prio=100 prev_state=D ==> next_comm=kworker/0:3H next_pid=18917 next_prio=100
    kworker/0:3H-18917 [000] ...2  9227.932950: sched_switch: prev_comm=kworker/0:3H prev_pid=18917 prev_prio=100 prev_state=S ==> next_comm=kworker/0:0H next_pid=21073 next_prio=100
    kworker/0:0H-21073 [000] ...2  9227.932963: sched_switch: prev_comm=kworker/0:0H prev_pid=21073 prev_prio=100 prev_state=S ==> next_comm=system_server next_pid=691 next_prio=118
 m.android.phone-1088  [001] ...2  9227.932996: sched_switch: prev_comm=m.android.phone prev_pid=1088 prev_prio=120 prev_state=S ==> next_comm=adbd next_pid=2836 next_prio=120
            adbd-2836  [001] ...2  9227.933026: sched_switch: prev_comm=adbd prev_pid=2836 prev_prio=120 prev_state=S ==> next_comm=adbd next_pid=2833 next_prio=120
   system_server-691   [000] ...2  9227.933044: sched_switch: prev_comm=system_server prev_pid=691 prev_prio=118 prev_state=S ==> next_comm=Binder_7 next_pid=1154 next_prio=120
            adbd-2833  [001] ...2  9227.933125: sched_switch: prev_comm=adbd prev_pid=2833 prev_prio=120 prev_state=S ==> next_comm=adbd next_pid=2835 next_prio=120
            adbd-2835  [001] ...2  9227.933134: sched_switch: prev_comm=adbd prev_pid=2835 prev_prio=120 prev_state=S ==> next_comm=swapper/1 next_pid=0 next_prio=120
          <idle>-0     [001] ...2  9227.933153: sched_switch: prev_comm=swapper/1 prev_pid=0 prev_prio=120 prev_state=R ==> next_comm=ksoftirqd/1 next_pid=29163 next_prio=120
           <...>-29163 [001] ...2  9227.933170: sched_switch: prev_comm=ksoftirqd/1 prev_pid=29163 prev_prio=120 prev_state=S ==> next_comm=swapper/1 next_pid=0 next_prio=120
          <idle>-0     [001] ...2  9227.933183: sched_switch: prev_comm=swapper/1 prev_pid=0 prev_prio=120 prev_state=R ==> next_comm=ksoftirqd/1 next_pid=29163 next_prio=120
           <...>-29163 [001] ...2  9227.933191: sched_switch: prev_comm=ksoftirqd/1 prev_pid=29163 prev_prio=120 prev_state=S ==> next_comm=swapper/1 next_pid=0 next_prio=120
          <idle>-0     [001] ...2  9227.933202: sched_switch: prev_comm=swapper/1 prev_pid=0 prev_prio=120 prev_state=R ==> next_comm=ksoftirqd/1 next_pid=29163 next_prio=120
           <...>-29163 [001] ...2  9227.933211: sched_switch: prev_comm=ksoftirqd/1 prev_pid=29163 prev_prio=120 prev_state=S ==> next_comm=swapper/1 next_pid=0 next_prio=120
          <idle>-0     [001] ...2  9227.933223: sched_switch: prev_comm=swapper/1 prev_pid=0 prev_prio=120 prev_state=R ==> next_comm=ksoftirqd/1 next_pid=29163 next_prio=120
           <...>-29163 [001] ...2  9227.933231: sched_switch: prev_comm=ksoftirqd/1 prev_pid=29163 prev_prio=120 prev_state=S ==> next_comm=swapper/1 next_pid=0 next_prio=120
          <idle>-0     [001] ...2  9227.933243: sched_switch: prev_comm=swapper/1 prev_pid=0 prev_prio=120 prev_state=R ==> next_comm=ksoftirqd/1 next_pid=29163 next_prio=120
           <...>-1154  [000] ...2  9227.933252: sched_switch: prev_comm=Binder_7 prev_pid=1154 prev_prio=120 prev_state=S ==> next_comm=adbd next_pid=2836 next_prio=120
           <...>-29163 [001] ...2  9227.933256: sched_switch: prev_comm=ksoftirqd/1 prev_pid=29163 prev_prio=120 prev_state=S ==> next_comm=servicemanager next_pid=170 next_prio=120
            adbd-2836  [000] ...2  9227.933304: sched_switch: prev_comm=adbd prev_pid=2836 prev_prio=120 prev_state=S ==> next_comm=adbd next_pid=2833 next_prio=120
  servicemanager-170   [001] ...2  9227.933347: sched_switch: prev_comm=servicemanager prev_pid=170 prev_prio=120 prev_state=S ==> next_comm=swapper/1 next_pid=0 next_prio=120
          <idle>-0     [001] ...2  9227.933358: sched_switch: prev_comm=swapper/1 prev_pid=0 prev_prio=120 prev_state=R ==> next_comm=ksoftirqd/1 next_pid=29163 next_prio=120
           <...>-29163 [001] ...2  9227.933364: sched_switch: prev_comm=ksoftirqd/1 prev_pid=29163 prev_prio=120 prev_state=S ==> next_comm=swapper/1 next_pid=0 next_prio=120
          <idle>-0     [001] ...2  9227.933406: sched_switch: prev_comm=swapper/1 prev_pid=0 prev_prio=120 prev_state=R ==> next_comm=adbd next_pid=2835 next_prio=120
            adbd-2835  [001] ...2  9227.933413: sched_switch: prev_comm=adbd prev_pid=2835 prev_prio=120 prev_state=S ==> next_comm=swapper/1 next_pid=0 next_prio=120
            adbd-2833  [000] ...2  9227.933489: sched_switch: prev_comm=adbd prev_pid=2833 prev_prio=120 prev_state=S ==> next_comm=Binder_7 next_pid=1154 next_prio=120
          <idle>-0     [001] ...2  9227.933583: sched_switch: prev_comm=swapper/1 prev_pid=0 prev_prio=120 prev_state=R ==> next_comm=m.android.phone next_pid=1088 next_prio=120
           <...>-1154  [000] ...2  9227.933606: sched_switch: prev_comm=Binder_7 prev_pid=1154 prev_prio=120 prev_state=S ==> next_comm=swapper/0 next_pid=0 next_prio=120
          <idle>-0     [000] ...2  9227.933630: sched_switch: prev_comm=swapper/0 prev_pid=0 prev_prio=120 prev_state=R ==> next_comm=ksoftirqd/0 next_pid=3 next_prio=120
     ksoftirqd/0-3     [000] ...2  9227.933650: sched_switch: prev_comm=ksoftirqd/0 prev_pid=3 prev_prio=120 prev_state=S ==> next_comm=Binder_7 next_pid=1154 next_prio=120
 m.android.phone-1088  [001] ...2  9227.933665: sched_switch: prev_comm=m.android.phone prev_pid=1088 prev_prio=120 prev_state=S ==> next_comm=swapper/1 next_pid=0 next_prio=120
          <idle>-0     [001] ...2  9227.933977: sched_switch: prev_comm=swapper/1 prev_pid=0 prev_prio=120 prev_state=R ==> next_comm=mmcqd/1 next_pid=116 next_prio=120
         mmcqd/1-116   [001] ...1  9227.934032: block_rq_complete: 179,0 RA () 1183416 + 224 [0]
         mmcqd/1-116   [001] ...2  9227.934063: sched_switch: prev_comm=mmcqd/1 prev_pid=116 prev_prio=120 prev_state=R+ ==> next_comm=kworker/1:0H next_pid=29162 next_prio=100
    kworker/1:0H-29162 [001] ...2  9227.934071: sched_switch: prev_comm=kworker/1:0H prev_pid=29162 prev_prio=100 prev_state=S ==> next_comm=mmcqd/1 next_pid=116 next_prio=120
         mmcqd/1-116   [001] ...2  9227.934082: sched_switch: prev_comm=mmcqd/1 prev_pid=116 prev_prio=120 prev_state=S ==> next_comm=app_process next_pid=29174 next_prio=120
           <...>-29174 [001] ...2  9227.934098: sched_switch: prev_comm=app_process prev_pid=29174 prev_prio=120 prev_state=R+ ==> next_comm=m.android.phone next_pid=1088 next_prio=120
           <...>-1154  [000] ...2  9227.934144: sched_switch: prev_comm=Binder_7 prev_pid=1154 prev_prio=120 prev_state=S ==> next_comm=swapper/0 next_pid=0 next_prio=120
 m.android.phone-1088  [001] ...2  9227.934145: sched_switch: prev_comm=m.android.phone prev_pid=1088 prev_prio=120 prev_state=S ==> next_comm=app_process next_pid=29174 next_prio=120
          <idle>-0     [000] ...2  9227.934166: sched_switch: prev_comm=swapper/0 prev_pid=0 prev_prio=120 prev_state=R ==> next_comm=ksoftirqd/0 next_pid=3 next_prio=120
     ksoftirqd/0-3     [000] ...2  9227.934180: sched_switch: prev_comm=ksoftirqd/0 prev_pid=3 prev_prio=120 prev_state=S ==> next_comm=swapper/0 next_pid=0 next_prio=120
          <idle>-0     [000] ...2  9227.934200: sched_switch: prev_comm=swapper/0 prev_pid=0 prev_prio=120 prev_state=R ==> next_comm=ksoftirqd/0 next_pid=3 next_prio=120
     ksoftirqd/0-3     [000] ...2  9227.934213: sched_switch: prev_comm=ksoftirqd/0 prev_pid=3 prev_prio=120 prev_state=S ==> next_comm=swapper/0 next_pid=0 next_prio=120
           <...>-29174 [001] d..2  9227.934339: block_rq_insert: 179,0 R 0 () 1186480 + 40 [app_process]
           <...>-29174 [001] ...2  9227.934351: sched_switch: prev_comm=app_process prev_pid=29174 prev_prio=120 prev_state=R+ ==> next_comm=mmcqd/1 next_pid=116 next_prio=120
         mmcqd/1-116   [001] ...2  9227.934396: sched_switch: prev_comm=mmcqd/1 prev_pid=116 prev_prio=120 prev_state=S ==> next_comm=app_process next_pid=29174 next_prio=120
           <...>-29174 [001] ...2  9227.934401: sched_switch: prev_comm=app_process prev_pid=29174 prev_prio=120 prev_state=D|W ==> next_comm=swapper/1 next_pid=0 next_prio=120
          <idle>-0     [000] ...2  9227.934835: sched_switch: prev_comm=swapper/0 prev_pid=0 prev_prio=120 prev_state=R ==> next_comm=mmcqd/1 next_pid=116 next_prio=120
         mmcqd/1-116   [000] ...1  9227.934863: block_rq_complete: 179,0 RA () 1186480 + 40 [0]
          <idle>-0     [001] ...2  9227.934879: sched_switch: prev_comm=swapper/1 prev_pid=0 prev_prio=120 prev_state=R ==> next_comm=app_process next_pid=29174 next_prio=120
         mmcqd/1-116   [000] ...2  9227.934896: sched_switch: prev_comm=mmcqd/1 prev_pid=116 prev_prio=120 prev_state=R+ ==> next_comm=kworker/0:0H next_pid=21073 next_prio=100
    kworker/0:0H-21073 [000] ...2  9227.934909: sched_switch: prev_comm=kworker/0:0H prev_pid=21073 prev_prio=100 prev_state=S ==> next_comm=mmcqd/1 next_pid=116 next_prio=120
         mmcqd/1-116   [000] ...2  9227.934929: sched_switch: prev_comm=mmcqd/1 prev_pid=116 prev_prio=120 prev_state=S ==> next_comm=swapper/0 next_pid=0 next_prio=120
           <...>-29174 [001] d..2  9227.935035: block_rq_insert: 179,0 R 0 () 1242888 + 8 [app_process]
           <...>-29174 [001] ...2  9227.935048: sched_switch: prev_comm=app_process prev_pid=29174 prev_prio=120 prev_state=D|W ==> next_comm=swapper/1 next_pid=0 next_prio=120
          <idle>-0     [000] ...2  9227.935053: sched_switch: prev_comm=swapper/0 prev_pid=0 prev_prio=120 prev_state=R ==> next_comm=mmcqd/1 next_pid=116 next_prio=120
         mmcqd/1-116   [000] ...2  9227.935110: sched_switch: prev_comm=mmcqd/1 prev_pid=116 prev_prio=120 prev_state=S ==> next_comm=swapper/0 next_pid=0 next_prio=120
          <idle>-0     [000] ...2  9227.935349: sched_switch: prev_comm=swapper/0 prev_pid=0 prev_prio=120 prev_state=R ==> next_comm=mmcqd/1 next_pid=116 next_prio=120
         mmcqd/1-116   [000] ...1  9227.935365: block_rq_complete: 179,0 RA () 1242888 + 8 [0]
          <idle>-0     [001] ...2  9227.935380: sched_switch: prev_comm=swapper/1 prev_pid=0 prev_prio=120 prev_state=R ==> next_comm=app_process next_pid=29174 next_prio=120
         mmcqd/1-116   [000] ...2  9227.935393: sched_switch: prev_comm=mmcqd/1 prev_pid=116 prev_prio=120 prev_state=R+ ==> next_comm=kworker/0:0H next_pid=21073 next_prio=100
    kworker/0:0H-21073 [000] ...2  9227.935406: sched_switch: prev_comm=kworker/0:0H prev_pid=21073 prev_prio=100 prev_state=S ==> next_comm=mmcqd/1 next_pid=116 next_prio=120
         mmcqd/1-116   [000] ...2  9227.935421: sched_switch: prev_comm=mmcqd/1 prev_pid=116 prev_prio=120 prev_state=S ==> next_comm=swapper/0 next_pid=0 next_prio=120
           <...>-29174 [001] ...2  9227.936805: sched_switch: prev_comm=app_process prev_pid=29174 prev_prio=120 prev_state=R ==> next_comm=logcat next_pid=5462 next_prio=120
          logcat-5462  [001] ...2  9227.936825: sched_switch: prev_comm=logcat prev_pid=5462 prev_prio=120 prev_state=S ==> next_comm=app_process next_pid=29174 next_prio=120
          <idle>-0     [000] ...2  9227.936953: sched_switch: prev_comm=swapper/0 prev_pid=0 prev_prio=120 prev_state=R ==> next_comm=logcat next_pid=8970 next_prio=120
          logcat-8970  [000] ...2  9227.936980: sched_switch: prev_comm=logcat prev_pid=8970 prev_prio=120 prev_state=S ==> next_comm=swapper/0 next_pid=0 next_prio=120
          <idle>-0     [000] ...2  9227.937142: sched_switch: prev_comm=swapper/0 prev_pid=0 prev_prio=120 prev_state=R ==> next_comm=logcat next_pid=18670 next_prio=120
          logcat-18670 [000] ...2  9227.937169: sched_switch: prev_comm=logcat prev_pid=18670 prev_prio=120 prev_state=S ==> next_comm=swapper/0 next_pid=0 next_prio=120
           <...>-29174 [001] ...2  9227.937383: sched_switch: prev_comm=app_process prev_pid=29174 prev_prio=120 prev_state=R+ ==> next_comm=logcat next_pid=5462 next_prio=120
          <idle>-0     [000] ...2  9227.937385: sched_switch: prev_comm=swapper/0 prev_pid=0 prev_prio=120 prev_state=R ==> next_comm=logcat next_pid=8970 next_prio=120
          logcat-5462  [001] ...2  9227.937488: sched_switch: prev_comm=logcat prev_pid=5462 prev_prio=120 prev_state=S ==> next_comm=kworker/1:1 next_pid=29166 next_prio=120
     kworker/1:1-29166 [001] ...2  9227.937503: sched_switch: prev_comm=kworker/1:1 prev_pid=29166 prev_prio=120 prev_state=S ==> next_comm=adbd next_pid=2833 next_prio=120
            adbd-2833  [001] ...2  9227.937522: sched_switch: prev_comm=adbd prev_pid=2833 prev_prio=120 prev_state=D ==> next_comm=app_process next_pid=29174 next_prio=120
          logcat-8970  [000] ...2  9227.937542: sched_switch: prev_comm=logcat prev_pid=8970 prev_prio=120 prev_state=S ==> next_comm=kworker/0:1 next_pid=26762 next_prio=120
           <...>-29174 [001] ...2  9227.937564: sched_switch: prev_comm=app_process prev_pid=29174 prev_prio=120 prev_state=R ==> next_comm=adbd next_pid=2833 next_prio=120
     kworker/0:1-26762 [000] ...2  9227.937568: sched_switch: prev_comm=kworker/0:1 prev_pid=26762 prev_prio=120 prev_state=S ==> next_comm=logcat next_pid=18670 next_prio=120
            adbd-2833  [001] ...2  9227.937692: sched_switch: prev_comm=adbd prev_pid=2833 prev_prio=120 prev_state=D ==> next_comm=adbd next_pid=2835 next_prio=120
          logcat-18670 [000] ...2  9227.937737: sched_switch: prev_comm=logcat prev_pid=18670 prev_prio=120 prev_state=S ==> next_comm=kworker/0:1 next_pid=26762 next_prio=120
     kworker/0:1-26762 [000] ...2  9227.937761: sched_switch: prev_comm=kworker/0:1 prev_pid=26762 prev_prio=120 prev_state=S ==> next_comm=adbd next_pid=2833 next_prio=120
            adbd-2835  [001] ...2  9227.937764: sched_switch: prev_comm=adbd prev_pid=2835 prev_prio=120 prev_state=S ==> next_comm=app_process next_pid=29174 next_prio=120
            adbd-2833  [000] ...2  9227.937930: sched_switch: prev_comm=adbd prev_pid=2833 prev_prio=120 prev_state=S ==> next_comm=adbd next_pid=2835 next_prio=120
            adbd-2835  [000] ...2  9227.937961: sched_switch: prev_comm=adbd prev_pid=2835 prev_prio=120 prev_state=S ==> next_comm=swapper/0 next_pid=0 next_prio=120
          <idle>-0     [000] ...2  9227.938119: sched_switch: prev_comm=swapper/0 prev_pid=0 prev_prio=120 prev_state=R ==> next_comm=adbd next_pid=2835 next_prio=120
            adbd-2835  [000] ...2  9227.938180: sched_switch: prev_comm=adbd prev_pid=2835 prev_prio=120 prev_state=S ==> next_comm=adbd next_pid=2836 next_prio=120
            adbd-2836  [000] ...2  9227.938243: sched_switch: prev_comm=adbd prev_pid=2836 prev_prio=120 prev_state=S ==> next_comm=adbd next_pid=2833 next_prio=120
            adbd-2833  [000] ...2  9227.938457: sched_switch: prev_comm=adbd prev_pid=2833 prev_prio=120 prev_state=S ==> next_comm=adbd next_pid=2835 next_prio=120
            adbd-2835  [000] ...2  9227.938468: sched_switch: prev_comm=adbd prev_pid=2835 prev_prio=120 prev_state=S ==> next_comm=adbd next_pid=2836 next_prio=120
            adbd-2836  [000] ...2  9227.938515: sched_switch: prev_comm=adbd prev_pid=2836 prev_prio=120 prev_state=S ==> next_comm=adbd next_pid=2833 next_prio=120
            adbd-2833  [000] ...2  9227.938712: sched_switch: prev_comm=adbd prev_pid=2833 prev_prio=120 prev_state=S ==> next_comm=adbd next_pid=2835 next_prio=120
            adbd-2835  [000] ...2  9227.938721: sched_switch: prev_comm=adbd prev_pid=2835 prev_prio=120 prev_state=S ==> next_comm=adbd next_pid=2836 next_prio=120
            adbd-2836  [000] ...2  9227.938766: sched_switch: prev_comm=adbd prev_pid=2836 prev_prio=120 prev_state=S ==> next_comm=adbd next_pid=2833 next_prio=120
            adbd-2833  [000] ...2  9227.938981: sched_switch: prev_comm=adbd prev_pid=2833 prev_prio=120 prev_state=S ==> next_comm=adbd next_pid=2835 next_prio=120
            adbd-2835  [000] ...2  9227.938993: sched_switch: prev_comm=adbd prev_pid=2835 prev_prio=120 prev_state=S ==> next_comm=swapper/0 next_pid=0 next_prio=120
           <...>-29174 [001] d..2  9227.939282: block_rq_insert: 179,0 R 0 () 806160 + 32 [app_process]
           <...>-29174 [001] ...2  9227.939298: sched_switch: prev_comm=app_process prev_pid=29174 prev_prio=120 prev_state=D|W ==> next_comm=swapper/1 next_pid=0 next_prio=120
          <idle>-0     [000] ...2  9227.939303: sched_switch: prev_comm=swapper/0 prev_pid=0 prev_prio=120 prev_state=R ==> next_comm=mmcqd/1 next_pid=116 next_prio=120
         mmcqd/1-116   [000] ...2  9227.939388: sched_switch: prev_comm=mmcqd/1 prev_pid=116 prev_prio=120 prev_state=S ==> next_comm=swapper/0 next_pid=0 next_prio=120
