     kworker/u:3-27995 [000] ...2  9228.071729: sched_switch: prev_comm=kworker/u:3 prev_pid=27995 prev_prio=120 prev_state=S ==> next_comm=kworker/u:0 next_pid=27839 next_prio=120
     kworker/u:0-27839 [000] ...2  9228.071737: sched_switch: prev_comm=kworker/u:0 prev_pid=27839 prev_prio=120 prev_state=S ==> next_comm=sensors.qcom next_pid=842 next_prio=120
    sensors.qcom-842   [000] ...2  9228.071819: sched_switch: prev_comm=sensors.qcom prev_pid=842 prev_prio=120 prev_state=S ==> next_comm=sensors.qcom next_pid=678 next_prio=120
    sensors.qcom-678   [000] ...2  9228.071874: sched_switch: prev_comm=sensors.qcom prev_pid=678 prev_prio=120 prev_state=S ==> next_comm=system_server next_pid=715 next_prio=118
   system_server-715   [000] ...2  9228.071991: sched_switch: prev_comm=system_server prev_pid=715 prev_prio=118 prev_state=S ==> next_comm=system_server next_pid=719 next_prio=118
   system_server-719   [000] ...2  9228.072023: sched_switch: prev_comm=system_server prev_pid=719 prev_prio=118 prev_state=S ==> next_comm=swapper/0 next_pid=0 next_prio=120
          <idle>-0     [000] ...2  9228.072836: sched_switch: prev_comm=swapper/0 prev_pid=0 prev_prio=120 prev_state=R ==> next_comm=kworker/u:0 next_pid=27839 next_prio=120
     kworker/u:0-27839 [000] ...2  9228.072858: sched_switch: prev_comm=kworker/u:0 prev_pid=27839 prev_prio=120 prev_state=S ==> next_comm=mpdecision next_pid=1578 next_prio=113
      mpdecision-1578  [000] ...2  9228.073254: sched_switch: prev_comm=mpdecision prev_pid=1578 prev_prio=113 prev_state=S ==> next_comm=swapper/0 next_pid=0 next_prio=120
          <idle>-0     [000] ...2  9228.073280: sched_switch: prev_comm=swapper/0 prev_pid=0 prev_prio=120 prev_state=R ==> next_comm=ksoftirqd/0 next_pid=3 next_prio=120
     ksoftirqd/0-3     [000] ...2  9228.073296: sched_switch: prev_comm=ksoftirqd/0 prev_pid=3 prev_prio=120 prev_state=S ==> next_comm=swapper/0 next_pid=0 next_prio=120
          <idle>-0     [000] ...2  9228.073319: sched_switch: prev_comm=swapper/0 prev_pid=0 prev_prio=120 prev_state=R ==> next_comm=ksoftirqd/0 next_pid=3 next_prio=120
     ksoftirqd/0-3     [000] ...2  9228.073332: sched_switch: prev_comm=ksoftirqd/0 prev_pid=3 prev_prio=120 prev_state=S ==> next_comm=swapper/0 next_pid=0 next_prio=120
          <idle>-0     [000] ...2  9228.073355: sched_switch: prev_comm=swapper/0 prev_pid=0 prev_prio=120 prev_state=R ==> next_comm=ksoftirqd/0 next_pid=3 next_prio=120
     ksoftirqd/0-3     [000] ...2  9228.073367: sched_switch: prev_comm=ksoftirqd/0 prev_pid=3 prev_prio=120 prev_state=S ==> next_comm=swapper/0 next_pid=0 next_prio=120
           <...>-29174 [001] d..2  9228.084489: block_rq_insert: 179,0 R 0 () 4085616 + 40 [main]
          <idle>-0     [000] ...2  9228.084521: sched_switch: prev_comm=swapper/0 prev_pid=0 prev_prio=120 prev_state=R ==> next_comm=mmcqd/1 next_pid=116 next_prio=120
         mmcqd/1-116   [000] ...2  9228.084619: sched_switch: prev_comm=mmcqd/1 prev_pid=116 prev_prio=120 prev_state=S ==> next_comm=swapper/0 next_pid=0 next_prio=120
          <idle>-0     [000] ...2  9228.084643: sched_switch: prev_comm=swapper/0 prev_pid=0 prev_prio=120 prev_state=R ==> next_comm=ksoftirqd/0 next_pid=3 next_prio=120
     ksoftirqd/0-3     [000] ...2  9228.084657: sched_switch: prev_comm=ksoftirqd/0 prev_pid=3 prev_prio=120 prev_state=S ==> next_comm=swapper/0 next_pid=0 next_prio=120
          <idle>-0     [000] ...2  9228.084676: sched_switch: prev_comm=swapper/0 prev_pid=0 prev_prio=120 prev_state=R ==> next_comm=ksoftirqd/0 next_pid=3 next_prio=120
     ksoftirqd/0-3     [000] ...2  9228.084688: sched_switch: prev_comm=ksoftirqd/0 prev_pid=3 prev_prio=120 prev_state=S ==> next_comm=swapper/0 next_pid=0 next_prio=120
          <idle>-0     [000] ...2  9228.084706: sched_switch: prev_comm=swapper/0 prev_pid=0 prev_prio=120 prev_state=R ==> next_comm=ksoftirqd/0 next_pid=3 next_prio=120
     ksoftirqd/0-3     [000] ...2  9228.084718: sched_switch: prev_comm=ksoftirqd/0 prev_pid=3 prev_prio=120 prev_state=S ==> next_comm=swapper/0 next_pid=0 next_prio=120
          <idle>-0     [000] ...2  9228.085187: sched_switch: prev_comm=swapper/0 prev_pid=0 prev_prio=120 prev_state=R ==> next_comm=mmcqd/1 next_pid=116 next_prio=120
         mmcqd/1-116   [000] ...1  9228.085216: block_rq_complete: 179,0 RA () 4085616 + 40 [0]
         mmcqd/1-116   [000] ...2  9228.085248: sched_switch: prev_comm=mmcqd/1 prev_pid=116 prev_prio=120 prev_state=R+ ==> next_comm=kworker/0:0H next_pid=21073 next_prio=100
    kworker/0:0H-21073 [000] ...2  9228.085263: sched_switch: prev_comm=kworker/0:0H prev_pid=21073 prev_prio=100 prev_state=S ==> next_comm=mmcqd/1 next_pid=116 next_prio=120
         mmcqd/1-116   [000] ...2  9228.085282: sched_switch: prev_comm=mmcqd/1 prev_pid=116 prev_prio=120 prev_state=S ==> next_comm=swapper/0 next_pid=0 next_prio=120
           <...>-29174 [001] d..2  9228.087278: block_rq_insert: 179,0 R 0 () 874176 + 8 [main]
           <...>-29174 [001] ...2  9228.087297: sched_switch: prev_comm=main prev_pid=29174 prev_prio=120 prev_state=D|W ==> next_comm=swapper/1 next_pid=0 next_prio=120
          <idle>-0     [000] ...2  9228.087299: sched_switch: prev_comm=swapper/0 prev_pid=0 prev_prio=120 prev_state=R ==> next_comm=mmcqd/1 next_pid=116 next_prio=120
          <idle>-0     [001] ...2  9228.087315: sched_switch: prev_comm=swapper/1 prev_pid=0 prev_prio=120 prev_state=R ==> next_comm=ksoftirqd/1 next_pid=29163 next_prio=120
           <...>-29163 [001] ...2  9228.087326: sched_switch: prev_comm=ksoftirqd/1 prev_pid=29163 prev_prio=120 prev_state=S ==> next_comm=swapper/1 next_pid=0 next_prio=120
          <idle>-0     [001] ...2  9228.087341: sched_switch: prev_comm=swapper/1 prev_pid=0 prev_prio=120 prev_state=R ==> next_comm=ksoftirqd/1 next_pid=29163 next_prio=120
           <...>-29163 [001] ...2  9228.087349: sched_switch: prev_comm=ksoftirqd/1 prev_pid=29163 prev_prio=120 prev_state=S ==> next_comm=swapper/1 next_pid=0 next_prio=120
         mmcqd/1-116   [000] ...2  9228.087359: sched_switch: prev_comm=mmcqd/1 prev_pid=116 prev_prio=120 prev_state=S ==> next_comm=swapper/0 next_pid=0 next_prio=120
          <idle>-0     [001] ...2  9228.087362: sched_switch: prev_comm=swapper/1 prev_pid=0 prev_prio=120 prev_state=R ==> next_comm=ksoftirqd/1 next_pid=29163 next_prio=120
           <...>-29163 [001] ...2  9228.087369: sched_switch: prev_comm=ksoftirqd/1 prev_pid=29163 prev_prio=120 prev_state=S ==> next_comm=swapper/1 next_pid=0 next_prio=120
          <idle>-0     [000] ...2  9228.087608: sched_switch: prev_comm=swapper/0 prev_pid=0 prev_prio=120 prev_state=R ==> next_comm=mmcqd/1 next_pid=116 next_prio=120
         mmcqd/1-116   [000] ...1  9228.087623: block_rq_complete: 179,0 RA () 874176 + 8 [0]
          <idle>-0     [001] ...2  9228.087643: sched_switch: prev_comm=swapper/1 prev_pid=0 prev_prio=120 prev_state=R ==> next_comm=main next_pid=29174 next_prio=120
         mmcqd/1-116   [000] ...2  9228.087653: sched_switch: prev_comm=mmcqd/1 prev_pid=116 prev_prio=120 prev_state=R+ ==> next_comm=kworker/0:0H next_pid=21073 next_prio=100
    kworker/0:0H-21073 [000] ...2  9228.087665: sched_switch: prev_comm=kworker/0:0H prev_pid=21073 prev_prio=100 prev_state=S ==> next_comm=mmcqd/1 next_pid=116 next_prio=120
         mmcqd/1-116   [000] ...2  9228.087684: sched_switch: prev_comm=mmcqd/1 prev_pid=116 prev_prio=120 prev_state=S ==> next_comm=swapper/0 next_pid=0 next_prio=120
           <...>-29174 [001] d..2  9228.090906: block_rq_insert: 179,0 R 0 () 4084864 + 8 [main]
           <...>-29174 [001] ...2  9228.090925: sched_switch: prev_comm=main prev_pid=29174 prev_prio=120 prev_state=D|W ==> next_comm=swapper/1 next_pid=0 next_prio=120
          <idle>-0     [000] ...2  9228.090929: sched_switch: prev_comm=swapper/0 prev_pid=0 prev_prio=120 prev_state=R ==> next_comm=mmcqd/1 next_pid=116 next_prio=120
         mmcqd/1-116   [000] ...2  9228.090992: sched_switch: prev_comm=mmcqd/1 prev_pid=116 prev_prio=120 prev_state=S ==> next_comm=swapper/0 next_pid=0 next_prio=120
          <idle>-0     [000] ...2  9228.091227: sched_switch: prev_comm=swapper/0 prev_pid=0 prev_prio=120 prev_state=R ==> next_comm=mmcqd/1 next_pid=116 next_prio=120
         mmcqd/1-116   [000] ...1  9228.091242: block_rq_complete: 179,0 RA () 4084864 + 8 [0]
          <idle>-0     [001] ...2  9228.091258: sched_switch: prev_comm=swapper/1 prev_pid=0 prev_prio=120 prev_state=R ==> next_comm=main next_pid=29174 next_prio=120
         mmcqd/1-116   [000] ...2  9228.091271: sched_switch: prev_comm=mmcqd/1 prev_pid=116 prev_prio=120 prev_state=R+ ==> next_comm=kworker/0:0H next_pid=21073 next_prio=100
    kworker/0:0H-21073 [000] ...2  9228.091282: sched_switch: prev_comm=kworker/0:0H prev_pid=21073 prev_prio=100 prev_state=S ==> next_comm=mmcqd/1 next_pid=116 next_prio=120
         mmcqd/1-116   [000] ...2  9228.091299: sched_switch: prev_comm=mmcqd/1 prev_pid=116 prev_prio=120 prev_state=S ==> next_comm=swapper/0 next_pid=0 next_prio=120
           <...>-29174 [001] d..2  9228.092780: block_rq_insert: 179,0 R 0 () 4077832 + 8 [main]
           <...>-29174 [001] d..2  9228.092784: block_rq_insert: 179,0 R 0 () 4077848 + 8 [main]
           <...>-29174 [001] d..2  9228.092786: block_rq_insert: 179,0 R 0 () 4077872 + 8 [main]
           <...>-29174 [001] ...2  9228.092828: sched_switch: prev_comm=main prev_pid=29174 prev_prio=120 prev_state=D|W ==> next_comm=swapper/1 next_pid=0 next_prio=120
          <idle>-0     [001] ...2  9228.092832: sched_switch: prev_comm=swapper/1 prev_pid=0 prev_prio=120 prev_state=R ==> next_comm=kworker/1:0H next_pid=29162 next_prio=100
    kworker/1:0H-29162 [001] ...2  9228.092853: sched_switch: prev_comm=kworker/1:0H prev_pid=29162 prev_prio=100 prev_state=S ==> next_comm=swapper/1 next_pid=0 next_prio=120
          <idle>-0     [000] ...2  9228.092855: sched_switch: prev_comm=swapper/0 prev_pid=0 prev_prio=120 prev_state=R ==> next_comm=mmcqd/1 next_pid=116 next_prio=120
         mmcqd/1-116   [000] ...2  9228.092862: sched_switch: prev_comm=mmcqd/1 prev_pid=116 prev_prio=120 prev_state=R ==> next_comm=kworker/0:1 next_pid=26762 next_prio=120
          <idle>-0     [001] ...2  9228.092870: sched_switch: prev_comm=swapper/1 prev_pid=0 prev_prio=120 prev_state=R ==> next_comm=ksoftirqd/1 next_pid=29163 next_prio=120
     kworker/0:1-26762 [000] ...2  9228.092879: sched_switch: prev_comm=kworker/0:1 prev_pid=26762 prev_prio=120 prev_state=S ==> next_comm=kworker/0:0H next_pid=21073 next_prio=100
           <...>-29163 [001] ...2  9228.092881: sched_switch: prev_comm=ksoftirqd/1 prev_pid=29163 prev_prio=120 prev_state=S ==> next_comm=swapper/1 next_pid=0 next_prio=120
          <idle>-0     [001] ...2  9228.092895: sched_switch: prev_comm=swapper/1 prev_pid=0 prev_prio=120 prev_state=R ==> next_comm=ksoftirqd/1 next_pid=29163 next_prio=120
           <...>-29163 [001] ...2  9228.092901: sched_switch: prev_comm=ksoftirqd/1 prev_pid=29163 prev_prio=120 prev_state=S ==> next_comm=swapper/1 next_pid=0 next_prio=120
    kworker/0:0H-21073 [000] ...2  9228.092908: sched_switch: prev_comm=kworker/0:0H prev_pid=21073 prev_prio=100 prev_state=D ==> next_comm=kworker/0:3H next_pid=18917 next_prio=100
          <idle>-0     [001] ...2  9228.092913: sched_switch: prev_comm=swapper/1 prev_pid=0 prev_prio=120 prev_state=R ==> next_comm=ksoftirqd/1 next_pid=29163 next_prio=120
           <...>-29163 [001] ...2  9228.092919: sched_switch: prev_comm=ksoftirqd/1 prev_pid=29163 prev_prio=120 prev_state=S ==> next_comm=swapper/1 next_pid=0 next_prio=120
    kworker/0:3H-18917 [000] ...2  9228.092938: sched_switch: prev_comm=kworker/0:3H prev_pid=18917 prev_prio=100 prev_state=S ==> next_comm=kworker/0:0H next_pid=21073 next_prio=100
    kworker/0:0H-21073 [000] ...2  9228.092950: sched_switch: prev_comm=kworker/0:0H prev_pid=21073 prev_prio=100 prev_state=S ==> next_comm=mmcqd/1 next_pid=116 next_prio=120
         mmcqd/1-116   [000] ...2  9228.093026: sched_switch: prev_comm=mmcqd/1 prev_pid=116 prev_prio=120 prev_state=S ==> next_comm=swapper/0 next_pid=0 next_prio=120
          <idle>-0     [000] ...2  9228.093261: sched_switch: prev_comm=swapper/0 prev_pid=0 prev_prio=120 prev_state=R ==> next_comm=mmcqd/1 next_pid=116 next_prio=120
         mmcqd/1-116   [000] ...1  9228.093299: block_rq_complete: 179,0 RA () 4077872 + 8 [0]
         mmcqd/1-116   [000] ...2  9228.093333: sched_switch: prev_comm=mmcqd/1 prev_pid=116 prev_prio=120 prev_state=S ==> next_comm=swapper/0 next_pid=0 next_prio=120
          <idle>-0     [000] ...2  9228.093542: sched_switch: prev_comm=swapper/0 prev_pid=0 prev_prio=120 prev_state=R ==> next_comm=mmcqd/1 next_pid=116 next_prio=120
         mmcqd/1-116   [000] ...1  9228.093581: block_rq_complete: 179,0 RA () 4077848 + 8 [0]
          <idle>-0     [001] ...2  9228.093598: sched_switch: prev_comm=swapper/1 prev_pid=0 prev_prio=120 prev_state=R ==> next_comm=main next_pid=29174 next_prio=120
         mmcqd/1-116   [000] ...2  9228.093609: sched_switch: prev_comm=mmcqd/1 prev_pid=116 prev_prio=120 prev_state=S ==> next_comm=swapper/0 next_pid=0 next_prio=120
          <idle>-0     [000] ...2  9228.093845: sched_switch: prev_comm=swapper/0 prev_pid=0 prev_prio=120 prev_state=R ==> next_comm=mmcqd/1 next_pid=116 next_prio=120
         mmcqd/1-116   [000] ...1  9228.093860: block_rq_complete: 179,0 RA () 4077832 + 8 [0]
         mmcqd/1-116   [000] ...2  9228.093881: sched_switch: prev_comm=mmcqd/1 prev_pid=116 prev_prio=120 prev_state=R+ ==> next_comm=kworker/0:0H next_pid=21073 next_prio=100
    kworker/0:0H-21073 [000] ...2  9228.093893: sched_switch: prev_comm=kworker/0:0H prev_pid=21073 prev_prio=100 prev_state=S ==> next_comm=mmcqd/1 next_pid=116 next_prio=120
         mmcqd/1-116   [000] ...2  9228.093911: sched_switch: prev_comm=mmcqd/1 prev_pid=116 prev_prio=120 prev_state=S ==> next_comm=swapper/0 next_pid=0 next_prio=120
           <...>-29174 [001] d..2  9228.097681: block_rq_insert: 179,0 R 0 () 3997296 + 8 [main]
           <...>-29174 [001] ...2  9228.097700: sched_switch: prev_comm=main prev_pid=29174 prev_prio=120 prev_state=D|W ==> next_comm=swapper/1 next_pid=0 next_prio=120
          <idle>-0     [000] ...2  9228.097710: sched_switch: prev_comm=swapper/0 prev_pid=0 prev_prio=120 prev_state=R ==> next_comm=mmcqd/1 next_pid=116 next_prio=120
         mmcqd/1-116   [000] ...2  9228.097776: sched_switch: prev_comm=mmcqd/1 prev_pid=116 prev_prio=120 prev_state=S ==> next_comm=swapper/0 next_pid=0 next_prio=120
          <idle>-0     [000] ...2  9228.098033: sched_switch: prev_comm=swapper/0 prev_pid=0 prev_prio=120 prev_state=R ==> next_comm=mmcqd/1 next_pid=116 next_prio=120
         mmcqd/1-116   [000] ...1  9228.098050: block_rq_complete: 179,0 RA () 3997296 + 8 [0]
          <idle>-0     [001] ...2  9228.098066: sched_switch: prev_comm=swapper/1 prev_pid=0 prev_prio=120 prev_state=R ==> next_comm=main next_pid=29174 next_prio=120
         mmcqd/1-116   [000] ...2  9228.098080: sched_switch: prev_comm=mmcqd/1 prev_pid=116 prev_prio=120 prev_state=R+ ==> next_comm=kworker/0:0H next_pid=21073 next_prio=100
    kworker/0:0H-21073 [000] ...2  9228.098091: sched_switch: prev_comm=kworker/0:0H prev_pid=21073 prev_prio=100 prev_state=S ==> next_comm=mmcqd/1 next_pid=116 next_prio=120
           <...>-29174 [001] d..2  9228.098095: block_rq_insert: 179,0 R 0 () 4010088 + 8 [main]
           <...>-29174 [001] d..2  9228.098098: block_rq_insert: 179,0 R 0 () 4010136 + 8 [main]
           <...>-29174 [001] ...2  9228.098104: sched_switch: prev_comm=main prev_pid=29174 prev_prio=120 prev_state=D|W ==> next_comm=swapper/1 next_pid=0 next_prio=120
         mmcqd/1-116   [000] ...2  9228.098165: sched_switch: prev_comm=mmcqd/1 prev_pid=116 prev_prio=120 prev_state=S ==> next_comm=swapper/0 next_pid=0 next_prio=120
          <idle>-0     [000] ...2  9228.098410: sched_switch: prev_comm=swapper/0 prev_pid=0 prev_prio=120 prev_state=R ==> next_comm=mmcqd/1 next_pid=116 next_prio=120
         mmcqd/1-116   [000] ...1  9228.098449: block_rq_complete: 179,0 RA () 4010088 + 8 [0]
         mmcqd/1-116   [000] ...2  9228.098470: sched_switch: prev_comm=mmcqd/1 prev_pid=116 prev_prio=120 prev_state=S ==> next_comm=swapper/0 next_pid=0 next_prio=120
          <idle>-0     [000] ...2  9228.098689: sched_switch: prev_comm=swapper/0 prev_pid=0 prev_prio=120 prev_state=R ==> next_comm=mmcqd/1 next_pid=116 next_prio=120
         mmcqd/1-116   [000] ...1  9228.098705: block_rq_complete: 179,0 RA () 4010136 + 8 [0]
          <idle>-0     [001] ...2  9228.098720: sched_switch: prev_comm=swapper/1 prev_pid=0 prev_prio=120 prev_state=R ==> next_comm=main next_pid=29174 next_prio=120
         mmcqd/1-116   [000] ...2  9228.098731: sched_switch: prev_comm=mmcqd/1 prev_pid=116 prev_prio=120 prev_state=R+ ==> next_comm=kworker/0:0H next_pid=21073 next_prio=100
    kworker/0:0H-21073 [000] ...2  9228.098744: sched_switch: prev_comm=kworker/0:0H prev_pid=21073 prev_prio=100 prev_state=S ==> next_comm=mmcqd/1 next_pid=116 next_prio=120
           <...>-29174 [001] d..2  9228.098756: block_rq_insert: 179,0 R 0 () 4020328 + 8 [main]
           <...>-29174 [001] d..2  9228.098758: block_rq_insert: 179,0 R 0 () 4020392 + 56 [main]
         mmcqd/1-116   [000] ...2  9228.098761: sched_switch: prev_comm=mmcqd/1 prev_pid=116 prev_prio=120 prev_state=S ==> next_comm=swapper/0 next_pid=0 next_prio=120
          <idle>-0     [000] ...2  9228.098768: sched_switch: prev_comm=swapper/0 prev_pid=0 prev_prio=120 prev_state=R ==> next_comm=mmcqd/1 next_pid=116 next_prio=120
           <...>-29174 [001] ...2  9228.098768: sched_switch: prev_comm=main prev_pid=29174 prev_prio=120 prev_state=D|W ==> next_comm=swapper/1 next_pid=0 next_prio=120
         mmcqd/1-116   [000] ...2  9228.098854: sched_switch: prev_comm=mmcqd/1 prev_pid=116 prev_prio=120 prev_state=S ==> next_comm=swapper/0 next_pid=0 next_prio=120
          <idle>-0     [000] ...2  9228.099080: sched_switch: prev_comm=swapper/0 prev_pid=0 prev_prio=120 prev_state=R ==> next_comm=mmcqd/1 next_pid=116 next_prio=120
         mmcqd/1-116   [000] ...1  9228.099119: block_rq_complete: 179,0 RA () 4020328 + 8 [0]
         mmcqd/1-116   [000] ...2  9228.099140: sched_switch: prev_comm=mmcqd/1 prev_pid=116 prev_prio=120 prev_state=S ==> next_comm=swapper/0 next_pid=0 next_prio=120
          <idle>-0     [000] ...2  9228.099613: sched_switch: prev_comm=swapper/0 prev_pid=0 prev_prio=120 prev_state=R ==> next_comm=mmcqd/1 next_pid=116 next_prio=120
         mmcqd/1-116   [000] ...1  9228.099645: block_rq_complete: 179,0 RA () 4020392 + 56 [0]
          <idle>-0     [001] ...2  9228.099661: sched_switch: prev_comm=swapper/1 prev_pid=0 prev_prio=120 prev_state=R ==> next_comm=main next_pid=29174 next_prio=120
         mmcqd/1-116   [000] ...2  9228.099674: sched_switch: prev_comm=mmcqd/1 prev_pid=116 prev_prio=120 prev_state=R+ ==> next_comm=kworker/0:0H next_pid=21073 next_prio=100
    kworker/0:0H-21073 [000] ...2  9228.099685: sched_switch: prev_comm=kworker/0:0H prev_pid=21073 prev_prio=100 prev_state=S ==> next_comm=mmcqd/1 next_pid=116 next_prio=120
         mmcqd/1-116   [000] ...2  9228.099703: sched_switch: prev_comm=mmcqd/1 prev_pid=116 prev_prio=120 prev_state=S ==> next_comm=swapper/0 next_pid=0 next_prio=120
          <idle>-0     [000] ...2  9228.109661: sched_switch: prev_comm=swapper/0 prev_pid=0 prev_prio=120 prev_state=R ==> next_comm=adbd next_pid=2836 next_prio=120
            adbd-2836  [000] ...2  9228.109689: sched_switch: prev_comm=adbd prev_pid=2836 prev_prio=120 prev_state=S ==> next_comm=swapper/0 next_pid=0 next_prio=120
           <...>-29174 [001] d..2  9228.109807: block_rq_insert: 179,0 R 0 () 3994176 + 120 [main]
          <idle>-0     [000] ...2  9228.109820: sched_switch: prev_comm=swapper/0 prev_pid=0 prev_prio=120 prev_state=R ==> next_comm=adbd next_pid=2836 next_prio=120
            adbd-2836  [000] ...2  9228.109885: sched_switch: prev_comm=adbd prev_pid=2836 prev_prio=120 prev_state=S ==> next_comm=adbd next_pid=2833 next_prio=120
           <...>-29174 [001] d..2  9228.109896: block_rq_insert: 179,0 R 0 () 4077504 + 24 [main]
           <...>-29174 [001] ...2  9228.109906: sched_switch: prev_comm=main prev_pid=29174 prev_prio=120 prev_state=D|W ==> next_comm=swapper/1 next_pid=0 next_prio=120
          <idle>-0     [001] ...2  9228.109925: sched_switch: prev_comm=swapper/1 prev_pid=0 prev_prio=120 prev_state=R ==> next_comm=ksoftirqd/1 next_pid=29163 next_prio=120
           <...>-29163 [001] ...2  9228.109935: sched_switch: prev_comm=ksoftirqd/1 prev_pid=29163 prev_prio=120 prev_state=S ==> next_comm=swapper/1 next_pid=0 next_prio=120
          <idle>-0     [001] ...2  9228.109948: sched_switch: prev_comm=swapper/1 prev_pid=0 prev_prio=120 prev_state=R ==> next_comm=ksoftirqd/1 next_pid=29163 next_prio=120
           <...>-29163 [001] ...2  9228.109954: sched_switch: prev_comm=ksoftirqd/1 prev_pid=29163 prev_prio=120 prev_state=S ==> next_comm=swapper/1 next_pid=0 next_prio=120
          <idle>-0     [001] ...2  9228.109966: sched_switch: prev_comm=swapper/1 prev_pid=0 prev_prio=120 prev_state=R ==> next_comm=ksoftirqd/1 next_pid=29163 next_prio=120
           <...>-29163 [001] ...2  9228.109972: sched_switch: prev_comm=ksoftirqd/1 prev_pid=29163 prev_prio=120 prev_state=S ==> next_comm=swapper/1 next_pid=0 next_prio=120
            adbd-2833  [000] ...2  9228.110150: sched_switch: prev_comm=adbd prev_pid=2833 prev_prio=120 prev_state=S ==> next_comm=adbd next_pid=2835 next_prio=120
            adbd-2835  [000] ...2  9228.110224: sched_switch: prev_comm=adbd prev_pid=2835 prev_prio=120 prev_state=S ==> next_comm=JDWP next_pid=29072 next_prio=120
            JDWP-29072 [000] ...2  9228.110568: sched_switch: prev_comm=JDWP prev_pid=29072 prev_prio=120 prev_state=R+ ==> next_comm=adbd next_pid=2833 next_prio=120
            adbd-2833  [000] ...2  9228.110769: sched_switch: prev_comm=adbd prev_pid=2833 prev_prio=120 prev_state=S ==> next_comm=adbd next_pid=2835 next_prio=120
            adbd-2835  [000] ...2  9228.110846: sched_switch: prev_comm=adbd prev_pid=2835 prev_prio=120 prev_state=S ==> next_comm=mmcqd/1 next_pid=116 next_prio=120
         mmcqd/1-116   [000] ...2  9228.110981: sched_switch: prev_comm=mmcqd/1 prev_pid=116 prev_prio=120 prev_state=S ==> next_comm=JDWP next_pid=29072 next_prio=120
            JDWP-29072 [000] ...2  9228.111058: sched_switch: prev_comm=JDWP prev_pid=29072 prev_prio=120 prev_state=S ==> next_comm=swapper/0 next_pid=0 next_prio=120
          <idle>-0     [000] ...2  9228.111293: sched_switch: prev_comm=swapper/0 prev_pid=0 prev_prio=120 prev_state=R ==> next_comm=adbd next_pid=2836 next_prio=120
            adbd-2836  [000] ...2  9228.111342: sched_switch: prev_comm=adbd prev_pid=2836 prev_prio=120 prev_state=S ==> next_comm=adbd next_pid=2833 next_prio=120
            adbd-2833  [000] ...2  9228.111659: sched_switch: prev_comm=adbd prev_pid=2833 prev_prio=120 prev_state=S ==> next_comm=adbd next_pid=2835 next_prio=120
            adbd-2835  [000] ...2  9228.111731: sched_switch: prev_comm=adbd prev_pid=2835 prev_prio=120 prev_state=S ==> next_comm=swapper/0 next_pid=0 next_prio=120
          <idle>-0     [000] ...2  9228.111936: sched_switch: prev_comm=swapper/0 prev_pid=0 prev_prio=120 prev_state=R ==> next_comm=mmcqd/1 next_pid=116 next_prio=120
         mmcqd/1-116   [000] ...1  9228.112016: block_rq_complete: 179,0 RA () 3994176 + 120 [0]
         mmcqd/1-116   [000] ...2  9228.112049: sched_switch: prev_comm=mmcqd/1 prev_pid=116 prev_prio=120 prev_state=S ==> next_comm=swapper/0 next_pid=0 next_prio=120
          <idle>-0     [000] ...2  9228.112309: sched_switch: prev_comm=swapper/0 prev_pid=0 prev_prio=120 prev_state=R ==> next_comm=adbd next_pid=2836 next_prio=120
            adbd-2836  [000] ...2  9228.112356: sched_switch: prev_comm=adbd prev_pid=2836 prev_prio=120 prev_state=S ==> next_comm=adbd next_pid=2833 next_prio=120
            adbd-2833  [000] ...2  9228.112539: sched_switch: prev_comm=adbd prev_pid=2833 prev_prio=120 prev_state=S ==> next_comm=adbd next_pid=2835 next_prio=120
            adbd-2835  [000] ...2  9228.112548: sched_switch: prev_comm=adbd prev_pid=2835 prev_prio=120 prev_state=S ==> next_comm=mmcqd/1 next_pid=116 next_prio=120
         mmcqd/1-116   [000] ...1  9228.112569: block_rq_complete: 179,0 RA () 4077504 + 24 [0]
          <idle>-0     [001] ...2  9228.112588: sched_switch: prev_comm=swapper/1 prev_pid=0 prev_prio=120 prev_state=R ==> next_comm=main next_pid=29174 next_prio=120
         mmcqd/1-116   [000] ...2  9228.112600: sched_switch: prev_comm=mmcqd/1 prev_pid=116 prev_prio=120 prev_state=R+ ==> next_comm=kworker/0:0H next_pid=21073 next_prio=100
    kworker/0:0H-21073 [000] ...2  9228.112614: sched_switch: prev_comm=kworker/0:0H prev_pid=21073 prev_prio=100 prev_state=S ==> next_comm=mmcqd/1 next_pid=116 next_prio=120
         mmcqd/1-116   [000] ...2  9228.112634: sched_switch: prev_comm=mmcqd/1 prev_pid=116 prev_prio=120 prev_state=S ==> next_comm=swapper/0 next_pid=0 next_prio=120
           <...>-29174 [001] d..2  9228.112853: block_rq_insert: 179,0 R 0 () 4079680 + 16 [main]
           <...>-29174 [001] d..2  9228.112856: block_rq_insert: 179,0 R 0 () 4079712 + 8 [main]
           <...>-29174 [001] d..2  9228.112858: block_rq_insert: 179,0 R 0 () 4079728 + 8 [main]
          <idle>-0     [000] ...2  9228.112878: sched_switch: prev_comm=swapper/0 prev_pid=0 prev_prio=120 prev_state=R ==> next_comm=mmcqd/1 next_pid=116 next_prio=120
         mmcqd/1-116   [000] ...2  9228.112954: sched_switch: prev_comm=mmcqd/1 prev_pid=116 prev_prio=120 prev_state=S ==> next_comm=swapper/0 next_pid=0 next_prio=120
           <...>-29174 [001] d..2  9228.113220: block_rq_insert: 179,0 R 0 () 4026240 + 32 [main]
           <...>-29174 [001] d..2  9228.113223: block_rq_insert: 179,0 R 0 () 4026288 + 16 [main]
           <...>-29174 [001] d..2  9228.113225: block_rq_insert: 179,0 R 0 () 4026360 + 16 [main]
          <idle>-0     [000] ...2  9228.113228: sched_switch: prev_comm=swapper/0 prev_pid=0 prev_prio=120 prev_state=R ==> next_comm=mmcqd/1 next_pid=116 next_prio=120
           <...>-29174 [001] ...2  9228.113234: sched_switch: prev_comm=main prev_pid=29174 prev_prio=120 prev_state=D|W ==> next_comm=swapper/1 next_pid=0 next_prio=120
          <idle>-0     [001] ...2  9228.113250: sched_switch: prev_comm=swapper/1 prev_pid=0 prev_prio=120 prev_state=R ==> next_comm=ksoftirqd/1 next_pid=29163 next_prio=120
           <...>-29163 [001] ...2  9228.113259: sched_switch: prev_comm=ksoftirqd/1 prev_pid=29163 prev_prio=120 prev_state=S ==> next_comm=swapper/1 next_pid=0 next_prio=120
         mmcqd/1-116   [000] ...1  9228.113270: block_rq_complete: 179,0 RA () 4079680 + 16 [0]
         mmcqd/1-116   [000] ...2  9228.113305: sched_switch: prev_comm=mmcqd/1 prev_pid=116 prev_prio=120 prev_state=S ==> next_comm=swapper/0 next_pid=0 next_prio=120
          <idle>-0     [000] ...2  9228.113526: sched_switch: prev_comm=swapper/0 prev_pid=0 prev_prio=120 prev_state=R ==> next_comm=mmcqd/1 next_pid=116 next_prio=120
         mmcqd/1-116   [000] ...1  9228.113565: block_rq_complete: 179,0 RA () 4079712 + 8 [0]
         mmcqd/1-116   [000] ...2  9228.113608: sched_switch: prev_comm=mmcqd/1 prev_pid=116 prev_prio=120 prev_state=S ==> next_comm=swapper/0 next_pid=0 next_prio=120
          <idle>-0     [000] ...2  9228.113863: sched_switch: prev_comm=swapper/0 prev_pid=0 prev_prio=120 prev_state=R ==> next_comm=mmcqd/1 next_pid=116 next_prio=120
         mmcqd/1-116   [000] ...1  9228.113901: block_rq_complete: 179,0 RA () 4079728 + 8 [0]
         mmcqd/1-116   [000] ...2  9228.113933: sched_switch: prev_comm=mmcqd/1 prev_pid=116 prev_prio=120 prev_state=S ==> next_comm=swapper/0 next_pid=0 next_prio=120
          <idle>-0     [000] ...2  9228.114247: sched_switch: prev_comm=swapper/0 prev_pid=0 prev_prio=120 prev_state=R ==> next_comm=mmcqd/1 next_pid=116 next_prio=120
         mmcqd/1-116   [000] ...1  9228.114294: block_rq_complete: 179,0 RA () 4026240 + 32 [0]
         mmcqd/1-116   [000] ...2  9228.114328: sched_switch: prev_comm=mmcqd/1 prev_pid=116 prev_prio=120 prev_state=S ==> next_comm=swapper/0 next_pid=0 next_prio=120
          <idle>-0     [000] ...2  9228.114558: sched_switch: prev_comm=swapper/0 prev_pid=0 prev_prio=120 prev_state=R ==> next_comm=mmcqd/1 next_pid=116 next_prio=120
         mmcqd/1-116   [000] ...1  9228.114599: block_rq_complete: 179,0 RA () 4026288 + 16 [0]
         mmcqd/1-116   [000] ...2  9228.114617: sched_switch: prev_comm=mmcqd/1 prev_pid=116 prev_prio=120 prev_state=S ==> next_comm=swapper/0 next_pid=0 next_prio=120
          <idle>-0     [000] ...2  9228.115036: sched_switch: prev_comm=swapper/0 prev_pid=0 prev_prio=120 prev_state=R ==> next_comm=mmcqd/1 next_pid=116 next_prio=120
         mmcqd/1-116   [000] ...1  9228.115054: block_rq_complete: 179,0 RA () 4026360 + 16 [0]
          <idle>-0     [001] ...2  9228.115072: sched_switch: prev_comm=swapper/1 prev_pid=0 prev_prio=120 prev_state=R ==> next_comm=main next_pid=29174 next_prio=120
         mmcqd/1-116   [000] ...2  9228.115081: sched_switch: prev_comm=mmcqd/1 prev_pid=116 prev_prio=120 prev_state=R+ ==> next_comm=kworker/0:0H next_pid=21073 next_prio=100
    kworker/0:0H-21073 [000] ...2  9228.115092: sched_switch: prev_comm=kworker/0:0H prev_pid=21073 prev_prio=100 prev_state=S ==> next_comm=mmcqd/1 next_pid=116 next_prio=120
         mmcqd/1-116   [000] ...2  9228.115107: sched_switch: prev_comm=mmcqd/1 prev_pid=116 prev_prio=120 prev_state=S ==> next_comm=swapper/0 next_pid=0 next_prio=120
           <...>-29174 [001] d..2  9228.116146: block_rq_insert: 179,0 R 0 () 4028944 + 256 [main]
          <idle>-0     [000] ...2  9228.116169: sched_switch: prev_comm=swapper/0 prev_pid=0 prev_prio=120 prev_state=R ==> next_comm=mmcqd/1 next_pid=116 next_prio=120
         mmcqd/1-116   [000] ...2  9228.116336: sched_switch: prev_comm=mmcqd/1 prev_pid=116 prev_prio=120 prev_state=S ==> next_comm=swapper/0 next_pid=0 next_prio=120
           <...>-29174 [001] d..2  9228.116512: block_rq_insert: 179,0 R 0 () 4026808 + 8 [main]
           <...>-29174 [001] ...2  9228.116527: sched_switch: prev_comm=main prev_pid=29174 prev_prio=120 prev_state=D|W ==> next_comm=swapper/1 next_pid=0 next_prio=120
          <idle>-0     [000] ...2  9228.116532: sched_switch: prev_comm=swapper/0 prev_pid=0 prev_prio=120 prev_state=R ==> next_comm=mmcqd/1 next_pid=116 next_prio=120
         mmcqd/1-116   [000] ...2  9228.116560: sched_switch: prev_comm=mmcqd/1 prev_pid=116 prev_prio=120 prev_state=S ==> next_comm=swapper/0 next_pid=0 next_prio=120
          <idle>-0     [000] ...2  9228.117858: sched_switch: prev_comm=swapper/0 prev_pid=0 prev_prio=120 prev_state=R ==> next_comm=mmcqd/1 next_pid=116 next_prio=120
         mmcqd/1-116   [000] ...1  9228.117988: block_rq_complete: 179,0 RA () 4028944 + 256 [0]
         mmcqd/1-116   [000] ...2  9228.118024: sched_switch: prev_comm=mmcqd/1 prev_pid=116 prev_prio=120 prev_state=S ==> next_comm=swapper/0 next_pid=0 next_prio=120
          <idle>-0     [000] ...2  9228.118135: sched_switch: prev_comm=swapper/0 prev_pid=0 prev_prio=120 prev_state=R ==> next_comm=mmcqd/1 next_pid=116 next_prio=120
         mmcqd/1-116   [000] ...1  9228.118151: block_rq_complete: 179,0 RA () 4026808 + 8 [0]
          <idle>-0     [001] ...2  9228.118168: sched_switch: prev_comm=swapper/1 prev_pid=0 prev_prio=120 prev_state=R ==> next_comm=main next_pid=29174 next_prio=120
         mmcqd/1-116   [000] ...2  9228.118178: sched_switch: prev_comm=mmcqd/1 prev_pid=116 prev_prio=120 prev_state=R+ ==> next_comm=kworker/0:0H next_pid=21073 next_prio=100
    kworker/0:0H-21073 [000] ...2  9228.118189: sched_switch: prev_comm=kworker/0:0H prev_pid=21073 prev_prio=100 prev_state=S ==> next_comm=mmcqd/1 next_pid=116 next_prio=120
         mmcqd/1-116   [000] ...2  9228.118208: sched_switch: prev_comm=mmcqd/1 prev_pid=116 prev_prio=120 prev_state=S ==> next_comm=swapper/0 next_pid=0 next_prio=120
           <...>-29174 [001] d..2  9228.120751: block_rq_insert: 179,0 R 0 () 4008664 + 16 [main]
           <...>-29174 [001] d..2  9228.120756: block_rq_insert: 179,0 R 0 () 4008712 + 8 [main]
           <...>-29174 [001] ...2  9228.120776: sched_switch: prev_comm=main prev_pid=29174 prev_prio=120 prev_state=D|W ==> next_comm=swapper/1 next_pid=0 next_prio=120
          <idle>-0     [000] ...2  9228.120784: sched_switch: prev_comm=swapper/0 prev_pid=0 prev_prio=120 prev_state=R ==> next_comm=mmcqd/1 next_pid=116 next_prio=120
         mmcqd/1-116   [000] ...2  9228.120865: sched_switch: prev_comm=mmcqd/1 prev_pid=116 prev_prio=120 prev_state=S ==> next_comm=swapper/0 next_pid=0 next_prio=120
          <idle>-0     [000] ...2  9228.121083: sched_switch: prev_comm=swapper/0 prev_pid=0 prev_prio=120 prev_state=R ==> next_comm=mmcqd/1 next_pid=116 next_prio=120
         mmcqd/1-116   [000] ...1  9228.121124: block_rq_complete: 179,0 RA () 4008712 + 8 [0]
         mmcqd/1-116   [000] ...2  9228.121149: sched_switch: prev_comm=mmcqd/1 prev_pid=116 prev_prio=120 prev_state=S ==> next_comm=swapper/0 next_pid=0 next_prio=120
          <idle>-0     [000] ...2  9228.121440: sched_switch: prev_comm=swapper/0 prev_pid=0 prev_prio=120 prev_state=R ==> next_comm=mmcqd/1 next_pid=116 next_prio=120
         mmcqd/1-116   [000] ...1  9228.121459: block_rq_complete: 179,0 RA () 4008664 + 16 [0]
          <idle>-0     [001] ...2  9228.121477: sched_switch: prev_comm=swapper/1 prev_pid=0 prev_prio=120 prev_state=R ==> next_comm=main next_pid=29174 next_prio=120
         mmcqd/1-116   [000] ...2  9228.121488: sched_switch: prev_comm=mmcqd/1 prev_pid=116 prev_prio=120 prev_state=R+ ==> next_comm=kworker/0:0H next_pid=21073 next_prio=100
    kworker/0:0H-21073 [000] ...2  9228.121500: sched_switch: prev_comm=kworker/0:0H prev_pid=21073 prev_prio=100 prev_state=S ==> next_comm=mmcqd/1 next_pid=116 next_prio=120
         mmcqd/1-116   [000] ...2  9228.121519: sched_switch: prev_comm=mmcqd/1 prev_pid=116 prev_prio=120 prev_state=S ==> next_comm=swapper/0 next_pid=0 next_prio=120
          <idle>-0     [000] ...2  9228.122836: sched_switch: prev_comm=swapper/0 prev_pid=0 prev_prio=120 prev_state=R ==> next_comm=kworker/u:0 next_pid=27839 next_prio=120
     kworker/u:0-27839 [000] ...2  9228.122860: sched_switch: prev_comm=kworker/u:0 prev_pid=27839 prev_prio=120 prev_state=S ==> next_comm=mpdecision next_pid=1578 next_prio=113
      mpdecision-1578  [000] ...2  9228.123263: sched_switch: prev_comm=mpdecision prev_pid=1578 prev_prio=113 prev_state=S ==> next_comm=swapper/0 next_pid=0 next_prio=120
          <idle>-0     [000] ...2  9228.123291: sched_switch: prev_comm=swapper/0 prev_pid=0 prev_prio=120 prev_state=R ==> next_comm=ksoftirqd/0 next_pid=3 next_prio=120
     ksoftirqd/0-3     [000] ...2  9228.123307: sched_switch: prev_comm=ksoftirqd/0 prev_pid=3 prev_prio=120 prev_state=S ==> next_comm=swapper/0 next_pid=0 next_prio=120
          <idle>-0     [000] ...2  9228.123331: sched_switch: prev_comm=swapper/0 prev_pid=0 prev_prio=120 prev_state=R ==> next_comm=ksoftirqd/0 next_pid=3 next_prio=120
     ksoftirqd/0-3     [000] ...2  9228.123345: sched_switch: prev_comm=ksoftirqd/0 prev_pid=3 prev_prio=120 prev_state=S ==> next_comm=swapper/0 next_pid=0 next_prio=120
          <idle>-0     [000] ...2  9228.123368: sched_switch: prev_comm=swapper/0 prev_pid=0 prev_prio=120 prev_state=R ==> next_comm=ksoftirqd/0 next_pid=3 next_prio=120
     ksoftirqd/0-3     [000] ...2  9228.123381: sched_switch: prev_comm=ksoftirqd/0 prev_pid=3 prev_prio=120 prev_state=S ==> next_comm=swapper/0 next_pid=0 next_prio=120
          <idle>-0     [000] ...2  9228.123404: sched_switch: prev_comm=swapper/0 prev_pid=0 prev_prio=120 prev_state=R ==> next_comm=ksoftirqd/0 next_pid=3 next_prio=120
     ksoftirqd/0-3     [000] ...2  9228.123420: sched_switch: prev_comm=ksoftirqd/0 prev_pid=3 prev_prio=120 prev_state=S ==> next_comm=swapper/0 next_pid=0 next_prio=120
          <idle>-0     [000] ...2  9228.123444: sched_switch: prev_comm=swapper/0 prev_pid=0 prev_prio=120 prev_state=R ==> next_comm=ksoftirqd/0 next_pid=3 next_prio=120
     ksoftirqd/0-3     [000] ...2  9228.123458: sched_switch: prev_comm=ksoftirqd/0 prev_pid=3 prev_prio=120 prev_state=S ==> next_comm=swapper/0 next_pid=0 next_prio=120
          <idle>-0     [000] ...2  9228.123482: sched_switch: prev_comm=swapper/0 prev_pid=0 prev_prio=120 prev_state=R ==> next_comm=ksoftirqd/0 next_pid=3 next_prio=120
     ksoftirqd/0-3     [000] ...2  9228.123493: sched_switch: prev_comm=ksoftirqd/0 prev_pid=3 prev_prio=120 prev_state=S ==> next_comm=swapper/0 next_pid=0 next_prio=120
          <idle>-0     [000] ...2  9228.124627: sched_switch: prev_comm=swapper/0 prev_pid=0 prev_prio=120 prev_state=R ==> next_comm=main next_pid=29190 next_prio=120
           <...>-29190 [000] ...2  9228.124639: sched_switch: prev_comm=main prev_pid=29190 prev_prio=120 prev_state=R+ ==> next_comm=logcat next_pid=18670 next_prio=120
           <...>-29174 [001] ...2  9228.124644: sched_switch: prev_comm=main prev_pid=29174 prev_prio=120 prev_state=R+ ==> next_comm=logcat next_pid=8970 next_prio=120
          logcat-8970  [001] ...2  9228.124760: sched_switch: prev_comm=logcat prev_pid=8970 prev_prio=120 prev_state=S ==> next_comm=logcat next_pid=5462 next_prio=120
          logcat-18670 [000] ...2  9228.124811: sched_switch: prev_comm=logcat prev_pid=18670 prev_prio=120 prev_state=S ==> next_comm=kworker/0:1 next_pid=26762 next_prio=120
     kworker/0:1-26762 [000] ...2  9228.124836: sched_switch: prev_comm=kworker/0:1 prev_pid=26762 prev_prio=120 prev_state=S ==> next_comm=adbd next_pid=2833 next_prio=120
          logcat-5462  [001] ...2  9228.124854: sched_switch: prev_comm=logcat prev_pid=5462 prev_prio=120 prev_state=S ==> next_comm=kworker/1:1 next_pid=29166 next_prio=120
            adbd-2833  [000] ...2  9228.124865: sched_switch: prev_comm=adbd prev_pid=2833 prev_prio=120 prev_state=D ==> next_comm=main next_pid=29190 next_prio=120
           <...>-29190 [000] ...2  9228.124874: sched_switch: prev_comm=main prev_pid=29190 prev_prio=120 prev_state=R+ ==> next_comm=adbd next_pid=2833 next_prio=120
     kworker/1:1-29166 [001] ...2  9228.124876: sched_switch: prev_comm=kworker/1:1 prev_pid=29166 prev_prio=120 prev_state=S ==> next_comm=main next_pid=29174 next_prio=120
           <...>-29174 [001] d..2  9228.125138: block_rq_insert: 179,0 R 0 () 4008840 + 8 [main]
           <...>-29174 [001] d..2  9228.125142: block_rq_insert: 179,0 R 0 () 4008920 + 48 [main]
           <...>-29174 [001] ...2  9228.125154: sched_switch: prev_comm=main prev_pid=29174 prev_prio=120 prev_state=R+ ==> next_comm=mmcqd/1 next_pid=116 next_prio=120
            adbd-2833  [000] ...2  9228.125163: sched_switch: prev_comm=adbd prev_pid=2833 prev_prio=120 prev_state=S ==> next_comm=adbd next_pid=2835 next_prio=120
         mmcqd/1-116   [001] ...2  9228.125219: sched_switch: prev_comm=mmcqd/1 prev_pid=116 prev_prio=120 prev_state=S ==> next_comm=main next_pid=29174 next_prio=120
           <...>-29174 [001] ...2  9228.125232: sched_switch: prev_comm=main prev_pid=29174 prev_prio=120 prev_state=D|W ==> next_comm=swapper/1 next_pid=0 next_prio=120
          <idle>-0     [001] ...2  9228.125253: sched_switch: prev_comm=swapper/1 prev_pid=0 prev_prio=120 prev_state=R ==> next_comm=ksoftirqd/1 next_pid=29163 next_prio=120
           <...>-29163 [001] ...2  9228.125268: sched_switch: prev_comm=ksoftirqd/1 prev_pid=29163 prev_prio=120 prev_state=S ==> next_comm=swapper/1 next_pid=0 next_prio=120
          <idle>-0     [001] ...2  9228.125280: sched_switch: prev_comm=swapper/1 prev_pid=0 prev_prio=120 prev_state=R ==> next_comm=ksoftirqd/1 next_pid=29163 next_prio=120
           <...>-29163 [001] ...2  9228.125290: sched_switch: prev_comm=ksoftirqd/1 prev_pid=29163 prev_prio=120 prev_state=S ==> next_comm=swapper/1 next_pid=0 next_prio=120
          <idle>-0     [001] ...2  9228.125301: sched_switch: prev_comm=swapper/1 prev_pid=0 prev_prio=120 prev_state=R ==> next_comm=ksoftirqd/1 next_pid=29163 next_prio=120
           <...>-29163 [001] ...2  9228.125308: sched_switch: prev_comm=ksoftirqd/1 prev_pid=29163 prev_prio=120 prev_state=S ==> next_comm=swapper/1 next_pid=0 next_prio=120
            adbd-2835  [000] ...2  9228.125309: sched_switch: prev_comm=adbd prev_pid=2835 prev_prio=120 prev_state=S ==> next_comm=main next_pid=29190 next_prio=120
          <idle>-0     [001] ...2  9228.125451: sched_switch: prev_comm=swapper/1 prev_pid=0 prev_prio=120 prev_state=R ==> next_comm=mmcqd/1 next_pid=116 next_prio=120
         mmcqd/1-116   [001] ...1  9228.125473: block_rq_complete: 179,0 RA () 4008840 + 8 [0]
         mmcqd/1-116   [001] ...2  9228.125493: sched_switch: prev_comm=mmcqd/1 prev_pid=116 prev_prio=120 prev_state=S ==> next_comm=main next_pid=29174 next_prio=120
           <...>-29174 [001] d..2  9228.125693: block_rq_insert: 179,0 R 0 () 4084528 + 24 [main]
           <...>-29174 [001] ...2  9228.125704: sched_switch: prev_comm=main prev_pid=29174 prev_prio=120 prev_state=R+ ==> next_comm=mmcqd/1 next_pid=116 next_prio=120
         mmcqd/1-116   [001] ...2  9228.125723: sched_switch: prev_comm=mmcqd/1 prev_pid=116 prev_prio=120 prev_state=S ==> next_comm=main next_pid=29174 next_prio=120
           <...>-29174 [001] ...2  9228.125731: sched_switch: prev_comm=main prev_pid=29174 prev_prio=120 prev_state=D|W ==> next_comm=swapper/1 next_pid=0 next_prio=120
           <...>-29190 [000] ...2  9228.125803: sched_switch: prev_comm=Binder_1 prev_pid=29190 prev_prio=120 prev_state=R+ ==> next_comm=adbd next_pid=2836 next_prio=120
            adbd-2836  [000] ...2  9228.125853: sched_switch: prev_comm=adbd prev_pid=2836 prev_prio=120 prev_state=S ==> next_comm=adbd next_pid=2833 next_prio=120
          <idle>-0     [001] ...2  9228.126056: sched_switch: prev_comm=swapper/1 prev_pid=0 prev_prio=120 prev_state=R ==> next_comm=mmcqd/1 next_pid=116 next_prio=120
         mmcqd/1-116   [001] ...1  9228.126085: block_rq_complete: 179,0 RA () 4008920 + 48 [0]
         mmcqd/1-116   [001] ...2  9228.126105: sched_switch: prev_comm=mmcqd/1 prev_pid=116 prev_prio=120 prev_state=S ==> next_comm=adbd next_pid=2835 next_prio=120
            adbd-2833  [000] ...2  9228.126129: sched_switch: prev_comm=adbd prev_pid=2833 prev_prio=120 prev_state=S ==> next_comm=adbd next_pid=2836 next_prio=120
            adbd-2835  [001] ...2  9228.126143: sched_switch: prev_comm=adbd prev_pid=2835 prev_prio=120 prev_state=S ==> next_comm=swapper/1 next_pid=0 next_prio=120
            adbd-2836  [000] ...2  9228.126175: sched_switch: prev_comm=adbd prev_pid=2836 prev_prio=120 prev_state=S ==> next_comm=adbd next_pid=2833 next_prio=120
          <idle>-0     [001] ...2  9228.126278: sched_switch: prev_comm=swapper/1 prev_pid=0 prev_prio=120 prev_state=R ==> next_comm=adbd next_pid=2835 next_prio=120
            adbd-2835  [001] ...2  9228.126284: sched_switch: prev_comm=adbd prev_pid=2835 prev_prio=120 prev_state=S ==> next_comm=swapper/1 next_pid=0 next_prio=120
            adbd-2833  [000] ...2  9228.126356: sched_switch: prev_comm=adbd prev_pid=2833 prev_prio=120 prev_state=S ==> next_comm=Binder_1 next_pid=29190 next_prio=120
           <...>-29190 [000] ...2  9228.126410: sched_switch: prev_comm=Binder_1 prev_pid=29190 prev_prio=120 prev_state=R+ ==> next_comm=adbd next_pid=2836 next_prio=120
          <idle>-0     [001] ...2  9228.126452: sched_switch: prev_comm=swapper/1 prev_pid=0 prev_prio=120 prev_state=R ==> next_comm=mmcqd/1 next_pid=116 next_prio=120
         mmcqd/1-116   [001] ...1  9228.126465: block_rq_complete: 179,0 RA () 4084528 + 24 [0]
         mmcqd/1-116   [001] ...2  9228.126484: sched_switch: prev_comm=mmcqd/1 prev_pid=116 prev_prio=120 prev_state=R+ ==> next_comm=kworker/1:0H next_pid=29162 next_prio=100
            adbd-2836  [000] ...2  9228.126488: sched_switch: prev_comm=adbd prev_pid=2836 prev_prio=120 prev_state=S ==> next_comm=adbd next_pid=2833 next_prio=120
    kworker/1:0H-29162 [001] ...2  9228.126492: sched_switch: prev_comm=kworker/1:0H prev_pid=29162 prev_prio=100 prev_state=S ==> next_comm=mmcqd/1 next_pid=116 next_prio=120
         mmcqd/1-116   [001] ...2  9228.126502: sched_switch: prev_comm=mmcqd/1 prev_pid=116 prev_prio=120 prev_state=S ==> next_comm=main next_pid=29174 next_prio=120
           <...>-29174 [001] ...2  9228.126572: sched_switch: prev_comm=main prev_pid=29174 prev_prio=120 prev_state=R+ ==> next_comm=servicemanager next_pid=170 next_prio=120
  servicemanager-170   [001] ...2  9228.126581: sched_switch: prev_comm=servicemanager prev_pid=170 prev_prio=120 prev_state=D ==> next_comm=main next_pid=29174 next_prio=120
           <...>-29174 [001] ...2  9228.126590: sched_switch: prev_comm=main prev_pid=29174 prev_prio=120 prev_state=R+ ==> next_comm=servicemanager next_pid=170 next_prio=120
  servicemanager-170   [001] ...2  9228.126615: sched_switch: prev_comm=servicemanager prev_pid=170 prev_prio=120 prev_state=S ==> next_comm=main next_pid=29174 next_prio=120
            adbd-2833  [000] ...2  9228.126664: sched_switch: prev_comm=adbd prev_pid=2833 prev_prio=120 prev_state=S ==> next_comm=adbd next_pid=2835 next_prio=120
            adbd-2835  [000] ...2  9228.126674: sched_switch: prev_comm=adbd prev_pid=2835 prev_prio=120 prev_state=S ==> next_comm=Binder_1 next_pid=29190 next_prio=120
           <...>-29174 [001] ...2  9228.126765: sched_switch: prev_comm=main prev_pid=29174 prev_prio=120 prev_state=R+ ==> next_comm=servicemanager next_pid=170 next_prio=120
  servicemanager-170   [001] ...2  9228.126772: sched_switch: prev_comm=servicemanager prev_pid=170 prev_prio=120 prev_state=D ==> next_comm=main next_pid=29174 next_prio=120
           <...>-29174 [001] ...2  9228.126780: sched_switch: prev_comm=main prev_pid=29174 prev_prio=120 prev_state=R+ ==> next_comm=servicemanager next_pid=170 next_prio=120
  servicemanager-170   [001] ...2  9228.126891: sched_switch: prev_comm=servicemanager prev_pid=170 prev_prio=120 prev_state=S ==> next_comm=main next_pid=29174 next_prio=120
           <...>-29174 [001] ...2  9228.127005: sched_switch: prev_comm=main prev_pid=29174 prev_prio=120 prev_state=D ==> next_comm=swapper/1 next_pid=0 next_prio=120
          <idle>-0     [001] ...2  9228.127043: sched_switch: prev_comm=swapper/1 prev_pid=0 prev_prio=120 prev_state=R ==> next_comm=main next_pid=29174 next_prio=120
           <...>-29190 [000] ...2  9228.127338: sched_switch: prev_comm=Binder_1 prev_pid=29190 prev_prio=120 prev_state=S ==> next_comm=Binder_1 next_pid=29191 next_prio=120
           <...>-29174 [001] ...2  9228.127364: sched_switch: prev_comm=main prev_pid=29174 prev_prio=120 prev_state=D ==> next_comm=swapper/1 next_pid=0 next_prio=120
          <idle>-0     [001] ...2  9228.127402: sched_switch: prev_comm=swapper/1 prev_pid=0 prev_prio=120 prev_state=R ==> next_comm=main next_pid=29174 next_prio=120
           <...>-29174 [001] ...2  9228.127544: sched_switch: prev_comm=main prev_pid=29174 prev_prio=120 prev_state=R+ ==> next_comm=kworker/1:1 next_pid=29166 next_prio=120
           <...>-29191 [000] ...2  9228.127559: sched_switch: prev_comm=Binder_2 prev_pid=29191 prev_prio=120 prev_state=R+ ==> next_comm=adbd next_pid=2833 next_prio=120
     kworker/1:1-29166 [001] ...2  9228.127560: sched_switch: prev_comm=kworker/1:1 prev_pid=29166 prev_prio=120 prev_state=S ==> next_comm=main next_pid=29174 next_prio=120
           <...>-29174 [001] ...2  9228.127596: sched_switch: prev_comm=main prev_pid=29174 prev_prio=120 prev_state=R+ ==> next_comm=kworker/1:1 next_pid=29166 next_prio=120
     kworker/1:1-29166 [001] ...2  9228.127605: sched_switch: prev_comm=kworker/1:1 prev_pid=29166 prev_prio=120 prev_state=S ==> next_comm=main next_pid=29174 next_prio=120
            adbd-2833  [000] ...2  9228.127771: sched_switch: prev_comm=adbd prev_pid=2833 prev_prio=120 prev_state=S ==> next_comm=adbd next_pid=2835 next_prio=120
            adbd-2835  [000] ...2  9228.127847: sched_switch: prev_comm=adbd prev_pid=2835 prev_prio=120 prev_state=S ==> next_comm=Binder_2 next_pid=29191 next_prio=120
           <...>-29191 [000] ...2  9228.128254: sched_switch: prev_comm=Binder_2 prev_pid=29191 prev_prio=120 prev_state=R ==> next_comm=adbd next_pid=2836 next_prio=120
            adbd-2836  [000] ...2  9228.128303: sched_switch: prev_comm=adbd prev_pid=2836 prev_prio=120 prev_state=S ==> next_comm=adbd next_pid=2833 next_prio=120
           <...>-29174 [001] ...2  9228.128303: sched_switch: prev_comm=main prev_pid=29174 prev_prio=120 prev_state=R+ ==> next_comm=Binder_5 next_pid=988 next_prio=120
        Binder_5-988   [001] ...2  9228.128312: sched_switch: prev_comm=Binder_5 prev_pid=988 prev_prio=120 prev_state=D ==> next_comm=main next_pid=29174 next_prio=120
           <...>-29174 [001] ...2  9228.128320: sched_switch: prev_comm=main prev_pid=29174 prev_prio=120 prev_state=R+ ==> next_comm=Binder_5 next_pid=988 next_prio=120
            adbd-2833  [000] ...2  9228.128488: sched_switch: prev_comm=adbd prev_pid=2833 prev_prio=120 prev_state=S ==> next_comm=adbd next_pid=2835 next_prio=120
            adbd-2835  [000] ...2  9228.128498: sched_switch: prev_comm=adbd prev_pid=2835 prev_prio=120 prev_state=S ==> next_comm=Binder_2 next_pid=29191 next_prio=120
           <...>-29191 [000] ...2  9228.128515: sched_switch: prev_comm=Binder_2 prev_pid=29191 prev_prio=120 prev_state=R+ ==> next_comm=logcat next_pid=18670 next_prio=120
          logcat-18670 [000] ...2  9228.128707: sched_switch: prev_comm=logcat prev_pid=18670 prev_prio=120 prev_state=S ==> next_comm=kworker/0:1 next_pid=26762 next_prio=120
