     kworker/0:1-26762 [000] ...2  9228.128730: sched_switch: prev_comm=kworker/0:1 prev_pid=26762 prev_prio=120 prev_state=S ==> next_comm=adbd next_pid=2833 next_prio=120
            adbd-2833  [000] ...2  9228.128944: sched_switch: prev_comm=adbd prev_pid=2833 prev_prio=120 prev_state=S ==> next_comm=LazyTaskWriterT next_pid=831 next_prio=120
 LazyTaskWriterT-831   [000] ...2  9228.129000: sched_switch: prev_comm=LazyTaskWriterT prev_pid=831 prev_prio=120 prev_state=S ==> next_comm=android.display next_pid=774 next_prio=116
           <...>-774   [000] d..2  9228.129634: block_rq_insert: 179,0 R 0 () 851896 + 32 [android.display]
           <...>-774   [000] ...2  9228.129666: sched_switch: prev_comm=android.display prev_pid=774 prev_prio=116 prev_state=D|W ==> next_comm=adbd next_pid=2835 next_prio=120
            adbd-2835  [000] ...2  9228.129771: sched_switch: prev_comm=adbd prev_pid=2835 prev_prio=120 prev_state=S ==> next_comm=Binder_1 next_pid=1149 next_prio=120
        Binder_5-988   [001] ...2  9228.129943: sched_switch: prev_comm=Binder_5 prev_pid=988 prev_prio=120 prev_state=S ==> next_comm=logcat next_pid=5462 next_prio=120
           <...>-1149  [000] ...2  9228.129978: sched_switch: prev_comm=Binder_1 prev_pid=1149 prev_prio=120 prev_state=S ==> next_comm=PowerManagerSer next_pid=776 next_prio=116
 PowerManagerSer-776   [000] ...2  9228.130078: sched_switch: prev_comm=PowerManagerSer prev_pid=776 prev_prio=116 prev_state=S ==> next_comm=InputDispatcher next_pid=794 next_prio=112
          logcat-5462  [001] ...2  9228.130131: sched_switch: prev_comm=logcat prev_pid=5462 prev_prio=120 prev_state=S ==> next_comm=logcat next_pid=8970 next_prio=120
           <...>-794   [000] ...2  9228.130156: sched_switch: prev_comm=InputDispatcher prev_pid=794 prev_prio=112 prev_state=S ==> next_comm=droid.launcher3 next_pid=1122 next_prio=120
          logcat-8970  [001] ...2  9228.130300: sched_switch: prev_comm=logcat prev_pid=8970 prev_prio=120 prev_state=S ==> next_comm=android.bg next_pid=764 next_prio=130
           <...>-1122  [000] ...2  9228.130344: sched_switch: prev_comm=droid.launcher3 prev_pid=1122 prev_prio=120 prev_state=S ==> next_comm=Binder_8 next_pid=1156 next_prio=120
           <...>-764   [001] ...2  9228.130373: sched_switch: prev_comm=android.bg prev_pid=764 prev_prio=130 prev_state=S ==> next_comm=ActivityManager next_pid=765 next_prio=118
 ActivityManager-765   [001] ...2  9228.130422: sched_switch: prev_comm=ActivityManager prev_pid=765 prev_prio=118 prev_state=S ==> next_comm=mmcqd/1 next_pid=116 next_prio=120
         mmcqd/1-116   [001] ...2  9228.130476: sched_switch: prev_comm=mmcqd/1 prev_pid=116 prev_prio=120 prev_state=S ==> next_comm=kworker/1:1 next_pid=29166 next_prio=120
     kworker/1:1-29166 [001] ...2  9228.130498: sched_switch: prev_comm=kworker/1:1 prev_pid=29166 prev_prio=120 prev_state=S ==> next_comm=ActivityManager next_pid=765 next_prio=118
 ActivityManager-765   [001] ...2  9228.130535: sched_switch: prev_comm=ActivityManager prev_pid=765 prev_prio=118 prev_state=S ==> next_comm=logcat next_pid=18670 next_prio=120
          logcat-18670 [001] ...2  9228.130639: sched_switch: prev_comm=logcat prev_pid=18670 prev_prio=120 prev_state=S ==> next_comm=kworker/1:1 next_pid=29166 next_prio=120
     kworker/1:1-29166 [001] ...2  9228.130649: sched_switch: prev_comm=kworker/1:1 prev_pid=29166 prev_prio=120 prev_state=S ==> next_comm=main next_pid=29174 next_prio=120
           <...>-29174 [001] ...2  9228.130673: sched_switch: prev_comm=main prev_pid=29174 prev_prio=120 prev_state=D ==> next_comm=swapper/1 next_pid=0 next_prio=120
          <idle>-0     [001] ...2  9228.130876: sched_switch: prev_comm=swapper/1 prev_pid=0 prev_prio=120 prev_state=R ==> next_comm=mmcqd/1 next_pid=116 next_prio=120
         mmcqd/1-116   [001] ...1  9228.130893: block_rq_complete: 179,0 RA () 851896 + 32 [0]
         mmcqd/1-116   [001] ...2  9228.130918: sched_switch: prev_comm=mmcqd/1 prev_pid=116 prev_prio=120 prev_state=R+ ==> next_comm=kworker/1:0H next_pid=29162 next_prio=100
    kworker/1:0H-29162 [001] ...2  9228.130925: sched_switch: prev_comm=kworker/1:0H prev_pid=29162 prev_prio=100 prev_state=S ==> next_comm=mmcqd/1 next_pid=116 next_prio=120
         mmcqd/1-116   [001] ...2  9228.130935: sched_switch: prev_comm=mmcqd/1 prev_pid=116 prev_prio=120 prev_state=S ==> next_comm=android.display next_pid=774 next_prio=116
        Binder_8-1156  [000] ...2  9228.131035: sched_switch: prev_comm=Binder_8 prev_pid=1156 prev_prio=120 prev_state=R+ ==> next_comm=lmkd next_pid=169 next_prio=98
           <...>-169   [000] ...2  9228.131136: sched_switch: prev_comm=lmkd prev_pid=169 prev_prio=98 prev_state=S ==> next_comm=adbd next_pid=2836 next_prio=120
            adbd-2836  [000] ...2  9228.131195: sched_switch: prev_comm=adbd prev_pid=2836 prev_prio=120 prev_state=S ==> next_comm=adbd next_pid=2833 next_prio=120
            adbd-2833  [000] ...2  9228.131549: sched_switch: prev_comm=adbd prev_pid=2833 prev_prio=120 prev_state=S ==> next_comm=adbd next_pid=2835 next_prio=120
           <...>-774   [001] d..2  9228.131565: block_rq_insert: 179,0 R 0 () 852120 + 8 [android.display]
           <...>-774   [001] ...2  9228.131579: sched_switch: prev_comm=android.display prev_pid=774 prev_prio=116 prev_state=D|W ==> next_comm=mmcqd/1 next_pid=116 next_prio=120
         mmcqd/1-116   [001] ...2  9228.131614: sched_switch: prev_comm=mmcqd/1 prev_pid=116 prev_prio=120 prev_state=S ==> next_comm=swapper/1 next_pid=0 next_prio=120
            adbd-2835  [000] ...2  9228.131682: sched_switch: prev_comm=adbd prev_pid=2835 prev_prio=120 prev_state=S ==> next_comm=Binder_8 next_pid=1156 next_prio=120
          <idle>-0     [001] ...2  9228.131864: sched_switch: prev_comm=swapper/1 prev_pid=0 prev_prio=120 prev_state=R ==> next_comm=mmcqd/1 next_pid=116 next_prio=120
         mmcqd/1-116   [001] ...1  9228.131874: block_rq_complete: 179,0 RA () 852120 + 8 [0]
         mmcqd/1-116   [001] ...2  9228.131891: sched_switch: prev_comm=mmcqd/1 prev_pid=116 prev_prio=120 prev_state=R+ ==> next_comm=kworker/1:0H next_pid=29162 next_prio=100
    kworker/1:0H-29162 [001] ...2  9228.131898: sched_switch: prev_comm=kworker/1:0H prev_pid=29162 prev_prio=100 prev_state=S ==> next_comm=mmcqd/1 next_pid=116 next_prio=120
         mmcqd/1-116   [001] ...2  9228.131907: sched_switch: prev_comm=mmcqd/1 prev_pid=116 prev_prio=120 prev_state=S ==> next_comm=android.display next_pid=774 next_prio=116
        Binder_8-1156  [000] ...2  9228.132476: sched_switch: prev_comm=Binder_8 prev_pid=1156 prev_prio=120 prev_state=R+ ==> next_comm=lmkd next_pid=169 next_prio=98
           <...>-169   [000] ...2  9228.132557: sched_switch: prev_comm=lmkd prev_pid=169 prev_prio=98 prev_state=S ==> next_comm=adbd next_pid=2836 next_prio=120
            adbd-2836  [000] ...2  9228.132623: sched_switch: prev_comm=adbd prev_pid=2836 prev_prio=120 prev_state=S ==> next_comm=adbd next_pid=2835 next_prio=120
            adbd-2835  [000] ...2  9228.132694: sched_switch: prev_comm=adbd prev_pid=2835 prev_prio=120 prev_state=S ==> next_comm=adbd next_pid=2836 next_prio=120
           <...>-774   [001] d..2  9228.132706: block_rq_insert: 179,0 R 0 () 852320 + 8 [android.display]
           <...>-774   [001] ...2  9228.132719: sched_switch: prev_comm=android.display prev_pid=774 prev_prio=116 prev_state=D|W ==> next_comm=Binder_2 next_pid=29080 next_prio=120
            adbd-2836  [000] ...2  9228.132740: sched_switch: prev_comm=adbd prev_pid=2836 prev_prio=120 prev_state=S ==> next_comm=adbd next_pid=2833 next_prio=120
           <...>-29080 [001] ...2  9228.132897: sched_switch: prev_comm=Binder_2 prev_pid=29080 prev_prio=120 prev_state=S ==> next_comm=mmcqd/1 next_pid=116 next_prio=120
         mmcqd/1-116   [001] ...2  9228.132934: sched_switch: prev_comm=mmcqd/1 prev_pid=116 prev_prio=120 prev_state=S ==> next_comm=HeapTrimmerDaem next_pid=29076 next_prio=120
            adbd-2833  [000] ...2  9228.133052: sched_switch: prev_comm=adbd prev_pid=2833 prev_prio=120 prev_state=S ==> next_comm=adbd next_pid=2836 next_prio=120
            adbd-2836  [000] ...2  9228.133101: sched_switch: prev_comm=adbd prev_pid=2836 prev_prio=120 prev_state=S ==> next_comm=adbd next_pid=2835 next_prio=120
            adbd-2835  [000] ...2  9228.133111: sched_switch: prev_comm=adbd prev_pid=2835 prev_prio=120 prev_state=S ==> next_comm=adbd next_pid=2833 next_prio=120
 HeapTrimmerDaem-29076 [001] ...2  9228.133126: sched_switch: prev_comm=HeapTrimmerDaem prev_pid=29076 prev_prio=120 prev_state=S ==> next_comm=swapper/1 next_pid=0 next_prio=120
          <idle>-0     [001] ...2  9228.133146: sched_switch: prev_comm=swapper/1 prev_pid=0 prev_prio=120 prev_state=R ==> next_comm=ksoftirqd/1 next_pid=29163 next_prio=120
           <...>-29163 [001] ...2  9228.133153: sched_switch: prev_comm=ksoftirqd/1 prev_pid=29163 prev_prio=120 prev_state=S ==> next_comm=swapper/1 next_pid=0 next_prio=120
          <idle>-0     [001] ...2  9228.133165: sched_switch: prev_comm=swapper/1 prev_pid=0 prev_prio=120 prev_state=R ==> next_comm=ksoftirqd/1 next_pid=29163 next_prio=120
           <...>-29163 [001] ...2  9228.133170: sched_switch: prev_comm=ksoftirqd/1 prev_pid=29163 prev_prio=120 prev_state=S ==> next_comm=swapper/1 next_pid=0 next_prio=120
          <idle>-0     [001] ...2  9228.133182: sched_switch: prev_comm=swapper/1 prev_pid=0 prev_prio=120 prev_state=R ==> next_comm=ksoftirqd/1 next_pid=29163 next_prio=120
           <...>-29163 [001] ...2  9228.133191: sched_switch: prev_comm=ksoftirqd/1 prev_pid=29163 prev_prio=120 prev_state=S ==> next_comm=mmcqd/1 next_pid=116 next_prio=120
         mmcqd/1-116   [001] ...1  9228.133201: block_rq_complete: 179,0 RA () 852320 + 8 [0]
         mmcqd/1-116   [001] ...2  9228.133219: sched_switch: prev_comm=mmcqd/1 prev_pid=116 prev_prio=120 prev_state=R+ ==> next_comm=kworker/1:0H next_pid=29162 next_prio=100
    kworker/1:0H-29162 [001] ...2  9228.133226: sched_switch: prev_comm=kworker/1:0H prev_pid=29162 prev_prio=100 prev_state=S ==> next_comm=mmcqd/1 next_pid=116 next_prio=120
         mmcqd/1-116   [001] ...2  9228.133235: sched_switch: prev_comm=mmcqd/1 prev_pid=116 prev_prio=120 prev_state=S ==> next_comm=android.display next_pid=774 next_prio=116
            adbd-2833  [000] ...2  9228.133316: sched_switch: prev_comm=adbd prev_pid=2833 prev_prio=120 prev_state=S ==> next_comm=adbd next_pid=2835 next_prio=120
            adbd-2835  [000] ...2  9228.133326: sched_switch: prev_comm=adbd prev_pid=2835 prev_prio=120 prev_state=S ==> next_comm=Binder_8 next_pid=1156 next_prio=120
        Binder_8-1156  [000] ...2  9228.133486: sched_switch: prev_comm=Binder_8 prev_pid=1156 prev_prio=120 prev_state=R+ ==> next_comm=lmkd next_pid=169 next_prio=98
           <...>-169   [000] ...2  9228.133567: sched_switch: prev_comm=lmkd prev_pid=169 prev_prio=98 prev_state=S ==> next_comm=Binder_8 next_pid=1156 next_prio=120
        Binder_8-1156  [000] ...2  9228.133721: sched_switch: prev_comm=Binder_8 prev_pid=1156 prev_prio=120 prev_state=R+ ==> next_comm=lmkd next_pid=169 next_prio=98
           <...>-169   [000] ...2  9228.133794: sched_switch: prev_comm=lmkd prev_pid=169 prev_prio=98 prev_state=S ==> next_comm=Binder_8 next_pid=1156 next_prio=120
        Binder_8-1156  [000] ...2  9228.133938: sched_switch: prev_comm=Binder_8 prev_pid=1156 prev_prio=120 prev_state=R+ ==> next_comm=lmkd next_pid=169 next_prio=98
           <...>-169   [000] ...2  9228.134011: sched_switch: prev_comm=lmkd prev_pid=169 prev_prio=98 prev_state=S ==> next_comm=Binder_8 next_pid=1156 next_prio=120
        Binder_8-1156  [000] ...2  9228.134317: sched_switch: prev_comm=Binder_8 prev_pid=1156 prev_prio=120 prev_state=R ==> next_comm=Binder_3 next_pid=430 next_prio=120
           <...>-430   [000] ...2  9228.134451: sched_switch: prev_comm=Binder_3 prev_pid=430 prev_prio=120 prev_state=S ==> next_comm=EventThread next_pid=345 next_prio=111
           <...>-345   [000] ...2  9228.134560: sched_switch: prev_comm=EventThread prev_pid=345 prev_prio=111 prev_state=S ==> next_comm=DispSync next_pid=233 next_prio=111
           <...>-233   [000] ...2  9228.134586: sched_switch: prev_comm=DispSync prev_pid=233 prev_prio=111 prev_state=S ==> next_comm=Binder_9 next_pid=1186 next_prio=120
        Binder_9-1186  [000] ...2  9228.134701: sched_switch: prev_comm=Binder_9 prev_pid=1186 prev_prio=120 prev_state=S ==> next_comm=InputDispatcher next_pid=794 next_prio=112
           <...>-794   [000] ...2  9228.134749: sched_switch: prev_comm=InputDispatcher prev_pid=794 prev_prio=112 prev_state=S ==> next_comm=Binder_8 next_pid=1156 next_prio=120
        Binder_8-1156  [000] ...2  9228.134985: sched_switch: prev_comm=Binder_8 prev_pid=1156 prev_prio=120 prev_state=R ==> next_comm=InputDispatcher next_pid=794 next_prio=112
           <...>-794   [000] ...2  9228.135027: sched_switch: prev_comm=InputDispatcher prev_pid=794 prev_prio=112 prev_state=S ==> next_comm=Binder_8 next_pid=1156 next_prio=120
        Binder_8-1156  [000] ...2  9228.135123: sched_switch: prev_comm=Binder_8 prev_pid=1156 prev_prio=120 prev_state=R+ ==> next_comm=Binder_3 next_pid=29081 next_prio=120
           <...>-774   [001] ...2  9228.135136: sched_switch: prev_comm=android.display prev_pid=774 prev_prio=116 prev_state=D ==> next_comm=logcat next_pid=8970 next_prio=120
           <...>-29081 [000] ...2  9228.135137: sched_switch: prev_comm=Binder_3 prev_pid=29081 prev_prio=120 prev_state=D ==> next_comm=Binder_8 next_pid=1156 next_prio=120
        Binder_8-1156  [000] ...2  9228.135151: sched_switch: prev_comm=Binder_8 prev_pid=1156 prev_prio=120 prev_state=R+ ==> next_comm=Binder_3 next_pid=29081 next_prio=120
          logcat-8970  [001] ...2  9228.135266: sched_switch: prev_comm=logcat prev_pid=8970 prev_prio=120 prev_state=S ==> next_comm=logcat next_pid=5462 next_prio=120
          logcat-5462  [001] ...2  9228.135376: sched_switch: prev_comm=logcat prev_pid=5462 prev_prio=120 prev_state=S ==> next_comm=kworker/1:1 next_pid=29166 next_prio=120
     kworker/1:1-29166 [001] ...2  9228.135397: sched_switch: prev_comm=kworker/1:1 prev_pid=29166 prev_prio=120 prev_state=S ==> next_comm=logcat next_pid=18670 next_prio=120
          logcat-18670 [001] ...2  9228.135502: sched_switch: prev_comm=logcat prev_pid=18670 prev_prio=120 prev_state=S ==> next_comm=kworker/1:1 next_pid=29166 next_prio=120
     kworker/1:1-29166 [001] ...2  9228.135513: sched_switch: prev_comm=kworker/1:1 prev_pid=29166 prev_prio=120 prev_state=S ==> next_comm=android.display next_pid=774 next_prio=116
           <...>-774   [001] ...2  9228.135604: sched_switch: prev_comm=android.display prev_pid=774 prev_prio=116 prev_state=S ==> next_comm=Binder_2 next_pid=1151 next_prio=120
           <...>-1151  [001] ...2  9228.135700: sched_switch: prev_comm=Binder_2 prev_pid=1151 prev_prio=120 prev_state=S ==> next_comm=swapper/1 next_pid=0 next_prio=120
           <...>-29081 [000] ...2  9228.135832: sched_switch: prev_comm=Binder_3 prev_pid=29081 prev_prio=120 prev_state=S ==> next_comm=xample.bdbtrace next_pid=29062 next_prio=120
           <...>-29062 [000] ...2  9228.136670: sched_switch: prev_comm=xample.bdbtrace prev_pid=29062 prev_prio=120 prev_state=S ==> next_comm=kworker/u:0 next_pid=27839 next_prio=120
     kworker/u:0-27839 [000] ...2  9228.136732: sched_switch: prev_comm=kworker/u:0 prev_pid=27839 prev_prio=120 prev_state=S ==> next_comm=Binder_1 next_pid=707 next_prio=120
           <...>-707   [000] ...2  9228.136859: sched_switch: prev_comm=Binder_1 prev_pid=707 prev_prio=120 prev_state=S ==> next_comm=kworker/u:3 next_pid=27995 next_prio=120
     kworker/u:3-27995 [000] ...2  9228.136869: sched_switch: prev_comm=kworker/u:3 prev_pid=27995 prev_prio=120 prev_state=S ==> next_comm=sensors.qcom next_pid=842 next_prio=120
    sensors.qcom-842   [000] ...2  9228.136976: sched_switch: prev_comm=sensors.qcom prev_pid=842 prev_prio=120 prev_state=S ==> next_comm=sensors.qcom next_pid=678 next_prio=120
    sensors.qcom-678   [000] ...2  9228.137047: sched_switch: prev_comm=sensors.qcom prev_pid=678 prev_prio=120 prev_state=S ==> next_comm=system_server next_pid=715 next_prio=118
   system_server-715   [000] ...2  9228.137196: sched_switch: prev_comm=system_server prev_pid=715 prev_prio=118 prev_state=S ==> next_comm=system_server next_pid=719 next_prio=118
   system_server-719   [000] ...2  9228.137237: sched_switch: prev_comm=system_server prev_pid=719 prev_prio=118 prev_state=S ==> next_comm=SensorService next_pid=760 next_prio=112
   SensorService-760   [000] ...2  9228.137318: sched_switch: prev_comm=SensorService prev_pid=760 prev_prio=112 prev_state=S ==> next_comm=android.ui next_pid=772 next_prio=118
      android.ui-772   [000] ...2  9228.137423: sched_switch: prev_comm=android.ui prev_pid=772 prev_prio=118 prev_state=S ==> next_comm=adbd next_pid=2833 next_prio=120
            adbd-2833  [000] ...2  9228.137733: sched_switch: prev_comm=adbd prev_pid=2833 prev_prio=120 prev_state=S ==> next_comm=adbd next_pid=2835 next_prio=120
            adbd-2835  [000] ...2  9228.137888: sched_switch: prev_comm=adbd prev_pid=2835 prev_prio=120 prev_state=S ==> next_comm=Binder_8 next_pid=1156 next_prio=120
          <idle>-0     [001] ...2  9228.138022: sched_switch: prev_comm=swapper/1 prev_pid=0 prev_prio=120 prev_state=R ==> next_comm=android.bg next_pid=764 next_prio=130
           <...>-764   [001] ...2  9228.138101: sched_switch: prev_comm=android.bg prev_pid=764 prev_prio=130 prev_state=S ==> next_comm=Binder_2 next_pid=29191 next_prio=120
        Binder_8-1156  [000] ...2  9228.138105: sched_switch: prev_comm=Binder_8 prev_pid=1156 prev_prio=120 prev_state=R ==> next_comm=adbd next_pid=2835 next_prio=120
            adbd-2835  [000] ...2  9228.138166: sched_switch: prev_comm=adbd prev_pid=2835 prev_prio=120 prev_state=S ==> next_comm=adbd next_pid=2836 next_prio=120
           <...>-29191 [001] ...2  9228.138173: sched_switch: prev_comm=Binder_2 prev_pid=29191 prev_prio=120 prev_state=D ==> next_comm=main next_pid=29174 next_prio=120
           <...>-29174 [001] ...2  9228.138191: sched_switch: prev_comm=main prev_pid=29174 prev_prio=120 prev_state=D ==> next_comm=Binder_2 next_pid=29191 next_prio=120
            adbd-2836  [000] ...2  9228.138214: sched_switch: prev_comm=adbd prev_pid=2836 prev_prio=120 prev_state=S ==> next_comm=adbd next_pid=2833 next_prio=120
           <...>-29191 [001] ...2  9228.138366: sched_switch: prev_comm=Binder_2 prev_pid=29191 prev_prio=120 prev_state=S ==> next_comm=main next_pid=29174 next_prio=120
            adbd-2833  [000] ...2  9228.138437: sched_switch: prev_comm=adbd prev_pid=2833 prev_prio=120 prev_state=S ==> next_comm=adbd next_pid=2836 next_prio=120
            adbd-2836  [000] ...2  9228.138485: sched_switch: prev_comm=adbd prev_pid=2836 prev_prio=120 prev_state=S ==> next_comm=adbd next_pid=2835 next_prio=120
            adbd-2835  [000] ...2  9228.138495: sched_switch: prev_comm=adbd prev_pid=2835 prev_prio=120 prev_state=S ==> next_comm=adbd next_pid=2833 next_prio=120
           <...>-29174 [001] d..2  9228.138578: block_rq_insert: 179,0 R 0 () 1181984 + 8 [main]
           <...>-29174 [001] d..2  9228.138584: block_rq_insert: 179,0 R 0 () 1182000 + 40 [main]
           <...>-29174 [001] d..2  9228.138586: block_rq_insert: 179,0 R 0 () 1182048 + 24 [main]
           <...>-29174 [001] ...2  9228.138599: sched_switch: prev_comm=main prev_pid=29174 prev_prio=120 prev_state=D|W ==> next_comm=logcat next_pid=18670 next_prio=120
          logcat-18670 [001] ...2  9228.138703: sched_switch: prev_comm=logcat prev_pid=18670 prev_prio=120 prev_state=S ==> next_comm=logcat next_pid=5462 next_prio=120
            adbd-2833  [000] ...2  9228.138709: sched_switch: prev_comm=adbd prev_pid=2833 prev_prio=120 prev_state=S ==> next_comm=adbd next_pid=2836 next_prio=120
            adbd-2836  [000] ...2  9228.138716: sched_switch: prev_comm=adbd prev_pid=2836 prev_prio=120 prev_state=R ==> next_comm=DispSync next_pid=233 next_prio=111
           <...>-233   [000] ...2  9228.138769: sched_switch: prev_comm=DispSync prev_pid=233 prev_prio=111 prev_state=S ==> next_comm=EventThread next_pid=345 next_prio=111
          logcat-5462  [001] ...2  9228.138794: sched_switch: prev_comm=logcat prev_pid=5462 prev_prio=120 prev_state=S ==> next_comm=logcat next_pid=8970 next_prio=120
           <...>-345   [000] ...2  9228.138843: sched_switch: prev_comm=EventThread prev_pid=345 prev_prio=111 prev_state=S ==> next_comm=adbd next_pid=2836 next_prio=120
          logcat-8970  [001] ...2  9228.138884: sched_switch: prev_comm=logcat prev_pid=8970 prev_prio=120 prev_state=S ==> next_comm=mmcqd/1 next_pid=116 next_prio=120
            adbd-2836  [000] ...2  9228.138895: sched_switch: prev_comm=adbd prev_pid=2836 prev_prio=120 prev_state=S ==> next_comm=adbd next_pid=2835 next_prio=120
            adbd-2835  [000] ...2  9228.138904: sched_switch: prev_comm=adbd prev_pid=2835 prev_prio=120 prev_state=S ==> next_comm=adbd next_pid=2833 next_prio=120
            adbd-2833  [000] ...2  9228.138927: sched_switch: prev_comm=adbd prev_pid=2833 prev_prio=120 prev_state=D ==> next_comm=Binder_8 next_pid=1156 next_prio=120
         mmcqd/1-116   [001] ...2  9228.138949: sched_switch: prev_comm=mmcqd/1 prev_pid=116 prev_prio=120 prev_state=S ==> next_comm=kworker/1:1 next_pid=29166 next_prio=120
     kworker/1:1-29166 [001] ...2  9228.138970: sched_switch: prev_comm=kworker/1:1 prev_pid=29166 prev_prio=120 prev_state=S ==> next_comm=android.display next_pid=774 next_prio=116
        Binder_8-1156  [000] ...2  9228.139193: sched_switch: prev_comm=Binder_8 prev_pid=1156 prev_prio=120 prev_state=R+ ==> next_comm=mmcqd/1 next_pid=116 next_prio=120
         mmcqd/1-116   [000] ...1  9228.139238: block_rq_complete: 179,0 RA () 1181984 + 8 [0]
         mmcqd/1-116   [000] ...2  9228.139282: sched_switch: prev_comm=mmcqd/1 prev_pid=116 prev_prio=120 prev_state=S ==> next_comm=adbd next_pid=2833 next_prio=120
           <...>-774   [001] ...2  9228.139581: sched_switch: prev_comm=android.display prev_pid=774 prev_prio=116 prev_state=S ==> next_comm=kworker/u:3 next_pid=27995 next_prio=120
     kworker/u:3-27995 [001] ...2  9228.139597: sched_switch: prev_comm=kworker/u:3 prev_pid=27995 prev_prio=120 prev_state=D ==> next_comm=swapper/1 next_pid=0 next_prio=120
            adbd-2833  [000] ...2  9228.139608: sched_switch: prev_comm=adbd prev_pid=2833 prev_prio=120 prev_state=S ==> next_comm=adbd next_pid=2835 next_prio=120
            adbd-2835  [000] ...2  9228.139777: sched_switch: prev_comm=adbd prev_pid=2835 prev_prio=120 prev_state=S ==> next_comm=mmcqd/1 next_pid=116 next_prio=120
         mmcqd/1-116   [000] ...1  9228.139830: block_rq_complete: 179,0 RA () 1182000 + 40 [0]
          <idle>-0     [001] ...2  9228.139862: sched_switch: prev_comm=swapper/1 prev_pid=0 prev_prio=120 prev_state=R ==> next_comm=main next_pid=29174 next_prio=120
         mmcqd/1-116   [000] ...2  9228.139872: sched_switch: prev_comm=mmcqd/1 prev_pid=116 prev_prio=120 prev_state=S ==> next_comm=Binder_8 next_pid=1156 next_prio=120
        Binder_8-1156  [000] ...2  9228.139897: sched_switch: prev_comm=Binder_8 prev_pid=1156 prev_prio=120 prev_state=R+ ==> next_comm=Binder_2 next_pid=234 next_prio=120
           <...>-234   [000] ...2  9228.139909: sched_switch: prev_comm=Binder_2 prev_pid=234 prev_prio=120 prev_state=D ==> next_comm=Binder_8 next_pid=1156 next_prio=120
           <...>-29174 [001] ...2  9228.139913: sched_switch: prev_comm=main prev_pid=29174 prev_prio=120 prev_state=S ==> next_comm=Heap thread poo next_pid=29181 next_prio=120
        Binder_8-1156  [000] ...2  9228.139956: sched_switch: prev_comm=Binder_8 prev_pid=1156 prev_prio=120 prev_state=S ==> next_comm=Heap thread poo next_pid=29182 next_prio=120
           <...>-29181 [001] ...2  9228.140002: sched_switch: prev_comm=Heap thread poo prev_pid=29181 prev_prio=120 prev_state=D ==> next_comm=kworker/u:3 next_pid=27995 next_prio=120
     kworker/u:3-27995 [001] ...2  9228.140026: sched_switch: prev_comm=kworker/u:3 prev_pid=27995 prev_prio=120 prev_state=S ==> next_comm=Binder_1 next_pid=29190 next_prio=120
           <...>-29190 [001] ...2  9228.140068: sched_switch: prev_comm=Binder_1 prev_pid=29190 prev_prio=120 prev_state=D ==> next_comm=Binder_2 next_pid=29191 next_prio=120
           <...>-29191 [001] ...2  9228.140104: sched_switch: prev_comm=Binder_2 prev_pid=29191 prev_prio=120 prev_state=D ==> next_comm=Heap thread poo next_pid=29180 next_prio=120
           <...>-29180 [001] ...2  9228.140119: sched_switch: prev_comm=Heap thread poo prev_pid=29180 prev_prio=120 prev_state=D ==> next_comm=swapper/1 next_pid=0 next_prio=120
           <...>-29182 [000] ...2  9228.140154: sched_switch: prev_comm=Heap thread poo prev_pid=29182 prev_prio=120 prev_state=D ==> next_comm=Binder_2 next_pid=234 next_prio=120
           <...>-234   [000] ...2  9228.140298: sched_switch: prev_comm=Binder_2 prev_pid=234 prev_prio=120 prev_state=S ==> next_comm=Heap thread poo next_pid=29181 next_prio=120
          <idle>-0     [001] ...2  9228.140326: sched_switch: prev_comm=swapper/1 prev_pid=0 prev_prio=120 prev_state=R ==> next_comm=Binder_1 next_pid=29190 next_prio=120
           <...>-29181 [000] ...2  9228.140341: sched_switch: prev_comm=Heap thread poo prev_pid=29181 prev_prio=120 prev_state=D ==> next_comm=mmcqd/1 next_pid=116 next_prio=120
         mmcqd/1-116   [000] ...1  9228.140369: block_rq_complete: 179,0 RA () 1182048 + 24 [0]
           <...>-29190 [001] ...2  9228.140369: sched_switch: prev_comm=Binder_1 prev_pid=29190 prev_prio=120 prev_state=D ==> next_comm=Heap thread poo next_pid=29182 next_prio=120
         mmcqd/1-116   [000] ...2  9228.140393: sched_switch: prev_comm=mmcqd/1 prev_pid=116 prev_prio=120 prev_state=R+ ==> next_comm=kworker/0:0H next_pid=21073 next_prio=100
    kworker/0:0H-21073 [000] ...2  9228.140405: sched_switch: prev_comm=kworker/0:0H prev_pid=21073 prev_prio=100 prev_state=S ==> next_comm=mmcqd/1 next_pid=116 next_prio=120
           <...>-29182 [001] ...3  9228.140419: sched_switch: prev_comm=Heap thread poo prev_pid=29182 prev_prio=120 prev_state=x ==> next_comm=Heap thread poo next_pid=29180 next_prio=120
         mmcqd/1-116   [000] ...2  9228.140423: sched_switch: prev_comm=mmcqd/1 prev_pid=116 prev_prio=120 prev_state=S ==> next_comm=adbd next_pid=2836 next_prio=120
           <...>-29180 [001] ...2  9228.140433: sched_switch: prev_comm=Heap thread poo prev_pid=29180 prev_prio=120 prev_state=D ==> next_comm=Binder_1 next_pid=29190 next_prio=120
           <...>-29190 [001] ...2  9228.140446: sched_switch: prev_comm=Binder_1 prev_pid=29190 prev_prio=120 prev_state=D ==> next_comm=Heap thread poo next_pid=29181 next_prio=120
           <...>-29181 [001] ...2  9228.140455: sched_switch: prev_comm=Heap thread poo prev_pid=29181 prev_prio=120 prev_state=D ==> next_comm=Binder_2 next_pid=29191 next_prio=120
           <...>-29191 [001] ...2  9228.140467: sched_switch: prev_comm=Binder_2 prev_pid=29191 prev_prio=120 prev_state=S ==> next_comm=Heap thread poo next_pid=29180 next_prio=120
            adbd-2836  [000] ...2  9228.140486: sched_switch: prev_comm=adbd prev_pid=2836 prev_prio=120 prev_state=S ==> next_comm=adbd next_pid=2835 next_prio=120
           <...>-29180 [001] ...2  9228.140543: sched_switch: prev_comm=Heap thread poo prev_pid=29180 prev_prio=120 prev_state=D ==> next_comm=Binder_1 next_pid=29190 next_prio=120
            adbd-2835  [000] ...2  9228.140553: sched_switch: prev_comm=adbd prev_pid=2835 prev_prio=120 prev_state=S ==> next_comm=adbd next_pid=2836 next_prio=120
           <...>-29190 [001] ...2  9228.140555: sched_switch: prev_comm=Binder_1 prev_pid=29190 prev_prio=120 prev_state=D ==> next_comm=Heap thread poo next_pid=29181 next_prio=120
           <...>-29181 [001] ...3  9228.140575: sched_switch: prev_comm=Heap thread poo prev_pid=29181 prev_prio=120 prev_state=x ==> next_comm=Heap thread poo next_pid=29180 next_prio=120
            adbd-2836  [000] ...2  9228.140592: sched_switch: prev_comm=adbd prev_pid=2836 prev_prio=120 prev_state=S ==> next_comm=adbd next_pid=2833 next_prio=120
           <...>-29180 [001] ...3  9228.140611: sched_switch: prev_comm=Heap thread poo prev_pid=29180 prev_prio=120 prev_state=x ==> next_comm=Binder_1 next_pid=29190 next_prio=120
           <...>-29190 [001] ...3  9228.140712: sched_switch: prev_comm=Binder_1 prev_pid=29190 prev_prio=120 prev_state=x ==> next_comm=main next_pid=29174 next_prio=120
           <...>-29174 [001] ...2  9228.140850: sched_switch: prev_comm=main prev_pid=29174 prev_prio=120 prev_state=S ==> next_comm=JDWP next_pid=29184 next_prio=120
            adbd-2833  [000] ...2  9228.141125: sched_switch: prev_comm=adbd prev_pid=2833 prev_prio=120 prev_state=S ==> next_comm=adbd next_pid=2836 next_prio=120
           <...>-29184 [001] ...3  9228.141164: sched_switch: prev_comm=JDWP prev_pid=29184 prev_prio=120 prev_state=x ==> next_comm=kworker/1:1 next_pid=29166 next_prio=120
     kworker/1:1-29166 [001] ...2  9228.141172: sched_switch: prev_comm=kworker/1:1 prev_pid=29166 prev_prio=120 prev_state=S ==> next_comm=logcat next_pid=8970 next_prio=120
            adbd-2836  [000] ...2  9228.141173: sched_switch: prev_comm=adbd prev_pid=2836 prev_prio=120 prev_state=S ==> next_comm=adbd next_pid=2835 next_prio=120
          logcat-8970  [001] ...2  9228.141275: sched_switch: prev_comm=logcat prev_pid=8970 prev_prio=120 prev_state=S ==> next_comm=kworker/1:1 next_pid=29166 next_prio=120
     kworker/1:1-29166 [001] ...2  9228.141284: sched_switch: prev_comm=kworker/1:1 prev_pid=29166 prev_prio=120 prev_state=S ==> next_comm=logcat next_pid=5462 next_prio=120
            adbd-2835  [000] ...2  9228.141316: sched_switch: prev_comm=adbd prev_pid=2835 prev_prio=120 prev_state=S ==> next_comm=adbd next_pid=2833 next_prio=120
            adbd-2833  [000] ...2  9228.141361: sched_switch: prev_comm=adbd prev_pid=2833 prev_prio=120 prev_state=D ==> next_comm=Binder_8 next_pid=1156 next_prio=120
          logcat-5462  [001] ...2  9228.141374: sched_switch: prev_comm=logcat prev_pid=5462 prev_prio=120 prev_state=S ==> next_comm=kworker/1:1 next_pid=29166 next_prio=120
     kworker/1:1-29166 [001] ...2  9228.141389: sched_switch: prev_comm=kworker/1:1 prev_pid=29166 prev_prio=120 prev_state=S ==> next_comm=logcat next_pid=18670 next_prio=120
          logcat-18670 [001] ...2  9228.141480: sched_switch: prev_comm=logcat prev_pid=18670 prev_prio=120 prev_state=S ==> next_comm=kworker/1:1 next_pid=29166 next_prio=120
     kworker/1:1-29166 [001] ...2  9228.141489: sched_switch: prev_comm=kworker/1:1 prev_pid=29166 prev_prio=120 prev_state=S ==> next_comm=Binder_2 next_pid=29191 next_prio=120
        Binder_8-1156  [000] ...2  9228.141601: sched_switch: prev_comm=Binder_8 prev_pid=1156 prev_prio=120 prev_state=R ==> next_comm=adbd next_pid=2836 next_prio=120
           <...>-29191 [001] ...3  9228.141633: sched_switch: prev_comm=Binder_2 prev_pid=29191 prev_prio=120 prev_state=x ==> next_comm=main next_pid=29174 next_prio=120
            adbd-2836  [000] ...2  9228.141648: sched_switch: prev_comm=adbd prev_pid=2836 prev_prio=120 prev_state=S ==> next_comm=adbd next_pid=2833 next_prio=120
           <...>-29174 [001] ...2  9228.141679: sched_switch: prev_comm=main prev_pid=29174 prev_prio=120 prev_state=S ==> next_comm=Signal Catcher next_pid=29183 next_prio=120
            adbd-2833  [000] ...2  9228.141758: sched_switch: prev_comm=adbd prev_pid=2833 prev_prio=120 prev_state=R+ ==> next_comm=adbd next_pid=2835 next_prio=120
            adbd-2835  [000] ...2  9228.141779: sched_switch: prev_comm=adbd prev_pid=2835 prev_prio=120 prev_state=S ==> next_comm=adbd next_pid=2833 next_prio=120
           <...>-29183 [001] ...3  9228.141802: sched_switch: prev_comm=Signal Catcher prev_pid=29183 prev_prio=120 prev_state=x ==> next_comm=main next_pid=29174 next_prio=120
            adbd-2833  [000] ...2  9228.141803: sched_switch: prev_comm=adbd prev_pid=2833 prev_prio=120 prev_state=R+ ==> next_comm=adbd next_pid=2836 next_prio=120
           <...>-29174 [001] ...2  9228.141827: sched_switch: prev_comm=main prev_pid=29174 prev_prio=120 prev_state=S ==> next_comm=swapper/1 next_pid=0 next_prio=120
            adbd-2836  [000] ...2  9228.141842: sched_switch: prev_comm=adbd prev_pid=2836 prev_prio=120 prev_state=S ==> next_comm=adbd next_pid=2833 next_prio=120
            adbd-2833  [000] ...2  9228.141901: sched_switch: prev_comm=adbd prev_pid=2833 prev_prio=120 prev_state=R+ ==> next_comm=adbd next_pid=2835 next_prio=120
            adbd-2835  [000] ...2  9228.141992: sched_switch: prev_comm=adbd prev_pid=2835 prev_prio=120 prev_state=S ==> next_comm=adbd next_pid=2836 next_prio=120
            adbd-2836  [000] ...2  9228.142030: sched_switch: prev_comm=adbd prev_pid=2836 prev_prio=120 prev_state=S ==> next_comm=adbd next_pid=2833 next_prio=120
            adbd-2833  [000] ...2  9228.142098: sched_switch: prev_comm=adbd prev_pid=2833 prev_prio=120 prev_state=R+ ==> next_comm=adbd next_pid=2835 next_prio=120
            adbd-2835  [000] ...2  9228.142148: sched_switch: prev_comm=adbd prev_pid=2835 prev_prio=120 prev_state=S ==> next_comm=adbd next_pid=2833 next_prio=120
            adbd-2833  [000] ...2  9228.142236: sched_switch: prev_comm=adbd prev_pid=2833 prev_prio=120 prev_state=R+ ==> next_comm=adbd next_pid=2835 next_prio=120
            adbd-2835  [000] ...2  9228.142245: sched_switch: prev_comm=adbd prev_pid=2835 prev_prio=120 prev_state=S ==> next_comm=adbd next_pid=2833 next_prio=120
            adbd-2833  [000] ...2  9228.142293: sched_switch: prev_comm=adbd prev_pid=2833 prev_prio=120 prev_state=R+ ==> next_comm=adbd next_pid=2835 next_prio=120
            adbd-2835  [000] ...2  9228.142370: sched_switch: prev_comm=adbd prev_pid=2835 prev_prio=120 prev_state=S ==> next_comm=adbd next_pid=2836 next_prio=120
            adbd-2836  [000] ...2  9228.142408: sched_switch: prev_comm=adbd prev_pid=2836 prev_prio=120 prev_state=S ==> next_comm=adbd next_pid=2833 next_prio=120
            adbd-2833  [000] ...2  9228.142488: sched_switch: prev_comm=adbd prev_pid=2833 prev_prio=120 prev_state=R+ ==> next_comm=adbd next_pid=2835 next_prio=120
            adbd-2835  [000] ...2  9228.142497: sched_switch: prev_comm=adbd prev_pid=2835 prev_prio=120 prev_state=S ==> next_comm=Binder_8 next_pid=1156 next_prio=120
        Binder_8-1156  [000] ...2  9228.142554: sched_switch: prev_comm=Binder_8 prev_pid=1156 prev_prio=120 prev_state=R ==> next_comm=adbd next_pid=2836 next_prio=120
            adbd-2836  [000] ...2  9228.142603: sched_switch: prev_comm=adbd prev_pid=2836 prev_prio=120 prev_state=S ==> next_comm=adbd next_pid=2833 next_prio=120
            adbd-2833  [000] ...2  9228.142685: sched_switch: prev_comm=adbd prev_pid=2833 prev_prio=120 prev_state=R+ ==> next_comm=adbd next_pid=2835 next_prio=120
            adbd-2835  [000] ...2  9228.142694: sched_switch: prev_comm=adbd prev_pid=2835 prev_prio=120 prev_state=S ==> next_comm=Binder_8 next_pid=1156 next_prio=120
        Binder_8-1156  [000] ...2  9228.142781: sched_switch: prev_comm=Binder_8 prev_pid=1156 prev_prio=120 prev_state=R ==> next_comm=adbd next_pid=2836 next_prio=120
            adbd-2836  [000] ...2  9228.142850: sched_switch: prev_comm=adbd prev_pid=2836 prev_prio=120 prev_state=R+ ==> next_comm=kworker/0:0H next_pid=21073 next_prio=100
          <idle>-0     [001] ...2  9228.142851: sched_switch: prev_comm=swapper/1 prev_pid=0 prev_prio=120 prev_state=R ==> next_comm=ksoftirqd/1 next_pid=29163 next_prio=120
           <...>-29163 [001] ...2  9228.142863: sched_switch: prev_comm=ksoftirqd/1 prev_pid=29163 prev_prio=120 prev_state=S ==> next_comm=swapper/1 next_pid=0 next_prio=120
          <idle>-0     [001] ...2  9228.142875: sched_switch: prev_comm=swapper/1 prev_pid=0 prev_prio=120 prev_state=R ==> next_comm=ksoftirqd/1 next_pid=29163 next_prio=120
    kworker/0:0H-21073 [000] ...2  9228.142882: sched_switch: prev_comm=kworker/0:0H prev_pid=21073 prev_prio=100 prev_state=D ==> next_comm=kworker/0:3H next_pid=18917 next_prio=100
           <...>-29163 [001] ...2  9228.142885: sched_switch: prev_comm=ksoftirqd/1 prev_pid=29163 prev_prio=120 prev_state=S ==> next_comm=swapper/1 next_pid=0 next_prio=120
          <idle>-0     [001] ...2  9228.142896: sched_switch: prev_comm=swapper/1 prev_pid=0 prev_prio=120 prev_state=R ==> next_comm=ksoftirqd/1 next_pid=29163 next_prio=120
           <...>-29163 [001] ...2  9228.142911: sched_switch: prev_comm=ksoftirqd/1 prev_pid=29163 prev_prio=120 prev_state=S ==> next_comm=swapper/1 next_pid=0 next_prio=120
    kworker/0:3H-18917 [000] ...2  9228.142915: sched_switch: prev_comm=kworker/0:3H prev_pid=18917 prev_prio=100 prev_state=S ==> next_comm=kworker/0:0H next_pid=21073 next_prio=100
    kworker/0:0H-21073 [000] ...2  9228.142927: sched_switch: prev_comm=kworker/0:0H prev_pid=21073 prev_prio=100 prev_state=S ==> next_comm=adbd next_pid=2836 next_prio=120
            adbd-2836  [000] ...2  9228.142949: sched_switch: prev_comm=adbd prev_pid=2836 prev_prio=120 prev_state=S ==> next_comm=adbd next_pid=2833 next_prio=120
            adbd-2833  [000] ...2  9228.143029: sched_switch: prev_comm=adbd prev_pid=2833 prev_prio=120 prev_state=R+ ==> next_comm=adbd next_pid=2835 next_prio=120
            adbd-2835  [000] ...2  9228.143038: sched_switch: prev_comm=adbd prev_pid=2835 prev_prio=120 prev_state=S ==> next_comm=Binder_8 next_pid=1156 next_prio=120
        Binder_8-1156  [000] ...2  9228.143296: sched_switch: prev_comm=Binder_8 prev_pid=1156 prev_prio=120 prev_state=R+ ==> next_comm=InputDispatcher next_pid=794 next_prio=112
           <...>-794   [000] ...2  9228.143347: sched_switch: prev_comm=InputDispatcher prev_pid=794 prev_prio=112 prev_state=S ==> next_comm=adbd next_pid=2833 next_prio=120
            adbd-2833  [000] ...2  9228.143429: sched_switch: prev_comm=adbd prev_pid=2833 prev_prio=120 prev_state=R+ ==> next_comm=adbd next_pid=2835 next_prio=120
            adbd-2835  [000] ...2  9228.143438: sched_switch: prev_comm=adbd prev_pid=2835 prev_prio=120 prev_state=S ==> next_comm=adbd next_pid=2833 next_prio=120
            adbd-2833  [000] ...2  9228.143513: sched_switch: prev_comm=adbd prev_pid=2833 prev_prio=120 prev_state=R+ ==> next_comm=adbd next_pid=2835 next_prio=120
            adbd-2835  [000] ...2  9228.143523: sched_switch: prev_comm=adbd prev_pid=2835 prev_prio=120 prev_state=S ==> next_comm=adbd next_pid=2833 next_prio=120
            adbd-2833  [000] ...2  9228.143611: sched_switch: prev_comm=adbd prev_pid=2833 prev_prio=120 prev_state=S ==> next_comm=Binder_8 next_pid=1156 next_prio=120
        Binder_8-1156  [000] ...2  9228.143764: sched_switch: prev_comm=Binder_8 prev_pid=1156 prev_prio=120 prev_state=R+ ==> next_comm=Binder_1 next_pid=232 next_prio=120
           <...>-232   [000] ...2  9228.143776: sched_switch: prev_comm=Binder_1 prev_pid=232 prev_prio=120 prev_state=D ==> next_comm=Binder_8 next_pid=1156 next_prio=120
        Binder_8-1156  [000] ...2  9228.143790: sched_switch: prev_comm=Binder_8 prev_pid=1156 prev_prio=120 prev_state=R+ ==> next_comm=Binder_1 next_pid=232 next_prio=120
           <...>-232   [000] ...2  9228.143934: sched_switch: prev_comm=Binder_1 prev_pid=232 prev_prio=120 prev_state=S ==> next_comm=Binder_8 next_pid=1156 next_prio=120
          <idle>-0     [001] ...2  9228.144029: sched_switch: prev_comm=swapper/1 prev_pid=0 prev_prio=120 prev_state=R ==> next_comm=android.display next_pid=774 next_prio=116
        Binder_8-1156  [000] ...2  9228.144137: sched_switch: prev_comm=Binder_8 prev_pid=1156 prev_prio=120 prev_state=R+ ==> next_comm=Binder_4 next_pid=1412 next_prio=120
           <...>-774   [001] ...2  9228.144153: sched_switch: prev_comm=android.display prev_pid=774 prev_prio=116 prev_state=S ==> next_comm=swapper/1 next_pid=0 next_prio=120
           <...>-1412  [000] ...2  9228.144239: sched_switch: prev_comm=Binder_4 prev_pid=1412 prev_prio=116 prev_state=S ==> next_comm=surfaceflinger next_pid=172 next_prio=112
           <...>-172   [000] ...2  9228.144458: sched_switch: prev_comm=surfaceflinger prev_pid=172 prev_prio=112 prev_state=S ==> next_comm=EventThread next_pid=347 next_prio=111
           <...>-347   [000] ...2  9228.144551: sched_switch: prev_comm=EventThread prev_pid=347 prev_prio=111 prev_state=S ==> next_comm=Binder_3 next_pid=876 next_prio=120
           <...>-876   [000] ...2  9228.144678: sched_switch: prev_comm=Binder_3 prev_pid=876 prev_prio=120 prev_state=S ==> next_comm=DispSync next_pid=233 next_prio=111
           <...>-233   [000] ...2  9228.144704: sched_switch: prev_comm=DispSync prev_pid=233 prev_prio=111 prev_state=S ==> next_comm=Binder_4 next_pid=1412 next_prio=116
          <idle>-0     [001] ...2  9228.144856: sched_switch: prev_comm=swapper/1 prev_pid=0 prev_prio=120 prev_state=R ==> next_comm=android.display next_pid=774 next_prio=116
           <...>-1412  [000] ...2  9228.144898: sched_switch: prev_comm=Binder_4 prev_pid=1412 prev_prio=120 prev_state=S ==> next_comm=Binder_8 next_pid=1156 next_prio=120
        Binder_8-1156  [000] ...2  9228.144999: sched_switch: prev_comm=Binder_8 prev_pid=1156 prev_prio=120 prev_state=S ==> next_comm=Binder_5 next_pid=1592 next_prio=120
           <...>-774   [001] ...2  9228.145007: sched_switch: prev_comm=android.display prev_pid=774 prev_prio=116 prev_state=S ==> next_comm=swapper/1 next_pid=0 next_prio=120
          <idle>-0     [001] ...2  9228.145126: sched_switch: prev_comm=swapper/1 prev_pid=0 prev_prio=120 prev_state=R ==> next_comm=android.display next_pid=774 next_prio=116
           <...>-1592  [000] ...2  9228.145161: sched_switch: prev_comm=Binder_5 prev_pid=1592 prev_prio=120 prev_state=S ==> next_comm=swapper/0 next_pid=0 next_prio=120
          <idle>-0     [000] ...2  9228.145188: sched_switch: prev_comm=swapper/0 prev_pid=0 prev_prio=120 prev_state=R ==> next_comm=ksoftirqd/0 next_pid=3 next_prio=120
     ksoftirqd/0-3     [000] ...2  9228.145209: sched_switch: prev_comm=ksoftirqd/0 prev_pid=3 prev_prio=120 prev_state=S ==> next_comm=swapper/0 next_pid=0 next_prio=120
          <idle>-0     [000] ...2  9228.145233: sched_switch: prev_comm=swapper/0 prev_pid=0 prev_prio=120 prev_state=R ==> next_comm=ksoftirqd/0 next_pid=3 next_prio=120
     ksoftirqd/0-3     [000] ...2  9228.145247: sched_switch: prev_comm=ksoftirqd/0 prev_pid=3 prev_prio=120 prev_state=S ==> next_comm=swapper/0 next_pid=0 next_prio=120
          <idle>-0     [000] ...2  9228.145270: sched_switch: prev_comm=swapper/0 prev_pid=0 prev_prio=120 prev_state=R ==> next_comm=ksoftirqd/0 next_pid=3 next_prio=120
     ksoftirqd/0-3     [000] ...2  9228.145284: sched_switch: prev_comm=ksoftirqd/0 prev_pid=3 prev_prio=120 prev_state=S ==> next_comm=swapper/0 next_pid=0 next_prio=120
           <...>-774   [001] ...2  9228.145413: sched_switch: prev_comm=android.display prev_pid=774 prev_prio=116 prev_state=S ==> next_comm=swapper/1 next_pid=0 next_prio=120
          <idle>-0     [000] ...2  9228.145414: sched_switch: prev_comm=swapper/0 prev_pid=0 prev_prio=120 prev_state=R ==> next_comm=Binder_3 next_pid=430 next_prio=120
           <...>-430   [000] ...2  9228.145512: sched_switch: prev_comm=Binder_3 prev_pid=430 prev_prio=116 prev_state=S ==> next_comm=swapper/0 next_pid=0 next_prio=120
          <idle>-0     [001] ...2  9228.146333: sched_switch: prev_comm=swapper/1 prev_pid=0 prev_prio=120 prev_state=R ==> next_comm=logcat next_pid=8970 next_prio=120
          logcat-8970  [001] ...2  9228.146354: sched_switch: prev_comm=logcat prev_pid=8970 prev_prio=120 prev_state=S ==> next_comm=swapper/1 next_pid=0 next_prio=120
          <idle>-0     [001] ...2  9228.146434: sched_switch: prev_comm=swapper/1 prev_pid=0 prev_prio=120 prev_state=R ==> next_comm=logcat next_pid=5462 next_prio=120
          logcat-5462  [001] ...2  9228.146453: sched_switch: prev_comm=logcat prev_pid=5462 prev_prio=120 prev_state=S ==> next_comm=swapper/1 next_pid=0 next_prio=120
          <idle>-0     [001] ...2  9228.146538: sched_switch: prev_comm=swapper/1 prev_pid=0 prev_prio=120 prev_state=R ==> next_comm=logcat next_pid=18670 next_prio=120
          logcat-18670 [001] ...2  9228.146556: sched_switch: prev_comm=logcat prev_pid=18670 prev_prio=120 prev_state=S ==> next_comm=swapper/1 next_pid=0 next_prio=120
          <idle>-0     [001] ...2  9228.152840: sched_switch: prev_comm=swapper/1 prev_pid=0 prev_prio=120 prev_state=R ==> next_comm=ksoftirqd/1 next_pid=29163 next_prio=120
          <idle>-0     [000] ...2  9228.152847: sched_switch: prev_comm=swapper/0 prev_pid=0 prev_prio=120 prev_state=R ==> next_comm=ksoftirqd/0 next_pid=3 next_prio=120
           <...>-29163 [001] ...2  9228.152849: sched_switch: prev_comm=ksoftirqd/1 prev_pid=29163 prev_prio=120 prev_state=S ==> next_comm=swapper/1 next_pid=0 next_prio=120
          <idle>-0     [001] ...2  9228.152863: sched_switch: prev_comm=swapper/1 prev_pid=0 prev_prio=120 prev_state=R ==> next_comm=ksoftirqd/1 next_pid=29163 next_prio=120
           <...>-29163 [001] ...2  9228.152941: sched_switch: prev_comm=ksoftirqd/1 prev_pid=29163 prev_prio=120 prev_state=S ==> next_comm=swapper/1 next_pid=0 next_prio=120
     ksoftirqd/0-3     [000] ...2  9228.152981: sched_switch: prev_comm=ksoftirqd/0 prev_pid=3 prev_prio=120 prev_state=S ==> next_comm=DispSync next_pid=233 next_prio=111
           <...>-233   [000] ...2  9228.153026: sched_switch: prev_comm=DispSync prev_pid=233 prev_prio=111 prev_state=S ==> next_comm=EventThread next_pid=347 next_prio=111
           <...>-347   [000] ...2  9228.153075: sched_switch: prev_comm=EventThread prev_pid=347 prev_prio=111 prev_state=S ==> next_comm=kworker/0:1 next_pid=26762 next_prio=120
     kworker/0:1-26762 [000] ...2  9228.153091: sched_switch: prev_comm=kworker/0:1 prev_pid=26762 prev_prio=120 prev_state=S ==> next_comm=surfaceflinger next_pid=172 next_prio=112
           <...>-172   [000] ...2  9228.154624: sched_switch: prev_comm=surfaceflinger prev_pid=172 prev_prio=112 prev_state=D ==> next_comm=Binder_3 next_pid=430 next_prio=116
          <idle>-0     [001] ...2  9228.154679: sched_switch: prev_comm=swapper/1 prev_pid=0 prev_prio=120 prev_state=R ==> next_comm=android.display next_pid=774 next_prio=116
           <...>-430   [000] ...2  9228.154722: sched_switch: prev_comm=Binder_3 prev_pid=430 prev_prio=120 prev_state=R ==> next_comm=kworker/u:0H next_pid=7 next_prio=100
    kworker/u:0H-7     [000] ...2  9228.154751: sched_switch: prev_comm=kworker/u:0H prev_pid=7 prev_prio=100 prev_state=D ==> next_comm=Binder_3 next_pid=430 next_prio=120
           <...>-430   [000] ...2  9228.154791: sched_switch: prev_comm=Binder_3 prev_pid=430 prev_prio=120 prev_state=S ==> next_comm=surfaceflinger next_pid=172 next_prio=112
           <...>-172   [000] ...2  9228.154873: sched_switch: prev_comm=surfaceflinger prev_pid=172 prev_prio=112 prev_state=D ==> next_comm=swapper/0 next_pid=0 next_prio=120
          <idle>-0     [000] ...2  9228.154897: sched_switch: prev_comm=swapper/0 prev_pid=0 prev_prio=120 prev_state=R ==> next_comm=ksoftirqd/0 next_pid=3 next_prio=120
     ksoftirqd/0-3     [000] ...2  9228.154911: sched_switch: prev_comm=ksoftirqd/0 prev_pid=3 prev_prio=120 prev_state=S ==> next_comm=swapper/0 next_pid=0 next_prio=120
          <idle>-0     [000] ...2  9228.154932: sched_switch: prev_comm=swapper/0 prev_pid=0 prev_prio=120 prev_state=R ==> next_comm=ksoftirqd/0 next_pid=3 next_prio=120
     ksoftirqd/0-3     [000] ...2  9228.154945: sched_switch: prev_comm=ksoftirqd/0 prev_pid=3 prev_prio=120 prev_state=S ==> next_comm=swapper/0 next_pid=0 next_prio=120
          <idle>-0     [000] ...2  9228.155045: sched_switch: prev_comm=swapper/0 prev_pid=0 prev_prio=120 prev_state=R ==> next_comm=kworker/u:0H next_pid=7 next_prio=100
    kworker/u:0H-7     [000] ...2  9228.155071: sched_switch: prev_comm=kworker/u:0H prev_pid=7 prev_prio=100 prev_state=D ==> next_comm=InputDispatcher next_pid=794 next_prio=112
           <...>-774   [001] ...2  9228.155082: sched_switch: prev_comm=android.display prev_pid=774 prev_prio=116 prev_state=S ==> next_comm=Binder_2 next_pid=234 next_prio=120
           <...>-794   [000] ...2  9228.155117: sched_switch: prev_comm=InputDispatcher prev_pid=794 prev_prio=112 prev_state=S ==> next_comm=surfaceflinger next_pid=172 next_prio=112
           <...>-234   [001] ...2  9228.155174: sched_switch: prev_comm=Binder_2 prev_pid=234 prev_prio=120 prev_state=S ==> next_comm=android.display next_pid=774 next_prio=116
           <...>-172   [000] ...2  9228.155177: sched_switch: prev_comm=surfaceflinger prev_pid=172 prev_prio=112 prev_state=D ==> next_comm=swapper/0 next_pid=0 next_prio=120
           <...>-774   [001] ...2  9228.155337: sched_switch: prev_comm=android.display prev_pid=774 prev_prio=116 prev_state=S ==> next_comm=Binder_1 next_pid=232 next_prio=120
          <idle>-0     [000] ...2  9228.155339: sched_switch: prev_comm=swapper/0 prev_pid=0 prev_prio=120 prev_state=R ==> next_comm=kworker/u:0H next_pid=7 next_prio=100
    kworker/u:0H-7     [000] ...2  9228.155365: sched_switch: prev_comm=kworker/u:0H prev_pid=7 prev_prio=100 prev_state=D ==> next_comm=surfaceflinger next_pid=172 next_prio=112
           <...>-232   [001] ...2  9228.155405: sched_switch: prev_comm=Binder_1 prev_pid=232 prev_prio=120 prev_state=S ==> next_comm=android.display next_pid=774 next_prio=116
           <...>-172   [000] ...2  9228.155466: sched_switch: prev_comm=surfaceflinger prev_pid=172 prev_prio=112 prev_state=R+ ==> next_comm=DispSync next_pid=233 next_prio=111
           <...>-233   [000] ...2  9228.155510: sched_switch: prev_comm=DispSync prev_pid=233 prev_prio=111 prev_state=S ==> next_comm=EventThread next_pid=345 next_prio=111
