            main-2261  [000] ...2   138.270479: sched_switch: prev_comm=main prev_pid=2261 prev_prio=120 prev_state=R+ ==> next_comm=mmcqd/1 next_pid=116 next_prio=120
         mmcqd/1-116   [000] ...2   138.270534: sched_switch: prev_comm=mmcqd/1 prev_pid=116 prev_prio=120 prev_state=S ==> next_comm=main next_pid=2261 next_prio=120
            main-2261  [000] ...2   138.270540: sched_switch: prev_comm=main prev_pid=2261 prev_prio=120 prev_state=D|W ==> next_comm=swapper/0 next_pid=0 next_prio=120
          <idle>-0     [000] ...2   138.270855: sched_switch: prev_comm=swapper/0 prev_pid=0 prev_prio=120 prev_state=R ==> next_comm=mmcqd/1 next_pid=116 next_prio=120
         mmcqd/1-116   [000] ...1   138.270886: block_rq_complete: 179,0 RA () 4026240 + 32 [0]
         mmcqd/1-116   [000] ...2   138.270909: sched_switch: prev_comm=mmcqd/1 prev_pid=116 prev_prio=120 prev_state=S ==> next_comm=swapper/0 next_pid=0 next_prio=120
          <idle>-0     [000] ...2   138.271140: sched_switch: prev_comm=swapper/0 prev_pid=0 prev_prio=120 prev_state=R ==> next_comm=mmcqd/1 next_pid=116 next_prio=120
         mmcqd/1-116   [000] ...1   138.271168: block_rq_complete: 179,0 RA () 4026288 + 16 [0]
         mmcqd/1-116   [000] ...2   138.271180: sched_switch: prev_comm=mmcqd/1 prev_pid=116 prev_prio=120 prev_state=S ==> next_comm=swapper/0 next_pid=0 next_prio=120
          <idle>-0     [000] ...2   138.271605: sched_switch: prev_comm=swapper/0 prev_pid=0 prev_prio=120 prev_state=R ==> next_comm=mmcqd/1 next_pid=116 next_prio=120
         mmcqd/1-116   [000] ...1   138.271616: block_rq_complete: 179,0 RA () 4026360 + 16 [0]
         mmcqd/1-116   [000] ...2   138.271633: sched_switch: prev_comm=mmcqd/1 prev_pid=116 prev_prio=120 prev_state=R+ ==> next_comm=kworker/0:1H next_pid=17 next_prio=100
    kworker/0:1H-17    [000] ...2   138.271641: sched_switch: prev_comm=kworker/0:1H prev_pid=17 prev_prio=100 prev_state=S ==> next_comm=mmcqd/1 next_pid=116 next_prio=120
         mmcqd/1-116   [000] ...2   138.271650: sched_switch: prev_comm=mmcqd/1 prev_pid=116 prev_prio=120 prev_state=S ==> next_comm=main next_pid=2261 next_prio=120
            main-2261  [000] d..2   138.272728: block_rq_insert: 179,0 R 0 () 4028944 + 256 [main]
            main-2261  [000] ...2   138.272740: sched_switch: prev_comm=main prev_pid=2261 prev_prio=120 prev_state=R+ ==> next_comm=mmcqd/1 next_pid=116 next_prio=120
         mmcqd/1-116   [000] ...2   138.272848: sched_switch: prev_comm=mmcqd/1 prev_pid=116 prev_prio=120 prev_state=S ==> next_comm=main next_pid=2261 next_prio=120
            main-2261  [000] d..2   138.273205: block_rq_insert: 179,0 R 0 () 4026808 + 8 [main]
            main-2261  [000] ...2   138.273216: sched_switch: prev_comm=main prev_pid=2261 prev_prio=120 prev_state=R+ ==> next_comm=mmcqd/1 next_pid=116 next_prio=120
         mmcqd/1-116   [000] ...2   138.273233: sched_switch: prev_comm=mmcqd/1 prev_pid=116 prev_prio=120 prev_state=S ==> next_comm=main next_pid=2261 next_prio=120
            main-2261  [000] ...2   138.273239: sched_switch: prev_comm=main prev_pid=2261 prev_prio=120 prev_state=D|W ==> next_comm=swapper/0 next_pid=0 next_prio=120
          <idle>-0     [000] ...2   138.274324: sched_switch: prev_comm=swapper/0 prev_pid=0 prev_prio=120 prev_state=R ==> next_comm=mmcqd/1 next_pid=116 next_prio=120
         mmcqd/1-116   [000] ...1   138.274406: block_rq_complete: 179,0 RA () 4028944 + 256 [0]
         mmcqd/1-116   [000] ...2   138.274431: sched_switch: prev_comm=mmcqd/1 prev_pid=116 prev_prio=120 prev_state=S ==> next_comm=swapper/0 next_pid=0 next_prio=120
          <idle>-0     [000] ...2   138.274576: sched_switch: prev_comm=swapper/0 prev_pid=0 prev_prio=120 prev_state=R ==> next_comm=mmcqd/1 next_pid=116 next_prio=120
         mmcqd/1-116   [000] ...1   138.274586: block_rq_complete: 179,0 RA () 4026808 + 8 [0]
         mmcqd/1-116   [000] ...2   138.274603: sched_switch: prev_comm=mmcqd/1 prev_pid=116 prev_prio=120 prev_state=R+ ==> next_comm=kworker/0:1H next_pid=17 next_prio=100
    kworker/0:1H-17    [000] ...2   138.274611: sched_switch: prev_comm=kworker/0:1H prev_pid=17 prev_prio=100 prev_state=S ==> next_comm=mmcqd/1 next_pid=116 next_prio=120
         mmcqd/1-116   [000] ...2   138.274620: sched_switch: prev_comm=mmcqd/1 prev_pid=116 prev_prio=120 prev_state=S ==> next_comm=main next_pid=2261 next_prio=120
            main-2261  [000] d..2   138.276302: block_rq_insert: 179,0 R 0 () 4009736 + 8 [main]
            main-2261  [000] d..2   138.276306: block_rq_insert: 179,0 R 0 () 4009824 + 8 [main]
            main-2261  [000] ...2   138.276319: sched_switch: prev_comm=main prev_pid=2261 prev_prio=120 prev_state=R+ ==> next_comm=mmcqd/1 next_pid=116 next_prio=120
         mmcqd/1-116   [000] ...2   138.276370: sched_switch: prev_comm=mmcqd/1 prev_pid=116 prev_prio=120 prev_state=S ==> next_comm=main next_pid=2261 next_prio=120
            main-2261  [000] ...2   138.276378: sched_switch: prev_comm=main prev_pid=2261 prev_prio=120 prev_state=D|W ==> next_comm=swapper/0 next_pid=0 next_prio=120
          <idle>-0     [000] ...2   138.276610: sched_switch: prev_comm=swapper/0 prev_pid=0 prev_prio=120 prev_state=R ==> next_comm=mmcqd/1 next_pid=116 next_prio=120
         mmcqd/1-116   [000] ...1   138.276636: block_rq_complete: 179,0 RA () 4009824 + 8 [0]
         mmcqd/1-116   [000] ...2   138.276650: sched_switch: prev_comm=mmcqd/1 prev_pid=116 prev_prio=120 prev_state=S ==> next_comm=swapper/0 next_pid=0 next_prio=120
          <idle>-0     [000] ...2   138.276877: sched_switch: prev_comm=swapper/0 prev_pid=0 prev_prio=120 prev_state=R ==> next_comm=mmcqd/1 next_pid=116 next_prio=120
         mmcqd/1-116   [000] ...1   138.276887: block_rq_complete: 179,0 RA () 4009736 + 8 [0]
         mmcqd/1-116   [000] ...2   138.276903: sched_switch: prev_comm=mmcqd/1 prev_pid=116 prev_prio=120 prev_state=R+ ==> next_comm=kworker/0:1H next_pid=17 next_prio=100
    kworker/0:1H-17    [000] ...2   138.276911: sched_switch: prev_comm=kworker/0:1H prev_pid=17 prev_prio=100 prev_state=S ==> next_comm=mmcqd/1 next_pid=116 next_prio=120
         mmcqd/1-116   [000] ...2   138.276921: sched_switch: prev_comm=mmcqd/1 prev_pid=116 prev_prio=120 prev_state=S ==> next_comm=main next_pid=2261 next_prio=120
            main-2261  [000] d..2   138.277883: block_rq_insert: 179,0 R 0 () 4008664 + 16 [main]
            main-2261  [000] d..2   138.277886: block_rq_insert: 179,0 R 0 () 4008712 + 8 [main]
            main-2261  [000] ...2   138.277896: sched_switch: prev_comm=main prev_pid=2261 prev_prio=120 prev_state=R+ ==> next_comm=mmcqd/1 next_pid=116 next_prio=120
         mmcqd/1-116   [000] ...2   138.277949: sched_switch: prev_comm=mmcqd/1 prev_pid=116 prev_prio=120 prev_state=S ==> next_comm=main next_pid=2261 next_prio=120
            main-2261  [000] ...2   138.277957: sched_switch: prev_comm=main prev_pid=2261 prev_prio=120 prev_state=D|W ==> next_comm=swapper/0 next_pid=0 next_prio=120
          <idle>-0     [000] ...2   138.278172: sched_switch: prev_comm=swapper/0 prev_pid=0 prev_prio=120 prev_state=R ==> next_comm=mmcqd/1 next_pid=116 next_prio=120
         mmcqd/1-116   [000] ...1   138.278199: block_rq_complete: 179,0 RA () 4008712 + 8 [0]
         mmcqd/1-116   [000] ...2   138.278214: sched_switch: prev_comm=mmcqd/1 prev_pid=116 prev_prio=120 prev_state=S ==> next_comm=swapper/0 next_pid=0 next_prio=120
          <idle>-0     [000] ...2   138.278508: sched_switch: prev_comm=swapper/0 prev_pid=0 prev_prio=120 prev_state=R ==> next_comm=mmcqd/1 next_pid=116 next_prio=120
         mmcqd/1-116   [000] ...1   138.278520: block_rq_complete: 179,0 RA () 4008664 + 16 [0]
         mmcqd/1-116   [000] ...2   138.278537: sched_switch: prev_comm=mmcqd/1 prev_pid=116 prev_prio=120 prev_state=R+ ==> next_comm=kworker/0:1H next_pid=17 next_prio=100
    kworker/0:1H-17    [000] ...2   138.278544: sched_switch: prev_comm=kworker/0:1H prev_pid=17 prev_prio=100 prev_state=S ==> next_comm=mmcqd/1 next_pid=116 next_prio=120
         mmcqd/1-116   [000] ...2   138.278554: sched_switch: prev_comm=mmcqd/1 prev_pid=116 prev_prio=120 prev_state=S ==> next_comm=main next_pid=2261 next_prio=120
          <idle>-0     [001] ...2   138.281827: sched_switch: prev_comm=swapper/1 prev_pid=0 prev_prio=120 prev_state=R ==> next_comm=main next_pid=2272 next_prio=120
            main-2261  [000] ...2   138.281858: sched_switch: prev_comm=main prev_pid=2261 prev_prio=120 prev_state=D ==> next_comm=swapper/0 next_pid=0 next_prio=120
          <idle>-0     [000] ...2   138.281871: sched_switch: prev_comm=swapper/0 prev_pid=0 prev_prio=120 prev_state=R ==> next_comm=ksoftirqd/0 next_pid=3 next_prio=120
     ksoftirqd/0-3     [000] ...2   138.281881: sched_switch: prev_comm=ksoftirqd/0 prev_pid=3 prev_prio=120 prev_state=S ==> next_comm=swapper/0 next_pid=0 next_prio=120
          <idle>-0     [000] ...2   138.281896: sched_switch: prev_comm=swapper/0 prev_pid=0 prev_prio=120 prev_state=R ==> next_comm=ksoftirqd/0 next_pid=3 next_prio=120
     ksoftirqd/0-3     [000] ...2   138.281903: sched_switch: prev_comm=ksoftirqd/0 prev_pid=3 prev_prio=120 prev_state=S ==> next_comm=main next_pid=2261 next_prio=120
            main-2261  [000] d..2   138.282118: block_rq_insert: 179,0 R 0 () 4008840 + 8 [main]
            main-2261  [000] d..2   138.282123: block_rq_insert: 179,0 R 0 () 4008920 + 48 [main]
            main-2261  [000] ...2   138.282134: sched_switch: prev_comm=main prev_pid=2261 prev_prio=120 prev_state=R+ ==> next_comm=mmcqd/1 next_pid=116 next_prio=120
         mmcqd/1-116   [000] ...2   138.282201: sched_switch: prev_comm=mmcqd/1 prev_pid=116 prev_prio=120 prev_state=S ==> next_comm=main next_pid=2261 next_prio=120
            main-2261  [000] ...2   138.282207: sched_switch: prev_comm=main prev_pid=2261 prev_prio=120 prev_state=D|W ==> next_comm=swapper/0 next_pid=0 next_prio=120
          <idle>-0     [000] ...2   138.282218: sched_switch: prev_comm=swapper/0 prev_pid=0 prev_prio=120 prev_state=R ==> next_comm=ksoftirqd/0 next_pid=3 next_prio=120
     ksoftirqd/0-3     [000] ...2   138.282224: sched_switch: prev_comm=ksoftirqd/0 prev_pid=3 prev_prio=120 prev_state=S ==> next_comm=swapper/0 next_pid=0 next_prio=120
          <idle>-0     [000] ...2   138.282412: sched_switch: prev_comm=swapper/0 prev_pid=0 prev_prio=120 prev_state=R ==> next_comm=mmcqd/1 next_pid=116 next_prio=120
         mmcqd/1-116   [000] ...1   138.282438: block_rq_complete: 179,0 RA () 4008840 + 8 [0]
         mmcqd/1-116   [000] ...2   138.282456: sched_switch: prev_comm=mmcqd/1 prev_pid=116 prev_prio=120 prev_state=S ==> next_comm=main next_pid=2261 next_prio=120
            main-2261  [000] ...2   138.282576: sched_switch: prev_comm=main prev_pid=2261 prev_prio=120 prev_state=D ==> next_comm=swapper/0 next_pid=0 next_prio=120
          <idle>-0     [000] ...2   138.282583: sched_switch: prev_comm=swapper/0 prev_pid=0 prev_prio=120 prev_state=R ==> next_comm=main next_pid=2261 next_prio=120
            main-2261  [000] d..2   138.282648: block_rq_insert: 179,0 R 0 () 4123736 + 8 [main]
            main-2261  [000] d..2   138.282650: block_rq_insert: 179,0 R 0 () 4123816 + 32 [main]
            main-2261  [000] ...2   138.282661: sched_switch: prev_comm=main prev_pid=2261 prev_prio=120 prev_state=R+ ==> next_comm=mmcqd/1 next_pid=116 next_prio=120
         mmcqd/1-116   [000] ...2   138.282678: sched_switch: prev_comm=mmcqd/1 prev_pid=116 prev_prio=120 prev_state=S ==> next_comm=main next_pid=2261 next_prio=120
            main-2261  [000] ...2   138.282684: sched_switch: prev_comm=main prev_pid=2261 prev_prio=120 prev_state=D|W ==> next_comm=swapper/0 next_pid=0 next_prio=120
          <idle>-0     [000] ...2   138.282884: sched_switch: prev_comm=swapper/0 prev_pid=0 prev_prio=120 prev_state=R ==> next_comm=Binder_1 next_pid=2273 next_prio=120
        Binder_1-2272  [001] ...2   138.282909: sched_switch: prev_comm=Binder_1 prev_pid=2272 prev_prio=120 prev_state=S ==> next_comm=swapper/1 next_pid=0 next_prio=120
          <idle>-0     [001] ...2   138.282935: sched_switch: prev_comm=swapper/1 prev_pid=0 prev_prio=120 prev_state=R ==> next_comm=ksoftirqd/1 next_pid=2256 next_prio=120
     ksoftirqd/1-2256  [001] ...2   138.282950: sched_switch: prev_comm=ksoftirqd/1 prev_pid=2256 prev_prio=120 prev_state=S ==> next_comm=swapper/1 next_pid=0 next_prio=120
          <idle>-0     [001] ...2   138.282973: sched_switch: prev_comm=swapper/1 prev_pid=0 prev_prio=120 prev_state=R ==> next_comm=ksoftirqd/1 next_pid=2256 next_prio=120
     ksoftirqd/1-2256  [001] ...2   138.282987: sched_switch: prev_comm=ksoftirqd/1 prev_pid=2256 prev_prio=120 prev_state=S ==> next_comm=swapper/1 next_pid=0 next_prio=120
        Binder_2-2273  [000] ...2   138.282997: sched_switch: prev_comm=Binder_2 prev_pid=2273 prev_prio=120 prev_state=R+ ==> next_comm=mmcqd/1 next_pid=116 next_prio=120
          <idle>-0     [001] ...2   138.283009: sched_switch: prev_comm=swapper/1 prev_pid=0 prev_prio=120 prev_state=R ==> next_comm=ksoftirqd/1 next_pid=2256 next_prio=120
     ksoftirqd/1-2256  [001] ...2   138.283027: sched_switch: prev_comm=ksoftirqd/1 prev_pid=2256 prev_prio=120 prev_state=S ==> next_comm=swapper/1 next_pid=0 next_prio=120
         mmcqd/1-116   [000] ...1   138.283032: block_rq_complete: 179,0 RA () 4008920 + 48 [0]
         mmcqd/1-116   [000] ...2   138.283060: sched_switch: prev_comm=mmcqd/1 prev_pid=116 prev_prio=120 prev_state=S ==> next_comm=Binder_2 next_pid=2273 next_prio=120
        Binder_2-2273  [000] ...2   138.283269: sched_switch: prev_comm=Binder_2 prev_pid=2273 prev_prio=120 prev_state=R+ ==> next_comm=mmcqd/1 next_pid=116 next_prio=120
         mmcqd/1-116   [000] ...1   138.283295: block_rq_complete: 179,0 RA () 4123736 + 8 [0]
         mmcqd/1-116   [000] ...2   138.283306: sched_switch: prev_comm=mmcqd/1 prev_pid=116 prev_prio=120 prev_state=S ==> next_comm=Binder_2 next_pid=2273 next_prio=120
        Binder_2-2273  [000] ...2   138.283501: sched_switch: prev_comm=Binder_2 prev_pid=2273 prev_prio=120 prev_state=S ==> next_comm=swapper/0 next_pid=0 next_prio=120
          <idle>-0     [000] ...2   138.283693: sched_switch: prev_comm=swapper/0 prev_pid=0 prev_prio=120 prev_state=R ==> next_comm=mmcqd/1 next_pid=116 next_prio=120
         mmcqd/1-116   [000] ...1   138.283709: block_rq_complete: 179,0 RA () 4123816 + 32 [0]
         mmcqd/1-116   [000] ...2   138.283729: sched_switch: prev_comm=mmcqd/1 prev_pid=116 prev_prio=120 prev_state=R+ ==> next_comm=kworker/0:1H next_pid=17 next_prio=100
    kworker/0:1H-17    [000] ...2   138.283738: sched_switch: prev_comm=kworker/0:1H prev_pid=17 prev_prio=100 prev_state=S ==> next_comm=main next_pid=2261 next_prio=120
            main-2261  [000] d..2   138.283784: block_rq_insert: 179,0 R 0 () 4084528 + 24 [main]
            main-2261  [000] ...2   138.283792: sched_switch: prev_comm=main prev_pid=2261 prev_prio=120 prev_state=D|W ==> next_comm=mmcqd/1 next_pid=116 next_prio=120
         mmcqd/1-116   [000] ...2   138.283838: sched_switch: prev_comm=mmcqd/1 prev_pid=116 prev_prio=120 prev_state=S ==> next_comm=swapper/0 next_pid=0 next_prio=120
          <idle>-0     [000] ...2   138.284197: sched_switch: prev_comm=swapper/0 prev_pid=0 prev_prio=120 prev_state=R ==> next_comm=mmcqd/1 next_pid=116 next_prio=120
         mmcqd/1-116   [000] ...1   138.284210: block_rq_complete: 179,0 RA () 4084528 + 24 [0]
         mmcqd/1-116   [000] ...2   138.284227: sched_switch: prev_comm=mmcqd/1 prev_pid=116 prev_prio=120 prev_state=R+ ==> next_comm=kworker/0:1H next_pid=17 next_prio=100
    kworker/0:1H-17    [000] ...2   138.284234: sched_switch: prev_comm=kworker/0:1H prev_pid=17 prev_prio=100 prev_state=S ==> next_comm=main next_pid=2261 next_prio=120
            main-2261  [000] ...2   138.284296: sched_switch: prev_comm=main prev_pid=2261 prev_prio=120 prev_state=S ==> next_comm=mmcqd/1 next_pid=116 next_prio=120
          <idle>-0     [001] ...2   138.284297: sched_switch: prev_comm=swapper/1 prev_pid=0 prev_prio=120 prev_state=R ==> next_comm=servicemanager next_pid=168 next_prio=120
         mmcqd/1-116   [000] ...2   138.284306: sched_switch: prev_comm=mmcqd/1 prev_pid=116 prev_prio=120 prev_state=S ==> next_comm=swapper/0 next_pid=0 next_prio=120
          <idle>-0     [000] ...2   138.284333: sched_switch: prev_comm=swapper/0 prev_pid=0 prev_prio=120 prev_state=R ==> next_comm=main next_pid=2261 next_prio=120
  servicemanager-168   [001] ...2   138.284355: sched_switch: prev_comm=servicemanager prev_pid=168 prev_prio=120 prev_state=S ==> next_comm=swapper/1 next_pid=0 next_prio=120
            main-2261  [000] ...2   138.284504: sched_switch: prev_comm=main prev_pid=2261 prev_prio=120 prev_state=S ==> next_comm=swapper/0 next_pid=0 next_prio=120
          <idle>-0     [001] ...2   138.284505: sched_switch: prev_comm=swapper/1 prev_pid=0 prev_prio=120 prev_state=R ==> next_comm=servicemanager next_pid=168 next_prio=120
          <idle>-0     [000] ...2   138.284670: sched_switch: prev_comm=swapper/0 prev_pid=0 prev_prio=120 prev_state=R ==> next_comm=main next_pid=2261 next_prio=120
  servicemanager-168   [001] ...2   138.284688: sched_switch: prev_comm=servicemanager prev_pid=168 prev_prio=120 prev_state=S ==> next_comm=swapper/1 next_pid=0 next_prio=120
            main-2261  [000] d..2   138.284827: block_rq_insert: 179,0 R 0 () 4078736 + 8 [main]
            main-2261  [000] d..2   138.284830: block_rq_insert: 179,0 R 0 () 4078752 + 8 [main]
            main-2261  [000] d..2   138.284832: block_rq_insert: 179,0 R 0 () 4078784 + 8 [main]
            main-2261  [000] d..2   138.284834: block_rq_insert: 179,0 R 0 () 4078824 + 8 [main]
            main-2261  [000] d..2   138.284835: block_rq_insert: 179,0 R 0 () 4078840 + 24 [main]
            main-2261  [000] d..2   138.284837: block_rq_insert: 179,0 R 0 () 4078888 + 32 [main]
            main-2261  [000] d..2   138.284839: block_rq_insert: 179,0 R 0 () 4078952 + 16 [main]
            main-2261  [000] d..2   138.284840: block_rq_insert: 179,0 R 0 () 4078976 + 8 [main]
            main-2261  [000] d..2   138.285536: block_rq_insert: 179,0 R 0 () 4052264 + 8 [main]
            main-2261  [000] d..2   138.285539: block_rq_insert: 179,0 R 0 () 4052304 + 8 [main]
            main-2261  [000] d..2   138.285540: block_rq_insert: 179,0 R 0 () 4052400 + 32 [main]
            main-2261  [000] ...2   138.285550: sched_switch: prev_comm=main prev_pid=2261 prev_prio=120 prev_state=D|W ==> next_comm=kworker/0:2 next_pid=98 next_prio=120
     kworker/0:2-98    [000] ...2   138.285566: sched_switch: prev_comm=kworker/0:2 prev_pid=98 prev_prio=120 prev_state=S ==> next_comm=mmcqd/1 next_pid=116 next_prio=120
          <idle>-0     [001] ...2   138.285572: sched_switch: prev_comm=swapper/1 prev_pid=0 prev_prio=120 prev_state=R ==> next_comm=adbd next_pid=778 next_prio=120
         mmcqd/1-116   [000] ...2   138.285616: sched_switch: prev_comm=mmcqd/1 prev_pid=116 prev_prio=120 prev_state=S ==> next_comm=swapper/0 next_pid=0 next_prio=120
            adbd-778   [001] ...2   138.285762: sched_switch: prev_comm=adbd prev_pid=778 prev_prio=120 prev_state=S ==> next_comm=adbd next_pid=780 next_prio=120
          <idle>-0     [000] ...2   138.285830: sched_switch: prev_comm=swapper/0 prev_pid=0 prev_prio=120 prev_state=R ==> next_comm=mmcqd/1 next_pid=116 next_prio=120
            adbd-780   [001] ...2   138.285850: sched_switch: prev_comm=adbd prev_pid=780 prev_prio=120 prev_state=S ==> next_comm=swapper/1 next_pid=0 next_prio=120
         mmcqd/1-116   [000] ...1   138.285855: block_rq_complete: 179,0 RA () 4078976 + 8 [0]
         mmcqd/1-116   [000] ...2   138.285881: sched_switch: prev_comm=mmcqd/1 prev_pid=116 prev_prio=120 prev_state=S ==> next_comm=swapper/0 next_pid=0 next_prio=120
          <idle>-0     [000] ...2   138.286165: sched_switch: prev_comm=swapper/0 prev_pid=0 prev_prio=120 prev_state=R ==> next_comm=adbd next_pid=781 next_prio=120
          <idle>-0     [001] ...2   138.286200: sched_switch: prev_comm=swapper/1 prev_pid=0 prev_prio=120 prev_state=R ==> next_comm=adbd next_pid=778 next_prio=120
            adbd-781   [000] ...2   138.286205: sched_switch: prev_comm=adbd prev_pid=781 prev_prio=120 prev_state=S ==> next_comm=mmcqd/1 next_pid=116 next_prio=120
         mmcqd/1-116   [000] ...1   138.286232: block_rq_complete: 179,0 RA () 4078952 + 16 [0]
         mmcqd/1-116   [000] ...2   138.286253: sched_switch: prev_comm=mmcqd/1 prev_pid=116 prev_prio=120 prev_state=S ==> next_comm=swapper/0 next_pid=0 next_prio=120
            adbd-778   [001] ...2   138.286318: sched_switch: prev_comm=adbd prev_pid=778 prev_prio=120 prev_state=S ==> next_comm=adbd next_pid=780 next_prio=120
            adbd-780   [001] ...2   138.286330: sched_switch: prev_comm=adbd prev_pid=780 prev_prio=120 prev_state=S ==> next_comm=swapper/1 next_pid=0 next_prio=120
          <idle>-0     [000] ...2   138.286626: sched_switch: prev_comm=swapper/0 prev_pid=0 prev_prio=120 prev_state=R ==> next_comm=mmcqd/1 next_pid=116 next_prio=120
         mmcqd/1-116   [000] ...1   138.286658: block_rq_complete: 179,0 RA () 4078888 + 32 [0]
         mmcqd/1-116   [000] ...2   138.286677: sched_switch: prev_comm=mmcqd/1 prev_pid=116 prev_prio=120 prev_state=S ==> next_comm=swapper/0 next_pid=0 next_prio=120
          <idle>-0     [000] ...2   138.287132: sched_switch: prev_comm=swapper/0 prev_pid=0 prev_prio=120 prev_state=R ==> next_comm=mmcqd/1 next_pid=116 next_prio=120
         mmcqd/1-116   [000] ...1   138.287161: block_rq_complete: 179,0 RA () 4078840 + 24 [0]
         mmcqd/1-116   [000] ...2   138.287180: sched_switch: prev_comm=mmcqd/1 prev_pid=116 prev_prio=120 prev_state=S ==> next_comm=swapper/0 next_pid=0 next_prio=120
          <idle>-0     [000] ...2   138.287407: sched_switch: prev_comm=swapper/0 prev_pid=0 prev_prio=120 prev_state=R ==> next_comm=mmcqd/1 next_pid=116 next_prio=120
         mmcqd/1-116   [000] ...1   138.287432: block_rq_complete: 179,0 RA () 4078824 + 8 [0]
         mmcqd/1-116   [000] ...2   138.287452: sched_switch: prev_comm=mmcqd/1 prev_pid=116 prev_prio=120 prev_state=S ==> next_comm=swapper/0 next_pid=0 next_prio=120
          <idle>-0     [000] ...2   138.287686: sched_switch: prev_comm=swapper/0 prev_pid=0 prev_prio=120 prev_state=R ==> next_comm=mmcqd/1 next_pid=116 next_prio=120
         mmcqd/1-116   [000] ...1   138.287711: block_rq_complete: 179,0 RA () 4078784 + 8 [0]
         mmcqd/1-116   [000] ...2   138.287729: sched_switch: prev_comm=mmcqd/1 prev_pid=116 prev_prio=120 prev_state=S ==> next_comm=swapper/0 next_pid=0 next_prio=120
          <idle>-0     [000] ...2   138.287955: sched_switch: prev_comm=swapper/0 prev_pid=0 prev_prio=120 prev_state=R ==> next_comm=mmcqd/1 next_pid=116 next_prio=120
         mmcqd/1-116   [000] ...1   138.287980: block_rq_complete: 179,0 RA () 4078752 + 8 [0]
         mmcqd/1-116   [000] ...2   138.288005: sched_switch: prev_comm=mmcqd/1 prev_pid=116 prev_prio=120 prev_state=S ==> next_comm=swapper/0 next_pid=0 next_prio=120
          <idle>-0     [000] ...2   138.288221: sched_switch: prev_comm=swapper/0 prev_pid=0 prev_prio=120 prev_state=R ==> next_comm=mmcqd/1 next_pid=116 next_prio=120
         mmcqd/1-116   [000] ...1   138.288246: block_rq_complete: 179,0 RA () 4078736 + 8 [0]
         mmcqd/1-116   [000] ...2   138.288264: sched_switch: prev_comm=mmcqd/1 prev_pid=116 prev_prio=120 prev_state=S ==> next_comm=swapper/0 next_pid=0 next_prio=120
          <idle>-0     [000] ...2   138.288651: sched_switch: prev_comm=swapper/0 prev_pid=0 prev_prio=120 prev_state=R ==> next_comm=mmcqd/1 next_pid=116 next_prio=120
         mmcqd/1-116   [000] ...1   138.288681: block_rq_complete: 179,0 RA () 4052400 + 32 [0]
         mmcqd/1-116   [000] ...2   138.288700: sched_switch: prev_comm=mmcqd/1 prev_pid=116 prev_prio=120 prev_state=S ==> next_comm=swapper/0 next_pid=0 next_prio=120
          <idle>-0     [001] ...2   138.288929: sched_switch: prev_comm=swapper/1 prev_pid=0 prev_prio=120 prev_state=R ==> next_comm=kworker/1:0H next_pid=2255 next_prio=100
          <idle>-0     [000] ...2   138.288930: sched_switch: prev_comm=swapper/0 prev_pid=0 prev_prio=120 prev_state=R ==> next_comm=ksoftirqd/0 next_pid=3 next_prio=120
     ksoftirqd/0-3     [000] ...2   138.288936: sched_switch: prev_comm=ksoftirqd/0 prev_pid=3 prev_prio=120 prev_state=S ==> next_comm=kworker/0:2 next_pid=98 next_prio=120
    kworker/1:0H-2255  [001] ...2   138.288971: sched_switch: prev_comm=kworker/1:0H prev_pid=2255 prev_prio=100 prev_state=D ==> next_comm=kworker/1:1H next_pid=2258 next_prio=100
     kworker/0:2-98    [000] ...2   138.288981: sched_switch: prev_comm=kworker/0:2 prev_pid=98 prev_prio=120 prev_state=S ==> next_comm=mmcqd/1 next_pid=116 next_prio=120
    kworker/1:1H-2258  [001] ...2   138.289005: sched_switch: prev_comm=kworker/1:1H prev_pid=2258 prev_prio=100 prev_state=S ==> next_comm=kworker/1:0H next_pid=2255 next_prio=100
         mmcqd/1-116   [000] ...1   138.289006: block_rq_complete: 179,0 RA () 4052304 + 8 [0]
    kworker/1:0H-2255  [001] ...2   138.289019: sched_switch: prev_comm=kworker/1:0H prev_pid=2255 prev_prio=100 prev_state=S ==> next_comm=ksoftirqd/1 next_pid=2256 next_prio=120
         mmcqd/1-116   [000] ...2   138.289021: sched_switch: prev_comm=mmcqd/1 prev_pid=116 prev_prio=120 prev_state=S ==> next_comm=main next_pid=2261 next_prio=120
     ksoftirqd/1-2256  [001] ...2   138.289042: sched_switch: prev_comm=ksoftirqd/1 prev_pid=2256 prev_prio=120 prev_state=S ==> next_comm=swapper/1 next_pid=0 next_prio=120
          <idle>-0     [001] ...2   138.289067: sched_switch: prev_comm=swapper/1 prev_pid=0 prev_prio=120 prev_state=R ==> next_comm=ksoftirqd/1 next_pid=2256 next_prio=120
     ksoftirqd/1-2256  [001] ...2   138.289081: sched_switch: prev_comm=ksoftirqd/1 prev_pid=2256 prev_prio=120 prev_state=S ==> next_comm=swapper/1 next_pid=0 next_prio=120
            main-2261  [000] ...2   138.289705: sched_switch: prev_comm=main prev_pid=2261 prev_prio=120 prev_state=S ==> next_comm=Binder_6 next_pid=1109 next_prio=120
        Binder_6-1109  [000] ...2   138.290263: sched_switch: prev_comm=Binder_6 prev_pid=1109 prev_prio=120 prev_state=S ==> next_comm=Binder_1 next_pid=235 next_prio=120
           <...>-235   [000] ...2   138.290349: sched_switch: prev_comm=Binder_1 prev_pid=235 prev_prio=120 prev_state=S ==> next_comm=Binder_6 next_pid=1109 next_prio=120
        Binder_6-1109  [000] ...2   138.290618: sched_switch: prev_comm=Binder_6 prev_pid=1109 prev_prio=120 prev_state=R+ ==> next_comm=InputDispatcher next_pid=795 next_prio=112
 InputDispatcher-795   [000] ...2   138.290653: sched_switch: prev_comm=InputDispatcher prev_pid=795 prev_prio=112 prev_state=S ==> next_comm=mmcqd/1 next_pid=116 next_prio=120
         mmcqd/1-116   [000] ...1   138.290667: block_rq_complete: 179,0 RA () 4052264 + 8 [0]
         mmcqd/1-116   [000] ...2   138.290684: sched_switch: prev_comm=mmcqd/1 prev_pid=116 prev_prio=120 prev_state=R+ ==> next_comm=kworker/0:1H next_pid=17 next_prio=100
    kworker/0:1H-17    [000] ...2   138.290692: sched_switch: prev_comm=kworker/0:1H prev_pid=17 prev_prio=100 prev_state=S ==> next_comm=mmcqd/1 next_pid=116 next_prio=120
         mmcqd/1-116   [000] ...2   138.290703: sched_switch: prev_comm=mmcqd/1 prev_pid=116 prev_prio=120 prev_state=S ==> next_comm=Binder_6 next_pid=1109 next_prio=120
        Binder_6-1109  [000] ...2   138.290794: sched_switch: prev_comm=Binder_6 prev_pid=1109 prev_prio=120 prev_state=S ==> next_comm=Binder_3 next_pid=389 next_prio=120
           <...>-389   [000] ...2   138.290880: sched_switch: prev_comm=Binder_3 prev_pid=389 prev_prio=120 prev_state=S ==> next_comm=Binder_6 next_pid=1109 next_prio=120
        Binder_6-1109  [000] ...2   138.290934: sched_switch: prev_comm=Binder_6 prev_pid=1109 prev_prio=120 prev_state=R+ ==> next_comm=android.display next_pid=770 next_prio=116
 android.display-770   [000] ...2   138.290972: sched_switch: prev_comm=android.display prev_pid=770 prev_prio=116 prev_state=S ==> next_comm=Binder_6 next_pid=1109 next_prio=120
        Binder_6-1109  [000] ...2   138.290988: sched_switch: prev_comm=Binder_6 prev_pid=1109 prev_prio=120 prev_state=R+ ==> next_comm=android.display next_pid=770 next_prio=116
 android.display-770   [000] ...2   138.291000: sched_switch: prev_comm=android.display prev_pid=770 prev_prio=116 prev_state=S ==> next_comm=Binder_6 next_pid=1109 next_prio=120
        Binder_6-1109  [000] ...2   138.291013: sched_switch: prev_comm=Binder_6 prev_pid=1109 prev_prio=120 prev_state=R+ ==> next_comm=android.display next_pid=770 next_prio=116
 android.display-770   [000] ...2   138.291133: sched_switch: prev_comm=android.display prev_pid=770 prev_prio=116 prev_state=S ==> next_comm=Binder_6 next_pid=1109 next_prio=120
        Binder_6-1109  [000] ...2   138.291163: sched_switch: prev_comm=Binder_6 prev_pid=1109 prev_prio=120 prev_state=S ==> next_comm=swapper/0 next_pid=0 next_prio=120
          <idle>-0     [000] ...2   138.291180: sched_switch: prev_comm=swapper/0 prev_pid=0 prev_prio=120 prev_state=R ==> next_comm=ksoftirqd/0 next_pid=3 next_prio=120
     ksoftirqd/0-3     [000] ...2   138.291194: sched_switch: prev_comm=ksoftirqd/0 prev_pid=3 prev_prio=120 prev_state=S ==> next_comm=swapper/0 next_pid=0 next_prio=120
          <idle>-0     [000] ...2   138.291208: sched_switch: prev_comm=swapper/0 prev_pid=0 prev_prio=120 prev_state=R ==> next_comm=ksoftirqd/0 next_pid=3 next_prio=120
     ksoftirqd/0-3     [000] ...2   138.291215: sched_switch: prev_comm=ksoftirqd/0 prev_pid=3 prev_prio=120 prev_state=S ==> next_comm=swapper/0 next_pid=0 next_prio=120
          <idle>-0     [000] ...2   138.291227: sched_switch: prev_comm=swapper/0 prev_pid=0 prev_prio=120 prev_state=R ==> next_comm=ksoftirqd/0 next_pid=3 next_prio=120
     ksoftirqd/0-3     [000] ...2   138.291237: sched_switch: prev_comm=ksoftirqd/0 prev_pid=3 prev_prio=120 prev_state=S ==> next_comm=swapper/0 next_pid=0 next_prio=120
          <idle>-0     [000] ...2   138.292201: sched_switch: prev_comm=swapper/0 prev_pid=0 prev_prio=120 prev_state=R ==> next_comm=android.display next_pid=770 next_prio=116
 android.display-770   [000] ...2   138.292309: sched_switch: prev_comm=android.display prev_pid=770 prev_prio=116 prev_state=S ==> next_comm=Binder_2 next_pid=237 next_prio=120
           <...>-237   [000] ...2   138.292361: sched_switch: prev_comm=Binder_2 prev_pid=237 prev_prio=120 prev_state=S ==> next_comm=EventThread next_pid=320 next_prio=111
           <...>-320   [000] ...2   138.292413: sched_switch: prev_comm=EventThread prev_pid=320 prev_prio=111 prev_state=S ==> next_comm=Binder_4 next_pid=1054 next_prio=120
        Binder_4-1054  [000] ...2   138.292489: sched_switch: prev_comm=Binder_4 prev_pid=1054 prev_prio=120 prev_state=S ==> next_comm=Binder_6 next_pid=1109 next_prio=120
          <idle>-0     [001] ...2   138.293021: sched_switch: prev_comm=swapper/1 prev_pid=0 prev_prio=120 prev_state=R ==> next_comm=Binder_1 next_pid=1117 next_prio=120
        Binder_6-1109  [000] ...2   138.293177: sched_switch: prev_comm=Binder_6 prev_pid=1109 prev_prio=120 prev_state=R+ ==> next_comm=lmkd next_pid=167 next_prio=98
            lmkd-167   [000] ...2   138.293247: sched_switch: prev_comm=lmkd prev_pid=167 prev_prio=98 prev_state=S ==> next_comm=LazyTaskWriterT next_pid=833 next_prio=120
 LazyTaskWriterT-833   [000] ...2   138.293283: sched_switch: prev_comm=LazyTaskWriterT prev_pid=833 prev_prio=120 prev_state=S ==> next_comm=Binder_2 next_pid=1118 next_prio=120
        Binder_2-1118  [000] ...2   138.293290: sched_switch: prev_comm=Binder_2 prev_pid=1118 prev_prio=120 prev_state=S ==> next_comm=Binder_6 next_pid=1109 next_prio=120
        Binder_1-1117  [001] ...2   138.293307: sched_switch: prev_comm=Binder_1 prev_pid=1117 prev_prio=120 prev_state=S ==> next_comm=droid.launcher3 next_pid=1093 next_prio=120
        Binder_6-1109  [000] ...2   138.293393: sched_switch: prev_comm=Binder_6 prev_pid=1109 prev_prio=120 prev_state=R+ ==> next_comm=lmkd next_pid=167 next_prio=98
            lmkd-167   [000] ...2   138.293434: sched_switch: prev_comm=lmkd prev_pid=167 prev_prio=98 prev_state=S ==> next_comm=Binder_4 next_pid=1509 next_prio=120
           <...>-1509  [000] ...2   138.293484: sched_switch: prev_comm=Binder_4 prev_pid=1509 prev_prio=120 prev_state=S ==> next_comm=RenderThread next_pid=1365 next_prio=116
           <...>-1365  [000] ...2   138.293512: sched_switch: prev_comm=RenderThread prev_pid=1365 prev_prio=116 prev_state=S ==> next_comm=EventThread next_pid=320 next_prio=111
           <...>-320   [000] ...2   138.293531: sched_switch: prev_comm=EventThread prev_pid=320 prev_prio=111 prev_state=S ==> next_comm=Binder_6 next_pid=1109 next_prio=120
 droid.launcher3-1093  [001] ...2   138.293616: sched_switch: prev_comm=droid.launcher3 prev_pid=1093 prev_prio=120 prev_state=S ==> next_comm=swapper/1 next_pid=0 next_prio=120
          <idle>-0     [001] ...2   138.293640: sched_switch: prev_comm=swapper/1 prev_pid=0 prev_prio=120 prev_state=R ==> next_comm=ksoftirqd/1 next_pid=2256 next_prio=120
     ksoftirqd/1-2256  [001] ...2   138.293657: sched_switch: prev_comm=ksoftirqd/1 prev_pid=2256 prev_prio=120 prev_state=S ==> next_comm=swapper/1 next_pid=0 next_prio=120
          <idle>-0     [001] ...2   138.293678: sched_switch: prev_comm=swapper/1 prev_pid=0 prev_prio=120 prev_state=R ==> next_comm=ksoftirqd/1 next_pid=2256 next_prio=120
     ksoftirqd/1-2256  [001] ...2   138.293691: sched_switch: prev_comm=ksoftirqd/1 prev_pid=2256 prev_prio=120 prev_state=S ==> next_comm=swapper/1 next_pid=0 next_prio=120
          <idle>-0     [001] ...2   138.293712: sched_switch: prev_comm=swapper/1 prev_pid=0 prev_prio=120 prev_state=R ==> next_comm=ksoftirqd/1 next_pid=2256 next_prio=120
     ksoftirqd/1-2256  [001] ...2   138.293724: sched_switch: prev_comm=ksoftirqd/1 prev_pid=2256 prev_prio=120 prev_state=S ==> next_comm=swapper/1 next_pid=0 next_prio=120
        Binder_6-1109  [000] ...2   138.294007: sched_switch: prev_comm=Binder_6 prev_pid=1109 prev_prio=120 prev_state=R+ ==> next_comm=ActivityManager next_pid=765 next_prio=118
 ActivityManager-765   [000] ...2   138.294044: sched_switch: prev_comm=ActivityManager prev_pid=765 prev_prio=118 prev_state=S ==> next_comm=Binder_3 next_pid=1507 next_prio=120
           <...>-1507  [000] ...2   138.294154: sched_switch: prev_comm=Binder_3 prev_pid=1507 prev_prio=120 prev_state=S ==> next_comm=HeapTrimmerDaem next_pid=1115 next_prio=120
 HeapTrimmerDaem-1115  [000] ...2   138.294175: sched_switch: prev_comm=HeapTrimmerDaem prev_pid=1115 prev_prio=120 prev_state=S ==> next_comm=Binder_6 next_pid=1109 next_prio=120
        Binder_6-1109  [000] ...2   138.294194: sched_switch: prev_comm=Binder_6 prev_pid=1109 prev_prio=120 prev_state=R+ ==> next_comm=ActivityManager next_pid=765 next_prio=118
 ActivityManager-765   [000] ...2   138.294206: sched_switch: prev_comm=ActivityManager prev_pid=765 prev_prio=118 prev_state=S ==> next_comm=Binder_6 next_pid=1109 next_prio=120
        Binder_6-1109  [000] ...2   138.294219: sched_switch: prev_comm=Binder_6 prev_pid=1109 prev_prio=120 prev_state=R+ ==> next_comm=ActivityManager next_pid=765 next_prio=118
 ActivityManager-765   [000] ...2   138.294250: sched_switch: prev_comm=ActivityManager prev_pid=765 prev_prio=118 prev_state=S ==> next_comm=Binder_6 next_pid=1109 next_prio=120
          <idle>-0     [001] ...2   138.294623: sched_switch: prev_comm=swapper/1 prev_pid=0 prev_prio=120 prev_state=R ==> next_comm=Binder_2 next_pid=2243 next_prio=120
        Binder_6-1109  [000] ...2   138.294667: sched_switch: prev_comm=Binder_6 prev_pid=1109 prev_prio=120 prev_state=R+ ==> next_comm=LazyTaskWriterT next_pid=833 next_prio=120
 LazyTaskWriterT-833   [000] ...2   138.294679: sched_switch: prev_comm=LazyTaskWriterT prev_pid=833 prev_prio=120 prev_state=S ==> next_comm=Binder_2 next_pid=1118 next_prio=120
        Binder_2-1118  [000] ...2   138.294753: sched_switch: prev_comm=Binder_2 prev_pid=1118 prev_prio=120 prev_state=S ==> next_comm=android.bg next_pid=764 next_prio=130
           <...>-764   [000] ...2   138.294797: sched_switch: prev_comm=android.bg prev_pid=764 prev_prio=130 prev_state=S ==> next_comm=Binder_6 next_pid=1109 next_prio=120
        Binder_6-1109  [000] ...2   138.294810: sched_switch: prev_comm=Binder_6 prev_pid=1109 prev_prio=120 prev_state=R+ ==> next_comm=LazyTaskWriterT next_pid=833 next_prio=120
 LazyTaskWriterT-833   [000] ...2   138.294824: sched_switch: prev_comm=LazyTaskWriterT prev_pid=833 prev_prio=120 prev_state=S ==> next_comm=Binder_6 next_pid=1109 next_prio=120
        Binder_6-1109  [000] ...2   138.294835: sched_switch: prev_comm=Binder_6 prev_pid=1109 prev_prio=120 prev_state=R+ ==> next_comm=LazyTaskWriterT next_pid=833 next_prio=120
 LazyTaskWriterT-833   [000] ...2   138.294852: sched_switch: prev_comm=LazyTaskWriterT prev_pid=833 prev_prio=120 prev_state=S ==> next_comm=Binder_6 next_pid=1109 next_prio=120
        Binder_6-1109  [000] ...2   138.294865: sched_switch: prev_comm=Binder_6 prev_pid=1109 prev_prio=120 prev_state=R+ ==> next_comm=LazyTaskWriterT next_pid=833 next_prio=120
 LazyTaskWriterT-833   [000] ...2   138.294876: sched_switch: prev_comm=LazyTaskWriterT prev_pid=833 prev_prio=120 prev_state=S ==> next_comm=Binder_6 next_pid=1109 next_prio=120
        Binder_6-1109  [000] ...2   138.294887: sched_switch: prev_comm=Binder_6 prev_pid=1109 prev_prio=120 prev_state=R+ ==> next_comm=LazyTaskWriterT next_pid=833 next_prio=120
 LazyTaskWriterT-833   [000] ...2   138.294913: sched_switch: prev_comm=LazyTaskWriterT prev_pid=833 prev_prio=120 prev_state=S ==> next_comm=Binder_6 next_pid=1109 next_prio=120
        Binder_6-1109  [000] ...2   138.294944: sched_switch: prev_comm=Binder_6 prev_pid=1109 prev_prio=120 prev_state=R+ ==> next_comm=LazyTaskWriterT next_pid=833 next_prio=120
 LazyTaskWriterT-833   [000] ...2   138.294956: sched_switch: prev_comm=LazyTaskWriterT prev_pid=833 prev_prio=120 prev_state=S ==> next_comm=Binder_6 next_pid=1109 next_prio=120
        Binder_6-1109  [000] ...2   138.294968: sched_switch: prev_comm=Binder_6 prev_pid=1109 prev_prio=120 prev_state=R+ ==> next_comm=LazyTaskWriterT next_pid=833 next_prio=120
 LazyTaskWriterT-833   [000] ...2   138.294980: sched_switch: prev_comm=LazyTaskWriterT prev_pid=833 prev_prio=120 prev_state=S ==> next_comm=Binder_6 next_pid=1109 next_prio=120
        Binder_6-1109  [000] ...2   138.294993: sched_switch: prev_comm=Binder_6 prev_pid=1109 prev_prio=120 prev_state=R+ ==> next_comm=LazyTaskWriterT next_pid=833 next_prio=120
 LazyTaskWriterT-833   [000] ...2   138.295011: sched_switch: prev_comm=LazyTaskWriterT prev_pid=833 prev_prio=120 prev_state=S ==> next_comm=Binder_6 next_pid=1109 next_prio=120
        Binder_6-1109  [000] ...2   138.295023: sched_switch: prev_comm=Binder_6 prev_pid=1109 prev_prio=120 prev_state=R+ ==> next_comm=LazyTaskWriterT next_pid=833 next_prio=120
 LazyTaskWriterT-833   [000] ...2   138.295033: sched_switch: prev_comm=LazyTaskWriterT prev_pid=833 prev_prio=120 prev_state=S ==> next_comm=Binder_6 next_pid=1109 next_prio=120
        Binder_6-1109  [000] ...2   138.295045: sched_switch: prev_comm=Binder_6 prev_pid=1109 prev_prio=120 prev_state=R+ ==> next_comm=LazyTaskWriterT next_pid=833 next_prio=120
 LazyTaskWriterT-833   [000] ...2   138.295070: sched_switch: prev_comm=LazyTaskWriterT prev_pid=833 prev_prio=120 prev_state=S ==> next_comm=Binder_6 next_pid=1109 next_prio=120
        Binder_2-2243  [001] ...2   138.295239: sched_switch: prev_comm=Binder_2 prev_pid=2243 prev_prio=120 prev_state=S ==> next_comm=xample.bdbtrace next_pid=2226 next_prio=120
        Binder_6-1109  [000] ...2   138.295244: sched_switch: prev_comm=Binder_6 prev_pid=1109 prev_prio=120 prev_state=R+ ==> next_comm=Binder_5 next_pid=1577 next_prio=120
           <...>-1577  [000] ...2   138.295252: sched_switch: prev_comm=Binder_5 prev_pid=1577 prev_prio=120 prev_state=D ==> next_comm=Binder_6 next_pid=1109 next_prio=120
        Binder_6-1109  [000] ...2   138.295260: sched_switch: prev_comm=Binder_6 prev_pid=1109 prev_prio=120 prev_state=R+ ==> next_comm=Binder_5 next_pid=1577 next_prio=120
           <...>-1577  [000] ...2   138.295324: sched_switch: prev_comm=Binder_5 prev_pid=1577 prev_prio=120 prev_state=S ==> next_comm=Binder_6 next_pid=1109 next_prio=120
        Binder_6-1109  [000] ...2   138.295590: sched_switch: prev_comm=Binder_6 prev_pid=1109 prev_prio=120 prev_state=R+ ==> next_comm=InputDispatcher next_pid=795 next_prio=112
 InputDispatcher-795   [000] ...2   138.295617: sched_switch: prev_comm=InputDispatcher prev_pid=795 prev_prio=112 prev_state=S ==> next_comm=Binder_6 next_pid=1109 next_prio=120
        Binder_6-1109  [000] ...2   138.295696: sched_switch: prev_comm=Binder_6 prev_pid=1109 prev_prio=120 prev_state=R+ ==> next_comm=Binder_1 next_pid=235 next_prio=120
           <...>-235   [000] ...2   138.295704: sched_switch: prev_comm=Binder_1 prev_pid=235 prev_prio=120 prev_state=D ==> next_comm=Binder_6 next_pid=1109 next_prio=120
        Binder_6-1109  [000] ...2   138.295712: sched_switch: prev_comm=Binder_6 prev_pid=1109 prev_prio=120 prev_state=R+ ==> next_comm=Binder_1 next_pid=235 next_prio=120
           <...>-235   [000] ...2   138.295788: sched_switch: prev_comm=Binder_1 prev_pid=235 prev_prio=120 prev_state=S ==> next_comm=Binder_6 next_pid=1109 next_prio=120
        Binder_6-1109  [000] ...2   138.295830: sched_switch: prev_comm=Binder_6 prev_pid=1109 prev_prio=120 prev_state=R+ ==> next_comm=android.display next_pid=770 next_prio=116
 android.display-770   [000] ...2   138.295860: sched_switch: prev_comm=android.display prev_pid=770 prev_prio=116 prev_state=S ==> next_comm=Binder_6 next_pid=1109 next_prio=120
 xample.bdbtrace-2226  [001] ...2   138.295873: sched_switch: prev_comm=xample.bdbtrace prev_pid=2226 prev_prio=120 prev_state=S ==> next_comm=Binder_A next_pid=1201 next_prio=120
        Binder_6-1109  [000] ...2   138.295875: sched_switch: prev_comm=Binder_6 prev_pid=1109 prev_prio=120 prev_state=R+ ==> next_comm=android.display next_pid=770 next_prio=116
 android.display-770   [000] ...2   138.295886: sched_switch: prev_comm=android.display prev_pid=770 prev_prio=116 prev_state=S ==> next_comm=Binder_6 next_pid=1109 next_prio=120
        Binder_6-1109  [000] ...2   138.295897: sched_switch: prev_comm=Binder_6 prev_pid=1109 prev_prio=120 prev_state=R+ ==> next_comm=android.display next_pid=770 next_prio=116
 android.display-770   [000] ...2   138.295923: sched_switch: prev_comm=android.display prev_pid=770 prev_prio=116 prev_state=S ==> next_comm=Binder_6 next_pid=1109 next_prio=120
        Binder_A-1201  [001] ...2   138.295993: sched_switch: prev_comm=Binder_A prev_pid=1201 prev_prio=120 prev_state=S ==> next_comm=swapper/1 next_pid=0 next_prio=120
        Binder_6-1109  [000] ...2   138.296060: sched_switch: prev_comm=Binder_6 prev_pid=1109 prev_prio=120 prev_state=R+ ==> next_comm=Binder_3 next_pid=389 next_prio=120
           <...>-389   [000] ...2   138.296067: sched_switch: prev_comm=Binder_3 prev_pid=389 prev_prio=120 prev_state=D ==> next_comm=Binder_6 next_pid=1109 next_prio=120
        Binder_6-1109  [000] ...2   138.296075: sched_switch: prev_comm=Binder_6 prev_pid=1109 prev_prio=120 prev_state=R+ ==> next_comm=Binder_3 next_pid=389 next_prio=120
           <...>-389   [000] ...2   138.296133: sched_switch: prev_comm=Binder_3 prev_pid=389 prev_prio=120 prev_state=S ==> next_comm=Binder_6 next_pid=1109 next_prio=120
        Binder_6-1109  [000] ...2   138.296366: sched_switch: prev_comm=Binder_6 prev_pid=1109 prev_prio=120 prev_state=R+ ==> next_comm=InputDispatcher next_pid=795 next_prio=112
 InputDispatcher-795   [000] ...2   138.296390: sched_switch: prev_comm=InputDispatcher prev_pid=795 prev_prio=112 prev_state=S ==> next_comm=Binder_6 next_pid=1109 next_prio=120
        Binder_6-1109  [000] ...2   138.296460: sched_switch: prev_comm=Binder_6 prev_pid=1109 prev_prio=120 prev_state=R+ ==> next_comm=Binder_2 next_pid=237 next_prio=120
           <...>-237   [000] ...2   138.296467: sched_switch: prev_comm=Binder_2 prev_pid=237 prev_prio=120 prev_state=D ==> next_comm=Binder_6 next_pid=1109 next_prio=120
        Binder_6-1109  [000] ...2   138.296476: sched_switch: prev_comm=Binder_6 prev_pid=1109 prev_prio=120 prev_state=R+ ==> next_comm=Binder_2 next_pid=237 next_prio=120
           <...>-237   [000] ...2   138.296548: sched_switch: prev_comm=Binder_2 prev_pid=237 prev_prio=120 prev_state=S ==> next_comm=Binder_6 next_pid=1109 next_prio=120
        Binder_6-1109  [000] ...2   138.296588: sched_switch: prev_comm=Binder_6 prev_pid=1109 prev_prio=120 prev_state=R+ ==> next_comm=android.display next_pid=770 next_prio=116
 android.display-770   [000] ...2   138.296601: sched_switch: prev_comm=android.display prev_pid=770 prev_prio=116 prev_state=S ==> next_comm=Binder_6 next_pid=1109 next_prio=120
        Binder_6-1109  [000] ...2   138.296614: sched_switch: prev_comm=Binder_6 prev_pid=1109 prev_prio=120 prev_state=R+ ==> next_comm=android.display next_pid=770 next_prio=116
 android.display-770   [000] ...2   138.296709: sched_switch: prev_comm=android.display prev_pid=770 prev_prio=116 prev_state=S ==> next_comm=Binder_4 next_pid=1509 next_prio=120
           <...>-1509  [000] ...2   138.296778: sched_switch: prev_comm=Binder_4 prev_pid=1509 prev_prio=120 prev_state=S ==> next_comm=android.display next_pid=770 next_prio=116
 android.display-770   [000] ...2   138.297067: sched_switch: prev_comm=android.display prev_pid=770 prev_prio=116 prev_state=S ==> next_comm=InputDispatcher next_pid=795 next_prio=112
 InputDispatcher-795   [000] ...2   138.297090: sched_switch: prev_comm=InputDispatcher prev_pid=795 prev_prio=112 prev_state=S ==> next_comm=Binder_5 next_pid=1577 next_prio=120
           <...>-1577  [000] ...2   138.297174: sched_switch: prev_comm=Binder_5 prev_pid=1577 prev_prio=120 prev_state=S ==> next_comm=android.display next_pid=770 next_prio=116
 android.display-770   [000] ...2   138.297228: sched_switch: prev_comm=android.display prev_pid=770 prev_prio=116 prev_state=S ==> next_comm=Binder_6 next_pid=1109 next_prio=120
        Binder_6-1109  [000] ...2   138.297428: sched_switch: prev_comm=Binder_6 prev_pid=1109 prev_prio=120 prev_state=R+ ==> next_comm=Binder_1 next_pid=2242 next_prio=120
        Binder_1-2242  [000] ...2   138.297437: sched_switch: prev_comm=Binder_1 prev_pid=2242 prev_prio=120 prev_state=D ==> next_comm=Binder_6 next_pid=1109 next_prio=120
        Binder_6-1109  [000] ...2   138.297445: sched_switch: prev_comm=Binder_6 prev_pid=1109 prev_prio=120 prev_state=R+ ==> next_comm=Binder_1 next_pid=2242 next_prio=120
        Binder_1-2242  [000] ...2   138.297552: sched_switch: prev_comm=Binder_1 prev_pid=2242 prev_prio=120 prev_state=S ==> next_comm=Binder_6 next_pid=1109 next_prio=120
        Binder_6-1109  [000] ...2   138.297658: sched_switch: prev_comm=Binder_6 prev_pid=1109 prev_prio=120 prev_state=R+ ==> next_comm=InputDispatcher next_pid=795 next_prio=112
 InputDispatcher-795   [000] ...2   138.297682: sched_switch: prev_comm=InputDispatcher prev_pid=795 prev_prio=112 prev_state=S ==> next_comm=Binder_6 next_pid=1109 next_prio=120
        Binder_6-1109  [000] ...2   138.297734: sched_switch: prev_comm=Binder_6 prev_pid=1109 prev_prio=120 prev_state=R+ ==> next_comm=ActivityManager next_pid=765 next_prio=118
 ActivityManager-765   [000] ...2   138.297746: sched_switch: prev_comm=ActivityManager prev_pid=765 prev_prio=118 prev_state=S ==> next_comm=Binder_6 next_pid=1109 next_prio=120
        Binder_6-1109  [000] ...2   138.297760: sched_switch: prev_comm=Binder_6 prev_pid=1109 prev_prio=120 prev_state=R+ ==> next_comm=ActivityManager next_pid=765 next_prio=118
          <idle>-0     [001] ...2   138.297963: sched_switch: prev_comm=swapper/1 prev_pid=0 prev_prio=120 prev_state=R ==> next_comm=Binder_A next_pid=1201 next_prio=120
 ActivityManager-765   [000] ...2   138.297987: sched_switch: prev_comm=ActivityManager prev_pid=765 prev_prio=118 prev_state=S ==> next_comm=NetworkPolicy next_pid=802 next_prio=120
   NetworkPolicy-802   [000] ...2   138.298027: sched_switch: prev_comm=NetworkPolicy prev_pid=802 prev_prio=120 prev_state=S ==> next_comm=Binder_1 next_pid=1073 next_prio=120
        Binder_A-1201  [001] ...2   138.298111: sched_switch: prev_comm=Binder_A prev_pid=1201 prev_prio=120 prev_state=S ==> next_comm=xample.bdbtrace next_pid=2226 next_prio=120
        Binder_1-1073  [000] ...2   138.298153: sched_switch: prev_comm=Binder_1 prev_pid=1073 prev_prio=120 prev_state=S ==> next_comm=android.bg next_pid=764 next_prio=130
           <...>-764   [000] ...2   138.298962: sched_switch: prev_comm=android.bg prev_pid=764 prev_prio=130 prev_state=R+ ==> next_comm=Binder_6 next_pid=1109 next_prio=120
        Binder_6-1109  [000] ...2   138.299015: sched_switch: prev_comm=Binder_6 prev_pid=1109 prev_prio=120 prev_state=R+ ==> next_comm=main next_pid=2261 next_prio=120
            main-2261  [000] ...2   138.299023: sched_switch: prev_comm=main prev_pid=2261 prev_prio=120 prev_state=D ==> next_comm=Binder_6 next_pid=1109 next_prio=120
        Binder_6-1109  [000] ...2   138.299032: sched_switch: prev_comm=Binder_6 prev_pid=1109 prev_prio=120 prev_state=R+ ==> next_comm=main next_pid=2261 next_prio=120
            main-2261  [000] d..2   138.299278: block_rq_insert: 179,0 R 0 () 1181984 + 8 [main]
            main-2261  [000] d..2   138.299284: block_rq_insert: 179,0 R 0 () 1182000 + 40 [main]
            main-2261  [000] d..2   138.299286: block_rq_insert: 179,0 R 0 () 1182048 + 24 [main]
