     ksoftirqd/0-3     [000] ...2   138.184072: sched_switch: prev_comm=ksoftirqd/0 prev_pid=3 prev_prio=120 prev_state=S ==> next_comm=swapper/0 next_pid=0 next_prio=120
          <idle>-0     [000] ...2   138.184086: sched_switch: prev_comm=swapper/0 prev_pid=0 prev_prio=120 prev_state=R ==> next_comm=ksoftirqd/0 next_pid=3 next_prio=120
     ksoftirqd/0-3     [000] ...2   138.184092: sched_switch: prev_comm=ksoftirqd/0 prev_pid=3 prev_prio=120 prev_state=S ==> next_comm=swapper/0 next_pid=0 next_prio=120
          <idle>-0     [000] ...2   138.184104: sched_switch: prev_comm=swapper/0 prev_pid=0 prev_prio=120 prev_state=R ==> next_comm=ksoftirqd/0 next_pid=3 next_prio=120
     ksoftirqd/0-3     [000] ...2   138.184111: sched_switch: prev_comm=ksoftirqd/0 prev_pid=3 prev_prio=120 prev_state=S ==> next_comm=swapper/0 next_pid=0 next_prio=120
          <idle>-0     [000] ...2   138.185426: sched_switch: prev_comm=swapper/0 prev_pid=0 prev_prio=120 prev_state=R ==> next_comm=mmcqd/1 next_pid=116 next_prio=120
         mmcqd/1-116   [000] ...1   138.185487: block_rq_complete: 179,0 RA () 3984384 + 256 [0]
         mmcqd/1-116   [000] ...2   138.185513: sched_switch: prev_comm=mmcqd/1 prev_pid=116 prev_prio=120 prev_state=R+ ==> next_comm=kworker/0:1H next_pid=17 next_prio=100
    kworker/0:1H-17    [000] ...2   138.185520: sched_switch: prev_comm=kworker/0:1H prev_pid=17 prev_prio=100 prev_state=S ==> next_comm=mmcqd/1 next_pid=116 next_prio=120
         mmcqd/1-116   [000] ...2   138.185529: sched_switch: prev_comm=mmcqd/1 prev_pid=116 prev_prio=120 prev_state=S ==> next_comm=main next_pid=2261 next_prio=120
            main-2261  [000] d..2   138.185736: block_rq_insert: 179,0 R 0 () 3984640 + 16 [main]
            main-2261  [000] ...2   138.185746: sched_switch: prev_comm=main prev_pid=2261 prev_prio=120 prev_state=R+ ==> next_comm=mmcqd/1 next_pid=116 next_prio=120
         mmcqd/1-116   [000] ...2   138.185785: sched_switch: prev_comm=mmcqd/1 prev_pid=116 prev_prio=120 prev_state=S ==> next_comm=main next_pid=2261 next_prio=120
            main-2261  [000] ...2   138.185793: sched_switch: prev_comm=main prev_pid=2261 prev_prio=120 prev_state=D|W ==> next_comm=swapper/0 next_pid=0 next_prio=120
          <idle>-0     [000] ...2   138.185807: sched_switch: prev_comm=swapper/0 prev_pid=0 prev_prio=120 prev_state=R ==> next_comm=ksoftirqd/0 next_pid=3 next_prio=120
     ksoftirqd/0-3     [000] ...2   138.185816: sched_switch: prev_comm=ksoftirqd/0 prev_pid=3 prev_prio=120 prev_state=S ==> next_comm=swapper/0 next_pid=0 next_prio=120
          <idle>-0     [000] ...2   138.185829: sched_switch: prev_comm=swapper/0 prev_pid=0 prev_prio=120 prev_state=R ==> next_comm=ksoftirqd/0 next_pid=3 next_prio=120
     ksoftirqd/0-3     [000] ...2   138.185837: sched_switch: prev_comm=ksoftirqd/0 prev_pid=3 prev_prio=120 prev_state=S ==> next_comm=swapper/0 next_pid=0 next_prio=120
          <idle>-0     [000] ...2   138.185849: sched_switch: prev_comm=swapper/0 prev_pid=0 prev_prio=120 prev_state=R ==> next_comm=ksoftirqd/0 next_pid=3 next_prio=120
     ksoftirqd/0-3     [000] ...2   138.185858: sched_switch: prev_comm=ksoftirqd/0 prev_pid=3 prev_prio=120 prev_state=S ==> next_comm=swapper/0 next_pid=0 next_prio=120
          <idle>-0     [000] ...2   138.186030: sched_switch: prev_comm=swapper/0 prev_pid=0 prev_prio=120 prev_state=R ==> next_comm=mmcqd/1 next_pid=116 next_prio=120
         mmcqd/1-116   [000] ...1   138.186041: block_rq_complete: 179,0 RA () 3984640 + 16 [0]
         mmcqd/1-116   [000] ...2   138.186058: sched_switch: prev_comm=mmcqd/1 prev_pid=116 prev_prio=120 prev_state=R+ ==> next_comm=kworker/0:1H next_pid=17 next_prio=100
    kworker/0:1H-17    [000] ...2   138.186064: sched_switch: prev_comm=kworker/0:1H prev_pid=17 prev_prio=100 prev_state=S ==> next_comm=mmcqd/1 next_pid=116 next_prio=120
         mmcqd/1-116   [000] ...2   138.186073: sched_switch: prev_comm=mmcqd/1 prev_pid=116 prev_prio=120 prev_state=S ==> next_comm=main next_pid=2261 next_prio=120
          <idle>-0     [001] ...2   138.186667: sched_switch: prev_comm=swapper/1 prev_pid=0 prev_prio=120 prev_state=R ==> next_comm=main next_pid=2262 next_prio=120
            main-2261  [000] ...2   138.186767: sched_switch: prev_comm=main prev_pid=2261 prev_prio=120 prev_state=D ==> next_comm=main next_pid=2263 next_prio=120
 Heap thread poo-2263  [000] ...2   138.186772: sched_switch: prev_comm=main prev_pid=2263 prev_prio=120 prev_state=R+ ==> next_comm=main next_pid=2261 next_prio=120
 Heap thread poo-2262  [001] ...2   138.186779: sched_switch: prev_comm=main prev_pid=2262 prev_prio=120 prev_state=D ==> next_comm=swapper/1 next_pid=0 next_prio=120
          <idle>-0     [001] ...2   138.186793: sched_switch: prev_comm=swapper/1 prev_pid=0 prev_prio=120 prev_state=R ==> next_comm=ksoftirqd/1 next_pid=2256 next_prio=120
     ksoftirqd/1-2256  [001] ...2   138.186801: sched_switch: prev_comm=ksoftirqd/1 prev_pid=2256 prev_prio=120 prev_state=S ==> next_comm=main next_pid=2262 next_prio=120
            main-2261  [000] ...2   138.186809: sched_switch: prev_comm=main prev_pid=2261 prev_prio=120 prev_state=D ==> next_comm=main next_pid=2263 next_prio=120
 Heap thread poo-2263  [000] ...2   138.186813: sched_switch: prev_comm=main prev_pid=2263 prev_prio=120 prev_state=R ==> next_comm=main next_pid=2261 next_prio=120
 Heap thread poo-2262  [001] ...2   138.186820: sched_switch: prev_comm=main prev_pid=2262 prev_prio=120 prev_state=D ==> next_comm=swapper/1 next_pid=0 next_prio=120
          <idle>-0     [001] ...2   138.186831: sched_switch: prev_comm=swapper/1 prev_pid=0 prev_prio=120 prev_state=R ==> next_comm=ksoftirqd/1 next_pid=2256 next_prio=120
     ksoftirqd/1-2256  [001] ...2   138.186836: sched_switch: prev_comm=ksoftirqd/1 prev_pid=2256 prev_prio=120 prev_state=S ==> next_comm=main next_pid=2262 next_prio=120
            main-2261  [000] ...2   138.186846: sched_switch: prev_comm=main prev_pid=2261 prev_prio=120 prev_state=D ==> next_comm=main next_pid=2263 next_prio=120
 Heap thread poo-2263  [000] ...2   138.186851: sched_switch: prev_comm=main prev_pid=2263 prev_prio=120 prev_state=R ==> next_comm=main next_pid=2261 next_prio=120
 Heap thread poo-2262  [001] ...2   138.186853: sched_switch: prev_comm=main prev_pid=2262 prev_prio=120 prev_state=D ==> next_comm=main next_pid=2264 next_prio=120
 Heap thread poo-2264  [001] ...2   138.186864: sched_switch: prev_comm=main prev_pid=2264 prev_prio=120 prev_state=D ==> next_comm=main next_pid=2262 next_prio=120
            main-2261  [000] ...2   138.186868: sched_switch: prev_comm=main prev_pid=2261 prev_prio=120 prev_state=D ==> next_comm=main next_pid=2263 next_prio=120
 Heap thread poo-2262  [001] ...2   138.186880: sched_switch: prev_comm=main prev_pid=2262 prev_prio=120 prev_state=D ==> next_comm=main next_pid=2264 next_prio=120
 Heap thread poo-2263  [000] ...2   138.186882: sched_switch: prev_comm=main prev_pid=2263 prev_prio=120 prev_state=D ==> next_comm=swapper/0 next_pid=0 next_prio=120
          <idle>-0     [000] ...2   138.186898: sched_switch: prev_comm=swapper/0 prev_pid=0 prev_prio=120 prev_state=R ==> next_comm=ksoftirqd/0 next_pid=3 next_prio=120
     ksoftirqd/0-3     [000] ...2   138.186905: sched_switch: prev_comm=ksoftirqd/0 prev_pid=3 prev_prio=120 prev_state=S ==> next_comm=main next_pid=2261 next_prio=120
            main-2261  [000] ...2   138.186919: sched_switch: prev_comm=main prev_pid=2261 prev_prio=120 prev_state=S ==> next_comm=main next_pid=2263 next_prio=120
 Heap thread poo-2264  [001] ...2   138.186929: sched_switch: prev_comm=main prev_pid=2264 prev_prio=120 prev_state=D ==> next_comm=main next_pid=2262 next_prio=120
 Heap thread poo-2263  [000] ...2   138.186937: sched_switch: prev_comm=main prev_pid=2263 prev_prio=120 prev_state=S ==> next_comm=swapper/0 next_pid=0 next_prio=120
          <idle>-0     [000] ...2   138.186953: sched_switch: prev_comm=swapper/0 prev_pid=0 prev_prio=120 prev_state=R ==> next_comm=ksoftirqd/0 next_pid=3 next_prio=120
     ksoftirqd/0-3     [000] ...2   138.186960: sched_switch: prev_comm=ksoftirqd/0 prev_pid=3 prev_prio=120 prev_state=S ==> next_comm=swapper/0 next_pid=0 next_prio=120
          <idle>-0     [000] ...2   138.186974: sched_switch: prev_comm=swapper/0 prev_pid=0 prev_prio=120 prev_state=R ==> next_comm=ksoftirqd/0 next_pid=3 next_prio=120
     ksoftirqd/0-3     [000] ...2   138.186981: sched_switch: prev_comm=ksoftirqd/0 prev_pid=3 prev_prio=120 prev_state=S ==> next_comm=swapper/0 next_pid=0 next_prio=120
 Heap thread poo-2262  [001] ...2   138.187010: sched_switch: prev_comm=main prev_pid=2262 prev_prio=120 prev_state=D ==> next_comm=main next_pid=2264 next_prio=120
 Heap thread poo-2264  [001] ...2   138.187067: sched_switch: prev_comm=main prev_pid=2264 prev_prio=120 prev_state=D ==> next_comm=main next_pid=2262 next_prio=120
 Heap thread poo-2262  [001] ...2   138.187319: sched_switch: prev_comm=main prev_pid=2262 prev_prio=120 prev_state=D ==> next_comm=main next_pid=2264 next_prio=120
 Heap thread poo-2264  [001] ...2   138.187338: sched_switch: prev_comm=main prev_pid=2264 prev_prio=120 prev_state=D ==> next_comm=main next_pid=2262 next_prio=120
 Heap thread poo-2262  [001] ...2   138.187357: sched_switch: prev_comm=main prev_pid=2262 prev_prio=120 prev_state=D ==> next_comm=main next_pid=2264 next_prio=120
 Heap thread poo-2264  [001] ...2   138.187376: sched_switch: prev_comm=main prev_pid=2264 prev_prio=120 prev_state=D ==> next_comm=main next_pid=2262 next_prio=120
 Heap thread poo-2262  [001] ...2   138.187406: sched_switch: prev_comm=main prev_pid=2262 prev_prio=120 prev_state=D ==> next_comm=main next_pid=2264 next_prio=120
          <idle>-0     [000] ...2   138.187465: sched_switch: prev_comm=swapper/0 prev_pid=0 prev_prio=120 prev_state=R ==> next_comm=main next_pid=2263 next_prio=120
 Heap thread poo-2264  [001] ...2   138.187466: sched_switch: prev_comm=main prev_pid=2264 prev_prio=120 prev_state=S ==> next_comm=main next_pid=2262 next_prio=120
 Heap thread poo-2263  [000] ...2   138.187477: sched_switch: prev_comm=main prev_pid=2263 prev_prio=120 prev_state=S ==> next_comm=swapper/0 next_pid=0 next_prio=120
 Heap thread poo-2262  [001] ...2   138.187560: sched_switch: prev_comm=Heap thread poo prev_pid=2262 prev_prio=120 prev_state=S ==> next_comm=main next_pid=2264 next_prio=120
          <idle>-0     [000] ...2   138.187901: sched_switch: prev_comm=swapper/0 prev_pid=0 prev_prio=120 prev_state=R ==> next_comm=main next_pid=2263 next_prio=120
 Heap thread poo-2264  [001] ...2   138.187914: sched_switch: prev_comm=Heap thread poo prev_pid=2264 prev_prio=120 prev_state=S ==> next_comm=swapper/1 next_pid=0 next_prio=120
          <idle>-0     [001] ...2   138.187930: sched_switch: prev_comm=swapper/1 prev_pid=0 prev_prio=120 prev_state=R ==> next_comm=ksoftirqd/1 next_pid=2256 next_prio=120
     ksoftirqd/1-2256  [001] ...2   138.187938: sched_switch: prev_comm=ksoftirqd/1 prev_pid=2256 prev_prio=120 prev_state=S ==> next_comm=swapper/1 next_pid=0 next_prio=120
          <idle>-0     [001] ...2   138.187953: sched_switch: prev_comm=swapper/1 prev_pid=0 prev_prio=120 prev_state=R ==> next_comm=ksoftirqd/1 next_pid=2256 next_prio=120
     ksoftirqd/1-2256  [001] ...2   138.187960: sched_switch: prev_comm=ksoftirqd/1 prev_pid=2256 prev_prio=120 prev_state=S ==> next_comm=swapper/1 next_pid=0 next_prio=120
 Heap thread poo-2263  [000] ...2   138.188265: sched_switch: prev_comm=Heap thread poo prev_pid=2263 prev_prio=120 prev_state=R+ ==> next_comm=main next_pid=2261 next_prio=120
          <idle>-0     [001] ...2   138.188286: sched_switch: prev_comm=swapper/1 prev_pid=0 prev_prio=120 prev_state=R ==> next_comm=Heap thread poo next_pid=2262 next_prio=120
 Heap thread poo-2262  [001] ...2   138.188294: sched_switch: prev_comm=Heap thread poo prev_pid=2262 prev_prio=120 prev_state=D ==> next_comm=swapper/1 next_pid=0 next_prio=120
          <idle>-0     [001] ...2   138.188299: sched_switch: prev_comm=swapper/1 prev_pid=0 prev_prio=120 prev_state=R ==> next_comm=Heap thread poo next_pid=2262 next_prio=120
 Heap thread poo-2262  [001] ...2   138.188322: sched_switch: prev_comm=Heap thread poo prev_pid=2262 prev_prio=120 prev_state=S ==> next_comm=Heap thread poo next_pid=2264 next_prio=120
            main-2261  [000] ...2   138.188335: sched_switch: prev_comm=main prev_pid=2261 prev_prio=120 prev_state=S ==> next_comm=Heap thread poo next_pid=2263 next_prio=120
 Heap thread poo-2264  [001] ...2   138.188339: sched_switch: prev_comm=Heap thread poo prev_pid=2264 prev_prio=120 prev_state=S ==> next_comm=swapper/1 next_pid=0 next_prio=120
 Heap thread poo-2263  [000] ...2   138.188353: sched_switch: prev_comm=Heap thread poo prev_pid=2263 prev_prio=120 prev_state=S ==> next_comm=main next_pid=2265 next_prio=120
  Signal Catcher-2265  [000] ...2   138.188782: sched_switch: prev_comm=Signal Catcher prev_pid=2265 prev_prio=120 prev_state=R+ ==> next_comm=main next_pid=2261 next_prio=120
          <idle>-0     [001] ...2   138.188846: sched_switch: prev_comm=swapper/1 prev_pid=0 prev_prio=120 prev_state=R ==> next_comm=main next_pid=2266 next_prio=120
            main-2261  [000] ...2   138.188853: sched_switch: prev_comm=main prev_pid=2261 prev_prio=120 prev_state=S ==> next_comm=Signal Catcher next_pid=2265 next_prio=120
  Signal Catcher-2265  [000] ...2   138.188862: sched_switch: prev_comm=Signal Catcher prev_pid=2265 prev_prio=120 prev_state=S ==> next_comm=swapper/0 next_pid=0 next_prio=120
            JDWP-2266  [001] ...2   138.188907: sched_switch: prev_comm=main prev_pid=2266 prev_prio=120 prev_state=R ==> next_comm=kworker/1:0H next_pid=2255 next_prio=100
          <idle>-0     [000] ...2   138.188915: sched_switch: prev_comm=swapper/0 prev_pid=0 prev_prio=120 prev_state=R ==> next_comm=ksoftirqd/0 next_pid=3 next_prio=120
     ksoftirqd/0-3     [000] ...2   138.188922: sched_switch: prev_comm=ksoftirqd/0 prev_pid=3 prev_prio=120 prev_state=S ==> next_comm=swapper/0 next_pid=0 next_prio=120
    kworker/1:0H-2255  [001] ...2   138.188930: sched_switch: prev_comm=kworker/1:0H prev_pid=2255 prev_prio=100 prev_state=D ==> next_comm=kworker/1:1H next_pid=2258 next_prio=100
          <idle>-0     [000] ...2   138.188935: sched_switch: prev_comm=swapper/0 prev_pid=0 prev_prio=120 prev_state=R ==> next_comm=ksoftirqd/0 next_pid=3 next_prio=120
     ksoftirqd/0-3     [000] ...2   138.188941: sched_switch: prev_comm=ksoftirqd/0 prev_pid=3 prev_prio=120 prev_state=S ==> next_comm=swapper/0 next_pid=0 next_prio=120
          <idle>-0     [000] ...2   138.188956: sched_switch: prev_comm=swapper/0 prev_pid=0 prev_prio=120 prev_state=R ==> next_comm=ksoftirqd/0 next_pid=3 next_prio=120
     ksoftirqd/0-3     [000] ...2   138.188961: sched_switch: prev_comm=ksoftirqd/0 prev_pid=3 prev_prio=120 prev_state=S ==> next_comm=swapper/0 next_pid=0 next_prio=120
    kworker/1:1H-2258  [001] ...2   138.189034: sched_switch: prev_comm=kworker/1:1H prev_pid=2258 prev_prio=100 prev_state=S ==> next_comm=kworker/1:0H next_pid=2255 next_prio=100
    kworker/1:0H-2255  [001] ...2   138.189047: sched_switch: prev_comm=kworker/1:0H prev_pid=2255 prev_prio=100 prev_state=S ==> next_comm=main next_pid=2266 next_prio=120
          <idle>-0     [000] ...2   138.189739: sched_switch: prev_comm=swapper/0 prev_pid=0 prev_prio=120 prev_state=R ==> next_comm=main next_pid=2261 next_prio=120
            JDWP-2266  [001] ...2   138.189826: sched_switch: prev_comm=JDWP prev_pid=2266 prev_prio=120 prev_state=R+ ==> next_comm=adbd next_pid=778 next_prio=120
            main-2261  [000] d..2   138.189896: block_rq_insert: 179,0 R 0 () 4067352 + 8 [main]
            main-2261  [000] d..2   138.189900: block_rq_insert: 179,0 R 0 () 4067368 + 8 [main]
            main-2261  [000] ...2   138.189912: sched_switch: prev_comm=main prev_pid=2261 prev_prio=120 prev_state=D|W ==> next_comm=mmcqd/1 next_pid=116 next_prio=120
         mmcqd/1-116   [000] ...2   138.189963: sched_switch: prev_comm=mmcqd/1 prev_pid=116 prev_prio=120 prev_state=S ==> next_comm=swapper/0 next_pid=0 next_prio=120
            adbd-778   [001] ...2   138.189995: sched_switch: prev_comm=adbd prev_pid=778 prev_prio=120 prev_state=S ==> next_comm=JDWP next_pid=2266 next_prio=120
            JDWP-2266  [001] ...2   138.190024: sched_switch: prev_comm=JDWP prev_pid=2266 prev_prio=120 prev_state=R+ ==> next_comm=adbd next_pid=778 next_prio=120
          <idle>-0     [000] ...2   138.190188: sched_switch: prev_comm=swapper/0 prev_pid=0 prev_prio=120 prev_state=R ==> next_comm=mmcqd/1 next_pid=116 next_prio=120
            adbd-778   [001] ...2   138.190203: sched_switch: prev_comm=adbd prev_pid=778 prev_prio=120 prev_state=S ==> next_comm=JDWP next_pid=2266 next_prio=120
         mmcqd/1-116   [000] ...1   138.190214: block_rq_complete: 179,0 RA () 4067352 + 8 [0]
            JDWP-2266  [001] ...2   138.190223: sched_switch: prev_comm=JDWP prev_pid=2266 prev_prio=120 prev_state=S ==> next_comm=swapper/1 next_pid=0 next_prio=120
         mmcqd/1-116   [000] ...2   138.190227: sched_switch: prev_comm=mmcqd/1 prev_pid=116 prev_prio=120 prev_state=S ==> next_comm=swapper/0 next_pid=0 next_prio=120
          <idle>-0     [001] ...2   138.190249: sched_switch: prev_comm=swapper/1 prev_pid=0 prev_prio=120 prev_state=R ==> next_comm=ksoftirqd/1 next_pid=2256 next_prio=120
     ksoftirqd/1-2256  [001] ...2   138.190265: sched_switch: prev_comm=ksoftirqd/1 prev_pid=2256 prev_prio=120 prev_state=S ==> next_comm=swapper/1 next_pid=0 next_prio=120
          <idle>-0     [001] ...2   138.190289: sched_switch: prev_comm=swapper/1 prev_pid=0 prev_prio=120 prev_state=R ==> next_comm=ksoftirqd/1 next_pid=2256 next_prio=120
     ksoftirqd/1-2256  [001] ...2   138.190300: sched_switch: prev_comm=ksoftirqd/1 prev_pid=2256 prev_prio=120 prev_state=S ==> next_comm=swapper/1 next_pid=0 next_prio=120
          <idle>-0     [001] ...2   138.190322: sched_switch: prev_comm=swapper/1 prev_pid=0 prev_prio=120 prev_state=R ==> next_comm=ksoftirqd/1 next_pid=2256 next_prio=120
     ksoftirqd/1-2256  [001] ...2   138.190335: sched_switch: prev_comm=ksoftirqd/1 prev_pid=2256 prev_prio=120 prev_state=S ==> next_comm=swapper/1 next_pid=0 next_prio=120
          <idle>-0     [000] ...2   138.190467: sched_switch: prev_comm=swapper/0 prev_pid=0 prev_prio=120 prev_state=R ==> next_comm=mmcqd/1 next_pid=116 next_prio=120
         mmcqd/1-116   [000] ...1   138.190477: block_rq_complete: 179,0 RA () 4067368 + 8 [0]
         mmcqd/1-116   [000] ...2   138.190495: sched_switch: prev_comm=mmcqd/1 prev_pid=116 prev_prio=120 prev_state=R+ ==> next_comm=kworker/0:1H next_pid=17 next_prio=100
    kworker/0:1H-17    [000] ...2   138.190503: sched_switch: prev_comm=kworker/0:1H prev_pid=17 prev_prio=100 prev_state=S ==> next_comm=mmcqd/1 next_pid=116 next_prio=120
         mmcqd/1-116   [000] ...2   138.190513: sched_switch: prev_comm=mmcqd/1 prev_pid=116 prev_prio=120 prev_state=S ==> next_comm=main next_pid=2261 next_prio=120
            main-2261  [000] d..2   138.190889: block_rq_insert: 179,0 R 0 () 3993912 + 8 [main]
            main-2261  [000] d..2   138.190892: block_rq_insert: 179,0 R 0 () 3993944 + 16 [main]
            main-2261  [000] d..2   138.190894: block_rq_insert: 179,0 R 0 () 3993968 + 72 [main]
            main-2261  [000] ...2   138.190905: sched_switch: prev_comm=main prev_pid=2261 prev_prio=120 prev_state=D|W ==> next_comm=mmcqd/1 next_pid=116 next_prio=120
         mmcqd/1-116   [000] ...2   138.190956: sched_switch: prev_comm=mmcqd/1 prev_pid=116 prev_prio=120 prev_state=S ==> next_comm=swapper/0 next_pid=0 next_prio=120
          <idle>-0     [000] ...2   138.191184: sched_switch: prev_comm=swapper/0 prev_pid=0 prev_prio=120 prev_state=R ==> next_comm=mmcqd/1 next_pid=116 next_prio=120
         mmcqd/1-116   [000] ...1   138.191209: block_rq_complete: 179,0 RA () 3993912 + 8 [0]
         mmcqd/1-116   [000] ...2   138.191251: sched_switch: prev_comm=mmcqd/1 prev_pid=116 prev_prio=120 prev_state=S ==> next_comm=main next_pid=2261 next_prio=120
            main-2261  [000] d..2   138.191394: block_rq_insert: 179,0 R 0 () 4026856 + 24 [main]
            main-2261  [000] d..2   138.191397: block_rq_insert: 179,0 R 0 () 4026944 + 8 [main]
            main-2261  [000] d..2   138.191399: block_rq_insert: 179,0 R 0 () 4026960 + 40 [main]
            main-2261  [000] d..2   138.191400: block_rq_insert: 179,0 R 0 () 4027008 + 24 [main]
            main-2261  [000] ...2   138.191407: sched_switch: prev_comm=main prev_pid=2261 prev_prio=120 prev_state=D|W ==> next_comm=swapper/0 next_pid=0 next_prio=120
          <idle>-0     [000] ...2   138.191556: sched_switch: prev_comm=swapper/0 prev_pid=0 prev_prio=120 prev_state=R ==> next_comm=mmcqd/1 next_pid=116 next_prio=120
         mmcqd/1-116   [000] ...1   138.191584: block_rq_complete: 179,0 RA () 3993944 + 16 [0]
         mmcqd/1-116   [000] ...2   138.191607: sched_switch: prev_comm=mmcqd/1 prev_pid=116 prev_prio=120 prev_state=S ==> next_comm=swapper/0 next_pid=0 next_prio=120
          <idle>-0     [000] ...2   138.192170: sched_switch: prev_comm=swapper/0 prev_pid=0 prev_prio=120 prev_state=R ==> next_comm=mmcqd/1 next_pid=116 next_prio=120
         mmcqd/1-116   [000] ...1   138.192210: block_rq_complete: 179,0 RA () 3993968 + 72 [0]
         mmcqd/1-116   [000] ...2   138.192231: sched_switch: prev_comm=mmcqd/1 prev_pid=116 prev_prio=120 prev_state=S ==> next_comm=swapper/0 next_pid=0 next_prio=120
          <idle>-0     [000] ...2   138.192495: sched_switch: prev_comm=swapper/0 prev_pid=0 prev_prio=120 prev_state=R ==> next_comm=mmcqd/1 next_pid=116 next_prio=120
         mmcqd/1-116   [000] ...1   138.192525: block_rq_complete: 179,0 RA () 4026856 + 24 [0]
         mmcqd/1-116   [000] ...2   138.192551: sched_switch: prev_comm=mmcqd/1 prev_pid=116 prev_prio=120 prev_state=S ==> next_comm=swapper/0 next_pid=0 next_prio=120
          <idle>-0     [000] ...2   138.192777: sched_switch: prev_comm=swapper/0 prev_pid=0 prev_prio=120 prev_state=R ==> next_comm=mmcqd/1 next_pid=116 next_prio=120
         mmcqd/1-116   [000] ...1   138.192802: block_rq_complete: 179,0 RA () 4026944 + 8 [0]
         mmcqd/1-116   [000] ...2   138.192828: sched_switch: prev_comm=mmcqd/1 prev_pid=116 prev_prio=120 prev_state=S ==> next_comm=main next_pid=2261 next_prio=120
            main-2261  [000] d..2   138.192876: block_rq_insert: 179,0 R 0 () 4028616 + 96 [main]
            main-2261  [000] d..2   138.192878: block_rq_insert: 179,0 R 0 () 4028736 + 56 [main]
            main-2261  [000] ...2   138.192885: sched_switch: prev_comm=main prev_pid=2261 prev_prio=120 prev_state=D|W ==> next_comm=swapper/0 next_pid=0 next_prio=120
          <idle>-0     [000] ...2   138.193241: sched_switch: prev_comm=swapper/0 prev_pid=0 prev_prio=120 prev_state=R ==> next_comm=mmcqd/1 next_pid=116 next_prio=120
         mmcqd/1-116   [000] ...1   138.193273: block_rq_complete: 179,0 RA () 4026960 + 40 [0]
         mmcqd/1-116   [000] ...2   138.193317: sched_switch: prev_comm=mmcqd/1 prev_pid=116 prev_prio=120 prev_state=S ==> next_comm=swapper/0 next_pid=0 next_prio=120
          <idle>-0     [000] ...2   138.193558: sched_switch: prev_comm=swapper/0 prev_pid=0 prev_prio=120 prev_state=R ==> next_comm=mmcqd/1 next_pid=116 next_prio=120
         mmcqd/1-116   [000] ...1   138.193587: block_rq_complete: 179,0 RA () 4027008 + 24 [0]
         mmcqd/1-116   [000] ...2   138.193618: sched_switch: prev_comm=mmcqd/1 prev_pid=116 prev_prio=120 prev_state=S ==> next_comm=swapper/0 next_pid=0 next_prio=120
          <idle>-0     [000] ...2   138.194353: sched_switch: prev_comm=swapper/0 prev_pid=0 prev_prio=120 prev_state=R ==> next_comm=mmcqd/1 next_pid=116 next_prio=120
         mmcqd/1-116   [000] ...1   138.194398: block_rq_complete: 179,0 RA () 4028616 + 96 [0]
         mmcqd/1-116   [000] ...2   138.194417: sched_switch: prev_comm=mmcqd/1 prev_pid=116 prev_prio=120 prev_state=S ==> next_comm=main next_pid=2261 next_prio=120
          <idle>-0     [001] ...2   138.194533: sched_switch: prev_comm=swapper/1 prev_pid=0 prev_prio=120 prev_state=R ==> next_comm=main next_pid=2267 next_prio=120
            main-2261  [000] d..2   138.194766: block_rq_insert: 179,0 R 0 () 3993624 + 48 [main]
            main-2261  [000] d..2   138.194768: block_rq_insert: 179,0 R 0 () 3993688 + 24 [main]
            main-2261  [000] d..2   138.194770: block_rq_insert: 179,0 R 0 () 3993752 + 8 [main]
            main-2261  [000] ...2   138.194782: sched_switch: prev_comm=main prev_pid=2261 prev_prio=120 prev_state=D|W ==> next_comm=mmcqd/1 next_pid=116 next_prio=120
         mmcqd/1-116   [000] ...2   138.194807: sched_switch: prev_comm=mmcqd/1 prev_pid=116 prev_prio=120 prev_state=S ==> next_comm=swapper/0 next_pid=0 next_prio=120
          <idle>-0     [000] ...2   138.194875: sched_switch: prev_comm=swapper/0 prev_pid=0 prev_prio=120 prev_state=R ==> next_comm=mmcqd/1 next_pid=116 next_prio=120
         mmcqd/1-116   [000] ...1   138.194910: block_rq_complete: 179,0 RA () 4028736 + 56 [0]
         mmcqd/1-116   [000] ...2   138.194933: sched_switch: prev_comm=mmcqd/1 prev_pid=116 prev_prio=120 prev_state=S ==> next_comm=swapper/0 next_pid=0 next_prio=120
 ReferenceQueueD-2267  [001] ...2   138.195227: sched_switch: prev_comm=ReferenceQueueD prev_pid=2267 prev_prio=120 prev_state=S ==> next_comm=swapper/1 next_pid=0 next_prio=120
          <idle>-0     [001] ...2   138.195249: sched_switch: prev_comm=swapper/1 prev_pid=0 prev_prio=120 prev_state=R ==> next_comm=ksoftirqd/1 next_pid=2256 next_prio=120
     ksoftirqd/1-2256  [001] ...2   138.195262: sched_switch: prev_comm=ksoftirqd/1 prev_pid=2256 prev_prio=120 prev_state=S ==> next_comm=swapper/1 next_pid=0 next_prio=120
          <idle>-0     [001] ...2   138.195284: sched_switch: prev_comm=swapper/1 prev_pid=0 prev_prio=120 prev_state=R ==> next_comm=ksoftirqd/1 next_pid=2256 next_prio=120
     ksoftirqd/1-2256  [001] ...2   138.195295: sched_switch: prev_comm=ksoftirqd/1 prev_pid=2256 prev_prio=120 prev_state=S ==> next_comm=swapper/1 next_pid=0 next_prio=120
          <idle>-0     [001] ...2   138.195314: sched_switch: prev_comm=swapper/1 prev_pid=0 prev_prio=120 prev_state=R ==> next_comm=ksoftirqd/1 next_pid=2256 next_prio=120
     ksoftirqd/1-2256  [001] ...2   138.195327: sched_switch: prev_comm=ksoftirqd/1 prev_pid=2256 prev_prio=120 prev_state=S ==> next_comm=swapper/1 next_pid=0 next_prio=120
          <idle>-0     [000] ...2   138.195367: sched_switch: prev_comm=swapper/0 prev_pid=0 prev_prio=120 prev_state=R ==> next_comm=mmcqd/1 next_pid=116 next_prio=120
         mmcqd/1-116   [000] ...1   138.195402: block_rq_complete: 179,0 RA () 3993624 + 48 [0]
         mmcqd/1-116   [000] ...2   138.195422: sched_switch: prev_comm=mmcqd/1 prev_pid=116 prev_prio=120 prev_state=S ==> next_comm=swapper/0 next_pid=0 next_prio=120
          <idle>-0     [000] ...2   138.195765: sched_switch: prev_comm=swapper/0 prev_pid=0 prev_prio=120 prev_state=R ==> next_comm=mmcqd/1 next_pid=116 next_prio=120
         mmcqd/1-116   [000] ...1   138.195793: block_rq_complete: 179,0 RA () 3993688 + 24 [0]
         mmcqd/1-116   [000] ...2   138.195805: sched_switch: prev_comm=mmcqd/1 prev_pid=116 prev_prio=120 prev_state=S ==> next_comm=swapper/0 next_pid=0 next_prio=120
          <idle>-0     [000] ...2   138.196025: sched_switch: prev_comm=swapper/0 prev_pid=0 prev_prio=120 prev_state=R ==> next_comm=mmcqd/1 next_pid=116 next_prio=120
         mmcqd/1-116   [000] ...1   138.196035: block_rq_complete: 179,0 RA () 3993752 + 8 [0]
         mmcqd/1-116   [000] ...2   138.196051: sched_switch: prev_comm=mmcqd/1 prev_pid=116 prev_prio=120 prev_state=R+ ==> next_comm=kworker/0:1H next_pid=17 next_prio=100
    kworker/0:1H-17    [000] ...2   138.196058: sched_switch: prev_comm=kworker/0:1H prev_pid=17 prev_prio=100 prev_state=S ==> next_comm=mmcqd/1 next_pid=116 next_prio=120
         mmcqd/1-116   [000] ...2   138.196068: sched_switch: prev_comm=mmcqd/1 prev_pid=116 prev_prio=120 prev_state=S ==> next_comm=main next_pid=2261 next_prio=120
            main-2261  [000] d..2   138.196153: block_rq_insert: 179,0 R 0 () 4019800 + 24 [main]
            main-2261  [000] d..2   138.196156: block_rq_insert: 179,0 R 0 () 4019896 + 8 [main]
            main-2261  [000] d..2   138.196158: block_rq_insert: 179,0 R 0 () 4019928 + 8 [main]
            main-2261  [000] ...2   138.196168: sched_switch: prev_comm=main prev_pid=2261 prev_prio=120 prev_state=D|W ==> next_comm=mmcqd/1 next_pid=116 next_prio=120
         mmcqd/1-116   [000] ...2   138.196216: sched_switch: prev_comm=mmcqd/1 prev_pid=116 prev_prio=120 prev_state=S ==> next_comm=swapper/0 next_pid=0 next_prio=120
          <idle>-0     [000] ...2   138.196572: sched_switch: prev_comm=swapper/0 prev_pid=0 prev_prio=120 prev_state=R ==> next_comm=mmcqd/1 next_pid=116 next_prio=120
         mmcqd/1-116   [000] ...1   138.196601: block_rq_complete: 179,0 RA () 4019800 + 24 [0]
         mmcqd/1-116   [000] ...2   138.196620: sched_switch: prev_comm=mmcqd/1 prev_pid=116 prev_prio=120 prev_state=S ==> next_comm=swapper/0 next_pid=0 next_prio=120
          <idle>-0     [000] ...2   138.196837: sched_switch: prev_comm=swapper/0 prev_pid=0 prev_prio=120 prev_state=R ==> next_comm=mmcqd/1 next_pid=116 next_prio=120
         mmcqd/1-116   [000] ...1   138.196862: block_rq_complete: 179,0 RA () 4019896 + 8 [0]
         mmcqd/1-116   [000] ...2   138.196873: sched_switch: prev_comm=mmcqd/1 prev_pid=116 prev_prio=120 prev_state=S ==> next_comm=swapper/0 next_pid=0 next_prio=120
          <idle>-0     [000] ...2   138.197114: sched_switch: prev_comm=swapper/0 prev_pid=0 prev_prio=120 prev_state=R ==> next_comm=mmcqd/1 next_pid=116 next_prio=120
         mmcqd/1-116   [000] ...1   138.197124: block_rq_complete: 179,0 RA () 4019928 + 8 [0]
         mmcqd/1-116   [000] ...2   138.197140: sched_switch: prev_comm=mmcqd/1 prev_pid=116 prev_prio=120 prev_state=R+ ==> next_comm=kworker/0:1H next_pid=17 next_prio=100
    kworker/0:1H-17    [000] ...2   138.197147: sched_switch: prev_comm=kworker/0:1H prev_pid=17 prev_prio=100 prev_state=S ==> next_comm=mmcqd/1 next_pid=116 next_prio=120
         mmcqd/1-116   [000] ...2   138.197156: sched_switch: prev_comm=mmcqd/1 prev_pid=116 prev_prio=120 prev_state=S ==> next_comm=main next_pid=2261 next_prio=120
            main-2261  [000] d..2   138.197233: block_rq_insert: 179,0 R 0 () 4028368 + 104 [main]
            main-2261  [000] d..2   138.197235: block_rq_insert: 179,0 R 0 () 4028480 + 32 [main]
            main-2261  [000] ...2   138.197247: sched_switch: prev_comm=main prev_pid=2261 prev_prio=120 prev_state=D|W ==> next_comm=mmcqd/1 next_pid=116 next_prio=120
         mmcqd/1-116   [000] ...2   138.197323: sched_switch: prev_comm=mmcqd/1 prev_pid=116 prev_prio=120 prev_state=S ==> next_comm=swapper/0 next_pid=0 next_prio=120
          <idle>-0     [000] ...2   138.198100: sched_switch: prev_comm=swapper/0 prev_pid=0 prev_prio=120 prev_state=R ==> next_comm=mmcqd/1 next_pid=116 next_prio=120
         mmcqd/1-116   [000] ...1   138.198148: block_rq_complete: 179,0 RA () 4028368 + 104 [0]
         mmcqd/1-116   [000] ...2   138.198162: sched_switch: prev_comm=mmcqd/1 prev_pid=116 prev_prio=120 prev_state=S ==> next_comm=swapper/0 next_pid=0 next_prio=120
          <idle>-0     [000] ...2   138.198467: sched_switch: prev_comm=swapper/0 prev_pid=0 prev_prio=120 prev_state=R ==> next_comm=mmcqd/1 next_pid=116 next_prio=120
         mmcqd/1-116   [000] ...1   138.198482: block_rq_complete: 179,0 RA () 4028480 + 32 [0]
         mmcqd/1-116   [000] ...2   138.198499: sched_switch: prev_comm=mmcqd/1 prev_pid=116 prev_prio=120 prev_state=R+ ==> next_comm=kworker/0:1H next_pid=17 next_prio=100
    kworker/0:1H-17    [000] ...2   138.198506: sched_switch: prev_comm=kworker/0:1H prev_pid=17 prev_prio=100 prev_state=S ==> next_comm=mmcqd/1 next_pid=116 next_prio=120
         mmcqd/1-116   [000] ...2   138.198515: sched_switch: prev_comm=mmcqd/1 prev_pid=116 prev_prio=120 prev_state=S ==> next_comm=main next_pid=2261 next_prio=120
          <idle>-0     [001] ...2   138.198614: sched_switch: prev_comm=swapper/1 prev_pid=0 prev_prio=120 prev_state=R ==> next_comm=main next_pid=2268 next_prio=120
            main-2261  [000] ...2   138.198802: sched_switch: prev_comm=main prev_pid=2261 prev_prio=120 prev_state=S ==> next_comm=swapper/0 next_pid=0 next_prio=120
          <idle>-0     [000] ...2   138.199262: sched_switch: prev_comm=swapper/0 prev_pid=0 prev_prio=120 prev_state=R ==> next_comm=main next_pid=2261 next_prio=120
            main-2261  [000] ...2   138.199290: sched_switch: prev_comm=main prev_pid=2261 prev_prio=120 prev_state=D ==> next_comm=swapper/0 next_pid=0 next_prio=120
          <idle>-0     [000] ...2   138.199309: sched_switch: prev_comm=swapper/0 prev_pid=0 prev_prio=120 prev_state=R ==> next_comm=main next_pid=2261 next_prio=120
 FinalizerDaemon-2268  [001] ...2   138.199316: sched_switch: prev_comm=FinalizerDaemon prev_pid=2268 prev_prio=120 prev_state=D ==> next_comm=swapper/1 next_pid=0 next_prio=120
            main-2261  [000] ...2   138.199322: sched_switch: prev_comm=main prev_pid=2261 prev_prio=120 prev_state=D ==> next_comm=swapper/0 next_pid=0 next_prio=120
          <idle>-0     [001] ...2   138.199323: sched_switch: prev_comm=swapper/1 prev_pid=0 prev_prio=120 prev_state=R ==> next_comm=FinalizerDaemon next_pid=2268 next_prio=120
          <idle>-0     [000] ...2   138.199345: sched_switch: prev_comm=swapper/0 prev_pid=0 prev_prio=120 prev_state=R ==> next_comm=main next_pid=2261 next_prio=120
 FinalizerDaemon-2268  [001] ...2   138.199348: sched_switch: prev_comm=FinalizerDaemon prev_pid=2268 prev_prio=120 prev_state=D ==> next_comm=swapper/1 next_pid=0 next_prio=120
          <idle>-0     [001] ...2   138.199366: sched_switch: prev_comm=swapper/1 prev_pid=0 prev_prio=120 prev_state=R ==> next_comm=ksoftirqd/1 next_pid=2256 next_prio=120
     ksoftirqd/1-2256  [001] ...2   138.199378: sched_switch: prev_comm=ksoftirqd/1 prev_pid=2256 prev_prio=120 prev_state=S ==> next_comm=FinalizerDaemon next_pid=2268 next_prio=120
 FinalizerDaemon-2268  [001] ...2   138.199394: sched_switch: prev_comm=FinalizerDaemon prev_pid=2268 prev_prio=120 prev_state=S ==> next_comm=swapper/1 next_pid=0 next_prio=120
          <idle>-0     [001] ...2   138.199417: sched_switch: prev_comm=swapper/1 prev_pid=0 prev_prio=120 prev_state=R ==> next_comm=ksoftirqd/1 next_pid=2256 next_prio=120
     ksoftirqd/1-2256  [001] ...2   138.199427: sched_switch: prev_comm=ksoftirqd/1 prev_pid=2256 prev_prio=120 prev_state=S ==> next_comm=swapper/1 next_pid=0 next_prio=120
          <idle>-0     [001] ...2   138.199449: sched_switch: prev_comm=swapper/1 prev_pid=0 prev_prio=120 prev_state=R ==> next_comm=ksoftirqd/1 next_pid=2256 next_prio=120
     ksoftirqd/1-2256  [001] ...2   138.199459: sched_switch: prev_comm=ksoftirqd/1 prev_pid=2256 prev_prio=120 prev_state=S ==> next_comm=swapper/1 next_pid=0 next_prio=120
          <idle>-0     [001] ...2   138.199680: sched_switch: prev_comm=swapper/1 prev_pid=0 prev_prio=120 prev_state=R ==> next_comm=main next_pid=2270 next_prio=120
            main-2261  [000] ...2   138.199885: sched_switch: prev_comm=main prev_pid=2261 prev_prio=120 prev_state=S ==> next_comm=main next_pid=2269 next_prio=120
 HeapTrimmerDaem-2270  [001] ...2   138.199895: sched_switch: prev_comm=main prev_pid=2270 prev_prio=120 prev_state=D ==> next_comm=swapper/1 next_pid=0 next_prio=120
          <idle>-0     [001] ...2   138.199902: sched_switch: prev_comm=swapper/1 prev_pid=0 prev_prio=120 prev_state=R ==> next_comm=main next_pid=2270 next_prio=120
 FinalizerWatchd-2269  [000] ...2   138.199908: sched_switch: prev_comm=main prev_pid=2269 prev_prio=120 prev_state=S ==> next_comm=swapper/0 next_pid=0 next_prio=120
          <idle>-0     [000] ...2   138.200316: sched_switch: prev_comm=swapper/0 prev_pid=0 prev_prio=120 prev_state=R ==> next_comm=main next_pid=2261 next_prio=120
 HeapTrimmerDaem-2270  [001] ...2   138.200367: sched_switch: prev_comm=HeapTrimmerDaem prev_pid=2270 prev_prio=120 prev_state=S ==> next_comm=swapper/1 next_pid=0 next_prio=120
          <idle>-0     [001] ...2   138.200375: sched_switch: prev_comm=swapper/1 prev_pid=0 prev_prio=120 prev_state=R ==> next_comm=main next_pid=2271 next_prio=120
            main-2261  [000] d..2   138.200557: block_rq_insert: 179,0 R 0 () 4008360 + 48 [main]
            main-2261  [000] d..2   138.200560: block_rq_insert: 179,0 R 0 () 4008432 + 16 [main]
            main-2261  [000] d..2   138.200562: block_rq_insert: 179,0 R 0 () 4008456 + 8 [main]
            main-2261  [000] d..2   138.200564: block_rq_insert: 179,0 R 0 () 4008536 + 16 [main]
            main-2261  [000] ...2   138.200574: sched_switch: prev_comm=main prev_pid=2261 prev_prio=120 prev_state=D|W ==> next_comm=mmcqd/1 next_pid=116 next_prio=120
         mmcqd/1-116   [000] ...2   138.200623: sched_switch: prev_comm=mmcqd/1 prev_pid=116 prev_prio=120 prev_state=S ==> next_comm=main next_pid=2269 next_prio=120
 FinalizerWatchd-2269  [000] ...2   138.200636: sched_switch: prev_comm=main prev_pid=2269 prev_prio=120 prev_state=S ==> next_comm=swapper/0 next_pid=0 next_prio=120
          <idle>-0     [000] ...2   138.200922: sched_switch: prev_comm=swapper/0 prev_pid=0 prev_prio=120 prev_state=R ==> next_comm=mmcqd/1 next_pid=116 next_prio=120
         mmcqd/1-116   [000] ...1   138.200948: block_rq_complete: 179,0 RA () 4008536 + 16 [0]
         mmcqd/1-116   [000] ...2   138.200968: sched_switch: prev_comm=mmcqd/1 prev_pid=116 prev_prio=120 prev_state=S ==> next_comm=swapper/0 next_pid=0 next_prio=120
          <idle>-0     [000] ...2   138.201010: sched_switch: prev_comm=swapper/0 prev_pid=0 prev_prio=120 prev_state=R ==> next_comm=main next_pid=2269 next_prio=120
 FinalizerWatchd-2269  [000] ...2   138.201022: sched_switch: prev_comm=main prev_pid=2269 prev_prio=120 prev_state=D ==> next_comm=swapper/0 next_pid=0 next_prio=120
          <idle>-0     [000] ...2   138.201033: sched_switch: prev_comm=swapper/0 prev_pid=0 prev_prio=120 prev_state=R ==> next_comm=main next_pid=2269 next_prio=120
        GCDaemon-2271  [001] ...2   138.201062: sched_switch: prev_comm=GCDaemon prev_pid=2271 prev_prio=120 prev_state=S ==> next_comm=swapper/1 next_pid=0 next_prio=120
 FinalizerWatchd-2269  [000] ...2   138.201178: sched_switch: prev_comm=main prev_pid=2269 prev_prio=120 prev_state=R+ ==> next_comm=mmcqd/1 next_pid=116 next_prio=120
         mmcqd/1-116   [000] ...1   138.201203: block_rq_complete: 179,0 RA () 4008456 + 8 [0]
         mmcqd/1-116   [000] ...2   138.201236: sched_switch: prev_comm=mmcqd/1 prev_pid=116 prev_prio=120 prev_state=S ==> next_comm=main next_pid=2261 next_prio=120
            main-2261  [000] ...2   138.201254: sched_switch: prev_comm=main prev_pid=2261 prev_prio=120 prev_state=D|W ==> next_comm=main next_pid=2269 next_prio=120
 FinalizerWatchd-2269  [000] ...2   138.201511: sched_switch: prev_comm=FinalizerWatchd prev_pid=2269 prev_prio=120 prev_state=R+ ==> next_comm=mmcqd/1 next_pid=116 next_prio=120
         mmcqd/1-116   [000] ...1   138.201539: block_rq_complete: 179,0 RA () 4008432 + 16 [0]
         mmcqd/1-116   [000] ...2   138.201554: sched_switch: prev_comm=mmcqd/1 prev_pid=116 prev_prio=120 prev_state=S ==> next_comm=main next_pid=2261 next_prio=120
            main-2261  [000] d..2   138.201826: block_rq_insert: 179,0 R 0 () 4079784 + 8 [main]
            main-2261  [000] d..2   138.201829: block_rq_insert: 179,0 R 0 () 4079880 + 40 [main]
            main-2261  [000] ...2   138.201841: sched_switch: prev_comm=main prev_pid=2261 prev_prio=120 prev_state=D|W ==> next_comm=mmcqd/1 next_pid=116 next_prio=120
         mmcqd/1-116   [000] ...2   138.201857: sched_switch: prev_comm=mmcqd/1 prev_pid=116 prev_prio=120 prev_state=S ==> next_comm=FinalizerWatchd next_pid=2269 next_prio=120
 FinalizerWatchd-2269  [000] ...2   138.201883: sched_switch: prev_comm=FinalizerWatchd prev_pid=2269 prev_prio=120 prev_state=S ==> next_comm=swapper/0 next_pid=0 next_prio=120
          <idle>-0     [000] ...2   138.201902: sched_switch: prev_comm=swapper/0 prev_pid=0 prev_prio=120 prev_state=R ==> next_comm=ksoftirqd/0 next_pid=3 next_prio=120
     ksoftirqd/0-3     [000] ...2   138.201909: sched_switch: prev_comm=ksoftirqd/0 prev_pid=3 prev_prio=120 prev_state=S ==> next_comm=swapper/0 next_pid=0 next_prio=120
          <idle>-0     [000] ...2   138.201923: sched_switch: prev_comm=swapper/0 prev_pid=0 prev_prio=120 prev_state=R ==> next_comm=ksoftirqd/0 next_pid=3 next_prio=120
     ksoftirqd/0-3     [000] ...2   138.201932: sched_switch: prev_comm=ksoftirqd/0 prev_pid=3 prev_prio=120 prev_state=S ==> next_comm=swapper/0 next_pid=0 next_prio=120
          <idle>-0     [000] ...2   138.202019: sched_switch: prev_comm=swapper/0 prev_pid=0 prev_prio=120 prev_state=R ==> next_comm=mmcqd/1 next_pid=116 next_prio=120
         mmcqd/1-116   [000] ...1   138.202055: block_rq_complete: 179,0 RA () 4008360 + 48 [0]
         mmcqd/1-116   [000] ...2   138.202085: sched_switch: prev_comm=mmcqd/1 prev_pid=116 prev_prio=120 prev_state=S ==> next_comm=swapper/0 next_pid=0 next_prio=120
          <idle>-0     [000] ...2   138.202273: sched_switch: prev_comm=swapper/0 prev_pid=0 prev_prio=120 prev_state=R ==> next_comm=mmcqd/1 next_pid=116 next_prio=120
         mmcqd/1-116   [000] ...1   138.202299: block_rq_complete: 179,0 RA () 4079784 + 8 [0]
         mmcqd/1-116   [000] ...2   138.202310: sched_switch: prev_comm=mmcqd/1 prev_pid=116 prev_prio=120 prev_state=S ==> next_comm=swapper/0 next_pid=0 next_prio=120
          <idle>-0     [000] ...2   138.202742: sched_switch: prev_comm=swapper/0 prev_pid=0 prev_prio=120 prev_state=R ==> next_comm=mmcqd/1 next_pid=116 next_prio=120
         mmcqd/1-116   [000] ...1   138.202760: block_rq_complete: 179,0 RA () 4079880 + 40 [0]
         mmcqd/1-116   [000] ...2   138.202778: sched_switch: prev_comm=mmcqd/1 prev_pid=116 prev_prio=120 prev_state=R+ ==> next_comm=kworker/0:1H next_pid=17 next_prio=100
    kworker/0:1H-17    [000] ...2   138.202786: sched_switch: prev_comm=kworker/0:1H prev_pid=17 prev_prio=100 prev_state=S ==> next_comm=mmcqd/1 next_pid=116 next_prio=120
         mmcqd/1-116   [000] ...2   138.202796: sched_switch: prev_comm=mmcqd/1 prev_pid=116 prev_prio=120 prev_state=S ==> next_comm=main next_pid=2261 next_prio=120
            main-2261  [000] d..2   138.204048: block_rq_insert: 179,0 R 0 () 4084016 + 8 [main]
            main-2261  [000] d..2   138.204052: block_rq_insert: 179,0 R 0 () 4084104 + 8 [main]
            main-2261  [000] d..2   138.204054: block_rq_insert: 179,0 R 0 () 4084128 + 8 [main]
            main-2261  [000] ...2   138.204068: sched_switch: prev_comm=main prev_pid=2261 prev_prio=120 prev_state=D|W ==> next_comm=mmcqd/1 next_pid=116 next_prio=120
         mmcqd/1-116   [000] ...2   138.204121: sched_switch: prev_comm=mmcqd/1 prev_pid=116 prev_prio=120 prev_state=S ==> next_comm=swapper/0 next_pid=0 next_prio=120
          <idle>-0     [000] ...2   138.204351: sched_switch: prev_comm=swapper/0 prev_pid=0 prev_prio=120 prev_state=R ==> next_comm=mmcqd/1 next_pid=116 next_prio=120
         mmcqd/1-116   [000] ...1   138.204377: block_rq_complete: 179,0 RA () 4084016 + 8 [0]
         mmcqd/1-116   [000] ...2   138.204397: sched_switch: prev_comm=mmcqd/1 prev_pid=116 prev_prio=120 prev_state=S ==> next_comm=swapper/0 next_pid=0 next_prio=120
          <idle>-0     [000] ...2   138.204608: sched_switch: prev_comm=swapper/0 prev_pid=0 prev_prio=120 prev_state=R ==> next_comm=mmcqd/1 next_pid=116 next_prio=120
         mmcqd/1-116   [000] ...1   138.204634: block_rq_complete: 179,0 RA () 4084104 + 8 [0]
         mmcqd/1-116   [000] ...2   138.204649: sched_switch: prev_comm=mmcqd/1 prev_pid=116 prev_prio=120 prev_state=S ==> next_comm=main next_pid=2261 next_prio=120
            main-2261  [000] d..2   138.205966: block_rq_insert: 179,0 R 0 () 4086360 + 56 [main]
            main-2261  [000] d..2   138.205969: block_rq_insert: 179,0 R 0 () 4086424 + 72 [main]
            main-2261  [000] d..2   138.205971: block_rq_insert: 179,0 R 0 () 4086528 + 32 [main]
            main-2261  [000] ...2   138.205980: sched_switch: prev_comm=main prev_pid=2261 prev_prio=120 prev_state=D|W ==> next_comm=mmcqd/1 next_pid=116 next_prio=120
         mmcqd/1-116   [000] ...1   138.205991: block_rq_complete: 179,0 RA () 4084128 + 8 [0]
         mmcqd/1-116   [000] ...2   138.206006: sched_switch: prev_comm=mmcqd/1 prev_pid=116 prev_prio=120 prev_state=R+ ==> next_comm=kworker/0:1H next_pid=17 next_prio=100
    kworker/0:1H-17    [000] ...2   138.206014: sched_switch: prev_comm=kworker/0:1H prev_pid=17 prev_prio=100 prev_state=S ==> next_comm=mmcqd/1 next_pid=116 next_prio=120
         mmcqd/1-116   [000] ...2   138.206093: sched_switch: prev_comm=mmcqd/1 prev_pid=116 prev_prio=120 prev_state=S ==> next_comm=swapper/0 next_pid=0 next_prio=120
          <idle>-0     [000] ...2   138.206581: sched_switch: prev_comm=swapper/0 prev_pid=0 prev_prio=120 prev_state=R ==> next_comm=mmcqd/1 next_pid=116 next_prio=120
         mmcqd/1-116   [000] ...1   138.206617: block_rq_complete: 179,0 RA () 4086360 + 56 [0]
         mmcqd/1-116   [000] ...2   138.206643: sched_switch: prev_comm=mmcqd/1 prev_pid=116 prev_prio=120 prev_state=S ==> next_comm=swapper/0 next_pid=0 next_prio=120
          <idle>-0     [000] ...2   138.207155: sched_switch: prev_comm=swapper/0 prev_pid=0 prev_prio=120 prev_state=R ==> next_comm=mmcqd/1 next_pid=116 next_prio=120
         mmcqd/1-116   [000] ...1   138.207195: block_rq_complete: 179,0 RA () 4086424 + 72 [0]
         mmcqd/1-116   [000] ...2   138.207212: sched_switch: prev_comm=mmcqd/1 prev_pid=116 prev_prio=120 prev_state=S ==> next_comm=main next_pid=2261 next_prio=120
            main-2261  [000] ...2   138.207509: sched_switch: prev_comm=main prev_pid=2261 prev_prio=120 prev_state=R ==> next_comm=mmcqd/1 next_pid=116 next_prio=120
         mmcqd/1-116   [000] ...1   138.207524: block_rq_complete: 179,0 RA () 4086528 + 32 [0]
         mmcqd/1-116   [000] ...2   138.207537: sched_switch: prev_comm=mmcqd/1 prev_pid=116 prev_prio=120 prev_state=R+ ==> next_comm=kworker/0:1H next_pid=17 next_prio=100
    kworker/0:1H-17    [000] ...2   138.207545: sched_switch: prev_comm=kworker/0:1H prev_pid=17 prev_prio=100 prev_state=S ==> next_comm=mmcqd/1 next_pid=116 next_prio=120
         mmcqd/1-116   [000] ...2   138.207554: sched_switch: prev_comm=mmcqd/1 prev_pid=116 prev_prio=120 prev_state=S ==> next_comm=main next_pid=2261 next_prio=120
          <idle>-0     [001] ...2   138.208927: sched_switch: prev_comm=swapper/1 prev_pid=0 prev_prio=120 prev_state=R ==> next_comm=kworker/u:2 next_pid=80 next_prio=120
            main-2261  [000] ...2   138.208948: sched_switch: prev_comm=main prev_pid=2261 prev_prio=120 prev_state=R ==> next_comm=mpdecision next_pid=1527 next_prio=113
     kworker/u:2-80    [001] ...2   138.208953: sched_switch: prev_comm=kworker/u:2 prev_pid=80 prev_prio=120 prev_state=S ==> next_comm=ksoftirqd/1 next_pid=2256 next_prio=120
     ksoftirqd/1-2256  [001] ...2   138.208972: sched_switch: prev_comm=ksoftirqd/1 prev_pid=2256 prev_prio=120 prev_state=S ==> next_comm=swapper/1 next_pid=0 next_prio=120
          <idle>-0     [001] ...2   138.208995: sched_switch: prev_comm=swapper/1 prev_pid=0 prev_prio=120 prev_state=R ==> next_comm=ksoftirqd/1 next_pid=2256 next_prio=120
     ksoftirqd/1-2256  [001] ...2   138.209011: sched_switch: prev_comm=ksoftirqd/1 prev_pid=2256 prev_prio=120 prev_state=S ==> next_comm=swapper/1 next_pid=0 next_prio=120
          <idle>-0     [001] ...2   138.209033: sched_switch: prev_comm=swapper/1 prev_pid=0 prev_prio=120 prev_state=R ==> next_comm=ksoftirqd/1 next_pid=2256 next_prio=120
     ksoftirqd/1-2256  [001] ...2   138.209048: sched_switch: prev_comm=ksoftirqd/1 prev_pid=2256 prev_prio=120 prev_state=S ==> next_comm=swapper/1 next_pid=0 next_prio=120
      mpdecision-1527  [000] ...2   138.209198: sched_switch: prev_comm=mpdecision prev_pid=1527 prev_prio=113 prev_state=S ==> next_comm=main next_pid=2261 next_prio=120
            main-2261  [000] d..2   138.209507: block_rq_insert: 179,0 R 0 () 4078456 + 40 [main]
            main-2261  [000] d..2   138.209512: block_rq_insert: 179,0 R 0 () 4078544 + 88 [main]
            main-2261  [000] d..2   138.209514: block_rq_insert: 179,0 R 0 () 4078640 + 56 [main]
            main-2261  [000] ...2   138.209526: sched_switch: prev_comm=main prev_pid=2261 prev_prio=120 prev_state=R+ ==> next_comm=mmcqd/1 next_pid=116 next_prio=120
         mmcqd/1-116   [000] ...2   138.209611: sched_switch: prev_comm=mmcqd/1 prev_pid=116 prev_prio=120 prev_state=S ==> next_comm=main next_pid=2261 next_prio=120
            main-2261  [000] ...2   138.209618: sched_switch: prev_comm=main prev_pid=2261 prev_prio=120 prev_state=D|W ==> next_comm=swapper/0 next_pid=0 next_prio=120
          <idle>-0     [000] ...2   138.209635: sched_switch: prev_comm=swapper/0 prev_pid=0 prev_prio=120 prev_state=R ==> next_comm=ksoftirqd/0 next_pid=3 next_prio=120
     ksoftirqd/0-3     [000] ...2   138.209643: sched_switch: prev_comm=ksoftirqd/0 prev_pid=3 prev_prio=120 prev_state=S ==> next_comm=swapper/0 next_pid=0 next_prio=120
          <idle>-0     [000] ...2   138.209658: sched_switch: prev_comm=swapper/0 prev_pid=0 prev_prio=120 prev_state=R ==> next_comm=ksoftirqd/0 next_pid=3 next_prio=120
     ksoftirqd/0-3     [000] ...2   138.209665: sched_switch: prev_comm=ksoftirqd/0 prev_pid=3 prev_prio=120 prev_state=S ==> next_comm=swapper/0 next_pid=0 next_prio=120
