     ksoftirqd/0-3     [000] ...2   250.243813: sched_switch: prev_comm=ksoftirqd/0 prev_pid=3 prev_prio=120 prev_state=S ==> next_comm=swapper/0 next_pid=0 next_prio=120
          <idle>-0     [000] ...2   250.243829: sched_switch: prev_comm=swapper/0 prev_pid=0 prev_prio=120 prev_state=R ==> next_comm=ksoftirqd/0 next_pid=3 next_prio=120
     ksoftirqd/0-3     [000] ...2   250.243836: sched_switch: prev_comm=ksoftirqd/0 prev_pid=3 prev_prio=120 prev_state=S ==> next_comm=main next_pid=2838 next_prio=120
 Heap thread poo-2836  [001] ...2   250.243840: sched_switch: prev_comm=main prev_pid=2836 prev_prio=120 prev_state=D ==> next_comm=swapper/1 next_pid=0 next_prio=120
          <idle>-0     [001] ...2   250.243847: sched_switch: prev_comm=swapper/1 prev_pid=0 prev_prio=120 prev_state=R ==> next_comm=main next_pid=2836 next_prio=120
 Heap thread poo-2838  [000] ...2   250.243854: sched_switch: prev_comm=main prev_pid=2838 prev_prio=120 prev_state=D ==> next_comm=swapper/0 next_pid=0 next_prio=120
          <idle>-0     [000] ...2   250.243871: sched_switch: prev_comm=swapper/0 prev_pid=0 prev_prio=120 prev_state=R ==> next_comm=ksoftirqd/0 next_pid=3 next_prio=120
 Heap thread poo-2836  [001] ...2   250.243873: sched_switch: prev_comm=main prev_pid=2836 prev_prio=120 prev_state=D ==> next_comm=swapper/1 next_pid=0 next_prio=120
     ksoftirqd/0-3     [000] ...2   250.243877: sched_switch: prev_comm=ksoftirqd/0 prev_pid=3 prev_prio=120 prev_state=S ==> next_comm=main next_pid=2838 next_prio=120
 Heap thread poo-2838  [000] ...2   250.243894: sched_switch: prev_comm=main prev_pid=2838 prev_prio=120 prev_state=D ==> next_comm=swapper/0 next_pid=0 next_prio=120
          <idle>-0     [001] ...2   250.243897: sched_switch: prev_comm=swapper/1 prev_pid=0 prev_prio=120 prev_state=R ==> next_comm=ksoftirqd/1 next_pid=2835 next_prio=120
     ksoftirqd/1-2835  [001] ...2   250.243910: sched_switch: prev_comm=ksoftirqd/1 prev_pid=2835 prev_prio=120 prev_state=S ==> next_comm=main next_pid=2836 next_prio=120
          <idle>-0     [000] ...2   250.243937: sched_switch: prev_comm=swapper/0 prev_pid=0 prev_prio=120 prev_state=R ==> next_comm=main next_pid=2838 next_prio=120
 Heap thread poo-2836  [001] ...2   250.243938: sched_switch: prev_comm=main prev_pid=2836 prev_prio=120 prev_state=D ==> next_comm=swapper/1 next_pid=0 next_prio=120
 Heap thread poo-2838  [000] ...2   250.243949: sched_switch: prev_comm=main prev_pid=2838 prev_prio=120 prev_state=D ==> next_comm=swapper/0 next_pid=0 next_prio=120
          <idle>-0     [001] ...2   250.243965: sched_switch: prev_comm=swapper/1 prev_pid=0 prev_prio=120 prev_state=R ==> next_comm=ksoftirqd/1 next_pid=2835 next_prio=120
     ksoftirqd/1-2835  [001] ...2   250.243976: sched_switch: prev_comm=ksoftirqd/1 prev_pid=2835 prev_prio=120 prev_state=S ==> next_comm=main next_pid=2836 next_prio=120
          <idle>-0     [000] ...2   250.244000: sched_switch: prev_comm=swapper/0 prev_pid=0 prev_prio=120 prev_state=R ==> next_comm=main next_pid=2838 next_prio=120
 Heap thread poo-2836  [001] ...2   250.244004: sched_switch: prev_comm=main prev_pid=2836 prev_prio=120 prev_state=D ==> next_comm=swapper/1 next_pid=0 next_prio=120
          <idle>-0     [001] ...2   250.244025: sched_switch: prev_comm=swapper/1 prev_pid=0 prev_prio=120 prev_state=R ==> next_comm=main next_pid=2836 next_prio=120
 Heap thread poo-2838  [000] ...2   250.244063: sched_switch: prev_comm=main prev_pid=2838 prev_prio=120 prev_state=S ==> next_comm=main next_pid=2837 next_prio=120
 Heap thread poo-2837  [000] ...2   250.244075: sched_switch: prev_comm=main prev_pid=2837 prev_prio=120 prev_state=S ==> next_comm=swapper/0 next_pid=0 next_prio=120
          <idle>-0     [000] ...2   250.244791: sched_switch: prev_comm=swapper/0 prev_pid=0 prev_prio=120 prev_state=R ==> next_comm=main next_pid=2838 next_prio=120
 Heap thread poo-2836  [001] ...2   250.244812: sched_switch: prev_comm=Heap thread poo prev_pid=2836 prev_prio=120 prev_state=D ==> next_comm=swapper/1 next_pid=0 next_prio=120
          <idle>-0     [001] ...2   250.244819: sched_switch: prev_comm=swapper/1 prev_pid=0 prev_prio=120 prev_state=R ==> next_comm=Heap thread poo next_pid=2836 next_prio=120
 Heap thread poo-2836  [001] ...2   250.244835: sched_switch: prev_comm=Heap thread poo prev_pid=2836 prev_prio=120 prev_state=S ==> next_comm=swapper/1 next_pid=0 next_prio=120
 Heap thread poo-2838  [000] ...2   250.245166: sched_switch: prev_comm=Heap thread poo prev_pid=2838 prev_prio=120 prev_state=S ==> next_comm=main next_pid=2837 next_prio=120
 Heap thread poo-2837  [000] ...2   250.245551: sched_switch: prev_comm=Heap thread poo prev_pid=2837 prev_prio=120 prev_state=R+ ==> next_comm=main next_pid=2831 next_prio=120
          <idle>-0     [001] ...2   250.245574: sched_switch: prev_comm=swapper/1 prev_pid=0 prev_prio=120 prev_state=R ==> next_comm=Heap thread poo next_pid=2836 next_prio=120
 Heap thread poo-2836  [001] ...2   250.245588: sched_switch: prev_comm=Heap thread poo prev_pid=2836 prev_prio=120 prev_state=D ==> next_comm=swapper/1 next_pid=0 next_prio=120
          <idle>-0     [001] ...2   250.245594: sched_switch: prev_comm=swapper/1 prev_pid=0 prev_prio=120 prev_state=R ==> next_comm=Heap thread poo next_pid=2836 next_prio=120
 Heap thread poo-2836  [001] ...2   250.245616: sched_switch: prev_comm=Heap thread poo prev_pid=2836 prev_prio=120 prev_state=R+ ==> next_comm=Heap thread poo next_pid=2838 next_prio=120
            main-2831  [000] ...2   250.245626: sched_switch: prev_comm=main prev_pid=2831 prev_prio=120 prev_state=S ==> next_comm=Heap thread poo next_pid=2837 next_prio=120
 Heap thread poo-2837  [000] ...2   250.245643: sched_switch: prev_comm=Heap thread poo prev_pid=2837 prev_prio=120 prev_state=S ==> next_comm=main next_pid=2839 next_prio=120
 Heap thread poo-2838  [001] ...2   250.245645: sched_switch: prev_comm=Heap thread poo prev_pid=2838 prev_prio=120 prev_state=S ==> next_comm=Heap thread poo next_pid=2836 next_prio=120
 Heap thread poo-2836  [001] ...2   250.245671: sched_switch: prev_comm=Heap thread poo prev_pid=2836 prev_prio=120 prev_state=S ==> next_comm=swapper/1 next_pid=0 next_prio=120
  Signal Catcher-2839  [000] ...2   250.246094: sched_switch: prev_comm=Signal Catcher prev_pid=2839 prev_prio=120 prev_state=R+ ==> next_comm=main next_pid=2831 next_prio=120
          <idle>-0     [001] ...2   250.246165: sched_switch: prev_comm=swapper/1 prev_pid=0 prev_prio=120 prev_state=R ==> next_comm=main next_pid=2840 next_prio=120
            main-2831  [000] ...2   250.246168: sched_switch: prev_comm=main prev_pid=2831 prev_prio=120 prev_state=S ==> next_comm=Signal Catcher next_pid=2839 next_prio=120
  Signal Catcher-2839  [000] ...2   250.246178: sched_switch: prev_comm=Signal Catcher prev_pid=2839 prev_prio=120 prev_state=S ==> next_comm=swapper/0 next_pid=0 next_prio=120
          <idle>-0     [000] ...2   250.246919: sched_switch: prev_comm=swapper/0 prev_pid=0 prev_prio=120 prev_state=R ==> next_comm=main next_pid=2831 next_prio=120
            JDWP-2840  [001] ...2   250.247011: sched_switch: prev_comm=JDWP prev_pid=2840 prev_prio=120 prev_state=R+ ==> next_comm=adbd next_pid=778 next_prio=120
            main-2831  [000] d..2   250.247074: block_rq_insert: 179,0 R 0 () 4067352 + 8 [main]
            main-2831  [000] d..2   250.247078: block_rq_insert: 179,0 R 0 () 4067368 + 8 [main]
            main-2831  [000] ...2   250.247091: sched_switch: prev_comm=main prev_pid=2831 prev_prio=120 prev_state=D|W ==> next_comm=mmcqd/1 next_pid=116 next_prio=120
         mmcqd/1-116   [000] ...2   250.247143: sched_switch: prev_comm=mmcqd/1 prev_pid=116 prev_prio=120 prev_state=S ==> next_comm=swapper/0 next_pid=0 next_prio=120
            adbd-778   [001] ...2   250.247179: sched_switch: prev_comm=adbd prev_pid=778 prev_prio=120 prev_state=S ==> next_comm=JDWP next_pid=2840 next_prio=120
            JDWP-2840  [001] ...2   250.247208: sched_switch: prev_comm=JDWP prev_pid=2840 prev_prio=120 prev_state=R+ ==> next_comm=adbd next_pid=778 next_prio=120
          <idle>-0     [000] ...2   250.247370: sched_switch: prev_comm=swapper/0 prev_pid=0 prev_prio=120 prev_state=R ==> next_comm=mmcqd/1 next_pid=116 next_prio=120
            adbd-778   [001] ...2   250.247384: sched_switch: prev_comm=adbd prev_pid=778 prev_prio=120 prev_state=S ==> next_comm=JDWP next_pid=2840 next_prio=120
         mmcqd/1-116   [000] ...1   250.247396: block_rq_complete: 179,0 RA () 4067352 + 8 [0]
            JDWP-2840  [001] ...2   250.247406: sched_switch: prev_comm=JDWP prev_pid=2840 prev_prio=120 prev_state=S ==> next_comm=swapper/1 next_pid=0 next_prio=120
         mmcqd/1-116   [000] ...2   250.247409: sched_switch: prev_comm=mmcqd/1 prev_pid=116 prev_prio=120 prev_state=S ==> next_comm=swapper/0 next_pid=0 next_prio=120
          <idle>-0     [000] ...2   250.247651: sched_switch: prev_comm=swapper/0 prev_pid=0 prev_prio=120 prev_state=R ==> next_comm=mmcqd/1 next_pid=116 next_prio=120
         mmcqd/1-116   [000] ...1   250.247661: block_rq_complete: 179,0 RA () 4067368 + 8 [0]
         mmcqd/1-116   [000] ...2   250.247679: sched_switch: prev_comm=mmcqd/1 prev_pid=116 prev_prio=120 prev_state=R+ ==> next_comm=kworker/0:1H next_pid=17 next_prio=100
    kworker/0:1H-17    [000] ...2   250.247687: sched_switch: prev_comm=kworker/0:1H prev_pid=17 prev_prio=100 prev_state=S ==> next_comm=mmcqd/1 next_pid=116 next_prio=120
         mmcqd/1-116   [000] ...2   250.247697: sched_switch: prev_comm=mmcqd/1 prev_pid=116 prev_prio=120 prev_state=S ==> next_comm=main next_pid=2831 next_prio=120
            main-2831  [000] d..2   250.248075: block_rq_insert: 179,0 R 0 () 3993912 + 8 [main]
            main-2831  [000] d..2   250.248077: block_rq_insert: 179,0 R 0 () 3993944 + 16 [main]
            main-2831  [000] d..2   250.248079: block_rq_insert: 179,0 R 0 () 3993968 + 72 [main]
            main-2831  [000] ...2   250.248091: sched_switch: prev_comm=main prev_pid=2831 prev_prio=120 prev_state=D|W ==> next_comm=mmcqd/1 next_pid=116 next_prio=120
         mmcqd/1-116   [000] ...2   250.248139: sched_switch: prev_comm=mmcqd/1 prev_pid=116 prev_prio=120 prev_state=S ==> next_comm=swapper/0 next_pid=0 next_prio=120
          <idle>-0     [000] ...2   250.248371: sched_switch: prev_comm=swapper/0 prev_pid=0 prev_prio=120 prev_state=R ==> next_comm=mmcqd/1 next_pid=116 next_prio=120
         mmcqd/1-116   [000] ...1   250.248397: block_rq_complete: 179,0 RA () 3993912 + 8 [0]
         mmcqd/1-116   [000] ...2   250.248437: sched_switch: prev_comm=mmcqd/1 prev_pid=116 prev_prio=120 prev_state=S ==> next_comm=main next_pid=2831 next_prio=120
            main-2831  [000] d..2   250.248579: block_rq_insert: 179,0 R 0 () 4026856 + 24 [main]
            main-2831  [000] d..2   250.248582: block_rq_insert: 179,0 R 0 () 4026944 + 8 [main]
            main-2831  [000] d..2   250.248584: block_rq_insert: 179,0 R 0 () 4026960 + 40 [main]
            main-2831  [000] d..2   250.248585: block_rq_insert: 179,0 R 0 () 4027008 + 24 [main]
            main-2831  [000] ...2   250.248592: sched_switch: prev_comm=main prev_pid=2831 prev_prio=120 prev_state=D|W ==> next_comm=swapper/0 next_pid=0 next_prio=120
          <idle>-0     [000] ...2   250.248745: sched_switch: prev_comm=swapper/0 prev_pid=0 prev_prio=120 prev_state=R ==> next_comm=mmcqd/1 next_pid=116 next_prio=120
         mmcqd/1-116   [000] ...1   250.248772: block_rq_complete: 179,0 RA () 3993944 + 16 [0]
         mmcqd/1-116   [000] ...2   250.248796: sched_switch: prev_comm=mmcqd/1 prev_pid=116 prev_prio=120 prev_state=S ==> next_comm=swapper/0 next_pid=0 next_prio=120
          <idle>-0     [000] ...2   250.248919: sched_switch: prev_comm=swapper/0 prev_pid=0 prev_prio=120 prev_state=R ==> next_comm=ksoftirqd/0 next_pid=3 next_prio=120
     ksoftirqd/0-3     [000] ...2   250.248925: sched_switch: prev_comm=ksoftirqd/0 prev_pid=3 prev_prio=120 prev_state=S ==> next_comm=swapper/0 next_pid=0 next_prio=120
          <idle>-0     [001] ...2   250.248928: sched_switch: prev_comm=swapper/1 prev_pid=0 prev_prio=120 prev_state=R ==> next_comm=kworker/1:0H next_pid=2834 next_prio=100
          <idle>-0     [000] ...2   250.248940: sched_switch: prev_comm=swapper/0 prev_pid=0 prev_prio=120 prev_state=R ==> next_comm=ksoftirqd/0 next_pid=3 next_prio=120
     ksoftirqd/0-3     [000] ...2   250.248954: sched_switch: prev_comm=ksoftirqd/0 prev_pid=3 prev_prio=120 prev_state=S ==> next_comm=kthreadd next_pid=2 next_prio=98
    kworker/1:0H-2834  [001] ...2   250.248957: sched_switch: prev_comm=kworker/1:0H prev_pid=2834 prev_prio=100 prev_state=D ==> next_comm=ksoftirqd/1 next_pid=2835 next_prio=120
     ksoftirqd/1-2835  [001] ...2   250.248976: sched_switch: prev_comm=ksoftirqd/1 prev_pid=2835 prev_prio=120 prev_state=S ==> next_comm=swapper/1 next_pid=0 next_prio=120
        kthreadd-2     [000] ...2   250.248983: sched_switch: prev_comm=kthreadd prev_pid=2 prev_prio=98 prev_state=S ==> next_comm=swapper/0 next_pid=0 next_prio=120
          <idle>-0     [001] ...2   250.248983: sched_switch: prev_comm=swapper/1 prev_pid=0 prev_prio=120 prev_state=R ==> next_comm=kthreadd next_pid=2841 next_prio=98
          <idle>-0     [000] ...2   250.248997: sched_switch: prev_comm=swapper/0 prev_pid=0 prev_prio=120 prev_state=R ==> next_comm=ksoftirqd/0 next_pid=3 next_prio=120
    kworker/1:1H-2841  [001] ...2   250.249000: sched_switch: prev_comm=kthreadd prev_pid=2841 prev_prio=98 prev_state=D ==> next_comm=kworker/1:0H next_pid=2834 next_prio=100
     ksoftirqd/0-3     [000] ...2   250.249008: sched_switch: prev_comm=ksoftirqd/0 prev_pid=3 prev_prio=120 prev_state=S ==> next_comm=swapper/0 next_pid=0 next_prio=120
    kworker/1:0H-2834  [001] ...2   250.249044: sched_switch: prev_comm=kworker/1:0H prev_pid=2834 prev_prio=100 prev_state=D ==> next_comm=kworker/1:1H next_pid=2841 next_prio=100
          <idle>-0     [000] ...2   250.249065: sched_switch: prev_comm=swapper/0 prev_pid=0 prev_prio=120 prev_state=R ==> next_comm=kthreadd next_pid=2 next_prio=98
    kworker/1:1H-2841  [001] ...2   250.249066: sched_switch: prev_comm=kworker/1:1H prev_pid=2841 prev_prio=100 prev_state=D ==> next_comm=swapper/1 next_pid=0 next_prio=120
        kthreadd-2     [000] ...2   250.249087: sched_switch: prev_comm=kthreadd prev_pid=2 prev_prio=98 prev_state=S ==> next_comm=swapper/0 next_pid=0 next_prio=120
          <idle>-0     [001] ...2   250.249090: sched_switch: prev_comm=swapper/1 prev_pid=0 prev_prio=120 prev_state=R ==> next_comm=kthreadd next_pid=2842 next_prio=98
    kworker/1:2H-2842  [001] ...2   250.249105: sched_switch: prev_comm=kthreadd prev_pid=2842 prev_prio=98 prev_state=D ==> next_comm=kworker/1:1H next_pid=2841 next_prio=100
    kworker/1:1H-2841  [001] ...2   250.249150: sched_switch: prev_comm=kworker/1:1H prev_pid=2841 prev_prio=100 prev_state=S ==> next_comm=kworker/1:2H next_pid=2842 next_prio=100
    kworker/1:2H-2842  [001] ...2   250.249159: sched_switch: prev_comm=kworker/1:2H prev_pid=2842 prev_prio=100 prev_state=S ==> next_comm=kworker/1:0H next_pid=2834 next_prio=100
    kworker/1:0H-2834  [001] ...2   250.249173: sched_switch: prev_comm=kworker/1:0H prev_pid=2834 prev_prio=100 prev_state=S ==> next_comm=ksoftirqd/1 next_pid=2835 next_prio=120
     ksoftirqd/1-2835  [001] ...2   250.249192: sched_switch: prev_comm=ksoftirqd/1 prev_pid=2835 prev_prio=120 prev_state=S ==> next_comm=swapper/1 next_pid=0 next_prio=120
          <idle>-0     [000] ...2   250.249360: sched_switch: prev_comm=swapper/0 prev_pid=0 prev_prio=120 prev_state=R ==> next_comm=mmcqd/1 next_pid=116 next_prio=120
         mmcqd/1-116   [000] ...1   250.249402: block_rq_complete: 179,0 RA () 3993968 + 72 [0]
         mmcqd/1-116   [000] ...2   250.249425: sched_switch: prev_comm=mmcqd/1 prev_pid=116 prev_prio=120 prev_state=S ==> next_comm=swapper/0 next_pid=0 next_prio=120
          <idle>-0     [000] ...2   250.249691: sched_switch: prev_comm=swapper/0 prev_pid=0 prev_prio=120 prev_state=R ==> next_comm=mmcqd/1 next_pid=116 next_prio=120
         mmcqd/1-116   [000] ...1   250.249719: block_rq_complete: 179,0 RA () 4026856 + 24 [0]
         mmcqd/1-116   [000] ...2   250.249747: sched_switch: prev_comm=mmcqd/1 prev_pid=116 prev_prio=120 prev_state=S ==> next_comm=swapper/0 next_pid=0 next_prio=120
          <idle>-0     [000] ...2   250.249973: sched_switch: prev_comm=swapper/0 prev_pid=0 prev_prio=120 prev_state=R ==> next_comm=mmcqd/1 next_pid=116 next_prio=120
         mmcqd/1-116   [000] ...1   250.249998: block_rq_complete: 179,0 RA () 4026944 + 8 [0]
         mmcqd/1-116   [000] ...2   250.250025: sched_switch: prev_comm=mmcqd/1 prev_pid=116 prev_prio=120 prev_state=S ==> next_comm=main next_pid=2831 next_prio=120
            main-2831  [000] d..2   250.250076: block_rq_insert: 179,0 R 0 () 4028616 + 96 [main]
            main-2831  [000] d..2   250.250078: block_rq_insert: 179,0 R 0 () 4028736 + 56 [main]
            main-2831  [000] ...2   250.250085: sched_switch: prev_comm=main prev_pid=2831 prev_prio=120 prev_state=D|W ==> next_comm=swapper/0 next_pid=0 next_prio=120
          <idle>-0     [000] ...2   250.250439: sched_switch: prev_comm=swapper/0 prev_pid=0 prev_prio=120 prev_state=R ==> next_comm=mmcqd/1 next_pid=116 next_prio=120
         mmcqd/1-116   [000] ...1   250.250472: block_rq_complete: 179,0 RA () 4026960 + 40 [0]
         mmcqd/1-116   [000] ...2   250.250514: sched_switch: prev_comm=mmcqd/1 prev_pid=116 prev_prio=120 prev_state=S ==> next_comm=swapper/0 next_pid=0 next_prio=120
          <idle>-0     [000] ...2   250.250761: sched_switch: prev_comm=swapper/0 prev_pid=0 prev_prio=120 prev_state=R ==> next_comm=mmcqd/1 next_pid=116 next_prio=120
         mmcqd/1-116   [000] ...1   250.250790: block_rq_complete: 179,0 RA () 4027008 + 24 [0]
         mmcqd/1-116   [000] ...2   250.250821: sched_switch: prev_comm=mmcqd/1 prev_pid=116 prev_prio=120 prev_state=S ==> next_comm=swapper/0 next_pid=0 next_prio=120
          <idle>-0     [000] ...2   250.251556: sched_switch: prev_comm=swapper/0 prev_pid=0 prev_prio=120 prev_state=R ==> next_comm=mmcqd/1 next_pid=116 next_prio=120
         mmcqd/1-116   [000] ...1   250.251600: block_rq_complete: 179,0 RA () 4028616 + 96 [0]
         mmcqd/1-116   [000] ...2   250.251619: sched_switch: prev_comm=mmcqd/1 prev_pid=116 prev_prio=120 prev_state=S ==> next_comm=main next_pid=2831 next_prio=120
          <idle>-0     [001] ...2   250.251729: sched_switch: prev_comm=swapper/1 prev_pid=0 prev_prio=120 prev_state=R ==> next_comm=main next_pid=2843 next_prio=120
            main-2831  [000] d..2   250.251965: block_rq_insert: 179,0 R 0 () 3993624 + 48 [main]
            main-2831  [000] d..2   250.251967: block_rq_insert: 179,0 R 0 () 3993688 + 24 [main]
            main-2831  [000] d..2   250.251969: block_rq_insert: 179,0 R 0 () 3993752 + 8 [main]
            main-2831  [000] ...2   250.251980: sched_switch: prev_comm=main prev_pid=2831 prev_prio=120 prev_state=D|W ==> next_comm=mmcqd/1 next_pid=116 next_prio=120
         mmcqd/1-116   [000] ...2   250.252005: sched_switch: prev_comm=mmcqd/1 prev_pid=116 prev_prio=120 prev_state=S ==> next_comm=swapper/0 next_pid=0 next_prio=120
          <idle>-0     [000] ...2   250.252084: sched_switch: prev_comm=swapper/0 prev_pid=0 prev_prio=120 prev_state=R ==> next_comm=mmcqd/1 next_pid=116 next_prio=120
         mmcqd/1-116   [000] ...1   250.252117: block_rq_complete: 179,0 RA () 4028736 + 56 [0]
         mmcqd/1-116   [000] ...2   250.252139: sched_switch: prev_comm=mmcqd/1 prev_pid=116 prev_prio=120 prev_state=S ==> next_comm=swapper/0 next_pid=0 next_prio=120
 ReferenceQueueD-2843  [001] ...2   250.252433: sched_switch: prev_comm=ReferenceQueueD prev_pid=2843 prev_prio=120 prev_state=S ==> next_comm=swapper/1 next_pid=0 next_prio=120
          <idle>-0     [001] ...2   250.252456: sched_switch: prev_comm=swapper/1 prev_pid=0 prev_prio=120 prev_state=R ==> next_comm=ksoftirqd/1 next_pid=2835 next_prio=120
     ksoftirqd/1-2835  [001] ...2   250.252471: sched_switch: prev_comm=ksoftirqd/1 prev_pid=2835 prev_prio=120 prev_state=S ==> next_comm=swapper/1 next_pid=0 next_prio=120
          <idle>-0     [001] ...2   250.252493: sched_switch: prev_comm=swapper/1 prev_pid=0 prev_prio=120 prev_state=R ==> next_comm=ksoftirqd/1 next_pid=2835 next_prio=120
     ksoftirqd/1-2835  [001] ...2   250.252507: sched_switch: prev_comm=ksoftirqd/1 prev_pid=2835 prev_prio=120 prev_state=S ==> next_comm=swapper/1 next_pid=0 next_prio=120
          <idle>-0     [001] ...2   250.252525: sched_switch: prev_comm=swapper/1 prev_pid=0 prev_prio=120 prev_state=R ==> next_comm=ksoftirqd/1 next_pid=2835 next_prio=120
     ksoftirqd/1-2835  [001] ...2   250.252542: sched_switch: prev_comm=ksoftirqd/1 prev_pid=2835 prev_prio=120 prev_state=S ==> next_comm=swapper/1 next_pid=0 next_prio=120
          <idle>-0     [000] ...2   250.252580: sched_switch: prev_comm=swapper/0 prev_pid=0 prev_prio=120 prev_state=R ==> next_comm=mmcqd/1 next_pid=116 next_prio=120
         mmcqd/1-116   [000] ...1   250.252615: block_rq_complete: 179,0 RA () 3993624 + 48 [0]
         mmcqd/1-116   [000] ...2   250.252636: sched_switch: prev_comm=mmcqd/1 prev_pid=116 prev_prio=120 prev_state=S ==> next_comm=swapper/0 next_pid=0 next_prio=120
          <idle>-0     [000] ...2   250.252980: sched_switch: prev_comm=swapper/0 prev_pid=0 prev_prio=120 prev_state=R ==> next_comm=mmcqd/1 next_pid=116 next_prio=120
         mmcqd/1-116   [000] ...1   250.253009: block_rq_complete: 179,0 RA () 3993688 + 24 [0]
         mmcqd/1-116   [000] ...2   250.253021: sched_switch: prev_comm=mmcqd/1 prev_pid=116 prev_prio=120 prev_state=S ==> next_comm=swapper/0 next_pid=0 next_prio=120
          <idle>-0     [000] ...2   250.253243: sched_switch: prev_comm=swapper/0 prev_pid=0 prev_prio=120 prev_state=R ==> next_comm=mmcqd/1 next_pid=116 next_prio=120
         mmcqd/1-116   [000] ...1   250.253253: block_rq_complete: 179,0 RA () 3993752 + 8 [0]
         mmcqd/1-116   [000] ...2   250.253270: sched_switch: prev_comm=mmcqd/1 prev_pid=116 prev_prio=120 prev_state=R+ ==> next_comm=kworker/0:1H next_pid=17 next_prio=100
    kworker/0:1H-17    [000] ...2   250.253277: sched_switch: prev_comm=kworker/0:1H prev_pid=17 prev_prio=100 prev_state=S ==> next_comm=mmcqd/1 next_pid=116 next_prio=120
         mmcqd/1-116   [000] ...2   250.253287: sched_switch: prev_comm=mmcqd/1 prev_pid=116 prev_prio=120 prev_state=S ==> next_comm=main next_pid=2831 next_prio=120
            main-2831  [000] d..2   250.253375: block_rq_insert: 179,0 R 0 () 4019800 + 24 [main]
            main-2831  [000] d..2   250.253377: block_rq_insert: 179,0 R 0 () 4019896 + 8 [main]
            main-2831  [000] d..2   250.253379: block_rq_insert: 179,0 R 0 () 4019928 + 8 [main]
            main-2831  [000] ...2   250.253389: sched_switch: prev_comm=main prev_pid=2831 prev_prio=120 prev_state=D|W ==> next_comm=mmcqd/1 next_pid=116 next_prio=120
         mmcqd/1-116   [000] ...2   250.253437: sched_switch: prev_comm=mmcqd/1 prev_pid=116 prev_prio=120 prev_state=S ==> next_comm=swapper/0 next_pid=0 next_prio=120
          <idle>-0     [000] ...2   250.253800: sched_switch: prev_comm=swapper/0 prev_pid=0 prev_prio=120 prev_state=R ==> next_comm=mmcqd/1 next_pid=116 next_prio=120
         mmcqd/1-116   [000] ...1   250.253829: block_rq_complete: 179,0 RA () 4019800 + 24 [0]
         mmcqd/1-116   [000] ...2   250.253847: sched_switch: prev_comm=mmcqd/1 prev_pid=116 prev_prio=120 prev_state=S ==> next_comm=swapper/0 next_pid=0 next_prio=120
          <idle>-0     [000] ...2   250.254065: sched_switch: prev_comm=swapper/0 prev_pid=0 prev_prio=120 prev_state=R ==> next_comm=mmcqd/1 next_pid=116 next_prio=120
         mmcqd/1-116   [000] ...1   250.254090: block_rq_complete: 179,0 RA () 4019896 + 8 [0]
         mmcqd/1-116   [000] ...2   250.254102: sched_switch: prev_comm=mmcqd/1 prev_pid=116 prev_prio=120 prev_state=S ==> next_comm=swapper/0 next_pid=0 next_prio=120
          <idle>-0     [000] ...2   250.254344: sched_switch: prev_comm=swapper/0 prev_pid=0 prev_prio=120 prev_state=R ==> next_comm=mmcqd/1 next_pid=116 next_prio=120
         mmcqd/1-116   [000] ...1   250.254353: block_rq_complete: 179,0 RA () 4019928 + 8 [0]
         mmcqd/1-116   [000] ...2   250.254369: sched_switch: prev_comm=mmcqd/1 prev_pid=116 prev_prio=120 prev_state=R+ ==> next_comm=kworker/0:1H next_pid=17 next_prio=100
    kworker/0:1H-17    [000] ...2   250.254376: sched_switch: prev_comm=kworker/0:1H prev_pid=17 prev_prio=100 prev_state=S ==> next_comm=mmcqd/1 next_pid=116 next_prio=120
         mmcqd/1-116   [000] ...2   250.254385: sched_switch: prev_comm=mmcqd/1 prev_pid=116 prev_prio=120 prev_state=S ==> next_comm=main next_pid=2831 next_prio=120
            main-2831  [000] d..2   250.254465: block_rq_insert: 179,0 R 0 () 4028368 + 104 [main]
            main-2831  [000] d..2   250.254468: block_rq_insert: 179,0 R 0 () 4028480 + 32 [main]
            main-2831  [000] ...2   250.254479: sched_switch: prev_comm=main prev_pid=2831 prev_prio=120 prev_state=D|W ==> next_comm=mmcqd/1 next_pid=116 next_prio=120
         mmcqd/1-116   [000] ...2   250.254553: sched_switch: prev_comm=mmcqd/1 prev_pid=116 prev_prio=120 prev_state=S ==> next_comm=swapper/0 next_pid=0 next_prio=120
          <idle>-0     [000] ...2   250.255345: sched_switch: prev_comm=swapper/0 prev_pid=0 prev_prio=120 prev_state=R ==> next_comm=mmcqd/1 next_pid=116 next_prio=120
         mmcqd/1-116   [000] ...1   250.255391: block_rq_complete: 179,0 RA () 4028368 + 104 [0]
         mmcqd/1-116   [000] ...2   250.255406: sched_switch: prev_comm=mmcqd/1 prev_pid=116 prev_prio=120 prev_state=S ==> next_comm=swapper/0 next_pid=0 next_prio=120
          <idle>-0     [000] ...2   250.255716: sched_switch: prev_comm=swapper/0 prev_pid=0 prev_prio=120 prev_state=R ==> next_comm=mmcqd/1 next_pid=116 next_prio=120
         mmcqd/1-116   [000] ...1   250.255732: block_rq_complete: 179,0 RA () 4028480 + 32 [0]
         mmcqd/1-116   [000] ...2   250.255750: sched_switch: prev_comm=mmcqd/1 prev_pid=116 prev_prio=120 prev_state=R+ ==> next_comm=kworker/0:1H next_pid=17 next_prio=100
    kworker/0:1H-17    [000] ...2   250.255757: sched_switch: prev_comm=kworker/0:1H prev_pid=17 prev_prio=100 prev_state=S ==> next_comm=mmcqd/1 next_pid=116 next_prio=120
         mmcqd/1-116   [000] ...2   250.255765: sched_switch: prev_comm=mmcqd/1 prev_pid=116 prev_prio=120 prev_state=S ==> next_comm=main next_pid=2831 next_prio=120
          <idle>-0     [001] ...2   250.255854: sched_switch: prev_comm=swapper/1 prev_pid=0 prev_prio=120 prev_state=R ==> next_comm=main next_pid=2844 next_prio=120
            main-2831  [000] ...2   250.256043: sched_switch: prev_comm=main prev_pid=2831 prev_prio=120 prev_state=S ==> next_comm=swapper/0 next_pid=0 next_prio=120
          <idle>-0     [000] ...2   250.256481: sched_switch: prev_comm=swapper/0 prev_pid=0 prev_prio=120 prev_state=R ==> next_comm=main next_pid=2831 next_prio=120
            main-2831  [000] ...2   250.256508: sched_switch: prev_comm=main prev_pid=2831 prev_prio=120 prev_state=D ==> next_comm=swapper/0 next_pid=0 next_prio=120
          <idle>-0     [000] ...2   250.256529: sched_switch: prev_comm=swapper/0 prev_pid=0 prev_prio=120 prev_state=R ==> next_comm=main next_pid=2831 next_prio=120
            main-2831  [000] ...2   250.256540: sched_switch: prev_comm=main prev_pid=2831 prev_prio=120 prev_state=D ==> next_comm=swapper/0 next_pid=0 next_prio=120
          <idle>-0     [000] ...2   250.256560: sched_switch: prev_comm=swapper/0 prev_pid=0 prev_prio=120 prev_state=R ==> next_comm=main next_pid=2831 next_prio=120
 FinalizerDaemon-2844  [001] ...2   250.256561: sched_switch: prev_comm=FinalizerDaemon prev_pid=2844 prev_prio=120 prev_state=D ==> next_comm=swapper/1 next_pid=0 next_prio=120
          <idle>-0     [001] ...2   250.256586: sched_switch: prev_comm=swapper/1 prev_pid=0 prev_prio=120 prev_state=R ==> next_comm=ksoftirqd/1 next_pid=2835 next_prio=120
     ksoftirqd/1-2835  [001] ...2   250.256599: sched_switch: prev_comm=ksoftirqd/1 prev_pid=2835 prev_prio=120 prev_state=S ==> next_comm=FinalizerDaemon next_pid=2844 next_prio=120
 FinalizerDaemon-2844  [001] ...2   250.256614: sched_switch: prev_comm=FinalizerDaemon prev_pid=2844 prev_prio=120 prev_state=S ==> next_comm=swapper/1 next_pid=0 next_prio=120
          <idle>-0     [001] ...2   250.256635: sched_switch: prev_comm=swapper/1 prev_pid=0 prev_prio=120 prev_state=R ==> next_comm=ksoftirqd/1 next_pid=2835 next_prio=120
     ksoftirqd/1-2835  [001] ...2   250.256645: sched_switch: prev_comm=ksoftirqd/1 prev_pid=2835 prev_prio=120 prev_state=S ==> next_comm=swapper/1 next_pid=0 next_prio=120
          <idle>-0     [001] ...2   250.256665: sched_switch: prev_comm=swapper/1 prev_pid=0 prev_prio=120 prev_state=R ==> next_comm=ksoftirqd/1 next_pid=2835 next_prio=120
     ksoftirqd/1-2835  [001] ...2   250.256675: sched_switch: prev_comm=ksoftirqd/1 prev_pid=2835 prev_prio=120 prev_state=S ==> next_comm=swapper/1 next_pid=0 next_prio=120
          <idle>-0     [001] ...2   250.256891: sched_switch: prev_comm=swapper/1 prev_pid=0 prev_prio=120 prev_state=R ==> next_comm=main next_pid=2846 next_prio=120
            main-2831  [000] ...2   250.257097: sched_switch: prev_comm=main prev_pid=2831 prev_prio=120 prev_state=S ==> next_comm=main next_pid=2845 next_prio=120
 HeapTrimmerDaem-2846  [001] ...2   250.257111: sched_switch: prev_comm=main prev_pid=2846 prev_prio=120 prev_state=R ==> next_comm=swapper/1 next_pid=0 next_prio=120
          <idle>-0     [001] ...2   250.257118: sched_switch: prev_comm=swapper/1 prev_pid=0 prev_prio=120 prev_state=R ==> next_comm=main next_pid=2846 next_prio=120
 FinalizerWatchd-2845  [000] ...2   250.257120: sched_switch: prev_comm=main prev_pid=2845 prev_prio=120 prev_state=S ==> next_comm=swapper/0 next_pid=0 next_prio=120
          <idle>-0     [000] ...2   250.257548: sched_switch: prev_comm=swapper/0 prev_pid=0 prev_prio=120 prev_state=R ==> next_comm=main next_pid=2831 next_prio=120
 HeapTrimmerDaem-2846  [001] ...2   250.257599: sched_switch: prev_comm=HeapTrimmerDaem prev_pid=2846 prev_prio=120 prev_state=S ==> next_comm=swapper/1 next_pid=0 next_prio=120
          <idle>-0     [001] ...2   250.257607: sched_switch: prev_comm=swapper/1 prev_pid=0 prev_prio=120 prev_state=R ==> next_comm=main next_pid=2847 next_prio=120
            main-2831  [000] d..2   250.257792: block_rq_insert: 179,0 R 0 () 4008360 + 48 [main]
            main-2831  [000] d..2   250.257795: block_rq_insert: 179,0 R 0 () 4008432 + 16 [main]
            main-2831  [000] d..2   250.257797: block_rq_insert: 179,0 R 0 () 4008456 + 8 [main]
            main-2831  [000] d..2   250.257799: block_rq_insert: 179,0 R 0 () 4008536 + 16 [main]
            main-2831  [000] ...2   250.257810: sched_switch: prev_comm=main prev_pid=2831 prev_prio=120 prev_state=D|W ==> next_comm=mmcqd/1 next_pid=116 next_prio=120
         mmcqd/1-116   [000] ...2   250.257856: sched_switch: prev_comm=mmcqd/1 prev_pid=116 prev_prio=120 prev_state=S ==> next_comm=main next_pid=2845 next_prio=120
 FinalizerWatchd-2845  [000] ...2   250.257869: sched_switch: prev_comm=main prev_pid=2845 prev_prio=120 prev_state=S ==> next_comm=swapper/0 next_pid=0 next_prio=120
          <idle>-0     [000] ...2   250.258156: sched_switch: prev_comm=swapper/0 prev_pid=0 prev_prio=120 prev_state=R ==> next_comm=mmcqd/1 next_pid=116 next_prio=120
         mmcqd/1-116   [000] ...1   250.258182: block_rq_complete: 179,0 RA () 4008536 + 16 [0]
         mmcqd/1-116   [000] ...2   250.258202: sched_switch: prev_comm=mmcqd/1 prev_pid=116 prev_prio=120 prev_state=S ==> next_comm=swapper/0 next_pid=0 next_prio=120
          <idle>-0     [000] ...2   250.258243: sched_switch: prev_comm=swapper/0 prev_pid=0 prev_prio=120 prev_state=R ==> next_comm=main next_pid=2845 next_prio=120
        GCDaemon-2847  [001] ...2   250.258289: sched_switch: prev_comm=GCDaemon prev_pid=2847 prev_prio=120 prev_state=S ==> next_comm=swapper/1 next_pid=0 next_prio=120
 FinalizerWatchd-2845  [000] ...2   250.258414: sched_switch: prev_comm=main prev_pid=2845 prev_prio=120 prev_state=R+ ==> next_comm=mmcqd/1 next_pid=116 next_prio=120
         mmcqd/1-116   [000] ...1   250.258441: block_rq_complete: 179,0 RA () 4008456 + 8 [0]
         mmcqd/1-116   [000] ...2   250.258475: sched_switch: prev_comm=mmcqd/1 prev_pid=116 prev_prio=120 prev_state=S ==> next_comm=main next_pid=2831 next_prio=120
            main-2831  [000] ...2   250.258491: sched_switch: prev_comm=main prev_pid=2831 prev_prio=120 prev_state=D|W ==> next_comm=main next_pid=2845 next_prio=120
 FinalizerWatchd-2845  [000] ...2   250.258750: sched_switch: prev_comm=FinalizerWatchd prev_pid=2845 prev_prio=120 prev_state=S ==> next_comm=swapper/0 next_pid=0 next_prio=120
          <idle>-0     [000] ...2   250.258753: sched_switch: prev_comm=swapper/0 prev_pid=0 prev_prio=120 prev_state=R ==> next_comm=mmcqd/1 next_pid=116 next_prio=120
         mmcqd/1-116   [000] ...1   250.258781: block_rq_complete: 179,0 RA () 4008432 + 16 [0]
         mmcqd/1-116   [000] ...2   250.258797: sched_switch: prev_comm=mmcqd/1 prev_pid=116 prev_prio=120 prev_state=S ==> next_comm=main next_pid=2831 next_prio=120
          <idle>-0     [001] ...2   250.258924: sched_switch: prev_comm=swapper/1 prev_pid=0 prev_prio=120 prev_state=R ==> next_comm=ksoftirqd/1 next_pid=2835 next_prio=120
     ksoftirqd/1-2835  [001] ...2   250.258938: sched_switch: prev_comm=ksoftirqd/1 prev_pid=2835 prev_prio=120 prev_state=S ==> next_comm=swapper/1 next_pid=0 next_prio=120
          <idle>-0     [001] ...2   250.258959: sched_switch: prev_comm=swapper/1 prev_pid=0 prev_prio=120 prev_state=R ==> next_comm=ksoftirqd/1 next_pid=2835 next_prio=120
     ksoftirqd/1-2835  [001] ...2   250.258969: sched_switch: prev_comm=ksoftirqd/1 prev_pid=2835 prev_prio=120 prev_state=S ==> next_comm=swapper/1 next_pid=0 next_prio=120
          <idle>-0     [001] ...2   250.258989: sched_switch: prev_comm=swapper/1 prev_pid=0 prev_prio=120 prev_state=R ==> next_comm=ksoftirqd/1 next_pid=2835 next_prio=120
     ksoftirqd/1-2835  [001] ...2   250.258999: sched_switch: prev_comm=ksoftirqd/1 prev_pid=2835 prev_prio=120 prev_state=S ==> next_comm=swapper/1 next_pid=0 next_prio=120
            main-2831  [000] d..2   250.259079: block_rq_insert: 179,0 R 0 () 4079784 + 8 [main]
            main-2831  [000] d..2   250.259082: block_rq_insert: 179,0 R 0 () 4079880 + 40 [main]
            main-2831  [000] ...2   250.259093: sched_switch: prev_comm=main prev_pid=2831 prev_prio=120 prev_state=D|W ==> next_comm=mmcqd/1 next_pid=116 next_prio=120
         mmcqd/1-116   [000] ...2   250.259111: sched_switch: prev_comm=mmcqd/1 prev_pid=116 prev_prio=120 prev_state=S ==> next_comm=swapper/0 next_pid=0 next_prio=120
          <idle>-0     [000] ...2   250.259128: sched_switch: prev_comm=swapper/0 prev_pid=0 prev_prio=120 prev_state=R ==> next_comm=ksoftirqd/0 next_pid=3 next_prio=120
     ksoftirqd/0-3     [000] ...2   250.259135: sched_switch: prev_comm=ksoftirqd/0 prev_pid=3 prev_prio=120 prev_state=S ==> next_comm=swapper/0 next_pid=0 next_prio=120
          <idle>-0     [000] ...2   250.259151: sched_switch: prev_comm=swapper/0 prev_pid=0 prev_prio=120 prev_state=R ==> next_comm=ksoftirqd/0 next_pid=3 next_prio=120
     ksoftirqd/0-3     [000] ...2   250.259159: sched_switch: prev_comm=ksoftirqd/0 prev_pid=3 prev_prio=120 prev_state=S ==> next_comm=swapper/0 next_pid=0 next_prio=120
          <idle>-0     [000] ...2   250.259260: sched_switch: prev_comm=swapper/0 prev_pid=0 prev_prio=120 prev_state=R ==> next_comm=mmcqd/1 next_pid=116 next_prio=120
         mmcqd/1-116   [000] ...1   250.259297: block_rq_complete: 179,0 RA () 4008360 + 48 [0]
         mmcqd/1-116   [000] ...2   250.259325: sched_switch: prev_comm=mmcqd/1 prev_pid=116 prev_prio=120 prev_state=S ==> next_comm=swapper/0 next_pid=0 next_prio=120
          <idle>-0     [000] ...2   250.259518: sched_switch: prev_comm=swapper/0 prev_pid=0 prev_prio=120 prev_state=R ==> next_comm=mmcqd/1 next_pid=116 next_prio=120
         mmcqd/1-116   [000] ...1   250.259543: block_rq_complete: 179,0 RA () 4079784 + 8 [0]
         mmcqd/1-116   [000] ...2   250.259555: sched_switch: prev_comm=mmcqd/1 prev_pid=116 prev_prio=120 prev_state=S ==> next_comm=swapper/0 next_pid=0 next_prio=120
          <idle>-0     [000] ...2   250.259990: sched_switch: prev_comm=swapper/0 prev_pid=0 prev_prio=120 prev_state=R ==> next_comm=mmcqd/1 next_pid=116 next_prio=120
         mmcqd/1-116   [000] ...1   250.260007: block_rq_complete: 179,0 RA () 4079880 + 40 [0]
         mmcqd/1-116   [000] ...2   250.260025: sched_switch: prev_comm=mmcqd/1 prev_pid=116 prev_prio=120 prev_state=R+ ==> next_comm=kworker/0:1H next_pid=17 next_prio=100
    kworker/0:1H-17    [000] ...2   250.260034: sched_switch: prev_comm=kworker/0:1H prev_pid=17 prev_prio=100 prev_state=S ==> next_comm=mmcqd/1 next_pid=116 next_prio=120
         mmcqd/1-116   [000] ...2   250.260043: sched_switch: prev_comm=mmcqd/1 prev_pid=116 prev_prio=120 prev_state=S ==> next_comm=main next_pid=2831 next_prio=120
            main-2831  [000] d..2   250.261289: block_rq_insert: 179,0 R 0 () 4084016 + 8 [main]
            main-2831  [000] d..2   250.261294: block_rq_insert: 179,0 R 0 () 4084104 + 8 [main]
            main-2831  [000] d..2   250.261295: block_rq_insert: 179,0 R 0 () 4084128 + 8 [main]
            main-2831  [000] ...2   250.261310: sched_switch: prev_comm=main prev_pid=2831 prev_prio=120 prev_state=D|W ==> next_comm=mmcqd/1 next_pid=116 next_prio=120
         mmcqd/1-116   [000] ...2   250.261361: sched_switch: prev_comm=mmcqd/1 prev_pid=116 prev_prio=120 prev_state=S ==> next_comm=swapper/0 next_pid=0 next_prio=120
          <idle>-0     [000] ...2   250.261596: sched_switch: prev_comm=swapper/0 prev_pid=0 prev_prio=120 prev_state=R ==> next_comm=mmcqd/1 next_pid=116 next_prio=120
         mmcqd/1-116   [000] ...1   250.261622: block_rq_complete: 179,0 RA () 4084016 + 8 [0]
         mmcqd/1-116   [000] ...2   250.261641: sched_switch: prev_comm=mmcqd/1 prev_pid=116 prev_prio=120 prev_state=S ==> next_comm=swapper/0 next_pid=0 next_prio=120
          <idle>-0     [000] ...2   250.261854: sched_switch: prev_comm=swapper/0 prev_pid=0 prev_prio=120 prev_state=R ==> next_comm=mmcqd/1 next_pid=116 next_prio=120
         mmcqd/1-116   [000] ...1   250.261880: block_rq_complete: 179,0 RA () 4084104 + 8 [0]
         mmcqd/1-116   [000] ...2   250.261895: sched_switch: prev_comm=mmcqd/1 prev_pid=116 prev_prio=120 prev_state=S ==> next_comm=main next_pid=2831 next_prio=120
            main-2831  [000] d..2   250.263210: block_rq_insert: 179,0 R 0 () 4086360 + 56 [main]
            main-2831  [000] d..2   250.263213: block_rq_insert: 179,0 R 0 () 4086424 + 72 [main]
            main-2831  [000] d..2   250.263216: block_rq_insert: 179,0 R 0 () 4086528 + 32 [main]
            main-2831  [000] ...2   250.263225: sched_switch: prev_comm=main prev_pid=2831 prev_prio=120 prev_state=D|W ==> next_comm=mmcqd/1 next_pid=116 next_prio=120
         mmcqd/1-116   [000] ...1   250.263236: block_rq_complete: 179,0 RA () 4084128 + 8 [0]
         mmcqd/1-116   [000] ...2   250.263252: sched_switch: prev_comm=mmcqd/1 prev_pid=116 prev_prio=120 prev_state=R+ ==> next_comm=kworker/0:1H next_pid=17 next_prio=100
    kworker/0:1H-17    [000] ...2   250.263260: sched_switch: prev_comm=kworker/0:1H prev_pid=17 prev_prio=100 prev_state=S ==> next_comm=mmcqd/1 next_pid=116 next_prio=120
         mmcqd/1-116   [000] ...2   250.263340: sched_switch: prev_comm=mmcqd/1 prev_pid=116 prev_prio=120 prev_state=S ==> next_comm=swapper/0 next_pid=0 next_prio=120
          <idle>-0     [000] ...2   250.263832: sched_switch: prev_comm=swapper/0 prev_pid=0 prev_prio=120 prev_state=R ==> next_comm=mmcqd/1 next_pid=116 next_prio=120
         mmcqd/1-116   [000] ...1   250.263867: block_rq_complete: 179,0 RA () 4086360 + 56 [0]
         mmcqd/1-116   [000] ...2   250.263894: sched_switch: prev_comm=mmcqd/1 prev_pid=116 prev_prio=120 prev_state=S ==> next_comm=swapper/0 next_pid=0 next_prio=120
          <idle>-0     [000] ...2   250.264404: sched_switch: prev_comm=swapper/0 prev_pid=0 prev_prio=120 prev_state=R ==> next_comm=mmcqd/1 next_pid=116 next_prio=120
         mmcqd/1-116   [000] ...1   250.264444: block_rq_complete: 179,0 RA () 4086424 + 72 [0]
         mmcqd/1-116   [000] ...2   250.264462: sched_switch: prev_comm=mmcqd/1 prev_pid=116 prev_prio=120 prev_state=S ==> next_comm=main next_pid=2831 next_prio=120
            main-2831  [000] ...2   250.264760: sched_switch: prev_comm=main prev_pid=2831 prev_prio=120 prev_state=R ==> next_comm=mmcqd/1 next_pid=116 next_prio=120
         mmcqd/1-116   [000] ...1   250.264776: block_rq_complete: 179,0 RA () 4086528 + 32 [0]
         mmcqd/1-116   [000] ...2   250.264790: sched_switch: prev_comm=mmcqd/1 prev_pid=116 prev_prio=120 prev_state=R+ ==> next_comm=kworker/0:1H next_pid=17 next_prio=100
    kworker/0:1H-17    [000] ...2   250.264797: sched_switch: prev_comm=kworker/0:1H prev_pid=17 prev_prio=100 prev_state=S ==> next_comm=mmcqd/1 next_pid=116 next_prio=120
         mmcqd/1-116   [000] ...2   250.264806: sched_switch: prev_comm=mmcqd/1 prev_pid=116 prev_prio=120 prev_state=S ==> next_comm=main next_pid=2831 next_prio=120
            main-2831  [000] d..2   250.266465: block_rq_insert: 179,0 R 0 () 4078456 + 40 [main]
            main-2831  [000] d..2   250.266469: block_rq_insert: 179,0 R 0 () 4078544 + 88 [main]
            main-2831  [000] d..2   250.266471: block_rq_insert: 179,0 R 0 () 4078640 + 56 [main]
            main-2831  [000] ...2   250.266483: sched_switch: prev_comm=main prev_pid=2831 prev_prio=120 prev_state=R+ ==> next_comm=mmcqd/1 next_pid=116 next_prio=120
         mmcqd/1-116   [000] ...2   250.266566: sched_switch: prev_comm=mmcqd/1 prev_pid=116 prev_prio=120 prev_state=S ==> next_comm=main next_pid=2831 next_prio=120
            main-2831  [000] ...2   250.266573: sched_switch: prev_comm=main prev_pid=2831 prev_prio=120 prev_state=D|W ==> next_comm=swapper/0 next_pid=0 next_prio=120
          <idle>-0     [000] ...2   250.267043: sched_switch: prev_comm=swapper/0 prev_pid=0 prev_prio=120 prev_state=R ==> next_comm=mmcqd/1 next_pid=116 next_prio=120
         mmcqd/1-116   [000] ...1   250.267080: block_rq_complete: 179,0 RA () 4078640 + 56 [0]
         mmcqd/1-116   [000] ...2   250.267110: sched_switch: prev_comm=mmcqd/1 prev_pid=116 prev_prio=120 prev_state=S ==> next_comm=swapper/0 next_pid=0 next_prio=120
          <idle>-0     [000] ...2   250.267797: sched_switch: prev_comm=swapper/0 prev_pid=0 prev_prio=120 prev_state=R ==> next_comm=mmcqd/1 next_pid=116 next_prio=120
         mmcqd/1-116   [000] ...1   250.267840: block_rq_complete: 179,0 RA () 4078544 + 88 [0]
         mmcqd/1-116   [000] ...2   250.267859: sched_switch: prev_comm=mmcqd/1 prev_pid=116 prev_prio=120 prev_state=S ==> next_comm=main next_pid=2831 next_prio=120
            main-2831  [000] d..2   250.267930: block_rq_insert: 179,0 R 0 () 4078128 + 8 [main]
            main-2831  [000] d..2   250.267932: block_rq_insert: 179,0 R 0 () 4078152 + 8 [main]
            main-2831  [000] d..2   250.267934: block_rq_insert: 179,0 R 0 () 4078176 + 24 [main]
            main-2831  [000] d..2   250.267936: block_rq_insert: 179,0 R 0 () 4078208 + 56 [main]
            main-2831  [000] d..2   250.267937: block_rq_insert: 179,0 R 0 () 4078280 + 104 [main]
            main-2831  [000] ...2   250.267947: sched_switch: prev_comm=main prev_pid=2831 prev_prio=120 prev_state=R+ ==> next_comm=mmcqd/1 next_pid=116 next_prio=120
         mmcqd/1-116   [000] ...2   250.267988: sched_switch: prev_comm=mmcqd/1 prev_pid=116 prev_prio=120 prev_state=S ==> next_comm=main next_pid=2831 next_prio=120
            main-2831  [000] ...2   250.267994: sched_switch: prev_comm=main prev_pid=2831 prev_prio=120 prev_state=D|W ==> next_comm=swapper/0 next_pid=0 next_prio=120
          <idle>-0     [000] ...2   250.268262: sched_switch: prev_comm=swapper/0 prev_pid=0 prev_prio=120 prev_state=R ==> next_comm=mmcqd/1 next_pid=116 next_prio=120
         mmcqd/1-116   [000] ...1   250.268294: block_rq_complete: 179,0 RA () 4078456 + 40 [0]
         mmcqd/1-116   [000] ...2   250.268326: sched_switch: prev_comm=mmcqd/1 prev_pid=116 prev_prio=120 prev_state=S ==> next_comm=swapper/0 next_pid=0 next_prio=120
          <idle>-0     [000] ...2   250.269088: sched_switch: prev_comm=swapper/0 prev_pid=0 prev_prio=120 prev_state=R ==> next_comm=mmcqd/1 next_pid=116 next_prio=120
         mmcqd/1-116   [000] ...1   250.269136: block_rq_complete: 179,0 RA () 4078280 + 104 [0]
         mmcqd/1-116   [000] ...2   250.269161: sched_switch: prev_comm=mmcqd/1 prev_pid=116 prev_prio=120 prev_state=S ==> next_comm=swapper/0 next_pid=0 next_prio=120
          <idle>-0     [000] ...2   250.269587: sched_switch: prev_comm=swapper/0 prev_pid=0 prev_prio=120 prev_state=R ==> next_comm=mmcqd/1 next_pid=116 next_prio=120
         mmcqd/1-116   [000] ...1   250.269623: block_rq_complete: 179,0 RA () 4078208 + 56 [0]
         mmcqd/1-116   [000] ...2   250.269648: sched_switch: prev_comm=mmcqd/1 prev_pid=116 prev_prio=120 prev_state=S ==> next_comm=main next_pid=2831 next_prio=120
            main-2831  [000] d..2   250.269824: block_rq_insert: 179,0 R 0 () 4077968 + 8 [main]
            main-2831  [000] d..2   250.269827: block_rq_insert: 179,0 R 0 () 4078016 + 88 [main]
            main-2831  [000] ...2   250.269834: sched_switch: prev_comm=main prev_pid=2831 prev_prio=120 prev_state=D|W ==> next_comm=swapper/0 next_pid=0 next_prio=120
          <idle>-0     [000] ...2   250.269932: sched_switch: prev_comm=swapper/0 prev_pid=0 prev_prio=120 prev_state=R ==> next_comm=mmcqd/1 next_pid=116 next_prio=120
         mmcqd/1-116   [000] ...1   250.269962: block_rq_complete: 179,0 RA () 4078176 + 24 [0]
         mmcqd/1-116   [000] ...2   250.269987: sched_switch: prev_comm=mmcqd/1 prev_pid=116 prev_prio=120 prev_state=S ==> next_comm=swapper/0 next_pid=0 next_prio=120
          <idle>-0     [000] ...2   250.270213: sched_switch: prev_comm=swapper/0 prev_pid=0 prev_prio=120 prev_state=R ==> next_comm=mmcqd/1 next_pid=116 next_prio=120
         mmcqd/1-116   [000] ...1   250.270238: block_rq_complete: 179,0 RA () 4078152 + 8 [0]
         mmcqd/1-116   [000] ...2   250.270276: sched_switch: prev_comm=mmcqd/1 prev_pid=116 prev_prio=120 prev_state=S ==> next_comm=swapper/0 next_pid=0 next_prio=120
          <idle>-0     [000] ...2   250.270560: sched_switch: prev_comm=swapper/0 prev_pid=0 prev_prio=120 prev_state=R ==> next_comm=mmcqd/1 next_pid=116 next_prio=120
         mmcqd/1-116   [000] ...1   250.270589: block_rq_complete: 179,0 RA () 4078112 + 24 [0]
         mmcqd/1-116   [000] ...2   250.270608: sched_switch: prev_comm=mmcqd/1 prev_pid=116 prev_prio=120 prev_state=S ==> next_comm=swapper/0 next_pid=0 next_prio=120
          <idle>-0     [000] ...2   250.271320: sched_switch: prev_comm=swapper/0 prev_pid=0 prev_prio=120 prev_state=R ==> next_comm=mmcqd/1 next_pid=116 next_prio=120
         mmcqd/1-116   [000] ...1   250.271363: block_rq_complete: 179,0 RA () 4078016 + 88 [0]
         mmcqd/1-116   [000] ...2   250.271381: sched_switch: prev_comm=mmcqd/1 prev_pid=116 prev_prio=120 prev_state=S ==> next_comm=main next_pid=2831 next_prio=120
            main-2831  [000] d..2   250.271534: block_rq_insert: 179,0 R 0 () 3992040 + 24 [main]
            main-2831  [000] d..2   250.271536: block_rq_insert: 179,0 R 0 () 3992168 + 8 [main]
            main-2831  [000] d..2   250.271540: block_rq_insert: 179,0 R 0 () 3992192 + 56 [main]
            main-2831  [000] ...2   250.271561: sched_switch: prev_comm=main prev_pid=2831 prev_prio=120 prev_state=R+ ==> next_comm=mmcqd/1 next_pid=116 next_prio=120
         mmcqd/1-116   [000] ...1   250.271571: block_rq_complete: 179,0 RA () 4077968 + 8 [0]
         mmcqd/1-116   [000] ...2   250.271584: sched_switch: prev_comm=mmcqd/1 prev_pid=116 prev_prio=120 prev_state=R+ ==> next_comm=kworker/0:1H next_pid=17 next_prio=100
    kworker/0:1H-17    [000] ...2   250.271592: sched_switch: prev_comm=kworker/0:1H prev_pid=17 prev_prio=100 prev_state=S ==> next_comm=mmcqd/1 next_pid=116 next_prio=120
         mmcqd/1-116   [000] ...2   250.271643: sched_switch: prev_comm=mmcqd/1 prev_pid=116 prev_prio=120 prev_state=S ==> next_comm=main next_pid=2831 next_prio=120
            main-2831  [000] ...2   250.271650: sched_switch: prev_comm=main prev_pid=2831 prev_prio=120 prev_state=D|W ==> next_comm=swapper/0 next_pid=0 next_prio=120
          <idle>-0     [000] ...2   250.271941: sched_switch: prev_comm=swapper/0 prev_pid=0 prev_prio=120 prev_state=R ==> next_comm=mmcqd/1 next_pid=116 next_prio=120
         mmcqd/1-116   [000] ...1   250.271970: block_rq_complete: 179,0 RA () 3992040 + 24 [0]
         mmcqd/1-116   [000] ...2   250.272001: sched_switch: prev_comm=mmcqd/1 prev_pid=116 prev_prio=120 prev_state=S ==> next_comm=swapper/0 next_pid=0 next_prio=120
          <idle>-0     [000] ...2   250.272228: sched_switch: prev_comm=swapper/0 prev_pid=0 prev_prio=120 prev_state=R ==> next_comm=mmcqd/1 next_pid=116 next_prio=120
         mmcqd/1-116   [000] ...1   250.272254: block_rq_complete: 179,0 RA () 3992168 + 8 [0]
         mmcqd/1-116   [000] ...2   250.272269: sched_switch: prev_comm=mmcqd/1 prev_pid=116 prev_prio=120 prev_state=S ==> next_comm=main next_pid=2831 next_prio=120
            main-2831  [000] d..2   250.272307: block_rq_insert: 179,0 R 0 () 3992296 + 8 [main]
            main-2831  [000] d..2   250.272309: block_rq_insert: 179,0 R 0 () 3992368 + 16 [main]
            main-2831  [000] d..2   250.272311: block_rq_insert: 179,0 R 0 () 3992400 + 8 [main]
