          <idle>-0     [000] ...2   287.777805: sched_switch: prev_comm=swapper/0 prev_pid=0 prev_prio=120 prev_state=R ==> next_comm=ksoftirqd/0 next_pid=3 next_prio=120
     ksoftirqd/0-3     [000] ...2   287.777814: sched_switch: prev_comm=ksoftirqd/0 prev_pid=3 prev_prio=120 prev_state=S ==> next_comm=swapper/0 next_pid=0 next_prio=120
          <idle>-0     [000] ...2   287.777830: sched_switch: prev_comm=swapper/0 prev_pid=0 prev_prio=120 prev_state=R ==> next_comm=ksoftirqd/0 next_pid=3 next_prio=120
     ksoftirqd/0-3     [000] ...2   287.777839: sched_switch: prev_comm=ksoftirqd/0 prev_pid=3 prev_prio=120 prev_state=S ==> next_comm=swapper/0 next_pid=0 next_prio=120
          <idle>-0     [000] ...2   287.777854: sched_switch: prev_comm=swapper/0 prev_pid=0 prev_prio=120 prev_state=R ==> next_comm=ksoftirqd/0 next_pid=3 next_prio=120
     ksoftirqd/0-3     [000] ...2   287.777863: sched_switch: prev_comm=ksoftirqd/0 prev_pid=3 prev_prio=120 prev_state=S ==> next_comm=swapper/0 next_pid=0 next_prio=120
          <idle>-0     [000] ...2   287.778028: sched_switch: prev_comm=swapper/0 prev_pid=0 prev_prio=120 prev_state=R ==> next_comm=mmcqd/1 next_pid=116 next_prio=120
         mmcqd/1-116   [000] ...1   287.778040: block_rq_complete: 179,0 RA () 3984640 + 16 [0]
         mmcqd/1-116   [000] ...2   287.778057: sched_switch: prev_comm=mmcqd/1 prev_pid=116 prev_prio=120 prev_state=R+ ==> next_comm=kworker/0:1H next_pid=17 next_prio=100
    kworker/0:1H-17    [000] ...2   287.778064: sched_switch: prev_comm=kworker/0:1H prev_pid=17 prev_prio=100 prev_state=S ==> next_comm=mmcqd/1 next_pid=116 next_prio=120
         mmcqd/1-116   [000] ...2   287.778073: sched_switch: prev_comm=mmcqd/1 prev_pid=116 prev_prio=120 prev_state=S ==> next_comm=main next_pid=3051 next_prio=120
          <idle>-0     [001] ...2   287.778698: sched_switch: prev_comm=swapper/1 prev_pid=0 prev_prio=120 prev_state=R ==> next_comm=main next_pid=3058 next_prio=120
 Heap thread poo-3058  [001] ...2   287.778716: sched_switch: prev_comm=main prev_pid=3058 prev_prio=120 prev_state=D ==> next_comm=swapper/1 next_pid=0 next_prio=120
          <idle>-0     [001] ...2   287.778724: sched_switch: prev_comm=swapper/1 prev_pid=0 prev_prio=120 prev_state=R ==> next_comm=main next_pid=3058 next_prio=120
            main-3051  [000] ...2   287.778861: sched_switch: prev_comm=main prev_pid=3051 prev_prio=120 prev_state=S ==> next_comm=main next_pid=3060 next_prio=120
 Heap thread poo-3058  [001] ...2   287.778873: sched_switch: prev_comm=main prev_pid=3058 prev_prio=120 prev_state=D ==> next_comm=main next_pid=3059 next_prio=120
 Heap thread poo-3060  [000] ...2   287.778905: sched_switch: prev_comm=main prev_pid=3060 prev_prio=120 prev_state=R ==> next_comm=kworker/u:4 next_pid=210 next_prio=120
 Heap thread poo-3059  [001] ...2   287.778916: sched_switch: prev_comm=main prev_pid=3059 prev_prio=120 prev_state=R+ ==> next_comm=main next_pid=3058 next_prio=120
     kworker/u:4-210   [000] ...2   287.778919: sched_switch: prev_comm=kworker/u:4 prev_pid=210 prev_prio=120 prev_state=S ==> next_comm=mpdecision next_pid=1527 next_prio=113
 Heap thread poo-3058  [001] ...2   287.778923: sched_switch: prev_comm=main prev_pid=3058 prev_prio=120 prev_state=R ==> next_comm=kworker/1:0H next_pid=3054 next_prio=100
    kworker/1:0H-3054  [001] ...2   287.778953: sched_switch: prev_comm=kworker/1:0H prev_pid=3054 prev_prio=100 prev_state=D ==> next_comm=kworker/1:2H next_pid=3057 next_prio=100
      mpdecision-1527  [000] ...2   287.778974: sched_switch: prev_comm=mpdecision prev_pid=1527 prev_prio=113 prev_state=D ==> next_comm=main next_pid=3060 next_prio=120
 Heap thread poo-3060  [000] ...2   287.778981: sched_switch: prev_comm=main prev_pid=3060 prev_prio=120 prev_state=R+ ==> next_comm=mpdecision next_pid=1527 next_prio=113
    kworker/1:2H-3057  [001] ...2   287.778991: sched_switch: prev_comm=kworker/1:2H prev_pid=3057 prev_prio=100 prev_state=S ==> next_comm=kworker/1:0H next_pid=3054 next_prio=100
    kworker/1:0H-3054  [001] ...2   287.779003: sched_switch: prev_comm=kworker/1:0H prev_pid=3054 prev_prio=100 prev_state=S ==> next_comm=main next_pid=3058 next_prio=120
      mpdecision-1527  [000] ...2   287.779162: sched_switch: prev_comm=mpdecision prev_pid=1527 prev_prio=113 prev_state=S ==> next_comm=main next_pid=3060 next_prio=120
 Heap thread poo-3058  [001] ...2   287.779261: sched_switch: prev_comm=main prev_pid=3058 prev_prio=120 prev_state=D ==> next_comm=main next_pid=3059 next_prio=120
 Heap thread poo-3059  [001] ...2   287.779270: sched_switch: prev_comm=main prev_pid=3059 prev_prio=120 prev_state=R+ ==> next_comm=main next_pid=3058 next_prio=120
 Heap thread poo-3060  [000] ...2   287.779273: sched_switch: prev_comm=main prev_pid=3060 prev_prio=120 prev_state=D ==> next_comm=swapper/0 next_pid=0 next_prio=120
          <idle>-0     [000] ...2   287.779288: sched_switch: prev_comm=swapper/0 prev_pid=0 prev_prio=120 prev_state=R ==> next_comm=ksoftirqd/0 next_pid=3 next_prio=120
 Heap thread poo-3058  [001] ...2   287.779290: sched_switch: prev_comm=main prev_pid=3058 prev_prio=120 prev_state=D ==> next_comm=main next_pid=3059 next_prio=120
     ksoftirqd/0-3     [000] ...2   287.779295: sched_switch: prev_comm=ksoftirqd/0 prev_pid=3 prev_prio=120 prev_state=S ==> next_comm=main next_pid=3060 next_prio=120
 Heap thread poo-3059  [001] ...2   287.779305: sched_switch: prev_comm=main prev_pid=3059 prev_prio=120 prev_state=D ==> next_comm=swapper/1 next_pid=0 next_prio=120
          <idle>-0     [001] ...2   287.779312: sched_switch: prev_comm=swapper/1 prev_pid=0 prev_prio=120 prev_state=R ==> next_comm=main next_pid=3058 next_prio=120
 Heap thread poo-3060  [000] ...2   287.779326: sched_switch: prev_comm=main prev_pid=3060 prev_prio=120 prev_state=D ==> next_comm=swapper/0 next_pid=0 next_prio=120
 Heap thread poo-3058  [001] ...2   287.779329: sched_switch: prev_comm=main prev_pid=3058 prev_prio=120 prev_state=D ==> next_comm=main next_pid=3059 next_prio=120
          <idle>-0     [000] ...2   287.779337: sched_switch: prev_comm=swapper/0 prev_pid=0 prev_prio=120 prev_state=R ==> next_comm=ksoftirqd/0 next_pid=3 next_prio=120
     ksoftirqd/0-3     [000] ...2   287.779346: sched_switch: prev_comm=ksoftirqd/0 prev_pid=3 prev_prio=120 prev_state=S ==> next_comm=main next_pid=3060 next_prio=120
 Heap thread poo-3059  [001] ...2   287.779352: sched_switch: prev_comm=main prev_pid=3059 prev_prio=120 prev_state=R+ ==> next_comm=main next_pid=3058 next_prio=120
 Heap thread poo-3060  [000] ...2   287.779386: sched_switch: prev_comm=main prev_pid=3060 prev_prio=120 prev_state=S ==> next_comm=swapper/0 next_pid=0 next_prio=120
          <idle>-0     [000] ...2   287.779397: sched_switch: prev_comm=swapper/0 prev_pid=0 prev_prio=120 prev_state=R ==> next_comm=ksoftirqd/0 next_pid=3 next_prio=120
     ksoftirqd/0-3     [000] ...2   287.779402: sched_switch: prev_comm=ksoftirqd/0 prev_pid=3 prev_prio=120 prev_state=S ==> next_comm=swapper/0 next_pid=0 next_prio=120
          <idle>-0     [000] ...2   287.779942: sched_switch: prev_comm=swapper/0 prev_pid=0 prev_prio=120 prev_state=R ==> next_comm=main next_pid=3060 next_prio=120
 Heap thread poo-3058  [001] ...2   287.779974: sched_switch: prev_comm=Heap thread poo prev_pid=3058 prev_prio=120 prev_state=S ==> next_comm=main next_pid=3059 next_prio=120
 Heap thread poo-3059  [001] ...2   287.779998: sched_switch: prev_comm=main prev_pid=3059 prev_prio=120 prev_state=S ==> next_comm=swapper/1 next_pid=0 next_prio=120
          <idle>-0     [001] ...2   287.780024: sched_switch: prev_comm=swapper/1 prev_pid=0 prev_prio=120 prev_state=R ==> next_comm=ksoftirqd/1 next_pid=3055 next_prio=120
     ksoftirqd/1-3055  [001] ...2   287.780040: sched_switch: prev_comm=ksoftirqd/1 prev_pid=3055 prev_prio=120 prev_state=S ==> next_comm=swapper/1 next_pid=0 next_prio=120
          <idle>-0     [001] ...2   287.780062: sched_switch: prev_comm=swapper/1 prev_pid=0 prev_prio=120 prev_state=R ==> next_comm=ksoftirqd/1 next_pid=3055 next_prio=120
     ksoftirqd/1-3055  [001] ...2   287.780073: sched_switch: prev_comm=ksoftirqd/1 prev_pid=3055 prev_prio=120 prev_state=S ==> next_comm=swapper/1 next_pid=0 next_prio=120
          <idle>-0     [001] ...2   287.780095: sched_switch: prev_comm=swapper/1 prev_pid=0 prev_prio=120 prev_state=R ==> next_comm=ksoftirqd/1 next_pid=3055 next_prio=120
     ksoftirqd/1-3055  [001] ...2   287.780105: sched_switch: prev_comm=ksoftirqd/1 prev_pid=3055 prev_prio=120 prev_state=S ==> next_comm=swapper/1 next_pid=0 next_prio=120
          <idle>-0     [001] ...2   287.780302: sched_switch: prev_comm=swapper/1 prev_pid=0 prev_prio=120 prev_state=R ==> next_comm=main next_pid=3059 next_prio=120
 Heap thread poo-3060  [000] ...2   287.780306: sched_switch: prev_comm=Heap thread poo prev_pid=3060 prev_prio=120 prev_state=S ==> next_comm=swapper/0 next_pid=0 next_prio=120
          <idle>-0     [000] ...2   287.780973: sched_switch: prev_comm=swapper/0 prev_pid=0 prev_prio=120 prev_state=R ==> next_comm=main next_pid=3051 next_prio=120
 Heap thread poo-3059  [001] ...2   287.780993: sched_switch: prev_comm=Heap thread poo prev_pid=3059 prev_prio=120 prev_state=S ==> next_comm=Heap thread poo next_pid=3058 next_prio=120
 Heap thread poo-3058  [001] ...2   287.781008: sched_switch: prev_comm=Heap thread poo prev_pid=3058 prev_prio=120 prev_state=D ==> next_comm=swapper/1 next_pid=0 next_prio=120
          <idle>-0     [001] ...2   287.781016: sched_switch: prev_comm=swapper/1 prev_pid=0 prev_prio=120 prev_state=R ==> next_comm=Heap thread poo next_pid=3058 next_prio=120
            main-3051  [000] ...2   287.781049: sched_switch: prev_comm=main prev_pid=3051 prev_prio=120 prev_state=S ==> next_comm=Heap thread poo next_pid=3060 next_prio=120
 Heap thread poo-3058  [001] ...2   287.781056: sched_switch: prev_comm=Heap thread poo prev_pid=3058 prev_prio=120 prev_state=S ==> next_comm=swapper/1 next_pid=0 next_prio=120
 Heap thread poo-3060  [000] ...2   287.781065: sched_switch: prev_comm=Heap thread poo prev_pid=3060 prev_prio=120 prev_state=S ==> next_comm=main next_pid=3061 next_prio=120
  Signal Catcher-3061  [000] ...2   287.781522: sched_switch: prev_comm=Signal Catcher prev_pid=3061 prev_prio=120 prev_state=R+ ==> next_comm=main next_pid=3051 next_prio=120
          <idle>-0     [001] ...2   287.781603: sched_switch: prev_comm=swapper/1 prev_pid=0 prev_prio=120 prev_state=R ==> next_comm=main next_pid=3062 next_prio=120
            main-3051  [000] ...2   287.781605: sched_switch: prev_comm=main prev_pid=3051 prev_prio=120 prev_state=S ==> next_comm=Signal Catcher next_pid=3061 next_prio=120
  Signal Catcher-3061  [000] ...2   287.781613: sched_switch: prev_comm=Signal Catcher prev_pid=3061 prev_prio=120 prev_state=S ==> next_comm=swapper/0 next_pid=0 next_prio=120
          <idle>-0     [000] ...2   287.782347: sched_switch: prev_comm=swapper/0 prev_pid=0 prev_prio=120 prev_state=R ==> next_comm=main next_pid=3051 next_prio=120
            JDWP-3062  [001] ...2   287.782439: sched_switch: prev_comm=JDWP prev_pid=3062 prev_prio=120 prev_state=R+ ==> next_comm=adbd next_pid=778 next_prio=120
            main-3051  [000] d..2   287.782503: block_rq_insert: 179,0 R 0 () 4067352 + 8 [main]
            main-3051  [000] d..2   287.782507: block_rq_insert: 179,0 R 0 () 4067368 + 8 [main]
            main-3051  [000] ...2   287.782519: sched_switch: prev_comm=main prev_pid=3051 prev_prio=120 prev_state=D|W ==> next_comm=mmcqd/1 next_pid=116 next_prio=120
         mmcqd/1-116   [000] ...2   287.782572: sched_switch: prev_comm=mmcqd/1 prev_pid=116 prev_prio=120 prev_state=S ==> next_comm=swapper/0 next_pid=0 next_prio=120
            adbd-778   [001] ...2   287.782604: sched_switch: prev_comm=adbd prev_pid=778 prev_prio=120 prev_state=S ==> next_comm=JDWP next_pid=3062 next_prio=120
            JDWP-3062  [001] ...2   287.782634: sched_switch: prev_comm=JDWP prev_pid=3062 prev_prio=120 prev_state=R+ ==> next_comm=adbd next_pid=778 next_prio=120
          <idle>-0     [000] ...2   287.782796: sched_switch: prev_comm=swapper/0 prev_pid=0 prev_prio=120 prev_state=R ==> next_comm=mmcqd/1 next_pid=116 next_prio=120
            adbd-778   [001] ...2   287.782810: sched_switch: prev_comm=adbd prev_pid=778 prev_prio=120 prev_state=S ==> next_comm=JDWP next_pid=3062 next_prio=120
         mmcqd/1-116   [000] ...1   287.782823: block_rq_complete: 179,0 RA () 4067352 + 8 [0]
            JDWP-3062  [001] ...2   287.782833: sched_switch: prev_comm=JDWP prev_pid=3062 prev_prio=120 prev_state=S ==> next_comm=swapper/1 next_pid=0 next_prio=120
         mmcqd/1-116   [000] ...2   287.782836: sched_switch: prev_comm=mmcqd/1 prev_pid=116 prev_prio=120 prev_state=S ==> next_comm=swapper/0 next_pid=0 next_prio=120
          <idle>-0     [000] ...2   287.783076: sched_switch: prev_comm=swapper/0 prev_pid=0 prev_prio=120 prev_state=R ==> next_comm=mmcqd/1 next_pid=116 next_prio=120
         mmcqd/1-116   [000] ...1   287.783086: block_rq_complete: 179,0 RA () 4067368 + 8 [0]
         mmcqd/1-116   [000] ...2   287.783103: sched_switch: prev_comm=mmcqd/1 prev_pid=116 prev_prio=120 prev_state=R+ ==> next_comm=kworker/0:1H next_pid=17 next_prio=100
    kworker/0:1H-17    [000] ...2   287.783111: sched_switch: prev_comm=kworker/0:1H prev_pid=17 prev_prio=100 prev_state=S ==> next_comm=mmcqd/1 next_pid=116 next_prio=120
         mmcqd/1-116   [000] ...2   287.783121: sched_switch: prev_comm=mmcqd/1 prev_pid=116 prev_prio=120 prev_state=S ==> next_comm=main next_pid=3051 next_prio=120
            main-3051  [000] d..2   287.783502: block_rq_insert: 179,0 R 0 () 3993912 + 8 [main]
            main-3051  [000] d..2   287.783506: block_rq_insert: 179,0 R 0 () 3993944 + 16 [main]
            main-3051  [000] d..2   287.783507: block_rq_insert: 179,0 R 0 () 3993968 + 72 [main]
            main-3051  [000] ...2   287.783519: sched_switch: prev_comm=main prev_pid=3051 prev_prio=120 prev_state=D|W ==> next_comm=mmcqd/1 next_pid=116 next_prio=120
         mmcqd/1-116   [000] ...2   287.783571: sched_switch: prev_comm=mmcqd/1 prev_pid=116 prev_prio=120 prev_state=S ==> next_comm=swapper/0 next_pid=0 next_prio=120
          <idle>-0     [000] ...2   287.783798: sched_switch: prev_comm=swapper/0 prev_pid=0 prev_prio=120 prev_state=R ==> next_comm=mmcqd/1 next_pid=116 next_prio=120
         mmcqd/1-116   [000] ...1   287.783824: block_rq_complete: 179,0 RA () 3993912 + 8 [0]
         mmcqd/1-116   [000] ...2   287.783865: sched_switch: prev_comm=mmcqd/1 prev_pid=116 prev_prio=120 prev_state=S ==> next_comm=main next_pid=3051 next_prio=120
            main-3051  [000] d..2   287.784005: block_rq_insert: 179,0 R 0 () 4026856 + 24 [main]
            main-3051  [000] d..2   287.784008: block_rq_insert: 179,0 R 0 () 4026944 + 8 [main]
            main-3051  [000] d..2   287.784010: block_rq_insert: 179,0 R 0 () 4026960 + 40 [main]
            main-3051  [000] d..2   287.784011: block_rq_insert: 179,0 R 0 () 4027008 + 24 [main]
            main-3051  [000] ...2   287.784018: sched_switch: prev_comm=main prev_pid=3051 prev_prio=120 prev_state=D|W ==> next_comm=swapper/0 next_pid=0 next_prio=120
          <idle>-0     [000] ...2   287.784174: sched_switch: prev_comm=swapper/0 prev_pid=0 prev_prio=120 prev_state=R ==> next_comm=mmcqd/1 next_pid=116 next_prio=120
         mmcqd/1-116   [000] ...1   287.784202: block_rq_complete: 179,0 RA () 3993944 + 16 [0]
         mmcqd/1-116   [000] ...2   287.784227: sched_switch: prev_comm=mmcqd/1 prev_pid=116 prev_prio=120 prev_state=S ==> next_comm=swapper/0 next_pid=0 next_prio=120
          <idle>-0     [000] ...2   287.784786: sched_switch: prev_comm=swapper/0 prev_pid=0 prev_prio=120 prev_state=R ==> next_comm=mmcqd/1 next_pid=116 next_prio=120
         mmcqd/1-116   [000] ...1   287.784826: block_rq_complete: 179,0 RA () 3993968 + 72 [0]
         mmcqd/1-116   [000] ...2   287.784846: sched_switch: prev_comm=mmcqd/1 prev_pid=116 prev_prio=120 prev_state=S ==> next_comm=swapper/0 next_pid=0 next_prio=120
          <idle>-0     [000] ...2   287.785116: sched_switch: prev_comm=swapper/0 prev_pid=0 prev_prio=120 prev_state=R ==> next_comm=mmcqd/1 next_pid=116 next_prio=120
         mmcqd/1-116   [000] ...1   287.785145: block_rq_complete: 179,0 RA () 4026856 + 24 [0]
         mmcqd/1-116   [000] ...2   287.785173: sched_switch: prev_comm=mmcqd/1 prev_pid=116 prev_prio=120 prev_state=S ==> next_comm=swapper/0 next_pid=0 next_prio=120
          <idle>-0     [000] ...2   287.785396: sched_switch: prev_comm=swapper/0 prev_pid=0 prev_prio=120 prev_state=R ==> next_comm=mmcqd/1 next_pid=116 next_prio=120
         mmcqd/1-116   [000] ...1   287.785421: block_rq_complete: 179,0 RA () 4026944 + 8 [0]
         mmcqd/1-116   [000] ...2   287.785448: sched_switch: prev_comm=mmcqd/1 prev_pid=116 prev_prio=120 prev_state=S ==> next_comm=main next_pid=3051 next_prio=120
            main-3051  [000] d..2   287.785503: block_rq_insert: 179,0 R 0 () 4028616 + 96 [main]
            main-3051  [000] d..2   287.785505: block_rq_insert: 179,0 R 0 () 4028736 + 56 [main]
            main-3051  [000] ...2   287.785512: sched_switch: prev_comm=main prev_pid=3051 prev_prio=120 prev_state=D|W ==> next_comm=swapper/0 next_pid=0 next_prio=120
          <idle>-0     [000] ...2   287.785860: sched_switch: prev_comm=swapper/0 prev_pid=0 prev_prio=120 prev_state=R ==> next_comm=mmcqd/1 next_pid=116 next_prio=120
         mmcqd/1-116   [000] ...1   287.785892: block_rq_complete: 179,0 RA () 4026960 + 40 [0]
         mmcqd/1-116   [000] ...2   287.785934: sched_switch: prev_comm=mmcqd/1 prev_pid=116 prev_prio=120 prev_state=S ==> next_comm=swapper/0 next_pid=0 next_prio=120
          <idle>-0     [000] ...2   287.786179: sched_switch: prev_comm=swapper/0 prev_pid=0 prev_prio=120 prev_state=R ==> next_comm=mmcqd/1 next_pid=116 next_prio=120
         mmcqd/1-116   [000] ...1   287.786208: block_rq_complete: 179,0 RA () 4027008 + 24 [0]
         mmcqd/1-116   [000] ...2   287.786239: sched_switch: prev_comm=mmcqd/1 prev_pid=116 prev_prio=120 prev_state=S ==> next_comm=swapper/0 next_pid=0 next_prio=120
          <idle>-0     [000] ...2   287.786978: sched_switch: prev_comm=swapper/0 prev_pid=0 prev_prio=120 prev_state=R ==> next_comm=mmcqd/1 next_pid=116 next_prio=120
         mmcqd/1-116   [000] ...1   287.787024: block_rq_complete: 179,0 RA () 4028616 + 96 [0]
         mmcqd/1-116   [000] ...2   287.787042: sched_switch: prev_comm=mmcqd/1 prev_pid=116 prev_prio=120 prev_state=S ==> next_comm=main next_pid=3051 next_prio=120
          <idle>-0     [001] ...2   287.787154: sched_switch: prev_comm=swapper/1 prev_pid=0 prev_prio=120 prev_state=R ==> next_comm=main next_pid=3063 next_prio=120
            main-3051  [000] d..2   287.787387: block_rq_insert: 179,0 R 0 () 3993624 + 48 [main]
            main-3051  [000] d..2   287.787389: block_rq_insert: 179,0 R 0 () 3993688 + 24 [main]
            main-3051  [000] d..2   287.787391: block_rq_insert: 179,0 R 0 () 3993752 + 8 [main]
            main-3051  [000] ...2   287.787403: sched_switch: prev_comm=main prev_pid=3051 prev_prio=120 prev_state=D|W ==> next_comm=mmcqd/1 next_pid=116 next_prio=120
         mmcqd/1-116   [000] ...2   287.787427: sched_switch: prev_comm=mmcqd/1 prev_pid=116 prev_prio=120 prev_state=S ==> next_comm=swapper/0 next_pid=0 next_prio=120
          <idle>-0     [000] ...2   287.787503: sched_switch: prev_comm=swapper/0 prev_pid=0 prev_prio=120 prev_state=R ==> next_comm=mmcqd/1 next_pid=116 next_prio=120
         mmcqd/1-116   [000] ...1   287.787537: block_rq_complete: 179,0 RA () 4028736 + 56 [0]
         mmcqd/1-116   [000] ...2   287.787560: sched_switch: prev_comm=mmcqd/1 prev_pid=116 prev_prio=120 prev_state=S ==> next_comm=swapper/0 next_pid=0 next_prio=120
 ReferenceQueueD-3063  [001] ...2   287.787872: sched_switch: prev_comm=ReferenceQueueD prev_pid=3063 prev_prio=120 prev_state=S ==> next_comm=swapper/1 next_pid=0 next_prio=120
          <idle>-0     [000] ...2   287.787998: sched_switch: prev_comm=swapper/0 prev_pid=0 prev_prio=120 prev_state=R ==> next_comm=mmcqd/1 next_pid=116 next_prio=120
         mmcqd/1-116   [000] ...1   287.788032: block_rq_complete: 179,0 RA () 3993624 + 48 [0]
         mmcqd/1-116   [000] ...2   287.788054: sched_switch: prev_comm=mmcqd/1 prev_pid=116 prev_prio=120 prev_state=S ==> next_comm=swapper/0 next_pid=0 next_prio=120
          <idle>-0     [000] ...2   287.788395: sched_switch: prev_comm=swapper/0 prev_pid=0 prev_prio=120 prev_state=R ==> next_comm=mmcqd/1 next_pid=116 next_prio=120
         mmcqd/1-116   [000] ...1   287.788423: block_rq_complete: 179,0 RA () 3993688 + 24 [0]
         mmcqd/1-116   [000] ...2   287.788434: sched_switch: prev_comm=mmcqd/1 prev_pid=116 prev_prio=120 prev_state=S ==> next_comm=swapper/0 next_pid=0 next_prio=120
          <idle>-0     [000] ...2   287.788657: sched_switch: prev_comm=swapper/0 prev_pid=0 prev_prio=120 prev_state=R ==> next_comm=mmcqd/1 next_pid=116 next_prio=120
         mmcqd/1-116   [000] ...1   287.788667: block_rq_complete: 179,0 RA () 3993752 + 8 [0]
         mmcqd/1-116   [000] ...2   287.788683: sched_switch: prev_comm=mmcqd/1 prev_pid=116 prev_prio=120 prev_state=R+ ==> next_comm=kworker/0:1H next_pid=17 next_prio=100
    kworker/0:1H-17    [000] ...2   287.788691: sched_switch: prev_comm=kworker/0:1H prev_pid=17 prev_prio=100 prev_state=S ==> next_comm=mmcqd/1 next_pid=116 next_prio=120
         mmcqd/1-116   [000] ...2   287.788701: sched_switch: prev_comm=mmcqd/1 prev_pid=116 prev_prio=120 prev_state=S ==> next_comm=main next_pid=3051 next_prio=120
            main-3051  [000] d..2   287.788793: block_rq_insert: 179,0 R 0 () 4019800 + 24 [main]
            main-3051  [000] d..2   287.788795: block_rq_insert: 179,0 R 0 () 4019896 + 8 [main]
            main-3051  [000] d..2   287.788797: block_rq_insert: 179,0 R 0 () 4019928 + 8 [main]
            main-3051  [000] ...2   287.788807: sched_switch: prev_comm=main prev_pid=3051 prev_prio=120 prev_state=D|W ==> next_comm=mmcqd/1 next_pid=116 next_prio=120
         mmcqd/1-116   [000] ...2   287.788856: sched_switch: prev_comm=mmcqd/1 prev_pid=116 prev_prio=120 prev_state=S ==> next_comm=swapper/0 next_pid=0 next_prio=120
          <idle>-0     [000] ...2   287.788917: sched_switch: prev_comm=swapper/0 prev_pid=0 prev_prio=120 prev_state=R ==> next_comm=kworker/0:0 next_pid=4 next_prio=120
          <idle>-0     [001] ...2   287.788925: sched_switch: prev_comm=swapper/1 prev_pid=0 prev_prio=120 prev_state=R ==> next_comm=kworker/1:0H next_pid=3054 next_prio=100
    kworker/1:0H-3054  [001] ...2   287.788957: sched_switch: prev_comm=kworker/1:0H prev_pid=3054 prev_prio=100 prev_state=D ==> next_comm=ksoftirqd/1 next_pid=3055 next_prio=120
     kworker/0:0-4     [000] ...2   287.788973: sched_switch: prev_comm=kworker/0:0 prev_pid=4 prev_prio=120 prev_state=S ==> next_comm=ksoftirqd/0 next_pid=3 next_prio=120
     ksoftirqd/1-3055  [001] ...2   287.788979: sched_switch: prev_comm=ksoftirqd/1 prev_pid=3055 prev_prio=120 prev_state=S ==> next_comm=kworker/1:2H next_pid=3057 next_prio=100
     ksoftirqd/0-3     [000] ...2   287.788982: sched_switch: prev_comm=ksoftirqd/0 prev_pid=3 prev_prio=120 prev_state=S ==> next_comm=swapper/0 next_pid=0 next_prio=120
          <idle>-0     [000] ...2   287.788997: sched_switch: prev_comm=swapper/0 prev_pid=0 prev_prio=120 prev_state=R ==> next_comm=ksoftirqd/0 next_pid=3 next_prio=120
     ksoftirqd/0-3     [000] ...2   287.789004: sched_switch: prev_comm=ksoftirqd/0 prev_pid=3 prev_prio=120 prev_state=S ==> next_comm=swapper/0 next_pid=0 next_prio=120
    kworker/1:2H-3057  [001] ...2   287.789007: sched_switch: prev_comm=kworker/1:2H prev_pid=3057 prev_prio=100 prev_state=S ==> next_comm=kworker/1:0H next_pid=3054 next_prio=100
          <idle>-0     [000] ...2   287.789015: sched_switch: prev_comm=swapper/0 prev_pid=0 prev_prio=120 prev_state=R ==> next_comm=ksoftirqd/0 next_pid=3 next_prio=120
    kworker/1:0H-3054  [001] ...2   287.789023: sched_switch: prev_comm=kworker/1:0H prev_pid=3054 prev_prio=100 prev_state=S ==> next_comm=swapper/1 next_pid=0 next_prio=120
     ksoftirqd/0-3     [000] ...2   287.789025: sched_switch: prev_comm=ksoftirqd/0 prev_pid=3 prev_prio=120 prev_state=S ==> next_comm=swapper/0 next_pid=0 next_prio=120
          <idle>-0     [001] ...2   287.789044: sched_switch: prev_comm=swapper/1 prev_pid=0 prev_prio=120 prev_state=R ==> next_comm=ksoftirqd/1 next_pid=3055 next_prio=120
     ksoftirqd/1-3055  [001] ...2   287.789064: sched_switch: prev_comm=ksoftirqd/1 prev_pid=3055 prev_prio=120 prev_state=S ==> next_comm=swapper/1 next_pid=0 next_prio=120
          <idle>-0     [000] ...2   287.789217: sched_switch: prev_comm=swapper/0 prev_pid=0 prev_prio=120 prev_state=R ==> next_comm=mmcqd/1 next_pid=116 next_prio=120
         mmcqd/1-116   [000] ...1   287.789248: block_rq_complete: 179,0 RA () 4019800 + 24 [0]
         mmcqd/1-116   [000] ...2   287.789268: sched_switch: prev_comm=mmcqd/1 prev_pid=116 prev_prio=120 prev_state=S ==> next_comm=swapper/0 next_pid=0 next_prio=120
          <idle>-0     [000] ...2   287.789480: sched_switch: prev_comm=swapper/0 prev_pid=0 prev_prio=120 prev_state=R ==> next_comm=mmcqd/1 next_pid=116 next_prio=120
         mmcqd/1-116   [000] ...1   287.789505: block_rq_complete: 179,0 RA () 4019896 + 8 [0]
         mmcqd/1-116   [000] ...2   287.789517: sched_switch: prev_comm=mmcqd/1 prev_pid=116 prev_prio=120 prev_state=S ==> next_comm=swapper/0 next_pid=0 next_prio=120
          <idle>-0     [000] ...2   287.789758: sched_switch: prev_comm=swapper/0 prev_pid=0 prev_prio=120 prev_state=R ==> next_comm=mmcqd/1 next_pid=116 next_prio=120
         mmcqd/1-116   [000] ...1   287.789768: block_rq_complete: 179,0 RA () 4019928 + 8 [0]
         mmcqd/1-116   [000] ...2   287.789784: sched_switch: prev_comm=mmcqd/1 prev_pid=116 prev_prio=120 prev_state=R+ ==> next_comm=kworker/0:1H next_pid=17 next_prio=100
    kworker/0:1H-17    [000] ...2   287.789791: sched_switch: prev_comm=kworker/0:1H prev_pid=17 prev_prio=100 prev_state=S ==> next_comm=mmcqd/1 next_pid=116 next_prio=120
         mmcqd/1-116   [000] ...2   287.789800: sched_switch: prev_comm=mmcqd/1 prev_pid=116 prev_prio=120 prev_state=S ==> next_comm=main next_pid=3051 next_prio=120
            main-3051  [000] d..2   287.789880: block_rq_insert: 179,0 R 0 () 4028368 + 104 [main]
            main-3051  [000] d..2   287.789883: block_rq_insert: 179,0 R 0 () 4028480 + 32 [main]
            main-3051  [000] ...2   287.789893: sched_switch: prev_comm=main prev_pid=3051 prev_prio=120 prev_state=D|W ==> next_comm=mmcqd/1 next_pid=116 next_prio=120
         mmcqd/1-116   [000] ...2   287.789967: sched_switch: prev_comm=mmcqd/1 prev_pid=116 prev_prio=120 prev_state=S ==> next_comm=swapper/0 next_pid=0 next_prio=120
          <idle>-0     [000] ...2   287.790758: sched_switch: prev_comm=swapper/0 prev_pid=0 prev_prio=120 prev_state=R ==> next_comm=mmcqd/1 next_pid=116 next_prio=120
         mmcqd/1-116   [000] ...1   287.790805: block_rq_complete: 179,0 RA () 4028368 + 104 [0]
         mmcqd/1-116   [000] ...2   287.790820: sched_switch: prev_comm=mmcqd/1 prev_pid=116 prev_prio=120 prev_state=S ==> next_comm=swapper/0 next_pid=0 next_prio=120
          <idle>-0     [000] ...2   287.791128: sched_switch: prev_comm=swapper/0 prev_pid=0 prev_prio=120 prev_state=R ==> next_comm=mmcqd/1 next_pid=116 next_prio=120
         mmcqd/1-116   [000] ...1   287.791143: block_rq_complete: 179,0 RA () 4028480 + 32 [0]
         mmcqd/1-116   [000] ...2   287.791161: sched_switch: prev_comm=mmcqd/1 prev_pid=116 prev_prio=120 prev_state=R+ ==> next_comm=kworker/0:1H next_pid=17 next_prio=100
    kworker/0:1H-17    [000] ...2   287.791168: sched_switch: prev_comm=kworker/0:1H prev_pid=17 prev_prio=100 prev_state=S ==> next_comm=mmcqd/1 next_pid=116 next_prio=120
         mmcqd/1-116   [000] ...2   287.791176: sched_switch: prev_comm=mmcqd/1 prev_pid=116 prev_prio=120 prev_state=S ==> next_comm=main next_pid=3051 next_prio=120
          <idle>-0     [001] ...2   287.791279: sched_switch: prev_comm=swapper/1 prev_pid=0 prev_prio=120 prev_state=R ==> next_comm=main next_pid=3064 next_prio=120
            main-3051  [000] ...2   287.791469: sched_switch: prev_comm=main prev_pid=3051 prev_prio=120 prev_state=S ==> next_comm=swapper/0 next_pid=0 next_prio=120
          <idle>-0     [000] ...2   287.791913: sched_switch: prev_comm=swapper/0 prev_pid=0 prev_prio=120 prev_state=R ==> next_comm=main next_pid=3051 next_prio=120
 FinalizerDaemon-3064  [001] ...2   287.791990: sched_switch: prev_comm=FinalizerDaemon prev_pid=3064 prev_prio=120 prev_state=S ==> next_comm=main next_pid=3065 next_prio=120
            main-3051  [000] ...2   287.792202: sched_switch: prev_comm=main prev_pid=3051 prev_prio=120 prev_state=S ==> next_comm=swapper/0 next_pid=0 next_prio=120
          <idle>-0     [000] ...2   287.792627: sched_switch: prev_comm=swapper/0 prev_pid=0 prev_prio=120 prev_state=R ==> next_comm=main next_pid=3051 next_prio=120
 FinalizerWatchd-3065  [001] ...2   287.792680: sched_switch: prev_comm=FinalizerWatchd prev_pid=3065 prev_prio=120 prev_state=S ==> next_comm=main next_pid=3066 next_prio=120
            main-3051  [000] ...2   287.792695: sched_switch: prev_comm=main prev_pid=3051 prev_prio=120 prev_state=D ==> next_comm=swapper/0 next_pid=0 next_prio=120
          <idle>-0     [000] ...2   287.792705: sched_switch: prev_comm=swapper/0 prev_pid=0 prev_prio=120 prev_state=R ==> next_comm=main next_pid=3051 next_prio=120
            main-3051  [000] ...2   287.792923: sched_switch: prev_comm=main prev_pid=3051 prev_prio=120 prev_state=S ==> next_comm=swapper/0 next_pid=0 next_prio=120
          <idle>-0     [000] ...2   287.793317: sched_switch: prev_comm=swapper/0 prev_pid=0 prev_prio=120 prev_state=R ==> next_comm=main next_pid=3051 next_prio=120
            main-3051  [000] ...2   287.793333: sched_switch: prev_comm=main prev_pid=3051 prev_prio=120 prev_state=D ==> next_comm=swapper/0 next_pid=0 next_prio=120
          <idle>-0     [000] ...2   287.793343: sched_switch: prev_comm=swapper/0 prev_pid=0 prev_prio=120 prev_state=R ==> next_comm=main next_pid=3051 next_prio=120
            main-3051  [000] ...2   287.793356: sched_switch: prev_comm=main prev_pid=3051 prev_prio=120 prev_state=D ==> next_comm=swapper/0 next_pid=0 next_prio=120
          <idle>-0     [000] ...2   287.793373: sched_switch: prev_comm=swapper/0 prev_pid=0 prev_prio=120 prev_state=R ==> next_comm=main next_pid=3051 next_prio=120
 HeapTrimmerDaem-3066  [001] ...2   287.793378: sched_switch: prev_comm=HeapTrimmerDaem prev_pid=3066 prev_prio=120 prev_state=D ==> next_comm=swapper/1 next_pid=0 next_prio=120
          <idle>-0     [001] ...2   287.793386: sched_switch: prev_comm=swapper/1 prev_pid=0 prev_prio=120 prev_state=R ==> next_comm=HeapTrimmerDaem next_pid=3066 next_prio=120
 HeapTrimmerDaem-3066  [001] ...2   287.793405: sched_switch: prev_comm=HeapTrimmerDaem prev_pid=3066 prev_prio=120 prev_state=S ==> next_comm=main next_pid=3067 next_prio=120
            main-3051  [000] d..2   287.793601: block_rq_insert: 179,0 R 0 () 4008360 + 48 [main]
            main-3051  [000] d..2   287.793604: block_rq_insert: 179,0 R 0 () 4008432 + 16 [main]
            main-3051  [000] d..2   287.793606: block_rq_insert: 179,0 R 0 () 4008456 + 8 [main]
            main-3051  [000] d..2   287.793608: block_rq_insert: 179,0 R 0 () 4008536 + 16 [main]
            main-3051  [000] ...2   287.793619: sched_switch: prev_comm=main prev_pid=3051 prev_prio=120 prev_state=D|W ==> next_comm=mmcqd/1 next_pid=116 next_prio=120
         mmcqd/1-116   [000] ...2   287.793667: sched_switch: prev_comm=mmcqd/1 prev_pid=116 prev_prio=120 prev_state=S ==> next_comm=swapper/0 next_pid=0 next_prio=120
          <idle>-0     [000] ...2   287.793965: sched_switch: prev_comm=swapper/0 prev_pid=0 prev_prio=120 prev_state=R ==> next_comm=mmcqd/1 next_pid=116 next_prio=120
         mmcqd/1-116   [000] ...1   287.793991: block_rq_complete: 179,0 RA () 4008536 + 16 [0]
         mmcqd/1-116   [000] ...2   287.794011: sched_switch: prev_comm=mmcqd/1 prev_pid=116 prev_prio=120 prev_state=S ==> next_comm=swapper/0 next_pid=0 next_prio=120
        GCDaemon-3067  [001] ...2   287.794094: sched_switch: prev_comm=GCDaemon prev_pid=3067 prev_prio=120 prev_state=S ==> next_comm=swapper/1 next_pid=0 next_prio=120
          <idle>-0     [001] ...2   287.794117: sched_switch: prev_comm=swapper/1 prev_pid=0 prev_prio=120 prev_state=R ==> next_comm=ksoftirqd/1 next_pid=3055 next_prio=120
     ksoftirqd/1-3055  [001] ...2   287.794133: sched_switch: prev_comm=ksoftirqd/1 prev_pid=3055 prev_prio=120 prev_state=S ==> next_comm=swapper/1 next_pid=0 next_prio=120
          <idle>-0     [001] ...2   287.794156: sched_switch: prev_comm=swapper/1 prev_pid=0 prev_prio=120 prev_state=R ==> next_comm=ksoftirqd/1 next_pid=3055 next_prio=120
     ksoftirqd/1-3055  [001] ...2   287.794167: sched_switch: prev_comm=ksoftirqd/1 prev_pid=3055 prev_prio=120 prev_state=S ==> next_comm=swapper/1 next_pid=0 next_prio=120
          <idle>-0     [001] ...2   287.794187: sched_switch: prev_comm=swapper/1 prev_pid=0 prev_prio=120 prev_state=R ==> next_comm=ksoftirqd/1 next_pid=3055 next_prio=120
     ksoftirqd/1-3055  [001] ...2   287.794206: sched_switch: prev_comm=ksoftirqd/1 prev_pid=3055 prev_prio=120 prev_state=S ==> next_comm=swapper/1 next_pid=0 next_prio=120
          <idle>-0     [000] ...2   287.794226: sched_switch: prev_comm=swapper/0 prev_pid=0 prev_prio=120 prev_state=R ==> next_comm=mmcqd/1 next_pid=116 next_prio=120
         mmcqd/1-116   [000] ...1   287.794252: block_rq_complete: 179,0 RA () 4008456 + 8 [0]
         mmcqd/1-116   [000] ...2   287.794285: sched_switch: prev_comm=mmcqd/1 prev_pid=116 prev_prio=120 prev_state=S ==> next_comm=main next_pid=3051 next_prio=120
            main-3051  [000] ...2   287.794302: sched_switch: prev_comm=main prev_pid=3051 prev_prio=120 prev_state=D|W ==> next_comm=swapper/0 next_pid=0 next_prio=120
          <idle>-0     [000] ...2   287.794563: sched_switch: prev_comm=swapper/0 prev_pid=0 prev_prio=120 prev_state=R ==> next_comm=mmcqd/1 next_pid=116 next_prio=120
         mmcqd/1-116   [000] ...1   287.794590: block_rq_complete: 179,0 RA () 4008432 + 16 [0]
         mmcqd/1-116   [000] ...2   287.794606: sched_switch: prev_comm=mmcqd/1 prev_pid=116 prev_prio=120 prev_state=S ==> next_comm=main next_pid=3051 next_prio=120
            main-3051  [000] d..2   287.794876: block_rq_insert: 179,0 R 0 () 4079784 + 8 [main]
            main-3051  [000] d..2   287.794879: block_rq_insert: 179,0 R 0 () 4079880 + 40 [main]
            main-3051  [000] ...2   287.794891: sched_switch: prev_comm=main prev_pid=3051 prev_prio=120 prev_state=D|W ==> next_comm=mmcqd/1 next_pid=116 next_prio=120
         mmcqd/1-116   [000] ...2   287.794908: sched_switch: prev_comm=mmcqd/1 prev_pid=116 prev_prio=120 prev_state=S ==> next_comm=swapper/0 next_pid=0 next_prio=120
          <idle>-0     [000] ...2   287.795062: sched_switch: prev_comm=swapper/0 prev_pid=0 prev_prio=120 prev_state=R ==> next_comm=mmcqd/1 next_pid=116 next_prio=120
         mmcqd/1-116   [000] ...1   287.795098: block_rq_complete: 179,0 RA () 4008360 + 48 [0]
         mmcqd/1-116   [000] ...2   287.795127: sched_switch: prev_comm=mmcqd/1 prev_pid=116 prev_prio=120 prev_state=S ==> next_comm=swapper/0 next_pid=0 next_prio=120
          <idle>-0     [000] ...2   287.795318: sched_switch: prev_comm=swapper/0 prev_pid=0 prev_prio=120 prev_state=R ==> next_comm=mmcqd/1 next_pid=116 next_prio=120
         mmcqd/1-116   [000] ...1   287.795343: block_rq_complete: 179,0 RA () 4079784 + 8 [0]
         mmcqd/1-116   [000] ...2   287.795354: sched_switch: prev_comm=mmcqd/1 prev_pid=116 prev_prio=120 prev_state=S ==> next_comm=swapper/0 next_pid=0 next_prio=120
          <idle>-0     [000] ...2   287.795787: sched_switch: prev_comm=swapper/0 prev_pid=0 prev_prio=120 prev_state=R ==> next_comm=mmcqd/1 next_pid=116 next_prio=120
         mmcqd/1-116   [000] ...1   287.795805: block_rq_complete: 179,0 RA () 4079880 + 40 [0]
         mmcqd/1-116   [000] ...2   287.795823: sched_switch: prev_comm=mmcqd/1 prev_pid=116 prev_prio=120 prev_state=R+ ==> next_comm=kworker/0:1H next_pid=17 next_prio=100
    kworker/0:1H-17    [000] ...2   287.795832: sched_switch: prev_comm=kworker/0:1H prev_pid=17 prev_prio=100 prev_state=S ==> next_comm=mmcqd/1 next_pid=116 next_prio=120
         mmcqd/1-116   [000] ...2   287.795842: sched_switch: prev_comm=mmcqd/1 prev_pid=116 prev_prio=120 prev_state=S ==> next_comm=main next_pid=3051 next_prio=120
            main-3051  [000] d..2   287.797107: block_rq_insert: 179,0 R 0 () 4084016 + 8 [main]
            main-3051  [000] d..2   287.797111: block_rq_insert: 179,0 R 0 () 4084104 + 8 [main]
            main-3051  [000] d..2   287.797113: block_rq_insert: 179,0 R 0 () 4084128 + 8 [main]
            main-3051  [000] ...2   287.797124: sched_switch: prev_comm=main prev_pid=3051 prev_prio=120 prev_state=R+ ==> next_comm=mmcqd/1 next_pid=116 next_prio=120
         mmcqd/1-116   [000] ...2   287.797174: sched_switch: prev_comm=mmcqd/1 prev_pid=116 prev_prio=120 prev_state=S ==> next_comm=main next_pid=3051 next_prio=120
            main-3051  [000] ...2   287.797180: sched_switch: prev_comm=main prev_pid=3051 prev_prio=120 prev_state=D|W ==> next_comm=swapper/0 next_pid=0 next_prio=120
          <idle>-0     [000] ...2   287.797406: sched_switch: prev_comm=swapper/0 prev_pid=0 prev_prio=120 prev_state=R ==> next_comm=mmcqd/1 next_pid=116 next_prio=120
         mmcqd/1-116   [000] ...1   287.797433: block_rq_complete: 179,0 RA () 4084016 + 8 [0]
         mmcqd/1-116   [000] ...2   287.797452: sched_switch: prev_comm=mmcqd/1 prev_pid=116 prev_prio=120 prev_state=S ==> next_comm=swapper/0 next_pid=0 next_prio=120
          <idle>-0     [000] ...2   287.797664: sched_switch: prev_comm=swapper/0 prev_pid=0 prev_prio=120 prev_state=R ==> next_comm=mmcqd/1 next_pid=116 next_prio=120
         mmcqd/1-116   [000] ...1   287.797689: block_rq_complete: 179,0 RA () 4084104 + 8 [0]
         mmcqd/1-116   [000] ...2   287.797704: sched_switch: prev_comm=mmcqd/1 prev_pid=116 prev_prio=120 prev_state=S ==> next_comm=main next_pid=3051 next_prio=120
            main-3051  [000] ...2   287.797951: sched_switch: prev_comm=main prev_pid=3051 prev_prio=120 prev_state=R ==> next_comm=mmcqd/1 next_pid=116 next_prio=120
         mmcqd/1-116   [000] ...1   287.797961: block_rq_complete: 179,0 RA () 4084128 + 8 [0]
         mmcqd/1-116   [000] ...2   287.797975: sched_switch: prev_comm=mmcqd/1 prev_pid=116 prev_prio=120 prev_state=R+ ==> next_comm=kworker/0:1H next_pid=17 next_prio=100
    kworker/0:1H-17    [000] ...2   287.797984: sched_switch: prev_comm=kworker/0:1H prev_pid=17 prev_prio=100 prev_state=S ==> next_comm=mmcqd/1 next_pid=116 next_prio=120
         mmcqd/1-116   [000] ...2   287.797993: sched_switch: prev_comm=mmcqd/1 prev_pid=116 prev_prio=120 prev_state=S ==> next_comm=main next_pid=3051 next_prio=120
            main-3051  [000] d..2   287.799098: block_rq_insert: 179,0 R 0 () 4086360 + 56 [main]
            main-3051  [000] d..2   287.799101: block_rq_insert: 179,0 R 0 () 4086424 + 72 [main]
            main-3051  [000] d..2   287.799103: block_rq_insert: 179,0 R 0 () 4086528 + 32 [main]
            main-3051  [000] ...2   287.799113: sched_switch: prev_comm=main prev_pid=3051 prev_prio=120 prev_state=R+ ==> next_comm=mmcqd/1 next_pid=116 next_prio=120
         mmcqd/1-116   [000] ...2   287.799190: sched_switch: prev_comm=mmcqd/1 prev_pid=116 prev_prio=120 prev_state=S ==> next_comm=main next_pid=3051 next_prio=120
            main-3051  [000] ...2   287.799196: sched_switch: prev_comm=main prev_pid=3051 prev_prio=120 prev_state=D|W ==> next_comm=swapper/0 next_pid=0 next_prio=120
          <idle>-0     [000] ...2   287.799676: sched_switch: prev_comm=swapper/0 prev_pid=0 prev_prio=120 prev_state=R ==> next_comm=mmcqd/1 next_pid=116 next_prio=120
         mmcqd/1-116   [000] ...1   287.799713: block_rq_complete: 179,0 RA () 4086360 + 56 [0]
         mmcqd/1-116   [000] ...2   287.799739: sched_switch: prev_comm=mmcqd/1 prev_pid=116 prev_prio=120 prev_state=S ==> next_comm=swapper/0 next_pid=0 next_prio=120
          <idle>-0     [000] ...2   287.800247: sched_switch: prev_comm=swapper/0 prev_pid=0 prev_prio=120 prev_state=R ==> next_comm=mmcqd/1 next_pid=116 next_prio=120
         mmcqd/1-116   [000] ...1   287.800287: block_rq_complete: 179,0 RA () 4086424 + 72 [0]
         mmcqd/1-116   [000] ...2   287.800305: sched_switch: prev_comm=mmcqd/1 prev_pid=116 prev_prio=120 prev_state=S ==> next_comm=main next_pid=3051 next_prio=120
            main-3051  [000] ...2   287.800603: sched_switch: prev_comm=main prev_pid=3051 prev_prio=120 prev_state=R ==> next_comm=mmcqd/1 next_pid=116 next_prio=120
         mmcqd/1-116   [000] ...1   287.800618: block_rq_complete: 179,0 RA () 4086528 + 32 [0]
         mmcqd/1-116   [000] ...2   287.800631: sched_switch: prev_comm=mmcqd/1 prev_pid=116 prev_prio=120 prev_state=R+ ==> next_comm=kworker/0:1H next_pid=17 next_prio=100
    kworker/0:1H-17    [000] ...2   287.800639: sched_switch: prev_comm=kworker/0:1H prev_pid=17 prev_prio=100 prev_state=S ==> next_comm=mmcqd/1 next_pid=116 next_prio=120
         mmcqd/1-116   [000] ...2   287.800648: sched_switch: prev_comm=mmcqd/1 prev_pid=116 prev_prio=120 prev_state=S ==> next_comm=main next_pid=3051 next_prio=120
            main-3051  [000] d..2   287.802310: block_rq_insert: 179,0 R 0 () 4078456 + 40 [main]
            main-3051  [000] d..2   287.802314: block_rq_insert: 179,0 R 0 () 4078544 + 88 [main]
            main-3051  [000] d..2   287.802316: block_rq_insert: 179,0 R 0 () 4078640 + 56 [main]
            main-3051  [000] ...2   287.802328: sched_switch: prev_comm=main prev_pid=3051 prev_prio=120 prev_state=R+ ==> next_comm=mmcqd/1 next_pid=116 next_prio=120
         mmcqd/1-116   [000] ...2   287.802413: sched_switch: prev_comm=mmcqd/1 prev_pid=116 prev_prio=120 prev_state=S ==> next_comm=main next_pid=3051 next_prio=120
            main-3051  [000] ...2   287.802420: sched_switch: prev_comm=main prev_pid=3051 prev_prio=120 prev_state=D|W ==> next_comm=swapper/0 next_pid=0 next_prio=120
          <idle>-0     [000] ...2   287.802887: sched_switch: prev_comm=swapper/0 prev_pid=0 prev_prio=120 prev_state=R ==> next_comm=mmcqd/1 next_pid=116 next_prio=120
         mmcqd/1-116   [000] ...1   287.802924: block_rq_complete: 179,0 RA () 4078640 + 56 [0]
         mmcqd/1-116   [000] ...2   287.802953: sched_switch: prev_comm=mmcqd/1 prev_pid=116 prev_prio=120 prev_state=S ==> next_comm=swapper/0 next_pid=0 next_prio=120
          <idle>-0     [000] ...2   287.803638: sched_switch: prev_comm=swapper/0 prev_pid=0 prev_prio=120 prev_state=R ==> next_comm=mmcqd/1 next_pid=116 next_prio=120
         mmcqd/1-116   [000] ...1   287.803682: block_rq_complete: 179,0 RA () 4078544 + 88 [0]
         mmcqd/1-116   [000] ...2   287.803700: sched_switch: prev_comm=mmcqd/1 prev_pid=116 prev_prio=120 prev_state=S ==> next_comm=main next_pid=3051 next_prio=120
            main-3051  [000] d..2   287.803774: block_rq_insert: 179,0 R 0 () 4078128 + 8 [main]
            main-3051  [000] d..2   287.803777: block_rq_insert: 179,0 R 0 () 4078152 + 8 [main]
            main-3051  [000] d..2   287.803778: block_rq_insert: 179,0 R 0 () 4078176 + 24 [main]
            main-3051  [000] d..2   287.803780: block_rq_insert: 179,0 R 0 () 4078208 + 56 [main]
            main-3051  [000] d..2   287.803782: block_rq_insert: 179,0 R 0 () 4078280 + 104 [main]
            main-3051  [000] ...2   287.803791: sched_switch: prev_comm=main prev_pid=3051 prev_prio=120 prev_state=R+ ==> next_comm=mmcqd/1 next_pid=116 next_prio=120
         mmcqd/1-116   [000] ...2   287.803832: sched_switch: prev_comm=mmcqd/1 prev_pid=116 prev_prio=120 prev_state=S ==> next_comm=main next_pid=3051 next_prio=120
            main-3051  [000] ...2   287.803838: sched_switch: prev_comm=main prev_pid=3051 prev_prio=120 prev_state=D|W ==> next_comm=swapper/0 next_pid=0 next_prio=120
          <idle>-0     [000] ...2   287.804089: sched_switch: prev_comm=swapper/0 prev_pid=0 prev_prio=120 prev_state=R ==> next_comm=mmcqd/1 next_pid=116 next_prio=120
         mmcqd/1-116   [000] ...1   287.804122: block_rq_complete: 179,0 RA () 4078456 + 40 [0]
         mmcqd/1-116   [000] ...2   287.804155: sched_switch: prev_comm=mmcqd/1 prev_pid=116 prev_prio=120 prev_state=S ==> next_comm=swapper/0 next_pid=0 next_prio=120
          <idle>-0     [000] ...2   287.804917: sched_switch: prev_comm=swapper/0 prev_pid=0 prev_prio=120 prev_state=R ==> next_comm=mmcqd/1 next_pid=116 next_prio=120
         mmcqd/1-116   [000] ...1   287.804963: block_rq_complete: 179,0 RA () 4078280 + 104 [0]
         mmcqd/1-116   [000] ...2   287.804989: sched_switch: prev_comm=mmcqd/1 prev_pid=116 prev_prio=120 prev_state=S ==> next_comm=swapper/0 next_pid=0 next_prio=120
          <idle>-0     [000] ...2   287.805413: sched_switch: prev_comm=swapper/0 prev_pid=0 prev_prio=120 prev_state=R ==> next_comm=mmcqd/1 next_pid=116 next_prio=120
         mmcqd/1-116   [000] ...1   287.805449: block_rq_complete: 179,0 RA () 4078208 + 56 [0]
         mmcqd/1-116   [000] ...2   287.805472: sched_switch: prev_comm=mmcqd/1 prev_pid=116 prev_prio=120 prev_state=S ==> next_comm=main next_pid=3051 next_prio=120
            main-3051  [000] d..2   287.805648: block_rq_insert: 179,0 R 0 () 4077968 + 8 [main]
            main-3051  [000] d..2   287.805651: block_rq_insert: 179,0 R 0 () 4078016 + 88 [main]
            main-3051  [000] ...2   287.805660: sched_switch: prev_comm=main prev_pid=3051 prev_prio=120 prev_state=D|W ==> next_comm=swapper/0 next_pid=0 next_prio=120
          <idle>-0     [000] ...2   287.805755: sched_switch: prev_comm=swapper/0 prev_pid=0 prev_prio=120 prev_state=R ==> next_comm=mmcqd/1 next_pid=116 next_prio=120
         mmcqd/1-116   [000] ...1   287.805785: block_rq_complete: 179,0 RA () 4078176 + 24 [0]
         mmcqd/1-116   [000] ...2   287.805809: sched_switch: prev_comm=mmcqd/1 prev_pid=116 prev_prio=120 prev_state=S ==> next_comm=swapper/0 next_pid=0 next_prio=120
          <idle>-0     [000] ...2   287.806030: sched_switch: prev_comm=swapper/0 prev_pid=0 prev_prio=120 prev_state=R ==> next_comm=mmcqd/1 next_pid=116 next_prio=120
         mmcqd/1-116   [000] ...1   287.806055: block_rq_complete: 179,0 RA () 4078152 + 8 [0]
         mmcqd/1-116   [000] ...2   287.806095: sched_switch: prev_comm=mmcqd/1 prev_pid=116 prev_prio=120 prev_state=S ==> next_comm=swapper/0 next_pid=0 next_prio=120
          <idle>-0     [000] ...2   287.806379: sched_switch: prev_comm=swapper/0 prev_pid=0 prev_prio=120 prev_state=R ==> next_comm=mmcqd/1 next_pid=116 next_prio=120
         mmcqd/1-116   [000] ...1   287.806408: block_rq_complete: 179,0 RA () 4078112 + 24 [0]
         mmcqd/1-116   [000] ...2   287.806427: sched_switch: prev_comm=mmcqd/1 prev_pid=116 prev_prio=120 prev_state=S ==> next_comm=swapper/0 next_pid=0 next_prio=120
          <idle>-0     [000] ...2   287.807141: sched_switch: prev_comm=swapper/0 prev_pid=0 prev_prio=120 prev_state=R ==> next_comm=mmcqd/1 next_pid=116 next_prio=120
         mmcqd/1-116   [000] ...1   287.807184: block_rq_complete: 179,0 RA () 4078016 + 88 [0]
         mmcqd/1-116   [000] ...2   287.807201: sched_switch: prev_comm=mmcqd/1 prev_pid=116 prev_prio=120 prev_state=S ==> next_comm=main next_pid=3051 next_prio=120
            main-3051  [000] d..2   287.807352: block_rq_insert: 179,0 R 0 () 3992040 + 24 [main]
            main-3051  [000] d..2   287.807355: block_rq_insert: 179,0 R 0 () 3992168 + 8 [main]
            main-3051  [000] d..2   287.807356: block_rq_insert: 179,0 R 0 () 3992192 + 56 [main]
            main-3051  [000] ...2   287.807380: sched_switch: prev_comm=main prev_pid=3051 prev_prio=120 prev_state=R+ ==> next_comm=mmcqd/1 next_pid=116 next_prio=120
         mmcqd/1-116   [000] ...1   287.807390: block_rq_complete: 179,0 RA () 4077968 + 8 [0]
         mmcqd/1-116   [000] ...2   287.807403: sched_switch: prev_comm=mmcqd/1 prev_pid=116 prev_prio=120 prev_state=R+ ==> next_comm=kworker/0:1H next_pid=17 next_prio=100
    kworker/0:1H-17    [000] ...2   287.807410: sched_switch: prev_comm=kworker/0:1H prev_pid=17 prev_prio=100 prev_state=S ==> next_comm=mmcqd/1 next_pid=116 next_prio=120
         mmcqd/1-116   [000] ...2   287.807460: sched_switch: prev_comm=mmcqd/1 prev_pid=116 prev_prio=120 prev_state=S ==> next_comm=main next_pid=3051 next_prio=120
            main-3051  [000] ...2   287.807466: sched_switch: prev_comm=main prev_pid=3051 prev_prio=120 prev_state=D|W ==> next_comm=swapper/0 next_pid=0 next_prio=120
          <idle>-0     [000] ...2   287.807767: sched_switch: prev_comm=swapper/0 prev_pid=0 prev_prio=120 prev_state=R ==> next_comm=mmcqd/1 next_pid=116 next_prio=120
         mmcqd/1-116   [000] ...1   287.807795: block_rq_complete: 179,0 RA () 3992040 + 24 [0]
         mmcqd/1-116   [000] ...2   287.807826: sched_switch: prev_comm=mmcqd/1 prev_pid=116 prev_prio=120 prev_state=S ==> next_comm=swapper/0 next_pid=0 next_prio=120
          <idle>-0     [000] ...2   287.808044: sched_switch: prev_comm=swapper/0 prev_pid=0 prev_prio=120 prev_state=R ==> next_comm=mmcqd/1 next_pid=116 next_prio=120
         mmcqd/1-116   [000] ...1   287.808069: block_rq_complete: 179,0 RA () 3992168 + 8 [0]
         mmcqd/1-116   [000] ...2   287.808084: sched_switch: prev_comm=mmcqd/1 prev_pid=116 prev_prio=120 prev_state=S ==> next_comm=main next_pid=3051 next_prio=120
            main-3051  [000] d..2   287.808123: block_rq_insert: 179,0 R 0 () 3992296 + 8 [main]
