    kworker/0:1H-17    [000] ...2   300.146434: sched_switch: prev_comm=kworker/0:1H prev_pid=17 prev_prio=100 prev_state=S ==> next_comm=mmcqd/1 next_pid=116 next_prio=120
         mmcqd/1-116   [000] ...2   300.146443: sched_switch: prev_comm=mmcqd/1 prev_pid=116 prev_prio=120 prev_state=S ==> next_comm=app_process next_pid=3120 next_prio=120
            main-3120  [000] d..2   300.146493: block_rq_insert: 179,0 R 0 () 804336 + 136 [app_process]
            main-3120  [000] ...2   300.146503: sched_switch: prev_comm=app_process prev_pid=3120 prev_prio=120 prev_state=R+ ==> next_comm=mmcqd/1 next_pid=116 next_prio=120
         mmcqd/1-116   [000] ...2   300.146573: sched_switch: prev_comm=mmcqd/1 prev_pid=116 prev_prio=120 prev_state=S ==> next_comm=app_process next_pid=3120 next_prio=120
            main-3120  [000] ...2   300.146578: sched_switch: prev_comm=app_process prev_pid=3120 prev_prio=120 prev_state=D|W ==> next_comm=swapper/0 next_pid=0 next_prio=120
          <idle>-0     [000] ...2   300.147498: sched_switch: prev_comm=swapper/0 prev_pid=0 prev_prio=120 prev_state=R ==> next_comm=mmcqd/1 next_pid=116 next_prio=120
         mmcqd/1-116   [000] ...1   300.147536: block_rq_complete: 179,0 RA () 804336 + 136 [0]
         mmcqd/1-116   [000] ...2   300.147557: sched_switch: prev_comm=mmcqd/1 prev_pid=116 prev_prio=120 prev_state=R+ ==> next_comm=kworker/0:1H next_pid=17 next_prio=100
    kworker/0:1H-17    [000] ...2   300.147564: sched_switch: prev_comm=kworker/0:1H prev_pid=17 prev_prio=100 prev_state=S ==> next_comm=mmcqd/1 next_pid=116 next_prio=120
         mmcqd/1-116   [000] ...2   300.147573: sched_switch: prev_comm=mmcqd/1 prev_pid=116 prev_prio=120 prev_state=S ==> next_comm=app_process next_pid=3120 next_prio=120
            main-3120  [000] d..2   300.147853: block_rq_insert: 179,0 FWS 0 () 0 + 0 [app_process]
            main-3120  [000] ...2   300.147863: sched_switch: prev_comm=app_process prev_pid=3120 prev_prio=120 prev_state=R+ ==> next_comm=mmcqd/1 next_pid=116 next_prio=120
         mmcqd/1-116   [000] ...2   300.147888: sched_switch: prev_comm=mmcqd/1 prev_pid=116 prev_prio=120 prev_state=D ==> next_comm=app_process next_pid=3120 next_prio=120
            main-3120  [000] ...2   300.147894: sched_switch: prev_comm=app_process prev_pid=3120 prev_prio=120 prev_state=D ==> next_comm=swapper/0 next_pid=0 next_prio=120
          <idle>-0     [000] ...2   300.147924: sched_switch: prev_comm=swapper/0 prev_pid=0 prev_prio=120 prev_state=R ==> next_comm=ksoftirqd/0 next_pid=3 next_prio=120
     ksoftirqd/0-3     [000] ...2   300.147932: sched_switch: prev_comm=ksoftirqd/0 prev_pid=3 prev_prio=120 prev_state=S ==> next_comm=mmcqd/1 next_pid=116 next_prio=120
         mmcqd/1-116   [000] ...2   300.147956: sched_switch: prev_comm=mmcqd/1 prev_pid=116 prev_prio=120 prev_state=R ==> next_comm=swapper/0 next_pid=0 next_prio=120
          <idle>-0     [000] ...2   300.147960: sched_switch: prev_comm=swapper/0 prev_pid=0 prev_prio=120 prev_state=R ==> next_comm=mmcqd/1 next_pid=116 next_prio=120
         mmcqd/1-116   [000] d..2   300.147965: block_rq_complete: 179,0 WS () 0 + 0 [0]
         mmcqd/1-116   [000] ...2   300.147982: sched_switch: prev_comm=mmcqd/1 prev_pid=116 prev_prio=120 prev_state=S ==> next_comm=app_process next_pid=3120 next_prio=120
            main-3120  [000] ...2   300.148906: sched_switch: prev_comm=app_process prev_pid=3120 prev_prio=120 prev_state=R+ ==> next_comm=kworker/0:1H next_pid=17 next_prio=100
    kworker/0:1H-17    [000] ...2   300.148920: sched_switch: prev_comm=kworker/0:1H prev_pid=17 prev_prio=100 prev_state=S ==> next_comm=app_process next_pid=3120 next_prio=120
            main-3120  [000] d..2   300.156793: block_rq_insert: 179,0 R 0 () 4072736 + 128 [main]
            main-3120  [000] ...2   300.156806: sched_switch: prev_comm=main prev_pid=3120 prev_prio=120 prev_state=R+ ==> next_comm=mmcqd/1 next_pid=116 next_prio=120
         mmcqd/1-116   [000] ...2   300.156881: sched_switch: prev_comm=mmcqd/1 prev_pid=116 prev_prio=120 prev_state=S ==> next_comm=main next_pid=3120 next_prio=120
            main-3120  [000] ...2   300.156888: sched_switch: prev_comm=main prev_pid=3120 prev_prio=120 prev_state=D|W ==> next_comm=swapper/0 next_pid=0 next_prio=120
          <idle>-0     [000] ...2   300.156908: sched_switch: prev_comm=swapper/0 prev_pid=0 prev_prio=120 prev_state=R ==> next_comm=ksoftirqd/0 next_pid=3 next_prio=120
     ksoftirqd/0-3     [000] ...2   300.156916: sched_switch: prev_comm=ksoftirqd/0 prev_pid=3 prev_prio=120 prev_state=S ==> next_comm=swapper/0 next_pid=0 next_prio=120
          <idle>-0     [000] ...2   300.156933: sched_switch: prev_comm=swapper/0 prev_pid=0 prev_prio=120 prev_state=R ==> next_comm=ksoftirqd/0 next_pid=3 next_prio=120
     ksoftirqd/0-3     [000] ...2   300.156954: sched_switch: prev_comm=ksoftirqd/0 prev_pid=3 prev_prio=120 prev_state=S ==> next_comm=swapper/0 next_pid=0 next_prio=120
          <idle>-0     [000] ...2   300.157834: sched_switch: prev_comm=swapper/0 prev_pid=0 prev_prio=120 prev_state=R ==> next_comm=mmcqd/1 next_pid=116 next_prio=120
         mmcqd/1-116   [000] ...1   300.157872: block_rq_complete: 179,0 RA () 4072736 + 128 [0]
         mmcqd/1-116   [000] ...2   300.157895: sched_switch: prev_comm=mmcqd/1 prev_pid=116 prev_prio=120 prev_state=R+ ==> next_comm=kworker/0:1H next_pid=17 next_prio=100
    kworker/0:1H-17    [000] ...2   300.157903: sched_switch: prev_comm=kworker/0:1H prev_pid=17 prev_prio=100 prev_state=S ==> next_comm=mmcqd/1 next_pid=116 next_prio=120
         mmcqd/1-116   [000] ...2   300.157913: sched_switch: prev_comm=mmcqd/1 prev_pid=116 prev_prio=120 prev_state=S ==> next_comm=main next_pid=3120 next_prio=120
            main-3120  [000] d..2   300.158014: block_rq_insert: 179,0 R 0 () 4076944 + 16 [main]
            main-3120  [000] d..2   300.158018: block_rq_insert: 179,0 R 0 () 4076968 + 80 [main]
            main-3120  [000] d..2   300.158020: block_rq_insert: 179,0 R 0 () 4077080 + 32 [main]
            main-3120  [000] ...2   300.158030: sched_switch: prev_comm=main prev_pid=3120 prev_prio=120 prev_state=R+ ==> next_comm=mmcqd/1 next_pid=116 next_prio=120
         mmcqd/1-116   [000] ...2   300.158098: sched_switch: prev_comm=mmcqd/1 prev_pid=116 prev_prio=120 prev_state=S ==> next_comm=main next_pid=3120 next_prio=120
            main-3120  [000] ...2   300.158103: sched_switch: prev_comm=main prev_pid=3120 prev_prio=120 prev_state=D|W ==> next_comm=swapper/0 next_pid=0 next_prio=120
          <idle>-0     [000] ...2   300.158326: sched_switch: prev_comm=swapper/0 prev_pid=0 prev_prio=120 prev_state=R ==> next_comm=mmcqd/1 next_pid=116 next_prio=120
         mmcqd/1-116   [000] ...1   300.158355: block_rq_complete: 179,0 RA () 4076944 + 16 [0]
         mmcqd/1-116   [000] ...2   300.158379: sched_switch: prev_comm=mmcqd/1 prev_pid=116 prev_prio=120 prev_state=S ==> next_comm=swapper/0 next_pid=0 next_prio=120
          <idle>-0     [000] ...2   300.158949: sched_switch: prev_comm=swapper/0 prev_pid=0 prev_prio=120 prev_state=R ==> next_comm=mmcqd/1 next_pid=116 next_prio=120
         mmcqd/1-116   [000] ...1   300.158990: block_rq_complete: 179,0 RA () 4076968 + 80 [0]
         mmcqd/1-116   [000] ...2   300.159009: sched_switch: prev_comm=mmcqd/1 prev_pid=116 prev_prio=120 prev_state=S ==> next_comm=main next_pid=3120 next_prio=120
            main-3120  [000] ...2   300.159042: sched_switch: prev_comm=main prev_pid=3120 prev_prio=120 prev_state=D|W ==> next_comm=swapper/0 next_pid=0 next_prio=120
          <idle>-0     [000] ...2   300.159377: sched_switch: prev_comm=swapper/0 prev_pid=0 prev_prio=120 prev_state=R ==> next_comm=mmcqd/1 next_pid=116 next_prio=120
         mmcqd/1-116   [000] ...1   300.159392: block_rq_complete: 179,0 RA () 4077080 + 32 [0]
         mmcqd/1-116   [000] ...2   300.159410: sched_switch: prev_comm=mmcqd/1 prev_pid=116 prev_prio=120 prev_state=R+ ==> next_comm=kworker/0:1H next_pid=17 next_prio=100
    kworker/0:1H-17    [000] ...2   300.159417: sched_switch: prev_comm=kworker/0:1H prev_pid=17 prev_prio=100 prev_state=S ==> next_comm=mmcqd/1 next_pid=116 next_prio=120
         mmcqd/1-116   [000] ...2   300.159427: sched_switch: prev_comm=mmcqd/1 prev_pid=116 prev_prio=120 prev_state=S ==> next_comm=main next_pid=3120 next_prio=120
            main-3120  [000] d..2   300.159491: block_rq_insert: 179,0 R 0 () 4077120 + 16 [main]
            main-3120  [000] d..2   300.159493: block_rq_insert: 179,0 R 0 () 4077160 + 16 [main]
            main-3120  [000] d..2   300.159495: block_rq_insert: 179,0 R 0 () 4077184 + 48 [main]
            main-3120  [000] ...2   300.159504: sched_switch: prev_comm=main prev_pid=3120 prev_prio=120 prev_state=R+ ==> next_comm=mmcqd/1 next_pid=116 next_prio=120
         mmcqd/1-116   [000] ...2   300.159551: sched_switch: prev_comm=mmcqd/1 prev_pid=116 prev_prio=120 prev_state=S ==> next_comm=main next_pid=3120 next_prio=120
            main-3120  [000] ...2   300.159557: sched_switch: prev_comm=main prev_pid=3120 prev_prio=120 prev_state=D|W ==> next_comm=swapper/0 next_pid=0 next_prio=120
          <idle>-0     [000] ...2   300.159821: sched_switch: prev_comm=swapper/0 prev_pid=0 prev_prio=120 prev_state=R ==> next_comm=mmcqd/1 next_pid=116 next_prio=120
         mmcqd/1-116   [000] ...1   300.159848: block_rq_complete: 179,0 RA () 4077120 + 16 [0]
         mmcqd/1-116   [000] ...2   300.159878: sched_switch: prev_comm=mmcqd/1 prev_pid=116 prev_prio=120 prev_state=S ==> next_comm=swapper/0 next_pid=0 next_prio=120
          <idle>-0     [000] ...2   300.160144: sched_switch: prev_comm=swapper/0 prev_pid=0 prev_prio=120 prev_state=R ==> next_comm=mmcqd/1 next_pid=116 next_prio=120
         mmcqd/1-116   [000] ...1   300.160171: block_rq_complete: 179,0 RA () 4077160 + 16 [0]
         mmcqd/1-116   [000] ...2   300.160187: sched_switch: prev_comm=mmcqd/1 prev_pid=116 prev_prio=120 prev_state=S ==> next_comm=main next_pid=3120 next_prio=120
            main-3120  [000] d..2   300.160272: block_rq_insert: 179,0 R 0 () 4077376 + 8 [main]
            main-3120  [000] d..2   300.160275: block_rq_insert: 179,0 R 0 () 4077400 + 104 [main]
            main-3120  [000] ...2   300.160285: sched_switch: prev_comm=main prev_pid=3120 prev_prio=120 prev_state=R+ ==> next_comm=mmcqd/1 next_pid=116 next_prio=120
         mmcqd/1-116   [000] ...2   300.160301: sched_switch: prev_comm=mmcqd/1 prev_pid=116 prev_prio=120 prev_state=S ==> next_comm=main next_pid=3120 next_prio=120
            main-3120  [000] ...2   300.160307: sched_switch: prev_comm=main prev_pid=3120 prev_prio=120 prev_state=D|W ==> next_comm=swapper/0 next_pid=0 next_prio=120
          <idle>-0     [000] ...2   300.160618: sched_switch: prev_comm=swapper/0 prev_pid=0 prev_prio=120 prev_state=R ==> next_comm=mmcqd/1 next_pid=116 next_prio=120
         mmcqd/1-116   [000] ...1   300.160653: block_rq_complete: 179,0 RA () 4077184 + 48 [0]
         mmcqd/1-116   [000] ...2   300.160697: sched_switch: prev_comm=mmcqd/1 prev_pid=116 prev_prio=120 prev_state=S ==> next_comm=swapper/0 next_pid=0 next_prio=120
          <idle>-0     [000] ...2   300.160888: sched_switch: prev_comm=swapper/0 prev_pid=0 prev_prio=120 prev_state=R ==> next_comm=mmcqd/1 next_pid=116 next_prio=120
         mmcqd/1-116   [000] ...1   300.160913: block_rq_complete: 179,0 RA () 4077376 + 8 [0]
         mmcqd/1-116   [000] ...2   300.160928: sched_switch: prev_comm=mmcqd/1 prev_pid=116 prev_prio=120 prev_state=S ==> next_comm=main next_pid=3120 next_prio=120
            main-3120  [000] d..2   300.160990: block_rq_insert: 179,0 R 0 () 4077592 + 16 [main]
            main-3120  [000] d..2   300.160993: block_rq_insert: 179,0 R 0 () 4077696 + 8 [main]
            main-3120  [000] d..2   300.160995: block_rq_insert: 179,0 R 0 () 4077752 + 8 [main]
            main-3120  [000] d..2   300.160996: block_rq_insert: 179,0 R 0 () 4077800 + 24 [main]
            main-3120  [000] ...2   300.161005: sched_switch: prev_comm=main prev_pid=3120 prev_prio=120 prev_state=R+ ==> next_comm=mmcqd/1 next_pid=116 next_prio=120
         mmcqd/1-116   [000] ...2   300.161023: sched_switch: prev_comm=mmcqd/1 prev_pid=116 prev_prio=120 prev_state=S ==> next_comm=main next_pid=3120 next_prio=120
            main-3120  [000] ...2   300.161029: sched_switch: prev_comm=main prev_pid=3120 prev_prio=120 prev_state=D|W ==> next_comm=swapper/0 next_pid=0 next_prio=120
          <idle>-0     [000] ...2   300.161640: sched_switch: prev_comm=swapper/0 prev_pid=0 prev_prio=120 prev_state=R ==> next_comm=mmcqd/1 next_pid=116 next_prio=120
         mmcqd/1-116   [000] ...1   300.161686: block_rq_complete: 179,0 RA () 4077400 + 104 [0]
         mmcqd/1-116   [000] ...2   300.161708: sched_switch: prev_comm=mmcqd/1 prev_pid=116 prev_prio=120 prev_state=S ==> next_comm=swapper/0 next_pid=0 next_prio=120
          <idle>-0     [000] ...2   300.161990: sched_switch: prev_comm=swapper/0 prev_pid=0 prev_prio=120 prev_state=R ==> next_comm=mmcqd/1 next_pid=116 next_prio=120
         mmcqd/1-116   [000] ...1   300.162017: block_rq_complete: 179,0 RA () 4077592 + 16 [0]
         mmcqd/1-116   [000] ...2   300.162035: sched_switch: prev_comm=mmcqd/1 prev_pid=116 prev_prio=120 prev_state=S ==> next_comm=swapper/0 next_pid=0 next_prio=120
          <idle>-0     [000] ...2   300.162247: sched_switch: prev_comm=swapper/0 prev_pid=0 prev_prio=120 prev_state=R ==> next_comm=mmcqd/1 next_pid=116 next_prio=120
         mmcqd/1-116   [000] ...1   300.162273: block_rq_complete: 179,0 RA () 4077696 + 8 [0]
         mmcqd/1-116   [000] ...2   300.162299: sched_switch: prev_comm=mmcqd/1 prev_pid=116 prev_prio=120 prev_state=S ==> next_comm=main next_pid=3120 next_prio=120
            main-3120  [000] d..2   300.162369: block_rq_insert: 179,0 R 0 () 4079160 + 8 [main]
            main-3120  [000] d..2   300.162371: block_rq_insert: 179,0 R 0 () 4079192 + 80 [main]
            main-3120  [000] d..2   300.162373: block_rq_insert: 179,0 R 0 () 4079304 + 8 [main]
            main-3120  [000] ...2   300.162380: sched_switch: prev_comm=main prev_pid=3120 prev_prio=120 prev_state=D|W ==> next_comm=swapper/0 next_pid=0 next_prio=120
          <idle>-0     [000] ...2   300.162529: sched_switch: prev_comm=swapper/0 prev_pid=0 prev_prio=120 prev_state=R ==> next_comm=mmcqd/1 next_pid=116 next_prio=120
         mmcqd/1-116   [000] ...1   300.162555: block_rq_complete: 179,0 RA () 4077752 + 8 [0]
         mmcqd/1-116   [000] ...2   300.162572: sched_switch: prev_comm=mmcqd/1 prev_pid=116 prev_prio=120 prev_state=S ==> next_comm=swapper/0 next_pid=0 next_prio=120
          <idle>-0     [000] ...2   300.162878: sched_switch: prev_comm=swapper/0 prev_pid=0 prev_prio=120 prev_state=R ==> next_comm=mmcqd/1 next_pid=116 next_prio=120
         mmcqd/1-116   [000] ...1   300.162907: block_rq_complete: 179,0 RA () 4077800 + 24 [0]
         mmcqd/1-116   [000] ...2   300.162944: sched_switch: prev_comm=mmcqd/1 prev_pid=116 prev_prio=120 prev_state=S ==> next_comm=swapper/0 next_pid=0 next_prio=120
          <idle>-0     [000] ...2   300.163159: sched_switch: prev_comm=swapper/0 prev_pid=0 prev_prio=120 prev_state=R ==> next_comm=mmcqd/1 next_pid=116 next_prio=120
         mmcqd/1-116   [000] ...1   300.163183: block_rq_complete: 179,0 RA () 4079160 + 8 [0]
         mmcqd/1-116   [000] ...2   300.163201: sched_switch: prev_comm=mmcqd/1 prev_pid=116 prev_prio=120 prev_state=S ==> next_comm=swapper/0 next_pid=0 next_prio=120
          <idle>-0     [000] ...2   300.163812: sched_switch: prev_comm=swapper/0 prev_pid=0 prev_prio=120 prev_state=R ==> next_comm=mmcqd/1 next_pid=116 next_prio=120
         mmcqd/1-116   [000] ...1   300.163853: block_rq_complete: 179,0 RA () 4079192 + 80 [0]
         mmcqd/1-116   [000] ...2   300.163870: sched_switch: prev_comm=mmcqd/1 prev_pid=116 prev_prio=120 prev_state=S ==> next_comm=main next_pid=3120 next_prio=120
            main-3120  [000] d..2   300.163927: block_rq_insert: 179,0 R 0 () 4081752 + 8 [main]
            main-3120  [000] d..2   300.163929: block_rq_insert: 179,0 R 0 () 4081856 + 8 [main]
            main-3120  [000] d..2   300.163931: block_rq_insert: 179,0 R 0 () 4081960 + 8 [main]
            main-3120  [000] d..2   300.163933: block_rq_insert: 179,0 R 0 () 4081976 + 8 [main]
            main-3120  [000] ...2   300.163942: sched_switch: prev_comm=main prev_pid=3120 prev_prio=120 prev_state=R+ ==> next_comm=mmcqd/1 next_pid=116 next_prio=120
         mmcqd/1-116   [000] ...2   300.163958: sched_switch: prev_comm=mmcqd/1 prev_pid=116 prev_prio=120 prev_state=S ==> next_comm=main next_pid=3120 next_prio=120
            main-3120  [000] ...2   300.163963: sched_switch: prev_comm=main prev_pid=3120 prev_prio=120 prev_state=D|W ==> next_comm=swapper/0 next_pid=0 next_prio=120
          <idle>-0     [000] ...2   300.164107: sched_switch: prev_comm=swapper/0 prev_pid=0 prev_prio=120 prev_state=R ==> next_comm=mmcqd/1 next_pid=116 next_prio=120
         mmcqd/1-116   [000] ...1   300.164132: block_rq_complete: 179,0 RA () 4079304 + 8 [0]
         mmcqd/1-116   [000] ...2   300.164150: sched_switch: prev_comm=mmcqd/1 prev_pid=116 prev_prio=120 prev_state=S ==> next_comm=swapper/0 next_pid=0 next_prio=120
          <idle>-0     [000] ...2   300.164388: sched_switch: prev_comm=swapper/0 prev_pid=0 prev_prio=120 prev_state=R ==> next_comm=mmcqd/1 next_pid=116 next_prio=120
         mmcqd/1-116   [000] ...1   300.164413: block_rq_complete: 179,0 RA () 4081752 + 8 [0]
         mmcqd/1-116   [000] ...2   300.164430: sched_switch: prev_comm=mmcqd/1 prev_pid=116 prev_prio=120 prev_state=S ==> next_comm=swapper/0 next_pid=0 next_prio=120
          <idle>-0     [000] ...2   300.164668: sched_switch: prev_comm=swapper/0 prev_pid=0 prev_prio=120 prev_state=R ==> next_comm=mmcqd/1 next_pid=116 next_prio=120
         mmcqd/1-116   [000] ...1   300.164694: block_rq_complete: 179,0 RA () 4081856 + 8 [0]
         mmcqd/1-116   [000] ...2   300.164715: sched_switch: prev_comm=mmcqd/1 prev_pid=116 prev_prio=120 prev_state=S ==> next_comm=main next_pid=3120 next_prio=120
            main-3120  [000] d..2   300.164787: block_rq_insert: 179,0 R 0 () 4082016 + 8 [main]
            main-3120  [000] d..2   300.164789: block_rq_insert: 179,0 R 0 () 4082128 + 8 [main]
            main-3120  [000] d..2   300.164791: block_rq_insert: 179,0 R 0 () 4082152 + 8 [main]
            main-3120  [000] d..2   300.164793: block_rq_insert: 179,0 R 0 () 4082168 + 32 [main]
            main-3120  [000] d..2   300.164794: block_rq_insert: 179,0 R 0 () 4082240 + 8 [main]
            main-3120  [000] ...2   300.164801: sched_switch: prev_comm=main prev_pid=3120 prev_prio=120 prev_state=D|W ==> next_comm=swapper/0 next_pid=0 next_prio=120
          <idle>-0     [000] ...2   300.164951: sched_switch: prev_comm=swapper/0 prev_pid=0 prev_prio=120 prev_state=R ==> next_comm=mmcqd/1 next_pid=116 next_prio=120
         mmcqd/1-116   [000] ...1   300.164976: block_rq_complete: 179,0 RA () 4081960 + 8 [0]
         mmcqd/1-116   [000] ...2   300.164995: sched_switch: prev_comm=mmcqd/1 prev_pid=116 prev_prio=120 prev_state=S ==> next_comm=swapper/0 next_pid=0 next_prio=120
          <idle>-0     [000] ...2   300.165263: sched_switch: prev_comm=swapper/0 prev_pid=0 prev_prio=120 prev_state=R ==> next_comm=mmcqd/1 next_pid=116 next_prio=120
         mmcqd/1-116   [000] ...1   300.165288: block_rq_complete: 179,0 RA () 4081976 + 8 [0]
         mmcqd/1-116   [000] ...2   300.165306: sched_switch: prev_comm=mmcqd/1 prev_pid=116 prev_prio=120 prev_state=S ==> next_comm=swapper/0 next_pid=0 next_prio=120
          <idle>-0     [000] ...2   300.165555: sched_switch: prev_comm=swapper/0 prev_pid=0 prev_prio=120 prev_state=R ==> next_comm=mmcqd/1 next_pid=116 next_prio=120
         mmcqd/1-116   [000] ...1   300.165580: block_rq_complete: 179,0 RA () 4082016 + 8 [0]
         mmcqd/1-116   [000] ...2   300.165599: sched_switch: prev_comm=mmcqd/1 prev_pid=116 prev_prio=120 prev_state=S ==> next_comm=swapper/0 next_pid=0 next_prio=120
          <idle>-0     [000] ...2   300.165841: sched_switch: prev_comm=swapper/0 prev_pid=0 prev_prio=120 prev_state=R ==> next_comm=mmcqd/1 next_pid=116 next_prio=120
         mmcqd/1-116   [000] ...1   300.165867: block_rq_complete: 179,0 RA () 4082128 + 8 [0]
         mmcqd/1-116   [000] ...2   300.165895: sched_switch: prev_comm=mmcqd/1 prev_pid=116 prev_prio=120 prev_state=S ==> next_comm=main next_pid=3120 next_prio=120
            main-3120  [000] ...2   300.165925: sched_switch: prev_comm=main prev_pid=3120 prev_prio=120 prev_state=D|W ==> next_comm=swapper/0 next_pid=0 next_prio=120
          <idle>-0     [000] ...2   300.166112: sched_switch: prev_comm=swapper/0 prev_pid=0 prev_prio=120 prev_state=R ==> next_comm=mmcqd/1 next_pid=116 next_prio=120
         mmcqd/1-116   [000] ...1   300.166137: block_rq_complete: 179,0 RA () 4082152 + 8 [0]
         mmcqd/1-116   [000] ...2   300.166159: sched_switch: prev_comm=mmcqd/1 prev_pid=116 prev_prio=120 prev_state=S ==> next_comm=main next_pid=3120 next_prio=120
            main-3120  [000] ...2   300.166187: sched_switch: prev_comm=main prev_pid=3120 prev_prio=120 prev_state=D|W ==> next_comm=swapper/0 next_pid=0 next_prio=120
          <idle>-0     [000] ...2   300.166666: sched_switch: prev_comm=swapper/0 prev_pid=0 prev_prio=120 prev_state=R ==> next_comm=mmcqd/1 next_pid=116 next_prio=120
         mmcqd/1-116   [000] ...1   300.166696: block_rq_complete: 179,0 RA () 4082168 + 32 [0]
         mmcqd/1-116   [000] ...2   300.166712: sched_switch: prev_comm=mmcqd/1 prev_pid=116 prev_prio=120 prev_state=S ==> next_comm=main next_pid=3120 next_prio=120
            main-3120  [000] ...2   300.166760: sched_switch: prev_comm=main prev_pid=3120 prev_prio=120 prev_state=D|W ==> next_comm=swapper/0 next_pid=0 next_prio=120
          <idle>-0     [000] ...2   300.166947: sched_switch: prev_comm=swapper/0 prev_pid=0 prev_prio=120 prev_state=R ==> next_comm=mmcqd/1 next_pid=116 next_prio=120
         mmcqd/1-116   [000] ...1   300.166957: block_rq_complete: 179,0 RA () 4082240 + 8 [0]
         mmcqd/1-116   [000] ...2   300.166973: sched_switch: prev_comm=mmcqd/1 prev_pid=116 prev_prio=120 prev_state=R+ ==> next_comm=kworker/0:1H next_pid=17 next_prio=100
    kworker/0:1H-17    [000] ...2   300.166981: sched_switch: prev_comm=kworker/0:1H prev_pid=17 prev_prio=100 prev_state=S ==> next_comm=mmcqd/1 next_pid=116 next_prio=120
         mmcqd/1-116   [000] ...2   300.166990: sched_switch: prev_comm=mmcqd/1 prev_pid=116 prev_prio=120 prev_state=S ==> next_comm=main next_pid=3120 next_prio=120
            main-3120  [000] d..2   300.167056: block_rq_insert: 179,0 R 0 () 4082680 + 96 [main]
            main-3120  [000] ...2   300.167066: sched_switch: prev_comm=main prev_pid=3120 prev_prio=120 prev_state=R+ ==> next_comm=mmcqd/1 next_pid=116 next_prio=120
         mmcqd/1-116   [000] ...2   300.167126: sched_switch: prev_comm=mmcqd/1 prev_pid=116 prev_prio=120 prev_state=S ==> next_comm=main next_pid=3120 next_prio=120
            main-3120  [000] ...2   300.167131: sched_switch: prev_comm=main prev_pid=3120 prev_prio=120 prev_state=D|W ==> next_comm=swapper/0 next_pid=0 next_prio=120
          <idle>-0     [000] ...2   300.167901: sched_switch: prev_comm=swapper/0 prev_pid=0 prev_prio=120 prev_state=R ==> next_comm=mmcqd/1 next_pid=116 next_prio=120
         mmcqd/1-116   [000] ...1   300.167931: block_rq_complete: 179,0 RA () 4082680 + 96 [0]
         mmcqd/1-116   [000] ...2   300.167950: sched_switch: prev_comm=mmcqd/1 prev_pid=116 prev_prio=120 prev_state=R+ ==> next_comm=kworker/0:1H next_pid=17 next_prio=100
    kworker/0:1H-17    [000] ...2   300.167959: sched_switch: prev_comm=kworker/0:1H prev_pid=17 prev_prio=100 prev_state=S ==> next_comm=mmcqd/1 next_pid=116 next_prio=120
         mmcqd/1-116   [000] ...2   300.167968: sched_switch: prev_comm=mmcqd/1 prev_pid=116 prev_prio=120 prev_state=S ==> next_comm=main next_pid=3120 next_prio=120
            main-3120  [000] d..2   300.168115: block_rq_insert: 179,0 R 0 () 4072976 + 16 [main]
            main-3120  [000] d..2   300.168118: block_rq_insert: 179,0 R 0 () 4073024 + 8 [main]
            main-3120  [000] d..2   300.168120: block_rq_insert: 179,0 R 0 () 4073040 + 16 [main]
            main-3120  [000] d..2   300.168121: block_rq_insert: 179,0 R 0 () 4073064 + 24 [main]
            main-3120  [000] d..2   300.168123: block_rq_insert: 179,0 R 0 () 4073096 + 16 [main]
            main-3120  [000] d..2   300.168125: block_rq_insert: 179,0 R 0 () 4073120 + 72 [main]
            main-3120  [000] d..2   300.168126: block_rq_insert: 179,0 R 0 () 4073208 + 16 [main]
            main-3120  [000] ...2   300.168136: sched_switch: prev_comm=main prev_pid=3120 prev_prio=120 prev_state=R+ ==> next_comm=mmcqd/1 next_pid=116 next_prio=120
         mmcqd/1-116   [000] ...2   300.168198: sched_switch: prev_comm=mmcqd/1 prev_pid=116 prev_prio=120 prev_state=S ==> next_comm=main next_pid=3120 next_prio=120
            main-3120  [000] ...2   300.168204: sched_switch: prev_comm=main prev_pid=3120 prev_prio=120 prev_state=D|W ==> next_comm=swapper/0 next_pid=0 next_prio=120
          <idle>-0     [000] ...2   300.168603: sched_switch: prev_comm=swapper/0 prev_pid=0 prev_prio=120 prev_state=R ==> next_comm=mmcqd/1 next_pid=116 next_prio=120
         mmcqd/1-116   [000] ...1   300.168630: block_rq_complete: 179,0 RA () 4073208 + 16 [0]
         mmcqd/1-116   [000] ...2   300.168651: sched_switch: prev_comm=mmcqd/1 prev_pid=116 prev_prio=120 prev_state=S ==> next_comm=swapper/0 next_pid=0 next_prio=120
          <idle>-0     [000] ...2   300.169183: sched_switch: prev_comm=swapper/0 prev_pid=0 prev_prio=120 prev_state=R ==> next_comm=mmcqd/1 next_pid=116 next_prio=120
         mmcqd/1-116   [000] ...1   300.169223: block_rq_complete: 179,0 RA () 4073120 + 72 [0]
         mmcqd/1-116   [000] ...2   300.169247: sched_switch: prev_comm=mmcqd/1 prev_pid=116 prev_prio=120 prev_state=S ==> next_comm=swapper/0 next_pid=0 next_prio=120
          <idle>-0     [000] ...2   300.169463: sched_switch: prev_comm=swapper/0 prev_pid=0 prev_prio=120 prev_state=R ==> next_comm=mmcqd/1 next_pid=116 next_prio=120
         mmcqd/1-116   [000] ...1   300.169490: block_rq_complete: 179,0 RA () 4073096 + 16 [0]
         mmcqd/1-116   [000] ...2   300.169514: sched_switch: prev_comm=mmcqd/1 prev_pid=116 prev_prio=120 prev_state=S ==> next_comm=main next_pid=3120 next_prio=120
            main-3120  [000] d..2   300.169586: block_rq_insert: 179,0 R 0 () 4085240 + 72 [main]
            main-3120  [000] d..2   300.169588: block_rq_insert: 179,0 R 0 () 4085320 + 16 [main]
            main-3120  [000] d..2   300.169590: block_rq_insert: 179,0 R 0 () 4085344 + 24 [main]
            main-3120  [000] d..2   300.169592: block_rq_insert: 179,0 R 0 () 4085376 + 16 [main]
            main-3120  [000] d..2   300.169593: block_rq_insert: 179,0 R 0 () 4085408 + 8 [main]
            main-3120  [000] d..2   300.169595: block_rq_insert: 179,0 R 0 () 4085432 + 16 [main]
            main-3120  [000] ...2   300.169602: sched_switch: prev_comm=main prev_pid=3120 prev_prio=120 prev_state=D|W ==> next_comm=swapper/0 next_pid=0 next_prio=120
          <idle>-0     [000] ...2   300.169821: sched_switch: prev_comm=swapper/0 prev_pid=0 prev_prio=120 prev_state=R ==> next_comm=mmcqd/1 next_pid=116 next_prio=120
         mmcqd/1-116   [000] ...1   300.169850: block_rq_complete: 179,0 RA () 4073064 + 24 [0]
         mmcqd/1-116   [000] ...2   300.169869: sched_switch: prev_comm=mmcqd/1 prev_pid=116 prev_prio=120 prev_state=S ==> next_comm=swapper/0 next_pid=0 next_prio=120
          <idle>-0     [000] ...2   300.170137: sched_switch: prev_comm=swapper/0 prev_pid=0 prev_prio=120 prev_state=R ==> next_comm=mmcqd/1 next_pid=116 next_prio=120
         mmcqd/1-116   [000] ...1   300.170164: block_rq_complete: 179,0 RA () 4073040 + 16 [0]
         mmcqd/1-116   [000] ...2   300.170185: sched_switch: prev_comm=mmcqd/1 prev_pid=116 prev_prio=120 prev_state=S ==> next_comm=swapper/0 next_pid=0 next_prio=120
          <idle>-0     [000] ...2   300.170456: sched_switch: prev_comm=swapper/0 prev_pid=0 prev_prio=120 prev_state=R ==> next_comm=mmcqd/1 next_pid=116 next_prio=120
         mmcqd/1-116   [000] ...1   300.170481: block_rq_complete: 179,0 RA () 4073024 + 8 [0]
         mmcqd/1-116   [000] ...2   300.170516: sched_switch: prev_comm=mmcqd/1 prev_pid=116 prev_prio=120 prev_state=S ==> next_comm=swapper/0 next_pid=0 next_prio=120
          <idle>-0     [000] ...2   300.170766: sched_switch: prev_comm=swapper/0 prev_pid=0 prev_prio=120 prev_state=R ==> next_comm=mmcqd/1 next_pid=116 next_prio=120
         mmcqd/1-116   [000] ...1   300.170793: block_rq_complete: 179,0 RA () 4072976 + 16 [0]
         mmcqd/1-116   [000] ...2   300.170813: sched_switch: prev_comm=mmcqd/1 prev_pid=116 prev_prio=120 prev_state=S ==> next_comm=swapper/0 next_pid=0 next_prio=120
          <idle>-0     [000] ...2   300.171472: sched_switch: prev_comm=swapper/0 prev_pid=0 prev_prio=120 prev_state=R ==> next_comm=mmcqd/1 next_pid=116 next_prio=120
         mmcqd/1-116   [000] ...1   300.171512: block_rq_complete: 179,0 RA () 4085240 + 72 [0]
         mmcqd/1-116   [000] ...2   300.171537: sched_switch: prev_comm=mmcqd/1 prev_pid=116 prev_prio=120 prev_state=S ==> next_comm=swapper/0 next_pid=0 next_prio=120
          <idle>-0     [000] ...2   300.171778: sched_switch: prev_comm=swapper/0 prev_pid=0 prev_prio=120 prev_state=R ==> next_comm=mmcqd/1 next_pid=116 next_prio=120
         mmcqd/1-116   [000] ...1   300.171805: block_rq_complete: 179,0 RA () 4085320 + 16 [0]
         mmcqd/1-116   [000] ...2   300.171830: sched_switch: prev_comm=mmcqd/1 prev_pid=116 prev_prio=120 prev_state=S ==> next_comm=main next_pid=3120 next_prio=120
            main-3120  [000] ...2   300.172132: sched_switch: prev_comm=main prev_pid=3120 prev_prio=120 prev_state=R+ ==> next_comm=mmcqd/1 next_pid=116 next_prio=120
         mmcqd/1-116   [000] ...1   300.172163: block_rq_complete: 179,0 RA () 4085344 + 24 [0]
         mmcqd/1-116   [000] ...2   300.172183: sched_switch: prev_comm=mmcqd/1 prev_pid=116 prev_prio=120 prev_state=S ==> next_comm=main next_pid=3120 next_prio=120
            main-3120  [000] d..2   300.172196: block_rq_insert: 179,0 R 0 () 4083344 + 8 [main]
            main-3120  [000] d..2   300.172199: block_rq_insert: 179,0 R 0 () 4083392 + 24 [main]
            main-3120  [000] d..2   300.172200: block_rq_insert: 179,0 R 0 () 4083424 + 32 [main]
            main-3120  [000] d..2   300.172202: block_rq_insert: 179,0 R 0 () 4083496 + 8 [main]
            main-3120  [000] ...2   300.172209: sched_switch: prev_comm=main prev_pid=3120 prev_prio=120 prev_state=D|W ==> next_comm=swapper/0 next_pid=0 next_prio=120
          <idle>-0     [000] ...2   300.172442: sched_switch: prev_comm=swapper/0 prev_pid=0 prev_prio=120 prev_state=R ==> next_comm=mmcqd/1 next_pid=116 next_prio=120
         mmcqd/1-116   [000] ...1   300.172469: block_rq_complete: 179,0 RA () 4085376 + 16 [0]
         mmcqd/1-116   [000] ...2   300.172490: sched_switch: prev_comm=mmcqd/1 prev_pid=116 prev_prio=120 prev_state=S ==> next_comm=swapper/0 next_pid=0 next_prio=120
          <idle>-0     [000] ...2   300.172704: sched_switch: prev_comm=swapper/0 prev_pid=0 prev_prio=120 prev_state=R ==> next_comm=mmcqd/1 next_pid=116 next_prio=120
         mmcqd/1-116   [000] ...1   300.172729: block_rq_complete: 179,0 RA () 4085408 + 8 [0]
         mmcqd/1-116   [000] ...2   300.172747: sched_switch: prev_comm=mmcqd/1 prev_pid=116 prev_prio=120 prev_state=S ==> next_comm=swapper/0 next_pid=0 next_prio=120
          <idle>-0     [000] ...2   300.173051: sched_switch: prev_comm=swapper/0 prev_pid=0 prev_prio=120 prev_state=R ==> next_comm=mmcqd/1 next_pid=116 next_prio=120
         mmcqd/1-116   [000] ...1   300.173078: block_rq_complete: 179,0 RA () 4085432 + 16 [0]
         mmcqd/1-116   [000] ...2   300.173102: sched_switch: prev_comm=mmcqd/1 prev_pid=116 prev_prio=120 prev_state=S ==> next_comm=swapper/0 next_pid=0 next_prio=120
          <idle>-0     [000] ...2   300.173321: sched_switch: prev_comm=swapper/0 prev_pid=0 prev_prio=120 prev_state=R ==> next_comm=mmcqd/1 next_pid=116 next_prio=120
         mmcqd/1-116   [000] ...1   300.173347: block_rq_complete: 179,0 RA () 4083496 + 8 [0]
         mmcqd/1-116   [000] ...2   300.173368: sched_switch: prev_comm=mmcqd/1 prev_pid=116 prev_prio=120 prev_state=S ==> next_comm=swapper/0 next_pid=0 next_prio=120
          <idle>-0     [000] ...2   300.173712: sched_switch: prev_comm=swapper/0 prev_pid=0 prev_prio=120 prev_state=R ==> next_comm=mmcqd/1 next_pid=116 next_prio=120
         mmcqd/1-116   [000] ...1   300.173742: block_rq_complete: 179,0 RA () 4083424 + 32 [0]
         mmcqd/1-116   [000] ...2   300.173760: sched_switch: prev_comm=mmcqd/1 prev_pid=116 prev_prio=120 prev_state=S ==> next_comm=swapper/0 next_pid=0 next_prio=120
          <idle>-0     [000] ...2   300.174056: sched_switch: prev_comm=swapper/0 prev_pid=0 prev_prio=120 prev_state=R ==> next_comm=mmcqd/1 next_pid=116 next_prio=120
         mmcqd/1-116   [000] ...1   300.174084: block_rq_complete: 179,0 RA () 4083392 + 24 [0]
         mmcqd/1-116   [000] ...2   300.174100: sched_switch: prev_comm=mmcqd/1 prev_pid=116 prev_prio=120 prev_state=S ==> next_comm=main next_pid=3120 next_prio=120
            main-3120  [000] d..2   300.174151: block_rq_insert: 179,0 R 0 () 4082888 + 24 [main]
            main-3120  [000] d..2   300.174154: block_rq_insert: 179,0 R 0 () 4083008 + 8 [main]
            main-3120  [000] ...2   300.174165: sched_switch: prev_comm=main prev_pid=3120 prev_prio=120 prev_state=R+ ==> next_comm=mmcqd/1 next_pid=116 next_prio=120
         mmcqd/1-116   [000] ...2   300.174181: sched_switch: prev_comm=mmcqd/1 prev_pid=116 prev_prio=120 prev_state=S ==> next_comm=main next_pid=3120 next_prio=120
            main-3120  [000] ...2   300.174186: sched_switch: prev_comm=main prev_pid=3120 prev_prio=120 prev_state=D|W ==> next_comm=swapper/0 next_pid=0 next_prio=120
          <idle>-0     [000] ...2   300.174309: sched_switch: prev_comm=swapper/0 prev_pid=0 prev_prio=120 prev_state=R ==> next_comm=mmcqd/1 next_pid=116 next_prio=120
         mmcqd/1-116   [000] ...1   300.174334: block_rq_complete: 179,0 RA () 4083344 + 8 [0]
         mmcqd/1-116   [000] ...2   300.174357: sched_switch: prev_comm=mmcqd/1 prev_pid=116 prev_prio=120 prev_state=S ==> next_comm=swapper/0 next_pid=0 next_prio=120
          <idle>-0     [000] ...2   300.174601: sched_switch: prev_comm=swapper/0 prev_pid=0 prev_prio=120 prev_state=R ==> next_comm=mmcqd/1 next_pid=116 next_prio=120
         mmcqd/1-116   [000] ...1   300.174626: block_rq_complete: 179,0 RA () 4083008 + 8 [0]
         mmcqd/1-116   [000] ...2   300.174637: sched_switch: prev_comm=mmcqd/1 prev_pid=116 prev_prio=120 prev_state=S ==> next_comm=swapper/0 next_pid=0 next_prio=120
          <idle>-0     [000] ...2   300.174954: sched_switch: prev_comm=swapper/0 prev_pid=0 prev_prio=120 prev_state=R ==> next_comm=mmcqd/1 next_pid=116 next_prio=120
         mmcqd/1-116   [000] ...1   300.174967: block_rq_complete: 179,0 RA () 4082888 + 24 [0]
         mmcqd/1-116   [000] ...2   300.174984: sched_switch: prev_comm=mmcqd/1 prev_pid=116 prev_prio=120 prev_state=R+ ==> next_comm=kworker/0:1H next_pid=17 next_prio=100
    kworker/0:1H-17    [000] ...2   300.174991: sched_switch: prev_comm=kworker/0:1H prev_pid=17 prev_prio=100 prev_state=S ==> next_comm=mmcqd/1 next_pid=116 next_prio=120
         mmcqd/1-116   [000] ...2   300.175000: sched_switch: prev_comm=mmcqd/1 prev_pid=116 prev_prio=120 prev_state=S ==> next_comm=main next_pid=3120 next_prio=120
            main-3120  [000] d..2   300.175134: block_rq_insert: 179,0 R 0 () 4085480 + 136 [main]
            main-3120  [000] ...2   300.175144: sched_switch: prev_comm=main prev_pid=3120 prev_prio=120 prev_state=R+ ==> next_comm=mmcqd/1 next_pid=116 next_prio=120
         mmcqd/1-116   [000] ...2   300.175215: sched_switch: prev_comm=mmcqd/1 prev_pid=116 prev_prio=120 prev_state=S ==> next_comm=main next_pid=3120 next_prio=120
            main-3120  [000] ...2   300.175220: sched_switch: prev_comm=main prev_pid=3120 prev_prio=120 prev_state=D|W ==> next_comm=swapper/0 next_pid=0 next_prio=120
          <idle>-0     [000] ...2   300.176120: sched_switch: prev_comm=swapper/0 prev_pid=0 prev_prio=120 prev_state=R ==> next_comm=mmcqd/1 next_pid=116 next_prio=120
         mmcqd/1-116   [000] ...1   300.176159: block_rq_complete: 179,0 RA () 4085480 + 136 [0]
         mmcqd/1-116   [000] ...2   300.176179: sched_switch: prev_comm=mmcqd/1 prev_pid=116 prev_prio=120 prev_state=R+ ==> next_comm=kworker/0:1H next_pid=17 next_prio=100
    kworker/0:1H-17    [000] ...2   300.176186: sched_switch: prev_comm=kworker/0:1H prev_pid=17 prev_prio=100 prev_state=S ==> next_comm=mmcqd/1 next_pid=116 next_prio=120
         mmcqd/1-116   [000] ...2   300.176195: sched_switch: prev_comm=mmcqd/1 prev_pid=116 prev_prio=120 prev_state=S ==> next_comm=main next_pid=3120 next_prio=120
            main-3120  [000] d..2   300.176346: block_rq_insert: 179,0 R 0 () 4083264 + 8 [main]
            main-3120  [000] ...2   300.176356: sched_switch: prev_comm=main prev_pid=3120 prev_prio=120 prev_state=R+ ==> next_comm=mmcqd/1 next_pid=116 next_prio=120
         mmcqd/1-116   [000] ...2   300.176392: sched_switch: prev_comm=mmcqd/1 prev_pid=116 prev_prio=120 prev_state=S ==> next_comm=main next_pid=3120 next_prio=120
            main-3120  [000] ...2   300.176398: sched_switch: prev_comm=main prev_pid=3120 prev_prio=120 prev_state=D|W ==> next_comm=swapper/0 next_pid=0 next_prio=120
          <idle>-0     [000] ...2   300.176637: sched_switch: prev_comm=swapper/0 prev_pid=0 prev_prio=120 prev_state=R ==> next_comm=mmcqd/1 next_pid=116 next_prio=120
         mmcqd/1-116   [000] ...1   300.176647: block_rq_complete: 179,0 RA () 4083264 + 8 [0]
         mmcqd/1-116   [000] ...2   300.176663: sched_switch: prev_comm=mmcqd/1 prev_pid=116 prev_prio=120 prev_state=R+ ==> next_comm=kworker/0:1H next_pid=17 next_prio=100
    kworker/0:1H-17    [000] ...2   300.176670: sched_switch: prev_comm=kworker/0:1H prev_pid=17 prev_prio=100 prev_state=S ==> next_comm=mmcqd/1 next_pid=116 next_prio=120
         mmcqd/1-116   [000] ...2   300.176679: sched_switch: prev_comm=mmcqd/1 prev_pid=116 prev_prio=120 prev_state=S ==> next_comm=main next_pid=3120 next_prio=120
            main-3120  [000] d..2   300.177368: block_rq_insert: 179,0 R 0 () 4085656 + 256 [main]
            main-3120  [000] ...2   300.177379: sched_switch: prev_comm=main prev_pid=3120 prev_prio=120 prev_state=R+ ==> next_comm=mmcqd/1 next_pid=116 next_prio=120
         mmcqd/1-116   [000] ...2   300.177482: sched_switch: prev_comm=mmcqd/1 prev_pid=116 prev_prio=120 prev_state=S ==> next_comm=main next_pid=3120 next_prio=120
            main-3120  [000] ...2   300.177488: sched_switch: prev_comm=main prev_pid=3120 prev_prio=120 prev_state=D|W ==> next_comm=swapper/0 next_pid=0 next_prio=120
          <idle>-0     [000] ...2   300.178941: sched_switch: prev_comm=swapper/0 prev_pid=0 prev_prio=120 prev_state=R ==> next_comm=mmcqd/1 next_pid=116 next_prio=120
         mmcqd/1-116   [000] ...1   300.179006: block_rq_complete: 179,0 RA () 4085656 + 256 [0]
         mmcqd/1-116   [000] ...2   300.179031: sched_switch: prev_comm=mmcqd/1 prev_pid=116 prev_prio=120 prev_state=R+ ==> next_comm=kworker/0:1H next_pid=17 next_prio=100
    kworker/0:1H-17    [000] ...2   300.179039: sched_switch: prev_comm=kworker/0:1H prev_pid=17 prev_prio=100 prev_state=S ==> next_comm=mmcqd/1 next_pid=116 next_prio=120
         mmcqd/1-116   [000] ...2   300.179047: sched_switch: prev_comm=mmcqd/1 prev_pid=116 prev_prio=120 prev_state=S ==> next_comm=main next_pid=3120 next_prio=120
            main-3120  [000] d..2   300.179995: block_rq_insert: 179,0 R 0 () 4085912 + 256 [main]
            main-3120  [000] ...2   300.180007: sched_switch: prev_comm=main prev_pid=3120 prev_prio=120 prev_state=R+ ==> next_comm=mmcqd/1 next_pid=116 next_prio=120
         mmcqd/1-116   [000] ...2   300.180114: sched_switch: prev_comm=mmcqd/1 prev_pid=116 prev_prio=120 prev_state=S ==> next_comm=main next_pid=3120 next_prio=120
            main-3120  [000] ...2   300.180191: sched_switch: prev_comm=main prev_pid=3120 prev_prio=120 prev_state=D|W ==> next_comm=swapper/0 next_pid=0 next_prio=120
          <idle>-0     [000] ...2   300.181558: sched_switch: prev_comm=swapper/0 prev_pid=0 prev_prio=120 prev_state=R ==> next_comm=mmcqd/1 next_pid=116 next_prio=120
         mmcqd/1-116   [000] ...1   300.181625: block_rq_complete: 179,0 RA () 4085912 + 256 [0]
         mmcqd/1-116   [000] ...2   300.181651: sched_switch: prev_comm=mmcqd/1 prev_pid=116 prev_prio=120 prev_state=R+ ==> next_comm=kworker/0:1H next_pid=17 next_prio=100
    kworker/0:1H-17    [000] ...2   300.181659: sched_switch: prev_comm=kworker/0:1H prev_pid=17 prev_prio=100 prev_state=S ==> next_comm=mmcqd/1 next_pid=116 next_prio=120
         mmcqd/1-116   [000] ...2   300.181669: sched_switch: prev_comm=mmcqd/1 prev_pid=116 prev_prio=120 prev_state=S ==> next_comm=main next_pid=3120 next_prio=120
            main-3120  [000] d..2   300.181749: block_rq_insert: 179,0 R 0 () 4072864 + 64 [main]
            main-3120  [000] d..2   300.181751: block_rq_insert: 179,0 R 0 () 4072944 + 8 [main]
            main-3120  [000] ...2   300.181761: sched_switch: prev_comm=main prev_pid=3120 prev_prio=120 prev_state=R+ ==> next_comm=mmcqd/1 next_pid=116 next_prio=120
         mmcqd/1-116   [000] ...2   300.181822: sched_switch: prev_comm=mmcqd/1 prev_pid=116 prev_prio=120 prev_state=S ==> next_comm=main next_pid=3120 next_prio=120
            main-3120  [000] ...2   300.181830: sched_switch: prev_comm=main prev_pid=3120 prev_prio=120 prev_state=D|W ==> next_comm=swapper/0 next_pid=0 next_prio=120
          <idle>-0     [000] ...2   300.182038: sched_switch: prev_comm=swapper/0 prev_pid=0 prev_prio=120 prev_state=R ==> next_comm=mmcqd/1 next_pid=116 next_prio=120
         mmcqd/1-116   [000] ...1   300.182063: block_rq_complete: 179,0 RA () 4072944 + 8 [0]
         mmcqd/1-116   [000] ...2   300.182077: sched_switch: prev_comm=mmcqd/1 prev_pid=116 prev_prio=120 prev_state=S ==> next_comm=swapper/0 next_pid=0 next_prio=120
          <idle>-0     [000] ...2   300.182588: sched_switch: prev_comm=swapper/0 prev_pid=0 prev_prio=120 prev_state=R ==> next_comm=mmcqd/1 next_pid=116 next_prio=120
         mmcqd/1-116   [000] ...1   300.182610: block_rq_complete: 179,0 RA () 4072864 + 64 [0]
         mmcqd/1-116   [000] ...2   300.182629: sched_switch: prev_comm=mmcqd/1 prev_pid=116 prev_prio=120 prev_state=R+ ==> next_comm=kworker/0:1H next_pid=17 next_prio=100
    kworker/0:1H-17    [000] ...2   300.182636: sched_switch: prev_comm=kworker/0:1H prev_pid=17 prev_prio=100 prev_state=S ==> next_comm=mmcqd/1 next_pid=116 next_prio=120
         mmcqd/1-116   [000] ...2   300.182645: sched_switch: prev_comm=mmcqd/1 prev_pid=116 prev_prio=120 prev_state=S ==> next_comm=main next_pid=3120 next_prio=120
            main-3120  [000] d..2   300.182931: block_rq_insert: 179,0 R 0 () 4086168 + 184 [main]
            main-3120  [000] ...2   300.182942: sched_switch: prev_comm=main prev_pid=3120 prev_prio=120 prev_state=R+ ==> next_comm=mmcqd/1 next_pid=116 next_prio=120
         mmcqd/1-116   [000] ...2   300.183026: sched_switch: prev_comm=mmcqd/1 prev_pid=116 prev_prio=120 prev_state=S ==> next_comm=main next_pid=3120 next_prio=120
            main-3120  [000] ...2   300.183033: sched_switch: prev_comm=main prev_pid=3120 prev_prio=120 prev_state=D|W ==> next_comm=swapper/0 next_pid=0 next_prio=120
          <idle>-0     [000] ...2   300.184152: sched_switch: prev_comm=swapper/0 prev_pid=0 prev_prio=120 prev_state=R ==> next_comm=mmcqd/1 next_pid=116 next_prio=120
         mmcqd/1-116   [000] ...1   300.184201: block_rq_complete: 179,0 RA () 4086168 + 184 [0]
         mmcqd/1-116   [000] ...2   300.184222: sched_switch: prev_comm=mmcqd/1 prev_pid=116 prev_prio=120 prev_state=R+ ==> next_comm=kworker/0:1H next_pid=17 next_prio=100
    kworker/0:1H-17    [000] ...2   300.184229: sched_switch: prev_comm=kworker/0:1H prev_pid=17 prev_prio=100 prev_state=S ==> next_comm=mmcqd/1 next_pid=116 next_prio=120
         mmcqd/1-116   [000] ...2   300.184239: sched_switch: prev_comm=mmcqd/1 prev_pid=116 prev_prio=120 prev_state=S ==> next_comm=main next_pid=3120 next_prio=120
            main-3120  [000] d..2   300.184570: block_rq_insert: 179,0 R 0 () 1207472 + 8 [main]
            main-3120  [000] d..2   300.184573: block_rq_insert: 179,0 R 0 () 1207488 + 24 [main]
            main-3120  [000] d..2   300.184575: block_rq_insert: 179,0 R 0 () 1207584 + 24 [main]
            main-3120  [000] ...2   300.184586: sched_switch: prev_comm=main prev_pid=3120 prev_prio=120 prev_state=R+ ==> next_comm=mmcqd/1 next_pid=116 next_prio=120
         mmcqd/1-116   [000] ...2   300.184636: sched_switch: prev_comm=mmcqd/1 prev_pid=116 prev_prio=120 prev_state=S ==> next_comm=main next_pid=3120 next_prio=120
            main-3120  [000] ...2   300.184645: sched_switch: prev_comm=main prev_pid=3120 prev_prio=120 prev_state=D|W ==> next_comm=swapper/0 next_pid=0 next_prio=120
          <idle>-0     [000] ...2   300.184663: sched_switch: prev_comm=swapper/0 prev_pid=0 prev_prio=120 prev_state=R ==> next_comm=ksoftirqd/0 next_pid=3 next_prio=120
     ksoftirqd/0-3     [000] ...2   300.184673: sched_switch: prev_comm=ksoftirqd/0 prev_pid=3 prev_prio=120 prev_state=S ==> next_comm=swapper/0 next_pid=0 next_prio=120
          <idle>-0     [000] ...2   300.184689: sched_switch: prev_comm=swapper/0 prev_pid=0 prev_prio=120 prev_state=R ==> next_comm=ksoftirqd/0 next_pid=3 next_prio=120
     ksoftirqd/0-3     [000] ...2   300.184698: sched_switch: prev_comm=ksoftirqd/0 prev_pid=3 prev_prio=120 prev_state=S ==> next_comm=swapper/0 next_pid=0 next_prio=120
          <idle>-0     [000] ...2   300.184712: sched_switch: prev_comm=swapper/0 prev_pid=0 prev_prio=120 prev_state=R ==> next_comm=ksoftirqd/0 next_pid=3 next_prio=120
     ksoftirqd/0-3     [000] ...2   300.184720: sched_switch: prev_comm=ksoftirqd/0 prev_pid=3 prev_prio=120 prev_state=S ==> next_comm=swapper/0 next_pid=0 next_prio=120
          <idle>-0     [000] ...2   300.184870: sched_switch: prev_comm=swapper/0 prev_pid=0 prev_prio=120 prev_state=R ==> next_comm=mmcqd/1 next_pid=116 next_prio=120
         mmcqd/1-116   [000] ...1   300.184896: block_rq_complete: 179,0 RA () 1207472 + 8 [0]
         mmcqd/1-116   [000] ...2   300.184921: sched_switch: prev_comm=mmcqd/1 prev_pid=116 prev_prio=120 prev_state=S ==> next_comm=swapper/0 next_pid=0 next_prio=120
          <idle>-0     [000] ...2   300.185209: sched_switch: prev_comm=swapper/0 prev_pid=0 prev_prio=120 prev_state=R ==> next_comm=mmcqd/1 next_pid=116 next_prio=120
         mmcqd/1-116   [000] ...1   300.185238: block_rq_complete: 179,0 RA () 1207488 + 24 [0]
         mmcqd/1-116   [000] ...2   300.185251: sched_switch: prev_comm=mmcqd/1 prev_pid=116 prev_prio=120 prev_state=S ==> next_comm=swapper/0 next_pid=0 next_prio=120
          <idle>-0     [000] ...2   300.185549: sched_switch: prev_comm=swapper/0 prev_pid=0 prev_prio=120 prev_state=R ==> next_comm=mmcqd/1 next_pid=116 next_prio=120
         mmcqd/1-116   [000] ...1   300.185563: block_rq_complete: 179,0 RA () 1207584 + 24 [0]
         mmcqd/1-116   [000] ...2   300.185580: sched_switch: prev_comm=mmcqd/1 prev_pid=116 prev_prio=120 prev_state=R+ ==> next_comm=kworker/0:1H next_pid=17 next_prio=100
    kworker/0:1H-17    [000] ...2   300.185588: sched_switch: prev_comm=kworker/0:1H prev_pid=17 prev_prio=100 prev_state=S ==> next_comm=mmcqd/1 next_pid=116 next_prio=120
         mmcqd/1-116   [000] ...2   300.185597: sched_switch: prev_comm=mmcqd/1 prev_pid=116 prev_prio=120 prev_state=S ==> next_comm=main next_pid=3120 next_prio=120
            main-3120  [000] d..2   300.187527: block_rq_insert: 179,0 R 0 () 3996192 + 8 [main]
            main-3120  [000] d..2   300.187531: block_rq_insert: 179,0 R 0 () 3996264 + 8 [main]
            main-3120  [000] ...2   300.187544: sched_switch: prev_comm=main prev_pid=3120 prev_prio=120 prev_state=R+ ==> next_comm=mmcqd/1 next_pid=116 next_prio=120
         mmcqd/1-116   [000] ...2   300.187598: sched_switch: prev_comm=mmcqd/1 prev_pid=116 prev_prio=120 prev_state=S ==> next_comm=main next_pid=3120 next_prio=120
            main-3120  [000] ...2   300.187607: sched_switch: prev_comm=main prev_pid=3120 prev_prio=120 prev_state=D|W ==> next_comm=swapper/0 next_pid=0 next_prio=120
          <idle>-0     [000] ...2   300.187839: sched_switch: prev_comm=swapper/0 prev_pid=0 prev_prio=120 prev_state=R ==> next_comm=mmcqd/1 next_pid=116 next_prio=120
         mmcqd/1-116   [000] ...1   300.187865: block_rq_complete: 179,0 RA () 3996192 + 8 [0]
         mmcqd/1-116   [000] ...2   300.187879: sched_switch: prev_comm=mmcqd/1 prev_pid=116 prev_prio=120 prev_state=S ==> next_comm=swapper/0 next_pid=0 next_prio=120
          <idle>-0     [000] ...2   300.188131: sched_switch: prev_comm=swapper/0 prev_pid=0 prev_prio=120 prev_state=R ==> next_comm=mmcqd/1 next_pid=116 next_prio=120
         mmcqd/1-116   [000] ...1   300.188141: block_rq_complete: 179,0 RA () 3996264 + 8 [0]
         mmcqd/1-116   [000] ...2   300.188159: sched_switch: prev_comm=mmcqd/1 prev_pid=116 prev_prio=120 prev_state=R+ ==> next_comm=kworker/0:1H next_pid=17 next_prio=100
    kworker/0:1H-17    [000] ...2   300.188167: sched_switch: prev_comm=kworker/0:1H prev_pid=17 prev_prio=100 prev_state=S ==> next_comm=mmcqd/1 next_pid=116 next_prio=120
