          <idle>-0     [001] ...2   312.674026: sched_switch: prev_comm=swapper/1 prev_pid=0 prev_prio=120 prev_state=R ==> next_comm=ksoftirqd/1 next_pid=3181 next_prio=120
     ksoftirqd/1-3181  [001] ...2   312.674033: sched_switch: prev_comm=ksoftirqd/1 prev_pid=3181 prev_prio=120 prev_state=S ==> next_comm=main next_pid=3184 next_prio=120
 Heap thread poo-3183  [000] ...2   312.674053: sched_switch: prev_comm=main prev_pid=3183 prev_prio=120 prev_state=D ==> next_comm=swapper/0 next_pid=0 next_prio=120
 Heap thread poo-3184  [001] ...2   312.674059: sched_switch: prev_comm=main prev_pid=3184 prev_prio=120 prev_state=R+ ==> next_comm=main next_pid=3182 next_prio=120
          <idle>-0     [000] ...2   312.674067: sched_switch: prev_comm=swapper/0 prev_pid=0 prev_prio=120 prev_state=R ==> next_comm=ksoftirqd/0 next_pid=3 next_prio=120
 Heap thread poo-3182  [001] ...2   312.674073: sched_switch: prev_comm=main prev_pid=3182 prev_prio=120 prev_state=D ==> next_comm=main next_pid=3184 next_prio=120
     ksoftirqd/0-3     [000] ...2   312.674073: sched_switch: prev_comm=ksoftirqd/0 prev_pid=3 prev_prio=120 prev_state=S ==> next_comm=main next_pid=3177 next_prio=120
 Heap thread poo-3184  [001] ...2   312.674082: sched_switch: prev_comm=main prev_pid=3184 prev_prio=120 prev_state=S ==> next_comm=swapper/1 next_pid=0 next_prio=120
            main-3177  [000] ...2   312.674083: sched_switch: prev_comm=main prev_pid=3177 prev_prio=120 prev_state=S ==> next_comm=main next_pid=3183 next_prio=120
          <idle>-0     [001] ...2   312.674097: sched_switch: prev_comm=swapper/1 prev_pid=0 prev_prio=120 prev_state=R ==> next_comm=ksoftirqd/1 next_pid=3181 next_prio=120
     ksoftirqd/1-3181  [001] ...2   312.674103: sched_switch: prev_comm=ksoftirqd/1 prev_pid=3181 prev_prio=120 prev_state=S ==> next_comm=main next_pid=3182 next_prio=120
 Heap thread poo-3182  [001] ...2   312.674153: sched_switch: prev_comm=main prev_pid=3182 prev_prio=120 prev_state=D ==> next_comm=swapper/1 next_pid=0 next_prio=120
 Heap thread poo-3183  [000] ...2   312.674165: sched_switch: prev_comm=main prev_pid=3183 prev_prio=120 prev_state=D ==> next_comm=swapper/0 next_pid=0 next_prio=120
          <idle>-0     [001] ...2   312.674169: sched_switch: prev_comm=swapper/1 prev_pid=0 prev_prio=120 prev_state=R ==> next_comm=ksoftirqd/1 next_pid=3181 next_prio=120
     ksoftirqd/1-3181  [001] ...2   312.674177: sched_switch: prev_comm=ksoftirqd/1 prev_pid=3181 prev_prio=120 prev_state=S ==> next_comm=main next_pid=3182 next_prio=120
          <idle>-0     [000] ...2   312.674178: sched_switch: prev_comm=swapper/0 prev_pid=0 prev_prio=120 prev_state=R ==> next_comm=ksoftirqd/0 next_pid=3 next_prio=120
     ksoftirqd/0-3     [000] ...2   312.674187: sched_switch: prev_comm=ksoftirqd/0 prev_pid=3 prev_prio=120 prev_state=S ==> next_comm=swapper/0 next_pid=0 next_prio=120
          <idle>-0     [000] ...2   312.674191: sched_switch: prev_comm=swapper/0 prev_pid=0 prev_prio=120 prev_state=R ==> next_comm=main next_pid=3183 next_prio=120
 Heap thread poo-3182  [001] ...2   312.674197: sched_switch: prev_comm=main prev_pid=3182 prev_prio=120 prev_state=D ==> next_comm=swapper/1 next_pid=0 next_prio=120
          <idle>-0     [001] ...2   312.674203: sched_switch: prev_comm=swapper/1 prev_pid=0 prev_prio=120 prev_state=R ==> next_comm=main next_pid=3182 next_prio=120
 Heap thread poo-3183  [000] ...2   312.674255: sched_switch: prev_comm=main prev_pid=3183 prev_prio=120 prev_state=S ==> next_comm=swapper/0 next_pid=0 next_prio=120
          <idle>-0     [000] ...2   312.674270: sched_switch: prev_comm=swapper/0 prev_pid=0 prev_prio=120 prev_state=R ==> next_comm=ksoftirqd/0 next_pid=3 next_prio=120
     ksoftirqd/0-3     [000] ...2   312.674276: sched_switch: prev_comm=ksoftirqd/0 prev_pid=3 prev_prio=120 prev_state=S ==> next_comm=swapper/0 next_pid=0 next_prio=120
          <idle>-0     [000] ...2   312.674603: sched_switch: prev_comm=swapper/0 prev_pid=0 prev_prio=120 prev_state=R ==> next_comm=main next_pid=3183 next_prio=120
 Heap thread poo-3182  [001] ...2   312.674615: sched_switch: prev_comm=Heap thread poo prev_pid=3182 prev_prio=120 prev_state=S ==> next_comm=main next_pid=3184 next_prio=120
 Heap thread poo-3184  [001] ...2   312.674627: sched_switch: prev_comm=main prev_pid=3184 prev_prio=120 prev_state=S ==> next_comm=swapper/1 next_pid=0 next_prio=120
          <idle>-0     [001] ...2   312.674641: sched_switch: prev_comm=swapper/1 prev_pid=0 prev_prio=120 prev_state=R ==> next_comm=ksoftirqd/1 next_pid=3181 next_prio=120
     ksoftirqd/1-3181  [001] ...2   312.674647: sched_switch: prev_comm=ksoftirqd/1 prev_pid=3181 prev_prio=120 prev_state=S ==> next_comm=swapper/1 next_pid=0 next_prio=120
          <idle>-0     [001] ...2   312.674660: sched_switch: prev_comm=swapper/1 prev_pid=0 prev_prio=120 prev_state=R ==> next_comm=ksoftirqd/1 next_pid=3181 next_prio=120
     ksoftirqd/1-3181  [001] ...2   312.674666: sched_switch: prev_comm=ksoftirqd/1 prev_pid=3181 prev_prio=120 prev_state=S ==> next_comm=swapper/1 next_pid=0 next_prio=120
          <idle>-0     [001] ...2   312.674678: sched_switch: prev_comm=swapper/1 prev_pid=0 prev_prio=120 prev_state=R ==> next_comm=ksoftirqd/1 next_pid=3181 next_prio=120
     ksoftirqd/1-3181  [001] ...2   312.674684: sched_switch: prev_comm=ksoftirqd/1 prev_pid=3181 prev_prio=120 prev_state=S ==> next_comm=swapper/1 next_pid=0 next_prio=120
          <idle>-0     [001] ...2   312.674949: sched_switch: prev_comm=swapper/1 prev_pid=0 prev_prio=120 prev_state=R ==> next_comm=main next_pid=3184 next_prio=120
 Heap thread poo-3183  [000] ...2   312.674959: sched_switch: prev_comm=Heap thread poo prev_pid=3183 prev_prio=120 prev_state=S ==> next_comm=swapper/0 next_pid=0 next_prio=120
          <idle>-0     [000] ...2   312.675331: sched_switch: prev_comm=swapper/0 prev_pid=0 prev_prio=120 prev_state=R ==> next_comm=main next_pid=3177 next_prio=120
 Heap thread poo-3184  [001] ...2   312.675338: sched_switch: prev_comm=Heap thread poo prev_pid=3184 prev_prio=120 prev_state=S ==> next_comm=swapper/1 next_pid=0 next_prio=120
          <idle>-0     [001] ...2   312.675353: sched_switch: prev_comm=swapper/1 prev_pid=0 prev_prio=120 prev_state=R ==> next_comm=Heap thread poo next_pid=3182 next_prio=120
 Heap thread poo-3182  [001] ...2   312.675361: sched_switch: prev_comm=Heap thread poo prev_pid=3182 prev_prio=120 prev_state=D ==> next_comm=swapper/1 next_pid=0 next_prio=120
          <idle>-0     [001] ...2   312.675368: sched_switch: prev_comm=swapper/1 prev_pid=0 prev_prio=120 prev_state=R ==> next_comm=Heap thread poo next_pid=3182 next_prio=120
            main-3177  [000] ...2   312.675369: sched_switch: prev_comm=main prev_pid=3177 prev_prio=120 prev_state=D ==> next_comm=swapper/0 next_pid=0 next_prio=120
          <idle>-0     [000] ...2   312.675384: sched_switch: prev_comm=swapper/0 prev_pid=0 prev_prio=120 prev_state=R ==> next_comm=main next_pid=3177 next_prio=120
 Heap thread poo-3182  [001] ...2   312.675386: sched_switch: prev_comm=Heap thread poo prev_pid=3182 prev_prio=120 prev_state=D ==> next_comm=swapper/1 next_pid=0 next_prio=120
          <idle>-0     [001] ...2   312.675399: sched_switch: prev_comm=swapper/1 prev_pid=0 prev_prio=120 prev_state=R ==> next_comm=Heap thread poo next_pid=3182 next_prio=120
 Heap thread poo-3182  [001] ...2   312.675413: sched_switch: prev_comm=Heap thread poo prev_pid=3182 prev_prio=120 prev_state=S ==> next_comm=swapper/1 next_pid=0 next_prio=120
          <idle>-0     [001] ...2   312.675417: sched_switch: prev_comm=swapper/1 prev_pid=0 prev_prio=120 prev_state=R ==> next_comm=main next_pid=3185 next_prio=120
            main-3177  [000] ...2   312.675426: sched_switch: prev_comm=main prev_pid=3177 prev_prio=120 prev_state=D ==> next_comm=Heap thread poo next_pid=3183 next_prio=120
 Heap thread poo-3183  [000] ...2   312.675434: sched_switch: prev_comm=Heap thread poo prev_pid=3183 prev_prio=120 prev_state=D ==> next_comm=swapper/0 next_pid=0 next_prio=120
          <idle>-0     [000] ...2   312.675451: sched_switch: prev_comm=swapper/0 prev_pid=0 prev_prio=120 prev_state=R ==> next_comm=main next_pid=3177 next_prio=120
            main-3177  [000] ...2   312.675461: sched_switch: prev_comm=main prev_pid=3177 prev_prio=120 prev_state=S ==> next_comm=Heap thread poo next_pid=3183 next_prio=120
 Heap thread poo-3183  [000] ...2   312.675474: sched_switch: prev_comm=Heap thread poo prev_pid=3183 prev_prio=120 prev_state=S ==> next_comm=swapper/0 next_pid=0 next_prio=120
          <idle>-0     [000] ...2   312.675888: sched_switch: prev_comm=swapper/0 prev_pid=0 prev_prio=120 prev_state=R ==> next_comm=main next_pid=3177 next_prio=120
  Signal Catcher-3185  [001] ...2   312.675890: sched_switch: prev_comm=Signal Catcher prev_pid=3185 prev_prio=120 prev_state=S ==> next_comm=swapper/1 next_pid=0 next_prio=120
          <idle>-0     [001] ...2   312.675956: sched_switch: prev_comm=swapper/1 prev_pid=0 prev_prio=120 prev_state=R ==> next_comm=main next_pid=3186 next_prio=120
            main-3177  [000] ...2   312.675963: sched_switch: prev_comm=main prev_pid=3177 prev_prio=120 prev_state=S ==> next_comm=swapper/0 next_pid=0 next_prio=120
          <idle>-0     [000] ...2   312.676397: sched_switch: prev_comm=swapper/0 prev_pid=0 prev_prio=120 prev_state=R ==> next_comm=main next_pid=3177 next_prio=120
            JDWP-3186  [001] ...2   312.676455: sched_switch: prev_comm=JDWP prev_pid=3186 prev_prio=120 prev_state=R+ ==> next_comm=adbd next_pid=778 next_prio=120
            main-3177  [000] d..2   312.676551: block_rq_insert: 179,0 R 0 () 4067352 + 8 [main]
            main-3177  [000] d..2   312.676555: block_rq_insert: 179,0 R 0 () 4067368 + 8 [main]
            adbd-778   [001] ...2   312.676565: sched_switch: prev_comm=adbd prev_pid=778 prev_prio=120 prev_state=S ==> next_comm=JDWP next_pid=3186 next_prio=120
            main-3177  [000] ...2   312.676567: sched_switch: prev_comm=main prev_pid=3177 prev_prio=120 prev_state=D|W ==> next_comm=mmcqd/1 next_pid=116 next_prio=120
            JDWP-3186  [001] ...2   312.676584: sched_switch: prev_comm=JDWP prev_pid=3186 prev_prio=120 prev_state=R+ ==> next_comm=adbd next_pid=778 next_prio=120
         mmcqd/1-116   [000] ...2   312.676617: sched_switch: prev_comm=mmcqd/1 prev_pid=116 prev_prio=120 prev_state=S ==> next_comm=swapper/0 next_pid=0 next_prio=120
            adbd-778   [001] ...2   312.676681: sched_switch: prev_comm=adbd prev_pid=778 prev_prio=120 prev_state=S ==> next_comm=JDWP next_pid=3186 next_prio=120
            JDWP-3186  [001] ...2   312.676693: sched_switch: prev_comm=JDWP prev_pid=3186 prev_prio=120 prev_state=S ==> next_comm=swapper/1 next_pid=0 next_prio=120
          <idle>-0     [000] ...2   312.676846: sched_switch: prev_comm=swapper/0 prev_pid=0 prev_prio=120 prev_state=R ==> next_comm=mmcqd/1 next_pid=116 next_prio=120
         mmcqd/1-116   [000] ...1   312.676871: block_rq_complete: 179,0 RA () 4067352 + 8 [0]
         mmcqd/1-116   [000] ...2   312.676884: sched_switch: prev_comm=mmcqd/1 prev_pid=116 prev_prio=120 prev_state=S ==> next_comm=swapper/0 next_pid=0 next_prio=120
          <idle>-0     [000] ...2   312.677126: sched_switch: prev_comm=swapper/0 prev_pid=0 prev_prio=120 prev_state=R ==> next_comm=mmcqd/1 next_pid=116 next_prio=120
         mmcqd/1-116   [000] ...1   312.677136: block_rq_complete: 179,0 RA () 4067368 + 8 [0]
         mmcqd/1-116   [000] ...2   312.677151: sched_switch: prev_comm=mmcqd/1 prev_pid=116 prev_prio=120 prev_state=R+ ==> next_comm=kworker/0:1H next_pid=17 next_prio=100
    kworker/0:1H-17    [000] ...2   312.677159: sched_switch: prev_comm=kworker/0:1H prev_pid=17 prev_prio=100 prev_state=S ==> next_comm=mmcqd/1 next_pid=116 next_prio=120
         mmcqd/1-116   [000] ...2   312.677169: sched_switch: prev_comm=mmcqd/1 prev_pid=116 prev_prio=120 prev_state=S ==> next_comm=main next_pid=3177 next_prio=120
            main-3177  [000] d..2   312.677525: block_rq_insert: 179,0 R 0 () 3993912 + 8 [main]
            main-3177  [000] d..2   312.677528: block_rq_insert: 179,0 R 0 () 3993944 + 16 [main]
            main-3177  [000] d..2   312.677530: block_rq_insert: 179,0 R 0 () 3993968 + 72 [main]
            main-3177  [000] ...2   312.677541: sched_switch: prev_comm=main prev_pid=3177 prev_prio=120 prev_state=D|W ==> next_comm=mmcqd/1 next_pid=116 next_prio=120
         mmcqd/1-116   [000] ...2   312.677586: sched_switch: prev_comm=mmcqd/1 prev_pid=116 prev_prio=120 prev_state=S ==> next_comm=swapper/0 next_pid=0 next_prio=120
          <idle>-0     [000] ...2   312.677815: sched_switch: prev_comm=swapper/0 prev_pid=0 prev_prio=120 prev_state=R ==> next_comm=mmcqd/1 next_pid=116 next_prio=120
         mmcqd/1-116   [000] ...1   312.677840: block_rq_complete: 179,0 RA () 3993912 + 8 [0]
         mmcqd/1-116   [000] ...2   312.677877: sched_switch: prev_comm=mmcqd/1 prev_pid=116 prev_prio=120 prev_state=S ==> next_comm=main next_pid=3177 next_prio=120
            main-3177  [000] d..2   312.678010: block_rq_insert: 179,0 R 0 () 4026856 + 24 [main]
            main-3177  [000] d..2   312.678013: block_rq_insert: 179,0 R 0 () 4026944 + 8 [main]
            main-3177  [000] d..2   312.678015: block_rq_insert: 179,0 R 0 () 4026960 + 40 [main]
            main-3177  [000] d..2   312.678016: block_rq_insert: 179,0 R 0 () 4027008 + 24 [main]
            main-3177  [000] ...2   312.678023: sched_switch: prev_comm=main prev_pid=3177 prev_prio=120 prev_state=D|W ==> next_comm=swapper/0 next_pid=0 next_prio=120
          <idle>-0     [000] ...2   312.678194: sched_switch: prev_comm=swapper/0 prev_pid=0 prev_prio=120 prev_state=R ==> next_comm=mmcqd/1 next_pid=116 next_prio=120
         mmcqd/1-116   [000] ...1   312.678221: block_rq_complete: 179,0 RA () 3993944 + 16 [0]
         mmcqd/1-116   [000] ...2   312.678244: sched_switch: prev_comm=mmcqd/1 prev_pid=116 prev_prio=120 prev_state=S ==> next_comm=swapper/0 next_pid=0 next_prio=120
          <idle>-0     [000] ...2   312.678800: sched_switch: prev_comm=swapper/0 prev_pid=0 prev_prio=120 prev_state=R ==> next_comm=mmcqd/1 next_pid=116 next_prio=120
         mmcqd/1-116   [000] ...1   312.678837: block_rq_complete: 179,0 RA () 3993968 + 72 [0]
         mmcqd/1-116   [000] ...2   312.678857: sched_switch: prev_comm=mmcqd/1 prev_pid=116 prev_prio=120 prev_state=S ==> next_comm=swapper/0 next_pid=0 next_prio=120
          <idle>-0     [001] ...2   312.678915: sched_switch: prev_comm=swapper/1 prev_pid=0 prev_prio=120 prev_state=R ==> next_comm=kworker/1:0H next_pid=3180 next_prio=100
          <idle>-0     [000] ...2   312.678916: sched_switch: prev_comm=swapper/0 prev_pid=0 prev_prio=120 prev_state=R ==> next_comm=ksoftirqd/0 next_pid=3 next_prio=120
     ksoftirqd/0-3     [000] ...2   312.678924: sched_switch: prev_comm=ksoftirqd/0 prev_pid=3 prev_prio=120 prev_state=S ==> next_comm=swapper/0 next_pid=0 next_prio=120
    kworker/1:0H-3180  [001] ...2   312.678932: sched_switch: prev_comm=kworker/1:0H prev_pid=3180 prev_prio=100 prev_state=D ==> next_comm=ksoftirqd/1 next_pid=3181 next_prio=120
          <idle>-0     [000] ...2   312.678939: sched_switch: prev_comm=swapper/0 prev_pid=0 prev_prio=120 prev_state=R ==> next_comm=kthreadd next_pid=2 next_prio=98
     ksoftirqd/1-3181  [001] ...2   312.678948: sched_switch: prev_comm=ksoftirqd/1 prev_pid=3181 prev_prio=120 prev_state=S ==> next_comm=swapper/1 next_pid=0 next_prio=120
        kthreadd-2     [000] ...2   312.678967: sched_switch: prev_comm=kthreadd prev_pid=2 prev_prio=98 prev_state=S ==> next_comm=ksoftirqd/0 next_pid=3 next_prio=120
          <idle>-0     [001] ...2   312.678970: sched_switch: prev_comm=swapper/1 prev_pid=0 prev_prio=120 prev_state=R ==> next_comm=kthreadd next_pid=3187 next_prio=98
     ksoftirqd/0-3     [000] ...2   312.678975: sched_switch: prev_comm=ksoftirqd/0 prev_pid=3 prev_prio=120 prev_state=S ==> next_comm=swapper/0 next_pid=0 next_prio=120
    kworker/1:1H-3187  [001] ...2   312.678980: sched_switch: prev_comm=kthreadd prev_pid=3187 prev_prio=98 prev_state=D ==> next_comm=kworker/1:0H next_pid=3180 next_prio=100
    kworker/1:0H-3180  [001] ...2   312.679009: sched_switch: prev_comm=kworker/1:0H prev_pid=3180 prev_prio=100 prev_state=D ==> next_comm=kworker/1:1H next_pid=3187 next_prio=100
    kworker/1:1H-3187  [001] ...2   312.679023: sched_switch: prev_comm=kworker/1:1H prev_pid=3187 prev_prio=100 prev_state=D ==> next_comm=swapper/1 next_pid=0 next_prio=120
          <idle>-0     [000] ...2   312.679025: sched_switch: prev_comm=swapper/0 prev_pid=0 prev_prio=120 prev_state=R ==> next_comm=kthreadd next_pid=2 next_prio=98
        kthreadd-2     [000] ...2   312.679049: sched_switch: prev_comm=kthreadd prev_pid=2 prev_prio=98 prev_state=S ==> next_comm=swapper/0 next_pid=0 next_prio=120
          <idle>-0     [001] ...2   312.679052: sched_switch: prev_comm=swapper/1 prev_pid=0 prev_prio=120 prev_state=R ==> next_comm=kthreadd next_pid=3188 next_prio=98
    kworker/1:2H-3188  [001] ...2   312.679061: sched_switch: prev_comm=kthreadd prev_pid=3188 prev_prio=98 prev_state=D ==> next_comm=kworker/1:1H next_pid=3187 next_prio=100
          <idle>-0     [000] ...2   312.679135: sched_switch: prev_comm=swapper/0 prev_pid=0 prev_prio=120 prev_state=R ==> next_comm=mmcqd/1 next_pid=116 next_prio=120
         mmcqd/1-116   [000] ...1   312.679162: block_rq_complete: 179,0 RA () 4026856 + 24 [0]
    kworker/1:1H-3187  [001] ...2   312.679176: sched_switch: prev_comm=kworker/1:1H prev_pid=3187 prev_prio=100 prev_state=S ==> next_comm=kworker/1:2H next_pid=3188 next_prio=100
    kworker/1:2H-3188  [001] ...2   312.679187: sched_switch: prev_comm=kworker/1:2H prev_pid=3188 prev_prio=100 prev_state=S ==> next_comm=kworker/1:0H next_pid=3180 next_prio=100
         mmcqd/1-116   [000] ...2   312.679190: sched_switch: prev_comm=mmcqd/1 prev_pid=116 prev_prio=120 prev_state=S ==> next_comm=swapper/0 next_pid=0 next_prio=120
    kworker/1:0H-3180  [001] ...2   312.679204: sched_switch: prev_comm=kworker/1:0H prev_pid=3180 prev_prio=100 prev_state=S ==> next_comm=swapper/1 next_pid=0 next_prio=120
          <idle>-0     [000] ...2   312.679418: sched_switch: prev_comm=swapper/0 prev_pid=0 prev_prio=120 prev_state=R ==> next_comm=mmcqd/1 next_pid=116 next_prio=120
         mmcqd/1-116   [000] ...1   312.679444: block_rq_complete: 179,0 RA () 4026944 + 8 [0]
         mmcqd/1-116   [000] ...2   312.679471: sched_switch: prev_comm=mmcqd/1 prev_pid=116 prev_prio=120 prev_state=S ==> next_comm=main next_pid=3177 next_prio=120
            main-3177  [000] d..2   312.679523: block_rq_insert: 179,0 R 0 () 4028616 + 96 [main]
            main-3177  [000] d..2   312.679526: block_rq_insert: 179,0 R 0 () 4028736 + 56 [main]
            main-3177  [000] ...2   312.679533: sched_switch: prev_comm=main prev_pid=3177 prev_prio=120 prev_state=D|W ==> next_comm=swapper/0 next_pid=0 next_prio=120
          <idle>-0     [000] ...2   312.679880: sched_switch: prev_comm=swapper/0 prev_pid=0 prev_prio=120 prev_state=R ==> next_comm=mmcqd/1 next_pid=116 next_prio=120
         mmcqd/1-116   [000] ...1   312.679913: block_rq_complete: 179,0 RA () 4026960 + 40 [0]
         mmcqd/1-116   [000] ...2   312.679957: sched_switch: prev_comm=mmcqd/1 prev_pid=116 prev_prio=120 prev_state=S ==> next_comm=swapper/0 next_pid=0 next_prio=120
          <idle>-0     [000] ...2   312.680201: sched_switch: prev_comm=swapper/0 prev_pid=0 prev_prio=120 prev_state=R ==> next_comm=mmcqd/1 next_pid=116 next_prio=120
         mmcqd/1-116   [000] ...1   312.680230: block_rq_complete: 179,0 RA () 4027008 + 24 [0]
         mmcqd/1-116   [000] ...2   312.680261: sched_switch: prev_comm=mmcqd/1 prev_pid=116 prev_prio=120 prev_state=S ==> next_comm=swapper/0 next_pid=0 next_prio=120
          <idle>-0     [000] ...2   312.680999: sched_switch: prev_comm=swapper/0 prev_pid=0 prev_prio=120 prev_state=R ==> next_comm=mmcqd/1 next_pid=116 next_prio=120
         mmcqd/1-116   [000] ...1   312.681045: block_rq_complete: 179,0 RA () 4028616 + 96 [0]
         mmcqd/1-116   [000] ...2   312.681063: sched_switch: prev_comm=mmcqd/1 prev_pid=116 prev_prio=120 prev_state=S ==> next_comm=main next_pid=3177 next_prio=120
          <idle>-0     [001] ...2   312.681186: sched_switch: prev_comm=swapper/1 prev_pid=0 prev_prio=120 prev_state=R ==> next_comm=main next_pid=3189 next_prio=120
            main-3177  [000] ...2   312.681235: sched_switch: prev_comm=main prev_pid=3177 prev_prio=120 prev_state=D ==> next_comm=swapper/0 next_pid=0 next_prio=120
          <idle>-0     [000] ...2   312.681254: sched_switch: prev_comm=swapper/0 prev_pid=0 prev_prio=120 prev_state=R ==> next_comm=main next_pid=3177 next_prio=120
 ReferenceQueueD-3189  [001] ...2   312.681264: sched_switch: prev_comm=main prev_pid=3189 prev_prio=120 prev_state=D ==> next_comm=swapper/1 next_pid=0 next_prio=120
          <idle>-0     [001] ...2   312.681281: sched_switch: prev_comm=swapper/1 prev_pid=0 prev_prio=120 prev_state=R ==> next_comm=main next_pid=3189 next_prio=120
            main-3177  [000] d..2   312.681453: block_rq_insert: 179,0 R 0 () 3993624 + 48 [main]
            main-3177  [000] d..2   312.681455: block_rq_insert: 179,0 R 0 () 3993688 + 24 [main]
            main-3177  [000] d..2   312.681457: block_rq_insert: 179,0 R 0 () 3993752 + 8 [main]
            main-3177  [000] ...2   312.681469: sched_switch: prev_comm=main prev_pid=3177 prev_prio=120 prev_state=D|W ==> next_comm=mmcqd/1 next_pid=116 next_prio=120
         mmcqd/1-116   [000] ...2   312.681521: sched_switch: prev_comm=mmcqd/1 prev_pid=116 prev_prio=120 prev_state=R ==> next_comm=swapper/0 next_pid=0 next_prio=120
          <idle>-0     [000] ...2   312.681524: sched_switch: prev_comm=swapper/0 prev_pid=0 prev_prio=120 prev_state=R ==> next_comm=mmcqd/1 next_pid=116 next_prio=120
         mmcqd/1-116   [000] ...1   312.681558: block_rq_complete: 179,0 RA () 4028736 + 56 [0]
         mmcqd/1-116   [000] ...2   312.681581: sched_switch: prev_comm=mmcqd/1 prev_pid=116 prev_prio=120 prev_state=S ==> next_comm=swapper/0 next_pid=0 next_prio=120
 ReferenceQueueD-3189  [001] ...2   312.681973: sched_switch: prev_comm=ReferenceQueueD prev_pid=3189 prev_prio=120 prev_state=S ==> next_comm=swapper/1 next_pid=0 next_prio=120
          <idle>-0     [001] ...2   312.681996: sched_switch: prev_comm=swapper/1 prev_pid=0 prev_prio=120 prev_state=R ==> next_comm=ksoftirqd/1 next_pid=3181 next_prio=120
     ksoftirqd/1-3181  [001] ...2   312.682013: sched_switch: prev_comm=ksoftirqd/1 prev_pid=3181 prev_prio=120 prev_state=S ==> next_comm=swapper/1 next_pid=0 next_prio=120
          <idle>-0     [000] ...2   312.682021: sched_switch: prev_comm=swapper/0 prev_pid=0 prev_prio=120 prev_state=R ==> next_comm=mmcqd/1 next_pid=116 next_prio=120
          <idle>-0     [001] ...2   312.682035: sched_switch: prev_comm=swapper/1 prev_pid=0 prev_prio=120 prev_state=R ==> next_comm=ksoftirqd/1 next_pid=3181 next_prio=120
     ksoftirqd/1-3181  [001] ...2   312.682048: sched_switch: prev_comm=ksoftirqd/1 prev_pid=3181 prev_prio=120 prev_state=S ==> next_comm=swapper/1 next_pid=0 next_prio=120
         mmcqd/1-116   [000] ...1   312.682053: block_rq_complete: 179,0 RA () 3993624 + 48 [0]
         mmcqd/1-116   [000] ...2   312.682072: sched_switch: prev_comm=mmcqd/1 prev_pid=116 prev_prio=120 prev_state=S ==> next_comm=swapper/0 next_pid=0 next_prio=120
          <idle>-0     [001] ...2   312.682073: sched_switch: prev_comm=swapper/1 prev_pid=0 prev_prio=120 prev_state=R ==> next_comm=ksoftirqd/1 next_pid=3181 next_prio=120
     ksoftirqd/1-3181  [001] ...2   312.682083: sched_switch: prev_comm=ksoftirqd/1 prev_pid=3181 prev_prio=120 prev_state=S ==> next_comm=swapper/1 next_pid=0 next_prio=120
          <idle>-0     [000] ...2   312.682420: sched_switch: prev_comm=swapper/0 prev_pid=0 prev_prio=120 prev_state=R ==> next_comm=mmcqd/1 next_pid=116 next_prio=120
         mmcqd/1-116   [000] ...1   312.682449: block_rq_complete: 179,0 RA () 3993688 + 24 [0]
         mmcqd/1-116   [000] ...2   312.682460: sched_switch: prev_comm=mmcqd/1 prev_pid=116 prev_prio=120 prev_state=S ==> next_comm=swapper/0 next_pid=0 next_prio=120
          <idle>-0     [000] ...2   312.682694: sched_switch: prev_comm=swapper/0 prev_pid=0 prev_prio=120 prev_state=R ==> next_comm=mmcqd/1 next_pid=116 next_prio=120
         mmcqd/1-116   [000] ...1   312.682704: block_rq_complete: 179,0 RA () 3993752 + 8 [0]
         mmcqd/1-116   [000] ...2   312.682721: sched_switch: prev_comm=mmcqd/1 prev_pid=116 prev_prio=120 prev_state=R+ ==> next_comm=kworker/0:1H next_pid=17 next_prio=100
    kworker/0:1H-17    [000] ...2   312.682729: sched_switch: prev_comm=kworker/0:1H prev_pid=17 prev_prio=100 prev_state=S ==> next_comm=mmcqd/1 next_pid=116 next_prio=120
         mmcqd/1-116   [000] ...2   312.682738: sched_switch: prev_comm=mmcqd/1 prev_pid=116 prev_prio=120 prev_state=S ==> next_comm=main next_pid=3177 next_prio=120
            main-3177  [000] d..2   312.682824: block_rq_insert: 179,0 R 0 () 4019800 + 24 [main]
            main-3177  [000] d..2   312.682827: block_rq_insert: 179,0 R 0 () 4019896 + 8 [main]
            main-3177  [000] d..2   312.682829: block_rq_insert: 179,0 R 0 () 4019928 + 8 [main]
            main-3177  [000] ...2   312.682839: sched_switch: prev_comm=main prev_pid=3177 prev_prio=120 prev_state=D|W ==> next_comm=mmcqd/1 next_pid=116 next_prio=120
         mmcqd/1-116   [000] ...2   312.682888: sched_switch: prev_comm=mmcqd/1 prev_pid=116 prev_prio=120 prev_state=S ==> next_comm=swapper/0 next_pid=0 next_prio=120
          <idle>-0     [000] ...2   312.683249: sched_switch: prev_comm=swapper/0 prev_pid=0 prev_prio=120 prev_state=R ==> next_comm=mmcqd/1 next_pid=116 next_prio=120
         mmcqd/1-116   [000] ...1   312.683278: block_rq_complete: 179,0 RA () 4019800 + 24 [0]
         mmcqd/1-116   [000] ...2   312.683297: sched_switch: prev_comm=mmcqd/1 prev_pid=116 prev_prio=120 prev_state=S ==> next_comm=swapper/0 next_pid=0 next_prio=120
          <idle>-0     [000] ...2   312.683517: sched_switch: prev_comm=swapper/0 prev_pid=0 prev_prio=120 prev_state=R ==> next_comm=mmcqd/1 next_pid=116 next_prio=120
         mmcqd/1-116   [000] ...1   312.683543: block_rq_complete: 179,0 RA () 4019896 + 8 [0]
         mmcqd/1-116   [000] ...2   312.683554: sched_switch: prev_comm=mmcqd/1 prev_pid=116 prev_prio=120 prev_state=S ==> next_comm=swapper/0 next_pid=0 next_prio=120
          <idle>-0     [000] ...2   312.683797: sched_switch: prev_comm=swapper/0 prev_pid=0 prev_prio=120 prev_state=R ==> next_comm=mmcqd/1 next_pid=116 next_prio=120
         mmcqd/1-116   [000] ...1   312.683807: block_rq_complete: 179,0 RA () 4019928 + 8 [0]
         mmcqd/1-116   [000] ...2   312.683823: sched_switch: prev_comm=mmcqd/1 prev_pid=116 prev_prio=120 prev_state=R+ ==> next_comm=kworker/0:1H next_pid=17 next_prio=100
    kworker/0:1H-17    [000] ...2   312.683830: sched_switch: prev_comm=kworker/0:1H prev_pid=17 prev_prio=100 prev_state=S ==> next_comm=mmcqd/1 next_pid=116 next_prio=120
         mmcqd/1-116   [000] ...2   312.683839: sched_switch: prev_comm=mmcqd/1 prev_pid=116 prev_prio=120 prev_state=S ==> next_comm=main next_pid=3177 next_prio=120
            main-3177  [000] d..2   312.683925: block_rq_insert: 179,0 R 0 () 4028368 + 104 [main]
            main-3177  [000] d..2   312.683927: block_rq_insert: 179,0 R 0 () 4028480 + 32 [main]
            main-3177  [000] ...2   312.683938: sched_switch: prev_comm=main prev_pid=3177 prev_prio=120 prev_state=D|W ==> next_comm=mmcqd/1 next_pid=116 next_prio=120
         mmcqd/1-116   [000] ...2   312.684012: sched_switch: prev_comm=mmcqd/1 prev_pid=116 prev_prio=120 prev_state=S ==> next_comm=swapper/0 next_pid=0 next_prio=120
          <idle>-0     [000] ...2   312.684796: sched_switch: prev_comm=swapper/0 prev_pid=0 prev_prio=120 prev_state=R ==> next_comm=mmcqd/1 next_pid=116 next_prio=120
         mmcqd/1-116   [000] ...1   312.684843: block_rq_complete: 179,0 RA () 4028368 + 104 [0]
         mmcqd/1-116   [000] ...2   312.684858: sched_switch: prev_comm=mmcqd/1 prev_pid=116 prev_prio=120 prev_state=S ==> next_comm=swapper/0 next_pid=0 next_prio=120
          <idle>-0     [000] ...2   312.685167: sched_switch: prev_comm=swapper/0 prev_pid=0 prev_prio=120 prev_state=R ==> next_comm=mmcqd/1 next_pid=116 next_prio=120
         mmcqd/1-116   [000] ...1   312.685184: block_rq_complete: 179,0 RA () 4028480 + 32 [0]
         mmcqd/1-116   [000] ...2   312.685201: sched_switch: prev_comm=mmcqd/1 prev_pid=116 prev_prio=120 prev_state=R+ ==> next_comm=kworker/0:1H next_pid=17 next_prio=100
    kworker/0:1H-17    [000] ...2   312.685208: sched_switch: prev_comm=kworker/0:1H prev_pid=17 prev_prio=100 prev_state=S ==> next_comm=mmcqd/1 next_pid=116 next_prio=120
         mmcqd/1-116   [000] ...2   312.685217: sched_switch: prev_comm=mmcqd/1 prev_pid=116 prev_prio=120 prev_state=S ==> next_comm=main next_pid=3177 next_prio=120
          <idle>-0     [001] ...2   312.685311: sched_switch: prev_comm=swapper/1 prev_pid=0 prev_prio=120 prev_state=R ==> next_comm=main next_pid=3190 next_prio=120
            main-3177  [000] ...2   312.685345: sched_switch: prev_comm=main prev_pid=3177 prev_prio=120 prev_state=D ==> next_comm=swapper/0 next_pid=0 next_prio=120
          <idle>-0     [000] ...2   312.685370: sched_switch: prev_comm=swapper/0 prev_pid=0 prev_prio=120 prev_state=R ==> next_comm=main next_pid=3177 next_prio=120
 FinalizerDaemon-3190  [001] ...2   312.685380: sched_switch: prev_comm=main prev_pid=3190 prev_prio=120 prev_state=D ==> next_comm=swapper/1 next_pid=0 next_prio=120
          <idle>-0     [001] ...2   312.685387: sched_switch: prev_comm=swapper/1 prev_pid=0 prev_prio=120 prev_state=R ==> next_comm=main next_pid=3190 next_prio=120
            main-3177  [000] ...2   312.685539: sched_switch: prev_comm=main prev_pid=3177 prev_prio=120 prev_state=S ==> next_comm=swapper/0 next_pid=0 next_prio=120
          <idle>-0     [000] ...2   312.686001: sched_switch: prev_comm=swapper/0 prev_pid=0 prev_prio=120 prev_state=R ==> next_comm=main next_pid=3177 next_prio=120
            main-3177  [000] ...2   312.686032: sched_switch: prev_comm=main prev_pid=3177 prev_prio=120 prev_state=D ==> next_comm=swapper/0 next_pid=0 next_prio=120
          <idle>-0     [000] ...2   312.686051: sched_switch: prev_comm=swapper/0 prev_pid=0 prev_prio=120 prev_state=R ==> next_comm=main next_pid=3177 next_prio=120
 FinalizerDaemon-3190  [001] ...2   312.686059: sched_switch: prev_comm=FinalizerDaemon prev_pid=3190 prev_prio=120 prev_state=D ==> next_comm=swapper/1 next_pid=0 next_prio=120
          <idle>-0     [001] ...2   312.686066: sched_switch: prev_comm=swapper/1 prev_pid=0 prev_prio=120 prev_state=R ==> next_comm=FinalizerDaemon next_pid=3190 next_prio=120
 FinalizerDaemon-3190  [001] ...2   312.686091: sched_switch: prev_comm=FinalizerDaemon prev_pid=3190 prev_prio=120 prev_state=S ==> next_comm=swapper/1 next_pid=0 next_prio=120
          <idle>-0     [001] ...2   312.686399: sched_switch: prev_comm=swapper/1 prev_pid=0 prev_prio=120 prev_state=R ==> next_comm=main next_pid=3192 next_prio=120
            main-3177  [000] ...2   312.686608: sched_switch: prev_comm=main prev_pid=3177 prev_prio=120 prev_state=S ==> next_comm=main next_pid=3191 next_prio=120
 HeapTrimmerDaem-3192  [001] ...2   312.686620: sched_switch: prev_comm=main prev_pid=3192 prev_prio=120 prev_state=D ==> next_comm=swapper/1 next_pid=0 next_prio=120
          <idle>-0     [001] ...2   312.686628: sched_switch: prev_comm=swapper/1 prev_pid=0 prev_prio=120 prev_state=R ==> next_comm=main next_pid=3192 next_prio=120
 FinalizerWatchd-3191  [000] ...2   312.686631: sched_switch: prev_comm=main prev_pid=3191 prev_prio=120 prev_state=S ==> next_comm=swapper/0 next_pid=0 next_prio=120
          <idle>-0     [000] ...2   312.687087: sched_switch: prev_comm=swapper/0 prev_pid=0 prev_prio=120 prev_state=R ==> next_comm=main next_pid=3177 next_prio=120
 HeapTrimmerDaem-3192  [001] ...2   312.687120: sched_switch: prev_comm=HeapTrimmerDaem prev_pid=3192 prev_prio=120 prev_state=D ==> next_comm=swapper/1 next_pid=0 next_prio=120
            main-3177  [000] ...2   312.687126: sched_switch: prev_comm=main prev_pid=3177 prev_prio=120 prev_state=D ==> next_comm=main next_pid=3191 next_prio=120
          <idle>-0     [001] ...2   312.687127: sched_switch: prev_comm=swapper/1 prev_pid=0 prev_prio=120 prev_state=R ==> next_comm=HeapTrimmerDaem next_pid=3192 next_prio=120
 FinalizerWatchd-3191  [000] ...2   312.687138: sched_switch: prev_comm=main prev_pid=3191 prev_prio=120 prev_state=D ==> next_comm=swapper/0 next_pid=0 next_prio=120
 HeapTrimmerDaem-3192  [001] ...2   312.687146: sched_switch: prev_comm=HeapTrimmerDaem prev_pid=3192 prev_prio=120 prev_state=R+ ==> next_comm=main next_pid=3177 next_prio=120
            main-3177  [001] ...2   312.687167: sched_switch: prev_comm=main prev_pid=3177 prev_prio=120 prev_state=D ==> next_comm=HeapTrimmerDaem next_pid=3192 next_prio=120
          <idle>-0     [000] ...2   312.687168: sched_switch: prev_comm=swapper/0 prev_pid=0 prev_prio=120 prev_state=R ==> next_comm=main next_pid=3191 next_prio=120
 HeapTrimmerDaem-3192  [001] ...2   312.687180: sched_switch: prev_comm=HeapTrimmerDaem prev_pid=3192 prev_prio=120 prev_state=R+ ==> next_comm=main next_pid=3177 next_prio=120
 FinalizerWatchd-3191  [000] ...2   312.687421: sched_switch: prev_comm=main prev_pid=3191 prev_prio=120 prev_state=D ==> next_comm=main next_pid=3193 next_prio=120
            main-3177  [001] ...2   312.687426: sched_switch: prev_comm=main prev_pid=3177 prev_prio=120 prev_state=D ==> next_comm=HeapTrimmerDaem next_pid=3192 next_prio=120
        GCDaemon-3193  [000] ...2   312.687429: sched_switch: prev_comm=main prev_pid=3193 prev_prio=120 prev_state=D ==> next_comm=swapper/0 next_pid=0 next_prio=120
          <idle>-0     [000] ...2   312.687449: sched_switch: prev_comm=swapper/0 prev_pid=0 prev_prio=120 prev_state=R ==> next_comm=main next_pid=3191 next_prio=120
 HeapTrimmerDaem-3192  [001] ...2   312.687450: sched_switch: prev_comm=HeapTrimmerDaem prev_pid=3192 prev_prio=120 prev_state=S ==> next_comm=swapper/1 next_pid=0 next_prio=120
 FinalizerWatchd-3191  [000] ...2   312.687463: sched_switch: prev_comm=main prev_pid=3191 prev_prio=120 prev_state=D ==> next_comm=swapper/0 next_pid=0 next_prio=120
          <idle>-0     [001] ...2   312.687476: sched_switch: prev_comm=swapper/1 prev_pid=0 prev_prio=120 prev_state=R ==> next_comm=main next_pid=3177 next_prio=120
          <idle>-0     [000] ...2   312.687496: sched_switch: prev_comm=swapper/0 prev_pid=0 prev_prio=120 prev_state=R ==> next_comm=main next_pid=3193 next_prio=120
            main-3177  [001] ...2   312.687502: sched_switch: prev_comm=main prev_pid=3177 prev_prio=120 prev_state=D ==> next_comm=swapper/1 next_pid=0 next_prio=120
        GCDaemon-3193  [000] ...2   312.687509: sched_switch: prev_comm=main prev_pid=3193 prev_prio=120 prev_state=R+ ==> next_comm=main next_pid=3191 next_prio=120
          <idle>-0     [001] ...2   312.687513: sched_switch: prev_comm=swapper/1 prev_pid=0 prev_prio=120 prev_state=R ==> next_comm=main next_pid=3177 next_prio=120
 FinalizerWatchd-3191  [000] ...2   312.687564: sched_switch: prev_comm=main prev_pid=3191 prev_prio=120 prev_state=D ==> next_comm=main next_pid=3193 next_prio=120
        GCDaemon-3193  [000] ...2   312.687573: sched_switch: prev_comm=main prev_pid=3193 prev_prio=120 prev_state=R ==> next_comm=main next_pid=3191 next_prio=120
            main-3177  [001] ...2   312.687577: sched_switch: prev_comm=main prev_pid=3177 prev_prio=120 prev_state=D ==> next_comm=swapper/1 next_pid=0 next_prio=120
          <idle>-0     [001] ...2   312.687601: sched_switch: prev_comm=swapper/1 prev_pid=0 prev_prio=120 prev_state=R ==> next_comm=main next_pid=3177 next_prio=120
 FinalizerWatchd-3191  [000] ...2   312.687642: sched_switch: prev_comm=FinalizerWatchd prev_pid=3191 prev_prio=120 prev_state=S ==> next_comm=main next_pid=3193 next_prio=120
        GCDaemon-3193  [000] ...2   312.687659: sched_switch: prev_comm=main prev_pid=3193 prev_prio=120 prev_state=D ==> next_comm=swapper/0 next_pid=0 next_prio=120
          <idle>-0     [000] ...2   312.687674: sched_switch: prev_comm=swapper/0 prev_pid=0 prev_prio=120 prev_state=R ==> next_comm=ksoftirqd/0 next_pid=3 next_prio=120
     ksoftirqd/0-3     [000] ...2   312.687681: sched_switch: prev_comm=ksoftirqd/0 prev_pid=3 prev_prio=120 prev_state=S ==> next_comm=swapper/0 next_pid=0 next_prio=120
            main-3177  [001] d..2   312.687685: block_rq_insert: 179,0 R 0 () 4008360 + 48 [main]
            main-3177  [001] d..2   312.687690: block_rq_insert: 179,0 R 0 () 4008432 + 16 [main]
          <idle>-0     [000] ...2   312.687694: sched_switch: prev_comm=swapper/0 prev_pid=0 prev_prio=120 prev_state=R ==> next_comm=ksoftirqd/0 next_pid=3 next_prio=120
            main-3177  [001] d..2   312.687694: block_rq_insert: 179,0 R 0 () 4008456 + 8 [main]
            main-3177  [001] d..2   312.687698: block_rq_insert: 179,0 R 0 () 4008536 + 16 [main]
     ksoftirqd/0-3     [000] ...2   312.687699: sched_switch: prev_comm=ksoftirqd/0 prev_pid=3 prev_prio=120 prev_state=S ==> next_comm=swapper/0 next_pid=0 next_prio=120
          <idle>-0     [000] ...2   312.687715: sched_switch: prev_comm=swapper/0 prev_pid=0 prev_prio=120 prev_state=R ==> next_comm=mmcqd/1 next_pid=116 next_prio=120
            main-3177  [001] ...2   312.687722: sched_switch: prev_comm=main prev_pid=3177 prev_prio=120 prev_state=D|W ==> next_comm=main next_pid=3193 next_prio=120
         mmcqd/1-116   [000] ...2   312.687763: sched_switch: prev_comm=mmcqd/1 prev_pid=116 prev_prio=120 prev_state=S ==> next_comm=ksoftirqd/0 next_pid=3 next_prio=120
     ksoftirqd/0-3     [000] ...2   312.687768: sched_switch: prev_comm=ksoftirqd/0 prev_pid=3 prev_prio=120 prev_state=S ==> next_comm=swapper/0 next_pid=0 next_prio=120
          <idle>-0     [000] ...2   312.688065: sched_switch: prev_comm=swapper/0 prev_pid=0 prev_prio=120 prev_state=R ==> next_comm=mmcqd/1 next_pid=116 next_prio=120
         mmcqd/1-116   [000] ...1   312.688091: block_rq_complete: 179,0 RA () 4008536 + 16 [0]
         mmcqd/1-116   [000] ...2   312.688111: sched_switch: prev_comm=mmcqd/1 prev_pid=116 prev_prio=120 prev_state=S ==> next_comm=swapper/0 next_pid=0 next_prio=120
          <idle>-0     [000] ...2   312.688327: sched_switch: prev_comm=swapper/0 prev_pid=0 prev_prio=120 prev_state=R ==> next_comm=mmcqd/1 next_pid=116 next_prio=120
         mmcqd/1-116   [000] ...1   312.688351: block_rq_complete: 179,0 RA () 4008456 + 8 [0]
        GCDaemon-3193  [001] ...2   312.688362: sched_switch: prev_comm=GCDaemon prev_pid=3193 prev_prio=120 prev_state=R+ ==> next_comm=main next_pid=3177 next_prio=120
         mmcqd/1-116   [000] ...2   312.688383: sched_switch: prev_comm=mmcqd/1 prev_pid=116 prev_prio=120 prev_state=S ==> next_comm=swapper/0 next_pid=0 next_prio=120
            main-3177  [001] ...2   312.688392: sched_switch: prev_comm=main prev_pid=3177 prev_prio=120 prev_state=D|W ==> next_comm=GCDaemon next_pid=3193 next_prio=120
        GCDaemon-3193  [001] ...2   312.688409: sched_switch: prev_comm=GCDaemon prev_pid=3193 prev_prio=120 prev_state=S ==> next_comm=swapper/1 next_pid=0 next_prio=120
          <idle>-0     [000] ...2   312.688665: sched_switch: prev_comm=swapper/0 prev_pid=0 prev_prio=120 prev_state=R ==> next_comm=mmcqd/1 next_pid=116 next_prio=120
         mmcqd/1-116   [000] ...1   312.688692: block_rq_complete: 179,0 RA () 4008432 + 16 [0]
         mmcqd/1-116   [000] ...2   312.688709: sched_switch: prev_comm=mmcqd/1 prev_pid=116 prev_prio=120 prev_state=S ==> next_comm=swapper/0 next_pid=0 next_prio=120
          <idle>-0     [001] ...2   312.688709: sched_switch: prev_comm=swapper/1 prev_pid=0 prev_prio=120 prev_state=R ==> next_comm=main next_pid=3177 next_prio=120
          <idle>-0     [000] ...2   312.688908: sched_switch: prev_comm=swapper/0 prev_pid=0 prev_prio=120 prev_state=R ==> next_comm=ksoftirqd/0 next_pid=3 next_prio=120
     ksoftirqd/0-3     [000] ...2   312.688916: sched_switch: prev_comm=ksoftirqd/0 prev_pid=3 prev_prio=120 prev_state=S ==> next_comm=swapper/0 next_pid=0 next_prio=120
          <idle>-0     [000] ...2   312.689168: sched_switch: prev_comm=swapper/0 prev_pid=0 prev_prio=120 prev_state=R ==> next_comm=mmcqd/1 next_pid=116 next_prio=120
            main-3177  [001] d..2   312.689184: block_rq_insert: 179,0 R 0 () 4079784 + 8 [main]
         mmcqd/1-116   [000] ...1   312.689186: block_rq_complete: 179,0 RA () 4008360 + 48 [0]
            main-3177  [001] d..2   312.689189: block_rq_insert: 179,0 R 0 () 4079880 + 40 [main]
            main-3177  [001] ...2   312.689201: sched_switch: prev_comm=main prev_pid=3177 prev_prio=120 prev_state=D|W ==> next_comm=swapper/1 next_pid=0 next_prio=120
         mmcqd/1-116   [000] ...2   312.689202: sched_switch: prev_comm=mmcqd/1 prev_pid=116 prev_prio=120 prev_state=R+ ==> next_comm=kworker/0:1H next_pid=17 next_prio=100
    kworker/0:1H-17    [000] ...2   312.689209: sched_switch: prev_comm=kworker/0:1H prev_pid=17 prev_prio=100 prev_state=S ==> next_comm=mmcqd/1 next_pid=116 next_prio=120
          <idle>-0     [001] ...2   312.689226: sched_switch: prev_comm=swapper/1 prev_pid=0 prev_prio=120 prev_state=R ==> next_comm=ksoftirqd/1 next_pid=3181 next_prio=120
     ksoftirqd/1-3181  [001] ...2   312.689237: sched_switch: prev_comm=ksoftirqd/1 prev_pid=3181 prev_prio=120 prev_state=S ==> next_comm=swapper/1 next_pid=0 next_prio=120
          <idle>-0     [001] ...2   312.689261: sched_switch: prev_comm=swapper/1 prev_pid=0 prev_prio=120 prev_state=R ==> next_comm=ksoftirqd/1 next_pid=3181 next_prio=120
         mmcqd/1-116   [000] ...2   312.689262: sched_switch: prev_comm=mmcqd/1 prev_pid=116 prev_prio=120 prev_state=S ==> next_comm=swapper/0 next_pid=0 next_prio=120
     ksoftirqd/1-3181  [001] ...2   312.689271: sched_switch: prev_comm=ksoftirqd/1 prev_pid=3181 prev_prio=120 prev_state=S ==> next_comm=swapper/1 next_pid=0 next_prio=120
          <idle>-0     [001] ...2   312.689293: sched_switch: prev_comm=swapper/1 prev_pid=0 prev_prio=120 prev_state=R ==> next_comm=ksoftirqd/1 next_pid=3181 next_prio=120
     ksoftirqd/1-3181  [001] ...2   312.689311: sched_switch: prev_comm=ksoftirqd/1 prev_pid=3181 prev_prio=120 prev_state=S ==> next_comm=swapper/1 next_pid=0 next_prio=120
          <idle>-0     [000] ...2   312.689477: sched_switch: prev_comm=swapper/0 prev_pid=0 prev_prio=120 prev_state=R ==> next_comm=mmcqd/1 next_pid=116 next_prio=120
         mmcqd/1-116   [000] ...1   312.689502: block_rq_complete: 179,0 RA () 4079784 + 8 [0]
         mmcqd/1-116   [000] ...2   312.689514: sched_switch: prev_comm=mmcqd/1 prev_pid=116 prev_prio=120 prev_state=S ==> next_comm=swapper/0 next_pid=0 next_prio=120
          <idle>-0     [000] ...2   312.689948: sched_switch: prev_comm=swapper/0 prev_pid=0 prev_prio=120 prev_state=R ==> next_comm=mmcqd/1 next_pid=116 next_prio=120
         mmcqd/1-116   [000] ...1   312.689965: block_rq_complete: 179,0 RA () 4079880 + 40 [0]
         mmcqd/1-116   [000] ...2   312.689983: sched_switch: prev_comm=mmcqd/1 prev_pid=116 prev_prio=120 prev_state=R+ ==> next_comm=kworker/0:1H next_pid=17 next_prio=100
          <idle>-0     [001] ...2   312.689984: sched_switch: prev_comm=swapper/1 prev_pid=0 prev_prio=120 prev_state=R ==> next_comm=main next_pid=3177 next_prio=120
    kworker/0:1H-17    [000] ...2   312.689989: sched_switch: prev_comm=kworker/0:1H prev_pid=17 prev_prio=100 prev_state=S ==> next_comm=mmcqd/1 next_pid=116 next_prio=120
         mmcqd/1-116   [000] ...2   312.689997: sched_switch: prev_comm=mmcqd/1 prev_pid=116 prev_prio=120 prev_state=S ==> next_comm=swapper/0 next_pid=0 next_prio=120
            main-3177  [001] d..2   312.692003: block_rq_insert: 179,0 R 0 () 4084016 + 8 [main]
            main-3177  [001] d..2   312.692009: block_rq_insert: 179,0 R 0 () 4084104 + 8 [main]
            main-3177  [001] d..2   312.692012: block_rq_insert: 179,0 R 0 () 4084128 + 8 [main]
            main-3177  [001] ...2   312.692033: sched_switch: prev_comm=main prev_pid=3177 prev_prio=120 prev_state=D|W ==> next_comm=swapper/1 next_pid=0 next_prio=120
          <idle>-0     [000] ...2   312.692034: sched_switch: prev_comm=swapper/0 prev_pid=0 prev_prio=120 prev_state=R ==> next_comm=mmcqd/1 next_pid=116 next_prio=120
         mmcqd/1-116   [000] ...2   312.692085: sched_switch: prev_comm=mmcqd/1 prev_pid=116 prev_prio=120 prev_state=S ==> next_comm=swapper/0 next_pid=0 next_prio=120
          <idle>-0     [000] ...2   312.692318: sched_switch: prev_comm=swapper/0 prev_pid=0 prev_prio=120 prev_state=R ==> next_comm=mmcqd/1 next_pid=116 next_prio=120
         mmcqd/1-116   [000] ...1   312.692344: block_rq_complete: 179,0 RA () 4084016 + 8 [0]
         mmcqd/1-116   [000] ...2   312.692366: sched_switch: prev_comm=mmcqd/1 prev_pid=116 prev_prio=120 prev_state=S ==> next_comm=swapper/0 next_pid=0 next_prio=120
          <idle>-0     [000] ...2   312.692577: sched_switch: prev_comm=swapper/0 prev_pid=0 prev_prio=120 prev_state=R ==> next_comm=mmcqd/1 next_pid=116 next_prio=120
         mmcqd/1-116   [000] ...1   312.692602: block_rq_complete: 179,0 RA () 4084104 + 8 [0]
         mmcqd/1-116   [000] ...2   312.692622: sched_switch: prev_comm=mmcqd/1 prev_pid=116 prev_prio=120 prev_state=S ==> next_comm=swapper/0 next_pid=0 next_prio=120
          <idle>-0     [001] ...2   312.692622: sched_switch: prev_comm=swapper/1 prev_pid=0 prev_prio=120 prev_state=R ==> next_comm=main next_pid=3177 next_prio=120
          <idle>-0     [000] ...2   312.692869: sched_switch: prev_comm=swapper/0 prev_pid=0 prev_prio=120 prev_state=R ==> next_comm=mmcqd/1 next_pid=116 next_prio=120
         mmcqd/1-116   [000] ...1   312.692878: block_rq_complete: 179,0 RA () 4084128 + 8 [0]
         mmcqd/1-116   [000] ...2   312.692891: sched_switch: prev_comm=mmcqd/1 prev_pid=116 prev_prio=120 prev_state=R+ ==> next_comm=kworker/0:1H next_pid=17 next_prio=100
    kworker/0:1H-17    [000] ...2   312.692897: sched_switch: prev_comm=kworker/0:1H prev_pid=17 prev_prio=100 prev_state=S ==> next_comm=mmcqd/1 next_pid=116 next_prio=120
         mmcqd/1-116   [000] ...2   312.692908: sched_switch: prev_comm=mmcqd/1 prev_pid=116 prev_prio=120 prev_state=S ==> next_comm=swapper/0 next_pid=0 next_prio=120
            main-3177  [001] d..2   312.694882: block_rq_insert: 179,0 R 0 () 4086360 + 56 [main]
            main-3177  [001] d..2   312.694887: block_rq_insert: 179,0 R 0 () 4086424 + 72 [main]
            main-3177  [001] d..2   312.694890: block_rq_insert: 179,0 R 0 () 4086528 + 32 [main]
          <idle>-0     [000] ...2   312.694910: sched_switch: prev_comm=swapper/0 prev_pid=0 prev_prio=120 prev_state=R ==> next_comm=mmcqd/1 next_pid=116 next_prio=120
            main-3177  [001] ...2   312.694911: sched_switch: prev_comm=main prev_pid=3177 prev_prio=120 prev_state=D|W ==> next_comm=swapper/1 next_pid=0 next_prio=120
         mmcqd/1-116   [000] ...2   312.694988: sched_switch: prev_comm=mmcqd/1 prev_pid=116 prev_prio=120 prev_state=S ==> next_comm=swapper/0 next_pid=0 next_prio=120
          <idle>-0     [000] ...2   312.695475: sched_switch: prev_comm=swapper/0 prev_pid=0 prev_prio=120 prev_state=R ==> next_comm=mmcqd/1 next_pid=116 next_prio=120
         mmcqd/1-116   [000] ...1   312.695512: block_rq_complete: 179,0 RA () 4086360 + 56 [0]
         mmcqd/1-116   [000] ...2   312.695543: sched_switch: prev_comm=mmcqd/1 prev_pid=116 prev_prio=120 prev_state=S ==> next_comm=swapper/0 next_pid=0 next_prio=120
          <idle>-0     [000] ...2   312.696048: sched_switch: prev_comm=swapper/0 prev_pid=0 prev_prio=120 prev_state=R ==> next_comm=mmcqd/1 next_pid=116 next_prio=120
         mmcqd/1-116   [000] ...1   312.696088: block_rq_complete: 179,0 RA () 4086424 + 72 [0]
         mmcqd/1-116   [000] ...2   312.696109: sched_switch: prev_comm=mmcqd/1 prev_pid=116 prev_prio=120 prev_state=S ==> next_comm=swapper/0 next_pid=0 next_prio=120
          <idle>-0     [001] ...2   312.696110: sched_switch: prev_comm=swapper/1 prev_pid=0 prev_prio=120 prev_state=R ==> next_comm=main next_pid=3177 next_prio=120
          <idle>-0     [000] ...2   312.696409: sched_switch: prev_comm=swapper/0 prev_pid=0 prev_prio=120 prev_state=R ==> next_comm=mmcqd/1 next_pid=116 next_prio=120
         mmcqd/1-116   [000] ...1   312.696423: block_rq_complete: 179,0 RA () 4086528 + 32 [0]
         mmcqd/1-116   [000] ...2   312.696436: sched_switch: prev_comm=mmcqd/1 prev_pid=116 prev_prio=120 prev_state=R+ ==> next_comm=kworker/0:1H next_pid=17 next_prio=100
    kworker/0:1H-17    [000] ...2   312.696442: sched_switch: prev_comm=kworker/0:1H prev_pid=17 prev_prio=100 prev_state=S ==> next_comm=mmcqd/1 next_pid=116 next_prio=120
         mmcqd/1-116   [000] ...2   312.696452: sched_switch: prev_comm=mmcqd/1 prev_pid=116 prev_prio=120 prev_state=S ==> next_comm=swapper/0 next_pid=0 next_prio=120
            main-3177  [001] ...2   312.698921: sched_switch: prev_comm=main prev_pid=3177 prev_prio=120 prev_state=R ==> next_comm=kworker/1:0H next_pid=3180 next_prio=100
    kworker/1:0H-3180  [001] ...2   312.698945: sched_switch: prev_comm=kworker/1:0H prev_pid=3180 prev_prio=100 prev_state=S ==> next_comm=main next_pid=3177 next_prio=120
            main-3177  [001] d..2   312.699446: block_rq_insert: 179,0 R 0 () 4078456 + 40 [main]
            main-3177  [001] d..2   312.699452: block_rq_insert: 179,0 R 0 () 4078544 + 88 [main]
            main-3177  [001] d..2   312.699456: block_rq_insert: 179,0 R 0 () 4078640 + 56 [main]
