          <idle>-0     [000] ...2   325.274540: sched_switch: prev_comm=swapper/0 prev_pid=0 prev_prio=120 prev_state=R ==> next_comm=mmcqd/1 next_pid=116 next_prio=120
         mmcqd/1-116   [000] ...1   325.274591: block_rq_complete: 179,0 RA () 1182000 + 40 [0]
         mmcqd/1-116   [000] ...2   325.274621: sched_switch: prev_comm=mmcqd/1 prev_pid=116 prev_prio=120 prev_state=S ==> next_comm=swapper/0 next_pid=0 next_prio=120
 xample.bdbtrace-2226  [001] d..2   325.274729: block_rq_insert: 179,0 R 0 () 852120 + 8 [xample.bdbtrace]
 xample.bdbtrace-2226  [001] ...2   325.274744: sched_switch: prev_comm=xample.bdbtrace prev_pid=2226 prev_prio=120 prev_state=D|W ==> next_comm=main next_pid=3246 next_prio=120
          <idle>-0     [000] ...2   325.274747: sched_switch: prev_comm=swapper/0 prev_pid=0 prev_prio=120 prev_state=R ==> next_comm=mmcqd/1 next_pid=116 next_prio=120
         mmcqd/1-116   [000] ...2   325.274773: sched_switch: prev_comm=mmcqd/1 prev_pid=116 prev_prio=120 prev_state=S ==> next_comm=swapper/0 next_pid=0 next_prio=120
          <idle>-0     [000] ...2   325.274786: sched_switch: prev_comm=swapper/0 prev_pid=0 prev_prio=120 prev_state=R ==> next_comm=Heap thread poo next_pid=3251 next_prio=120
            main-3246  [001] ...2   325.274792: sched_switch: prev_comm=main prev_pid=3246 prev_prio=120 prev_state=S ==> next_comm=swapper/1 next_pid=0 next_prio=120
 Heap thread poo-3251  [000] ...3   325.274994: sched_switch: prev_comm=Heap thread poo prev_pid=3251 prev_prio=120 prev_state=x ==> next_comm=Heap thread poo next_pid=3249 next_prio=120
          <idle>-0     [001] ...2   325.275024: sched_switch: prev_comm=swapper/1 prev_pid=0 prev_prio=120 prev_state=R ==> next_comm=Heap thread poo next_pid=3250 next_prio=120
 Heap thread poo-3250  [001] ...2   325.275034: sched_switch: prev_comm=Heap thread poo prev_pid=3250 prev_prio=120 prev_state=D ==> next_comm=swapper/1 next_pid=0 next_prio=120
          <idle>-0     [001] ...2   325.275059: sched_switch: prev_comm=swapper/1 prev_pid=0 prev_prio=120 prev_state=R ==> next_comm=Heap thread poo next_pid=3250 next_prio=120
 Heap thread poo-3250  [001] ...2   325.275069: sched_switch: prev_comm=Heap thread poo prev_pid=3250 prev_prio=120 prev_state=S ==> next_comm=swapper/1 next_pid=0 next_prio=120
          <idle>-0     [001] ...2   325.275087: sched_switch: prev_comm=swapper/1 prev_pid=0 prev_prio=120 prev_state=R ==> next_comm=Heap thread poo next_pid=3250 next_prio=120
 Heap thread poo-3250  [001] ...3   325.275178: sched_switch: prev_comm=Heap thread poo prev_pid=3250 prev_prio=120 prev_state=x ==> next_comm=main next_pid=3246 next_prio=120
 Heap thread poo-3249  [000] ...3   325.275192: sched_switch: prev_comm=Heap thread poo prev_pid=3249 prev_prio=120 prev_state=x ==> next_comm=mmcqd/1 next_pid=116 next_prio=120
         mmcqd/1-116   [000] ...1   325.275239: block_rq_complete: 179,0 RA () 1182048 + 24 [0]
         mmcqd/1-116   [000] ...2   325.275259: sched_switch: prev_comm=mmcqd/1 prev_pid=116 prev_prio=120 prev_state=S ==> next_comm=swapper/0 next_pid=0 next_prio=120
          <idle>-0     [000] ...2   325.275291: sched_switch: prev_comm=swapper/0 prev_pid=0 prev_prio=120 prev_state=R ==> next_comm=JDWP next_pid=3253 next_prio=120
            main-3246  [001] ...2   325.275312: sched_switch: prev_comm=main prev_pid=3246 prev_prio=120 prev_state=S ==> next_comm=swapper/1 next_pid=0 next_prio=120
          <idle>-0     [001] ...2   325.275545: sched_switch: prev_comm=swapper/1 prev_pid=0 prev_prio=120 prev_state=R ==> next_comm=main next_pid=3246 next_prio=120
            JDWP-3253  [000] ...3   325.275566: sched_switch: prev_comm=JDWP prev_pid=3253 prev_prio=120 prev_state=x ==> next_comm=adbd next_pid=778 next_prio=120
            main-3246  [001] d..2   325.275618: block_rq_insert: 179,0 R 0 () 1179176 + 16 [main]
            main-3246  [001] d..2   325.275624: block_rq_insert: 179,0 R 0 () 1179208 + 32 [main]
            main-3246  [001] d..2   325.275626: block_rq_insert: 179,0 R 0 () 1179280 + 64 [main]
            main-3246  [001] d..2   325.275628: block_rq_insert: 179,0 R 0 () 1179352 + 8 [main]
            main-3246  [001] d..2   325.275629: block_rq_insert: 179,0 R 0 () 1179416 + 16 [main]
            main-3246  [001] ...2   325.275637: sched_switch: prev_comm=main prev_pid=3246 prev_prio=120 prev_state=D|W ==> next_comm=swapper/1 next_pid=0 next_prio=120
            adbd-778   [000] ...2   325.275774: sched_switch: prev_comm=adbd prev_pid=778 prev_prio=120 prev_state=S ==> next_comm=mmcqd/1 next_pid=116 next_prio=120
         mmcqd/1-116   [000] ...1   325.275792: block_rq_complete: 179,0 RA () 852120 + 8 [0]
          <idle>-0     [001] ...2   325.275809: sched_switch: prev_comm=swapper/1 prev_pid=0 prev_prio=120 prev_state=R ==> next_comm=xample.bdbtrace next_pid=2226 next_prio=120
         mmcqd/1-116   [000] ...2   325.275824: sched_switch: prev_comm=mmcqd/1 prev_pid=116 prev_prio=120 prev_state=R+ ==> next_comm=kworker/0:1H next_pid=17 next_prio=100
    kworker/0:1H-17    [000] ...2   325.275836: sched_switch: prev_comm=kworker/0:1H prev_pid=17 prev_prio=100 prev_state=S ==> next_comm=mmcqd/1 next_pid=116 next_prio=120
         mmcqd/1-116   [000] ...2   325.275927: sched_switch: prev_comm=mmcqd/1 prev_pid=116 prev_prio=120 prev_state=S ==> next_comm=swapper/0 next_pid=0 next_prio=120
          <idle>-0     [000] ...2   325.276185: sched_switch: prev_comm=swapper/0 prev_pid=0 prev_prio=120 prev_state=R ==> next_comm=mmcqd/1 next_pid=116 next_prio=120
         mmcqd/1-116   [000] ...1   325.276230: block_rq_complete: 179,0 RA () 1179176 + 16 [0]
         mmcqd/1-116   [000] ...2   325.276288: sched_switch: prev_comm=mmcqd/1 prev_pid=116 prev_prio=120 prev_state=S ==> next_comm=swapper/0 next_pid=0 next_prio=120
          <idle>-0     [000] ...2   325.276633: sched_switch: prev_comm=swapper/0 prev_pid=0 prev_prio=120 prev_state=R ==> next_comm=mmcqd/1 next_pid=116 next_prio=120
         mmcqd/1-116   [000] ...1   325.276682: block_rq_complete: 179,0 RA () 1179208 + 32 [0]
         mmcqd/1-116   [000] ...2   325.276715: sched_switch: prev_comm=mmcqd/1 prev_pid=116 prev_prio=120 prev_state=S ==> next_comm=swapper/0 next_pid=0 next_prio=120
 xample.bdbtrace-2226  [001] d..2   325.276753: block_rq_insert: 179,0 R 0 () 852320 + 8 [xample.bdbtrace]
 xample.bdbtrace-2226  [001] ...2   325.276763: sched_switch: prev_comm=xample.bdbtrace prev_pid=2226 prev_prio=120 prev_state=D|W ==> next_comm=swapper/1 next_pid=0 next_prio=120
          <idle>-0     [000] ...2   325.277194: sched_switch: prev_comm=swapper/0 prev_pid=0 prev_prio=120 prev_state=R ==> next_comm=mmcqd/1 next_pid=116 next_prio=120
         mmcqd/1-116   [000] ...1   325.277254: block_rq_complete: 179,0 RA () 1179280 + 64 [0]
          <idle>-0     [001] ...2   325.277272: sched_switch: prev_comm=swapper/1 prev_pid=0 prev_prio=120 prev_state=R ==> next_comm=main next_pid=3246 next_prio=120
         mmcqd/1-116   [000] ...2   325.277299: sched_switch: prev_comm=mmcqd/1 prev_pid=116 prev_prio=120 prev_state=S ==> next_comm=swapper/0 next_pid=0 next_prio=120
          <idle>-0     [000] ...2   325.277310: sched_switch: prev_comm=swapper/0 prev_pid=0 prev_prio=120 prev_state=R ==> next_comm=Signal Catcher next_pid=3252 next_prio=120
            main-3246  [001] ...2   325.277315: sched_switch: prev_comm=main prev_pid=3246 prev_prio=120 prev_state=S ==> next_comm=swapper/1 next_pid=0 next_prio=120
          <idle>-0     [001] ...2   325.277537: sched_switch: prev_comm=swapper/1 prev_pid=0 prev_prio=120 prev_state=R ==> next_comm=main next_pid=3246 next_prio=120
            main-3246  [001] ...2   325.277560: sched_switch: prev_comm=main prev_pid=3246 prev_prio=120 prev_state=S ==> next_comm=swapper/1 next_pid=0 next_prio=120
  Signal Catcher-3252  [000] ...3   325.277561: sched_switch: prev_comm=Signal Catcher prev_pid=3252 prev_prio=120 prev_state=x ==> next_comm=mmcqd/1 next_pid=116 next_prio=120
         mmcqd/1-116   [000] ...1   325.277602: block_rq_complete: 179,0 RA () 1179352 + 8 [0]
         mmcqd/1-116   [000] ...2   325.277636: sched_switch: prev_comm=mmcqd/1 prev_pid=116 prev_prio=120 prev_state=S ==> next_comm=swapper/0 next_pid=0 next_prio=120
          <idle>-0     [000] ...2   325.277927: sched_switch: prev_comm=swapper/0 prev_pid=0 prev_prio=120 prev_state=R ==> next_comm=mmcqd/1 next_pid=116 next_prio=120
         mmcqd/1-116   [000] ...1   325.277968: block_rq_complete: 179,0 RA () 1179416 + 16 [0]
         mmcqd/1-116   [000] ...2   325.277986: sched_switch: prev_comm=mmcqd/1 prev_pid=116 prev_prio=120 prev_state=S ==> next_comm=swapper/0 next_pid=0 next_prio=120
          <idle>-0     [000] ...2   325.278215: sched_switch: prev_comm=swapper/0 prev_pid=0 prev_prio=120 prev_state=R ==> next_comm=mmcqd/1 next_pid=116 next_prio=120
         mmcqd/1-116   [000] ...1   325.278230: block_rq_complete: 179,0 RA () 852320 + 8 [0]
          <idle>-0     [001] ...2   325.278245: sched_switch: prev_comm=swapper/1 prev_pid=0 prev_prio=120 prev_state=R ==> next_comm=xample.bdbtrace next_pid=2226 next_prio=120
         mmcqd/1-116   [000] ...2   325.278259: sched_switch: prev_comm=mmcqd/1 prev_pid=116 prev_prio=120 prev_state=R+ ==> next_comm=kworker/0:1H next_pid=17 next_prio=100
    kworker/0:1H-17    [000] ...2   325.278271: sched_switch: prev_comm=kworker/0:1H prev_pid=17 prev_prio=100 prev_state=S ==> next_comm=mmcqd/1 next_pid=116 next_prio=120
         mmcqd/1-116   [000] ...2   325.278286: sched_switch: prev_comm=mmcqd/1 prev_pid=116 prev_prio=120 prev_state=S ==> next_comm=swapper/0 next_pid=0 next_prio=120
          <idle>-0     [000] ...2   325.278937: sched_switch: prev_comm=swapper/0 prev_pid=0 prev_prio=120 prev_state=R ==> next_comm=ksoftirqd/0 next_pid=3 next_prio=120
     ksoftirqd/0-3     [000] ...2   325.278954: sched_switch: prev_comm=ksoftirqd/0 prev_pid=3 prev_prio=120 prev_state=S ==> next_comm=kworker/u:4 next_pid=210 next_prio=120
     kworker/u:4-210   [000] ...2   325.278977: sched_switch: prev_comm=kworker/u:4 prev_pid=210 prev_prio=120 prev_state=S ==> next_comm=mpdecision next_pid=1527 next_prio=113
 xample.bdbtrace-2226  [001] d..2   325.279260: block_rq_insert: 179,0 R 0 () 9228432 + 32 [xample.bdbtrace]
 xample.bdbtrace-2226  [001] ...2   325.279273: sched_switch: prev_comm=xample.bdbtrace prev_pid=2226 prev_prio=120 prev_state=D|W ==> next_comm=mmcqd/1 next_pid=116 next_prio=120
         mmcqd/1-116   [001] ...2   325.279315: sched_switch: prev_comm=mmcqd/1 prev_pid=116 prev_prio=120 prev_state=S ==> next_comm=swapper/1 next_pid=0 next_prio=120
          <idle>-0     [001] ...2   325.279336: sched_switch: prev_comm=swapper/1 prev_pid=0 prev_prio=120 prev_state=R ==> next_comm=ksoftirqd/1 next_pid=3244 next_prio=120
     ksoftirqd/1-3244  [001] ...2   325.279343: sched_switch: prev_comm=ksoftirqd/1 prev_pid=3244 prev_prio=120 prev_state=S ==> next_comm=swapper/1 next_pid=0 next_prio=120
          <idle>-0     [001] ...2   325.279357: sched_switch: prev_comm=swapper/1 prev_pid=0 prev_prio=120 prev_state=R ==> next_comm=ksoftirqd/1 next_pid=3244 next_prio=120
     ksoftirqd/1-3244  [001] ...2   325.279384: sched_switch: prev_comm=ksoftirqd/1 prev_pid=3244 prev_prio=120 prev_state=S ==> next_comm=swapper/1 next_pid=0 next_prio=120
      mpdecision-1527  [000] ...2   325.279384: sched_switch: prev_comm=mpdecision prev_pid=1527 prev_prio=113 prev_state=S ==> next_comm=swapper/0 next_pid=0 next_prio=120
          <idle>-0     [000] ...2   325.279405: sched_switch: prev_comm=swapper/0 prev_pid=0 prev_prio=120 prev_state=R ==> next_comm=ksoftirqd/0 next_pid=3 next_prio=120
     ksoftirqd/0-3     [000] ...2   325.279458: sched_switch: prev_comm=ksoftirqd/0 prev_pid=3 prev_prio=120 prev_state=S ==> next_comm=swapper/0 next_pid=0 next_prio=120
          <idle>-0     [000] ...2   325.279479: sched_switch: prev_comm=swapper/0 prev_pid=0 prev_prio=120 prev_state=R ==> next_comm=ksoftirqd/0 next_pid=3 next_prio=120
     ksoftirqd/0-3     [000] ...2   325.279490: sched_switch: prev_comm=ksoftirqd/0 prev_pid=3 prev_prio=120 prev_state=S ==> next_comm=swapper/0 next_pid=0 next_prio=120
          <idle>-0     [000] ...2   325.279509: sched_switch: prev_comm=swapper/0 prev_pid=0 prev_prio=120 prev_state=R ==> next_comm=ksoftirqd/0 next_pid=3 next_prio=120
     ksoftirqd/0-3     [000] ...2   325.279522: sched_switch: prev_comm=ksoftirqd/0 prev_pid=3 prev_prio=120 prev_state=S ==> next_comm=swapper/0 next_pid=0 next_prio=120
          <idle>-0     [000] ...2   325.279767: sched_switch: prev_comm=swapper/0 prev_pid=0 prev_prio=120 prev_state=R ==> next_comm=mmcqd/1 next_pid=116 next_prio=120
         mmcqd/1-116   [000] ...1   325.279793: block_rq_complete: 179,0 RA () 9228432 + 32 [0]
          <idle>-0     [001] ...2   325.279813: sched_switch: prev_comm=swapper/1 prev_pid=0 prev_prio=120 prev_state=R ==> next_comm=xample.bdbtrace next_pid=2226 next_prio=120
         mmcqd/1-116   [000] ...2   325.279826: sched_switch: prev_comm=mmcqd/1 prev_pid=116 prev_prio=120 prev_state=R+ ==> next_comm=kworker/0:1H next_pid=17 next_prio=100
    kworker/0:1H-17    [000] ...2   325.279838: sched_switch: prev_comm=kworker/0:1H prev_pid=17 prev_prio=100 prev_state=S ==> next_comm=mmcqd/1 next_pid=116 next_prio=120
         mmcqd/1-116   [000] ...2   325.279854: sched_switch: prev_comm=mmcqd/1 prev_pid=116 prev_prio=120 prev_state=S ==> next_comm=swapper/0 next_pid=0 next_prio=120
 xample.bdbtrace-2226  [001] ...1   325.280878: tracing_mark_write: BDB

 xample.bdbtrace-2226  [001] ...1   325.281134: tracing_mark_write: START: App started

 xample.bdbtrace-2226  [001] ...1   325.282155: tracing_mark_write: "EVENT":"DATABASE_OPEN_START"}

 xample.bdbtrace-2226  [001] d..2   325.282401: block_rq_insert: 179,0 R 0 () 6149808 + 24 [xample.bdbtrace]
 xample.bdbtrace-2226  [001] d..2   325.282405: block_rq_insert: 179,0 R 0 () 6136584 + 8 [xample.bdbtrace]
 xample.bdbtrace-2226  [001] ...2   325.282425: sched_switch: prev_comm=xample.bdbtrace prev_pid=2226 prev_prio=120 prev_state=D|W ==> next_comm=swapper/1 next_pid=0 next_prio=120
          <idle>-0     [000] ...2   325.282433: sched_switch: prev_comm=swapper/0 prev_pid=0 prev_prio=120 prev_state=R ==> next_comm=mmcqd/1 next_pid=116 next_prio=120
          <idle>-0     [001] ...2   325.282447: sched_switch: prev_comm=swapper/1 prev_pid=0 prev_prio=120 prev_state=R ==> next_comm=ksoftirqd/1 next_pid=3244 next_prio=120
     ksoftirqd/1-3244  [001] ...2   325.282455: sched_switch: prev_comm=ksoftirqd/1 prev_pid=3244 prev_prio=120 prev_state=S ==> next_comm=swapper/1 next_pid=0 next_prio=120
          <idle>-0     [001] ...2   325.282469: sched_switch: prev_comm=swapper/1 prev_pid=0 prev_prio=120 prev_state=R ==> next_comm=ksoftirqd/1 next_pid=3244 next_prio=120
     ksoftirqd/1-3244  [001] ...2   325.282475: sched_switch: prev_comm=ksoftirqd/1 prev_pid=3244 prev_prio=120 prev_state=S ==> next_comm=swapper/1 next_pid=0 next_prio=120
          <idle>-0     [001] ...2   325.282488: sched_switch: prev_comm=swapper/1 prev_pid=0 prev_prio=120 prev_state=R ==> next_comm=ksoftirqd/1 next_pid=3244 next_prio=120
     ksoftirqd/1-3244  [001] ...2   325.282494: sched_switch: prev_comm=ksoftirqd/1 prev_pid=3244 prev_prio=120 prev_state=S ==> next_comm=swapper/1 next_pid=0 next_prio=120
         mmcqd/1-116   [000] ...2   325.282523: sched_switch: prev_comm=mmcqd/1 prev_pid=116 prev_prio=120 prev_state=S ==> next_comm=swapper/0 next_pid=0 next_prio=120
          <idle>-0     [000] ...2   325.282779: sched_switch: prev_comm=swapper/0 prev_pid=0 prev_prio=120 prev_state=R ==> next_comm=mmcqd/1 next_pid=116 next_prio=120
         mmcqd/1-116   [000] ...1   325.282820: block_rq_complete: 179,0 RA () 6136584 + 8 [0]
         mmcqd/1-116   [000] ...2   325.282844: sched_switch: prev_comm=mmcqd/1 prev_pid=116 prev_prio=120 prev_state=S ==> next_comm=swapper/0 next_pid=0 next_prio=120
          <idle>-0     [000] ...2   325.283246: sched_switch: prev_comm=swapper/0 prev_pid=0 prev_prio=120 prev_state=R ==> next_comm=mmcqd/1 next_pid=116 next_prio=120
         mmcqd/1-116   [000] ...1   325.283268: block_rq_complete: 179,0 RA () 6149808 + 24 [0]
          <idle>-0     [001] ...2   325.283287: sched_switch: prev_comm=swapper/1 prev_pid=0 prev_prio=120 prev_state=R ==> next_comm=xample.bdbtrace next_pid=2226 next_prio=120
         mmcqd/1-116   [000] ...2   325.283298: sched_switch: prev_comm=mmcqd/1 prev_pid=116 prev_prio=120 prev_state=R+ ==> next_comm=kworker/0:1H next_pid=17 next_prio=100
    kworker/0:1H-17    [000] ...2   325.283310: sched_switch: prev_comm=kworker/0:1H prev_pid=17 prev_prio=100 prev_state=S ==> next_comm=mmcqd/1 next_pid=116 next_prio=120
         mmcqd/1-116   [000] ...2   325.283327: sched_switch: prev_comm=mmcqd/1 prev_pid=116 prev_prio=120 prev_state=S ==> next_comm=swapper/0 next_pid=0 next_prio=120
 xample.bdbtrace-2226  [001] d..2   325.283778: block_rq_insert: 179,0 R 0 () 6136576 + 8 [xample.bdbtrace]
 xample.bdbtrace-2226  [001] d..2   325.283782: block_rq_insert: 179,0 R 0 () 6149832 + 16 [xample.bdbtrace]
 xample.bdbtrace-2226  [001] d..2   325.283784: block_rq_insert: 179,0 R 0 () 6136600 + 8 [xample.bdbtrace]
 xample.bdbtrace-2226  [001] ...2   325.283797: sched_switch: prev_comm=xample.bdbtrace prev_pid=2226 prev_prio=120 prev_state=D|W ==> next_comm=swapper/1 next_pid=0 next_prio=120
          <idle>-0     [000] ...2   325.283809: sched_switch: prev_comm=swapper/0 prev_pid=0 prev_prio=120 prev_state=R ==> next_comm=EventThread next_pid=320 next_prio=111
          <idle>-0     [001] ...2   325.283876: sched_switch: prev_comm=swapper/1 prev_pid=0 prev_prio=120 prev_state=R ==> next_comm=droid.launcher3 next_pid=1093 next_prio=120
 droid.launcher3-1093  [001] ...2   325.283892: sched_switch: prev_comm=droid.launcher3 prev_pid=1093 prev_prio=120 prev_state=R ==> next_comm=android.display next_pid=770 next_prio=116
     EventThread-320   [000] ...2   325.283914: sched_switch: prev_comm=EventThread prev_pid=320 prev_prio=111 prev_state=S ==> next_comm=mmcqd/1 next_pid=116 next_prio=120
         mmcqd/1-116   [000] ...2   325.283997: sched_switch: prev_comm=mmcqd/1 prev_pid=116 prev_prio=120 prev_state=S ==> next_comm=swapper/0 next_pid=0 next_prio=120
 android.display-770   [001] ...2   325.284145: sched_switch: prev_comm=android.display prev_pid=770 prev_prio=116 prev_state=S ==> next_comm=Binder_5 next_pid=1577 next_prio=120
        Binder_5-1577  [001] ...2   325.284261: sched_switch: prev_comm=Binder_5 prev_pid=1577 prev_prio=120 prev_state=S ==> next_comm=android.display next_pid=770 next_prio=116
          <idle>-0     [000] ...2   325.284276: sched_switch: prev_comm=swapper/0 prev_pid=0 prev_prio=120 prev_state=R ==> next_comm=mmcqd/1 next_pid=116 next_prio=120
         mmcqd/1-116   [000] ...1   325.284319: block_rq_complete: 179,0 RA () 6149832 + 16 [0]
 android.display-770   [001] ...2   325.284336: sched_switch: prev_comm=android.display prev_pid=770 prev_prio=116 prev_state=S ==> next_comm=droid.launcher3 next_pid=1093 next_prio=120
         mmcqd/1-116   [000] ...2   325.284355: sched_switch: prev_comm=mmcqd/1 prev_pid=116 prev_prio=120 prev_state=S ==> next_comm=swapper/0 next_pid=0 next_prio=120
          <idle>-0     [000] ...2   325.284547: sched_switch: prev_comm=swapper/0 prev_pid=0 prev_prio=120 prev_state=R ==> next_comm=mmcqd/1 next_pid=116 next_prio=120
 droid.launcher3-1093  [001] ...2   325.284548: sched_switch: prev_comm=droid.launcher3 prev_pid=1093 prev_prio=120 prev_state=S ==> next_comm=RenderThread next_pid=1365 next_prio=116
         mmcqd/1-116   [000] ...1   325.284587: block_rq_complete: 179,0 RA () 6136600 + 8 [0]
         mmcqd/1-116   [000] ...2   325.284610: sched_switch: prev_comm=mmcqd/1 prev_pid=116 prev_prio=120 prev_state=S ==> next_comm=swapper/0 next_pid=0 next_prio=120
    RenderThread-1365  [001] ...2   325.284780: sched_switch: prev_comm=RenderThread prev_pid=1365 prev_prio=116 prev_state=D ==> next_comm=swapper/1 next_pid=0 next_prio=120
          <idle>-0     [000] ...2   325.284809: sched_switch: prev_comm=swapper/0 prev_pid=0 prev_prio=120 prev_state=R ==> next_comm=mmcqd/1 next_pid=116 next_prio=120
         mmcqd/1-116   [000] ...1   325.284826: block_rq_complete: 179,0 RA () 6136576 + 8 [0]
          <idle>-0     [001] ...2   325.284842: sched_switch: prev_comm=swapper/1 prev_pid=0 prev_prio=120 prev_state=R ==> next_comm=xample.bdbtrace next_pid=2226 next_prio=120
         mmcqd/1-116   [000] ...2   325.284856: sched_switch: prev_comm=mmcqd/1 prev_pid=116 prev_prio=120 prev_state=R+ ==> next_comm=kworker/0:1H next_pid=17 next_prio=100
    kworker/0:1H-17    [000] ...2   325.284868: sched_switch: prev_comm=kworker/0:1H prev_pid=17 prev_prio=100 prev_state=S ==> next_comm=mmcqd/1 next_pid=116 next_prio=120
         mmcqd/1-116   [000] ...2   325.284887: sched_switch: prev_comm=mmcqd/1 prev_pid=116 prev_prio=120 prev_state=S ==> next_comm=swapper/0 next_pid=0 next_prio=120
          <idle>-0     [000] ...2   325.285382: sched_switch: prev_comm=swapper/0 prev_pid=0 prev_prio=120 prev_state=R ==> next_comm=kworker/u:0H next_pid=7 next_prio=100
    kworker/u:0H-7     [000] ...2   325.285429: sched_switch: prev_comm=kworker/u:0H prev_pid=7 prev_prio=100 prev_state=D ==> next_comm=RenderThread next_pid=1365 next_prio=116
    RenderThread-1365  [000] ...2   325.285647: sched_switch: prev_comm=RenderThread prev_pid=1365 prev_prio=116 prev_state=D ==> next_comm=swapper/0 next_pid=0 next_prio=120
          <idle>-0     [000] ...2   325.285742: sched_switch: prev_comm=swapper/0 prev_pid=0 prev_prio=120 prev_state=R ==> next_comm=kworker/u:0H next_pid=7 next_prio=100
    kworker/u:0H-7     [000] ...2   325.285771: sched_switch: prev_comm=kworker/u:0H prev_pid=7 prev_prio=100 prev_state=D ==> next_comm=RenderThread next_pid=1365 next_prio=116
    RenderThread-1365  [000] ...2   325.285855: sched_switch: prev_comm=RenderThread prev_pid=1365 prev_prio=116 prev_state=D ==> next_comm=swapper/0 next_pid=0 next_prio=120
          <idle>-0     [000] ...2   325.286062: sched_switch: prev_comm=swapper/0 prev_pid=0 prev_prio=120 prev_state=R ==> next_comm=kworker/u:0H next_pid=7 next_prio=100
    kworker/u:0H-7     [000] ...2   325.286090: sched_switch: prev_comm=kworker/u:0H prev_pid=7 prev_prio=100 prev_state=D ==> next_comm=RenderThread next_pid=1365 next_prio=116
 xample.bdbtrace-2226  [001] d..2   325.286375: block_rq_insert: 179,0 R 0 () 6590480 + 8 [xample.bdbtrace]
    RenderThread-1365  [000] ...2   325.286407: sched_switch: prev_comm=RenderThread prev_pid=1365 prev_prio=116 prev_state=R+ ==> next_comm=mmcqd/1 next_pid=116 next_prio=120
 xample.bdbtrace-2226  [001] d..2   325.286422: block_rq_insert: 179,0 R 0 () 6590496 + 8 [xample.bdbtrace]
 xample.bdbtrace-2226  [001] d..2   325.286465: block_rq_insert: 179,0 R 0 () 6590536 + 8 [xample.bdbtrace]
         mmcqd/1-116   [000] ...2   325.286489: sched_switch: prev_comm=mmcqd/1 prev_pid=116 prev_prio=120 prev_state=S ==> next_comm=RenderThread next_pid=1365 next_prio=116
 xample.bdbtrace-2226  [001] d..2   325.286603: block_rq_insert: 179,0 R 0 () 6590664 + 8 [xample.bdbtrace]
 xample.bdbtrace-2226  [001] ...2   325.286716: sched_switch: prev_comm=xample.bdbtrace prev_pid=2226 prev_prio=120 prev_state=D ==> next_comm=swapper/1 next_pid=0 next_prio=120
    RenderThread-1365  [000] ...2   325.286875: sched_switch: prev_comm=RenderThread prev_pid=1365 prev_prio=116 prev_state=R+ ==> next_comm=mmcqd/1 next_pid=116 next_prio=120
         mmcqd/1-116   [000] ...1   325.286918: block_rq_complete: 179,0 RA () 6590480 + 16 [0]
         mmcqd/1-116   [000] ...2   325.286970: sched_switch: prev_comm=mmcqd/1 prev_pid=116 prev_prio=120 prev_state=S ==> next_comm=RenderThread next_pid=1365 next_prio=116
    RenderThread-1365  [000] ...2   325.287138: sched_switch: prev_comm=RenderThread prev_pid=1365 prev_prio=116 prev_state=R+ ==> next_comm=kworker/u:4 next_pid=210 next_prio=120
     kworker/u:4-210   [000] ...2   325.287150: sched_switch: prev_comm=kworker/u:4 prev_pid=210 prev_prio=120 prev_state=D ==> next_comm=RenderThread next_pid=1365 next_prio=116
    RenderThread-1365  [000] ...2   325.287217: sched_switch: prev_comm=RenderThread prev_pid=1365 prev_prio=116 prev_state=R+ ==> next_comm=kworker/u:2 next_pid=80 next_prio=120
           <...>-80    [000] ...2   325.287228: sched_switch: prev_comm=kworker/u:2 prev_pid=80 prev_prio=120 prev_state=S ==> next_comm=RenderThread next_pid=1365 next_prio=116
    RenderThread-1365  [000] ...2   325.287270: sched_switch: prev_comm=RenderThread prev_pid=1365 prev_prio=116 prev_state=R+ ==> next_comm=kworker/u:4 next_pid=210 next_prio=120
     kworker/u:4-210   [000] ...2   325.287335: sched_switch: prev_comm=kworker/u:4 prev_pid=210 prev_prio=120 prev_state=S ==> next_comm=kworker/u:2 next_pid=80 next_prio=120
           <...>-80    [000] ...2   325.287344: sched_switch: prev_comm=kworker/u:2 prev_pid=80 prev_prio=120 prev_state=S ==> next_comm=RenderThread next_pid=1365 next_prio=116
    RenderThread-1365  [000] ...2   325.287499: sched_switch: prev_comm=RenderThread prev_pid=1365 prev_prio=116 prev_state=R ==> next_comm=mmcqd/1 next_pid=116 next_prio=120
         mmcqd/1-116   [000] ...1   325.287539: block_rq_complete: 179,0 RA () 6590496 + 40 [0]
         mmcqd/1-116   [000] ...2   325.287566: sched_switch: prev_comm=mmcqd/1 prev_pid=116 prev_prio=120 prev_state=S ==> next_comm=RenderThread next_pid=1365 next_prio=116
          <idle>-0     [001] ...2   325.288928: sched_switch: prev_comm=swapper/1 prev_pid=0 prev_prio=120 prev_state=R ==> next_comm=ksoftirqd/1 next_pid=3244 next_prio=120
     ksoftirqd/1-3244  [001] ...2   325.288943: sched_switch: prev_comm=ksoftirqd/1 prev_pid=3244 prev_prio=120 prev_state=S ==> next_comm=swapper/1 next_pid=0 next_prio=120
          <idle>-0     [001] ...2   325.288957: sched_switch: prev_comm=swapper/1 prev_pid=0 prev_prio=120 prev_state=R ==> next_comm=ksoftirqd/1 next_pid=3244 next_prio=120
     ksoftirqd/1-3244  [001] ...2   325.288965: sched_switch: prev_comm=ksoftirqd/1 prev_pid=3244 prev_prio=120 prev_state=S ==> next_comm=swapper/1 next_pid=0 next_prio=120
          <idle>-0     [001] ...2   325.288978: sched_switch: prev_comm=swapper/1 prev_pid=0 prev_prio=120 prev_state=R ==> next_comm=ksoftirqd/1 next_pid=3244 next_prio=120
     ksoftirqd/1-3244  [001] ...2   325.288986: sched_switch: prev_comm=ksoftirqd/1 prev_pid=3244 prev_prio=120 prev_state=S ==> next_comm=swapper/1 next_pid=0 next_prio=120
    RenderThread-1365  [000] ...2   325.289127: sched_switch: prev_comm=RenderThread prev_pid=1365 prev_prio=116 prev_state=R+ ==> next_comm=kworker/u:2 next_pid=80 next_prio=120
           <...>-80    [000] ...2   325.289138: sched_switch: prev_comm=kworker/u:2 prev_pid=80 prev_prio=120 prev_state=D ==> next_comm=RenderThread next_pid=1365 next_prio=116
    RenderThread-1365  [000] ...2   325.289157: sched_switch: prev_comm=RenderThread prev_pid=1365 prev_prio=116 prev_state=R+ ==> next_comm=kworker/u:2 next_pid=80 next_prio=120
           <...>-80    [000] ...2   325.289169: sched_switch: prev_comm=kworker/u:2 prev_pid=80 prev_prio=120 prev_state=D ==> next_comm=RenderThread next_pid=1365 next_prio=116
    RenderThread-1365  [000] ...2   325.289186: sched_switch: prev_comm=RenderThread prev_pid=1365 prev_prio=116 prev_state=R+ ==> next_comm=kworker/u:2 next_pid=80 next_prio=120
           <...>-80    [000] ...2   325.289239: sched_switch: prev_comm=kworker/u:2 prev_pid=80 prev_prio=120 prev_state=S ==> next_comm=kworker/u:4 next_pid=210 next_prio=120
     kworker/u:4-210   [000] ...2   325.289248: sched_switch: prev_comm=kworker/u:4 prev_pid=210 prev_prio=120 prev_state=S ==> next_comm=RenderThread next_pid=1365 next_prio=116
    RenderThread-1365  [000] ...2   325.289321: sched_switch: prev_comm=RenderThread prev_pid=1365 prev_prio=116 prev_state=R+ ==> next_comm=GL updater next_pid=3232 next_prio=110
      GL updater-3232  [000] ...2   325.289336: sched_switch: prev_comm=GL updater prev_pid=3232 prev_prio=110 prev_state=S ==> next_comm=RenderThread next_pid=1365 next_prio=116
    RenderThread-1365  [000] ...2   325.289351: sched_switch: prev_comm=RenderThread prev_pid=1365 prev_prio=116 prev_state=R+ ==> next_comm=GL updater next_pid=3232 next_prio=110
      GL updater-3232  [000] ...3   325.289573: sched_switch: prev_comm=GL updater prev_pid=3232 prev_prio=110 prev_state=x ==> next_comm=RenderThread next_pid=1365 next_prio=116
          <idle>-0     [001] ...2   325.289880: sched_switch: prev_comm=swapper/1 prev_pid=0 prev_prio=120 prev_state=R ==> next_comm=Binder_3 next_pid=389 next_prio=120
    RenderThread-1365  [000] ...2   325.289901: sched_switch: prev_comm=RenderThread prev_pid=1365 prev_prio=116 prev_state=S ==> next_comm=swapper/0 next_pid=0 next_prio=120
          <idle>-0     [000] ...2   325.289926: sched_switch: prev_comm=swapper/0 prev_pid=0 prev_prio=120 prev_state=R ==> next_comm=ksoftirqd/0 next_pid=3 next_prio=120
     ksoftirqd/0-3     [000] ...2   325.289938: sched_switch: prev_comm=ksoftirqd/0 prev_pid=3 prev_prio=120 prev_state=S ==> next_comm=swapper/0 next_pid=0 next_prio=120
          <idle>-0     [000] ...2   325.289962: sched_switch: prev_comm=swapper/0 prev_pid=0 prev_prio=120 prev_state=R ==> next_comm=ksoftirqd/0 next_pid=3 next_prio=120
     ksoftirqd/0-3     [000] ...2   325.289972: sched_switch: prev_comm=ksoftirqd/0 prev_pid=3 prev_prio=120 prev_state=S ==> next_comm=swapper/0 next_pid=0 next_prio=120
          <idle>-0     [000] ...2   325.289996: sched_switch: prev_comm=swapper/0 prev_pid=0 prev_prio=120 prev_state=R ==> next_comm=ksoftirqd/0 next_pid=3 next_prio=120
     ksoftirqd/0-3     [000] ...2   325.290006: sched_switch: prev_comm=ksoftirqd/0 prev_pid=3 prev_prio=120 prev_state=S ==> next_comm=swapper/0 next_pid=0 next_prio=120
          <idle>-0     [000] ...2   325.290702: sched_switch: prev_comm=swapper/0 prev_pid=0 prev_prio=120 prev_state=R ==> next_comm=mmcqd/1 next_pid=116 next_prio=120
         mmcqd/1-116   [000] ...1   325.290738: block_rq_complete: 179,0 RA () 6590536 + 200 [0]
         mmcqd/1-116   [000] ...2   325.290851: sched_switch: prev_comm=mmcqd/1 prev_pid=116 prev_prio=120 prev_state=R+ ==> next_comm=kworker/0:1H next_pid=17 next_prio=100
    kworker/0:1H-17    [000] ...2   325.290871: sched_switch: prev_comm=kworker/0:1H prev_pid=17 prev_prio=100 prev_state=S ==> next_comm=mmcqd/1 next_pid=116 next_prio=120
         mmcqd/1-116   [000] ...2   325.290901: sched_switch: prev_comm=mmcqd/1 prev_pid=116 prev_prio=120 prev_state=S ==> next_comm=xample.bdbtrace next_pid=2226 next_prio=120
 xample.bdbtrace-2226  [000] ...1   325.291511: tracing_mark_write: "EVENT":"DATABASE_OPEN_END"}

 xample.bdbtrace-2226  [000] d..2   325.293091: block_rq_insert: 179,0 R 0 () 6600672 + 8 [xample.bdbtrace]
 xample.bdbtrace-2226  [000] ...2   325.293117: sched_switch: prev_comm=xample.bdbtrace prev_pid=2226 prev_prio=120 prev_state=R+ ==> next_comm=mmcqd/1 next_pid=116 next_prio=120
         mmcqd/1-116   [000] ...2   325.293185: sched_switch: prev_comm=mmcqd/1 prev_pid=116 prev_prio=120 prev_state=S ==> next_comm=xample.bdbtrace next_pid=2226 next_prio=120
 xample.bdbtrace-2226  [000] ...2   325.293194: sched_switch: prev_comm=xample.bdbtrace prev_pid=2226 prev_prio=120 prev_state=D|W ==> next_comm=swapper/0 next_pid=0 next_prio=120
          <idle>-0     [000] ...2   325.293419: sched_switch: prev_comm=swapper/0 prev_pid=0 prev_prio=120 prev_state=R ==> next_comm=mmcqd/1 next_pid=116 next_prio=120
         mmcqd/1-116   [000] ...1   325.293435: block_rq_complete: 179,0 RA () 6600672 + 8 [0]
         mmcqd/1-116   [000] ...2   325.293465: sched_switch: prev_comm=mmcqd/1 prev_pid=116 prev_prio=120 prev_state=R+ ==> next_comm=kworker/0:1H next_pid=17 next_prio=100
    kworker/0:1H-17    [000] ...2   325.293477: sched_switch: prev_comm=kworker/0:1H prev_pid=17 prev_prio=100 prev_state=S ==> next_comm=mmcqd/1 next_pid=116 next_prio=120
         mmcqd/1-116   [000] ...2   325.293492: sched_switch: prev_comm=mmcqd/1 prev_pid=116 prev_prio=120 prev_state=S ==> next_comm=xample.bdbtrace next_pid=2226 next_prio=120
 xample.bdbtrace-2226  [000] ...1   325.293959: tracing_mark_write: {"EVENT":"SELECT_START"}

 xample.bdbtrace-2226  [000] d..2   325.294617: block_rq_insert: 179,0 R 0 () 6136592 + 8 [xample.bdbtrace]
 xample.bdbtrace-2226  [000] d..2   325.294622: block_rq_insert: 179,0 R 0 () 6136608 + 32 [xample.bdbtrace]
 xample.bdbtrace-2226  [000] ...2   325.294639: sched_switch: prev_comm=xample.bdbtrace prev_pid=2226 prev_prio=120 prev_state=R+ ==> next_comm=mmcqd/1 next_pid=116 next_prio=120
         mmcqd/1-116   [000] ...2   325.294725: sched_switch: prev_comm=mmcqd/1 prev_pid=116 prev_prio=120 prev_state=S ==> next_comm=vmalloc next_pid=28 next_prio=120
         vmalloc-28    [000] ...2   325.294744: sched_switch: prev_comm=vmalloc prev_pid=28 prev_prio=120 prev_state=S ==> next_comm=xample.bdbtrace next_pid=2226 next_prio=120
 xample.bdbtrace-2226  [000] ...2   325.294753: sched_switch: prev_comm=xample.bdbtrace prev_pid=2226 prev_prio=120 prev_state=D|W ==> next_comm=swapper/0 next_pid=0 next_prio=120
          <idle>-0     [000] ...2   325.295015: sched_switch: prev_comm=swapper/0 prev_pid=0 prev_prio=120 prev_state=R ==> next_comm=mmcqd/1 next_pid=116 next_prio=120
         mmcqd/1-116   [000] ...1   325.295085: block_rq_complete: 179,0 RA () 6136592 + 8 [0]
         mmcqd/1-116   [000] ...2   325.295129: sched_switch: prev_comm=mmcqd/1 prev_pid=116 prev_prio=120 prev_state=S ==> next_comm=xample.bdbtrace next_pid=2226 next_prio=120
 xample.bdbtrace-2226  [000] ...2   325.295196: sched_switch: prev_comm=xample.bdbtrace prev_pid=2226 prev_prio=120 prev_state=D|W ==> next_comm=swapper/0 next_pid=0 next_prio=120
          <idle>-0     [000] ...2   325.295435: sched_switch: prev_comm=swapper/0 prev_pid=0 prev_prio=120 prev_state=R ==> next_comm=mmcqd/1 next_pid=116 next_prio=120
         mmcqd/1-116   [000] ...1   325.295475: block_rq_complete: 179,0 RA () 6136608 + 32 [0]
         mmcqd/1-116   [000] ...2   325.295517: sched_switch: prev_comm=mmcqd/1 prev_pid=116 prev_prio=120 prev_state=R+ ==> next_comm=kworker/0:1H next_pid=17 next_prio=100
    kworker/0:1H-17    [000] ...2   325.295536: sched_switch: prev_comm=kworker/0:1H prev_pid=17 prev_prio=100 prev_state=S ==> next_comm=mmcqd/1 next_pid=116 next_prio=120
         mmcqd/1-116   [000] ...2   325.295560: sched_switch: prev_comm=mmcqd/1 prev_pid=116 prev_prio=120 prev_state=S ==> next_comm=xample.bdbtrace next_pid=2226 next_prio=120
 xample.bdbtrace-2226  [000] ...2   325.298920: sched_switch: prev_comm=xample.bdbtrace prev_pid=2226 prev_prio=120 prev_state=R ==> next_comm=kworker/0:1H next_pid=17 next_prio=100
        Binder_3-389   [001] ...2   325.298927: sched_switch: prev_comm=Binder_3 prev_pid=389 prev_prio=116 prev_state=R+ ==> next_comm=kworker/1:0H next_pid=3243 next_prio=100
    kworker/1:0H-3243  [001] ...2   325.298941: sched_switch: prev_comm=kworker/1:0H prev_pid=3243 prev_prio=100 prev_state=S ==> next_comm=Binder_3 next_pid=389 next_prio=116
    kworker/0:1H-17    [000] ...2   325.298941: sched_switch: prev_comm=kworker/0:1H prev_pid=17 prev_prio=100 prev_state=S ==> next_comm=xample.bdbtrace next_pid=2226 next_prio=120
 xample.bdbtrace-2226  [000] ...2   325.299481: sched_switch: prev_comm=xample.bdbtrace prev_pid=2226 prev_prio=120 prev_state=R ==> next_comm=Binder_3 next_pid=1507 next_prio=120
        Binder_3-1507  [000] ...2   325.299495: sched_switch: prev_comm=Binder_3 prev_pid=1507 prev_prio=120 prev_state=R ==> next_comm=vmalloc next_pid=28 next_prio=120
         vmalloc-28    [000] ...2   325.299502: sched_switch: prev_comm=vmalloc prev_pid=28 prev_prio=120 prev_state=R ==> next_comm=Binder_3 next_pid=1507 next_prio=120
        Binder_3-389   [001] ...2   325.299531: sched_switch: prev_comm=Binder_3 prev_pid=389 prev_prio=120 prev_state=R+ ==> next_comm=Binder_2 next_pid=1118 next_prio=120
        Binder_2-1118  [001] ...2   325.299539: sched_switch: prev_comm=Binder_2 prev_pid=1118 prev_prio=120 prev_state=D ==> next_comm=Binder_3 next_pid=389 next_prio=120
        Binder_3-389   [001] ...2   325.299550: sched_switch: prev_comm=Binder_3 prev_pid=389 prev_prio=120 prev_state=R+ ==> next_comm=Binder_2 next_pid=1118 next_prio=120
        Binder_3-1507  [000] ...2   325.299560: sched_switch: prev_comm=Binder_3 prev_pid=1507 prev_prio=120 prev_state=D ==> next_comm=vmalloc next_pid=28 next_prio=120
         vmalloc-28    [000] ...2   325.299566: sched_switch: prev_comm=vmalloc prev_pid=28 prev_prio=120 prev_state=R ==> next_comm=Binder_3 next_pid=1507 next_prio=120
        Binder_3-1507  [000] ...2   325.299577: sched_switch: prev_comm=Binder_3 prev_pid=1507 prev_prio=120 prev_state=S ==> next_comm=xample.bdbtrace next_pid=2226 next_prio=120
        Binder_2-1118  [001] ...2   325.299590: sched_switch: prev_comm=Binder_2 prev_pid=1118 prev_prio=120 prev_state=S ==> next_comm=Binder_3 next_pid=389 next_prio=120
        Binder_3-389   [001] ...2   325.299597: sched_switch: prev_comm=Binder_3 prev_pid=389 prev_prio=120 prev_state=S ==> next_comm=RenderThread next_pid=1365 next_prio=116
 xample.bdbtrace-2226  [000] ...2   325.299709: sched_switch: prev_comm=xample.bdbtrace prev_pid=2226 prev_prio=120 prev_state=R ==> next_comm=kworker/u:4 next_pid=210 next_prio=120
    RenderThread-1365  [001] ...2   325.299754: sched_switch: prev_comm=RenderThread prev_pid=1365 prev_prio=116 prev_state=S ==> next_comm=droid.launcher3 next_pid=1093 next_prio=120
     kworker/u:4-210   [000] ...2   325.299775: sched_switch: prev_comm=kworker/u:4 prev_pid=210 prev_prio=120 prev_state=S ==> next_comm=kworker/u:2 next_pid=80 next_prio=120
           <...>-80    [000] ...2   325.299784: sched_switch: prev_comm=kworker/u:2 prev_pid=80 prev_prio=120 prev_state=S ==> next_comm=xample.bdbtrace next_pid=2226 next_prio=120
 droid.launcher3-1093  [001] ...2   325.299833: sched_switch: prev_comm=droid.launcher3 prev_pid=1093 prev_prio=120 prev_state=S ==> next_comm=RenderThread next_pid=1365 next_prio=116
    RenderThread-1365  [001] ...2   325.299861: sched_switch: prev_comm=RenderThread prev_pid=1365 prev_prio=116 prev_state=S ==> next_comm=droid.launcher3 next_pid=1093 next_prio=120
 droid.launcher3-1093  [001] ...2   325.299924: sched_switch: prev_comm=droid.launcher3 prev_pid=1093 prev_prio=120 prev_state=R+ ==> next_comm=Binder_8 next_pid=1160 next_prio=120
        Binder_8-1160  [001] ...2   325.299931: sched_switch: prev_comm=Binder_8 prev_pid=1160 prev_prio=120 prev_state=D ==> next_comm=droid.launcher3 next_pid=1093 next_prio=120
 droid.launcher3-1093  [001] ...2   325.299939: sched_switch: prev_comm=droid.launcher3 prev_pid=1093 prev_prio=120 prev_state=R+ ==> next_comm=Binder_8 next_pid=1160 next_prio=120
        Binder_8-1160  [001] ...2   325.300137: sched_switch: prev_comm=Binder_8 prev_pid=1160 prev_prio=120 prev_state=S ==> next_comm=Binder_2 next_pid=237 next_prio=120
 xample.bdbtrace-2226  [000] ...2   325.300203: sched_switch: prev_comm=xample.bdbtrace prev_pid=2226 prev_prio=120 prev_state=R ==> next_comm=EventThread next_pid=322 next_prio=111
        Binder_2-237   [001] ...2   325.300234: sched_switch: prev_comm=Binder_2 prev_pid=237 prev_prio=120 prev_state=S ==> next_comm=Binder_8 next_pid=1160 next_prio=120
        Binder_8-1160  [001] ...2   325.300261: sched_switch: prev_comm=Binder_8 prev_pid=1160 prev_prio=120 prev_state=D ==> next_comm=droid.launcher3 next_pid=1093 next_prio=120
 droid.launcher3-1093  [001] ...2   325.300284: sched_switch: prev_comm=droid.launcher3 prev_pid=1093 prev_prio=120 prev_state=D ==> next_comm=Binder_8 next_pid=1160 next_prio=120
     EventThread-322   [000] ...2   325.300306: sched_switch: prev_comm=EventThread prev_pid=322 prev_prio=111 prev_state=S ==> next_comm=DispSync next_pid=236 next_prio=111
        DispSync-236   [000] ...2   325.300330: sched_switch: prev_comm=DispSync prev_pid=236 prev_prio=111 prev_state=S ==> next_comm=xample.bdbtrace next_pid=2226 next_prio=120
 xample.bdbtrace-2226  [000] ...2   325.300546: sched_switch: prev_comm=xample.bdbtrace prev_pid=2226 prev_prio=120 prev_state=R ==> next_comm=Binder_5 next_pid=1075 next_prio=120
        Binder_8-1160  [001] ...2   325.300549: sched_switch: prev_comm=Binder_8 prev_pid=1160 prev_prio=120 prev_state=S ==> next_comm=Binder_4 next_pid=1054 next_prio=120
        Binder_4-1054  [001] ...2   325.300556: sched_switch: prev_comm=Binder_4 prev_pid=1054 prev_prio=120 prev_state=D ==> next_comm=Binder_4 next_pid=1509 next_prio=120
        Binder_4-1509  [001] ...2   325.300570: sched_switch: prev_comm=Binder_4 prev_pid=1509 prev_prio=120 prev_state=D ==> next_comm=Binder_1 next_pid=235 next_prio=120
        Binder_1-235   [001] ...2   325.300577: sched_switch: prev_comm=Binder_1 prev_pid=235 prev_prio=120 prev_state=S ==> next_comm=Binder_4 next_pid=1509 next_prio=120
        Binder_4-1509  [001] ...2   325.300656: sched_switch: prev_comm=Binder_4 prev_pid=1509 prev_prio=120 prev_state=S ==> next_comm=Binder_8 next_pid=1160 next_prio=120
        Binder_8-1160  [001] ...2   325.300663: sched_switch: prev_comm=Binder_8 prev_pid=1160 prev_prio=120 prev_state=D ==> next_comm=droid.launcher3 next_pid=1093 next_prio=120
        Binder_5-1075  [000] ...2   325.300670: sched_switch: prev_comm=Binder_5 prev_pid=1075 prev_prio=120 prev_state=S ==> next_comm=vmalloc next_pid=28 next_prio=120
 droid.launcher3-1093  [001] ...2   325.300673: sched_switch: prev_comm=droid.launcher3 prev_pid=1093 prev_prio=120 prev_state=R+ ==> next_comm=Binder_4 next_pid=1054 next_prio=120
        Binder_4-1054  [001] ...2   325.300682: sched_switch: prev_comm=Binder_4 prev_pid=1054 prev_prio=120 prev_state=S ==> next_comm=Binder_8 next_pid=1160 next_prio=120
         vmalloc-28    [000] ...2   325.300688: sched_switch: prev_comm=vmalloc prev_pid=28 prev_prio=120 prev_state=S ==> next_comm=xample.bdbtrace next_pid=2226 next_prio=120
        Binder_8-1160  [001] ...2   325.301014: sched_switch: prev_comm=Binder_8 prev_pid=1160 prev_prio=120 prev_state=S ==> next_comm=InputDispatcher next_pid=795 next_prio=112
 InputDispatcher-795   [001] ...2   325.301041: sched_switch: prev_comm=InputDispatcher prev_pid=795 prev_prio=112 prev_state=S ==> next_comm=Binder_5 next_pid=1577 next_prio=120
        Binder_5-1577  [001] ...2   325.301124: sched_switch: prev_comm=Binder_5 prev_pid=1577 prev_prio=120 prev_state=S ==> next_comm=Binder_8 next_pid=1160 next_prio=120
 xample.bdbtrace-2226  [000] ...1   325.301224: tracing_mark_write: {"EVENT":"SELECT_END"}

        Binder_8-1160  [001] ...2   325.301384: sched_switch: prev_comm=Binder_8 prev_pid=1160 prev_prio=120 prev_state=R+ ==> next_comm=InputDispatcher next_pid=795 next_prio=112
 InputDispatcher-795   [001] ...2   325.301406: sched_switch: prev_comm=InputDispatcher prev_pid=795 prev_prio=112 prev_state=S ==> next_comm=android.display next_pid=770 next_prio=116
 android.display-770   [001] ...2   325.301507: sched_switch: prev_comm=android.display prev_pid=770 prev_prio=116 prev_state=S ==> next_comm=Binder_3 next_pid=389 next_prio=120
 xample.bdbtrace-2226  [000] ...2   325.301548: sched_switch: prev_comm=xample.bdbtrace prev_pid=2226 prev_prio=120 prev_state=R ==> next_comm=EventThread next_pid=320 next_prio=111
        Binder_3-389   [001] ...2   325.301560: sched_switch: prev_comm=Binder_3 prev_pid=389 prev_prio=120 prev_state=S ==> next_comm=Binder_8 next_pid=1160 next_prio=120
     EventThread-320   [000] ...2   325.301586: sched_switch: prev_comm=EventThread prev_pid=320 prev_prio=111 prev_state=S ==> next_comm=xample.bdbtrace next_pid=2226 next_prio=120
        Binder_8-1160  [001] ...2   325.301659: sched_switch: prev_comm=Binder_8 prev_pid=1160 prev_prio=120 prev_state=S ==> next_comm=droid.launcher3 next_pid=1093 next_prio=120
 xample.bdbtrace-2226  [000] ...1   325.301714: tracing_mark_write: {"EVENT":"INSERT_START"}

 droid.launcher3-1093  [001] ...2   325.301882: sched_switch: prev_comm=droid.launcher3 prev_pid=1093 prev_prio=120 prev_state=R+ ==> next_comm=Binder_2 next_pid=237 next_prio=120
        Binder_2-237   [001] ...2   325.301890: sched_switch: prev_comm=Binder_2 prev_pid=237 prev_prio=120 prev_state=D ==> next_comm=droid.launcher3 next_pid=1093 next_prio=120
 droid.launcher3-1093  [001] ...2   325.301900: sched_switch: prev_comm=droid.launcher3 prev_pid=1093 prev_prio=120 prev_state=R+ ==> next_comm=Binder_2 next_pid=237 next_prio=120
        Binder_2-237   [001] ...2   325.301939: sched_switch: prev_comm=Binder_2 prev_pid=237 prev_prio=120 prev_state=S ==> next_comm=droid.launcher3 next_pid=1093 next_prio=120
 droid.launcher3-1093  [001] ...2   325.301954: sched_switch: prev_comm=droid.launcher3 prev_pid=1093 prev_prio=120 prev_state=S ==> next_comm=RenderThread next_pid=1365 next_prio=116
 xample.bdbtrace-2226  [000] ...2   325.302475: sched_switch: prev_comm=xample.bdbtrace prev_pid=2226 prev_prio=120 prev_state=R+ ==> next_comm=kworker/u:2 next_pid=80 next_prio=120
    RenderThread-1365  [001] ...2   325.302489: sched_switch: prev_comm=RenderThread prev_pid=1365 prev_prio=116 prev_state=S ==> next_comm=swapper/1 next_pid=0 next_prio=120
          <idle>-0     [001] ...2   325.302513: sched_switch: prev_comm=swapper/1 prev_pid=0 prev_prio=120 prev_state=R ==> next_comm=ksoftirqd/1 next_pid=3244 next_prio=120
     ksoftirqd/1-3244  [001] ...2   325.302533: sched_switch: prev_comm=ksoftirqd/1 prev_pid=3244 prev_prio=120 prev_state=S ==> next_comm=kworker/u:4 next_pid=210 next_prio=120
           <...>-80    [000] ...2   325.302540: sched_switch: prev_comm=kworker/u:2 prev_pid=80 prev_prio=120 prev_state=S ==> next_comm=xample.bdbtrace next_pid=2226 next_prio=120
     kworker/u:4-210   [001] ...2   325.302541: sched_switch: prev_comm=kworker/u:4 prev_pid=210 prev_prio=120 prev_state=S ==> next_comm=swapper/1 next_pid=0 next_prio=120
          <idle>-0     [001] ...2   325.302557: sched_switch: prev_comm=swapper/1 prev_pid=0 prev_prio=120 prev_state=R ==> next_comm=ksoftirqd/1 next_pid=3244 next_prio=120
     ksoftirqd/1-3244  [001] ...2   325.302563: sched_switch: prev_comm=ksoftirqd/1 prev_pid=3244 prev_prio=120 prev_state=S ==> next_comm=swapper/1 next_pid=0 next_prio=120
          <idle>-0     [001] ...2   325.302578: sched_switch: prev_comm=swapper/1 prev_pid=0 prev_prio=120 prev_state=R ==> next_comm=ksoftirqd/1 next_pid=3244 next_prio=120
     ksoftirqd/1-3244  [001] ...2   325.302583: sched_switch: prev_comm=ksoftirqd/1 prev_pid=3244 prev_prio=120 prev_state=S ==> next_comm=swapper/1 next_pid=0 next_prio=120
 xample.bdbtrace-2226  [000] d..2   325.302639: block_rq_insert: 179,0 WS 0 () 6136576 + 8 [xample.bdbtrace]
 xample.bdbtrace-2226  [000] d..2   325.302645: block_rq_insert: 179,0 WS 0 () 6149832 + 16 [xample.bdbtrace]
 xample.bdbtrace-2226  [000] ...2   325.302663: sched_switch: prev_comm=xample.bdbtrace prev_pid=2226 prev_prio=120 prev_state=R+ ==> next_comm=mmcqd/1 next_pid=116 next_prio=120
         mmcqd/1-116   [000] ...2   325.302758: sched_switch: prev_comm=mmcqd/1 prev_pid=116 prev_prio=120 prev_state=S ==> next_comm=xample.bdbtrace next_pid=2226 next_prio=120
 xample.bdbtrace-2226  [000] ...2   325.302767: sched_switch: prev_comm=xample.bdbtrace prev_pid=2226 prev_prio=120 prev_state=D ==> next_comm=swapper/0 next_pid=0 next_prio=120
          <idle>-0     [000] ...2   325.302788: sched_switch: prev_comm=swapper/0 prev_pid=0 prev_prio=120 prev_state=R ==> next_comm=ksoftirqd/0 next_pid=3 next_prio=120
     ksoftirqd/0-3     [000] ...2   325.302809: sched_switch: prev_comm=ksoftirqd/0 prev_pid=3 prev_prio=120 prev_state=S ==> next_comm=swapper/0 next_pid=0 next_prio=120
          <idle>-0     [000] ...2   325.302828: sched_switch: prev_comm=swapper/0 prev_pid=0 prev_prio=120 prev_state=R ==> next_comm=ksoftirqd/0 next_pid=3 next_prio=120
     ksoftirqd/0-3     [000] ...2   325.302840: sched_switch: prev_comm=ksoftirqd/0 prev_pid=3 prev_prio=120 prev_state=S ==> next_comm=swapper/0 next_pid=0 next_prio=120
          <idle>-0     [000] ...2   325.302858: sched_switch: prev_comm=swapper/0 prev_pid=0 prev_prio=120 prev_state=R ==> next_comm=ksoftirqd/0 next_pid=3 next_prio=120
     ksoftirqd/0-3     [000] ...2   325.302896: sched_switch: prev_comm=ksoftirqd/0 prev_pid=3 prev_prio=120 prev_state=S ==> next_comm=swapper/0 next_pid=0 next_prio=120
          <idle>-0     [000] ...2   325.303337: sched_switch: prev_comm=swapper/0 prev_pid=0 prev_prio=120 prev_state=R ==> next_comm=mmcqd/1 next_pid=116 next_prio=120
         mmcqd/1-116   [000] ...1   325.303410: block_rq_complete: 179,0 WAS () 6136576 + 8 [0]
         mmcqd/1-116   [000] ...2   325.303443: sched_switch: prev_comm=mmcqd/1 prev_pid=116 prev_prio=120 prev_state=S ==> next_comm=xample.bdbtrace next_pid=2226 next_prio=120
 xample.bdbtrace-2226  [000] ...2   325.303453: sched_switch: prev_comm=xample.bdbtrace prev_pid=2226 prev_prio=120 prev_state=D ==> next_comm=swapper/0 next_pid=0 next_prio=120
          <idle>-0     [000] ...2   325.304104: sched_switch: prev_comm=swapper/0 prev_pid=0 prev_prio=120 prev_state=R ==> next_comm=mmcqd/1 next_pid=116 next_prio=120
         mmcqd/1-116   [000] ...1   325.304151: block_rq_complete: 179,0 WAS () 6149832 + 16 [0]
         mmcqd/1-116   [000] ...2   325.304185: sched_switch: prev_comm=mmcqd/1 prev_pid=116 prev_prio=120 prev_state=R+ ==> next_comm=kworker/0:1H next_pid=17 next_prio=100
    kworker/0:1H-17    [000] ...2   325.304198: sched_switch: prev_comm=kworker/0:1H prev_pid=17 prev_prio=100 prev_state=S ==> next_comm=mmcqd/1 next_pid=116 next_prio=120
         mmcqd/1-116   [000] ...2   325.304215: sched_switch: prev_comm=mmcqd/1 prev_pid=116 prev_prio=120 prev_state=S ==> next_comm=xample.bdbtrace next_pid=2226 next_prio=120
