    kworker/0:1H-17    [000] ...2   337.466461: sched_switch: prev_comm=kworker/0:1H prev_pid=17 prev_prio=100 prev_state=S ==> next_comm=mmcqd/1 next_pid=116 next_prio=120
         mmcqd/1-116   [000] ...2   337.466469: sched_switch: prev_comm=mmcqd/1 prev_pid=116 prev_prio=120 prev_state=S ==> next_comm=app_process next_pid=3306 next_prio=120
            main-3306  [000] d..2   337.466718: block_rq_insert: 179,0 R 0 () 855992 + 32 [app_process]
            main-3306  [000] ...2   337.466729: sched_switch: prev_comm=app_process prev_pid=3306 prev_prio=120 prev_state=R+ ==> next_comm=mmcqd/1 next_pid=116 next_prio=120
         mmcqd/1-116   [000] ...2   337.466773: sched_switch: prev_comm=mmcqd/1 prev_pid=116 prev_prio=120 prev_state=S ==> next_comm=app_process next_pid=3306 next_prio=120
            main-3306  [000] ...2   337.466780: sched_switch: prev_comm=app_process prev_pid=3306 prev_prio=120 prev_state=D|W ==> next_comm=swapper/0 next_pid=0 next_prio=120
          <idle>-0     [000] ...2   337.467149: sched_switch: prev_comm=swapper/0 prev_pid=0 prev_prio=120 prev_state=R ==> next_comm=mmcqd/1 next_pid=116 next_prio=120
         mmcqd/1-116   [000] ...1   337.467163: block_rq_complete: 179,0 RA () 855992 + 32 [0]
         mmcqd/1-116   [000] ...2   337.467180: sched_switch: prev_comm=mmcqd/1 prev_pid=116 prev_prio=120 prev_state=R+ ==> next_comm=kworker/0:1H next_pid=17 next_prio=100
    kworker/0:1H-17    [000] ...2   337.467187: sched_switch: prev_comm=kworker/0:1H prev_pid=17 prev_prio=100 prev_state=S ==> next_comm=mmcqd/1 next_pid=116 next_prio=120
         mmcqd/1-116   [000] ...2   337.467198: sched_switch: prev_comm=mmcqd/1 prev_pid=116 prev_prio=120 prev_state=S ==> next_comm=app_process next_pid=3306 next_prio=120
            main-3306  [000] d..2   337.467457: block_rq_insert: 179,0 R 0 () 868176 + 32 [app_process]
            main-3306  [000] ...2   337.467467: sched_switch: prev_comm=app_process prev_pid=3306 prev_prio=120 prev_state=R+ ==> next_comm=mmcqd/1 next_pid=116 next_prio=120
         mmcqd/1-116   [000] ...2   337.467508: sched_switch: prev_comm=mmcqd/1 prev_pid=116 prev_prio=120 prev_state=S ==> next_comm=app_process next_pid=3306 next_prio=120
            main-3306  [000] ...2   337.467515: sched_switch: prev_comm=app_process prev_pid=3306 prev_prio=120 prev_state=D|W ==> next_comm=swapper/0 next_pid=0 next_prio=120
          <idle>-0     [000] ...2   337.467529: sched_switch: prev_comm=swapper/0 prev_pid=0 prev_prio=120 prev_state=R ==> next_comm=ksoftirqd/0 next_pid=3 next_prio=120
     ksoftirqd/0-3     [000] ...2   337.467537: sched_switch: prev_comm=ksoftirqd/0 prev_pid=3 prev_prio=120 prev_state=S ==> next_comm=swapper/0 next_pid=0 next_prio=120
          <idle>-0     [000] ...2   337.467552: sched_switch: prev_comm=swapper/0 prev_pid=0 prev_prio=120 prev_state=R ==> next_comm=ksoftirqd/0 next_pid=3 next_prio=120
     ksoftirqd/0-3     [000] ...2   337.467559: sched_switch: prev_comm=ksoftirqd/0 prev_pid=3 prev_prio=120 prev_state=S ==> next_comm=swapper/0 next_pid=0 next_prio=120
          <idle>-0     [000] ...2   337.467572: sched_switch: prev_comm=swapper/0 prev_pid=0 prev_prio=120 prev_state=R ==> next_comm=ksoftirqd/0 next_pid=3 next_prio=120
     ksoftirqd/0-3     [000] ...2   337.467579: sched_switch: prev_comm=ksoftirqd/0 prev_pid=3 prev_prio=120 prev_state=S ==> next_comm=swapper/0 next_pid=0 next_prio=120
          <idle>-0     [000] ...2   337.467905: sched_switch: prev_comm=swapper/0 prev_pid=0 prev_prio=120 prev_state=R ==> next_comm=mmcqd/1 next_pid=116 next_prio=120
         mmcqd/1-116   [000] ...1   337.467919: block_rq_complete: 179,0 RA () 868176 + 32 [0]
         mmcqd/1-116   [000] ...2   337.467935: sched_switch: prev_comm=mmcqd/1 prev_pid=116 prev_prio=120 prev_state=R+ ==> next_comm=kworker/0:1H next_pid=17 next_prio=100
    kworker/0:1H-17    [000] ...2   337.467941: sched_switch: prev_comm=kworker/0:1H prev_pid=17 prev_prio=100 prev_state=S ==> next_comm=mmcqd/1 next_pid=116 next_prio=120
         mmcqd/1-116   [000] ...2   337.467949: sched_switch: prev_comm=mmcqd/1 prev_pid=116 prev_prio=120 prev_state=S ==> next_comm=app_process next_pid=3306 next_prio=120
            main-3306  [000] d..2   337.467987: block_rq_insert: 179,0 R 0 () 869424 + 136 [app_process]
            main-3306  [000] ...2   337.467997: sched_switch: prev_comm=app_process prev_pid=3306 prev_prio=120 prev_state=R+ ==> next_comm=mmcqd/1 next_pid=116 next_prio=120
         mmcqd/1-116   [000] ...2   337.468061: sched_switch: prev_comm=mmcqd/1 prev_pid=116 prev_prio=120 prev_state=S ==> next_comm=app_process next_pid=3306 next_prio=120
            main-3306  [000] ...2   337.468066: sched_switch: prev_comm=app_process prev_pid=3306 prev_prio=120 prev_state=D|W ==> next_comm=swapper/0 next_pid=0 next_prio=120
          <idle>-0     [000] ...2   337.468919: sched_switch: prev_comm=swapper/0 prev_pid=0 prev_prio=120 prev_state=R ==> next_comm=mmcqd/1 next_pid=116 next_prio=120
         mmcqd/1-116   [000] ...1   337.468955: block_rq_complete: 179,0 RA () 869424 + 136 [0]
         mmcqd/1-116   [000] ...2   337.468975: sched_switch: prev_comm=mmcqd/1 prev_pid=116 prev_prio=120 prev_state=R+ ==> next_comm=kworker/0:1H next_pid=17 next_prio=100
    kworker/0:1H-17    [000] ...2   337.468981: sched_switch: prev_comm=kworker/0:1H prev_pid=17 prev_prio=100 prev_state=S ==> next_comm=mmcqd/1 next_pid=116 next_prio=120
         mmcqd/1-116   [000] ...2   337.468990: sched_switch: prev_comm=mmcqd/1 prev_pid=116 prev_prio=120 prev_state=S ==> next_comm=app_process next_pid=3306 next_prio=120
            main-3306  [000] d..2   337.469242: block_rq_insert: 179,0 R 0 () 869672 + 32 [app_process]
            main-3306  [000] ...2   337.469252: sched_switch: prev_comm=app_process prev_pid=3306 prev_prio=120 prev_state=R+ ==> next_comm=mmcqd/1 next_pid=116 next_prio=120
         mmcqd/1-116   [000] ...2   337.469294: sched_switch: prev_comm=mmcqd/1 prev_pid=116 prev_prio=120 prev_state=S ==> next_comm=app_process next_pid=3306 next_prio=120
            main-3306  [000] ...2   337.469299: sched_switch: prev_comm=app_process prev_pid=3306 prev_prio=120 prev_state=D|W ==> next_comm=swapper/0 next_pid=0 next_prio=120
          <idle>-0     [000] ...2   337.469314: sched_switch: prev_comm=swapper/0 prev_pid=0 prev_prio=120 prev_state=R ==> next_comm=ksoftirqd/0 next_pid=3 next_prio=120
     ksoftirqd/0-3     [000] ...2   337.469321: sched_switch: prev_comm=ksoftirqd/0 prev_pid=3 prev_prio=120 prev_state=S ==> next_comm=swapper/0 next_pid=0 next_prio=120
          <idle>-0     [000] ...2   337.469335: sched_switch: prev_comm=swapper/0 prev_pid=0 prev_prio=120 prev_state=R ==> next_comm=ksoftirqd/0 next_pid=3 next_prio=120
     ksoftirqd/0-3     [000] ...2   337.469341: sched_switch: prev_comm=ksoftirqd/0 prev_pid=3 prev_prio=120 prev_state=S ==> next_comm=swapper/0 next_pid=0 next_prio=120
          <idle>-0     [000] ...2   337.469355: sched_switch: prev_comm=swapper/0 prev_pid=0 prev_prio=120 prev_state=R ==> next_comm=ksoftirqd/0 next_pid=3 next_prio=120
     ksoftirqd/0-3     [000] ...2   337.469361: sched_switch: prev_comm=ksoftirqd/0 prev_pid=3 prev_prio=120 prev_state=S ==> next_comm=swapper/0 next_pid=0 next_prio=120
          <idle>-0     [000] ...2   337.469686: sched_switch: prev_comm=swapper/0 prev_pid=0 prev_prio=120 prev_state=R ==> next_comm=mmcqd/1 next_pid=116 next_prio=120
         mmcqd/1-116   [000] ...1   337.469700: block_rq_complete: 179,0 RA () 869672 + 32 [0]
         mmcqd/1-116   [000] ...2   337.469717: sched_switch: prev_comm=mmcqd/1 prev_pid=116 prev_prio=120 prev_state=R+ ==> next_comm=kworker/0:1H next_pid=17 next_prio=100
    kworker/0:1H-17    [000] ...2   337.469724: sched_switch: prev_comm=kworker/0:1H prev_pid=17 prev_prio=100 prev_state=S ==> next_comm=mmcqd/1 next_pid=116 next_prio=120
         mmcqd/1-116   [000] ...2   337.469732: sched_switch: prev_comm=mmcqd/1 prev_pid=116 prev_prio=120 prev_state=S ==> next_comm=app_process next_pid=3306 next_prio=120
            main-3306  [000] d..2   337.469766: block_rq_insert: 179,0 R 0 () 869704 + 64 [app_process]
            main-3306  [000] ...2   337.469775: sched_switch: prev_comm=app_process prev_pid=3306 prev_prio=120 prev_state=R+ ==> next_comm=mmcqd/1 next_pid=116 next_prio=120
         mmcqd/1-116   [000] ...2   337.469823: sched_switch: prev_comm=mmcqd/1 prev_pid=116 prev_prio=120 prev_state=S ==> next_comm=app_process next_pid=3306 next_prio=120
            main-3306  [000] d..2   337.469864: block_rq_insert: 179,0 R 0 () 869768 + 40 [app_process]
            main-3306  [000] ...2   337.469874: sched_switch: prev_comm=app_process prev_pid=3306 prev_prio=120 prev_state=R+ ==> next_comm=mmcqd/1 next_pid=116 next_prio=120
         mmcqd/1-116   [000] ...2   337.469896: sched_switch: prev_comm=mmcqd/1 prev_pid=116 prev_prio=120 prev_state=S ==> next_comm=app_process next_pid=3306 next_prio=120
            main-3306  [000] ...2   337.469901: sched_switch: prev_comm=app_process prev_pid=3306 prev_prio=120 prev_state=D|W ==> next_comm=swapper/0 next_pid=0 next_prio=120
          <idle>-0     [000] ...2   337.470371: sched_switch: prev_comm=swapper/0 prev_pid=0 prev_prio=120 prev_state=R ==> next_comm=mmcqd/1 next_pid=116 next_prio=120
         mmcqd/1-116   [000] ...1   337.470407: block_rq_complete: 179,0 RA () 869704 + 64 [0]
         mmcqd/1-116   [000] ...2   337.470424: sched_switch: prev_comm=mmcqd/1 prev_pid=116 prev_prio=120 prev_state=S ==> next_comm=app_process next_pid=3306 next_prio=120
            main-3306  [000] ...2   337.470497: sched_switch: prev_comm=app_process prev_pid=3306 prev_prio=120 prev_state=D|W ==> next_comm=swapper/0 next_pid=0 next_prio=120
          <idle>-0     [000] ...2   337.470803: sched_switch: prev_comm=swapper/0 prev_pid=0 prev_prio=120 prev_state=R ==> next_comm=mmcqd/1 next_pid=116 next_prio=120
         mmcqd/1-116   [000] ...1   337.470819: block_rq_complete: 179,0 RA () 869768 + 40 [0]
         mmcqd/1-116   [000] ...2   337.470837: sched_switch: prev_comm=mmcqd/1 prev_pid=116 prev_prio=120 prev_state=R+ ==> next_comm=kworker/0:1H next_pid=17 next_prio=100
    kworker/0:1H-17    [000] ...2   337.470844: sched_switch: prev_comm=kworker/0:1H prev_pid=17 prev_prio=100 prev_state=S ==> next_comm=mmcqd/1 next_pid=116 next_prio=120
         mmcqd/1-116   [000] ...2   337.470853: sched_switch: prev_comm=mmcqd/1 prev_pid=116 prev_prio=120 prev_state=S ==> next_comm=app_process next_pid=3306 next_prio=120
            main-3306  [000] d..2   337.470984: block_rq_insert: 179,0 R 0 () 863648 + 32 [app_process]
            main-3306  [000] ...2   337.470993: sched_switch: prev_comm=app_process prev_pid=3306 prev_prio=120 prev_state=R+ ==> next_comm=mmcqd/1 next_pid=116 next_prio=120
         mmcqd/1-116   [000] ...2   337.471035: sched_switch: prev_comm=mmcqd/1 prev_pid=116 prev_prio=120 prev_state=S ==> next_comm=app_process next_pid=3306 next_prio=120
            main-3306  [000] ...2   337.471040: sched_switch: prev_comm=app_process prev_pid=3306 prev_prio=120 prev_state=D|W ==> next_comm=swapper/0 next_pid=0 next_prio=120
          <idle>-0     [000] ...2   337.471055: sched_switch: prev_comm=swapper/0 prev_pid=0 prev_prio=120 prev_state=R ==> next_comm=ksoftirqd/0 next_pid=3 next_prio=120
     ksoftirqd/0-3     [000] ...2   337.471062: sched_switch: prev_comm=ksoftirqd/0 prev_pid=3 prev_prio=120 prev_state=S ==> next_comm=swapper/0 next_pid=0 next_prio=120
          <idle>-0     [000] ...2   337.471076: sched_switch: prev_comm=swapper/0 prev_pid=0 prev_prio=120 prev_state=R ==> next_comm=ksoftirqd/0 next_pid=3 next_prio=120
     ksoftirqd/0-3     [000] ...2   337.471084: sched_switch: prev_comm=ksoftirqd/0 prev_pid=3 prev_prio=120 prev_state=S ==> next_comm=swapper/0 next_pid=0 next_prio=120
          <idle>-0     [000] ...2   337.471098: sched_switch: prev_comm=swapper/0 prev_pid=0 prev_prio=120 prev_state=R ==> next_comm=ksoftirqd/0 next_pid=3 next_prio=120
     ksoftirqd/0-3     [000] ...2   337.471104: sched_switch: prev_comm=ksoftirqd/0 prev_pid=3 prev_prio=120 prev_state=S ==> next_comm=swapper/0 next_pid=0 next_prio=120
          <idle>-0     [000] ...2   337.471374: sched_switch: prev_comm=swapper/0 prev_pid=0 prev_prio=120 prev_state=R ==> next_comm=mmcqd/1 next_pid=116 next_prio=120
         mmcqd/1-116   [000] ...1   337.471389: block_rq_complete: 179,0 RA () 863648 + 32 [0]
         mmcqd/1-116   [000] ...2   337.471405: sched_switch: prev_comm=mmcqd/1 prev_pid=116 prev_prio=120 prev_state=R+ ==> next_comm=kworker/0:1H next_pid=17 next_prio=100
    kworker/0:1H-17    [000] ...2   337.471412: sched_switch: prev_comm=kworker/0:1H prev_pid=17 prev_prio=100 prev_state=S ==> next_comm=mmcqd/1 next_pid=116 next_prio=120
         mmcqd/1-116   [000] ...2   337.471420: sched_switch: prev_comm=mmcqd/1 prev_pid=116 prev_prio=120 prev_state=S ==> next_comm=app_process next_pid=3306 next_prio=120
            main-3306  [000] d..2   337.471453: block_rq_insert: 179,0 R 0 () 863680 + 40 [app_process]
            main-3306  [000] ...2   337.471462: sched_switch: prev_comm=app_process prev_pid=3306 prev_prio=120 prev_state=R+ ==> next_comm=mmcqd/1 next_pid=116 next_prio=120
         mmcqd/1-116   [000] ...2   337.471502: sched_switch: prev_comm=mmcqd/1 prev_pid=116 prev_prio=120 prev_state=S ==> next_comm=app_process next_pid=3306 next_prio=120
            main-3306  [000] ...2   337.471535: sched_switch: prev_comm=app_process prev_pid=3306 prev_prio=120 prev_state=D|W ==> next_comm=swapper/0 next_pid=0 next_prio=120
          <idle>-0     [000] ...2   337.471905: sched_switch: prev_comm=swapper/0 prev_pid=0 prev_prio=120 prev_state=R ==> next_comm=mmcqd/1 next_pid=116 next_prio=120
         mmcqd/1-116   [000] ...1   337.471921: block_rq_complete: 179,0 RA () 863680 + 40 [0]
         mmcqd/1-116   [000] ...2   337.471937: sched_switch: prev_comm=mmcqd/1 prev_pid=116 prev_prio=120 prev_state=R+ ==> next_comm=kworker/0:1H next_pid=17 next_prio=100
    kworker/0:1H-17    [000] ...2   337.471944: sched_switch: prev_comm=kworker/0:1H prev_pid=17 prev_prio=100 prev_state=S ==> next_comm=mmcqd/1 next_pid=116 next_prio=120
         mmcqd/1-116   [000] ...2   337.471953: sched_switch: prev_comm=mmcqd/1 prev_pid=116 prev_prio=120 prev_state=S ==> next_comm=app_process next_pid=3306 next_prio=120
            main-3306  [000] d..2   337.472062: block_rq_insert: 179,0 R 0 () 863808 + 8 [app_process]
            main-3306  [000] ...2   337.472071: sched_switch: prev_comm=app_process prev_pid=3306 prev_prio=120 prev_state=R+ ==> next_comm=mmcqd/1 next_pid=116 next_prio=120
         mmcqd/1-116   [000] ...2   337.472107: sched_switch: prev_comm=mmcqd/1 prev_pid=116 prev_prio=120 prev_state=S ==> next_comm=app_process next_pid=3306 next_prio=120
            main-3306  [000] ...2   337.472112: sched_switch: prev_comm=app_process prev_pid=3306 prev_prio=120 prev_state=D|W ==> next_comm=swapper/0 next_pid=0 next_prio=120
          <idle>-0     [000] ...2   337.472126: sched_switch: prev_comm=swapper/0 prev_pid=0 prev_prio=120 prev_state=R ==> next_comm=ksoftirqd/0 next_pid=3 next_prio=120
     ksoftirqd/0-3     [000] ...2   337.472132: sched_switch: prev_comm=ksoftirqd/0 prev_pid=3 prev_prio=120 prev_state=S ==> next_comm=swapper/0 next_pid=0 next_prio=120
          <idle>-0     [000] ...2   337.472146: sched_switch: prev_comm=swapper/0 prev_pid=0 prev_prio=120 prev_state=R ==> next_comm=ksoftirqd/0 next_pid=3 next_prio=120
     ksoftirqd/0-3     [000] ...2   337.472153: sched_switch: prev_comm=ksoftirqd/0 prev_pid=3 prev_prio=120 prev_state=S ==> next_comm=swapper/0 next_pid=0 next_prio=120
          <idle>-0     [000] ...2   337.472166: sched_switch: prev_comm=swapper/0 prev_pid=0 prev_prio=120 prev_state=R ==> next_comm=ksoftirqd/0 next_pid=3 next_prio=120
     ksoftirqd/0-3     [000] ...2   337.472172: sched_switch: prev_comm=ksoftirqd/0 prev_pid=3 prev_prio=120 prev_state=S ==> next_comm=swapper/0 next_pid=0 next_prio=120
          <idle>-0     [000] ...2   337.472348: sched_switch: prev_comm=swapper/0 prev_pid=0 prev_prio=120 prev_state=R ==> next_comm=mmcqd/1 next_pid=116 next_prio=120
         mmcqd/1-116   [000] ...1   337.472357: block_rq_complete: 179,0 RA () 863808 + 8 [0]
         mmcqd/1-116   [000] ...2   337.472373: sched_switch: prev_comm=mmcqd/1 prev_pid=116 prev_prio=120 prev_state=R+ ==> next_comm=kworker/0:1H next_pid=17 next_prio=100
    kworker/0:1H-17    [000] ...2   337.472379: sched_switch: prev_comm=kworker/0:1H prev_pid=17 prev_prio=100 prev_state=S ==> next_comm=mmcqd/1 next_pid=116 next_prio=120
         mmcqd/1-116   [000] ...2   337.472387: sched_switch: prev_comm=mmcqd/1 prev_pid=116 prev_prio=120 prev_state=S ==> next_comm=app_process next_pid=3306 next_prio=120
            main-3306  [000] d..2   337.472457: block_rq_insert: 179,0 R 0 () 802992 + 32 [app_process]
            main-3306  [000] ...2   337.472466: sched_switch: prev_comm=app_process prev_pid=3306 prev_prio=120 prev_state=R+ ==> next_comm=mmcqd/1 next_pid=116 next_prio=120
         mmcqd/1-116   [000] ...2   337.472507: sched_switch: prev_comm=mmcqd/1 prev_pid=116 prev_prio=120 prev_state=S ==> next_comm=app_process next_pid=3306 next_prio=120
            main-3306  [000] ...2   337.472512: sched_switch: prev_comm=app_process prev_pid=3306 prev_prio=120 prev_state=D|W ==> next_comm=swapper/0 next_pid=0 next_prio=120
          <idle>-0     [000] ...2   337.472525: sched_switch: prev_comm=swapper/0 prev_pid=0 prev_prio=120 prev_state=R ==> next_comm=ksoftirqd/0 next_pid=3 next_prio=120
     ksoftirqd/0-3     [000] ...2   337.472532: sched_switch: prev_comm=ksoftirqd/0 prev_pid=3 prev_prio=120 prev_state=S ==> next_comm=swapper/0 next_pid=0 next_prio=120
          <idle>-0     [000] ...2   337.472546: sched_switch: prev_comm=swapper/0 prev_pid=0 prev_prio=120 prev_state=R ==> next_comm=ksoftirqd/0 next_pid=3 next_prio=120
     ksoftirqd/0-3     [000] ...2   337.472552: sched_switch: prev_comm=ksoftirqd/0 prev_pid=3 prev_prio=120 prev_state=S ==> next_comm=swapper/0 next_pid=0 next_prio=120
          <idle>-0     [000] ...2   337.472566: sched_switch: prev_comm=swapper/0 prev_pid=0 prev_prio=120 prev_state=R ==> next_comm=ksoftirqd/0 next_pid=3 next_prio=120
     ksoftirqd/0-3     [000] ...2   337.472572: sched_switch: prev_comm=ksoftirqd/0 prev_pid=3 prev_prio=120 prev_state=S ==> next_comm=swapper/0 next_pid=0 next_prio=120
          <idle>-0     [000] ...2   337.472883: sched_switch: prev_comm=swapper/0 prev_pid=0 prev_prio=120 prev_state=R ==> next_comm=mmcqd/1 next_pid=116 next_prio=120
         mmcqd/1-116   [000] ...1   337.472897: block_rq_complete: 179,0 RA () 802992 + 32 [0]
         mmcqd/1-116   [000] ...2   337.472913: sched_switch: prev_comm=mmcqd/1 prev_pid=116 prev_prio=120 prev_state=R+ ==> next_comm=kworker/0:1H next_pid=17 next_prio=100
    kworker/0:1H-17    [000] ...2   337.472920: sched_switch: prev_comm=kworker/0:1H prev_pid=17 prev_prio=100 prev_state=S ==> next_comm=mmcqd/1 next_pid=116 next_prio=120
         mmcqd/1-116   [000] ...2   337.472929: sched_switch: prev_comm=mmcqd/1 prev_pid=116 prev_prio=120 prev_state=S ==> next_comm=app_process next_pid=3306 next_prio=120
            main-3306  [000] d..2   337.472968: block_rq_insert: 179,0 R 0 () 803104 + 136 [app_process]
            main-3306  [000] ...2   337.472977: sched_switch: prev_comm=app_process prev_pid=3306 prev_prio=120 prev_state=R+ ==> next_comm=mmcqd/1 next_pid=116 next_prio=120
         mmcqd/1-116   [000] ...2   337.473042: sched_switch: prev_comm=mmcqd/1 prev_pid=116 prev_prio=120 prev_state=S ==> next_comm=app_process next_pid=3306 next_prio=120
            main-3306  [000] ...2   337.473047: sched_switch: prev_comm=app_process prev_pid=3306 prev_prio=120 prev_state=D|W ==> next_comm=swapper/0 next_pid=0 next_prio=120
          <idle>-0     [000] ...2   337.473897: sched_switch: prev_comm=swapper/0 prev_pid=0 prev_prio=120 prev_state=R ==> next_comm=mmcqd/1 next_pid=116 next_prio=120
         mmcqd/1-116   [000] ...1   337.473933: block_rq_complete: 179,0 RA () 803104 + 136 [0]
         mmcqd/1-116   [000] ...2   337.473953: sched_switch: prev_comm=mmcqd/1 prev_pid=116 prev_prio=120 prev_state=R+ ==> next_comm=kworker/0:1H next_pid=17 next_prio=100
    kworker/0:1H-17    [000] ...2   337.473959: sched_switch: prev_comm=kworker/0:1H prev_pid=17 prev_prio=100 prev_state=S ==> next_comm=mmcqd/1 next_pid=116 next_prio=120
         mmcqd/1-116   [000] ...2   337.473968: sched_switch: prev_comm=mmcqd/1 prev_pid=116 prev_prio=120 prev_state=S ==> next_comm=app_process next_pid=3306 next_prio=120
            main-3306  [000] d..2   337.474209: block_rq_insert: 179,0 R 0 () 803392 + 32 [app_process]
            main-3306  [000] ...2   337.474220: sched_switch: prev_comm=app_process prev_pid=3306 prev_prio=120 prev_state=R+ ==> next_comm=mmcqd/1 next_pid=116 next_prio=120
         mmcqd/1-116   [000] ...2   337.474262: sched_switch: prev_comm=mmcqd/1 prev_pid=116 prev_prio=120 prev_state=S ==> next_comm=app_process next_pid=3306 next_prio=120
            main-3306  [000] ...2   337.474267: sched_switch: prev_comm=app_process prev_pid=3306 prev_prio=120 prev_state=D|W ==> next_comm=swapper/0 next_pid=0 next_prio=120
          <idle>-0     [000] ...2   337.474283: sched_switch: prev_comm=swapper/0 prev_pid=0 prev_prio=120 prev_state=R ==> next_comm=ksoftirqd/0 next_pid=3 next_prio=120
     ksoftirqd/0-3     [000] ...2   337.474290: sched_switch: prev_comm=ksoftirqd/0 prev_pid=3 prev_prio=120 prev_state=S ==> next_comm=swapper/0 next_pid=0 next_prio=120
          <idle>-0     [000] ...2   337.474304: sched_switch: prev_comm=swapper/0 prev_pid=0 prev_prio=120 prev_state=R ==> next_comm=ksoftirqd/0 next_pid=3 next_prio=120
     ksoftirqd/0-3     [000] ...2   337.474312: sched_switch: prev_comm=ksoftirqd/0 prev_pid=3 prev_prio=120 prev_state=S ==> next_comm=swapper/0 next_pid=0 next_prio=120
          <idle>-0     [000] ...2   337.474326: sched_switch: prev_comm=swapper/0 prev_pid=0 prev_prio=120 prev_state=R ==> next_comm=ksoftirqd/0 next_pid=3 next_prio=120
     ksoftirqd/0-3     [000] ...2   337.474332: sched_switch: prev_comm=ksoftirqd/0 prev_pid=3 prev_prio=120 prev_state=S ==> next_comm=swapper/0 next_pid=0 next_prio=120
          <idle>-0     [000] ...2   337.474604: sched_switch: prev_comm=swapper/0 prev_pid=0 prev_prio=120 prev_state=R ==> next_comm=mmcqd/1 next_pid=116 next_prio=120
         mmcqd/1-116   [000] ...1   337.474619: block_rq_complete: 179,0 RA () 803392 + 32 [0]
         mmcqd/1-116   [000] ...2   337.474637: sched_switch: prev_comm=mmcqd/1 prev_pid=116 prev_prio=120 prev_state=R+ ==> next_comm=kworker/0:1H next_pid=17 next_prio=100
    kworker/0:1H-17    [000] ...2   337.474643: sched_switch: prev_comm=kworker/0:1H prev_pid=17 prev_prio=100 prev_state=S ==> next_comm=mmcqd/1 next_pid=116 next_prio=120
         mmcqd/1-116   [000] ...2   337.474652: sched_switch: prev_comm=mmcqd/1 prev_pid=116 prev_prio=120 prev_state=S ==> next_comm=app_process next_pid=3306 next_prio=120
            main-3306  [000] d..2   337.474699: block_rq_insert: 179,0 R 0 () 804336 + 136 [app_process]
            main-3306  [000] ...2   337.474708: sched_switch: prev_comm=app_process prev_pid=3306 prev_prio=120 prev_state=R+ ==> next_comm=mmcqd/1 next_pid=116 next_prio=120
         mmcqd/1-116   [000] ...2   337.474772: sched_switch: prev_comm=mmcqd/1 prev_pid=116 prev_prio=120 prev_state=S ==> next_comm=app_process next_pid=3306 next_prio=120
            main-3306  [000] ...2   337.474776: sched_switch: prev_comm=app_process prev_pid=3306 prev_prio=120 prev_state=D|W ==> next_comm=swapper/0 next_pid=0 next_prio=120
          <idle>-0     [000] ...2   337.475687: sched_switch: prev_comm=swapper/0 prev_pid=0 prev_prio=120 prev_state=R ==> next_comm=mmcqd/1 next_pid=116 next_prio=120
         mmcqd/1-116   [000] ...1   337.475723: block_rq_complete: 179,0 RA () 804336 + 136 [0]
         mmcqd/1-116   [000] ...2   337.475743: sched_switch: prev_comm=mmcqd/1 prev_pid=116 prev_prio=120 prev_state=R+ ==> next_comm=kworker/0:1H next_pid=17 next_prio=100
    kworker/0:1H-17    [000] ...2   337.475749: sched_switch: prev_comm=kworker/0:1H prev_pid=17 prev_prio=100 prev_state=S ==> next_comm=mmcqd/1 next_pid=116 next_prio=120
         mmcqd/1-116   [000] ...2   337.475757: sched_switch: prev_comm=mmcqd/1 prev_pid=116 prev_prio=120 prev_state=S ==> next_comm=app_process next_pid=3306 next_prio=120
            main-3306  [000] d..2   337.476027: block_rq_insert: 179,0 FWS 0 () 0 + 0 [app_process]
            main-3306  [000] ...2   337.476037: sched_switch: prev_comm=app_process prev_pid=3306 prev_prio=120 prev_state=R+ ==> next_comm=mmcqd/1 next_pid=116 next_prio=120
         mmcqd/1-116   [000] ...2   337.476061: sched_switch: prev_comm=mmcqd/1 prev_pid=116 prev_prio=120 prev_state=D ==> next_comm=app_process next_pid=3306 next_prio=120
            main-3306  [000] ...2   337.476067: sched_switch: prev_comm=app_process prev_pid=3306 prev_prio=120 prev_state=D ==> next_comm=swapper/0 next_pid=0 next_prio=120
          <idle>-0     [000] ...2   337.476094: sched_switch: prev_comm=swapper/0 prev_pid=0 prev_prio=120 prev_state=R ==> next_comm=ksoftirqd/0 next_pid=3 next_prio=120
     ksoftirqd/0-3     [000] ...2   337.476101: sched_switch: prev_comm=ksoftirqd/0 prev_pid=3 prev_prio=120 prev_state=S ==> next_comm=mmcqd/1 next_pid=116 next_prio=120
         mmcqd/1-116   [000] ...2   337.476124: sched_switch: prev_comm=mmcqd/1 prev_pid=116 prev_prio=120 prev_state=R ==> next_comm=swapper/0 next_pid=0 next_prio=120
          <idle>-0     [000] ...2   337.476128: sched_switch: prev_comm=swapper/0 prev_pid=0 prev_prio=120 prev_state=R ==> next_comm=mmcqd/1 next_pid=116 next_prio=120
         mmcqd/1-116   [000] d..2   337.476132: block_rq_complete: 179,0 WS () 0 + 0 [0]
         mmcqd/1-116   [000] ...2   337.476149: sched_switch: prev_comm=mmcqd/1 prev_pid=116 prev_prio=120 prev_state=S ==> next_comm=app_process next_pid=3306 next_prio=120
            main-3306  [000] ...2   337.478912: sched_switch: prev_comm=app_process prev_pid=3306 prev_prio=120 prev_state=R+ ==> next_comm=kworker/u:4 next_pid=210 next_prio=120
     kworker/u:4-210   [000] ...2   337.478928: sched_switch: prev_comm=kworker/u:4 prev_pid=210 prev_prio=120 prev_state=S ==> next_comm=mpdecision next_pid=1527 next_prio=113
      mpdecision-1527  [000] ...2   337.479158: sched_switch: prev_comm=mpdecision prev_pid=1527 prev_prio=113 prev_state=S ==> next_comm=app_process next_pid=3306 next_prio=120
            main-3306  [000] d..2   337.484913: block_rq_insert: 179,0 R 0 () 4072736 + 128 [main]
            main-3306  [000] ...2   337.484924: sched_switch: prev_comm=main prev_pid=3306 prev_prio=120 prev_state=R+ ==> next_comm=mmcqd/1 next_pid=116 next_prio=120
         mmcqd/1-116   [000] ...2   337.484997: sched_switch: prev_comm=mmcqd/1 prev_pid=116 prev_prio=120 prev_state=S ==> next_comm=main next_pid=3306 next_prio=120
            main-3306  [000] ...2   337.485004: sched_switch: prev_comm=main prev_pid=3306 prev_prio=120 prev_state=D|W ==> next_comm=swapper/0 next_pid=0 next_prio=120
          <idle>-0     [000] ...2   337.485024: sched_switch: prev_comm=swapper/0 prev_pid=0 prev_prio=120 prev_state=R ==> next_comm=ksoftirqd/0 next_pid=3 next_prio=120
     ksoftirqd/0-3     [000] ...2   337.485032: sched_switch: prev_comm=ksoftirqd/0 prev_pid=3 prev_prio=120 prev_state=S ==> next_comm=swapper/0 next_pid=0 next_prio=120
          <idle>-0     [000] ...2   337.485048: sched_switch: prev_comm=swapper/0 prev_pid=0 prev_prio=120 prev_state=R ==> next_comm=ksoftirqd/0 next_pid=3 next_prio=120
     ksoftirqd/0-3     [000] ...2   337.485068: sched_switch: prev_comm=ksoftirqd/0 prev_pid=3 prev_prio=120 prev_state=S ==> next_comm=swapper/0 next_pid=0 next_prio=120
          <idle>-0     [000] ...2   337.485944: sched_switch: prev_comm=swapper/0 prev_pid=0 prev_prio=120 prev_state=R ==> next_comm=mmcqd/1 next_pid=116 next_prio=120
         mmcqd/1-116   [000] ...1   337.485978: block_rq_complete: 179,0 RA () 4072736 + 128 [0]
         mmcqd/1-116   [000] ...2   337.486001: sched_switch: prev_comm=mmcqd/1 prev_pid=116 prev_prio=120 prev_state=R+ ==> next_comm=kworker/0:1H next_pid=17 next_prio=100
    kworker/0:1H-17    [000] ...2   337.486008: sched_switch: prev_comm=kworker/0:1H prev_pid=17 prev_prio=100 prev_state=S ==> next_comm=mmcqd/1 next_pid=116 next_prio=120
         mmcqd/1-116   [000] ...2   337.486018: sched_switch: prev_comm=mmcqd/1 prev_pid=116 prev_prio=120 prev_state=S ==> next_comm=main next_pid=3306 next_prio=120
            main-3306  [000] d..2   337.486114: block_rq_insert: 179,0 R 0 () 4076944 + 16 [main]
            main-3306  [000] d..2   337.486116: block_rq_insert: 179,0 R 0 () 4076968 + 80 [main]
            main-3306  [000] d..2   337.486118: block_rq_insert: 179,0 R 0 () 4077080 + 32 [main]
            main-3306  [000] ...2   337.486126: sched_switch: prev_comm=main prev_pid=3306 prev_prio=120 prev_state=R+ ==> next_comm=mmcqd/1 next_pid=116 next_prio=120
         mmcqd/1-116   [000] ...2   337.486190: sched_switch: prev_comm=mmcqd/1 prev_pid=116 prev_prio=120 prev_state=S ==> next_comm=main next_pid=3306 next_prio=120
            main-3306  [000] ...2   337.486195: sched_switch: prev_comm=main prev_pid=3306 prev_prio=120 prev_state=D|W ==> next_comm=swapper/0 next_pid=0 next_prio=120
          <idle>-0     [000] ...2   337.486416: sched_switch: prev_comm=swapper/0 prev_pid=0 prev_prio=120 prev_state=R ==> next_comm=mmcqd/1 next_pid=116 next_prio=120
         mmcqd/1-116   [000] ...1   337.486443: block_rq_complete: 179,0 RA () 4076944 + 16 [0]
         mmcqd/1-116   [000] ...2   337.486467: sched_switch: prev_comm=mmcqd/1 prev_pid=116 prev_prio=120 prev_state=S ==> next_comm=swapper/0 next_pid=0 next_prio=120
          <idle>-0     [000] ...2   337.487033: sched_switch: prev_comm=swapper/0 prev_pid=0 prev_prio=120 prev_state=R ==> next_comm=mmcqd/1 next_pid=116 next_prio=120
         mmcqd/1-116   [000] ...1   337.487072: block_rq_complete: 179,0 RA () 4076968 + 80 [0]
         mmcqd/1-116   [000] ...2   337.487090: sched_switch: prev_comm=mmcqd/1 prev_pid=116 prev_prio=120 prev_state=S ==> next_comm=main next_pid=3306 next_prio=120
            main-3306  [000] ...2   337.487121: sched_switch: prev_comm=main prev_pid=3306 prev_prio=120 prev_state=D|W ==> next_comm=swapper/0 next_pid=0 next_prio=120
          <idle>-0     [000] ...2   337.487454: sched_switch: prev_comm=swapper/0 prev_pid=0 prev_prio=120 prev_state=R ==> next_comm=mmcqd/1 next_pid=116 next_prio=120
         mmcqd/1-116   [000] ...1   337.487468: block_rq_complete: 179,0 RA () 4077080 + 32 [0]
         mmcqd/1-116   [000] ...2   337.487485: sched_switch: prev_comm=mmcqd/1 prev_pid=116 prev_prio=120 prev_state=R+ ==> next_comm=kworker/0:1H next_pid=17 next_prio=100
    kworker/0:1H-17    [000] ...2   337.487491: sched_switch: prev_comm=kworker/0:1H prev_pid=17 prev_prio=100 prev_state=S ==> next_comm=mmcqd/1 next_pid=116 next_prio=120
         mmcqd/1-116   [000] ...2   337.487500: sched_switch: prev_comm=mmcqd/1 prev_pid=116 prev_prio=120 prev_state=S ==> next_comm=main next_pid=3306 next_prio=120
            main-3306  [000] d..2   337.487558: block_rq_insert: 179,0 R 0 () 4077120 + 16 [main]
            main-3306  [000] d..2   337.487561: block_rq_insert: 179,0 R 0 () 4077160 + 16 [main]
            main-3306  [000] d..2   337.487564: block_rq_insert: 179,0 R 0 () 4077184 + 48 [main]
            main-3306  [000] ...2   337.487572: sched_switch: prev_comm=main prev_pid=3306 prev_prio=120 prev_state=R+ ==> next_comm=mmcqd/1 next_pid=116 next_prio=120
         mmcqd/1-116   [000] ...2   337.487619: sched_switch: prev_comm=mmcqd/1 prev_pid=116 prev_prio=120 prev_state=S ==> next_comm=main next_pid=3306 next_prio=120
            main-3306  [000] ...2   337.487624: sched_switch: prev_comm=main prev_pid=3306 prev_prio=120 prev_state=D|W ==> next_comm=swapper/0 next_pid=0 next_prio=120
          <idle>-0     [000] ...2   337.487883: sched_switch: prev_comm=swapper/0 prev_pid=0 prev_prio=120 prev_state=R ==> next_comm=mmcqd/1 next_pid=116 next_prio=120
         mmcqd/1-116   [000] ...1   337.487909: block_rq_complete: 179,0 RA () 4077120 + 16 [0]
         mmcqd/1-116   [000] ...2   337.487936: sched_switch: prev_comm=mmcqd/1 prev_pid=116 prev_prio=120 prev_state=S ==> next_comm=swapper/0 next_pid=0 next_prio=120
          <idle>-0     [000] ...2   337.488203: sched_switch: prev_comm=swapper/0 prev_pid=0 prev_prio=120 prev_state=R ==> next_comm=mmcqd/1 next_pid=116 next_prio=120
         mmcqd/1-116   [000] ...1   337.488228: block_rq_complete: 179,0 RA () 4077160 + 16 [0]
         mmcqd/1-116   [000] ...2   337.488242: sched_switch: prev_comm=mmcqd/1 prev_pid=116 prev_prio=120 prev_state=S ==> next_comm=main next_pid=3306 next_prio=120
            main-3306  [000] d..2   337.488324: block_rq_insert: 179,0 R 0 () 4077376 + 8 [main]
            main-3306  [000] d..2   337.488327: block_rq_insert: 179,0 R 0 () 4077400 + 104 [main]
            main-3306  [000] ...2   337.488336: sched_switch: prev_comm=main prev_pid=3306 prev_prio=120 prev_state=R+ ==> next_comm=mmcqd/1 next_pid=116 next_prio=120
         mmcqd/1-116   [000] ...2   337.488351: sched_switch: prev_comm=mmcqd/1 prev_pid=116 prev_prio=120 prev_state=S ==> next_comm=main next_pid=3306 next_prio=120
            main-3306  [000] ...2   337.488356: sched_switch: prev_comm=main prev_pid=3306 prev_prio=120 prev_state=D|W ==> next_comm=swapper/0 next_pid=0 next_prio=120
          <idle>-0     [000] ...2   337.488673: sched_switch: prev_comm=swapper/0 prev_pid=0 prev_prio=120 prev_state=R ==> next_comm=mmcqd/1 next_pid=116 next_prio=120
         mmcqd/1-116   [000] ...1   337.488706: block_rq_complete: 179,0 RA () 4077184 + 48 [0]
         mmcqd/1-116   [000] ...2   337.488746: sched_switch: prev_comm=mmcqd/1 prev_pid=116 prev_prio=120 prev_state=S ==> next_comm=swapper/0 next_pid=0 next_prio=120
          <idle>-0     [000] ...2   337.488940: sched_switch: prev_comm=swapper/0 prev_pid=0 prev_prio=120 prev_state=R ==> next_comm=mmcqd/1 next_pid=116 next_prio=120
         mmcqd/1-116   [000] ...1   337.488964: block_rq_complete: 179,0 RA () 4077376 + 8 [0]
         mmcqd/1-116   [000] ...2   337.488978: sched_switch: prev_comm=mmcqd/1 prev_pid=116 prev_prio=120 prev_state=S ==> next_comm=main next_pid=3306 next_prio=120
            main-3306  [000] d..2   337.489036: block_rq_insert: 179,0 R 0 () 4077592 + 16 [main]
            main-3306  [000] d..2   337.489038: block_rq_insert: 179,0 R 0 () 4077696 + 8 [main]
            main-3306  [000] d..2   337.489040: block_rq_insert: 179,0 R 0 () 4077752 + 8 [main]
            main-3306  [000] d..2   337.489041: block_rq_insert: 179,0 R 0 () 4077800 + 24 [main]
            main-3306  [000] ...2   337.489050: sched_switch: prev_comm=main prev_pid=3306 prev_prio=120 prev_state=R+ ==> next_comm=mmcqd/1 next_pid=116 next_prio=120
         mmcqd/1-116   [000] ...2   337.489066: sched_switch: prev_comm=mmcqd/1 prev_pid=116 prev_prio=120 prev_state=S ==> next_comm=main next_pid=3306 next_prio=120
            main-3306  [000] ...2   337.489071: sched_switch: prev_comm=main prev_pid=3306 prev_prio=120 prev_state=D|W ==> next_comm=swapper/0 next_pid=0 next_prio=120
          <idle>-0     [000] ...2   337.489683: sched_switch: prev_comm=swapper/0 prev_pid=0 prev_prio=120 prev_state=R ==> next_comm=mmcqd/1 next_pid=116 next_prio=120
         mmcqd/1-116   [000] ...1   337.489726: block_rq_complete: 179,0 RA () 4077400 + 104 [0]
         mmcqd/1-116   [000] ...2   337.489746: sched_switch: prev_comm=mmcqd/1 prev_pid=116 prev_prio=120 prev_state=S ==> next_comm=swapper/0 next_pid=0 next_prio=120
          <idle>-0     [000] ...2   337.490027: sched_switch: prev_comm=swapper/0 prev_pid=0 prev_prio=120 prev_state=R ==> next_comm=mmcqd/1 next_pid=116 next_prio=120
         mmcqd/1-116   [000] ...1   337.490053: block_rq_complete: 179,0 RA () 4077592 + 16 [0]
         mmcqd/1-116   [000] ...2   337.490070: sched_switch: prev_comm=mmcqd/1 prev_pid=116 prev_prio=120 prev_state=S ==> next_comm=swapper/0 next_pid=0 next_prio=120
          <idle>-0     [000] ...2   337.490282: sched_switch: prev_comm=swapper/0 prev_pid=0 prev_prio=120 prev_state=R ==> next_comm=mmcqd/1 next_pid=116 next_prio=120
         mmcqd/1-116   [000] ...1   337.490306: block_rq_complete: 179,0 RA () 4077696 + 8 [0]
         mmcqd/1-116   [000] ...2   337.490331: sched_switch: prev_comm=mmcqd/1 prev_pid=116 prev_prio=120 prev_state=S ==> next_comm=main next_pid=3306 next_prio=120
            main-3306  [000] d..2   337.490392: block_rq_insert: 179,0 R 0 () 4079160 + 8 [main]
            main-3306  [000] d..2   337.490394: block_rq_insert: 179,0 R 0 () 4079192 + 80 [main]
            main-3306  [000] d..2   337.490396: block_rq_insert: 179,0 R 0 () 4079304 + 8 [main]
            main-3306  [000] ...2   337.490403: sched_switch: prev_comm=main prev_pid=3306 prev_prio=120 prev_state=D|W ==> next_comm=swapper/0 next_pid=0 next_prio=120
          <idle>-0     [000] ...2   337.490560: sched_switch: prev_comm=swapper/0 prev_pid=0 prev_prio=120 prev_state=R ==> next_comm=mmcqd/1 next_pid=116 next_prio=120
         mmcqd/1-116   [000] ...1   337.490584: block_rq_complete: 179,0 RA () 4077752 + 8 [0]
         mmcqd/1-116   [000] ...2   337.490601: sched_switch: prev_comm=mmcqd/1 prev_pid=116 prev_prio=120 prev_state=S ==> next_comm=swapper/0 next_pid=0 next_prio=120
          <idle>-0     [000] ...2   337.490905: sched_switch: prev_comm=swapper/0 prev_pid=0 prev_prio=120 prev_state=R ==> next_comm=mmcqd/1 next_pid=116 next_prio=120
         mmcqd/1-116   [000] ...1   337.490932: block_rq_complete: 179,0 RA () 4077800 + 24 [0]
         mmcqd/1-116   [000] ...2   337.490967: sched_switch: prev_comm=mmcqd/1 prev_pid=116 prev_prio=120 prev_state=S ==> next_comm=swapper/0 next_pid=0 next_prio=120
          <idle>-0     [000] ...2   337.491185: sched_switch: prev_comm=swapper/0 prev_pid=0 prev_prio=120 prev_state=R ==> next_comm=mmcqd/1 next_pid=116 next_prio=120
         mmcqd/1-116   [000] ...1   337.491209: block_rq_complete: 179,0 RA () 4079160 + 8 [0]
         mmcqd/1-116   [000] ...2   337.491225: sched_switch: prev_comm=mmcqd/1 prev_pid=116 prev_prio=120 prev_state=S ==> next_comm=swapper/0 next_pid=0 next_prio=120
          <idle>-0     [000] ...2   337.491834: sched_switch: prev_comm=swapper/0 prev_pid=0 prev_prio=120 prev_state=R ==> next_comm=mmcqd/1 next_pid=116 next_prio=120
         mmcqd/1-116   [000] ...1   337.491873: block_rq_complete: 179,0 RA () 4079192 + 80 [0]
         mmcqd/1-116   [000] ...2   337.491890: sched_switch: prev_comm=mmcqd/1 prev_pid=116 prev_prio=120 prev_state=S ==> next_comm=main next_pid=3306 next_prio=120
            main-3306  [000] d..2   337.491950: block_rq_insert: 179,0 R 0 () 4081752 + 8 [main]
            main-3306  [000] d..2   337.491952: block_rq_insert: 179,0 R 0 () 4081856 + 8 [main]
            main-3306  [000] d..2   337.491954: block_rq_insert: 179,0 R 0 () 4081960 + 8 [main]
            main-3306  [000] d..2   337.491955: block_rq_insert: 179,0 R 0 () 4081976 + 8 [main]
            main-3306  [000] ...2   337.491964: sched_switch: prev_comm=main prev_pid=3306 prev_prio=120 prev_state=R+ ==> next_comm=mmcqd/1 next_pid=116 next_prio=120
         mmcqd/1-116   [000] ...2   337.491979: sched_switch: prev_comm=mmcqd/1 prev_pid=116 prev_prio=120 prev_state=S ==> next_comm=main next_pid=3306 next_prio=120
            main-3306  [000] ...2   337.491984: sched_switch: prev_comm=main prev_pid=3306 prev_prio=120 prev_state=D|W ==> next_comm=swapper/0 next_pid=0 next_prio=120
          <idle>-0     [000] ...2   337.492125: sched_switch: prev_comm=swapper/0 prev_pid=0 prev_prio=120 prev_state=R ==> next_comm=mmcqd/1 next_pid=116 next_prio=120
         mmcqd/1-116   [000] ...1   337.492148: block_rq_complete: 179,0 RA () 4079304 + 8 [0]
         mmcqd/1-116   [000] ...2   337.492165: sched_switch: prev_comm=mmcqd/1 prev_pid=116 prev_prio=120 prev_state=S ==> next_comm=swapper/0 next_pid=0 next_prio=120
          <idle>-0     [000] ...2   337.492407: sched_switch: prev_comm=swapper/0 prev_pid=0 prev_prio=120 prev_state=R ==> next_comm=mmcqd/1 next_pid=116 next_prio=120
         mmcqd/1-116   [000] ...1   337.492431: block_rq_complete: 179,0 RA () 4081752 + 8 [0]
         mmcqd/1-116   [000] ...2   337.492448: sched_switch: prev_comm=mmcqd/1 prev_pid=116 prev_prio=120 prev_state=S ==> next_comm=swapper/0 next_pid=0 next_prio=120
          <idle>-0     [000] ...2   337.492677: sched_switch: prev_comm=swapper/0 prev_pid=0 prev_prio=120 prev_state=R ==> next_comm=mmcqd/1 next_pid=116 next_prio=120
         mmcqd/1-116   [000] ...1   337.492701: block_rq_complete: 179,0 RA () 4081856 + 8 [0]
         mmcqd/1-116   [000] ...2   337.492722: sched_switch: prev_comm=mmcqd/1 prev_pid=116 prev_prio=120 prev_state=S ==> next_comm=main next_pid=3306 next_prio=120
            main-3306  [000] d..2   337.492790: block_rq_insert: 179,0 R 0 () 4082016 + 8 [main]
            main-3306  [000] d..2   337.492792: block_rq_insert: 179,0 R 0 () 4082128 + 8 [main]
            main-3306  [000] d..2   337.492794: block_rq_insert: 179,0 R 0 () 4082152 + 8 [main]
            main-3306  [000] d..2   337.492795: block_rq_insert: 179,0 R 0 () 4082168 + 32 [main]
            main-3306  [000] d..2   337.492797: block_rq_insert: 179,0 R 0 () 4082240 + 8 [main]
            main-3306  [000] ...2   337.492803: sched_switch: prev_comm=main prev_pid=3306 prev_prio=120 prev_state=D|W ==> next_comm=swapper/0 next_pid=0 next_prio=120
          <idle>-0     [000] ...2   337.492953: sched_switch: prev_comm=swapper/0 prev_pid=0 prev_prio=120 prev_state=R ==> next_comm=mmcqd/1 next_pid=116 next_prio=120
         mmcqd/1-116   [000] ...1   337.492977: block_rq_complete: 179,0 RA () 4081960 + 8 [0]
         mmcqd/1-116   [000] ...2   337.492995: sched_switch: prev_comm=mmcqd/1 prev_pid=116 prev_prio=120 prev_state=S ==> next_comm=swapper/0 next_pid=0 next_prio=120
          <idle>-0     [000] ...2   337.493263: sched_switch: prev_comm=swapper/0 prev_pid=0 prev_prio=120 prev_state=R ==> next_comm=mmcqd/1 next_pid=116 next_prio=120
         mmcqd/1-116   [000] ...1   337.493287: block_rq_complete: 179,0 RA () 4081976 + 8 [0]
         mmcqd/1-116   [000] ...2   337.493304: sched_switch: prev_comm=mmcqd/1 prev_pid=116 prev_prio=120 prev_state=S ==> next_comm=swapper/0 next_pid=0 next_prio=120
          <idle>-0     [000] ...2   337.493552: sched_switch: prev_comm=swapper/0 prev_pid=0 prev_prio=120 prev_state=R ==> next_comm=mmcqd/1 next_pid=116 next_prio=120
         mmcqd/1-116   [000] ...1   337.493575: block_rq_complete: 179,0 RA () 4082016 + 8 [0]
         mmcqd/1-116   [000] ...2   337.493593: sched_switch: prev_comm=mmcqd/1 prev_pid=116 prev_prio=120 prev_state=S ==> next_comm=swapper/0 next_pid=0 next_prio=120
          <idle>-0     [000] ...2   337.493835: sched_switch: prev_comm=swapper/0 prev_pid=0 prev_prio=120 prev_state=R ==> next_comm=mmcqd/1 next_pid=116 next_prio=120
         mmcqd/1-116   [000] ...1   337.493859: block_rq_complete: 179,0 RA () 4082128 + 8 [0]
         mmcqd/1-116   [000] ...2   337.493885: sched_switch: prev_comm=mmcqd/1 prev_pid=116 prev_prio=120 prev_state=S ==> next_comm=main next_pid=3306 next_prio=120
            main-3306  [000] ...2   337.493913: sched_switch: prev_comm=main prev_pid=3306 prev_prio=120 prev_state=D|W ==> next_comm=swapper/0 next_pid=0 next_prio=120
          <idle>-0     [000] ...2   337.494116: sched_switch: prev_comm=swapper/0 prev_pid=0 prev_prio=120 prev_state=R ==> next_comm=mmcqd/1 next_pid=116 next_prio=120
         mmcqd/1-116   [000] ...1   337.494140: block_rq_complete: 179,0 RA () 4082152 + 8 [0]
         mmcqd/1-116   [000] ...2   337.494161: sched_switch: prev_comm=mmcqd/1 prev_pid=116 prev_prio=120 prev_state=S ==> next_comm=main next_pid=3306 next_prio=120
            main-3306  [000] ...2   337.494188: sched_switch: prev_comm=main prev_pid=3306 prev_prio=120 prev_state=D|W ==> next_comm=swapper/0 next_pid=0 next_prio=120
          <idle>-0     [000] ...2   337.494664: sched_switch: prev_comm=swapper/0 prev_pid=0 prev_prio=120 prev_state=R ==> next_comm=mmcqd/1 next_pid=116 next_prio=120
         mmcqd/1-116   [000] ...1   337.494692: block_rq_complete: 179,0 RA () 4082168 + 32 [0]
         mmcqd/1-116   [000] ...2   337.494708: sched_switch: prev_comm=mmcqd/1 prev_pid=116 prev_prio=120 prev_state=S ==> next_comm=main next_pid=3306 next_prio=120
            main-3306  [000] ...2   337.494755: sched_switch: prev_comm=main prev_pid=3306 prev_prio=120 prev_state=D|W ==> next_comm=swapper/0 next_pid=0 next_prio=120
          <idle>-0     [000] ...2   337.494943: sched_switch: prev_comm=swapper/0 prev_pid=0 prev_prio=120 prev_state=R ==> next_comm=mmcqd/1 next_pid=116 next_prio=120
         mmcqd/1-116   [000] ...1   337.494952: block_rq_complete: 179,0 RA () 4082240 + 8 [0]
         mmcqd/1-116   [000] ...2   337.494967: sched_switch: prev_comm=mmcqd/1 prev_pid=116 prev_prio=120 prev_state=R+ ==> next_comm=kworker/0:1H next_pid=17 next_prio=100
    kworker/0:1H-17    [000] ...2   337.494974: sched_switch: prev_comm=kworker/0:1H prev_pid=17 prev_prio=100 prev_state=S ==> next_comm=mmcqd/1 next_pid=116 next_prio=120
         mmcqd/1-116   [000] ...2   337.494983: sched_switch: prev_comm=mmcqd/1 prev_pid=116 prev_prio=120 prev_state=S ==> next_comm=main next_pid=3306 next_prio=120
            main-3306  [000] d..2   337.495039: block_rq_insert: 179,0 R 0 () 4082680 + 96 [main]
            main-3306  [000] ...2   337.495049: sched_switch: prev_comm=main prev_pid=3306 prev_prio=120 prev_state=R+ ==> next_comm=mmcqd/1 next_pid=116 next_prio=120
         mmcqd/1-116   [000] ...2   337.495105: sched_switch: prev_comm=mmcqd/1 prev_pid=116 prev_prio=120 prev_state=S ==> next_comm=main next_pid=3306 next_prio=120
            main-3306  [000] ...2   337.495111: sched_switch: prev_comm=main prev_pid=3306 prev_prio=120 prev_state=D|W ==> next_comm=swapper/0 next_pid=0 next_prio=120
          <idle>-0     [000] ...2   337.495872: sched_switch: prev_comm=swapper/0 prev_pid=0 prev_prio=120 prev_state=R ==> next_comm=mmcqd/1 next_pid=116 next_prio=120
         mmcqd/1-116   [000] ...1   337.495900: block_rq_complete: 179,0 RA () 4082680 + 96 [0]
         mmcqd/1-116   [000] ...2   337.495918: sched_switch: prev_comm=mmcqd/1 prev_pid=116 prev_prio=120 prev_state=R+ ==> next_comm=kworker/0:1H next_pid=17 next_prio=100
    kworker/0:1H-17    [000] ...2   337.495925: sched_switch: prev_comm=kworker/0:1H prev_pid=17 prev_prio=100 prev_state=S ==> next_comm=mmcqd/1 next_pid=116 next_prio=120
         mmcqd/1-116   [000] ...2   337.495933: sched_switch: prev_comm=mmcqd/1 prev_pid=116 prev_prio=120 prev_state=S ==> next_comm=main next_pid=3306 next_prio=120
            main-3306  [000] d..2   337.496079: block_rq_insert: 179,0 R 0 () 4072976 + 16 [main]
            main-3306  [000] d..2   337.496081: block_rq_insert: 179,0 R 0 () 4073024 + 8 [main]
            main-3306  [000] d..2   337.496084: block_rq_insert: 179,0 R 0 () 4073040 + 16 [main]
            main-3306  [000] d..2   337.496085: block_rq_insert: 179,0 R 0 () 4073064 + 24 [main]
            main-3306  [000] d..2   337.496087: block_rq_insert: 179,0 R 0 () 4073096 + 16 [main]
            main-3306  [000] d..2   337.496089: block_rq_insert: 179,0 R 0 () 4073120 + 72 [main]
            main-3306  [000] d..2   337.496090: block_rq_insert: 179,0 R 0 () 4073208 + 16 [main]
            main-3306  [000] ...2   337.496099: sched_switch: prev_comm=main prev_pid=3306 prev_prio=120 prev_state=R+ ==> next_comm=mmcqd/1 next_pid=116 next_prio=120
         mmcqd/1-116   [000] ...2   337.496158: sched_switch: prev_comm=mmcqd/1 prev_pid=116 prev_prio=120 prev_state=S ==> next_comm=main next_pid=3306 next_prio=120
            main-3306  [000] ...2   337.496163: sched_switch: prev_comm=main prev_pid=3306 prev_prio=120 prev_state=D|W ==> next_comm=swapper/0 next_pid=0 next_prio=120
          <idle>-0     [000] ...2   337.496557: sched_switch: prev_comm=swapper/0 prev_pid=0 prev_prio=120 prev_state=R ==> next_comm=mmcqd/1 next_pid=116 next_prio=120
         mmcqd/1-116   [000] ...1   337.496583: block_rq_complete: 179,0 RA () 4073208 + 16 [0]
         mmcqd/1-116   [000] ...2   337.496603: sched_switch: prev_comm=mmcqd/1 prev_pid=116 prev_prio=120 prev_state=S ==> next_comm=swapper/0 next_pid=0 next_prio=120
          <idle>-0     [000] ...2   337.497131: sched_switch: prev_comm=swapper/0 prev_pid=0 prev_prio=120 prev_state=R ==> next_comm=mmcqd/1 next_pid=116 next_prio=120
         mmcqd/1-116   [000] ...1   337.497167: block_rq_complete: 179,0 RA () 4073120 + 72 [0]
         mmcqd/1-116   [000] ...2   337.497190: sched_switch: prev_comm=mmcqd/1 prev_pid=116 prev_prio=120 prev_state=S ==> next_comm=swapper/0 next_pid=0 next_prio=120
          <idle>-0     [000] ...2   337.497414: sched_switch: prev_comm=swapper/0 prev_pid=0 prev_prio=120 prev_state=R ==> next_comm=mmcqd/1 next_pid=116 next_prio=120
         mmcqd/1-116   [000] ...1   337.497439: block_rq_complete: 179,0 RA () 4073096 + 16 [0]
         mmcqd/1-116   [000] ...2   337.497463: sched_switch: prev_comm=mmcqd/1 prev_pid=116 prev_prio=120 prev_state=S ==> next_comm=main next_pid=3306 next_prio=120
            main-3306  [000] d..2   337.497532: block_rq_insert: 179,0 R 0 () 4085240 + 72 [main]
            main-3306  [000] d..2   337.497534: block_rq_insert: 179,0 R 0 () 4085320 + 16 [main]
            main-3306  [000] d..2   337.497536: block_rq_insert: 179,0 R 0 () 4085344 + 24 [main]
            main-3306  [000] d..2   337.497538: block_rq_insert: 179,0 R 0 () 4085376 + 16 [main]
