    kworker/0:1H-17    [000] ...2   798.028953: sched_switch: prev_comm=kworker/0:1H prev_pid=17 prev_prio=100 prev_state=D ==> next_comm=kworker/0:0H next_pid=4413 next_prio=100
    kworker/0:0H-4413  [000] ...2   798.028983: sched_switch: prev_comm=kworker/0:0H prev_pid=4413 prev_prio=100 prev_state=S ==> next_comm=kworker/0:1H next_pid=17 next_prio=100
    kworker/0:1H-17    [000] ...2   798.028998: sched_switch: prev_comm=kworker/0:1H prev_pid=17 prev_prio=100 prev_state=S ==> next_comm=swapper/0 next_pid=0 next_prio=120
            main-4866  [001] d..2   798.029122: block_rq_insert: 179,0 R 0 () 4026240 + 32 [main]
            main-4866  [001] d..2   798.029125: block_rq_insert: 179,0 R 0 () 4026288 + 16 [main]
            main-4866  [001] d..2   798.029127: block_rq_insert: 179,0 R 0 () 4026360 + 16 [main]
            main-4866  [001] ...2   798.029140: sched_switch: prev_comm=main prev_pid=4866 prev_prio=120 prev_state=D|W ==> next_comm=swapper/1 next_pid=0 next_prio=120
          <idle>-0     [000] ...2   798.029147: sched_switch: prev_comm=swapper/0 prev_pid=0 prev_prio=120 prev_state=R ==> next_comm=mmcqd/1 next_pid=116 next_prio=120
          <idle>-0     [001] ...2   798.029156: sched_switch: prev_comm=swapper/1 prev_pid=0 prev_prio=120 prev_state=R ==> next_comm=ksoftirqd/1 next_pid=4857 next_prio=120
     ksoftirqd/1-4857  [001] ...2   798.029164: sched_switch: prev_comm=ksoftirqd/1 prev_pid=4857 prev_prio=120 prev_state=S ==> next_comm=swapper/1 next_pid=0 next_prio=120
         mmcqd/1-116   [000] ...2   798.029231: sched_switch: prev_comm=mmcqd/1 prev_pid=116 prev_prio=120 prev_state=S ==> next_comm=swapper/0 next_pid=0 next_prio=120
          <idle>-0     [000] ...2   798.029550: sched_switch: prev_comm=swapper/0 prev_pid=0 prev_prio=120 prev_state=R ==> next_comm=mmcqd/1 next_pid=116 next_prio=120
         mmcqd/1-116   [000] ...1   798.029598: block_rq_complete: 179,0 RA () 4026240 + 32 [0]
         mmcqd/1-116   [000] ...2   798.029636: sched_switch: prev_comm=mmcqd/1 prev_pid=116 prev_prio=120 prev_state=S ==> next_comm=swapper/0 next_pid=0 next_prio=120
          <idle>-0     [000] ...2   798.029851: sched_switch: prev_comm=swapper/0 prev_pid=0 prev_prio=120 prev_state=R ==> next_comm=mmcqd/1 next_pid=116 next_prio=120
         mmcqd/1-116   [000] ...1   798.029893: block_rq_complete: 179,0 RA () 4026288 + 16 [0]
         mmcqd/1-116   [000] ...2   798.029915: sched_switch: prev_comm=mmcqd/1 prev_pid=116 prev_prio=120 prev_state=S ==> next_comm=swapper/0 next_pid=0 next_prio=120
          <idle>-0     [000] ...2   798.030310: sched_switch: prev_comm=swapper/0 prev_pid=0 prev_prio=120 prev_state=R ==> next_comm=mmcqd/1 next_pid=116 next_prio=120
         mmcqd/1-116   [000] ...1   798.030329: block_rq_complete: 179,0 RA () 4026360 + 16 [0]
          <idle>-0     [001] ...2   798.030346: sched_switch: prev_comm=swapper/1 prev_pid=0 prev_prio=120 prev_state=R ==> next_comm=main next_pid=4866 next_prio=120
         mmcqd/1-116   [000] ...2   798.030356: sched_switch: prev_comm=mmcqd/1 prev_pid=116 prev_prio=120 prev_state=R+ ==> next_comm=kworker/0:1H next_pid=17 next_prio=100
    kworker/0:1H-17    [000] ...2   798.030367: sched_switch: prev_comm=kworker/0:1H prev_pid=17 prev_prio=100 prev_state=S ==> next_comm=mmcqd/1 next_pid=116 next_prio=120
         mmcqd/1-116   [000] ...2   798.030384: sched_switch: prev_comm=mmcqd/1 prev_pid=116 prev_prio=120 prev_state=S ==> next_comm=swapper/0 next_pid=0 next_prio=120
            main-4866  [001] d..2   798.031429: block_rq_insert: 179,0 R 0 () 4028944 + 256 [main]
          <idle>-0     [000] ...2   798.031451: sched_switch: prev_comm=swapper/0 prev_pid=0 prev_prio=120 prev_state=R ==> next_comm=mmcqd/1 next_pid=116 next_prio=120
         mmcqd/1-116   [000] ...2   798.031615: sched_switch: prev_comm=mmcqd/1 prev_pid=116 prev_prio=120 prev_state=S ==> next_comm=swapper/0 next_pid=0 next_prio=120
            main-4866  [001] d..2   798.031801: block_rq_insert: 179,0 R 0 () 4026808 + 8 [main]
            main-4866  [001] ...2   798.031815: sched_switch: prev_comm=main prev_pid=4866 prev_prio=120 prev_state=D|W ==> next_comm=swapper/1 next_pid=0 next_prio=120
          <idle>-0     [000] ...2   798.031821: sched_switch: prev_comm=swapper/0 prev_pid=0 prev_prio=120 prev_state=R ==> next_comm=mmcqd/1 next_pid=116 next_prio=120
         mmcqd/1-116   [000] ...2   798.031848: sched_switch: prev_comm=mmcqd/1 prev_pid=116 prev_prio=120 prev_state=S ==> next_comm=swapper/0 next_pid=0 next_prio=120
          <idle>-0     [000] ...2   798.033125: sched_switch: prev_comm=swapper/0 prev_pid=0 prev_prio=120 prev_state=R ==> next_comm=mmcqd/1 next_pid=116 next_prio=120
         mmcqd/1-116   [000] ...1   798.033252: block_rq_complete: 179,0 RA () 4028944 + 256 [0]
         mmcqd/1-116   [000] ...2   798.033286: sched_switch: prev_comm=mmcqd/1 prev_pid=116 prev_prio=120 prev_state=S ==> next_comm=swapper/0 next_pid=0 next_prio=120
          <idle>-0     [000] ...2   798.033392: sched_switch: prev_comm=swapper/0 prev_pid=0 prev_prio=120 prev_state=R ==> next_comm=mmcqd/1 next_pid=116 next_prio=120
         mmcqd/1-116   [000] ...1   798.033408: block_rq_complete: 179,0 RA () 4026808 + 8 [0]
          <idle>-0     [001] ...2   798.033425: sched_switch: prev_comm=swapper/1 prev_pid=0 prev_prio=120 prev_state=R ==> next_comm=main next_pid=4866 next_prio=120
         mmcqd/1-116   [000] ...2   798.033436: sched_switch: prev_comm=mmcqd/1 prev_pid=116 prev_prio=120 prev_state=R+ ==> next_comm=kworker/0:1H next_pid=17 next_prio=100
    kworker/0:1H-17    [000] ...2   798.033447: sched_switch: prev_comm=kworker/0:1H prev_pid=17 prev_prio=100 prev_state=S ==> next_comm=mmcqd/1 next_pid=116 next_prio=120
         mmcqd/1-116   [000] ...2   798.033465: sched_switch: prev_comm=mmcqd/1 prev_pid=116 prev_prio=120 prev_state=S ==> next_comm=swapper/0 next_pid=0 next_prio=120
            main-4866  [001] d..2   798.035130: block_rq_insert: 179,0 R 0 () 4009736 + 8 [main]
            main-4866  [001] d..2   798.035133: block_rq_insert: 179,0 R 0 () 4009824 + 8 [main]
            main-4866  [001] ...2   798.035150: sched_switch: prev_comm=main prev_pid=4866 prev_prio=120 prev_state=D|W ==> next_comm=swapper/1 next_pid=0 next_prio=120
          <idle>-0     [000] ...2   798.035156: sched_switch: prev_comm=swapper/0 prev_pid=0 prev_prio=120 prev_state=R ==> next_comm=mmcqd/1 next_pid=116 next_prio=120
         mmcqd/1-116   [000] ...2   798.035230: sched_switch: prev_comm=mmcqd/1 prev_pid=116 prev_prio=120 prev_state=S ==> next_comm=swapper/0 next_pid=0 next_prio=120
          <idle>-0     [000] ...2   798.035466: sched_switch: prev_comm=swapper/0 prev_pid=0 prev_prio=120 prev_state=R ==> next_comm=mmcqd/1 next_pid=116 next_prio=120
         mmcqd/1-116   [000] ...1   798.035505: block_rq_complete: 179,0 RA () 4009824 + 8 [0]
         mmcqd/1-116   [000] ...2   798.035527: sched_switch: prev_comm=mmcqd/1 prev_pid=116 prev_prio=120 prev_state=S ==> next_comm=swapper/0 next_pid=0 next_prio=120
          <idle>-0     [000] ...2   798.035738: sched_switch: prev_comm=swapper/0 prev_pid=0 prev_prio=120 prev_state=R ==> next_comm=mmcqd/1 next_pid=116 next_prio=120
         mmcqd/1-116   [000] ...1   798.035753: block_rq_complete: 179,0 RA () 4009736 + 8 [0]
          <idle>-0     [001] ...2   798.035771: sched_switch: prev_comm=swapper/1 prev_pid=0 prev_prio=120 prev_state=R ==> next_comm=main next_pid=4866 next_prio=120
         mmcqd/1-116   [000] ...2   798.035781: sched_switch: prev_comm=mmcqd/1 prev_pid=116 prev_prio=120 prev_state=R+ ==> next_comm=kworker/0:1H next_pid=17 next_prio=100
    kworker/0:1H-17    [000] ...2   798.035792: sched_switch: prev_comm=kworker/0:1H prev_pid=17 prev_prio=100 prev_state=S ==> next_comm=mmcqd/1 next_pid=116 next_prio=120
         mmcqd/1-116   [000] ...2   798.035809: sched_switch: prev_comm=mmcqd/1 prev_pid=116 prev_prio=120 prev_state=S ==> next_comm=swapper/0 next_pid=0 next_prio=120
            main-4866  [001] d..2   798.036725: block_rq_insert: 179,0 R 0 () 4008664 + 16 [main]
            main-4866  [001] d..2   798.036728: block_rq_insert: 179,0 R 0 () 4008712 + 8 [main]
            main-4866  [001] ...2   798.036745: sched_switch: prev_comm=main prev_pid=4866 prev_prio=120 prev_state=D|W ==> next_comm=swapper/1 next_pid=0 next_prio=120
          <idle>-0     [000] ...2   798.036752: sched_switch: prev_comm=swapper/0 prev_pid=0 prev_prio=120 prev_state=R ==> next_comm=mmcqd/1 next_pid=116 next_prio=120
         mmcqd/1-116   [000] ...2   798.036830: sched_switch: prev_comm=mmcqd/1 prev_pid=116 prev_prio=120 prev_state=S ==> next_comm=swapper/0 next_pid=0 next_prio=120
          <idle>-0     [000] ...2   798.037045: sched_switch: prev_comm=swapper/0 prev_pid=0 prev_prio=120 prev_state=R ==> next_comm=mmcqd/1 next_pid=116 next_prio=120
         mmcqd/1-116   [000] ...1   798.037088: block_rq_complete: 179,0 RA () 4008712 + 8 [0]
         mmcqd/1-116   [000] ...2   798.037110: sched_switch: prev_comm=mmcqd/1 prev_pid=116 prev_prio=120 prev_state=S ==> next_comm=swapper/0 next_pid=0 next_prio=120
          <idle>-0     [000] ...2   798.037392: sched_switch: prev_comm=swapper/0 prev_pid=0 prev_prio=120 prev_state=R ==> next_comm=mmcqd/1 next_pid=116 next_prio=120
         mmcqd/1-116   [000] ...1   798.037410: block_rq_complete: 179,0 RA () 4008664 + 16 [0]
          <idle>-0     [001] ...2   798.037429: sched_switch: prev_comm=swapper/1 prev_pid=0 prev_prio=120 prev_state=R ==> next_comm=main next_pid=4866 next_prio=120
         mmcqd/1-116   [000] ...2   798.037438: sched_switch: prev_comm=mmcqd/1 prev_pid=116 prev_prio=120 prev_state=R+ ==> next_comm=kworker/0:1H next_pid=17 next_prio=100
    kworker/0:1H-17    [000] ...2   798.037449: sched_switch: prev_comm=kworker/0:1H prev_pid=17 prev_prio=100 prev_state=S ==> next_comm=mmcqd/1 next_pid=116 next_prio=120
         mmcqd/1-116   [000] ...2   798.037466: sched_switch: prev_comm=mmcqd/1 prev_pid=116 prev_prio=120 prev_state=S ==> next_comm=swapper/0 next_pid=0 next_prio=120
          <idle>-0     [000] ...2   798.040718: sched_switch: prev_comm=swapper/0 prev_pid=0 prev_prio=120 prev_state=R ==> next_comm=main next_pid=4877 next_prio=120
            main-4866  [001] ...2   798.040736: sched_switch: prev_comm=main prev_pid=4866 prev_prio=120 prev_state=D ==> next_comm=swapper/1 next_pid=0 next_prio=120
          <idle>-0     [001] ...2   798.040754: sched_switch: prev_comm=swapper/1 prev_pid=0 prev_prio=120 prev_state=R ==> next_comm=ksoftirqd/1 next_pid=4857 next_prio=120
     ksoftirqd/1-4857  [001] ...2   798.040763: sched_switch: prev_comm=ksoftirqd/1 prev_pid=4857 prev_prio=120 prev_state=S ==> next_comm=swapper/1 next_pid=0 next_prio=120
          <idle>-0     [001] ...2   798.040777: sched_switch: prev_comm=swapper/1 prev_pid=0 prev_prio=120 prev_state=R ==> next_comm=ksoftirqd/1 next_pid=4857 next_prio=120
     ksoftirqd/1-4857  [001] ...2   798.040785: sched_switch: prev_comm=ksoftirqd/1 prev_pid=4857 prev_prio=120 prev_state=S ==> next_comm=main next_pid=4866 next_prio=120
            main-4866  [001] d..2   798.041020: block_rq_insert: 179,0 R 0 () 4008840 + 8 [main]
            main-4866  [001] d..2   798.041024: block_rq_insert: 179,0 R 0 () 4008920 + 48 [main]
        Binder_1-4877  [000] ...2   798.041036: sched_switch: prev_comm=Binder_1 prev_pid=4877 prev_prio=120 prev_state=R+ ==> next_comm=mmcqd/1 next_pid=116 next_prio=120
            main-4866  [001] ...2   798.041042: sched_switch: prev_comm=main prev_pid=4866 prev_prio=120 prev_state=D|W ==> next_comm=swapper/1 next_pid=0 next_prio=120
          <idle>-0     [001] ...2   798.041058: sched_switch: prev_comm=swapper/1 prev_pid=0 prev_prio=120 prev_state=R ==> next_comm=ksoftirqd/1 next_pid=4857 next_prio=120
     ksoftirqd/1-4857  [001] ...2   798.041068: sched_switch: prev_comm=ksoftirqd/1 prev_pid=4857 prev_prio=120 prev_state=S ==> next_comm=swapper/1 next_pid=0 next_prio=120
         mmcqd/1-116   [000] ...2   798.041136: sched_switch: prev_comm=mmcqd/1 prev_pid=116 prev_prio=120 prev_state=S ==> next_comm=Binder_1 next_pid=4877 next_prio=120
        Binder_1-4877  [000] ...2   798.041331: sched_switch: prev_comm=Binder_1 prev_pid=4877 prev_prio=120 prev_state=R+ ==> next_comm=mmcqd/1 next_pid=116 next_prio=120
         mmcqd/1-116   [000] ...1   798.041372: block_rq_complete: 179,0 RA () 4008840 + 8 [0]
          <idle>-0     [001] ...2   798.041391: sched_switch: prev_comm=swapper/1 prev_pid=0 prev_prio=120 prev_state=R ==> next_comm=main next_pid=4866 next_prio=120
         mmcqd/1-116   [000] ...2   798.041401: sched_switch: prev_comm=mmcqd/1 prev_pid=116 prev_prio=120 prev_state=S ==> next_comm=Binder_1 next_pid=4877 next_prio=120
            main-4866  [001] d..2   798.041559: block_rq_insert: 179,0 R 0 () 4123736 + 8 [main]
            main-4866  [001] d..2   798.041562: block_rq_insert: 179,0 R 0 () 4123816 + 32 [main]
        Binder_1-4877  [000] ...2   798.041573: sched_switch: prev_comm=Binder_1 prev_pid=4877 prev_prio=120 prev_state=R+ ==> next_comm=mmcqd/1 next_pid=116 next_prio=120
            main-4866  [001] ...2   798.041578: sched_switch: prev_comm=main prev_pid=4866 prev_prio=120 prev_state=D|W ==> next_comm=swapper/1 next_pid=0 next_prio=120
         mmcqd/1-116   [000] ...2   798.041602: sched_switch: prev_comm=mmcqd/1 prev_pid=116 prev_prio=120 prev_state=S ==> next_comm=Binder_1 next_pid=4877 next_prio=120
        Binder_1-4877  [000] ...2   798.041923: sched_switch: prev_comm=Binder_1 prev_pid=4877 prev_prio=120 prev_state=R+ ==> next_comm=mmcqd/1 next_pid=116 next_prio=120
         mmcqd/1-116   [000] ...1   798.041978: block_rq_complete: 179,0 RA () 4008920 + 48 [0]
         mmcqd/1-116   [000] ...2   798.042023: sched_switch: prev_comm=mmcqd/1 prev_pid=116 prev_prio=120 prev_state=S ==> next_comm=Binder_1 next_pid=4877 next_prio=120
        Binder_1-4877  [000] ...2   798.042202: sched_switch: prev_comm=Binder_1 prev_pid=4877 prev_prio=120 prev_state=R+ ==> next_comm=mmcqd/1 next_pid=116 next_prio=120
         mmcqd/1-116   [000] ...1   798.042241: block_rq_complete: 179,0 RA () 4123736 + 8 [0]
         mmcqd/1-116   [000] ...2   798.042263: sched_switch: prev_comm=mmcqd/1 prev_pid=116 prev_prio=120 prev_state=S ==> next_comm=Binder_1 next_pid=4877 next_prio=120
          <idle>-0     [001] ...2   798.042282: sched_switch: prev_comm=swapper/1 prev_pid=0 prev_prio=120 prev_state=R ==> next_comm=Binder_1 next_pid=4878 next_prio=120
        Binder_1-4877  [000] ...2   798.042307: sched_switch: prev_comm=Binder_1 prev_pid=4877 prev_prio=120 prev_state=S ==> next_comm=swapper/0 next_pid=0 next_prio=120
          <idle>-0     [000] ...2   798.042333: sched_switch: prev_comm=swapper/0 prev_pid=0 prev_prio=120 prev_state=R ==> next_comm=ksoftirqd/0 next_pid=3 next_prio=120
     ksoftirqd/0-3     [000] ...2   798.042348: sched_switch: prev_comm=ksoftirqd/0 prev_pid=3 prev_prio=120 prev_state=S ==> next_comm=swapper/0 next_pid=0 next_prio=120
          <idle>-0     [000] ...2   798.042373: sched_switch: prev_comm=swapper/0 prev_pid=0 prev_prio=120 prev_state=R ==> next_comm=ksoftirqd/0 next_pid=3 next_prio=120
     ksoftirqd/0-3     [000] ...2   798.042385: sched_switch: prev_comm=ksoftirqd/0 prev_pid=3 prev_prio=120 prev_state=S ==> next_comm=swapper/0 next_pid=0 next_prio=120
          <idle>-0     [000] ...2   798.042407: sched_switch: prev_comm=swapper/0 prev_pid=0 prev_prio=120 prev_state=R ==> next_comm=ksoftirqd/0 next_pid=3 next_prio=120
     ksoftirqd/0-3     [000] ...2   798.042419: sched_switch: prev_comm=ksoftirqd/0 prev_pid=3 prev_prio=120 prev_state=S ==> next_comm=swapper/0 next_pid=0 next_prio=120
          <idle>-0     [000] ...2   798.042628: sched_switch: prev_comm=swapper/0 prev_pid=0 prev_prio=120 prev_state=R ==> next_comm=mmcqd/1 next_pid=116 next_prio=120
         mmcqd/1-116   [000] ...1   798.042651: block_rq_complete: 179,0 RA () 4123816 + 32 [0]
        Binder_2-4878  [001] ...2   798.042666: sched_switch: prev_comm=Binder_2 prev_pid=4878 prev_prio=120 prev_state=R ==> next_comm=main next_pid=4866 next_prio=120
         mmcqd/1-116   [000] ...2   798.042683: sched_switch: prev_comm=mmcqd/1 prev_pid=116 prev_prio=120 prev_state=R+ ==> next_comm=kworker/0:1H next_pid=17 next_prio=100
    kworker/0:1H-17    [000] ...2   798.042697: sched_switch: prev_comm=kworker/0:1H prev_pid=17 prev_prio=100 prev_state=S ==> next_comm=mmcqd/1 next_pid=116 next_prio=120
            main-4866  [001] d..2   798.042713: block_rq_insert: 179,0 R 0 () 4084528 + 24 [main]
            main-4866  [001] ...2   798.042725: sched_switch: prev_comm=main prev_pid=4866 prev_prio=120 prev_state=D|W ==> next_comm=Binder_2 next_pid=4878 next_prio=120
         mmcqd/1-116   [000] ...2   798.042784: sched_switch: prev_comm=mmcqd/1 prev_pid=116 prev_prio=120 prev_state=S ==> next_comm=swapper/0 next_pid=0 next_prio=120
        Binder_2-4878  [001] ...2   798.042831: sched_switch: prev_comm=Binder_2 prev_pid=4878 prev_prio=120 prev_state=S ==> next_comm=swapper/1 next_pid=0 next_prio=120
          <idle>-0     [000] ...2   798.043144: sched_switch: prev_comm=swapper/0 prev_pid=0 prev_prio=120 prev_state=R ==> next_comm=mmcqd/1 next_pid=116 next_prio=120
         mmcqd/1-116   [000] ...1   798.043165: block_rq_complete: 179,0 RA () 4084528 + 24 [0]
          <idle>-0     [001] ...2   798.043181: sched_switch: prev_comm=swapper/1 prev_pid=0 prev_prio=120 prev_state=R ==> next_comm=main next_pid=4866 next_prio=120
         mmcqd/1-116   [000] ...2   798.043195: sched_switch: prev_comm=mmcqd/1 prev_pid=116 prev_prio=120 prev_state=R+ ==> next_comm=kworker/0:1H next_pid=17 next_prio=100
    kworker/0:1H-17    [000] ...2   798.043207: sched_switch: prev_comm=kworker/0:1H prev_pid=17 prev_prio=100 prev_state=S ==> next_comm=mmcqd/1 next_pid=116 next_prio=120
         mmcqd/1-116   [000] ...2   798.043224: sched_switch: prev_comm=mmcqd/1 prev_pid=116 prev_prio=120 prev_state=S ==> next_comm=swapper/0 next_pid=0 next_prio=120
          <idle>-0     [000] ...2   798.043235: sched_switch: prev_comm=swapper/0 prev_pid=0 prev_prio=120 prev_state=R ==> next_comm=servicemanager next_pid=168 next_prio=120
            main-4866  [001] ...2   798.043240: sched_switch: prev_comm=main prev_pid=4866 prev_prio=120 prev_state=S ==> next_comm=swapper/1 next_pid=0 next_prio=120
          <idle>-0     [001] ...2   798.043272: sched_switch: prev_comm=swapper/1 prev_pid=0 prev_prio=120 prev_state=R ==> next_comm=main next_pid=4866 next_prio=120
           <...>-168   [000] ...2   798.043288: sched_switch: prev_comm=servicemanager prev_pid=168 prev_prio=120 prev_state=S ==> next_comm=swapper/0 next_pid=0 next_prio=120
          <idle>-0     [000] ...2   798.043437: sched_switch: prev_comm=swapper/0 prev_pid=0 prev_prio=120 prev_state=R ==> next_comm=servicemanager next_pid=168 next_prio=120
            main-4866  [001] ...2   798.043437: sched_switch: prev_comm=main prev_pid=4866 prev_prio=120 prev_state=S ==> next_comm=swapper/1 next_pid=0 next_prio=120
          <idle>-0     [001] ...2   798.043600: sched_switch: prev_comm=swapper/1 prev_pid=0 prev_prio=120 prev_state=R ==> next_comm=main next_pid=4866 next_prio=120
           <...>-168   [000] ...2   798.043611: sched_switch: prev_comm=servicemanager prev_pid=168 prev_prio=120 prev_state=S ==> next_comm=swapper/0 next_pid=0 next_prio=120
            main-4866  [001] d..2   798.043758: block_rq_insert: 179,0 R 0 () 4078736 + 8 [main]
            main-4866  [001] d..2   798.043761: block_rq_insert: 179,0 R 0 () 4078752 + 8 [main]
            main-4866  [001] d..2   798.043763: block_rq_insert: 179,0 R 0 () 4078784 + 8 [main]
            main-4866  [001] d..2   798.043765: block_rq_insert: 179,0 R 0 () 4078824 + 8 [main]
            main-4866  [001] d..2   798.043766: block_rq_insert: 179,0 R 0 () 4078840 + 24 [main]
            main-4866  [001] d..2   798.043768: block_rq_insert: 179,0 R 0 () 4078888 + 32 [main]
            main-4866  [001] d..2   798.043770: block_rq_insert: 179,0 R 0 () 4078952 + 16 [main]
            main-4866  [001] d..2   798.043771: block_rq_insert: 179,0 R 0 () 4078976 + 8 [main]
          <idle>-0     [000] ...2   798.043789: sched_switch: prev_comm=swapper/0 prev_pid=0 prev_prio=120 prev_state=R ==> next_comm=mmcqd/1 next_pid=116 next_prio=120
         mmcqd/1-116   [000] ...2   798.043865: sched_switch: prev_comm=mmcqd/1 prev_pid=116 prev_prio=120 prev_state=S ==> next_comm=swapper/0 next_pid=0 next_prio=120
          <idle>-0     [000] ...2   798.044072: sched_switch: prev_comm=swapper/0 prev_pid=0 prev_prio=120 prev_state=R ==> next_comm=mmcqd/1 next_pid=116 next_prio=120
         mmcqd/1-116   [000] ...1   798.044111: block_rq_complete: 179,0 RA () 4078976 + 8 [0]
         mmcqd/1-116   [000] ...2   798.044152: sched_switch: prev_comm=mmcqd/1 prev_pid=116 prev_prio=120 prev_state=S ==> next_comm=swapper/0 next_pid=0 next_prio=120
          <idle>-0     [000] ...2   798.044393: sched_switch: prev_comm=swapper/0 prev_pid=0 prev_prio=120 prev_state=R ==> next_comm=mmcqd/1 next_pid=116 next_prio=120
         mmcqd/1-116   [000] ...1   798.044436: block_rq_complete: 179,0 RA () 4078952 + 16 [0]
            main-4866  [001] d..2   798.044462: block_rq_insert: 179,0 R 0 () 4052264 + 8 [main]
            main-4866  [001] d..2   798.044466: block_rq_insert: 179,0 R 0 () 4052304 + 8 [main]
            main-4866  [001] d..2   798.044469: block_rq_insert: 179,0 R 0 () 4052400 + 32 [main]
         mmcqd/1-116   [000] ...2   798.044475: sched_switch: prev_comm=mmcqd/1 prev_pid=116 prev_prio=120 prev_state=S ==> next_comm=swapper/0 next_pid=0 next_prio=120
            main-4866  [001] ...2   798.044477: sched_switch: prev_comm=main prev_pid=4866 prev_prio=120 prev_state=D|W ==> next_comm=kworker/1:1 next_pid=4862 next_prio=120
     kworker/1:1-4862  [001] ...2   798.044495: sched_switch: prev_comm=kworker/1:1 prev_pid=4862 prev_prio=120 prev_state=S ==> next_comm=swapper/1 next_pid=0 next_prio=120
          <idle>-0     [000] ...2   798.044500: sched_switch: prev_comm=swapper/0 prev_pid=0 prev_prio=120 prev_state=R ==> next_comm=adbd next_pid=778 next_prio=120
           <...>-778   [000] ...2   798.044684: sched_switch: prev_comm=adbd prev_pid=778 prev_prio=120 prev_state=S ==> next_comm=adbd next_pid=780 next_prio=120
           <...>-780   [000] ...2   798.044777: sched_switch: prev_comm=adbd prev_pid=780 prev_prio=120 prev_state=S ==> next_comm=swapper/0 next_pid=0 next_prio=120
          <idle>-0     [000] ...2   798.044837: sched_switch: prev_comm=swapper/0 prev_pid=0 prev_prio=120 prev_state=R ==> next_comm=mmcqd/1 next_pid=116 next_prio=120
         mmcqd/1-116   [000] ...1   798.044886: block_rq_complete: 179,0 RA () 4078888 + 32 [0]
         mmcqd/1-116   [000] ...2   798.044919: sched_switch: prev_comm=mmcqd/1 prev_pid=116 prev_prio=120 prev_state=S ==> next_comm=swapper/0 next_pid=0 next_prio=120
          <idle>-0     [000] ...2   798.045363: sched_switch: prev_comm=swapper/0 prev_pid=0 prev_prio=120 prev_state=R ==> next_comm=adbd next_pid=781 next_prio=120
           <...>-781   [000] ...2   798.045423: sched_switch: prev_comm=adbd prev_pid=781 prev_prio=120 prev_state=S ==> next_comm=adbd next_pid=778 next_prio=120
           <...>-778   [000] ...2   798.045538: sched_switch: prev_comm=adbd prev_pid=778 prev_prio=120 prev_state=S ==> next_comm=adbd next_pid=780 next_prio=120
           <...>-780   [000] ...2   798.045547: sched_switch: prev_comm=adbd prev_pid=780 prev_prio=120 prev_state=S ==> next_comm=mmcqd/1 next_pid=116 next_prio=120
         mmcqd/1-116   [000] ...1   798.045594: block_rq_complete: 179,0 RA () 4078840 + 24 [0]
         mmcqd/1-116   [000] ...2   798.045626: sched_switch: prev_comm=mmcqd/1 prev_pid=116 prev_prio=120 prev_state=S ==> next_comm=swapper/0 next_pid=0 next_prio=120
          <idle>-0     [000] ...2   798.045821: sched_switch: prev_comm=swapper/0 prev_pid=0 prev_prio=120 prev_state=R ==> next_comm=mmcqd/1 next_pid=116 next_prio=120
         mmcqd/1-116   [000] ...1   798.045860: block_rq_complete: 179,0 RA () 4078824 + 8 [0]
         mmcqd/1-116   [000] ...2   798.045891: sched_switch: prev_comm=mmcqd/1 prev_pid=116 prev_prio=120 prev_state=S ==> next_comm=swapper/0 next_pid=0 next_prio=120
          <idle>-0     [000] ...2   798.046095: sched_switch: prev_comm=swapper/0 prev_pid=0 prev_prio=120 prev_state=R ==> next_comm=mmcqd/1 next_pid=116 next_prio=120
         mmcqd/1-116   [000] ...1   798.046132: block_rq_complete: 179,0 RA () 4078784 + 8 [0]
         mmcqd/1-116   [000] ...2   798.046162: sched_switch: prev_comm=mmcqd/1 prev_pid=116 prev_prio=120 prev_state=S ==> next_comm=swapper/0 next_pid=0 next_prio=120
          <idle>-0     [000] ...2   798.046358: sched_switch: prev_comm=swapper/0 prev_pid=0 prev_prio=120 prev_state=R ==> next_comm=mmcqd/1 next_pid=116 next_prio=120
         mmcqd/1-116   [000] ...1   798.046396: block_rq_complete: 179,0 RA () 4078752 + 8 [0]
         mmcqd/1-116   [000] ...2   798.046436: sched_switch: prev_comm=mmcqd/1 prev_pid=116 prev_prio=120 prev_state=S ==> next_comm=swapper/0 next_pid=0 next_prio=120
          <idle>-0     [000] ...2   798.046616: sched_switch: prev_comm=swapper/0 prev_pid=0 prev_prio=120 prev_state=R ==> next_comm=mmcqd/1 next_pid=116 next_prio=120
         mmcqd/1-116   [000] ...1   798.046655: block_rq_complete: 179,0 RA () 4078736 + 8 [0]
         mmcqd/1-116   [000] ...2   798.046686: sched_switch: prev_comm=mmcqd/1 prev_pid=116 prev_prio=120 prev_state=S ==> next_comm=swapper/0 next_pid=0 next_prio=120
          <idle>-0     [000] ...2   798.047040: sched_switch: prev_comm=swapper/0 prev_pid=0 prev_prio=120 prev_state=R ==> next_comm=mmcqd/1 next_pid=116 next_prio=120
         mmcqd/1-116   [000] ...1   798.047086: block_rq_complete: 179,0 RA () 4052400 + 32 [0]
         mmcqd/1-116   [000] ...2   798.047116: sched_switch: prev_comm=mmcqd/1 prev_pid=116 prev_prio=120 prev_state=S ==> next_comm=swapper/0 next_pid=0 next_prio=120
          <idle>-0     [000] ...2   798.047319: sched_switch: prev_comm=swapper/0 prev_pid=0 prev_prio=120 prev_state=R ==> next_comm=mmcqd/1 next_pid=116 next_prio=120
         mmcqd/1-116   [000] ...1   798.047357: block_rq_complete: 179,0 RA () 4052304 + 8 [0]
          <idle>-0     [001] ...2   798.047374: sched_switch: prev_comm=swapper/1 prev_pid=0 prev_prio=120 prev_state=R ==> next_comm=main next_pid=4866 next_prio=120
         mmcqd/1-116   [000] ...2   798.047384: sched_switch: prev_comm=mmcqd/1 prev_pid=116 prev_prio=120 prev_state=S ==> next_comm=swapper/0 next_pid=0 next_prio=120
          <idle>-0     [000] ...2   798.047591: sched_switch: prev_comm=swapper/0 prev_pid=0 prev_prio=120 prev_state=R ==> next_comm=mmcqd/1 next_pid=116 next_prio=120
         mmcqd/1-116   [000] ...1   798.047607: block_rq_complete: 179,0 RA () 4052264 + 8 [0]
         mmcqd/1-116   [000] ...2   798.047629: sched_switch: prev_comm=mmcqd/1 prev_pid=116 prev_prio=120 prev_state=R+ ==> next_comm=kworker/0:1H next_pid=17 next_prio=100
    kworker/0:1H-17    [000] ...2   798.047641: sched_switch: prev_comm=kworker/0:1H prev_pid=17 prev_prio=100 prev_state=S ==> next_comm=mmcqd/1 next_pid=116 next_prio=120
         mmcqd/1-116   [000] ...2   798.047657: sched_switch: prev_comm=mmcqd/1 prev_pid=116 prev_prio=120 prev_state=S ==> next_comm=swapper/0 next_pid=0 next_prio=120
            main-4866  [001] ...2   798.048017: sched_switch: prev_comm=main prev_pid=4866 prev_prio=120 prev_state=S ==> next_comm=Binder_B next_pid=1403 next_prio=120
        Binder_B-1403  [001] ...2   798.048585: sched_switch: prev_comm=Binder_B prev_pid=1403 prev_prio=120 prev_state=S ==> next_comm=swapper/1 next_pid=0 next_prio=120
          <idle>-0     [000] ...2   798.048585: sched_switch: prev_comm=swapper/0 prev_pid=0 prev_prio=120 prev_state=R ==> next_comm=Binder_5 next_pid=1577 next_prio=120
          <idle>-0     [001] ...2   798.048684: sched_switch: prev_comm=swapper/1 prev_pid=0 prev_prio=120 prev_state=R ==> next_comm=Binder_B next_pid=1403 next_prio=120
           <...>-1577  [000] ...2   798.048715: sched_switch: prev_comm=Binder_5 prev_pid=1577 prev_prio=120 prev_state=S ==> next_comm=swapper/0 next_pid=0 next_prio=120
          <idle>-0     [000] ...2   798.048934: sched_switch: prev_comm=swapper/0 prev_pid=0 prev_prio=120 prev_state=R ==> next_comm=kworker/0:1H next_pid=17 next_prio=100
    kworker/0:1H-17    [000] ...2   798.048967: sched_switch: prev_comm=kworker/0:1H prev_pid=17 prev_prio=100 prev_state=D ==> next_comm=kworker/0:0H next_pid=4413 next_prio=100
        Binder_B-1403  [001] ...2   798.048978: sched_switch: prev_comm=Binder_B prev_pid=1403 prev_prio=120 prev_state=R+ ==> next_comm=InputDispatcher next_pid=795 next_prio=112
    kworker/0:0H-4413  [000] ...2   798.049000: sched_switch: prev_comm=kworker/0:0H prev_pid=4413 prev_prio=100 prev_state=S ==> next_comm=kworker/0:1H next_pid=17 next_prio=100
           <...>-795   [001] ...2   798.049010: sched_switch: prev_comm=InputDispatcher prev_pid=795 prev_prio=112 prev_state=S ==> next_comm=Binder_B next_pid=1403 next_prio=120
    kworker/0:1H-17    [000] ...2   798.049013: sched_switch: prev_comm=kworker/0:1H prev_pid=17 prev_prio=100 prev_state=S ==> next_comm=ksoftirqd/0 next_pid=3 next_prio=120
     ksoftirqd/0-3     [000] ...2   798.049033: sched_switch: prev_comm=ksoftirqd/0 prev_pid=3 prev_prio=120 prev_state=S ==> next_comm=swapper/0 next_pid=0 next_prio=120
          <idle>-0     [000] ...2   798.049060: sched_switch: prev_comm=swapper/0 prev_pid=0 prev_prio=120 prev_state=R ==> next_comm=ksoftirqd/0 next_pid=3 next_prio=120
     ksoftirqd/0-3     [000] ...2   798.049070: sched_switch: prev_comm=ksoftirqd/0 prev_pid=3 prev_prio=120 prev_state=S ==> next_comm=swapper/0 next_pid=0 next_prio=120
          <idle>-0     [000] ...2   798.049092: sched_switch: prev_comm=swapper/0 prev_pid=0 prev_prio=120 prev_state=R ==> next_comm=Binder_3 next_pid=389 next_prio=120
        Binder_B-1403  [001] ...2   798.049104: sched_switch: prev_comm=Binder_B prev_pid=1403 prev_prio=120 prev_state=S ==> next_comm=swapper/1 next_pid=0 next_prio=120
          <idle>-0     [001] ...2   798.049119: sched_switch: prev_comm=swapper/1 prev_pid=0 prev_prio=120 prev_state=R ==> next_comm=ksoftirqd/1 next_pid=4857 next_prio=120
     ksoftirqd/1-4857  [001] ...2   798.049130: sched_switch: prev_comm=ksoftirqd/1 prev_pid=4857 prev_prio=120 prev_state=S ==> next_comm=swapper/1 next_pid=0 next_prio=120
          <idle>-0     [001] ...2   798.049144: sched_switch: prev_comm=swapper/1 prev_pid=0 prev_prio=120 prev_state=R ==> next_comm=ksoftirqd/1 next_pid=4857 next_prio=120
     ksoftirqd/1-4857  [001] ...2   798.049157: sched_switch: prev_comm=ksoftirqd/1 prev_pid=4857 prev_prio=120 prev_state=S ==> next_comm=swapper/1 next_pid=0 next_prio=120
          <idle>-0     [001] ...2   798.049200: sched_switch: prev_comm=swapper/1 prev_pid=0 prev_prio=120 prev_state=R ==> next_comm=Binder_B next_pid=1403 next_prio=120
           <...>-389   [000] ...2   798.049229: sched_switch: prev_comm=Binder_3 prev_pid=389 prev_prio=120 prev_state=S ==> next_comm=ksoftirqd/0 next_pid=3 next_prio=120
     ksoftirqd/0-3     [000] ...2   798.049246: sched_switch: prev_comm=ksoftirqd/0 prev_pid=3 prev_prio=120 prev_state=S ==> next_comm=swapper/0 next_pid=0 next_prio=120
          <idle>-0     [000] ...2   798.049253: sched_switch: prev_comm=swapper/0 prev_pid=0 prev_prio=120 prev_state=R ==> next_comm=android.display next_pid=770 next_prio=116
           <...>-770   [000] ...2   798.049396: sched_switch: prev_comm=android.display prev_pid=770 prev_prio=116 prev_state=S ==> next_comm=Binder_4 next_pid=1509 next_prio=120
        Binder_B-1403  [001] ...2   798.049452: sched_switch: prev_comm=Binder_B prev_pid=1403 prev_prio=120 prev_state=R ==> next_comm=EventThread next_pid=320 next_prio=111
        Binder_4-1509  [000] ...2   798.049481: sched_switch: prev_comm=Binder_4 prev_pid=1509 prev_prio=120 prev_state=S ==> next_comm=swapper/0 next_pid=0 next_prio=120
          <idle>-0     [000] ...2   798.049505: sched_switch: prev_comm=swapper/0 prev_pid=0 prev_prio=120 prev_state=R ==> next_comm=ksoftirqd/0 next_pid=3 next_prio=120
     EventThread-320   [001] ...2   798.049506: sched_switch: prev_comm=EventThread prev_pid=320 prev_prio=111 prev_state=S ==> next_comm=LazyTaskWriterT next_pid=833 next_prio=120
     ksoftirqd/0-3     [000] ...2   798.049516: sched_switch: prev_comm=ksoftirqd/0 prev_pid=3 prev_prio=120 prev_state=S ==> next_comm=swapper/0 next_pid=0 next_prio=120
 LazyTaskWriterT-833   [001] ...2   798.049540: sched_switch: prev_comm=LazyTaskWriterT prev_pid=833 prev_prio=120 prev_state=S ==> next_comm=Binder_9 next_pid=1167 next_prio=120
        Binder_9-1167  [001] ...2   798.049616: sched_switch: prev_comm=Binder_9 prev_pid=1167 prev_prio=120 prev_state=S ==> next_comm=Binder_B next_pid=1403 next_prio=120
          <idle>-0     [000] ...2   798.049816: sched_switch: prev_comm=swapper/0 prev_pid=0 prev_prio=120 prev_state=R ==> next_comm=ActivityManager next_pid=765 next_prio=118
 ActivityManager-765   [000] ...2   798.049870: sched_switch: prev_comm=ActivityManager prev_pid=765 prev_prio=118 prev_state=S ==> next_comm=swapper/0 next_pid=0 next_prio=120
          <idle>-0     [000] ...2   798.049971: sched_switch: prev_comm=swapper/0 prev_pid=0 prev_prio=120 prev_state=R ==> next_comm=Binder_2 next_pid=1118 next_prio=120
           <...>-1118  [000] ...2   798.050121: sched_switch: prev_comm=Binder_2 prev_pid=1118 prev_prio=120 prev_state=R+ ==> next_comm=lmkd next_pid=167 next_prio=98
            lmkd-167   [000] ...2   798.050273: sched_switch: prev_comm=lmkd prev_pid=167 prev_prio=98 prev_state=S ==> next_comm=Binder_1 next_pid=1117 next_prio=120
        Binder_1-1117  [000] ...2   798.050285: sched_switch: prev_comm=Binder_1 prev_pid=1117 prev_prio=120 prev_state=D ==> next_comm=droid.launcher3 next_pid=1093 next_prio=120
 droid.launcher3-1093  [000] ...2   798.050372: sched_switch: prev_comm=droid.launcher3 prev_pid=1093 prev_prio=120 prev_state=D ==> next_comm=Binder_2 next_pid=1118 next_prio=120
           <...>-1118  [000] ...2   798.050399: sched_switch: prev_comm=Binder_2 prev_pid=1118 prev_prio=120 prev_state=R ==> next_comm=Binder_1 next_pid=1117 next_prio=120
        Binder_1-1117  [000] ...2   798.050417: sched_switch: prev_comm=Binder_1 prev_pid=1117 prev_prio=120 prev_state=S ==> next_comm=Binder_2 next_pid=1118 next_prio=120
           <...>-1118  [000] ...2   798.050524: sched_switch: prev_comm=Binder_2 prev_pid=1118 prev_prio=120 prev_state=D ==> next_comm=droid.launcher3 next_pid=1093 next_prio=120
 droid.launcher3-1093  [000] ...2   798.050547: sched_switch: prev_comm=droid.launcher3 prev_pid=1093 prev_prio=120 prev_state=R+ ==> next_comm=Binder_2 next_pid=237 next_prio=120
        Binder_2-237   [000] ...2   798.050559: sched_switch: prev_comm=Binder_2 prev_pid=237 prev_prio=120 prev_state=D ==> next_comm=droid.launcher3 next_pid=1093 next_prio=120
 droid.launcher3-1093  [000] ...2   798.050573: sched_switch: prev_comm=droid.launcher3 prev_pid=1093 prev_prio=120 prev_state=R+ ==> next_comm=Binder_2 next_pid=237 next_prio=120
        Binder_B-1403  [001] ...2   798.050624: sched_switch: prev_comm=Binder_B prev_pid=1403 prev_prio=120 prev_state=R+ ==> next_comm=EventThread next_pid=320 next_prio=111
     EventThread-320   [001] ...2   798.050644: sched_switch: prev_comm=EventThread prev_pid=320 prev_prio=111 prev_state=S ==> next_comm=Binder_B next_pid=1403 next_prio=120
        Binder_2-237   [000] ...2   798.050654: sched_switch: prev_comm=Binder_2 prev_pid=237 prev_prio=120 prev_state=S ==> next_comm=droid.launcher3 next_pid=1093 next_prio=120
 droid.launcher3-1093  [000] ...2   798.050715: sched_switch: prev_comm=droid.launcher3 prev_pid=1093 prev_prio=120 prev_state=R ==> next_comm=ActivityManager next_pid=765 next_prio=118
 ActivityManager-765   [000] ...2   798.050777: sched_switch: prev_comm=ActivityManager prev_pid=765 prev_prio=118 prev_state=S ==> next_comm=RenderThread next_pid=1365 next_prio=116
    RenderThread-1365  [000] ...2   798.050807: sched_switch: prev_comm=RenderThread prev_pid=1365 prev_prio=116 prev_state=S ==> next_comm=droid.launcher3 next_pid=1093 next_prio=120
 droid.launcher3-1093  [000] ...2   798.050863: sched_switch: prev_comm=droid.launcher3 prev_pid=1093 prev_prio=120 prev_state=S ==> next_comm=RenderThread next_pid=1365 next_prio=116
    RenderThread-1365  [000] ...2   798.050891: sched_switch: prev_comm=RenderThread prev_pid=1365 prev_prio=116 prev_state=S ==> next_comm=Binder_2 next_pid=1118 next_prio=120
        Binder_B-1403  [001] ...2   798.051041: sched_switch: prev_comm=Binder_B prev_pid=1403 prev_prio=120 prev_state=R+ ==> next_comm=LazyTaskWriterT next_pid=833 next_prio=120
 LazyTaskWriterT-833   [001] ...2   798.051054: sched_switch: prev_comm=LazyTaskWriterT prev_pid=833 prev_prio=120 prev_state=S ==> next_comm=Binder_B next_pid=1403 next_prio=120
        Binder_B-1403  [001] ...2   798.051066: sched_switch: prev_comm=Binder_B prev_pid=1403 prev_prio=120 prev_state=R+ ==> next_comm=LazyTaskWriterT next_pid=833 next_prio=120
 LazyTaskWriterT-833   [001] ...2   798.051080: sched_switch: prev_comm=LazyTaskWriterT prev_pid=833 prev_prio=120 prev_state=S ==> next_comm=Binder_B next_pid=1403 next_prio=120
        Binder_B-1403  [001] ...2   798.051092: sched_switch: prev_comm=Binder_B prev_pid=1403 prev_prio=120 prev_state=R+ ==> next_comm=LazyTaskWriterT next_pid=833 next_prio=120
 LazyTaskWriterT-833   [001] ...2   798.051110: sched_switch: prev_comm=LazyTaskWriterT prev_pid=833 prev_prio=120 prev_state=S ==> next_comm=Binder_B next_pid=1403 next_prio=120
        Binder_B-1403  [001] ...2   798.051122: sched_switch: prev_comm=Binder_B prev_pid=1403 prev_prio=120 prev_state=R+ ==> next_comm=LazyTaskWriterT next_pid=833 next_prio=120
 LazyTaskWriterT-833   [001] ...2   798.051133: sched_switch: prev_comm=LazyTaskWriterT prev_pid=833 prev_prio=120 prev_state=S ==> next_comm=Binder_B next_pid=1403 next_prio=120
        Binder_B-1403  [001] ...2   798.051144: sched_switch: prev_comm=Binder_B prev_pid=1403 prev_prio=120 prev_state=R+ ==> next_comm=LazyTaskWriterT next_pid=833 next_prio=120
           <...>-1118  [000] ...2   798.051154: sched_switch: prev_comm=Binder_2 prev_pid=1118 prev_prio=120 prev_state=S ==> next_comm=Binder_1 next_pid=2242 next_prio=120
 LazyTaskWriterT-833   [001] ...2   798.051170: sched_switch: prev_comm=LazyTaskWriterT prev_pid=833 prev_prio=120 prev_state=S ==> next_comm=Binder_B next_pid=1403 next_prio=120
        Binder_B-1403  [001] ...2   798.051193: sched_switch: prev_comm=Binder_B prev_pid=1403 prev_prio=120 prev_state=R+ ==> next_comm=LazyTaskWriterT next_pid=833 next_prio=120
 LazyTaskWriterT-833   [001] ...2   798.051204: sched_switch: prev_comm=LazyTaskWriterT prev_pid=833 prev_prio=120 prev_state=S ==> next_comm=Binder_B next_pid=1403 next_prio=120
        Binder_B-1403  [001] ...2   798.051216: sched_switch: prev_comm=Binder_B prev_pid=1403 prev_prio=120 prev_state=R+ ==> next_comm=LazyTaskWriterT next_pid=833 next_prio=120
 LazyTaskWriterT-833   [001] ...2   798.051227: sched_switch: prev_comm=LazyTaskWriterT prev_pid=833 prev_prio=120 prev_state=S ==> next_comm=Binder_B next_pid=1403 next_prio=120
        Binder_B-1403  [001] ...2   798.051239: sched_switch: prev_comm=Binder_B prev_pid=1403 prev_prio=120 prev_state=R+ ==> next_comm=LazyTaskWriterT next_pid=833 next_prio=120
 LazyTaskWriterT-833   [001] ...2   798.051256: sched_switch: prev_comm=LazyTaskWriterT prev_pid=833 prev_prio=120 prev_state=S ==> next_comm=Binder_B next_pid=1403 next_prio=120
        Binder_B-1403  [001] ...2   798.051270: sched_switch: prev_comm=Binder_B prev_pid=1403 prev_prio=120 prev_state=R+ ==> next_comm=LazyTaskWriterT next_pid=833 next_prio=120
 LazyTaskWriterT-833   [001] ...2   798.051280: sched_switch: prev_comm=LazyTaskWriterT prev_pid=833 prev_prio=120 prev_state=S ==> next_comm=Binder_B next_pid=1403 next_prio=120
        Binder_B-1403  [001] ...2   798.051291: sched_switch: prev_comm=Binder_B prev_pid=1403 prev_prio=120 prev_state=R+ ==> next_comm=LazyTaskWriterT next_pid=833 next_prio=120
 LazyTaskWriterT-833   [001] ...2   798.051316: sched_switch: prev_comm=LazyTaskWriterT prev_pid=833 prev_prio=120 prev_state=S ==> next_comm=Binder_B next_pid=1403 next_prio=120
        Binder_B-1403  [001] ...2   798.051499: sched_switch: prev_comm=Binder_B prev_pid=1403 prev_prio=120 prev_state=R+ ==> next_comm=Binder_1 next_pid=235 next_prio=120
           <...>-235   [001] ...2   798.051508: sched_switch: prev_comm=Binder_1 prev_pid=235 prev_prio=120 prev_state=D ==> next_comm=android.bg next_pid=764 next_prio=130
      android.bg-764   [001] ...2   798.051572: sched_switch: prev_comm=android.bg prev_pid=764 prev_prio=130 prev_state=S ==> next_comm=Binder_B next_pid=1403 next_prio=120
        Binder_B-1403  [001] ...2   798.051580: sched_switch: prev_comm=Binder_B prev_pid=1403 prev_prio=120 prev_state=R+ ==> next_comm=Binder_1 next_pid=235 next_prio=120
           <...>-235   [001] ...2   798.051644: sched_switch: prev_comm=Binder_1 prev_pid=235 prev_prio=120 prev_state=S ==> next_comm=Binder_B next_pid=1403 next_prio=120
        Binder_1-2242  [000] ...2   798.051743: sched_switch: prev_comm=Binder_1 prev_pid=2242 prev_prio=120 prev_state=S ==> next_comm=xample.bdbtrace next_pid=2226 next_prio=120
        Binder_B-1403  [001] ...2   798.051910: sched_switch: prev_comm=Binder_B prev_pid=1403 prev_prio=120 prev_state=R+ ==> next_comm=InputDispatcher next_pid=795 next_prio=112
           <...>-795   [001] ...2   798.051934: sched_switch: prev_comm=InputDispatcher prev_pid=795 prev_prio=112 prev_state=S ==> next_comm=Binder_B next_pid=1403 next_prio=120
        Binder_B-1403  [001] ...2   798.052025: sched_switch: prev_comm=Binder_B prev_pid=1403 prev_prio=120 prev_state=S ==> next_comm=Binder_5 next_pid=1577 next_prio=120
           <...>-1577  [001] ...2   798.052106: sched_switch: prev_comm=Binder_5 prev_pid=1577 prev_prio=120 prev_state=S ==> next_comm=Binder_B next_pid=1403 next_prio=120
        Binder_B-1403  [001] ...2   798.052276: sched_switch: prev_comm=Binder_B prev_pid=1403 prev_prio=120 prev_state=R+ ==> next_comm=Binder_3 next_pid=389 next_prio=120
           <...>-389   [001] ...2   798.052284: sched_switch: prev_comm=Binder_3 prev_pid=389 prev_prio=120 prev_state=D ==> next_comm=Binder_B next_pid=1403 next_prio=120
        Binder_B-1403  [001] ...2   798.052292: sched_switch: prev_comm=Binder_B prev_pid=1403 prev_prio=120 prev_state=R+ ==> next_comm=Binder_3 next_pid=389 next_prio=120
           <...>-389   [001] ...2   798.052347: sched_switch: prev_comm=Binder_3 prev_pid=389 prev_prio=120 prev_state=S ==> next_comm=Binder_B next_pid=1403 next_prio=120
        Binder_B-1403  [001] ...2   798.052566: sched_switch: prev_comm=Binder_B prev_pid=1403 prev_prio=120 prev_state=R+ ==> next_comm=InputDispatcher next_pid=795 next_prio=112
           <...>-795   [001] ...2   798.052592: sched_switch: prev_comm=InputDispatcher prev_pid=795 prev_prio=112 prev_state=S ==> next_comm=Binder_B next_pid=1403 next_prio=120
        Binder_B-1403  [001] ...2   798.052668: sched_switch: prev_comm=Binder_B prev_pid=1403 prev_prio=120 prev_state=R+ ==> next_comm=Binder_4 next_pid=1509 next_prio=120
        Binder_4-1509  [001] ...2   798.052675: sched_switch: prev_comm=Binder_4 prev_pid=1509 prev_prio=120 prev_state=D ==> next_comm=Binder_B next_pid=1403 next_prio=120
        Binder_B-1403  [001] ...2   798.052683: sched_switch: prev_comm=Binder_B prev_pid=1403 prev_prio=120 prev_state=R+ ==> next_comm=Binder_4 next_pid=1509 next_prio=120
 xample.bdbtrace-2226  [000] ...2   798.052739: sched_switch: prev_comm=xample.bdbtrace prev_pid=2226 prev_prio=120 prev_state=D ==> next_comm=android.display next_pid=770 next_prio=116
        Binder_4-1509  [001] ...2   798.052764: sched_switch: prev_comm=Binder_4 prev_pid=1509 prev_prio=120 prev_state=S ==> next_comm=Binder_5 next_pid=1075 next_prio=120
           <...>-770   [000] ...2   798.052790: sched_switch: prev_comm=android.display prev_pid=770 prev_prio=116 prev_state=S ==> next_comm=xample.bdbtrace next_pid=2226 next_prio=120
 xample.bdbtrace-2226  [000] ...2   798.052813: sched_switch: prev_comm=xample.bdbtrace prev_pid=2226 prev_prio=120 prev_state=S ==> next_comm=HeapTrimmerDaem next_pid=1115 next_prio=120
        Binder_5-1075  [001] ...2   798.052838: sched_switch: prev_comm=Binder_5 prev_pid=1075 prev_prio=120 prev_state=S ==> next_comm=Binder_B next_pid=1403 next_prio=120
 HeapTrimmerDaem-1115  [000] ...2   798.052849: sched_switch: prev_comm=HeapTrimmerDaem prev_pid=1115 prev_prio=120 prev_state=S ==> next_comm=swapper/0 next_pid=0 next_prio=120
        Binder_B-1403  [001] ...2   798.053082: sched_switch: prev_comm=Binder_B prev_pid=1403 prev_prio=120 prev_state=R+ ==> next_comm=Binder_2 next_pid=2243 next_prio=120
        Binder_2-2243  [001] ...2   798.053090: sched_switch: prev_comm=Binder_2 prev_pid=2243 prev_prio=120 prev_state=D ==> next_comm=Binder_B next_pid=1403 next_prio=120
        Binder_B-1403  [001] ...2   798.053099: sched_switch: prev_comm=Binder_B prev_pid=1403 prev_prio=120 prev_state=R+ ==> next_comm=Binder_2 next_pid=2243 next_prio=120
        Binder_2-2243  [001] ...2   798.053213: sched_switch: prev_comm=Binder_2 prev_pid=2243 prev_prio=120 prev_state=S ==> next_comm=Binder_B next_pid=1403 next_prio=120
        Binder_B-1403  [001] ...2   798.053323: sched_switch: prev_comm=Binder_B prev_pid=1403 prev_prio=120 prev_state=R+ ==> next_comm=InputDispatcher next_pid=795 next_prio=112
           <...>-795   [001] ...2   798.053349: sched_switch: prev_comm=InputDispatcher prev_pid=795 prev_prio=112 prev_state=S ==> next_comm=Binder_B next_pid=1403 next_prio=120
          <idle>-0     [000] ...2   798.053415: sched_switch: prev_comm=swapper/0 prev_pid=0 prev_prio=120 prev_state=R ==> next_comm=ActivityManager next_pid=765 next_prio=118
        Binder_B-1403  [001] ...2   798.053439: sched_switch: prev_comm=Binder_B prev_pid=1403 prev_prio=120 prev_state=R+ ==> next_comm=main next_pid=4866 next_prio=120
            main-4866  [001] ...2   798.053446: sched_switch: prev_comm=main prev_pid=4866 prev_prio=120 prev_state=D ==> next_comm=Binder_B next_pid=1403 next_prio=120
        Binder_B-1403  [001] ...2   798.053454: sched_switch: prev_comm=Binder_B prev_pid=1403 prev_prio=120 prev_state=R+ ==> next_comm=main next_pid=4866 next_prio=120
            main-4866  [001] d..2   798.053691: block_rq_insert: 179,0 R 0 () 1181984 + 8 [main]
            main-4866  [001] d..2   798.053697: block_rq_insert: 179,0 R 0 () 1182000 + 40 [main]
            main-4866  [001] d..2   798.053699: block_rq_insert: 179,0 R 0 () 1182048 + 24 [main]
            main-4866  [001] ...2   798.053713: sched_switch: prev_comm=main prev_pid=4866 prev_prio=120 prev_state=D|W ==> next_comm=NetworkPolicy next_pid=802 next_prio=120
   NetworkPolicy-802   [001] ...2   798.053761: sched_switch: prev_comm=NetworkPolicy prev_pid=802 prev_prio=120 prev_state=S ==> next_comm=Binder_5 next_pid=1075 next_prio=120
 ActivityManager-765   [000] ...2   798.053769: sched_switch: prev_comm=ActivityManager prev_pid=765 prev_prio=118 prev_state=S ==> next_comm=kworker/u:0 next_pid=3362 next_prio=120
        Binder_5-1075  [001] ...2   798.053798: sched_switch: prev_comm=Binder_5 prev_pid=1075 prev_prio=120 prev_state=D ==> next_comm=Binder_B next_pid=1403 next_prio=120
        Binder_B-1403  [001] ...2   798.053806: sched_switch: prev_comm=Binder_B prev_pid=1403 prev_prio=120 prev_state=R+ ==> next_comm=Binder_5 next_pid=1075 next_prio=120
     kworker/u:0-3362  [000] ...2   798.053810: sched_switch: prev_comm=kworker/u:0 prev_pid=3362 prev_prio=120 prev_state=S ==> next_comm=Binder_2 next_pid=1079 next_prio=120
        Binder_5-1075  [001] ...2   798.053811: sched_switch: prev_comm=Binder_5 prev_pid=1075 prev_prio=120 prev_state=D ==> next_comm=Binder_B next_pid=1403 next_prio=120
        Binder_B-1403  [001] ...2   798.053819: sched_switch: prev_comm=Binder_B prev_pid=1403 prev_prio=120 prev_state=R+ ==> next_comm=Binder_5 next_pid=1075 next_prio=120
        Binder_5-1075  [001] ...2   798.053823: sched_switch: prev_comm=Binder_5 prev_pid=1075 prev_prio=120 prev_state=D ==> next_comm=Binder_B next_pid=1403 next_prio=120
        Binder_B-1403  [001] ...2   798.053831: sched_switch: prev_comm=Binder_B prev_pid=1403 prev_prio=120 prev_state=R ==> next_comm=Binder_5 next_pid=1075 next_prio=120
        Binder_5-1075  [001] ...2   798.053850: sched_switch: prev_comm=Binder_5 prev_pid=1075 prev_prio=120 prev_state=S ==> next_comm=Binder_B next_pid=1403 next_prio=120
        Binder_B-1403  [001] ...2   798.053859: sched_switch: prev_comm=Binder_B prev_pid=1403 prev_prio=120 prev_state=R+ ==> next_comm=Binder_5 next_pid=1075 next_prio=120
        Binder_5-1075  [001] ...2   798.053881: sched_switch: prev_comm=Binder_5 prev_pid=1075 prev_prio=120 prev_state=S ==> next_comm=Binder_B next_pid=1403 next_prio=120
        Binder_B-1403  [001] ...2   798.053901: sched_switch: prev_comm=Binder_B prev_pid=1403 prev_prio=120 prev_state=S ==> next_comm=Binder_2 next_pid=4878 next_prio=120
        Binder_2-1079  [000] ...2   798.054021: sched_switch: prev_comm=Binder_2 prev_pid=1079 prev_prio=120 prev_state=S ==> next_comm=mmcqd/1 next_pid=116 next_prio=120
        Binder_2-4878  [001] ...3   798.054065: sched_switch: prev_comm=Binder_2 prev_pid=4878 prev_prio=120 prev_state=x ==> next_comm=android.bg next_pid=764 next_prio=130
         mmcqd/1-116   [000] ...2   798.054126: sched_switch: prev_comm=mmcqd/1 prev_pid=116 prev_prio=120 prev_state=S ==> next_comm=xample.bdbtrace next_pid=2226 next_prio=120
