     ksoftirqd/0-3     [000] ...2   810.095468: sched_switch: prev_comm=ksoftirqd/0 prev_pid=3 prev_prio=120 prev_state=S ==> next_comm=swapper/0 next_pid=0 next_prio=120
          <idle>-0     [000] ...2   810.095478: sched_switch: prev_comm=swapper/0 prev_pid=0 prev_prio=120 prev_state=R ==> next_comm=ksoftirqd/0 next_pid=3 next_prio=120
     ksoftirqd/0-3     [000] ...2   810.095485: sched_switch: prev_comm=ksoftirqd/0 prev_pid=3 prev_prio=120 prev_state=S ==> next_comm=swapper/0 next_pid=0 next_prio=120
          <idle>-0     [000] ...2   810.095494: sched_switch: prev_comm=swapper/0 prev_pid=0 prev_prio=120 prev_state=R ==> next_comm=ksoftirqd/0 next_pid=3 next_prio=120
     ksoftirqd/0-3     [000] ...2   810.095500: sched_switch: prev_comm=ksoftirqd/0 prev_pid=3 prev_prio=120 prev_state=S ==> next_comm=swapper/0 next_pid=0 next_prio=120
          <idle>-0     [000] ...2   810.095745: sched_switch: prev_comm=swapper/0 prev_pid=0 prev_prio=120 prev_state=R ==> next_comm=mmcqd/1 next_pid=116 next_prio=120
         mmcqd/1-116   [000] ...1   810.095756: block_rq_complete: 179,0 RA () 1194272 + 24 [0]
         mmcqd/1-116   [000] ...2   810.095772: sched_switch: prev_comm=mmcqd/1 prev_pid=116 prev_prio=120 prev_state=R+ ==> next_comm=kworker/0:1H next_pid=17 next_prio=100
    kworker/0:1H-17    [000] ...2   810.095779: sched_switch: prev_comm=kworker/0:1H prev_pid=17 prev_prio=100 prev_state=S ==> next_comm=mmcqd/1 next_pid=116 next_prio=120
         mmcqd/1-116   [000] ...2   810.095787: sched_switch: prev_comm=mmcqd/1 prev_pid=116 prev_prio=120 prev_state=S ==> next_comm=app_process next_pid=4923 next_prio=120
            main-4923  [000] d..2   810.095908: block_rq_insert: 179,0 R 0 () 1235064 + 16 [app_process]
            main-4923  [000] ...2   810.095919: sched_switch: prev_comm=app_process prev_pid=4923 prev_prio=120 prev_state=R+ ==> next_comm=mmcqd/1 next_pid=116 next_prio=120
         mmcqd/1-116   [000] ...2   810.095954: sched_switch: prev_comm=mmcqd/1 prev_pid=116 prev_prio=120 prev_state=S ==> next_comm=app_process next_pid=4923 next_prio=120
            main-4923  [000] ...2   810.095959: sched_switch: prev_comm=app_process prev_pid=4923 prev_prio=120 prev_state=D|W ==> next_comm=swapper/0 next_pid=0 next_prio=120
          <idle>-0     [000] ...2   810.095969: sched_switch: prev_comm=swapper/0 prev_pid=0 prev_prio=120 prev_state=R ==> next_comm=ksoftirqd/0 next_pid=3 next_prio=120
     ksoftirqd/0-3     [000] ...2   810.095975: sched_switch: prev_comm=ksoftirqd/0 prev_pid=3 prev_prio=120 prev_state=S ==> next_comm=swapper/0 next_pid=0 next_prio=120
          <idle>-0     [000] ...2   810.095986: sched_switch: prev_comm=swapper/0 prev_pid=0 prev_prio=120 prev_state=R ==> next_comm=ksoftirqd/0 next_pid=3 next_prio=120
     ksoftirqd/0-3     [000] ...2   810.095992: sched_switch: prev_comm=ksoftirqd/0 prev_pid=3 prev_prio=120 prev_state=S ==> next_comm=swapper/0 next_pid=0 next_prio=120
          <idle>-0     [000] ...2   810.096001: sched_switch: prev_comm=swapper/0 prev_pid=0 prev_prio=120 prev_state=R ==> next_comm=ksoftirqd/0 next_pid=3 next_prio=120
     ksoftirqd/0-3     [000] ...2   810.096007: sched_switch: prev_comm=ksoftirqd/0 prev_pid=3 prev_prio=120 prev_state=S ==> next_comm=swapper/0 next_pid=0 next_prio=120
          <idle>-0     [000] ...2   810.096286: sched_switch: prev_comm=swapper/0 prev_pid=0 prev_prio=120 prev_state=R ==> next_comm=mmcqd/1 next_pid=116 next_prio=120
         mmcqd/1-116   [000] ...1   810.096296: block_rq_complete: 179,0 RA () 1235064 + 16 [0]
         mmcqd/1-116   [000] ...2   810.096311: sched_switch: prev_comm=mmcqd/1 prev_pid=116 prev_prio=120 prev_state=R+ ==> next_comm=kworker/0:1H next_pid=17 next_prio=100
    kworker/0:1H-17    [000] ...2   810.096317: sched_switch: prev_comm=kworker/0:1H prev_pid=17 prev_prio=100 prev_state=S ==> next_comm=mmcqd/1 next_pid=116 next_prio=120
         mmcqd/1-116   [000] ...2   810.096325: sched_switch: prev_comm=mmcqd/1 prev_pid=116 prev_prio=120 prev_state=S ==> next_comm=app_process next_pid=4923 next_prio=120
            main-4923  [000] ...2   810.098913: sched_switch: prev_comm=app_process prev_pid=4923 prev_prio=120 prev_state=R ==> next_comm=kworker/u:0 next_pid=3362 next_prio=120
     kworker/u:0-3362  [000] ...2   810.098929: sched_switch: prev_comm=kworker/u:0 prev_pid=3362 prev_prio=120 prev_state=S ==> next_comm=kworker/0:0 next_pid=4 next_prio=120
     kworker/0:0-4     [000] ...2   810.098939: sched_switch: prev_comm=kworker/0:0 prev_pid=4 prev_prio=120 prev_state=S ==> next_comm=mpdecision next_pid=1527 next_prio=113
      mpdecision-1527  [000] ...2   810.099169: sched_switch: prev_comm=mpdecision prev_pid=1527 prev_prio=113 prev_state=R+ ==> next_comm=kthreadd next_pid=2 next_prio=98
        kthreadd-2     [000] ...2   810.099205: sched_switch: prev_comm=kthreadd prev_pid=2 prev_prio=98 prev_state=S ==> next_comm=kthreadd next_pid=4924 next_prio=98
     migration/1-4924  [000] ...2   810.099213: sched_switch: prev_comm=kthreadd prev_pid=4924 prev_prio=98 prev_state=D ==> next_comm=mpdecision next_pid=1527 next_prio=113
      mpdecision-1527  [000] ...2   810.099234: sched_switch: prev_comm=mpdecision prev_pid=1527 prev_prio=113 prev_state=R+ ==> next_comm=kthreadd next_pid=2 next_prio=98
        kthreadd-2     [000] ...2   810.099253: sched_switch: prev_comm=kthreadd prev_pid=2 prev_prio=98 prev_state=S ==> next_comm=kthreadd next_pid=4925 next_prio=98
     kworker/1:0-4925  [000] ...2   810.099260: sched_switch: prev_comm=kthreadd prev_pid=4925 prev_prio=98 prev_state=D ==> next_comm=mpdecision next_pid=1527 next_prio=113
      mpdecision-1527  [000] ...2   810.099272: sched_switch: prev_comm=mpdecision prev_pid=1527 prev_prio=113 prev_state=R+ ==> next_comm=kthreadd next_pid=2 next_prio=98
        kthreadd-2     [000] ...2   810.099291: sched_switch: prev_comm=kthreadd prev_pid=2 prev_prio=98 prev_state=S ==> next_comm=kthreadd next_pid=4926 next_prio=98
    kworker/1:0H-4926  [000] ...2   810.099296: sched_switch: prev_comm=kthreadd prev_pid=4926 prev_prio=98 prev_state=D ==> next_comm=mpdecision next_pid=1527 next_prio=113
      mpdecision-1527  [000] ...2   810.099319: sched_switch: prev_comm=mpdecision prev_pid=1527 prev_prio=113 prev_state=R+ ==> next_comm=kthreadd next_pid=2 next_prio=98
        kthreadd-2     [000] ...2   810.099337: sched_switch: prev_comm=kthreadd prev_pid=2 prev_prio=98 prev_state=S ==> next_comm=kthreadd next_pid=4927 next_prio=98
     ksoftirqd/1-4927  [000] ...2   810.099343: sched_switch: prev_comm=kthreadd prev_pid=4927 prev_prio=98 prev_state=D ==> next_comm=mpdecision next_pid=1527 next_prio=113
      mpdecision-1527  [000] ...2   810.099829: sched_switch: prev_comm=mpdecision prev_pid=1527 prev_prio=113 prev_state=D ==> next_comm=app_process next_pid=4923 next_prio=120
            main-4923  [000] ...2   810.099885: sched_switch: prev_comm=app_process prev_pid=4923 prev_prio=120 prev_state=R ==> next_comm=mpdecision next_pid=1527 next_prio=113
          <idle>-0     [001] ...2   810.100015: sched_switch: prev_comm=swapper/1 prev_pid=0 prev_prio=120 prev_state=R ==> next_comm=migration/1 next_pid=4924 next_prio=0
     migration/1-4924  [001] ...2   810.100043: sched_switch: prev_comm=migration/1 prev_pid=4924 prev_prio=0 prev_state=S ==> next_comm=kworker/1:0 next_pid=4925 next_prio=120
     kworker/1:0-4925  [001] ...2   810.100074: sched_switch: prev_comm=kworker/1:0 prev_pid=4925 prev_prio=120 prev_state=S ==> next_comm=kworker/1:0H next_pid=4926 next_prio=100
    kworker/1:0H-4926  [001] ...2   810.100102: sched_switch: prev_comm=kworker/1:0H prev_pid=4926 prev_prio=100 prev_state=S ==> next_comm=ksoftirqd/1 next_pid=4927 next_prio=120
     ksoftirqd/1-4927  [001] ...2   810.100171: sched_switch: prev_comm=ksoftirqd/1 prev_pid=4927 prev_prio=120 prev_state=S ==> next_comm=bridgemgrd next_pid=1891 next_prio=120
      bridgemgrd-1891  [001] ...2   810.100345: sched_switch: prev_comm=bridgemgrd prev_pid=1891 prev_prio=120 prev_state=S ==> next_comm=bridgemgrd next_pid=525 next_prio=120
      bridgemgrd-525   [001] ...2   810.100443: sched_switch: prev_comm=bridgemgrd prev_pid=525 prev_prio=120 prev_state=S ==> next_comm=ueventd next_pid=127 next_prio=120
      mpdecision-1527  [000] ...2   810.100551: sched_switch: prev_comm=mpdecision prev_pid=1527 prev_prio=113 prev_state=D ==> next_comm=mpdecision next_pid=1517 next_prio=113
      mpdecision-1517  [000] ...2   810.100575: sched_switch: prev_comm=mpdecision prev_pid=1517 prev_prio=113 prev_state=S ==> next_comm=UEventObserver next_pid=785 next_prio=120
  UEventObserver-785   [000] ...2   810.100602: sched_switch: prev_comm=UEventObserver prev_pid=785 prev_prio=120 prev_state=S ==> next_comm=system_server next_pid=773 next_prio=118
   system_server-773   [000] ...2   810.100619: sched_switch: prev_comm=system_server prev_pid=773 prev_prio=118 prev_state=S ==> next_comm=netd next_pid=495 next_prio=120
            netd-495   [000] ...2   810.100659: sched_switch: prev_comm=netd prev_pid=495 prev_prio=120 prev_state=S ==> next_comm=healthd next_pid=166 next_prio=120
         healthd-166   [000] ...2   810.100682: sched_switch: prev_comm=healthd prev_pid=166 prev_prio=120 prev_state=S ==> next_comm=hwcUeventThread next_pid=294 next_prio=112
 hwcUeventThread-294   [000] ...2   810.100701: sched_switch: prev_comm=hwcUeventThread prev_pid=294 prev_prio=112 prev_state=S ==> next_comm=vold next_pid=225 next_prio=120
            vold-225   [000] ...2   810.100736: sched_switch: prev_comm=vold prev_pid=225 prev_prio=120 prev_state=S ==> next_comm=mpdecision next_pid=1527 next_prio=113
      mpdecision-1527  [000] ...2   810.100944: sched_switch: prev_comm=mpdecision prev_pid=1527 prev_prio=113 prev_state=S ==> next_comm=mpdecision next_pid=1517 next_prio=113
      mpdecision-1517  [000] ...2   810.100953: sched_switch: prev_comm=mpdecision prev_pid=1517 prev_prio=113 prev_state=S ==> next_comm=app_process next_pid=4923 next_prio=120
            main-4923  [000] d..2   810.103995: block_rq_insert: 179,0 R 0 () 894920 + 256 [app_process]
            main-4923  [000] ...2   810.104011: sched_switch: prev_comm=app_process prev_pid=4923 prev_prio=120 prev_state=R+ ==> next_comm=mmcqd/1 next_pid=116 next_prio=120
         mmcqd/1-116   [000] ...2   810.104129: sched_switch: prev_comm=mmcqd/1 prev_pid=116 prev_prio=120 prev_state=S ==> next_comm=app_process next_pid=4923 next_prio=120
            main-4923  [000] ...2   810.104136: sched_switch: prev_comm=app_process prev_pid=4923 prev_prio=120 prev_state=D|W ==> next_comm=swapper/0 next_pid=0 next_prio=120
          <idle>-0     [000] ...2   810.104157: sched_switch: prev_comm=swapper/0 prev_pid=0 prev_prio=120 prev_state=R ==> next_comm=ksoftirqd/0 next_pid=3 next_prio=120
     ksoftirqd/0-3     [000] ...2   810.104167: sched_switch: prev_comm=ksoftirqd/0 prev_pid=3 prev_prio=120 prev_state=S ==> next_comm=swapper/0 next_pid=0 next_prio=120
          <idle>-0     [000] ...2   810.104185: sched_switch: prev_comm=swapper/0 prev_pid=0 prev_prio=120 prev_state=R ==> next_comm=ksoftirqd/0 next_pid=3 next_prio=120
     ksoftirqd/0-3     [000] ...2   810.104191: sched_switch: prev_comm=ksoftirqd/0 prev_pid=3 prev_prio=120 prev_state=S ==> next_comm=swapper/0 next_pid=0 next_prio=120
          <idle>-0     [000] ...2   810.104207: sched_switch: prev_comm=swapper/0 prev_pid=0 prev_prio=120 prev_state=R ==> next_comm=ksoftirqd/0 next_pid=3 next_prio=120
     ksoftirqd/0-3     [000] ...2   810.104213: sched_switch: prev_comm=ksoftirqd/0 prev_pid=3 prev_prio=120 prev_state=S ==> next_comm=swapper/0 next_pid=0 next_prio=120
          <idle>-0     [000] ...2   810.105583: sched_switch: prev_comm=swapper/0 prev_pid=0 prev_prio=120 prev_state=R ==> next_comm=mmcqd/1 next_pid=116 next_prio=120
         mmcqd/1-116   [000] ...1   810.105648: block_rq_complete: 179,0 RA () 894920 + 256 [0]
         mmcqd/1-116   [000] ...2   810.105679: sched_switch: prev_comm=mmcqd/1 prev_pid=116 prev_prio=120 prev_state=R+ ==> next_comm=kworker/0:1H next_pid=17 next_prio=100
    kworker/0:1H-17    [000] ...2   810.105687: sched_switch: prev_comm=kworker/0:1H prev_pid=17 prev_prio=100 prev_state=S ==> next_comm=mmcqd/1 next_pid=116 next_prio=120
         mmcqd/1-116   [000] ...2   810.105697: sched_switch: prev_comm=mmcqd/1 prev_pid=116 prev_prio=120 prev_state=S ==> next_comm=app_process next_pid=4923 next_prio=120
            main-4923  [000] d..2   810.105879: block_rq_insert: 179,0 R 0 () 895176 + 256 [app_process]
            main-4923  [000] ...2   810.105890: sched_switch: prev_comm=app_process prev_pid=4923 prev_prio=120 prev_state=R+ ==> next_comm=mmcqd/1 next_pid=116 next_prio=120
         mmcqd/1-116   [000] ...2   810.105986: sched_switch: prev_comm=mmcqd/1 prev_pid=116 prev_prio=120 prev_state=S ==> next_comm=app_process next_pid=4923 next_prio=120
            main-4923  [000] d..2   810.106117: block_rq_insert: 179,0 R 0 () 895432 + 56 [app_process]
            main-4923  [000] ...2   810.106129: sched_switch: prev_comm=app_process prev_pid=4923 prev_prio=120 prev_state=R+ ==> next_comm=mmcqd/1 next_pid=116 next_prio=120
         mmcqd/1-116   [000] ...2   810.106156: sched_switch: prev_comm=mmcqd/1 prev_pid=116 prev_prio=120 prev_state=S ==> next_comm=app_process next_pid=4923 next_prio=120
            main-4923  [000] ...2   810.106164: sched_switch: prev_comm=app_process prev_pid=4923 prev_prio=120 prev_state=D|W ==> next_comm=swapper/0 next_pid=0 next_prio=120
          <idle>-0     [000] ...2   810.107446: sched_switch: prev_comm=swapper/0 prev_pid=0 prev_prio=120 prev_state=R ==> next_comm=mmcqd/1 next_pid=116 next_prio=120
         mmcqd/1-116   [000] ...1   810.107523: block_rq_complete: 179,0 RA () 895176 + 256 [0]
         mmcqd/1-116   [000] ...2   810.107547: sched_switch: prev_comm=mmcqd/1 prev_pid=116 prev_prio=120 prev_state=S ==> next_comm=app_process next_pid=4923 next_prio=120
            main-4923  [000] ...2   810.107948: sched_switch: prev_comm=app_process prev_pid=4923 prev_prio=120 prev_state=R ==> next_comm=mmcqd/1 next_pid=116 next_prio=120
         mmcqd/1-116   [000] ...1   810.107968: block_rq_complete: 179,0 RA () 895432 + 56 [0]
         mmcqd/1-116   [000] ...2   810.107982: sched_switch: prev_comm=mmcqd/1 prev_pid=116 prev_prio=120 prev_state=R+ ==> next_comm=kworker/0:1H next_pid=17 next_prio=100
    kworker/0:1H-17    [000] ...2   810.107989: sched_switch: prev_comm=kworker/0:1H prev_pid=17 prev_prio=100 prev_state=S ==> next_comm=mmcqd/1 next_pid=116 next_prio=120
         mmcqd/1-116   [000] ...2   810.107998: sched_switch: prev_comm=mmcqd/1 prev_pid=116 prev_prio=120 prev_state=S ==> next_comm=app_process next_pid=4923 next_prio=120
            main-4923  [000] d..2   810.131563: block_rq_insert: 179,0 R 0 () 1196112 + 24 [app_process]
            main-4923  [000] d..2   810.131569: block_rq_insert: 179,0 R 0 () 1196144 + 16 [app_process]
            main-4923  [000] d..2   810.131571: block_rq_insert: 179,0 R 0 () 1196168 + 40 [app_process]
            main-4923  [000] d..2   810.131573: block_rq_insert: 179,0 R 0 () 1196216 + 8 [app_process]
            main-4923  [000] d..2   810.131575: block_rq_insert: 179,0 R 0 () 1196240 + 32 [app_process]
            main-4923  [000] ...2   810.131591: sched_switch: prev_comm=app_process prev_pid=4923 prev_prio=120 prev_state=R+ ==> next_comm=mmcqd/1 next_pid=116 next_prio=120
         mmcqd/1-116   [000] ...2   810.131667: sched_switch: prev_comm=mmcqd/1 prev_pid=116 prev_prio=120 prev_state=S ==> next_comm=app_process next_pid=4923 next_prio=120
            main-4923  [000] ...2   810.131676: sched_switch: prev_comm=app_process prev_pid=4923 prev_prio=120 prev_state=D|W ==> next_comm=swapper/0 next_pid=0 next_prio=120
          <idle>-0     [000] ...2   810.131697: sched_switch: prev_comm=swapper/0 prev_pid=0 prev_prio=120 prev_state=R ==> next_comm=ksoftirqd/0 next_pid=3 next_prio=120
     ksoftirqd/0-3     [000] ...2   810.131708: sched_switch: prev_comm=ksoftirqd/0 prev_pid=3 prev_prio=120 prev_state=S ==> next_comm=swapper/0 next_pid=0 next_prio=120
          <idle>-0     [000] ...2   810.132157: sched_switch: prev_comm=swapper/0 prev_pid=0 prev_prio=120 prev_state=R ==> next_comm=mmcqd/1 next_pid=116 next_prio=120
         mmcqd/1-116   [000] ...1   810.132187: block_rq_complete: 179,0 RA () 1196112 + 24 [0]
         mmcqd/1-116   [000] ...2   810.132221: sched_switch: prev_comm=mmcqd/1 prev_pid=116 prev_prio=120 prev_state=S ==> next_comm=swapper/0 next_pid=0 next_prio=120
          <idle>-0     [000] ...2   810.132469: sched_switch: prev_comm=swapper/0 prev_pid=0 prev_prio=120 prev_state=R ==> next_comm=mmcqd/1 next_pid=116 next_prio=120
         mmcqd/1-116   [000] ...1   810.132495: block_rq_complete: 179,0 RA () 1196144 + 16 [0]
         mmcqd/1-116   [000] ...2   810.132514: sched_switch: prev_comm=mmcqd/1 prev_pid=116 prev_prio=120 prev_state=S ==> next_comm=swapper/0 next_pid=0 next_prio=120
          <idle>-0     [000] ...2   810.132913: sched_switch: prev_comm=swapper/0 prev_pid=0 prev_prio=120 prev_state=R ==> next_comm=mmcqd/1 next_pid=116 next_prio=120
         mmcqd/1-116   [000] ...1   810.132943: block_rq_complete: 179,0 RA () 1196168 + 40 [0]
         mmcqd/1-116   [000] ...2   810.132970: sched_switch: prev_comm=mmcqd/1 prev_pid=116 prev_prio=120 prev_state=S ==> next_comm=swapper/0 next_pid=0 next_prio=120
          <idle>-0     [000] ...2   810.133176: sched_switch: prev_comm=swapper/0 prev_pid=0 prev_prio=120 prev_state=R ==> next_comm=mmcqd/1 next_pid=116 next_prio=120
         mmcqd/1-116   [000] ...1   810.133200: block_rq_complete: 179,0 RA () 1196216 + 8 [0]
         mmcqd/1-116   [000] ...2   810.133213: sched_switch: prev_comm=mmcqd/1 prev_pid=116 prev_prio=120 prev_state=S ==> next_comm=swapper/0 next_pid=0 next_prio=120
          <idle>-0     [000] ...2   810.133598: sched_switch: prev_comm=swapper/0 prev_pid=0 prev_prio=120 prev_state=R ==> next_comm=mmcqd/1 next_pid=116 next_prio=120
         mmcqd/1-116   [000] ...1   810.133613: block_rq_complete: 179,0 RA () 1196240 + 32 [0]
         mmcqd/1-116   [000] ...2   810.133632: sched_switch: prev_comm=mmcqd/1 prev_pid=116 prev_prio=120 prev_state=R+ ==> next_comm=kworker/0:1H next_pid=17 next_prio=100
    kworker/0:1H-17    [000] ...2   810.133641: sched_switch: prev_comm=kworker/0:1H prev_pid=17 prev_prio=100 prev_state=S ==> next_comm=mmcqd/1 next_pid=116 next_prio=120
         mmcqd/1-116   [000] ...2   810.133651: sched_switch: prev_comm=mmcqd/1 prev_pid=116 prev_prio=120 prev_state=S ==> next_comm=app_process next_pid=4923 next_prio=120
         ueventd-127   [001] ...2   810.134926: sched_switch: prev_comm=ueventd prev_pid=127 prev_prio=120 prev_state=S ==> next_comm=swapper/1 next_pid=0 next_prio=120
          <idle>-0     [001] ...2   810.135015: sched_switch: prev_comm=swapper/1 prev_pid=0 prev_prio=120 prev_state=R ==> next_comm=ksoftirqd/1 next_pid=4927 next_prio=120
     ksoftirqd/1-4927  [001] ...2   810.135200: sched_switch: prev_comm=ksoftirqd/1 prev_pid=4927 prev_prio=120 prev_state=S ==> next_comm=swapper/1 next_pid=0 next_prio=120
          <idle>-0     [001] ...2   810.135264: sched_switch: prev_comm=swapper/1 prev_pid=0 prev_prio=120 prev_state=R ==> next_comm=ksoftirqd/1 next_pid=4927 next_prio=120
     ksoftirqd/1-4927  [001] ...2   810.135300: sched_switch: prev_comm=ksoftirqd/1 prev_pid=4927 prev_prio=120 prev_state=S ==> next_comm=swapper/1 next_pid=0 next_prio=120
          <idle>-0     [001] ...2   810.135357: sched_switch: prev_comm=swapper/1 prev_pid=0 prev_prio=120 prev_state=R ==> next_comm=ksoftirqd/1 next_pid=4927 next_prio=120
     ksoftirqd/1-4927  [001] ...2   810.135389: sched_switch: prev_comm=ksoftirqd/1 prev_pid=4927 prev_prio=120 prev_state=S ==> next_comm=swapper/1 next_pid=0 next_prio=120
            main-4923  [000] ...2   810.148922: sched_switch: prev_comm=app_process prev_pid=4923 prev_prio=120 prev_state=R ==> next_comm=kworker/u:0 next_pid=3362 next_prio=120
     kworker/u:0-3362  [000] ...2   810.148944: sched_switch: prev_comm=kworker/u:0 prev_pid=3362 prev_prio=120 prev_state=S ==> next_comm=mpdecision next_pid=1527 next_prio=113
      mpdecision-1527  [000] ...2   810.149265: sched_switch: prev_comm=mpdecision prev_pid=1527 prev_prio=113 prev_state=S ==> next_comm=app_process next_pid=4923 next_prio=120
            main-4923  [000] d..2   810.149862: block_rq_insert: 179,0 R 0 () 1247040 + 56 [app_process]
            main-4923  [000] d..2   810.149868: block_rq_insert: 179,0 R 0 () 1247104 + 8 [app_process]
            main-4923  [000] d..2   810.149870: block_rq_insert: 179,0 R 0 () 1247120 + 104 [app_process]
            main-4923  [000] ...2   810.149882: sched_switch: prev_comm=app_process prev_pid=4923 prev_prio=120 prev_state=R+ ==> next_comm=mmcqd/1 next_pid=116 next_prio=120
         mmcqd/1-116   [000] ...2   810.149970: sched_switch: prev_comm=mmcqd/1 prev_pid=116 prev_prio=120 prev_state=S ==> next_comm=app_process next_pid=4923 next_prio=120
            main-4923  [000] ...2   810.149981: sched_switch: prev_comm=app_process prev_pid=4923 prev_prio=120 prev_state=D|W ==> next_comm=swapper/0 next_pid=0 next_prio=120
          <idle>-0     [000] ...2   810.150001: sched_switch: prev_comm=swapper/0 prev_pid=0 prev_prio=120 prev_state=R ==> next_comm=ksoftirqd/0 next_pid=3 next_prio=120
     ksoftirqd/0-3     [000] ...2   810.150013: sched_switch: prev_comm=ksoftirqd/0 prev_pid=3 prev_prio=120 prev_state=S ==> next_comm=swapper/0 next_pid=0 next_prio=120
          <idle>-0     [000] ...2   810.150032: sched_switch: prev_comm=swapper/0 prev_pid=0 prev_prio=120 prev_state=R ==> next_comm=ksoftirqd/0 next_pid=3 next_prio=120
     ksoftirqd/0-3     [000] ...2   810.150040: sched_switch: prev_comm=ksoftirqd/0 prev_pid=3 prev_prio=120 prev_state=S ==> next_comm=swapper/0 next_pid=0 next_prio=120
          <idle>-0     [000] ...2   810.150055: sched_switch: prev_comm=swapper/0 prev_pid=0 prev_prio=120 prev_state=R ==> next_comm=ksoftirqd/0 next_pid=3 next_prio=120
     ksoftirqd/0-3     [000] ...2   810.150065: sched_switch: prev_comm=ksoftirqd/0 prev_pid=3 prev_prio=120 prev_state=S ==> next_comm=swapper/0 next_pid=0 next_prio=120
          <idle>-0     [000] ...2   810.150602: sched_switch: prev_comm=swapper/0 prev_pid=0 prev_prio=120 prev_state=R ==> next_comm=mmcqd/1 next_pid=116 next_prio=120
         mmcqd/1-116   [000] ...1   810.150651: block_rq_complete: 179,0 RA () 1247040 + 56 [0]
         mmcqd/1-116   [000] ...2   810.150716: sched_switch: prev_comm=mmcqd/1 prev_pid=116 prev_prio=120 prev_state=S ==> next_comm=swapper/0 next_pid=0 next_prio=120
          <idle>-0     [000] ...2   810.150859: sched_switch: prev_comm=swapper/0 prev_pid=0 prev_prio=120 prev_state=R ==> next_comm=mmcqd/1 next_pid=116 next_prio=120
         mmcqd/1-116   [000] ...1   810.150891: block_rq_complete: 179,0 RA () 1247104 + 8 [0]
         mmcqd/1-116   [000] ...2   810.150905: sched_switch: prev_comm=mmcqd/1 prev_pid=116 prev_prio=120 prev_state=S ==> next_comm=swapper/0 next_pid=0 next_prio=120
          <idle>-0     [000] ...2   810.151573: sched_switch: prev_comm=swapper/0 prev_pid=0 prev_prio=120 prev_state=R ==> next_comm=mmcqd/1 next_pid=116 next_prio=120
         mmcqd/1-116   [000] ...1   810.151616: block_rq_complete: 179,0 RA () 1247120 + 104 [0]
         mmcqd/1-116   [000] ...2   810.151644: sched_switch: prev_comm=mmcqd/1 prev_pid=116 prev_prio=120 prev_state=R+ ==> next_comm=kworker/0:1H next_pid=17 next_prio=100
    kworker/0:1H-17    [000] ...2   810.151655: sched_switch: prev_comm=kworker/0:1H prev_pid=17 prev_prio=100 prev_state=S ==> next_comm=mmcqd/1 next_pid=116 next_prio=120
         mmcqd/1-116   [000] ...2   810.151669: sched_switch: prev_comm=mmcqd/1 prev_pid=116 prev_prio=120 prev_state=S ==> next_comm=app_process next_pid=4923 next_prio=120
            main-4923  [000] d..2   810.170891: block_rq_insert: 179,0 R 0 () 1211560 + 16 [app_process]
            main-4923  [000] d..2   810.170898: block_rq_insert: 179,0 R 0 () 1211624 + 120 [app_process]
            main-4923  [000] ...2   810.170918: sched_switch: prev_comm=app_process prev_pid=4923 prev_prio=120 prev_state=R+ ==> next_comm=mmcqd/1 next_pid=116 next_prio=120
         mmcqd/1-116   [000] ...2   810.171040: sched_switch: prev_comm=mmcqd/1 prev_pid=116 prev_prio=120 prev_state=S ==> next_comm=app_process next_pid=4923 next_prio=120
            main-4923  [000] ...2   810.171049: sched_switch: prev_comm=app_process prev_pid=4923 prev_prio=120 prev_state=D|W ==> next_comm=swapper/0 next_pid=0 next_prio=120
          <idle>-0     [000] ...2   810.171398: sched_switch: prev_comm=swapper/0 prev_pid=0 prev_prio=120 prev_state=R ==> next_comm=mmcqd/1 next_pid=116 next_prio=120
         mmcqd/1-116   [000] ...1   810.171435: block_rq_complete: 179,0 RA () 1211560 + 16 [0]
         mmcqd/1-116   [000] ...2   810.171455: sched_switch: prev_comm=mmcqd/1 prev_pid=116 prev_prio=120 prev_state=S ==> next_comm=swapper/0 next_pid=0 next_prio=120
          <idle>-0     [000] ...2   810.172280: sched_switch: prev_comm=swapper/0 prev_pid=0 prev_prio=120 prev_state=R ==> next_comm=mmcqd/1 next_pid=116 next_prio=120
         mmcqd/1-116   [000] ...1   810.172328: block_rq_complete: 179,0 RA () 1211624 + 120 [0]
         mmcqd/1-116   [000] ...2   810.172357: sched_switch: prev_comm=mmcqd/1 prev_pid=116 prev_prio=120 prev_state=R+ ==> next_comm=kworker/0:1H next_pid=17 next_prio=100
    kworker/0:1H-17    [000] ...2   810.172368: sched_switch: prev_comm=kworker/0:1H prev_pid=17 prev_prio=100 prev_state=S ==> next_comm=mmcqd/1 next_pid=116 next_prio=120
         mmcqd/1-116   [000] ...2   810.172382: sched_switch: prev_comm=mmcqd/1 prev_pid=116 prev_prio=120 prev_state=S ==> next_comm=app_process next_pid=4923 next_prio=120
            main-4923  [000] ...2   810.178910: sched_switch: prev_comm=app_process prev_pid=4923 prev_prio=120 prev_state=R ==> next_comm=kworker/0:1H next_pid=17 next_prio=100
    kworker/0:1H-17    [000] ...2   810.178929: sched_switch: prev_comm=kworker/0:1H prev_pid=17 prev_prio=100 prev_state=S ==> next_comm=app_process next_pid=4923 next_prio=120
            main-4923  [000] ...2   810.198914: sched_switch: prev_comm=app_process prev_pid=4923 prev_prio=120 prev_state=R ==> next_comm=kworker/u:0 next_pid=3362 next_prio=120
     kworker/u:0-3362  [000] ...2   810.198932: sched_switch: prev_comm=kworker/u:0 prev_pid=3362 prev_prio=120 prev_state=S ==> next_comm=mpdecision next_pid=1527 next_prio=113
      mpdecision-1527  [000] ...2   810.199250: sched_switch: prev_comm=mpdecision prev_pid=1527 prev_prio=113 prev_state=S ==> next_comm=app_process next_pid=4923 next_prio=120
            main-4923  [000] ...2   810.208927: sched_switch: prev_comm=app_process prev_pid=4923 prev_prio=120 prev_state=R ==> next_comm=kworker/0:1H next_pid=17 next_prio=100
    kworker/0:1H-17    [000] ...2   810.208963: sched_switch: prev_comm=kworker/0:1H prev_pid=17 prev_prio=100 prev_state=S ==> next_comm=app_process next_pid=4923 next_prio=120
          <idle>-0     [001] ...2   810.209014: sched_switch: prev_comm=swapper/1 prev_pid=0 prev_prio=120 prev_state=R ==> next_comm=ksoftirqd/1 next_pid=4927 next_prio=120
     ksoftirqd/1-4927  [001] ...2   810.209066: sched_switch: prev_comm=ksoftirqd/1 prev_pid=4927 prev_prio=120 prev_state=S ==> next_comm=swapper/1 next_pid=0 next_prio=120
            main-4923  [000] d..2   810.235174: block_rq_insert: 179,0 R 0 () 1183416 + 224 [app_process]
            main-4923  [000] ...2   810.235198: sched_switch: prev_comm=app_process prev_pid=4923 prev_prio=120 prev_state=R+ ==> next_comm=mmcqd/1 next_pid=116 next_prio=120
         mmcqd/1-116   [000] ...2   810.235348: sched_switch: prev_comm=mmcqd/1 prev_pid=116 prev_prio=120 prev_state=S ==> next_comm=app_process next_pid=4923 next_prio=120
            main-4923  [000] ...2   810.235357: sched_switch: prev_comm=app_process prev_pid=4923 prev_prio=120 prev_state=D|W ==> next_comm=swapper/0 next_pid=0 next_prio=120
          <idle>-0     [000] ...2   810.235378: sched_switch: prev_comm=swapper/0 prev_pid=0 prev_prio=120 prev_state=R ==> next_comm=ksoftirqd/0 next_pid=3 next_prio=120
     ksoftirqd/0-3     [000] ...2   810.235392: sched_switch: prev_comm=ksoftirqd/0 prev_pid=3 prev_prio=120 prev_state=S ==> next_comm=swapper/0 next_pid=0 next_prio=120
          <idle>-0     [000] ...2   810.235407: sched_switch: prev_comm=swapper/0 prev_pid=0 prev_prio=120 prev_state=R ==> next_comm=ksoftirqd/0 next_pid=3 next_prio=120
     ksoftirqd/0-3     [000] ...2   810.235421: sched_switch: prev_comm=ksoftirqd/0 prev_pid=3 prev_prio=120 prev_state=S ==> next_comm=swapper/0 next_pid=0 next_prio=120
          <idle>-0     [000] ...2   810.236815: sched_switch: prev_comm=swapper/0 prev_pid=0 prev_prio=120 prev_state=R ==> next_comm=mmcqd/1 next_pid=116 next_prio=120
         mmcqd/1-116   [000] ...1   810.236896: block_rq_complete: 179,0 RA () 1183416 + 224 [0]
         mmcqd/1-116   [000] ...2   810.236934: sched_switch: prev_comm=mmcqd/1 prev_pid=116 prev_prio=120 prev_state=R+ ==> next_comm=kworker/0:1H next_pid=17 next_prio=100
    kworker/0:1H-17    [000] ...2   810.236945: sched_switch: prev_comm=kworker/0:1H prev_pid=17 prev_prio=100 prev_state=S ==> next_comm=mmcqd/1 next_pid=116 next_prio=120
         mmcqd/1-116   [000] ...2   810.236958: sched_switch: prev_comm=mmcqd/1 prev_pid=116 prev_prio=120 prev_state=S ==> next_comm=app_process next_pid=4923 next_prio=120
            main-4923  [000] d..2   810.237163: block_rq_insert: 179,0 R 0 () 1186480 + 40 [app_process]
            main-4923  [000] ...2   810.237175: sched_switch: prev_comm=app_process prev_pid=4923 prev_prio=120 prev_state=R+ ==> next_comm=mmcqd/1 next_pid=116 next_prio=120
         mmcqd/1-116   [000] ...2   810.237233: sched_switch: prev_comm=mmcqd/1 prev_pid=116 prev_prio=120 prev_state=S ==> next_comm=app_process next_pid=4923 next_prio=120
            main-4923  [000] ...2   810.237243: sched_switch: prev_comm=app_process prev_pid=4923 prev_prio=120 prev_state=D|W ==> next_comm=swapper/0 next_pid=0 next_prio=120
          <idle>-0     [000] ...2   810.237255: sched_switch: prev_comm=swapper/0 prev_pid=0 prev_prio=120 prev_state=R ==> next_comm=ksoftirqd/0 next_pid=3 next_prio=120
     ksoftirqd/0-3     [000] ...2   810.237265: sched_switch: prev_comm=ksoftirqd/0 prev_pid=3 prev_prio=120 prev_state=S ==> next_comm=swapper/0 next_pid=0 next_prio=120
          <idle>-0     [000] ...2   810.237279: sched_switch: prev_comm=swapper/0 prev_pid=0 prev_prio=120 prev_state=R ==> next_comm=ksoftirqd/0 next_pid=3 next_prio=120
     ksoftirqd/0-3     [000] ...2   810.237289: sched_switch: prev_comm=ksoftirqd/0 prev_pid=3 prev_prio=120 prev_state=S ==> next_comm=swapper/0 next_pid=0 next_prio=120
          <idle>-0     [000] ...2   810.237300: sched_switch: prev_comm=swapper/0 prev_pid=0 prev_prio=120 prev_state=R ==> next_comm=ksoftirqd/0 next_pid=3 next_prio=120
     ksoftirqd/0-3     [000] ...2   810.237311: sched_switch: prev_comm=ksoftirqd/0 prev_pid=3 prev_prio=120 prev_state=S ==> next_comm=swapper/0 next_pid=0 next_prio=120
          <idle>-0     [000] ...2   810.237647: sched_switch: prev_comm=swapper/0 prev_pid=0 prev_prio=120 prev_state=R ==> next_comm=mmcqd/1 next_pid=116 next_prio=120
         mmcqd/1-116   [000] ...1   810.237671: block_rq_complete: 179,0 RA () 1186480 + 40 [0]
         mmcqd/1-116   [000] ...2   810.237693: sched_switch: prev_comm=mmcqd/1 prev_pid=116 prev_prio=120 prev_state=R+ ==> next_comm=kworker/0:1H next_pid=17 next_prio=100
    kworker/0:1H-17    [000] ...2   810.237702: sched_switch: prev_comm=kworker/0:1H prev_pid=17 prev_prio=100 prev_state=S ==> next_comm=mmcqd/1 next_pid=116 next_prio=120
         mmcqd/1-116   [000] ...2   810.237713: sched_switch: prev_comm=mmcqd/1 prev_pid=116 prev_prio=120 prev_state=S ==> next_comm=app_process next_pid=4923 next_prio=120
            main-4923  [000] d..2   810.237889: block_rq_insert: 179,0 R 0 () 1242888 + 8 [app_process]
            main-4923  [000] ...2   810.237901: sched_switch: prev_comm=app_process prev_pid=4923 prev_prio=120 prev_state=R+ ==> next_comm=mmcqd/1 next_pid=116 next_prio=120
         mmcqd/1-116   [000] ...2   810.237945: sched_switch: prev_comm=mmcqd/1 prev_pid=116 prev_prio=120 prev_state=S ==> next_comm=app_process next_pid=4923 next_prio=120
            main-4923  [000] ...2   810.237954: sched_switch: prev_comm=app_process prev_pid=4923 prev_prio=120 prev_state=D|W ==> next_comm=swapper/0 next_pid=0 next_prio=120
          <idle>-0     [000] ...2   810.237966: sched_switch: prev_comm=swapper/0 prev_pid=0 prev_prio=120 prev_state=R ==> next_comm=ksoftirqd/0 next_pid=3 next_prio=120
     ksoftirqd/0-3     [000] ...2   810.237976: sched_switch: prev_comm=ksoftirqd/0 prev_pid=3 prev_prio=120 prev_state=S ==> next_comm=swapper/0 next_pid=0 next_prio=120
          <idle>-0     [000] ...2   810.237989: sched_switch: prev_comm=swapper/0 prev_pid=0 prev_prio=120 prev_state=R ==> next_comm=ksoftirqd/0 next_pid=3 next_prio=120
     ksoftirqd/0-3     [000] ...2   810.237997: sched_switch: prev_comm=ksoftirqd/0 prev_pid=3 prev_prio=120 prev_state=S ==> next_comm=swapper/0 next_pid=0 next_prio=120
          <idle>-0     [000] ...2   810.238008: sched_switch: prev_comm=swapper/0 prev_pid=0 prev_prio=120 prev_state=R ==> next_comm=ksoftirqd/0 next_pid=3 next_prio=120
     ksoftirqd/0-3     [000] ...2   810.238016: sched_switch: prev_comm=ksoftirqd/0 prev_pid=3 prev_prio=120 prev_state=S ==> next_comm=swapper/0 next_pid=0 next_prio=120
          <idle>-0     [000] ...2   810.238175: sched_switch: prev_comm=swapper/0 prev_pid=0 prev_prio=120 prev_state=R ==> next_comm=mmcqd/1 next_pid=116 next_prio=120
         mmcqd/1-116   [000] ...1   810.238188: block_rq_complete: 179,0 RA () 1242888 + 8 [0]
         mmcqd/1-116   [000] ...2   810.238207: sched_switch: prev_comm=mmcqd/1 prev_pid=116 prev_prio=120 prev_state=R+ ==> next_comm=kworker/0:1H next_pid=17 next_prio=100
    kworker/0:1H-17    [000] ...2   810.238219: sched_switch: prev_comm=kworker/0:1H prev_pid=17 prev_prio=100 prev_state=S ==> next_comm=mmcqd/1 next_pid=116 next_prio=120
         mmcqd/1-116   [000] ...2   810.238230: sched_switch: prev_comm=mmcqd/1 prev_pid=116 prev_prio=120 prev_state=S ==> next_comm=app_process next_pid=4923 next_prio=120
            main-4923  [000] ...2   810.238915: sched_switch: prev_comm=app_process prev_pid=4923 prev_prio=120 prev_state=R+ ==> next_comm=kworker/0:0 next_pid=4 next_prio=120
     kworker/0:0-4     [000] ...2   810.238971: sched_switch: prev_comm=kworker/0:0 prev_pid=4 prev_prio=120 prev_state=S ==> next_comm=app_process next_pid=4923 next_prio=120
            main-4923  [000] d..2   810.242350: block_rq_insert: 179,0 R 0 () 806160 + 32 [app_process]
            main-4923  [000] ...2   810.242365: sched_switch: prev_comm=app_process prev_pid=4923 prev_prio=120 prev_state=R+ ==> next_comm=mmcqd/1 next_pid=116 next_prio=120
         mmcqd/1-116   [000] ...2   810.242426: sched_switch: prev_comm=mmcqd/1 prev_pid=116 prev_prio=120 prev_state=S ==> next_comm=app_process next_pid=4923 next_prio=120
            main-4923  [000] ...2   810.242434: sched_switch: prev_comm=app_process prev_pid=4923 prev_prio=120 prev_state=D|W ==> next_comm=swapper/0 next_pid=0 next_prio=120
          <idle>-0     [000] ...2   810.242456: sched_switch: prev_comm=swapper/0 prev_pid=0 prev_prio=120 prev_state=R ==> next_comm=ksoftirqd/0 next_pid=3 next_prio=120
     ksoftirqd/0-3     [000] ...2   810.242469: sched_switch: prev_comm=ksoftirqd/0 prev_pid=3 prev_prio=120 prev_state=S ==> next_comm=swapper/0 next_pid=0 next_prio=120
          <idle>-0     [000] ...2   810.242487: sched_switch: prev_comm=swapper/0 prev_pid=0 prev_prio=120 prev_state=R ==> next_comm=ksoftirqd/0 next_pid=3 next_prio=120
     ksoftirqd/0-3     [000] ...2   810.242495: sched_switch: prev_comm=ksoftirqd/0 prev_pid=3 prev_prio=120 prev_state=S ==> next_comm=swapper/0 next_pid=0 next_prio=120
          <idle>-0     [000] ...2   810.242510: sched_switch: prev_comm=swapper/0 prev_pid=0 prev_prio=120 prev_state=R ==> next_comm=ksoftirqd/0 next_pid=3 next_prio=120
     ksoftirqd/0-3     [000] ...2   810.242521: sched_switch: prev_comm=ksoftirqd/0 prev_pid=3 prev_prio=120 prev_state=S ==> next_comm=swapper/0 next_pid=0 next_prio=120
          <idle>-0     [000] ...2   810.242820: sched_switch: prev_comm=swapper/0 prev_pid=0 prev_prio=120 prev_state=R ==> next_comm=mmcqd/1 next_pid=116 next_prio=120
         mmcqd/1-116   [000] ...1   810.242840: block_rq_complete: 179,0 RA () 806160 + 32 [0]
         mmcqd/1-116   [000] ...2   810.242863: sched_switch: prev_comm=mmcqd/1 prev_pid=116 prev_prio=120 prev_state=R+ ==> next_comm=kworker/0:1H next_pid=17 next_prio=100
    kworker/0:1H-17    [000] ...2   810.242872: sched_switch: prev_comm=kworker/0:1H prev_pid=17 prev_prio=100 prev_state=S ==> next_comm=mmcqd/1 next_pid=116 next_prio=120
         mmcqd/1-116   [000] ...2   810.242884: sched_switch: prev_comm=mmcqd/1 prev_pid=116 prev_prio=120 prev_state=S ==> next_comm=app_process next_pid=4923 next_prio=120
            main-4923  [000] d..2   810.242953: block_rq_insert: 179,0 R 0 () 808488 + 136 [app_process]
            main-4923  [000] ...2   810.242964: sched_switch: prev_comm=app_process prev_pid=4923 prev_prio=120 prev_state=R+ ==> next_comm=mmcqd/1 next_pid=116 next_prio=120
         mmcqd/1-116   [000] ...2   810.243057: sched_switch: prev_comm=mmcqd/1 prev_pid=116 prev_prio=120 prev_state=S ==> next_comm=app_process next_pid=4923 next_prio=120
            main-4923  [000] ...2   810.243063: sched_switch: prev_comm=app_process prev_pid=4923 prev_prio=120 prev_state=D|W ==> next_comm=swapper/0 next_pid=0 next_prio=120
          <idle>-0     [000] ...2   810.243932: sched_switch: prev_comm=swapper/0 prev_pid=0 prev_prio=120 prev_state=R ==> next_comm=mmcqd/1 next_pid=116 next_prio=120
         mmcqd/1-116   [000] ...1   810.243985: block_rq_complete: 179,0 RA () 808488 + 136 [0]
         mmcqd/1-116   [000] ...2   810.244011: sched_switch: prev_comm=mmcqd/1 prev_pid=116 prev_prio=120 prev_state=R+ ==> next_comm=kworker/0:1H next_pid=17 next_prio=100
    kworker/0:1H-17    [000] ...2   810.244020: sched_switch: prev_comm=kworker/0:1H prev_pid=17 prev_prio=100 prev_state=S ==> next_comm=mmcqd/1 next_pid=116 next_prio=120
         mmcqd/1-116   [000] ...2   810.244031: sched_switch: prev_comm=mmcqd/1 prev_pid=116 prev_prio=120 prev_state=S ==> next_comm=app_process next_pid=4923 next_prio=120
            main-4923  [000] d..2   810.244375: block_rq_insert: 179,0 R 0 () 805880 + 32 [app_process]
            main-4923  [000] ...2   810.244387: sched_switch: prev_comm=app_process prev_pid=4923 prev_prio=120 prev_state=R+ ==> next_comm=mmcqd/1 next_pid=116 next_prio=120
         mmcqd/1-116   [000] ...2   810.244444: sched_switch: prev_comm=mmcqd/1 prev_pid=116 prev_prio=120 prev_state=S ==> next_comm=app_process next_pid=4923 next_prio=120
            main-4923  [000] ...2   810.244450: sched_switch: prev_comm=app_process prev_pid=4923 prev_prio=120 prev_state=D|W ==> next_comm=swapper/0 next_pid=0 next_prio=120
          <idle>-0     [000] ...2   810.244466: sched_switch: prev_comm=swapper/0 prev_pid=0 prev_prio=120 prev_state=R ==> next_comm=ksoftirqd/0 next_pid=3 next_prio=120
     ksoftirqd/0-3     [000] ...2   810.244475: sched_switch: prev_comm=ksoftirqd/0 prev_pid=3 prev_prio=120 prev_state=S ==> next_comm=swapper/0 next_pid=0 next_prio=120
          <idle>-0     [000] ...2   810.244493: sched_switch: prev_comm=swapper/0 prev_pid=0 prev_prio=120 prev_state=R ==> next_comm=ksoftirqd/0 next_pid=3 next_prio=120
     ksoftirqd/0-3     [000] ...2   810.244501: sched_switch: prev_comm=ksoftirqd/0 prev_pid=3 prev_prio=120 prev_state=S ==> next_comm=swapper/0 next_pid=0 next_prio=120
          <idle>-0     [000] ...2   810.244516: sched_switch: prev_comm=swapper/0 prev_pid=0 prev_prio=120 prev_state=R ==> next_comm=ksoftirqd/0 next_pid=3 next_prio=120
     ksoftirqd/0-3     [000] ...2   810.244524: sched_switch: prev_comm=ksoftirqd/0 prev_pid=3 prev_prio=120 prev_state=S ==> next_comm=swapper/0 next_pid=0 next_prio=120
          <idle>-0     [000] ...2   810.244936: sched_switch: prev_comm=swapper/0 prev_pid=0 prev_prio=120 prev_state=R ==> next_comm=mmcqd/1 next_pid=116 next_prio=120
         mmcqd/1-116   [000] ...1   810.244956: block_rq_complete: 179,0 RA () 805880 + 32 [0]
         mmcqd/1-116   [000] ...2   810.244978: sched_switch: prev_comm=mmcqd/1 prev_pid=116 prev_prio=120 prev_state=R+ ==> next_comm=kworker/0:1H next_pid=17 next_prio=100
    kworker/0:1H-17    [000] ...2   810.244986: sched_switch: prev_comm=kworker/0:1H prev_pid=17 prev_prio=100 prev_state=S ==> next_comm=mmcqd/1 next_pid=116 next_prio=120
         mmcqd/1-116   [000] ...2   810.244998: sched_switch: prev_comm=mmcqd/1 prev_pid=116 prev_prio=120 prev_state=S ==> next_comm=app_process next_pid=4923 next_prio=120
            main-4923  [000] d..2   810.245055: block_rq_insert: 179,0 R 0 () 805976 + 136 [app_process]
            main-4923  [000] ...2   810.245066: sched_switch: prev_comm=app_process prev_pid=4923 prev_prio=120 prev_state=R+ ==> next_comm=mmcqd/1 next_pid=116 next_prio=120
         mmcqd/1-116   [000] ...2   810.245157: sched_switch: prev_comm=mmcqd/1 prev_pid=116 prev_prio=120 prev_state=S ==> next_comm=app_process next_pid=4923 next_prio=120
            main-4923  [000] ...2   810.245163: sched_switch: prev_comm=app_process prev_pid=4923 prev_prio=120 prev_state=D|W ==> next_comm=swapper/0 next_pid=0 next_prio=120
          <idle>-0     [000] ...2   810.246032: sched_switch: prev_comm=swapper/0 prev_pid=0 prev_prio=120 prev_state=R ==> next_comm=mmcqd/1 next_pid=116 next_prio=120
         mmcqd/1-116   [000] ...1   810.246085: block_rq_complete: 179,0 RA () 805976 + 136 [0]
         mmcqd/1-116   [000] ...2   810.246111: sched_switch: prev_comm=mmcqd/1 prev_pid=116 prev_prio=120 prev_state=R+ ==> next_comm=kworker/0:1H next_pid=17 next_prio=100
    kworker/0:1H-17    [000] ...2   810.246120: sched_switch: prev_comm=kworker/0:1H prev_pid=17 prev_prio=100 prev_state=S ==> next_comm=mmcqd/1 next_pid=116 next_prio=120
         mmcqd/1-116   [000] ...2   810.246131: sched_switch: prev_comm=mmcqd/1 prev_pid=116 prev_prio=120 prev_state=S ==> next_comm=app_process next_pid=4923 next_prio=120
            main-4923  [000] d..2   810.246426: block_rq_insert: 179,0 R 0 () 863920 + 32 [app_process]
            main-4923  [000] ...2   810.246439: sched_switch: prev_comm=app_process prev_pid=4923 prev_prio=120 prev_state=R+ ==> next_comm=mmcqd/1 next_pid=116 next_prio=120
         mmcqd/1-116   [000] ...2   810.246496: sched_switch: prev_comm=mmcqd/1 prev_pid=116 prev_prio=120 prev_state=S ==> next_comm=app_process next_pid=4923 next_prio=120
            main-4923  [000] ...2   810.246503: sched_switch: prev_comm=app_process prev_pid=4923 prev_prio=120 prev_state=D|W ==> next_comm=swapper/0 next_pid=0 next_prio=120
          <idle>-0     [000] ...2   810.246521: sched_switch: prev_comm=swapper/0 prev_pid=0 prev_prio=120 prev_state=R ==> next_comm=ksoftirqd/0 next_pid=3 next_prio=120
     ksoftirqd/0-3     [000] ...2   810.246529: sched_switch: prev_comm=ksoftirqd/0 prev_pid=3 prev_prio=120 prev_state=S ==> next_comm=swapper/0 next_pid=0 next_prio=120
          <idle>-0     [000] ...2   810.246547: sched_switch: prev_comm=swapper/0 prev_pid=0 prev_prio=120 prev_state=R ==> next_comm=ksoftirqd/0 next_pid=3 next_prio=120
     ksoftirqd/0-3     [000] ...2   810.246555: sched_switch: prev_comm=ksoftirqd/0 prev_pid=3 prev_prio=120 prev_state=S ==> next_comm=swapper/0 next_pid=0 next_prio=120
          <idle>-0     [000] ...2   810.246570: sched_switch: prev_comm=swapper/0 prev_pid=0 prev_prio=120 prev_state=R ==> next_comm=ksoftirqd/0 next_pid=3 next_prio=120
     ksoftirqd/0-3     [000] ...2   810.246577: sched_switch: prev_comm=ksoftirqd/0 prev_pid=3 prev_prio=120 prev_state=S ==> next_comm=swapper/0 next_pid=0 next_prio=120
          <idle>-0     [000] ...2   810.246875: sched_switch: prev_comm=swapper/0 prev_pid=0 prev_prio=120 prev_state=R ==> next_comm=mmcqd/1 next_pid=116 next_prio=120
         mmcqd/1-116   [000] ...1   810.246898: block_rq_complete: 179,0 RA () 863920 + 32 [0]
         mmcqd/1-116   [000] ...2   810.246920: sched_switch: prev_comm=mmcqd/1 prev_pid=116 prev_prio=120 prev_state=R+ ==> next_comm=kworker/0:1H next_pid=17 next_prio=100
    kworker/0:1H-17    [000] ...2   810.246928: sched_switch: prev_comm=kworker/0:1H prev_pid=17 prev_prio=100 prev_state=S ==> next_comm=mmcqd/1 next_pid=116 next_prio=120
         mmcqd/1-116   [000] ...2   810.246940: sched_switch: prev_comm=mmcqd/1 prev_pid=116 prev_prio=120 prev_state=S ==> next_comm=app_process next_pid=4923 next_prio=120
            main-4923  [000] d..2   810.246990: block_rq_insert: 179,0 R 0 () 864048 + 136 [app_process]
            main-4923  [000] ...2   810.247001: sched_switch: prev_comm=app_process prev_pid=4923 prev_prio=120 prev_state=R+ ==> next_comm=mmcqd/1 next_pid=116 next_prio=120
         mmcqd/1-116   [000] ...2   810.247090: sched_switch: prev_comm=mmcqd/1 prev_pid=116 prev_prio=120 prev_state=S ==> next_comm=app_process next_pid=4923 next_prio=120
            main-4923  [000] ...2   810.247096: sched_switch: prev_comm=app_process prev_pid=4923 prev_prio=120 prev_state=D|W ==> next_comm=swapper/0 next_pid=0 next_prio=120
          <idle>-0     [000] ...2   810.247963: sched_switch: prev_comm=swapper/0 prev_pid=0 prev_prio=120 prev_state=R ==> next_comm=mmcqd/1 next_pid=116 next_prio=120
         mmcqd/1-116   [000] ...1   810.248016: block_rq_complete: 179,0 RA () 864048 + 136 [0]
         mmcqd/1-116   [000] ...2   810.248042: sched_switch: prev_comm=mmcqd/1 prev_pid=116 prev_prio=120 prev_state=R+ ==> next_comm=kworker/0:1H next_pid=17 next_prio=100
    kworker/0:1H-17    [000] ...2   810.248051: sched_switch: prev_comm=kworker/0:1H prev_pid=17 prev_prio=100 prev_state=S ==> next_comm=mmcqd/1 next_pid=116 next_prio=120
         mmcqd/1-116   [000] ...2   810.248062: sched_switch: prev_comm=mmcqd/1 prev_pid=116 prev_prio=120 prev_state=S ==> next_comm=app_process next_pid=4923 next_prio=120
            main-4923  [000] d..2   810.248355: block_rq_insert: 179,0 R 0 () 806136 + 24 [app_process]
            main-4923  [000] ...2   810.248367: sched_switch: prev_comm=app_process prev_pid=4923 prev_prio=120 prev_state=R+ ==> next_comm=mmcqd/1 next_pid=116 next_prio=120
         mmcqd/1-116   [000] ...2   810.248420: sched_switch: prev_comm=mmcqd/1 prev_pid=116 prev_prio=120 prev_state=S ==> next_comm=app_process next_pid=4923 next_prio=120
            main-4923  [000] ...2   810.248426: sched_switch: prev_comm=app_process prev_pid=4923 prev_prio=120 prev_state=D|W ==> next_comm=swapper/0 next_pid=0 next_prio=120
          <idle>-0     [000] ...2   810.248442: sched_switch: prev_comm=swapper/0 prev_pid=0 prev_prio=120 prev_state=R ==> next_comm=ksoftirqd/0 next_pid=3 next_prio=120
     ksoftirqd/0-3     [000] ...2   810.248451: sched_switch: prev_comm=ksoftirqd/0 prev_pid=3 prev_prio=120 prev_state=S ==> next_comm=swapper/0 next_pid=0 next_prio=120
          <idle>-0     [000] ...2   810.248469: sched_switch: prev_comm=swapper/0 prev_pid=0 prev_prio=120 prev_state=R ==> next_comm=ksoftirqd/0 next_pid=3 next_prio=120
     ksoftirqd/0-3     [000] ...2   810.248477: sched_switch: prev_comm=ksoftirqd/0 prev_pid=3 prev_prio=120 prev_state=S ==> next_comm=swapper/0 next_pid=0 next_prio=120
          <idle>-0     [000] ...2   810.248492: sched_switch: prev_comm=swapper/0 prev_pid=0 prev_prio=120 prev_state=R ==> next_comm=ksoftirqd/0 next_pid=3 next_prio=120
     ksoftirqd/0-3     [000] ...2   810.248499: sched_switch: prev_comm=ksoftirqd/0 prev_pid=3 prev_prio=120 prev_state=S ==> next_comm=swapper/0 next_pid=0 next_prio=120
          <idle>-0     [000] ...2   810.248876: sched_switch: prev_comm=swapper/0 prev_pid=0 prev_prio=120 prev_state=R ==> next_comm=mmcqd/1 next_pid=116 next_prio=120
         mmcqd/1-116   [000] ...1   810.248924: block_rq_complete: 179,0 RA () 806136 + 24 [0]
         mmcqd/1-116   [000] ...2   810.248946: sched_switch: prev_comm=mmcqd/1 prev_pid=116 prev_prio=120 prev_state=R+ ==> next_comm=kworker/0:1H next_pid=17 next_prio=100
    kworker/0:1H-17    [000] ...2   810.248955: sched_switch: prev_comm=kworker/0:1H prev_pid=17 prev_prio=100 prev_state=S ==> next_comm=kworker/u:0 next_pid=3362 next_prio=120
     kworker/u:0-3362  [000] ...2   810.248973: sched_switch: prev_comm=kworker/u:0 prev_pid=3362 prev_prio=120 prev_state=S ==> next_comm=mpdecision next_pid=1527 next_prio=113
      mpdecision-1527  [000] ...2   810.249262: sched_switch: prev_comm=mpdecision prev_pid=1527 prev_prio=113 prev_state=S ==> next_comm=mmcqd/1 next_pid=116 next_prio=120
         mmcqd/1-116   [000] ...2   810.249274: sched_switch: prev_comm=mmcqd/1 prev_pid=116 prev_prio=120 prev_state=S ==> next_comm=app_process next_pid=4923 next_prio=120
            main-4923  [000] d..2   810.249400: block_rq_insert: 179,0 R 0 () 804512 + 32 [app_process]
            main-4923  [000] ...2   810.249412: sched_switch: prev_comm=app_process prev_pid=4923 prev_prio=120 prev_state=R+ ==> next_comm=mmcqd/1 next_pid=116 next_prio=120
         mmcqd/1-116   [000] ...2   810.249467: sched_switch: prev_comm=mmcqd/1 prev_pid=116 prev_prio=120 prev_state=S ==> next_comm=app_process next_pid=4923 next_prio=120
            main-4923  [000] ...2   810.249473: sched_switch: prev_comm=app_process prev_pid=4923 prev_prio=120 prev_state=D|W ==> next_comm=swapper/0 next_pid=0 next_prio=120
          <idle>-0     [000] ...2   810.249490: sched_switch: prev_comm=swapper/0 prev_pid=0 prev_prio=120 prev_state=R ==> next_comm=ksoftirqd/0 next_pid=3 next_prio=120
