          <idle>-0     [000] ...2   822.639863: sched_switch: prev_comm=swapper/0 prev_pid=0 prev_prio=120 prev_state=R ==> next_comm=ksoftirqd/0 next_pid=3 next_prio=120
     ksoftirqd/0-3     [000] ...2   822.639869: sched_switch: prev_comm=ksoftirqd/0 prev_pid=3 prev_prio=120 prev_state=S ==> next_comm=swapper/0 next_pid=0 next_prio=120
          <idle>-0     [000] ...2   822.639882: sched_switch: prev_comm=swapper/0 prev_pid=0 prev_prio=120 prev_state=R ==> next_comm=ksoftirqd/0 next_pid=3 next_prio=120
     ksoftirqd/0-3     [000] ...2   822.639889: sched_switch: prev_comm=ksoftirqd/0 prev_pid=3 prev_prio=120 prev_state=S ==> next_comm=swapper/0 next_pid=0 next_prio=120
          <idle>-0     [000] ...2   822.640204: sched_switch: prev_comm=swapper/0 prev_pid=0 prev_prio=120 prev_state=R ==> next_comm=mmcqd/1 next_pid=116 next_prio=120
         mmcqd/1-116   [000] ...1   822.640219: block_rq_complete: 179,0 RA () 808656 + 32 [0]
         mmcqd/1-116   [000] ...2   822.640236: sched_switch: prev_comm=mmcqd/1 prev_pid=116 prev_prio=120 prev_state=R+ ==> next_comm=kworker/0:1H next_pid=17 next_prio=100
    kworker/0:1H-17    [000] ...2   822.640243: sched_switch: prev_comm=kworker/0:1H prev_pid=17 prev_prio=100 prev_state=S ==> next_comm=mmcqd/1 next_pid=116 next_prio=120
         mmcqd/1-116   [000] ...2   822.640251: sched_switch: prev_comm=mmcqd/1 prev_pid=116 prev_prio=120 prev_state=S ==> next_comm=app_process next_pid=4986 next_prio=120
            main-4986  [000] d..2   822.640292: block_rq_insert: 179,0 R 0 () 812728 + 136 [app_process]
            main-4986  [000] ...2   822.640302: sched_switch: prev_comm=app_process prev_pid=4986 prev_prio=120 prev_state=R+ ==> next_comm=mmcqd/1 next_pid=116 next_prio=120
         mmcqd/1-116   [000] ...2   822.640366: sched_switch: prev_comm=mmcqd/1 prev_pid=116 prev_prio=120 prev_state=S ==> next_comm=app_process next_pid=4986 next_prio=120
            main-4986  [000] ...2   822.640371: sched_switch: prev_comm=app_process prev_pid=4986 prev_prio=120 prev_state=D|W ==> next_comm=swapper/0 next_pid=0 next_prio=120
          <idle>-0     [000] ...2   822.641299: sched_switch: prev_comm=swapper/0 prev_pid=0 prev_prio=120 prev_state=R ==> next_comm=mmcqd/1 next_pid=116 next_prio=120
         mmcqd/1-116   [000] ...1   822.641336: block_rq_complete: 179,0 RA () 812728 + 136 [0]
         mmcqd/1-116   [000] ...2   822.641356: sched_switch: prev_comm=mmcqd/1 prev_pid=116 prev_prio=120 prev_state=R+ ==> next_comm=kworker/0:1H next_pid=17 next_prio=100
    kworker/0:1H-17    [000] ...2   822.641362: sched_switch: prev_comm=kworker/0:1H prev_pid=17 prev_prio=100 prev_state=S ==> next_comm=mmcqd/1 next_pid=116 next_prio=120
         mmcqd/1-116   [000] ...2   822.641370: sched_switch: prev_comm=mmcqd/1 prev_pid=116 prev_prio=120 prev_state=S ==> next_comm=app_process next_pid=4986 next_prio=120
            main-4986  [000] d..2   822.641627: block_rq_insert: 179,0 R 0 () 812528 + 200 [app_process]
            main-4986  [000] ...2   822.641638: sched_switch: prev_comm=app_process prev_pid=4986 prev_prio=120 prev_state=R+ ==> next_comm=mmcqd/1 next_pid=116 next_prio=120
         mmcqd/1-116   [000] ...2   822.641718: sched_switch: prev_comm=mmcqd/1 prev_pid=116 prev_prio=120 prev_state=S ==> next_comm=app_process next_pid=4986 next_prio=120
            main-4986  [000] ...2   822.641724: sched_switch: prev_comm=app_process prev_pid=4986 prev_prio=120 prev_state=D|W ==> next_comm=swapper/0 next_pid=0 next_prio=120
          <idle>-0     [000] ...2   822.642931: sched_switch: prev_comm=swapper/0 prev_pid=0 prev_prio=120 prev_state=R ==> next_comm=mmcqd/1 next_pid=116 next_prio=120
         mmcqd/1-116   [000] ...1   822.642980: block_rq_complete: 179,0 RA () 812528 + 200 [0]
         mmcqd/1-116   [000] ...2   822.643002: sched_switch: prev_comm=mmcqd/1 prev_pid=116 prev_prio=120 prev_state=R+ ==> next_comm=kworker/0:1H next_pid=17 next_prio=100
    kworker/0:1H-17    [000] ...2   822.643009: sched_switch: prev_comm=kworker/0:1H prev_pid=17 prev_prio=100 prev_state=S ==> next_comm=mmcqd/1 next_pid=116 next_prio=120
         mmcqd/1-116   [000] ...2   822.643018: sched_switch: prev_comm=mmcqd/1 prev_pid=116 prev_prio=120 prev_state=S ==> next_comm=app_process next_pid=4986 next_prio=120
            main-4986  [000] d..2   822.643500: block_rq_insert: 179,0 R 0 () 853200 + 32 [app_process]
            main-4986  [000] ...2   822.643509: sched_switch: prev_comm=app_process prev_pid=4986 prev_prio=120 prev_state=R+ ==> next_comm=mmcqd/1 next_pid=116 next_prio=120
         mmcqd/1-116   [000] ...2   822.643551: sched_switch: prev_comm=mmcqd/1 prev_pid=116 prev_prio=120 prev_state=S ==> next_comm=app_process next_pid=4986 next_prio=120
            main-4986  [000] ...2   822.643561: sched_switch: prev_comm=app_process prev_pid=4986 prev_prio=120 prev_state=D|W ==> next_comm=swapper/0 next_pid=0 next_prio=120
          <idle>-0     [000] ...2   822.643576: sched_switch: prev_comm=swapper/0 prev_pid=0 prev_prio=120 prev_state=R ==> next_comm=ksoftirqd/0 next_pid=3 next_prio=120
     ksoftirqd/0-3     [000] ...2   822.643586: sched_switch: prev_comm=ksoftirqd/0 prev_pid=3 prev_prio=120 prev_state=S ==> next_comm=swapper/0 next_pid=0 next_prio=120
          <idle>-0     [000] ...2   822.643601: sched_switch: prev_comm=swapper/0 prev_pid=0 prev_prio=120 prev_state=R ==> next_comm=ksoftirqd/0 next_pid=3 next_prio=120
     ksoftirqd/0-3     [000] ...2   822.643609: sched_switch: prev_comm=ksoftirqd/0 prev_pid=3 prev_prio=120 prev_state=S ==> next_comm=swapper/0 next_pid=0 next_prio=120
          <idle>-0     [000] ...2   822.643622: sched_switch: prev_comm=swapper/0 prev_pid=0 prev_prio=120 prev_state=R ==> next_comm=ksoftirqd/0 next_pid=3 next_prio=120
     ksoftirqd/0-3     [000] ...2   822.643630: sched_switch: prev_comm=ksoftirqd/0 prev_pid=3 prev_prio=120 prev_state=S ==> next_comm=swapper/0 next_pid=0 next_prio=120
          <idle>-0     [000] ...2   822.643936: sched_switch: prev_comm=swapper/0 prev_pid=0 prev_prio=120 prev_state=R ==> next_comm=mmcqd/1 next_pid=116 next_prio=120
         mmcqd/1-116   [000] ...1   822.643950: block_rq_complete: 179,0 RA () 853200 + 32 [0]
         mmcqd/1-116   [000] ...2   822.643967: sched_switch: prev_comm=mmcqd/1 prev_pid=116 prev_prio=120 prev_state=R+ ==> next_comm=kworker/0:1H next_pid=17 next_prio=100
    kworker/0:1H-17    [000] ...2   822.643974: sched_switch: prev_comm=kworker/0:1H prev_pid=17 prev_prio=100 prev_state=S ==> next_comm=mmcqd/1 next_pid=116 next_prio=120
         mmcqd/1-116   [000] ...2   822.643982: sched_switch: prev_comm=mmcqd/1 prev_pid=116 prev_prio=120 prev_state=S ==> next_comm=app_process next_pid=4986 next_prio=120
            main-4986  [000] d..2   822.644021: block_rq_insert: 179,0 R 0 () 863504 + 136 [app_process]
            main-4986  [000] ...2   822.644031: sched_switch: prev_comm=app_process prev_pid=4986 prev_prio=120 prev_state=R+ ==> next_comm=mmcqd/1 next_pid=116 next_prio=120
         mmcqd/1-116   [000] ...2   822.644095: sched_switch: prev_comm=mmcqd/1 prev_pid=116 prev_prio=120 prev_state=S ==> next_comm=app_process next_pid=4986 next_prio=120
            main-4986  [000] ...2   822.644102: sched_switch: prev_comm=app_process prev_pid=4986 prev_prio=120 prev_state=D|W ==> next_comm=swapper/0 next_pid=0 next_prio=120
          <idle>-0     [000] ...2   822.644951: sched_switch: prev_comm=swapper/0 prev_pid=0 prev_prio=120 prev_state=R ==> next_comm=mmcqd/1 next_pid=116 next_prio=120
         mmcqd/1-116   [000] ...1   822.644986: block_rq_complete: 179,0 RA () 863504 + 136 [0]
         mmcqd/1-116   [000] ...2   822.645005: sched_switch: prev_comm=mmcqd/1 prev_pid=116 prev_prio=120 prev_state=R+ ==> next_comm=kworker/0:1H next_pid=17 next_prio=100
    kworker/0:1H-17    [000] ...2   822.645012: sched_switch: prev_comm=kworker/0:1H prev_pid=17 prev_prio=100 prev_state=S ==> next_comm=mmcqd/1 next_pid=116 next_prio=120
         mmcqd/1-116   [000] ...2   822.645021: sched_switch: prev_comm=mmcqd/1 prev_pid=116 prev_prio=120 prev_state=S ==> next_comm=app_process next_pid=4986 next_prio=120
            main-4986  [000] d..2   822.645268: block_rq_insert: 179,0 R 0 () 855992 + 32 [app_process]
            main-4986  [000] ...2   822.645278: sched_switch: prev_comm=app_process prev_pid=4986 prev_prio=120 prev_state=R+ ==> next_comm=mmcqd/1 next_pid=116 next_prio=120
         mmcqd/1-116   [000] ...2   822.645320: sched_switch: prev_comm=mmcqd/1 prev_pid=116 prev_prio=120 prev_state=S ==> next_comm=app_process next_pid=4986 next_prio=120
            main-4986  [000] ...2   822.645327: sched_switch: prev_comm=app_process prev_pid=4986 prev_prio=120 prev_state=D|W ==> next_comm=swapper/0 next_pid=0 next_prio=120
          <idle>-0     [000] ...2   822.645700: sched_switch: prev_comm=swapper/0 prev_pid=0 prev_prio=120 prev_state=R ==> next_comm=mmcqd/1 next_pid=116 next_prio=120
         mmcqd/1-116   [000] ...1   822.645715: block_rq_complete: 179,0 RA () 855992 + 32 [0]
         mmcqd/1-116   [000] ...2   822.645733: sched_switch: prev_comm=mmcqd/1 prev_pid=116 prev_prio=120 prev_state=R+ ==> next_comm=kworker/0:1H next_pid=17 next_prio=100
    kworker/0:1H-17    [000] ...2   822.645741: sched_switch: prev_comm=kworker/0:1H prev_pid=17 prev_prio=100 prev_state=S ==> next_comm=mmcqd/1 next_pid=116 next_prio=120
         mmcqd/1-116   [000] ...2   822.645749: sched_switch: prev_comm=mmcqd/1 prev_pid=116 prev_prio=120 prev_state=S ==> next_comm=app_process next_pid=4986 next_prio=120
            main-4986  [000] d..2   822.646017: block_rq_insert: 179,0 R 0 () 868176 + 32 [app_process]
            main-4986  [000] ...2   822.646028: sched_switch: prev_comm=app_process prev_pid=4986 prev_prio=120 prev_state=R+ ==> next_comm=mmcqd/1 next_pid=116 next_prio=120
         mmcqd/1-116   [000] ...2   822.646071: sched_switch: prev_comm=mmcqd/1 prev_pid=116 prev_prio=120 prev_state=S ==> next_comm=app_process next_pid=4986 next_prio=120
            main-4986  [000] ...2   822.646077: sched_switch: prev_comm=app_process prev_pid=4986 prev_prio=120 prev_state=D|W ==> next_comm=swapper/0 next_pid=0 next_prio=120
          <idle>-0     [000] ...2   822.646092: sched_switch: prev_comm=swapper/0 prev_pid=0 prev_prio=120 prev_state=R ==> next_comm=ksoftirqd/0 next_pid=3 next_prio=120
     ksoftirqd/0-3     [000] ...2   822.646101: sched_switch: prev_comm=ksoftirqd/0 prev_pid=3 prev_prio=120 prev_state=S ==> next_comm=swapper/0 next_pid=0 next_prio=120
          <idle>-0     [000] ...2   822.646116: sched_switch: prev_comm=swapper/0 prev_pid=0 prev_prio=120 prev_state=R ==> next_comm=ksoftirqd/0 next_pid=3 next_prio=120
     ksoftirqd/0-3     [000] ...2   822.646122: sched_switch: prev_comm=ksoftirqd/0 prev_pid=3 prev_prio=120 prev_state=S ==> next_comm=swapper/0 next_pid=0 next_prio=120
          <idle>-0     [000] ...2   822.646135: sched_switch: prev_comm=swapper/0 prev_pid=0 prev_prio=120 prev_state=R ==> next_comm=ksoftirqd/0 next_pid=3 next_prio=120
     ksoftirqd/0-3     [000] ...2   822.646143: sched_switch: prev_comm=ksoftirqd/0 prev_pid=3 prev_prio=120 prev_state=S ==> next_comm=swapper/0 next_pid=0 next_prio=120
          <idle>-0     [000] ...2   822.646470: sched_switch: prev_comm=swapper/0 prev_pid=0 prev_prio=120 prev_state=R ==> next_comm=mmcqd/1 next_pid=116 next_prio=120
         mmcqd/1-116   [000] ...1   822.646485: block_rq_complete: 179,0 RA () 868176 + 32 [0]
         mmcqd/1-116   [000] ...2   822.646502: sched_switch: prev_comm=mmcqd/1 prev_pid=116 prev_prio=120 prev_state=R+ ==> next_comm=kworker/0:1H next_pid=17 next_prio=100
    kworker/0:1H-17    [000] ...2   822.646510: sched_switch: prev_comm=kworker/0:1H prev_pid=17 prev_prio=100 prev_state=S ==> next_comm=mmcqd/1 next_pid=116 next_prio=120
         mmcqd/1-116   [000] ...2   822.646518: sched_switch: prev_comm=mmcqd/1 prev_pid=116 prev_prio=120 prev_state=S ==> next_comm=app_process next_pid=4986 next_prio=120
            main-4986  [000] d..2   822.646557: block_rq_insert: 179,0 R 0 () 869424 + 136 [app_process]
            main-4986  [000] ...2   822.646566: sched_switch: prev_comm=app_process prev_pid=4986 prev_prio=120 prev_state=R+ ==> next_comm=mmcqd/1 next_pid=116 next_prio=120
         mmcqd/1-116   [000] ...2   822.646633: sched_switch: prev_comm=mmcqd/1 prev_pid=116 prev_prio=120 prev_state=S ==> next_comm=app_process next_pid=4986 next_prio=120
            main-4986  [000] ...2   822.646638: sched_switch: prev_comm=app_process prev_pid=4986 prev_prio=120 prev_state=D|W ==> next_comm=swapper/0 next_pid=0 next_prio=120
          <idle>-0     [000] ...2   822.647490: sched_switch: prev_comm=swapper/0 prev_pid=0 prev_prio=120 prev_state=R ==> next_comm=mmcqd/1 next_pid=116 next_prio=120
         mmcqd/1-116   [000] ...1   822.647526: block_rq_complete: 179,0 RA () 869424 + 136 [0]
         mmcqd/1-116   [000] ...2   822.647546: sched_switch: prev_comm=mmcqd/1 prev_pid=116 prev_prio=120 prev_state=R+ ==> next_comm=kworker/0:1H next_pid=17 next_prio=100
    kworker/0:1H-17    [000] ...2   822.647553: sched_switch: prev_comm=kworker/0:1H prev_pid=17 prev_prio=100 prev_state=S ==> next_comm=mmcqd/1 next_pid=116 next_prio=120
         mmcqd/1-116   [000] ...2   822.647561: sched_switch: prev_comm=mmcqd/1 prev_pid=116 prev_prio=120 prev_state=S ==> next_comm=app_process next_pid=4986 next_prio=120
            main-4986  [000] d..2   822.647807: block_rq_insert: 179,0 R 0 () 869672 + 32 [app_process]
            main-4986  [000] ...2   822.647818: sched_switch: prev_comm=app_process prev_pid=4986 prev_prio=120 prev_state=R+ ==> next_comm=mmcqd/1 next_pid=116 next_prio=120
         mmcqd/1-116   [000] ...2   822.647860: sched_switch: prev_comm=mmcqd/1 prev_pid=116 prev_prio=120 prev_state=S ==> next_comm=app_process next_pid=4986 next_prio=120
            main-4986  [000] ...2   822.647865: sched_switch: prev_comm=app_process prev_pid=4986 prev_prio=120 prev_state=D|W ==> next_comm=swapper/0 next_pid=0 next_prio=120
          <idle>-0     [000] ...2   822.647880: sched_switch: prev_comm=swapper/0 prev_pid=0 prev_prio=120 prev_state=R ==> next_comm=ksoftirqd/0 next_pid=3 next_prio=120
     ksoftirqd/0-3     [000] ...2   822.647887: sched_switch: prev_comm=ksoftirqd/0 prev_pid=3 prev_prio=120 prev_state=S ==> next_comm=swapper/0 next_pid=0 next_prio=120
          <idle>-0     [000] ...2   822.647902: sched_switch: prev_comm=swapper/0 prev_pid=0 prev_prio=120 prev_state=R ==> next_comm=ksoftirqd/0 next_pid=3 next_prio=120
     ksoftirqd/0-3     [000] ...2   822.647908: sched_switch: prev_comm=ksoftirqd/0 prev_pid=3 prev_prio=120 prev_state=S ==> next_comm=swapper/0 next_pid=0 next_prio=120
          <idle>-0     [000] ...2   822.647921: sched_switch: prev_comm=swapper/0 prev_pid=0 prev_prio=120 prev_state=R ==> next_comm=ksoftirqd/0 next_pid=3 next_prio=120
     ksoftirqd/0-3     [000] ...2   822.647928: sched_switch: prev_comm=ksoftirqd/0 prev_pid=3 prev_prio=120 prev_state=S ==> next_comm=swapper/0 next_pid=0 next_prio=120
          <idle>-0     [000] ...2   822.648256: sched_switch: prev_comm=swapper/0 prev_pid=0 prev_prio=120 prev_state=R ==> next_comm=mmcqd/1 next_pid=116 next_prio=120
         mmcqd/1-116   [000] ...1   822.648270: block_rq_complete: 179,0 RA () 869672 + 32 [0]
         mmcqd/1-116   [000] ...2   822.648288: sched_switch: prev_comm=mmcqd/1 prev_pid=116 prev_prio=120 prev_state=R+ ==> next_comm=kworker/0:1H next_pid=17 next_prio=100
    kworker/0:1H-17    [000] ...2   822.648294: sched_switch: prev_comm=kworker/0:1H prev_pid=17 prev_prio=100 prev_state=S ==> next_comm=mmcqd/1 next_pid=116 next_prio=120
         mmcqd/1-116   [000] ...2   822.648303: sched_switch: prev_comm=mmcqd/1 prev_pid=116 prev_prio=120 prev_state=S ==> next_comm=app_process next_pid=4986 next_prio=120
            main-4986  [000] d..2   822.648337: block_rq_insert: 179,0 R 0 () 869704 + 64 [app_process]
            main-4986  [000] ...2   822.648346: sched_switch: prev_comm=app_process prev_pid=4986 prev_prio=120 prev_state=R+ ==> next_comm=mmcqd/1 next_pid=116 next_prio=120
         mmcqd/1-116   [000] ...2   822.648394: sched_switch: prev_comm=mmcqd/1 prev_pid=116 prev_prio=120 prev_state=S ==> next_comm=app_process next_pid=4986 next_prio=120
            main-4986  [000] d..2   822.648436: block_rq_insert: 179,0 R 0 () 869768 + 40 [app_process]
            main-4986  [000] ...2   822.648446: sched_switch: prev_comm=app_process prev_pid=4986 prev_prio=120 prev_state=R+ ==> next_comm=mmcqd/1 next_pid=116 next_prio=120
         mmcqd/1-116   [000] ...2   822.648469: sched_switch: prev_comm=mmcqd/1 prev_pid=116 prev_prio=120 prev_state=S ==> next_comm=app_process next_pid=4986 next_prio=120
            main-4986  [000] ...2   822.648474: sched_switch: prev_comm=app_process prev_pid=4986 prev_prio=120 prev_state=D|W ==> next_comm=swapper/0 next_pid=0 next_prio=120
          <idle>-0     [000] ...2   822.648941: sched_switch: prev_comm=swapper/0 prev_pid=0 prev_prio=120 prev_state=R ==> next_comm=mmcqd/1 next_pid=116 next_prio=120
         mmcqd/1-116   [000] ...1   822.648977: block_rq_complete: 179,0 RA () 869704 + 64 [0]
         mmcqd/1-116   [000] ...2   822.648994: sched_switch: prev_comm=mmcqd/1 prev_pid=116 prev_prio=120 prev_state=S ==> next_comm=app_process next_pid=4986 next_prio=120
            main-4986  [000] ...2   822.649071: sched_switch: prev_comm=app_process prev_pid=4986 prev_prio=120 prev_state=D|W ==> next_comm=swapper/0 next_pid=0 next_prio=120
          <idle>-0     [000] ...2   822.649373: sched_switch: prev_comm=swapper/0 prev_pid=0 prev_prio=120 prev_state=R ==> next_comm=mmcqd/1 next_pid=116 next_prio=120
         mmcqd/1-116   [000] ...1   822.649390: block_rq_complete: 179,0 RA () 869768 + 40 [0]
         mmcqd/1-116   [000] ...2   822.649407: sched_switch: prev_comm=mmcqd/1 prev_pid=116 prev_prio=120 prev_state=R+ ==> next_comm=kworker/0:1H next_pid=17 next_prio=100
    kworker/0:1H-17    [000] ...2   822.649414: sched_switch: prev_comm=kworker/0:1H prev_pid=17 prev_prio=100 prev_state=S ==> next_comm=mmcqd/1 next_pid=116 next_prio=120
         mmcqd/1-116   [000] ...2   822.649423: sched_switch: prev_comm=mmcqd/1 prev_pid=116 prev_prio=120 prev_state=S ==> next_comm=app_process next_pid=4986 next_prio=120
            main-4986  [000] d..2   822.649555: block_rq_insert: 179,0 R 0 () 863648 + 32 [app_process]
            main-4986  [000] ...2   822.649565: sched_switch: prev_comm=app_process prev_pid=4986 prev_prio=120 prev_state=R+ ==> next_comm=mmcqd/1 next_pid=116 next_prio=120
         mmcqd/1-116   [000] ...2   822.649607: sched_switch: prev_comm=mmcqd/1 prev_pid=116 prev_prio=120 prev_state=S ==> next_comm=app_process next_pid=4986 next_prio=120
            main-4986  [000] ...2   822.649612: sched_switch: prev_comm=app_process prev_pid=4986 prev_prio=120 prev_state=D|W ==> next_comm=swapper/0 next_pid=0 next_prio=120
          <idle>-0     [000] ...2   822.649627: sched_switch: prev_comm=swapper/0 prev_pid=0 prev_prio=120 prev_state=R ==> next_comm=ksoftirqd/0 next_pid=3 next_prio=120
     ksoftirqd/0-3     [000] ...2   822.649634: sched_switch: prev_comm=ksoftirqd/0 prev_pid=3 prev_prio=120 prev_state=S ==> next_comm=swapper/0 next_pid=0 next_prio=120
          <idle>-0     [000] ...2   822.649648: sched_switch: prev_comm=swapper/0 prev_pid=0 prev_prio=120 prev_state=R ==> next_comm=ksoftirqd/0 next_pid=3 next_prio=120
     ksoftirqd/0-3     [000] ...2   822.649655: sched_switch: prev_comm=ksoftirqd/0 prev_pid=3 prev_prio=120 prev_state=S ==> next_comm=swapper/0 next_pid=0 next_prio=120
          <idle>-0     [000] ...2   822.649668: sched_switch: prev_comm=swapper/0 prev_pid=0 prev_prio=120 prev_state=R ==> next_comm=ksoftirqd/0 next_pid=3 next_prio=120
     ksoftirqd/0-3     [000] ...2   822.649675: sched_switch: prev_comm=ksoftirqd/0 prev_pid=3 prev_prio=120 prev_state=S ==> next_comm=swapper/0 next_pid=0 next_prio=120
          <idle>-0     [000] ...2   822.649948: sched_switch: prev_comm=swapper/0 prev_pid=0 prev_prio=120 prev_state=R ==> next_comm=mmcqd/1 next_pid=116 next_prio=120
         mmcqd/1-116   [000] ...1   822.649963: block_rq_complete: 179,0 RA () 863648 + 32 [0]
         mmcqd/1-116   [000] ...2   822.649980: sched_switch: prev_comm=mmcqd/1 prev_pid=116 prev_prio=120 prev_state=R+ ==> next_comm=kworker/0:1H next_pid=17 next_prio=100
    kworker/0:1H-17    [000] ...2   822.649986: sched_switch: prev_comm=kworker/0:1H prev_pid=17 prev_prio=100 prev_state=S ==> next_comm=mmcqd/1 next_pid=116 next_prio=120
         mmcqd/1-116   [000] ...2   822.649995: sched_switch: prev_comm=mmcqd/1 prev_pid=116 prev_prio=120 prev_state=S ==> next_comm=app_process next_pid=4986 next_prio=120
            main-4986  [000] d..2   822.650028: block_rq_insert: 179,0 R 0 () 863680 + 40 [app_process]
            main-4986  [000] ...2   822.650038: sched_switch: prev_comm=app_process prev_pid=4986 prev_prio=120 prev_state=R+ ==> next_comm=mmcqd/1 next_pid=116 next_prio=120
         mmcqd/1-116   [000] ...2   822.650080: sched_switch: prev_comm=mmcqd/1 prev_pid=116 prev_prio=120 prev_state=S ==> next_comm=app_process next_pid=4986 next_prio=120
            main-4986  [000] ...2   822.650110: sched_switch: prev_comm=app_process prev_pid=4986 prev_prio=120 prev_state=D|W ==> next_comm=swapper/0 next_pid=0 next_prio=120
          <idle>-0     [000] ...2   822.650486: sched_switch: prev_comm=swapper/0 prev_pid=0 prev_prio=120 prev_state=R ==> next_comm=mmcqd/1 next_pid=116 next_prio=120
         mmcqd/1-116   [000] ...1   822.650502: block_rq_complete: 179,0 RA () 863680 + 40 [0]
         mmcqd/1-116   [000] ...2   822.650518: sched_switch: prev_comm=mmcqd/1 prev_pid=116 prev_prio=120 prev_state=R+ ==> next_comm=kworker/0:1H next_pid=17 next_prio=100
    kworker/0:1H-17    [000] ...2   822.650525: sched_switch: prev_comm=kworker/0:1H prev_pid=17 prev_prio=100 prev_state=S ==> next_comm=mmcqd/1 next_pid=116 next_prio=120
         mmcqd/1-116   [000] ...2   822.650533: sched_switch: prev_comm=mmcqd/1 prev_pid=116 prev_prio=120 prev_state=S ==> next_comm=app_process next_pid=4986 next_prio=120
            main-4986  [000] d..2   822.650635: block_rq_insert: 179,0 R 0 () 863808 + 8 [app_process]
            main-4986  [000] ...2   822.650645: sched_switch: prev_comm=app_process prev_pid=4986 prev_prio=120 prev_state=R+ ==> next_comm=mmcqd/1 next_pid=116 next_prio=120
         mmcqd/1-116   [000] ...2   822.650682: sched_switch: prev_comm=mmcqd/1 prev_pid=116 prev_prio=120 prev_state=S ==> next_comm=app_process next_pid=4986 next_prio=120
            main-4986  [000] ...2   822.650687: sched_switch: prev_comm=app_process prev_pid=4986 prev_prio=120 prev_state=D|W ==> next_comm=swapper/0 next_pid=0 next_prio=120
          <idle>-0     [000] ...2   822.650701: sched_switch: prev_comm=swapper/0 prev_pid=0 prev_prio=120 prev_state=R ==> next_comm=ksoftirqd/0 next_pid=3 next_prio=120
     ksoftirqd/0-3     [000] ...2   822.650708: sched_switch: prev_comm=ksoftirqd/0 prev_pid=3 prev_prio=120 prev_state=S ==> next_comm=swapper/0 next_pid=0 next_prio=120
          <idle>-0     [000] ...2   822.650722: sched_switch: prev_comm=swapper/0 prev_pid=0 prev_prio=120 prev_state=R ==> next_comm=ksoftirqd/0 next_pid=3 next_prio=120
     ksoftirqd/0-3     [000] ...2   822.650729: sched_switch: prev_comm=ksoftirqd/0 prev_pid=3 prev_prio=120 prev_state=S ==> next_comm=swapper/0 next_pid=0 next_prio=120
          <idle>-0     [000] ...2   822.650742: sched_switch: prev_comm=swapper/0 prev_pid=0 prev_prio=120 prev_state=R ==> next_comm=ksoftirqd/0 next_pid=3 next_prio=120
     ksoftirqd/0-3     [000] ...2   822.650749: sched_switch: prev_comm=ksoftirqd/0 prev_pid=3 prev_prio=120 prev_state=S ==> next_comm=swapper/0 next_pid=0 next_prio=120
          <idle>-0     [000] ...2   822.650924: sched_switch: prev_comm=swapper/0 prev_pid=0 prev_prio=120 prev_state=R ==> next_comm=mmcqd/1 next_pid=116 next_prio=120
         mmcqd/1-116   [000] ...1   822.650934: block_rq_complete: 179,0 RA () 863808 + 8 [0]
         mmcqd/1-116   [000] ...2   822.650950: sched_switch: prev_comm=mmcqd/1 prev_pid=116 prev_prio=120 prev_state=R+ ==> next_comm=kworker/0:1H next_pid=17 next_prio=100
    kworker/0:1H-17    [000] ...2   822.650956: sched_switch: prev_comm=kworker/0:1H prev_pid=17 prev_prio=100 prev_state=S ==> next_comm=mmcqd/1 next_pid=116 next_prio=120
         mmcqd/1-116   [000] ...2   822.650964: sched_switch: prev_comm=mmcqd/1 prev_pid=116 prev_prio=120 prev_state=S ==> next_comm=app_process next_pid=4986 next_prio=120
            main-4986  [000] d..2   822.651040: block_rq_insert: 179,0 R 0 () 802992 + 32 [app_process]
            main-4986  [000] ...2   822.651050: sched_switch: prev_comm=app_process prev_pid=4986 prev_prio=120 prev_state=R+ ==> next_comm=mmcqd/1 next_pid=116 next_prio=120
         mmcqd/1-116   [000] ...2   822.651090: sched_switch: prev_comm=mmcqd/1 prev_pid=116 prev_prio=120 prev_state=S ==> next_comm=app_process next_pid=4986 next_prio=120
            main-4986  [000] ...2   822.651094: sched_switch: prev_comm=app_process prev_pid=4986 prev_prio=120 prev_state=D|W ==> next_comm=swapper/0 next_pid=0 next_prio=120
          <idle>-0     [000] ...2   822.651108: sched_switch: prev_comm=swapper/0 prev_pid=0 prev_prio=120 prev_state=R ==> next_comm=ksoftirqd/0 next_pid=3 next_prio=120
     ksoftirqd/0-3     [000] ...2   822.651115: sched_switch: prev_comm=ksoftirqd/0 prev_pid=3 prev_prio=120 prev_state=S ==> next_comm=swapper/0 next_pid=0 next_prio=120
          <idle>-0     [000] ...2   822.651129: sched_switch: prev_comm=swapper/0 prev_pid=0 prev_prio=120 prev_state=R ==> next_comm=ksoftirqd/0 next_pid=3 next_prio=120
     ksoftirqd/0-3     [000] ...2   822.651135: sched_switch: prev_comm=ksoftirqd/0 prev_pid=3 prev_prio=120 prev_state=S ==> next_comm=swapper/0 next_pid=0 next_prio=120
          <idle>-0     [000] ...2   822.651149: sched_switch: prev_comm=swapper/0 prev_pid=0 prev_prio=120 prev_state=R ==> next_comm=ksoftirqd/0 next_pid=3 next_prio=120
     ksoftirqd/0-3     [000] ...2   822.651155: sched_switch: prev_comm=ksoftirqd/0 prev_pid=3 prev_prio=120 prev_state=S ==> next_comm=swapper/0 next_pid=0 next_prio=120
          <idle>-0     [000] ...2   822.651468: sched_switch: prev_comm=swapper/0 prev_pid=0 prev_prio=120 prev_state=R ==> next_comm=mmcqd/1 next_pid=116 next_prio=120
         mmcqd/1-116   [000] ...1   822.651482: block_rq_complete: 179,0 RA () 802992 + 32 [0]
         mmcqd/1-116   [000] ...2   822.651498: sched_switch: prev_comm=mmcqd/1 prev_pid=116 prev_prio=120 prev_state=R+ ==> next_comm=kworker/0:1H next_pid=17 next_prio=100
    kworker/0:1H-17    [000] ...2   822.651505: sched_switch: prev_comm=kworker/0:1H prev_pid=17 prev_prio=100 prev_state=S ==> next_comm=mmcqd/1 next_pid=116 next_prio=120
         mmcqd/1-116   [000] ...2   822.651514: sched_switch: prev_comm=mmcqd/1 prev_pid=116 prev_prio=120 prev_state=S ==> next_comm=app_process next_pid=4986 next_prio=120
            main-4986  [000] d..2   822.651552: block_rq_insert: 179,0 R 0 () 803104 + 136 [app_process]
            main-4986  [000] ...2   822.651561: sched_switch: prev_comm=app_process prev_pid=4986 prev_prio=120 prev_state=R+ ==> next_comm=mmcqd/1 next_pid=116 next_prio=120
         mmcqd/1-116   [000] ...2   822.651625: sched_switch: prev_comm=mmcqd/1 prev_pid=116 prev_prio=120 prev_state=S ==> next_comm=app_process next_pid=4986 next_prio=120
            main-4986  [000] ...2   822.651630: sched_switch: prev_comm=app_process prev_pid=4986 prev_prio=120 prev_state=D|W ==> next_comm=swapper/0 next_pid=0 next_prio=120
          <idle>-0     [000] ...2   822.652479: sched_switch: prev_comm=swapper/0 prev_pid=0 prev_prio=120 prev_state=R ==> next_comm=mmcqd/1 next_pid=116 next_prio=120
         mmcqd/1-116   [000] ...1   822.652515: block_rq_complete: 179,0 RA () 803104 + 136 [0]
         mmcqd/1-116   [000] ...2   822.652534: sched_switch: prev_comm=mmcqd/1 prev_pid=116 prev_prio=120 prev_state=R+ ==> next_comm=kworker/0:1H next_pid=17 next_prio=100
    kworker/0:1H-17    [000] ...2   822.652541: sched_switch: prev_comm=kworker/0:1H prev_pid=17 prev_prio=100 prev_state=S ==> next_comm=mmcqd/1 next_pid=116 next_prio=120
         mmcqd/1-116   [000] ...2   822.652549: sched_switch: prev_comm=mmcqd/1 prev_pid=116 prev_prio=120 prev_state=S ==> next_comm=app_process next_pid=4986 next_prio=120
            main-4986  [000] d..2   822.652784: block_rq_insert: 179,0 R 0 () 803392 + 32 [app_process]
            main-4986  [000] ...2   822.652795: sched_switch: prev_comm=app_process prev_pid=4986 prev_prio=120 prev_state=R+ ==> next_comm=mmcqd/1 next_pid=116 next_prio=120
         mmcqd/1-116   [000] ...2   822.652839: sched_switch: prev_comm=mmcqd/1 prev_pid=116 prev_prio=120 prev_state=S ==> next_comm=app_process next_pid=4986 next_prio=120
            main-4986  [000] ...2   822.652844: sched_switch: prev_comm=app_process prev_pid=4986 prev_prio=120 prev_state=D|W ==> next_comm=swapper/0 next_pid=0 next_prio=120
          <idle>-0     [000] ...2   822.652859: sched_switch: prev_comm=swapper/0 prev_pid=0 prev_prio=120 prev_state=R ==> next_comm=ksoftirqd/0 next_pid=3 next_prio=120
     ksoftirqd/0-3     [000] ...2   822.652866: sched_switch: prev_comm=ksoftirqd/0 prev_pid=3 prev_prio=120 prev_state=S ==> next_comm=swapper/0 next_pid=0 next_prio=120
          <idle>-0     [000] ...2   822.652881: sched_switch: prev_comm=swapper/0 prev_pid=0 prev_prio=120 prev_state=R ==> next_comm=ksoftirqd/0 next_pid=3 next_prio=120
     ksoftirqd/0-3     [000] ...2   822.652887: sched_switch: prev_comm=ksoftirqd/0 prev_pid=3 prev_prio=120 prev_state=S ==> next_comm=swapper/0 next_pid=0 next_prio=120
          <idle>-0     [000] ...2   822.652900: sched_switch: prev_comm=swapper/0 prev_pid=0 prev_prio=120 prev_state=R ==> next_comm=ksoftirqd/0 next_pid=3 next_prio=120
     ksoftirqd/0-3     [000] ...2   822.652906: sched_switch: prev_comm=ksoftirqd/0 prev_pid=3 prev_prio=120 prev_state=S ==> next_comm=swapper/0 next_pid=0 next_prio=120
          <idle>-0     [000] ...2   822.653184: sched_switch: prev_comm=swapper/0 prev_pid=0 prev_prio=120 prev_state=R ==> next_comm=mmcqd/1 next_pid=116 next_prio=120
         mmcqd/1-116   [000] ...1   822.653198: block_rq_complete: 179,0 RA () 803392 + 32 [0]
         mmcqd/1-116   [000] ...2   822.653216: sched_switch: prev_comm=mmcqd/1 prev_pid=116 prev_prio=120 prev_state=R+ ==> next_comm=kworker/0:1H next_pid=17 next_prio=100
    kworker/0:1H-17    [000] ...2   822.653223: sched_switch: prev_comm=kworker/0:1H prev_pid=17 prev_prio=100 prev_state=S ==> next_comm=mmcqd/1 next_pid=116 next_prio=120
         mmcqd/1-116   [000] ...2   822.653232: sched_switch: prev_comm=mmcqd/1 prev_pid=116 prev_prio=120 prev_state=S ==> next_comm=app_process next_pid=4986 next_prio=120
            main-4986  [000] d..2   822.653271: block_rq_insert: 179,0 R 0 () 804336 + 136 [app_process]
            main-4986  [000] ...2   822.653280: sched_switch: prev_comm=app_process prev_pid=4986 prev_prio=120 prev_state=R+ ==> next_comm=mmcqd/1 next_pid=116 next_prio=120
         mmcqd/1-116   [000] ...2   822.653346: sched_switch: prev_comm=mmcqd/1 prev_pid=116 prev_prio=120 prev_state=S ==> next_comm=app_process next_pid=4986 next_prio=120
            main-4986  [000] ...2   822.653351: sched_switch: prev_comm=app_process prev_pid=4986 prev_prio=120 prev_state=D|W ==> next_comm=swapper/0 next_pid=0 next_prio=120
          <idle>-0     [000] ...2   822.654266: sched_switch: prev_comm=swapper/0 prev_pid=0 prev_prio=120 prev_state=R ==> next_comm=mmcqd/1 next_pid=116 next_prio=120
         mmcqd/1-116   [000] ...1   822.654302: block_rq_complete: 179,0 RA () 804336 + 136 [0]
         mmcqd/1-116   [000] ...2   822.654321: sched_switch: prev_comm=mmcqd/1 prev_pid=116 prev_prio=120 prev_state=R+ ==> next_comm=kworker/0:1H next_pid=17 next_prio=100
    kworker/0:1H-17    [000] ...2   822.654328: sched_switch: prev_comm=kworker/0:1H prev_pid=17 prev_prio=100 prev_state=S ==> next_comm=mmcqd/1 next_pid=116 next_prio=120
         mmcqd/1-116   [000] ...2   822.654336: sched_switch: prev_comm=mmcqd/1 prev_pid=116 prev_prio=120 prev_state=S ==> next_comm=app_process next_pid=4986 next_prio=120
            main-4986  [000] d..2   822.654608: block_rq_insert: 179,0 FWS 0 () 0 + 0 [app_process]
            main-4986  [000] ...2   822.654619: sched_switch: prev_comm=app_process prev_pid=4986 prev_prio=120 prev_state=R+ ==> next_comm=mmcqd/1 next_pid=116 next_prio=120
         mmcqd/1-116   [000] ...2   822.654643: sched_switch: prev_comm=mmcqd/1 prev_pid=116 prev_prio=120 prev_state=D ==> next_comm=app_process next_pid=4986 next_prio=120
            main-4986  [000] ...2   822.654648: sched_switch: prev_comm=app_process prev_pid=4986 prev_prio=120 prev_state=D ==> next_comm=swapper/0 next_pid=0 next_prio=120
          <idle>-0     [000] ...2   822.654675: sched_switch: prev_comm=swapper/0 prev_pid=0 prev_prio=120 prev_state=R ==> next_comm=ksoftirqd/0 next_pid=3 next_prio=120
     ksoftirqd/0-3     [000] ...2   822.654682: sched_switch: prev_comm=ksoftirqd/0 prev_pid=3 prev_prio=120 prev_state=S ==> next_comm=mmcqd/1 next_pid=116 next_prio=120
         mmcqd/1-116   [000] ...2   822.654705: sched_switch: prev_comm=mmcqd/1 prev_pid=116 prev_prio=120 prev_state=R ==> next_comm=swapper/0 next_pid=0 next_prio=120
          <idle>-0     [000] ...2   822.654709: sched_switch: prev_comm=swapper/0 prev_pid=0 prev_prio=120 prev_state=R ==> next_comm=mmcqd/1 next_pid=116 next_prio=120
         mmcqd/1-116   [000] d..2   822.654713: block_rq_complete: 179,0 WS () 0 + 0 [0]
         mmcqd/1-116   [000] ...2   822.654729: sched_switch: prev_comm=mmcqd/1 prev_pid=116 prev_prio=120 prev_state=S ==> next_comm=app_process next_pid=4986 next_prio=120
            main-4986  [000] ...2   822.658916: sched_switch: prev_comm=app_process prev_pid=4986 prev_prio=120 prev_state=R+ ==> next_comm=kworker/u:0 next_pid=3362 next_prio=120
     kworker/u:0-3362  [000] ...2   822.658933: sched_switch: prev_comm=kworker/u:0 prev_pid=3362 prev_prio=120 prev_state=S ==> next_comm=kworker/0:0 next_pid=4 next_prio=120
     kworker/0:0-4     [000] ...2   822.658944: sched_switch: prev_comm=kworker/0:0 prev_pid=4 prev_prio=120 prev_state=S ==> next_comm=mpdecision next_pid=1527 next_prio=113
      mpdecision-1527  [000] ...2   822.659175: sched_switch: prev_comm=mpdecision prev_pid=1527 prev_prio=113 prev_state=S ==> next_comm=app_process next_pid=4986 next_prio=120
            main-4986  [000] d..2   822.663390: block_rq_insert: 179,0 R 0 () 4072736 + 128 [main]
            main-4986  [000] ...2   822.663402: sched_switch: prev_comm=main prev_pid=4986 prev_prio=120 prev_state=R+ ==> next_comm=mmcqd/1 next_pid=116 next_prio=120
         mmcqd/1-116   [000] ...2   822.663472: sched_switch: prev_comm=mmcqd/1 prev_pid=116 prev_prio=120 prev_state=S ==> next_comm=main next_pid=4986 next_prio=120
            main-4986  [000] ...2   822.663479: sched_switch: prev_comm=main prev_pid=4986 prev_prio=120 prev_state=D|W ==> next_comm=swapper/0 next_pid=0 next_prio=120
          <idle>-0     [000] ...2   822.663498: sched_switch: prev_comm=swapper/0 prev_pid=0 prev_prio=120 prev_state=R ==> next_comm=ksoftirqd/0 next_pid=3 next_prio=120
     ksoftirqd/0-3     [000] ...2   822.663506: sched_switch: prev_comm=ksoftirqd/0 prev_pid=3 prev_prio=120 prev_state=S ==> next_comm=swapper/0 next_pid=0 next_prio=120
          <idle>-0     [000] ...2   822.663522: sched_switch: prev_comm=swapper/0 prev_pid=0 prev_prio=120 prev_state=R ==> next_comm=ksoftirqd/0 next_pid=3 next_prio=120
     ksoftirqd/0-3     [000] ...2   822.663543: sched_switch: prev_comm=ksoftirqd/0 prev_pid=3 prev_prio=120 prev_state=S ==> next_comm=swapper/0 next_pid=0 next_prio=120
          <idle>-0     [000] ...2   822.664422: sched_switch: prev_comm=swapper/0 prev_pid=0 prev_prio=120 prev_state=R ==> next_comm=mmcqd/1 next_pid=116 next_prio=120
         mmcqd/1-116   [000] ...1   822.664457: block_rq_complete: 179,0 RA () 4072736 + 128 [0]
         mmcqd/1-116   [000] ...2   822.664479: sched_switch: prev_comm=mmcqd/1 prev_pid=116 prev_prio=120 prev_state=R+ ==> next_comm=kworker/0:1H next_pid=17 next_prio=100
    kworker/0:1H-17    [000] ...2   822.664486: sched_switch: prev_comm=kworker/0:1H prev_pid=17 prev_prio=100 prev_state=S ==> next_comm=mmcqd/1 next_pid=116 next_prio=120
         mmcqd/1-116   [000] ...2   822.664496: sched_switch: prev_comm=mmcqd/1 prev_pid=116 prev_prio=120 prev_state=S ==> next_comm=main next_pid=4986 next_prio=120
            main-4986  [000] d..2   822.664593: block_rq_insert: 179,0 R 0 () 4076944 + 16 [main]
            main-4986  [000] d..2   822.664595: block_rq_insert: 179,0 R 0 () 4076968 + 80 [main]
            main-4986  [000] d..2   822.664597: block_rq_insert: 179,0 R 0 () 4077080 + 32 [main]
            main-4986  [000] ...2   822.664605: sched_switch: prev_comm=main prev_pid=4986 prev_prio=120 prev_state=R+ ==> next_comm=mmcqd/1 next_pid=116 next_prio=120
         mmcqd/1-116   [000] ...2   822.664667: sched_switch: prev_comm=mmcqd/1 prev_pid=116 prev_prio=120 prev_state=S ==> next_comm=main next_pid=4986 next_prio=120
            main-4986  [000] ...2   822.664672: sched_switch: prev_comm=main prev_pid=4986 prev_prio=120 prev_state=D|W ==> next_comm=swapper/0 next_pid=0 next_prio=120
          <idle>-0     [000] ...2   822.664897: sched_switch: prev_comm=swapper/0 prev_pid=0 prev_prio=120 prev_state=R ==> next_comm=mmcqd/1 next_pid=116 next_prio=120
         mmcqd/1-116   [000] ...1   822.664923: block_rq_complete: 179,0 RA () 4076944 + 16 [0]
         mmcqd/1-116   [000] ...2   822.664948: sched_switch: prev_comm=mmcqd/1 prev_pid=116 prev_prio=120 prev_state=S ==> next_comm=swapper/0 next_pid=0 next_prio=120
          <idle>-0     [000] ...2   822.665517: sched_switch: prev_comm=swapper/0 prev_pid=0 prev_prio=120 prev_state=R ==> next_comm=mmcqd/1 next_pid=116 next_prio=120
         mmcqd/1-116   [000] ...1   822.665555: block_rq_complete: 179,0 RA () 4076968 + 80 [0]
         mmcqd/1-116   [000] ...2   822.665572: sched_switch: prev_comm=mmcqd/1 prev_pid=116 prev_prio=120 prev_state=S ==> next_comm=main next_pid=4986 next_prio=120
            main-4986  [000] ...2   822.665604: sched_switch: prev_comm=main prev_pid=4986 prev_prio=120 prev_state=D|W ==> next_comm=swapper/0 next_pid=0 next_prio=120
          <idle>-0     [000] ...2   822.665940: sched_switch: prev_comm=swapper/0 prev_pid=0 prev_prio=120 prev_state=R ==> next_comm=mmcqd/1 next_pid=116 next_prio=120
         mmcqd/1-116   [000] ...1   822.665955: block_rq_complete: 179,0 RA () 4077080 + 32 [0]
         mmcqd/1-116   [000] ...2   822.665971: sched_switch: prev_comm=mmcqd/1 prev_pid=116 prev_prio=120 prev_state=R+ ==> next_comm=kworker/0:1H next_pid=17 next_prio=100
    kworker/0:1H-17    [000] ...2   822.665978: sched_switch: prev_comm=kworker/0:1H prev_pid=17 prev_prio=100 prev_state=S ==> next_comm=mmcqd/1 next_pid=116 next_prio=120
         mmcqd/1-116   [000] ...2   822.665987: sched_switch: prev_comm=mmcqd/1 prev_pid=116 prev_prio=120 prev_state=S ==> next_comm=main next_pid=4986 next_prio=120
            main-4986  [000] d..2   822.666045: block_rq_insert: 179,0 R 0 () 4077120 + 16 [main]
            main-4986  [000] d..2   822.666048: block_rq_insert: 179,0 R 0 () 4077160 + 16 [main]
            main-4986  [000] d..2   822.666049: block_rq_insert: 179,0 R 0 () 4077184 + 48 [main]
            main-4986  [000] ...2   822.666059: sched_switch: prev_comm=main prev_pid=4986 prev_prio=120 prev_state=R+ ==> next_comm=mmcqd/1 next_pid=116 next_prio=120
         mmcqd/1-116   [000] ...2   822.666104: sched_switch: prev_comm=mmcqd/1 prev_pid=116 prev_prio=120 prev_state=S ==> next_comm=main next_pid=4986 next_prio=120
            main-4986  [000] ...2   822.666109: sched_switch: prev_comm=main prev_pid=4986 prev_prio=120 prev_state=D|W ==> next_comm=swapper/0 next_pid=0 next_prio=120
          <idle>-0     [000] ...2   822.666372: sched_switch: prev_comm=swapper/0 prev_pid=0 prev_prio=120 prev_state=R ==> next_comm=mmcqd/1 next_pid=116 next_prio=120
         mmcqd/1-116   [000] ...1   822.666398: block_rq_complete: 179,0 RA () 4077120 + 16 [0]
         mmcqd/1-116   [000] ...2   822.666425: sched_switch: prev_comm=mmcqd/1 prev_pid=116 prev_prio=120 prev_state=S ==> next_comm=swapper/0 next_pid=0 next_prio=120
          <idle>-0     [000] ...2   822.666695: sched_switch: prev_comm=swapper/0 prev_pid=0 prev_prio=120 prev_state=R ==> next_comm=mmcqd/1 next_pid=116 next_prio=120
         mmcqd/1-116   [000] ...1   822.666721: block_rq_complete: 179,0 RA () 4077160 + 16 [0]
         mmcqd/1-116   [000] ...2   822.666735: sched_switch: prev_comm=mmcqd/1 prev_pid=116 prev_prio=120 prev_state=S ==> next_comm=main next_pid=4986 next_prio=120
            main-4986  [000] d..2   822.666811: block_rq_insert: 179,0 R 0 () 4077376 + 8 [main]
            main-4986  [000] d..2   822.666813: block_rq_insert: 179,0 R 0 () 4077400 + 104 [main]
            main-4986  [000] ...2   822.666822: sched_switch: prev_comm=main prev_pid=4986 prev_prio=120 prev_state=R+ ==> next_comm=mmcqd/1 next_pid=116 next_prio=120
         mmcqd/1-116   [000] ...2   822.666837: sched_switch: prev_comm=mmcqd/1 prev_pid=116 prev_prio=120 prev_state=S ==> next_comm=main next_pid=4986 next_prio=120
            main-4986  [000] ...2   822.666842: sched_switch: prev_comm=main prev_pid=4986 prev_prio=120 prev_state=D|W ==> next_comm=swapper/0 next_pid=0 next_prio=120
          <idle>-0     [000] ...2   822.667168: sched_switch: prev_comm=swapper/0 prev_pid=0 prev_prio=120 prev_state=R ==> next_comm=mmcqd/1 next_pid=116 next_prio=120
         mmcqd/1-116   [000] ...1   822.667200: block_rq_complete: 179,0 RA () 4077184 + 48 [0]
         mmcqd/1-116   [000] ...2   822.667243: sched_switch: prev_comm=mmcqd/1 prev_pid=116 prev_prio=120 prev_state=S ==> next_comm=swapper/0 next_pid=0 next_prio=120
          <idle>-0     [000] ...2   822.667434: sched_switch: prev_comm=swapper/0 prev_pid=0 prev_prio=120 prev_state=R ==> next_comm=mmcqd/1 next_pid=116 next_prio=120
         mmcqd/1-116   [000] ...1   822.667458: block_rq_complete: 179,0 RA () 4077376 + 8 [0]
         mmcqd/1-116   [000] ...2   822.667472: sched_switch: prev_comm=mmcqd/1 prev_pid=116 prev_prio=120 prev_state=S ==> next_comm=main next_pid=4986 next_prio=120
            main-4986  [000] d..2   822.667537: block_rq_insert: 179,0 R 0 () 4077592 + 16 [main]
            main-4986  [000] d..2   822.667540: block_rq_insert: 179,0 R 0 () 4077696 + 8 [main]
            main-4986  [000] d..2   822.667541: block_rq_insert: 179,0 R 0 () 4077752 + 8 [main]
            main-4986  [000] d..2   822.667543: block_rq_insert: 179,0 R 0 () 4077800 + 24 [main]
            main-4986  [000] ...2   822.667552: sched_switch: prev_comm=main prev_pid=4986 prev_prio=120 prev_state=R+ ==> next_comm=mmcqd/1 next_pid=116 next_prio=120
         mmcqd/1-116   [000] ...2   822.667570: sched_switch: prev_comm=mmcqd/1 prev_pid=116 prev_prio=120 prev_state=S ==> next_comm=main next_pid=4986 next_prio=120
            main-4986  [000] ...2   822.667575: sched_switch: prev_comm=main prev_pid=4986 prev_prio=120 prev_state=D|W ==> next_comm=swapper/0 next_pid=0 next_prio=120
          <idle>-0     [000] ...2   822.668188: sched_switch: prev_comm=swapper/0 prev_pid=0 prev_prio=120 prev_state=R ==> next_comm=mmcqd/1 next_pid=116 next_prio=120
         mmcqd/1-116   [000] ...1   822.668232: block_rq_complete: 179,0 RA () 4077400 + 104 [0]
         mmcqd/1-116   [000] ...2   822.668252: sched_switch: prev_comm=mmcqd/1 prev_pid=116 prev_prio=120 prev_state=S ==> next_comm=swapper/0 next_pid=0 next_prio=120
          <idle>-0     [000] ...2   822.668535: sched_switch: prev_comm=swapper/0 prev_pid=0 prev_prio=120 prev_state=R ==> next_comm=mmcqd/1 next_pid=116 next_prio=120
         mmcqd/1-116   [000] ...1   822.668561: block_rq_complete: 179,0 RA () 4077592 + 16 [0]
         mmcqd/1-116   [000] ...2   822.668578: sched_switch: prev_comm=mmcqd/1 prev_pid=116 prev_prio=120 prev_state=S ==> next_comm=swapper/0 next_pid=0 next_prio=120
          <idle>-0     [000] ...2   822.668791: sched_switch: prev_comm=swapper/0 prev_pid=0 prev_prio=120 prev_state=R ==> next_comm=mmcqd/1 next_pid=116 next_prio=120
         mmcqd/1-116   [000] ...1   822.668815: block_rq_complete: 179,0 RA () 4077696 + 8 [0]
         mmcqd/1-116   [000] ...2   822.668839: sched_switch: prev_comm=mmcqd/1 prev_pid=116 prev_prio=120 prev_state=S ==> next_comm=main next_pid=4986 next_prio=120
            main-4986  [000] d..2   822.668916: block_rq_insert: 179,0 R 0 () 4079160 + 8 [main]
            main-4986  [000] d..2   822.668919: block_rq_insert: 179,0 R 0 () 4079192 + 80 [main]
            main-4986  [000] d..2   822.668921: block_rq_insert: 179,0 R 0 () 4079304 + 8 [main]
            main-4986  [000] ...2   822.668927: sched_switch: prev_comm=main prev_pid=4986 prev_prio=120 prev_state=D|W ==> next_comm=swapper/0 next_pid=0 next_prio=120
          <idle>-0     [000] ...2   822.669072: sched_switch: prev_comm=swapper/0 prev_pid=0 prev_prio=120 prev_state=R ==> next_comm=mmcqd/1 next_pid=116 next_prio=120
         mmcqd/1-116   [000] ...1   822.669097: block_rq_complete: 179,0 RA () 4077752 + 8 [0]
         mmcqd/1-116   [000] ...2   822.669114: sched_switch: prev_comm=mmcqd/1 prev_pid=116 prev_prio=120 prev_state=S ==> next_comm=swapper/0 next_pid=0 next_prio=120
          <idle>-0     [000] ...2   822.669420: sched_switch: prev_comm=swapper/0 prev_pid=0 prev_prio=120 prev_state=R ==> next_comm=mmcqd/1 next_pid=116 next_prio=120
         mmcqd/1-116   [000] ...1   822.669447: block_rq_complete: 179,0 RA () 4077800 + 24 [0]
         mmcqd/1-116   [000] ...2   822.669481: sched_switch: prev_comm=mmcqd/1 prev_pid=116 prev_prio=120 prev_state=S ==> next_comm=swapper/0 next_pid=0 next_prio=120
          <idle>-0     [000] ...2   822.669701: sched_switch: prev_comm=swapper/0 prev_pid=0 prev_prio=120 prev_state=R ==> next_comm=mmcqd/1 next_pid=116 next_prio=120
         mmcqd/1-116   [000] ...1   822.669725: block_rq_complete: 179,0 RA () 4079160 + 8 [0]
         mmcqd/1-116   [000] ...2   822.669742: sched_switch: prev_comm=mmcqd/1 prev_pid=116 prev_prio=120 prev_state=S ==> next_comm=swapper/0 next_pid=0 next_prio=120
          <idle>-0     [000] ...2   822.670353: sched_switch: prev_comm=swapper/0 prev_pid=0 prev_prio=120 prev_state=R ==> next_comm=mmcqd/1 next_pid=116 next_prio=120
         mmcqd/1-116   [000] ...1   822.670391: block_rq_complete: 179,0 RA () 4079192 + 80 [0]
         mmcqd/1-116   [000] ...2   822.670407: sched_switch: prev_comm=mmcqd/1 prev_pid=116 prev_prio=120 prev_state=S ==> next_comm=main next_pid=4986 next_prio=120
            main-4986  [000] d..2   822.670460: block_rq_insert: 179,0 R 0 () 4081752 + 8 [main]
            main-4986  [000] d..2   822.670463: block_rq_insert: 179,0 R 0 () 4081856 + 8 [main]
            main-4986  [000] d..2   822.670464: block_rq_insert: 179,0 R 0 () 4081960 + 8 [main]
            main-4986  [000] d..2   822.670466: block_rq_insert: 179,0 R 0 () 4081976 + 8 [main]
            main-4986  [000] ...2   822.670475: sched_switch: prev_comm=main prev_pid=4986 prev_prio=120 prev_state=R+ ==> next_comm=mmcqd/1 next_pid=116 next_prio=120
         mmcqd/1-116   [000] ...2   822.670489: sched_switch: prev_comm=mmcqd/1 prev_pid=116 prev_prio=120 prev_state=S ==> next_comm=main next_pid=4986 next_prio=120
            main-4986  [000] ...2   822.670495: sched_switch: prev_comm=main prev_pid=4986 prev_prio=120 prev_state=D|W ==> next_comm=swapper/0 next_pid=0 next_prio=120
          <idle>-0     [000] ...2   822.670648: sched_switch: prev_comm=swapper/0 prev_pid=0 prev_prio=120 prev_state=R ==> next_comm=mmcqd/1 next_pid=116 next_prio=120
         mmcqd/1-116   [000] ...1   822.670672: block_rq_complete: 179,0 RA () 4079304 + 8 [0]
         mmcqd/1-116   [000] ...2   822.670689: sched_switch: prev_comm=mmcqd/1 prev_pid=116 prev_prio=120 prev_state=S ==> next_comm=swapper/0 next_pid=0 next_prio=120
          <idle>-0     [000] ...2   822.670930: sched_switch: prev_comm=swapper/0 prev_pid=0 prev_prio=120 prev_state=R ==> next_comm=mmcqd/1 next_pid=116 next_prio=120
         mmcqd/1-116   [000] ...1   822.670954: block_rq_complete: 179,0 RA () 4081752 + 8 [0]
         mmcqd/1-116   [000] ...2   822.670971: sched_switch: prev_comm=mmcqd/1 prev_pid=116 prev_prio=120 prev_state=S ==> next_comm=swapper/0 next_pid=0 next_prio=120
          <idle>-0     [000] ...2   822.671205: sched_switch: prev_comm=swapper/0 prev_pid=0 prev_prio=120 prev_state=R ==> next_comm=mmcqd/1 next_pid=116 next_prio=120
         mmcqd/1-116   [000] ...1   822.671228: block_rq_complete: 179,0 RA () 4081856 + 8 [0]
         mmcqd/1-116   [000] ...2   822.671249: sched_switch: prev_comm=mmcqd/1 prev_pid=116 prev_prio=120 prev_state=S ==> next_comm=main next_pid=4986 next_prio=120
            main-4986  [000] d..2   822.671324: block_rq_insert: 179,0 R 0 () 4082016 + 8 [main]
            main-4986  [000] d..2   822.671327: block_rq_insert: 179,0 R 0 () 4082128 + 8 [main]
            main-4986  [000] d..2   822.671328: block_rq_insert: 179,0 R 0 () 4082152 + 8 [main]
            main-4986  [000] d..2   822.671330: block_rq_insert: 179,0 R 0 () 4082168 + 32 [main]
            main-4986  [000] d..2   822.671331: block_rq_insert: 179,0 R 0 () 4082240 + 8 [main]
            main-4986  [000] ...2   822.671338: sched_switch: prev_comm=main prev_pid=4986 prev_prio=120 prev_state=D|W ==> next_comm=swapper/0 next_pid=0 next_prio=120
          <idle>-0     [000] ...2   822.671484: sched_switch: prev_comm=swapper/0 prev_pid=0 prev_prio=120 prev_state=R ==> next_comm=mmcqd/1 next_pid=116 next_prio=120
