         mmcqd/1-116   [000] ...2   822.807589: sched_switch: prev_comm=mmcqd/1 prev_pid=116 prev_prio=120 prev_state=S ==> next_comm=main next_pid=4986 next_prio=120
            main-4986  [000] ...2   822.807595: sched_switch: prev_comm=main prev_pid=4986 prev_prio=120 prev_state=D|W ==> next_comm=swapper/0 next_pid=0 next_prio=120
          <idle>-0     [000] ...2   822.807793: sched_switch: prev_comm=swapper/0 prev_pid=0 prev_prio=120 prev_state=R ==> next_comm=Binder_1 next_pid=5004 next_prio=120
        Binder_1-5003  [001] ...2   822.807814: sched_switch: prev_comm=Binder_1 prev_pid=5003 prev_prio=120 prev_state=S ==> next_comm=swapper/1 next_pid=0 next_prio=120
          <idle>-0     [001] ...2   822.807839: sched_switch: prev_comm=swapper/1 prev_pid=0 prev_prio=120 prev_state=R ==> next_comm=ksoftirqd/1 next_pid=4990 next_prio=120
     ksoftirqd/1-4990  [001] ...2   822.807851: sched_switch: prev_comm=ksoftirqd/1 prev_pid=4990 prev_prio=120 prev_state=S ==> next_comm=swapper/1 next_pid=0 next_prio=120
          <idle>-0     [001] ...2   822.807877: sched_switch: prev_comm=swapper/1 prev_pid=0 prev_prio=120 prev_state=R ==> next_comm=ksoftirqd/1 next_pid=4990 next_prio=120
     ksoftirqd/1-4990  [001] ...2   822.807889: sched_switch: prev_comm=ksoftirqd/1 prev_pid=4990 prev_prio=120 prev_state=S ==> next_comm=swapper/1 next_pid=0 next_prio=120
        Binder_2-5004  [000] ...2   822.807910: sched_switch: prev_comm=Binder_2 prev_pid=5004 prev_prio=120 prev_state=R+ ==> next_comm=mmcqd/1 next_pid=116 next_prio=120
          <idle>-0     [001] ...2   822.807912: sched_switch: prev_comm=swapper/1 prev_pid=0 prev_prio=120 prev_state=R ==> next_comm=ksoftirqd/1 next_pid=4990 next_prio=120
     ksoftirqd/1-4990  [001] ...2   822.807922: sched_switch: prev_comm=ksoftirqd/1 prev_pid=4990 prev_prio=120 prev_state=S ==> next_comm=swapper/1 next_pid=0 next_prio=120
         mmcqd/1-116   [000] ...1   822.807943: block_rq_complete: 179,0 RA () 4008920 + 48 [0]
         mmcqd/1-116   [000] ...2   822.807969: sched_switch: prev_comm=mmcqd/1 prev_pid=116 prev_prio=120 prev_state=S ==> next_comm=Binder_2 next_pid=5004 next_prio=120
        Binder_2-5004  [000] ...2   822.808176: sched_switch: prev_comm=Binder_2 prev_pid=5004 prev_prio=120 prev_state=R+ ==> next_comm=mmcqd/1 next_pid=116 next_prio=120
         mmcqd/1-116   [000] ...1   822.808201: block_rq_complete: 179,0 RA () 4123736 + 8 [0]
         mmcqd/1-116   [000] ...2   822.808213: sched_switch: prev_comm=mmcqd/1 prev_pid=116 prev_prio=120 prev_state=S ==> next_comm=Binder_2 next_pid=5004 next_prio=120
        Binder_2-5004  [000] ...2   822.808429: sched_switch: prev_comm=Binder_2 prev_pid=5004 prev_prio=120 prev_state=S ==> next_comm=swapper/0 next_pid=0 next_prio=120
          <idle>-0     [000] ...2   822.808602: sched_switch: prev_comm=swapper/0 prev_pid=0 prev_prio=120 prev_state=R ==> next_comm=mmcqd/1 next_pid=116 next_prio=120
         mmcqd/1-116   [000] ...1   822.808617: block_rq_complete: 179,0 RA () 4123816 + 32 [0]
         mmcqd/1-116   [000] ...2   822.808637: sched_switch: prev_comm=mmcqd/1 prev_pid=116 prev_prio=120 prev_state=R+ ==> next_comm=kworker/0:1H next_pid=17 next_prio=100
    kworker/0:1H-17    [000] ...2   822.808645: sched_switch: prev_comm=kworker/0:1H prev_pid=17 prev_prio=100 prev_state=S ==> next_comm=main next_pid=4986 next_prio=120
            main-4986  [000] d..2   822.808689: block_rq_insert: 179,0 R 0 () 4084528 + 24 [main]
            main-4986  [000] ...2   822.808699: sched_switch: prev_comm=main prev_pid=4986 prev_prio=120 prev_state=D|W ==> next_comm=mmcqd/1 next_pid=116 next_prio=120
         mmcqd/1-116   [000] ...2   822.808745: sched_switch: prev_comm=mmcqd/1 prev_pid=116 prev_prio=120 prev_state=S ==> next_comm=swapper/0 next_pid=0 next_prio=120
          <idle>-0     [000] ...2   822.808920: sched_switch: prev_comm=swapper/0 prev_pid=0 prev_prio=120 prev_state=R ==> next_comm=ksoftirqd/0 next_pid=3 next_prio=120
     ksoftirqd/0-3     [000] ...2   822.808927: sched_switch: prev_comm=ksoftirqd/0 prev_pid=3 prev_prio=120 prev_state=S ==> next_comm=swapper/0 next_pid=0 next_prio=120
          <idle>-0     [000] ...2   822.808942: sched_switch: prev_comm=swapper/0 prev_pid=0 prev_prio=120 prev_state=R ==> next_comm=ksoftirqd/0 next_pid=3 next_prio=120
     ksoftirqd/0-3     [000] ...2   822.808954: sched_switch: prev_comm=ksoftirqd/0 prev_pid=3 prev_prio=120 prev_state=S ==> next_comm=swapper/0 next_pid=0 next_prio=120
          <idle>-0     [000] ...2   822.809107: sched_switch: prev_comm=swapper/0 prev_pid=0 prev_prio=120 prev_state=R ==> next_comm=mmcqd/1 next_pid=116 next_prio=120
         mmcqd/1-116   [000] ...1   822.809121: block_rq_complete: 179,0 RA () 4084528 + 24 [0]
         mmcqd/1-116   [000] ...2   822.809138: sched_switch: prev_comm=mmcqd/1 prev_pid=116 prev_prio=120 prev_state=R+ ==> next_comm=kworker/0:1H next_pid=17 next_prio=100
    kworker/0:1H-17    [000] ...2   822.809145: sched_switch: prev_comm=kworker/0:1H prev_pid=17 prev_prio=100 prev_state=S ==> next_comm=main next_pid=4986 next_prio=120
            main-4986  [000] ...2   822.809207: sched_switch: prev_comm=main prev_pid=4986 prev_prio=120 prev_state=S ==> next_comm=servicemanager next_pid=168 next_prio=120
  servicemanager-168   [000] ...2   822.809237: sched_switch: prev_comm=servicemanager prev_pid=168 prev_prio=120 prev_state=S ==> next_comm=main next_pid=4986 next_prio=120
            main-4986  [000] ...2   822.809406: sched_switch: prev_comm=main prev_pid=4986 prev_prio=120 prev_state=S ==> next_comm=servicemanager next_pid=168 next_prio=120
  servicemanager-168   [000] ...2   822.809522: sched_switch: prev_comm=servicemanager prev_pid=168 prev_prio=120 prev_state=S ==> next_comm=mmcqd/1 next_pid=116 next_prio=120
         mmcqd/1-116   [000] ...2   822.809533: sched_switch: prev_comm=mmcqd/1 prev_pid=116 prev_prio=120 prev_state=S ==> next_comm=main next_pid=4986 next_prio=120
            main-4986  [000] d..2   822.809694: block_rq_insert: 179,0 R 0 () 4078736 + 8 [main]
            main-4986  [000] d..2   822.809697: block_rq_insert: 179,0 R 0 () 4078752 + 8 [main]
            main-4986  [000] d..2   822.809699: block_rq_insert: 179,0 R 0 () 4078784 + 8 [main]
            main-4986  [000] d..2   822.809701: block_rq_insert: 179,0 R 0 () 4078824 + 8 [main]
            main-4986  [000] d..2   822.809702: block_rq_insert: 179,0 R 0 () 4078840 + 24 [main]
            main-4986  [000] d..2   822.809704: block_rq_insert: 179,0 R 0 () 4078888 + 32 [main]
            main-4986  [000] d..2   822.809706: block_rq_insert: 179,0 R 0 () 4078952 + 16 [main]
            main-4986  [000] d..2   822.809707: block_rq_insert: 179,0 R 0 () 4078976 + 8 [main]
            main-4986  [000] d..2   822.810408: block_rq_insert: 179,0 R 0 () 4052264 + 8 [main]
            main-4986  [000] d..2   822.810411: block_rq_insert: 179,0 R 0 () 4052304 + 8 [main]
            main-4986  [000] d..2   822.810413: block_rq_insert: 179,0 R 0 () 4052400 + 32 [main]
            main-4986  [000] ...2   822.810422: sched_switch: prev_comm=main prev_pid=4986 prev_prio=120 prev_state=D|W ==> next_comm=kworker/0:0 next_pid=4 next_prio=120
     kworker/0:0-4     [000] ...2   822.810439: sched_switch: prev_comm=kworker/0:0 prev_pid=4 prev_prio=120 prev_state=S ==> next_comm=mmcqd/1 next_pid=116 next_prio=120
          <idle>-0     [001] ...2   822.810447: sched_switch: prev_comm=swapper/1 prev_pid=0 prev_prio=120 prev_state=R ==> next_comm=adbd next_pid=778 next_prio=120
         mmcqd/1-116   [000] ...2   822.810487: sched_switch: prev_comm=mmcqd/1 prev_pid=116 prev_prio=120 prev_state=S ==> next_comm=swapper/0 next_pid=0 next_prio=120
          <idle>-0     [000] ...2   822.810501: sched_switch: prev_comm=swapper/0 prev_pid=0 prev_prio=120 prev_state=R ==> next_comm=ksoftirqd/0 next_pid=3 next_prio=120
     ksoftirqd/0-3     [000] ...2   822.810509: sched_switch: prev_comm=ksoftirqd/0 prev_pid=3 prev_prio=120 prev_state=S ==> next_comm=swapper/0 next_pid=0 next_prio=120
          <idle>-0     [000] ...2   822.810522: sched_switch: prev_comm=swapper/0 prev_pid=0 prev_prio=120 prev_state=R ==> next_comm=ksoftirqd/0 next_pid=3 next_prio=120
     ksoftirqd/0-3     [000] ...2   822.810528: sched_switch: prev_comm=ksoftirqd/0 prev_pid=3 prev_prio=120 prev_state=S ==> next_comm=swapper/0 next_pid=0 next_prio=120
          <idle>-0     [000] ...2   822.810541: sched_switch: prev_comm=swapper/0 prev_pid=0 prev_prio=120 prev_state=R ==> next_comm=ksoftirqd/0 next_pid=3 next_prio=120
     ksoftirqd/0-3     [000] ...2   822.810546: sched_switch: prev_comm=ksoftirqd/0 prev_pid=3 prev_prio=120 prev_state=S ==> next_comm=swapper/0 next_pid=0 next_prio=120
           <...>-778   [001] ...2   822.810632: sched_switch: prev_comm=adbd prev_pid=778 prev_prio=120 prev_state=S ==> next_comm=adbd next_pid=780 next_prio=120
          <idle>-0     [000] ...2   822.810706: sched_switch: prev_comm=swapper/0 prev_pid=0 prev_prio=120 prev_state=R ==> next_comm=mmcqd/1 next_pid=116 next_prio=120
            adbd-780   [001] ...2   822.810716: sched_switch: prev_comm=adbd prev_pid=780 prev_prio=120 prev_state=S ==> next_comm=swapper/1 next_pid=0 next_prio=120
         mmcqd/1-116   [000] ...1   822.810730: block_rq_complete: 179,0 RA () 4078976 + 8 [0]
          <idle>-0     [001] ...2   822.810741: sched_switch: prev_comm=swapper/1 prev_pid=0 prev_prio=120 prev_state=R ==> next_comm=ksoftirqd/1 next_pid=4990 next_prio=120
         mmcqd/1-116   [000] ...2   822.810755: sched_switch: prev_comm=mmcqd/1 prev_pid=116 prev_prio=120 prev_state=S ==> next_comm=swapper/0 next_pid=0 next_prio=120
     ksoftirqd/1-4990  [001] ...2   822.810765: sched_switch: prev_comm=ksoftirqd/1 prev_pid=4990 prev_prio=120 prev_state=S ==> next_comm=swapper/1 next_pid=0 next_prio=120
          <idle>-0     [000] ...2   822.811027: sched_switch: prev_comm=swapper/0 prev_pid=0 prev_prio=120 prev_state=R ==> next_comm=mmcqd/1 next_pid=116 next_prio=120
         mmcqd/1-116   [000] ...1   822.811055: block_rq_complete: 179,0 RA () 4078952 + 16 [0]
         mmcqd/1-116   [000] ...2   822.811097: sched_switch: prev_comm=mmcqd/1 prev_pid=116 prev_prio=120 prev_state=S ==> next_comm=adbd next_pid=781 next_prio=120
            adbd-781   [000] ...2   822.811137: sched_switch: prev_comm=adbd prev_pid=781 prev_prio=120 prev_state=S ==> next_comm=adbd next_pid=778 next_prio=120
           <...>-778   [000] ...2   822.811212: sched_switch: prev_comm=adbd prev_pid=778 prev_prio=120 prev_state=S ==> next_comm=adbd next_pid=780 next_prio=120
            adbd-780   [000] ...2   822.811218: sched_switch: prev_comm=adbd prev_pid=780 prev_prio=120 prev_state=S ==> next_comm=swapper/0 next_pid=0 next_prio=120
          <idle>-0     [000] ...2   822.811466: sched_switch: prev_comm=swapper/0 prev_pid=0 prev_prio=120 prev_state=R ==> next_comm=mmcqd/1 next_pid=116 next_prio=120
         mmcqd/1-116   [000] ...1   822.811497: block_rq_complete: 179,0 RA () 4078888 + 32 [0]
         mmcqd/1-116   [000] ...2   822.811519: sched_switch: prev_comm=mmcqd/1 prev_pid=116 prev_prio=120 prev_state=S ==> next_comm=swapper/0 next_pid=0 next_prio=120
          <idle>-0     [000] ...2   822.811971: sched_switch: prev_comm=swapper/0 prev_pid=0 prev_prio=120 prev_state=R ==> next_comm=mmcqd/1 next_pid=116 next_prio=120
         mmcqd/1-116   [000] ...1   822.812000: block_rq_complete: 179,0 RA () 4078840 + 24 [0]
         mmcqd/1-116   [000] ...2   822.812019: sched_switch: prev_comm=mmcqd/1 prev_pid=116 prev_prio=120 prev_state=S ==> next_comm=swapper/0 next_pid=0 next_prio=120
          <idle>-0     [000] ...2   822.812247: sched_switch: prev_comm=swapper/0 prev_pid=0 prev_prio=120 prev_state=R ==> next_comm=mmcqd/1 next_pid=116 next_prio=120
         mmcqd/1-116   [000] ...1   822.812273: block_rq_complete: 179,0 RA () 4078824 + 8 [0]
         mmcqd/1-116   [000] ...2   822.812291: sched_switch: prev_comm=mmcqd/1 prev_pid=116 prev_prio=120 prev_state=S ==> next_comm=swapper/0 next_pid=0 next_prio=120
          <idle>-0     [000] ...2   822.812527: sched_switch: prev_comm=swapper/0 prev_pid=0 prev_prio=120 prev_state=R ==> next_comm=mmcqd/1 next_pid=116 next_prio=120
         mmcqd/1-116   [000] ...1   822.812552: block_rq_complete: 179,0 RA () 4078784 + 8 [0]
         mmcqd/1-116   [000] ...2   822.812571: sched_switch: prev_comm=mmcqd/1 prev_pid=116 prev_prio=120 prev_state=S ==> next_comm=swapper/0 next_pid=0 next_prio=120
          <idle>-0     [000] ...2   822.812796: sched_switch: prev_comm=swapper/0 prev_pid=0 prev_prio=120 prev_state=R ==> next_comm=mmcqd/1 next_pid=116 next_prio=120
         mmcqd/1-116   [000] ...1   822.812821: block_rq_complete: 179,0 RA () 4078752 + 8 [0]
         mmcqd/1-116   [000] ...2   822.812846: sched_switch: prev_comm=mmcqd/1 prev_pid=116 prev_prio=120 prev_state=S ==> next_comm=swapper/0 next_pid=0 next_prio=120
          <idle>-0     [000] ...2   822.813067: sched_switch: prev_comm=swapper/0 prev_pid=0 prev_prio=120 prev_state=R ==> next_comm=mmcqd/1 next_pid=116 next_prio=120
         mmcqd/1-116   [000] ...1   822.813093: block_rq_complete: 179,0 RA () 4078736 + 8 [0]
         mmcqd/1-116   [000] ...2   822.813111: sched_switch: prev_comm=mmcqd/1 prev_pid=116 prev_prio=120 prev_state=S ==> next_comm=swapper/0 next_pid=0 next_prio=120
          <idle>-0     [000] ...2   822.813498: sched_switch: prev_comm=swapper/0 prev_pid=0 prev_prio=120 prev_state=R ==> next_comm=mmcqd/1 next_pid=116 next_prio=120
         mmcqd/1-116   [000] ...1   822.813530: block_rq_complete: 179,0 RA () 4052400 + 32 [0]
         mmcqd/1-116   [000] ...2   822.813549: sched_switch: prev_comm=mmcqd/1 prev_pid=116 prev_prio=120 prev_state=S ==> next_comm=swapper/0 next_pid=0 next_prio=120
          <idle>-0     [000] ...2   822.813772: sched_switch: prev_comm=swapper/0 prev_pid=0 prev_prio=120 prev_state=R ==> next_comm=mmcqd/1 next_pid=116 next_prio=120
         mmcqd/1-116   [000] ...1   822.813797: block_rq_complete: 179,0 RA () 4052304 + 8 [0]
         mmcqd/1-116   [000] ...2   822.813813: sched_switch: prev_comm=mmcqd/1 prev_pid=116 prev_prio=120 prev_state=S ==> next_comm=main next_pid=4986 next_prio=120
            main-4986  [000] ...2   822.814467: sched_switch: prev_comm=main prev_pid=4986 prev_prio=120 prev_state=S ==> next_comm=mmcqd/1 next_pid=116 next_prio=120
          <idle>-0     [001] ...2   822.814469: sched_switch: prev_comm=swapper/1 prev_pid=0 prev_prio=120 prev_state=R ==> next_comm=Binder_2 next_pid=692 next_prio=120
         mmcqd/1-116   [000] ...1   822.814478: block_rq_complete: 179,0 RA () 4052264 + 8 [0]
         mmcqd/1-116   [000] ...2   822.814492: sched_switch: prev_comm=mmcqd/1 prev_pid=116 prev_prio=120 prev_state=R+ ==> next_comm=kworker/0:1H next_pid=17 next_prio=100
    kworker/0:1H-17    [000] ...2   822.814499: sched_switch: prev_comm=kworker/0:1H prev_pid=17 prev_prio=100 prev_state=S ==> next_comm=mmcqd/1 next_pid=116 next_prio=120
         mmcqd/1-116   [000] ...2   822.814509: sched_switch: prev_comm=mmcqd/1 prev_pid=116 prev_prio=120 prev_state=S ==> next_comm=swapper/0 next_pid=0 next_prio=120
          <idle>-0     [000] ...2   822.815241: sched_switch: prev_comm=swapper/0 prev_pid=0 prev_prio=120 prev_state=R ==> next_comm=Binder_5 next_pid=1577 next_prio=120
        Binder_5-1577  [000] ...2   822.815249: sched_switch: prev_comm=Binder_5 prev_pid=1577 prev_prio=120 prev_state=D ==> next_comm=swapper/0 next_pid=0 next_prio=120
          <idle>-0     [000] ...2   822.815256: sched_switch: prev_comm=swapper/0 prev_pid=0 prev_prio=120 prev_state=R ==> next_comm=Binder_5 next_pid=1577 next_prio=120
        Binder_2-692   [001] ...2   822.815264: sched_switch: prev_comm=Binder_2 prev_pid=692 prev_prio=120 prev_state=S ==> next_comm=swapper/1 next_pid=0 next_prio=120
          <idle>-0     [001] ...2   822.815292: sched_switch: prev_comm=swapper/1 prev_pid=0 prev_prio=120 prev_state=R ==> next_comm=ksoftirqd/1 next_pid=4990 next_prio=120
     ksoftirqd/1-4990  [001] ...2   822.815306: sched_switch: prev_comm=ksoftirqd/1 prev_pid=4990 prev_prio=120 prev_state=S ==> next_comm=swapper/1 next_pid=0 next_prio=120
          <idle>-0     [001] ...2   822.815331: sched_switch: prev_comm=swapper/1 prev_pid=0 prev_prio=120 prev_state=R ==> next_comm=ksoftirqd/1 next_pid=4990 next_prio=120
        Binder_5-1577  [000] ...2   822.815337: sched_switch: prev_comm=Binder_5 prev_pid=1577 prev_prio=120 prev_state=S ==> next_comm=swapper/0 next_pid=0 next_prio=120
     ksoftirqd/1-4990  [001] ...2   822.815341: sched_switch: prev_comm=ksoftirqd/1 prev_pid=4990 prev_prio=120 prev_state=S ==> next_comm=Binder_2 next_pid=692 next_prio=120
        Binder_2-692   [001] ...2   822.815777: sched_switch: prev_comm=Binder_2 prev_pid=692 prev_prio=120 prev_state=R+ ==> next_comm=InputDispatcher next_pid=795 next_prio=112
 InputDispatcher-795   [001] ...2   822.815826: sched_switch: prev_comm=InputDispatcher prev_pid=795 prev_prio=112 prev_state=S ==> next_comm=Binder_2 next_pid=692 next_prio=120
          <idle>-0     [000] ...2   822.815960: sched_switch: prev_comm=swapper/0 prev_pid=0 prev_prio=120 prev_state=R ==> next_comm=Binder_2 next_pid=237 next_prio=120
        Binder_2-237   [000] ...2   822.815967: sched_switch: prev_comm=Binder_2 prev_pid=237 prev_prio=120 prev_state=D ==> next_comm=swapper/0 next_pid=0 next_prio=120
          <idle>-0     [000] ...2   822.815974: sched_switch: prev_comm=swapper/0 prev_pid=0 prev_prio=120 prev_state=R ==> next_comm=Binder_2 next_pid=237 next_prio=120
        Binder_2-692   [001] ...2   822.815980: sched_switch: prev_comm=Binder_2 prev_pid=692 prev_prio=120 prev_state=S ==> next_comm=swapper/1 next_pid=0 next_prio=120
          <idle>-0     [001] ...2   822.816004: sched_switch: prev_comm=swapper/1 prev_pid=0 prev_prio=120 prev_state=R ==> next_comm=ksoftirqd/1 next_pid=4990 next_prio=120
     ksoftirqd/1-4990  [001] ...2   822.816020: sched_switch: prev_comm=ksoftirqd/1 prev_pid=4990 prev_prio=120 prev_state=S ==> next_comm=swapper/1 next_pid=0 next_prio=120
          <idle>-0     [001] ...2   822.816051: sched_switch: prev_comm=swapper/1 prev_pid=0 prev_prio=120 prev_state=R ==> next_comm=Binder_2 next_pid=692 next_prio=120
        Binder_2-237   [000] ...2   822.816053: sched_switch: prev_comm=Binder_2 prev_pid=237 prev_prio=120 prev_state=S ==> next_comm=swapper/0 next_pid=0 next_prio=120
        Binder_2-692   [001] ...2   822.816128: sched_switch: prev_comm=Binder_2 prev_pid=692 prev_prio=120 prev_state=R+ ==> next_comm=android.display next_pid=770 next_prio=116
 android.display-770   [001] ...2   822.816184: sched_switch: prev_comm=android.display prev_pid=770 prev_prio=116 prev_state=S ==> next_comm=Binder_2 next_pid=692 next_prio=120
        Binder_2-692   [001] ...2   822.816209: sched_switch: prev_comm=Binder_2 prev_pid=692 prev_prio=120 prev_state=R+ ==> next_comm=android.display next_pid=770 next_prio=116
 android.display-770   [001] ...2   822.816228: sched_switch: prev_comm=android.display prev_pid=770 prev_prio=116 prev_state=S ==> next_comm=Binder_2 next_pid=692 next_prio=120
        Binder_2-692   [001] ...2   822.816249: sched_switch: prev_comm=Binder_2 prev_pid=692 prev_prio=120 prev_state=R+ ==> next_comm=android.display next_pid=770 next_prio=116
 android.display-770   [001] ...2   822.816294: sched_switch: prev_comm=android.display prev_pid=770 prev_prio=116 prev_state=S ==> next_comm=Binder_2 next_pid=692 next_prio=120
        Binder_2-692   [001] ...2   822.816317: sched_switch: prev_comm=Binder_2 prev_pid=692 prev_prio=120 prev_state=R+ ==> next_comm=android.display next_pid=770 next_prio=116
 android.display-770   [001] ...2   822.816335: sched_switch: prev_comm=android.display prev_pid=770 prev_prio=116 prev_state=S ==> next_comm=Binder_2 next_pid=692 next_prio=120
        Binder_2-692   [001] ...2   822.816355: sched_switch: prev_comm=Binder_2 prev_pid=692 prev_prio=120 prev_state=R+ ==> next_comm=android.display next_pid=770 next_prio=116
 android.display-770   [001] ...2   822.816464: sched_switch: prev_comm=android.display prev_pid=770 prev_prio=116 prev_state=S ==> next_comm=Binder_1 next_pid=235 next_prio=120
          <idle>-0     [000] ...2   822.816524: sched_switch: prev_comm=swapper/0 prev_pid=0 prev_prio=120 prev_state=R ==> next_comm=EventThread next_pid=320 next_prio=111
        Binder_1-235   [001] ...2   822.816550: sched_switch: prev_comm=Binder_1 prev_pid=235 prev_prio=120 prev_state=S ==> next_comm=Binder_2 next_pid=692 next_prio=120
     EventThread-320   [000] ...2   822.816573: sched_switch: prev_comm=EventThread prev_pid=320 prev_prio=111 prev_state=S ==> next_comm=Binder_8 next_pid=1160 next_prio=120
        Binder_8-1160  [000] ...2   822.816647: sched_switch: prev_comm=Binder_8 prev_pid=1160 prev_prio=120 prev_state=S ==> next_comm=swapper/0 next_pid=0 next_prio=120
          <idle>-0     [000] ...2   822.816751: sched_switch: prev_comm=swapper/0 prev_pid=0 prev_prio=120 prev_state=R ==> next_comm=LazyTaskWriterT next_pid=833 next_prio=120
 LazyTaskWriterT-833   [000] ...2   822.816804: sched_switch: prev_comm=LazyTaskWriterT prev_pid=833 prev_prio=120 prev_state=S ==> next_comm=swapper/0 next_pid=0 next_prio=120
          <idle>-0     [000] ...2   822.817179: sched_switch: prev_comm=swapper/0 prev_pid=0 prev_prio=120 prev_state=R ==> next_comm=ActivityManager next_pid=765 next_prio=118
 ActivityManager-765   [000] ...2   822.817213: sched_switch: prev_comm=ActivityManager prev_pid=765 prev_prio=118 prev_state=S ==> next_comm=swapper/0 next_pid=0 next_prio=120
        Binder_2-692   [001] ...2   822.817413: sched_switch: prev_comm=Binder_2 prev_pid=692 prev_prio=120 prev_state=R+ ==> next_comm=Binder_1 next_pid=1117 next_prio=120
           <...>-1117  [001] ...2   822.817428: sched_switch: prev_comm=Binder_1 prev_pid=1117 prev_prio=120 prev_state=D ==> next_comm=Binder_2 next_pid=692 next_prio=120
        Binder_2-692   [001] ...2   822.817442: sched_switch: prev_comm=Binder_2 prev_pid=692 prev_prio=120 prev_state=R+ ==> next_comm=Binder_1 next_pid=1117 next_prio=120
          <idle>-0     [000] ...2   822.817554: sched_switch: prev_comm=swapper/0 prev_pid=0 prev_prio=120 prev_state=R ==> next_comm=droid.launcher3 next_pid=1093 next_prio=120
           <...>-1117  [001] ...2   822.817596: sched_switch: prev_comm=Binder_1 prev_pid=1117 prev_prio=120 prev_state=S ==> next_comm=Binder_2 next_pid=692 next_prio=120
 droid.launcher3-1093  [000] ...2   822.817672: sched_switch: prev_comm=droid.launcher3 prev_pid=1093 prev_prio=120 prev_state=S ==> next_comm=Binder_4 next_pid=1509 next_prio=120
        Binder_4-1509  [000] ...2   822.817679: sched_switch: prev_comm=Binder_4 prev_pid=1509 prev_prio=120 prev_state=D ==> next_comm=RenderThread next_pid=1365 next_prio=116
        Binder_2-692   [001] ...2   822.817688: sched_switch: prev_comm=Binder_2 prev_pid=692 prev_prio=120 prev_state=R+ ==> next_comm=Binder_3 next_pid=1507 next_prio=120
        Binder_3-1507  [001] ...2   822.817700: sched_switch: prev_comm=Binder_3 prev_pid=1507 prev_prio=120 prev_state=D ==> next_comm=Binder_2 next_pid=692 next_prio=120
    RenderThread-1365  [000] ...2   822.817708: sched_switch: prev_comm=RenderThread prev_pid=1365 prev_prio=116 prev_state=S ==> next_comm=swapper/0 next_pid=0 next_prio=120
          <idle>-0     [000] ...2   822.817714: sched_switch: prev_comm=swapper/0 prev_pid=0 prev_prio=120 prev_state=R ==> next_comm=Binder_4 next_pid=1509 next_prio=120
        Binder_2-692   [001] ...2   822.817727: sched_switch: prev_comm=Binder_2 prev_pid=692 prev_prio=120 prev_state=R ==> next_comm=Binder_3 next_pid=1507 next_prio=120
        Binder_4-1509  [000] ...2   822.817765: sched_switch: prev_comm=Binder_4 prev_pid=1509 prev_prio=120 prev_state=S ==> next_comm=EventThread next_pid=320 next_prio=111
     EventThread-320   [000] ...2   822.817783: sched_switch: prev_comm=EventThread prev_pid=320 prev_prio=111 prev_state=S ==> next_comm=swapper/0 next_pid=0 next_prio=120
        Binder_3-1507  [001] ...2   822.817864: sched_switch: prev_comm=Binder_3 prev_pid=1507 prev_prio=120 prev_state=S ==> next_comm=Binder_2 next_pid=692 next_prio=120
        Binder_2-692   [001] ...2   822.818048: sched_switch: prev_comm=Binder_2 prev_pid=692 prev_prio=120 prev_state=R+ ==> next_comm=Binder_2 next_pid=1118 next_prio=120
        Binder_2-1118  [001] ...2   822.818061: sched_switch: prev_comm=Binder_2 prev_pid=1118 prev_prio=120 prev_state=D ==> next_comm=Binder_2 next_pid=692 next_prio=120
        Binder_2-692   [001] ...2   822.818075: sched_switch: prev_comm=Binder_2 prev_pid=692 prev_prio=120 prev_state=R+ ==> next_comm=Binder_2 next_pid=1118 next_prio=120
        Binder_2-1118  [001] ...2   822.818186: sched_switch: prev_comm=Binder_2 prev_pid=1118 prev_prio=120 prev_state=S ==> next_comm=Binder_2 next_pid=692 next_prio=120
          <idle>-0     [000] ...2   822.818310: sched_switch: prev_comm=swapper/0 prev_pid=0 prev_prio=120 prev_state=R ==> next_comm=ActivityManager next_pid=765 next_prio=118
 ActivityManager-765   [000] ...2   822.818346: sched_switch: prev_comm=ActivityManager prev_pid=765 prev_prio=118 prev_state=S ==> next_comm=swapper/0 next_pid=0 next_prio=120
          <idle>-0     [000] ...2   822.818639: sched_switch: prev_comm=swapper/0 prev_pid=0 prev_prio=120 prev_state=R ==> next_comm=Binder_1 next_pid=2242 next_prio=120
        Binder_2-692   [001] ...2   822.818923: sched_switch: prev_comm=Binder_2 prev_pid=692 prev_prio=120 prev_state=R ==> next_comm=kworker/1:0H next_pid=4989 next_prio=100
    kworker/1:0H-4989  [001] ...2   822.818957: sched_switch: prev_comm=kworker/1:0H prev_pid=4989 prev_prio=100 prev_state=D ==> next_comm=android.bg next_pid=764 next_prio=130
      android.bg-764   [001] ...2   822.819053: sched_switch: prev_comm=android.bg prev_pid=764 prev_prio=130 prev_state=S ==> next_comm=kworker/1:2H next_pid=4998 next_prio=100
    kworker/1:2H-4998  [001] ...2   822.819087: sched_switch: prev_comm=kworker/1:2H prev_pid=4998 prev_prio=100 prev_state=S ==> next_comm=kworker/1:0H next_pid=4989 next_prio=100
        Binder_1-2242  [000] ...2   822.819093: sched_switch: prev_comm=Binder_1 prev_pid=2242 prev_prio=120 prev_state=S ==> next_comm=kworker/u:0 next_pid=3362 next_prio=120
    kworker/1:0H-4989  [001] ...2   822.819100: sched_switch: prev_comm=kworker/1:0H prev_pid=4989 prev_prio=100 prev_state=S ==> next_comm=Binder_2 next_pid=692 next_prio=120
     kworker/u:0-3362  [000] ...2   822.819107: sched_switch: prev_comm=kworker/u:0 prev_pid=3362 prev_prio=120 prev_state=S ==> next_comm=xample.bdbtrace next_pid=2226 next_prio=120
        Binder_2-692   [001] ...2   822.819227: sched_switch: prev_comm=Binder_2 prev_pid=692 prev_prio=120 prev_state=R+ ==> next_comm=Binder_3 next_pid=389 next_prio=120
        Binder_3-389   [001] ...2   822.819239: sched_switch: prev_comm=Binder_3 prev_pid=389 prev_prio=120 prev_state=D ==> next_comm=Binder_2 next_pid=692 next_prio=120
        Binder_2-692   [001] ...2   822.819253: sched_switch: prev_comm=Binder_2 prev_pid=692 prev_prio=120 prev_state=R+ ==> next_comm=Binder_3 next_pid=389 next_prio=120
        Binder_3-389   [001] ...2   822.819354: sched_switch: prev_comm=Binder_3 prev_pid=389 prev_prio=120 prev_state=S ==> next_comm=Binder_2 next_pid=692 next_prio=120
        Binder_2-692   [001] ...2   822.819507: sched_switch: prev_comm=Binder_2 prev_pid=692 prev_prio=120 prev_state=R ==> next_comm=Binder_A next_pid=1201 next_prio=120
 xample.bdbtrace-2226  [000] ...2   822.819511: sched_switch: prev_comm=xample.bdbtrace prev_pid=2226 prev_prio=120 prev_state=S ==> next_comm=mpdecision next_pid=1527 next_prio=113
        Binder_A-1201  [001] ...2   822.819618: sched_switch: prev_comm=Binder_A prev_pid=1201 prev_prio=120 prev_state=S ==> next_comm=Binder_2 next_pid=692 next_prio=120
      mpdecision-1527  [000] ...2   822.819748: sched_switch: prev_comm=mpdecision prev_pid=1527 prev_prio=113 prev_state=S ==> next_comm=LazyTaskWriterT next_pid=833 next_prio=120
 LazyTaskWriterT-833   [000] ...2   822.819781: sched_switch: prev_comm=LazyTaskWriterT prev_pid=833 prev_prio=120 prev_state=S ==> next_comm=swapper/0 next_pid=0 next_prio=120
          <idle>-0     [000] ...2   822.819800: sched_switch: prev_comm=swapper/0 prev_pid=0 prev_prio=120 prev_state=R ==> next_comm=ksoftirqd/0 next_pid=3 next_prio=120
     ksoftirqd/0-3     [000] ...2   822.819807: sched_switch: prev_comm=ksoftirqd/0 prev_pid=3 prev_prio=120 prev_state=S ==> next_comm=swapper/0 next_pid=0 next_prio=120
          <idle>-0     [000] ...2   822.819821: sched_switch: prev_comm=swapper/0 prev_pid=0 prev_prio=120 prev_state=R ==> next_comm=ksoftirqd/0 next_pid=3 next_prio=120
     ksoftirqd/0-3     [000] ...2   822.819826: sched_switch: prev_comm=ksoftirqd/0 prev_pid=3 prev_prio=120 prev_state=S ==> next_comm=swapper/0 next_pid=0 next_prio=120
          <idle>-0     [000] ...2   822.819839: sched_switch: prev_comm=swapper/0 prev_pid=0 prev_prio=120 prev_state=R ==> next_comm=ksoftirqd/0 next_pid=3 next_prio=120
     ksoftirqd/0-3     [000] ...2   822.819844: sched_switch: prev_comm=ksoftirqd/0 prev_pid=3 prev_prio=120 prev_state=S ==> next_comm=swapper/0 next_pid=0 next_prio=120
        Binder_2-692   [001] ...2   822.819946: sched_switch: prev_comm=Binder_2 prev_pid=692 prev_prio=120 prev_state=R+ ==> next_comm=InputDispatcher next_pid=795 next_prio=112
 InputDispatcher-795   [001] ...2   822.819989: sched_switch: prev_comm=InputDispatcher prev_pid=795 prev_prio=112 prev_state=S ==> next_comm=Binder_2 next_pid=692 next_prio=120
          <idle>-0     [000] ...2   822.820125: sched_switch: prev_comm=swapper/0 prev_pid=0 prev_prio=120 prev_state=R ==> next_comm=Binder_5 next_pid=1577 next_prio=120
        Binder_2-692   [001] ...2   822.820139: sched_switch: prev_comm=Binder_2 prev_pid=692 prev_prio=120 prev_state=S ==> next_comm=swapper/1 next_pid=0 next_prio=120
          <idle>-0     [001] ...2   822.820165: sched_switch: prev_comm=swapper/1 prev_pid=0 prev_prio=120 prev_state=R ==> next_comm=ksoftirqd/1 next_pid=4990 next_prio=120
     ksoftirqd/1-4990  [001] ...2   822.820184: sched_switch: prev_comm=ksoftirqd/1 prev_pid=4990 prev_prio=120 prev_state=S ==> next_comm=swapper/1 next_pid=0 next_prio=120
          <idle>-0     [001] ...2   822.820190: sched_switch: prev_comm=swapper/1 prev_pid=0 prev_prio=120 prev_state=R ==> next_comm=Binder_2 next_pid=692 next_prio=120
        Binder_5-1577  [000] ...2   822.820208: sched_switch: prev_comm=Binder_5 prev_pid=1577 prev_prio=120 prev_state=S ==> next_comm=swapper/0 next_pid=0 next_prio=120
        Binder_2-692   [001] ...2   822.820258: sched_switch: prev_comm=Binder_2 prev_pid=692 prev_prio=120 prev_state=R+ ==> next_comm=android.display next_pid=770 next_prio=116
 android.display-770   [001] ...2   822.820309: sched_switch: prev_comm=android.display prev_pid=770 prev_prio=116 prev_state=S ==> next_comm=Binder_2 next_pid=692 next_prio=120
        Binder_2-692   [001] ...2   822.820336: sched_switch: prev_comm=Binder_2 prev_pid=692 prev_prio=120 prev_state=R+ ==> next_comm=android.display next_pid=770 next_prio=116
 android.display-770   [001] ...2   822.820355: sched_switch: prev_comm=android.display prev_pid=770 prev_prio=116 prev_state=S ==> next_comm=Binder_2 next_pid=692 next_prio=120
        Binder_2-692   [001] ...2   822.820376: sched_switch: prev_comm=Binder_2 prev_pid=692 prev_prio=120 prev_state=R+ ==> next_comm=android.display next_pid=770 next_prio=116
 android.display-770   [001] ...2   822.820419: sched_switch: prev_comm=android.display prev_pid=770 prev_prio=116 prev_state=S ==> next_comm=Binder_2 next_pid=692 next_prio=120
          <idle>-0     [000] ...2   822.820644: sched_switch: prev_comm=swapper/0 prev_pid=0 prev_prio=120 prev_state=R ==> next_comm=Binder_2 next_pid=237 next_prio=120
        Binder_2-692   [001] ...2   822.820654: sched_switch: prev_comm=Binder_2 prev_pid=692 prev_prio=120 prev_state=D ==> next_comm=swapper/1 next_pid=0 next_prio=120
          <idle>-0     [001] ...2   822.820661: sched_switch: prev_comm=swapper/1 prev_pid=0 prev_prio=120 prev_state=R ==> next_comm=Binder_2 next_pid=692 next_prio=120
        Binder_2-692   [001] ...2   822.820672: sched_switch: prev_comm=Binder_2 prev_pid=692 prev_prio=120 prev_state=S ==> next_comm=swapper/1 next_pid=0 next_prio=120
          <idle>-0     [001] ...2   822.820695: sched_switch: prev_comm=swapper/1 prev_pid=0 prev_prio=120 prev_state=R ==> next_comm=ksoftirqd/1 next_pid=4990 next_prio=120
     ksoftirqd/1-4990  [001] ...2   822.820706: sched_switch: prev_comm=ksoftirqd/1 prev_pid=4990 prev_prio=120 prev_state=S ==> next_comm=Binder_2 next_pid=692 next_prio=120
        Binder_2-237   [000] ...2   822.820712: sched_switch: prev_comm=Binder_2 prev_pid=237 prev_prio=120 prev_state=S ==> next_comm=swapper/0 next_pid=0 next_prio=120
        Binder_2-692   [001] ...2   822.821090: sched_switch: prev_comm=Binder_2 prev_pid=692 prev_prio=120 prev_state=R+ ==> next_comm=InputDispatcher next_pid=795 next_prio=112
 InputDispatcher-795   [001] ...2   822.821129: sched_switch: prev_comm=InputDispatcher prev_pid=795 prev_prio=112 prev_state=S ==> next_comm=Binder_2 next_pid=692 next_prio=120
        Binder_2-692   [001] ...2   822.821243: sched_switch: prev_comm=Binder_2 prev_pid=692 prev_prio=120 prev_state=R+ ==> next_comm=Binder_1 next_pid=235 next_prio=120
        Binder_1-235   [001] ...2   822.821255: sched_switch: prev_comm=Binder_1 prev_pid=235 prev_prio=120 prev_state=D ==> next_comm=Binder_2 next_pid=692 next_prio=120
        Binder_2-692   [001] ...2   822.821269: sched_switch: prev_comm=Binder_2 prev_pid=692 prev_prio=120 prev_state=R+ ==> next_comm=Binder_1 next_pid=235 next_prio=120
        Binder_1-235   [001] ...2   822.821392: sched_switch: prev_comm=Binder_1 prev_pid=235 prev_prio=120 prev_state=S ==> next_comm=Binder_2 next_pid=692 next_prio=120
        Binder_2-692   [001] ...2   822.821456: sched_switch: prev_comm=Binder_2 prev_pid=692 prev_prio=120 prev_state=R+ ==> next_comm=android.display next_pid=770 next_prio=116
 android.display-770   [001] ...2   822.821475: sched_switch: prev_comm=android.display prev_pid=770 prev_prio=116 prev_state=S ==> next_comm=Binder_2 next_pid=692 next_prio=120
        Binder_2-692   [001] ...2   822.821496: sched_switch: prev_comm=Binder_2 prev_pid=692 prev_prio=120 prev_state=R+ ==> next_comm=android.display next_pid=770 next_prio=116
          <idle>-0     [000] ...2   822.821640: sched_switch: prev_comm=swapper/0 prev_pid=0 prev_prio=120 prev_state=R ==> next_comm=Binder_4 next_pid=1509 next_prio=120
 android.display-770   [001] ...2   822.821650: sched_switch: prev_comm=android.display prev_pid=770 prev_prio=116 prev_state=D ==> next_comm=Binder_2 next_pid=692 next_prio=120
        Binder_2-692   [001] ...2   822.821657: sched_switch: prev_comm=Binder_2 prev_pid=692 prev_prio=120 prev_state=R+ ==> next_comm=android.display next_pid=770 next_prio=116
 android.display-770   [001] ...2   822.821667: sched_switch: prev_comm=android.display prev_pid=770 prev_prio=116 prev_state=S ==> next_comm=Binder_2 next_pid=692 next_prio=120
        Binder_2-692   [001] ...2   822.821695: sched_switch: prev_comm=Binder_2 prev_pid=692 prev_prio=120 prev_state=R ==> next_comm=android.display next_pid=770 next_prio=116
        Binder_4-1509  [000] ...2   822.821711: sched_switch: prev_comm=Binder_4 prev_pid=1509 prev_prio=120 prev_state=S ==> next_comm=swapper/0 next_pid=0 next_prio=120
 android.display-770   [001] ...2   822.822073: sched_switch: prev_comm=android.display prev_pid=770 prev_prio=116 prev_state=R+ ==> next_comm=InputDispatcher next_pid=795 next_prio=112
 InputDispatcher-795   [001] ...2   822.822110: sched_switch: prev_comm=InputDispatcher prev_pid=795 prev_prio=112 prev_state=S ==> next_comm=android.display next_pid=770 next_prio=116
 android.display-770   [001] ...2   822.822233: sched_switch: prev_comm=android.display prev_pid=770 prev_prio=116 prev_state=S ==> next_comm=Binder_3 next_pid=389 next_prio=120
        Binder_3-389   [001] ...2   822.822380: sched_switch: prev_comm=Binder_3 prev_pid=389 prev_prio=120 prev_state=S ==> next_comm=android.display next_pid=770 next_prio=116
 android.display-770   [001] ...2   822.822466: sched_switch: prev_comm=android.display prev_pid=770 prev_prio=116 prev_state=S ==> next_comm=Binder_2 next_pid=692 next_prio=120
        Binder_2-692   [001] ...2   822.822782: sched_switch: prev_comm=Binder_2 prev_pid=692 prev_prio=120 prev_state=R+ ==> next_comm=Binder_2 next_pid=2243 next_prio=120
        Binder_2-2243  [001] ...2   822.822794: sched_switch: prev_comm=Binder_2 prev_pid=2243 prev_prio=120 prev_state=D ==> next_comm=Binder_2 next_pid=692 next_prio=120
        Binder_2-692   [001] ...2   822.822809: sched_switch: prev_comm=Binder_2 prev_pid=692 prev_prio=120 prev_state=R+ ==> next_comm=Binder_2 next_pid=2243 next_prio=120
        Binder_2-2243  [001] ...2   822.822984: sched_switch: prev_comm=Binder_2 prev_pid=2243 prev_prio=120 prev_state=S ==> next_comm=Binder_2 next_pid=692 next_prio=120
        Binder_2-692   [001] ...2   822.823150: sched_switch: prev_comm=Binder_2 prev_pid=692 prev_prio=120 prev_state=R+ ==> next_comm=InputDispatcher next_pid=795 next_prio=112
 InputDispatcher-795   [001] ...2   822.823188: sched_switch: prev_comm=InputDispatcher prev_pid=795 prev_prio=112 prev_state=S ==> next_comm=Binder_2 next_pid=692 next_prio=120
          <idle>-0     [000] ...2   822.823274: sched_switch: prev_comm=swapper/0 prev_pid=0 prev_prio=120 prev_state=R ==> next_comm=ActivityManager next_pid=765 next_prio=118
        Binder_2-692   [001] ...2   822.823316: sched_switch: prev_comm=Binder_2 prev_pid=692 prev_prio=120 prev_state=R+ ==> next_comm=Binder_A next_pid=1201 next_prio=120
 ActivityManager-765   [000] ...2   822.823357: sched_switch: prev_comm=ActivityManager prev_pid=765 prev_prio=118 prev_state=S ==> next_comm=android.bg next_pid=764 next_prio=130
      android.bg-764   [000] ...2   822.823382: sched_switch: prev_comm=android.bg prev_pid=764 prev_prio=130 prev_state=R ==> next_comm=xample.bdbtrace next_pid=2226 next_prio=120
        Binder_A-1201  [001] ...2   822.823421: sched_switch: prev_comm=Binder_A prev_pid=1201 prev_prio=120 prev_state=S ==> next_comm=Binder_2 next_pid=692 next_prio=120
        Binder_2-692   [001] ...2   822.823478: sched_switch: prev_comm=Binder_2 prev_pid=692 prev_prio=120 prev_state=S ==> next_comm=swapper/1 next_pid=0 next_prio=120
          <idle>-0     [001] ...2   822.823506: sched_switch: prev_comm=swapper/1 prev_pid=0 prev_prio=120 prev_state=R ==> next_comm=ksoftirqd/1 next_pid=4990 next_prio=120
     ksoftirqd/1-4990  [001] ...2   822.823535: sched_switch: prev_comm=ksoftirqd/1 prev_pid=4990 prev_prio=120 prev_state=S ==> next_comm=swapper/1 next_pid=0 next_prio=120
 xample.bdbtrace-2226  [000] d..2   822.824228: block_rq_insert: 179,0 R 0 () 851896 + 32 [xample.bdbtrace]
 xample.bdbtrace-2226  [000] ...2   822.824247: sched_switch: prev_comm=xample.bdbtrace prev_pid=2226 prev_prio=120 prev_state=D|W ==> next_comm=Binder_7 next_pid=1125 next_prio=120
        Binder_7-1125  [000] ...2   822.824344: sched_switch: prev_comm=Binder_7 prev_pid=1125 prev_prio=120 prev_state=S ==> next_comm=mmcqd/1 next_pid=116 next_prio=120
         mmcqd/1-116   [000] ...2   822.824411: sched_switch: prev_comm=mmcqd/1 prev_pid=116 prev_prio=120 prev_state=S ==> next_comm=main next_pid=4986 next_prio=120
            main-4986  [000] d..2   822.824662: block_rq_insert: 179,0 R 0 () 1181984 + 8 [main]
            main-4986  [000] d..2   822.824673: block_rq_insert: 179,0 R 0 () 1182000 + 40 [main]
            main-4986  [000] d..2   822.824675: block_rq_insert: 179,0 R 0 () 1182048 + 24 [main]
            main-4986  [000] ...2   822.824685: sched_switch: prev_comm=main prev_pid=4986 prev_prio=120 prev_state=D|W ==> next_comm=kworker/u:0 next_pid=3362 next_prio=120
     kworker/u:0-3362  [000] ...2   822.824707: sched_switch: prev_comm=kworker/u:0 prev_pid=3362 prev_prio=120 prev_state=S ==> next_comm=mmcqd/1 next_pid=116 next_prio=120
          <idle>-0     [001] ...2   822.824712: sched_switch: prev_comm=swapper/1 prev_pid=0 prev_prio=120 prev_state=R ==> next_comm=Binder_1 next_pid=5003 next_prio=120
         mmcqd/1-116   [000] ...2   822.824723: sched_switch: prev_comm=mmcqd/1 prev_pid=116 prev_prio=120 prev_state=S ==> next_comm=android.bg next_pid=764 next_prio=130
      android.bg-764   [000] ...2   822.824764: sched_switch: prev_comm=android.bg prev_pid=764 prev_prio=130 prev_state=S ==> next_comm=Binder_2 next_pid=5004 next_prio=120
        Binder_2-5004  [000] ...2   822.824798: sched_switch: prev_comm=Binder_2 prev_pid=5004 prev_prio=120 prev_state=D ==> next_comm=swapper/0 next_pid=0 next_prio=120
          <idle>-0     [000] ...2   822.824806: sched_switch: prev_comm=swapper/0 prev_pid=0 prev_prio=120 prev_state=R ==> next_comm=Binder_2 next_pid=5004 next_prio=120
        Binder_2-5004  [000] ...2   822.824820: sched_switch: prev_comm=Binder_2 prev_pid=5004 prev_prio=120 prev_state=S ==> next_comm=swapper/0 next_pid=0 next_prio=120
          <idle>-0     [000] ...2   822.824841: sched_switch: prev_comm=swapper/0 prev_pid=0 prev_prio=120 prev_state=R ==> next_comm=Binder_2 next_pid=5004 next_prio=120
        Binder_2-5004  [000] ...2   822.824916: sched_switch: prev_comm=Binder_2 prev_pid=5004 prev_prio=120 prev_state=R ==> next_comm=mmcqd/1 next_pid=116 next_prio=120
         mmcqd/1-116   [000] ...1   822.824947: block_rq_complete: 179,0 RA () 851896 + 32 [0]
         mmcqd/1-116   [000] ...2   822.824982: sched_switch: prev_comm=mmcqd/1 prev_pid=116 prev_prio=120 prev_state=S ==> next_comm=xample.bdbtrace next_pid=2226 next_prio=120
        Binder_1-5003  [001] ...3   822.825047: sched_switch: prev_comm=Binder_1 prev_pid=5003 prev_prio=120 prev_state=x ==> next_comm=swapper/1 next_pid=0 next_prio=120
 xample.bdbtrace-2226  [000] d..2   822.825843: block_rq_insert: 179,0 R 0 () 852120 + 8 [xample.bdbtrace]
 xample.bdbtrace-2226  [000] ...2   822.825854: sched_switch: prev_comm=xample.bdbtrace prev_pid=2226 prev_prio=120 prev_state=D|W ==> next_comm=mmcqd/1 next_pid=116 next_prio=120
         mmcqd/1-116   [000] ...1   822.825885: block_rq_complete: 179,0 RA () 1181984 + 8 [0]
         mmcqd/1-116   [000] ...2   822.825911: sched_switch: prev_comm=mmcqd/1 prev_pid=116 prev_prio=120 prev_state=S ==> next_comm=Binder_2 next_pid=5004 next_prio=120
        Binder_2-5004  [000] ...3   822.826014: sched_switch: prev_comm=Binder_2 prev_pid=5004 prev_prio=120 prev_state=x ==> next_comm=swapper/0 next_pid=0 next_prio=120
          <idle>-0     [000] ...2   822.826300: sched_switch: prev_comm=swapper/0 prev_pid=0 prev_prio=120 prev_state=R ==> next_comm=mmcqd/1 next_pid=116 next_prio=120
         mmcqd/1-116   [000] ...1   822.826334: block_rq_complete: 179,0 RA () 1182000 + 40 [0]
         mmcqd/1-116   [000] ...2   822.826351: sched_switch: prev_comm=mmcqd/1 prev_pid=116 prev_prio=120 prev_state=S ==> next_comm=main next_pid=4986 next_prio=120
          <idle>-0     [001] ...2   822.826400: sched_switch: prev_comm=swapper/1 prev_pid=0 prev_prio=120 prev_state=R ==> next_comm=Heap thread poo next_pid=4992 next_prio=120
            main-4986  [000] ...2   822.826405: sched_switch: prev_comm=main prev_pid=4986 prev_prio=120 prev_state=S ==> next_comm=swapper/0 next_pid=0 next_prio=120
 Heap thread poo-4992  [001] ...3   822.826575: sched_switch: prev_comm=Heap thread poo prev_pid=4992 prev_prio=120 prev_state=x ==> next_comm=Heap thread poo next_pid=4991 next_prio=120
          <idle>-0     [000] ...2   822.826604: sched_switch: prev_comm=swapper/0 prev_pid=0 prev_prio=120 prev_state=R ==> next_comm=Heap thread poo next_pid=4993 next_prio=120
 Heap thread poo-4993  [000] ...2   822.826617: sched_switch: prev_comm=Heap thread poo prev_pid=4993 prev_prio=120 prev_state=D ==> next_comm=swapper/0 next_pid=0 next_prio=120
          <idle>-0     [000] ...2   822.826642: sched_switch: prev_comm=swapper/0 prev_pid=0 prev_prio=120 prev_state=R ==> next_comm=Heap thread poo next_pid=4993 next_prio=120
 Heap thread poo-4993  [000] ...3   822.826754: sched_switch: prev_comm=Heap thread poo prev_pid=4993 prev_prio=120 prev_state=x ==> next_comm=mmcqd/1 next_pid=116 next_prio=120
         mmcqd/1-116   [000] ...1   822.826768: block_rq_complete: 179,0 RA () 1182048 + 24 [0]
         mmcqd/1-116   [000] ...2   822.826783: sched_switch: prev_comm=mmcqd/1 prev_pid=116 prev_prio=120 prev_state=R+ ==> next_comm=kworker/0:1H next_pid=17 next_prio=100
    kworker/0:1H-17    [000] ...2   822.826791: sched_switch: prev_comm=kworker/0:1H prev_pid=17 prev_prio=100 prev_state=S ==> next_comm=mmcqd/1 next_pid=116 next_prio=120
 Heap thread poo-4991  [001] ...3   822.826806: sched_switch: prev_comm=Heap thread poo prev_pid=4991 prev_prio=120 prev_state=x ==> next_comm=swapper/1 next_pid=0 next_prio=120
         mmcqd/1-116   [000] ...2   822.826831: sched_switch: prev_comm=mmcqd/1 prev_pid=116 prev_prio=120 prev_state=S ==> next_comm=main next_pid=4986 next_prio=120
          <idle>-0     [001] ...2   822.826957: sched_switch: prev_comm=swapper/1 prev_pid=0 prev_prio=120 prev_state=R ==> next_comm=JDWP next_pid=4995 next_prio=120
            main-4986  [000] ...2   822.826976: sched_switch: prev_comm=main prev_pid=4986 prev_prio=120 prev_state=S ==> next_comm=adbd next_pid=778 next_prio=120
           <...>-778   [000] ...2   822.827123: sched_switch: prev_comm=adbd prev_pid=778 prev_prio=120 prev_state=S ==> next_comm=mmcqd/1 next_pid=116 next_prio=120
         mmcqd/1-116   [000] ...1   822.827133: block_rq_complete: 179,0 RA () 852120 + 8 [0]
         mmcqd/1-116   [000] ...2   822.827150: sched_switch: prev_comm=mmcqd/1 prev_pid=116 prev_prio=120 prev_state=R+ ==> next_comm=kworker/0:1H next_pid=17 next_prio=100
    kworker/0:1H-17    [000] ...2   822.827156: sched_switch: prev_comm=kworker/0:1H prev_pid=17 prev_prio=100 prev_state=S ==> next_comm=mmcqd/1 next_pid=116 next_prio=120
         mmcqd/1-116   [000] ...2   822.827165: sched_switch: prev_comm=mmcqd/1 prev_pid=116 prev_prio=120 prev_state=S ==> next_comm=xample.bdbtrace next_pid=2226 next_prio=120
            JDWP-4995  [001] ...3   822.827210: sched_switch: prev_comm=JDWP prev_pid=4995 prev_prio=120 prev_state=x ==> next_comm=swapper/1 next_pid=0 next_prio=120
 xample.bdbtrace-2226  [000] d..2   822.828128: block_rq_insert: 179,0 R 0 () 852320 + 8 [xample.bdbtrace]
 xample.bdbtrace-2226  [000] ...2   822.828144: sched_switch: prev_comm=xample.bdbtrace prev_pid=2226 prev_prio=120 prev_state=D|W ==> next_comm=mmcqd/1 next_pid=116 next_prio=120
         mmcqd/1-116   [000] ...2   822.828188: sched_switch: prev_comm=mmcqd/1 prev_pid=116 prev_prio=120 prev_state=S ==> next_comm=main next_pid=4986 next_prio=120
            main-4986  [000] d..2   822.828274: block_rq_insert: 179,0 R 0 () 1179176 + 16 [main]
            main-4986  [000] d..2   822.828277: block_rq_insert: 179,0 R 0 () 1179208 + 32 [main]
            main-4986  [000] d..2   822.828279: block_rq_insert: 179,0 R 0 () 1179280 + 64 [main]
            main-4986  [000] d..2   822.828281: block_rq_insert: 179,0 R 0 () 1179352 + 8 [main]
            main-4986  [000] d..2   822.828283: block_rq_insert: 179,0 R 0 () 1179416 + 16 [main]
            main-4986  [000] ...2   822.828295: sched_switch: prev_comm=main prev_pid=4986 prev_prio=120 prev_state=D|W ==> next_comm=mmcqd/1 next_pid=116 next_prio=120
         mmcqd/1-116   [000] ...2   822.828307: sched_switch: prev_comm=mmcqd/1 prev_pid=116 prev_prio=120 prev_state=S ==> next_comm=swapper/0 next_pid=0 next_prio=120
          <idle>-0     [000] ...2   822.828433: sched_switch: prev_comm=swapper/0 prev_pid=0 prev_prio=120 prev_state=R ==> next_comm=mmcqd/1 next_pid=116 next_prio=120
         mmcqd/1-116   [000] ...1   822.828444: block_rq_complete: 179,0 RA () 852320 + 8 [0]
         mmcqd/1-116   [000] ...2   822.828461: sched_switch: prev_comm=mmcqd/1 prev_pid=116 prev_prio=120 prev_state=R+ ==> next_comm=kworker/0:1H next_pid=17 next_prio=100
    kworker/0:1H-17    [000] ...2   822.828469: sched_switch: prev_comm=kworker/0:1H prev_pid=17 prev_prio=100 prev_state=S ==> next_comm=mmcqd/1 next_pid=116 next_prio=120
         mmcqd/1-116   [000] ...2   822.828526: sched_switch: prev_comm=mmcqd/1 prev_pid=116 prev_prio=120 prev_state=S ==> next_comm=xample.bdbtrace next_pid=2226 next_prio=120
 xample.bdbtrace-2226  [000] ...2   822.828781: sched_switch: prev_comm=xample.bdbtrace prev_pid=2226 prev_prio=120 prev_state=R+ ==> next_comm=mmcqd/1 next_pid=116 next_prio=120
         mmcqd/1-116   [000] ...1   822.828810: block_rq_complete: 179,0 RA () 1179176 + 16 [0]
         mmcqd/1-116   [000] ...2   822.828845: sched_switch: prev_comm=mmcqd/1 prev_pid=116 prev_prio=120 prev_state=S ==> next_comm=xample.bdbtrace next_pid=2226 next_prio=120
          <idle>-0     [001] ...2   822.828929: sched_switch: prev_comm=swapper/1 prev_pid=0 prev_prio=120 prev_state=R ==> next_comm=ksoftirqd/1 next_pid=4990 next_prio=120
     ksoftirqd/1-4990  [001] ...2   822.828946: sched_switch: prev_comm=ksoftirqd/1 prev_pid=4990 prev_prio=120 prev_state=S ==> next_comm=swapper/1 next_pid=0 next_prio=120
          <idle>-0     [001] ...2   822.828968: sched_switch: prev_comm=swapper/1 prev_pid=0 prev_prio=120 prev_state=R ==> next_comm=ksoftirqd/1 next_pid=4990 next_prio=120
     ksoftirqd/1-4990  [001] ...2   822.828982: sched_switch: prev_comm=ksoftirqd/1 prev_pid=4990 prev_prio=120 prev_state=S ==> next_comm=swapper/1 next_pid=0 next_prio=120
          <idle>-0     [001] ...2   822.829003: sched_switch: prev_comm=swapper/1 prev_pid=0 prev_prio=120 prev_state=R ==> next_comm=ksoftirqd/1 next_pid=4990 next_prio=120
