    kworker/0:1H-17    [000] ...2   835.232710: sched_switch: prev_comm=kworker/0:1H prev_pid=17 prev_prio=100 prev_state=S ==> next_comm=mmcqd/1 next_pid=116 next_prio=120
         mmcqd/1-116   [000] ...2   835.232720: sched_switch: prev_comm=mmcqd/1 prev_pid=116 prev_prio=120 prev_state=S ==> next_comm=main next_pid=5046 next_prio=120
            main-5046  [000] d..2   835.233671: block_rq_insert: 179,0 R 0 () 4008664 + 16 [main]
            main-5046  [000] d..2   835.233674: block_rq_insert: 179,0 R 0 () 4008712 + 8 [main]
            main-5046  [000] ...2   835.233686: sched_switch: prev_comm=main prev_pid=5046 prev_prio=120 prev_state=R+ ==> next_comm=mmcqd/1 next_pid=116 next_prio=120
         mmcqd/1-116   [000] ...2   835.233738: sched_switch: prev_comm=mmcqd/1 prev_pid=116 prev_prio=120 prev_state=S ==> next_comm=main next_pid=5046 next_prio=120
            main-5046  [000] ...2   835.233747: sched_switch: prev_comm=main prev_pid=5046 prev_prio=120 prev_state=D|W ==> next_comm=swapper/0 next_pid=0 next_prio=120
          <idle>-0     [000] ...2   835.233965: sched_switch: prev_comm=swapper/0 prev_pid=0 prev_prio=120 prev_state=R ==> next_comm=mmcqd/1 next_pid=116 next_prio=120
         mmcqd/1-116   [000] ...1   835.233991: block_rq_complete: 179,0 RA () 4008712 + 8 [0]
         mmcqd/1-116   [000] ...2   835.234005: sched_switch: prev_comm=mmcqd/1 prev_pid=116 prev_prio=120 prev_state=S ==> next_comm=swapper/0 next_pid=0 next_prio=120
          <idle>-0     [000] ...2   835.234304: sched_switch: prev_comm=swapper/0 prev_pid=0 prev_prio=120 prev_state=R ==> next_comm=mmcqd/1 next_pid=116 next_prio=120
         mmcqd/1-116   [000] ...1   835.234316: block_rq_complete: 179,0 RA () 4008664 + 16 [0]
         mmcqd/1-116   [000] ...2   835.234333: sched_switch: prev_comm=mmcqd/1 prev_pid=116 prev_prio=120 prev_state=R+ ==> next_comm=kworker/0:1H next_pid=17 next_prio=100
    kworker/0:1H-17    [000] ...2   835.234340: sched_switch: prev_comm=kworker/0:1H prev_pid=17 prev_prio=100 prev_state=S ==> next_comm=mmcqd/1 next_pid=116 next_prio=120
         mmcqd/1-116   [000] ...2   835.234349: sched_switch: prev_comm=mmcqd/1 prev_pid=116 prev_prio=120 prev_state=S ==> next_comm=main next_pid=5046 next_prio=120
          <idle>-0     [001] ...2   835.237600: sched_switch: prev_comm=swapper/1 prev_pid=0 prev_prio=120 prev_state=R ==> next_comm=main next_pid=5063 next_prio=120
            main-5046  [000] ...2   835.237631: sched_switch: prev_comm=main prev_pid=5046 prev_prio=120 prev_state=D ==> next_comm=swapper/0 next_pid=0 next_prio=120
          <idle>-0     [000] ...2   835.237649: sched_switch: prev_comm=swapper/0 prev_pid=0 prev_prio=120 prev_state=R ==> next_comm=ksoftirqd/0 next_pid=3 next_prio=120
     ksoftirqd/0-3     [000] ...2   835.237659: sched_switch: prev_comm=ksoftirqd/0 prev_pid=3 prev_prio=120 prev_state=S ==> next_comm=swapper/0 next_pid=0 next_prio=120
          <idle>-0     [000] ...2   835.237677: sched_switch: prev_comm=swapper/0 prev_pid=0 prev_prio=120 prev_state=R ==> next_comm=ksoftirqd/0 next_pid=3 next_prio=120
     ksoftirqd/0-3     [000] ...2   835.237684: sched_switch: prev_comm=ksoftirqd/0 prev_pid=3 prev_prio=120 prev_state=S ==> next_comm=main next_pid=5046 next_prio=120
            main-5046  [000] d..2   835.237895: block_rq_insert: 179,0 R 0 () 4008840 + 8 [main]
            main-5046  [000] d..2   835.237900: block_rq_insert: 179,0 R 0 () 4008920 + 48 [main]
            main-5046  [000] ...2   835.237911: sched_switch: prev_comm=main prev_pid=5046 prev_prio=120 prev_state=R+ ==> next_comm=mmcqd/1 next_pid=116 next_prio=120
         mmcqd/1-116   [000] ...2   835.237978: sched_switch: prev_comm=mmcqd/1 prev_pid=116 prev_prio=120 prev_state=S ==> next_comm=main next_pid=5046 next_prio=120
            main-5046  [000] ...2   835.237985: sched_switch: prev_comm=main prev_pid=5046 prev_prio=120 prev_state=D|W ==> next_comm=swapper/0 next_pid=0 next_prio=120
          <idle>-0     [000] ...2   835.238001: sched_switch: prev_comm=swapper/0 prev_pid=0 prev_prio=120 prev_state=R ==> next_comm=ksoftirqd/0 next_pid=3 next_prio=120
     ksoftirqd/0-3     [000] ...2   835.238008: sched_switch: prev_comm=ksoftirqd/0 prev_pid=3 prev_prio=120 prev_state=S ==> next_comm=swapper/0 next_pid=0 next_prio=120
          <idle>-0     [000] ...2   835.238197: sched_switch: prev_comm=swapper/0 prev_pid=0 prev_prio=120 prev_state=R ==> next_comm=mmcqd/1 next_pid=116 next_prio=120
         mmcqd/1-116   [000] ...1   835.238223: block_rq_complete: 179,0 RA () 4008840 + 8 [0]
         mmcqd/1-116   [000] ...2   835.238241: sched_switch: prev_comm=mmcqd/1 prev_pid=116 prev_prio=120 prev_state=S ==> next_comm=main next_pid=5046 next_prio=120
            main-5046  [000] ...2   835.238257: sched_switch: prev_comm=main prev_pid=5046 prev_prio=120 prev_state=D ==> next_comm=swapper/0 next_pid=0 next_prio=120
          <idle>-0     [000] ...2   835.238272: sched_switch: prev_comm=swapper/0 prev_pid=0 prev_prio=120 prev_state=R ==> next_comm=main next_pid=5046 next_prio=120
            main-5046  [000] d..2   835.238439: block_rq_insert: 179,0 R 0 () 4123736 + 8 [main]
            main-5046  [000] d..2   835.238442: block_rq_insert: 179,0 R 0 () 4123816 + 32 [main]
            main-5046  [000] ...2   835.238452: sched_switch: prev_comm=main prev_pid=5046 prev_prio=120 prev_state=R+ ==> next_comm=mmcqd/1 next_pid=116 next_prio=120
         mmcqd/1-116   [000] ...2   835.238467: sched_switch: prev_comm=mmcqd/1 prev_pid=116 prev_prio=120 prev_state=S ==> next_comm=main next_pid=5046 next_prio=120
            main-5046  [000] ...2   835.238472: sched_switch: prev_comm=main prev_pid=5046 prev_prio=120 prev_state=D|W ==> next_comm=swapper/0 next_pid=0 next_prio=120
          <idle>-0     [000] ...2   835.238683: sched_switch: prev_comm=swapper/0 prev_pid=0 prev_prio=120 prev_state=R ==> next_comm=Binder_1 next_pid=5064 next_prio=120
        Binder_1-5063  [001] ...2   835.238710: sched_switch: prev_comm=Binder_1 prev_pid=5063 prev_prio=120 prev_state=S ==> next_comm=swapper/1 next_pid=0 next_prio=120
          <idle>-0     [001] ...2   835.238734: sched_switch: prev_comm=swapper/1 prev_pid=0 prev_prio=120 prev_state=R ==> next_comm=ksoftirqd/1 next_pid=5050 next_prio=120
     ksoftirqd/1-5050  [001] ...2   835.238752: sched_switch: prev_comm=ksoftirqd/1 prev_pid=5050 prev_prio=120 prev_state=S ==> next_comm=swapper/1 next_pid=0 next_prio=120
          <idle>-0     [001] ...2   835.238778: sched_switch: prev_comm=swapper/1 prev_pid=0 prev_prio=120 prev_state=R ==> next_comm=ksoftirqd/1 next_pid=5050 next_prio=120
        Binder_2-5064  [000] ...2   835.238779: sched_switch: prev_comm=Binder_2 prev_pid=5064 prev_prio=120 prev_state=R ==> next_comm=mmcqd/1 next_pid=116 next_prio=120
     ksoftirqd/1-5050  [001] ...2   835.238797: sched_switch: prev_comm=ksoftirqd/1 prev_pid=5050 prev_prio=120 prev_state=S ==> next_comm=swapper/1 next_pid=0 next_prio=120
         mmcqd/1-116   [000] ...1   835.238812: block_rq_complete: 179,0 RA () 4008920 + 48 [0]
          <idle>-0     [001] ...2   835.238820: sched_switch: prev_comm=swapper/1 prev_pid=0 prev_prio=120 prev_state=R ==> next_comm=ksoftirqd/1 next_pid=5050 next_prio=120
     ksoftirqd/1-5050  [001] ...2   835.238838: sched_switch: prev_comm=ksoftirqd/1 prev_pid=5050 prev_prio=120 prev_state=S ==> next_comm=swapper/1 next_pid=0 next_prio=120
         mmcqd/1-116   [000] ...2   835.238839: sched_switch: prev_comm=mmcqd/1 prev_pid=116 prev_prio=120 prev_state=S ==> next_comm=Binder_2 next_pid=5064 next_prio=120
        Binder_2-5064  [000] ...2   835.239047: sched_switch: prev_comm=Binder_2 prev_pid=5064 prev_prio=120 prev_state=R+ ==> next_comm=mmcqd/1 next_pid=116 next_prio=120
         mmcqd/1-116   [000] ...1   835.239073: block_rq_complete: 179,0 RA () 4123736 + 8 [0]
         mmcqd/1-116   [000] ...2   835.239085: sched_switch: prev_comm=mmcqd/1 prev_pid=116 prev_prio=120 prev_state=S ==> next_comm=Binder_2 next_pid=5064 next_prio=120
        Binder_2-5064  [000] ...2   835.239347: sched_switch: prev_comm=Binder_2 prev_pid=5064 prev_prio=120 prev_state=S ==> next_comm=swapper/0 next_pid=0 next_prio=120
          <idle>-0     [000] ...2   835.239360: sched_switch: prev_comm=swapper/0 prev_pid=0 prev_prio=120 prev_state=R ==> next_comm=ksoftirqd/0 next_pid=3 next_prio=120
     ksoftirqd/0-3     [000] ...2   835.239367: sched_switch: prev_comm=ksoftirqd/0 prev_pid=3 prev_prio=120 prev_state=S ==> next_comm=swapper/0 next_pid=0 next_prio=120
          <idle>-0     [000] ...2   835.239378: sched_switch: prev_comm=swapper/0 prev_pid=0 prev_prio=120 prev_state=R ==> next_comm=ksoftirqd/0 next_pid=3 next_prio=120
     ksoftirqd/0-3     [000] ...2   835.239385: sched_switch: prev_comm=ksoftirqd/0 prev_pid=3 prev_prio=120 prev_state=S ==> next_comm=swapper/0 next_pid=0 next_prio=120
          <idle>-0     [000] ...2   835.239395: sched_switch: prev_comm=swapper/0 prev_pid=0 prev_prio=120 prev_state=R ==> next_comm=ksoftirqd/0 next_pid=3 next_prio=120
     ksoftirqd/0-3     [000] ...2   835.239406: sched_switch: prev_comm=ksoftirqd/0 prev_pid=3 prev_prio=120 prev_state=S ==> next_comm=swapper/0 next_pid=0 next_prio=120
          <idle>-0     [000] ...2   835.239476: sched_switch: prev_comm=swapper/0 prev_pid=0 prev_prio=120 prev_state=R ==> next_comm=mmcqd/1 next_pid=116 next_prio=120
         mmcqd/1-116   [000] ...1   835.239492: block_rq_complete: 179,0 RA () 4123816 + 32 [0]
         mmcqd/1-116   [000] ...2   835.239512: sched_switch: prev_comm=mmcqd/1 prev_pid=116 prev_prio=120 prev_state=R+ ==> next_comm=kworker/0:1H next_pid=17 next_prio=100
    kworker/0:1H-17    [000] ...2   835.239521: sched_switch: prev_comm=kworker/0:1H prev_pid=17 prev_prio=100 prev_state=S ==> next_comm=main next_pid=5046 next_prio=120
            main-5046  [000] d..2   835.239565: block_rq_insert: 179,0 R 0 () 4084528 + 24 [main]
            main-5046  [000] ...2   835.239574: sched_switch: prev_comm=main prev_pid=5046 prev_prio=120 prev_state=D|W ==> next_comm=mmcqd/1 next_pid=116 next_prio=120
         mmcqd/1-116   [000] ...2   835.239620: sched_switch: prev_comm=mmcqd/1 prev_pid=116 prev_prio=120 prev_state=S ==> next_comm=swapper/0 next_pid=0 next_prio=120
          <idle>-0     [000] ...2   835.239983: sched_switch: prev_comm=swapper/0 prev_pid=0 prev_prio=120 prev_state=R ==> next_comm=mmcqd/1 next_pid=116 next_prio=120
         mmcqd/1-116   [000] ...1   835.239996: block_rq_complete: 179,0 RA () 4084528 + 24 [0]
         mmcqd/1-116   [000] ...2   835.240013: sched_switch: prev_comm=mmcqd/1 prev_pid=116 prev_prio=120 prev_state=R+ ==> next_comm=kworker/0:1H next_pid=17 next_prio=100
    kworker/0:1H-17    [000] ...2   835.240020: sched_switch: prev_comm=kworker/0:1H prev_pid=17 prev_prio=100 prev_state=S ==> next_comm=main next_pid=5046 next_prio=120
            main-5046  [000] ...2   835.240083: sched_switch: prev_comm=main prev_pid=5046 prev_prio=120 prev_state=S ==> next_comm=servicemanager next_pid=168 next_prio=120
  servicemanager-168   [000] ...2   835.240112: sched_switch: prev_comm=servicemanager prev_pid=168 prev_prio=120 prev_state=S ==> next_comm=main next_pid=5046 next_prio=120
            main-5046  [000] ...2   835.240276: sched_switch: prev_comm=main prev_pid=5046 prev_prio=120 prev_state=S ==> next_comm=servicemanager next_pid=168 next_prio=120
  servicemanager-168   [000] ...2   835.240393: sched_switch: prev_comm=servicemanager prev_pid=168 prev_prio=120 prev_state=S ==> next_comm=mmcqd/1 next_pid=116 next_prio=120
         mmcqd/1-116   [000] ...2   835.240403: sched_switch: prev_comm=mmcqd/1 prev_pid=116 prev_prio=120 prev_state=S ==> next_comm=main next_pid=5046 next_prio=120
            main-5046  [000] d..2   835.240565: block_rq_insert: 179,0 R 0 () 4078736 + 8 [main]
            main-5046  [000] d..2   835.240568: block_rq_insert: 179,0 R 0 () 4078752 + 8 [main]
            main-5046  [000] d..2   835.240570: block_rq_insert: 179,0 R 0 () 4078784 + 8 [main]
            main-5046  [000] d..2   835.240572: block_rq_insert: 179,0 R 0 () 4078824 + 8 [main]
            main-5046  [000] d..2   835.240574: block_rq_insert: 179,0 R 0 () 4078840 + 24 [main]
            main-5046  [000] d..2   835.240575: block_rq_insert: 179,0 R 0 () 4078888 + 32 [main]
            main-5046  [000] d..2   835.240577: block_rq_insert: 179,0 R 0 () 4078952 + 16 [main]
            main-5046  [000] d..2   835.240579: block_rq_insert: 179,0 R 0 () 4078976 + 8 [main]
            main-5046  [000] d..2   835.241273: block_rq_insert: 179,0 R 0 () 4052264 + 8 [main]
            main-5046  [000] d..2   835.241276: block_rq_insert: 179,0 R 0 () 4052304 + 8 [main]
            main-5046  [000] d..2   835.241278: block_rq_insert: 179,0 R 0 () 4052400 + 32 [main]
            main-5046  [000] ...2   835.241286: sched_switch: prev_comm=main prev_pid=5046 prev_prio=120 prev_state=D|W ==> next_comm=kworker/0:0 next_pid=4 next_prio=120
     kworker/0:0-4     [000] ...2   835.241303: sched_switch: prev_comm=kworker/0:0 prev_pid=4 prev_prio=120 prev_state=S ==> next_comm=mmcqd/1 next_pid=116 next_prio=120
          <idle>-0     [001] ...2   835.241313: sched_switch: prev_comm=swapper/1 prev_pid=0 prev_prio=120 prev_state=R ==> next_comm=adbd next_pid=778 next_prio=120
         mmcqd/1-116   [000] ...2   835.241352: sched_switch: prev_comm=mmcqd/1 prev_pid=116 prev_prio=120 prev_state=S ==> next_comm=swapper/0 next_pid=0 next_prio=120
          <idle>-0     [000] ...2   835.241363: sched_switch: prev_comm=swapper/0 prev_pid=0 prev_prio=120 prev_state=R ==> next_comm=ksoftirqd/0 next_pid=3 next_prio=120
     ksoftirqd/0-3     [000] ...2   835.241370: sched_switch: prev_comm=ksoftirqd/0 prev_pid=3 prev_prio=120 prev_state=S ==> next_comm=swapper/0 next_pid=0 next_prio=120
          <idle>-0     [000] ...2   835.241380: sched_switch: prev_comm=swapper/0 prev_pid=0 prev_prio=120 prev_state=R ==> next_comm=ksoftirqd/0 next_pid=3 next_prio=120
     ksoftirqd/0-3     [000] ...2   835.241385: sched_switch: prev_comm=ksoftirqd/0 prev_pid=3 prev_prio=120 prev_state=S ==> next_comm=swapper/0 next_pid=0 next_prio=120
          <idle>-0     [000] ...2   835.241394: sched_switch: prev_comm=swapper/0 prev_pid=0 prev_prio=120 prev_state=R ==> next_comm=ksoftirqd/0 next_pid=3 next_prio=120
     ksoftirqd/0-3     [000] ...2   835.241400: sched_switch: prev_comm=ksoftirqd/0 prev_pid=3 prev_prio=120 prev_state=S ==> next_comm=swapper/0 next_pid=0 next_prio=120
           <...>-778   [001] ...2   835.241499: sched_switch: prev_comm=adbd prev_pid=778 prev_prio=120 prev_state=S ==> next_comm=adbd next_pid=780 next_prio=120
          <idle>-0     [000] ...2   835.241567: sched_switch: prev_comm=swapper/0 prev_pid=0 prev_prio=120 prev_state=R ==> next_comm=mmcqd/1 next_pid=116 next_prio=120
            adbd-780   [001] ...2   835.241586: sched_switch: prev_comm=adbd prev_pid=780 prev_prio=120 prev_state=S ==> next_comm=swapper/1 next_pid=0 next_prio=120
         mmcqd/1-116   [000] ...1   835.241592: block_rq_complete: 179,0 RA () 4078976 + 8 [0]
          <idle>-0     [001] ...2   835.241610: sched_switch: prev_comm=swapper/1 prev_pid=0 prev_prio=120 prev_state=R ==> next_comm=ksoftirqd/1 next_pid=5050 next_prio=120
         mmcqd/1-116   [000] ...2   835.241617: sched_switch: prev_comm=mmcqd/1 prev_pid=116 prev_prio=120 prev_state=S ==> next_comm=swapper/0 next_pid=0 next_prio=120
     ksoftirqd/1-5050  [001] ...2   835.241637: sched_switch: prev_comm=ksoftirqd/1 prev_pid=5050 prev_prio=120 prev_state=S ==> next_comm=swapper/1 next_pid=0 next_prio=120
          <idle>-0     [000] ...2   835.241897: sched_switch: prev_comm=swapper/0 prev_pid=0 prev_prio=120 prev_state=R ==> next_comm=mmcqd/1 next_pid=116 next_prio=120
         mmcqd/1-116   [000] ...1   835.241925: block_rq_complete: 179,0 RA () 4078952 + 16 [0]
         mmcqd/1-116   [000] ...2   835.241952: sched_switch: prev_comm=mmcqd/1 prev_pid=116 prev_prio=120 prev_state=S ==> next_comm=swapper/0 next_pid=0 next_prio=120
          <idle>-0     [000] ...2   835.242077: sched_switch: prev_comm=swapper/0 prev_pid=0 prev_prio=120 prev_state=R ==> next_comm=adbd next_pid=781 next_prio=120
            adbd-781   [000] ...2   835.242124: sched_switch: prev_comm=adbd prev_pid=781 prev_prio=120 prev_state=S ==> next_comm=adbd next_pid=778 next_prio=120
           <...>-778   [000] ...2   835.242199: sched_switch: prev_comm=adbd prev_pid=778 prev_prio=120 prev_state=S ==> next_comm=adbd next_pid=780 next_prio=120
            adbd-780   [000] ...2   835.242205: sched_switch: prev_comm=adbd prev_pid=780 prev_prio=120 prev_state=S ==> next_comm=swapper/0 next_pid=0 next_prio=120
          <idle>-0     [000] ...2   835.242335: sched_switch: prev_comm=swapper/0 prev_pid=0 prev_prio=120 prev_state=R ==> next_comm=mmcqd/1 next_pid=116 next_prio=120
         mmcqd/1-116   [000] ...1   835.242367: block_rq_complete: 179,0 RA () 4078888 + 32 [0]
         mmcqd/1-116   [000] ...2   835.242387: sched_switch: prev_comm=mmcqd/1 prev_pid=116 prev_prio=120 prev_state=S ==> next_comm=swapper/0 next_pid=0 next_prio=120
          <idle>-0     [000] ...2   835.242845: sched_switch: prev_comm=swapper/0 prev_pid=0 prev_prio=120 prev_state=R ==> next_comm=mmcqd/1 next_pid=116 next_prio=120
         mmcqd/1-116   [000] ...1   835.242874: block_rq_complete: 179,0 RA () 4078840 + 24 [0]
         mmcqd/1-116   [000] ...2   835.242893: sched_switch: prev_comm=mmcqd/1 prev_pid=116 prev_prio=120 prev_state=S ==> next_comm=swapper/0 next_pid=0 next_prio=120
          <idle>-0     [000] ...2   835.243123: sched_switch: prev_comm=swapper/0 prev_pid=0 prev_prio=120 prev_state=R ==> next_comm=mmcqd/1 next_pid=116 next_prio=120
         mmcqd/1-116   [000] ...1   835.243149: block_rq_complete: 179,0 RA () 4078824 + 8 [0]
         mmcqd/1-116   [000] ...2   835.243167: sched_switch: prev_comm=mmcqd/1 prev_pid=116 prev_prio=120 prev_state=S ==> next_comm=swapper/0 next_pid=0 next_prio=120
          <idle>-0     [000] ...2   835.243405: sched_switch: prev_comm=swapper/0 prev_pid=0 prev_prio=120 prev_state=R ==> next_comm=mmcqd/1 next_pid=116 next_prio=120
         mmcqd/1-116   [000] ...1   835.243430: block_rq_complete: 179,0 RA () 4078784 + 8 [0]
         mmcqd/1-116   [000] ...2   835.243448: sched_switch: prev_comm=mmcqd/1 prev_pid=116 prev_prio=120 prev_state=S ==> next_comm=swapper/0 next_pid=0 next_prio=120
          <idle>-0     [000] ...2   835.243678: sched_switch: prev_comm=swapper/0 prev_pid=0 prev_prio=120 prev_state=R ==> next_comm=mmcqd/1 next_pid=116 next_prio=120
         mmcqd/1-116   [000] ...1   835.243703: block_rq_complete: 179,0 RA () 4078752 + 8 [0]
         mmcqd/1-116   [000] ...2   835.243728: sched_switch: prev_comm=mmcqd/1 prev_pid=116 prev_prio=120 prev_state=S ==> next_comm=swapper/0 next_pid=0 next_prio=120
          <idle>-0     [000] ...2   835.243949: sched_switch: prev_comm=swapper/0 prev_pid=0 prev_prio=120 prev_state=R ==> next_comm=mmcqd/1 next_pid=116 next_prio=120
         mmcqd/1-116   [000] ...1   835.243975: block_rq_complete: 179,0 RA () 4078736 + 8 [0]
         mmcqd/1-116   [000] ...2   835.243993: sched_switch: prev_comm=mmcqd/1 prev_pid=116 prev_prio=120 prev_state=S ==> next_comm=swapper/0 next_pid=0 next_prio=120
          <idle>-0     [000] ...2   835.244381: sched_switch: prev_comm=swapper/0 prev_pid=0 prev_prio=120 prev_state=R ==> next_comm=mmcqd/1 next_pid=116 next_prio=120
         mmcqd/1-116   [000] ...1   835.244411: block_rq_complete: 179,0 RA () 4052400 + 32 [0]
         mmcqd/1-116   [000] ...2   835.244430: sched_switch: prev_comm=mmcqd/1 prev_pid=116 prev_prio=120 prev_state=S ==> next_comm=swapper/0 next_pid=0 next_prio=120
          <idle>-0     [000] ...2   835.244658: sched_switch: prev_comm=swapper/0 prev_pid=0 prev_prio=120 prev_state=R ==> next_comm=mmcqd/1 next_pid=116 next_prio=120
         mmcqd/1-116   [000] ...1   835.244683: block_rq_complete: 179,0 RA () 4052304 + 8 [0]
         mmcqd/1-116   [000] ...2   835.244698: sched_switch: prev_comm=mmcqd/1 prev_pid=116 prev_prio=120 prev_state=S ==> next_comm=main next_pid=5046 next_prio=120
            main-5046  [000] ...2   835.245354: sched_switch: prev_comm=main prev_pid=5046 prev_prio=120 prev_state=S ==> next_comm=Binder_7 next_pid=1125 next_prio=120
        Binder_7-1125  [000] ...2   835.245919: sched_switch: prev_comm=Binder_7 prev_pid=1125 prev_prio=120 prev_state=S ==> next_comm=mmcqd/1 next_pid=116 next_prio=120
          <idle>-0     [001] ...2   835.245922: sched_switch: prev_comm=swapper/1 prev_pid=0 prev_prio=120 prev_state=R ==> next_comm=Binder_2 next_pid=237 next_prio=120
         mmcqd/1-116   [000] ...1   835.245932: block_rq_complete: 179,0 RA () 4052264 + 8 [0]
         mmcqd/1-116   [000] ...2   835.245949: sched_switch: prev_comm=mmcqd/1 prev_pid=116 prev_prio=120 prev_state=R+ ==> next_comm=kworker/0:1H next_pid=17 next_prio=100
    kworker/0:1H-17    [000] ...2   835.245956: sched_switch: prev_comm=kworker/0:1H prev_pid=17 prev_prio=100 prev_state=S ==> next_comm=mmcqd/1 next_pid=116 next_prio=120
         mmcqd/1-116   [000] ...2   835.245967: sched_switch: prev_comm=mmcqd/1 prev_pid=116 prev_prio=120 prev_state=S ==> next_comm=swapper/0 next_pid=0 next_prio=120
          <idle>-0     [000] ...2   835.246020: sched_switch: prev_comm=swapper/0 prev_pid=0 prev_prio=120 prev_state=R ==> next_comm=Binder_7 next_pid=1125 next_prio=120
        Binder_2-237   [001] ...2   835.246054: sched_switch: prev_comm=Binder_2 prev_pid=237 prev_prio=120 prev_state=S ==> next_comm=swapper/1 next_pid=0 next_prio=120
          <idle>-0     [001] ...2   835.246080: sched_switch: prev_comm=swapper/1 prev_pid=0 prev_prio=120 prev_state=R ==> next_comm=ksoftirqd/1 next_pid=5050 next_prio=120
     ksoftirqd/1-5050  [001] ...2   835.246094: sched_switch: prev_comm=ksoftirqd/1 prev_pid=5050 prev_prio=120 prev_state=S ==> next_comm=swapper/1 next_pid=0 next_prio=120
          <idle>-0     [001] ...2   835.246115: sched_switch: prev_comm=swapper/1 prev_pid=0 prev_prio=120 prev_state=R ==> next_comm=ksoftirqd/1 next_pid=5050 next_prio=120
     ksoftirqd/1-5050  [001] ...2   835.246127: sched_switch: prev_comm=ksoftirqd/1 prev_pid=5050 prev_prio=120 prev_state=S ==> next_comm=swapper/1 next_pid=0 next_prio=120
          <idle>-0     [001] ...2   835.246148: sched_switch: prev_comm=swapper/1 prev_pid=0 prev_prio=120 prev_state=R ==> next_comm=ksoftirqd/1 next_pid=5050 next_prio=120
     ksoftirqd/1-5050  [001] ...2   835.246160: sched_switch: prev_comm=ksoftirqd/1 prev_pid=5050 prev_prio=120 prev_state=S ==> next_comm=swapper/1 next_pid=0 next_prio=120
          <idle>-0     [001] ...2   835.246290: sched_switch: prev_comm=swapper/1 prev_pid=0 prev_prio=120 prev_state=R ==> next_comm=InputDispatcher next_pid=795 next_prio=112
 InputDispatcher-795   [001] ...2   835.246343: sched_switch: prev_comm=InputDispatcher prev_pid=795 prev_prio=112 prev_state=S ==> next_comm=swapper/1 next_pid=0 next_prio=120
        Binder_7-1125  [000] ...2   835.246363: sched_switch: prev_comm=Binder_7 prev_pid=1125 prev_prio=120 prev_state=S ==> next_comm=Binder_1 next_pid=235 next_prio=120
        Binder_1-235   [000] ...2   835.246452: sched_switch: prev_comm=Binder_1 prev_pid=235 prev_prio=120 prev_state=S ==> next_comm=Binder_7 next_pid=1125 next_prio=120
          <idle>-0     [001] ...2   835.246513: sched_switch: prev_comm=swapper/1 prev_pid=0 prev_prio=120 prev_state=R ==> next_comm=android.display next_pid=770 next_prio=116
 android.display-770   [001] ...2   835.246666: sched_switch: prev_comm=android.display prev_pid=770 prev_prio=116 prev_state=S ==> next_comm=LazyTaskWriterT next_pid=833 next_prio=120
 LazyTaskWriterT-833   [001] ...2   835.246729: sched_switch: prev_comm=LazyTaskWriterT prev_pid=833 prev_prio=120 prev_state=S ==> next_comm=Binder_5 next_pid=1577 next_prio=120
        Binder_7-1125  [000] ...2   835.246789: sched_switch: prev_comm=Binder_7 prev_pid=1125 prev_prio=120 prev_state=R ==> next_comm=EventThread next_pid=320 next_prio=111
     EventThread-320   [000] ...2   835.246816: sched_switch: prev_comm=EventThread prev_pid=320 prev_prio=111 prev_state=D ==> next_comm=Binder_7 next_pid=1125 next_prio=120
        Binder_7-1125  [000] ...2   835.246824: sched_switch: prev_comm=Binder_7 prev_pid=1125 prev_prio=120 prev_state=R ==> next_comm=EventThread next_pid=320 next_prio=111
        Binder_5-1577  [001] ...2   835.246833: sched_switch: prev_comm=Binder_5 prev_pid=1577 prev_prio=120 prev_state=S ==> next_comm=swapper/1 next_pid=0 next_prio=120
     EventThread-320   [000] ...2   835.246855: sched_switch: prev_comm=EventThread prev_pid=320 prev_prio=111 prev_state=S ==> next_comm=Binder_B next_pid=1403 next_prio=120
        Binder_B-1403  [000] ...2   835.246935: sched_switch: prev_comm=Binder_B prev_pid=1403 prev_prio=120 prev_state=S ==> next_comm=Binder_7 next_pid=1125 next_prio=120
        Binder_7-1125  [000] ...2   835.247025: sched_switch: prev_comm=Binder_7 prev_pid=1125 prev_prio=120 prev_state=R+ ==> next_comm=ActivityManager next_pid=765 next_prio=118
 ActivityManager-765   [000] ...2   835.247060: sched_switch: prev_comm=ActivityManager prev_pid=765 prev_prio=118 prev_state=S ==> next_comm=Binder_7 next_pid=1125 next_prio=120
        Binder_7-1125  [000] ...2   835.247076: sched_switch: prev_comm=Binder_7 prev_pid=1125 prev_prio=120 prev_state=R+ ==> next_comm=ActivityManager next_pid=765 next_prio=118
 ActivityManager-765   [000] ...2   835.247088: sched_switch: prev_comm=ActivityManager prev_pid=765 prev_prio=118 prev_state=S ==> next_comm=Binder_7 next_pid=1125 next_prio=120
        Binder_7-1125  [000] ...2   835.247101: sched_switch: prev_comm=Binder_7 prev_pid=1125 prev_prio=120 prev_state=R+ ==> next_comm=ActivityManager next_pid=765 next_prio=118
 ActivityManager-765   [000] ...2   835.247124: sched_switch: prev_comm=ActivityManager prev_pid=765 prev_prio=118 prev_state=S ==> next_comm=Binder_7 next_pid=1125 next_prio=120
          <idle>-0     [001] ...2   835.247300: sched_switch: prev_comm=swapper/1 prev_pid=0 prev_prio=120 prev_state=R ==> next_comm=Binder_2 next_pid=1118 next_prio=120
        Binder_7-1125  [000] ...2   835.247518: sched_switch: prev_comm=Binder_7 prev_pid=1125 prev_prio=120 prev_state=R+ ==> next_comm=ActivityManager next_pid=765 next_prio=118
 ActivityManager-765   [000] ...2   835.247546: sched_switch: prev_comm=ActivityManager prev_pid=765 prev_prio=118 prev_state=S ==> next_comm=Binder_3 next_pid=1507 next_prio=120
        Binder_3-1507  [000] ...2   835.247553: sched_switch: prev_comm=Binder_3 prev_pid=1507 prev_prio=120 prev_state=S ==> next_comm=Binder_7 next_pid=1125 next_prio=120
        Binder_7-1125  [000] ...2   835.247567: sched_switch: prev_comm=Binder_7 prev_pid=1125 prev_prio=120 prev_state=R+ ==> next_comm=ActivityManager next_pid=765 next_prio=118
 ActivityManager-765   [000] ...2   835.247578: sched_switch: prev_comm=ActivityManager prev_pid=765 prev_prio=118 prev_state=S ==> next_comm=Binder_7 next_pid=1125 next_prio=120
        Binder_7-1125  [000] ...2   835.247590: sched_switch: prev_comm=Binder_7 prev_pid=1125 prev_prio=120 prev_state=R+ ==> next_comm=ActivityManager next_pid=765 next_prio=118
 ActivityManager-765   [000] ...2   835.247617: sched_switch: prev_comm=ActivityManager prev_pid=765 prev_prio=118 prev_state=S ==> next_comm=Binder_7 next_pid=1125 next_prio=120
        Binder_2-1118  [001] ...2   835.247684: sched_switch: prev_comm=Binder_2 prev_pid=1118 prev_prio=120 prev_state=S ==> next_comm=droid.launcher3 next_pid=1093 next_prio=120
 droid.launcher3-1093  [001] ...2   835.247781: sched_switch: prev_comm=droid.launcher3 prev_pid=1093 prev_prio=120 prev_state=R+ ==> next_comm=Binder_3 next_pid=389 next_prio=120
        Binder_3-389   [001] ...2   835.247793: sched_switch: prev_comm=Binder_3 prev_pid=389 prev_prio=120 prev_state=D ==> next_comm=droid.launcher3 next_pid=1093 next_prio=120
        Binder_7-1125  [000] ...2   835.247794: sched_switch: prev_comm=Binder_7 prev_pid=1125 prev_prio=120 prev_state=D ==> next_comm=swapper/0 next_pid=0 next_prio=120
 droid.launcher3-1093  [001] ...2   835.247807: sched_switch: prev_comm=droid.launcher3 prev_pid=1093 prev_prio=120 prev_state=R+ ==> next_comm=Binder_3 next_pid=389 next_prio=120
          <idle>-0     [000] ...2   835.247827: sched_switch: prev_comm=swapper/0 prev_pid=0 prev_prio=120 prev_state=R ==> next_comm=Binder_7 next_pid=1125 next_prio=120
        Binder_7-1125  [000] ...2   835.247866: sched_switch: prev_comm=Binder_7 prev_pid=1125 prev_prio=120 prev_state=R ==> next_comm=EventThread next_pid=320 next_prio=111
     EventThread-320   [000] ...2   835.247886: sched_switch: prev_comm=EventThread prev_pid=320 prev_prio=111 prev_state=S ==> next_comm=Binder_2 next_pid=2243 next_prio=120
        Binder_3-389   [001] ...2   835.247895: sched_switch: prev_comm=Binder_3 prev_pid=389 prev_prio=120 prev_state=S ==> next_comm=droid.launcher3 next_pid=1093 next_prio=120
 droid.launcher3-1093  [001] ...2   835.248235: sched_switch: prev_comm=droid.launcher3 prev_pid=1093 prev_prio=120 prev_state=S ==> next_comm=xample.bdbtrace next_pid=2226 next_prio=120
        Binder_2-2243  [000] ...2   835.248262: sched_switch: prev_comm=Binder_2 prev_pid=2243 prev_prio=120 prev_state=S ==> next_comm=Binder_7 next_pid=1125 next_prio=120
        Binder_7-1125  [000] ...2   835.248493: sched_switch: prev_comm=Binder_7 prev_pid=1125 prev_prio=120 prev_state=R+ ==> next_comm=Binder_4 next_pid=1509 next_prio=120
        Binder_4-1509  [000] ...2   835.248501: sched_switch: prev_comm=Binder_4 prev_pid=1509 prev_prio=120 prev_state=D ==> next_comm=android.bg next_pid=764 next_prio=130
      android.bg-764   [000] ...2   835.248565: sched_switch: prev_comm=android.bg prev_pid=764 prev_prio=130 prev_state=S ==> next_comm=Binder_7 next_pid=1125 next_prio=120
        Binder_7-1125  [000] ...2   835.248573: sched_switch: prev_comm=Binder_7 prev_pid=1125 prev_prio=120 prev_state=R+ ==> next_comm=Binder_4 next_pid=1509 next_prio=120
        Binder_4-1509  [000] ...2   835.248638: sched_switch: prev_comm=Binder_4 prev_pid=1509 prev_prio=120 prev_state=S ==> next_comm=Binder_7 next_pid=1125 next_prio=120
 xample.bdbtrace-2226  [001] ...2   835.248861: sched_switch: prev_comm=xample.bdbtrace prev_pid=2226 prev_prio=120 prev_state=S ==> next_comm=LazyTaskWriterT next_pid=833 next_prio=120
        Binder_7-1125  [000] ...2   835.248919: sched_switch: prev_comm=Binder_7 prev_pid=1125 prev_prio=120 prev_state=R ==> next_comm=kworker/u:1 next_pid=4914 next_prio=120
 LazyTaskWriterT-833   [001] ...2   835.248920: sched_switch: prev_comm=LazyTaskWriterT prev_pid=833 prev_prio=120 prev_state=R ==> next_comm=kworker/1:0H next_pid=5049 next_prio=100
     kworker/u:1-4914  [000] ...2   835.248935: sched_switch: prev_comm=kworker/u:1 prev_pid=4914 prev_prio=120 prev_state=S ==> next_comm=mpdecision next_pid=1527 next_prio=113
    kworker/1:0H-5049  [001] ...2   835.248952: sched_switch: prev_comm=kworker/1:0H prev_pid=5049 prev_prio=100 prev_state=D ==> next_comm=Binder_4 next_pid=1054 next_prio=120
        Binder_4-1054  [001] ...2   835.249070: sched_switch: prev_comm=Binder_4 prev_pid=1054 prev_prio=120 prev_state=S ==> next_comm=kworker/1:1H next_pid=5051 next_prio=100
    kworker/1:1H-5051  [001] ...2   835.249094: sched_switch: prev_comm=kworker/1:1H prev_pid=5051 prev_prio=100 prev_state=D ==> next_comm=LazyTaskWriterT next_pid=833 next_prio=120
 LazyTaskWriterT-833   [001] ...2   835.249102: sched_switch: prev_comm=LazyTaskWriterT prev_pid=833 prev_prio=120 prev_state=R ==> next_comm=kworker/1:1H next_pid=5051 next_prio=100
      mpdecision-1527  [000] ...2   835.249109: sched_switch: prev_comm=mpdecision prev_pid=1527 prev_prio=113 prev_state=D ==> next_comm=kworker/0:0 next_pid=4 next_prio=120
    kworker/1:1H-5051  [001] ...2   835.249128: sched_switch: prev_comm=kworker/1:1H prev_pid=5051 prev_prio=100 prev_state=S ==> next_comm=kworker/1:0H next_pid=5049 next_prio=100
    kworker/1:0H-5049  [001] ...2   835.249143: sched_switch: prev_comm=kworker/1:0H prev_pid=5049 prev_prio=100 prev_state=S ==> next_comm=LazyTaskWriterT next_pid=833 next_prio=120
     kworker/0:0-4     [000] ...2   835.249156: sched_switch: prev_comm=kworker/0:0 prev_pid=4 prev_prio=120 prev_state=S ==> next_comm=mpdecision next_pid=1527 next_prio=113
 LazyTaskWriterT-833   [001] ...2   835.249181: sched_switch: prev_comm=LazyTaskWriterT prev_pid=833 prev_prio=120 prev_state=S ==> next_comm=RenderThread next_pid=1365 next_prio=116
      mpdecision-1527  [000] ...2   835.249238: sched_switch: prev_comm=mpdecision prev_pid=1527 prev_prio=113 prev_state=S ==> next_comm=Binder_7 next_pid=1125 next_prio=120
    RenderThread-1365  [001] ...2   835.249272: sched_switch: prev_comm=RenderThread prev_pid=1365 prev_prio=116 prev_state=R ==> next_comm=InputDispatcher next_pid=795 next_prio=112
 InputDispatcher-795   [001] ...2   835.249314: sched_switch: prev_comm=InputDispatcher prev_pid=795 prev_prio=112 prev_state=S ==> next_comm=RenderThread next_pid=1365 next_prio=116
    RenderThread-1365  [001] ...2   835.249348: sched_switch: prev_comm=RenderThread prev_pid=1365 prev_prio=116 prev_state=R ==> next_comm=Binder_2 next_pid=237 next_prio=120
        Binder_7-1125  [000] ...2   835.249352: sched_switch: prev_comm=Binder_7 prev_pid=1125 prev_prio=120 prev_state=S ==> next_comm=swapper/0 next_pid=0 next_prio=120
          <idle>-0     [000] ...2   835.249373: sched_switch: prev_comm=swapper/0 prev_pid=0 prev_prio=120 prev_state=R ==> next_comm=ksoftirqd/0 next_pid=3 next_prio=120
     ksoftirqd/0-3     [000] ...2   835.249380: sched_switch: prev_comm=ksoftirqd/0 prev_pid=3 prev_prio=120 prev_state=S ==> next_comm=swapper/0 next_pid=0 next_prio=120
          <idle>-0     [000] ...2   835.249393: sched_switch: prev_comm=swapper/0 prev_pid=0 prev_prio=120 prev_state=R ==> next_comm=ksoftirqd/0 next_pid=3 next_prio=120
     ksoftirqd/0-3     [000] ...2   835.249399: sched_switch: prev_comm=ksoftirqd/0 prev_pid=3 prev_prio=120 prev_state=S ==> next_comm=swapper/0 next_pid=0 next_prio=120
          <idle>-0     [000] ...2   835.249412: sched_switch: prev_comm=swapper/0 prev_pid=0 prev_prio=120 prev_state=R ==> next_comm=ksoftirqd/0 next_pid=3 next_prio=120
     ksoftirqd/0-3     [000] ...2   835.249417: sched_switch: prev_comm=ksoftirqd/0 prev_pid=3 prev_prio=120 prev_state=S ==> next_comm=swapper/0 next_pid=0 next_prio=120
          <idle>-0     [000] ...2   835.249463: sched_switch: prev_comm=swapper/0 prev_pid=0 prev_prio=120 prev_state=R ==> next_comm=Binder_7 next_pid=1125 next_prio=120
        Binder_2-237   [001] ...2   835.249493: sched_switch: prev_comm=Binder_2 prev_pid=237 prev_prio=120 prev_state=S ==> next_comm=RenderThread next_pid=1365 next_prio=116
    RenderThread-1365  [001] ...2   835.249510: sched_switch: prev_comm=RenderThread prev_pid=1365 prev_prio=116 prev_state=R ==> next_comm=android.display next_pid=770 next_prio=116
 android.display-770   [001] ...2   835.249561: sched_switch: prev_comm=android.display prev_pid=770 prev_prio=116 prev_state=S ==> next_comm=RenderThread next_pid=1365 next_prio=116
        Binder_7-1125  [000] ...2   835.249649: sched_switch: prev_comm=Binder_7 prev_pid=1125 prev_prio=120 prev_state=R+ ==> next_comm=Binder_1 next_pid=235 next_prio=120
        Binder_1-235   [000] ...2   835.249656: sched_switch: prev_comm=Binder_1 prev_pid=235 prev_prio=120 prev_state=D ==> next_comm=Binder_7 next_pid=1125 next_prio=120
        Binder_7-1125  [000] ...2   835.249665: sched_switch: prev_comm=Binder_7 prev_pid=1125 prev_prio=120 prev_state=R+ ==> next_comm=Binder_1 next_pid=235 next_prio=120
        Binder_1-235   [000] ...2   835.249723: sched_switch: prev_comm=Binder_1 prev_pid=235 prev_prio=120 prev_state=S ==> next_comm=Binder_7 next_pid=1125 next_prio=120
    RenderThread-1365  [001] ...2   835.249954: sched_switch: prev_comm=RenderThread prev_pid=1365 prev_prio=116 prev_state=R+ ==> next_comm=InputDispatcher next_pid=795 next_prio=112
 InputDispatcher-795   [001] ...2   835.249995: sched_switch: prev_comm=InputDispatcher prev_pid=795 prev_prio=112 prev_state=S ==> next_comm=RenderThread next_pid=1365 next_prio=116
    RenderThread-1365  [001] ...2   835.250018: sched_switch: prev_comm=RenderThread prev_pid=1365 prev_prio=116 prev_state=R+ ==> next_comm=Binder_5 next_pid=1577 next_prio=120
        Binder_7-1125  [000] ...2   835.250023: sched_switch: prev_comm=Binder_7 prev_pid=1125 prev_prio=120 prev_state=S ==> next_comm=swapper/0 next_pid=0 next_prio=120
          <idle>-0     [000] ...2   835.250125: sched_switch: prev_comm=swapper/0 prev_pid=0 prev_prio=120 prev_state=R ==> next_comm=Binder_7 next_pid=1125 next_prio=120
        Binder_5-1577  [001] ...2   835.250155: sched_switch: prev_comm=Binder_5 prev_pid=1577 prev_prio=120 prev_state=S ==> next_comm=RenderThread next_pid=1365 next_prio=116
    RenderThread-1365  [001] ...2   835.250283: sched_switch: prev_comm=RenderThread prev_pid=1365 prev_prio=116 prev_state=D ==> next_comm=swapper/1 next_pid=0 next_prio=120
          <idle>-0     [001] ...2   835.250310: sched_switch: prev_comm=swapper/1 prev_pid=0 prev_prio=120 prev_state=R ==> next_comm=ksoftirqd/1 next_pid=5050 next_prio=120
     ksoftirqd/1-5050  [001] ...2   835.250328: sched_switch: prev_comm=ksoftirqd/1 prev_pid=5050 prev_prio=120 prev_state=S ==> next_comm=swapper/1 next_pid=0 next_prio=120
          <idle>-0     [001] ...2   835.250352: sched_switch: prev_comm=swapper/1 prev_pid=0 prev_prio=120 prev_state=R ==> next_comm=ksoftirqd/1 next_pid=5050 next_prio=120
     ksoftirqd/1-5050  [001] ...2   835.250363: sched_switch: prev_comm=ksoftirqd/1 prev_pid=5050 prev_prio=120 prev_state=S ==> next_comm=swapper/1 next_pid=0 next_prio=120
          <idle>-0     [001] ...2   835.250384: sched_switch: prev_comm=swapper/1 prev_pid=0 prev_prio=120 prev_state=R ==> next_comm=ksoftirqd/1 next_pid=5050 next_prio=120
        Binder_7-1125  [000] ...2   835.250392: sched_switch: prev_comm=Binder_7 prev_pid=1125 prev_prio=120 prev_state=R+ ==> next_comm=Binder_1 next_pid=2242 next_prio=120
     ksoftirqd/1-5050  [001] ...2   835.250394: sched_switch: prev_comm=ksoftirqd/1 prev_pid=5050 prev_prio=120 prev_state=S ==> next_comm=swapper/1 next_pid=0 next_prio=120
        Binder_1-2242  [000] ...2   835.250401: sched_switch: prev_comm=Binder_1 prev_pid=2242 prev_prio=120 prev_state=D ==> next_comm=Binder_7 next_pid=1125 next_prio=120
        Binder_7-1125  [000] ...2   835.250409: sched_switch: prev_comm=Binder_7 prev_pid=1125 prev_prio=120 prev_state=R+ ==> next_comm=Binder_1 next_pid=2242 next_prio=120
        Binder_1-2242  [000] ...2   835.250525: sched_switch: prev_comm=Binder_1 prev_pid=2242 prev_prio=120 prev_state=S ==> next_comm=Binder_7 next_pid=1125 next_prio=120
          <idle>-0     [001] ...2   835.250651: sched_switch: prev_comm=swapper/1 prev_pid=0 prev_prio=120 prev_state=R ==> next_comm=InputDispatcher next_pid=795 next_prio=112
        Binder_7-1125  [000] ...2   835.250686: sched_switch: prev_comm=Binder_7 prev_pid=1125 prev_prio=120 prev_state=R+ ==> next_comm=ActivityManager next_pid=765 next_prio=118
 InputDispatcher-795   [001] ...2   835.250692: sched_switch: prev_comm=InputDispatcher prev_pid=795 prev_prio=112 prev_state=S ==> next_comm=swapper/1 next_pid=0 next_prio=120
 ActivityManager-765   [000] ...2   835.250698: sched_switch: prev_comm=ActivityManager prev_pid=765 prev_prio=118 prev_state=S ==> next_comm=Binder_7 next_pid=1125 next_prio=120
        Binder_7-1125  [000] ...2   835.250711: sched_switch: prev_comm=Binder_7 prev_pid=1125 prev_prio=120 prev_state=R+ ==> next_comm=ActivityManager next_pid=765 next_prio=118
          <idle>-0     [001] ...2   835.250754: sched_switch: prev_comm=swapper/1 prev_pid=0 prev_prio=120 prev_state=R ==> next_comm=Binder_4 next_pid=1054 next_prio=120
 ActivityManager-765   [000] ...2   835.250782: sched_switch: prev_comm=ActivityManager prev_pid=765 prev_prio=118 prev_state=S ==> next_comm=Binder_7 next_pid=1125 next_prio=120
        Binder_4-1054  [001] ...2   835.250816: sched_switch: prev_comm=Binder_4 prev_pid=1054 prev_prio=120 prev_state=R ==> next_comm=swapper/1 next_pid=0 next_prio=120
          <idle>-0     [001] ...2   835.250823: sched_switch: prev_comm=swapper/1 prev_pid=0 prev_prio=120 prev_state=R ==> next_comm=Binder_4 next_pid=1054 next_prio=120
        Binder_7-1125  [000] ...2   835.250850: sched_switch: prev_comm=Binder_7 prev_pid=1125 prev_prio=120 prev_state=R+ ==> next_comm=kworker/u:0H next_pid=7 next_prio=100
    kworker/u:0H-7     [000] ...2   835.250872: sched_switch: prev_comm=kworker/u:0H prev_pid=7 prev_prio=100 prev_state=D ==> next_comm=main next_pid=5046 next_prio=120
            main-5046  [000] ...2   835.250880: sched_switch: prev_comm=main prev_pid=5046 prev_prio=120 prev_state=D ==> next_comm=Binder_7 next_pid=1125 next_prio=120
        Binder_4-1054  [001] ...2   835.250891: sched_switch: prev_comm=Binder_4 prev_pid=1054 prev_prio=120 prev_state=S ==> next_comm=xample.bdbtrace next_pid=2226 next_prio=120
        Binder_7-1125  [000] ...2   835.250908: sched_switch: prev_comm=Binder_7 prev_pid=1125 prev_prio=120 prev_state=S ==> next_comm=main next_pid=5046 next_prio=120
            main-5046  [000] d..2   835.251140: block_rq_insert: 179,0 R 0 () 1181984 + 8 [main]
            main-5046  [000] d..2   835.251145: block_rq_insert: 179,0 R 0 () 1182000 + 40 [main]
            main-5046  [000] d..2   835.251148: block_rq_insert: 179,0 R 0 () 1182048 + 24 [main]
            main-5046  [000] ...2   835.251160: sched_switch: prev_comm=main prev_pid=5046 prev_prio=120 prev_state=D|W ==> next_comm=kworker/u:1 next_pid=4914 next_prio=120
     kworker/u:1-4914  [000] ...2   835.251180: sched_switch: prev_comm=kworker/u:1 prev_pid=4914 prev_prio=120 prev_state=S ==> next_comm=mmcqd/1 next_pid=116 next_prio=120
         mmcqd/1-116   [000] ...2   835.251249: sched_switch: prev_comm=mmcqd/1 prev_pid=116 prev_prio=120 prev_state=S ==> next_comm=Binder_2 next_pid=5064 next_prio=120
        Binder_2-5064  [000] ...3   835.251415: sched_switch: prev_comm=Binder_2 prev_pid=5064 prev_prio=120 prev_state=x ==> next_comm=android.bg next_pid=764 next_prio=130
      android.bg-764   [000] ...2   835.251469: sched_switch: prev_comm=android.bg prev_pid=764 prev_prio=130 prev_state=R+ ==> next_comm=mmcqd/1 next_pid=116 next_prio=120
         mmcqd/1-116   [000] ...1   835.251495: block_rq_complete: 179,0 RA () 1181984 + 8 [0]
         mmcqd/1-116   [000] ...2   835.251522: sched_switch: prev_comm=mmcqd/1 prev_pid=116 prev_prio=120 prev_state=S ==> next_comm=android.bg next_pid=764 next_prio=130
      android.bg-764   [000] ...2   835.251562: sched_switch: prev_comm=android.bg prev_pid=764 prev_prio=130 prev_state=S ==> next_comm=swapper/0 next_pid=0 next_prio=120
          <idle>-0     [000] ...2   835.251930: sched_switch: prev_comm=swapper/0 prev_pid=0 prev_prio=120 prev_state=R ==> next_comm=mmcqd/1 next_pid=116 next_prio=120
         mmcqd/1-116   [000] ...1   835.251963: block_rq_complete: 179,0 RA () 1182000 + 40 [0]
         mmcqd/1-116   [000] ...2   835.251980: sched_switch: prev_comm=mmcqd/1 prev_pid=116 prev_prio=120 prev_state=S ==> next_comm=main next_pid=5046 next_prio=120
            main-5046  [000] ...2   835.252028: sched_switch: prev_comm=main prev_pid=5046 prev_prio=120 prev_state=S ==> next_comm=Binder_9 next_pid=1167 next_prio=120
        Binder_9-1167  [000] ...2   835.252125: sched_switch: prev_comm=Binder_9 prev_pid=1167 prev_prio=120 prev_state=S ==> next_comm=swapper/0 next_pid=0 next_prio=120
          <idle>-0     [000] ...2   835.252283: sched_switch: prev_comm=swapper/0 prev_pid=0 prev_prio=120 prev_state=R ==> next_comm=mmcqd/1 next_pid=116 next_prio=120
         mmcqd/1-116   [000] ...1   835.252296: block_rq_complete: 179,0 RA () 1182048 + 24 [0]
         mmcqd/1-116   [000] ...2   835.252311: sched_switch: prev_comm=mmcqd/1 prev_pid=116 prev_prio=120 prev_state=R+ ==> next_comm=kworker/0:1H next_pid=17 next_prio=100
    kworker/0:1H-17    [000] ...2   835.252319: sched_switch: prev_comm=kworker/0:1H prev_pid=17 prev_prio=100 prev_state=S ==> next_comm=mmcqd/1 next_pid=116 next_prio=120
 xample.bdbtrace-2226  [001] d..2   835.252320: block_rq_insert: 179,0 R 0 () 851896 + 32 [xample.bdbtrace]
 xample.bdbtrace-2226  [001] ...2   835.252337: sched_switch: prev_comm=xample.bdbtrace prev_pid=2226 prev_prio=120 prev_state=D|W ==> next_comm=Binder_1 next_pid=5063 next_prio=120
         mmcqd/1-116   [000] ...2   835.252368: sched_switch: prev_comm=mmcqd/1 prev_pid=116 prev_prio=120 prev_state=S ==> next_comm=swapper/0 next_pid=0 next_prio=120
        Binder_1-5063  [001] ...3   835.252649: sched_switch: prev_comm=Binder_1 prev_pid=5063 prev_prio=120 prev_state=x ==> next_comm=Heap thread poo next_pid=5055 next_prio=120
          <idle>-0     [000] ...2   835.252744: sched_switch: prev_comm=swapper/0 prev_pid=0 prev_prio=120 prev_state=R ==> next_comm=mmcqd/1 next_pid=116 next_prio=120
         mmcqd/1-116   [000] ...1   835.252758: block_rq_complete: 179,0 RA () 851896 + 32 [0]
         mmcqd/1-116   [000] ...2   835.252775: sched_switch: prev_comm=mmcqd/1 prev_pid=116 prev_prio=120 prev_state=R+ ==> next_comm=kworker/0:1H next_pid=17 next_prio=100
    kworker/0:1H-17    [000] ...2   835.252782: sched_switch: prev_comm=kworker/0:1H prev_pid=17 prev_prio=100 prev_state=S ==> next_comm=mmcqd/1 next_pid=116 next_prio=120
         mmcqd/1-116   [000] ...2   835.252791: sched_switch: prev_comm=mmcqd/1 prev_pid=116 prev_prio=120 prev_state=S ==> next_comm=xample.bdbtrace next_pid=2226 next_prio=120
 Heap thread poo-5055  [001] ...3   835.252823: sched_switch: prev_comm=Heap thread poo prev_pid=5055 prev_prio=120 prev_state=x ==> next_comm=Heap thread poo next_pid=5053 next_prio=120
 Heap thread poo-5053  [001] ...3   835.252993: sched_switch: prev_comm=Heap thread poo prev_pid=5053 prev_prio=120 prev_state=x ==> next_comm=main next_pid=5046 next_prio=120
            main-5046  [001] ...2   835.253069: sched_switch: prev_comm=main prev_pid=5046 prev_prio=120 prev_state=S ==> next_comm=RenderThread next_pid=1365 next_prio=116
    RenderThread-1365  [001] ...2   835.253287: sched_switch: prev_comm=RenderThread prev_pid=1365 prev_prio=116 prev_state=D ==> next_comm=swapper/1 next_pid=0 next_prio=120
 xample.bdbtrace-2226  [000] ...2   835.253371: sched_switch: prev_comm=xample.bdbtrace prev_pid=2226 prev_prio=120 prev_state=R ==> next_comm=kworker/u:0H next_pid=7 next_prio=100
    kworker/u:0H-7     [000] ...2   835.253393: sched_switch: prev_comm=kworker/u:0H prev_pid=7 prev_prio=100 prev_state=D ==> next_comm=Heap thread poo next_pid=5054 next_prio=120
          <idle>-0     [001] ...2   835.253400: sched_switch: prev_comm=swapper/1 prev_pid=0 prev_prio=120 prev_state=R ==> next_comm=RenderThread next_pid=1365 next_prio=116
    RenderThread-1365  [001] ...2   835.253479: sched_switch: prev_comm=RenderThread prev_pid=1365 prev_prio=116 prev_state=D ==> next_comm=swapper/1 next_pid=0 next_prio=120
          <idle>-0     [001] ...2   835.253487: sched_switch: prev_comm=swapper/1 prev_pid=0 prev_prio=120 prev_state=R ==> next_comm=main next_pid=5046 next_prio=120
 Heap thread poo-5054  [000] ...3   835.253499: sched_switch: prev_comm=Heap thread poo prev_pid=5054 prev_prio=120 prev_state=x ==> next_comm=xample.bdbtrace next_pid=2226 next_prio=120
 xample.bdbtrace-2226  [000] ...2   835.253626: sched_switch: prev_comm=xample.bdbtrace prev_pid=2226 prev_prio=120 prev_state=R ==> next_comm=adbd next_pid=778 next_prio=120
            main-5046  [001] ...2   835.253656: sched_switch: prev_comm=main prev_pid=5046 prev_prio=120 prev_state=S ==> next_comm=JDWP next_pid=5057 next_prio=120
           <...>-778   [000] ...2   835.253672: sched_switch: prev_comm=adbd prev_pid=778 prev_prio=120 prev_state=R+ ==> next_comm=kworker/u:0H next_pid=7 next_prio=100
    kworker/u:0H-7     [000] ...2   835.253694: sched_switch: prev_comm=kworker/u:0H prev_pid=7 prev_prio=100 prev_state=D ==> next_comm=adbd next_pid=778 next_prio=120
           <...>-778   [000] ...2   835.253815: sched_switch: prev_comm=adbd prev_pid=778 prev_prio=120 prev_state=S ==> next_comm=xample.bdbtrace next_pid=2226 next_prio=120
            JDWP-5057  [001] ...3   835.253909: sched_switch: prev_comm=JDWP prev_pid=5057 prev_prio=120 prev_state=x ==> next_comm=main next_pid=5046 next_prio=120
 xample.bdbtrace-2226  [000] d..2   835.253995: block_rq_insert: 179,0 R 0 () 852120 + 8 [xample.bdbtrace]
 xample.bdbtrace-2226  [000] ...2   835.254007: sched_switch: prev_comm=xample.bdbtrace prev_pid=2226 prev_prio=120 prev_state=R+ ==> next_comm=mmcqd/1 next_pid=116 next_prio=120
         mmcqd/1-116   [000] ...2   835.254048: sched_switch: prev_comm=mmcqd/1 prev_pid=116 prev_prio=120 prev_state=S ==> next_comm=xample.bdbtrace next_pid=2226 next_prio=120
 xample.bdbtrace-2226  [000] ...2   835.254054: sched_switch: prev_comm=xample.bdbtrace prev_pid=2226 prev_prio=120 prev_state=D|W ==> next_comm=swapper/0 next_pid=0 next_prio=120
            main-5046  [001] d..2   835.254068: block_rq_insert: 179,0 R 0 () 1179176 + 16 [main]
            main-5046  [001] d..2   835.254085: block_rq_insert: 179,0 R 0 () 1179208 + 32 [main]
          <idle>-0     [000] ...2   835.254090: sched_switch: prev_comm=swapper/0 prev_pid=0 prev_prio=120 prev_state=R ==> next_comm=mmcqd/1 next_pid=116 next_prio=120
            main-5046  [001] d..2   835.254090: block_rq_insert: 179,0 R 0 () 1179280 + 64 [main]
            main-5046  [001] d..2   835.254094: block_rq_insert: 179,0 R 0 () 1179352 + 8 [main]
            main-5046  [001] d..2   835.254097: block_rq_insert: 179,0 R 0 () 1179416 + 16 [main]
