          <idle>-0     [001] ...2   835.142513: sched_switch: prev_comm=swapper/1 prev_pid=0 prev_prio=120 prev_state=R ==> next_comm=main next_pid=5053 next_prio=120
 Heap thread poo-5053  [001] ...2   835.142573: sched_switch: prev_comm=main prev_pid=5053 prev_prio=120 prev_state=D ==> next_comm=swapper/1 next_pid=0 next_prio=120
          <idle>-0     [001] ...2   835.142589: sched_switch: prev_comm=swapper/1 prev_pid=0 prev_prio=120 prev_state=R ==> next_comm=ksoftirqd/1 next_pid=5050 next_prio=120
     ksoftirqd/1-5050  [001] ...2   835.142597: sched_switch: prev_comm=ksoftirqd/1 prev_pid=5050 prev_prio=120 prev_state=S ==> next_comm=main next_pid=5053 next_prio=120
            main-5046  [000] ...2   835.142605: sched_switch: prev_comm=main prev_pid=5046 prev_prio=120 prev_state=D ==> next_comm=main next_pid=5054 next_prio=120
 Heap thread poo-5054  [000] ...2   835.142614: sched_switch: prev_comm=main prev_pid=5054 prev_prio=120 prev_state=D ==> next_comm=swapper/0 next_pid=0 next_prio=120
          <idle>-0     [000] ...2   835.142618: sched_switch: prev_comm=swapper/0 prev_pid=0 prev_prio=120 prev_state=R ==> next_comm=main next_pid=5046 next_prio=120
 Heap thread poo-5053  [001] ...2   835.142621: sched_switch: prev_comm=main prev_pid=5053 prev_prio=120 prev_state=D ==> next_comm=swapper/1 next_pid=0 next_prio=120
          <idle>-0     [001] ...2   835.142635: sched_switch: prev_comm=swapper/1 prev_pid=0 prev_prio=120 prev_state=R ==> next_comm=ksoftirqd/1 next_pid=5050 next_prio=120
     ksoftirqd/1-5050  [001] ...2   835.142641: sched_switch: prev_comm=ksoftirqd/1 prev_pid=5050 prev_prio=120 prev_state=S ==> next_comm=swapper/1 next_pid=0 next_prio=120
          <idle>-0     [001] ...2   835.142655: sched_switch: prev_comm=swapper/1 prev_pid=0 prev_prio=120 prev_state=R ==> next_comm=ksoftirqd/1 next_pid=5050 next_prio=120
            main-5046  [000] ...2   835.142656: sched_switch: prev_comm=main prev_pid=5046 prev_prio=120 prev_state=D ==> next_comm=main next_pid=5054 next_prio=120
     ksoftirqd/1-5050  [001] ...2   835.142661: sched_switch: prev_comm=ksoftirqd/1 prev_pid=5050 prev_prio=120 prev_state=S ==> next_comm=main next_pid=5055 next_prio=120
 Heap thread poo-5055  [001] ...2   835.142670: sched_switch: prev_comm=main prev_pid=5055 prev_prio=120 prev_state=R+ ==> next_comm=main next_pid=5053 next_prio=120
 Heap thread poo-5054  [000] ...2   835.142684: sched_switch: prev_comm=main prev_pid=5054 prev_prio=120 prev_state=R+ ==> next_comm=main next_pid=5046 next_prio=120
 Heap thread poo-5053  [001] ...2   835.142687: sched_switch: prev_comm=main prev_pid=5053 prev_prio=120 prev_state=D ==> next_comm=main next_pid=5055 next_prio=120
 Heap thread poo-5055  [001] ...2   835.142694: sched_switch: prev_comm=main prev_pid=5055 prev_prio=120 prev_state=R ==> next_comm=swapper/1 next_pid=0 next_prio=120
          <idle>-0     [001] ...2   835.142698: sched_switch: prev_comm=swapper/1 prev_pid=0 prev_prio=120 prev_state=R ==> next_comm=main next_pid=5055 next_prio=120
            main-5046  [000] ...2   835.142701: sched_switch: prev_comm=main prev_pid=5046 prev_prio=120 prev_state=D ==> next_comm=main next_pid=5054 next_prio=120
 Heap thread poo-5055  [001] ...2   835.142722: sched_switch: prev_comm=main prev_pid=5055 prev_prio=120 prev_state=R+ ==> next_comm=main next_pid=5053 next_prio=120
 Heap thread poo-5054  [000] ...2   835.142733: sched_switch: prev_comm=main prev_pid=5054 prev_prio=120 prev_state=R+ ==> next_comm=main next_pid=5046 next_prio=120
 Heap thread poo-5053  [001] ...2   835.142733: sched_switch: prev_comm=main prev_pid=5053 prev_prio=120 prev_state=D ==> next_comm=main next_pid=5055 next_prio=120
            main-5046  [000] ...2   835.142743: sched_switch: prev_comm=main prev_pid=5046 prev_prio=120 prev_state=S ==> next_comm=main next_pid=5054 next_prio=120
 Heap thread poo-5055  [001] ...2   835.142743: sched_switch: prev_comm=main prev_pid=5055 prev_prio=120 prev_state=S ==> next_comm=swapper/1 next_pid=0 next_prio=120
          <idle>-0     [001] ...2   835.142757: sched_switch: prev_comm=swapper/1 prev_pid=0 prev_prio=120 prev_state=R ==> next_comm=main next_pid=5053 next_prio=120
 Heap thread poo-5053  [001] ...2   835.142817: sched_switch: prev_comm=main prev_pid=5053 prev_prio=120 prev_state=D ==> next_comm=swapper/1 next_pid=0 next_prio=120
          <idle>-0     [001] ...2   835.142824: sched_switch: prev_comm=swapper/1 prev_pid=0 prev_prio=120 prev_state=R ==> next_comm=main next_pid=5053 next_prio=120
 Heap thread poo-5054  [000] ...2   835.142828: sched_switch: prev_comm=main prev_pid=5054 prev_prio=120 prev_state=D ==> next_comm=swapper/0 next_pid=0 next_prio=120
 Heap thread poo-5053  [001] ...2   835.142840: sched_switch: prev_comm=main prev_pid=5053 prev_prio=120 prev_state=D ==> next_comm=swapper/1 next_pid=0 next_prio=120
          <idle>-0     [000] ...2   835.142844: sched_switch: prev_comm=swapper/0 prev_pid=0 prev_prio=120 prev_state=R ==> next_comm=ksoftirqd/0 next_pid=3 next_prio=120
     ksoftirqd/0-3     [000] ...2   835.142851: sched_switch: prev_comm=ksoftirqd/0 prev_pid=3 prev_prio=120 prev_state=S ==> next_comm=main next_pid=5054 next_prio=120
          <idle>-0     [001] ...2   835.142868: sched_switch: prev_comm=swapper/1 prev_pid=0 prev_prio=120 prev_state=R ==> next_comm=main next_pid=5053 next_prio=120
 Heap thread poo-5053  [001] ...2   835.142914: sched_switch: prev_comm=main prev_pid=5053 prev_prio=120 prev_state=D ==> next_comm=main next_pid=5055 next_prio=120
 Heap thread poo-5055  [001] ...2   835.142919: sched_switch: prev_comm=main prev_pid=5055 prev_prio=120 prev_state=R ==> next_comm=main next_pid=5053 next_prio=120
 Heap thread poo-5054  [000] ...2   835.142921: sched_switch: prev_comm=main prev_pid=5054 prev_prio=120 prev_state=S ==> next_comm=swapper/0 next_pid=0 next_prio=120
          <idle>-0     [000] ...2   835.142936: sched_switch: prev_comm=swapper/0 prev_pid=0 prev_prio=120 prev_state=R ==> next_comm=ksoftirqd/0 next_pid=3 next_prio=120
     ksoftirqd/0-3     [000] ...2   835.142942: sched_switch: prev_comm=ksoftirqd/0 prev_pid=3 prev_prio=120 prev_state=S ==> next_comm=swapper/0 next_pid=0 next_prio=120
          <idle>-0     [000] ...2   835.142955: sched_switch: prev_comm=swapper/0 prev_pid=0 prev_prio=120 prev_state=R ==> next_comm=ksoftirqd/0 next_pid=3 next_prio=120
     ksoftirqd/0-3     [000] ...2   835.142962: sched_switch: prev_comm=ksoftirqd/0 prev_pid=3 prev_prio=120 prev_state=S ==> next_comm=swapper/0 next_pid=0 next_prio=120
          <idle>-0     [000] ...2   835.143270: sched_switch: prev_comm=swapper/0 prev_pid=0 prev_prio=120 prev_state=R ==> next_comm=main next_pid=5054 next_prio=120
 Heap thread poo-5053  [001] ...2   835.143281: sched_switch: prev_comm=Heap thread poo prev_pid=5053 prev_prio=120 prev_state=S ==> next_comm=main next_pid=5055 next_prio=120
 Heap thread poo-5055  [001] ...2   835.143288: sched_switch: prev_comm=main prev_pid=5055 prev_prio=120 prev_state=D ==> next_comm=swapper/1 next_pid=0 next_prio=120
          <idle>-0     [001] ...2   835.143292: sched_switch: prev_comm=swapper/1 prev_pid=0 prev_prio=120 prev_state=R ==> next_comm=main next_pid=5055 next_prio=120
 Heap thread poo-5055  [001] ...2   835.143301: sched_switch: prev_comm=main prev_pid=5055 prev_prio=120 prev_state=S ==> next_comm=swapper/1 next_pid=0 next_prio=120
          <idle>-0     [001] ...2   835.143616: sched_switch: prev_comm=swapper/1 prev_pid=0 prev_prio=120 prev_state=R ==> next_comm=main next_pid=5055 next_prio=120
 Heap thread poo-5054  [000] ...2   835.143628: sched_switch: prev_comm=Heap thread poo prev_pid=5054 prev_prio=120 prev_state=S ==> next_comm=swapper/0 next_pid=0 next_prio=120
          <idle>-0     [000] ...2   835.143989: sched_switch: prev_comm=swapper/0 prev_pid=0 prev_prio=120 prev_state=R ==> next_comm=main next_pid=5046 next_prio=120
 Heap thread poo-5055  [001] ...2   835.143995: sched_switch: prev_comm=Heap thread poo prev_pid=5055 prev_prio=120 prev_state=S ==> next_comm=swapper/1 next_pid=0 next_prio=120
          <idle>-0     [001] ...2   835.144011: sched_switch: prev_comm=swapper/1 prev_pid=0 prev_prio=120 prev_state=R ==> next_comm=Heap thread poo next_pid=5053 next_prio=120
 Heap thread poo-5053  [001] ...2   835.144018: sched_switch: prev_comm=Heap thread poo prev_pid=5053 prev_prio=120 prev_state=D ==> next_comm=swapper/1 next_pid=0 next_prio=120
            main-5046  [000] ...2   835.144027: sched_switch: prev_comm=main prev_pid=5046 prev_prio=120 prev_state=D ==> next_comm=swapper/0 next_pid=0 next_prio=120
          <idle>-0     [001] ...2   835.144032: sched_switch: prev_comm=swapper/1 prev_pid=0 prev_prio=120 prev_state=R ==> next_comm=Heap thread poo next_pid=5053 next_prio=120
          <idle>-0     [000] ...2   835.144047: sched_switch: prev_comm=swapper/0 prev_pid=0 prev_prio=120 prev_state=R ==> next_comm=main next_pid=5046 next_prio=120
 Heap thread poo-5053  [001] ...2   835.144050: sched_switch: prev_comm=Heap thread poo prev_pid=5053 prev_prio=120 prev_state=D ==> next_comm=swapper/1 next_pid=0 next_prio=120
          <idle>-0     [001] ...2   835.144063: sched_switch: prev_comm=swapper/1 prev_pid=0 prev_prio=120 prev_state=R ==> next_comm=Heap thread poo next_pid=5053 next_prio=120
 Heap thread poo-5053  [001] ...2   835.144079: sched_switch: prev_comm=Heap thread poo prev_pid=5053 prev_prio=120 prev_state=S ==> next_comm=main next_pid=5056 next_prio=120
            main-5046  [000] ...2   835.144087: sched_switch: prev_comm=main prev_pid=5046 prev_prio=120 prev_state=D ==> next_comm=Heap thread poo next_pid=5054 next_prio=120
 Heap thread poo-5054  [000] ...2   835.144095: sched_switch: prev_comm=Heap thread poo prev_pid=5054 prev_prio=120 prev_state=D ==> next_comm=swapper/0 next_pid=0 next_prio=120
          <idle>-0     [000] ...2   835.144111: sched_switch: prev_comm=swapper/0 prev_pid=0 prev_prio=120 prev_state=R ==> next_comm=main next_pid=5046 next_prio=120
            main-5046  [000] ...2   835.144121: sched_switch: prev_comm=main prev_pid=5046 prev_prio=120 prev_state=S ==> next_comm=Heap thread poo next_pid=5054 next_prio=120
 Heap thread poo-5054  [000] ...2   835.144135: sched_switch: prev_comm=Heap thread poo prev_pid=5054 prev_prio=120 prev_state=S ==> next_comm=swapper/0 next_pid=0 next_prio=120
          <idle>-0     [000] ...2   835.144534: sched_switch: prev_comm=swapper/0 prev_pid=0 prev_prio=120 prev_state=R ==> next_comm=main next_pid=5046 next_prio=120
  Signal Catcher-5056  [001] ...2   835.144535: sched_switch: prev_comm=Signal Catcher prev_pid=5056 prev_prio=120 prev_state=S ==> next_comm=swapper/1 next_pid=0 next_prio=120
          <idle>-0     [001] ...2   835.144602: sched_switch: prev_comm=swapper/1 prev_pid=0 prev_prio=120 prev_state=R ==> next_comm=main next_pid=5057 next_prio=120
            main-5046  [000] ...2   835.144609: sched_switch: prev_comm=main prev_pid=5046 prev_prio=120 prev_state=S ==> next_comm=swapper/0 next_pid=0 next_prio=120
          <idle>-0     [000] ...2   835.145039: sched_switch: prev_comm=swapper/0 prev_pid=0 prev_prio=120 prev_state=R ==> next_comm=main next_pid=5046 next_prio=120
            JDWP-5057  [001] ...2   835.145096: sched_switch: prev_comm=JDWP prev_pid=5057 prev_prio=120 prev_state=R+ ==> next_comm=adbd next_pid=778 next_prio=120
            main-5046  [000] d..2   835.145194: block_rq_insert: 179,0 R 0 () 4067352 + 8 [main]
            main-5046  [000] d..2   835.145199: block_rq_insert: 179,0 R 0 () 4067368 + 8 [main]
           <...>-778   [001] ...2   835.145206: sched_switch: prev_comm=adbd prev_pid=778 prev_prio=120 prev_state=S ==> next_comm=JDWP next_pid=5057 next_prio=120
            main-5046  [000] ...2   835.145211: sched_switch: prev_comm=main prev_pid=5046 prev_prio=120 prev_state=D|W ==> next_comm=mmcqd/1 next_pid=116 next_prio=120
            JDWP-5057  [001] ...2   835.145225: sched_switch: prev_comm=JDWP prev_pid=5057 prev_prio=120 prev_state=R+ ==> next_comm=adbd next_pid=778 next_prio=120
         mmcqd/1-116   [000] ...2   835.145262: sched_switch: prev_comm=mmcqd/1 prev_pid=116 prev_prio=120 prev_state=S ==> next_comm=swapper/0 next_pid=0 next_prio=120
           <...>-778   [001] ...2   835.145323: sched_switch: prev_comm=adbd prev_pid=778 prev_prio=120 prev_state=S ==> next_comm=JDWP next_pid=5057 next_prio=120
            JDWP-5057  [001] ...2   835.145335: sched_switch: prev_comm=JDWP prev_pid=5057 prev_prio=120 prev_state=S ==> next_comm=swapper/1 next_pid=0 next_prio=120
          <idle>-0     [000] ...2   835.145489: sched_switch: prev_comm=swapper/0 prev_pid=0 prev_prio=120 prev_state=R ==> next_comm=mmcqd/1 next_pid=116 next_prio=120
         mmcqd/1-116   [000] ...1   835.145515: block_rq_complete: 179,0 RA () 4067352 + 8 [0]
         mmcqd/1-116   [000] ...2   835.145528: sched_switch: prev_comm=mmcqd/1 prev_pid=116 prev_prio=120 prev_state=S ==> next_comm=swapper/0 next_pid=0 next_prio=120
          <idle>-0     [000] ...2   835.145771: sched_switch: prev_comm=swapper/0 prev_pid=0 prev_prio=120 prev_state=R ==> next_comm=mmcqd/1 next_pid=116 next_prio=120
         mmcqd/1-116   [000] ...1   835.145780: block_rq_complete: 179,0 RA () 4067368 + 8 [0]
         mmcqd/1-116   [000] ...2   835.145797: sched_switch: prev_comm=mmcqd/1 prev_pid=116 prev_prio=120 prev_state=R+ ==> next_comm=kworker/0:1H next_pid=17 next_prio=100
    kworker/0:1H-17    [000] ...2   835.145805: sched_switch: prev_comm=kworker/0:1H prev_pid=17 prev_prio=100 prev_state=S ==> next_comm=mmcqd/1 next_pid=116 next_prio=120
         mmcqd/1-116   [000] ...2   835.145814: sched_switch: prev_comm=mmcqd/1 prev_pid=116 prev_prio=120 prev_state=S ==> next_comm=main next_pid=5046 next_prio=120
            main-5046  [000] d..2   835.146180: block_rq_insert: 179,0 R 0 () 3993912 + 8 [main]
            main-5046  [000] d..2   835.146183: block_rq_insert: 179,0 R 0 () 3993944 + 16 [main]
            main-5046  [000] d..2   835.146185: block_rq_insert: 179,0 R 0 () 3993968 + 72 [main]
            main-5046  [000] ...2   835.146197: sched_switch: prev_comm=main prev_pid=5046 prev_prio=120 prev_state=D|W ==> next_comm=mmcqd/1 next_pid=116 next_prio=120
         mmcqd/1-116   [000] ...2   835.146243: sched_switch: prev_comm=mmcqd/1 prev_pid=116 prev_prio=120 prev_state=S ==> next_comm=swapper/0 next_pid=0 next_prio=120
          <idle>-0     [000] ...2   835.146473: sched_switch: prev_comm=swapper/0 prev_pid=0 prev_prio=120 prev_state=R ==> next_comm=mmcqd/1 next_pid=116 next_prio=120
         mmcqd/1-116   [000] ...1   835.146498: block_rq_complete: 179,0 RA () 3993912 + 8 [0]
         mmcqd/1-116   [000] ...2   835.146536: sched_switch: prev_comm=mmcqd/1 prev_pid=116 prev_prio=120 prev_state=S ==> next_comm=main next_pid=5046 next_prio=120
            main-5046  [000] d..2   835.146663: block_rq_insert: 179,0 R 0 () 4026856 + 24 [main]
            main-5046  [000] d..2   835.146665: block_rq_insert: 179,0 R 0 () 4026944 + 8 [main]
            main-5046  [000] d..2   835.146667: block_rq_insert: 179,0 R 0 () 4026960 + 40 [main]
            main-5046  [000] d..2   835.146669: block_rq_insert: 179,0 R 0 () 4027008 + 24 [main]
            main-5046  [000] ...2   835.146676: sched_switch: prev_comm=main prev_pid=5046 prev_prio=120 prev_state=D|W ==> next_comm=swapper/0 next_pid=0 next_prio=120
          <idle>-0     [000] ...2   835.146848: sched_switch: prev_comm=swapper/0 prev_pid=0 prev_prio=120 prev_state=R ==> next_comm=mmcqd/1 next_pid=116 next_prio=120
         mmcqd/1-116   [000] ...1   835.146875: block_rq_complete: 179,0 RA () 3993944 + 16 [0]
         mmcqd/1-116   [000] ...2   835.146897: sched_switch: prev_comm=mmcqd/1 prev_pid=116 prev_prio=120 prev_state=S ==> next_comm=swapper/0 next_pid=0 next_prio=120
          <idle>-0     [000] ...2   835.147464: sched_switch: prev_comm=swapper/0 prev_pid=0 prev_prio=120 prev_state=R ==> next_comm=mmcqd/1 next_pid=116 next_prio=120
         mmcqd/1-116   [000] ...1   835.147501: block_rq_complete: 179,0 RA () 3993968 + 72 [0]
         mmcqd/1-116   [000] ...2   835.147521: sched_switch: prev_comm=mmcqd/1 prev_pid=116 prev_prio=120 prev_state=S ==> next_comm=swapper/0 next_pid=0 next_prio=120
          <idle>-0     [000] ...2   835.147790: sched_switch: prev_comm=swapper/0 prev_pid=0 prev_prio=120 prev_state=R ==> next_comm=mmcqd/1 next_pid=116 next_prio=120
         mmcqd/1-116   [000] ...1   835.147817: block_rq_complete: 179,0 RA () 4026856 + 24 [0]
         mmcqd/1-116   [000] ...2   835.147843: sched_switch: prev_comm=mmcqd/1 prev_pid=116 prev_prio=120 prev_state=S ==> next_comm=swapper/0 next_pid=0 next_prio=120
          <idle>-0     [000] ...2   835.148075: sched_switch: prev_comm=swapper/0 prev_pid=0 prev_prio=120 prev_state=R ==> next_comm=mmcqd/1 next_pid=116 next_prio=120
         mmcqd/1-116   [000] ...1   835.148099: block_rq_complete: 179,0 RA () 4026944 + 8 [0]
         mmcqd/1-116   [000] ...2   835.148123: sched_switch: prev_comm=mmcqd/1 prev_pid=116 prev_prio=120 prev_state=S ==> next_comm=main next_pid=5046 next_prio=120
            main-5046  [000] d..2   835.148176: block_rq_insert: 179,0 R 0 () 4028616 + 96 [main]
            main-5046  [000] d..2   835.148179: block_rq_insert: 179,0 R 0 () 4028736 + 56 [main]
            main-5046  [000] ...2   835.148185: sched_switch: prev_comm=main prev_pid=5046 prev_prio=120 prev_state=D|W ==> next_comm=swapper/0 next_pid=0 next_prio=120
          <idle>-0     [000] ...2   835.148540: sched_switch: prev_comm=swapper/0 prev_pid=0 prev_prio=120 prev_state=R ==> next_comm=mmcqd/1 next_pid=116 next_prio=120
         mmcqd/1-116   [000] ...1   835.148571: block_rq_complete: 179,0 RA () 4026960 + 40 [0]
         mmcqd/1-116   [000] ...2   835.148610: sched_switch: prev_comm=mmcqd/1 prev_pid=116 prev_prio=120 prev_state=S ==> next_comm=swapper/0 next_pid=0 next_prio=120
          <idle>-0     [000] ...2   835.148864: sched_switch: prev_comm=swapper/0 prev_pid=0 prev_prio=120 prev_state=R ==> next_comm=mmcqd/1 next_pid=116 next_prio=120
         mmcqd/1-116   [000] ...1   835.148915: block_rq_complete: 179,0 RA () 4027008 + 24 [0]
          <idle>-0     [001] ...2   835.148917: sched_switch: prev_comm=swapper/1 prev_pid=0 prev_prio=120 prev_state=R ==> next_comm=kworker/1:0H next_pid=5049 next_prio=100
    kworker/1:0H-5049  [001] ...2   835.148938: sched_switch: prev_comm=kworker/1:0H prev_pid=5049 prev_prio=100 prev_state=D ==> next_comm=ksoftirqd/1 next_pid=5050 next_prio=120
         mmcqd/1-116   [000] ...2   835.148944: sched_switch: prev_comm=mmcqd/1 prev_pid=116 prev_prio=120 prev_state=S ==> next_comm=kworker/u:1 next_pid=4914 next_prio=120
     ksoftirqd/1-5050  [001] ...2   835.148945: sched_switch: prev_comm=ksoftirqd/1 prev_pid=5050 prev_prio=120 prev_state=S ==> next_comm=kworker/1:1H next_pid=5051 next_prio=100
     kworker/u:1-4914  [000] ...2   835.148959: sched_switch: prev_comm=kworker/u:1 prev_pid=4914 prev_prio=120 prev_state=S ==> next_comm=mpdecision next_pid=1527 next_prio=113
    kworker/1:1H-5051  [001] ...2   835.149046: sched_switch: prev_comm=kworker/1:1H prev_pid=5051 prev_prio=100 prev_state=S ==> next_comm=kworker/1:0H next_pid=5049 next_prio=100
    kworker/1:0H-5049  [001] ...2   835.149062: sched_switch: prev_comm=kworker/1:0H prev_pid=5049 prev_prio=100 prev_state=S ==> next_comm=swapper/1 next_pid=0 next_prio=120
          <idle>-0     [001] ...2   835.149086: sched_switch: prev_comm=swapper/1 prev_pid=0 prev_prio=120 prev_state=R ==> next_comm=ksoftirqd/1 next_pid=5050 next_prio=120
     ksoftirqd/1-5050  [001] ...2   835.149099: sched_switch: prev_comm=ksoftirqd/1 prev_pid=5050 prev_prio=120 prev_state=S ==> next_comm=swapper/1 next_pid=0 next_prio=120
          <idle>-0     [001] ...2   835.149120: sched_switch: prev_comm=swapper/1 prev_pid=0 prev_prio=120 prev_state=R ==> next_comm=ksoftirqd/1 next_pid=5050 next_prio=120
     ksoftirqd/1-5050  [001] ...2   835.149133: sched_switch: prev_comm=ksoftirqd/1 prev_pid=5050 prev_prio=120 prev_state=S ==> next_comm=swapper/1 next_pid=0 next_prio=120
      mpdecision-1527  [000] ...2   835.149187: sched_switch: prev_comm=mpdecision prev_pid=1527 prev_prio=113 prev_state=S ==> next_comm=swapper/0 next_pid=0 next_prio=120
          <idle>-0     [000] ...2   835.149203: sched_switch: prev_comm=swapper/0 prev_pid=0 prev_prio=120 prev_state=R ==> next_comm=ksoftirqd/0 next_pid=3 next_prio=120
     ksoftirqd/0-3     [000] ...2   835.149215: sched_switch: prev_comm=ksoftirqd/0 prev_pid=3 prev_prio=120 prev_state=S ==> next_comm=swapper/0 next_pid=0 next_prio=120
          <idle>-0     [000] ...2   835.149231: sched_switch: prev_comm=swapper/0 prev_pid=0 prev_prio=120 prev_state=R ==> next_comm=ksoftirqd/0 next_pid=3 next_prio=120
     ksoftirqd/0-3     [000] ...2   835.149237: sched_switch: prev_comm=ksoftirqd/0 prev_pid=3 prev_prio=120 prev_state=S ==> next_comm=swapper/0 next_pid=0 next_prio=120
          <idle>-0     [000] ...2   835.149251: sched_switch: prev_comm=swapper/0 prev_pid=0 prev_prio=120 prev_state=R ==> next_comm=ksoftirqd/0 next_pid=3 next_prio=120
     ksoftirqd/0-3     [000] ...2   835.149260: sched_switch: prev_comm=ksoftirqd/0 prev_pid=3 prev_prio=120 prev_state=S ==> next_comm=swapper/0 next_pid=0 next_prio=120
          <idle>-0     [000] ...2   835.149672: sched_switch: prev_comm=swapper/0 prev_pid=0 prev_prio=120 prev_state=R ==> next_comm=mmcqd/1 next_pid=116 next_prio=120
         mmcqd/1-116   [000] ...1   835.149719: block_rq_complete: 179,0 RA () 4028616 + 96 [0]
         mmcqd/1-116   [000] ...2   835.149740: sched_switch: prev_comm=mmcqd/1 prev_pid=116 prev_prio=120 prev_state=S ==> next_comm=main next_pid=5046 next_prio=120
          <idle>-0     [001] ...2   835.149864: sched_switch: prev_comm=swapper/1 prev_pid=0 prev_prio=120 prev_state=R ==> next_comm=main next_pid=5058 next_prio=120
            main-5046  [000] ...2   835.149910: sched_switch: prev_comm=main prev_pid=5046 prev_prio=120 prev_state=D ==> next_comm=swapper/0 next_pid=0 next_prio=120
          <idle>-0     [000] ...2   835.149921: sched_switch: prev_comm=swapper/0 prev_pid=0 prev_prio=120 prev_state=R ==> next_comm=main next_pid=5046 next_prio=120
            main-5046  [000] d..2   835.150116: block_rq_insert: 179,0 R 0 () 3993624 + 48 [main]
            main-5046  [000] d..2   835.150119: block_rq_insert: 179,0 R 0 () 3993688 + 24 [main]
            main-5046  [000] d..2   835.150120: block_rq_insert: 179,0 R 0 () 3993752 + 8 [main]
            main-5046  [000] ...2   835.150131: sched_switch: prev_comm=main prev_pid=5046 prev_prio=120 prev_state=D|W ==> next_comm=mmcqd/1 next_pid=116 next_prio=120
         mmcqd/1-116   [000] ...2   835.150155: sched_switch: prev_comm=mmcqd/1 prev_pid=116 prev_prio=120 prev_state=S ==> next_comm=swapper/0 next_pid=0 next_prio=120
          <idle>-0     [000] ...2   835.150202: sched_switch: prev_comm=swapper/0 prev_pid=0 prev_prio=120 prev_state=R ==> next_comm=mmcqd/1 next_pid=116 next_prio=120
         mmcqd/1-116   [000] ...1   835.150236: block_rq_complete: 179,0 RA () 4028736 + 56 [0]
         mmcqd/1-116   [000] ...2   835.150258: sched_switch: prev_comm=mmcqd/1 prev_pid=116 prev_prio=120 prev_state=S ==> next_comm=swapper/0 next_pid=0 next_prio=120
 ReferenceQueueD-5058  [001] ...2   835.150627: sched_switch: prev_comm=ReferenceQueueD prev_pid=5058 prev_prio=120 prev_state=S ==> next_comm=swapper/1 next_pid=0 next_prio=120
          <idle>-0     [000] ...2   835.150698: sched_switch: prev_comm=swapper/0 prev_pid=0 prev_prio=120 prev_state=R ==> next_comm=mmcqd/1 next_pid=116 next_prio=120
         mmcqd/1-116   [000] ...1   835.150733: block_rq_complete: 179,0 RA () 3993624 + 48 [0]
         mmcqd/1-116   [000] ...2   835.150754: sched_switch: prev_comm=mmcqd/1 prev_pid=116 prev_prio=120 prev_state=S ==> next_comm=swapper/0 next_pid=0 next_prio=120
          <idle>-0     [000] ...2   835.151097: sched_switch: prev_comm=swapper/0 prev_pid=0 prev_prio=120 prev_state=R ==> next_comm=mmcqd/1 next_pid=116 next_prio=120
         mmcqd/1-116   [000] ...1   835.151126: block_rq_complete: 179,0 RA () 3993688 + 24 [0]
         mmcqd/1-116   [000] ...2   835.151138: sched_switch: prev_comm=mmcqd/1 prev_pid=116 prev_prio=120 prev_state=S ==> next_comm=swapper/0 next_pid=0 next_prio=120
          <idle>-0     [000] ...2   835.151360: sched_switch: prev_comm=swapper/0 prev_pid=0 prev_prio=120 prev_state=R ==> next_comm=mmcqd/1 next_pid=116 next_prio=120
         mmcqd/1-116   [000] ...1   835.151370: block_rq_complete: 179,0 RA () 3993752 + 8 [0]
         mmcqd/1-116   [000] ...2   835.151387: sched_switch: prev_comm=mmcqd/1 prev_pid=116 prev_prio=120 prev_state=R+ ==> next_comm=kworker/0:1H next_pid=17 next_prio=100
    kworker/0:1H-17    [000] ...2   835.151394: sched_switch: prev_comm=kworker/0:1H prev_pid=17 prev_prio=100 prev_state=S ==> next_comm=mmcqd/1 next_pid=116 next_prio=120
         mmcqd/1-116   [000] ...2   835.151404: sched_switch: prev_comm=mmcqd/1 prev_pid=116 prev_prio=120 prev_state=S ==> next_comm=main next_pid=5046 next_prio=120
            main-5046  [000] d..2   835.151492: block_rq_insert: 179,0 R 0 () 4019800 + 24 [main]
            main-5046  [000] d..2   835.151494: block_rq_insert: 179,0 R 0 () 4019896 + 8 [main]
            main-5046  [000] d..2   835.151496: block_rq_insert: 179,0 R 0 () 4019928 + 8 [main]
            main-5046  [000] ...2   835.151507: sched_switch: prev_comm=main prev_pid=5046 prev_prio=120 prev_state=D|W ==> next_comm=mmcqd/1 next_pid=116 next_prio=120
         mmcqd/1-116   [000] ...2   835.151554: sched_switch: prev_comm=mmcqd/1 prev_pid=116 prev_prio=120 prev_state=S ==> next_comm=swapper/0 next_pid=0 next_prio=120
          <idle>-0     [000] ...2   835.151915: sched_switch: prev_comm=swapper/0 prev_pid=0 prev_prio=120 prev_state=R ==> next_comm=mmcqd/1 next_pid=116 next_prio=120
         mmcqd/1-116   [000] ...1   835.151945: block_rq_complete: 179,0 RA () 4019800 + 24 [0]
         mmcqd/1-116   [000] ...2   835.151963: sched_switch: prev_comm=mmcqd/1 prev_pid=116 prev_prio=120 prev_state=S ==> next_comm=swapper/0 next_pid=0 next_prio=120
          <idle>-0     [000] ...2   835.152184: sched_switch: prev_comm=swapper/0 prev_pid=0 prev_prio=120 prev_state=R ==> next_comm=mmcqd/1 next_pid=116 next_prio=120
         mmcqd/1-116   [000] ...1   835.152209: block_rq_complete: 179,0 RA () 4019896 + 8 [0]
         mmcqd/1-116   [000] ...2   835.152220: sched_switch: prev_comm=mmcqd/1 prev_pid=116 prev_prio=120 prev_state=S ==> next_comm=swapper/0 next_pid=0 next_prio=120
          <idle>-0     [000] ...2   835.152467: sched_switch: prev_comm=swapper/0 prev_pid=0 prev_prio=120 prev_state=R ==> next_comm=mmcqd/1 next_pid=116 next_prio=120
         mmcqd/1-116   [000] ...1   835.152476: block_rq_complete: 179,0 RA () 4019928 + 8 [0]
         mmcqd/1-116   [000] ...2   835.152492: sched_switch: prev_comm=mmcqd/1 prev_pid=116 prev_prio=120 prev_state=R+ ==> next_comm=kworker/0:1H next_pid=17 next_prio=100
    kworker/0:1H-17    [000] ...2   835.152499: sched_switch: prev_comm=kworker/0:1H prev_pid=17 prev_prio=100 prev_state=S ==> next_comm=mmcqd/1 next_pid=116 next_prio=120
         mmcqd/1-116   [000] ...2   835.152509: sched_switch: prev_comm=mmcqd/1 prev_pid=116 prev_prio=120 prev_state=S ==> next_comm=main next_pid=5046 next_prio=120
            main-5046  [000] d..2   835.152595: block_rq_insert: 179,0 R 0 () 4028368 + 104 [main]
            main-5046  [000] d..2   835.152597: block_rq_insert: 179,0 R 0 () 4028480 + 32 [main]
            main-5046  [000] ...2   835.152608: sched_switch: prev_comm=main prev_pid=5046 prev_prio=120 prev_state=D|W ==> next_comm=mmcqd/1 next_pid=116 next_prio=120
         mmcqd/1-116   [000] ...2   835.152684: sched_switch: prev_comm=mmcqd/1 prev_pid=116 prev_prio=120 prev_state=S ==> next_comm=swapper/0 next_pid=0 next_prio=120
          <idle>-0     [000] ...2   835.153465: sched_switch: prev_comm=swapper/0 prev_pid=0 prev_prio=120 prev_state=R ==> next_comm=mmcqd/1 next_pid=116 next_prio=120
         mmcqd/1-116   [000] ...1   835.153512: block_rq_complete: 179,0 RA () 4028368 + 104 [0]
         mmcqd/1-116   [000] ...2   835.153527: sched_switch: prev_comm=mmcqd/1 prev_pid=116 prev_prio=120 prev_state=S ==> next_comm=swapper/0 next_pid=0 next_prio=120
          <idle>-0     [000] ...2   835.153836: sched_switch: prev_comm=swapper/0 prev_pid=0 prev_prio=120 prev_state=R ==> next_comm=mmcqd/1 next_pid=116 next_prio=120
         mmcqd/1-116   [000] ...1   835.153852: block_rq_complete: 179,0 RA () 4028480 + 32 [0]
         mmcqd/1-116   [000] ...2   835.153869: sched_switch: prev_comm=mmcqd/1 prev_pid=116 prev_prio=120 prev_state=R+ ==> next_comm=kworker/0:1H next_pid=17 next_prio=100
    kworker/0:1H-17    [000] ...2   835.153876: sched_switch: prev_comm=kworker/0:1H prev_pid=17 prev_prio=100 prev_state=S ==> next_comm=mmcqd/1 next_pid=116 next_prio=120
         mmcqd/1-116   [000] ...2   835.153885: sched_switch: prev_comm=mmcqd/1 prev_pid=116 prev_prio=120 prev_state=S ==> next_comm=main next_pid=5046 next_prio=120
          <idle>-0     [001] ...2   835.153973: sched_switch: prev_comm=swapper/1 prev_pid=0 prev_prio=120 prev_state=R ==> next_comm=main next_pid=5059 next_prio=120
            main-5046  [000] ...2   835.154009: sched_switch: prev_comm=main prev_pid=5046 prev_prio=120 prev_state=D ==> next_comm=swapper/0 next_pid=0 next_prio=120
          <idle>-0     [000] ...2   835.154032: sched_switch: prev_comm=swapper/0 prev_pid=0 prev_prio=120 prev_state=R ==> next_comm=main next_pid=5046 next_prio=120
            main-5046  [000] ...2   835.154199: sched_switch: prev_comm=main prev_pid=5046 prev_prio=120 prev_state=S ==> next_comm=swapper/0 next_pid=0 next_prio=120
          <idle>-0     [000] ...2   835.154652: sched_switch: prev_comm=swapper/0 prev_pid=0 prev_prio=120 prev_state=R ==> next_comm=main next_pid=5046 next_prio=120
 FinalizerDaemon-5059  [001] ...2   835.154740: sched_switch: prev_comm=FinalizerDaemon prev_pid=5059 prev_prio=120 prev_state=S ==> next_comm=main next_pid=5060 next_prio=120
            main-5046  [000] ...2   835.154955: sched_switch: prev_comm=main prev_pid=5046 prev_prio=120 prev_state=S ==> next_comm=swapper/0 next_pid=0 next_prio=120
          <idle>-0     [000] ...2   835.155405: sched_switch: prev_comm=swapper/0 prev_pid=0 prev_prio=120 prev_state=R ==> next_comm=main next_pid=5046 next_prio=120
 FinalizerWatchd-5060  [001] ...2   835.155468: sched_switch: prev_comm=FinalizerWatchd prev_pid=5060 prev_prio=120 prev_state=S ==> next_comm=main next_pid=5061 next_prio=120
            main-5046  [000] ...2   835.155676: sched_switch: prev_comm=main prev_pid=5046 prev_prio=120 prev_state=S ==> next_comm=swapper/0 next_pid=0 next_prio=120
          <idle>-0     [000] ...2   835.156120: sched_switch: prev_comm=swapper/0 prev_pid=0 prev_prio=120 prev_state=R ==> next_comm=main next_pid=5046 next_prio=120
            main-5046  [000] ...2   835.156136: sched_switch: prev_comm=main prev_pid=5046 prev_prio=120 prev_state=D ==> next_comm=swapper/0 next_pid=0 next_prio=120
          <idle>-0     [000] ...2   835.156146: sched_switch: prev_comm=swapper/0 prev_pid=0 prev_prio=120 prev_state=R ==> next_comm=main next_pid=5046 next_prio=120
            main-5046  [000] ...2   835.156164: sched_switch: prev_comm=main prev_pid=5046 prev_prio=120 prev_state=D ==> next_comm=swapper/0 next_pid=0 next_prio=120
          <idle>-0     [000] ...2   835.156182: sched_switch: prev_comm=swapper/0 prev_pid=0 prev_prio=120 prev_state=R ==> next_comm=main next_pid=5046 next_prio=120
 HeapTrimmerDaem-5061  [001] ...2   835.156184: sched_switch: prev_comm=HeapTrimmerDaem prev_pid=5061 prev_prio=120 prev_state=D ==> next_comm=swapper/1 next_pid=0 next_prio=120
          <idle>-0     [001] ...2   835.156196: sched_switch: prev_comm=swapper/1 prev_pid=0 prev_prio=120 prev_state=R ==> next_comm=HeapTrimmerDaem next_pid=5061 next_prio=120
 HeapTrimmerDaem-5061  [001] ...2   835.156212: sched_switch: prev_comm=HeapTrimmerDaem prev_pid=5061 prev_prio=120 prev_state=S ==> next_comm=swapper/1 next_pid=0 next_prio=120
          <idle>-0     [001] ...2   835.156219: sched_switch: prev_comm=swapper/1 prev_pid=0 prev_prio=120 prev_state=R ==> next_comm=main next_pid=5062 next_prio=120
        GCDaemon-5062  [001] ...2   835.156245: sched_switch: prev_comm=main prev_pid=5062 prev_prio=120 prev_state=D ==> next_comm=swapper/1 next_pid=0 next_prio=120
          <idle>-0     [001] ...2   835.156253: sched_switch: prev_comm=swapper/1 prev_pid=0 prev_prio=120 prev_state=R ==> next_comm=main next_pid=5062 next_prio=120
            main-5046  [000] ...2   835.156255: sched_switch: prev_comm=main prev_pid=5046 prev_prio=120 prev_state=D ==> next_comm=swapper/0 next_pid=0 next_prio=120
          <idle>-0     [000] ...2   835.156266: sched_switch: prev_comm=swapper/0 prev_pid=0 prev_prio=120 prev_state=R ==> next_comm=main next_pid=5046 next_prio=120
            main-5046  [000] d..2   835.156436: block_rq_insert: 179,0 R 0 () 4008360 + 48 [main]
            main-5046  [000] d..2   835.156439: block_rq_insert: 179,0 R 0 () 4008432 + 16 [main]
            main-5046  [000] d..2   835.156441: block_rq_insert: 179,0 R 0 () 4008456 + 8 [main]
            main-5046  [000] d..2   835.156443: block_rq_insert: 179,0 R 0 () 4008536 + 16 [main]
            main-5046  [000] ...2   835.156454: sched_switch: prev_comm=main prev_pid=5046 prev_prio=120 prev_state=D|W ==> next_comm=mmcqd/1 next_pid=116 next_prio=120
         mmcqd/1-116   [000] ...2   835.156501: sched_switch: prev_comm=mmcqd/1 prev_pid=116 prev_prio=120 prev_state=S ==> next_comm=swapper/0 next_pid=0 next_prio=120
          <idle>-0     [000] ...2   835.156807: sched_switch: prev_comm=swapper/0 prev_pid=0 prev_prio=120 prev_state=R ==> next_comm=mmcqd/1 next_pid=116 next_prio=120
         mmcqd/1-116   [000] ...1   835.156833: block_rq_complete: 179,0 RA () 4008536 + 16 [0]
         mmcqd/1-116   [000] ...2   835.156853: sched_switch: prev_comm=mmcqd/1 prev_pid=116 prev_prio=120 prev_state=S ==> next_comm=swapper/0 next_pid=0 next_prio=120
        GCDaemon-5062  [001] ...2   835.156908: sched_switch: prev_comm=GCDaemon prev_pid=5062 prev_prio=120 prev_state=S ==> next_comm=swapper/1 next_pid=0 next_prio=120
          <idle>-0     [000] ...2   835.157070: sched_switch: prev_comm=swapper/0 prev_pid=0 prev_prio=120 prev_state=R ==> next_comm=mmcqd/1 next_pid=116 next_prio=120
         mmcqd/1-116   [000] ...1   835.157096: block_rq_complete: 179,0 RA () 4008456 + 8 [0]
         mmcqd/1-116   [000] ...2   835.157129: sched_switch: prev_comm=mmcqd/1 prev_pid=116 prev_prio=120 prev_state=S ==> next_comm=main next_pid=5046 next_prio=120
            main-5046  [000] ...2   835.157147: sched_switch: prev_comm=main prev_pid=5046 prev_prio=120 prev_state=D|W ==> next_comm=swapper/0 next_pid=0 next_prio=120
          <idle>-0     [000] ...2   835.157404: sched_switch: prev_comm=swapper/0 prev_pid=0 prev_prio=120 prev_state=R ==> next_comm=mmcqd/1 next_pid=116 next_prio=120
         mmcqd/1-116   [000] ...1   835.157431: block_rq_complete: 179,0 RA () 4008432 + 16 [0]
         mmcqd/1-116   [000] ...2   835.157447: sched_switch: prev_comm=mmcqd/1 prev_pid=116 prev_prio=120 prev_state=S ==> next_comm=main next_pid=5046 next_prio=120
            main-5046  [000] d..2   835.157720: block_rq_insert: 179,0 R 0 () 4079784 + 8 [main]
            main-5046  [000] d..2   835.157723: block_rq_insert: 179,0 R 0 () 4079880 + 40 [main]
            main-5046  [000] ...2   835.157734: sched_switch: prev_comm=main prev_pid=5046 prev_prio=120 prev_state=D|W ==> next_comm=mmcqd/1 next_pid=116 next_prio=120
         mmcqd/1-116   [000] ...2   835.157751: sched_switch: prev_comm=mmcqd/1 prev_pid=116 prev_prio=120 prev_state=S ==> next_comm=swapper/0 next_pid=0 next_prio=120
          <idle>-0     [000] ...2   835.157908: sched_switch: prev_comm=swapper/0 prev_pid=0 prev_prio=120 prev_state=R ==> next_comm=mmcqd/1 next_pid=116 next_prio=120
         mmcqd/1-116   [000] ...1   835.157944: block_rq_complete: 179,0 RA () 4008360 + 48 [0]
         mmcqd/1-116   [000] ...2   835.157973: sched_switch: prev_comm=mmcqd/1 prev_pid=116 prev_prio=120 prev_state=S ==> next_comm=swapper/0 next_pid=0 next_prio=120
          <idle>-0     [000] ...2   835.158165: sched_switch: prev_comm=swapper/0 prev_pid=0 prev_prio=120 prev_state=R ==> next_comm=mmcqd/1 next_pid=116 next_prio=120
         mmcqd/1-116   [000] ...1   835.158191: block_rq_complete: 179,0 RA () 4079784 + 8 [0]
         mmcqd/1-116   [000] ...2   835.158202: sched_switch: prev_comm=mmcqd/1 prev_pid=116 prev_prio=120 prev_state=S ==> next_comm=swapper/0 next_pid=0 next_prio=120
          <idle>-0     [000] ...2   835.158637: sched_switch: prev_comm=swapper/0 prev_pid=0 prev_prio=120 prev_state=R ==> next_comm=mmcqd/1 next_pid=116 next_prio=120
         mmcqd/1-116   [000] ...1   835.158655: block_rq_complete: 179,0 RA () 4079880 + 40 [0]
         mmcqd/1-116   [000] ...2   835.158673: sched_switch: prev_comm=mmcqd/1 prev_pid=116 prev_prio=120 prev_state=R+ ==> next_comm=kworker/0:1H next_pid=17 next_prio=100
    kworker/0:1H-17    [000] ...2   835.158680: sched_switch: prev_comm=kworker/0:1H prev_pid=17 prev_prio=100 prev_state=S ==> next_comm=mmcqd/1 next_pid=116 next_prio=120
         mmcqd/1-116   [000] ...2   835.158690: sched_switch: prev_comm=mmcqd/1 prev_pid=116 prev_prio=120 prev_state=S ==> next_comm=main next_pid=5046 next_prio=120
          <idle>-0     [001] ...2   835.158944: sched_switch: prev_comm=swapper/1 prev_pid=0 prev_prio=120 prev_state=R ==> next_comm=ksoftirqd/1 next_pid=5050 next_prio=120
     ksoftirqd/1-5050  [001] ...2   835.158958: sched_switch: prev_comm=ksoftirqd/1 prev_pid=5050 prev_prio=120 prev_state=S ==> next_comm=swapper/1 next_pid=0 next_prio=120
          <idle>-0     [001] ...2   835.158981: sched_switch: prev_comm=swapper/1 prev_pid=0 prev_prio=120 prev_state=R ==> next_comm=ksoftirqd/1 next_pid=5050 next_prio=120
     ksoftirqd/1-5050  [001] ...2   835.158994: sched_switch: prev_comm=ksoftirqd/1 prev_pid=5050 prev_prio=120 prev_state=S ==> next_comm=swapper/1 next_pid=0 next_prio=120
          <idle>-0     [001] ...2   835.159015: sched_switch: prev_comm=swapper/1 prev_pid=0 prev_prio=120 prev_state=R ==> next_comm=ksoftirqd/1 next_pid=5050 next_prio=120
     ksoftirqd/1-5050  [001] ...2   835.159027: sched_switch: prev_comm=ksoftirqd/1 prev_pid=5050 prev_prio=120 prev_state=S ==> next_comm=swapper/1 next_pid=0 next_prio=120
            main-5046  [000] d..2   835.159956: block_rq_insert: 179,0 R 0 () 4084016 + 8 [main]
            main-5046  [000] d..2   835.159960: block_rq_insert: 179,0 R 0 () 4084104 + 8 [main]
            main-5046  [000] d..2   835.159962: block_rq_insert: 179,0 R 0 () 4084128 + 8 [main]
            main-5046  [000] ...2   835.159974: sched_switch: prev_comm=main prev_pid=5046 prev_prio=120 prev_state=R+ ==> next_comm=mmcqd/1 next_pid=116 next_prio=120
         mmcqd/1-116   [000] ...2   835.160028: sched_switch: prev_comm=mmcqd/1 prev_pid=116 prev_prio=120 prev_state=S ==> next_comm=main next_pid=5046 next_prio=120
            main-5046  [000] ...2   835.160035: sched_switch: prev_comm=main prev_pid=5046 prev_prio=120 prev_state=D|W ==> next_comm=swapper/0 next_pid=0 next_prio=120
          <idle>-0     [000] ...2   835.160261: sched_switch: prev_comm=swapper/0 prev_pid=0 prev_prio=120 prev_state=R ==> next_comm=mmcqd/1 next_pid=116 next_prio=120
         mmcqd/1-116   [000] ...1   835.160287: block_rq_complete: 179,0 RA () 4084016 + 8 [0]
         mmcqd/1-116   [000] ...2   835.160307: sched_switch: prev_comm=mmcqd/1 prev_pid=116 prev_prio=120 prev_state=S ==> next_comm=swapper/0 next_pid=0 next_prio=120
          <idle>-0     [000] ...2   835.160526: sched_switch: prev_comm=swapper/0 prev_pid=0 prev_prio=120 prev_state=R ==> next_comm=mmcqd/1 next_pid=116 next_prio=120
         mmcqd/1-116   [000] ...1   835.160551: block_rq_complete: 179,0 RA () 4084104 + 8 [0]
         mmcqd/1-116   [000] ...2   835.160566: sched_switch: prev_comm=mmcqd/1 prev_pid=116 prev_prio=120 prev_state=S ==> next_comm=main next_pid=5046 next_prio=120
            main-5046  [000] ...2   835.160803: sched_switch: prev_comm=main prev_pid=5046 prev_prio=120 prev_state=R+ ==> next_comm=mmcqd/1 next_pid=116 next_prio=120
         mmcqd/1-116   [000] ...1   835.160814: block_rq_complete: 179,0 RA () 4084128 + 8 [0]
         mmcqd/1-116   [000] ...2   835.160827: sched_switch: prev_comm=mmcqd/1 prev_pid=116 prev_prio=120 prev_state=R+ ==> next_comm=kworker/0:1H next_pid=17 next_prio=100
    kworker/0:1H-17    [000] ...2   835.160835: sched_switch: prev_comm=kworker/0:1H prev_pid=17 prev_prio=100 prev_state=S ==> next_comm=mmcqd/1 next_pid=116 next_prio=120
         mmcqd/1-116   [000] ...2   835.160845: sched_switch: prev_comm=mmcqd/1 prev_pid=116 prev_prio=120 prev_state=S ==> next_comm=main next_pid=5046 next_prio=120
            main-5046  [000] d..2   835.161935: block_rq_insert: 179,0 R 0 () 4086360 + 56 [main]
            main-5046  [000] d..2   835.161938: block_rq_insert: 179,0 R 0 () 4086424 + 72 [main]
            main-5046  [000] d..2   835.161940: block_rq_insert: 179,0 R 0 () 4086528 + 32 [main]
            main-5046  [000] ...2   835.161950: sched_switch: prev_comm=main prev_pid=5046 prev_prio=120 prev_state=R+ ==> next_comm=mmcqd/1 next_pid=116 next_prio=120
         mmcqd/1-116   [000] ...2   835.162028: sched_switch: prev_comm=mmcqd/1 prev_pid=116 prev_prio=120 prev_state=S ==> next_comm=main next_pid=5046 next_prio=120
            main-5046  [000] ...2   835.162035: sched_switch: prev_comm=main prev_pid=5046 prev_prio=120 prev_state=D|W ==> next_comm=swapper/0 next_pid=0 next_prio=120
          <idle>-0     [000] ...2   835.162519: sched_switch: prev_comm=swapper/0 prev_pid=0 prev_prio=120 prev_state=R ==> next_comm=mmcqd/1 next_pid=116 next_prio=120
         mmcqd/1-116   [000] ...1   835.162556: block_rq_complete: 179,0 RA () 4086360 + 56 [0]
         mmcqd/1-116   [000] ...2   835.162586: sched_switch: prev_comm=mmcqd/1 prev_pid=116 prev_prio=120 prev_state=S ==> next_comm=swapper/0 next_pid=0 next_prio=120
          <idle>-0     [000] ...2   835.163095: sched_switch: prev_comm=swapper/0 prev_pid=0 prev_prio=120 prev_state=R ==> next_comm=mmcqd/1 next_pid=116 next_prio=120
         mmcqd/1-116   [000] ...1   835.163135: block_rq_complete: 179,0 RA () 4086424 + 72 [0]
         mmcqd/1-116   [000] ...2   835.163152: sched_switch: prev_comm=mmcqd/1 prev_pid=116 prev_prio=120 prev_state=S ==> next_comm=main next_pid=5046 next_prio=120
            main-5046  [000] ...2   835.163452: sched_switch: prev_comm=main prev_pid=5046 prev_prio=120 prev_state=R ==> next_comm=mmcqd/1 next_pid=116 next_prio=120
         mmcqd/1-116   [000] ...1   835.163468: block_rq_complete: 179,0 RA () 4086528 + 32 [0]
         mmcqd/1-116   [000] ...2   835.163483: sched_switch: prev_comm=mmcqd/1 prev_pid=116 prev_prio=120 prev_state=R+ ==> next_comm=kworker/0:1H next_pid=17 next_prio=100
    kworker/0:1H-17    [000] ...2   835.163490: sched_switch: prev_comm=kworker/0:1H prev_pid=17 prev_prio=100 prev_state=S ==> next_comm=mmcqd/1 next_pid=116 next_prio=120
         mmcqd/1-116   [000] ...2   835.163500: sched_switch: prev_comm=mmcqd/1 prev_pid=116 prev_prio=120 prev_state=S ==> next_comm=main next_pid=5046 next_prio=120
            main-5046  [000] d..2   835.165159: block_rq_insert: 179,0 R 0 () 4078456 + 40 [main]
            main-5046  [000] d..2   835.165163: block_rq_insert: 179,0 R 0 () 4078544 + 88 [main]
            main-5046  [000] d..2   835.165165: block_rq_insert: 179,0 R 0 () 4078640 + 56 [main]
            main-5046  [000] ...2   835.165177: sched_switch: prev_comm=main prev_pid=5046 prev_prio=120 prev_state=R+ ==> next_comm=mmcqd/1 next_pid=116 next_prio=120
         mmcqd/1-116   [000] ...2   835.165263: sched_switch: prev_comm=mmcqd/1 prev_pid=116 prev_prio=120 prev_state=S ==> next_comm=main next_pid=5046 next_prio=120
            main-5046  [000] ...2   835.165270: sched_switch: prev_comm=main prev_pid=5046 prev_prio=120 prev_state=D|W ==> next_comm=swapper/0 next_pid=0 next_prio=120
          <idle>-0     [000] ...2   835.165739: sched_switch: prev_comm=swapper/0 prev_pid=0 prev_prio=120 prev_state=R ==> next_comm=mmcqd/1 next_pid=116 next_prio=120
         mmcqd/1-116   [000] ...1   835.165775: block_rq_complete: 179,0 RA () 4078640 + 56 [0]
         mmcqd/1-116   [000] ...2   835.165805: sched_switch: prev_comm=mmcqd/1 prev_pid=116 prev_prio=120 prev_state=S ==> next_comm=swapper/0 next_pid=0 next_prio=120
          <idle>-0     [000] ...2   835.166494: sched_switch: prev_comm=swapper/0 prev_pid=0 prev_prio=120 prev_state=R ==> next_comm=mmcqd/1 next_pid=116 next_prio=120
         mmcqd/1-116   [000] ...1   835.166538: block_rq_complete: 179,0 RA () 4078544 + 88 [0]
         mmcqd/1-116   [000] ...2   835.166557: sched_switch: prev_comm=mmcqd/1 prev_pid=116 prev_prio=120 prev_state=S ==> next_comm=main next_pid=5046 next_prio=120
            main-5046  [000] d..2   835.166629: block_rq_insert: 179,0 R 0 () 4078128 + 8 [main]
            main-5046  [000] d..2   835.166631: block_rq_insert: 179,0 R 0 () 4078152 + 8 [main]
            main-5046  [000] d..2   835.166633: block_rq_insert: 179,0 R 0 () 4078176 + 24 [main]
            main-5046  [000] d..2   835.166635: block_rq_insert: 179,0 R 0 () 4078208 + 56 [main]
            main-5046  [000] d..2   835.166636: block_rq_insert: 179,0 R 0 () 4078280 + 104 [main]
            main-5046  [000] ...2   835.166646: sched_switch: prev_comm=main prev_pid=5046 prev_prio=120 prev_state=R+ ==> next_comm=mmcqd/1 next_pid=116 next_prio=120
         mmcqd/1-116   [000] ...2   835.166686: sched_switch: prev_comm=mmcqd/1 prev_pid=116 prev_prio=120 prev_state=S ==> next_comm=main next_pid=5046 next_prio=120
            main-5046  [000] ...2   835.166692: sched_switch: prev_comm=main prev_pid=5046 prev_prio=120 prev_state=D|W ==> next_comm=swapper/0 next_pid=0 next_prio=120
          <idle>-0     [000] ...2   835.166959: sched_switch: prev_comm=swapper/0 prev_pid=0 prev_prio=120 prev_state=R ==> next_comm=mmcqd/1 next_pid=116 next_prio=120
         mmcqd/1-116   [000] ...1   835.166992: block_rq_complete: 179,0 RA () 4078456 + 40 [0]
         mmcqd/1-116   [000] ...2   835.167024: sched_switch: prev_comm=mmcqd/1 prev_pid=116 prev_prio=120 prev_state=S ==> next_comm=swapper/0 next_pid=0 next_prio=120
          <idle>-0     [000] ...2   835.167780: sched_switch: prev_comm=swapper/0 prev_pid=0 prev_prio=120 prev_state=R ==> next_comm=mmcqd/1 next_pid=116 next_prio=120
         mmcqd/1-116   [000] ...1   835.167826: block_rq_complete: 179,0 RA () 4078280 + 104 [0]
         mmcqd/1-116   [000] ...2   835.167851: sched_switch: prev_comm=mmcqd/1 prev_pid=116 prev_prio=120 prev_state=S ==> next_comm=swapper/0 next_pid=0 next_prio=120
          <idle>-0     [000] ...2   835.168279: sched_switch: prev_comm=swapper/0 prev_pid=0 prev_prio=120 prev_state=R ==> next_comm=mmcqd/1 next_pid=116 next_prio=120
         mmcqd/1-116   [000] ...1   835.168314: block_rq_complete: 179,0 RA () 4078208 + 56 [0]
         mmcqd/1-116   [000] ...2   835.168338: sched_switch: prev_comm=mmcqd/1 prev_pid=116 prev_prio=120 prev_state=S ==> next_comm=main next_pid=5046 next_prio=120
            main-5046  [000] d..2   835.168510: block_rq_insert: 179,0 R 0 () 4077968 + 8 [main]
            main-5046  [000] d..2   835.168513: block_rq_insert: 179,0 R 0 () 4078016 + 88 [main]
            main-5046  [000] ...2   835.168521: sched_switch: prev_comm=main prev_pid=5046 prev_prio=120 prev_state=D|W ==> next_comm=swapper/0 next_pid=0 next_prio=120
          <idle>-0     [000] ...2   835.168624: sched_switch: prev_comm=swapper/0 prev_pid=0 prev_prio=120 prev_state=R ==> next_comm=mmcqd/1 next_pid=116 next_prio=120
         mmcqd/1-116   [000] ...1   835.168653: block_rq_complete: 179,0 RA () 4078176 + 24 [0]
         mmcqd/1-116   [000] ...2   835.168677: sched_switch: prev_comm=mmcqd/1 prev_pid=116 prev_prio=120 prev_state=S ==> next_comm=swapper/0 next_pid=0 next_prio=120
          <idle>-0     [000] ...2   835.168905: sched_switch: prev_comm=swapper/0 prev_pid=0 prev_prio=120 prev_state=R ==> next_comm=mmcqd/1 next_pid=116 next_prio=120
         mmcqd/1-116   [000] ...1   835.168930: block_rq_complete: 179,0 RA () 4078152 + 8 [0]
         mmcqd/1-116   [000] ...2   835.168969: sched_switch: prev_comm=mmcqd/1 prev_pid=116 prev_prio=120 prev_state=S ==> next_comm=swapper/0 next_pid=0 next_prio=120
          <idle>-0     [000] ...2   835.169253: sched_switch: prev_comm=swapper/0 prev_pid=0 prev_prio=120 prev_state=R ==> next_comm=mmcqd/1 next_pid=116 next_prio=120
         mmcqd/1-116   [000] ...1   835.169282: block_rq_complete: 179,0 RA () 4078112 + 24 [0]
         mmcqd/1-116   [000] ...2   835.169300: sched_switch: prev_comm=mmcqd/1 prev_pid=116 prev_prio=120 prev_state=S ==> next_comm=swapper/0 next_pid=0 next_prio=120
          <idle>-0     [000] ...2   835.170014: sched_switch: prev_comm=swapper/0 prev_pid=0 prev_prio=120 prev_state=R ==> next_comm=mmcqd/1 next_pid=116 next_prio=120
         mmcqd/1-116   [000] ...1   835.170057: block_rq_complete: 179,0 RA () 4078016 + 88 [0]
         mmcqd/1-116   [000] ...2   835.170075: sched_switch: prev_comm=mmcqd/1 prev_pid=116 prev_prio=120 prev_state=S ==> next_comm=main next_pid=5046 next_prio=120
            main-5046  [000] d..2   835.170232: block_rq_insert: 179,0 R 0 () 3992040 + 24 [main]
            main-5046  [000] d..2   835.170234: block_rq_insert: 179,0 R 0 () 3992168 + 8 [main]
            main-5046  [000] d..2   835.170236: block_rq_insert: 179,0 R 0 () 3992192 + 56 [main]
