    kworker/0:1H-17    [000] ...2   860.097403: sched_switch: prev_comm=kworker/0:1H prev_pid=17 prev_prio=100 prev_state=S ==> next_comm=mmcqd/1 next_pid=116 next_prio=120
         mmcqd/1-116   [000] ...2   860.097411: sched_switch: prev_comm=mmcqd/1 prev_pid=116 prev_prio=120 prev_state=S ==> next_comm=main next_pid=5186 next_prio=120
          <idle>-0     [001] ...2   860.098014: sched_switch: prev_comm=swapper/1 prev_pid=0 prev_prio=120 prev_state=R ==> next_comm=main next_pid=5188 next_prio=120
            main-5186  [000] ...2   860.098030: sched_switch: prev_comm=main prev_pid=5186 prev_prio=120 prev_state=D ==> next_comm=swapper/0 next_pid=0 next_prio=120
          <idle>-0     [000] ...2   860.098043: sched_switch: prev_comm=swapper/0 prev_pid=0 prev_prio=120 prev_state=R ==> next_comm=ksoftirqd/0 next_pid=3 next_prio=120
     ksoftirqd/0-3     [000] ...2   860.098050: sched_switch: prev_comm=ksoftirqd/0 prev_pid=3 prev_prio=120 prev_state=S ==> next_comm=main next_pid=5186 next_prio=120
 Heap thread poo-5188  [001] ...2   860.098065: sched_switch: prev_comm=main prev_pid=5188 prev_prio=120 prev_state=D ==> next_comm=swapper/1 next_pid=0 next_prio=120
          <idle>-0     [001] ...2   860.098086: sched_switch: prev_comm=swapper/1 prev_pid=0 prev_prio=120 prev_state=R ==> next_comm=main next_pid=5188 next_prio=120
            main-5186  [000] ...2   860.098145: sched_switch: prev_comm=main prev_pid=5186 prev_prio=120 prev_state=D ==> next_comm=main next_pid=5189 next_prio=120
 Heap thread poo-5189  [000] ...2   860.098153: sched_switch: prev_comm=main prev_pid=5189 prev_prio=120 prev_state=R+ ==> next_comm=main next_pid=5186 next_prio=120
 Heap thread poo-5188  [001] ...2   860.098162: sched_switch: prev_comm=main prev_pid=5188 prev_prio=120 prev_state=D ==> next_comm=swapper/1 next_pid=0 next_prio=120
          <idle>-0     [001] ...2   860.098178: sched_switch: prev_comm=swapper/1 prev_pid=0 prev_prio=120 prev_state=R ==> next_comm=ksoftirqd/1 next_pid=5183 next_prio=120
            main-5186  [000] ...2   860.098188: sched_switch: prev_comm=main prev_pid=5186 prev_prio=120 prev_state=D ==> next_comm=main next_pid=5189 next_prio=120
     ksoftirqd/1-5183  [001] ...2   860.098190: sched_switch: prev_comm=ksoftirqd/1 prev_pid=5183 prev_prio=120 prev_state=S ==> next_comm=swapper/1 next_pid=0 next_prio=120
          <idle>-0     [001] ...2   860.098207: sched_switch: prev_comm=swapper/1 prev_pid=0 prev_prio=120 prev_state=R ==> next_comm=ksoftirqd/1 next_pid=5183 next_prio=120
     ksoftirqd/1-5183  [001] ...2   860.098213: sched_switch: prev_comm=ksoftirqd/1 prev_pid=5183 prev_prio=120 prev_state=S ==> next_comm=main next_pid=5188 next_prio=120
 Heap thread poo-5189  [000] ...2   860.098224: sched_switch: prev_comm=main prev_pid=5189 prev_prio=120 prev_state=R+ ==> next_comm=main next_pid=5186 next_prio=120
 Heap thread poo-5188  [001] ...2   860.098229: sched_switch: prev_comm=main prev_pid=5188 prev_prio=120 prev_state=D ==> next_comm=swapper/1 next_pid=0 next_prio=120
          <idle>-0     [001] ...2   860.098245: sched_switch: prev_comm=swapper/1 prev_pid=0 prev_prio=120 prev_state=R ==> next_comm=ksoftirqd/1 next_pid=5183 next_prio=120
     ksoftirqd/1-5183  [001] ...2   860.098252: sched_switch: prev_comm=ksoftirqd/1 prev_pid=5183 prev_prio=120 prev_state=S ==> next_comm=main next_pid=5188 next_prio=120
            main-5186  [000] ...2   860.098261: sched_switch: prev_comm=main prev_pid=5186 prev_prio=120 prev_state=D ==> next_comm=main next_pid=5189 next_prio=120
 Heap thread poo-5189  [000] ...2   860.098268: sched_switch: prev_comm=main prev_pid=5189 prev_prio=120 prev_state=R+ ==> next_comm=main next_pid=5186 next_prio=120
 Heap thread poo-5188  [001] ...2   860.098270: sched_switch: prev_comm=main prev_pid=5188 prev_prio=120 prev_state=D ==> next_comm=main next_pid=5190 next_prio=120
 Heap thread poo-5190  [001] ...2   860.098282: sched_switch: prev_comm=main prev_pid=5190 prev_prio=120 prev_state=R+ ==> next_comm=main next_pid=5188 next_prio=120
            main-5186  [000] ...2   860.098284: sched_switch: prev_comm=main prev_pid=5186 prev_prio=120 prev_state=D ==> next_comm=main next_pid=5189 next_prio=120
 Heap thread poo-5188  [001] ...2   860.098296: sched_switch: prev_comm=main prev_pid=5188 prev_prio=120 prev_state=D ==> next_comm=main next_pid=5190 next_prio=120
 Heap thread poo-5189  [000] ...2   860.098304: sched_switch: prev_comm=main prev_pid=5189 prev_prio=120 prev_state=D ==> next_comm=swapper/0 next_pid=0 next_prio=120
          <idle>-0     [000] ...2   860.098316: sched_switch: prev_comm=swapper/0 prev_pid=0 prev_prio=120 prev_state=R ==> next_comm=ksoftirqd/0 next_pid=3 next_prio=120
     ksoftirqd/0-3     [000] ...2   860.098326: sched_switch: prev_comm=ksoftirqd/0 prev_pid=3 prev_prio=120 prev_state=S ==> next_comm=main next_pid=5186 next_prio=120
 Heap thread poo-5190  [001] ...2   860.098329: sched_switch: prev_comm=main prev_pid=5190 prev_prio=120 prev_state=S ==> next_comm=swapper/1 next_pid=0 next_prio=120
            main-5186  [000] ...2   860.098340: sched_switch: prev_comm=main prev_pid=5186 prev_prio=120 prev_state=S ==> next_comm=swapper/0 next_pid=0 next_prio=120
          <idle>-0     [001] ...2   860.098346: sched_switch: prev_comm=swapper/1 prev_pid=0 prev_prio=120 prev_state=R ==> next_comm=ksoftirqd/1 next_pid=5183 next_prio=120
          <idle>-0     [000] ...2   860.098352: sched_switch: prev_comm=swapper/0 prev_pid=0 prev_prio=120 prev_state=R ==> next_comm=ksoftirqd/0 next_pid=3 next_prio=120
     ksoftirqd/1-5183  [001] ...2   860.098353: sched_switch: prev_comm=ksoftirqd/1 prev_pid=5183 prev_prio=120 prev_state=S ==> next_comm=main next_pid=5188 next_prio=120
     ksoftirqd/0-3     [000] ...2   860.098359: sched_switch: prev_comm=ksoftirqd/0 prev_pid=3 prev_prio=120 prev_state=S ==> next_comm=swapper/0 next_pid=0 next_prio=120
 Heap thread poo-5188  [001] ...2   860.098365: sched_switch: prev_comm=main prev_pid=5188 prev_prio=120 prev_state=D ==> next_comm=main next_pid=5189 next_prio=120
          <idle>-0     [000] ...2   860.098370: sched_switch: prev_comm=swapper/0 prev_pid=0 prev_prio=120 prev_state=R ==> next_comm=ksoftirqd/0 next_pid=3 next_prio=120
 Heap thread poo-5189  [001] ...2   860.098377: sched_switch: prev_comm=main prev_pid=5189 prev_prio=120 prev_state=R+ ==> next_comm=main next_pid=5188 next_prio=120
     ksoftirqd/0-3     [000] ...2   860.098377: sched_switch: prev_comm=ksoftirqd/0 prev_pid=3 prev_prio=120 prev_state=S ==> next_comm=swapper/0 next_pid=0 next_prio=120
 Heap thread poo-5188  [001] ...2   860.098868: sched_switch: prev_comm=Heap thread poo prev_pid=5188 prev_prio=120 prev_state=S ==> next_comm=main next_pid=5189 next_prio=120
          <idle>-0     [000] ...2   860.098906: sched_switch: prev_comm=swapper/0 prev_pid=0 prev_prio=120 prev_state=R ==> next_comm=kworker/u:2 next_pid=80 next_prio=120
     kworker/u:2-80    [000] ...2   860.098921: sched_switch: prev_comm=kworker/u:2 prev_pid=80 prev_prio=120 prev_state=S ==> next_comm=mpdecision next_pid=1527 next_prio=113
 Heap thread poo-5189  [001] ...2   860.098923: sched_switch: prev_comm=main prev_pid=5189 prev_prio=120 prev_state=R+ ==> next_comm=kworker/1:1H next_pid=5184 next_prio=100
    kworker/1:1H-5184  [001] ...2   860.098945: sched_switch: prev_comm=kworker/1:1H prev_pid=5184 prev_prio=100 prev_state=D ==> next_comm=kworker/1:2H next_pid=5187 next_prio=100
    kworker/1:2H-5187  [001] ...2   860.099049: sched_switch: prev_comm=kworker/1:2H prev_pid=5187 prev_prio=100 prev_state=S ==> next_comm=kworker/1:1H next_pid=5184 next_prio=100
    kworker/1:1H-5184  [001] ...2   860.099062: sched_switch: prev_comm=kworker/1:1H prev_pid=5184 prev_prio=100 prev_state=S ==> next_comm=main next_pid=5189 next_prio=120
      mpdecision-1527  [000] ...2   860.099143: sched_switch: prev_comm=mpdecision prev_pid=1527 prev_prio=113 prev_state=S ==> next_comm=swapper/0 next_pid=0 next_prio=120
          <idle>-0     [000] ...2   860.099159: sched_switch: prev_comm=swapper/0 prev_pid=0 prev_prio=120 prev_state=R ==> next_comm=ksoftirqd/0 next_pid=3 next_prio=120
     ksoftirqd/0-3     [000] ...2   860.099165: sched_switch: prev_comm=ksoftirqd/0 prev_pid=3 prev_prio=120 prev_state=S ==> next_comm=swapper/0 next_pid=0 next_prio=120
          <idle>-0     [000] ...2   860.099178: sched_switch: prev_comm=swapper/0 prev_pid=0 prev_prio=120 prev_state=R ==> next_comm=ksoftirqd/0 next_pid=3 next_prio=120
     ksoftirqd/0-3     [000] ...2   860.099185: sched_switch: prev_comm=ksoftirqd/0 prev_pid=3 prev_prio=120 prev_state=S ==> next_comm=swapper/0 next_pid=0 next_prio=120
          <idle>-0     [000] ...2   860.099197: sched_switch: prev_comm=swapper/0 prev_pid=0 prev_prio=120 prev_state=R ==> next_comm=ksoftirqd/0 next_pid=3 next_prio=120
     ksoftirqd/0-3     [000] ...2   860.099203: sched_switch: prev_comm=ksoftirqd/0 prev_pid=3 prev_prio=120 prev_state=S ==> next_comm=swapper/0 next_pid=0 next_prio=120
          <idle>-0     [000] ...2   860.099216: sched_switch: prev_comm=swapper/0 prev_pid=0 prev_prio=120 prev_state=R ==> next_comm=ksoftirqd/0 next_pid=3 next_prio=120
     ksoftirqd/0-3     [000] ...2   860.099222: sched_switch: prev_comm=ksoftirqd/0 prev_pid=3 prev_prio=120 prev_state=S ==> next_comm=swapper/0 next_pid=0 next_prio=120
          <idle>-0     [000] ...2   860.099234: sched_switch: prev_comm=swapper/0 prev_pid=0 prev_prio=120 prev_state=R ==> next_comm=ksoftirqd/0 next_pid=3 next_prio=120
     ksoftirqd/0-3     [000] ...2   860.099240: sched_switch: prev_comm=ksoftirqd/0 prev_pid=3 prev_prio=120 prev_state=S ==> next_comm=swapper/0 next_pid=0 next_prio=120
          <idle>-0     [000] ...2   860.099251: sched_switch: prev_comm=swapper/0 prev_pid=0 prev_prio=120 prev_state=R ==> next_comm=ksoftirqd/0 next_pid=3 next_prio=120
     ksoftirqd/0-3     [000] ...2   860.099257: sched_switch: prev_comm=ksoftirqd/0 prev_pid=3 prev_prio=120 prev_state=S ==> next_comm=swapper/0 next_pid=0 next_prio=120
 Heap thread poo-5189  [001] ...2   860.099851: sched_switch: prev_comm=Heap thread poo prev_pid=5189 prev_prio=120 prev_state=S ==> next_comm=main next_pid=5190 next_prio=120
          <idle>-0     [000] ...2   860.100515: sched_switch: prev_comm=swapper/0 prev_pid=0 prev_prio=120 prev_state=R ==> next_comm=main next_pid=5186 next_prio=120
 Heap thread poo-5190  [001] ...2   860.100536: sched_switch: prev_comm=Heap thread poo prev_pid=5190 prev_prio=120 prev_state=S ==> next_comm=Heap thread poo next_pid=5188 next_prio=120
 Heap thread poo-5188  [001] ...2   860.100550: sched_switch: prev_comm=Heap thread poo prev_pid=5188 prev_prio=120 prev_state=D ==> next_comm=swapper/1 next_pid=0 next_prio=120
          <idle>-0     [001] ...2   860.100557: sched_switch: prev_comm=swapper/1 prev_pid=0 prev_prio=120 prev_state=R ==> next_comm=Heap thread poo next_pid=5188 next_prio=120
            main-5186  [000] ...2   860.100558: sched_switch: prev_comm=main prev_pid=5186 prev_prio=120 prev_state=D ==> next_comm=swapper/0 next_pid=0 next_prio=120
          <idle>-0     [000] ...2   860.100576: sched_switch: prev_comm=swapper/0 prev_pid=0 prev_prio=120 prev_state=R ==> next_comm=main next_pid=5186 next_prio=120
 Heap thread poo-5188  [001] ...2   860.100601: sched_switch: prev_comm=Heap thread poo prev_pid=5188 prev_prio=120 prev_state=S ==> next_comm=Heap thread poo next_pid=5189 next_prio=120
            main-5186  [000] ...2   860.100620: sched_switch: prev_comm=main prev_pid=5186 prev_prio=120 prev_state=S ==> next_comm=main next_pid=5191 next_prio=120
 Heap thread poo-5189  [001] ...2   860.100628: sched_switch: prev_comm=Heap thread poo prev_pid=5189 prev_prio=120 prev_state=S ==> next_comm=swapper/1 next_pid=0 next_prio=120
          <idle>-0     [001] ...2   860.100654: sched_switch: prev_comm=swapper/1 prev_pid=0 prev_prio=120 prev_state=R ==> next_comm=ksoftirqd/1 next_pid=5183 next_prio=120
     ksoftirqd/1-5183  [001] ...2   860.100671: sched_switch: prev_comm=ksoftirqd/1 prev_pid=5183 prev_prio=120 prev_state=S ==> next_comm=swapper/1 next_pid=0 next_prio=120
          <idle>-0     [001] ...2   860.100692: sched_switch: prev_comm=swapper/1 prev_pid=0 prev_prio=120 prev_state=R ==> next_comm=ksoftirqd/1 next_pid=5183 next_prio=120
     ksoftirqd/1-5183  [001] ...2   860.100703: sched_switch: prev_comm=ksoftirqd/1 prev_pid=5183 prev_prio=120 prev_state=S ==> next_comm=swapper/1 next_pid=0 next_prio=120
  Signal Catcher-5191  [000] ...2   860.101088: sched_switch: prev_comm=Signal Catcher prev_pid=5191 prev_prio=120 prev_state=R+ ==> next_comm=main next_pid=5186 next_prio=120
          <idle>-0     [001] ...2   860.101164: sched_switch: prev_comm=swapper/1 prev_pid=0 prev_prio=120 prev_state=R ==> next_comm=main next_pid=5192 next_prio=120
            main-5186  [000] ...2   860.101168: sched_switch: prev_comm=main prev_pid=5186 prev_prio=120 prev_state=S ==> next_comm=Signal Catcher next_pid=5191 next_prio=120
  Signal Catcher-5191  [000] ...2   860.101178: sched_switch: prev_comm=Signal Catcher prev_pid=5191 prev_prio=120 prev_state=S ==> next_comm=swapper/0 next_pid=0 next_prio=120
          <idle>-0     [000] ...2   860.101943: sched_switch: prev_comm=swapper/0 prev_pid=0 prev_prio=120 prev_state=R ==> next_comm=main next_pid=5186 next_prio=120
            JDWP-5192  [001] ...2   860.102028: sched_switch: prev_comm=JDWP prev_pid=5192 prev_prio=120 prev_state=R+ ==> next_comm=adbd next_pid=778 next_prio=120
            main-5186  [000] d..2   860.102100: block_rq_insert: 179,0 R 0 () 4067352 + 8 [main]
            main-5186  [000] d..2   860.102104: block_rq_insert: 179,0 R 0 () 4067368 + 8 [main]
            main-5186  [000] ...2   860.102116: sched_switch: prev_comm=main prev_pid=5186 prev_prio=120 prev_state=D|W ==> next_comm=mmcqd/1 next_pid=116 next_prio=120
         mmcqd/1-116   [000] ...2   860.102173: sched_switch: prev_comm=mmcqd/1 prev_pid=116 prev_prio=120 prev_state=S ==> next_comm=swapper/0 next_pid=0 next_prio=120
            adbd-778   [001] ...2   860.102192: sched_switch: prev_comm=adbd prev_pid=778 prev_prio=120 prev_state=S ==> next_comm=JDWP next_pid=5192 next_prio=120
            JDWP-5192  [001] ...2   860.102222: sched_switch: prev_comm=JDWP prev_pid=5192 prev_prio=120 prev_state=R+ ==> next_comm=adbd next_pid=778 next_prio=120
          <idle>-0     [000] ...2   860.102396: sched_switch: prev_comm=swapper/0 prev_pid=0 prev_prio=120 prev_state=R ==> next_comm=mmcqd/1 next_pid=116 next_prio=120
            adbd-778   [001] ...2   860.102399: sched_switch: prev_comm=adbd prev_pid=778 prev_prio=120 prev_state=S ==> next_comm=JDWP next_pid=5192 next_prio=120
            JDWP-5192  [001] ...2   860.102421: sched_switch: prev_comm=JDWP prev_pid=5192 prev_prio=120 prev_state=S ==> next_comm=swapper/1 next_pid=0 next_prio=120
         mmcqd/1-116   [000] ...1   860.102422: block_rq_complete: 179,0 RA () 4067352 + 8 [0]
         mmcqd/1-116   [000] ...2   860.102437: sched_switch: prev_comm=mmcqd/1 prev_pid=116 prev_prio=120 prev_state=S ==> next_comm=swapper/0 next_pid=0 next_prio=120
          <idle>-0     [000] ...2   860.102678: sched_switch: prev_comm=swapper/0 prev_pid=0 prev_prio=120 prev_state=R ==> next_comm=mmcqd/1 next_pid=116 next_prio=120
         mmcqd/1-116   [000] ...1   860.102688: block_rq_complete: 179,0 RA () 4067368 + 8 [0]
         mmcqd/1-116   [000] ...2   860.102706: sched_switch: prev_comm=mmcqd/1 prev_pid=116 prev_prio=120 prev_state=R+ ==> next_comm=kworker/0:1H next_pid=17 next_prio=100
    kworker/0:1H-17    [000] ...2   860.102714: sched_switch: prev_comm=kworker/0:1H prev_pid=17 prev_prio=100 prev_state=S ==> next_comm=mmcqd/1 next_pid=116 next_prio=120
         mmcqd/1-116   [000] ...2   860.102724: sched_switch: prev_comm=mmcqd/1 prev_pid=116 prev_prio=120 prev_state=S ==> next_comm=main next_pid=5186 next_prio=120
            main-5186  [000] d..2   860.103101: block_rq_insert: 179,0 R 0 () 3993912 + 8 [main]
            main-5186  [000] d..2   860.103104: block_rq_insert: 179,0 R 0 () 3993944 + 16 [main]
            main-5186  [000] d..2   860.103106: block_rq_insert: 179,0 R 0 () 3993968 + 72 [main]
            main-5186  [000] ...2   860.103117: sched_switch: prev_comm=main prev_pid=5186 prev_prio=120 prev_state=D|W ==> next_comm=mmcqd/1 next_pid=116 next_prio=120
         mmcqd/1-116   [000] ...2   860.103169: sched_switch: prev_comm=mmcqd/1 prev_pid=116 prev_prio=120 prev_state=S ==> next_comm=swapper/0 next_pid=0 next_prio=120
          <idle>-0     [000] ...2   860.103396: sched_switch: prev_comm=swapper/0 prev_pid=0 prev_prio=120 prev_state=R ==> next_comm=mmcqd/1 next_pid=116 next_prio=120
         mmcqd/1-116   [000] ...1   860.103422: block_rq_complete: 179,0 RA () 3993912 + 8 [0]
         mmcqd/1-116   [000] ...2   860.103463: sched_switch: prev_comm=mmcqd/1 prev_pid=116 prev_prio=120 prev_state=S ==> next_comm=main next_pid=5186 next_prio=120
            main-5186  [000] d..2   860.103607: block_rq_insert: 179,0 R 0 () 4026856 + 24 [main]
            main-5186  [000] d..2   860.103609: block_rq_insert: 179,0 R 0 () 4026944 + 8 [main]
            main-5186  [000] d..2   860.103611: block_rq_insert: 179,0 R 0 () 4026960 + 40 [main]
            main-5186  [000] d..2   860.103613: block_rq_insert: 179,0 R 0 () 4027008 + 24 [main]
            main-5186  [000] ...2   860.103621: sched_switch: prev_comm=main prev_pid=5186 prev_prio=120 prev_state=D|W ==> next_comm=swapper/0 next_pid=0 next_prio=120
          <idle>-0     [000] ...2   860.103773: sched_switch: prev_comm=swapper/0 prev_pid=0 prev_prio=120 prev_state=R ==> next_comm=mmcqd/1 next_pid=116 next_prio=120
         mmcqd/1-116   [000] ...1   860.103800: block_rq_complete: 179,0 RA () 3993944 + 16 [0]
         mmcqd/1-116   [000] ...2   860.103825: sched_switch: prev_comm=mmcqd/1 prev_pid=116 prev_prio=120 prev_state=S ==> next_comm=swapper/0 next_pid=0 next_prio=120
          <idle>-0     [000] ...2   860.104380: sched_switch: prev_comm=swapper/0 prev_pid=0 prev_prio=120 prev_state=R ==> next_comm=mmcqd/1 next_pid=116 next_prio=120
         mmcqd/1-116   [000] ...1   860.104420: block_rq_complete: 179,0 RA () 3993968 + 72 [0]
         mmcqd/1-116   [000] ...2   860.104443: sched_switch: prev_comm=mmcqd/1 prev_pid=116 prev_prio=120 prev_state=S ==> next_comm=swapper/0 next_pid=0 next_prio=120
          <idle>-0     [000] ...2   860.104707: sched_switch: prev_comm=swapper/0 prev_pid=0 prev_prio=120 prev_state=R ==> next_comm=mmcqd/1 next_pid=116 next_prio=120
         mmcqd/1-116   [000] ...1   860.104736: block_rq_complete: 179,0 RA () 4026856 + 24 [0]
         mmcqd/1-116   [000] ...2   860.104765: sched_switch: prev_comm=mmcqd/1 prev_pid=116 prev_prio=120 prev_state=S ==> next_comm=swapper/0 next_pid=0 next_prio=120
          <idle>-0     [000] ...2   860.104991: sched_switch: prev_comm=swapper/0 prev_pid=0 prev_prio=120 prev_state=R ==> next_comm=mmcqd/1 next_pid=116 next_prio=120
         mmcqd/1-116   [000] ...1   860.105017: block_rq_complete: 179,0 RA () 4026944 + 8 [0]
         mmcqd/1-116   [000] ...2   860.105043: sched_switch: prev_comm=mmcqd/1 prev_pid=116 prev_prio=120 prev_state=S ==> next_comm=main next_pid=5186 next_prio=120
            main-5186  [000] d..2   860.105092: block_rq_insert: 179,0 R 0 () 4028616 + 96 [main]
            main-5186  [000] d..2   860.105094: block_rq_insert: 179,0 R 0 () 4028736 + 56 [main]
            main-5186  [000] ...2   860.105103: sched_switch: prev_comm=main prev_pid=5186 prev_prio=120 prev_state=D|W ==> next_comm=swapper/0 next_pid=0 next_prio=120
          <idle>-0     [000] ...2   860.105456: sched_switch: prev_comm=swapper/0 prev_pid=0 prev_prio=120 prev_state=R ==> next_comm=mmcqd/1 next_pid=116 next_prio=120
         mmcqd/1-116   [000] ...1   860.105489: block_rq_complete: 179,0 RA () 4026960 + 40 [0]
         mmcqd/1-116   [000] ...2   860.105531: sched_switch: prev_comm=mmcqd/1 prev_pid=116 prev_prio=120 prev_state=S ==> next_comm=swapper/0 next_pid=0 next_prio=120
          <idle>-0     [000] ...2   860.105777: sched_switch: prev_comm=swapper/0 prev_pid=0 prev_prio=120 prev_state=R ==> next_comm=mmcqd/1 next_pid=116 next_prio=120
         mmcqd/1-116   [000] ...1   860.105805: block_rq_complete: 179,0 RA () 4027008 + 24 [0]
         mmcqd/1-116   [000] ...2   860.105836: sched_switch: prev_comm=mmcqd/1 prev_pid=116 prev_prio=120 prev_state=S ==> next_comm=swapper/0 next_pid=0 next_prio=120
          <idle>-0     [000] ...2   860.106577: sched_switch: prev_comm=swapper/0 prev_pid=0 prev_prio=120 prev_state=R ==> next_comm=mmcqd/1 next_pid=116 next_prio=120
         mmcqd/1-116   [000] ...1   860.106622: block_rq_complete: 179,0 RA () 4028616 + 96 [0]
         mmcqd/1-116   [000] ...2   860.106640: sched_switch: prev_comm=mmcqd/1 prev_pid=116 prev_prio=120 prev_state=S ==> next_comm=main next_pid=5186 next_prio=120
          <idle>-0     [001] ...2   860.106756: sched_switch: prev_comm=swapper/1 prev_pid=0 prev_prio=120 prev_state=R ==> next_comm=main next_pid=5193 next_prio=120
            main-5186  [000] d..2   860.106994: block_rq_insert: 179,0 R 0 () 3993624 + 48 [main]
            main-5186  [000] d..2   860.106996: block_rq_insert: 179,0 R 0 () 3993688 + 24 [main]
            main-5186  [000] d..2   860.106998: block_rq_insert: 179,0 R 0 () 3993752 + 8 [main]
            main-5186  [000] ...2   860.107009: sched_switch: prev_comm=main prev_pid=5186 prev_prio=120 prev_state=D|W ==> next_comm=mmcqd/1 next_pid=116 next_prio=120
         mmcqd/1-116   [000] ...2   860.107033: sched_switch: prev_comm=mmcqd/1 prev_pid=116 prev_prio=120 prev_state=S ==> next_comm=swapper/0 next_pid=0 next_prio=120
          <idle>-0     [000] ...2   860.107101: sched_switch: prev_comm=swapper/0 prev_pid=0 prev_prio=120 prev_state=R ==> next_comm=mmcqd/1 next_pid=116 next_prio=120
         mmcqd/1-116   [000] ...1   860.107134: block_rq_complete: 179,0 RA () 4028736 + 56 [0]
         mmcqd/1-116   [000] ...2   860.107157: sched_switch: prev_comm=mmcqd/1 prev_pid=116 prev_prio=120 prev_state=S ==> next_comm=swapper/0 next_pid=0 next_prio=120
 ReferenceQueueD-5193  [001] ...2   860.107497: sched_switch: prev_comm=ReferenceQueueD prev_pid=5193 prev_prio=120 prev_state=S ==> next_comm=swapper/1 next_pid=0 next_prio=120
          <idle>-0     [000] ...2   860.107594: sched_switch: prev_comm=swapper/0 prev_pid=0 prev_prio=120 prev_state=R ==> next_comm=mmcqd/1 next_pid=116 next_prio=120
         mmcqd/1-116   [000] ...1   860.107630: block_rq_complete: 179,0 RA () 3993624 + 48 [0]
         mmcqd/1-116   [000] ...2   860.107649: sched_switch: prev_comm=mmcqd/1 prev_pid=116 prev_prio=120 prev_state=S ==> next_comm=swapper/0 next_pid=0 next_prio=120
          <idle>-0     [000] ...2   860.107994: sched_switch: prev_comm=swapper/0 prev_pid=0 prev_prio=120 prev_state=R ==> next_comm=mmcqd/1 next_pid=116 next_prio=120
         mmcqd/1-116   [000] ...1   860.108022: block_rq_complete: 179,0 RA () 3993688 + 24 [0]
         mmcqd/1-116   [000] ...2   860.108034: sched_switch: prev_comm=mmcqd/1 prev_pid=116 prev_prio=120 prev_state=S ==> next_comm=swapper/0 next_pid=0 next_prio=120
          <idle>-0     [000] ...2   860.108256: sched_switch: prev_comm=swapper/0 prev_pid=0 prev_prio=120 prev_state=R ==> next_comm=mmcqd/1 next_pid=116 next_prio=120
         mmcqd/1-116   [000] ...1   860.108266: block_rq_complete: 179,0 RA () 3993752 + 8 [0]
         mmcqd/1-116   [000] ...2   860.108283: sched_switch: prev_comm=mmcqd/1 prev_pid=116 prev_prio=120 prev_state=R+ ==> next_comm=kworker/0:1H next_pid=17 next_prio=100
    kworker/0:1H-17    [000] ...2   860.108291: sched_switch: prev_comm=kworker/0:1H prev_pid=17 prev_prio=100 prev_state=S ==> next_comm=mmcqd/1 next_pid=116 next_prio=120
         mmcqd/1-116   [000] ...2   860.108300: sched_switch: prev_comm=mmcqd/1 prev_pid=116 prev_prio=120 prev_state=S ==> next_comm=main next_pid=5186 next_prio=120
            main-5186  [000] d..2   860.108390: block_rq_insert: 179,0 R 0 () 4019800 + 24 [main]
            main-5186  [000] d..2   860.108393: block_rq_insert: 179,0 R 0 () 4019896 + 8 [main]
            main-5186  [000] d..2   860.108394: block_rq_insert: 179,0 R 0 () 4019928 + 8 [main]
            main-5186  [000] ...2   860.108405: sched_switch: prev_comm=main prev_pid=5186 prev_prio=120 prev_state=D|W ==> next_comm=mmcqd/1 next_pid=116 next_prio=120
         mmcqd/1-116   [000] ...2   860.108454: sched_switch: prev_comm=mmcqd/1 prev_pid=116 prev_prio=120 prev_state=S ==> next_comm=swapper/0 next_pid=0 next_prio=120
          <idle>-0     [000] ...2   860.108812: sched_switch: prev_comm=swapper/0 prev_pid=0 prev_prio=120 prev_state=R ==> next_comm=mmcqd/1 next_pid=116 next_prio=120
         mmcqd/1-116   [000] ...1   860.108843: block_rq_complete: 179,0 RA () 4019800 + 24 [0]
         mmcqd/1-116   [000] ...2   860.108861: sched_switch: prev_comm=mmcqd/1 prev_pid=116 prev_prio=120 prev_state=S ==> next_comm=swapper/0 next_pid=0 next_prio=120
          <idle>-0     [000] ...2   860.108916: sched_switch: prev_comm=swapper/0 prev_pid=0 prev_prio=120 prev_state=R ==> next_comm=kworker/0:0 next_pid=4 next_prio=120
          <idle>-0     [001] ...2   860.108925: sched_switch: prev_comm=swapper/1 prev_pid=0 prev_prio=120 prev_state=R ==> next_comm=ksoftirqd/1 next_pid=5183 next_prio=120
     kworker/0:0-4     [000] ...2   860.108926: sched_switch: prev_comm=kworker/0:0 prev_pid=4 prev_prio=120 prev_state=S ==> next_comm=ksoftirqd/0 next_pid=3 next_prio=120
     ksoftirqd/0-3     [000] ...2   860.108932: sched_switch: prev_comm=ksoftirqd/0 prev_pid=3 prev_prio=120 prev_state=S ==> next_comm=kworker/0:1H next_pid=17 next_prio=100
     ksoftirqd/1-5183  [001] ...2   860.108944: sched_switch: prev_comm=ksoftirqd/1 prev_pid=5183 prev_prio=120 prev_state=S ==> next_comm=swapper/1 next_pid=0 next_prio=120
    kworker/0:1H-17    [000] ...2   860.108945: sched_switch: prev_comm=kworker/0:1H prev_pid=17 prev_prio=100 prev_state=S ==> next_comm=swapper/0 next_pid=0 next_prio=120
          <idle>-0     [000] ...2   860.108959: sched_switch: prev_comm=swapper/0 prev_pid=0 prev_prio=120 prev_state=R ==> next_comm=ksoftirqd/0 next_pid=3 next_prio=120
     ksoftirqd/0-3     [000] ...2   860.108965: sched_switch: prev_comm=ksoftirqd/0 prev_pid=3 prev_prio=120 prev_state=S ==> next_comm=swapper/0 next_pid=0 next_prio=120
          <idle>-0     [001] ...2   860.108967: sched_switch: prev_comm=swapper/1 prev_pid=0 prev_prio=120 prev_state=R ==> next_comm=ksoftirqd/1 next_pid=5183 next_prio=120
          <idle>-0     [000] ...2   860.108978: sched_switch: prev_comm=swapper/0 prev_pid=0 prev_prio=120 prev_state=R ==> next_comm=ksoftirqd/0 next_pid=3 next_prio=120
     ksoftirqd/1-5183  [001] ...2   860.108982: sched_switch: prev_comm=ksoftirqd/1 prev_pid=5183 prev_prio=120 prev_state=S ==> next_comm=swapper/1 next_pid=0 next_prio=120
     ksoftirqd/0-3     [000] ...2   860.108988: sched_switch: prev_comm=ksoftirqd/0 prev_pid=3 prev_prio=120 prev_state=S ==> next_comm=swapper/0 next_pid=0 next_prio=120
          <idle>-0     [001] ...2   860.109003: sched_switch: prev_comm=swapper/1 prev_pid=0 prev_prio=120 prev_state=R ==> next_comm=ksoftirqd/1 next_pid=5183 next_prio=120
     ksoftirqd/1-5183  [001] ...2   860.109016: sched_switch: prev_comm=ksoftirqd/1 prev_pid=5183 prev_prio=120 prev_state=S ==> next_comm=swapper/1 next_pid=0 next_prio=120
          <idle>-0     [000] ...2   860.109083: sched_switch: prev_comm=swapper/0 prev_pid=0 prev_prio=120 prev_state=R ==> next_comm=mmcqd/1 next_pid=116 next_prio=120
         mmcqd/1-116   [000] ...1   860.109110: block_rq_complete: 179,0 RA () 4019896 + 8 [0]
         mmcqd/1-116   [000] ...2   860.109121: sched_switch: prev_comm=mmcqd/1 prev_pid=116 prev_prio=120 prev_state=S ==> next_comm=swapper/0 next_pid=0 next_prio=120
          <idle>-0     [000] ...2   860.109361: sched_switch: prev_comm=swapper/0 prev_pid=0 prev_prio=120 prev_state=R ==> next_comm=mmcqd/1 next_pid=116 next_prio=120
         mmcqd/1-116   [000] ...1   860.109371: block_rq_complete: 179,0 RA () 4019928 + 8 [0]
         mmcqd/1-116   [000] ...2   860.109388: sched_switch: prev_comm=mmcqd/1 prev_pid=116 prev_prio=120 prev_state=R+ ==> next_comm=kworker/0:1H next_pid=17 next_prio=100
    kworker/0:1H-17    [000] ...2   860.109395: sched_switch: prev_comm=kworker/0:1H prev_pid=17 prev_prio=100 prev_state=S ==> next_comm=mmcqd/1 next_pid=116 next_prio=120
         mmcqd/1-116   [000] ...2   860.109404: sched_switch: prev_comm=mmcqd/1 prev_pid=116 prev_prio=120 prev_state=S ==> next_comm=main next_pid=5186 next_prio=120
            main-5186  [000] d..2   860.109489: block_rq_insert: 179,0 R 0 () 4028368 + 104 [main]
            main-5186  [000] d..2   860.109491: block_rq_insert: 179,0 R 0 () 4028480 + 32 [main]
            main-5186  [000] ...2   860.109502: sched_switch: prev_comm=main prev_pid=5186 prev_prio=120 prev_state=D|W ==> next_comm=mmcqd/1 next_pid=116 next_prio=120
         mmcqd/1-116   [000] ...2   860.109577: sched_switch: prev_comm=mmcqd/1 prev_pid=116 prev_prio=120 prev_state=S ==> next_comm=swapper/0 next_pid=0 next_prio=120
          <idle>-0     [000] ...2   860.110369: sched_switch: prev_comm=swapper/0 prev_pid=0 prev_prio=120 prev_state=R ==> next_comm=mmcqd/1 next_pid=116 next_prio=120
         mmcqd/1-116   [000] ...1   860.110417: block_rq_complete: 179,0 RA () 4028368 + 104 [0]
         mmcqd/1-116   [000] ...2   860.110432: sched_switch: prev_comm=mmcqd/1 prev_pid=116 prev_prio=120 prev_state=S ==> next_comm=swapper/0 next_pid=0 next_prio=120
          <idle>-0     [000] ...2   860.110740: sched_switch: prev_comm=swapper/0 prev_pid=0 prev_prio=120 prev_state=R ==> next_comm=mmcqd/1 next_pid=116 next_prio=120
         mmcqd/1-116   [000] ...1   860.110756: block_rq_complete: 179,0 RA () 4028480 + 32 [0]
         mmcqd/1-116   [000] ...2   860.110772: sched_switch: prev_comm=mmcqd/1 prev_pid=116 prev_prio=120 prev_state=R+ ==> next_comm=kworker/0:1H next_pid=17 next_prio=100
    kworker/0:1H-17    [000] ...2   860.110779: sched_switch: prev_comm=kworker/0:1H prev_pid=17 prev_prio=100 prev_state=S ==> next_comm=mmcqd/1 next_pid=116 next_prio=120
         mmcqd/1-116   [000] ...2   860.110789: sched_switch: prev_comm=mmcqd/1 prev_pid=116 prev_prio=120 prev_state=S ==> next_comm=main next_pid=5186 next_prio=120
          <idle>-0     [001] ...2   860.110889: sched_switch: prev_comm=swapper/1 prev_pid=0 prev_prio=120 prev_state=R ==> next_comm=main next_pid=5194 next_prio=120
            main-5186  [000] ...2   860.111076: sched_switch: prev_comm=main prev_pid=5186 prev_prio=120 prev_state=S ==> next_comm=swapper/0 next_pid=0 next_prio=120
          <idle>-0     [000] ...2   860.111515: sched_switch: prev_comm=swapper/0 prev_pid=0 prev_prio=120 prev_state=R ==> next_comm=main next_pid=5186 next_prio=120
 FinalizerDaemon-5194  [001] ...2   860.111591: sched_switch: prev_comm=FinalizerDaemon prev_pid=5194 prev_prio=120 prev_state=S ==> next_comm=main next_pid=5195 next_prio=120
            main-5186  [000] ...2   860.111804: sched_switch: prev_comm=main prev_pid=5186 prev_prio=120 prev_state=S ==> next_comm=swapper/0 next_pid=0 next_prio=120
          <idle>-0     [000] ...2   860.112227: sched_switch: prev_comm=swapper/0 prev_pid=0 prev_prio=120 prev_state=R ==> next_comm=main next_pid=5186 next_prio=120
 FinalizerWatchd-5195  [001] ...2   860.112287: sched_switch: prev_comm=FinalizerWatchd prev_pid=5195 prev_prio=120 prev_state=S ==> next_comm=main next_pid=5196 next_prio=120
            main-5186  [000] ...2   860.112491: sched_switch: prev_comm=main prev_pid=5186 prev_prio=120 prev_state=S ==> next_comm=swapper/0 next_pid=0 next_prio=120
          <idle>-0     [000] ...2   860.112915: sched_switch: prev_comm=swapper/0 prev_pid=0 prev_prio=120 prev_state=R ==> next_comm=main next_pid=5186 next_prio=120
            main-5186  [000] ...2   860.112930: sched_switch: prev_comm=main prev_pid=5186 prev_prio=120 prev_state=D ==> next_comm=swapper/0 next_pid=0 next_prio=120
          <idle>-0     [000] ...2   860.112941: sched_switch: prev_comm=swapper/0 prev_pid=0 prev_prio=120 prev_state=R ==> next_comm=main next_pid=5186 next_prio=120
 HeapTrimmerDaem-5196  [001] ...2   860.112984: sched_switch: prev_comm=HeapTrimmerDaem prev_pid=5196 prev_prio=120 prev_state=S ==> next_comm=main next_pid=5197 next_prio=120
            main-5186  [000] ...2   860.112997: sched_switch: prev_comm=main prev_pid=5186 prev_prio=120 prev_state=D ==> next_comm=swapper/0 next_pid=0 next_prio=120
          <idle>-0     [000] ...2   860.113008: sched_switch: prev_comm=swapper/0 prev_pid=0 prev_prio=120 prev_state=R ==> next_comm=main next_pid=5186 next_prio=120
            main-5186  [000] d..2   860.113187: block_rq_insert: 179,0 R 0 () 4008360 + 48 [main]
            main-5186  [000] d..2   860.113190: block_rq_insert: 179,0 R 0 () 4008432 + 16 [main]
            main-5186  [000] d..2   860.113192: block_rq_insert: 179,0 R 0 () 4008456 + 8 [main]
            main-5186  [000] d..2   860.113194: block_rq_insert: 179,0 R 0 () 4008536 + 16 [main]
            main-5186  [000] ...2   860.113205: sched_switch: prev_comm=main prev_pid=5186 prev_prio=120 prev_state=D|W ==> next_comm=mmcqd/1 next_pid=116 next_prio=120
         mmcqd/1-116   [000] ...2   860.113250: sched_switch: prev_comm=mmcqd/1 prev_pid=116 prev_prio=120 prev_state=S ==> next_comm=swapper/0 next_pid=0 next_prio=120
          <idle>-0     [000] ...2   860.113551: sched_switch: prev_comm=swapper/0 prev_pid=0 prev_prio=120 prev_state=R ==> next_comm=mmcqd/1 next_pid=116 next_prio=120
         mmcqd/1-116   [000] ...1   860.113577: block_rq_complete: 179,0 RA () 4008536 + 16 [0]
         mmcqd/1-116   [000] ...2   860.113596: sched_switch: prev_comm=mmcqd/1 prev_pid=116 prev_prio=120 prev_state=S ==> next_comm=swapper/0 next_pid=0 next_prio=120
        GCDaemon-5197  [001] ...2   860.113673: sched_switch: prev_comm=GCDaemon prev_pid=5197 prev_prio=120 prev_state=S ==> next_comm=swapper/1 next_pid=0 next_prio=120
          <idle>-0     [000] ...2   860.113814: sched_switch: prev_comm=swapper/0 prev_pid=0 prev_prio=120 prev_state=R ==> next_comm=mmcqd/1 next_pid=116 next_prio=120
         mmcqd/1-116   [000] ...1   860.113839: block_rq_complete: 179,0 RA () 4008456 + 8 [0]
         mmcqd/1-116   [000] ...2   860.113874: sched_switch: prev_comm=mmcqd/1 prev_pid=116 prev_prio=120 prev_state=S ==> next_comm=main next_pid=5186 next_prio=120
            main-5186  [000] ...2   860.113891: sched_switch: prev_comm=main prev_pid=5186 prev_prio=120 prev_state=D|W ==> next_comm=swapper/0 next_pid=0 next_prio=120
          <idle>-0     [000] ...2   860.114150: sched_switch: prev_comm=swapper/0 prev_pid=0 prev_prio=120 prev_state=R ==> next_comm=mmcqd/1 next_pid=116 next_prio=120
         mmcqd/1-116   [000] ...1   860.114177: block_rq_complete: 179,0 RA () 4008432 + 16 [0]
         mmcqd/1-116   [000] ...2   860.114193: sched_switch: prev_comm=mmcqd/1 prev_pid=116 prev_prio=120 prev_state=S ==> next_comm=main next_pid=5186 next_prio=120
            main-5186  [000] d..2   860.114473: block_rq_insert: 179,0 R 0 () 4079784 + 8 [main]
            main-5186  [000] d..2   860.114478: block_rq_insert: 179,0 R 0 () 4079880 + 40 [main]
            main-5186  [000] ...2   860.114491: sched_switch: prev_comm=main prev_pid=5186 prev_prio=120 prev_state=D|W ==> next_comm=mmcqd/1 next_pid=116 next_prio=120
         mmcqd/1-116   [000] ...2   860.114507: sched_switch: prev_comm=mmcqd/1 prev_pid=116 prev_prio=120 prev_state=S ==> next_comm=swapper/0 next_pid=0 next_prio=120
          <idle>-0     [000] ...2   860.114654: sched_switch: prev_comm=swapper/0 prev_pid=0 prev_prio=120 prev_state=R ==> next_comm=mmcqd/1 next_pid=116 next_prio=120
         mmcqd/1-116   [000] ...1   860.114690: block_rq_complete: 179,0 RA () 4008360 + 48 [0]
         mmcqd/1-116   [000] ...2   860.114719: sched_switch: prev_comm=mmcqd/1 prev_pid=116 prev_prio=120 prev_state=S ==> next_comm=swapper/0 next_pid=0 next_prio=120
          <idle>-0     [000] ...2   860.114912: sched_switch: prev_comm=swapper/0 prev_pid=0 prev_prio=120 prev_state=R ==> next_comm=mmcqd/1 next_pid=116 next_prio=120
         mmcqd/1-116   [000] ...1   860.114937: block_rq_complete: 179,0 RA () 4079784 + 8 [0]
         mmcqd/1-116   [000] ...2   860.114949: sched_switch: prev_comm=mmcqd/1 prev_pid=116 prev_prio=120 prev_state=S ==> next_comm=swapper/0 next_pid=0 next_prio=120
          <idle>-0     [000] ...2   860.115383: sched_switch: prev_comm=swapper/0 prev_pid=0 prev_prio=120 prev_state=R ==> next_comm=mmcqd/1 next_pid=116 next_prio=120
         mmcqd/1-116   [000] ...1   860.115400: block_rq_complete: 179,0 RA () 4079880 + 40 [0]
         mmcqd/1-116   [000] ...2   860.115418: sched_switch: prev_comm=mmcqd/1 prev_pid=116 prev_prio=120 prev_state=R+ ==> next_comm=kworker/0:1H next_pid=17 next_prio=100
    kworker/0:1H-17    [000] ...2   860.115426: sched_switch: prev_comm=kworker/0:1H prev_pid=17 prev_prio=100 prev_state=S ==> next_comm=mmcqd/1 next_pid=116 next_prio=120
         mmcqd/1-116   [000] ...2   860.115436: sched_switch: prev_comm=mmcqd/1 prev_pid=116 prev_prio=120 prev_state=S ==> next_comm=main next_pid=5186 next_prio=120
            main-5186  [000] d..2   860.116694: block_rq_insert: 179,0 R 0 () 4084016 + 8 [main]
            main-5186  [000] d..2   860.116698: block_rq_insert: 179,0 R 0 () 4084104 + 8 [main]
            main-5186  [000] d..2   860.116700: block_rq_insert: 179,0 R 0 () 4084128 + 8 [main]
            main-5186  [000] ...2   860.116712: sched_switch: prev_comm=main prev_pid=5186 prev_prio=120 prev_state=R+ ==> next_comm=mmcqd/1 next_pid=116 next_prio=120
         mmcqd/1-116   [000] ...2   860.116764: sched_switch: prev_comm=mmcqd/1 prev_pid=116 prev_prio=120 prev_state=S ==> next_comm=main next_pid=5186 next_prio=120
            main-5186  [000] ...2   860.116770: sched_switch: prev_comm=main prev_pid=5186 prev_prio=120 prev_state=D|W ==> next_comm=swapper/0 next_pid=0 next_prio=120
          <idle>-0     [000] ...2   860.116998: sched_switch: prev_comm=swapper/0 prev_pid=0 prev_prio=120 prev_state=R ==> next_comm=mmcqd/1 next_pid=116 next_prio=120
         mmcqd/1-116   [000] ...1   860.117024: block_rq_complete: 179,0 RA () 4084016 + 8 [0]
         mmcqd/1-116   [000] ...2   860.117044: sched_switch: prev_comm=mmcqd/1 prev_pid=116 prev_prio=120 prev_state=S ==> next_comm=swapper/0 next_pid=0 next_prio=120
          <idle>-0     [000] ...2   860.117257: sched_switch: prev_comm=swapper/0 prev_pid=0 prev_prio=120 prev_state=R ==> next_comm=mmcqd/1 next_pid=116 next_prio=120
         mmcqd/1-116   [000] ...1   860.117282: block_rq_complete: 179,0 RA () 4084104 + 8 [0]
         mmcqd/1-116   [000] ...2   860.117297: sched_switch: prev_comm=mmcqd/1 prev_pid=116 prev_prio=120 prev_state=S ==> next_comm=main next_pid=5186 next_prio=120
            main-5186  [000] ...2   860.117542: sched_switch: prev_comm=main prev_pid=5186 prev_prio=120 prev_state=R+ ==> next_comm=mmcqd/1 next_pid=116 next_prio=120
         mmcqd/1-116   [000] ...1   860.117551: block_rq_complete: 179,0 RA () 4084128 + 8 [0]
         mmcqd/1-116   [000] ...2   860.117565: sched_switch: prev_comm=mmcqd/1 prev_pid=116 prev_prio=120 prev_state=R+ ==> next_comm=kworker/0:1H next_pid=17 next_prio=100
    kworker/0:1H-17    [000] ...2   860.117573: sched_switch: prev_comm=kworker/0:1H prev_pid=17 prev_prio=100 prev_state=S ==> next_comm=mmcqd/1 next_pid=116 next_prio=120
         mmcqd/1-116   [000] ...2   860.117584: sched_switch: prev_comm=mmcqd/1 prev_pid=116 prev_prio=120 prev_state=S ==> next_comm=main next_pid=5186 next_prio=120
            main-5186  [000] d..2   860.118676: block_rq_insert: 179,0 R 0 () 4086360 + 56 [main]
            main-5186  [000] d..2   860.118679: block_rq_insert: 179,0 R 0 () 4086424 + 72 [main]
            main-5186  [000] d..2   860.118681: block_rq_insert: 179,0 R 0 () 4086528 + 32 [main]
            main-5186  [000] ...2   860.118691: sched_switch: prev_comm=main prev_pid=5186 prev_prio=120 prev_state=R+ ==> next_comm=mmcqd/1 next_pid=116 next_prio=120
         mmcqd/1-116   [000] ...2   860.118769: sched_switch: prev_comm=mmcqd/1 prev_pid=116 prev_prio=120 prev_state=S ==> next_comm=main next_pid=5186 next_prio=120
            main-5186  [000] ...2   860.118776: sched_switch: prev_comm=main prev_pid=5186 prev_prio=120 prev_state=D|W ==> next_comm=swapper/0 next_pid=0 next_prio=120
          <idle>-0     [001] ...2   860.118936: sched_switch: prev_comm=swapper/1 prev_pid=0 prev_prio=120 prev_state=R ==> next_comm=ksoftirqd/1 next_pid=5183 next_prio=120
     ksoftirqd/1-5183  [001] ...2   860.118958: sched_switch: prev_comm=ksoftirqd/1 prev_pid=5183 prev_prio=120 prev_state=S ==> next_comm=swapper/1 next_pid=0 next_prio=120
          <idle>-0     [001] ...2   860.118982: sched_switch: prev_comm=swapper/1 prev_pid=0 prev_prio=120 prev_state=R ==> next_comm=ksoftirqd/1 next_pid=5183 next_prio=120
     ksoftirqd/1-5183  [001] ...2   860.119004: sched_switch: prev_comm=ksoftirqd/1 prev_pid=5183 prev_prio=120 prev_state=S ==> next_comm=swapper/1 next_pid=0 next_prio=120
          <idle>-0     [000] ...2   860.119259: sched_switch: prev_comm=swapper/0 prev_pid=0 prev_prio=120 prev_state=R ==> next_comm=mmcqd/1 next_pid=116 next_prio=120
         mmcqd/1-116   [000] ...1   860.119296: block_rq_complete: 179,0 RA () 4086360 + 56 [0]
         mmcqd/1-116   [000] ...2   860.119324: sched_switch: prev_comm=mmcqd/1 prev_pid=116 prev_prio=120 prev_state=S ==> next_comm=swapper/0 next_pid=0 next_prio=120
          <idle>-0     [000] ...2   860.119831: sched_switch: prev_comm=swapper/0 prev_pid=0 prev_prio=120 prev_state=R ==> next_comm=mmcqd/1 next_pid=116 next_prio=120
         mmcqd/1-116   [000] ...1   860.119871: block_rq_complete: 179,0 RA () 4086424 + 72 [0]
         mmcqd/1-116   [000] ...2   860.119889: sched_switch: prev_comm=mmcqd/1 prev_pid=116 prev_prio=120 prev_state=S ==> next_comm=main next_pid=5186 next_prio=120
            main-5186  [000] ...2   860.120187: sched_switch: prev_comm=main prev_pid=5186 prev_prio=120 prev_state=R ==> next_comm=mmcqd/1 next_pid=116 next_prio=120
         mmcqd/1-116   [000] ...1   860.120203: block_rq_complete: 179,0 RA () 4086528 + 32 [0]
         mmcqd/1-116   [000] ...2   860.120217: sched_switch: prev_comm=mmcqd/1 prev_pid=116 prev_prio=120 prev_state=R+ ==> next_comm=kworker/0:1H next_pid=17 next_prio=100
    kworker/0:1H-17    [000] ...2   860.120224: sched_switch: prev_comm=kworker/0:1H prev_pid=17 prev_prio=100 prev_state=S ==> next_comm=mmcqd/1 next_pid=116 next_prio=120
         mmcqd/1-116   [000] ...2   860.120234: sched_switch: prev_comm=mmcqd/1 prev_pid=116 prev_prio=120 prev_state=S ==> next_comm=main next_pid=5186 next_prio=120
            main-5186  [000] d..2   860.121899: block_rq_insert: 179,0 R 0 () 4078456 + 40 [main]
            main-5186  [000] d..2   860.121903: block_rq_insert: 179,0 R 0 () 4078544 + 88 [main]
            main-5186  [000] d..2   860.121905: block_rq_insert: 179,0 R 0 () 4078640 + 56 [main]
            main-5186  [000] ...2   860.121917: sched_switch: prev_comm=main prev_pid=5186 prev_prio=120 prev_state=R+ ==> next_comm=mmcqd/1 next_pid=116 next_prio=120
         mmcqd/1-116   [000] ...2   860.122001: sched_switch: prev_comm=mmcqd/1 prev_pid=116 prev_prio=120 prev_state=S ==> next_comm=main next_pid=5186 next_prio=120
            main-5186  [000] ...2   860.122008: sched_switch: prev_comm=main prev_pid=5186 prev_prio=120 prev_state=D|W ==> next_comm=swapper/0 next_pid=0 next_prio=120
          <idle>-0     [000] ...2   860.122478: sched_switch: prev_comm=swapper/0 prev_pid=0 prev_prio=120 prev_state=R ==> next_comm=mmcqd/1 next_pid=116 next_prio=120
         mmcqd/1-116   [000] ...1   860.122515: block_rq_complete: 179,0 RA () 4078640 + 56 [0]
         mmcqd/1-116   [000] ...2   860.122544: sched_switch: prev_comm=mmcqd/1 prev_pid=116 prev_prio=120 prev_state=S ==> next_comm=swapper/0 next_pid=0 next_prio=120
          <idle>-0     [000] ...2   860.123231: sched_switch: prev_comm=swapper/0 prev_pid=0 prev_prio=120 prev_state=R ==> next_comm=mmcqd/1 next_pid=116 next_prio=120
         mmcqd/1-116   [000] ...1   860.123274: block_rq_complete: 179,0 RA () 4078544 + 88 [0]
         mmcqd/1-116   [000] ...2   860.123293: sched_switch: prev_comm=mmcqd/1 prev_pid=116 prev_prio=120 prev_state=S ==> next_comm=main next_pid=5186 next_prio=120
            main-5186  [000] d..2   860.123364: block_rq_insert: 179,0 R 0 () 4078128 + 8 [main]
            main-5186  [000] d..2   860.123367: block_rq_insert: 179,0 R 0 () 4078152 + 8 [main]
            main-5186  [000] d..2   860.123369: block_rq_insert: 179,0 R 0 () 4078176 + 24 [main]
            main-5186  [000] d..2   860.123372: block_rq_insert: 179,0 R 0 () 4078208 + 56 [main]
            main-5186  [000] d..2   860.123374: block_rq_insert: 179,0 R 0 () 4078280 + 104 [main]
            main-5186  [000] ...2   860.123383: sched_switch: prev_comm=main prev_pid=5186 prev_prio=120 prev_state=R+ ==> next_comm=mmcqd/1 next_pid=116 next_prio=120
         mmcqd/1-116   [000] ...2   860.123425: sched_switch: prev_comm=mmcqd/1 prev_pid=116 prev_prio=120 prev_state=S ==> next_comm=main next_pid=5186 next_prio=120
            main-5186  [000] ...2   860.123431: sched_switch: prev_comm=main prev_pid=5186 prev_prio=120 prev_state=D|W ==> next_comm=swapper/0 next_pid=0 next_prio=120
          <idle>-0     [000] ...2   860.123695: sched_switch: prev_comm=swapper/0 prev_pid=0 prev_prio=120 prev_state=R ==> next_comm=mmcqd/1 next_pid=116 next_prio=120
         mmcqd/1-116   [000] ...1   860.123728: block_rq_complete: 179,0 RA () 4078456 + 40 [0]
         mmcqd/1-116   [000] ...2   860.123760: sched_switch: prev_comm=mmcqd/1 prev_pid=116 prev_prio=120 prev_state=S ==> next_comm=swapper/0 next_pid=0 next_prio=120
          <idle>-0     [000] ...2   860.124514: sched_switch: prev_comm=swapper/0 prev_pid=0 prev_prio=120 prev_state=R ==> next_comm=mmcqd/1 next_pid=116 next_prio=120
         mmcqd/1-116   [000] ...1   860.124561: block_rq_complete: 179,0 RA () 4078280 + 104 [0]
         mmcqd/1-116   [000] ...2   860.124586: sched_switch: prev_comm=mmcqd/1 prev_pid=116 prev_prio=120 prev_state=S ==> next_comm=swapper/0 next_pid=0 next_prio=120
          <idle>-0     [000] ...2   860.125011: sched_switch: prev_comm=swapper/0 prev_pid=0 prev_prio=120 prev_state=R ==> next_comm=mmcqd/1 next_pid=116 next_prio=120
         mmcqd/1-116   [000] ...1   860.125047: block_rq_complete: 179,0 RA () 4078208 + 56 [0]
         mmcqd/1-116   [000] ...2   860.125071: sched_switch: prev_comm=mmcqd/1 prev_pid=116 prev_prio=120 prev_state=S ==> next_comm=main next_pid=5186 next_prio=120
            main-5186  [000] d..2   860.125239: block_rq_insert: 179,0 R 0 () 4077968 + 8 [main]
            main-5186  [000] d..2   860.125241: block_rq_insert: 179,0 R 0 () 4078016 + 88 [main]
            main-5186  [000] ...2   860.125248: sched_switch: prev_comm=main prev_pid=5186 prev_prio=120 prev_state=D|W ==> next_comm=swapper/0 next_pid=0 next_prio=120
          <idle>-0     [000] ...2   860.125355: sched_switch: prev_comm=swapper/0 prev_pid=0 prev_prio=120 prev_state=R ==> next_comm=mmcqd/1 next_pid=116 next_prio=120
         mmcqd/1-116   [000] ...1   860.125385: block_rq_complete: 179,0 RA () 4078176 + 24 [0]
         mmcqd/1-116   [000] ...2   860.125408: sched_switch: prev_comm=mmcqd/1 prev_pid=116 prev_prio=120 prev_state=S ==> next_comm=swapper/0 next_pid=0 next_prio=120
          <idle>-0     [000] ...2   860.125631: sched_switch: prev_comm=swapper/0 prev_pid=0 prev_prio=120 prev_state=R ==> next_comm=mmcqd/1 next_pid=116 next_prio=120
         mmcqd/1-116   [000] ...1   860.125657: block_rq_complete: 179,0 RA () 4078152 + 8 [0]
         mmcqd/1-116   [000] ...2   860.125696: sched_switch: prev_comm=mmcqd/1 prev_pid=116 prev_prio=120 prev_state=S ==> next_comm=swapper/0 next_pid=0 next_prio=120
          <idle>-0     [000] ...2   860.125982: sched_switch: prev_comm=swapper/0 prev_pid=0 prev_prio=120 prev_state=R ==> next_comm=mmcqd/1 next_pid=116 next_prio=120
         mmcqd/1-116   [000] ...1   860.126011: block_rq_complete: 179,0 RA () 4078112 + 24 [0]
         mmcqd/1-116   [000] ...2   860.126030: sched_switch: prev_comm=mmcqd/1 prev_pid=116 prev_prio=120 prev_state=S ==> next_comm=swapper/0 next_pid=0 next_prio=120
          <idle>-0     [000] ...2   860.126743: sched_switch: prev_comm=swapper/0 prev_pid=0 prev_prio=120 prev_state=R ==> next_comm=mmcqd/1 next_pid=116 next_prio=120
         mmcqd/1-116   [000] ...1   860.126785: block_rq_complete: 179,0 RA () 4078016 + 88 [0]
         mmcqd/1-116   [000] ...2   860.126803: sched_switch: prev_comm=mmcqd/1 prev_pid=116 prev_prio=120 prev_state=S ==> next_comm=main next_pid=5186 next_prio=120
            main-5186  [000] d..2   860.126955: block_rq_insert: 179,0 R 0 () 3992040 + 24 [main]
            main-5186  [000] d..2   860.126958: block_rq_insert: 179,0 R 0 () 3992168 + 8 [main]
            main-5186  [000] d..2   860.126960: block_rq_insert: 179,0 R 0 () 3992192 + 56 [main]
            main-5186  [000] ...2   860.126982: sched_switch: prev_comm=main prev_pid=5186 prev_prio=120 prev_state=R+ ==> next_comm=mmcqd/1 next_pid=116 next_prio=120
         mmcqd/1-116   [000] ...1   860.126992: block_rq_complete: 179,0 RA () 4077968 + 8 [0]
         mmcqd/1-116   [000] ...2   860.127006: sched_switch: prev_comm=mmcqd/1 prev_pid=116 prev_prio=120 prev_state=R+ ==> next_comm=kworker/0:1H next_pid=17 next_prio=100
    kworker/0:1H-17    [000] ...2   860.127015: sched_switch: prev_comm=kworker/0:1H prev_pid=17 prev_prio=100 prev_state=S ==> next_comm=mmcqd/1 next_pid=116 next_prio=120
