          <idle>-0     [000] ...2   884.896319: sched_switch: prev_comm=swapper/0 prev_pid=0 prev_prio=120 prev_state=R ==> next_comm=mmcqd/1 next_pid=116 next_prio=120
         mmcqd/1-116   [000] ...1   884.896364: block_rq_complete: 179,0 RA () 4083392 + 24 [0]
          <idle>-0     [001] ...2   884.896382: sched_switch: prev_comm=swapper/1 prev_pid=0 prev_prio=120 prev_state=R ==> next_comm=main next_pid=5317 next_prio=120
         mmcqd/1-116   [000] ...2   884.896390: sched_switch: prev_comm=mmcqd/1 prev_pid=116 prev_prio=120 prev_state=S ==> next_comm=swapper/0 next_pid=0 next_prio=120
            main-5317  [001] d..2   884.896425: block_rq_insert: 179,0 R 0 () 4082888 + 24 [main]
            main-5317  [001] d..2   884.896427: block_rq_insert: 179,0 R 0 () 4083008 + 8 [main]
            main-5317  [001] ...2   884.896440: sched_switch: prev_comm=main prev_pid=5317 prev_prio=120 prev_state=D|W ==> next_comm=swapper/1 next_pid=0 next_prio=120
          <idle>-0     [000] ...2   884.896443: sched_switch: prev_comm=swapper/0 prev_pid=0 prev_prio=120 prev_state=R ==> next_comm=mmcqd/1 next_pid=116 next_prio=120
         mmcqd/1-116   [000] ...2   884.896467: sched_switch: prev_comm=mmcqd/1 prev_pid=116 prev_prio=120 prev_state=S ==> next_comm=swapper/0 next_pid=0 next_prio=120
          <idle>-0     [000] ...2   884.896585: sched_switch: prev_comm=swapper/0 prev_pid=0 prev_prio=120 prev_state=R ==> next_comm=mmcqd/1 next_pid=116 next_prio=120
         mmcqd/1-116   [000] ...1   884.896623: block_rq_complete: 179,0 RA () 4083344 + 8 [0]
         mmcqd/1-116   [000] ...2   884.896659: sched_switch: prev_comm=mmcqd/1 prev_pid=116 prev_prio=120 prev_state=S ==> next_comm=swapper/0 next_pid=0 next_prio=120
          <idle>-0     [000] ...2   884.896881: sched_switch: prev_comm=swapper/0 prev_pid=0 prev_prio=120 prev_state=R ==> next_comm=mmcqd/1 next_pid=116 next_prio=120
         mmcqd/1-116   [000] ...1   884.896919: block_rq_complete: 179,0 RA () 4083008 + 8 [0]
         mmcqd/1-116   [000] ...2   884.896937: sched_switch: prev_comm=mmcqd/1 prev_pid=116 prev_prio=120 prev_state=S ==> next_comm=swapper/0 next_pid=0 next_prio=120
          <idle>-0     [000] ...2   884.897236: sched_switch: prev_comm=swapper/0 prev_pid=0 prev_prio=120 prev_state=R ==> next_comm=mmcqd/1 next_pid=116 next_prio=120
         mmcqd/1-116   [000] ...1   884.897257: block_rq_complete: 179,0 RA () 4082888 + 24 [0]
          <idle>-0     [001] ...2   884.897274: sched_switch: prev_comm=swapper/1 prev_pid=0 prev_prio=120 prev_state=R ==> next_comm=main next_pid=5317 next_prio=120
         mmcqd/1-116   [000] ...2   884.897285: sched_switch: prev_comm=mmcqd/1 prev_pid=116 prev_prio=120 prev_state=R+ ==> next_comm=kworker/0:1H next_pid=17 next_prio=100
    kworker/0:1H-17    [000] ...2   884.897297: sched_switch: prev_comm=kworker/0:1H prev_pid=17 prev_prio=100 prev_state=S ==> next_comm=mmcqd/1 next_pid=116 next_prio=120
         mmcqd/1-116   [000] ...2   884.897313: sched_switch: prev_comm=mmcqd/1 prev_pid=116 prev_prio=120 prev_state=S ==> next_comm=swapper/0 next_pid=0 next_prio=120
            main-5317  [001] d..2   884.897408: block_rq_insert: 179,0 R 0 () 4085480 + 136 [main]
            main-5317  [001] ...2   884.897422: sched_switch: prev_comm=main prev_pid=5317 prev_prio=120 prev_state=D|W ==> next_comm=swapper/1 next_pid=0 next_prio=120
          <idle>-0     [000] ...2   884.897426: sched_switch: prev_comm=swapper/0 prev_pid=0 prev_prio=120 prev_state=R ==> next_comm=mmcqd/1 next_pid=116 next_prio=120
         mmcqd/1-116   [000] ...2   884.897537: sched_switch: prev_comm=mmcqd/1 prev_pid=116 prev_prio=120 prev_state=S ==> next_comm=swapper/0 next_pid=0 next_prio=120
          <idle>-0     [000] ...2   884.898461: sched_switch: prev_comm=swapper/0 prev_pid=0 prev_prio=120 prev_state=R ==> next_comm=mmcqd/1 next_pid=116 next_prio=120
         mmcqd/1-116   [000] ...1   884.898522: block_rq_complete: 179,0 RA () 4085480 + 136 [0]
          <idle>-0     [001] ...2   884.898545: sched_switch: prev_comm=swapper/1 prev_pid=0 prev_prio=120 prev_state=R ==> next_comm=main next_pid=5317 next_prio=120
         mmcqd/1-116   [000] ...2   884.898556: sched_switch: prev_comm=mmcqd/1 prev_pid=116 prev_prio=120 prev_state=R+ ==> next_comm=kworker/0:1H next_pid=17 next_prio=100
    kworker/0:1H-17    [000] ...2   884.898567: sched_switch: prev_comm=kworker/0:1H prev_pid=17 prev_prio=100 prev_state=S ==> next_comm=mmcqd/1 next_pid=116 next_prio=120
         mmcqd/1-116   [000] ...2   884.898581: sched_switch: prev_comm=mmcqd/1 prev_pid=116 prev_prio=120 prev_state=S ==> next_comm=swapper/0 next_pid=0 next_prio=120
            main-5317  [001] d..2   884.898692: block_rq_insert: 179,0 R 0 () 4083264 + 8 [main]
            main-5317  [001] ...2   884.898705: sched_switch: prev_comm=main prev_pid=5317 prev_prio=120 prev_state=D|W ==> next_comm=swapper/1 next_pid=0 next_prio=120
          <idle>-0     [000] ...2   884.898708: sched_switch: prev_comm=swapper/0 prev_pid=0 prev_prio=120 prev_state=R ==> next_comm=mmcqd/1 next_pid=116 next_prio=120
         mmcqd/1-116   [000] ...2   884.898763: sched_switch: prev_comm=mmcqd/1 prev_pid=116 prev_prio=120 prev_state=S ==> next_comm=swapper/0 next_pid=0 next_prio=120
          <idle>-0     [000] ...2   884.898923: sched_switch: prev_comm=swapper/0 prev_pid=0 prev_prio=120 prev_state=R ==> next_comm=kworker/0:1H next_pid=17 next_prio=100
    kworker/0:1H-17    [000] ...2   884.898944: sched_switch: prev_comm=kworker/0:1H prev_pid=17 prev_prio=100 prev_state=S ==> next_comm=kworker/0:0 next_pid=4 next_prio=120
     kworker/0:0-4     [000] ...2   884.898956: sched_switch: prev_comm=kworker/0:0 prev_pid=4 prev_prio=120 prev_state=S ==> next_comm=swapper/0 next_pid=0 next_prio=120
          <idle>-0     [000] ...2   884.899012: sched_switch: prev_comm=swapper/0 prev_pid=0 prev_prio=120 prev_state=R ==> next_comm=mmcqd/1 next_pid=116 next_prio=120
         mmcqd/1-116   [000] ...1   884.899027: block_rq_complete: 179,0 RA () 4083264 + 8 [0]
          <idle>-0     [001] ...2   884.899044: sched_switch: prev_comm=swapper/1 prev_pid=0 prev_prio=120 prev_state=R ==> next_comm=main next_pid=5317 next_prio=120
         mmcqd/1-116   [000] ...2   884.899053: sched_switch: prev_comm=mmcqd/1 prev_pid=116 prev_prio=120 prev_state=R+ ==> next_comm=kworker/0:1H next_pid=17 next_prio=100
    kworker/0:1H-17    [000] ...2   884.899064: sched_switch: prev_comm=kworker/0:1H prev_pid=17 prev_prio=100 prev_state=S ==> next_comm=mmcqd/1 next_pid=116 next_prio=120
         mmcqd/1-116   [000] ...2   884.899078: sched_switch: prev_comm=mmcqd/1 prev_pid=116 prev_prio=120 prev_state=S ==> next_comm=swapper/0 next_pid=0 next_prio=120
            main-5317  [001] d..2   884.899745: block_rq_insert: 179,0 R 0 () 4085656 + 256 [main]
            main-5317  [001] ...2   884.899759: sched_switch: prev_comm=main prev_pid=5317 prev_prio=120 prev_state=D|W ==> next_comm=swapper/1 next_pid=0 next_prio=120
          <idle>-0     [000] ...2   884.899762: sched_switch: prev_comm=swapper/0 prev_pid=0 prev_prio=120 prev_state=R ==> next_comm=mmcqd/1 next_pid=116 next_prio=120
         mmcqd/1-116   [000] ...2   884.899922: sched_switch: prev_comm=mmcqd/1 prev_pid=116 prev_prio=120 prev_state=S ==> next_comm=swapper/0 next_pid=0 next_prio=120
          <idle>-0     [000] ...2   884.901417: sched_switch: prev_comm=swapper/0 prev_pid=0 prev_prio=120 prev_state=R ==> next_comm=mmcqd/1 next_pid=116 next_prio=120
         mmcqd/1-116   [000] ...1   884.901521: block_rq_complete: 179,0 RA () 4085656 + 256 [0]
          <idle>-0     [001] ...2   884.901544: sched_switch: prev_comm=swapper/1 prev_pid=0 prev_prio=120 prev_state=R ==> next_comm=main next_pid=5317 next_prio=120
         mmcqd/1-116   [000] ...2   884.901560: sched_switch: prev_comm=mmcqd/1 prev_pid=116 prev_prio=120 prev_state=R+ ==> next_comm=kworker/0:1H next_pid=17 next_prio=100
    kworker/0:1H-17    [000] ...2   884.901571: sched_switch: prev_comm=kworker/0:1H prev_pid=17 prev_prio=100 prev_state=S ==> next_comm=mmcqd/1 next_pid=116 next_prio=120
         mmcqd/1-116   [000] ...2   884.901589: sched_switch: prev_comm=mmcqd/1 prev_pid=116 prev_prio=120 prev_state=S ==> next_comm=swapper/0 next_pid=0 next_prio=120
            main-5317  [001] d..2   884.902504: block_rq_insert: 179,0 R 0 () 4085912 + 256 [main]
          <idle>-0     [000] ...2   884.902524: sched_switch: prev_comm=swapper/0 prev_pid=0 prev_prio=120 prev_state=R ==> next_comm=mmcqd/1 next_pid=116 next_prio=120
            main-5317  [001] ...2   884.902582: sched_switch: prev_comm=main prev_pid=5317 prev_prio=120 prev_state=D|W ==> next_comm=swapper/1 next_pid=0 next_prio=120
         mmcqd/1-116   [000] ...2   884.902687: sched_switch: prev_comm=mmcqd/1 prev_pid=116 prev_prio=120 prev_state=S ==> next_comm=swapper/0 next_pid=0 next_prio=120
          <idle>-0     [000] ...2   884.904166: sched_switch: prev_comm=swapper/0 prev_pid=0 prev_prio=120 prev_state=R ==> next_comm=mmcqd/1 next_pid=116 next_prio=120
         mmcqd/1-116   [000] ...1   884.904268: block_rq_complete: 179,0 RA () 4085912 + 256 [0]
          <idle>-0     [001] ...2   884.904287: sched_switch: prev_comm=swapper/1 prev_pid=0 prev_prio=120 prev_state=R ==> next_comm=main next_pid=5317 next_prio=120
         mmcqd/1-116   [000] ...2   884.904309: sched_switch: prev_comm=mmcqd/1 prev_pid=116 prev_prio=120 prev_state=R+ ==> next_comm=kworker/0:1H next_pid=17 next_prio=100
    kworker/0:1H-17    [000] ...2   884.904321: sched_switch: prev_comm=kworker/0:1H prev_pid=17 prev_prio=100 prev_state=S ==> next_comm=mmcqd/1 next_pid=116 next_prio=120
         mmcqd/1-116   [000] ...2   884.904339: sched_switch: prev_comm=mmcqd/1 prev_pid=116 prev_prio=120 prev_state=S ==> next_comm=swapper/0 next_pid=0 next_prio=120
            main-5317  [001] d..2   884.904356: block_rq_insert: 179,0 R 0 () 4072864 + 64 [main]
            main-5317  [001] d..2   884.904359: block_rq_insert: 179,0 R 0 () 4072944 + 8 [main]
            main-5317  [001] ...2   884.904372: sched_switch: prev_comm=main prev_pid=5317 prev_prio=120 prev_state=D|W ==> next_comm=swapper/1 next_pid=0 next_prio=120
          <idle>-0     [000] ...2   884.904375: sched_switch: prev_comm=swapper/0 prev_pid=0 prev_prio=120 prev_state=R ==> next_comm=mmcqd/1 next_pid=116 next_prio=120
         mmcqd/1-116   [000] ...2   884.904467: sched_switch: prev_comm=mmcqd/1 prev_pid=116 prev_prio=120 prev_state=S ==> next_comm=swapper/0 next_pid=0 next_prio=120
          <idle>-0     [000] ...2   884.904673: sched_switch: prev_comm=swapper/0 prev_pid=0 prev_prio=120 prev_state=R ==> next_comm=mmcqd/1 next_pid=116 next_prio=120
         mmcqd/1-116   [000] ...1   884.904712: block_rq_complete: 179,0 RA () 4072944 + 8 [0]
         mmcqd/1-116   [000] ...2   884.904733: sched_switch: prev_comm=mmcqd/1 prev_pid=116 prev_prio=120 prev_state=S ==> next_comm=swapper/0 next_pid=0 next_prio=120
          <idle>-0     [000] ...2   884.905236: sched_switch: prev_comm=swapper/0 prev_pid=0 prev_prio=120 prev_state=R ==> next_comm=mmcqd/1 next_pid=116 next_prio=120
         mmcqd/1-116   [000] ...1   884.905271: block_rq_complete: 179,0 RA () 4072864 + 64 [0]
          <idle>-0     [001] ...2   884.905288: sched_switch: prev_comm=swapper/1 prev_pid=0 prev_prio=120 prev_state=R ==> next_comm=main next_pid=5317 next_prio=120
         mmcqd/1-116   [000] ...2   884.905301: sched_switch: prev_comm=mmcqd/1 prev_pid=116 prev_prio=120 prev_state=R+ ==> next_comm=kworker/0:1H next_pid=17 next_prio=100
    kworker/0:1H-17    [000] ...2   884.905312: sched_switch: prev_comm=kworker/0:1H prev_pid=17 prev_prio=100 prev_state=S ==> next_comm=mmcqd/1 next_pid=116 next_prio=120
         mmcqd/1-116   [000] ...2   884.905329: sched_switch: prev_comm=mmcqd/1 prev_pid=116 prev_prio=120 prev_state=S ==> next_comm=swapper/0 next_pid=0 next_prio=120
            main-5317  [001] d..2   884.905583: block_rq_insert: 179,0 R 0 () 4086168 + 184 [main]
            main-5317  [001] ...2   884.905597: sched_switch: prev_comm=main prev_pid=5317 prev_prio=120 prev_state=D|W ==> next_comm=swapper/1 next_pid=0 next_prio=120
          <idle>-0     [000] ...2   884.905600: sched_switch: prev_comm=swapper/0 prev_pid=0 prev_prio=120 prev_state=R ==> next_comm=mmcqd/1 next_pid=116 next_prio=120
         mmcqd/1-116   [000] ...2   884.905732: sched_switch: prev_comm=mmcqd/1 prev_pid=116 prev_prio=120 prev_state=S ==> next_comm=swapper/0 next_pid=0 next_prio=120
          <idle>-0     [000] ...2   884.906879: sched_switch: prev_comm=swapper/0 prev_pid=0 prev_prio=120 prev_state=R ==> next_comm=mmcqd/1 next_pid=116 next_prio=120
         mmcqd/1-116   [000] ...1   884.906953: block_rq_complete: 179,0 RA () 4086168 + 184 [0]
          <idle>-0     [001] ...2   884.906976: sched_switch: prev_comm=swapper/1 prev_pid=0 prev_prio=120 prev_state=R ==> next_comm=main next_pid=5317 next_prio=120
         mmcqd/1-116   [000] ...2   884.906989: sched_switch: prev_comm=mmcqd/1 prev_pid=116 prev_prio=120 prev_state=R+ ==> next_comm=kworker/0:1H next_pid=17 next_prio=100
    kworker/0:1H-17    [000] ...2   884.907001: sched_switch: prev_comm=kworker/0:1H prev_pid=17 prev_prio=100 prev_state=S ==> next_comm=mmcqd/1 next_pid=116 next_prio=120
         mmcqd/1-116   [000] ...2   884.907018: sched_switch: prev_comm=mmcqd/1 prev_pid=116 prev_prio=120 prev_state=S ==> next_comm=swapper/0 next_pid=0 next_prio=120
            main-5317  [001] d..2   884.907313: block_rq_insert: 179,0 R 0 () 1207472 + 8 [main]
            main-5317  [001] d..2   884.907316: block_rq_insert: 179,0 R 0 () 1207488 + 24 [main]
            main-5317  [001] d..2   884.907318: block_rq_insert: 179,0 R 0 () 1207584 + 24 [main]
            main-5317  [001] ...2   884.907333: sched_switch: prev_comm=main prev_pid=5317 prev_prio=120 prev_state=D|W ==> next_comm=swapper/1 next_pid=0 next_prio=120
          <idle>-0     [000] ...2   884.907336: sched_switch: prev_comm=swapper/0 prev_pid=0 prev_prio=120 prev_state=R ==> next_comm=mmcqd/1 next_pid=116 next_prio=120
          <idle>-0     [001] ...2   884.907347: sched_switch: prev_comm=swapper/1 prev_pid=0 prev_prio=120 prev_state=R ==> next_comm=ksoftirqd/1 next_pid=5316 next_prio=120
     ksoftirqd/1-5316  [001] ...2   884.907356: sched_switch: prev_comm=ksoftirqd/1 prev_pid=5316 prev_prio=120 prev_state=S ==> next_comm=swapper/1 next_pid=0 next_prio=120
          <idle>-0     [001] ...2   884.907370: sched_switch: prev_comm=swapper/1 prev_pid=0 prev_prio=120 prev_state=R ==> next_comm=ksoftirqd/1 next_pid=5316 next_prio=120
     ksoftirqd/1-5316  [001] ...2   884.907377: sched_switch: prev_comm=ksoftirqd/1 prev_pid=5316 prev_prio=120 prev_state=S ==> next_comm=swapper/1 next_pid=0 next_prio=120
          <idle>-0     [001] ...2   884.907390: sched_switch: prev_comm=swapper/1 prev_pid=0 prev_prio=120 prev_state=R ==> next_comm=ksoftirqd/1 next_pid=5316 next_prio=120
     ksoftirqd/1-5316  [001] ...2   884.907397: sched_switch: prev_comm=ksoftirqd/1 prev_pid=5316 prev_prio=120 prev_state=S ==> next_comm=swapper/1 next_pid=0 next_prio=120
         mmcqd/1-116   [000] ...2   884.907412: sched_switch: prev_comm=mmcqd/1 prev_pid=116 prev_prio=120 prev_state=S ==> next_comm=swapper/0 next_pid=0 next_prio=120
          <idle>-0     [000] ...2   884.907637: sched_switch: prev_comm=swapper/0 prev_pid=0 prev_prio=120 prev_state=R ==> next_comm=mmcqd/1 next_pid=116 next_prio=120
         mmcqd/1-116   [000] ...1   884.907676: block_rq_complete: 179,0 RA () 1207472 + 8 [0]
         mmcqd/1-116   [000] ...2   884.907716: sched_switch: prev_comm=mmcqd/1 prev_pid=116 prev_prio=120 prev_state=S ==> next_comm=swapper/0 next_pid=0 next_prio=120
          <idle>-0     [000] ...2   884.907993: sched_switch: prev_comm=swapper/0 prev_pid=0 prev_prio=120 prev_state=R ==> next_comm=mmcqd/1 next_pid=116 next_prio=120
         mmcqd/1-116   [000] ...1   884.908038: block_rq_complete: 179,0 RA () 1207488 + 24 [0]
         mmcqd/1-116   [000] ...2   884.908060: sched_switch: prev_comm=mmcqd/1 prev_pid=116 prev_prio=120 prev_state=S ==> next_comm=swapper/0 next_pid=0 next_prio=120
          <idle>-0     [000] ...2   884.908344: sched_switch: prev_comm=swapper/0 prev_pid=0 prev_prio=120 prev_state=R ==> next_comm=mmcqd/1 next_pid=116 next_prio=120
         mmcqd/1-116   [000] ...1   884.908366: block_rq_complete: 179,0 RA () 1207584 + 24 [0]
          <idle>-0     [001] ...2   884.908382: sched_switch: prev_comm=swapper/1 prev_pid=0 prev_prio=120 prev_state=R ==> next_comm=main next_pid=5317 next_prio=120
         mmcqd/1-116   [000] ...2   884.908394: sched_switch: prev_comm=mmcqd/1 prev_pid=116 prev_prio=120 prev_state=R+ ==> next_comm=kworker/0:1H next_pid=17 next_prio=100
    kworker/0:1H-17    [000] ...2   884.908406: sched_switch: prev_comm=kworker/0:1H prev_pid=17 prev_prio=100 prev_state=S ==> next_comm=mmcqd/1 next_pid=116 next_prio=120
         mmcqd/1-116   [000] ...2   884.908424: sched_switch: prev_comm=mmcqd/1 prev_pid=116 prev_prio=120 prev_state=S ==> next_comm=swapper/0 next_pid=0 next_prio=120
            main-5317  [001] ...2   884.908906: sched_switch: prev_comm=main prev_pid=5317 prev_prio=120 prev_state=R ==> next_comm=kworker/1:0H next_pid=5315 next_prio=100
    kworker/1:0H-5315  [001] ...2   884.908922: sched_switch: prev_comm=kworker/1:0H prev_pid=5315 prev_prio=100 prev_state=S ==> next_comm=main next_pid=5317 next_prio=120
          <idle>-0     [000] ...2   884.908927: sched_switch: prev_comm=swapper/0 prev_pid=0 prev_prio=120 prev_state=R ==> next_comm=kworker/0:0 next_pid=4 next_prio=120
     kworker/0:0-4     [000] ...2   884.908947: sched_switch: prev_comm=kworker/0:0 prev_pid=4 prev_prio=120 prev_state=S ==> next_comm=swapper/0 next_pid=0 next_prio=120
            main-5317  [001] d..2   884.910369: block_rq_insert: 179,0 R 0 () 3996192 + 8 [main]
            main-5317  [001] d..2   884.910373: block_rq_insert: 179,0 R 0 () 3996264 + 8 [main]
            main-5317  [001] ...2   884.910391: sched_switch: prev_comm=main prev_pid=5317 prev_prio=120 prev_state=D|W ==> next_comm=swapper/1 next_pid=0 next_prio=120
          <idle>-0     [000] ...2   884.910398: sched_switch: prev_comm=swapper/0 prev_pid=0 prev_prio=120 prev_state=R ==> next_comm=mmcqd/1 next_pid=116 next_prio=120
          <idle>-0     [001] ...2   884.910408: sched_switch: prev_comm=swapper/1 prev_pid=0 prev_prio=120 prev_state=R ==> next_comm=ksoftirqd/1 next_pid=5316 next_prio=120
     ksoftirqd/1-5316  [001] ...2   884.910418: sched_switch: prev_comm=ksoftirqd/1 prev_pid=5316 prev_prio=120 prev_state=S ==> next_comm=swapper/1 next_pid=0 next_prio=120
         mmcqd/1-116   [000] ...2   884.910474: sched_switch: prev_comm=mmcqd/1 prev_pid=116 prev_prio=120 prev_state=S ==> next_comm=swapper/0 next_pid=0 next_prio=120
          <idle>-0     [000] ...2   884.910715: sched_switch: prev_comm=swapper/0 prev_pid=0 prev_prio=120 prev_state=R ==> next_comm=mmcqd/1 next_pid=116 next_prio=120
         mmcqd/1-116   [000] ...1   884.910759: block_rq_complete: 179,0 RA () 3996192 + 8 [0]
         mmcqd/1-116   [000] ...2   884.910782: sched_switch: prev_comm=mmcqd/1 prev_pid=116 prev_prio=120 prev_state=S ==> next_comm=swapper/0 next_pid=0 next_prio=120
          <idle>-0     [000] ...2   884.911013: sched_switch: prev_comm=swapper/0 prev_pid=0 prev_prio=120 prev_state=R ==> next_comm=mmcqd/1 next_pid=116 next_prio=120
         mmcqd/1-116   [000] ...1   884.911028: block_rq_complete: 179,0 RA () 3996264 + 8 [0]
          <idle>-0     [001] ...2   884.911045: sched_switch: prev_comm=swapper/1 prev_pid=0 prev_prio=120 prev_state=R ==> next_comm=main next_pid=5317 next_prio=120
         mmcqd/1-116   [000] ...2   884.911055: sched_switch: prev_comm=mmcqd/1 prev_pid=116 prev_prio=120 prev_state=R+ ==> next_comm=kworker/0:1H next_pid=17 next_prio=100
    kworker/0:1H-17    [000] ...2   884.911066: sched_switch: prev_comm=kworker/0:1H prev_pid=17 prev_prio=100 prev_state=S ==> next_comm=mmcqd/1 next_pid=116 next_prio=120
         mmcqd/1-116   [000] ...2   884.911083: sched_switch: prev_comm=mmcqd/1 prev_pid=116 prev_prio=120 prev_state=S ==> next_comm=swapper/0 next_pid=0 next_prio=120
            main-5317  [001] d..2   884.913579: block_rq_insert: 179,0 R 0 () 4082472 + 16 [main]
            main-5317  [001] d..2   884.913583: block_rq_insert: 179,0 R 0 () 4082496 + 8 [main]
            main-5317  [001] d..2   884.913585: block_rq_insert: 179,0 R 0 () 4082512 + 8 [main]
            main-5317  [001] d..2   884.913586: block_rq_insert: 179,0 R 0 () 4082536 + 8 [main]
            main-5317  [001] d..2   884.913588: block_rq_insert: 179,0 R 0 () 4082552 + 48 [main]
            main-5317  [001] ...2   884.913604: sched_switch: prev_comm=main prev_pid=5317 prev_prio=120 prev_state=D|W ==> next_comm=swapper/1 next_pid=0 next_prio=120
          <idle>-0     [000] ...2   884.913612: sched_switch: prev_comm=swapper/0 prev_pid=0 prev_prio=120 prev_state=R ==> next_comm=mmcqd/1 next_pid=116 next_prio=120
         mmcqd/1-116   [000] ...2   884.913693: sched_switch: prev_comm=mmcqd/1 prev_pid=116 prev_prio=120 prev_state=S ==> next_comm=swapper/0 next_pid=0 next_prio=120
          <idle>-0     [000] ...2   884.913962: sched_switch: prev_comm=swapper/0 prev_pid=0 prev_prio=120 prev_state=R ==> next_comm=mmcqd/1 next_pid=116 next_prio=120
         mmcqd/1-116   [000] ...1   884.914004: block_rq_complete: 179,0 RA () 4082472 + 16 [0]
          <idle>-0     [001] ...2   884.914024: sched_switch: prev_comm=swapper/1 prev_pid=0 prev_prio=120 prev_state=R ==> next_comm=main next_pid=5317 next_prio=120
         mmcqd/1-116   [000] ...2   884.914047: sched_switch: prev_comm=mmcqd/1 prev_pid=116 prev_prio=120 prev_state=S ==> next_comm=swapper/0 next_pid=0 next_prio=120
          <idle>-0     [000] ...2   884.914256: sched_switch: prev_comm=swapper/0 prev_pid=0 prev_prio=120 prev_state=R ==> next_comm=mmcqd/1 next_pid=116 next_prio=120
         mmcqd/1-116   [000] ...1   884.914295: block_rq_complete: 179,0 RA () 4082496 + 8 [0]
         mmcqd/1-116   [000] ...2   884.914328: sched_switch: prev_comm=mmcqd/1 prev_pid=116 prev_prio=120 prev_state=S ==> next_comm=swapper/0 next_pid=0 next_prio=120
          <idle>-0     [000] ...2   884.914587: sched_switch: prev_comm=swapper/0 prev_pid=0 prev_prio=120 prev_state=R ==> next_comm=mmcqd/1 next_pid=116 next_prio=120
         mmcqd/1-116   [000] ...1   884.914626: block_rq_complete: 179,0 RA () 4082512 + 8 [0]
         mmcqd/1-116   [000] ...2   884.914675: sched_switch: prev_comm=mmcqd/1 prev_pid=116 prev_prio=120 prev_state=S ==> next_comm=swapper/0 next_pid=0 next_prio=120
          <idle>-0     [000] ...2   884.914887: sched_switch: prev_comm=swapper/0 prev_pid=0 prev_prio=120 prev_state=R ==> next_comm=mmcqd/1 next_pid=116 next_prio=120
         mmcqd/1-116   [000] ...1   884.914925: block_rq_complete: 179,0 RA () 4082536 + 8 [0]
         mmcqd/1-116   [000] ...2   884.914946: sched_switch: prev_comm=mmcqd/1 prev_pid=116 prev_prio=120 prev_state=S ==> next_comm=swapper/0 next_pid=0 next_prio=120
          <idle>-0     [000] ...2   884.915404: sched_switch: prev_comm=swapper/0 prev_pid=0 prev_prio=120 prev_state=R ==> next_comm=mmcqd/1 next_pid=116 next_prio=120
         mmcqd/1-116   [000] ...1   884.915433: block_rq_complete: 179,0 RA () 4082552 + 48 [0]
         mmcqd/1-116   [000] ...2   884.915457: sched_switch: prev_comm=mmcqd/1 prev_pid=116 prev_prio=120 prev_state=R+ ==> next_comm=kworker/0:1H next_pid=17 next_prio=100
    kworker/0:1H-17    [000] ...2   884.915469: sched_switch: prev_comm=kworker/0:1H prev_pid=17 prev_prio=100 prev_state=S ==> next_comm=mmcqd/1 next_pid=116 next_prio=120
         mmcqd/1-116   [000] ...2   884.915487: sched_switch: prev_comm=mmcqd/1 prev_pid=116 prev_prio=120 prev_state=S ==> next_comm=swapper/0 next_pid=0 next_prio=120
          <idle>-0     [000] ...2   884.918925: sched_switch: prev_comm=swapper/0 prev_pid=0 prev_prio=120 prev_state=R ==> next_comm=kworker/u:0 next_pid=3362 next_prio=120
     kworker/u:0-3362  [000] ...2   884.918947: sched_switch: prev_comm=kworker/u:0 prev_pid=3362 prev_prio=120 prev_state=S ==> next_comm=mpdecision next_pid=1527 next_prio=113
      mpdecision-1527  [000] ...2   884.919335: sched_switch: prev_comm=mpdecision prev_pid=1527 prev_prio=113 prev_state=S ==> next_comm=swapper/0 next_pid=0 next_prio=120
          <idle>-0     [000] ...2   884.919360: sched_switch: prev_comm=swapper/0 prev_pid=0 prev_prio=120 prev_state=R ==> next_comm=ksoftirqd/0 next_pid=3 next_prio=120
     ksoftirqd/0-3     [000] ...2   884.919375: sched_switch: prev_comm=ksoftirqd/0 prev_pid=3 prev_prio=120 prev_state=S ==> next_comm=swapper/0 next_pid=0 next_prio=120
          <idle>-0     [000] ...2   884.919399: sched_switch: prev_comm=swapper/0 prev_pid=0 prev_prio=120 prev_state=R ==> next_comm=ksoftirqd/0 next_pid=3 next_prio=120
     ksoftirqd/0-3     [000] ...2   884.919411: sched_switch: prev_comm=ksoftirqd/0 prev_pid=3 prev_prio=120 prev_state=S ==> next_comm=swapper/0 next_pid=0 next_prio=120
          <idle>-0     [000] ...2   884.919434: sched_switch: prev_comm=swapper/0 prev_pid=0 prev_prio=120 prev_state=R ==> next_comm=ksoftirqd/0 next_pid=3 next_prio=120
     ksoftirqd/0-3     [000] ...2   884.919446: sched_switch: prev_comm=ksoftirqd/0 prev_pid=3 prev_prio=120 prev_state=S ==> next_comm=swapper/0 next_pid=0 next_prio=120
            main-5317  [001] d..2   884.924304: block_rq_insert: 179,0 R 0 () 802944 + 32 [main]
            main-5317  [001] ...2   884.924323: sched_switch: prev_comm=main prev_pid=5317 prev_prio=120 prev_state=D|W ==> next_comm=swapper/1 next_pid=0 next_prio=120
          <idle>-0     [000] ...2   884.924331: sched_switch: prev_comm=swapper/0 prev_pid=0 prev_prio=120 prev_state=R ==> next_comm=mmcqd/1 next_pid=116 next_prio=120
          <idle>-0     [001] ...2   884.924339: sched_switch: prev_comm=swapper/1 prev_pid=0 prev_prio=120 prev_state=R ==> next_comm=ksoftirqd/1 next_pid=5316 next_prio=120
     ksoftirqd/1-5316  [001] ...2   884.924347: sched_switch: prev_comm=ksoftirqd/1 prev_pid=5316 prev_prio=120 prev_state=S ==> next_comm=swapper/1 next_pid=0 next_prio=120
          <idle>-0     [001] ...2   884.924363: sched_switch: prev_comm=swapper/1 prev_pid=0 prev_prio=120 prev_state=R ==> next_comm=ksoftirqd/1 next_pid=5316 next_prio=120
     ksoftirqd/1-5316  [001] ...2   884.924371: sched_switch: prev_comm=ksoftirqd/1 prev_pid=5316 prev_prio=120 prev_state=S ==> next_comm=swapper/1 next_pid=0 next_prio=120
          <idle>-0     [001] ...2   884.924384: sched_switch: prev_comm=swapper/1 prev_pid=0 prev_prio=120 prev_state=R ==> next_comm=ksoftirqd/1 next_pid=5316 next_prio=120
     ksoftirqd/1-5316  [001] ...2   884.924390: sched_switch: prev_comm=ksoftirqd/1 prev_pid=5316 prev_prio=120 prev_state=S ==> next_comm=swapper/1 next_pid=0 next_prio=120
         mmcqd/1-116   [000] ...2   884.924409: sched_switch: prev_comm=mmcqd/1 prev_pid=116 prev_prio=120 prev_state=S ==> next_comm=swapper/0 next_pid=0 next_prio=120
          <idle>-0     [000] ...2   884.924751: sched_switch: prev_comm=swapper/0 prev_pid=0 prev_prio=120 prev_state=R ==> next_comm=mmcqd/1 next_pid=116 next_prio=120
         mmcqd/1-116   [000] ...1   884.924777: block_rq_complete: 179,0 RA () 802944 + 32 [0]
          <idle>-0     [001] ...2   884.924796: sched_switch: prev_comm=swapper/1 prev_pid=0 prev_prio=120 prev_state=R ==> next_comm=main next_pid=5317 next_prio=120
         mmcqd/1-116   [000] ...2   884.924810: sched_switch: prev_comm=mmcqd/1 prev_pid=116 prev_prio=120 prev_state=R+ ==> next_comm=kworker/0:1H next_pid=17 next_prio=100
    kworker/0:1H-17    [000] ...2   884.924823: sched_switch: prev_comm=kworker/0:1H prev_pid=17 prev_prio=100 prev_state=S ==> next_comm=mmcqd/1 next_pid=116 next_prio=120
            main-5317  [001] d..2   884.924831: block_rq_insert: 179,0 R 0 () 802976 + 16 [main]
            main-5317  [001] ...2   884.924863: sched_switch: prev_comm=main prev_pid=5317 prev_prio=120 prev_state=D|W ==> next_comm=swapper/1 next_pid=0 next_prio=120
         mmcqd/1-116   [000] ...2   884.924895: sched_switch: prev_comm=mmcqd/1 prev_pid=116 prev_prio=120 prev_state=S ==> next_comm=swapper/0 next_pid=0 next_prio=120
          <idle>-0     [000] ...2   884.925170: sched_switch: prev_comm=swapper/0 prev_pid=0 prev_prio=120 prev_state=R ==> next_comm=mmcqd/1 next_pid=116 next_prio=120
         mmcqd/1-116   [000] ...1   884.925188: block_rq_complete: 179,0 RA () 802976 + 16 [0]
          <idle>-0     [001] ...2   884.925204: sched_switch: prev_comm=swapper/1 prev_pid=0 prev_prio=120 prev_state=R ==> next_comm=main next_pid=5317 next_prio=120
         mmcqd/1-116   [000] ...2   884.925217: sched_switch: prev_comm=mmcqd/1 prev_pid=116 prev_prio=120 prev_state=R+ ==> next_comm=kworker/0:1H next_pid=17 next_prio=100
    kworker/0:1H-17    [000] ...2   884.925229: sched_switch: prev_comm=kworker/0:1H prev_pid=17 prev_prio=100 prev_state=S ==> next_comm=mmcqd/1 next_pid=116 next_prio=120
         mmcqd/1-116   [000] ...2   884.925246: sched_switch: prev_comm=mmcqd/1 prev_pid=116 prev_prio=120 prev_state=S ==> next_comm=swapper/0 next_pid=0 next_prio=120
            main-5317  [001] d..2   884.925489: block_rq_insert: 179,0 R 0 () 3984384 + 256 [main]
            main-5317  [001] ...2   884.925503: sched_switch: prev_comm=main prev_pid=5317 prev_prio=120 prev_state=D|W ==> next_comm=swapper/1 next_pid=0 next_prio=120
          <idle>-0     [000] ...2   884.925508: sched_switch: prev_comm=swapper/0 prev_pid=0 prev_prio=120 prev_state=R ==> next_comm=mmcqd/1 next_pid=116 next_prio=120
         mmcqd/1-116   [000] ...2   884.925672: sched_switch: prev_comm=mmcqd/1 prev_pid=116 prev_prio=120 prev_state=S ==> next_comm=swapper/0 next_pid=0 next_prio=120
          <idle>-0     [000] ...2   884.927090: sched_switch: prev_comm=swapper/0 prev_pid=0 prev_prio=120 prev_state=R ==> next_comm=mmcqd/1 next_pid=116 next_prio=120
         mmcqd/1-116   [000] ...1   884.927193: block_rq_complete: 179,0 RA () 3984384 + 256 [0]
          <idle>-0     [001] ...2   884.927221: sched_switch: prev_comm=swapper/1 prev_pid=0 prev_prio=120 prev_state=R ==> next_comm=main next_pid=5317 next_prio=120
         mmcqd/1-116   [000] ...2   884.927234: sched_switch: prev_comm=mmcqd/1 prev_pid=116 prev_prio=120 prev_state=R+ ==> next_comm=kworker/0:1H next_pid=17 next_prio=100
    kworker/0:1H-17    [000] ...2   884.927245: sched_switch: prev_comm=kworker/0:1H prev_pid=17 prev_prio=100 prev_state=S ==> next_comm=mmcqd/1 next_pid=116 next_prio=120
         mmcqd/1-116   [000] ...2   884.927262: sched_switch: prev_comm=mmcqd/1 prev_pid=116 prev_prio=120 prev_state=S ==> next_comm=swapper/0 next_pid=0 next_prio=120
            main-5317  [001] d..2   884.927439: block_rq_insert: 179,0 R 0 () 3984640 + 16 [main]
            main-5317  [001] ...2   884.927455: sched_switch: prev_comm=main prev_pid=5317 prev_prio=120 prev_state=D|W ==> next_comm=swapper/1 next_pid=0 next_prio=120
          <idle>-0     [000] ...2   884.927456: sched_switch: prev_comm=swapper/0 prev_pid=0 prev_prio=120 prev_state=R ==> next_comm=mmcqd/1 next_pid=116 next_prio=120
         mmcqd/1-116   [000] ...2   884.927517: sched_switch: prev_comm=mmcqd/1 prev_pid=116 prev_prio=120 prev_state=S ==> next_comm=swapper/0 next_pid=0 next_prio=120
          <idle>-0     [000] ...2   884.927766: sched_switch: prev_comm=swapper/0 prev_pid=0 prev_prio=120 prev_state=R ==> next_comm=mmcqd/1 next_pid=116 next_prio=120
         mmcqd/1-116   [000] ...1   884.927785: block_rq_complete: 179,0 RA () 3984640 + 16 [0]
          <idle>-0     [001] ...2   884.927800: sched_switch: prev_comm=swapper/1 prev_pid=0 prev_prio=120 prev_state=R ==> next_comm=main next_pid=5317 next_prio=120
         mmcqd/1-116   [000] ...2   884.927811: sched_switch: prev_comm=mmcqd/1 prev_pid=116 prev_prio=120 prev_state=R+ ==> next_comm=kworker/0:1H next_pid=17 next_prio=100
    kworker/0:1H-17    [000] ...2   884.927822: sched_switch: prev_comm=kworker/0:1H prev_pid=17 prev_prio=100 prev_state=S ==> next_comm=mmcqd/1 next_pid=116 next_prio=120
         mmcqd/1-116   [000] ...2   884.927838: sched_switch: prev_comm=mmcqd/1 prev_pid=116 prev_prio=120 prev_state=S ==> next_comm=swapper/0 next_pid=0 next_prio=120
          <idle>-0     [000] ...2   884.928420: sched_switch: prev_comm=swapper/0 prev_pid=0 prev_prio=120 prev_state=R ==> next_comm=main next_pid=5320 next_prio=120
            main-5317  [001] ...2   884.928516: sched_switch: prev_comm=main prev_pid=5317 prev_prio=120 prev_state=D ==> next_comm=main next_pid=5321 next_prio=120
 Heap thread poo-5321  [001] ...2   884.928526: sched_switch: prev_comm=main prev_pid=5321 prev_prio=120 prev_state=R+ ==> next_comm=main next_pid=5317 next_prio=120
 Heap thread poo-5320  [000] ...2   884.928538: sched_switch: prev_comm=main prev_pid=5320 prev_prio=120 prev_state=D ==> next_comm=swapper/0 next_pid=0 next_prio=120
            main-5317  [001] ...2   884.928561: sched_switch: prev_comm=main prev_pid=5317 prev_prio=120 prev_state=D ==> next_comm=main next_pid=5321 next_prio=120
 Heap thread poo-5321  [001] ...2   884.928575: sched_switch: prev_comm=main prev_pid=5321 prev_prio=120 prev_state=R+ ==> next_comm=main next_pid=5317 next_prio=120
          <idle>-0     [000] ...2   884.928579: sched_switch: prev_comm=swapper/0 prev_pid=0 prev_prio=120 prev_state=R ==> next_comm=main next_pid=5320 next_prio=120
 Heap thread poo-5320  [000] ...2   884.928613: sched_switch: prev_comm=main prev_pid=5320 prev_prio=120 prev_state=D ==> next_comm=main next_pid=5322 next_prio=120
 Heap thread poo-5322  [000] ...2   884.928621: sched_switch: prev_comm=main prev_pid=5322 prev_prio=120 prev_state=R+ ==> next_comm=main next_pid=5320 next_prio=120
            main-5317  [001] ...2   884.928621: sched_switch: prev_comm=main prev_pid=5317 prev_prio=120 prev_state=D ==> next_comm=main next_pid=5321 next_prio=120
 Heap thread poo-5321  [001] ...2   884.928639: sched_switch: prev_comm=main prev_pid=5321 prev_prio=120 prev_state=R+ ==> next_comm=main next_pid=5317 next_prio=120
 Heap thread poo-5320  [000] ...2   884.928647: sched_switch: prev_comm=main prev_pid=5320 prev_prio=120 prev_state=D ==> next_comm=main next_pid=5322 next_prio=120
 Heap thread poo-5322  [000] ...2   884.928654: sched_switch: prev_comm=main prev_pid=5322 prev_prio=120 prev_state=R+ ==> next_comm=main next_pid=5320 next_prio=120
            main-5317  [001] ...2   884.928655: sched_switch: prev_comm=main prev_pid=5317 prev_prio=120 prev_state=S ==> next_comm=main next_pid=5321 next_prio=120
 Heap thread poo-5320  [000] ...2   884.928695: sched_switch: prev_comm=main prev_pid=5320 prev_prio=120 prev_state=D ==> next_comm=main next_pid=5322 next_prio=120
 Heap thread poo-5322  [000] ...2   884.928702: sched_switch: prev_comm=main prev_pid=5322 prev_prio=120 prev_state=R+ ==> next_comm=main next_pid=5320 next_prio=120
 Heap thread poo-5320  [000] ...2   884.928767: sched_switch: prev_comm=main prev_pid=5320 prev_prio=120 prev_state=D ==> next_comm=main next_pid=5322 next_prio=120
 Heap thread poo-5322  [000] ...2   884.928775: sched_switch: prev_comm=main prev_pid=5322 prev_prio=120 prev_state=R+ ==> next_comm=main next_pid=5320 next_prio=120
 Heap thread poo-5321  [001] ...2   884.928781: sched_switch: prev_comm=main prev_pid=5321 prev_prio=120 prev_state=D ==> next_comm=swapper/1 next_pid=0 next_prio=120
          <idle>-0     [001] ...2   884.928797: sched_switch: prev_comm=swapper/1 prev_pid=0 prev_prio=120 prev_state=R ==> next_comm=main next_pid=5321 next_prio=120
 Heap thread poo-5320  [000] ...2   884.928804: sched_switch: prev_comm=main prev_pid=5320 prev_prio=120 prev_state=D ==> next_comm=main next_pid=5322 next_prio=120
 Heap thread poo-5322  [000] ...2   884.928812: sched_switch: prev_comm=main prev_pid=5322 prev_prio=120 prev_state=R+ ==> next_comm=main next_pid=5320 next_prio=120
 Heap thread poo-5321  [001] ...2   884.928861: sched_switch: prev_comm=main prev_pid=5321 prev_prio=120 prev_state=S ==> next_comm=swapper/1 next_pid=0 next_prio=120
          <idle>-0     [001] ...2   884.928918: sched_switch: prev_comm=swapper/1 prev_pid=0 prev_prio=120 prev_state=R ==> next_comm=ksoftirqd/1 next_pid=5316 next_prio=120
     ksoftirqd/1-5316  [001] ...2   884.928928: sched_switch: prev_comm=ksoftirqd/1 prev_pid=5316 prev_prio=120 prev_state=S ==> next_comm=swapper/1 next_pid=0 next_prio=120
          <idle>-0     [001] ...2   884.928942: sched_switch: prev_comm=swapper/1 prev_pid=0 prev_prio=120 prev_state=R ==> next_comm=ksoftirqd/1 next_pid=5316 next_prio=120
     ksoftirqd/1-5316  [001] ...2   884.928948: sched_switch: prev_comm=ksoftirqd/1 prev_pid=5316 prev_prio=120 prev_state=S ==> next_comm=swapper/1 next_pid=0 next_prio=120
          <idle>-0     [001] ...2   884.928960: sched_switch: prev_comm=swapper/1 prev_pid=0 prev_prio=120 prev_state=R ==> next_comm=ksoftirqd/1 next_pid=5316 next_prio=120
     ksoftirqd/1-5316  [001] ...2   884.928966: sched_switch: prev_comm=ksoftirqd/1 prev_pid=5316 prev_prio=120 prev_state=S ==> next_comm=swapper/1 next_pid=0 next_prio=120
          <idle>-0     [001] ...2   884.929546: sched_switch: prev_comm=swapper/1 prev_pid=0 prev_prio=120 prev_state=R ==> next_comm=main next_pid=5321 next_prio=120
 Heap thread poo-5321  [001] ...2   884.929564: sched_switch: prev_comm=main prev_pid=5321 prev_prio=120 prev_state=D ==> next_comm=swapper/1 next_pid=0 next_prio=120
          <idle>-0     [001] ...2   884.929572: sched_switch: prev_comm=swapper/1 prev_pid=0 prev_prio=120 prev_state=R ==> next_comm=main next_pid=5321 next_prio=120
 Heap thread poo-5320  [000] ...2   884.929577: sched_switch: prev_comm=Heap thread poo prev_pid=5320 prev_prio=120 prev_state=S ==> next_comm=main next_pid=5322 next_prio=120
 Heap thread poo-5321  [001] ...2   884.929588: sched_switch: prev_comm=main prev_pid=5321 prev_prio=120 prev_state=D ==> next_comm=swapper/1 next_pid=0 next_prio=120
          <idle>-0     [001] ...2   884.929603: sched_switch: prev_comm=swapper/1 prev_pid=0 prev_prio=120 prev_state=R ==> next_comm=main next_pid=5321 next_prio=120
 Heap thread poo-5322  [000] ...2   884.929618: sched_switch: prev_comm=main prev_pid=5322 prev_prio=120 prev_state=S ==> next_comm=swapper/0 next_pid=0 next_prio=120
          <idle>-0     [000] ...2   884.929644: sched_switch: prev_comm=swapper/0 prev_pid=0 prev_prio=120 prev_state=R ==> next_comm=ksoftirqd/0 next_pid=3 next_prio=120
     ksoftirqd/0-3     [000] ...2   884.929660: sched_switch: prev_comm=ksoftirqd/0 prev_pid=3 prev_prio=120 prev_state=S ==> next_comm=swapper/0 next_pid=0 next_prio=120
          <idle>-0     [000] ...2   884.929685: sched_switch: prev_comm=swapper/0 prev_pid=0 prev_prio=120 prev_state=R ==> next_comm=ksoftirqd/0 next_pid=3 next_prio=120
     ksoftirqd/0-3     [000] ...2   884.929698: sched_switch: prev_comm=ksoftirqd/0 prev_pid=3 prev_prio=120 prev_state=S ==> next_comm=swapper/0 next_pid=0 next_prio=120
          <idle>-0     [000] ...2   884.929721: sched_switch: prev_comm=swapper/0 prev_pid=0 prev_prio=120 prev_state=R ==> next_comm=ksoftirqd/0 next_pid=3 next_prio=120
     ksoftirqd/0-3     [000] ...2   884.929731: sched_switch: prev_comm=ksoftirqd/0 prev_pid=3 prev_prio=120 prev_state=S ==> next_comm=swapper/0 next_pid=0 next_prio=120
          <idle>-0     [000] ...2   884.929938: sched_switch: prev_comm=swapper/0 prev_pid=0 prev_prio=120 prev_state=R ==> next_comm=main next_pid=5322 next_prio=120
 Heap thread poo-5321  [001] ...2   884.929941: sched_switch: prev_comm=Heap thread poo prev_pid=5321 prev_prio=120 prev_state=S ==> next_comm=swapper/1 next_pid=0 next_prio=120
          <idle>-0     [001] ...2   884.930590: sched_switch: prev_comm=swapper/1 prev_pid=0 prev_prio=120 prev_state=R ==> next_comm=main next_pid=5317 next_prio=120
 Heap thread poo-5322  [000] ...2   884.930610: sched_switch: prev_comm=Heap thread poo prev_pid=5322 prev_prio=120 prev_state=S ==> next_comm=Heap thread poo next_pid=5320 next_prio=120
            main-5317  [001] ...2   884.930621: sched_switch: prev_comm=main prev_pid=5317 prev_prio=120 prev_state=D ==> next_comm=swapper/1 next_pid=0 next_prio=120
          <idle>-0     [001] ...2   884.930635: sched_switch: prev_comm=swapper/1 prev_pid=0 prev_prio=120 prev_state=R ==> next_comm=main next_pid=5317 next_prio=120
 Heap thread poo-5320  [000] ...2   884.930643: sched_switch: prev_comm=Heap thread poo prev_pid=5320 prev_prio=120 prev_state=D ==> next_comm=swapper/0 next_pid=0 next_prio=120
          <idle>-0     [000] ...2   884.930650: sched_switch: prev_comm=swapper/0 prev_pid=0 prev_prio=120 prev_state=R ==> next_comm=Heap thread poo next_pid=5320 next_prio=120
 Heap thread poo-5320  [000] ...2   884.930673: sched_switch: prev_comm=Heap thread poo prev_pid=5320 prev_prio=120 prev_state=S ==> next_comm=main next_pid=5323 next_prio=120
            main-5317  [001] ...2   884.930683: sched_switch: prev_comm=main prev_pid=5317 prev_prio=120 prev_state=S ==> next_comm=Heap thread poo next_pid=5321 next_prio=120
 Heap thread poo-5321  [001] ...2   884.930699: sched_switch: prev_comm=Heap thread poo prev_pid=5321 prev_prio=120 prev_state=S ==> next_comm=swapper/1 next_pid=0 next_prio=120
          <idle>-0     [001] ...2   884.931427: sched_switch: prev_comm=swapper/1 prev_pid=0 prev_prio=120 prev_state=R ==> next_comm=main next_pid=5317 next_prio=120
  Signal Catcher-5323  [000] ...2   884.931431: sched_switch: prev_comm=Signal Catcher prev_pid=5323 prev_prio=120 prev_state=S ==> next_comm=swapper/0 next_pid=0 next_prio=120
          <idle>-0     [000] ...2   884.931495: sched_switch: prev_comm=swapper/0 prev_pid=0 prev_prio=120 prev_state=R ==> next_comm=main next_pid=5324 next_prio=120
            main-5317  [001] ...2   884.931498: sched_switch: prev_comm=main prev_pid=5317 prev_prio=120 prev_state=S ==> next_comm=swapper/1 next_pid=0 next_prio=120
          <idle>-0     [001] ...2   884.932228: sched_switch: prev_comm=swapper/1 prev_pid=0 prev_prio=120 prev_state=R ==> next_comm=main next_pid=5317 next_prio=120
            JDWP-5324  [000] ...2   884.932312: sched_switch: prev_comm=JDWP prev_pid=5324 prev_prio=120 prev_state=R+ ==> next_comm=adbd next_pid=778 next_prio=120
            main-5317  [001] d..2   884.932383: block_rq_insert: 179,0 R 0 () 4067352 + 8 [main]
            main-5317  [001] d..2   884.932386: block_rq_insert: 179,0 R 0 () 4067368 + 8 [main]
            main-5317  [001] ...2   884.932400: sched_switch: prev_comm=main prev_pid=5317 prev_prio=120 prev_state=D|W ==> next_comm=mmcqd/1 next_pid=116 next_prio=120
         mmcqd/1-116   [001] ...2   884.932445: sched_switch: prev_comm=mmcqd/1 prev_pid=116 prev_prio=120 prev_state=S ==> next_comm=swapper/1 next_pid=0 next_prio=120
            adbd-778   [000] ...2   884.932486: sched_switch: prev_comm=adbd prev_pid=778 prev_prio=120 prev_state=S ==> next_comm=JDWP next_pid=5324 next_prio=120
            JDWP-5324  [000] ...2   884.932516: sched_switch: prev_comm=JDWP prev_pid=5324 prev_prio=120 prev_state=R+ ==> next_comm=adbd next_pid=778 next_prio=120
          <idle>-0     [001] ...2   884.932686: sched_switch: prev_comm=swapper/1 prev_pid=0 prev_prio=120 prev_state=R ==> next_comm=mmcqd/1 next_pid=116 next_prio=120
         mmcqd/1-116   [001] ...1   884.932709: block_rq_complete: 179,0 RA () 4067352 + 8 [0]
         mmcqd/1-116   [001] ...2   884.932722: sched_switch: prev_comm=mmcqd/1 prev_pid=116 prev_prio=120 prev_state=S ==> next_comm=swapper/1 next_pid=0 next_prio=120
            adbd-778   [000] ...2   884.932726: sched_switch: prev_comm=adbd prev_pid=778 prev_prio=120 prev_state=S ==> next_comm=JDWP next_pid=5324 next_prio=120
            JDWP-5324  [000] ...2   884.932745: sched_switch: prev_comm=JDWP prev_pid=5324 prev_prio=120 prev_state=S ==> next_comm=swapper/0 next_pid=0 next_prio=120
          <idle>-0     [000] ...2   884.932976: sched_switch: prev_comm=swapper/0 prev_pid=0 prev_prio=120 prev_state=R ==> next_comm=mmcqd/1 next_pid=116 next_prio=120
         mmcqd/1-116   [000] ...1   884.932993: block_rq_complete: 179,0 RA () 4067368 + 8 [0]
          <idle>-0     [001] ...2   884.933008: sched_switch: prev_comm=swapper/1 prev_pid=0 prev_prio=120 prev_state=R ==> next_comm=main next_pid=5317 next_prio=120
         mmcqd/1-116   [000] ...2   884.933021: sched_switch: prev_comm=mmcqd/1 prev_pid=116 prev_prio=120 prev_state=R+ ==> next_comm=kworker/0:1H next_pid=17 next_prio=100
    kworker/0:1H-17    [000] ...2   884.933034: sched_switch: prev_comm=kworker/0:1H prev_pid=17 prev_prio=100 prev_state=S ==> next_comm=mmcqd/1 next_pid=116 next_prio=120
         mmcqd/1-116   [000] ...2   884.933050: sched_switch: prev_comm=mmcqd/1 prev_pid=116 prev_prio=120 prev_state=S ==> next_comm=swapper/0 next_pid=0 next_prio=120
            main-5317  [001] d..2   884.933383: block_rq_insert: 179,0 R 0 () 3993912 + 8 [main]
            main-5317  [001] d..2   884.933386: block_rq_insert: 179,0 R 0 () 3993944 + 16 [main]
            main-5317  [001] d..2   884.933388: block_rq_insert: 179,0 R 0 () 3993968 + 72 [main]
            main-5317  [001] ...2   884.933400: sched_switch: prev_comm=main prev_pid=5317 prev_prio=120 prev_state=D|W ==> next_comm=swapper/1 next_pid=0 next_prio=120
          <idle>-0     [000] ...2   884.933405: sched_switch: prev_comm=swapper/0 prev_pid=0 prev_prio=120 prev_state=R ==> next_comm=mmcqd/1 next_pid=116 next_prio=120
         mmcqd/1-116   [000] ...2   884.933482: sched_switch: prev_comm=mmcqd/1 prev_pid=116 prev_prio=120 prev_state=S ==> next_comm=swapper/0 next_pid=0 next_prio=120
          <idle>-0     [000] ...2   884.933712: sched_switch: prev_comm=swapper/0 prev_pid=0 prev_prio=120 prev_state=R ==> next_comm=mmcqd/1 next_pid=116 next_prio=120
         mmcqd/1-116   [000] ...1   884.933752: block_rq_complete: 179,0 RA () 3993912 + 8 [0]
          <idle>-0     [001] ...2   884.933768: sched_switch: prev_comm=swapper/1 prev_pid=0 prev_prio=120 prev_state=R ==> next_comm=main next_pid=5317 next_prio=120
         mmcqd/1-116   [000] ...2   884.933817: sched_switch: prev_comm=mmcqd/1 prev_pid=116 prev_prio=120 prev_state=S ==> next_comm=swapper/0 next_pid=0 next_prio=120
            main-5317  [001] d..2   884.933910: block_rq_insert: 179,0 R 0 () 4026856 + 24 [main]
            main-5317  [001] d..2   884.933913: block_rq_insert: 179,0 R 0 () 4026944 + 8 [main]
            main-5317  [001] d..2   884.933914: block_rq_insert: 179,0 R 0 () 4026960 + 40 [main]
            main-5317  [001] d..2   884.933916: block_rq_insert: 179,0 R 0 () 4027008 + 24 [main]
            main-5317  [001] ...2   884.933923: sched_switch: prev_comm=main prev_pid=5317 prev_prio=120 prev_state=D|W ==> next_comm=swapper/1 next_pid=0 next_prio=120
          <idle>-0     [000] ...2   884.934095: sched_switch: prev_comm=swapper/0 prev_pid=0 prev_prio=120 prev_state=R ==> next_comm=mmcqd/1 next_pid=116 next_prio=120
         mmcqd/1-116   [000] ...1   884.934140: block_rq_complete: 179,0 RA () 3993944 + 16 [0]
         mmcqd/1-116   [000] ...2   884.934179: sched_switch: prev_comm=mmcqd/1 prev_pid=116 prev_prio=120 prev_state=S ==> next_comm=swapper/0 next_pid=0 next_prio=120
          <idle>-0     [000] ...2   884.934725: sched_switch: prev_comm=swapper/0 prev_pid=0 prev_prio=120 prev_state=R ==> next_comm=mmcqd/1 next_pid=116 next_prio=120
         mmcqd/1-116   [000] ...1   884.934787: block_rq_complete: 179,0 RA () 3993968 + 72 [0]
         mmcqd/1-116   [000] ...2   884.934820: sched_switch: prev_comm=mmcqd/1 prev_pid=116 prev_prio=120 prev_state=S ==> next_comm=swapper/0 next_pid=0 next_prio=120
          <idle>-0     [000] ...2   884.935074: sched_switch: prev_comm=swapper/0 prev_pid=0 prev_prio=120 prev_state=R ==> next_comm=mmcqd/1 next_pid=116 next_prio=120
         mmcqd/1-116   [000] ...1   884.935119: block_rq_complete: 179,0 RA () 4026856 + 24 [0]
         mmcqd/1-116   [000] ...2   884.935163: sched_switch: prev_comm=mmcqd/1 prev_pid=116 prev_prio=120 prev_state=S ==> next_comm=swapper/0 next_pid=0 next_prio=120
          <idle>-0     [000] ...2   884.935360: sched_switch: prev_comm=swapper/0 prev_pid=0 prev_prio=120 prev_state=R ==> next_comm=mmcqd/1 next_pid=116 next_prio=120
         mmcqd/1-116   [000] ...1   884.935398: block_rq_complete: 179,0 RA () 4026944 + 8 [0]
          <idle>-0     [001] ...2   884.935413: sched_switch: prev_comm=swapper/1 prev_pid=0 prev_prio=120 prev_state=R ==> next_comm=main next_pid=5317 next_prio=120
         mmcqd/1-116   [000] ...2   884.935440: sched_switch: prev_comm=mmcqd/1 prev_pid=116 prev_prio=120 prev_state=S ==> next_comm=swapper/0 next_pid=0 next_prio=120
            main-5317  [001] d..2   884.935460: block_rq_insert: 179,0 R 0 () 4028616 + 96 [main]
            main-5317  [001] d..2   884.935462: block_rq_insert: 179,0 R 0 () 4028736 + 56 [main]
            main-5317  [001] ...2   884.935471: sched_switch: prev_comm=main prev_pid=5317 prev_prio=120 prev_state=D|W ==> next_comm=swapper/1 next_pid=0 next_prio=120
          <idle>-0     [000] ...2   884.935832: sched_switch: prev_comm=swapper/0 prev_pid=0 prev_prio=120 prev_state=R ==> next_comm=mmcqd/1 next_pid=116 next_prio=120
         mmcqd/1-116   [000] ...1   884.935882: block_rq_complete: 179,0 RA () 4026960 + 40 [0]
         mmcqd/1-116   [000] ...2   884.935950: sched_switch: prev_comm=mmcqd/1 prev_pid=116 prev_prio=120 prev_state=S ==> next_comm=swapper/0 next_pid=0 next_prio=120
          <idle>-0     [000] ...2   884.936166: sched_switch: prev_comm=swapper/0 prev_pid=0 prev_prio=120 prev_state=R ==> next_comm=mmcqd/1 next_pid=116 next_prio=120
         mmcqd/1-116   [000] ...1   884.936211: block_rq_complete: 179,0 RA () 4027008 + 24 [0]
