          <idle>-0     [001] ...2   897.470971: sched_switch: prev_comm=swapper/1 prev_pid=0 prev_prio=120 prev_state=R ==> next_comm=main next_pid=5425 next_prio=120
          <idle>-0     [000] ...2   897.471156: sched_switch: prev_comm=swapper/0 prev_pid=0 prev_prio=120 prev_state=R ==> next_comm=mmcqd/1 next_pid=116 next_prio=120
         mmcqd/1-116   [000] ...1   897.471166: block_rq_complete: 179,0 RA () 4077968 + 8 [0]
         mmcqd/1-116   [000] ...2   897.471179: sched_switch: prev_comm=mmcqd/1 prev_pid=116 prev_prio=120 prev_state=R+ ==> next_comm=kworker/0:1H next_pid=17 next_prio=100
    kworker/0:1H-17    [000] ...2   897.471186: sched_switch: prev_comm=kworker/0:1H prev_pid=17 prev_prio=100 prev_state=S ==> next_comm=mmcqd/1 next_pid=116 next_prio=120
         mmcqd/1-116   [000] ...2   897.471197: sched_switch: prev_comm=mmcqd/1 prev_pid=116 prev_prio=120 prev_state=S ==> next_comm=swapper/0 next_pid=0 next_prio=120
            main-5425  [001] d..2   897.471209: block_rq_insert: 179,0 R 0 () 3992040 + 24 [main]
            main-5425  [001] d..2   897.471214: block_rq_insert: 179,0 R 0 () 3992168 + 8 [main]
            main-5425  [001] d..2   897.471216: block_rq_insert: 179,0 R 0 () 3992192 + 56 [main]
          <idle>-0     [000] ...2   897.471234: sched_switch: prev_comm=swapper/0 prev_pid=0 prev_prio=120 prev_state=R ==> next_comm=mmcqd/1 next_pid=116 next_prio=120
            main-5425  [001] ...2   897.471237: sched_switch: prev_comm=main prev_pid=5425 prev_prio=120 prev_state=D|W ==> next_comm=swapper/1 next_pid=0 next_prio=120
         mmcqd/1-116   [000] ...2   897.471281: sched_switch: prev_comm=mmcqd/1 prev_pid=116 prev_prio=120 prev_state=S ==> next_comm=swapper/0 next_pid=0 next_prio=120
          <idle>-0     [000] ...2   897.471588: sched_switch: prev_comm=swapper/0 prev_pid=0 prev_prio=120 prev_state=R ==> next_comm=mmcqd/1 next_pid=116 next_prio=120
         mmcqd/1-116   [000] ...1   897.471618: block_rq_complete: 179,0 RA () 3992040 + 24 [0]
         mmcqd/1-116   [000] ...2   897.471650: sched_switch: prev_comm=mmcqd/1 prev_pid=116 prev_prio=120 prev_state=S ==> next_comm=swapper/0 next_pid=0 next_prio=120
          <idle>-0     [000] ...2   897.471867: sched_switch: prev_comm=swapper/0 prev_pid=0 prev_prio=120 prev_state=R ==> next_comm=mmcqd/1 next_pid=116 next_prio=120
         mmcqd/1-116   [000] ...1   897.471892: block_rq_complete: 179,0 RA () 3992168 + 8 [0]
         mmcqd/1-116   [000] ...2   897.471908: sched_switch: prev_comm=mmcqd/1 prev_pid=116 prev_prio=120 prev_state=S ==> next_comm=swapper/0 next_pid=0 next_prio=120
          <idle>-0     [001] ...2   897.471911: sched_switch: prev_comm=swapper/1 prev_pid=0 prev_prio=120 prev_state=R ==> next_comm=main next_pid=5425 next_prio=120
            main-5425  [001] d..2   897.471984: block_rq_insert: 179,0 R 0 () 3992296 + 8 [main]
            main-5425  [001] d..2   897.471988: block_rq_insert: 179,0 R 0 () 3992368 + 16 [main]
            main-5425  [001] d..2   897.471991: block_rq_insert: 179,0 R 0 () 3992400 + 8 [main]
          <idle>-0     [000] ...2   897.472009: sched_switch: prev_comm=swapper/0 prev_pid=0 prev_prio=120 prev_state=R ==> next_comm=mmcqd/1 next_pid=116 next_prio=120
            main-5425  [001] ...2   897.472013: sched_switch: prev_comm=main prev_pid=5425 prev_prio=120 prev_state=D|W ==> next_comm=swapper/1 next_pid=0 next_prio=120
         mmcqd/1-116   [000] ...2   897.472024: sched_switch: prev_comm=mmcqd/1 prev_pid=116 prev_prio=120 prev_state=S ==> next_comm=swapper/0 next_pid=0 next_prio=120
          <idle>-0     [000] ...2   897.472377: sched_switch: prev_comm=swapper/0 prev_pid=0 prev_prio=120 prev_state=R ==> next_comm=mmcqd/1 next_pid=116 next_prio=120
         mmcqd/1-116   [000] ...1   897.472413: block_rq_complete: 179,0 RA () 3992192 + 56 [0]
         mmcqd/1-116   [000] ...2   897.472436: sched_switch: prev_comm=mmcqd/1 prev_pid=116 prev_prio=120 prev_state=S ==> next_comm=swapper/0 next_pid=0 next_prio=120
          <idle>-0     [000] ...2   897.472654: sched_switch: prev_comm=swapper/0 prev_pid=0 prev_prio=120 prev_state=R ==> next_comm=mmcqd/1 next_pid=116 next_prio=120
         mmcqd/1-116   [000] ...1   897.472680: block_rq_complete: 179,0 RA () 3992296 + 8 [0]
         mmcqd/1-116   [000] ...2   897.472698: sched_switch: prev_comm=mmcqd/1 prev_pid=116 prev_prio=120 prev_state=S ==> next_comm=swapper/0 next_pid=0 next_prio=120
          <idle>-0     [000] ...2   897.472960: sched_switch: prev_comm=swapper/0 prev_pid=0 prev_prio=120 prev_state=R ==> next_comm=mmcqd/1 next_pid=116 next_prio=120
         mmcqd/1-116   [000] ...1   897.472987: block_rq_complete: 179,0 RA () 3992368 + 16 [0]
         mmcqd/1-116   [000] ...2   897.473003: sched_switch: prev_comm=mmcqd/1 prev_pid=116 prev_prio=120 prev_state=S ==> next_comm=swapper/0 next_pid=0 next_prio=120
          <idle>-0     [001] ...2   897.473005: sched_switch: prev_comm=swapper/1 prev_pid=0 prev_prio=120 prev_state=R ==> next_comm=main next_pid=5425 next_prio=120
            main-5425  [001] d..2   897.473089: block_rq_insert: 179,0 R 0 () 3994040 + 136 [main]
          <idle>-0     [000] ...2   897.473108: sched_switch: prev_comm=swapper/0 prev_pid=0 prev_prio=120 prev_state=R ==> next_comm=mmcqd/1 next_pid=116 next_prio=120
            main-5425  [001] ...2   897.473111: sched_switch: prev_comm=main prev_pid=5425 prev_prio=120 prev_state=D|W ==> next_comm=swapper/1 next_pid=0 next_prio=120
         mmcqd/1-116   [000] ...2   897.473155: sched_switch: prev_comm=mmcqd/1 prev_pid=116 prev_prio=120 prev_state=S ==> next_comm=swapper/0 next_pid=0 next_prio=120
          <idle>-0     [000] ...2   897.473250: sched_switch: prev_comm=swapper/0 prev_pid=0 prev_prio=120 prev_state=R ==> next_comm=mmcqd/1 next_pid=116 next_prio=120
         mmcqd/1-116   [000] ...1   897.473275: block_rq_complete: 179,0 RA () 3992400 + 8 [0]
         mmcqd/1-116   [000] ...2   897.473286: sched_switch: prev_comm=mmcqd/1 prev_pid=116 prev_prio=120 prev_state=S ==> next_comm=swapper/0 next_pid=0 next_prio=120
          <idle>-0     [000] ...2   897.474220: sched_switch: prev_comm=swapper/0 prev_pid=0 prev_prio=120 prev_state=R ==> next_comm=mmcqd/1 next_pid=116 next_prio=120
         mmcqd/1-116   [000] ...1   897.474259: block_rq_complete: 179,0 RA () 3994040 + 136 [0]
         mmcqd/1-116   [000] ...2   897.474280: sched_switch: prev_comm=mmcqd/1 prev_pid=116 prev_prio=120 prev_state=R+ ==> next_comm=kworker/0:1H next_pid=17 next_prio=100
          <idle>-0     [001] ...2   897.474281: sched_switch: prev_comm=swapper/1 prev_pid=0 prev_prio=120 prev_state=R ==> next_comm=main next_pid=5425 next_prio=120
    kworker/0:1H-17    [000] ...2   897.474287: sched_switch: prev_comm=kworker/0:1H prev_pid=17 prev_prio=100 prev_state=S ==> next_comm=mmcqd/1 next_pid=116 next_prio=120
         mmcqd/1-116   [000] ...2   897.474295: sched_switch: prev_comm=mmcqd/1 prev_pid=116 prev_prio=120 prev_state=S ==> next_comm=swapper/0 next_pid=0 next_prio=120
            main-5425  [001] d..2   897.474395: block_rq_insert: 179,0 R 0 () 4025256 + 24 [main]
          <idle>-0     [000] ...2   897.474414: sched_switch: prev_comm=swapper/0 prev_pid=0 prev_prio=120 prev_state=R ==> next_comm=mmcqd/1 next_pid=116 next_prio=120
            main-5425  [001] ...2   897.474417: sched_switch: prev_comm=main prev_pid=5425 prev_prio=120 prev_state=D|W ==> next_comm=swapper/1 next_pid=0 next_prio=120
         mmcqd/1-116   [000] ...2   897.474451: sched_switch: prev_comm=mmcqd/1 prev_pid=116 prev_prio=120 prev_state=S ==> next_comm=swapper/0 next_pid=0 next_prio=120
          <idle>-0     [000] ...2   897.474746: sched_switch: prev_comm=swapper/0 prev_pid=0 prev_prio=120 prev_state=R ==> next_comm=mmcqd/1 next_pid=116 next_prio=120
         mmcqd/1-116   [000] ...1   897.474759: block_rq_complete: 179,0 RA () 4025256 + 24 [0]
         mmcqd/1-116   [000] ...2   897.474776: sched_switch: prev_comm=mmcqd/1 prev_pid=116 prev_prio=120 prev_state=R+ ==> next_comm=kworker/0:1H next_pid=17 next_prio=100
          <idle>-0     [001] ...2   897.474778: sched_switch: prev_comm=swapper/1 prev_pid=0 prev_prio=120 prev_state=R ==> next_comm=main next_pid=5425 next_prio=120
    kworker/0:1H-17    [000] ...2   897.474783: sched_switch: prev_comm=kworker/0:1H prev_pid=17 prev_prio=100 prev_state=S ==> next_comm=mmcqd/1 next_pid=116 next_prio=120
         mmcqd/1-116   [000] ...2   897.474790: sched_switch: prev_comm=mmcqd/1 prev_pid=116 prev_prio=120 prev_state=S ==> next_comm=swapper/0 next_pid=0 next_prio=120
            main-5425  [001] d..2   897.474932: block_rq_insert: 179,0 R 0 () 4028792 + 152 [main]
          <idle>-0     [000] ...2   897.474951: sched_switch: prev_comm=swapper/0 prev_pid=0 prev_prio=120 prev_state=R ==> next_comm=mmcqd/1 next_pid=116 next_prio=120
            main-5425  [001] ...2   897.474954: sched_switch: prev_comm=main prev_pid=5425 prev_prio=120 prev_state=D|W ==> next_comm=swapper/1 next_pid=0 next_prio=120
         mmcqd/1-116   [000] ...2   897.475022: sched_switch: prev_comm=mmcqd/1 prev_pid=116 prev_prio=120 prev_state=S ==> next_comm=swapper/0 next_pid=0 next_prio=120
          <idle>-0     [000] ...2   897.476042: sched_switch: prev_comm=swapper/0 prev_pid=0 prev_prio=120 prev_state=R ==> next_comm=mmcqd/1 next_pid=116 next_prio=120
         mmcqd/1-116   [000] ...1   897.476084: block_rq_complete: 179,0 RA () 4028792 + 152 [0]
         mmcqd/1-116   [000] ...2   897.476104: sched_switch: prev_comm=mmcqd/1 prev_pid=116 prev_prio=120 prev_state=R+ ==> next_comm=kworker/0:1H next_pid=17 next_prio=100
          <idle>-0     [001] ...2   897.476106: sched_switch: prev_comm=swapper/1 prev_pid=0 prev_prio=120 prev_state=R ==> next_comm=main next_pid=5425 next_prio=120
    kworker/0:1H-17    [000] ...2   897.476111: sched_switch: prev_comm=kworker/0:1H prev_pid=17 prev_prio=100 prev_state=S ==> next_comm=mmcqd/1 next_pid=116 next_prio=120
         mmcqd/1-116   [000] ...2   897.476120: sched_switch: prev_comm=mmcqd/1 prev_pid=116 prev_prio=120 prev_state=S ==> next_comm=swapper/0 next_pid=0 next_prio=120
            main-5425  [001] d..2   897.476803: block_rq_insert: 179,0 R 0 () 4079536 + 48 [main]
            main-5425  [001] d..2   897.476808: block_rq_insert: 179,0 R 0 () 4079600 + 16 [main]
            main-5425  [001] d..2   897.476811: block_rq_insert: 179,0 R 0 () 4079632 + 16 [main]
            main-5425  [001] d..2   897.476813: block_rq_insert: 179,0 R 0 () 4079656 + 16 [main]
            main-5425  [001] d..2   897.476816: block_rq_insert: 179,0 R 0 () 4079680 + 16 [main]
            main-5425  [001] d..2   897.476819: block_rq_insert: 179,0 R 0 () 4079712 + 8 [main]
            main-5425  [001] d..2   897.476821: block_rq_insert: 179,0 R 0 () 4079728 + 8 [main]
          <idle>-0     [000] ...2   897.476840: sched_switch: prev_comm=swapper/0 prev_pid=0 prev_prio=120 prev_state=R ==> next_comm=mmcqd/1 next_pid=116 next_prio=120
            main-5425  [001] ...2   897.476843: sched_switch: prev_comm=main prev_pid=5425 prev_prio=120 prev_state=D|W ==> next_comm=swapper/1 next_pid=0 next_prio=120
         mmcqd/1-116   [000] ...2   897.476898: sched_switch: prev_comm=mmcqd/1 prev_pid=116 prev_prio=120 prev_state=S ==> next_comm=swapper/0 next_pid=0 next_prio=120
          <idle>-0     [000] ...2   897.477322: sched_switch: prev_comm=swapper/0 prev_pid=0 prev_prio=120 prev_state=R ==> next_comm=mmcqd/1 next_pid=116 next_prio=120
         mmcqd/1-116   [000] ...1   897.477356: block_rq_complete: 179,0 RA () 4079536 + 48 [0]
         mmcqd/1-116   [000] ...2   897.477380: sched_switch: prev_comm=mmcqd/1 prev_pid=116 prev_prio=120 prev_state=S ==> next_comm=swapper/0 next_pid=0 next_prio=120
          <idle>-0     [000] ...2   897.477637: sched_switch: prev_comm=swapper/0 prev_pid=0 prev_prio=120 prev_state=R ==> next_comm=mmcqd/1 next_pid=116 next_prio=120
         mmcqd/1-116   [000] ...1   897.477665: block_rq_complete: 179,0 RA () 4079600 + 16 [0]
         mmcqd/1-116   [000] ...2   897.477687: sched_switch: prev_comm=mmcqd/1 prev_pid=116 prev_prio=120 prev_state=S ==> next_comm=swapper/0 next_pid=0 next_prio=120
          <idle>-0     [000] ...2   897.477936: sched_switch: prev_comm=swapper/0 prev_pid=0 prev_prio=120 prev_state=R ==> next_comm=mmcqd/1 next_pid=116 next_prio=120
         mmcqd/1-116   [000] ...1   897.477963: block_rq_complete: 179,0 RA () 4079632 + 16 [0]
         mmcqd/1-116   [000] ...2   897.477986: sched_switch: prev_comm=mmcqd/1 prev_pid=116 prev_prio=120 prev_state=S ==> next_comm=swapper/0 next_pid=0 next_prio=120
          <idle>-0     [000] ...2   897.478245: sched_switch: prev_comm=swapper/0 prev_pid=0 prev_prio=120 prev_state=R ==> next_comm=mmcqd/1 next_pid=116 next_prio=120
         mmcqd/1-116   [000] ...1   897.478272: block_rq_complete: 179,0 RA () 4079656 + 16 [0]
          <idle>-0     [001] ...2   897.478291: sched_switch: prev_comm=swapper/1 prev_pid=0 prev_prio=120 prev_state=R ==> next_comm=main next_pid=5425 next_prio=120
         mmcqd/1-116   [000] ...2   897.478296: sched_switch: prev_comm=mmcqd/1 prev_pid=116 prev_prio=120 prev_state=S ==> next_comm=swapper/0 next_pid=0 next_prio=120
          <idle>-0     [000] ...2   897.478559: sched_switch: prev_comm=swapper/0 prev_pid=0 prev_prio=120 prev_state=R ==> next_comm=mmcqd/1 next_pid=116 next_prio=120
         mmcqd/1-116   [000] ...1   897.478584: block_rq_complete: 179,0 RA () 4079680 + 16 [0]
         mmcqd/1-116   [000] ...2   897.478603: sched_switch: prev_comm=mmcqd/1 prev_pid=116 prev_prio=120 prev_state=S ==> next_comm=swapper/0 next_pid=0 next_prio=120
          <idle>-0     [000] ...2   897.478851: sched_switch: prev_comm=swapper/0 prev_pid=0 prev_prio=120 prev_state=R ==> next_comm=mmcqd/1 next_pid=116 next_prio=120
         mmcqd/1-116   [000] ...1   897.478876: block_rq_complete: 179,0 RA () 4079712 + 8 [0]
         mmcqd/1-116   [000] ...2   897.478904: sched_switch: prev_comm=mmcqd/1 prev_pid=116 prev_prio=120 prev_state=R+ ==> next_comm=kworker/u:2 next_pid=80 next_prio=120
           <...>-80    [000] ...2   897.478919: sched_switch: prev_comm=kworker/u:2 prev_pid=80 prev_prio=120 prev_state=S ==> next_comm=mpdecision next_pid=1527 next_prio=113
            main-5425  [001] d..2   897.478963: block_rq_insert: 179,0 R 0 () 4078384 + 40 [main]
            main-5425  [001] d..2   897.478968: block_rq_insert: 179,0 R 0 () 4078440 + 8 [main]
            main-5425  [001] ...2   897.478988: sched_switch: prev_comm=main prev_pid=5425 prev_prio=120 prev_state=D|W ==> next_comm=swapper/1 next_pid=0 next_prio=120
      mpdecision-1527  [000] ...2   897.479185: sched_switch: prev_comm=mpdecision prev_pid=1527 prev_prio=113 prev_state=S ==> next_comm=mmcqd/1 next_pid=116 next_prio=120
         mmcqd/1-116   [000] ...1   897.479225: block_rq_complete: 179,0 RA () 4079728 + 8 [0]
         mmcqd/1-116   [000] ...2   897.479254: sched_switch: prev_comm=mmcqd/1 prev_pid=116 prev_prio=120 prev_state=S ==> next_comm=swapper/0 next_pid=0 next_prio=120
          <idle>-0     [000] ...2   897.479272: sched_switch: prev_comm=swapper/0 prev_pid=0 prev_prio=120 prev_state=R ==> next_comm=ksoftirqd/0 next_pid=3 next_prio=120
     ksoftirqd/0-3     [000] ...2   897.479281: sched_switch: prev_comm=ksoftirqd/0 prev_pid=3 prev_prio=120 prev_state=S ==> next_comm=swapper/0 next_pid=0 next_prio=120
          <idle>-0     [000] ...2   897.479298: sched_switch: prev_comm=swapper/0 prev_pid=0 prev_prio=120 prev_state=R ==> next_comm=ksoftirqd/0 next_pid=3 next_prio=120
     ksoftirqd/0-3     [000] ...2   897.479305: sched_switch: prev_comm=ksoftirqd/0 prev_pid=3 prev_prio=120 prev_state=S ==> next_comm=swapper/0 next_pid=0 next_prio=120
          <idle>-0     [000] ...2   897.479319: sched_switch: prev_comm=swapper/0 prev_pid=0 prev_prio=120 prev_state=R ==> next_comm=ksoftirqd/0 next_pid=3 next_prio=120
     ksoftirqd/0-3     [000] ...2   897.479327: sched_switch: prev_comm=ksoftirqd/0 prev_pid=3 prev_prio=120 prev_state=S ==> next_comm=swapper/0 next_pid=0 next_prio=120
          <idle>-0     [000] ...2   897.479473: sched_switch: prev_comm=swapper/0 prev_pid=0 prev_prio=120 prev_state=R ==> next_comm=mmcqd/1 next_pid=116 next_prio=120
         mmcqd/1-116   [000] ...1   897.479499: block_rq_complete: 179,0 RA () 4078440 + 8 [0]
         mmcqd/1-116   [000] ...2   897.479511: sched_switch: prev_comm=mmcqd/1 prev_pid=116 prev_prio=120 prev_state=S ==> next_comm=swapper/0 next_pid=0 next_prio=120
          <idle>-0     [000] ...2   897.479947: sched_switch: prev_comm=swapper/0 prev_pid=0 prev_prio=120 prev_state=R ==> next_comm=mmcqd/1 next_pid=116 next_prio=120
         mmcqd/1-116   [000] ...1   897.479964: block_rq_complete: 179,0 RA () 4078384 + 40 [0]
          <idle>-0     [001] ...2   897.479983: sched_switch: prev_comm=swapper/1 prev_pid=0 prev_prio=120 prev_state=R ==> next_comm=main next_pid=5425 next_prio=120
         mmcqd/1-116   [000] ...2   897.479984: sched_switch: prev_comm=mmcqd/1 prev_pid=116 prev_prio=120 prev_state=R+ ==> next_comm=kworker/0:1H next_pid=17 next_prio=100
    kworker/0:1H-17    [000] ...2   897.479990: sched_switch: prev_comm=kworker/0:1H prev_pid=17 prev_prio=100 prev_state=S ==> next_comm=mmcqd/1 next_pid=116 next_prio=120
         mmcqd/1-116   [000] ...2   897.479999: sched_switch: prev_comm=mmcqd/1 prev_pid=116 prev_prio=120 prev_state=S ==> next_comm=swapper/0 next_pid=0 next_prio=120
            main-5425  [001] d..2   897.480139: block_rq_insert: 179,0 R 0 () 4086560 + 136 [main]
            main-5425  [001] d..2   897.480144: block_rq_insert: 179,0 R 0 () 4086704 + 72 [main]
          <idle>-0     [000] ...2   897.480162: sched_switch: prev_comm=swapper/0 prev_pid=0 prev_prio=120 prev_state=R ==> next_comm=mmcqd/1 next_pid=116 next_prio=120
            main-5425  [001] ...2   897.480165: sched_switch: prev_comm=main prev_pid=5425 prev_prio=120 prev_state=D|W ==> next_comm=swapper/1 next_pid=0 next_prio=120
         mmcqd/1-116   [000] ...2   897.480253: sched_switch: prev_comm=mmcqd/1 prev_pid=116 prev_prio=120 prev_state=S ==> next_comm=swapper/0 next_pid=0 next_prio=120
          <idle>-0     [000] ...2   897.481077: sched_switch: prev_comm=swapper/0 prev_pid=0 prev_prio=120 prev_state=R ==> next_comm=mmcqd/1 next_pid=116 next_prio=120
         mmcqd/1-116   [000] ...1   897.481129: block_rq_complete: 179,0 RA () 4086560 + 136 [0]
         mmcqd/1-116   [000] ...2   897.481149: sched_switch: prev_comm=mmcqd/1 prev_pid=116 prev_prio=120 prev_state=S ==> next_comm=swapper/0 next_pid=0 next_prio=120
          <idle>-0     [001] ...2   897.481149: sched_switch: prev_comm=swapper/1 prev_pid=0 prev_prio=120 prev_state=R ==> next_comm=main next_pid=5425 next_prio=120
          <idle>-0     [000] ...2   897.481629: sched_switch: prev_comm=swapper/0 prev_pid=0 prev_prio=120 prev_state=R ==> next_comm=mmcqd/1 next_pid=116 next_prio=120
         mmcqd/1-116   [000] ...1   897.481652: block_rq_complete: 179,0 RA () 4086704 + 72 [0]
         mmcqd/1-116   [000] ...2   897.481667: sched_switch: prev_comm=mmcqd/1 prev_pid=116 prev_prio=120 prev_state=R+ ==> next_comm=kworker/0:1H next_pid=17 next_prio=100
    kworker/0:1H-17    [000] ...2   897.481674: sched_switch: prev_comm=kworker/0:1H prev_pid=17 prev_prio=100 prev_state=S ==> next_comm=mmcqd/1 next_pid=116 next_prio=120
         mmcqd/1-116   [000] ...2   897.481682: sched_switch: prev_comm=mmcqd/1 prev_pid=116 prev_prio=120 prev_state=S ==> next_comm=swapper/0 next_pid=0 next_prio=120
            main-5425  [001] ...2   897.498919: sched_switch: prev_comm=main prev_pid=5425 prev_prio=120 prev_state=R ==> next_comm=kworker/1:0H next_pid=5419 next_prio=100
          <idle>-0     [000] ...2   897.498919: sched_switch: prev_comm=swapper/0 prev_pid=0 prev_prio=120 prev_state=R ==> next_comm=kworker/0:0 next_pid=4 next_prio=120
     kworker/0:0-4     [000] ...2   897.498977: sched_switch: prev_comm=kworker/0:0 prev_pid=4 prev_prio=120 prev_state=S ==> next_comm=kworker/0:1H next_pid=17 next_prio=100
    kworker/1:0H-5419  [001] ...2   897.498982: sched_switch: prev_comm=kworker/1:0H prev_pid=5419 prev_prio=100 prev_state=D ==> next_comm=kworker/1:1H next_pid=5422 next_prio=100
    kworker/0:1H-17    [000] ...2   897.499000: sched_switch: prev_comm=kworker/0:1H prev_pid=17 prev_prio=100 prev_state=S ==> next_comm=swapper/0 next_pid=0 next_prio=120
    kworker/1:1H-5422  [001] ...2   897.499098: sched_switch: prev_comm=kworker/1:1H prev_pid=5422 prev_prio=100 prev_state=S ==> next_comm=kworker/1:0H next_pid=5419 next_prio=100
    kworker/1:0H-5419  [001] ...2   897.499106: sched_switch: prev_comm=kworker/1:0H prev_pid=5419 prev_prio=100 prev_state=S ==> next_comm=main next_pid=5425 next_prio=120
            main-5425  [001] d..2   897.504296: block_rq_insert: 179,0 R 0 () 4085616 + 40 [main]
          <idle>-0     [000] ...2   897.504323: sched_switch: prev_comm=swapper/0 prev_pid=0 prev_prio=120 prev_state=R ==> next_comm=mmcqd/1 next_pid=116 next_prio=120
         mmcqd/1-116   [000] ...2   897.504386: sched_switch: prev_comm=mmcqd/1 prev_pid=116 prev_prio=120 prev_state=S ==> next_comm=swapper/0 next_pid=0 next_prio=120
          <idle>-0     [000] ...2   897.504945: sched_switch: prev_comm=swapper/0 prev_pid=0 prev_prio=120 prev_state=R ==> next_comm=mmcqd/1 next_pid=116 next_prio=120
         mmcqd/1-116   [000] ...1   897.504962: block_rq_complete: 179,0 RA () 4085616 + 40 [0]
         mmcqd/1-116   [000] ...2   897.504982: sched_switch: prev_comm=mmcqd/1 prev_pid=116 prev_prio=120 prev_state=R+ ==> next_comm=kworker/0:1H next_pid=17 next_prio=100
    kworker/0:1H-17    [000] ...2   897.504990: sched_switch: prev_comm=kworker/0:1H prev_pid=17 prev_prio=100 prev_state=S ==> next_comm=mmcqd/1 next_pid=116 next_prio=120
         mmcqd/1-116   [000] ...2   897.505001: sched_switch: prev_comm=mmcqd/1 prev_pid=116 prev_prio=120 prev_state=S ==> next_comm=swapper/0 next_pid=0 next_prio=120
            main-5425  [001] d..2   897.507014: block_rq_insert: 179,0 R 0 () 874176 + 8 [main]
            main-5425  [001] ...2   897.507033: sched_switch: prev_comm=main prev_pid=5425 prev_prio=120 prev_state=D|W ==> next_comm=swapper/1 next_pid=0 next_prio=120
          <idle>-0     [000] ...2   897.507033: sched_switch: prev_comm=swapper/0 prev_pid=0 prev_prio=120 prev_state=R ==> next_comm=mmcqd/1 next_pid=116 next_prio=120
          <idle>-0     [001] ...2   897.507050: sched_switch: prev_comm=swapper/1 prev_pid=0 prev_prio=120 prev_state=R ==> next_comm=ksoftirqd/1 next_pid=5420 next_prio=120
     ksoftirqd/1-5420  [001] ...2   897.507061: sched_switch: prev_comm=ksoftirqd/1 prev_pid=5420 prev_prio=120 prev_state=S ==> next_comm=swapper/1 next_pid=0 next_prio=120
         mmcqd/1-116   [000] ...2   897.507070: sched_switch: prev_comm=mmcqd/1 prev_pid=116 prev_prio=120 prev_state=S ==> next_comm=swapper/0 next_pid=0 next_prio=120
          <idle>-0     [001] ...2   897.507076: sched_switch: prev_comm=swapper/1 prev_pid=0 prev_prio=120 prev_state=R ==> next_comm=ksoftirqd/1 next_pid=5420 next_prio=120
     ksoftirqd/1-5420  [001] ...2   897.507084: sched_switch: prev_comm=ksoftirqd/1 prev_pid=5420 prev_prio=120 prev_state=S ==> next_comm=swapper/1 next_pid=0 next_prio=120
          <idle>-0     [001] ...2   897.507098: sched_switch: prev_comm=swapper/1 prev_pid=0 prev_prio=120 prev_state=R ==> next_comm=ksoftirqd/1 next_pid=5420 next_prio=120
     ksoftirqd/1-5420  [001] ...2   897.507111: sched_switch: prev_comm=ksoftirqd/1 prev_pid=5420 prev_prio=120 prev_state=S ==> next_comm=swapper/1 next_pid=0 next_prio=120
          <idle>-0     [000] ...2   897.507304: sched_switch: prev_comm=swapper/0 prev_pid=0 prev_prio=120 prev_state=R ==> next_comm=mmcqd/1 next_pid=116 next_prio=120
         mmcqd/1-116   [000] ...1   897.507314: block_rq_complete: 179,0 RA () 874176 + 8 [0]
          <idle>-0     [001] ...2   897.507330: sched_switch: prev_comm=swapper/1 prev_pid=0 prev_prio=120 prev_state=R ==> next_comm=main next_pid=5425 next_prio=120
         mmcqd/1-116   [000] ...2   897.507332: sched_switch: prev_comm=mmcqd/1 prev_pid=116 prev_prio=120 prev_state=R+ ==> next_comm=kworker/0:1H next_pid=17 next_prio=100
    kworker/0:1H-17    [000] ...2   897.507339: sched_switch: prev_comm=kworker/0:1H prev_pid=17 prev_prio=100 prev_state=S ==> next_comm=mmcqd/1 next_pid=116 next_prio=120
         mmcqd/1-116   [000] ...2   897.507349: sched_switch: prev_comm=mmcqd/1 prev_pid=116 prev_prio=120 prev_state=S ==> next_comm=swapper/0 next_pid=0 next_prio=120
            main-5425  [001] d..2   897.510593: block_rq_insert: 179,0 R 0 () 4084864 + 8 [main]
            main-5425  [001] ...2   897.510613: sched_switch: prev_comm=main prev_pid=5425 prev_prio=120 prev_state=D|W ==> next_comm=swapper/1 next_pid=0 next_prio=120
          <idle>-0     [000] ...2   897.510614: sched_switch: prev_comm=swapper/0 prev_pid=0 prev_prio=120 prev_state=R ==> next_comm=mmcqd/1 next_pid=116 next_prio=120
          <idle>-0     [001] ...2   897.510629: sched_switch: prev_comm=swapper/1 prev_pid=0 prev_prio=120 prev_state=R ==> next_comm=ksoftirqd/1 next_pid=5420 next_prio=120
     ksoftirqd/1-5420  [001] ...2   897.510637: sched_switch: prev_comm=ksoftirqd/1 prev_pid=5420 prev_prio=120 prev_state=S ==> next_comm=swapper/1 next_pid=0 next_prio=120
          <idle>-0     [001] ...2   897.510651: sched_switch: prev_comm=swapper/1 prev_pid=0 prev_prio=120 prev_state=R ==> next_comm=ksoftirqd/1 next_pid=5420 next_prio=120
         mmcqd/1-116   [000] ...2   897.510656: sched_switch: prev_comm=mmcqd/1 prev_pid=116 prev_prio=120 prev_state=S ==> next_comm=swapper/0 next_pid=0 next_prio=120
     ksoftirqd/1-5420  [001] ...2   897.510656: sched_switch: prev_comm=ksoftirqd/1 prev_pid=5420 prev_prio=120 prev_state=S ==> next_comm=swapper/1 next_pid=0 next_prio=120
          <idle>-0     [001] ...2   897.510669: sched_switch: prev_comm=swapper/1 prev_pid=0 prev_prio=120 prev_state=R ==> next_comm=ksoftirqd/1 next_pid=5420 next_prio=120
     ksoftirqd/1-5420  [001] ...2   897.510674: sched_switch: prev_comm=ksoftirqd/1 prev_pid=5420 prev_prio=120 prev_state=S ==> next_comm=swapper/1 next_pid=0 next_prio=120
          <idle>-0     [000] ...2   897.510886: sched_switch: prev_comm=swapper/0 prev_pid=0 prev_prio=120 prev_state=R ==> next_comm=mmcqd/1 next_pid=116 next_prio=120
         mmcqd/1-116   [000] ...1   897.510896: block_rq_complete: 179,0 RA () 4084864 + 8 [0]
          <idle>-0     [001] ...2   897.510912: sched_switch: prev_comm=swapper/1 prev_pid=0 prev_prio=120 prev_state=R ==> next_comm=main next_pid=5425 next_prio=120
         mmcqd/1-116   [000] ...2   897.510915: sched_switch: prev_comm=mmcqd/1 prev_pid=116 prev_prio=120 prev_state=R+ ==> next_comm=kworker/0:1H next_pid=17 next_prio=100
    kworker/0:1H-17    [000] ...2   897.510922: sched_switch: prev_comm=kworker/0:1H prev_pid=17 prev_prio=100 prev_state=S ==> next_comm=mmcqd/1 next_pid=116 next_prio=120
         mmcqd/1-116   [000] ...2   897.510932: sched_switch: prev_comm=mmcqd/1 prev_pid=116 prev_prio=120 prev_state=S ==> next_comm=swapper/0 next_pid=0 next_prio=120
            main-5425  [001] d..2   897.512425: block_rq_insert: 179,0 R 0 () 4077832 + 8 [main]
            main-5425  [001] d..2   897.512429: block_rq_insert: 179,0 R 0 () 4077848 + 8 [main]
            main-5425  [001] d..2   897.512431: block_rq_insert: 179,0 R 0 () 4077872 + 8 [main]
            main-5425  [001] ...2   897.512444: sched_switch: prev_comm=main prev_pid=5425 prev_prio=120 prev_state=D|W ==> next_comm=swapper/1 next_pid=0 next_prio=120
          <idle>-0     [000] ...2   897.512447: sched_switch: prev_comm=swapper/0 prev_pid=0 prev_prio=120 prev_state=R ==> next_comm=mmcqd/1 next_pid=116 next_prio=120
         mmcqd/1-116   [000] ...2   897.512495: sched_switch: prev_comm=mmcqd/1 prev_pid=116 prev_prio=120 prev_state=S ==> next_comm=swapper/0 next_pid=0 next_prio=120
          <idle>-0     [000] ...2   897.512726: sched_switch: prev_comm=swapper/0 prev_pid=0 prev_prio=120 prev_state=R ==> next_comm=mmcqd/1 next_pid=116 next_prio=120
         mmcqd/1-116   [000] ...1   897.512751: block_rq_complete: 179,0 RA () 4077872 + 8 [0]
         mmcqd/1-116   [000] ...2   897.512771: sched_switch: prev_comm=mmcqd/1 prev_pid=116 prev_prio=120 prev_state=S ==> next_comm=swapper/0 next_pid=0 next_prio=120
          <idle>-0     [000] ...2   897.512997: sched_switch: prev_comm=swapper/0 prev_pid=0 prev_prio=120 prev_state=R ==> next_comm=mmcqd/1 next_pid=116 next_prio=120
         mmcqd/1-116   [000] ...1   897.513021: block_rq_complete: 179,0 RA () 4077848 + 8 [0]
          <idle>-0     [001] ...2   897.513032: sched_switch: prev_comm=swapper/1 prev_pid=0 prev_prio=120 prev_state=R ==> next_comm=main next_pid=5425 next_prio=120
         mmcqd/1-116   [000] ...2   897.513037: sched_switch: prev_comm=mmcqd/1 prev_pid=116 prev_prio=120 prev_state=S ==> next_comm=swapper/0 next_pid=0 next_prio=120
          <idle>-0     [000] ...2   897.513295: sched_switch: prev_comm=swapper/0 prev_pid=0 prev_prio=120 prev_state=R ==> next_comm=mmcqd/1 next_pid=116 next_prio=120
         mmcqd/1-116   [000] ...1   897.513305: block_rq_complete: 179,0 RA () 4077832 + 8 [0]
         mmcqd/1-116   [000] ...2   897.513317: sched_switch: prev_comm=mmcqd/1 prev_pid=116 prev_prio=120 prev_state=R+ ==> next_comm=kworker/0:1H next_pid=17 next_prio=100
    kworker/0:1H-17    [000] ...2   897.513325: sched_switch: prev_comm=kworker/0:1H prev_pid=17 prev_prio=100 prev_state=S ==> next_comm=mmcqd/1 next_pid=116 next_prio=120
         mmcqd/1-116   [000] ...2   897.513334: sched_switch: prev_comm=mmcqd/1 prev_pid=116 prev_prio=120 prev_state=S ==> next_comm=swapper/0 next_pid=0 next_prio=120
            main-5425  [001] d..2   897.515743: block_rq_insert: 179,0 R 0 () 4079400 + 8 [main]
            main-5425  [001] d..2   897.515746: block_rq_insert: 179,0 R 0 () 4079416 + 48 [main]
            main-5425  [001] d..2   897.515748: block_rq_insert: 179,0 R 0 () 4079480 + 24 [main]
            main-5425  [001] d..2   897.515750: block_rq_insert: 179,0 R 0 () 4079512 + 24 [main]
            main-5425  [001] ...2   897.515764: sched_switch: prev_comm=main prev_pid=5425 prev_prio=120 prev_state=D|W ==> next_comm=swapper/1 next_pid=0 next_prio=120
          <idle>-0     [000] ...2   897.515767: sched_switch: prev_comm=swapper/0 prev_pid=0 prev_prio=120 prev_state=R ==> next_comm=mmcqd/1 next_pid=116 next_prio=120
         mmcqd/1-116   [000] ...2   897.515827: sched_switch: prev_comm=mmcqd/1 prev_pid=116 prev_prio=120 prev_state=S ==> next_comm=swapper/0 next_pid=0 next_prio=120
          <idle>-0     [000] ...2   897.516046: sched_switch: prev_comm=swapper/0 prev_pid=0 prev_prio=120 prev_state=R ==> next_comm=mmcqd/1 next_pid=116 next_prio=120
         mmcqd/1-116   [000] ...1   897.516072: block_rq_complete: 179,0 RA () 4079400 + 8 [0]
         mmcqd/1-116   [000] ...2   897.516097: sched_switch: prev_comm=mmcqd/1 prev_pid=116 prev_prio=120 prev_state=S ==> next_comm=swapper/0 next_pid=0 next_prio=120
          <idle>-0     [000] ...2   897.516541: sched_switch: prev_comm=swapper/0 prev_pid=0 prev_prio=120 prev_state=R ==> next_comm=mmcqd/1 next_pid=116 next_prio=120
         mmcqd/1-116   [000] ...1   897.516573: block_rq_complete: 179,0 RA () 4079416 + 48 [0]
          <idle>-0     [001] ...2   897.516587: sched_switch: prev_comm=swapper/1 prev_pid=0 prev_prio=120 prev_state=R ==> next_comm=main next_pid=5425 next_prio=120
         mmcqd/1-116   [000] ...2   897.516603: sched_switch: prev_comm=mmcqd/1 prev_pid=116 prev_prio=120 prev_state=S ==> next_comm=swapper/0 next_pid=0 next_prio=120
            main-5425  [001] d..2   897.516751: block_rq_insert: 179,0 R 0 () 4019736 + 8 [main]
            main-5425  [001] d..2   897.516754: block_rq_insert: 179,0 R 0 () 4019792 + 8 [main]
            main-5425  [001] ...2   897.516762: sched_switch: prev_comm=main prev_pid=5425 prev_prio=120 prev_state=D|W ==> next_comm=swapper/1 next_pid=0 next_prio=120
          <idle>-0     [000] ...2   897.516930: sched_switch: prev_comm=swapper/0 prev_pid=0 prev_prio=120 prev_state=R ==> next_comm=mmcqd/1 next_pid=116 next_prio=120
         mmcqd/1-116   [000] ...1   897.516958: block_rq_complete: 179,0 RA () 4079480 + 24 [0]
         mmcqd/1-116   [000] ...2   897.516979: sched_switch: prev_comm=mmcqd/1 prev_pid=116 prev_prio=120 prev_state=S ==> next_comm=swapper/0 next_pid=0 next_prio=120
          <idle>-0     [000] ...2   897.517307: sched_switch: prev_comm=swapper/0 prev_pid=0 prev_prio=120 prev_state=R ==> next_comm=mmcqd/1 next_pid=116 next_prio=120
         mmcqd/1-116   [000] ...1   897.517335: block_rq_complete: 179,0 RA () 4079512 + 24 [0]
         mmcqd/1-116   [000] ...2   897.517355: sched_switch: prev_comm=mmcqd/1 prev_pid=116 prev_prio=120 prev_state=S ==> next_comm=swapper/0 next_pid=0 next_prio=120
          <idle>-0     [000] ...2   897.517572: sched_switch: prev_comm=swapper/0 prev_pid=0 prev_prio=120 prev_state=R ==> next_comm=mmcqd/1 next_pid=116 next_prio=120
         mmcqd/1-116   [000] ...1   897.517597: block_rq_complete: 179,0 RA () 4019736 + 8 [0]
         mmcqd/1-116   [000] ...2   897.517611: sched_switch: prev_comm=mmcqd/1 prev_pid=116 prev_prio=120 prev_state=S ==> next_comm=swapper/0 next_pid=0 next_prio=120
          <idle>-0     [000] ...2   897.517862: sched_switch: prev_comm=swapper/0 prev_pid=0 prev_prio=120 prev_state=R ==> next_comm=mmcqd/1 next_pid=116 next_prio=120
         mmcqd/1-116   [000] ...1   897.517871: block_rq_complete: 179,0 RA () 4019792 + 8 [0]
          <idle>-0     [001] ...2   897.517883: sched_switch: prev_comm=swapper/1 prev_pid=0 prev_prio=120 prev_state=R ==> next_comm=main next_pid=5425 next_prio=120
         mmcqd/1-116   [000] ...2   897.517888: sched_switch: prev_comm=mmcqd/1 prev_pid=116 prev_prio=120 prev_state=R+ ==> next_comm=kworker/0:1H next_pid=17 next_prio=100
    kworker/0:1H-17    [000] ...2   897.517895: sched_switch: prev_comm=kworker/0:1H prev_pid=17 prev_prio=100 prev_state=S ==> next_comm=mmcqd/1 next_pid=116 next_prio=120
         mmcqd/1-116   [000] ...2   897.517905: sched_switch: prev_comm=mmcqd/1 prev_pid=116 prev_prio=120 prev_state=S ==> next_comm=swapper/0 next_pid=0 next_prio=120
            main-5425  [001] d..2   897.519199: block_rq_insert: 179,0 R 0 () 4010144 + 96 [main]
            main-5425  [001] d..2   897.519202: block_rq_insert: 179,0 R 0 () 4010264 + 48 [main]
            main-5425  [001] d..2   897.519205: block_rq_insert: 179,0 R 0 () 4010336 + 24 [main]
            main-5425  [001] ...2   897.519218: sched_switch: prev_comm=main prev_pid=5425 prev_prio=120 prev_state=D|W ==> next_comm=swapper/1 next_pid=0 next_prio=120
          <idle>-0     [000] ...2   897.519219: sched_switch: prev_comm=swapper/0 prev_pid=0 prev_prio=120 prev_state=R ==> next_comm=mmcqd/1 next_pid=116 next_prio=120
          <idle>-0     [001] ...2   897.519234: sched_switch: prev_comm=swapper/1 prev_pid=0 prev_prio=120 prev_state=R ==> next_comm=ksoftirqd/1 next_pid=5420 next_prio=120
     ksoftirqd/1-5420  [001] ...2   897.519243: sched_switch: prev_comm=ksoftirqd/1 prev_pid=5420 prev_prio=120 prev_state=S ==> next_comm=swapper/1 next_pid=0 next_prio=120
         mmcqd/1-116   [000] ...2   897.519278: sched_switch: prev_comm=mmcqd/1 prev_pid=116 prev_prio=120 prev_state=S ==> next_comm=swapper/0 next_pid=0 next_prio=120
          <idle>-0     [000] ...2   897.519575: sched_switch: prev_comm=swapper/0 prev_pid=0 prev_prio=120 prev_state=R ==> next_comm=mmcqd/1 next_pid=116 next_prio=120
         mmcqd/1-116   [000] ...1   897.519603: block_rq_complete: 179,0 RA () 4010336 + 24 [0]
         mmcqd/1-116   [000] ...2   897.519646: sched_switch: prev_comm=mmcqd/1 prev_pid=116 prev_prio=120 prev_state=S ==> next_comm=swapper/0 next_pid=0 next_prio=120
          <idle>-0     [000] ...2   897.520078: sched_switch: prev_comm=swapper/0 prev_pid=0 prev_prio=120 prev_state=R ==> next_comm=mmcqd/1 next_pid=116 next_prio=120
         mmcqd/1-116   [000] ...1   897.520110: block_rq_complete: 179,0 RA () 4010264 + 48 [0]
          <idle>-0     [001] ...2   897.520125: sched_switch: prev_comm=swapper/1 prev_pid=0 prev_prio=120 prev_state=R ==> next_comm=main next_pid=5425 next_prio=120
         mmcqd/1-116   [000] ...2   897.520128: sched_switch: prev_comm=mmcqd/1 prev_pid=116 prev_prio=120 prev_state=S ==> next_comm=swapper/0 next_pid=0 next_prio=120
            main-5425  [001] d..2   897.520142: block_rq_insert: 179,0 R 0 () 3997296 + 8 [main]
            main-5425  [001] ...2   897.520155: sched_switch: prev_comm=main prev_pid=5425 prev_prio=120 prev_state=D|W ==> next_comm=swapper/1 next_pid=0 next_prio=120
          <idle>-0     [000] ...2   897.520156: sched_switch: prev_comm=swapper/0 prev_pid=0 prev_prio=120 prev_state=R ==> next_comm=mmcqd/1 next_pid=116 next_prio=120
         mmcqd/1-116   [000] ...2   897.520171: sched_switch: prev_comm=mmcqd/1 prev_pid=116 prev_prio=120 prev_state=S ==> next_comm=swapper/0 next_pid=0 next_prio=120
          <idle>-0     [000] ...2   897.520743: sched_switch: prev_comm=swapper/0 prev_pid=0 prev_prio=120 prev_state=R ==> next_comm=mmcqd/1 next_pid=116 next_prio=120
         mmcqd/1-116   [000] ...1   897.520785: block_rq_complete: 179,0 RA () 4010144 + 96 [0]
         mmcqd/1-116   [000] ...2   897.520801: sched_switch: prev_comm=mmcqd/1 prev_pid=116 prev_prio=120 prev_state=S ==> next_comm=swapper/0 next_pid=0 next_prio=120
          <idle>-0     [000] ...2   897.521017: sched_switch: prev_comm=swapper/0 prev_pid=0 prev_prio=120 prev_state=R ==> next_comm=mmcqd/1 next_pid=116 next_prio=120
         mmcqd/1-116   [000] ...1   897.521025: block_rq_complete: 179,0 RA () 3997296 + 8 [0]
          <idle>-0     [001] ...2   897.521039: sched_switch: prev_comm=swapper/1 prev_pid=0 prev_prio=120 prev_state=R ==> next_comm=main next_pid=5425 next_prio=120
         mmcqd/1-116   [000] ...2   897.521041: sched_switch: prev_comm=mmcqd/1 prev_pid=116 prev_prio=120 prev_state=R+ ==> next_comm=kworker/0:1H next_pid=17 next_prio=100
    kworker/0:1H-17    [000] ...2   897.521048: sched_switch: prev_comm=kworker/0:1H prev_pid=17 prev_prio=100 prev_state=S ==> next_comm=mmcqd/1 next_pid=116 next_prio=120
         mmcqd/1-116   [000] ...2   897.521058: sched_switch: prev_comm=mmcqd/1 prev_pid=116 prev_prio=120 prev_state=S ==> next_comm=swapper/0 next_pid=0 next_prio=120
            main-5425  [001] d..2   897.521065: block_rq_insert: 179,0 R 0 () 4010088 + 8 [main]
            main-5425  [001] d..2   897.521067: block_rq_insert: 179,0 R 0 () 4010136 + 8 [main]
            main-5425  [001] ...2   897.521079: sched_switch: prev_comm=main prev_pid=5425 prev_prio=120 prev_state=D|W ==> next_comm=swapper/1 next_pid=0 next_prio=120
          <idle>-0     [000] ...2   897.521080: sched_switch: prev_comm=swapper/0 prev_pid=0 prev_prio=120 prev_state=R ==> next_comm=mmcqd/1 next_pid=116 next_prio=120
         mmcqd/1-116   [000] ...2   897.521122: sched_switch: prev_comm=mmcqd/1 prev_pid=116 prev_prio=120 prev_state=S ==> next_comm=swapper/0 next_pid=0 next_prio=120
          <idle>-0     [000] ...2   897.521363: sched_switch: prev_comm=swapper/0 prev_pid=0 prev_prio=120 prev_state=R ==> next_comm=mmcqd/1 next_pid=116 next_prio=120
         mmcqd/1-116   [000] ...1   897.521387: block_rq_complete: 179,0 RA () 4010088 + 8 [0]
         mmcqd/1-116   [000] ...2   897.521400: sched_switch: prev_comm=mmcqd/1 prev_pid=116 prev_prio=120 prev_state=S ==> next_comm=swapper/0 next_pid=0 next_prio=120
          <idle>-0     [000] ...2   897.521629: sched_switch: prev_comm=swapper/0 prev_pid=0 prev_prio=120 prev_state=R ==> next_comm=mmcqd/1 next_pid=116 next_prio=120
         mmcqd/1-116   [000] ...1   897.521638: block_rq_complete: 179,0 RA () 4010136 + 8 [0]
          <idle>-0     [001] ...2   897.521651: sched_switch: prev_comm=swapper/1 prev_pid=0 prev_prio=120 prev_state=R ==> next_comm=main next_pid=5425 next_prio=120
         mmcqd/1-116   [000] ...2   897.521654: sched_switch: prev_comm=mmcqd/1 prev_pid=116 prev_prio=120 prev_state=R+ ==> next_comm=kworker/0:1H next_pid=17 next_prio=100
    kworker/0:1H-17    [000] ...2   897.521660: sched_switch: prev_comm=kworker/0:1H prev_pid=17 prev_prio=100 prev_state=S ==> next_comm=mmcqd/1 next_pid=116 next_prio=120
         mmcqd/1-116   [000] ...2   897.521668: sched_switch: prev_comm=mmcqd/1 prev_pid=116 prev_prio=120 prev_state=S ==> next_comm=swapper/0 next_pid=0 next_prio=120
            main-5425  [001] d..2   897.521720: block_rq_insert: 179,0 R 0 () 4020328 + 8 [main]
            main-5425  [001] d..2   897.521722: block_rq_insert: 179,0 R 0 () 4020392 + 72 [main]
            main-5425  [001] d..2   897.521724: block_rq_insert: 179,0 R 0 () 4020472 + 40 [main]
            main-5425  [001] d..2   897.521725: block_rq_insert: 179,0 R 0 () 4020544 + 8 [main]
            main-5425  [001] d..2   897.521727: block_rq_insert: 179,0 R 0 () 4020560 + 24 [main]
            main-5425  [001] ...2   897.521738: sched_switch: prev_comm=main prev_pid=5425 prev_prio=120 prev_state=D|W ==> next_comm=swapper/1 next_pid=0 next_prio=120
          <idle>-0     [000] ...2   897.521740: sched_switch: prev_comm=swapper/0 prev_pid=0 prev_prio=120 prev_state=R ==> next_comm=mmcqd/1 next_pid=116 next_prio=120
         mmcqd/1-116   [000] ...2   897.521796: sched_switch: prev_comm=mmcqd/1 prev_pid=116 prev_prio=120 prev_state=S ==> next_comm=swapper/0 next_pid=0 next_prio=120
          <idle>-0     [000] ...2   897.522022: sched_switch: prev_comm=swapper/0 prev_pid=0 prev_prio=120 prev_state=R ==> next_comm=mmcqd/1 next_pid=116 next_prio=120
         mmcqd/1-116   [000] ...1   897.522046: block_rq_complete: 179,0 RA () 4020328 + 8 [0]
         mmcqd/1-116   [000] ...2   897.522071: sched_switch: prev_comm=mmcqd/1 prev_pid=116 prev_prio=120 prev_state=S ==> next_comm=swapper/0 next_pid=0 next_prio=120
          <idle>-0     [000] ...2   897.522612: sched_switch: prev_comm=swapper/0 prev_pid=0 prev_prio=120 prev_state=R ==> next_comm=mmcqd/1 next_pid=116 next_prio=120
         mmcqd/1-116   [000] ...1   897.522650: block_rq_complete: 179,0 RA () 4020392 + 72 [0]
          <idle>-0     [001] ...2   897.522663: sched_switch: prev_comm=swapper/1 prev_pid=0 prev_prio=120 prev_state=R ==> next_comm=main next_pid=5425 next_prio=120
         mmcqd/1-116   [000] ...2   897.522673: sched_switch: prev_comm=mmcqd/1 prev_pid=116 prev_prio=120 prev_state=S ==> next_comm=swapper/0 next_pid=0 next_prio=120
          <idle>-0     [000] ...2   897.523169: sched_switch: prev_comm=swapper/0 prev_pid=0 prev_prio=120 prev_state=R ==> next_comm=mmcqd/1 next_pid=116 next_prio=120
         mmcqd/1-116   [000] ...1   897.523199: block_rq_complete: 179,0 RA () 4020472 + 40 [0]
         mmcqd/1-116   [000] ...2   897.523224: sched_switch: prev_comm=mmcqd/1 prev_pid=116 prev_prio=120 prev_state=S ==> next_comm=swapper/0 next_pid=0 next_prio=120
          <idle>-0     [000] ...2   897.523448: sched_switch: prev_comm=swapper/0 prev_pid=0 prev_prio=120 prev_state=R ==> next_comm=mmcqd/1 next_pid=116 next_prio=120
         mmcqd/1-116   [000] ...1   897.523474: block_rq_complete: 179,0 RA () 4020544 + 8 [0]
         mmcqd/1-116   [000] ...2   897.523486: sched_switch: prev_comm=mmcqd/1 prev_pid=116 prev_prio=120 prev_state=S ==> next_comm=swapper/0 next_pid=0 next_prio=120
            main-5425  [001] ...2   897.523754: sched_switch: prev_comm=main prev_pid=5425 prev_prio=120 prev_state=D|W ==> next_comm=swapper/1 next_pid=0 next_prio=120
          <idle>-0     [000] ...2   897.523849: sched_switch: prev_comm=swapper/0 prev_pid=0 prev_prio=120 prev_state=R ==> next_comm=mmcqd/1 next_pid=116 next_prio=120
         mmcqd/1-116   [000] ...1   897.523862: block_rq_complete: 179,0 RA () 4020560 + 24 [0]
          <idle>-0     [001] ...2   897.523877: sched_switch: prev_comm=swapper/1 prev_pid=0 prev_prio=120 prev_state=R ==> next_comm=main next_pid=5425 next_prio=120
         mmcqd/1-116   [000] ...2   897.523881: sched_switch: prev_comm=mmcqd/1 prev_pid=116 prev_prio=120 prev_state=R+ ==> next_comm=kworker/0:1H next_pid=17 next_prio=100
    kworker/0:1H-17    [000] ...2   897.523888: sched_switch: prev_comm=kworker/0:1H prev_pid=17 prev_prio=100 prev_state=S ==> next_comm=mmcqd/1 next_pid=116 next_prio=120
         mmcqd/1-116   [000] ...2   897.523897: sched_switch: prev_comm=mmcqd/1 prev_pid=116 prev_prio=120 prev_state=S ==> next_comm=swapper/0 next_pid=0 next_prio=120
          <idle>-0     [000] ...2   897.528909: sched_switch: prev_comm=swapper/0 prev_pid=0 prev_prio=120 prev_state=R ==> next_comm=kworker/u:2 next_pid=80 next_prio=120
           <...>-80    [000] ...2   897.528926: sched_switch: prev_comm=kworker/u:2 prev_pid=80 prev_prio=120 prev_state=S ==> next_comm=mpdecision next_pid=1527 next_prio=113
      mpdecision-1527  [000] ...2   897.529162: sched_switch: prev_comm=mpdecision prev_pid=1527 prev_prio=113 prev_state=S ==> next_comm=swapper/0 next_pid=0 next_prio=120
          <idle>-0     [000] ...2   897.529177: sched_switch: prev_comm=swapper/0 prev_pid=0 prev_prio=120 prev_state=R ==> next_comm=ksoftirqd/0 next_pid=3 next_prio=120
     ksoftirqd/0-3     [000] ...2   897.529187: sched_switch: prev_comm=ksoftirqd/0 prev_pid=3 prev_prio=120 prev_state=S ==> next_comm=swapper/0 next_pid=0 next_prio=120
          <idle>-0     [000] ...2   897.529200: sched_switch: prev_comm=swapper/0 prev_pid=0 prev_prio=120 prev_state=R ==> next_comm=ksoftirqd/0 next_pid=3 next_prio=120
     ksoftirqd/0-3     [000] ...2   897.529208: sched_switch: prev_comm=ksoftirqd/0 prev_pid=3 prev_prio=120 prev_state=S ==> next_comm=swapper/0 next_pid=0 next_prio=120
          <idle>-0     [000] ...2   897.529221: sched_switch: prev_comm=swapper/0 prev_pid=0 prev_prio=120 prev_state=R ==> next_comm=ksoftirqd/0 next_pid=3 next_prio=120
     ksoftirqd/0-3     [000] ...2   897.529227: sched_switch: prev_comm=ksoftirqd/0 prev_pid=3 prev_prio=120 prev_state=S ==> next_comm=swapper/0 next_pid=0 next_prio=120
            main-5425  [001] d..2   897.532968: block_rq_insert: 179,0 R 0 () 3994176 + 120 [main]
          <idle>-0     [000] ...2   897.532994: sched_switch: prev_comm=swapper/0 prev_pid=0 prev_prio=120 prev_state=R ==> next_comm=mmcqd/1 next_pid=116 next_prio=120
            main-5425  [001] d..2   897.533059: block_rq_insert: 179,0 R 0 () 3991632 + 56 [main]
            main-5425  [001] ...2   897.533071: sched_switch: prev_comm=main prev_pid=5425 prev_prio=120 prev_state=D|W ==> next_comm=swapper/1 next_pid=0 next_prio=120
          <idle>-0     [001] ...2   897.533091: sched_switch: prev_comm=swapper/1 prev_pid=0 prev_prio=120 prev_state=R ==> next_comm=ksoftirqd/1 next_pid=5420 next_prio=120
         mmcqd/1-116   [000] ...2   897.533091: sched_switch: prev_comm=mmcqd/1 prev_pid=116 prev_prio=120 prev_state=S ==> next_comm=swapper/0 next_pid=0 next_prio=120
     ksoftirqd/1-5420  [001] ...2   897.533100: sched_switch: prev_comm=ksoftirqd/1 prev_pid=5420 prev_prio=120 prev_state=S ==> next_comm=swapper/1 next_pid=0 next_prio=120
          <idle>-0     [001] ...2   897.533116: sched_switch: prev_comm=swapper/1 prev_pid=0 prev_prio=120 prev_state=R ==> next_comm=ksoftirqd/1 next_pid=5420 next_prio=120
     ksoftirqd/1-5420  [001] ...2   897.533124: sched_switch: prev_comm=ksoftirqd/1 prev_pid=5420 prev_prio=120 prev_state=S ==> next_comm=swapper/1 next_pid=0 next_prio=120
          <idle>-0     [001] ...2   897.533138: sched_switch: prev_comm=swapper/1 prev_pid=0 prev_prio=120 prev_state=R ==> next_comm=ksoftirqd/1 next_pid=5420 next_prio=120
     ksoftirqd/1-5420  [001] ...2   897.533147: sched_switch: prev_comm=ksoftirqd/1 prev_pid=5420 prev_prio=120 prev_state=S ==> next_comm=swapper/1 next_pid=0 next_prio=120
          <idle>-0     [000] ...2   897.533865: sched_switch: prev_comm=swapper/0 prev_pid=0 prev_prio=120 prev_state=R ==> next_comm=mmcqd/1 next_pid=116 next_prio=120
         mmcqd/1-116   [000] ...1   897.533914: block_rq_complete: 179,0 RA () 3994176 + 120 [0]
         mmcqd/1-116   [000] ...2   897.533934: sched_switch: prev_comm=mmcqd/1 prev_pid=116 prev_prio=120 prev_state=S ==> next_comm=swapper/0 next_pid=0 next_prio=120
          <idle>-0     [000] ...2   897.534399: sched_switch: prev_comm=swapper/0 prev_pid=0 prev_prio=120 prev_state=R ==> next_comm=mmcqd/1 next_pid=116 next_prio=120
         mmcqd/1-116   [000] ...1   897.534418: block_rq_complete: 179,0 RA () 3991632 + 56 [0]
          <idle>-0     [001] ...2   897.534434: sched_switch: prev_comm=swapper/1 prev_pid=0 prev_prio=120 prev_state=R ==> next_comm=main next_pid=5425 next_prio=120
         mmcqd/1-116   [000] ...2   897.534438: sched_switch: prev_comm=mmcqd/1 prev_pid=116 prev_prio=120 prev_state=R+ ==> next_comm=kworker/0:1H next_pid=17 next_prio=100
    kworker/0:1H-17    [000] ...2   897.534446: sched_switch: prev_comm=kworker/0:1H prev_pid=17 prev_prio=100 prev_state=S ==> next_comm=mmcqd/1 next_pid=116 next_prio=120
         mmcqd/1-116   [000] ...2   897.534456: sched_switch: prev_comm=mmcqd/1 prev_pid=116 prev_prio=120 prev_state=S ==> next_comm=swapper/0 next_pid=0 next_prio=120
            main-5425  [001] d..2   897.534476: block_rq_insert: 179,0 R 0 () 4077504 + 24 [main]
          <idle>-0     [000] ...2   897.534488: sched_switch: prev_comm=swapper/0 prev_pid=0 prev_prio=120 prev_state=R ==> next_comm=mmcqd/1 next_pid=116 next_prio=120
            main-5425  [001] ...2   897.534489: sched_switch: prev_comm=main prev_pid=5425 prev_prio=120 prev_state=D|W ==> next_comm=swapper/1 next_pid=0 next_prio=120
         mmcqd/1-116   [000] ...2   897.534528: sched_switch: prev_comm=mmcqd/1 prev_pid=116 prev_prio=120 prev_state=S ==> next_comm=swapper/0 next_pid=0 next_prio=120
