           <...>-5579  [000] ...2   922.688903: sched_switch: prev_comm=main prev_pid=5579 prev_prio=120 prev_state=D|W ==> next_comm=swapper/0 next_pid=0 next_prio=120
          <idle>-0     [000] ...2   922.688907: sched_switch: prev_comm=swapper/0 prev_pid=0 prev_prio=120 prev_state=R ==> next_comm=kworker/u:2 next_pid=80 next_prio=120
     kworker/u:2-80    [000] ...2   922.688921: sched_switch: prev_comm=kworker/u:2 prev_pid=80 prev_prio=120 prev_state=S ==> next_comm=mpdecision next_pid=1527 next_prio=113
      mpdecision-1527  [000] ...2   922.689177: sched_switch: prev_comm=mpdecision prev_pid=1527 prev_prio=113 prev_state=S ==> next_comm=mmcqd/1 next_pid=116 next_prio=120
         mmcqd/1-116   [000] ...1   922.689188: block_rq_complete: 179,0 RA () 3984640 + 16 [0]
         mmcqd/1-116   [000] ...2   922.689205: sched_switch: prev_comm=mmcqd/1 prev_pid=116 prev_prio=120 prev_state=R+ ==> next_comm=kworker/0:1H next_pid=17 next_prio=100
    kworker/0:1H-17    [000] ...2   922.689212: sched_switch: prev_comm=kworker/0:1H prev_pid=17 prev_prio=100 prev_state=S ==> next_comm=mmcqd/1 next_pid=116 next_prio=120
         mmcqd/1-116   [000] ...2   922.689220: sched_switch: prev_comm=mmcqd/1 prev_pid=116 prev_prio=120 prev_state=S ==> next_comm=main next_pid=5579 next_prio=120
          <idle>-0     [001] ...2   922.689821: sched_switch: prev_comm=swapper/1 prev_pid=0 prev_prio=120 prev_state=R ==> next_comm=main next_pid=5580 next_prio=120
           <...>-5580  [001] ...2   922.689855: sched_switch: prev_comm=main prev_pid=5580 prev_prio=120 prev_state=D ==> next_comm=swapper/1 next_pid=0 next_prio=120
          <idle>-0     [001] ...2   922.689860: sched_switch: prev_comm=swapper/1 prev_pid=0 prev_prio=120 prev_state=R ==> next_comm=main next_pid=5580 next_prio=120
           <...>-5580  [001] ...2   922.689932: sched_switch: prev_comm=main prev_pid=5580 prev_prio=120 prev_state=D ==> next_comm=main next_pid=5581 next_prio=120
           <...>-5581  [001] ...2   922.689938: sched_switch: prev_comm=main prev_pid=5581 prev_prio=120 prev_state=R ==> next_comm=main next_pid=5580 next_prio=120
           <...>-5580  [001] ...2   922.689962: sched_switch: prev_comm=main prev_pid=5580 prev_prio=120 prev_state=D ==> next_comm=main next_pid=5581 next_prio=120
           <...>-5581  [001] ...2   922.689973: sched_switch: prev_comm=main prev_pid=5581 prev_prio=120 prev_state=D ==> next_comm=main next_pid=5580 next_prio=120
           <...>-5580  [001] ...2   922.689983: sched_switch: prev_comm=main prev_pid=5580 prev_prio=120 prev_state=D ==> next_comm=main next_pid=5581 next_prio=120
           <...>-5579  [000] ...2   922.689993: sched_switch: prev_comm=main prev_pid=5579 prev_prio=120 prev_state=D ==> next_comm=main next_pid=5582 next_prio=120
           <...>-5582  [000] ...2   922.690002: sched_switch: prev_comm=main prev_pid=5582 prev_prio=120 prev_state=D ==> next_comm=swapper/0 next_pid=0 next_prio=120
           <...>-5581  [001] ...2   922.690008: sched_switch: prev_comm=main prev_pid=5581 prev_prio=120 prev_state=R+ ==> next_comm=main next_pid=5580 next_prio=120
          <idle>-0     [000] ...2   922.690019: sched_switch: prev_comm=swapper/0 prev_pid=0 prev_prio=120 prev_state=R ==> next_comm=ksoftirqd/0 next_pid=3 next_prio=120
           <...>-5580  [001] ...2   922.690022: sched_switch: prev_comm=main prev_pid=5580 prev_prio=120 prev_state=D ==> next_comm=main next_pid=5581 next_prio=120
     ksoftirqd/0-3     [000] ...2   922.690026: sched_switch: prev_comm=ksoftirqd/0 prev_pid=3 prev_prio=120 prev_state=S ==> next_comm=main next_pid=5579 next_prio=120
           <...>-5579  [000] ...2   922.690041: sched_switch: prev_comm=main prev_pid=5579 prev_prio=120 prev_state=D ==> next_comm=main next_pid=5582 next_prio=120
           <...>-5581  [001] ...2   922.690053: sched_switch: prev_comm=main prev_pid=5581 prev_prio=120 prev_state=R+ ==> next_comm=main next_pid=5580 next_prio=120
           <...>-5582  [000] ...2   922.690061: sched_switch: prev_comm=main prev_pid=5582 prev_prio=120 prev_state=S ==> next_comm=swapper/0 next_pid=0 next_prio=120
          <idle>-0     [000] ...2   922.690066: sched_switch: prev_comm=swapper/0 prev_pid=0 prev_prio=120 prev_state=R ==> next_comm=main next_pid=5579 next_prio=120
           <...>-5579  [000] ...2   922.690078: sched_switch: prev_comm=main prev_pid=5579 prev_prio=120 prev_state=S ==> next_comm=swapper/0 next_pid=0 next_prio=120
          <idle>-0     [000] ...2   922.690093: sched_switch: prev_comm=swapper/0 prev_pid=0 prev_prio=120 prev_state=R ==> next_comm=ksoftirqd/0 next_pid=3 next_prio=120
     ksoftirqd/0-3     [000] ...2   922.690099: sched_switch: prev_comm=ksoftirqd/0 prev_pid=3 prev_prio=120 prev_state=S ==> next_comm=swapper/0 next_pid=0 next_prio=120
          <idle>-0     [000] ...2   922.690113: sched_switch: prev_comm=swapper/0 prev_pid=0 prev_prio=120 prev_state=R ==> next_comm=ksoftirqd/0 next_pid=3 next_prio=120
     ksoftirqd/0-3     [000] ...2   922.690119: sched_switch: prev_comm=ksoftirqd/0 prev_pid=3 prev_prio=120 prev_state=S ==> next_comm=swapper/0 next_pid=0 next_prio=120
           <...>-5580  [001] ...2   922.690497: sched_switch: prev_comm=Heap thread poo prev_pid=5580 prev_prio=120 prev_state=S ==> next_comm=main next_pid=5581 next_prio=120
          <idle>-0     [000] ...2   922.690625: sched_switch: prev_comm=swapper/0 prev_pid=0 prev_prio=120 prev_state=R ==> next_comm=main next_pid=5582 next_prio=120
           <...>-5582  [000] ...2   922.690636: sched_switch: prev_comm=main prev_pid=5582 prev_prio=120 prev_state=S ==> next_comm=swapper/0 next_pid=0 next_prio=120
          <idle>-0     [000] ...2   922.690964: sched_switch: prev_comm=swapper/0 prev_pid=0 prev_prio=120 prev_state=R ==> next_comm=main next_pid=5582 next_prio=120
           <...>-5581  [001] ...2   922.690978: sched_switch: prev_comm=Heap thread poo prev_pid=5581 prev_prio=120 prev_state=S ==> next_comm=swapper/1 next_pid=0 next_prio=120
          <idle>-0     [001] ...2   922.690994: sched_switch: prev_comm=swapper/1 prev_pid=0 prev_prio=120 prev_state=R ==> next_comm=ksoftirqd/1 next_pid=5574 next_prio=120
           <...>-5574  [001] ...2   922.691011: sched_switch: prev_comm=ksoftirqd/1 prev_pid=5574 prev_prio=120 prev_state=S ==> next_comm=swapper/1 next_pid=0 next_prio=120
          <idle>-0     [001] ...2   922.691026: sched_switch: prev_comm=swapper/1 prev_pid=0 prev_prio=120 prev_state=R ==> next_comm=ksoftirqd/1 next_pid=5574 next_prio=120
           <...>-5574  [001] ...2   922.691032: sched_switch: prev_comm=ksoftirqd/1 prev_pid=5574 prev_prio=120 prev_state=S ==> next_comm=swapper/1 next_pid=0 next_prio=120
          <idle>-0     [001] ...2   922.691045: sched_switch: prev_comm=swapper/1 prev_pid=0 prev_prio=120 prev_state=R ==> next_comm=ksoftirqd/1 next_pid=5574 next_prio=120
           <...>-5574  [001] ...2   922.691050: sched_switch: prev_comm=ksoftirqd/1 prev_pid=5574 prev_prio=120 prev_state=S ==> next_comm=swapper/1 next_pid=0 next_prio=120
           <...>-5582  [000] ...2   922.691329: sched_switch: prev_comm=Heap thread poo prev_pid=5582 prev_prio=120 prev_state=R+ ==> next_comm=main next_pid=5579 next_prio=120
          <idle>-0     [001] ...2   922.691350: sched_switch: prev_comm=swapper/1 prev_pid=0 prev_prio=120 prev_state=R ==> next_comm=Heap thread poo next_pid=5580 next_prio=120
           <...>-5580  [001] ...2   922.691358: sched_switch: prev_comm=Heap thread poo prev_pid=5580 prev_prio=120 prev_state=D ==> next_comm=swapper/1 next_pid=0 next_prio=120
           <...>-5579  [000] ...2   922.691366: sched_switch: prev_comm=main prev_pid=5579 prev_prio=120 prev_state=D ==> next_comm=Heap thread poo next_pid=5582 next_prio=120
          <idle>-0     [001] ...2   922.691371: sched_switch: prev_comm=swapper/1 prev_pid=0 prev_prio=120 prev_state=R ==> next_comm=Heap thread poo next_pid=5580 next_prio=120
           <...>-5582  [000] ...2   922.691374: sched_switch: prev_comm=Heap thread poo prev_pid=5582 prev_prio=120 prev_state=D ==> next_comm=swapper/0 next_pid=0 next_prio=120
          <idle>-0     [000] ...2   922.691389: sched_switch: prev_comm=swapper/0 prev_pid=0 prev_prio=120 prev_state=R ==> next_comm=main next_pid=5579 next_prio=120
           <...>-5580  [001] ...2   922.691390: sched_switch: prev_comm=Heap thread poo prev_pid=5580 prev_prio=120 prev_state=D ==> next_comm=Heap thread poo next_pid=5581 next_prio=120
           <...>-5581  [001] ...2   922.691398: sched_switch: prev_comm=Heap thread poo prev_pid=5581 prev_prio=120 prev_state=D ==> next_comm=swapper/1 next_pid=0 next_prio=120
          <idle>-0     [001] ...2   922.691405: sched_switch: prev_comm=swapper/1 prev_pid=0 prev_prio=120 prev_state=R ==> next_comm=Heap thread poo next_pid=5580 next_prio=120
           <...>-5580  [001] ...2   922.691419: sched_switch: prev_comm=Heap thread poo prev_pid=5580 prev_prio=120 prev_state=S ==> next_comm=Heap thread poo next_pid=5581 next_prio=120
           <...>-5581  [001] ...2   922.691432: sched_switch: prev_comm=Heap thread poo prev_pid=5581 prev_prio=120 prev_state=S ==> next_comm=main next_pid=5583 next_prio=120
           <...>-5583  [001] ...2   922.691440: sched_switch: prev_comm=main prev_pid=5583 prev_prio=120 prev_state=D ==> next_comm=swapper/1 next_pid=0 next_prio=120
           <...>-5579  [000] ...2   922.691442: sched_switch: prev_comm=main prev_pid=5579 prev_prio=120 prev_state=S ==> next_comm=Heap thread poo next_pid=5582 next_prio=120
           <...>-5582  [000] ...2   922.691455: sched_switch: prev_comm=Heap thread poo prev_pid=5582 prev_prio=120 prev_state=D ==> next_comm=swapper/0 next_pid=0 next_prio=120
          <idle>-0     [001] ...2   922.691456: sched_switch: prev_comm=swapper/1 prev_pid=0 prev_prio=120 prev_state=R ==> next_comm=main next_pid=5583 next_prio=120
          <idle>-0     [000] ...2   922.691485: sched_switch: prev_comm=swapper/0 prev_pid=0 prev_prio=120 prev_state=R ==> next_comm=Heap thread poo next_pid=5582 next_prio=120
           <...>-5582  [000] ...2   922.691495: sched_switch: prev_comm=Heap thread poo prev_pid=5582 prev_prio=120 prev_state=S ==> next_comm=swapper/0 next_pid=0 next_prio=120
          <idle>-0     [000] ...2   922.691909: sched_switch: prev_comm=swapper/0 prev_pid=0 prev_prio=120 prev_state=R ==> next_comm=main next_pid=5579 next_prio=120
           <...>-5583  [001] ...2   922.691910: sched_switch: prev_comm=Signal Catcher prev_pid=5583 prev_prio=120 prev_state=S ==> next_comm=swapper/1 next_pid=0 next_prio=120
          <idle>-0     [001] ...2   922.691978: sched_switch: prev_comm=swapper/1 prev_pid=0 prev_prio=120 prev_state=R ==> next_comm=main next_pid=5584 next_prio=120
           <...>-5579  [000] ...2   922.691984: sched_switch: prev_comm=main prev_pid=5579 prev_prio=120 prev_state=S ==> next_comm=swapper/0 next_pid=0 next_prio=120
          <idle>-0     [000] ...2   922.692414: sched_switch: prev_comm=swapper/0 prev_pid=0 prev_prio=120 prev_state=R ==> next_comm=main next_pid=5579 next_prio=120
           <...>-5584  [001] ...2   922.692469: sched_switch: prev_comm=JDWP prev_pid=5584 prev_prio=120 prev_state=R+ ==> next_comm=adbd next_pid=778 next_prio=120
           <...>-5579  [000] d..2   922.692568: block_rq_insert: 179,0 R 0 () 4067352 + 8 [main]
           <...>-5579  [000] d..2   922.692572: block_rq_insert: 179,0 R 0 () 4067368 + 8 [main]
           <...>-778   [001] ...2   922.692578: sched_switch: prev_comm=adbd prev_pid=778 prev_prio=120 prev_state=S ==> next_comm=JDWP next_pid=5584 next_prio=120
           <...>-5579  [000] ...2   922.692584: sched_switch: prev_comm=main prev_pid=5579 prev_prio=120 prev_state=D|W ==> next_comm=mmcqd/1 next_pid=116 next_prio=120
           <...>-5584  [001] ...2   922.692596: sched_switch: prev_comm=JDWP prev_pid=5584 prev_prio=120 prev_state=R+ ==> next_comm=adbd next_pid=778 next_prio=120
         mmcqd/1-116   [000] ...2   922.692637: sched_switch: prev_comm=mmcqd/1 prev_pid=116 prev_prio=120 prev_state=S ==> next_comm=swapper/0 next_pid=0 next_prio=120
           <...>-778   [001] ...2   922.692694: sched_switch: prev_comm=adbd prev_pid=778 prev_prio=120 prev_state=S ==> next_comm=JDWP next_pid=5584 next_prio=120
           <...>-5584  [001] ...2   922.692706: sched_switch: prev_comm=JDWP prev_pid=5584 prev_prio=120 prev_state=S ==> next_comm=swapper/1 next_pid=0 next_prio=120
          <idle>-0     [000] ...2   922.692860: sched_switch: prev_comm=swapper/0 prev_pid=0 prev_prio=120 prev_state=R ==> next_comm=mmcqd/1 next_pid=116 next_prio=120
         mmcqd/1-116   [000] ...1   922.692886: block_rq_complete: 179,0 RA () 4067352 + 8 [0]
         mmcqd/1-116   [000] ...2   922.692899: sched_switch: prev_comm=mmcqd/1 prev_pid=116 prev_prio=120 prev_state=S ==> next_comm=swapper/0 next_pid=0 next_prio=120
          <idle>-0     [000] ...2   922.693137: sched_switch: prev_comm=swapper/0 prev_pid=0 prev_prio=120 prev_state=R ==> next_comm=mmcqd/1 next_pid=116 next_prio=120
         mmcqd/1-116   [000] ...1   922.693147: block_rq_complete: 179,0 RA () 4067368 + 8 [0]
         mmcqd/1-116   [000] ...2   922.693163: sched_switch: prev_comm=mmcqd/1 prev_pid=116 prev_prio=120 prev_state=R+ ==> next_comm=kworker/0:1H next_pid=17 next_prio=100
    kworker/0:1H-17    [000] ...2   922.693172: sched_switch: prev_comm=kworker/0:1H prev_pid=17 prev_prio=100 prev_state=S ==> next_comm=mmcqd/1 next_pid=116 next_prio=120
         mmcqd/1-116   [000] ...2   922.693181: sched_switch: prev_comm=mmcqd/1 prev_pid=116 prev_prio=120 prev_state=S ==> next_comm=main next_pid=5579 next_prio=120
           <...>-5579  [000] d..2   922.693542: block_rq_insert: 179,0 R 0 () 3993912 + 8 [main]
           <...>-5579  [000] d..2   922.693544: block_rq_insert: 179,0 R 0 () 3993944 + 16 [main]
           <...>-5579  [000] d..2   922.693546: block_rq_insert: 179,0 R 0 () 3993968 + 72 [main]
           <...>-5579  [000] ...2   922.693557: sched_switch: prev_comm=main prev_pid=5579 prev_prio=120 prev_state=D|W ==> next_comm=mmcqd/1 next_pid=116 next_prio=120
         mmcqd/1-116   [000] ...2   922.693603: sched_switch: prev_comm=mmcqd/1 prev_pid=116 prev_prio=120 prev_state=S ==> next_comm=swapper/0 next_pid=0 next_prio=120
          <idle>-0     [000] ...2   922.693827: sched_switch: prev_comm=swapper/0 prev_pid=0 prev_prio=120 prev_state=R ==> next_comm=mmcqd/1 next_pid=116 next_prio=120
         mmcqd/1-116   [000] ...1   922.693851: block_rq_complete: 179,0 RA () 3993912 + 8 [0]
         mmcqd/1-116   [000] ...2   922.693890: sched_switch: prev_comm=mmcqd/1 prev_pid=116 prev_prio=120 prev_state=S ==> next_comm=main next_pid=5579 next_prio=120
           <...>-5579  [000] d..2   922.694023: block_rq_insert: 179,0 R 0 () 4026856 + 24 [main]
           <...>-5579  [000] d..2   922.694026: block_rq_insert: 179,0 R 0 () 4026944 + 8 [main]
           <...>-5579  [000] d..2   922.694027: block_rq_insert: 179,0 R 0 () 4026960 + 40 [main]
           <...>-5579  [000] d..2   922.694029: block_rq_insert: 179,0 R 0 () 4027008 + 24 [main]
           <...>-5579  [000] ...2   922.694036: sched_switch: prev_comm=main prev_pid=5579 prev_prio=120 prev_state=D|W ==> next_comm=swapper/0 next_pid=0 next_prio=120
          <idle>-0     [000] ...2   922.694201: sched_switch: prev_comm=swapper/0 prev_pid=0 prev_prio=120 prev_state=R ==> next_comm=mmcqd/1 next_pid=116 next_prio=120
         mmcqd/1-116   [000] ...1   922.694227: block_rq_complete: 179,0 RA () 3993944 + 16 [0]
         mmcqd/1-116   [000] ...2   922.694250: sched_switch: prev_comm=mmcqd/1 prev_pid=116 prev_prio=120 prev_state=S ==> next_comm=swapper/0 next_pid=0 next_prio=120
          <idle>-0     [000] ...2   922.694804: sched_switch: prev_comm=swapper/0 prev_pid=0 prev_prio=120 prev_state=R ==> next_comm=mmcqd/1 next_pid=116 next_prio=120
         mmcqd/1-116   [000] ...1   922.694842: block_rq_complete: 179,0 RA () 3993968 + 72 [0]
         mmcqd/1-116   [000] ...2   922.694861: sched_switch: prev_comm=mmcqd/1 prev_pid=116 prev_prio=120 prev_state=S ==> next_comm=swapper/0 next_pid=0 next_prio=120
          <idle>-0     [000] ...2   922.695126: sched_switch: prev_comm=swapper/0 prev_pid=0 prev_prio=120 prev_state=R ==> next_comm=mmcqd/1 next_pid=116 next_prio=120
         mmcqd/1-116   [000] ...1   922.695153: block_rq_complete: 179,0 RA () 4026856 + 24 [0]
         mmcqd/1-116   [000] ...2   922.695179: sched_switch: prev_comm=mmcqd/1 prev_pid=116 prev_prio=120 prev_state=S ==> next_comm=swapper/0 next_pid=0 next_prio=120
          <idle>-0     [000] ...2   922.695407: sched_switch: prev_comm=swapper/0 prev_pid=0 prev_prio=120 prev_state=R ==> next_comm=mmcqd/1 next_pid=116 next_prio=120
         mmcqd/1-116   [000] ...1   922.695431: block_rq_complete: 179,0 RA () 4026944 + 8 [0]
         mmcqd/1-116   [000] ...2   922.695456: sched_switch: prev_comm=mmcqd/1 prev_pid=116 prev_prio=120 prev_state=S ==> next_comm=main next_pid=5579 next_prio=120
           <...>-5579  [000] d..2   922.695501: block_rq_insert: 179,0 R 0 () 4028616 + 96 [main]
           <...>-5579  [000] d..2   922.695504: block_rq_insert: 179,0 R 0 () 4028736 + 56 [main]
           <...>-5579  [000] ...2   922.695510: sched_switch: prev_comm=main prev_pid=5579 prev_prio=120 prev_state=D|W ==> next_comm=swapper/0 next_pid=0 next_prio=120
          <idle>-0     [000] ...2   922.695865: sched_switch: prev_comm=swapper/0 prev_pid=0 prev_prio=120 prev_state=R ==> next_comm=mmcqd/1 next_pid=116 next_prio=120
         mmcqd/1-116   [000] ...1   922.695895: block_rq_complete: 179,0 RA () 4026960 + 40 [0]
         mmcqd/1-116   [000] ...2   922.695935: sched_switch: prev_comm=mmcqd/1 prev_pid=116 prev_prio=120 prev_state=S ==> next_comm=swapper/0 next_pid=0 next_prio=120
          <idle>-0     [000] ...2   922.696186: sched_switch: prev_comm=swapper/0 prev_pid=0 prev_prio=120 prev_state=R ==> next_comm=mmcqd/1 next_pid=116 next_prio=120
         mmcqd/1-116   [000] ...1   922.696212: block_rq_complete: 179,0 RA () 4027008 + 24 [0]
         mmcqd/1-116   [000] ...2   922.696241: sched_switch: prev_comm=mmcqd/1 prev_pid=116 prev_prio=120 prev_state=S ==> next_comm=swapper/0 next_pid=0 next_prio=120
          <idle>-0     [000] ...2   922.696979: sched_switch: prev_comm=swapper/0 prev_pid=0 prev_prio=120 prev_state=R ==> next_comm=mmcqd/1 next_pid=116 next_prio=120
         mmcqd/1-116   [000] ...1   922.697021: block_rq_complete: 179,0 RA () 4028616 + 96 [0]
         mmcqd/1-116   [000] ...2   922.697039: sched_switch: prev_comm=mmcqd/1 prev_pid=116 prev_prio=120 prev_state=S ==> next_comm=main next_pid=5579 next_prio=120
          <idle>-0     [001] ...2   922.697144: sched_switch: prev_comm=swapper/1 prev_pid=0 prev_prio=120 prev_state=R ==> next_comm=main next_pid=5585 next_prio=120
           <...>-5579  [000] d..2   922.697386: block_rq_insert: 179,0 R 0 () 3993624 + 48 [main]
           <...>-5579  [000] d..2   922.697388: block_rq_insert: 179,0 R 0 () 3993688 + 24 [main]
           <...>-5579  [000] d..2   922.697390: block_rq_insert: 179,0 R 0 () 3993752 + 8 [main]
           <...>-5579  [000] ...2   922.697401: sched_switch: prev_comm=main prev_pid=5579 prev_prio=120 prev_state=D|W ==> next_comm=mmcqd/1 next_pid=116 next_prio=120
         mmcqd/1-116   [000] ...2   922.697426: sched_switch: prev_comm=mmcqd/1 prev_pid=116 prev_prio=120 prev_state=S ==> next_comm=swapper/0 next_pid=0 next_prio=120
          <idle>-0     [000] ...2   922.697503: sched_switch: prev_comm=swapper/0 prev_pid=0 prev_prio=120 prev_state=R ==> next_comm=mmcqd/1 next_pid=116 next_prio=120
         mmcqd/1-116   [000] ...1   922.697539: block_rq_complete: 179,0 RA () 4028736 + 56 [0]
           <...>-5585  [001] ...2   922.697544: sched_switch: prev_comm=ReferenceQueueD prev_pid=5585 prev_prio=120 prev_state=S ==> next_comm=swapper/1 next_pid=0 next_prio=120
         mmcqd/1-116   [000] ...2   922.697561: sched_switch: prev_comm=mmcqd/1 prev_pid=116 prev_prio=120 prev_state=S ==> next_comm=swapper/0 next_pid=0 next_prio=120
          <idle>-0     [000] ...2   922.697994: sched_switch: prev_comm=swapper/0 prev_pid=0 prev_prio=120 prev_state=R ==> next_comm=mmcqd/1 next_pid=116 next_prio=120
         mmcqd/1-116   [000] ...1   922.698027: block_rq_complete: 179,0 RA () 3993624 + 48 [0]
         mmcqd/1-116   [000] ...2   922.698045: sched_switch: prev_comm=mmcqd/1 prev_pid=116 prev_prio=120 prev_state=S ==> next_comm=swapper/0 next_pid=0 next_prio=120
          <idle>-0     [000] ...2   922.698391: sched_switch: prev_comm=swapper/0 prev_pid=0 prev_prio=120 prev_state=R ==> next_comm=mmcqd/1 next_pid=116 next_prio=120
         mmcqd/1-116   [000] ...1   922.698418: block_rq_complete: 179,0 RA () 3993688 + 24 [0]
         mmcqd/1-116   [000] ...2   922.698429: sched_switch: prev_comm=mmcqd/1 prev_pid=116 prev_prio=120 prev_state=S ==> next_comm=swapper/0 next_pid=0 next_prio=120
          <idle>-0     [000] ...2   922.698662: sched_switch: prev_comm=swapper/0 prev_pid=0 prev_prio=120 prev_state=R ==> next_comm=mmcqd/1 next_pid=116 next_prio=120
         mmcqd/1-116   [000] ...1   922.698671: block_rq_complete: 179,0 RA () 3993752 + 8 [0]
         mmcqd/1-116   [000] ...2   922.698686: sched_switch: prev_comm=mmcqd/1 prev_pid=116 prev_prio=120 prev_state=R+ ==> next_comm=kworker/0:1H next_pid=17 next_prio=100
    kworker/0:1H-17    [000] ...2   922.698694: sched_switch: prev_comm=kworker/0:1H prev_pid=17 prev_prio=100 prev_state=S ==> next_comm=mmcqd/1 next_pid=116 next_prio=120
         mmcqd/1-116   [000] ...2   922.698702: sched_switch: prev_comm=mmcqd/1 prev_pid=116 prev_prio=120 prev_state=S ==> next_comm=main next_pid=5579 next_prio=120
           <...>-5579  [000] d..2   922.698782: block_rq_insert: 179,0 R 0 () 4019800 + 24 [main]
           <...>-5579  [000] d..2   922.698785: block_rq_insert: 179,0 R 0 () 4019896 + 8 [main]
           <...>-5579  [000] d..2   922.698786: block_rq_insert: 179,0 R 0 () 4019928 + 8 [main]
           <...>-5579  [000] ...2   922.698797: sched_switch: prev_comm=main prev_pid=5579 prev_prio=120 prev_state=D|W ==> next_comm=mmcqd/1 next_pid=116 next_prio=120
         mmcqd/1-116   [000] ...2   922.698842: sched_switch: prev_comm=mmcqd/1 prev_pid=116 prev_prio=120 prev_state=S ==> next_comm=swapper/0 next_pid=0 next_prio=120
          <idle>-0     [001] ...2   922.698916: sched_switch: prev_comm=swapper/1 prev_pid=0 prev_prio=120 prev_state=R ==> next_comm=kworker/1:0H next_pid=5573 next_prio=100
          <idle>-0     [000] ...2   922.698918: sched_switch: prev_comm=swapper/0 prev_pid=0 prev_prio=120 prev_state=R ==> next_comm=ksoftirqd/0 next_pid=3 next_prio=120
     ksoftirqd/0-3     [000] ...2   922.698929: sched_switch: prev_comm=ksoftirqd/0 prev_pid=3 prev_prio=120 prev_state=S ==> next_comm=kworker/0:1H next_pid=17 next_prio=100
           <...>-5573  [001] ...2   922.698936: sched_switch: prev_comm=kworker/1:0H prev_pid=5573 prev_prio=100 prev_state=D ==> next_comm=ksoftirqd/1 next_pid=5574 next_prio=120
    kworker/0:1H-17    [000] ...2   922.698942: sched_switch: prev_comm=kworker/0:1H prev_pid=17 prev_prio=100 prev_state=S ==> next_comm=swapper/0 next_pid=0 next_prio=120
           <...>-5574  [001] ...2   922.698948: sched_switch: prev_comm=ksoftirqd/1 prev_pid=5574 prev_prio=120 prev_state=S ==> next_comm=kworker/1:2H next_pid=5577 next_prio=100
          <idle>-0     [000] ...2   922.698957: sched_switch: prev_comm=swapper/0 prev_pid=0 prev_prio=120 prev_state=R ==> next_comm=ksoftirqd/0 next_pid=3 next_prio=120
     ksoftirqd/0-3     [000] ...2   922.698965: sched_switch: prev_comm=ksoftirqd/0 prev_pid=3 prev_prio=120 prev_state=S ==> next_comm=swapper/0 next_pid=0 next_prio=120
    kworker/1:2H-5577  [001] ...2   922.699052: sched_switch: prev_comm=kworker/1:2H prev_pid=5577 prev_prio=100 prev_state=S ==> next_comm=kworker/1:0H next_pid=5573 next_prio=100
           <...>-5573  [001] ...2   922.699068: sched_switch: prev_comm=kworker/1:0H prev_pid=5573 prev_prio=100 prev_state=S ==> next_comm=swapper/1 next_pid=0 next_prio=120
          <idle>-0     [001] ...2   922.699091: sched_switch: prev_comm=swapper/1 prev_pid=0 prev_prio=120 prev_state=R ==> next_comm=ksoftirqd/1 next_pid=5574 next_prio=120
           <...>-5574  [001] ...2   922.699111: sched_switch: prev_comm=ksoftirqd/1 prev_pid=5574 prev_prio=120 prev_state=S ==> next_comm=swapper/1 next_pid=0 next_prio=120
          <idle>-0     [000] ...2   922.699201: sched_switch: prev_comm=swapper/0 prev_pid=0 prev_prio=120 prev_state=R ==> next_comm=mmcqd/1 next_pid=116 next_prio=120
         mmcqd/1-116   [000] ...1   922.699231: block_rq_complete: 179,0 RA () 4019800 + 24 [0]
         mmcqd/1-116   [000] ...2   922.699251: sched_switch: prev_comm=mmcqd/1 prev_pid=116 prev_prio=120 prev_state=S ==> next_comm=swapper/0 next_pid=0 next_prio=120
          <idle>-0     [000] ...2   922.699463: sched_switch: prev_comm=swapper/0 prev_pid=0 prev_prio=120 prev_state=R ==> next_comm=mmcqd/1 next_pid=116 next_prio=120
         mmcqd/1-116   [000] ...1   922.699488: block_rq_complete: 179,0 RA () 4019896 + 8 [0]
         mmcqd/1-116   [000] ...2   922.699498: sched_switch: prev_comm=mmcqd/1 prev_pid=116 prev_prio=120 prev_state=S ==> next_comm=swapper/0 next_pid=0 next_prio=120
          <idle>-0     [000] ...2   922.699738: sched_switch: prev_comm=swapper/0 prev_pid=0 prev_prio=120 prev_state=R ==> next_comm=mmcqd/1 next_pid=116 next_prio=120
         mmcqd/1-116   [000] ...1   922.699748: block_rq_complete: 179,0 RA () 4019928 + 8 [0]
         mmcqd/1-116   [000] ...2   922.699764: sched_switch: prev_comm=mmcqd/1 prev_pid=116 prev_prio=120 prev_state=R+ ==> next_comm=kworker/0:1H next_pid=17 next_prio=100
    kworker/0:1H-17    [000] ...2   922.699771: sched_switch: prev_comm=kworker/0:1H prev_pid=17 prev_prio=100 prev_state=S ==> next_comm=mmcqd/1 next_pid=116 next_prio=120
         mmcqd/1-116   [000] ...2   922.699780: sched_switch: prev_comm=mmcqd/1 prev_pid=116 prev_prio=120 prev_state=S ==> next_comm=main next_pid=5579 next_prio=120
           <...>-5579  [000] d..2   922.699866: block_rq_insert: 179,0 R 0 () 4028368 + 104 [main]
           <...>-5579  [000] d..2   922.699869: block_rq_insert: 179,0 R 0 () 4028480 + 32 [main]
           <...>-5579  [000] ...2   922.699880: sched_switch: prev_comm=main prev_pid=5579 prev_prio=120 prev_state=D|W ==> next_comm=mmcqd/1 next_pid=116 next_prio=120
         mmcqd/1-116   [000] ...2   922.699956: sched_switch: prev_comm=mmcqd/1 prev_pid=116 prev_prio=120 prev_state=S ==> next_comm=swapper/0 next_pid=0 next_prio=120
          <idle>-0     [000] ...2   922.700745: sched_switch: prev_comm=swapper/0 prev_pid=0 prev_prio=120 prev_state=R ==> next_comm=mmcqd/1 next_pid=116 next_prio=120
         mmcqd/1-116   [000] ...1   922.700793: block_rq_complete: 179,0 RA () 4028368 + 104 [0]
         mmcqd/1-116   [000] ...2   922.700808: sched_switch: prev_comm=mmcqd/1 prev_pid=116 prev_prio=120 prev_state=S ==> next_comm=swapper/0 next_pid=0 next_prio=120
          <idle>-0     [000] ...2   922.701112: sched_switch: prev_comm=swapper/0 prev_pid=0 prev_prio=120 prev_state=R ==> next_comm=mmcqd/1 next_pid=116 next_prio=120
         mmcqd/1-116   [000] ...1   922.701126: block_rq_complete: 179,0 RA () 4028480 + 32 [0]
         mmcqd/1-116   [000] ...2   922.701144: sched_switch: prev_comm=mmcqd/1 prev_pid=116 prev_prio=120 prev_state=R+ ==> next_comm=kworker/0:1H next_pid=17 next_prio=100
    kworker/0:1H-17    [000] ...2   922.701151: sched_switch: prev_comm=kworker/0:1H prev_pid=17 prev_prio=100 prev_state=S ==> next_comm=mmcqd/1 next_pid=116 next_prio=120
         mmcqd/1-116   [000] ...2   922.701161: sched_switch: prev_comm=mmcqd/1 prev_pid=116 prev_prio=120 prev_state=S ==> next_comm=main next_pid=5579 next_prio=120
          <idle>-0     [001] ...2   922.701254: sched_switch: prev_comm=swapper/1 prev_pid=0 prev_prio=120 prev_state=R ==> next_comm=main next_pid=5586 next_prio=120
           <...>-5579  [000] ...2   922.701287: sched_switch: prev_comm=main prev_pid=5579 prev_prio=120 prev_state=D ==> next_comm=swapper/0 next_pid=0 next_prio=120
          <idle>-0     [000] ...2   922.701311: sched_switch: prev_comm=swapper/0 prev_pid=0 prev_prio=120 prev_state=R ==> next_comm=main next_pid=5579 next_prio=120
           <...>-5579  [000] ...2   922.701477: sched_switch: prev_comm=main prev_pid=5579 prev_prio=120 prev_state=S ==> next_comm=swapper/0 next_pid=0 next_prio=120
          <idle>-0     [000] ...2   922.701931: sched_switch: prev_comm=swapper/0 prev_pid=0 prev_prio=120 prev_state=R ==> next_comm=main next_pid=5579 next_prio=120
           <...>-5579  [000] ...2   922.701967: sched_switch: prev_comm=main prev_pid=5579 prev_prio=120 prev_state=D ==> next_comm=swapper/0 next_pid=0 next_prio=120
          <idle>-0     [000] ...2   922.701985: sched_switch: prev_comm=swapper/0 prev_pid=0 prev_prio=120 prev_state=R ==> next_comm=main next_pid=5579 next_prio=120
 FinalizerDaemon-5586  [001] ...2   922.702021: sched_switch: prev_comm=FinalizerDaemon prev_pid=5586 prev_prio=120 prev_state=S ==> next_comm=swapper/1 next_pid=0 next_prio=120
          <idle>-0     [001] ...2   922.702029: sched_switch: prev_comm=swapper/1 prev_pid=0 prev_prio=120 prev_state=R ==> next_comm=main next_pid=5587 next_prio=120
           <...>-5579  [000] ...2   922.702040: sched_switch: prev_comm=main prev_pid=5579 prev_prio=120 prev_state=D ==> next_comm=swapper/0 next_pid=0 next_prio=120
          <idle>-0     [000] ...2   922.702085: sched_switch: prev_comm=swapper/0 prev_pid=0 prev_prio=120 prev_state=R ==> next_comm=main next_pid=5579 next_prio=120
           <...>-5579  [000] ...2   922.702329: sched_switch: prev_comm=main prev_pid=5579 prev_prio=120 prev_state=S ==> next_comm=swapper/0 next_pid=0 next_prio=120
          <idle>-0     [000] ...2   922.702706: sched_switch: prev_comm=swapper/0 prev_pid=0 prev_prio=120 prev_state=R ==> next_comm=main next_pid=5579 next_prio=120
 FinalizerWatchd-5587  [001] ...2   922.702758: sched_switch: prev_comm=FinalizerWatchd prev_pid=5587 prev_prio=120 prev_state=S ==> next_comm=main next_pid=5588 next_prio=120
           <...>-5579  [000] ...2   922.702772: sched_switch: prev_comm=main prev_pid=5579 prev_prio=120 prev_state=D ==> next_comm=swapper/0 next_pid=0 next_prio=120
          <idle>-0     [000] ...2   922.702815: sched_switch: prev_comm=swapper/0 prev_pid=0 prev_prio=120 prev_state=R ==> next_comm=main next_pid=5579 next_prio=120
           <...>-5579  [000] ...2   922.703033: sched_switch: prev_comm=main prev_pid=5579 prev_prio=120 prev_state=S ==> next_comm=swapper/0 next_pid=0 next_prio=120
          <idle>-0     [000] ...2   922.703422: sched_switch: prev_comm=swapper/0 prev_pid=0 prev_prio=120 prev_state=R ==> next_comm=main next_pid=5579 next_prio=120
           <...>-5579  [000] ...2   922.703439: sched_switch: prev_comm=main prev_pid=5579 prev_prio=120 prev_state=D ==> next_comm=swapper/0 next_pid=0 next_prio=120
          <idle>-0     [000] ...2   922.703449: sched_switch: prev_comm=swapper/0 prev_pid=0 prev_prio=120 prev_state=R ==> next_comm=main next_pid=5579 next_prio=120
 HeapTrimmerDaem-5588  [001] ...2   922.703461: sched_switch: prev_comm=HeapTrimmerDaem prev_pid=5588 prev_prio=120 prev_state=D ==> next_comm=swapper/1 next_pid=0 next_prio=120
           <...>-5579  [000] ...2   922.703467: sched_switch: prev_comm=main prev_pid=5579 prev_prio=120 prev_state=D ==> next_comm=swapper/0 next_pid=0 next_prio=120
          <idle>-0     [001] ...2   922.703469: sched_switch: prev_comm=swapper/1 prev_pid=0 prev_prio=120 prev_state=R ==> next_comm=HeapTrimmerDaem next_pid=5588 next_prio=120
          <idle>-0     [000] ...2   922.703490: sched_switch: prev_comm=swapper/0 prev_pid=0 prev_prio=120 prev_state=R ==> next_comm=main next_pid=5579 next_prio=120
 HeapTrimmerDaem-5588  [001] ...2   922.703492: sched_switch: prev_comm=HeapTrimmerDaem prev_pid=5588 prev_prio=120 prev_state=D ==> next_comm=swapper/1 next_pid=0 next_prio=120
          <idle>-0     [001] ...2   922.703517: sched_switch: prev_comm=swapper/1 prev_pid=0 prev_prio=120 prev_state=R ==> next_comm=ksoftirqd/1 next_pid=5574 next_prio=120
           <...>-5574  [001] ...2   922.703530: sched_switch: prev_comm=ksoftirqd/1 prev_pid=5574 prev_prio=120 prev_state=S ==> next_comm=HeapTrimmerDaem next_pid=5588 next_prio=120
 HeapTrimmerDaem-5588  [001] ...2   922.703546: sched_switch: prev_comm=HeapTrimmerDaem prev_pid=5588 prev_prio=120 prev_state=S ==> next_comm=swapper/1 next_pid=0 next_prio=120
          <idle>-0     [001] ...2   922.703569: sched_switch: prev_comm=swapper/1 prev_pid=0 prev_prio=120 prev_state=R ==> next_comm=ksoftirqd/1 next_pid=5574 next_prio=120
           <...>-5574  [001] ...2   922.703580: sched_switch: prev_comm=ksoftirqd/1 prev_pid=5574 prev_prio=120 prev_state=S ==> next_comm=swapper/1 next_pid=0 next_prio=120
          <idle>-0     [001] ...2   922.703601: sched_switch: prev_comm=swapper/1 prev_pid=0 prev_prio=120 prev_state=R ==> next_comm=ksoftirqd/1 next_pid=5574 next_prio=120
           <...>-5574  [001] ...2   922.703611: sched_switch: prev_comm=ksoftirqd/1 prev_pid=5574 prev_prio=120 prev_state=S ==> next_comm=swapper/1 next_pid=0 next_prio=120
           <...>-5579  [000] d..2   922.703718: block_rq_insert: 179,0 R 0 () 4008360 + 48 [main]
           <...>-5579  [000] d..2   922.703722: block_rq_insert: 179,0 R 0 () 4008432 + 16 [main]
           <...>-5579  [000] d..2   922.703723: block_rq_insert: 179,0 R 0 () 4008456 + 8 [main]
           <...>-5579  [000] d..2   922.703726: block_rq_insert: 179,0 R 0 () 4008536 + 16 [main]
           <...>-5579  [000] ...2   922.703737: sched_switch: prev_comm=main prev_pid=5579 prev_prio=120 prev_state=D|W ==> next_comm=mmcqd/1 next_pid=116 next_prio=120
         mmcqd/1-116   [000] ...2   922.703790: sched_switch: prev_comm=mmcqd/1 prev_pid=116 prev_prio=120 prev_state=S ==> next_comm=main next_pid=5589 next_prio=120
        GCDaemon-5589  [000] ...2   922.704084: sched_switch: prev_comm=main prev_pid=5589 prev_prio=120 prev_state=R+ ==> next_comm=mmcqd/1 next_pid=116 next_prio=120
         mmcqd/1-116   [000] ...1   922.704113: block_rq_complete: 179,0 RA () 4008536 + 16 [0]
         mmcqd/1-116   [000] ...2   922.704136: sched_switch: prev_comm=mmcqd/1 prev_pid=116 prev_prio=120 prev_state=S ==> next_comm=main next_pid=5589 next_prio=120
        GCDaemon-5589  [000] ...2   922.704267: sched_switch: prev_comm=GCDaemon prev_pid=5589 prev_prio=120 prev_state=S ==> next_comm=swapper/0 next_pid=0 next_prio=120
          <idle>-0     [000] ...2   922.704284: sched_switch: prev_comm=swapper/0 prev_pid=0 prev_prio=120 prev_state=R ==> next_comm=ksoftirqd/0 next_pid=3 next_prio=120
     ksoftirqd/0-3     [000] ...2   922.704292: sched_switch: prev_comm=ksoftirqd/0 prev_pid=3 prev_prio=120 prev_state=S ==> next_comm=swapper/0 next_pid=0 next_prio=120
          <idle>-0     [000] ...2   922.704307: sched_switch: prev_comm=swapper/0 prev_pid=0 prev_prio=120 prev_state=R ==> next_comm=ksoftirqd/0 next_pid=3 next_prio=120
     ksoftirqd/0-3     [000] ...2   922.704313: sched_switch: prev_comm=ksoftirqd/0 prev_pid=3 prev_prio=120 prev_state=S ==> next_comm=swapper/0 next_pid=0 next_prio=120
          <idle>-0     [000] ...2   922.704349: sched_switch: prev_comm=swapper/0 prev_pid=0 prev_prio=120 prev_state=R ==> next_comm=mmcqd/1 next_pid=116 next_prio=120
         mmcqd/1-116   [000] ...1   922.704376: block_rq_complete: 179,0 RA () 4008456 + 8 [0]
         mmcqd/1-116   [000] ...2   922.704409: sched_switch: prev_comm=mmcqd/1 prev_pid=116 prev_prio=120 prev_state=S ==> next_comm=main next_pid=5579 next_prio=120
           <...>-5579  [000] ...2   922.704428: sched_switch: prev_comm=main prev_pid=5579 prev_prio=120 prev_state=D|W ==> next_comm=ksoftirqd/0 next_pid=3 next_prio=120
     ksoftirqd/0-3     [000] ...2   922.704433: sched_switch: prev_comm=ksoftirqd/0 prev_pid=3 prev_prio=120 prev_state=S ==> next_comm=swapper/0 next_pid=0 next_prio=120
          <idle>-0     [000] ...2   922.704679: sched_switch: prev_comm=swapper/0 prev_pid=0 prev_prio=120 prev_state=R ==> next_comm=mmcqd/1 next_pid=116 next_prio=120
         mmcqd/1-116   [000] ...1   922.704706: block_rq_complete: 179,0 RA () 4008432 + 16 [0]
         mmcqd/1-116   [000] ...2   922.704722: sched_switch: prev_comm=mmcqd/1 prev_pid=116 prev_prio=120 prev_state=S ==> next_comm=main next_pid=5579 next_prio=120
           <...>-5579  [000] d..2   922.704997: block_rq_insert: 179,0 R 0 () 4079784 + 8 [main]
           <...>-5579  [000] d..2   922.705000: block_rq_insert: 179,0 R 0 () 4079880 + 40 [main]
           <...>-5579  [000] ...2   922.705012: sched_switch: prev_comm=main prev_pid=5579 prev_prio=120 prev_state=D|W ==> next_comm=mmcqd/1 next_pid=116 next_prio=120
         mmcqd/1-116   [000] ...2   922.705029: sched_switch: prev_comm=mmcqd/1 prev_pid=116 prev_prio=120 prev_state=S ==> next_comm=swapper/0 next_pid=0 next_prio=120
          <idle>-0     [000] ...2   922.705179: sched_switch: prev_comm=swapper/0 prev_pid=0 prev_prio=120 prev_state=R ==> next_comm=mmcqd/1 next_pid=116 next_prio=120
         mmcqd/1-116   [000] ...1   922.705214: block_rq_complete: 179,0 RA () 4008360 + 48 [0]
         mmcqd/1-116   [000] ...2   922.705244: sched_switch: prev_comm=mmcqd/1 prev_pid=116 prev_prio=120 prev_state=S ==> next_comm=swapper/0 next_pid=0 next_prio=120
          <idle>-0     [000] ...2   922.705431: sched_switch: prev_comm=swapper/0 prev_pid=0 prev_prio=120 prev_state=R ==> next_comm=mmcqd/1 next_pid=116 next_prio=120
         mmcqd/1-116   [000] ...1   922.705457: block_rq_complete: 179,0 RA () 4079784 + 8 [0]
         mmcqd/1-116   [000] ...2   922.705468: sched_switch: prev_comm=mmcqd/1 prev_pid=116 prev_prio=120 prev_state=S ==> next_comm=swapper/0 next_pid=0 next_prio=120
          <idle>-0     [000] ...2   922.705898: sched_switch: prev_comm=swapper/0 prev_pid=0 prev_prio=120 prev_state=R ==> next_comm=mmcqd/1 next_pid=116 next_prio=120
         mmcqd/1-116   [000] ...1   922.705916: block_rq_complete: 179,0 RA () 4079880 + 40 [0]
         mmcqd/1-116   [000] ...2   922.705934: sched_switch: prev_comm=mmcqd/1 prev_pid=116 prev_prio=120 prev_state=R+ ==> next_comm=kworker/0:1H next_pid=17 next_prio=100
    kworker/0:1H-17    [000] ...2   922.705942: sched_switch: prev_comm=kworker/0:1H prev_pid=17 prev_prio=100 prev_state=S ==> next_comm=mmcqd/1 next_pid=116 next_prio=120
         mmcqd/1-116   [000] ...2   922.705951: sched_switch: prev_comm=mmcqd/1 prev_pid=116 prev_prio=120 prev_state=S ==> next_comm=main next_pid=5579 next_prio=120
           <...>-5579  [000] d..2   922.707203: block_rq_insert: 179,0 R 0 () 4084016 + 8 [main]
           <...>-5579  [000] d..2   922.707207: block_rq_insert: 179,0 R 0 () 4084104 + 8 [main]
           <...>-5579  [000] d..2   922.707209: block_rq_insert: 179,0 R 0 () 4084128 + 8 [main]
           <...>-5579  [000] ...2   922.707223: sched_switch: prev_comm=main prev_pid=5579 prev_prio=120 prev_state=D|W ==> next_comm=mmcqd/1 next_pid=116 next_prio=120
         mmcqd/1-116   [000] ...2   922.707274: sched_switch: prev_comm=mmcqd/1 prev_pid=116 prev_prio=120 prev_state=S ==> next_comm=swapper/0 next_pid=0 next_prio=120
          <idle>-0     [000] ...2   922.707505: sched_switch: prev_comm=swapper/0 prev_pid=0 prev_prio=120 prev_state=R ==> next_comm=mmcqd/1 next_pid=116 next_prio=120
         mmcqd/1-116   [000] ...1   922.707532: block_rq_complete: 179,0 RA () 4084016 + 8 [0]
         mmcqd/1-116   [000] ...2   922.707550: sched_switch: prev_comm=mmcqd/1 prev_pid=116 prev_prio=120 prev_state=S ==> next_comm=swapper/0 next_pid=0 next_prio=120
          <idle>-0     [000] ...2   922.707761: sched_switch: prev_comm=swapper/0 prev_pid=0 prev_prio=120 prev_state=R ==> next_comm=mmcqd/1 next_pid=116 next_prio=120
         mmcqd/1-116   [000] ...1   922.707787: block_rq_complete: 179,0 RA () 4084104 + 8 [0]
         mmcqd/1-116   [000] ...2   922.707802: sched_switch: prev_comm=mmcqd/1 prev_pid=116 prev_prio=120 prev_state=S ==> next_comm=main next_pid=5579 next_prio=120
          <idle>-0     [001] ...2   922.708931: sched_switch: prev_comm=swapper/1 prev_pid=0 prev_prio=120 prev_state=R ==> next_comm=ksoftirqd/1 next_pid=5574 next_prio=120
           <...>-5574  [001] ...2   922.708951: sched_switch: prev_comm=ksoftirqd/1 prev_pid=5574 prev_prio=120 prev_state=S ==> next_comm=mmcqd/1 next_pid=116 next_prio=120
         mmcqd/1-116   [001] ...1   922.708970: block_rq_complete: 179,0 RA () 4084128 + 8 [0]
         mmcqd/1-116   [001] ...2   922.708995: sched_switch: prev_comm=mmcqd/1 prev_pid=116 prev_prio=120 prev_state=R+ ==> next_comm=kworker/1:0H next_pid=5573 next_prio=100
           <...>-5573  [001] ...2   922.709008: sched_switch: prev_comm=kworker/1:0H prev_pid=5573 prev_prio=100 prev_state=S ==> next_comm=mmcqd/1 next_pid=116 next_prio=120
         mmcqd/1-116   [001] ...2   922.709028: sched_switch: prev_comm=mmcqd/1 prev_pid=116 prev_prio=120 prev_state=S ==> next_comm=swapper/1 next_pid=0 next_prio=120
           <...>-5579  [000] d..2   922.709139: block_rq_insert: 179,0 R 0 () 4086360 + 56 [main]
           <...>-5579  [000] d..2   922.709142: block_rq_insert: 179,0 R 0 () 4086424 + 72 [main]
           <...>-5579  [000] d..2   922.709144: block_rq_insert: 179,0 R 0 () 4086528 + 32 [main]
           <...>-5579  [000] ...2   922.709156: sched_switch: prev_comm=main prev_pid=5579 prev_prio=120 prev_state=D|W ==> next_comm=swapper/0 next_pid=0 next_prio=120
          <idle>-0     [001] ...2   922.709162: sched_switch: prev_comm=swapper/1 prev_pid=0 prev_prio=120 prev_state=R ==> next_comm=mmcqd/1 next_pid=116 next_prio=120
         mmcqd/1-116   [001] ...2   922.709283: sched_switch: prev_comm=mmcqd/1 prev_pid=116 prev_prio=120 prev_state=S ==> next_comm=swapper/1 next_pid=0 next_prio=120
          <idle>-0     [000] ...2   922.709752: sched_switch: prev_comm=swapper/0 prev_pid=0 prev_prio=120 prev_state=R ==> next_comm=mmcqd/1 next_pid=116 next_prio=120
         mmcqd/1-116   [000] ...1   922.709789: block_rq_complete: 179,0 RA () 4086360 + 56 [0]
         mmcqd/1-116   [000] ...2   922.709817: sched_switch: prev_comm=mmcqd/1 prev_pid=116 prev_prio=120 prev_state=S ==> next_comm=swapper/0 next_pid=0 next_prio=120
          <idle>-0     [000] ...2   922.710322: sched_switch: prev_comm=swapper/0 prev_pid=0 prev_prio=120 prev_state=R ==> next_comm=mmcqd/1 next_pid=116 next_prio=120
         mmcqd/1-116   [000] ...1   922.710361: block_rq_complete: 179,0 RA () 4086424 + 72 [0]
         mmcqd/1-116   [000] ...2   922.710379: sched_switch: prev_comm=mmcqd/1 prev_pid=116 prev_prio=120 prev_state=S ==> next_comm=main next_pid=5579 next_prio=120
           <...>-5579  [000] ...2   922.710675: sched_switch: prev_comm=main prev_pid=5579 prev_prio=120 prev_state=R ==> next_comm=mmcqd/1 next_pid=116 next_prio=120
         mmcqd/1-116   [000] ...1   922.710690: block_rq_complete: 179,0 RA () 4086528 + 32 [0]
         mmcqd/1-116   [000] ...2   922.710705: sched_switch: prev_comm=mmcqd/1 prev_pid=116 prev_prio=120 prev_state=R+ ==> next_comm=kworker/0:1H next_pid=17 next_prio=100
    kworker/0:1H-17    [000] ...2   922.710713: sched_switch: prev_comm=kworker/0:1H prev_pid=17 prev_prio=100 prev_state=S ==> next_comm=mmcqd/1 next_pid=116 next_prio=120
         mmcqd/1-116   [000] ...2   922.710722: sched_switch: prev_comm=mmcqd/1 prev_pid=116 prev_prio=120 prev_state=S ==> next_comm=main next_pid=5579 next_prio=120
           <...>-5579  [000] d..2   922.712374: block_rq_insert: 179,0 R 0 () 4078456 + 40 [main]
           <...>-5579  [000] d..2   922.712378: block_rq_insert: 179,0 R 0 () 4078544 + 88 [main]
           <...>-5579  [000] d..2   922.712380: block_rq_insert: 179,0 R 0 () 4078640 + 56 [main]
           <...>-5579  [000] ...2   922.712391: sched_switch: prev_comm=main prev_pid=5579 prev_prio=120 prev_state=R+ ==> next_comm=mmcqd/1 next_pid=116 next_prio=120
         mmcqd/1-116   [000] ...2   922.712475: sched_switch: prev_comm=mmcqd/1 prev_pid=116 prev_prio=120 prev_state=S ==> next_comm=main next_pid=5579 next_prio=120
           <...>-5579  [000] ...2   922.712482: sched_switch: prev_comm=main prev_pid=5579 prev_prio=120 prev_state=D|W ==> next_comm=swapper/0 next_pid=0 next_prio=120
          <idle>-0     [000] ...2   922.712947: sched_switch: prev_comm=swapper/0 prev_pid=0 prev_prio=120 prev_state=R ==> next_comm=mmcqd/1 next_pid=116 next_prio=120
         mmcqd/1-116   [000] ...1   922.712984: block_rq_complete: 179,0 RA () 4078640 + 56 [0]
         mmcqd/1-116   [000] ...2   922.713014: sched_switch: prev_comm=mmcqd/1 prev_pid=116 prev_prio=120 prev_state=S ==> next_comm=swapper/0 next_pid=0 next_prio=120
          <idle>-0     [000] ...2   922.713696: sched_switch: prev_comm=swapper/0 prev_pid=0 prev_prio=120 prev_state=R ==> next_comm=mmcqd/1 next_pid=116 next_prio=120
         mmcqd/1-116   [000] ...1   922.713740: block_rq_complete: 179,0 RA () 4078544 + 88 [0]
         mmcqd/1-116   [000] ...2   922.713759: sched_switch: prev_comm=mmcqd/1 prev_pid=116 prev_prio=120 prev_state=S ==> next_comm=main next_pid=5579 next_prio=120
           <...>-5579  [000] d..2   922.713835: block_rq_insert: 179,0 R 0 () 4078128 + 8 [main]
           <...>-5579  [000] d..2   922.713838: block_rq_insert: 179,0 R 0 () 4078152 + 8 [main]
           <...>-5579  [000] d..2   922.713839: block_rq_insert: 179,0 R 0 () 4078176 + 24 [main]
           <...>-5579  [000] d..2   922.713841: block_rq_insert: 179,0 R 0 () 4078208 + 56 [main]
           <...>-5579  [000] d..2   922.713843: block_rq_insert: 179,0 R 0 () 4078280 + 104 [main]
           <...>-5579  [000] ...2   922.713854: sched_switch: prev_comm=main prev_pid=5579 prev_prio=120 prev_state=R+ ==> next_comm=mmcqd/1 next_pid=116 next_prio=120
         mmcqd/1-116   [000] ...2   922.713896: sched_switch: prev_comm=mmcqd/1 prev_pid=116 prev_prio=120 prev_state=S ==> next_comm=main next_pid=5579 next_prio=120
           <...>-5579  [000] ...2   922.713901: sched_switch: prev_comm=main prev_pid=5579 prev_prio=120 prev_state=D|W ==> next_comm=swapper/0 next_pid=0 next_prio=120
          <idle>-0     [000] ...2   922.714158: sched_switch: prev_comm=swapper/0 prev_pid=0 prev_prio=120 prev_state=R ==> next_comm=mmcqd/1 next_pid=116 next_prio=120
         mmcqd/1-116   [000] ...1   922.714191: block_rq_complete: 179,0 RA () 4078456 + 40 [0]
         mmcqd/1-116   [000] ...2   922.714223: sched_switch: prev_comm=mmcqd/1 prev_pid=116 prev_prio=120 prev_state=S ==> next_comm=swapper/0 next_pid=0 next_prio=120
          <idle>-0     [000] ...2   922.714975: sched_switch: prev_comm=swapper/0 prev_pid=0 prev_prio=120 prev_state=R ==> next_comm=mmcqd/1 next_pid=116 next_prio=120
         mmcqd/1-116   [000] ...1   922.715022: block_rq_complete: 179,0 RA () 4078280 + 104 [0]
         mmcqd/1-116   [000] ...2   922.715047: sched_switch: prev_comm=mmcqd/1 prev_pid=116 prev_prio=120 prev_state=S ==> next_comm=swapper/0 next_pid=0 next_prio=120
          <idle>-0     [000] ...2   922.715469: sched_switch: prev_comm=swapper/0 prev_pid=0 prev_prio=120 prev_state=R ==> next_comm=mmcqd/1 next_pid=116 next_prio=120
         mmcqd/1-116   [000] ...1   922.715505: block_rq_complete: 179,0 RA () 4078208 + 56 [0]
         mmcqd/1-116   [000] ...2   922.715530: sched_switch: prev_comm=mmcqd/1 prev_pid=116 prev_prio=120 prev_state=S ==> next_comm=main next_pid=5579 next_prio=120
           <...>-5579  [000] d..2   922.715696: block_rq_insert: 179,0 R 0 () 4077968 + 8 [main]
           <...>-5579  [000] d..2   922.715698: block_rq_insert: 179,0 R 0 () 4078016 + 88 [main]
           <...>-5579  [000] ...2   922.715705: sched_switch: prev_comm=main prev_pid=5579 prev_prio=120 prev_state=D|W ==> next_comm=swapper/0 next_pid=0 next_prio=120
          <idle>-0     [000] ...2   922.715810: sched_switch: prev_comm=swapper/0 prev_pid=0 prev_prio=120 prev_state=R ==> next_comm=mmcqd/1 next_pid=116 next_prio=120
         mmcqd/1-116   [000] ...1   922.715839: block_rq_complete: 179,0 RA () 4078176 + 24 [0]
         mmcqd/1-116   [000] ...2   922.715863: sched_switch: prev_comm=mmcqd/1 prev_pid=116 prev_prio=120 prev_state=S ==> next_comm=swapper/0 next_pid=0 next_prio=120
          <idle>-0     [000] ...2   922.716088: sched_switch: prev_comm=swapper/0 prev_pid=0 prev_prio=120 prev_state=R ==> next_comm=mmcqd/1 next_pid=116 next_prio=120
         mmcqd/1-116   [000] ...1   922.716114: block_rq_complete: 179,0 RA () 4078152 + 8 [0]
         mmcqd/1-116   [000] ...2   922.716152: sched_switch: prev_comm=mmcqd/1 prev_pid=116 prev_prio=120 prev_state=S ==> next_comm=swapper/0 next_pid=0 next_prio=120
          <idle>-0     [000] ...2   922.716436: sched_switch: prev_comm=swapper/0 prev_pid=0 prev_prio=120 prev_state=R ==> next_comm=mmcqd/1 next_pid=116 next_prio=120
         mmcqd/1-116   [000] ...1   922.716464: block_rq_complete: 179,0 RA () 4078112 + 24 [0]
         mmcqd/1-116   [000] ...2   922.716483: sched_switch: prev_comm=mmcqd/1 prev_pid=116 prev_prio=120 prev_state=S ==> next_comm=swapper/0 next_pid=0 next_prio=120
          <idle>-0     [000] ...2   922.717193: sched_switch: prev_comm=swapper/0 prev_pid=0 prev_prio=120 prev_state=R ==> next_comm=mmcqd/1 next_pid=116 next_prio=120
         mmcqd/1-116   [000] ...1   922.717235: block_rq_complete: 179,0 RA () 4078016 + 88 [0]
         mmcqd/1-116   [000] ...2   922.717253: sched_switch: prev_comm=mmcqd/1 prev_pid=116 prev_prio=120 prev_state=S ==> next_comm=main next_pid=5579 next_prio=120
           <...>-5579  [000] d..2   922.717404: block_rq_insert: 179,0 R 0 () 3992040 + 24 [main]
           <...>-5579  [000] d..2   922.717407: block_rq_insert: 179,0 R 0 () 3992168 + 8 [main]
           <...>-5579  [000] d..2   922.717409: block_rq_insert: 179,0 R 0 () 3992192 + 56 [main]
