           <...>-5579  [000] ...2   922.717431: sched_switch: prev_comm=main prev_pid=5579 prev_prio=120 prev_state=R+ ==> next_comm=mmcqd/1 next_pid=116 next_prio=120
         mmcqd/1-116   [000] ...1   922.717441: block_rq_complete: 179,0 RA () 4077968 + 8 [0]
         mmcqd/1-116   [000] ...2   922.717454: sched_switch: prev_comm=mmcqd/1 prev_pid=116 prev_prio=120 prev_state=R+ ==> next_comm=kworker/0:1H next_pid=17 next_prio=100
    kworker/0:1H-17    [000] ...2   922.717463: sched_switch: prev_comm=kworker/0:1H prev_pid=17 prev_prio=100 prev_state=S ==> next_comm=mmcqd/1 next_pid=116 next_prio=120
         mmcqd/1-116   [000] ...2   922.717514: sched_switch: prev_comm=mmcqd/1 prev_pid=116 prev_prio=120 prev_state=S ==> next_comm=main next_pid=5579 next_prio=120
           <...>-5579  [000] ...2   922.717521: sched_switch: prev_comm=main prev_pid=5579 prev_prio=120 prev_state=D|W ==> next_comm=swapper/0 next_pid=0 next_prio=120
          <idle>-0     [000] ...2   922.717808: sched_switch: prev_comm=swapper/0 prev_pid=0 prev_prio=120 prev_state=R ==> next_comm=mmcqd/1 next_pid=116 next_prio=120
         mmcqd/1-116   [000] ...1   922.717837: block_rq_complete: 179,0 RA () 3992040 + 24 [0]
         mmcqd/1-116   [000] ...2   922.717868: sched_switch: prev_comm=mmcqd/1 prev_pid=116 prev_prio=120 prev_state=S ==> next_comm=swapper/0 next_pid=0 next_prio=120
          <idle>-0     [000] ...2   922.718092: sched_switch: prev_comm=swapper/0 prev_pid=0 prev_prio=120 prev_state=R ==> next_comm=mmcqd/1 next_pid=116 next_prio=120
         mmcqd/1-116   [000] ...1   922.718117: block_rq_complete: 179,0 RA () 3992168 + 8 [0]
         mmcqd/1-116   [000] ...2   922.718132: sched_switch: prev_comm=mmcqd/1 prev_pid=116 prev_prio=120 prev_state=S ==> next_comm=main next_pid=5579 next_prio=120
           <...>-5579  [000] d..2   922.718177: block_rq_insert: 179,0 R 0 () 3992296 + 8 [main]
           <...>-5579  [000] d..2   922.718179: block_rq_insert: 179,0 R 0 () 3992368 + 16 [main]
           <...>-5579  [000] d..2   922.718181: block_rq_insert: 179,0 R 0 () 3992400 + 8 [main]
           <...>-5579  [000] ...2   922.718190: sched_switch: prev_comm=main prev_pid=5579 prev_prio=120 prev_state=R+ ==> next_comm=mmcqd/1 next_pid=116 next_prio=120
         mmcqd/1-116   [000] ...2   922.718205: sched_switch: prev_comm=mmcqd/1 prev_pid=116 prev_prio=120 prev_state=S ==> next_comm=main next_pid=5579 next_prio=120
           <...>-5579  [000] ...2   922.718210: sched_switch: prev_comm=main prev_pid=5579 prev_prio=120 prev_state=D|W ==> next_comm=swapper/0 next_pid=0 next_prio=120
          <idle>-0     [000] ...2   922.718597: sched_switch: prev_comm=swapper/0 prev_pid=0 prev_prio=120 prev_state=R ==> next_comm=mmcqd/1 next_pid=116 next_prio=120
         mmcqd/1-116   [000] ...1   922.718632: block_rq_complete: 179,0 RA () 3992192 + 56 [0]
         mmcqd/1-116   [000] ...2   922.718653: sched_switch: prev_comm=mmcqd/1 prev_pid=116 prev_prio=120 prev_state=S ==> next_comm=swapper/0 next_pid=0 next_prio=120
          <idle>-0     [000] ...2   922.718872: sched_switch: prev_comm=swapper/0 prev_pid=0 prev_prio=120 prev_state=R ==> next_comm=mmcqd/1 next_pid=116 next_prio=120
         mmcqd/1-116   [000] ...1   922.718916: block_rq_complete: 179,0 RA () 3992296 + 8 [0]
         mmcqd/1-116   [000] ...2   922.718934: sched_switch: prev_comm=mmcqd/1 prev_pid=116 prev_prio=120 prev_state=S ==> next_comm=swapper/0 next_pid=0 next_prio=120
          <idle>-0     [000] ...2   922.719186: sched_switch: prev_comm=swapper/0 prev_pid=0 prev_prio=120 prev_state=R ==> next_comm=mmcqd/1 next_pid=116 next_prio=120
         mmcqd/1-116   [000] ...1   922.719212: block_rq_complete: 179,0 RA () 3992368 + 16 [0]
         mmcqd/1-116   [000] ...2   922.719227: sched_switch: prev_comm=mmcqd/1 prev_pid=116 prev_prio=120 prev_state=S ==> next_comm=main next_pid=5579 next_prio=120
           <...>-5579  [000] d..2   922.719275: block_rq_insert: 179,0 R 0 () 3994040 + 136 [main]
           <...>-5579  [000] ...2   922.719285: sched_switch: prev_comm=main prev_pid=5579 prev_prio=120 prev_state=R+ ==> next_comm=mmcqd/1 next_pid=116 next_prio=120
         mmcqd/1-116   [000] ...2   922.719333: sched_switch: prev_comm=mmcqd/1 prev_pid=116 prev_prio=120 prev_state=S ==> next_comm=main next_pid=5579 next_prio=120
           <...>-5579  [000] ...2   922.719338: sched_switch: prev_comm=main prev_pid=5579 prev_prio=120 prev_state=D|W ==> next_comm=swapper/0 next_pid=0 next_prio=120
          <idle>-0     [000] ...2   922.719468: sched_switch: prev_comm=swapper/0 prev_pid=0 prev_prio=120 prev_state=R ==> next_comm=mmcqd/1 next_pid=116 next_prio=120
         mmcqd/1-116   [000] ...1   922.719493: block_rq_complete: 179,0 RA () 3992400 + 8 [0]
         mmcqd/1-116   [000] ...2   922.719504: sched_switch: prev_comm=mmcqd/1 prev_pid=116 prev_prio=120 prev_state=S ==> next_comm=swapper/0 next_pid=0 next_prio=120
          <idle>-0     [000] ...2   922.720436: sched_switch: prev_comm=swapper/0 prev_pid=0 prev_prio=120 prev_state=R ==> next_comm=mmcqd/1 next_pid=116 next_prio=120
         mmcqd/1-116   [000] ...1   922.720474: block_rq_complete: 179,0 RA () 3994040 + 136 [0]
         mmcqd/1-116   [000] ...2   922.720494: sched_switch: prev_comm=mmcqd/1 prev_pid=116 prev_prio=120 prev_state=R+ ==> next_comm=kworker/0:1H next_pid=17 next_prio=100
    kworker/0:1H-17    [000] ...2   922.720501: sched_switch: prev_comm=kworker/0:1H prev_pid=17 prev_prio=100 prev_state=S ==> next_comm=mmcqd/1 next_pid=116 next_prio=120
         mmcqd/1-116   [000] ...2   922.720510: sched_switch: prev_comm=mmcqd/1 prev_pid=116 prev_prio=120 prev_state=S ==> next_comm=main next_pid=5579 next_prio=120
           <...>-5579  [000] d..2   922.720587: block_rq_insert: 179,0 R 0 () 4025256 + 24 [main]
           <...>-5579  [000] ...2   922.720597: sched_switch: prev_comm=main prev_pid=5579 prev_prio=120 prev_state=R+ ==> next_comm=mmcqd/1 next_pid=116 next_prio=120
         mmcqd/1-116   [000] ...2   922.720638: sched_switch: prev_comm=mmcqd/1 prev_pid=116 prev_prio=120 prev_state=S ==> next_comm=main next_pid=5579 next_prio=120
           <...>-5579  [000] ...2   922.720644: sched_switch: prev_comm=main prev_pid=5579 prev_prio=120 prev_state=D|W ==> next_comm=swapper/0 next_pid=0 next_prio=120
          <idle>-0     [000] ...2   922.720929: sched_switch: prev_comm=swapper/0 prev_pid=0 prev_prio=120 prev_state=R ==> next_comm=mmcqd/1 next_pid=116 next_prio=120
         mmcqd/1-116   [000] ...1   922.720942: block_rq_complete: 179,0 RA () 4025256 + 24 [0]
         mmcqd/1-116   [000] ...2   922.720959: sched_switch: prev_comm=mmcqd/1 prev_pid=116 prev_prio=120 prev_state=R+ ==> next_comm=kworker/0:1H next_pid=17 next_prio=100
    kworker/0:1H-17    [000] ...2   922.720966: sched_switch: prev_comm=kworker/0:1H prev_pid=17 prev_prio=100 prev_state=S ==> next_comm=mmcqd/1 next_pid=116 next_prio=120
         mmcqd/1-116   [000] ...2   922.720975: sched_switch: prev_comm=mmcqd/1 prev_pid=116 prev_prio=120 prev_state=S ==> next_comm=main next_pid=5579 next_prio=120
           <...>-5579  [000] d..2   922.721068: block_rq_insert: 179,0 R 0 () 4028792 + 152 [main]
           <...>-5579  [000] ...2   922.721078: sched_switch: prev_comm=main prev_pid=5579 prev_prio=120 prev_state=R+ ==> next_comm=mmcqd/1 next_pid=116 next_prio=120
         mmcqd/1-116   [000] ...2   922.721152: sched_switch: prev_comm=mmcqd/1 prev_pid=116 prev_prio=120 prev_state=S ==> next_comm=main next_pid=5579 next_prio=120
           <...>-5579  [000] ...2   922.721158: sched_switch: prev_comm=main prev_pid=5579 prev_prio=120 prev_state=D|W ==> next_comm=swapper/0 next_pid=0 next_prio=120
          <idle>-0     [000] ...2   922.722165: sched_switch: prev_comm=swapper/0 prev_pid=0 prev_prio=120 prev_state=R ==> next_comm=mmcqd/1 next_pid=116 next_prio=120
         mmcqd/1-116   [000] ...1   922.722207: block_rq_complete: 179,0 RA () 4028792 + 152 [0]
         mmcqd/1-116   [000] ...2   922.722228: sched_switch: prev_comm=mmcqd/1 prev_pid=116 prev_prio=120 prev_state=R+ ==> next_comm=kworker/0:1H next_pid=17 next_prio=100
    kworker/0:1H-17    [000] ...2   922.722235: sched_switch: prev_comm=kworker/0:1H prev_pid=17 prev_prio=100 prev_state=S ==> next_comm=mmcqd/1 next_pid=116 next_prio=120
         mmcqd/1-116   [000] ...2   922.722244: sched_switch: prev_comm=mmcqd/1 prev_pid=116 prev_prio=120 prev_state=S ==> next_comm=main next_pid=5579 next_prio=120
           <...>-5579  [000] d..2   922.722690: block_rq_insert: 179,0 R 0 () 4079536 + 48 [main]
           <...>-5579  [000] d..2   922.722693: block_rq_insert: 179,0 R 0 () 4079600 + 16 [main]
           <...>-5579  [000] d..2   922.722694: block_rq_insert: 179,0 R 0 () 4079632 + 16 [main]
           <...>-5579  [000] d..2   922.722696: block_rq_insert: 179,0 R 0 () 4079656 + 16 [main]
           <...>-5579  [000] d..2   922.722697: block_rq_insert: 179,0 R 0 () 4079680 + 16 [main]
           <...>-5579  [000] d..2   922.722699: block_rq_insert: 179,0 R 0 () 4079712 + 8 [main]
           <...>-5579  [000] d..2   922.722700: block_rq_insert: 179,0 R 0 () 4079728 + 8 [main]
           <...>-5579  [000] ...2   922.722710: sched_switch: prev_comm=main prev_pid=5579 prev_prio=120 prev_state=R+ ==> next_comm=mmcqd/1 next_pid=116 next_prio=120
         mmcqd/1-116   [000] ...2   922.722767: sched_switch: prev_comm=mmcqd/1 prev_pid=116 prev_prio=120 prev_state=S ==> next_comm=main next_pid=5579 next_prio=120
           <...>-5579  [000] ...2   922.722773: sched_switch: prev_comm=main prev_pid=5579 prev_prio=120 prev_state=D|W ==> next_comm=swapper/0 next_pid=0 next_prio=120
          <idle>-0     [000] ...2   922.723188: sched_switch: prev_comm=swapper/0 prev_pid=0 prev_prio=120 prev_state=R ==> next_comm=mmcqd/1 next_pid=116 next_prio=120
         mmcqd/1-116   [000] ...1   922.723223: block_rq_complete: 179,0 RA () 4079536 + 48 [0]
         mmcqd/1-116   [000] ...2   922.723245: sched_switch: prev_comm=mmcqd/1 prev_pid=116 prev_prio=120 prev_state=S ==> next_comm=swapper/0 next_pid=0 next_prio=120
          <idle>-0     [000] ...2   922.723489: sched_switch: prev_comm=swapper/0 prev_pid=0 prev_prio=120 prev_state=R ==> next_comm=mmcqd/1 next_pid=116 next_prio=120
         mmcqd/1-116   [000] ...1   922.723516: block_rq_complete: 179,0 RA () 4079600 + 16 [0]
         mmcqd/1-116   [000] ...2   922.723536: sched_switch: prev_comm=mmcqd/1 prev_pid=116 prev_prio=120 prev_state=S ==> next_comm=swapper/0 next_pid=0 next_prio=120
          <idle>-0     [000] ...2   922.723795: sched_switch: prev_comm=swapper/0 prev_pid=0 prev_prio=120 prev_state=R ==> next_comm=mmcqd/1 next_pid=116 next_prio=120
         mmcqd/1-116   [000] ...1   922.723822: block_rq_complete: 179,0 RA () 4079632 + 16 [0]
         mmcqd/1-116   [000] ...2   922.723842: sched_switch: prev_comm=mmcqd/1 prev_pid=116 prev_prio=120 prev_state=S ==> next_comm=swapper/0 next_pid=0 next_prio=120
          <idle>-0     [000] ...2   922.724100: sched_switch: prev_comm=swapper/0 prev_pid=0 prev_prio=120 prev_state=R ==> next_comm=mmcqd/1 next_pid=116 next_prio=120
         mmcqd/1-116   [000] ...1   922.724127: block_rq_complete: 179,0 RA () 4079656 + 16 [0]
         mmcqd/1-116   [000] ...2   922.724149: sched_switch: prev_comm=mmcqd/1 prev_pid=116 prev_prio=120 prev_state=S ==> next_comm=main next_pid=5579 next_prio=120
           <...>-5579  [000] ...2   922.724403: sched_switch: prev_comm=main prev_pid=5579 prev_prio=120 prev_state=R ==> next_comm=mmcqd/1 next_pid=116 next_prio=120
         mmcqd/1-116   [000] ...1   922.724430: block_rq_complete: 179,0 RA () 4079680 + 16 [0]
         mmcqd/1-116   [000] ...2   922.724450: sched_switch: prev_comm=mmcqd/1 prev_pid=116 prev_prio=120 prev_state=S ==> next_comm=main next_pid=5579 next_prio=120
           <...>-5579  [000] d..2   922.724644: block_rq_insert: 179,0 R 0 () 4078384 + 40 [main]
           <...>-5579  [000] d..2   922.724648: block_rq_insert: 179,0 R 0 () 4078440 + 8 [main]
           <...>-5579  [000] ...2   922.724656: sched_switch: prev_comm=main prev_pid=5579 prev_prio=120 prev_state=D|W ==> next_comm=swapper/0 next_pid=0 next_prio=120
          <idle>-0     [000] ...2   922.724695: sched_switch: prev_comm=swapper/0 prev_pid=0 prev_prio=120 prev_state=R ==> next_comm=mmcqd/1 next_pid=116 next_prio=120
         mmcqd/1-116   [000] ...1   922.724721: block_rq_complete: 179,0 RA () 4079712 + 8 [0]
         mmcqd/1-116   [000] ...2   922.724740: sched_switch: prev_comm=mmcqd/1 prev_pid=116 prev_prio=120 prev_state=S ==> next_comm=swapper/0 next_pid=0 next_prio=120
          <idle>-0     [000] ...2   922.725021: sched_switch: prev_comm=swapper/0 prev_pid=0 prev_prio=120 prev_state=R ==> next_comm=mmcqd/1 next_pid=116 next_prio=120
         mmcqd/1-116   [000] ...1   922.725046: block_rq_complete: 179,0 RA () 4079728 + 8 [0]
         mmcqd/1-116   [000] ...2   922.725073: sched_switch: prev_comm=mmcqd/1 prev_pid=116 prev_prio=120 prev_state=S ==> next_comm=swapper/0 next_pid=0 next_prio=120
          <idle>-0     [000] ...2   922.725306: sched_switch: prev_comm=swapper/0 prev_pid=0 prev_prio=120 prev_state=R ==> next_comm=mmcqd/1 next_pid=116 next_prio=120
         mmcqd/1-116   [000] ...1   922.725331: block_rq_complete: 179,0 RA () 4078440 + 8 [0]
         mmcqd/1-116   [000] ...2   922.725342: sched_switch: prev_comm=mmcqd/1 prev_pid=116 prev_prio=120 prev_state=S ==> next_comm=swapper/0 next_pid=0 next_prio=120
          <idle>-0     [000] ...2   922.725776: sched_switch: prev_comm=swapper/0 prev_pid=0 prev_prio=120 prev_state=R ==> next_comm=mmcqd/1 next_pid=116 next_prio=120
         mmcqd/1-116   [000] ...1   922.725793: block_rq_complete: 179,0 RA () 4078384 + 40 [0]
         mmcqd/1-116   [000] ...2   922.725810: sched_switch: prev_comm=mmcqd/1 prev_pid=116 prev_prio=120 prev_state=R+ ==> next_comm=kworker/0:1H next_pid=17 next_prio=100
    kworker/0:1H-17    [000] ...2   922.725819: sched_switch: prev_comm=kworker/0:1H prev_pid=17 prev_prio=100 prev_state=S ==> next_comm=mmcqd/1 next_pid=116 next_prio=120
         mmcqd/1-116   [000] ...2   922.725829: sched_switch: prev_comm=mmcqd/1 prev_pid=116 prev_prio=120 prev_state=S ==> next_comm=main next_pid=5579 next_prio=120
           <...>-5579  [000] d..2   922.725932: block_rq_insert: 179,0 R 0 () 4086560 + 136 [main]
           <...>-5579  [000] d..2   922.725935: block_rq_insert: 179,0 R 0 () 4086704 + 72 [main]
           <...>-5579  [000] ...2   922.725944: sched_switch: prev_comm=main prev_pid=5579 prev_prio=120 prev_state=R+ ==> next_comm=mmcqd/1 next_pid=116 next_prio=120
         mmcqd/1-116   [000] ...2   922.726038: sched_switch: prev_comm=mmcqd/1 prev_pid=116 prev_prio=120 prev_state=S ==> next_comm=main next_pid=5579 next_prio=120
           <...>-5579  [000] ...2   922.726043: sched_switch: prev_comm=main prev_pid=5579 prev_prio=120 prev_state=D|W ==> next_comm=swapper/0 next_pid=0 next_prio=120
          <idle>-0     [000] ...2   922.726863: sched_switch: prev_comm=swapper/0 prev_pid=0 prev_prio=120 prev_state=R ==> next_comm=mmcqd/1 next_pid=116 next_prio=120
         mmcqd/1-116   [000] ...1   922.726918: block_rq_complete: 179,0 RA () 4086560 + 136 [0]
         mmcqd/1-116   [000] ...2   922.726937: sched_switch: prev_comm=mmcqd/1 prev_pid=116 prev_prio=120 prev_state=S ==> next_comm=main next_pid=5579 next_prio=120
           <...>-5579  [000] ...2   922.727408: sched_switch: prev_comm=main prev_pid=5579 prev_prio=120 prev_state=R ==> next_comm=mmcqd/1 next_pid=116 next_prio=120
         mmcqd/1-116   [000] ...1   922.727433: block_rq_complete: 179,0 RA () 4086704 + 72 [0]
         mmcqd/1-116   [000] ...2   922.727449: sched_switch: prev_comm=mmcqd/1 prev_pid=116 prev_prio=120 prev_state=R+ ==> next_comm=kworker/0:1H next_pid=17 next_prio=100
    kworker/0:1H-17    [000] ...2   922.727457: sched_switch: prev_comm=kworker/0:1H prev_pid=17 prev_prio=100 prev_state=S ==> next_comm=mmcqd/1 next_pid=116 next_prio=120
         mmcqd/1-116   [000] ...2   922.727467: sched_switch: prev_comm=mmcqd/1 prev_pid=116 prev_prio=120 prev_state=S ==> next_comm=main next_pid=5579 next_prio=120
           <...>-5579  [000] ...2   922.738915: sched_switch: prev_comm=main prev_pid=5579 prev_prio=120 prev_state=R ==> next_comm=kworker/u:2 next_pid=80 next_prio=120
     kworker/u:2-80    [000] ...2   922.738934: sched_switch: prev_comm=kworker/u:2 prev_pid=80 prev_prio=120 prev_state=S ==> next_comm=mpdecision next_pid=1527 next_prio=113
      mpdecision-1527  [000] ...2   922.739199: sched_switch: prev_comm=mpdecision prev_pid=1527 prev_prio=113 prev_state=S ==> next_comm=main next_pid=5579 next_prio=120
           <...>-5579  [000] d..2   922.741431: block_rq_insert: 179,0 R 0 () 4085616 + 40 [main]
           <...>-5579  [000] ...2   922.741453: sched_switch: prev_comm=main prev_pid=5579 prev_prio=120 prev_state=R+ ==> next_comm=mmcqd/1 next_pid=116 next_prio=120
         mmcqd/1-116   [000] ...2   922.741519: sched_switch: prev_comm=mmcqd/1 prev_pid=116 prev_prio=120 prev_state=S ==> next_comm=main next_pid=5579 next_prio=120
           <...>-5579  [000] ...2   922.742033: sched_switch: prev_comm=main prev_pid=5579 prev_prio=120 prev_state=R ==> next_comm=ActivityManager next_pid=765 next_prio=118
 ActivityManager-765   [000] ...2   922.742157: sched_switch: prev_comm=ActivityManager prev_pid=765 prev_prio=118 prev_state=S ==> next_comm=mmcqd/1 next_pid=116 next_prio=120
         mmcqd/1-116   [000] ...1   922.742177: block_rq_complete: 179,0 RA () 4085616 + 40 [0]
         mmcqd/1-116   [000] ...2   922.742199: sched_switch: prev_comm=mmcqd/1 prev_pid=116 prev_prio=120 prev_state=R+ ==> next_comm=kworker/0:1H next_pid=17 next_prio=100
    kworker/0:1H-17    [000] ...2   922.742207: sched_switch: prev_comm=kworker/0:1H prev_pid=17 prev_prio=100 prev_state=S ==> next_comm=mmcqd/1 next_pid=116 next_prio=120
         mmcqd/1-116   [000] ...2   922.742218: sched_switch: prev_comm=mmcqd/1 prev_pid=116 prev_prio=120 prev_state=S ==> next_comm=main next_pid=5579 next_prio=120
           <...>-5579  [000] d..2   922.744443: block_rq_insert: 179,0 R 0 () 874176 + 8 [main]
           <...>-5579  [000] ...2   922.744455: sched_switch: prev_comm=main prev_pid=5579 prev_prio=120 prev_state=R+ ==> next_comm=mmcqd/1 next_pid=116 next_prio=120
         mmcqd/1-116   [000] ...2   922.744497: sched_switch: prev_comm=mmcqd/1 prev_pid=116 prev_prio=120 prev_state=S ==> next_comm=main next_pid=5579 next_prio=120
           <...>-5579  [000] ...2   922.744503: sched_switch: prev_comm=main prev_pid=5579 prev_prio=120 prev_state=D|W ==> next_comm=swapper/0 next_pid=0 next_prio=120
          <idle>-0     [000] ...2   922.744525: sched_switch: prev_comm=swapper/0 prev_pid=0 prev_prio=120 prev_state=R ==> next_comm=ksoftirqd/0 next_pid=3 next_prio=120
     ksoftirqd/0-3     [000] ...2   922.744534: sched_switch: prev_comm=ksoftirqd/0 prev_pid=3 prev_prio=120 prev_state=S ==> next_comm=swapper/0 next_pid=0 next_prio=120
          <idle>-0     [000] ...2   922.744551: sched_switch: prev_comm=swapper/0 prev_pid=0 prev_prio=120 prev_state=R ==> next_comm=ksoftirqd/0 next_pid=3 next_prio=120
     ksoftirqd/0-3     [000] ...2   922.744559: sched_switch: prev_comm=ksoftirqd/0 prev_pid=3 prev_prio=120 prev_state=S ==> next_comm=swapper/0 next_pid=0 next_prio=120
          <idle>-0     [000] ...2   922.744573: sched_switch: prev_comm=swapper/0 prev_pid=0 prev_prio=120 prev_state=R ==> next_comm=ksoftirqd/0 next_pid=3 next_prio=120
     ksoftirqd/0-3     [000] ...2   922.744586: sched_switch: prev_comm=ksoftirqd/0 prev_pid=3 prev_prio=120 prev_state=S ==> next_comm=swapper/0 next_pid=0 next_prio=120
          <idle>-0     [000] ...2   922.744731: sched_switch: prev_comm=swapper/0 prev_pid=0 prev_prio=120 prev_state=R ==> next_comm=mmcqd/1 next_pid=116 next_prio=120
         mmcqd/1-116   [000] ...1   922.744742: block_rq_complete: 179,0 RA () 874176 + 8 [0]
         mmcqd/1-116   [000] ...2   922.744759: sched_switch: prev_comm=mmcqd/1 prev_pid=116 prev_prio=120 prev_state=R+ ==> next_comm=kworker/0:1H next_pid=17 next_prio=100
    kworker/0:1H-17    [000] ...2   922.744767: sched_switch: prev_comm=kworker/0:1H prev_pid=17 prev_prio=100 prev_state=S ==> next_comm=mmcqd/1 next_pid=116 next_prio=120
         mmcqd/1-116   [000] ...2   922.744777: sched_switch: prev_comm=mmcqd/1 prev_pid=116 prev_prio=120 prev_state=S ==> next_comm=main next_pid=5579 next_prio=120
           <...>-5579  [000] d..2   922.748062: block_rq_insert: 179,0 R 0 () 4084864 + 8 [main]
           <...>-5579  [000] ...2   922.748078: sched_switch: prev_comm=main prev_pid=5579 prev_prio=120 prev_state=R+ ==> next_comm=mmcqd/1 next_pid=116 next_prio=120
         mmcqd/1-116   [000] ...2   922.748126: sched_switch: prev_comm=mmcqd/1 prev_pid=116 prev_prio=120 prev_state=S ==> next_comm=main next_pid=5579 next_prio=120
           <...>-5579  [000] ...2   922.748132: sched_switch: prev_comm=main prev_pid=5579 prev_prio=120 prev_state=D|W ==> next_comm=swapper/0 next_pid=0 next_prio=120
          <idle>-0     [000] ...2   922.748149: sched_switch: prev_comm=swapper/0 prev_pid=0 prev_prio=120 prev_state=R ==> next_comm=ksoftirqd/0 next_pid=3 next_prio=120
     ksoftirqd/0-3     [000] ...2   922.748157: sched_switch: prev_comm=ksoftirqd/0 prev_pid=3 prev_prio=120 prev_state=S ==> next_comm=swapper/0 next_pid=0 next_prio=120
          <idle>-0     [000] ...2   922.748173: sched_switch: prev_comm=swapper/0 prev_pid=0 prev_prio=120 prev_state=R ==> next_comm=ksoftirqd/0 next_pid=3 next_prio=120
     ksoftirqd/0-3     [000] ...2   922.748180: sched_switch: prev_comm=ksoftirqd/0 prev_pid=3 prev_prio=120 prev_state=S ==> next_comm=swapper/0 next_pid=0 next_prio=120
          <idle>-0     [000] ...2   922.748194: sched_switch: prev_comm=swapper/0 prev_pid=0 prev_prio=120 prev_state=R ==> next_comm=ksoftirqd/0 next_pid=3 next_prio=120
     ksoftirqd/0-3     [000] ...2   922.748201: sched_switch: prev_comm=ksoftirqd/0 prev_pid=3 prev_prio=120 prev_state=S ==> next_comm=swapper/0 next_pid=0 next_prio=120
          <idle>-0     [000] ...2   922.748353: sched_switch: prev_comm=swapper/0 prev_pid=0 prev_prio=120 prev_state=R ==> next_comm=mmcqd/1 next_pid=116 next_prio=120
         mmcqd/1-116   [000] ...1   922.748363: block_rq_complete: 179,0 RA () 4084864 + 8 [0]
         mmcqd/1-116   [000] ...2   922.748382: sched_switch: prev_comm=mmcqd/1 prev_pid=116 prev_prio=120 prev_state=R+ ==> next_comm=kworker/0:1H next_pid=17 next_prio=100
    kworker/0:1H-17    [000] ...2   922.748390: sched_switch: prev_comm=kworker/0:1H prev_pid=17 prev_prio=100 prev_state=S ==> next_comm=mmcqd/1 next_pid=116 next_prio=120
         mmcqd/1-116   [000] ...2   922.748399: sched_switch: prev_comm=mmcqd/1 prev_pid=116 prev_prio=120 prev_state=S ==> next_comm=main next_pid=5579 next_prio=120
           <...>-5579  [000] d..2   922.749951: block_rq_insert: 179,0 R 0 () 4077832 + 8 [main]
           <...>-5579  [000] d..2   922.749954: block_rq_insert: 179,0 R 0 () 4077848 + 8 [main]
           <...>-5579  [000] d..2   922.749957: block_rq_insert: 179,0 R 0 () 4077872 + 8 [main]
           <...>-5579  [000] ...2   922.749967: sched_switch: prev_comm=main prev_pid=5579 prev_prio=120 prev_state=R+ ==> next_comm=mmcqd/1 next_pid=116 next_prio=120
         mmcqd/1-116   [000] ...2   922.750018: sched_switch: prev_comm=mmcqd/1 prev_pid=116 prev_prio=120 prev_state=S ==> next_comm=main next_pid=5579 next_prio=120
           <...>-5579  [000] ...2   922.750024: sched_switch: prev_comm=main prev_pid=5579 prev_prio=120 prev_state=D|W ==> next_comm=swapper/0 next_pid=0 next_prio=120
          <idle>-0     [000] ...2   922.750247: sched_switch: prev_comm=swapper/0 prev_pid=0 prev_prio=120 prev_state=R ==> next_comm=mmcqd/1 next_pid=116 next_prio=120
         mmcqd/1-116   [000] ...1   922.750273: block_rq_complete: 179,0 RA () 4077872 + 8 [0]
         mmcqd/1-116   [000] ...2   922.750293: sched_switch: prev_comm=mmcqd/1 prev_pid=116 prev_prio=120 prev_state=S ==> next_comm=swapper/0 next_pid=0 next_prio=120
          <idle>-0     [000] ...2   922.750511: sched_switch: prev_comm=swapper/0 prev_pid=0 prev_prio=120 prev_state=R ==> next_comm=mmcqd/1 next_pid=116 next_prio=120
         mmcqd/1-116   [000] ...1   922.750537: block_rq_complete: 179,0 RA () 4077848 + 8 [0]
         mmcqd/1-116   [000] ...2   922.750552: sched_switch: prev_comm=mmcqd/1 prev_pid=116 prev_prio=120 prev_state=S ==> next_comm=main next_pid=5579 next_prio=120
           <...>-5579  [000] ...2   922.750804: sched_switch: prev_comm=main prev_pid=5579 prev_prio=120 prev_state=R ==> next_comm=mmcqd/1 next_pid=116 next_prio=120
         mmcqd/1-116   [000] ...1   922.750814: block_rq_complete: 179,0 RA () 4077832 + 8 [0]
         mmcqd/1-116   [000] ...2   922.750828: sched_switch: prev_comm=mmcqd/1 prev_pid=116 prev_prio=120 prev_state=R+ ==> next_comm=kworker/0:1H next_pid=17 next_prio=100
    kworker/0:1H-17    [000] ...2   922.750835: sched_switch: prev_comm=kworker/0:1H prev_pid=17 prev_prio=100 prev_state=S ==> next_comm=mmcqd/1 next_pid=116 next_prio=120
         mmcqd/1-116   [000] ...2   922.750845: sched_switch: prev_comm=mmcqd/1 prev_pid=116 prev_prio=120 prev_state=S ==> next_comm=main next_pid=5579 next_prio=120
           <...>-5579  [000] d..2   922.753372: block_rq_insert: 179,0 R 0 () 4079400 + 8 [main]
           <...>-5579  [000] d..2   922.753376: block_rq_insert: 179,0 R 0 () 4079416 + 48 [main]
           <...>-5579  [000] d..2   922.753378: block_rq_insert: 179,0 R 0 () 4079480 + 24 [main]
           <...>-5579  [000] d..2   922.753379: block_rq_insert: 179,0 R 0 () 4079512 + 24 [main]
           <...>-5579  [000] ...2   922.753391: sched_switch: prev_comm=main prev_pid=5579 prev_prio=120 prev_state=R+ ==> next_comm=mmcqd/1 next_pid=116 next_prio=120
         mmcqd/1-116   [000] ...2   922.753455: sched_switch: prev_comm=mmcqd/1 prev_pid=116 prev_prio=120 prev_state=S ==> next_comm=main next_pid=5579 next_prio=120
           <...>-5579  [000] ...2   922.753462: sched_switch: prev_comm=main prev_pid=5579 prev_prio=120 prev_state=D|W ==> next_comm=swapper/0 next_pid=0 next_prio=120
          <idle>-0     [000] ...2   922.753674: sched_switch: prev_comm=swapper/0 prev_pid=0 prev_prio=120 prev_state=R ==> next_comm=mmcqd/1 next_pid=116 next_prio=120
         mmcqd/1-116   [000] ...1   922.753701: block_rq_complete: 179,0 RA () 4079400 + 8 [0]
         mmcqd/1-116   [000] ...2   922.753726: sched_switch: prev_comm=mmcqd/1 prev_pid=116 prev_prio=120 prev_state=S ==> next_comm=swapper/0 next_pid=0 next_prio=120
          <idle>-0     [000] ...2   922.754163: sched_switch: prev_comm=swapper/0 prev_pid=0 prev_prio=120 prev_state=R ==> next_comm=mmcqd/1 next_pid=116 next_prio=120
         mmcqd/1-116   [000] ...1   922.754197: block_rq_complete: 179,0 RA () 4079416 + 48 [0]
         mmcqd/1-116   [000] ...2   922.754226: sched_switch: prev_comm=mmcqd/1 prev_pid=116 prev_prio=120 prev_state=S ==> next_comm=main next_pid=5579 next_prio=120
           <...>-5579  [000] d..2   922.754396: block_rq_insert: 179,0 R 0 () 4019736 + 8 [main]
           <...>-5579  [000] d..2   922.754399: block_rq_insert: 179,0 R 0 () 4019792 + 8 [main]
           <...>-5579  [000] ...2   922.754407: sched_switch: prev_comm=main prev_pid=5579 prev_prio=120 prev_state=D|W ==> next_comm=swapper/0 next_pid=0 next_prio=120
          <idle>-0     [000] ...2   922.754554: sched_switch: prev_comm=swapper/0 prev_pid=0 prev_prio=120 prev_state=R ==> next_comm=mmcqd/1 next_pid=116 next_prio=120
         mmcqd/1-116   [000] ...1   922.754584: block_rq_complete: 179,0 RA () 4079480 + 24 [0]
         mmcqd/1-116   [000] ...2   922.754603: sched_switch: prev_comm=mmcqd/1 prev_pid=116 prev_prio=120 prev_state=S ==> next_comm=swapper/0 next_pid=0 next_prio=120
          <idle>-0     [000] ...2   922.754927: sched_switch: prev_comm=swapper/0 prev_pid=0 prev_prio=120 prev_state=R ==> next_comm=mmcqd/1 next_pid=116 next_prio=120
         mmcqd/1-116   [000] ...1   922.754956: block_rq_complete: 179,0 RA () 4079512 + 24 [0]
         mmcqd/1-116   [000] ...2   922.754975: sched_switch: prev_comm=mmcqd/1 prev_pid=116 prev_prio=120 prev_state=S ==> next_comm=swapper/0 next_pid=0 next_prio=120
          <idle>-0     [000] ...2   922.755187: sched_switch: prev_comm=swapper/0 prev_pid=0 prev_prio=120 prev_state=R ==> next_comm=mmcqd/1 next_pid=116 next_prio=120
         mmcqd/1-116   [000] ...1   922.755212: block_rq_complete: 179,0 RA () 4019736 + 8 [0]
         mmcqd/1-116   [000] ...2   922.755223: sched_switch: prev_comm=mmcqd/1 prev_pid=116 prev_prio=120 prev_state=S ==> next_comm=swapper/0 next_pid=0 next_prio=120
          <idle>-0     [000] ...2   922.755472: sched_switch: prev_comm=swapper/0 prev_pid=0 prev_prio=120 prev_state=R ==> next_comm=mmcqd/1 next_pid=116 next_prio=120
         mmcqd/1-116   [000] ...1   922.755482: block_rq_complete: 179,0 RA () 4019792 + 8 [0]
         mmcqd/1-116   [000] ...2   922.755500: sched_switch: prev_comm=mmcqd/1 prev_pid=116 prev_prio=120 prev_state=R+ ==> next_comm=kworker/0:1H next_pid=17 next_prio=100
    kworker/0:1H-17    [000] ...2   922.755507: sched_switch: prev_comm=kworker/0:1H prev_pid=17 prev_prio=100 prev_state=S ==> next_comm=mmcqd/1 next_pid=116 next_prio=120
         mmcqd/1-116   [000] ...2   922.755517: sched_switch: prev_comm=mmcqd/1 prev_pid=116 prev_prio=120 prev_state=S ==> next_comm=main next_pid=5579 next_prio=120
           <...>-5579  [000] d..2   922.756820: block_rq_insert: 179,0 R 0 () 4010144 + 96 [main]
           <...>-5579  [000] d..2   922.756823: block_rq_insert: 179,0 R 0 () 4010264 + 48 [main]
           <...>-5579  [000] d..2   922.756825: block_rq_insert: 179,0 R 0 () 4010336 + 24 [main]
           <...>-5579  [000] ...2   922.756835: sched_switch: prev_comm=main prev_pid=5579 prev_prio=120 prev_state=R+ ==> next_comm=mmcqd/1 next_pid=116 next_prio=120
         mmcqd/1-116   [000] ...2   922.756899: sched_switch: prev_comm=mmcqd/1 prev_pid=116 prev_prio=120 prev_state=S ==> next_comm=main next_pid=5579 next_prio=120
           <...>-5579  [000] ...2   922.756905: sched_switch: prev_comm=main prev_pid=5579 prev_prio=120 prev_state=D|W ==> next_comm=swapper/0 next_pid=0 next_prio=120
          <idle>-0     [000] ...2   922.757194: sched_switch: prev_comm=swapper/0 prev_pid=0 prev_prio=120 prev_state=R ==> next_comm=mmcqd/1 next_pid=116 next_prio=120
         mmcqd/1-116   [000] ...1   922.757223: block_rq_complete: 179,0 RA () 4010336 + 24 [0]
         mmcqd/1-116   [000] ...2   922.757266: sched_switch: prev_comm=mmcqd/1 prev_pid=116 prev_prio=120 prev_state=S ==> next_comm=swapper/0 next_pid=0 next_prio=120
          <idle>-0     [000] ...2   922.757691: sched_switch: prev_comm=swapper/0 prev_pid=0 prev_prio=120 prev_state=R ==> next_comm=mmcqd/1 next_pid=116 next_prio=120
         mmcqd/1-116   [000] ...1   922.757725: block_rq_complete: 179,0 RA () 4010264 + 48 [0]
         mmcqd/1-116   [000] ...2   922.757742: sched_switch: prev_comm=mmcqd/1 prev_pid=116 prev_prio=120 prev_state=S ==> next_comm=main next_pid=5579 next_prio=120
           <...>-5579  [000] d..2   922.757760: block_rq_insert: 179,0 R 0 () 3997296 + 8 [main]
           <...>-5579  [000] ...2   922.757770: sched_switch: prev_comm=main prev_pid=5579 prev_prio=120 prev_state=R+ ==> next_comm=mmcqd/1 next_pid=116 next_prio=120
         mmcqd/1-116   [000] ...2   922.757785: sched_switch: prev_comm=mmcqd/1 prev_pid=116 prev_prio=120 prev_state=S ==> next_comm=main next_pid=5579 next_prio=120
           <...>-5579  [000] ...2   922.757791: sched_switch: prev_comm=main prev_pid=5579 prev_prio=120 prev_state=D|W ==> next_comm=swapper/0 next_pid=0 next_prio=120
          <idle>-0     [000] ...2   922.758363: sched_switch: prev_comm=swapper/0 prev_pid=0 prev_prio=120 prev_state=R ==> next_comm=mmcqd/1 next_pid=116 next_prio=120
         mmcqd/1-116   [000] ...1   922.758407: block_rq_complete: 179,0 RA () 4010144 + 96 [0]
         mmcqd/1-116   [000] ...2   922.758422: sched_switch: prev_comm=mmcqd/1 prev_pid=116 prev_prio=120 prev_state=S ==> next_comm=swapper/0 next_pid=0 next_prio=120
          <idle>-0     [000] ...2   922.758632: sched_switch: prev_comm=swapper/0 prev_pid=0 prev_prio=120 prev_state=R ==> next_comm=mmcqd/1 next_pid=116 next_prio=120
         mmcqd/1-116   [000] ...1   922.758642: block_rq_complete: 179,0 RA () 3997296 + 8 [0]
         mmcqd/1-116   [000] ...2   922.758658: sched_switch: prev_comm=mmcqd/1 prev_pid=116 prev_prio=120 prev_state=R+ ==> next_comm=kworker/0:1H next_pid=17 next_prio=100
    kworker/0:1H-17    [000] ...2   922.758665: sched_switch: prev_comm=kworker/0:1H prev_pid=17 prev_prio=100 prev_state=S ==> next_comm=mmcqd/1 next_pid=116 next_prio=120
         mmcqd/1-116   [000] ...2   922.758676: sched_switch: prev_comm=mmcqd/1 prev_pid=116 prev_prio=120 prev_state=S ==> next_comm=main next_pid=5579 next_prio=120
           <...>-5579  [000] d..2   922.758706: block_rq_insert: 179,0 R 0 () 4010088 + 8 [main]
           <...>-5579  [000] d..2   922.758708: block_rq_insert: 179,0 R 0 () 4010136 + 8 [main]
           <...>-5579  [000] ...2   922.758717: sched_switch: prev_comm=main prev_pid=5579 prev_prio=120 prev_state=R+ ==> next_comm=mmcqd/1 next_pid=116 next_prio=120
         mmcqd/1-116   [000] ...2   922.758759: sched_switch: prev_comm=mmcqd/1 prev_pid=116 prev_prio=120 prev_state=S ==> next_comm=main next_pid=5579 next_prio=120
           <...>-5579  [000] ...2   922.758764: sched_switch: prev_comm=main prev_pid=5579 prev_prio=120 prev_state=D|W ==> next_comm=swapper/0 next_pid=0 next_prio=120
          <idle>-0     [000] ...2   922.758909: sched_switch: prev_comm=swapper/0 prev_pid=0 prev_prio=120 prev_state=R ==> next_comm=kworker/0:0 next_pid=4 next_prio=120
     kworker/0:0-4     [000] ...2   922.758956: sched_switch: prev_comm=kworker/0:0 prev_pid=4 prev_prio=120 prev_state=S ==> next_comm=swapper/0 next_pid=0 next_prio=120
          <idle>-0     [000] ...2   922.758999: sched_switch: prev_comm=swapper/0 prev_pid=0 prev_prio=120 prev_state=R ==> next_comm=mmcqd/1 next_pid=116 next_prio=120
         mmcqd/1-116   [000] ...1   922.759026: block_rq_complete: 179,0 RA () 4010088 + 8 [0]
         mmcqd/1-116   [000] ...2   922.759037: sched_switch: prev_comm=mmcqd/1 prev_pid=116 prev_prio=120 prev_state=S ==> next_comm=swapper/0 next_pid=0 next_prio=120
          <idle>-0     [000] ...2   922.759266: sched_switch: prev_comm=swapper/0 prev_pid=0 prev_prio=120 prev_state=R ==> next_comm=mmcqd/1 next_pid=116 next_prio=120
         mmcqd/1-116   [000] ...1   922.759276: block_rq_complete: 179,0 RA () 4010136 + 8 [0]
         mmcqd/1-116   [000] ...2   922.759292: sched_switch: prev_comm=mmcqd/1 prev_pid=116 prev_prio=120 prev_state=R+ ==> next_comm=kworker/0:1H next_pid=17 next_prio=100
    kworker/0:1H-17    [000] ...2   922.759299: sched_switch: prev_comm=kworker/0:1H prev_pid=17 prev_prio=100 prev_state=S ==> next_comm=mmcqd/1 next_pid=116 next_prio=120
         mmcqd/1-116   [000] ...2   922.759307: sched_switch: prev_comm=mmcqd/1 prev_pid=116 prev_prio=120 prev_state=S ==> next_comm=main next_pid=5579 next_prio=120
           <...>-5579  [000] d..2   922.759382: block_rq_insert: 179,0 R 0 () 4020328 + 8 [main]
           <...>-5579  [000] d..2   922.759385: block_rq_insert: 179,0 R 0 () 4020392 + 72 [main]
           <...>-5579  [000] d..2   922.759386: block_rq_insert: 179,0 R 0 () 4020472 + 40 [main]
           <...>-5579  [000] d..2   922.759388: block_rq_insert: 179,0 R 0 () 4020544 + 8 [main]
           <...>-5579  [000] d..2   922.759389: block_rq_insert: 179,0 R 0 () 4020560 + 24 [main]
           <...>-5579  [000] ...2   922.759398: sched_switch: prev_comm=main prev_pid=5579 prev_prio=120 prev_state=R+ ==> next_comm=mmcqd/1 next_pid=116 next_prio=120
         mmcqd/1-116   [000] ...2   922.759459: sched_switch: prev_comm=mmcqd/1 prev_pid=116 prev_prio=120 prev_state=S ==> next_comm=main next_pid=5579 next_prio=120
           <...>-5579  [000] ...2   922.759464: sched_switch: prev_comm=main prev_pid=5579 prev_prio=120 prev_state=D|W ==> next_comm=swapper/0 next_pid=0 next_prio=120
          <idle>-0     [000] ...2   922.759684: sched_switch: prev_comm=swapper/0 prev_pid=0 prev_prio=120 prev_state=R ==> next_comm=mmcqd/1 next_pid=116 next_prio=120
         mmcqd/1-116   [000] ...1   922.759710: block_rq_complete: 179,0 RA () 4020328 + 8 [0]
         mmcqd/1-116   [000] ...2   922.759737: sched_switch: prev_comm=mmcqd/1 prev_pid=116 prev_prio=120 prev_state=S ==> next_comm=swapper/0 next_pid=0 next_prio=120
          <idle>-0     [000] ...2   922.760269: sched_switch: prev_comm=swapper/0 prev_pid=0 prev_prio=120 prev_state=R ==> next_comm=mmcqd/1 next_pid=116 next_prio=120
         mmcqd/1-116   [000] ...1   922.760309: block_rq_complete: 179,0 RA () 4020392 + 72 [0]
         mmcqd/1-116   [000] ...2   922.760334: sched_switch: prev_comm=mmcqd/1 prev_pid=116 prev_prio=120 prev_state=S ==> next_comm=main next_pid=5579 next_prio=120
           <...>-5579  [000] ...2   922.760816: sched_switch: prev_comm=main prev_pid=5579 prev_prio=120 prev_state=R ==> next_comm=mmcqd/1 next_pid=116 next_prio=120
         mmcqd/1-116   [000] ...1   922.760851: block_rq_complete: 179,0 RA () 4020472 + 40 [0]
         mmcqd/1-116   [000] ...2   922.760876: sched_switch: prev_comm=mmcqd/1 prev_pid=116 prev_prio=120 prev_state=S ==> next_comm=main next_pid=5579 next_prio=120
           <...>-5579  [000] ...2   922.761090: sched_switch: prev_comm=main prev_pid=5579 prev_prio=120 prev_state=R+ ==> next_comm=mmcqd/1 next_pid=116 next_prio=120
         mmcqd/1-116   [000] ...1   922.761117: block_rq_complete: 179,0 RA () 4020544 + 8 [0]
         mmcqd/1-116   [000] ...2   922.761129: sched_switch: prev_comm=mmcqd/1 prev_pid=116 prev_prio=120 prev_state=S ==> next_comm=main next_pid=5579 next_prio=120
           <...>-5579  [000] ...2   922.761487: sched_switch: prev_comm=main prev_pid=5579 prev_prio=120 prev_state=R ==> next_comm=mmcqd/1 next_pid=116 next_prio=120
         mmcqd/1-116   [000] ...1   922.761502: block_rq_complete: 179,0 RA () 4020560 + 24 [0]
         mmcqd/1-116   [000] ...2   922.761516: sched_switch: prev_comm=mmcqd/1 prev_pid=116 prev_prio=120 prev_state=R+ ==> next_comm=kworker/0:1H next_pid=17 next_prio=100
    kworker/0:1H-17    [000] ...2   922.761523: sched_switch: prev_comm=kworker/0:1H prev_pid=17 prev_prio=100 prev_state=S ==> next_comm=mmcqd/1 next_pid=116 next_prio=120
         mmcqd/1-116   [000] ...2   922.761533: sched_switch: prev_comm=mmcqd/1 prev_pid=116 prev_prio=120 prev_state=S ==> next_comm=main next_pid=5579 next_prio=120
           <...>-5579  [000] d..2   922.770732: block_rq_insert: 179,0 R 0 () 3994176 + 120 [main]
           <...>-5579  [000] ...2   922.770752: sched_switch: prev_comm=main prev_pid=5579 prev_prio=120 prev_state=R+ ==> next_comm=mmcqd/1 next_pid=116 next_prio=120
         mmcqd/1-116   [000] ...2   922.770836: sched_switch: prev_comm=mmcqd/1 prev_pid=116 prev_prio=120 prev_state=S ==> next_comm=main next_pid=5579 next_prio=120
           <...>-5579  [000] d..2   922.770930: block_rq_insert: 179,0 R 0 () 3991632 + 56 [main]
           <...>-5579  [000] ...2   922.770942: sched_switch: prev_comm=main prev_pid=5579 prev_prio=120 prev_state=R+ ==> next_comm=mmcqd/1 next_pid=116 next_prio=120
         mmcqd/1-116   [000] ...2   922.770971: sched_switch: prev_comm=mmcqd/1 prev_pid=116 prev_prio=120 prev_state=S ==> next_comm=main next_pid=5579 next_prio=120
           <...>-5579  [000] ...2   922.770978: sched_switch: prev_comm=main prev_pid=5579 prev_prio=120 prev_state=D|W ==> next_comm=swapper/0 next_pid=0 next_prio=120
          <idle>-0     [000] ...2   922.770999: sched_switch: prev_comm=swapper/0 prev_pid=0 prev_prio=120 prev_state=R ==> next_comm=ksoftirqd/0 next_pid=3 next_prio=120
     ksoftirqd/0-3     [000] ...2   922.771007: sched_switch: prev_comm=ksoftirqd/0 prev_pid=3 prev_prio=120 prev_state=S ==> next_comm=swapper/0 next_pid=0 next_prio=120
          <idle>-0     [000] ...2   922.771024: sched_switch: prev_comm=swapper/0 prev_pid=0 prev_prio=120 prev_state=R ==> next_comm=ksoftirqd/0 next_pid=3 next_prio=120
     ksoftirqd/0-3     [000] ...2   922.771031: sched_switch: prev_comm=ksoftirqd/0 prev_pid=3 prev_prio=120 prev_state=S ==> next_comm=swapper/0 next_pid=0 next_prio=120
          <idle>-0     [000] ...2   922.771046: sched_switch: prev_comm=swapper/0 prev_pid=0 prev_prio=120 prev_state=R ==> next_comm=ksoftirqd/0 next_pid=3 next_prio=120
     ksoftirqd/0-3     [000] ...2   922.771053: sched_switch: prev_comm=ksoftirqd/0 prev_pid=3 prev_prio=120 prev_state=S ==> next_comm=swapper/0 next_pid=0 next_prio=120
          <idle>-0     [000] ...2   922.771628: sched_switch: prev_comm=swapper/0 prev_pid=0 prev_prio=120 prev_state=R ==> next_comm=mmcqd/1 next_pid=116 next_prio=120
         mmcqd/1-116   [000] ...1   922.771681: block_rq_complete: 179,0 RA () 3994176 + 120 [0]
         mmcqd/1-116   [000] ...2   922.771700: sched_switch: prev_comm=mmcqd/1 prev_pid=116 prev_prio=120 prev_state=S ==> next_comm=swapper/0 next_pid=0 next_prio=120
          <idle>-0     [000] ...2   922.772164: sched_switch: prev_comm=swapper/0 prev_pid=0 prev_prio=120 prev_state=R ==> next_comm=mmcqd/1 next_pid=116 next_prio=120
         mmcqd/1-116   [000] ...1   922.772186: block_rq_complete: 179,0 RA () 3991632 + 56 [0]
         mmcqd/1-116   [000] ...2   922.772205: sched_switch: prev_comm=mmcqd/1 prev_pid=116 prev_prio=120 prev_state=R+ ==> next_comm=kworker/0:1H next_pid=17 next_prio=100
    kworker/0:1H-17    [000] ...2   922.772214: sched_switch: prev_comm=kworker/0:1H prev_pid=17 prev_prio=100 prev_state=S ==> next_comm=mmcqd/1 next_pid=116 next_prio=120
         mmcqd/1-116   [000] ...2   922.772224: sched_switch: prev_comm=mmcqd/1 prev_pid=116 prev_prio=120 prev_state=S ==> next_comm=main next_pid=5579 next_prio=120
           <...>-5579  [000] d..2   922.772272: block_rq_insert: 179,0 R 0 () 4077504 + 24 [main]
           <...>-5579  [000] ...2   922.772284: sched_switch: prev_comm=main prev_pid=5579 prev_prio=120 prev_state=R+ ==> next_comm=mmcqd/1 next_pid=116 next_prio=120
         mmcqd/1-116   [000] ...2   922.772326: sched_switch: prev_comm=mmcqd/1 prev_pid=116 prev_prio=120 prev_state=S ==> next_comm=main next_pid=5579 next_prio=120
           <...>-5579  [000] ...2   922.772332: sched_switch: prev_comm=main prev_pid=5579 prev_prio=120 prev_state=D|W ==> next_comm=swapper/0 next_pid=0 next_prio=120
          <idle>-0     [000] ...2   922.772622: sched_switch: prev_comm=swapper/0 prev_pid=0 prev_prio=120 prev_state=R ==> next_comm=mmcqd/1 next_pid=116 next_prio=120
         mmcqd/1-116   [000] ...1   922.772636: block_rq_complete: 179,0 RA () 4077504 + 24 [0]
         mmcqd/1-116   [000] ...2   922.772652: sched_switch: prev_comm=mmcqd/1 prev_pid=116 prev_prio=120 prev_state=R+ ==> next_comm=kworker/0:1H next_pid=17 next_prio=100
    kworker/0:1H-17    [000] ...2   922.772659: sched_switch: prev_comm=kworker/0:1H prev_pid=17 prev_prio=100 prev_state=S ==> next_comm=mmcqd/1 next_pid=116 next_prio=120
         mmcqd/1-116   [000] ...2   922.772669: sched_switch: prev_comm=mmcqd/1 prev_pid=116 prev_prio=120 prev_state=S ==> next_comm=main next_pid=5579 next_prio=120
           <...>-5579  [000] d..2   922.773286: block_rq_insert: 179,0 R 0 () 4026240 + 32 [main]
           <...>-5579  [000] d..2   922.773289: block_rq_insert: 179,0 R 0 () 4026288 + 16 [main]
           <...>-5579  [000] d..2   922.773291: block_rq_insert: 179,0 R 0 () 4026360 + 16 [main]
           <...>-5579  [000] ...2   922.773301: sched_switch: prev_comm=main prev_pid=5579 prev_prio=120 prev_state=R+ ==> next_comm=mmcqd/1 next_pid=116 next_prio=120
         mmcqd/1-116   [000] ...2   922.773358: sched_switch: prev_comm=mmcqd/1 prev_pid=116 prev_prio=120 prev_state=S ==> next_comm=main next_pid=5579 next_prio=120
           <...>-5579  [000] ...2   922.773364: sched_switch: prev_comm=main prev_pid=5579 prev_prio=120 prev_state=D|W ==> next_comm=swapper/0 next_pid=0 next_prio=120
          <idle>-0     [000] ...2   922.773678: sched_switch: prev_comm=swapper/0 prev_pid=0 prev_prio=120 prev_state=R ==> next_comm=mmcqd/1 next_pid=116 next_prio=120
         mmcqd/1-116   [000] ...1   922.773710: block_rq_complete: 179,0 RA () 4026240 + 32 [0]
         mmcqd/1-116   [000] ...2   922.773732: sched_switch: prev_comm=mmcqd/1 prev_pid=116 prev_prio=120 prev_state=S ==> next_comm=swapper/0 next_pid=0 next_prio=120
          <idle>-0     [000] ...2   922.773961: sched_switch: prev_comm=swapper/0 prev_pid=0 prev_prio=120 prev_state=R ==> next_comm=mmcqd/1 next_pid=116 next_prio=120
         mmcqd/1-116   [000] ...1   922.773988: block_rq_complete: 179,0 RA () 4026288 + 16 [0]
         mmcqd/1-116   [000] ...2   922.773999: sched_switch: prev_comm=mmcqd/1 prev_pid=116 prev_prio=120 prev_state=S ==> next_comm=swapper/0 next_pid=0 next_prio=120
          <idle>-0     [000] ...2   922.774425: sched_switch: prev_comm=swapper/0 prev_pid=0 prev_prio=120 prev_state=R ==> next_comm=mmcqd/1 next_pid=116 next_prio=120
         mmcqd/1-116   [000] ...1   922.774437: block_rq_complete: 179,0 RA () 4026360 + 16 [0]
         mmcqd/1-116   [000] ...2   922.774453: sched_switch: prev_comm=mmcqd/1 prev_pid=116 prev_prio=120 prev_state=R+ ==> next_comm=kworker/0:1H next_pid=17 next_prio=100
    kworker/0:1H-17    [000] ...2   922.774462: sched_switch: prev_comm=kworker/0:1H prev_pid=17 prev_prio=100 prev_state=S ==> next_comm=mmcqd/1 next_pid=116 next_prio=120
         mmcqd/1-116   [000] ...2   922.774471: sched_switch: prev_comm=mmcqd/1 prev_pid=116 prev_prio=120 prev_state=S ==> next_comm=main next_pid=5579 next_prio=120
           <...>-5579  [000] d..2   922.775555: block_rq_insert: 179,0 R 0 () 4028944 + 256 [main]
           <...>-5579  [000] ...2   922.775566: sched_switch: prev_comm=main prev_pid=5579 prev_prio=120 prev_state=R+ ==> next_comm=mmcqd/1 next_pid=116 next_prio=120
         mmcqd/1-116   [000] ...2   922.775674: sched_switch: prev_comm=mmcqd/1 prev_pid=116 prev_prio=120 prev_state=S ==> next_comm=main next_pid=5579 next_prio=120
           <...>-5579  [000] d..2   922.776031: block_rq_insert: 179,0 R 0 () 4026808 + 8 [main]
           <...>-5579  [000] ...2   922.776042: sched_switch: prev_comm=main prev_pid=5579 prev_prio=120 prev_state=R+ ==> next_comm=mmcqd/1 next_pid=116 next_prio=120
         mmcqd/1-116   [000] ...2   922.776059: sched_switch: prev_comm=mmcqd/1 prev_pid=116 prev_prio=120 prev_state=S ==> next_comm=main next_pid=5579 next_prio=120
           <...>-5579  [000] ...2   922.776065: sched_switch: prev_comm=main prev_pid=5579 prev_prio=120 prev_state=D|W ==> next_comm=swapper/0 next_pid=0 next_prio=120
          <idle>-0     [000] ...2   922.777152: sched_switch: prev_comm=swapper/0 prev_pid=0 prev_prio=120 prev_state=R ==> next_comm=mmcqd/1 next_pid=116 next_prio=120
         mmcqd/1-116   [000] ...1   922.777234: block_rq_complete: 179,0 RA () 4028944 + 256 [0]
         mmcqd/1-116   [000] ...2   922.777259: sched_switch: prev_comm=mmcqd/1 prev_pid=116 prev_prio=120 prev_state=S ==> next_comm=swapper/0 next_pid=0 next_prio=120
          <idle>-0     [000] ...2   922.777403: sched_switch: prev_comm=swapper/0 prev_pid=0 prev_prio=120 prev_state=R ==> next_comm=mmcqd/1 next_pid=116 next_prio=120
         mmcqd/1-116   [000] ...1   922.777413: block_rq_complete: 179,0 RA () 4026808 + 8 [0]
         mmcqd/1-116   [000] ...2   922.777430: sched_switch: prev_comm=mmcqd/1 prev_pid=116 prev_prio=120 prev_state=R+ ==> next_comm=kworker/0:1H next_pid=17 next_prio=100
    kworker/0:1H-17    [000] ...2   922.777438: sched_switch: prev_comm=kworker/0:1H prev_pid=17 prev_prio=100 prev_state=S ==> next_comm=mmcqd/1 next_pid=116 next_prio=120
         mmcqd/1-116   [000] ...2   922.777448: sched_switch: prev_comm=mmcqd/1 prev_pid=116 prev_prio=120 prev_state=S ==> next_comm=main next_pid=5579 next_prio=120
           <...>-5579  [000] d..2   922.779166: block_rq_insert: 179,0 R 0 () 4009736 + 8 [main]
           <...>-5579  [000] d..2   922.779169: block_rq_insert: 179,0 R 0 () 4009824 + 8 [main]
           <...>-5579  [000] ...2   922.779181: sched_switch: prev_comm=main prev_pid=5579 prev_prio=120 prev_state=R+ ==> next_comm=mmcqd/1 next_pid=116 next_prio=120
         mmcqd/1-116   [000] ...2   922.779232: sched_switch: prev_comm=mmcqd/1 prev_pid=116 prev_prio=120 prev_state=S ==> next_comm=main next_pid=5579 next_prio=120
           <...>-5579  [000] ...2   922.779240: sched_switch: prev_comm=main prev_pid=5579 prev_prio=120 prev_state=D|W ==> next_comm=swapper/0 next_pid=0 next_prio=120
          <idle>-0     [000] ...2   922.779473: sched_switch: prev_comm=swapper/0 prev_pid=0 prev_prio=120 prev_state=R ==> next_comm=mmcqd/1 next_pid=116 next_prio=120
         mmcqd/1-116   [000] ...1   922.779499: block_rq_complete: 179,0 RA () 4009824 + 8 [0]
         mmcqd/1-116   [000] ...2   922.779513: sched_switch: prev_comm=mmcqd/1 prev_pid=116 prev_prio=120 prev_state=S ==> next_comm=swapper/0 next_pid=0 next_prio=120
          <idle>-0     [000] ...2   922.779739: sched_switch: prev_comm=swapper/0 prev_pid=0 prev_prio=120 prev_state=R ==> next_comm=mmcqd/1 next_pid=116 next_prio=120
         mmcqd/1-116   [000] ...1   922.779749: block_rq_complete: 179,0 RA () 4009736 + 8 [0]
         mmcqd/1-116   [000] ...2   922.779766: sched_switch: prev_comm=mmcqd/1 prev_pid=116 prev_prio=120 prev_state=R+ ==> next_comm=kworker/0:1H next_pid=17 next_prio=100
    kworker/0:1H-17    [000] ...2   922.779774: sched_switch: prev_comm=kworker/0:1H prev_pid=17 prev_prio=100 prev_state=S ==> next_comm=mmcqd/1 next_pid=116 next_prio=120
