     ksoftirqd/1-5637  [001] ...2   935.138029: sched_switch: prev_comm=ksoftirqd/1 prev_pid=5637 prev_prio=120 prev_state=S ==> next_comm=swapper/1 next_pid=0 next_prio=120
          <idle>-0     [001] ...2   935.138044: sched_switch: prev_comm=swapper/1 prev_pid=0 prev_prio=120 prev_state=R ==> next_comm=ksoftirqd/1 next_pid=5637 next_prio=120
     ksoftirqd/1-5637  [001] ...2   935.138052: sched_switch: prev_comm=ksoftirqd/1 prev_pid=5637 prev_prio=120 prev_state=S ==> next_comm=swapper/1 next_pid=0 next_prio=120
          <idle>-0     [001] ...2   935.138064: sched_switch: prev_comm=swapper/1 prev_pid=0 prev_prio=120 prev_state=R ==> next_comm=ksoftirqd/1 next_pid=5637 next_prio=120
     ksoftirqd/1-5637  [001] ...2   935.138070: sched_switch: prev_comm=ksoftirqd/1 prev_pid=5637 prev_prio=120 prev_state=S ==> next_comm=swapper/1 next_pid=0 next_prio=120
         mmcqd/1-116   [000] ...2   935.138083: sched_switch: prev_comm=mmcqd/1 prev_pid=116 prev_prio=120 prev_state=S ==> next_comm=swapper/0 next_pid=0 next_prio=120
          <idle>-0     [000] ...2   935.138563: sched_switch: prev_comm=swapper/0 prev_pid=0 prev_prio=120 prev_state=R ==> next_comm=mmcqd/1 next_pid=116 next_prio=120
         mmcqd/1-116   [000] ...1   935.138589: block_rq_complete: 179,0 RA () 802944 + 32 [0]
          <idle>-0     [001] ...2   935.138608: sched_switch: prev_comm=swapper/1 prev_pid=0 prev_prio=120 prev_state=R ==> next_comm=main next_pid=5641 next_prio=120
         mmcqd/1-116   [000] ...2   935.138621: sched_switch: prev_comm=mmcqd/1 prev_pid=116 prev_prio=120 prev_state=R+ ==> next_comm=kworker/0:1H next_pid=17 next_prio=100
    kworker/0:1H-17    [000] ...2   935.138634: sched_switch: prev_comm=kworker/0:1H prev_pid=17 prev_prio=100 prev_state=S ==> next_comm=mmcqd/1 next_pid=116 next_prio=120
            main-5641  [001] d..2   935.138642: block_rq_insert: 179,0 R 0 () 802976 + 16 [main]
            main-5641  [001] ...2   935.138674: sched_switch: prev_comm=main prev_pid=5641 prev_prio=120 prev_state=D|W ==> next_comm=swapper/1 next_pid=0 next_prio=120
         mmcqd/1-116   [000] ...2   935.138704: sched_switch: prev_comm=mmcqd/1 prev_pid=116 prev_prio=120 prev_state=S ==> next_comm=swapper/0 next_pid=0 next_prio=120
          <idle>-0     [001] ...2   935.138909: sched_switch: prev_comm=swapper/1 prev_pid=0 prev_prio=120 prev_state=R ==> next_comm=ksoftirqd/1 next_pid=5637 next_prio=120
     ksoftirqd/1-5637  [001] ...2   935.138919: sched_switch: prev_comm=ksoftirqd/1 prev_pid=5637 prev_prio=120 prev_state=S ==> next_comm=swapper/1 next_pid=0 next_prio=120
          <idle>-0     [000] ...2   935.138984: sched_switch: prev_comm=swapper/0 prev_pid=0 prev_prio=120 prev_state=R ==> next_comm=mmcqd/1 next_pid=116 next_prio=120
         mmcqd/1-116   [000] ...1   935.139003: block_rq_complete: 179,0 RA () 802976 + 16 [0]
          <idle>-0     [001] ...2   935.139021: sched_switch: prev_comm=swapper/1 prev_pid=0 prev_prio=120 prev_state=R ==> next_comm=main next_pid=5641 next_prio=120
         mmcqd/1-116   [000] ...2   935.139031: sched_switch: prev_comm=mmcqd/1 prev_pid=116 prev_prio=120 prev_state=R+ ==> next_comm=kworker/0:1H next_pid=17 next_prio=100
    kworker/0:1H-17    [000] ...2   935.139043: sched_switch: prev_comm=kworker/0:1H prev_pid=17 prev_prio=100 prev_state=S ==> next_comm=mmcqd/1 next_pid=116 next_prio=120
         mmcqd/1-116   [000] ...2   935.139060: sched_switch: prev_comm=mmcqd/1 prev_pid=116 prev_prio=120 prev_state=S ==> next_comm=swapper/0 next_pid=0 next_prio=120
            main-5641  [001] d..2   935.139312: block_rq_insert: 179,0 R 0 () 3984384 + 256 [main]
            main-5641  [001] ...2   935.139326: sched_switch: prev_comm=main prev_pid=5641 prev_prio=120 prev_state=D|W ==> next_comm=swapper/1 next_pid=0 next_prio=120
          <idle>-0     [000] ...2   935.139333: sched_switch: prev_comm=swapper/0 prev_pid=0 prev_prio=120 prev_state=R ==> next_comm=mmcqd/1 next_pid=116 next_prio=120
          <idle>-0     [001] ...2   935.139339: sched_switch: prev_comm=swapper/1 prev_pid=0 prev_prio=120 prev_state=R ==> next_comm=ksoftirqd/1 next_pid=5637 next_prio=120
     ksoftirqd/1-5637  [001] ...2   935.139346: sched_switch: prev_comm=ksoftirqd/1 prev_pid=5637 prev_prio=120 prev_state=S ==> next_comm=swapper/1 next_pid=0 next_prio=120
          <idle>-0     [001] ...2   935.139358: sched_switch: prev_comm=swapper/1 prev_pid=0 prev_prio=120 prev_state=R ==> next_comm=ksoftirqd/1 next_pid=5637 next_prio=120
     ksoftirqd/1-5637  [001] ...2   935.139365: sched_switch: prev_comm=ksoftirqd/1 prev_pid=5637 prev_prio=120 prev_state=S ==> next_comm=swapper/1 next_pid=0 next_prio=120
          <idle>-0     [001] ...2   935.139378: sched_switch: prev_comm=swapper/1 prev_pid=0 prev_prio=120 prev_state=R ==> next_comm=ksoftirqd/1 next_pid=5637 next_prio=120
     ksoftirqd/1-5637  [001] ...2   935.139384: sched_switch: prev_comm=ksoftirqd/1 prev_pid=5637 prev_prio=120 prev_state=S ==> next_comm=swapper/1 next_pid=0 next_prio=120
         mmcqd/1-116   [000] ...2   935.139499: sched_switch: prev_comm=mmcqd/1 prev_pid=116 prev_prio=120 prev_state=S ==> next_comm=swapper/0 next_pid=0 next_prio=120
          <idle>-0     [000] ...2   935.140920: sched_switch: prev_comm=swapper/0 prev_pid=0 prev_prio=120 prev_state=R ==> next_comm=mmcqd/1 next_pid=116 next_prio=120
         mmcqd/1-116   [000] ...1   935.141022: block_rq_complete: 179,0 RA () 3984384 + 256 [0]
          <idle>-0     [001] ...2   935.141051: sched_switch: prev_comm=swapper/1 prev_pid=0 prev_prio=120 prev_state=R ==> next_comm=main next_pid=5641 next_prio=120
         mmcqd/1-116   [000] ...2   935.141063: sched_switch: prev_comm=mmcqd/1 prev_pid=116 prev_prio=120 prev_state=R+ ==> next_comm=kworker/0:1H next_pid=17 next_prio=100
    kworker/0:1H-17    [000] ...2   935.141074: sched_switch: prev_comm=kworker/0:1H prev_pid=17 prev_prio=100 prev_state=S ==> next_comm=mmcqd/1 next_pid=116 next_prio=120
         mmcqd/1-116   [000] ...2   935.141091: sched_switch: prev_comm=mmcqd/1 prev_pid=116 prev_prio=120 prev_state=S ==> next_comm=swapper/0 next_pid=0 next_prio=120
            main-5641  [001] d..2   935.141267: block_rq_insert: 179,0 R 0 () 3984640 + 16 [main]
            main-5641  [001] ...2   935.141281: sched_switch: prev_comm=main prev_pid=5641 prev_prio=120 prev_state=D|W ==> next_comm=swapper/1 next_pid=0 next_prio=120
          <idle>-0     [000] ...2   935.141286: sched_switch: prev_comm=swapper/0 prev_pid=0 prev_prio=120 prev_state=R ==> next_comm=mmcqd/1 next_pid=116 next_prio=120
         mmcqd/1-116   [000] ...2   935.141349: sched_switch: prev_comm=mmcqd/1 prev_pid=116 prev_prio=120 prev_state=S ==> next_comm=swapper/0 next_pid=0 next_prio=120
          <idle>-0     [000] ...2   935.141598: sched_switch: prev_comm=swapper/0 prev_pid=0 prev_prio=120 prev_state=R ==> next_comm=mmcqd/1 next_pid=116 next_prio=120
         mmcqd/1-116   [000] ...1   935.141617: block_rq_complete: 179,0 RA () 3984640 + 16 [0]
          <idle>-0     [001] ...2   935.141632: sched_switch: prev_comm=swapper/1 prev_pid=0 prev_prio=120 prev_state=R ==> next_comm=main next_pid=5641 next_prio=120
         mmcqd/1-116   [000] ...2   935.141645: sched_switch: prev_comm=mmcqd/1 prev_pid=116 prev_prio=120 prev_state=R+ ==> next_comm=kworker/0:1H next_pid=17 next_prio=100
    kworker/0:1H-17    [000] ...2   935.141656: sched_switch: prev_comm=kworker/0:1H prev_pid=17 prev_prio=100 prev_state=S ==> next_comm=mmcqd/1 next_pid=116 next_prio=120
         mmcqd/1-116   [000] ...2   935.141673: sched_switch: prev_comm=mmcqd/1 prev_pid=116 prev_prio=120 prev_state=S ==> next_comm=swapper/0 next_pid=0 next_prio=120
          <idle>-0     [000] ...2   935.142253: sched_switch: prev_comm=swapper/0 prev_pid=0 prev_prio=120 prev_state=R ==> next_comm=main next_pid=5642 next_prio=120
            main-5641  [001] ...2   935.142267: sched_switch: prev_comm=main prev_pid=5641 prev_prio=120 prev_state=D ==> next_comm=swapper/1 next_pid=0 next_prio=120
          <idle>-0     [001] ...2   935.142309: sched_switch: prev_comm=swapper/1 prev_pid=0 prev_prio=120 prev_state=R ==> next_comm=main next_pid=5641 next_prio=120
 Heap thread poo-5642  [000] ...2   935.142328: sched_switch: prev_comm=main prev_pid=5642 prev_prio=120 prev_state=D ==> next_comm=swapper/0 next_pid=0 next_prio=120
          <idle>-0     [000] ...2   935.142347: sched_switch: prev_comm=swapper/0 prev_pid=0 prev_prio=120 prev_state=R ==> next_comm=main next_pid=5642 next_prio=120
            main-5641  [001] ...2   935.142465: sched_switch: prev_comm=main prev_pid=5641 prev_prio=120 prev_state=S ==> next_comm=main next_pid=5644 next_prio=120
 Heap thread poo-5644  [001] ...2   935.142678: sched_switch: prev_comm=main prev_pid=5644 prev_prio=120 prev_state=S ==> next_comm=main next_pid=5643 next_prio=120
 Heap thread poo-5642  [000] ...2   935.142695: sched_switch: prev_comm=main prev_pid=5642 prev_prio=120 prev_state=D ==> next_comm=swapper/0 next_pid=0 next_prio=120
 Heap thread poo-5643  [001] ...2   935.142716: sched_switch: prev_comm=main prev_pid=5643 prev_prio=120 prev_state=S ==> next_comm=swapper/1 next_pid=0 next_prio=120
          <idle>-0     [000] ...2   935.142726: sched_switch: prev_comm=swapper/0 prev_pid=0 prev_prio=120 prev_state=R ==> next_comm=ksoftirqd/0 next_pid=3 next_prio=120
     ksoftirqd/0-3     [000] ...2   935.142738: sched_switch: prev_comm=ksoftirqd/0 prev_pid=3 prev_prio=120 prev_state=S ==> next_comm=main next_pid=5642 next_prio=120
          <idle>-0     [001] ...2   935.143385: sched_switch: prev_comm=swapper/1 prev_pid=0 prev_prio=120 prev_state=R ==> next_comm=main next_pid=5644 next_prio=120
 Heap thread poo-5642  [000] ...2   935.143422: sched_switch: prev_comm=Heap thread poo prev_pid=5642 prev_prio=120 prev_state=S ==> next_comm=swapper/0 next_pid=0 next_prio=120
          <idle>-0     [000] ...2   935.143446: sched_switch: prev_comm=swapper/0 prev_pid=0 prev_prio=120 prev_state=R ==> next_comm=ksoftirqd/0 next_pid=3 next_prio=120
     ksoftirqd/0-3     [000] ...2   935.143457: sched_switch: prev_comm=ksoftirqd/0 prev_pid=3 prev_prio=120 prev_state=S ==> next_comm=swapper/0 next_pid=0 next_prio=120
          <idle>-0     [000] ...2   935.143478: sched_switch: prev_comm=swapper/0 prev_pid=0 prev_prio=120 prev_state=R ==> next_comm=ksoftirqd/0 next_pid=3 next_prio=120
     ksoftirqd/0-3     [000] ...2   935.143488: sched_switch: prev_comm=ksoftirqd/0 prev_pid=3 prev_prio=120 prev_state=S ==> next_comm=swapper/0 next_pid=0 next_prio=120
 Heap thread poo-5644  [001] ...2   935.143754: sched_switch: prev_comm=Heap thread poo prev_pid=5644 prev_prio=120 prev_state=S ==> next_comm=main next_pid=5643 next_prio=120
 Heap thread poo-5643  [001] ...2   935.144141: sched_switch: prev_comm=Heap thread poo prev_pid=5643 prev_prio=120 prev_state=R+ ==> next_comm=main next_pid=5641 next_prio=120
          <idle>-0     [000] ...2   935.144168: sched_switch: prev_comm=swapper/0 prev_pid=0 prev_prio=120 prev_state=R ==> next_comm=Heap thread poo next_pid=5642 next_prio=120
 Heap thread poo-5642  [000] ...2   935.144195: sched_switch: prev_comm=Heap thread poo prev_pid=5642 prev_prio=120 prev_state=R+ ==> next_comm=Heap thread poo next_pid=5644 next_prio=120
            main-5641  [001] ...2   935.144210: sched_switch: prev_comm=main prev_pid=5641 prev_prio=120 prev_state=S ==> next_comm=Heap thread poo next_pid=5643 next_prio=120
 Heap thread poo-5644  [000] ...2   935.144224: sched_switch: prev_comm=Heap thread poo prev_pid=5644 prev_prio=120 prev_state=S ==> next_comm=Heap thread poo next_pid=5642 next_prio=120
 Heap thread poo-5643  [001] ...2   935.144226: sched_switch: prev_comm=Heap thread poo prev_pid=5643 prev_prio=120 prev_state=S ==> next_comm=main next_pid=5645 next_prio=120
 Heap thread poo-5642  [000] ...2   935.144237: sched_switch: prev_comm=Heap thread poo prev_pid=5642 prev_prio=120 prev_state=D ==> next_comm=swapper/0 next_pid=0 next_prio=120
          <idle>-0     [000] ...2   935.144264: sched_switch: prev_comm=swapper/0 prev_pid=0 prev_prio=120 prev_state=R ==> next_comm=Heap thread poo next_pid=5642 next_prio=120
 Heap thread poo-5642  [000] ...2   935.144287: sched_switch: prev_comm=Heap thread poo prev_pid=5642 prev_prio=120 prev_state=S ==> next_comm=swapper/0 next_pid=0 next_prio=120
  Signal Catcher-5645  [001] ...2   935.144710: sched_switch: prev_comm=Signal Catcher prev_pid=5645 prev_prio=120 prev_state=R+ ==> next_comm=main next_pid=5641 next_prio=120
          <idle>-0     [000] ...2   935.144781: sched_switch: prev_comm=swapper/0 prev_pid=0 prev_prio=120 prev_state=R ==> next_comm=main next_pid=5646 next_prio=120
            main-5641  [001] ...2   935.144785: sched_switch: prev_comm=main prev_pid=5641 prev_prio=120 prev_state=S ==> next_comm=Signal Catcher next_pid=5645 next_prio=120
  Signal Catcher-5645  [001] ...2   935.144796: sched_switch: prev_comm=Signal Catcher prev_pid=5645 prev_prio=120 prev_state=S ==> next_comm=swapper/1 next_pid=0 next_prio=120
          <idle>-0     [001] ...2   935.145515: sched_switch: prev_comm=swapper/1 prev_pid=0 prev_prio=120 prev_state=R ==> next_comm=main next_pid=5641 next_prio=120
            JDWP-5646  [000] ...2   935.145598: sched_switch: prev_comm=JDWP prev_pid=5646 prev_prio=120 prev_state=R+ ==> next_comm=adbd next_pid=778 next_prio=120
            main-5641  [001] d..2   935.145671: block_rq_insert: 179,0 R 0 () 4067352 + 8 [main]
            main-5641  [001] d..2   935.145675: block_rq_insert: 179,0 R 0 () 4067368 + 8 [main]
            main-5641  [001] ...2   935.145688: sched_switch: prev_comm=main prev_pid=5641 prev_prio=120 prev_state=D|W ==> next_comm=mmcqd/1 next_pid=116 next_prio=120
         mmcqd/1-116   [001] ...2   935.145738: sched_switch: prev_comm=mmcqd/1 prev_pid=116 prev_prio=120 prev_state=S ==> next_comm=swapper/1 next_pid=0 next_prio=120
            adbd-778   [000] ...2   935.145769: sched_switch: prev_comm=adbd prev_pid=778 prev_prio=120 prev_state=S ==> next_comm=JDWP next_pid=5646 next_prio=120
            JDWP-5646  [000] ...2   935.145799: sched_switch: prev_comm=JDWP prev_pid=5646 prev_prio=120 prev_state=R+ ==> next_comm=adbd next_pid=778 next_prio=120
          <idle>-0     [001] ...2   935.145975: sched_switch: prev_comm=swapper/1 prev_pid=0 prev_prio=120 prev_state=R ==> next_comm=mmcqd/1 next_pid=116 next_prio=120
         mmcqd/1-116   [001] ...1   935.145997: block_rq_complete: 179,0 RA () 4067352 + 8 [0]
            adbd-778   [000] ...2   935.146009: sched_switch: prev_comm=adbd prev_pid=778 prev_prio=120 prev_state=S ==> next_comm=JDWP next_pid=5646 next_prio=120
         mmcqd/1-116   [001] ...2   935.146012: sched_switch: prev_comm=mmcqd/1 prev_pid=116 prev_prio=120 prev_state=S ==> next_comm=swapper/1 next_pid=0 next_prio=120
            JDWP-5646  [000] ...2   935.146031: sched_switch: prev_comm=JDWP prev_pid=5646 prev_prio=120 prev_state=S ==> next_comm=swapper/0 next_pid=0 next_prio=120
          <idle>-0     [000] ...2   935.146259: sched_switch: prev_comm=swapper/0 prev_pid=0 prev_prio=120 prev_state=R ==> next_comm=mmcqd/1 next_pid=116 next_prio=120
         mmcqd/1-116   [000] ...1   935.146276: block_rq_complete: 179,0 RA () 4067368 + 8 [0]
          <idle>-0     [001] ...2   935.146291: sched_switch: prev_comm=swapper/1 prev_pid=0 prev_prio=120 prev_state=R ==> next_comm=main next_pid=5641 next_prio=120
         mmcqd/1-116   [000] ...2   935.146304: sched_switch: prev_comm=mmcqd/1 prev_pid=116 prev_prio=120 prev_state=R+ ==> next_comm=kworker/0:1H next_pid=17 next_prio=100
    kworker/0:1H-17    [000] ...2   935.146317: sched_switch: prev_comm=kworker/0:1H prev_pid=17 prev_prio=100 prev_state=S ==> next_comm=mmcqd/1 next_pid=116 next_prio=120
         mmcqd/1-116   [000] ...2   935.146336: sched_switch: prev_comm=mmcqd/1 prev_pid=116 prev_prio=120 prev_state=S ==> next_comm=swapper/0 next_pid=0 next_prio=120
            main-5641  [001] d..2   935.146666: block_rq_insert: 179,0 R 0 () 3993912 + 8 [main]
            main-5641  [001] d..2   935.146669: block_rq_insert: 179,0 R 0 () 3993944 + 16 [main]
            main-5641  [001] d..2   935.146671: block_rq_insert: 179,0 R 0 () 3993968 + 72 [main]
            main-5641  [001] ...2   935.146684: sched_switch: prev_comm=main prev_pid=5641 prev_prio=120 prev_state=D|W ==> next_comm=swapper/1 next_pid=0 next_prio=120
          <idle>-0     [000] ...2   935.146688: sched_switch: prev_comm=swapper/0 prev_pid=0 prev_prio=120 prev_state=R ==> next_comm=mmcqd/1 next_pid=116 next_prio=120
         mmcqd/1-116   [000] ...2   935.146767: sched_switch: prev_comm=mmcqd/1 prev_pid=116 prev_prio=120 prev_state=S ==> next_comm=swapper/0 next_pid=0 next_prio=120
          <idle>-0     [000] ...2   935.146994: sched_switch: prev_comm=swapper/0 prev_pid=0 prev_prio=120 prev_state=R ==> next_comm=mmcqd/1 next_pid=116 next_prio=120
         mmcqd/1-116   [000] ...1   935.147034: block_rq_complete: 179,0 RA () 3993912 + 8 [0]
          <idle>-0     [001] ...2   935.147049: sched_switch: prev_comm=swapper/1 prev_pid=0 prev_prio=120 prev_state=R ==> next_comm=main next_pid=5641 next_prio=120
         mmcqd/1-116   [000] ...2   935.147102: sched_switch: prev_comm=mmcqd/1 prev_pid=116 prev_prio=120 prev_state=S ==> next_comm=swapper/0 next_pid=0 next_prio=120
            main-5641  [001] d..2   935.147189: block_rq_insert: 179,0 R 0 () 4026856 + 24 [main]
            main-5641  [001] d..2   935.147192: block_rq_insert: 179,0 R 0 () 4026944 + 8 [main]
            main-5641  [001] d..2   935.147194: block_rq_insert: 179,0 R 0 () 4026960 + 40 [main]
            main-5641  [001] d..2   935.147195: block_rq_insert: 179,0 R 0 () 4027008 + 24 [main]
            main-5641  [001] ...2   935.147204: sched_switch: prev_comm=main prev_pid=5641 prev_prio=120 prev_state=D|W ==> next_comm=swapper/1 next_pid=0 next_prio=120
          <idle>-0     [000] ...2   935.147374: sched_switch: prev_comm=swapper/0 prev_pid=0 prev_prio=120 prev_state=R ==> next_comm=mmcqd/1 next_pid=116 next_prio=120
         mmcqd/1-116   [000] ...1   935.147417: block_rq_complete: 179,0 RA () 3993944 + 16 [0]
         mmcqd/1-116   [000] ...2   935.147459: sched_switch: prev_comm=mmcqd/1 prev_pid=116 prev_prio=120 prev_state=S ==> next_comm=swapper/0 next_pid=0 next_prio=120
          <idle>-0     [000] ...2   935.148003: sched_switch: prev_comm=swapper/0 prev_pid=0 prev_prio=120 prev_state=R ==> next_comm=mmcqd/1 next_pid=116 next_prio=120
         mmcqd/1-116   [000] ...1   935.148064: block_rq_complete: 179,0 RA () 3993968 + 72 [0]
         mmcqd/1-116   [000] ...2   935.148101: sched_switch: prev_comm=mmcqd/1 prev_pid=116 prev_prio=120 prev_state=S ==> next_comm=swapper/0 next_pid=0 next_prio=120
          <idle>-0     [000] ...2   935.148352: sched_switch: prev_comm=swapper/0 prev_pid=0 prev_prio=120 prev_state=R ==> next_comm=mmcqd/1 next_pid=116 next_prio=120
         mmcqd/1-116   [000] ...1   935.148396: block_rq_complete: 179,0 RA () 4026856 + 24 [0]
         mmcqd/1-116   [000] ...2   935.148444: sched_switch: prev_comm=mmcqd/1 prev_pid=116 prev_prio=120 prev_state=S ==> next_comm=swapper/0 next_pid=0 next_prio=120
          <idle>-0     [000] ...2   935.148640: sched_switch: prev_comm=swapper/0 prev_pid=0 prev_prio=120 prev_state=R ==> next_comm=mmcqd/1 next_pid=116 next_prio=120
         mmcqd/1-116   [000] ...1   935.148679: block_rq_complete: 179,0 RA () 4026944 + 8 [0]
          <idle>-0     [001] ...2   935.148694: sched_switch: prev_comm=swapper/1 prev_pid=0 prev_prio=120 prev_state=R ==> next_comm=main next_pid=5641 next_prio=120
         mmcqd/1-116   [000] ...2   935.148725: sched_switch: prev_comm=mmcqd/1 prev_pid=116 prev_prio=120 prev_state=S ==> next_comm=swapper/0 next_pid=0 next_prio=120
            main-5641  [001] d..2   935.148740: block_rq_insert: 179,0 R 0 () 4028616 + 96 [main]
            main-5641  [001] d..2   935.148743: block_rq_insert: 179,0 R 0 () 4028736 + 56 [main]
            main-5641  [001] ...2   935.148751: sched_switch: prev_comm=main prev_pid=5641 prev_prio=120 prev_state=D|W ==> next_comm=swapper/1 next_pid=0 next_prio=120
          <idle>-0     [001] ...2   935.148917: sched_switch: prev_comm=swapper/1 prev_pid=0 prev_prio=120 prev_state=R ==> next_comm=kworker/u:0 next_pid=3362 next_prio=120
          <idle>-0     [000] ...2   935.148931: sched_switch: prev_comm=swapper/0 prev_pid=0 prev_prio=120 prev_state=R ==> next_comm=kworker/0:0 next_pid=4 next_prio=120
     kworker/u:0-3362  [001] ...2   935.148931: sched_switch: prev_comm=kworker/u:0 prev_pid=3362 prev_prio=120 prev_state=S ==> next_comm=ksoftirqd/1 next_pid=5637 next_prio=120
     ksoftirqd/1-5637  [001] ...2   935.148942: sched_switch: prev_comm=ksoftirqd/1 prev_pid=5637 prev_prio=120 prev_state=S ==> next_comm=swapper/1 next_pid=0 next_prio=120
     kworker/0:0-4     [000] ...2   935.148949: sched_switch: prev_comm=kworker/0:0 prev_pid=4 prev_prio=120 prev_state=S ==> next_comm=ksoftirqd/0 next_pid=3 next_prio=120
          <idle>-0     [001] ...2   935.148963: sched_switch: prev_comm=swapper/1 prev_pid=0 prev_prio=120 prev_state=R ==> next_comm=ksoftirqd/1 next_pid=5637 next_prio=120
     ksoftirqd/0-3     [000] ...2   935.148964: sched_switch: prev_comm=ksoftirqd/0 prev_pid=3 prev_prio=120 prev_state=S ==> next_comm=mpdecision next_pid=1527 next_prio=113
     ksoftirqd/1-5637  [001] ...2   935.148981: sched_switch: prev_comm=ksoftirqd/1 prev_pid=5637 prev_prio=120 prev_state=S ==> next_comm=swapper/1 next_pid=0 next_prio=120
      mpdecision-1527  [000] ...2   935.149405: sched_switch: prev_comm=mpdecision prev_pid=1527 prev_prio=113 prev_state=S ==> next_comm=kworker/0:1H next_pid=17 next_prio=100
    kworker/0:1H-17    [000] ...2   935.149436: sched_switch: prev_comm=kworker/0:1H prev_pid=17 prev_prio=100 prev_state=D ==> next_comm=kworker/0:0H next_pid=4413 next_prio=100
    kworker/0:0H-4413  [000] ...2   935.149468: sched_switch: prev_comm=kworker/0:0H prev_pid=4413 prev_prio=100 prev_state=S ==> next_comm=kworker/0:1H next_pid=17 next_prio=100
    kworker/0:1H-17    [000] ...2   935.149480: sched_switch: prev_comm=kworker/0:1H prev_pid=17 prev_prio=100 prev_state=S ==> next_comm=mmcqd/1 next_pid=116 next_prio=120
         mmcqd/1-116   [000] ...1   935.149535: block_rq_complete: 179,0 RA () 4026960 + 40 [0]
         mmcqd/1-116   [000] ...2   935.149609: sched_switch: prev_comm=mmcqd/1 prev_pid=116 prev_prio=120 prev_state=S ==> next_comm=swapper/0 next_pid=0 next_prio=120
          <idle>-0     [000] ...2   935.149633: sched_switch: prev_comm=swapper/0 prev_pid=0 prev_prio=120 prev_state=R ==> next_comm=ksoftirqd/0 next_pid=3 next_prio=120
     ksoftirqd/0-3     [000] ...2   935.149646: sched_switch: prev_comm=ksoftirqd/0 prev_pid=3 prev_prio=120 prev_state=S ==> next_comm=swapper/0 next_pid=0 next_prio=120
          <idle>-0     [000] ...2   935.149669: sched_switch: prev_comm=swapper/0 prev_pid=0 prev_prio=120 prev_state=R ==> next_comm=ksoftirqd/0 next_pid=3 next_prio=120
     ksoftirqd/0-3     [000] ...2   935.149680: sched_switch: prev_comm=ksoftirqd/0 prev_pid=3 prev_prio=120 prev_state=S ==> next_comm=swapper/0 next_pid=0 next_prio=120
          <idle>-0     [000] ...2   935.149700: sched_switch: prev_comm=swapper/0 prev_pid=0 prev_prio=120 prev_state=R ==> next_comm=ksoftirqd/0 next_pid=3 next_prio=120
     ksoftirqd/0-3     [000] ...2   935.149719: sched_switch: prev_comm=ksoftirqd/0 prev_pid=3 prev_prio=120 prev_state=S ==> next_comm=swapper/0 next_pid=0 next_prio=120
          <idle>-0     [000] ...2   935.149820: sched_switch: prev_comm=swapper/0 prev_pid=0 prev_prio=120 prev_state=R ==> next_comm=mmcqd/1 next_pid=116 next_prio=120
         mmcqd/1-116   [000] ...1   935.149866: block_rq_complete: 179,0 RA () 4027008 + 24 [0]
         mmcqd/1-116   [000] ...2   935.149917: sched_switch: prev_comm=mmcqd/1 prev_pid=116 prev_prio=120 prev_state=S ==> next_comm=swapper/0 next_pid=0 next_prio=120
          <idle>-0     [000] ...2   935.150639: sched_switch: prev_comm=swapper/0 prev_pid=0 prev_prio=120 prev_state=R ==> next_comm=mmcqd/1 next_pid=116 next_prio=120
         mmcqd/1-116   [000] ...1   935.150710: block_rq_complete: 179,0 RA () 4028616 + 96 [0]
          <idle>-0     [001] ...2   935.150730: sched_switch: prev_comm=swapper/1 prev_pid=0 prev_prio=120 prev_state=R ==> next_comm=main next_pid=5641 next_prio=120
         mmcqd/1-116   [000] ...2   935.150742: sched_switch: prev_comm=mmcqd/1 prev_pid=116 prev_prio=120 prev_state=S ==> next_comm=swapper/0 next_pid=0 next_prio=120
          <idle>-0     [000] ...2   935.150847: sched_switch: prev_comm=swapper/0 prev_pid=0 prev_prio=120 prev_state=R ==> next_comm=main next_pid=5647 next_prio=120
            main-5641  [001] d..2   935.151084: block_rq_insert: 179,0 R 0 () 3993624 + 48 [main]
            main-5641  [001] d..2   935.151087: block_rq_insert: 179,0 R 0 () 3993688 + 24 [main]
            main-5641  [001] d..2   935.151089: block_rq_insert: 179,0 R 0 () 3993752 + 8 [main]
 ReferenceQueueD-5647  [000] ...2   935.151101: sched_switch: prev_comm=main prev_pid=5647 prev_prio=120 prev_state=R+ ==> next_comm=mmcqd/1 next_pid=116 next_prio=120
            main-5641  [001] ...2   935.151104: sched_switch: prev_comm=main prev_pid=5641 prev_prio=120 prev_state=D|W ==> next_comm=swapper/1 next_pid=0 next_prio=120
         mmcqd/1-116   [000] ...2   935.151185: sched_switch: prev_comm=mmcqd/1 prev_pid=116 prev_prio=120 prev_state=R ==> next_comm=main next_pid=5647 next_prio=120
 ReferenceQueueD-5647  [000] ...2   935.151191: sched_switch: prev_comm=main prev_pid=5647 prev_prio=120 prev_state=R+ ==> next_comm=mmcqd/1 next_pid=116 next_prio=120
         mmcqd/1-116   [000] ...1   935.151246: block_rq_complete: 179,0 RA () 4028736 + 56 [0]
         mmcqd/1-116   [000] ...2   935.151287: sched_switch: prev_comm=mmcqd/1 prev_pid=116 prev_prio=120 prev_state=S ==> next_comm=main next_pid=5647 next_prio=120
 ReferenceQueueD-5647  [000] ...2   935.151699: sched_switch: prev_comm=main prev_pid=5647 prev_prio=120 prev_state=R+ ==> next_comm=mmcqd/1 next_pid=116 next_prio=120
         mmcqd/1-116   [000] ...1   935.151752: block_rq_complete: 179,0 RA () 3993624 + 48 [0]
         mmcqd/1-116   [000] ...2   935.151786: sched_switch: prev_comm=mmcqd/1 prev_pid=116 prev_prio=120 prev_state=S ==> next_comm=main next_pid=5647 next_prio=120
 ReferenceQueueD-5647  [000] ...2   935.151879: sched_switch: prev_comm=ReferenceQueueD prev_pid=5647 prev_prio=120 prev_state=S ==> next_comm=swapper/0 next_pid=0 next_prio=120
          <idle>-0     [000] ...2   935.151903: sched_switch: prev_comm=swapper/0 prev_pid=0 prev_prio=120 prev_state=R ==> next_comm=ksoftirqd/0 next_pid=3 next_prio=120
     ksoftirqd/0-3     [000] ...2   935.151917: sched_switch: prev_comm=ksoftirqd/0 prev_pid=3 prev_prio=120 prev_state=S ==> next_comm=swapper/0 next_pid=0 next_prio=120
          <idle>-0     [000] ...2   935.151939: sched_switch: prev_comm=swapper/0 prev_pid=0 prev_prio=120 prev_state=R ==> next_comm=ksoftirqd/0 next_pid=3 next_prio=120
     ksoftirqd/0-3     [000] ...2   935.151950: sched_switch: prev_comm=ksoftirqd/0 prev_pid=3 prev_prio=120 prev_state=S ==> next_comm=swapper/0 next_pid=0 next_prio=120
          <idle>-0     [000] ...2   935.151970: sched_switch: prev_comm=swapper/0 prev_pid=0 prev_prio=120 prev_state=R ==> next_comm=ksoftirqd/0 next_pid=3 next_prio=120
     ksoftirqd/0-3     [000] ...2   935.151984: sched_switch: prev_comm=ksoftirqd/0 prev_pid=3 prev_prio=120 prev_state=S ==> next_comm=swapper/0 next_pid=0 next_prio=120
          <idle>-0     [000] ...2   935.152118: sched_switch: prev_comm=swapper/0 prev_pid=0 prev_prio=120 prev_state=R ==> next_comm=mmcqd/1 next_pid=116 next_prio=120
         mmcqd/1-116   [000] ...1   935.152165: block_rq_complete: 179,0 RA () 3993688 + 24 [0]
         mmcqd/1-116   [000] ...2   935.152185: sched_switch: prev_comm=mmcqd/1 prev_pid=116 prev_prio=120 prev_state=S ==> next_comm=swapper/0 next_pid=0 next_prio=120
          <idle>-0     [000] ...2   935.152389: sched_switch: prev_comm=swapper/0 prev_pid=0 prev_prio=120 prev_state=R ==> next_comm=mmcqd/1 next_pid=116 next_prio=120
         mmcqd/1-116   [000] ...1   935.152405: block_rq_complete: 179,0 RA () 3993752 + 8 [0]
          <idle>-0     [001] ...2   935.152422: sched_switch: prev_comm=swapper/1 prev_pid=0 prev_prio=120 prev_state=R ==> next_comm=main next_pid=5641 next_prio=120
         mmcqd/1-116   [000] ...2   935.152432: sched_switch: prev_comm=mmcqd/1 prev_pid=116 prev_prio=120 prev_state=R+ ==> next_comm=kworker/0:1H next_pid=17 next_prio=100
    kworker/0:1H-17    [000] ...2   935.152443: sched_switch: prev_comm=kworker/0:1H prev_pid=17 prev_prio=100 prev_state=S ==> next_comm=mmcqd/1 next_pid=116 next_prio=120
         mmcqd/1-116   [000] ...2   935.152457: sched_switch: prev_comm=mmcqd/1 prev_pid=116 prev_prio=120 prev_state=S ==> next_comm=swapper/0 next_pid=0 next_prio=120
            main-5641  [001] d..2   935.152502: block_rq_insert: 179,0 R 0 () 4019800 + 24 [main]
            main-5641  [001] d..2   935.152505: block_rq_insert: 179,0 R 0 () 4019896 + 8 [main]
            main-5641  [001] d..2   935.152506: block_rq_insert: 179,0 R 0 () 4019928 + 8 [main]
            main-5641  [001] ...2   935.152518: sched_switch: prev_comm=main prev_pid=5641 prev_prio=120 prev_state=D|W ==> next_comm=swapper/1 next_pid=0 next_prio=120
          <idle>-0     [000] ...2   935.152524: sched_switch: prev_comm=swapper/0 prev_pid=0 prev_prio=120 prev_state=R ==> next_comm=mmcqd/1 next_pid=116 next_prio=120
         mmcqd/1-116   [000] ...2   935.152598: sched_switch: prev_comm=mmcqd/1 prev_pid=116 prev_prio=120 prev_state=S ==> next_comm=swapper/0 next_pid=0 next_prio=120
          <idle>-0     [000] ...2   935.152965: sched_switch: prev_comm=swapper/0 prev_pid=0 prev_prio=120 prev_state=R ==> next_comm=mmcqd/1 next_pid=116 next_prio=120
         mmcqd/1-116   [000] ...1   935.153009: block_rq_complete: 179,0 RA () 4019800 + 24 [0]
         mmcqd/1-116   [000] ...2   935.153041: sched_switch: prev_comm=mmcqd/1 prev_pid=116 prev_prio=120 prev_state=S ==> next_comm=swapper/0 next_pid=0 next_prio=120
          <idle>-0     [000] ...2   935.153239: sched_switch: prev_comm=swapper/0 prev_pid=0 prev_prio=120 prev_state=R ==> next_comm=mmcqd/1 next_pid=116 next_prio=120
         mmcqd/1-116   [000] ...1   935.153277: block_rq_complete: 179,0 RA () 4019896 + 8 [0]
         mmcqd/1-116   [000] ...2   935.153295: sched_switch: prev_comm=mmcqd/1 prev_pid=116 prev_prio=120 prev_state=S ==> next_comm=swapper/0 next_pid=0 next_prio=120
          <idle>-0     [000] ...2   935.153519: sched_switch: prev_comm=swapper/0 prev_pid=0 prev_prio=120 prev_state=R ==> next_comm=mmcqd/1 next_pid=116 next_prio=120
         mmcqd/1-116   [000] ...1   935.153535: block_rq_complete: 179,0 RA () 4019928 + 8 [0]
          <idle>-0     [001] ...2   935.153552: sched_switch: prev_comm=swapper/1 prev_pid=0 prev_prio=120 prev_state=R ==> next_comm=main next_pid=5641 next_prio=120
         mmcqd/1-116   [000] ...2   935.153562: sched_switch: prev_comm=mmcqd/1 prev_pid=116 prev_prio=120 prev_state=R+ ==> next_comm=kworker/0:1H next_pid=17 next_prio=100
    kworker/0:1H-17    [000] ...2   935.153573: sched_switch: prev_comm=kworker/0:1H prev_pid=17 prev_prio=100 prev_state=S ==> next_comm=mmcqd/1 next_pid=116 next_prio=120
         mmcqd/1-116   [000] ...2   935.153587: sched_switch: prev_comm=mmcqd/1 prev_pid=116 prev_prio=120 prev_state=S ==> next_comm=swapper/0 next_pid=0 next_prio=120
            main-5641  [001] d..2   935.153628: block_rq_insert: 179,0 R 0 () 4028368 + 104 [main]
            main-5641  [001] d..2   935.153630: block_rq_insert: 179,0 R 0 () 4028480 + 32 [main]
            main-5641  [001] ...2   935.153643: sched_switch: prev_comm=main prev_pid=5641 prev_prio=120 prev_state=D|W ==> next_comm=swapper/1 next_pid=0 next_prio=120
          <idle>-0     [000] ...2   935.153648: sched_switch: prev_comm=swapper/0 prev_pid=0 prev_prio=120 prev_state=R ==> next_comm=mmcqd/1 next_pid=116 next_prio=120
         mmcqd/1-116   [000] ...2   935.153765: sched_switch: prev_comm=mmcqd/1 prev_pid=116 prev_prio=120 prev_state=S ==> next_comm=swapper/0 next_pid=0 next_prio=120
          <idle>-0     [000] ...2   935.154561: sched_switch: prev_comm=swapper/0 prev_pid=0 prev_prio=120 prev_state=R ==> next_comm=mmcqd/1 next_pid=116 next_prio=120
         mmcqd/1-116   [000] ...1   935.154635: block_rq_complete: 179,0 RA () 4028368 + 104 [0]
         mmcqd/1-116   [000] ...2   935.154658: sched_switch: prev_comm=mmcqd/1 prev_pid=116 prev_prio=120 prev_state=S ==> next_comm=swapper/0 next_pid=0 next_prio=120
          <idle>-0     [000] ...2   935.154956: sched_switch: prev_comm=swapper/0 prev_pid=0 prev_prio=120 prev_state=R ==> next_comm=mmcqd/1 next_pid=116 next_prio=120
         mmcqd/1-116   [000] ...1   935.154980: block_rq_complete: 179,0 RA () 4028480 + 32 [0]
          <idle>-0     [001] ...2   935.154997: sched_switch: prev_comm=swapper/1 prev_pid=0 prev_prio=120 prev_state=R ==> next_comm=main next_pid=5641 next_prio=120
         mmcqd/1-116   [000] ...2   935.155008: sched_switch: prev_comm=mmcqd/1 prev_pid=116 prev_prio=120 prev_state=R+ ==> next_comm=kworker/0:1H next_pid=17 next_prio=100
    kworker/0:1H-17    [000] ...2   935.155020: sched_switch: prev_comm=kworker/0:1H prev_pid=17 prev_prio=100 prev_state=S ==> next_comm=mmcqd/1 next_pid=116 next_prio=120
         mmcqd/1-116   [000] ...2   935.155035: sched_switch: prev_comm=mmcqd/1 prev_pid=116 prev_prio=120 prev_state=S ==> next_comm=swapper/0 next_pid=0 next_prio=120
          <idle>-0     [000] ...2   935.155103: sched_switch: prev_comm=swapper/0 prev_pid=0 prev_prio=120 prev_state=R ==> next_comm=main next_pid=5648 next_prio=120
            main-5641  [001] ...2   935.155138: sched_switch: prev_comm=main prev_pid=5641 prev_prio=120 prev_state=D ==> next_comm=swapper/1 next_pid=0 next_prio=120
          <idle>-0     [001] ...2   935.155173: sched_switch: prev_comm=swapper/1 prev_pid=0 prev_prio=120 prev_state=R ==> next_comm=main next_pid=5641 next_prio=120
 FinalizerDaemon-5648  [000] ...2   935.155183: sched_switch: prev_comm=main prev_pid=5648 prev_prio=120 prev_state=D ==> next_comm=swapper/0 next_pid=0 next_prio=120
          <idle>-0     [000] ...2   935.155190: sched_switch: prev_comm=swapper/0 prev_pid=0 prev_prio=120 prev_state=R ==> next_comm=main next_pid=5648 next_prio=120
            main-5641  [001] ...2   935.155345: sched_switch: prev_comm=main prev_pid=5641 prev_prio=120 prev_state=S ==> next_comm=swapper/1 next_pid=0 next_prio=120
          <idle>-0     [001] ...2   935.155792: sched_switch: prev_comm=swapper/1 prev_pid=0 prev_prio=120 prev_state=R ==> next_comm=main next_pid=5641 next_prio=120
            main-5641  [001] ...2   935.155822: sched_switch: prev_comm=main prev_pid=5641 prev_prio=120 prev_state=D ==> next_comm=swapper/1 next_pid=0 next_prio=120
          <idle>-0     [001] ...2   935.155833: sched_switch: prev_comm=swapper/1 prev_pid=0 prev_prio=120 prev_state=R ==> next_comm=main next_pid=5641 next_prio=120
 FinalizerDaemon-5648  [000] ...2   935.155861: sched_switch: prev_comm=FinalizerDaemon prev_pid=5648 prev_prio=120 prev_state=S ==> next_comm=swapper/0 next_pid=0 next_prio=120
          <idle>-0     [000] ...2   935.155884: sched_switch: prev_comm=swapper/0 prev_pid=0 prev_prio=120 prev_state=R ==> next_comm=ksoftirqd/0 next_pid=3 next_prio=120
     ksoftirqd/0-3     [000] ...2   935.155897: sched_switch: prev_comm=ksoftirqd/0 prev_pid=3 prev_prio=120 prev_state=S ==> next_comm=swapper/0 next_pid=0 next_prio=120
          <idle>-0     [000] ...2   935.155919: sched_switch: prev_comm=swapper/0 prev_pid=0 prev_prio=120 prev_state=R ==> next_comm=ksoftirqd/0 next_pid=3 next_prio=120
     ksoftirqd/0-3     [000] ...2   935.155930: sched_switch: prev_comm=ksoftirqd/0 prev_pid=3 prev_prio=120 prev_state=S ==> next_comm=swapper/0 next_pid=0 next_prio=120
          <idle>-0     [000] ...2   935.155951: sched_switch: prev_comm=swapper/0 prev_pid=0 prev_prio=120 prev_state=R ==> next_comm=ksoftirqd/0 next_pid=3 next_prio=120
     ksoftirqd/0-3     [000] ...2   935.155961: sched_switch: prev_comm=ksoftirqd/0 prev_pid=3 prev_prio=120 prev_state=S ==> next_comm=swapper/0 next_pid=0 next_prio=120
          <idle>-0     [000] ...2   935.156163: sched_switch: prev_comm=swapper/0 prev_pid=0 prev_prio=120 prev_state=R ==> next_comm=main next_pid=5650 next_prio=120
            main-5641  [001] ...2   935.156370: sched_switch: prev_comm=main prev_pid=5641 prev_prio=120 prev_state=S ==> next_comm=main next_pid=5649 next_prio=120
 HeapTrimmerDaem-5650  [000] ...2   935.156383: sched_switch: prev_comm=main prev_pid=5650 prev_prio=120 prev_state=D ==> next_comm=swapper/0 next_pid=0 next_prio=120
          <idle>-0     [000] ...2   935.156390: sched_switch: prev_comm=swapper/0 prev_pid=0 prev_prio=120 prev_state=R ==> next_comm=main next_pid=5650 next_prio=120
 FinalizerWatchd-5649  [001] ...2   935.156396: sched_switch: prev_comm=main prev_pid=5649 prev_prio=120 prev_state=S ==> next_comm=swapper/1 next_pid=0 next_prio=120
          <idle>-0     [001] ...2   935.156850: sched_switch: prev_comm=swapper/1 prev_pid=0 prev_prio=120 prev_state=R ==> next_comm=main next_pid=5641 next_prio=120
 HeapTrimmerDaem-5650  [000] ...2   935.156883: sched_switch: prev_comm=HeapTrimmerDaem prev_pid=5650 prev_prio=120 prev_state=D ==> next_comm=swapper/0 next_pid=0 next_prio=120
            main-5641  [001] ...2   935.156889: sched_switch: prev_comm=main prev_pid=5641 prev_prio=120 prev_state=D ==> next_comm=main next_pid=5649 next_prio=120
          <idle>-0     [000] ...2   935.156890: sched_switch: prev_comm=swapper/0 prev_pid=0 prev_prio=120 prev_state=R ==> next_comm=HeapTrimmerDaem next_pid=5650 next_prio=120
 FinalizerWatchd-5649  [001] ...2   935.156908: sched_switch: prev_comm=main prev_pid=5649 prev_prio=120 prev_state=D ==> next_comm=main next_pid=5641 next_prio=120
 HeapTrimmerDaem-5650  [000] ...2   935.156915: sched_switch: prev_comm=HeapTrimmerDaem prev_pid=5650 prev_prio=120 prev_state=D ==> next_comm=swapper/0 next_pid=0 next_prio=120
            main-5641  [001] ...2   935.156920: sched_switch: prev_comm=main prev_pid=5641 prev_prio=120 prev_state=D ==> next_comm=main next_pid=5649 next_prio=120
 FinalizerWatchd-5649  [001] ...2   935.156931: sched_switch: prev_comm=main prev_pid=5649 prev_prio=120 prev_state=R+ ==> next_comm=main next_pid=5641 next_prio=120
          <idle>-0     [000] ...2   935.156940: sched_switch: prev_comm=swapper/0 prev_pid=0 prev_prio=120 prev_state=R ==> next_comm=HeapTrimmerDaem next_pid=5650 next_prio=120
 HeapTrimmerDaem-5650  [000] ...2   935.156958: sched_switch: prev_comm=HeapTrimmerDaem prev_pid=5650 prev_prio=120 prev_state=S ==> next_comm=main next_pid=5651 next_prio=120
            main-5641  [001] ...2   935.156980: sched_switch: prev_comm=main prev_pid=5641 prev_prio=120 prev_state=D ==> next_comm=main next_pid=5649 next_prio=120
 FinalizerWatchd-5649  [001] ...2   935.156988: sched_switch: prev_comm=main prev_pid=5649 prev_prio=120 prev_state=D ==> next_comm=swapper/1 next_pid=0 next_prio=120
          <idle>-0     [001] ...2   935.157024: sched_switch: prev_comm=swapper/1 prev_pid=0 prev_prio=120 prev_state=R ==> next_comm=main next_pid=5641 next_prio=120
        GCDaemon-5651  [000] ...2   935.157038: sched_switch: prev_comm=main prev_pid=5651 prev_prio=120 prev_state=S ==> next_comm=swapper/0 next_pid=0 next_prio=120
            main-5641  [001] d..2   935.157209: block_rq_insert: 179,0 R 0 () 4008360 + 48 [main]
            main-5641  [001] d..2   935.157212: block_rq_insert: 179,0 R 0 () 4008432 + 16 [main]
            main-5641  [001] d..2   935.157214: block_rq_insert: 179,0 R 0 () 4008456 + 8 [main]
            main-5641  [001] d..2   935.157216: block_rq_insert: 179,0 R 0 () 4008536 + 16 [main]
            main-5641  [001] ...2   935.157227: sched_switch: prev_comm=main prev_pid=5641 prev_prio=120 prev_state=D|W ==> next_comm=main next_pid=5649 next_prio=120
          <idle>-0     [000] ...2   935.157233: sched_switch: prev_comm=swapper/0 prev_pid=0 prev_prio=120 prev_state=R ==> next_comm=mmcqd/1 next_pid=116 next_prio=120
         mmcqd/1-116   [000] ...2   935.157309: sched_switch: prev_comm=mmcqd/1 prev_pid=116 prev_prio=120 prev_state=S ==> next_comm=swapper/0 next_pid=0 next_prio=120
          <idle>-0     [000] ...2   935.157613: sched_switch: prev_comm=swapper/0 prev_pid=0 prev_prio=120 prev_state=R ==> next_comm=mmcqd/1 next_pid=116 next_prio=120
 FinalizerWatchd-5649  [001] ...2   935.157620: sched_switch: prev_comm=FinalizerWatchd prev_pid=5649 prev_prio=120 prev_state=S ==> next_comm=main next_pid=5651 next_prio=120
         mmcqd/1-116   [000] ...1   935.157656: block_rq_complete: 179,0 RA () 4008536 + 16 [0]
         mmcqd/1-116   [000] ...2   935.157690: sched_switch: prev_comm=mmcqd/1 prev_pid=116 prev_prio=120 prev_state=S ==> next_comm=swapper/0 next_pid=0 next_prio=120
          <idle>-0     [000] ...2   935.157878: sched_switch: prev_comm=swapper/0 prev_pid=0 prev_prio=120 prev_state=R ==> next_comm=mmcqd/1 next_pid=116 next_prio=120
         mmcqd/1-116   [000] ...1   935.157919: block_rq_complete: 179,0 RA () 4008456 + 8 [0]
        GCDaemon-5651  [001] ...2   935.157933: sched_switch: prev_comm=main prev_pid=5651 prev_prio=120 prev_state=R+ ==> next_comm=main next_pid=5641 next_prio=120
            main-5641  [001] ...2   935.157948: sched_switch: prev_comm=main prev_pid=5641 prev_prio=120 prev_state=D|W ==> next_comm=main next_pid=5651 next_prio=120
         mmcqd/1-116   [000] ...2   935.157973: sched_switch: prev_comm=mmcqd/1 prev_pid=116 prev_prio=120 prev_state=S ==> next_comm=swapper/0 next_pid=0 next_prio=120
        GCDaemon-5651  [001] ...2   935.158024: sched_switch: prev_comm=GCDaemon prev_pid=5651 prev_prio=120 prev_state=S ==> next_comm=swapper/1 next_pid=0 next_prio=120
          <idle>-0     [001] ...2   935.158041: sched_switch: prev_comm=swapper/1 prev_pid=0 prev_prio=120 prev_state=R ==> next_comm=ksoftirqd/1 next_pid=5637 next_prio=120
     ksoftirqd/1-5637  [001] ...2   935.158048: sched_switch: prev_comm=ksoftirqd/1 prev_pid=5637 prev_prio=120 prev_state=S ==> next_comm=swapper/1 next_pid=0 next_prio=120
          <idle>-0     [001] ...2   935.158063: sched_switch: prev_comm=swapper/1 prev_pid=0 prev_prio=120 prev_state=R ==> next_comm=ksoftirqd/1 next_pid=5637 next_prio=120
     ksoftirqd/1-5637  [001] ...2   935.158072: sched_switch: prev_comm=ksoftirqd/1 prev_pid=5637 prev_prio=120 prev_state=S ==> next_comm=swapper/1 next_pid=0 next_prio=120
          <idle>-0     [000] ...2   935.158213: sched_switch: prev_comm=swapper/0 prev_pid=0 prev_prio=120 prev_state=R ==> next_comm=mmcqd/1 next_pid=116 next_prio=120
         mmcqd/1-116   [000] ...1   935.158255: block_rq_complete: 179,0 RA () 4008432 + 16 [0]
          <idle>-0     [001] ...2   935.158272: sched_switch: prev_comm=swapper/1 prev_pid=0 prev_prio=120 prev_state=R ==> next_comm=main next_pid=5641 next_prio=120
         mmcqd/1-116   [000] ...2   935.158283: sched_switch: prev_comm=mmcqd/1 prev_pid=116 prev_prio=120 prev_state=S ==> next_comm=swapper/0 next_pid=0 next_prio=120
            main-5641  [001] d..2   935.158545: block_rq_insert: 179,0 R 0 () 4079784 + 8 [main]
            main-5641  [001] d..2   935.158548: block_rq_insert: 179,0 R 0 () 4079880 + 40 [main]
            main-5641  [001] ...2   935.158561: sched_switch: prev_comm=main prev_pid=5641 prev_prio=120 prev_state=D|W ==> next_comm=swapper/1 next_pid=0 next_prio=120
          <idle>-0     [000] ...2   935.158566: sched_switch: prev_comm=swapper/0 prev_pid=0 prev_prio=120 prev_state=R ==> next_comm=mmcqd/1 next_pid=116 next_prio=120
         mmcqd/1-116   [000] ...2   935.158593: sched_switch: prev_comm=mmcqd/1 prev_pid=116 prev_prio=120 prev_state=S ==> next_comm=swapper/0 next_pid=0 next_prio=120
          <idle>-0     [000] ...2   935.158725: sched_switch: prev_comm=swapper/0 prev_pid=0 prev_prio=120 prev_state=R ==> next_comm=mmcqd/1 next_pid=116 next_prio=120
         mmcqd/1-116   [000] ...1   935.158780: block_rq_complete: 179,0 RA () 4008360 + 48 [0]
         mmcqd/1-116   [000] ...2   935.158826: sched_switch: prev_comm=mmcqd/1 prev_pid=116 prev_prio=120 prev_state=S ==> next_comm=swapper/0 next_pid=0 next_prio=120
          <idle>-0     [000] ...2   935.158936: sched_switch: prev_comm=swapper/0 prev_pid=0 prev_prio=120 prev_state=R ==> next_comm=ksoftirqd/0 next_pid=3 next_prio=120
     ksoftirqd/0-3     [000] ...2   935.158948: sched_switch: prev_comm=ksoftirqd/0 prev_pid=3 prev_prio=120 prev_state=S ==> next_comm=swapper/0 next_pid=0 next_prio=120
          <idle>-0     [000] ...2   935.158999: sched_switch: prev_comm=swapper/0 prev_pid=0 prev_prio=120 prev_state=R ==> next_comm=ksoftirqd/0 next_pid=3 next_prio=120
     ksoftirqd/0-3     [000] ...2   935.159008: sched_switch: prev_comm=ksoftirqd/0 prev_pid=3 prev_prio=120 prev_state=S ==> next_comm=mmcqd/1 next_pid=116 next_prio=120
         mmcqd/1-116   [000] ...1   935.159046: block_rq_complete: 179,0 RA () 4079784 + 8 [0]
         mmcqd/1-116   [000] ...2   935.159065: sched_switch: prev_comm=mmcqd/1 prev_pid=116 prev_prio=120 prev_state=S ==> next_comm=swapper/0 next_pid=0 next_prio=120
          <idle>-0     [000] ...2   935.159484: sched_switch: prev_comm=swapper/0 prev_pid=0 prev_prio=120 prev_state=R ==> next_comm=mmcqd/1 next_pid=116 next_prio=120
         mmcqd/1-116   [000] ...1   935.159511: block_rq_complete: 179,0 RA () 4079880 + 40 [0]
          <idle>-0     [001] ...2   935.159529: sched_switch: prev_comm=swapper/1 prev_pid=0 prev_prio=120 prev_state=R ==> next_comm=main next_pid=5641 next_prio=120
         mmcqd/1-116   [000] ...2   935.159542: sched_switch: prev_comm=mmcqd/1 prev_pid=116 prev_prio=120 prev_state=R+ ==> next_comm=kworker/0:1H next_pid=17 next_prio=100
    kworker/0:1H-17    [000] ...2   935.159553: sched_switch: prev_comm=kworker/0:1H prev_pid=17 prev_prio=100 prev_state=S ==> next_comm=mmcqd/1 next_pid=116 next_prio=120
         mmcqd/1-116   [000] ...2   935.159569: sched_switch: prev_comm=mmcqd/1 prev_pid=116 prev_prio=120 prev_state=S ==> next_comm=swapper/0 next_pid=0 next_prio=120
            main-5641  [001] d..2   935.160787: block_rq_insert: 179,0 R 0 () 4084016 + 8 [main]
            main-5641  [001] d..2   935.160790: block_rq_insert: 179,0 R 0 () 4084104 + 8 [main]
            main-5641  [001] d..2   935.160792: block_rq_insert: 179,0 R 0 () 4084128 + 8 [main]
            main-5641  [001] ...2   935.160804: sched_switch: prev_comm=main prev_pid=5641 prev_prio=120 prev_state=D|W ==> next_comm=swapper/1 next_pid=0 next_prio=120
          <idle>-0     [000] ...2   935.160814: sched_switch: prev_comm=swapper/0 prev_pid=0 prev_prio=120 prev_state=R ==> next_comm=mmcqd/1 next_pid=116 next_prio=120
         mmcqd/1-116   [000] ...2   935.160892: sched_switch: prev_comm=mmcqd/1 prev_pid=116 prev_prio=120 prev_state=S ==> next_comm=swapper/0 next_pid=0 next_prio=120
          <idle>-0     [000] ...2   935.161124: sched_switch: prev_comm=swapper/0 prev_pid=0 prev_prio=120 prev_state=R ==> next_comm=mmcqd/1 next_pid=116 next_prio=120
         mmcqd/1-116   [000] ...1   935.161163: block_rq_complete: 179,0 RA () 4084016 + 8 [0]
         mmcqd/1-116   [000] ...2   935.161198: sched_switch: prev_comm=mmcqd/1 prev_pid=116 prev_prio=120 prev_state=S ==> next_comm=swapper/0 next_pid=0 next_prio=120
          <idle>-0     [000] ...2   935.161392: sched_switch: prev_comm=swapper/0 prev_pid=0 prev_prio=120 prev_state=R ==> next_comm=mmcqd/1 next_pid=116 next_prio=120
         mmcqd/1-116   [000] ...1   935.161430: block_rq_complete: 179,0 RA () 4084104 + 8 [0]
          <idle>-0     [001] ...2   935.161448: sched_switch: prev_comm=swapper/1 prev_pid=0 prev_prio=120 prev_state=R ==> next_comm=main next_pid=5641 next_prio=120
         mmcqd/1-116   [000] ...2   935.161459: sched_switch: prev_comm=mmcqd/1 prev_pid=116 prev_prio=120 prev_state=S ==> next_comm=swapper/0 next_pid=0 next_prio=120
          <idle>-0     [000] ...2   935.161680: sched_switch: prev_comm=swapper/0 prev_pid=0 prev_prio=120 prev_state=R ==> next_comm=mmcqd/1 next_pid=116 next_prio=120
         mmcqd/1-116   [000] ...1   935.161695: block_rq_complete: 179,0 RA () 4084128 + 8 [0]
         mmcqd/1-116   [000] ...2   935.161717: sched_switch: prev_comm=mmcqd/1 prev_pid=116 prev_prio=120 prev_state=R+ ==> next_comm=kworker/0:1H next_pid=17 next_prio=100
    kworker/0:1H-17    [000] ...2   935.161729: sched_switch: prev_comm=kworker/0:1H prev_pid=17 prev_prio=100 prev_state=S ==> next_comm=mmcqd/1 next_pid=116 next_prio=120
         mmcqd/1-116   [000] ...2   935.161747: sched_switch: prev_comm=mmcqd/1 prev_pid=116 prev_prio=120 prev_state=S ==> next_comm=swapper/0 next_pid=0 next_prio=120
            main-5641  [001] d..2   935.162748: block_rq_insert: 179,0 R 0 () 4086360 + 56 [main]
            main-5641  [001] d..2   935.162751: block_rq_insert: 179,0 R 0 () 4086424 + 72 [main]
            main-5641  [001] d..2   935.162753: block_rq_insert: 179,0 R 0 () 4086528 + 32 [main]
            main-5641  [001] ...2   935.162766: sched_switch: prev_comm=main prev_pid=5641 prev_prio=120 prev_state=D|W ==> next_comm=swapper/1 next_pid=0 next_prio=120
          <idle>-0     [000] ...2   935.162773: sched_switch: prev_comm=swapper/0 prev_pid=0 prev_prio=120 prev_state=R ==> next_comm=mmcqd/1 next_pid=116 next_prio=120
         mmcqd/1-116   [000] ...2   935.162896: sched_switch: prev_comm=mmcqd/1 prev_pid=116 prev_prio=120 prev_state=S ==> next_comm=swapper/0 next_pid=0 next_prio=120
          <idle>-0     [000] ...2   935.163380: sched_switch: prev_comm=swapper/0 prev_pid=0 prev_prio=120 prev_state=R ==> next_comm=mmcqd/1 next_pid=116 next_prio=120
