          <idle>-0     [000] ...2   187.995631: sched_switch: prev_comm=swapper/0 prev_pid=0 prev_prio=120 prev_state=R ==> next_comm=mmcqd/1 next_pid=116 next_prio=120
         mmcqd/1-116   [000] ...1   187.995647: block_rq_complete: 179,0 RA () 3993752 + 8 [0]
          <idle>-0     [001] ...2   187.995663: sched_switch: prev_comm=swapper/1 prev_pid=0 prev_prio=120 prev_state=R ==> next_comm=main next_pid=2505 next_prio=120
         mmcqd/1-116   [000] ...2   187.995674: sched_switch: prev_comm=mmcqd/1 prev_pid=116 prev_prio=120 prev_state=R+ ==> next_comm=kworker/0:1H next_pid=17 next_prio=100
    kworker/0:1H-17    [000] ...2   187.995685: sched_switch: prev_comm=kworker/0:1H prev_pid=17 prev_prio=100 prev_state=S ==> next_comm=mmcqd/1 next_pid=116 next_prio=120
         mmcqd/1-116   [000] ...2   187.995700: sched_switch: prev_comm=mmcqd/1 prev_pid=116 prev_prio=120 prev_state=S ==> next_comm=swapper/0 next_pid=0 next_prio=120
            main-2505  [001] d..2   187.995742: block_rq_insert: 179,0 R 0 () 4019800 + 24 [main]
            main-2505  [001] d..2   187.995745: block_rq_insert: 179,0 R 0 () 4019896 + 8 [main]
            main-2505  [001] d..2   187.995746: block_rq_insert: 179,0 R 0 () 4019928 + 8 [main]
            main-2505  [001] ...2   187.995759: sched_switch: prev_comm=main prev_pid=2505 prev_prio=120 prev_state=D|W ==> next_comm=swapper/1 next_pid=0 next_prio=120
          <idle>-0     [000] ...2   187.995765: sched_switch: prev_comm=swapper/0 prev_pid=0 prev_prio=120 prev_state=R ==> next_comm=mmcqd/1 next_pid=116 next_prio=120
         mmcqd/1-116   [000] ...2   187.995839: sched_switch: prev_comm=mmcqd/1 prev_pid=116 prev_prio=120 prev_state=S ==> next_comm=swapper/0 next_pid=0 next_prio=120
          <idle>-0     [000] ...2   187.996206: sched_switch: prev_comm=swapper/0 prev_pid=0 prev_prio=120 prev_state=R ==> next_comm=mmcqd/1 next_pid=116 next_prio=120
         mmcqd/1-116   [000] ...1   187.996251: block_rq_complete: 179,0 RA () 4019800 + 24 [0]
         mmcqd/1-116   [000] ...2   187.996281: sched_switch: prev_comm=mmcqd/1 prev_pid=116 prev_prio=120 prev_state=S ==> next_comm=swapper/0 next_pid=0 next_prio=120
          <idle>-0     [000] ...2   187.996481: sched_switch: prev_comm=swapper/0 prev_pid=0 prev_prio=120 prev_state=R ==> next_comm=mmcqd/1 next_pid=116 next_prio=120
         mmcqd/1-116   [000] ...1   187.996520: block_rq_complete: 179,0 RA () 4019896 + 8 [0]
         mmcqd/1-116   [000] ...2   187.996538: sched_switch: prev_comm=mmcqd/1 prev_pid=116 prev_prio=120 prev_state=S ==> next_comm=swapper/0 next_pid=0 next_prio=120
          <idle>-0     [000] ...2   187.996762: sched_switch: prev_comm=swapper/0 prev_pid=0 prev_prio=120 prev_state=R ==> next_comm=mmcqd/1 next_pid=116 next_prio=120
         mmcqd/1-116   [000] ...1   187.996777: block_rq_complete: 179,0 RA () 4019928 + 8 [0]
          <idle>-0     [001] ...2   187.996792: sched_switch: prev_comm=swapper/1 prev_pid=0 prev_prio=120 prev_state=R ==> next_comm=main next_pid=2505 next_prio=120
         mmcqd/1-116   [000] ...2   187.996804: sched_switch: prev_comm=mmcqd/1 prev_pid=116 prev_prio=120 prev_state=R+ ==> next_comm=kworker/0:1H next_pid=17 next_prio=100
    kworker/0:1H-17    [000] ...2   187.996815: sched_switch: prev_comm=kworker/0:1H prev_pid=17 prev_prio=100 prev_state=S ==> next_comm=mmcqd/1 next_pid=116 next_prio=120
         mmcqd/1-116   [000] ...2   187.996829: sched_switch: prev_comm=mmcqd/1 prev_pid=116 prev_prio=120 prev_state=S ==> next_comm=swapper/0 next_pid=0 next_prio=120
            main-2505  [001] d..2   187.996866: block_rq_insert: 179,0 R 0 () 4028368 + 104 [main]
            main-2505  [001] d..2   187.996869: block_rq_insert: 179,0 R 0 () 4028480 + 32 [main]
            main-2505  [001] ...2   187.996881: sched_switch: prev_comm=main prev_pid=2505 prev_prio=120 prev_state=D|W ==> next_comm=swapper/1 next_pid=0 next_prio=120
          <idle>-0     [000] ...2   187.996887: sched_switch: prev_comm=swapper/0 prev_pid=0 prev_prio=120 prev_state=R ==> next_comm=mmcqd/1 next_pid=116 next_prio=120
         mmcqd/1-116   [000] ...2   187.997002: sched_switch: prev_comm=mmcqd/1 prev_pid=116 prev_prio=120 prev_state=S ==> next_comm=swapper/0 next_pid=0 next_prio=120
          <idle>-0     [000] ...2   187.997797: sched_switch: prev_comm=swapper/0 prev_pid=0 prev_prio=120 prev_state=R ==> next_comm=mmcqd/1 next_pid=116 next_prio=120
         mmcqd/1-116   [000] ...1   187.997869: block_rq_complete: 179,0 RA () 4028368 + 104 [0]
         mmcqd/1-116   [000] ...2   187.997893: sched_switch: prev_comm=mmcqd/1 prev_pid=116 prev_prio=120 prev_state=S ==> next_comm=swapper/0 next_pid=0 next_prio=120
          <idle>-0     [000] ...2   187.998192: sched_switch: prev_comm=swapper/0 prev_pid=0 prev_prio=120 prev_state=R ==> next_comm=mmcqd/1 next_pid=116 next_prio=120
         mmcqd/1-116   [000] ...1   187.998217: block_rq_complete: 179,0 RA () 4028480 + 32 [0]
          <idle>-0     [001] ...2   187.998232: sched_switch: prev_comm=swapper/1 prev_pid=0 prev_prio=120 prev_state=R ==> next_comm=main next_pid=2505 next_prio=120
         mmcqd/1-116   [000] ...2   187.998244: sched_switch: prev_comm=mmcqd/1 prev_pid=116 prev_prio=120 prev_state=R+ ==> next_comm=kworker/0:1H next_pid=17 next_prio=100
    kworker/0:1H-17    [000] ...2   187.998257: sched_switch: prev_comm=kworker/0:1H prev_pid=17 prev_prio=100 prev_state=S ==> next_comm=mmcqd/1 next_pid=116 next_prio=120
         mmcqd/1-116   [000] ...2   187.998271: sched_switch: prev_comm=mmcqd/1 prev_pid=116 prev_prio=120 prev_state=S ==> next_comm=swapper/0 next_pid=0 next_prio=120
          <idle>-0     [000] ...2   187.998317: sched_switch: prev_comm=swapper/0 prev_pid=0 prev_prio=120 prev_state=R ==> next_comm=main next_pid=2518 next_prio=120
            main-2505  [001] ...2   187.998507: sched_switch: prev_comm=main prev_pid=2505 prev_prio=120 prev_state=S ==> next_comm=swapper/1 next_pid=0 next_prio=120
          <idle>-0     [001] ...2   187.998975: sched_switch: prev_comm=swapper/1 prev_pid=0 prev_prio=120 prev_state=R ==> next_comm=main next_pid=2505 next_prio=120
 FinalizerDaemon-2518  [000] ...2   187.999039: sched_switch: prev_comm=FinalizerDaemon prev_pid=2518 prev_prio=120 prev_state=S ==> next_comm=swapper/0 next_pid=0 next_prio=120
          <idle>-0     [000] ...2   187.999062: sched_switch: prev_comm=swapper/0 prev_pid=0 prev_prio=120 prev_state=R ==> next_comm=ksoftirqd/0 next_pid=3 next_prio=120
     ksoftirqd/0-3     [000] ...2   187.999074: sched_switch: prev_comm=ksoftirqd/0 prev_pid=3 prev_prio=120 prev_state=S ==> next_comm=swapper/0 next_pid=0 next_prio=120
          <idle>-0     [000] ...2   187.999096: sched_switch: prev_comm=swapper/0 prev_pid=0 prev_prio=120 prev_state=R ==> next_comm=ksoftirqd/0 next_pid=3 next_prio=120
     ksoftirqd/0-3     [000] ...2   187.999106: sched_switch: prev_comm=ksoftirqd/0 prev_pid=3 prev_prio=120 prev_state=S ==> next_comm=swapper/0 next_pid=0 next_prio=120
          <idle>-0     [000] ...2   187.999129: sched_switch: prev_comm=swapper/0 prev_pid=0 prev_prio=120 prev_state=R ==> next_comm=ksoftirqd/0 next_pid=3 next_prio=120
     ksoftirqd/0-3     [000] ...2   187.999138: sched_switch: prev_comm=ksoftirqd/0 prev_pid=3 prev_prio=120 prev_state=S ==> next_comm=swapper/0 next_pid=0 next_prio=120
          <idle>-0     [000] ...2   187.999325: sched_switch: prev_comm=swapper/0 prev_pid=0 prev_prio=120 prev_state=R ==> next_comm=main next_pid=2520 next_prio=120
            main-2505  [001] ...2   187.999532: sched_switch: prev_comm=main prev_pid=2505 prev_prio=120 prev_state=S ==> next_comm=main next_pid=2519 next_prio=120
 HeapTrimmerDaem-2520  [000] ...2   187.999551: sched_switch: prev_comm=main prev_pid=2520 prev_prio=120 prev_state=D ==> next_comm=swapper/0 next_pid=0 next_prio=120
          <idle>-0     [000] ...2   187.999558: sched_switch: prev_comm=swapper/0 prev_pid=0 prev_prio=120 prev_state=R ==> next_comm=main next_pid=2520 next_prio=120
 FinalizerWatchd-2519  [001] ...2   187.999565: sched_switch: prev_comm=main prev_pid=2519 prev_prio=120 prev_state=S ==> next_comm=swapper/1 next_pid=0 next_prio=120
          <idle>-0     [001] ...2   187.999999: sched_switch: prev_comm=swapper/1 prev_pid=0 prev_prio=120 prev_state=R ==> next_comm=main next_pid=2505 next_prio=120
 HeapTrimmerDaem-2520  [000] ...2   188.000048: sched_switch: prev_comm=HeapTrimmerDaem prev_pid=2520 prev_prio=120 prev_state=S ==> next_comm=swapper/0 next_pid=0 next_prio=120
          <idle>-0     [000] ...2   188.000056: sched_switch: prev_comm=swapper/0 prev_pid=0 prev_prio=120 prev_state=R ==> next_comm=main next_pid=2521 next_prio=120
            main-2505  [001] d..2   188.000242: block_rq_insert: 179,0 R 0 () 4008360 + 48 [main]
            main-2505  [001] d..2   188.000245: block_rq_insert: 179,0 R 0 () 4008432 + 16 [main]
            main-2505  [001] d..2   188.000247: block_rq_insert: 179,0 R 0 () 4008456 + 8 [main]
            main-2505  [001] d..2   188.000249: block_rq_insert: 179,0 R 0 () 4008536 + 16 [main]
        GCDaemon-2521  [000] ...2   188.000261: sched_switch: prev_comm=main prev_pid=2521 prev_prio=120 prev_state=R ==> next_comm=mmcqd/1 next_pid=116 next_prio=120
            main-2505  [001] ...2   188.000261: sched_switch: prev_comm=main prev_pid=2505 prev_prio=120 prev_state=D|W ==> next_comm=main next_pid=2519 next_prio=120
 FinalizerWatchd-2519  [001] ...2   188.000278: sched_switch: prev_comm=main prev_pid=2519 prev_prio=120 prev_state=S ==> next_comm=swapper/1 next_pid=0 next_prio=120
         mmcqd/1-116   [000] ...2   188.000337: sched_switch: prev_comm=mmcqd/1 prev_pid=116 prev_prio=120 prev_state=S ==> next_comm=main next_pid=2521 next_prio=120
        GCDaemon-2521  [000] ...2   188.000632: sched_switch: prev_comm=main prev_pid=2521 prev_prio=120 prev_state=R+ ==> next_comm=mmcqd/1 next_pid=116 next_prio=120
         mmcqd/1-116   [000] ...1   188.000674: block_rq_complete: 179,0 RA () 4008536 + 16 [0]
         mmcqd/1-116   [000] ...2   188.000709: sched_switch: prev_comm=mmcqd/1 prev_pid=116 prev_prio=120 prev_state=S ==> next_comm=main next_pid=2521 next_prio=120
        GCDaemon-2521  [000] ...2   188.000892: sched_switch: prev_comm=main prev_pid=2521 prev_prio=120 prev_state=R ==> next_comm=mmcqd/1 next_pid=116 next_prio=120
         mmcqd/1-116   [000] ...1   188.000932: block_rq_complete: 179,0 RA () 4008456 + 8 [0]
          <idle>-0     [001] ...2   188.000950: sched_switch: prev_comm=swapper/1 prev_pid=0 prev_prio=120 prev_state=R ==> next_comm=main next_pid=2505 next_prio=120
            main-2505  [001] ...2   188.000969: sched_switch: prev_comm=main prev_pid=2505 prev_prio=120 prev_state=D|W ==> next_comm=swapper/1 next_pid=0 next_prio=120
         mmcqd/1-116   [000] ...2   188.000984: sched_switch: prev_comm=mmcqd/1 prev_pid=116 prev_prio=120 prev_state=S ==> next_comm=main next_pid=2521 next_prio=120
          <idle>-0     [001] ...2   188.001013: sched_switch: prev_comm=swapper/1 prev_pid=0 prev_prio=120 prev_state=R ==> next_comm=main next_pid=2519 next_prio=120
        GCDaemon-2521  [000] ...2   188.001059: sched_switch: prev_comm=GCDaemon prev_pid=2521 prev_prio=120 prev_state=S ==> next_comm=swapper/0 next_pid=0 next_prio=120
          <idle>-0     [000] ...2   188.001230: sched_switch: prev_comm=swapper/0 prev_pid=0 prev_prio=120 prev_state=R ==> next_comm=mmcqd/1 next_pid=116 next_prio=120
         mmcqd/1-116   [000] ...1   188.001271: block_rq_complete: 179,0 RA () 4008432 + 16 [0]
 FinalizerWatchd-2519  [001] ...2   188.001284: sched_switch: prev_comm=main prev_pid=2519 prev_prio=120 prev_state=R+ ==> next_comm=main next_pid=2505 next_prio=120
            main-2505  [001] ...2   188.001290: sched_switch: prev_comm=main prev_pid=2505 prev_prio=120 prev_state=D ==> next_comm=main next_pid=2519 next_prio=120
         mmcqd/1-116   [000] ...2   188.001298: sched_switch: prev_comm=mmcqd/1 prev_pid=116 prev_prio=120 prev_state=S ==> next_comm=swapper/0 next_pid=0 next_prio=120
 FinalizerWatchd-2519  [001] ...2   188.001301: sched_switch: prev_comm=main prev_pid=2519 prev_prio=120 prev_state=R+ ==> next_comm=main next_pid=2505 next_prio=120
            main-2505  [001] d..2   188.001565: block_rq_insert: 179,0 R 0 () 4079784 + 8 [main]
            main-2505  [001] d..2   188.001568: block_rq_insert: 179,0 R 0 () 4079880 + 40 [main]
            main-2505  [001] ...2   188.001581: sched_switch: prev_comm=main prev_pid=2505 prev_prio=120 prev_state=D|W ==> next_comm=main next_pid=2519 next_prio=120
          <idle>-0     [000] ...2   188.001586: sched_switch: prev_comm=swapper/0 prev_pid=0 prev_prio=120 prev_state=R ==> next_comm=mmcqd/1 next_pid=116 next_prio=120
         mmcqd/1-116   [000] ...2   188.001611: sched_switch: prev_comm=mmcqd/1 prev_pid=116 prev_prio=120 prev_state=S ==> next_comm=swapper/0 next_pid=0 next_prio=120
 FinalizerWatchd-2519  [001] ...2   188.001704: sched_switch: prev_comm=FinalizerWatchd prev_pid=2519 prev_prio=120 prev_state=S ==> next_comm=swapper/1 next_pid=0 next_prio=120
          <idle>-0     [001] ...2   188.001721: sched_switch: prev_comm=swapper/1 prev_pid=0 prev_prio=120 prev_state=R ==> next_comm=ksoftirqd/1 next_pid=2509 next_prio=120
     ksoftirqd/1-2509  [001] ...2   188.001729: sched_switch: prev_comm=ksoftirqd/1 prev_pid=2509 prev_prio=120 prev_state=S ==> next_comm=swapper/1 next_pid=0 next_prio=120
          <idle>-0     [000] ...2   188.001742: sched_switch: prev_comm=swapper/0 prev_pid=0 prev_prio=120 prev_state=R ==> next_comm=mmcqd/1 next_pid=116 next_prio=120
          <idle>-0     [001] ...2   188.001742: sched_switch: prev_comm=swapper/1 prev_pid=0 prev_prio=120 prev_state=R ==> next_comm=ksoftirqd/1 next_pid=2509 next_prio=120
     ksoftirqd/1-2509  [001] ...2   188.001749: sched_switch: prev_comm=ksoftirqd/1 prev_pid=2509 prev_prio=120 prev_state=S ==> next_comm=swapper/1 next_pid=0 next_prio=120
          <idle>-0     [001] ...2   188.001762: sched_switch: prev_comm=swapper/1 prev_pid=0 prev_prio=120 prev_state=R ==> next_comm=ksoftirqd/1 next_pid=2509 next_prio=120
     ksoftirqd/1-2509  [001] ...2   188.001769: sched_switch: prev_comm=ksoftirqd/1 prev_pid=2509 prev_prio=120 prev_state=S ==> next_comm=swapper/1 next_pid=0 next_prio=120
         mmcqd/1-116   [000] ...1   188.001796: block_rq_complete: 179,0 RA () 4008360 + 48 [0]
         mmcqd/1-116   [000] ...2   188.001842: sched_switch: prev_comm=mmcqd/1 prev_pid=116 prev_prio=120 prev_state=S ==> next_comm=swapper/0 next_pid=0 next_prio=120
          <idle>-0     [000] ...2   188.002015: sched_switch: prev_comm=swapper/0 prev_pid=0 prev_prio=120 prev_state=R ==> next_comm=mmcqd/1 next_pid=116 next_prio=120
         mmcqd/1-116   [000] ...1   188.002054: block_rq_complete: 179,0 RA () 4079784 + 8 [0]
         mmcqd/1-116   [000] ...2   188.002072: sched_switch: prev_comm=mmcqd/1 prev_pid=116 prev_prio=120 prev_state=S ==> next_comm=swapper/0 next_pid=0 next_prio=120
          <idle>-0     [000] ...2   188.002486: sched_switch: prev_comm=swapper/0 prev_pid=0 prev_prio=120 prev_state=R ==> next_comm=mmcqd/1 next_pid=116 next_prio=120
         mmcqd/1-116   [000] ...1   188.002513: block_rq_complete: 179,0 RA () 4079880 + 40 [0]
          <idle>-0     [001] ...2   188.002531: sched_switch: prev_comm=swapper/1 prev_pid=0 prev_prio=120 prev_state=R ==> next_comm=main next_pid=2505 next_prio=120
         mmcqd/1-116   [000] ...2   188.002543: sched_switch: prev_comm=mmcqd/1 prev_pid=116 prev_prio=120 prev_state=R+ ==> next_comm=kworker/0:1H next_pid=17 next_prio=100
    kworker/0:1H-17    [000] ...2   188.002555: sched_switch: prev_comm=kworker/0:1H prev_pid=17 prev_prio=100 prev_state=S ==> next_comm=mmcqd/1 next_pid=116 next_prio=120
         mmcqd/1-116   [000] ...2   188.002571: sched_switch: prev_comm=mmcqd/1 prev_pid=116 prev_prio=120 prev_state=S ==> next_comm=swapper/0 next_pid=0 next_prio=120
            main-2505  [001] d..2   188.003809: block_rq_insert: 179,0 R 0 () 4084016 + 8 [main]
            main-2505  [001] d..2   188.003814: block_rq_insert: 179,0 R 0 () 4084104 + 8 [main]
            main-2505  [001] d..2   188.003816: block_rq_insert: 179,0 R 0 () 4084128 + 8 [main]
            main-2505  [001] ...2   188.003830: sched_switch: prev_comm=main prev_pid=2505 prev_prio=120 prev_state=D|W ==> next_comm=swapper/1 next_pid=0 next_prio=120
          <idle>-0     [000] ...2   188.003836: sched_switch: prev_comm=swapper/0 prev_pid=0 prev_prio=120 prev_state=R ==> next_comm=mmcqd/1 next_pid=116 next_prio=120
         mmcqd/1-116   [000] ...2   188.003912: sched_switch: prev_comm=mmcqd/1 prev_pid=116 prev_prio=120 prev_state=S ==> next_comm=swapper/0 next_pid=0 next_prio=120
          <idle>-0     [000] ...2   188.004141: sched_switch: prev_comm=swapper/0 prev_pid=0 prev_prio=120 prev_state=R ==> next_comm=mmcqd/1 next_pid=116 next_prio=120
         mmcqd/1-116   [000] ...1   188.004180: block_rq_complete: 179,0 RA () 4084016 + 8 [0]
         mmcqd/1-116   [000] ...2   188.004214: sched_switch: prev_comm=mmcqd/1 prev_pid=116 prev_prio=120 prev_state=S ==> next_comm=swapper/0 next_pid=0 next_prio=120
          <idle>-0     [000] ...2   188.004405: sched_switch: prev_comm=swapper/0 prev_pid=0 prev_prio=120 prev_state=R ==> next_comm=mmcqd/1 next_pid=116 next_prio=120
         mmcqd/1-116   [000] ...1   188.004444: block_rq_complete: 179,0 RA () 4084104 + 8 [0]
          <idle>-0     [001] ...2   188.004462: sched_switch: prev_comm=swapper/1 prev_pid=0 prev_prio=120 prev_state=R ==> next_comm=main next_pid=2505 next_prio=120
         mmcqd/1-116   [000] ...2   188.004471: sched_switch: prev_comm=mmcqd/1 prev_pid=116 prev_prio=120 prev_state=S ==> next_comm=swapper/0 next_pid=0 next_prio=120
          <idle>-0     [000] ...2   188.004694: sched_switch: prev_comm=swapper/0 prev_pid=0 prev_prio=120 prev_state=R ==> next_comm=mmcqd/1 next_pid=116 next_prio=120
         mmcqd/1-116   [000] ...1   188.004710: block_rq_complete: 179,0 RA () 4084128 + 8 [0]
         mmcqd/1-116   [000] ...2   188.004733: sched_switch: prev_comm=mmcqd/1 prev_pid=116 prev_prio=120 prev_state=R+ ==> next_comm=kworker/0:1H next_pid=17 next_prio=100
    kworker/0:1H-17    [000] ...2   188.004744: sched_switch: prev_comm=kworker/0:1H prev_pid=17 prev_prio=100 prev_state=S ==> next_comm=mmcqd/1 next_pid=116 next_prio=120
         mmcqd/1-116   [000] ...2   188.004762: sched_switch: prev_comm=mmcqd/1 prev_pid=116 prev_prio=120 prev_state=S ==> next_comm=swapper/0 next_pid=0 next_prio=120
            main-2505  [001] d..2   188.005749: block_rq_insert: 179,0 R 0 () 4086360 + 56 [main]
            main-2505  [001] d..2   188.005752: block_rq_insert: 179,0 R 0 () 4086424 + 72 [main]
            main-2505  [001] d..2   188.005754: block_rq_insert: 179,0 R 0 () 4086528 + 32 [main]
            main-2505  [001] ...2   188.005768: sched_switch: prev_comm=main prev_pid=2505 prev_prio=120 prev_state=D|W ==> next_comm=swapper/1 next_pid=0 next_prio=120
          <idle>-0     [000] ...2   188.005771: sched_switch: prev_comm=swapper/0 prev_pid=0 prev_prio=120 prev_state=R ==> next_comm=mmcqd/1 next_pid=116 next_prio=120
         mmcqd/1-116   [000] ...2   188.005891: sched_switch: prev_comm=mmcqd/1 prev_pid=116 prev_prio=120 prev_state=S ==> next_comm=swapper/0 next_pid=0 next_prio=120
          <idle>-0     [000] ...2   188.006372: sched_switch: prev_comm=swapper/0 prev_pid=0 prev_prio=120 prev_state=R ==> next_comm=mmcqd/1 next_pid=116 next_prio=120
         mmcqd/1-116   [000] ...1   188.006428: block_rq_complete: 179,0 RA () 4086360 + 56 [0]
         mmcqd/1-116   [000] ...2   188.006474: sched_switch: prev_comm=mmcqd/1 prev_pid=116 prev_prio=120 prev_state=S ==> next_comm=swapper/0 next_pid=0 next_prio=120
          <idle>-0     [000] ...2   188.006966: sched_switch: prev_comm=swapper/0 prev_pid=0 prev_prio=120 prev_state=R ==> next_comm=mmcqd/1 next_pid=116 next_prio=120
         mmcqd/1-116   [000] ...1   188.007027: block_rq_complete: 179,0 RA () 4086424 + 72 [0]
          <idle>-0     [001] ...2   188.007047: sched_switch: prev_comm=swapper/1 prev_pid=0 prev_prio=120 prev_state=R ==> next_comm=main next_pid=2505 next_prio=120
         mmcqd/1-116   [000] ...2   188.007059: sched_switch: prev_comm=mmcqd/1 prev_pid=116 prev_prio=120 prev_state=S ==> next_comm=swapper/0 next_pid=0 next_prio=120
          <idle>-0     [000] ...2   188.007350: sched_switch: prev_comm=swapper/0 prev_pid=0 prev_prio=120 prev_state=R ==> next_comm=mmcqd/1 next_pid=116 next_prio=120
         mmcqd/1-116   [000] ...1   188.007374: block_rq_complete: 179,0 RA () 4086528 + 32 [0]
         mmcqd/1-116   [000] ...2   188.007395: sched_switch: prev_comm=mmcqd/1 prev_pid=116 prev_prio=120 prev_state=R+ ==> next_comm=kworker/0:1H next_pid=17 next_prio=100
    kworker/0:1H-17    [000] ...2   188.007407: sched_switch: prev_comm=kworker/0:1H prev_pid=17 prev_prio=100 prev_state=S ==> next_comm=mmcqd/1 next_pid=116 next_prio=120
         mmcqd/1-116   [000] ...2   188.007424: sched_switch: prev_comm=mmcqd/1 prev_pid=116 prev_prio=120 prev_state=S ==> next_comm=swapper/0 next_pid=0 next_prio=120
          <idle>-0     [000] ...2   188.008931: sched_switch: prev_comm=swapper/0 prev_pid=0 prev_prio=120 prev_state=R ==> next_comm=kworker/u:2 next_pid=80 next_prio=120
           <...>-80    [000] ...2   188.008955: sched_switch: prev_comm=kworker/u:2 prev_pid=80 prev_prio=120 prev_state=S ==> next_comm=ksoftirqd/0 next_pid=3 next_prio=120
     ksoftirqd/0-3     [000] ...2   188.008966: sched_switch: prev_comm=ksoftirqd/0 prev_pid=3 prev_prio=120 prev_state=S ==> next_comm=mpdecision next_pid=1527 next_prio=113
            main-2505  [001] d..2   188.008994: block_rq_insert: 179,0 R 0 () 4078456 + 40 [main]
            main-2505  [001] d..2   188.008997: block_rq_insert: 179,0 R 0 () 4078544 + 88 [main]
            main-2505  [001] d..2   188.008999: block_rq_insert: 179,0 R 0 () 4078640 + 56 [main]
            main-2505  [001] ...2   188.009008: sched_switch: prev_comm=main prev_pid=2505 prev_prio=120 prev_state=R+ ==> next_comm=mmcqd/1 next_pid=116 next_prio=120
         mmcqd/1-116   [001] ...2   188.009081: sched_switch: prev_comm=mmcqd/1 prev_pid=116 prev_prio=120 prev_state=S ==> next_comm=main next_pid=2505 next_prio=120
            main-2505  [001] ...2   188.009089: sched_switch: prev_comm=main prev_pid=2505 prev_prio=120 prev_state=D|W ==> next_comm=swapper/1 next_pid=0 next_prio=120
      mpdecision-1527  [000] ...2   188.009382: sched_switch: prev_comm=mpdecision prev_pid=1527 prev_prio=113 prev_state=S ==> next_comm=swapper/0 next_pid=0 next_prio=120
          <idle>-0     [000] ...2   188.009412: sched_switch: prev_comm=swapper/0 prev_pid=0 prev_prio=120 prev_state=R ==> next_comm=ksoftirqd/0 next_pid=3 next_prio=120
     ksoftirqd/0-3     [000] ...2   188.009432: sched_switch: prev_comm=ksoftirqd/0 prev_pid=3 prev_prio=120 prev_state=S ==> next_comm=swapper/0 next_pid=0 next_prio=120
          <idle>-0     [000] ...2   188.009458: sched_switch: prev_comm=swapper/0 prev_pid=0 prev_prio=120 prev_state=R ==> next_comm=ksoftirqd/0 next_pid=3 next_prio=120
     ksoftirqd/0-3     [000] ...2   188.009474: sched_switch: prev_comm=ksoftirqd/0 prev_pid=3 prev_prio=120 prev_state=S ==> next_comm=swapper/0 next_pid=0 next_prio=120
          <idle>-0     [000] ...2   188.009587: sched_switch: prev_comm=swapper/0 prev_pid=0 prev_prio=120 prev_state=R ==> next_comm=mmcqd/1 next_pid=116 next_prio=120
         mmcqd/1-116   [000] ...1   188.009646: block_rq_complete: 179,0 RA () 4078640 + 56 [0]
         mmcqd/1-116   [000] ...2   188.009696: sched_switch: prev_comm=mmcqd/1 prev_pid=116 prev_prio=120 prev_state=S ==> next_comm=swapper/0 next_pid=0 next_prio=120
          <idle>-0     [000] ...2   188.010374: sched_switch: prev_comm=swapper/0 prev_pid=0 prev_prio=120 prev_state=R ==> next_comm=mmcqd/1 next_pid=116 next_prio=120
         mmcqd/1-116   [000] ...1   188.010441: block_rq_complete: 179,0 RA () 4078544 + 88 [0]
          <idle>-0     [001] ...2   188.010461: sched_switch: prev_comm=swapper/1 prev_pid=0 prev_prio=120 prev_state=R ==> next_comm=main next_pid=2505 next_prio=120
         mmcqd/1-116   [000] ...2   188.010474: sched_switch: prev_comm=mmcqd/1 prev_pid=116 prev_prio=120 prev_state=S ==> next_comm=swapper/0 next_pid=0 next_prio=120
            main-2505  [001] d..2   188.010537: block_rq_insert: 179,0 R 0 () 4078128 + 8 [main]
            main-2505  [001] d..2   188.010540: block_rq_insert: 179,0 R 0 () 4078152 + 8 [main]
            main-2505  [001] d..2   188.010541: block_rq_insert: 179,0 R 0 () 4078176 + 24 [main]
            main-2505  [001] d..2   188.010543: block_rq_insert: 179,0 R 0 () 4078208 + 56 [main]
            main-2505  [001] d..2   188.010545: block_rq_insert: 179,0 R 0 () 4078280 + 104 [main]
            main-2505  [001] ...2   188.010558: sched_switch: prev_comm=main prev_pid=2505 prev_prio=120 prev_state=D|W ==> next_comm=swapper/1 next_pid=0 next_prio=120
          <idle>-0     [000] ...2   188.010564: sched_switch: prev_comm=swapper/0 prev_pid=0 prev_prio=120 prev_state=R ==> next_comm=mmcqd/1 next_pid=116 next_prio=120
         mmcqd/1-116   [000] ...2   188.010631: sched_switch: prev_comm=mmcqd/1 prev_pid=116 prev_prio=120 prev_state=S ==> next_comm=swapper/0 next_pid=0 next_prio=120
          <idle>-0     [000] ...2   188.010864: sched_switch: prev_comm=swapper/0 prev_pid=0 prev_prio=120 prev_state=R ==> next_comm=mmcqd/1 next_pid=116 next_prio=120
         mmcqd/1-116   [000] ...1   188.010915: block_rq_complete: 179,0 RA () 4078456 + 40 [0]
         mmcqd/1-116   [000] ...2   188.010969: sched_switch: prev_comm=mmcqd/1 prev_pid=116 prev_prio=120 prev_state=S ==> next_comm=swapper/0 next_pid=0 next_prio=120
          <idle>-0     [000] ...2   188.011722: sched_switch: prev_comm=swapper/0 prev_pid=0 prev_prio=120 prev_state=R ==> next_comm=mmcqd/1 next_pid=116 next_prio=120
         mmcqd/1-116   [000] ...1   188.011795: block_rq_complete: 179,0 RA () 4078280 + 104 [0]
         mmcqd/1-116   [000] ...2   188.011839: sched_switch: prev_comm=mmcqd/1 prev_pid=116 prev_prio=120 prev_state=S ==> next_comm=swapper/0 next_pid=0 next_prio=120
          <idle>-0     [000] ...2   188.012248: sched_switch: prev_comm=swapper/0 prev_pid=0 prev_prio=120 prev_state=R ==> next_comm=mmcqd/1 next_pid=116 next_prio=120
         mmcqd/1-116   [000] ...1   188.012304: block_rq_complete: 179,0 RA () 4078208 + 56 [0]
          <idle>-0     [001] ...2   188.012322: sched_switch: prev_comm=swapper/1 prev_pid=0 prev_prio=120 prev_state=R ==> next_comm=main next_pid=2505 next_prio=120
         mmcqd/1-116   [000] ...2   188.012345: sched_switch: prev_comm=mmcqd/1 prev_pid=116 prev_prio=120 prev_state=S ==> next_comm=swapper/0 next_pid=0 next_prio=120
            main-2505  [001] d..2   188.012499: block_rq_insert: 179,0 R 0 () 4077968 + 8 [main]
            main-2505  [001] d..2   188.012501: block_rq_insert: 179,0 R 0 () 4078016 + 88 [main]
            main-2505  [001] ...2   188.012511: sched_switch: prev_comm=main prev_pid=2505 prev_prio=120 prev_state=D|W ==> next_comm=swapper/1 next_pid=0 next_prio=120
          <idle>-0     [000] ...2   188.012617: sched_switch: prev_comm=swapper/0 prev_pid=0 prev_prio=120 prev_state=R ==> next_comm=mmcqd/1 next_pid=116 next_prio=120
         mmcqd/1-116   [000] ...1   188.012663: block_rq_complete: 179,0 RA () 4078176 + 24 [0]
         mmcqd/1-116   [000] ...2   188.012705: sched_switch: prev_comm=mmcqd/1 prev_pid=116 prev_prio=120 prev_state=S ==> next_comm=swapper/0 next_pid=0 next_prio=120
          <idle>-0     [000] ...2   188.012908: sched_switch: prev_comm=swapper/0 prev_pid=0 prev_prio=120 prev_state=R ==> next_comm=mmcqd/1 next_pid=116 next_prio=120
         mmcqd/1-116   [000] ...1   188.012947: block_rq_complete: 179,0 RA () 4078152 + 8 [0]
         mmcqd/1-116   [000] ...2   188.013009: sched_switch: prev_comm=mmcqd/1 prev_pid=116 prev_prio=120 prev_state=S ==> next_comm=swapper/0 next_pid=0 next_prio=120
          <idle>-0     [000] ...2   188.013266: sched_switch: prev_comm=swapper/0 prev_pid=0 prev_prio=120 prev_state=R ==> next_comm=mmcqd/1 next_pid=116 next_prio=120
         mmcqd/1-116   [000] ...1   188.013311: block_rq_complete: 179,0 RA () 4078112 + 24 [0]
         mmcqd/1-116   [000] ...2   188.013342: sched_switch: prev_comm=mmcqd/1 prev_pid=116 prev_prio=120 prev_state=S ==> next_comm=swapper/0 next_pid=0 next_prio=120
          <idle>-0     [000] ...2   188.014044: sched_switch: prev_comm=swapper/0 prev_pid=0 prev_prio=120 prev_state=R ==> next_comm=mmcqd/1 next_pid=116 next_prio=120
         mmcqd/1-116   [000] ...1   188.014111: block_rq_complete: 179,0 RA () 4078016 + 88 [0]
          <idle>-0     [001] ...2   188.014131: sched_switch: prev_comm=swapper/1 prev_pid=0 prev_prio=120 prev_state=R ==> next_comm=main next_pid=2505 next_prio=120
         mmcqd/1-116   [000] ...2   188.014141: sched_switch: prev_comm=mmcqd/1 prev_pid=116 prev_prio=120 prev_state=S ==> next_comm=swapper/0 next_pid=0 next_prio=120
            main-2505  [001] d..2   188.014278: block_rq_insert: 179,0 R 0 () 3992040 + 24 [main]
            main-2505  [001] d..2   188.014281: block_rq_insert: 179,0 R 0 () 3992168 + 8 [main]
            main-2505  [001] d..2   188.014282: block_rq_insert: 179,0 R 0 () 3992192 + 56 [main]
            main-2505  [001] ...2   188.014296: sched_switch: prev_comm=main prev_pid=2505 prev_prio=120 prev_state=D|W ==> next_comm=swapper/1 next_pid=0 next_prio=120
          <idle>-0     [000] ...2   188.014312: sched_switch: prev_comm=swapper/0 prev_pid=0 prev_prio=120 prev_state=R ==> next_comm=mmcqd/1 next_pid=116 next_prio=120
         mmcqd/1-116   [000] ...1   188.014328: block_rq_complete: 179,0 RA () 4077968 + 8 [0]
         mmcqd/1-116   [000] ...2   188.014351: sched_switch: prev_comm=mmcqd/1 prev_pid=116 prev_prio=120 prev_state=R+ ==> next_comm=kworker/0:1H next_pid=17 next_prio=100
    kworker/0:1H-17    [000] ...2   188.014362: sched_switch: prev_comm=kworker/0:1H prev_pid=17 prev_prio=100 prev_state=S ==> next_comm=mmcqd/1 next_pid=116 next_prio=120
         mmcqd/1-116   [000] ...2   188.014440: sched_switch: prev_comm=mmcqd/1 prev_pid=116 prev_prio=120 prev_state=S ==> next_comm=swapper/0 next_pid=0 next_prio=120
          <idle>-0     [000] ...2   188.014746: sched_switch: prev_comm=swapper/0 prev_pid=0 prev_prio=120 prev_state=R ==> next_comm=mmcqd/1 next_pid=116 next_prio=120
         mmcqd/1-116   [000] ...1   188.014791: block_rq_complete: 179,0 RA () 3992040 + 24 [0]
         mmcqd/1-116   [000] ...2   188.014840: sched_switch: prev_comm=mmcqd/1 prev_pid=116 prev_prio=120 prev_state=S ==> next_comm=swapper/0 next_pid=0 next_prio=120
          <idle>-0     [000] ...2   188.015043: sched_switch: prev_comm=swapper/0 prev_pid=0 prev_prio=120 prev_state=R ==> next_comm=mmcqd/1 next_pid=116 next_prio=120
         mmcqd/1-116   [000] ...1   188.015082: block_rq_complete: 179,0 RA () 3992168 + 8 [0]
          <idle>-0     [001] ...2   188.015099: sched_switch: prev_comm=swapper/1 prev_pid=0 prev_prio=120 prev_state=R ==> next_comm=main next_pid=2505 next_prio=120
         mmcqd/1-116   [000] ...2   188.015107: sched_switch: prev_comm=mmcqd/1 prev_pid=116 prev_prio=120 prev_state=S ==> next_comm=swapper/0 next_pid=0 next_prio=120
            main-2505  [001] d..2   188.015138: block_rq_insert: 179,0 R 0 () 3992296 + 8 [main]
            main-2505  [001] d..2   188.015141: block_rq_insert: 179,0 R 0 () 3992368 + 16 [main]
            main-2505  [001] d..2   188.015142: block_rq_insert: 179,0 R 0 () 3992400 + 8 [main]
            main-2505  [001] ...2   188.015154: sched_switch: prev_comm=main prev_pid=2505 prev_prio=120 prev_state=D|W ==> next_comm=swapper/1 next_pid=0 next_prio=120
          <idle>-0     [000] ...2   188.015161: sched_switch: prev_comm=swapper/0 prev_pid=0 prev_prio=120 prev_state=R ==> next_comm=mmcqd/1 next_pid=116 next_prio=120
         mmcqd/1-116   [000] ...2   188.015185: sched_switch: prev_comm=mmcqd/1 prev_pid=116 prev_prio=120 prev_state=S ==> next_comm=swapper/0 next_pid=0 next_prio=120
          <idle>-0     [000] ...2   188.015568: sched_switch: prev_comm=swapper/0 prev_pid=0 prev_prio=120 prev_state=R ==> next_comm=mmcqd/1 next_pid=116 next_prio=120
         mmcqd/1-116   [000] ...1   188.015624: block_rq_complete: 179,0 RA () 3992192 + 56 [0]
         mmcqd/1-116   [000] ...2   188.015659: sched_switch: prev_comm=mmcqd/1 prev_pid=116 prev_prio=120 prev_state=S ==> next_comm=swapper/0 next_pid=0 next_prio=120
          <idle>-0     [000] ...2   188.015864: sched_switch: prev_comm=swapper/0 prev_pid=0 prev_prio=120 prev_state=R ==> next_comm=mmcqd/1 next_pid=116 next_prio=120
         mmcqd/1-116   [000] ...1   188.015903: block_rq_complete: 179,0 RA () 3992296 + 8 [0]
         mmcqd/1-116   [000] ...2   188.015932: sched_switch: prev_comm=mmcqd/1 prev_pid=116 prev_prio=120 prev_state=S ==> next_comm=swapper/0 next_pid=0 next_prio=120
          <idle>-0     [000] ...2   188.016186: sched_switch: prev_comm=swapper/0 prev_pid=0 prev_prio=120 prev_state=R ==> next_comm=mmcqd/1 next_pid=116 next_prio=120
         mmcqd/1-116   [000] ...1   188.016227: block_rq_complete: 179,0 RA () 3992368 + 16 [0]
          <idle>-0     [001] ...2   188.016244: sched_switch: prev_comm=swapper/1 prev_pid=0 prev_prio=120 prev_state=R ==> next_comm=main next_pid=2505 next_prio=120
         mmcqd/1-116   [000] ...2   188.016252: sched_switch: prev_comm=mmcqd/1 prev_pid=116 prev_prio=120 prev_state=S ==> next_comm=swapper/0 next_pid=0 next_prio=120
            main-2505  [001] d..2   188.016296: block_rq_insert: 179,0 R 0 () 3994040 + 136 [main]
            main-2505  [001] ...2   188.016310: sched_switch: prev_comm=main prev_pid=2505 prev_prio=120 prev_state=D|W ==> next_comm=swapper/1 next_pid=0 next_prio=120
          <idle>-0     [000] ...2   188.016316: sched_switch: prev_comm=swapper/0 prev_pid=0 prev_prio=120 prev_state=R ==> next_comm=mmcqd/1 next_pid=116 next_prio=120
         mmcqd/1-116   [000] ...2   188.016391: sched_switch: prev_comm=mmcqd/1 prev_pid=116 prev_prio=120 prev_state=S ==> next_comm=swapper/0 next_pid=0 next_prio=120
          <idle>-0     [000] ...2   188.016477: sched_switch: prev_comm=swapper/0 prev_pid=0 prev_prio=120 prev_state=R ==> next_comm=mmcqd/1 next_pid=116 next_prio=120
         mmcqd/1-116   [000] ...1   188.016516: block_rq_complete: 179,0 RA () 3992400 + 8 [0]
         mmcqd/1-116   [000] ...2   188.016534: sched_switch: prev_comm=mmcqd/1 prev_pid=116 prev_prio=120 prev_state=S ==> next_comm=swapper/0 next_pid=0 next_prio=120
          <idle>-0     [000] ...2   188.017468: sched_switch: prev_comm=swapper/0 prev_pid=0 prev_prio=120 prev_state=R ==> next_comm=mmcqd/1 next_pid=116 next_prio=120
         mmcqd/1-116   [000] ...1   188.017528: block_rq_complete: 179,0 RA () 3994040 + 136 [0]
          <idle>-0     [001] ...2   188.017550: sched_switch: prev_comm=swapper/1 prev_pid=0 prev_prio=120 prev_state=R ==> next_comm=main next_pid=2505 next_prio=120
         mmcqd/1-116   [000] ...2   188.017562: sched_switch: prev_comm=mmcqd/1 prev_pid=116 prev_prio=120 prev_state=R+ ==> next_comm=kworker/0:1H next_pid=17 next_prio=100
    kworker/0:1H-17    [000] ...2   188.017573: sched_switch: prev_comm=kworker/0:1H prev_pid=17 prev_prio=100 prev_state=S ==> next_comm=mmcqd/1 next_pid=116 next_prio=120
         mmcqd/1-116   [000] ...2   188.017587: sched_switch: prev_comm=mmcqd/1 prev_pid=116 prev_prio=120 prev_state=S ==> next_comm=swapper/0 next_pid=0 next_prio=120
            main-2505  [001] d..2   188.017616: block_rq_insert: 179,0 R 0 () 4025256 + 24 [main]
            main-2505  [001] ...2   188.017628: sched_switch: prev_comm=main prev_pid=2505 prev_prio=120 prev_state=D|W ==> next_comm=swapper/1 next_pid=0 next_prio=120
          <idle>-0     [000] ...2   188.017635: sched_switch: prev_comm=swapper/0 prev_pid=0 prev_prio=120 prev_state=R ==> next_comm=mmcqd/1 next_pid=116 next_prio=120
         mmcqd/1-116   [000] ...2   188.017697: sched_switch: prev_comm=mmcqd/1 prev_pid=116 prev_prio=120 prev_state=S ==> next_comm=swapper/0 next_pid=0 next_prio=120
          <idle>-0     [000] ...2   188.018001: sched_switch: prev_comm=swapper/0 prev_pid=0 prev_prio=120 prev_state=R ==> next_comm=mmcqd/1 next_pid=116 next_prio=120
         mmcqd/1-116   [000] ...1   188.018023: block_rq_complete: 179,0 RA () 4025256 + 24 [0]
          <idle>-0     [001] ...2   188.018039: sched_switch: prev_comm=swapper/1 prev_pid=0 prev_prio=120 prev_state=R ==> next_comm=main next_pid=2505 next_prio=120
         mmcqd/1-116   [000] ...2   188.018050: sched_switch: prev_comm=mmcqd/1 prev_pid=116 prev_prio=120 prev_state=R+ ==> next_comm=kworker/0:1H next_pid=17 next_prio=100
    kworker/0:1H-17    [000] ...2   188.018061: sched_switch: prev_comm=kworker/0:1H prev_pid=17 prev_prio=100 prev_state=S ==> next_comm=mmcqd/1 next_pid=116 next_prio=120
         mmcqd/1-116   [000] ...2   188.018075: sched_switch: prev_comm=mmcqd/1 prev_pid=116 prev_prio=120 prev_state=S ==> next_comm=swapper/0 next_pid=0 next_prio=120
            main-2505  [001] d..2   188.018127: block_rq_insert: 179,0 R 0 () 4028792 + 152 [main]
            main-2505  [001] ...2   188.018140: sched_switch: prev_comm=main prev_pid=2505 prev_prio=120 prev_state=D|W ==> next_comm=swapper/1 next_pid=0 next_prio=120
          <idle>-0     [000] ...2   188.018146: sched_switch: prev_comm=swapper/0 prev_pid=0 prev_prio=120 prev_state=R ==> next_comm=mmcqd/1 next_pid=116 next_prio=120
         mmcqd/1-116   [000] ...2   188.018260: sched_switch: prev_comm=mmcqd/1 prev_pid=116 prev_prio=120 prev_state=S ==> next_comm=swapper/0 next_pid=0 next_prio=120
          <idle>-0     [000] ...2   188.019306: sched_switch: prev_comm=swapper/0 prev_pid=0 prev_prio=120 prev_state=R ==> next_comm=mmcqd/1 next_pid=116 next_prio=120
         mmcqd/1-116   [000] ...1   188.019371: block_rq_complete: 179,0 RA () 4028792 + 152 [0]
          <idle>-0     [001] ...2   188.019394: sched_switch: prev_comm=swapper/1 prev_pid=0 prev_prio=120 prev_state=R ==> next_comm=main next_pid=2505 next_prio=120
         mmcqd/1-116   [000] ...2   188.019406: sched_switch: prev_comm=mmcqd/1 prev_pid=116 prev_prio=120 prev_state=R+ ==> next_comm=kworker/0:1H next_pid=17 next_prio=100
    kworker/0:1H-17    [000] ...2   188.019417: sched_switch: prev_comm=kworker/0:1H prev_pid=17 prev_prio=100 prev_state=S ==> next_comm=mmcqd/1 next_pid=116 next_prio=120
         mmcqd/1-116   [000] ...2   188.019436: sched_switch: prev_comm=mmcqd/1 prev_pid=116 prev_prio=120 prev_state=S ==> next_comm=swapper/0 next_pid=0 next_prio=120
            main-2505  [001] d..2   188.019840: block_rq_insert: 179,0 R 0 () 4079536 + 48 [main]
            main-2505  [001] d..2   188.019845: block_rq_insert: 179,0 R 0 () 4079600 + 16 [main]
            main-2505  [001] d..2   188.019846: block_rq_insert: 179,0 R 0 () 4079632 + 16 [main]
            main-2505  [001] d..2   188.019848: block_rq_insert: 179,0 R 0 () 4079656 + 16 [main]
            main-2505  [001] d..2   188.019849: block_rq_insert: 179,0 R 0 () 4079680 + 16 [main]
            main-2505  [001] d..2   188.019851: block_rq_insert: 179,0 R 0 () 4079712 + 8 [main]
            main-2505  [001] d..2   188.019852: block_rq_insert: 179,0 R 0 () 4079728 + 8 [main]
            main-2505  [001] ...2   188.019864: sched_switch: prev_comm=main prev_pid=2505 prev_prio=120 prev_state=D|W ==> next_comm=swapper/1 next_pid=0 next_prio=120
          <idle>-0     [000] ...2   188.019870: sched_switch: prev_comm=swapper/0 prev_pid=0 prev_prio=120 prev_state=R ==> next_comm=mmcqd/1 next_pid=116 next_prio=120
         mmcqd/1-116   [000] ...2   188.019961: sched_switch: prev_comm=mmcqd/1 prev_pid=116 prev_prio=120 prev_state=S ==> next_comm=swapper/0 next_pid=0 next_prio=120
          <idle>-0     [000] ...2   188.020403: sched_switch: prev_comm=swapper/0 prev_pid=0 prev_prio=120 prev_state=R ==> next_comm=mmcqd/1 next_pid=116 next_prio=120
         mmcqd/1-116   [000] ...1   188.020456: block_rq_complete: 179,0 RA () 4079536 + 48 [0]
         mmcqd/1-116   [000] ...2   188.020494: sched_switch: prev_comm=mmcqd/1 prev_pid=116 prev_prio=120 prev_state=S ==> next_comm=swapper/0 next_pid=0 next_prio=120
          <idle>-0     [000] ...2   188.020734: sched_switch: prev_comm=swapper/0 prev_pid=0 prev_prio=120 prev_state=R ==> next_comm=mmcqd/1 next_pid=116 next_prio=120
         mmcqd/1-116   [000] ...1   188.020776: block_rq_complete: 179,0 RA () 4079600 + 16 [0]
         mmcqd/1-116   [000] ...2   188.020812: sched_switch: prev_comm=mmcqd/1 prev_pid=116 prev_prio=120 prev_state=S ==> next_comm=swapper/0 next_pid=0 next_prio=120
          <idle>-0     [000] ...2   188.021051: sched_switch: prev_comm=swapper/0 prev_pid=0 prev_prio=120 prev_state=R ==> next_comm=mmcqd/1 next_pid=116 next_prio=120
         mmcqd/1-116   [000] ...1   188.021092: block_rq_complete: 179,0 RA () 4079632 + 16 [0]
         mmcqd/1-116   [000] ...2   188.021128: sched_switch: prev_comm=mmcqd/1 prev_pid=116 prev_prio=120 prev_state=S ==> next_comm=swapper/0 next_pid=0 next_prio=120
          <idle>-0     [000] ...2   188.021372: sched_switch: prev_comm=swapper/0 prev_pid=0 prev_prio=120 prev_state=R ==> next_comm=mmcqd/1 next_pid=116 next_prio=120
         mmcqd/1-116   [000] ...1   188.021413: block_rq_complete: 179,0 RA () 4079656 + 16 [0]
          <idle>-0     [001] ...2   188.021430: sched_switch: prev_comm=swapper/1 prev_pid=0 prev_prio=120 prev_state=R ==> next_comm=main next_pid=2505 next_prio=120
         mmcqd/1-116   [000] ...2   188.021454: sched_switch: prev_comm=mmcqd/1 prev_pid=116 prev_prio=120 prev_state=S ==> next_comm=swapper/0 next_pid=0 next_prio=120
          <idle>-0     [000] ...2   188.021699: sched_switch: prev_comm=swapper/0 prev_pid=0 prev_prio=120 prev_state=R ==> next_comm=mmcqd/1 next_pid=116 next_prio=120
         mmcqd/1-116   [000] ...1   188.021740: block_rq_complete: 179,0 RA () 4079680 + 16 [0]
         mmcqd/1-116   [000] ...2   188.021772: sched_switch: prev_comm=mmcqd/1 prev_pid=116 prev_prio=120 prev_state=S ==> next_comm=swapper/0 next_pid=0 next_prio=120
            main-2505  [001] d..2   188.021834: block_rq_insert: 179,0 R 0 () 4078384 + 40 [main]
            main-2505  [001] d..2   188.021836: block_rq_insert: 179,0 R 0 () 4078440 + 8 [main]
            main-2505  [001] ...2   188.021846: sched_switch: prev_comm=main prev_pid=2505 prev_prio=120 prev_state=D|W ==> next_comm=swapper/1 next_pid=0 next_prio=120
          <idle>-0     [000] ...2   188.021996: sched_switch: prev_comm=swapper/0 prev_pid=0 prev_prio=120 prev_state=R ==> next_comm=mmcqd/1 next_pid=116 next_prio=120
         mmcqd/1-116   [000] ...1   188.022035: block_rq_complete: 179,0 RA () 4079712 + 8 [0]
         mmcqd/1-116   [000] ...2   188.022067: sched_switch: prev_comm=mmcqd/1 prev_pid=116 prev_prio=120 prev_state=S ==> next_comm=swapper/0 next_pid=0 next_prio=120
          <idle>-0     [000] ...2   188.022331: sched_switch: prev_comm=swapper/0 prev_pid=0 prev_prio=120 prev_state=R ==> next_comm=mmcqd/1 next_pid=116 next_prio=120
         mmcqd/1-116   [000] ...1   188.022370: block_rq_complete: 179,0 RA () 4079728 + 8 [0]
         mmcqd/1-116   [000] ...2   188.022414: sched_switch: prev_comm=mmcqd/1 prev_pid=116 prev_prio=120 prev_state=S ==> next_comm=swapper/0 next_pid=0 next_prio=120
          <idle>-0     [000] ...2   188.022625: sched_switch: prev_comm=swapper/0 prev_pid=0 prev_prio=120 prev_state=R ==> next_comm=mmcqd/1 next_pid=116 next_prio=120
         mmcqd/1-116   [000] ...1   188.022664: block_rq_complete: 179,0 RA () 4078440 + 8 [0]
         mmcqd/1-116   [000] ...2   188.022682: sched_switch: prev_comm=mmcqd/1 prev_pid=116 prev_prio=120 prev_state=S ==> next_comm=swapper/0 next_pid=0 next_prio=120
          <idle>-0     [000] ...2   188.023106: sched_switch: prev_comm=swapper/0 prev_pid=0 prev_prio=120 prev_state=R ==> next_comm=mmcqd/1 next_pid=116 next_prio=120
         mmcqd/1-116   [000] ...1   188.023133: block_rq_complete: 179,0 RA () 4078384 + 40 [0]
          <idle>-0     [001] ...2   188.023150: sched_switch: prev_comm=swapper/1 prev_pid=0 prev_prio=120 prev_state=R ==> next_comm=main next_pid=2505 next_prio=120
         mmcqd/1-116   [000] ...2   188.023161: sched_switch: prev_comm=mmcqd/1 prev_pid=116 prev_prio=120 prev_state=R+ ==> next_comm=kworker/0:1H next_pid=17 next_prio=100
    kworker/0:1H-17    [000] ...2   188.023172: sched_switch: prev_comm=kworker/0:1H prev_pid=17 prev_prio=100 prev_state=S ==> next_comm=mmcqd/1 next_pid=116 next_prio=120
         mmcqd/1-116   [000] ...2   188.023188: sched_switch: prev_comm=mmcqd/1 prev_pid=116 prev_prio=120 prev_state=S ==> next_comm=swapper/0 next_pid=0 next_prio=120
            main-2505  [001] d..2   188.023247: block_rq_insert: 179,0 R 0 () 4086560 + 136 [main]
            main-2505  [001] d..2   188.023250: block_rq_insert: 179,0 R 0 () 4086704 + 72 [main]
            main-2505  [001] ...2   188.023262: sched_switch: prev_comm=main prev_pid=2505 prev_prio=120 prev_state=D|W ==> next_comm=swapper/1 next_pid=0 next_prio=120
          <idle>-0     [000] ...2   188.023269: sched_switch: prev_comm=swapper/0 prev_pid=0 prev_prio=120 prev_state=R ==> next_comm=mmcqd/1 next_pid=116 next_prio=120
         mmcqd/1-116   [000] ...2   188.023412: sched_switch: prev_comm=mmcqd/1 prev_pid=116 prev_prio=120 prev_state=S ==> next_comm=swapper/0 next_pid=0 next_prio=120
          <idle>-0     [000] ...2   188.024249: sched_switch: prev_comm=swapper/0 prev_pid=0 prev_prio=120 prev_state=R ==> next_comm=mmcqd/1 next_pid=116 next_prio=120
         mmcqd/1-116   [000] ...1   188.024332: block_rq_complete: 179,0 RA () 4086560 + 136 [0]
          <idle>-0     [001] ...2   188.024351: sched_switch: prev_comm=swapper/1 prev_pid=0 prev_prio=120 prev_state=R ==> next_comm=main next_pid=2505 next_prio=120
         mmcqd/1-116   [000] ...2   188.024363: sched_switch: prev_comm=mmcqd/1 prev_pid=116 prev_prio=120 prev_state=S ==> next_comm=swapper/0 next_pid=0 next_prio=120
          <idle>-0     [000] ...2   188.024844: sched_switch: prev_comm=swapper/0 prev_pid=0 prev_prio=120 prev_state=R ==> next_comm=mmcqd/1 next_pid=116 next_prio=120
         mmcqd/1-116   [000] ...1   188.024882: block_rq_complete: 179,0 RA () 4086704 + 72 [0]
         mmcqd/1-116   [000] ...2   188.024907: sched_switch: prev_comm=mmcqd/1 prev_pid=116 prev_prio=120 prev_state=R+ ==> next_comm=kworker/0:1H next_pid=17 next_prio=100
    kworker/0:1H-17    [000] ...2   188.024919: sched_switch: prev_comm=kworker/0:1H prev_pid=17 prev_prio=100 prev_state=S ==> next_comm=mmcqd/1 next_pid=116 next_prio=120
         mmcqd/1-116   [000] ...2   188.024934: sched_switch: prev_comm=mmcqd/1 prev_pid=116 prev_prio=120 prev_state=S ==> next_comm=swapper/0 next_pid=0 next_prio=120
            main-2505  [001] d..2   188.038479: block_rq_insert: 179,0 R 0 () 4085616 + 40 [main]
          <idle>-0     [000] ...2   188.038517: sched_switch: prev_comm=swapper/0 prev_pid=0 prev_prio=120 prev_state=R ==> next_comm=mmcqd/1 next_pid=116 next_prio=120
         mmcqd/1-116   [000] ...2   188.038608: sched_switch: prev_comm=mmcqd/1 prev_pid=116 prev_prio=120 prev_state=S ==> next_comm=swapper/0 next_pid=0 next_prio=120
          <idle>-0     [000] ...2   188.038926: sched_switch: prev_comm=swapper/0 prev_pid=0 prev_prio=120 prev_state=R ==> next_comm=kworker/0:2 next_pid=98 next_prio=120
     kworker/0:2-98    [000] ...2   188.038992: sched_switch: prev_comm=kworker/0:2 prev_pid=98 prev_prio=120 prev_state=S ==> next_comm=kworker/0:1H next_pid=17 next_prio=100
    kworker/0:1H-17    [000] ...2   188.039023: sched_switch: prev_comm=kworker/0:1H prev_pid=17 prev_prio=100 prev_state=D ==> next_comm=kworker/0:2H next_pid=171 next_prio=100
    kworker/0:2H-171   [000] ...2   188.039054: sched_switch: prev_comm=kworker/0:2H prev_pid=171 prev_prio=100 prev_state=S ==> next_comm=kworker/0:1H next_pid=17 next_prio=100
    kworker/0:1H-17    [000] ...2   188.039069: sched_switch: prev_comm=kworker/0:1H prev_pid=17 prev_prio=100 prev_state=S ==> next_comm=swapper/0 next_pid=0 next_prio=120
          <idle>-0     [000] ...2   188.039176: sched_switch: prev_comm=swapper/0 prev_pid=0 prev_prio=120 prev_state=R ==> next_comm=mmcqd/1 next_pid=116 next_prio=120
         mmcqd/1-116   [000] ...1   188.039205: block_rq_complete: 179,0 RA () 4085616 + 40 [0]
         mmcqd/1-116   [000] ...2   188.039234: sched_switch: prev_comm=mmcqd/1 prev_pid=116 prev_prio=120 prev_state=R+ ==> next_comm=kworker/0:1H next_pid=17 next_prio=100
    kworker/0:1H-17    [000] ...2   188.039245: sched_switch: prev_comm=kworker/0:1H prev_pid=17 prev_prio=100 prev_state=S ==> next_comm=mmcqd/1 next_pid=116 next_prio=120
         mmcqd/1-116   [000] ...2   188.039264: sched_switch: prev_comm=mmcqd/1 prev_pid=116 prev_prio=120 prev_state=S ==> next_comm=swapper/0 next_pid=0 next_prio=120
            main-2505  [001] d..2   188.041313: block_rq_insert: 179,0 R 0 () 874176 + 8 [main]
            main-2505  [001] ...2   188.041330: sched_switch: prev_comm=main prev_pid=2505 prev_prio=120 prev_state=D|W ==> next_comm=swapper/1 next_pid=0 next_prio=120
          <idle>-0     [000] ...2   188.041335: sched_switch: prev_comm=swapper/0 prev_pid=0 prev_prio=120 prev_state=R ==> next_comm=mmcqd/1 next_pid=116 next_prio=120
          <idle>-0     [001] ...2   188.041346: sched_switch: prev_comm=swapper/1 prev_pid=0 prev_prio=120 prev_state=R ==> next_comm=ksoftirqd/1 next_pid=2509 next_prio=120
     ksoftirqd/1-2509  [001] ...2   188.041357: sched_switch: prev_comm=ksoftirqd/1 prev_pid=2509 prev_prio=120 prev_state=S ==> next_comm=swapper/1 next_pid=0 next_prio=120
