            JDWP-5769  [000] ...2   959.952367: sched_switch: prev_comm=JDWP prev_pid=5769 prev_prio=120 prev_state=R+ ==> next_comm=adbd next_pid=778 next_prio=120
           <...>-778   [000] ...2   959.952492: sched_switch: prev_comm=adbd prev_pid=778 prev_prio=120 prev_state=S ==> next_comm=JDWP next_pid=5769 next_prio=120
            JDWP-5769  [000] ...2   959.952508: sched_switch: prev_comm=JDWP prev_pid=5769 prev_prio=120 prev_state=S ==> next_comm=swapper/0 next_pid=0 next_prio=120
          <idle>-0     [000] ...2   959.952599: sched_switch: prev_comm=swapper/0 prev_pid=0 prev_prio=120 prev_state=R ==> next_comm=mmcqd/1 next_pid=116 next_prio=120
         mmcqd/1-116   [000] ...1   959.952631: block_rq_complete: 179,0 RA () 4067352 + 8 [0]
         mmcqd/1-116   [000] ...2   959.952649: sched_switch: prev_comm=mmcqd/1 prev_pid=116 prev_prio=120 prev_state=S ==> next_comm=swapper/0 next_pid=0 next_prio=120
          <idle>-0     [000] ...2   959.952879: sched_switch: prev_comm=swapper/0 prev_pid=0 prev_prio=120 prev_state=R ==> next_comm=mmcqd/1 next_pid=116 next_prio=120
         mmcqd/1-116   [000] ...1   959.952890: block_rq_complete: 179,0 RA () 4067368 + 8 [0]
          <idle>-0     [001] ...2   959.952903: sched_switch: prev_comm=swapper/1 prev_pid=0 prev_prio=120 prev_state=R ==> next_comm=main next_pid=5758 next_prio=120
         mmcqd/1-116   [000] ...2   959.952911: sched_switch: prev_comm=mmcqd/1 prev_pid=116 prev_prio=120 prev_state=R+ ==> next_comm=kworker/0:1H next_pid=17 next_prio=100
    kworker/0:1H-17    [000] ...2   959.952920: sched_switch: prev_comm=kworker/0:1H prev_pid=17 prev_prio=100 prev_state=S ==> next_comm=mmcqd/1 next_pid=116 next_prio=120
         mmcqd/1-116   [000] ...2   959.952934: sched_switch: prev_comm=mmcqd/1 prev_pid=116 prev_prio=120 prev_state=S ==> next_comm=swapper/0 next_pid=0 next_prio=120
            main-5758  [001] d..2   959.953275: block_rq_insert: 179,0 R 0 () 3993912 + 8 [main]
            main-5758  [001] d..2   959.953278: block_rq_insert: 179,0 R 0 () 3993944 + 16 [main]
            main-5758  [001] d..2   959.953279: block_rq_insert: 179,0 R 0 () 3993968 + 72 [main]
            main-5758  [001] ...2   959.953292: sched_switch: prev_comm=main prev_pid=5758 prev_prio=120 prev_state=D|W ==> next_comm=swapper/1 next_pid=0 next_prio=120
          <idle>-0     [000] ...2   959.953294: sched_switch: prev_comm=swapper/0 prev_pid=0 prev_prio=120 prev_state=R ==> next_comm=mmcqd/1 next_pid=116 next_prio=120
         mmcqd/1-116   [000] ...2   959.953354: sched_switch: prev_comm=mmcqd/1 prev_pid=116 prev_prio=120 prev_state=S ==> next_comm=swapper/0 next_pid=0 next_prio=120
          <idle>-0     [000] ...2   959.953582: sched_switch: prev_comm=swapper/0 prev_pid=0 prev_prio=120 prev_state=R ==> next_comm=mmcqd/1 next_pid=116 next_prio=120
         mmcqd/1-116   [000] ...1   959.953611: block_rq_complete: 179,0 RA () 3993912 + 8 [0]
          <idle>-0     [001] ...2   959.953624: sched_switch: prev_comm=swapper/1 prev_pid=0 prev_prio=120 prev_state=R ==> next_comm=main next_pid=5758 next_prio=120
         mmcqd/1-116   [000] ...2   959.953660: sched_switch: prev_comm=mmcqd/1 prev_pid=116 prev_prio=120 prev_state=S ==> next_comm=swapper/0 next_pid=0 next_prio=120
            main-5758  [001] d..2   959.953761: block_rq_insert: 179,0 R 0 () 4026856 + 24 [main]
            main-5758  [001] d..2   959.953764: block_rq_insert: 179,0 R 0 () 4026944 + 8 [main]
            main-5758  [001] d..2   959.953765: block_rq_insert: 179,0 R 0 () 4026960 + 40 [main]
            main-5758  [001] d..2   959.953767: block_rq_insert: 179,0 R 0 () 4027008 + 24 [main]
            main-5758  [001] ...2   959.953774: sched_switch: prev_comm=main prev_pid=5758 prev_prio=120 prev_state=D|W ==> next_comm=swapper/1 next_pid=0 next_prio=120
          <idle>-0     [000] ...2   959.953956: sched_switch: prev_comm=swapper/0 prev_pid=0 prev_prio=120 prev_state=R ==> next_comm=mmcqd/1 next_pid=116 next_prio=120
         mmcqd/1-116   [000] ...1   959.953988: block_rq_complete: 179,0 RA () 3993944 + 16 [0]
         mmcqd/1-116   [000] ...2   959.954018: sched_switch: prev_comm=mmcqd/1 prev_pid=116 prev_prio=120 prev_state=S ==> next_comm=swapper/0 next_pid=0 next_prio=120
          <idle>-0     [000] ...2   959.954567: sched_switch: prev_comm=swapper/0 prev_pid=0 prev_prio=120 prev_state=R ==> next_comm=mmcqd/1 next_pid=116 next_prio=120
         mmcqd/1-116   [000] ...1   959.954612: block_rq_complete: 179,0 RA () 3993968 + 72 [0]
         mmcqd/1-116   [000] ...2   959.954638: sched_switch: prev_comm=mmcqd/1 prev_pid=116 prev_prio=120 prev_state=S ==> next_comm=swapper/0 next_pid=0 next_prio=120
          <idle>-0     [000] ...2   959.954900: sched_switch: prev_comm=swapper/0 prev_pid=0 prev_prio=120 prev_state=R ==> next_comm=mmcqd/1 next_pid=116 next_prio=120
         mmcqd/1-116   [000] ...1   959.954933: block_rq_complete: 179,0 RA () 4026856 + 24 [0]
         mmcqd/1-116   [000] ...2   959.954967: sched_switch: prev_comm=mmcqd/1 prev_pid=116 prev_prio=120 prev_state=S ==> next_comm=swapper/0 next_pid=0 next_prio=120
          <idle>-0     [000] ...2   959.955183: sched_switch: prev_comm=swapper/0 prev_pid=0 prev_prio=120 prev_state=R ==> next_comm=mmcqd/1 next_pid=116 next_prio=120
         mmcqd/1-116   [000] ...1   959.955212: block_rq_complete: 179,0 RA () 4026944 + 8 [0]
          <idle>-0     [001] ...2   959.955224: sched_switch: prev_comm=swapper/1 prev_pid=0 prev_prio=120 prev_state=R ==> next_comm=main next_pid=5758 next_prio=120
         mmcqd/1-116   [000] ...2   959.955245: sched_switch: prev_comm=mmcqd/1 prev_pid=116 prev_prio=120 prev_state=S ==> next_comm=swapper/0 next_pid=0 next_prio=120
            main-5758  [001] d..2   959.955279: block_rq_insert: 179,0 R 0 () 4028616 + 96 [main]
            main-5758  [001] d..2   959.955281: block_rq_insert: 179,0 R 0 () 4028736 + 56 [main]
            main-5758  [001] ...2   959.955289: sched_switch: prev_comm=main prev_pid=5758 prev_prio=120 prev_state=D|W ==> next_comm=swapper/1 next_pid=0 next_prio=120
          <idle>-0     [000] ...2   959.955647: sched_switch: prev_comm=swapper/0 prev_pid=0 prev_prio=120 prev_state=R ==> next_comm=mmcqd/1 next_pid=116 next_prio=120
         mmcqd/1-116   [000] ...1   959.955684: block_rq_complete: 179,0 RA () 4026960 + 40 [0]
         mmcqd/1-116   [000] ...2   959.955734: sched_switch: prev_comm=mmcqd/1 prev_pid=116 prev_prio=120 prev_state=S ==> next_comm=swapper/0 next_pid=0 next_prio=120
          <idle>-0     [000] ...2   959.955970: sched_switch: prev_comm=swapper/0 prev_pid=0 prev_prio=120 prev_state=R ==> next_comm=mmcqd/1 next_pid=116 next_prio=120
         mmcqd/1-116   [000] ...1   959.956003: block_rq_complete: 179,0 RA () 4027008 + 24 [0]
         mmcqd/1-116   [000] ...2   959.956040: sched_switch: prev_comm=mmcqd/1 prev_pid=116 prev_prio=120 prev_state=S ==> next_comm=swapper/0 next_pid=0 next_prio=120
          <idle>-0     [000] ...2   959.956769: sched_switch: prev_comm=swapper/0 prev_pid=0 prev_prio=120 prev_state=R ==> next_comm=mmcqd/1 next_pid=116 next_prio=120
         mmcqd/1-116   [000] ...1   959.956820: block_rq_complete: 179,0 RA () 4028616 + 96 [0]
          <idle>-0     [001] ...2   959.956835: sched_switch: prev_comm=swapper/1 prev_pid=0 prev_prio=120 prev_state=R ==> next_comm=main next_pid=5758 next_prio=120
         mmcqd/1-116   [000] ...2   959.956844: sched_switch: prev_comm=mmcqd/1 prev_pid=116 prev_prio=120 prev_state=S ==> next_comm=swapper/0 next_pid=0 next_prio=120
          <idle>-0     [000] ...2   959.956936: sched_switch: prev_comm=swapper/0 prev_pid=0 prev_prio=120 prev_state=R ==> next_comm=main next_pid=5770 next_prio=120
            main-5758  [001] d..2   959.957169: block_rq_insert: 179,0 R 0 () 3993624 + 48 [main]
            main-5758  [001] d..2   959.957171: block_rq_insert: 179,0 R 0 () 3993688 + 24 [main]
            main-5758  [001] d..2   959.957173: block_rq_insert: 179,0 R 0 () 3993752 + 8 [main]
 ReferenceQueueD-5770  [000] ...2   959.957183: sched_switch: prev_comm=main prev_pid=5770 prev_prio=120 prev_state=R+ ==> next_comm=mmcqd/1 next_pid=116 next_prio=120
            main-5758  [001] ...2   959.957189: sched_switch: prev_comm=main prev_pid=5758 prev_prio=120 prev_state=D|W ==> next_comm=swapper/1 next_pid=0 next_prio=120
         mmcqd/1-116   [000] ...2   959.957212: sched_switch: prev_comm=mmcqd/1 prev_pid=116 prev_prio=120 prev_state=S ==> next_comm=main next_pid=5770 next_prio=120
 ReferenceQueueD-5770  [000] ...2   959.957300: sched_switch: prev_comm=main prev_pid=5770 prev_prio=120 prev_state=R+ ==> next_comm=mmcqd/1 next_pid=116 next_prio=120
         mmcqd/1-116   [000] ...1   959.957342: block_rq_complete: 179,0 RA () 4028736 + 56 [0]
         mmcqd/1-116   [000] ...2   959.957371: sched_switch: prev_comm=mmcqd/1 prev_pid=116 prev_prio=120 prev_state=S ==> next_comm=main next_pid=5770 next_prio=120
 ReferenceQueueD-5770  [000] ...2   959.957566: sched_switch: prev_comm=ReferenceQueueD prev_pid=5770 prev_prio=120 prev_state=S ==> next_comm=swapper/0 next_pid=0 next_prio=120
          <idle>-0     [000] ...2   959.957799: sched_switch: prev_comm=swapper/0 prev_pid=0 prev_prio=120 prev_state=R ==> next_comm=mmcqd/1 next_pid=116 next_prio=120
         mmcqd/1-116   [000] ...1   959.957838: block_rq_complete: 179,0 RA () 3993624 + 48 [0]
         mmcqd/1-116   [000] ...2   959.957863: sched_switch: prev_comm=mmcqd/1 prev_pid=116 prev_prio=120 prev_state=S ==> next_comm=swapper/0 next_pid=0 next_prio=120
          <idle>-0     [000] ...2   959.958201: sched_switch: prev_comm=swapper/0 prev_pid=0 prev_prio=120 prev_state=R ==> next_comm=mmcqd/1 next_pid=116 next_prio=120
         mmcqd/1-116   [000] ...1   959.958234: block_rq_complete: 179,0 RA () 3993688 + 24 [0]
         mmcqd/1-116   [000] ...2   959.958248: sched_switch: prev_comm=mmcqd/1 prev_pid=116 prev_prio=120 prev_state=S ==> next_comm=swapper/0 next_pid=0 next_prio=120
          <idle>-0     [000] ...2   959.958460: sched_switch: prev_comm=swapper/0 prev_pid=0 prev_prio=120 prev_state=R ==> next_comm=mmcqd/1 next_pid=116 next_prio=120
         mmcqd/1-116   [000] ...1   959.958471: block_rq_complete: 179,0 RA () 3993752 + 8 [0]
          <idle>-0     [001] ...2   959.958484: sched_switch: prev_comm=swapper/1 prev_pid=0 prev_prio=120 prev_state=R ==> next_comm=main next_pid=5758 next_prio=120
         mmcqd/1-116   [000] ...2   959.958491: sched_switch: prev_comm=mmcqd/1 prev_pid=116 prev_prio=120 prev_state=R+ ==> next_comm=kworker/0:1H next_pid=17 next_prio=100
    kworker/0:1H-17    [000] ...2   959.958500: sched_switch: prev_comm=kworker/0:1H prev_pid=17 prev_prio=100 prev_state=S ==> next_comm=mmcqd/1 next_pid=116 next_prio=120
         mmcqd/1-116   [000] ...2   959.958510: sched_switch: prev_comm=mmcqd/1 prev_pid=116 prev_prio=120 prev_state=S ==> next_comm=swapper/0 next_pid=0 next_prio=120
            main-5758  [001] d..2   959.958563: block_rq_insert: 179,0 R 0 () 4019800 + 24 [main]
            main-5758  [001] d..2   959.958566: block_rq_insert: 179,0 R 0 () 4019896 + 8 [main]
            main-5758  [001] d..2   959.958568: block_rq_insert: 179,0 R 0 () 4019928 + 8 [main]
            main-5758  [001] ...2   959.958579: sched_switch: prev_comm=main prev_pid=5758 prev_prio=120 prev_state=D|W ==> next_comm=swapper/1 next_pid=0 next_prio=120
          <idle>-0     [000] ...2   959.958580: sched_switch: prev_comm=swapper/0 prev_pid=0 prev_prio=120 prev_state=R ==> next_comm=mmcqd/1 next_pid=116 next_prio=120
         mmcqd/1-116   [000] ...2   959.958633: sched_switch: prev_comm=mmcqd/1 prev_pid=116 prev_prio=120 prev_state=S ==> next_comm=swapper/0 next_pid=0 next_prio=120
          <idle>-0     [000] ...2   959.958917: sched_switch: prev_comm=swapper/0 prev_pid=0 prev_prio=120 prev_state=R ==> next_comm=ksoftirqd/0 next_pid=3 next_prio=120
          <idle>-0     [001] ...2   959.958918: sched_switch: prev_comm=swapper/1 prev_pid=0 prev_prio=120 prev_state=R ==> next_comm=ksoftirqd/1 next_pid=5762 next_prio=120
     ksoftirqd/0-3     [000] ...2   959.958926: sched_switch: prev_comm=ksoftirqd/0 prev_pid=3 prev_prio=120 prev_state=S ==> next_comm=kworker/0:1H next_pid=17 next_prio=100
     ksoftirqd/1-5762  [001] ...2   959.958933: sched_switch: prev_comm=ksoftirqd/1 prev_pid=5762 prev_prio=120 prev_state=S ==> next_comm=swapper/1 next_pid=0 next_prio=120
          <idle>-0     [001] ...2   959.958946: sched_switch: prev_comm=swapper/1 prev_pid=0 prev_prio=120 prev_state=R ==> next_comm=ksoftirqd/1 next_pid=5762 next_prio=120
    kworker/0:1H-17    [000] ...2   959.958952: sched_switch: prev_comm=kworker/0:1H prev_pid=17 prev_prio=100 prev_state=D ==> next_comm=kworker/0:0H next_pid=4413 next_prio=100
     ksoftirqd/1-5762  [001] ...2   959.958953: sched_switch: prev_comm=ksoftirqd/1 prev_pid=5762 prev_prio=120 prev_state=S ==> next_comm=swapper/1 next_pid=0 next_prio=120
          <idle>-0     [001] ...2   959.958965: sched_switch: prev_comm=swapper/1 prev_pid=0 prev_prio=120 prev_state=R ==> next_comm=ksoftirqd/1 next_pid=5762 next_prio=120
     ksoftirqd/1-5762  [001] ...2   959.958973: sched_switch: prev_comm=ksoftirqd/1 prev_pid=5762 prev_prio=120 prev_state=S ==> next_comm=swapper/1 next_pid=0 next_prio=120
    kworker/0:0H-4413  [000] ...2   959.959110: sched_switch: prev_comm=kworker/0:0H prev_pid=4413 prev_prio=100 prev_state=S ==> next_comm=kworker/0:1H next_pid=17 next_prio=100
    kworker/0:1H-17    [000] ...2   959.959120: sched_switch: prev_comm=kworker/0:1H prev_pid=17 prev_prio=100 prev_state=S ==> next_comm=mmcqd/1 next_pid=116 next_prio=120
         mmcqd/1-116   [000] ...1   959.959157: block_rq_complete: 179,0 RA () 4019800 + 24 [0]
         mmcqd/1-116   [000] ...2   959.959183: sched_switch: prev_comm=mmcqd/1 prev_pid=116 prev_prio=120 prev_state=S ==> next_comm=swapper/0 next_pid=0 next_prio=120
          <idle>-0     [000] ...2   959.959205: sched_switch: prev_comm=swapper/0 prev_pid=0 prev_prio=120 prev_state=R ==> next_comm=ksoftirqd/0 next_pid=3 next_prio=120
     ksoftirqd/0-3     [000] ...2   959.959213: sched_switch: prev_comm=ksoftirqd/0 prev_pid=3 prev_prio=120 prev_state=S ==> next_comm=swapper/0 next_pid=0 next_prio=120
          <idle>-0     [000] ...2   959.959233: sched_switch: prev_comm=swapper/0 prev_pid=0 prev_prio=120 prev_state=R ==> next_comm=ksoftirqd/0 next_pid=3 next_prio=120
     ksoftirqd/0-3     [000] ...2   959.959249: sched_switch: prev_comm=ksoftirqd/0 prev_pid=3 prev_prio=120 prev_state=S ==> next_comm=swapper/0 next_pid=0 next_prio=120
          <idle>-0     [000] ...2   959.959388: sched_switch: prev_comm=swapper/0 prev_pid=0 prev_prio=120 prev_state=R ==> next_comm=mmcqd/1 next_pid=116 next_prio=120
         mmcqd/1-116   [000] ...1   959.959420: block_rq_complete: 179,0 RA () 4019896 + 8 [0]
         mmcqd/1-116   [000] ...2   959.959435: sched_switch: prev_comm=mmcqd/1 prev_pid=116 prev_prio=120 prev_state=S ==> next_comm=swapper/0 next_pid=0 next_prio=120
          <idle>-0     [000] ...2   959.959668: sched_switch: prev_comm=swapper/0 prev_pid=0 prev_prio=120 prev_state=R ==> next_comm=mmcqd/1 next_pid=116 next_prio=120
         mmcqd/1-116   [000] ...1   959.959681: block_rq_complete: 179,0 RA () 4019928 + 8 [0]
          <idle>-0     [001] ...2   959.959697: sched_switch: prev_comm=swapper/1 prev_pid=0 prev_prio=120 prev_state=R ==> next_comm=main next_pid=5758 next_prio=120
         mmcqd/1-116   [000] ...2   959.959703: sched_switch: prev_comm=mmcqd/1 prev_pid=116 prev_prio=120 prev_state=R+ ==> next_comm=kworker/0:1H next_pid=17 next_prio=100
    kworker/0:1H-17    [000] ...2   959.959712: sched_switch: prev_comm=kworker/0:1H prev_pid=17 prev_prio=100 prev_state=S ==> next_comm=mmcqd/1 next_pid=116 next_prio=120
         mmcqd/1-116   [000] ...2   959.959724: sched_switch: prev_comm=mmcqd/1 prev_pid=116 prev_prio=120 prev_state=S ==> next_comm=swapper/0 next_pid=0 next_prio=120
            main-5758  [001] d..2   959.959779: block_rq_insert: 179,0 R 0 () 4028368 + 104 [main]
            main-5758  [001] d..2   959.959781: block_rq_insert: 179,0 R 0 () 4028480 + 32 [main]
            main-5758  [001] ...2   959.959793: sched_switch: prev_comm=main prev_pid=5758 prev_prio=120 prev_state=D|W ==> next_comm=swapper/1 next_pid=0 next_prio=120
          <idle>-0     [000] ...2   959.959798: sched_switch: prev_comm=swapper/0 prev_pid=0 prev_prio=120 prev_state=R ==> next_comm=mmcqd/1 next_pid=116 next_prio=120
         mmcqd/1-116   [000] ...2   959.959895: sched_switch: prev_comm=mmcqd/1 prev_pid=116 prev_prio=120 prev_state=S ==> next_comm=swapper/0 next_pid=0 next_prio=120
          <idle>-0     [000] ...2   959.960694: sched_switch: prev_comm=swapper/0 prev_pid=0 prev_prio=120 prev_state=R ==> next_comm=mmcqd/1 next_pid=116 next_prio=120
         mmcqd/1-116   [000] ...1   959.960755: block_rq_complete: 179,0 RA () 4028368 + 104 [0]
         mmcqd/1-116   [000] ...2   959.960774: sched_switch: prev_comm=mmcqd/1 prev_pid=116 prev_prio=120 prev_state=S ==> next_comm=swapper/0 next_pid=0 next_prio=120
          <idle>-0     [000] ...2   959.961081: sched_switch: prev_comm=swapper/0 prev_pid=0 prev_prio=120 prev_state=R ==> next_comm=mmcqd/1 next_pid=116 next_prio=120
         mmcqd/1-116   [000] ...1   959.961101: block_rq_complete: 179,0 RA () 4028480 + 32 [0]
          <idle>-0     [001] ...2   959.961115: sched_switch: prev_comm=swapper/1 prev_pid=0 prev_prio=120 prev_state=R ==> next_comm=main next_pid=5758 next_prio=120
         mmcqd/1-116   [000] ...2   959.961124: sched_switch: prev_comm=mmcqd/1 prev_pid=116 prev_prio=120 prev_state=R+ ==> next_comm=kworker/0:1H next_pid=17 next_prio=100
    kworker/0:1H-17    [000] ...2   959.961134: sched_switch: prev_comm=kworker/0:1H prev_pid=17 prev_prio=100 prev_state=S ==> next_comm=mmcqd/1 next_pid=116 next_prio=120
         mmcqd/1-116   [000] ...2   959.961146: sched_switch: prev_comm=mmcqd/1 prev_pid=116 prev_prio=120 prev_state=S ==> next_comm=swapper/0 next_pid=0 next_prio=120
          <idle>-0     [000] ...2   959.961212: sched_switch: prev_comm=swapper/0 prev_pid=0 prev_prio=120 prev_state=R ==> next_comm=main next_pid=5771 next_prio=120
            main-5758  [001] ...2   959.961406: sched_switch: prev_comm=main prev_pid=5758 prev_prio=120 prev_state=S ==> next_comm=swapper/1 next_pid=0 next_prio=120
          <idle>-0     [001] ...2   959.961714: sched_switch: prev_comm=swapper/1 prev_pid=0 prev_prio=120 prev_state=R ==> next_comm=main next_pid=5758 next_prio=120
 FinalizerDaemon-5771  [000] ...2   959.961767: sched_switch: prev_comm=FinalizerDaemon prev_pid=5771 prev_prio=120 prev_state=S ==> next_comm=swapper/0 next_pid=0 next_prio=120
          <idle>-0     [000] ...2   959.961788: sched_switch: prev_comm=swapper/0 prev_pid=0 prev_prio=120 prev_state=R ==> next_comm=ksoftirqd/0 next_pid=3 next_prio=120
     ksoftirqd/0-3     [000] ...2   959.961797: sched_switch: prev_comm=ksoftirqd/0 prev_pid=3 prev_prio=120 prev_state=S ==> next_comm=swapper/0 next_pid=0 next_prio=120
          <idle>-0     [000] ...2   959.961816: sched_switch: prev_comm=swapper/0 prev_pid=0 prev_prio=120 prev_state=R ==> next_comm=ksoftirqd/0 next_pid=3 next_prio=120
     ksoftirqd/0-3     [000] ...2   959.961825: sched_switch: prev_comm=ksoftirqd/0 prev_pid=3 prev_prio=120 prev_state=S ==> next_comm=swapper/0 next_pid=0 next_prio=120
          <idle>-0     [000] ...2   959.961845: sched_switch: prev_comm=swapper/0 prev_pid=0 prev_prio=120 prev_state=R ==> next_comm=ksoftirqd/0 next_pid=3 next_prio=120
     ksoftirqd/0-3     [000] ...2   959.961854: sched_switch: prev_comm=ksoftirqd/0 prev_pid=3 prev_prio=120 prev_state=S ==> next_comm=swapper/0 next_pid=0 next_prio=120
          <idle>-0     [000] ...2   959.962054: sched_switch: prev_comm=swapper/0 prev_pid=0 prev_prio=120 prev_state=R ==> next_comm=main next_pid=5773 next_prio=120
            main-5758  [001] ...2   959.962263: sched_switch: prev_comm=main prev_pid=5758 prev_prio=120 prev_state=S ==> next_comm=main next_pid=5772 next_prio=120
 HeapTrimmerDaem-5773  [000] ...2   959.962280: sched_switch: prev_comm=main prev_pid=5773 prev_prio=120 prev_state=D ==> next_comm=swapper/0 next_pid=0 next_prio=120
          <idle>-0     [000] ...2   959.962285: sched_switch: prev_comm=swapper/0 prev_pid=0 prev_prio=120 prev_state=R ==> next_comm=main next_pid=5773 next_prio=120
 FinalizerWatchd-5772  [001] ...2   959.962293: sched_switch: prev_comm=main prev_pid=5772 prev_prio=120 prev_state=S ==> next_comm=swapper/1 next_pid=0 next_prio=120
          <idle>-0     [001] ...2   959.962582: sched_switch: prev_comm=swapper/1 prev_pid=0 prev_prio=120 prev_state=R ==> next_comm=main next_pid=5758 next_prio=120
 HeapTrimmerDaem-5773  [000] ...2   959.962610: sched_switch: prev_comm=HeapTrimmerDaem prev_pid=5773 prev_prio=120 prev_state=D ==> next_comm=swapper/0 next_pid=0 next_prio=120
          <idle>-0     [000] ...2   959.962615: sched_switch: prev_comm=swapper/0 prev_pid=0 prev_prio=120 prev_state=R ==> next_comm=HeapTrimmerDaem next_pid=5773 next_prio=120
            main-5758  [001] ...2   959.962616: sched_switch: prev_comm=main prev_pid=5758 prev_prio=120 prev_state=D ==> next_comm=main next_pid=5772 next_prio=120
 FinalizerWatchd-5772  [001] ...2   959.962631: sched_switch: prev_comm=main prev_pid=5772 prev_prio=120 prev_state=R+ ==> next_comm=main next_pid=5758 next_prio=120
 HeapTrimmerDaem-5773  [000] ...2   959.962635: sched_switch: prev_comm=HeapTrimmerDaem prev_pid=5773 prev_prio=120 prev_state=D ==> next_comm=swapper/0 next_pid=0 next_prio=120
            main-5758  [001] ...2   959.962642: sched_switch: prev_comm=main prev_pid=5758 prev_prio=120 prev_state=D ==> next_comm=main next_pid=5772 next_prio=120
 FinalizerWatchd-5772  [001] ...2   959.962653: sched_switch: prev_comm=main prev_pid=5772 prev_prio=120 prev_state=R+ ==> next_comm=main next_pid=5758 next_prio=120
          <idle>-0     [000] ...2   959.962656: sched_switch: prev_comm=swapper/0 prev_pid=0 prev_prio=120 prev_state=R ==> next_comm=HeapTrimmerDaem next_pid=5773 next_prio=120
 HeapTrimmerDaem-5773  [000] ...2   959.962670: sched_switch: prev_comm=HeapTrimmerDaem prev_pid=5773 prev_prio=120 prev_state=S ==> next_comm=swapper/0 next_pid=0 next_prio=120
          <idle>-0     [000] ...2   959.962680: sched_switch: prev_comm=swapper/0 prev_pid=0 prev_prio=120 prev_state=R ==> next_comm=main next_pid=5774 next_prio=120
        GCDaemon-5774  [000] ...2   959.962703: sched_switch: prev_comm=main prev_pid=5774 prev_prio=120 prev_state=S ==> next_comm=swapper/0 next_pid=0 next_prio=120
            main-5758  [001] d..2   959.962880: block_rq_insert: 179,0 R 0 () 4008360 + 48 [main]
            main-5758  [001] d..2   959.962883: block_rq_insert: 179,0 R 0 () 4008432 + 16 [main]
            main-5758  [001] d..2   959.962885: block_rq_insert: 179,0 R 0 () 4008456 + 8 [main]
            main-5758  [001] d..2   959.962887: block_rq_insert: 179,0 R 0 () 4008536 + 16 [main]
            main-5758  [001] ...2   959.962899: sched_switch: prev_comm=main prev_pid=5758 prev_prio=120 prev_state=D|W ==> next_comm=main next_pid=5772 next_prio=120
          <idle>-0     [000] ...2   959.962901: sched_switch: prev_comm=swapper/0 prev_pid=0 prev_prio=120 prev_state=R ==> next_comm=mmcqd/1 next_pid=116 next_prio=120
         mmcqd/1-116   [000] ...2   959.962965: sched_switch: prev_comm=mmcqd/1 prev_pid=116 prev_prio=120 prev_state=S ==> next_comm=swapper/0 next_pid=0 next_prio=120
          <idle>-0     [000] ...2   959.963267: sched_switch: prev_comm=swapper/0 prev_pid=0 prev_prio=120 prev_state=R ==> next_comm=mmcqd/1 next_pid=116 next_prio=120
 FinalizerWatchd-5772  [001] ...2   959.963288: sched_switch: prev_comm=FinalizerWatchd prev_pid=5772 prev_prio=120 prev_state=S ==> next_comm=main next_pid=5774 next_prio=120
         mmcqd/1-116   [000] ...1   959.963303: block_rq_complete: 179,0 RA () 4008536 + 16 [0]
         mmcqd/1-116   [000] ...2   959.963331: sched_switch: prev_comm=mmcqd/1 prev_pid=116 prev_prio=120 prev_state=S ==> next_comm=swapper/0 next_pid=0 next_prio=120
          <idle>-0     [000] ...2   959.963529: sched_switch: prev_comm=swapper/0 prev_pid=0 prev_prio=120 prev_state=R ==> next_comm=mmcqd/1 next_pid=116 next_prio=120
         mmcqd/1-116   [000] ...1   959.963563: block_rq_complete: 179,0 RA () 4008456 + 8 [0]
        GCDaemon-5774  [001] ...2   959.963577: sched_switch: prev_comm=main prev_pid=5774 prev_prio=120 prev_state=R+ ==> next_comm=main next_pid=5758 next_prio=120
            main-5758  [001] ...2   959.963593: sched_switch: prev_comm=main prev_pid=5758 prev_prio=120 prev_state=D|W ==> next_comm=main next_pid=5774 next_prio=120
         mmcqd/1-116   [000] ...2   959.963609: sched_switch: prev_comm=mmcqd/1 prev_pid=116 prev_prio=120 prev_state=S ==> next_comm=swapper/0 next_pid=0 next_prio=120
        GCDaemon-5774  [001] ...2   959.963681: sched_switch: prev_comm=GCDaemon prev_pid=5774 prev_prio=120 prev_state=S ==> next_comm=swapper/1 next_pid=0 next_prio=120
          <idle>-0     [000] ...2   959.963866: sched_switch: prev_comm=swapper/0 prev_pid=0 prev_prio=120 prev_state=R ==> next_comm=mmcqd/1 next_pid=116 next_prio=120
         mmcqd/1-116   [000] ...1   959.963901: block_rq_complete: 179,0 RA () 4008432 + 16 [0]
          <idle>-0     [001] ...2   959.963916: sched_switch: prev_comm=swapper/1 prev_pid=0 prev_prio=120 prev_state=R ==> next_comm=main next_pid=5758 next_prio=120
         mmcqd/1-116   [000] ...2   959.963924: sched_switch: prev_comm=mmcqd/1 prev_pid=116 prev_prio=120 prev_state=S ==> next_comm=swapper/0 next_pid=0 next_prio=120
            main-5758  [001] d..2   959.964174: block_rq_insert: 179,0 R 0 () 4079784 + 8 [main]
            main-5758  [001] d..2   959.964178: block_rq_insert: 179,0 R 0 () 4079880 + 40 [main]
            main-5758  [001] ...2   959.964192: sched_switch: prev_comm=main prev_pid=5758 prev_prio=120 prev_state=D|W ==> next_comm=swapper/1 next_pid=0 next_prio=120
          <idle>-0     [000] ...2   959.964194: sched_switch: prev_comm=swapper/0 prev_pid=0 prev_prio=120 prev_state=R ==> next_comm=mmcqd/1 next_pid=116 next_prio=120
         mmcqd/1-116   [000] ...2   959.964216: sched_switch: prev_comm=mmcqd/1 prev_pid=116 prev_prio=120 prev_state=S ==> next_comm=swapper/0 next_pid=0 next_prio=120
          <idle>-0     [000] ...2   959.964370: sched_switch: prev_comm=swapper/0 prev_pid=0 prev_prio=120 prev_state=R ==> next_comm=mmcqd/1 next_pid=116 next_prio=120
         mmcqd/1-116   [000] ...1   959.964415: block_rq_complete: 179,0 RA () 4008360 + 48 [0]
         mmcqd/1-116   [000] ...2   959.964453: sched_switch: prev_comm=mmcqd/1 prev_pid=116 prev_prio=120 prev_state=S ==> next_comm=swapper/0 next_pid=0 next_prio=120
          <idle>-0     [000] ...2   959.964633: sched_switch: prev_comm=swapper/0 prev_pid=0 prev_prio=120 prev_state=R ==> next_comm=mmcqd/1 next_pid=116 next_prio=120
         mmcqd/1-116   [000] ...1   959.964665: block_rq_complete: 179,0 RA () 4079784 + 8 [0]
         mmcqd/1-116   [000] ...2   959.964681: sched_switch: prev_comm=mmcqd/1 prev_pid=116 prev_prio=120 prev_state=S ==> next_comm=swapper/0 next_pid=0 next_prio=120
          <idle>-0     [000] ...2   959.965106: sched_switch: prev_comm=swapper/0 prev_pid=0 prev_prio=120 prev_state=R ==> next_comm=mmcqd/1 next_pid=116 next_prio=120
         mmcqd/1-116   [000] ...1   959.965128: block_rq_complete: 179,0 RA () 4079880 + 40 [0]
          <idle>-0     [001] ...2   959.965142: sched_switch: prev_comm=swapper/1 prev_pid=0 prev_prio=120 prev_state=R ==> next_comm=main next_pid=5758 next_prio=120
         mmcqd/1-116   [000] ...2   959.965152: sched_switch: prev_comm=mmcqd/1 prev_pid=116 prev_prio=120 prev_state=R+ ==> next_comm=kworker/0:1H next_pid=17 next_prio=100
    kworker/0:1H-17    [000] ...2   959.965162: sched_switch: prev_comm=kworker/0:1H prev_pid=17 prev_prio=100 prev_state=S ==> next_comm=mmcqd/1 next_pid=116 next_prio=120
         mmcqd/1-116   [000] ...2   959.965175: sched_switch: prev_comm=mmcqd/1 prev_pid=116 prev_prio=120 prev_state=S ==> next_comm=swapper/0 next_pid=0 next_prio=120
            main-5758  [001] d..2   959.966361: block_rq_insert: 179,0 R 0 () 4084016 + 8 [main]
            main-5758  [001] d..2   959.966366: block_rq_insert: 179,0 R 0 () 4084104 + 8 [main]
            main-5758  [001] d..2   959.966367: block_rq_insert: 179,0 R 0 () 4084128 + 8 [main]
            main-5758  [001] ...2   959.966383: sched_switch: prev_comm=main prev_pid=5758 prev_prio=120 prev_state=D|W ==> next_comm=swapper/1 next_pid=0 next_prio=120
          <idle>-0     [000] ...2   959.966385: sched_switch: prev_comm=swapper/0 prev_pid=0 prev_prio=120 prev_state=R ==> next_comm=mmcqd/1 next_pid=116 next_prio=120
         mmcqd/1-116   [000] ...2   959.966449: sched_switch: prev_comm=mmcqd/1 prev_pid=116 prev_prio=120 prev_state=S ==> next_comm=swapper/0 next_pid=0 next_prio=120
          <idle>-0     [000] ...2   959.966679: sched_switch: prev_comm=swapper/0 prev_pid=0 prev_prio=120 prev_state=R ==> next_comm=mmcqd/1 next_pid=116 next_prio=120
         mmcqd/1-116   [000] ...1   959.966712: block_rq_complete: 179,0 RA () 4084016 + 8 [0]
         mmcqd/1-116   [000] ...2   959.966740: sched_switch: prev_comm=mmcqd/1 prev_pid=116 prev_prio=120 prev_state=S ==> next_comm=swapper/0 next_pid=0 next_prio=120
          <idle>-0     [000] ...2   959.966940: sched_switch: prev_comm=swapper/0 prev_pid=0 prev_prio=120 prev_state=R ==> next_comm=mmcqd/1 next_pid=116 next_prio=120
         mmcqd/1-116   [000] ...1   959.966973: block_rq_complete: 179,0 RA () 4084104 + 8 [0]
          <idle>-0     [001] ...2   959.966987: sched_switch: prev_comm=swapper/1 prev_pid=0 prev_prio=120 prev_state=R ==> next_comm=main next_pid=5758 next_prio=120
         mmcqd/1-116   [000] ...2   959.966995: sched_switch: prev_comm=mmcqd/1 prev_pid=116 prev_prio=120 prev_state=S ==> next_comm=swapper/0 next_pid=0 next_prio=120
          <idle>-0     [000] ...2   959.967231: sched_switch: prev_comm=swapper/0 prev_pid=0 prev_prio=120 prev_state=R ==> next_comm=mmcqd/1 next_pid=116 next_prio=120
         mmcqd/1-116   [000] ...1   959.967244: block_rq_complete: 179,0 RA () 4084128 + 8 [0]
         mmcqd/1-116   [000] ...2   959.967262: sched_switch: prev_comm=mmcqd/1 prev_pid=116 prev_prio=120 prev_state=R+ ==> next_comm=kworker/0:1H next_pid=17 next_prio=100
    kworker/0:1H-17    [000] ...2   959.967272: sched_switch: prev_comm=kworker/0:1H prev_pid=17 prev_prio=100 prev_state=S ==> next_comm=mmcqd/1 next_pid=116 next_prio=120
         mmcqd/1-116   [000] ...2   959.967287: sched_switch: prev_comm=mmcqd/1 prev_pid=116 prev_prio=120 prev_state=S ==> next_comm=swapper/0 next_pid=0 next_prio=120
            main-5758  [001] d..2   959.968272: block_rq_insert: 179,0 R 0 () 4086360 + 56 [main]
            main-5758  [001] d..2   959.968275: block_rq_insert: 179,0 R 0 () 4086424 + 72 [main]
            main-5758  [001] d..2   959.968277: block_rq_insert: 179,0 R 0 () 4086528 + 32 [main]
            main-5758  [001] ...2   959.968291: sched_switch: prev_comm=main prev_pid=5758 prev_prio=120 prev_state=D|W ==> next_comm=swapper/1 next_pid=0 next_prio=120
          <idle>-0     [000] ...2   959.968292: sched_switch: prev_comm=swapper/0 prev_pid=0 prev_prio=120 prev_state=R ==> next_comm=mmcqd/1 next_pid=116 next_prio=120
         mmcqd/1-116   [000] ...2   959.968391: sched_switch: prev_comm=mmcqd/1 prev_pid=116 prev_prio=120 prev_state=S ==> next_comm=swapper/0 next_pid=0 next_prio=120
          <idle>-0     [000] ...2   959.968877: sched_switch: prev_comm=swapper/0 prev_pid=0 prev_prio=120 prev_state=R ==> next_comm=mmcqd/1 next_pid=116 next_prio=120
          <idle>-0     [001] ...2   959.968919: sched_switch: prev_comm=swapper/1 prev_pid=0 prev_prio=120 prev_state=R ==> next_comm=ksoftirqd/1 next_pid=5762 next_prio=120
     ksoftirqd/1-5762  [001] ...2   959.968927: sched_switch: prev_comm=ksoftirqd/1 prev_pid=5762 prev_prio=120 prev_state=S ==> next_comm=swapper/1 next_pid=0 next_prio=120
          <idle>-0     [001] ...2   959.968941: sched_switch: prev_comm=swapper/1 prev_pid=0 prev_prio=120 prev_state=R ==> next_comm=ksoftirqd/1 next_pid=5762 next_prio=120
         mmcqd/1-116   [000] ...1   959.968947: block_rq_complete: 179,0 RA () 4086360 + 56 [0]
     ksoftirqd/1-5762  [001] ...2   959.968948: sched_switch: prev_comm=ksoftirqd/1 prev_pid=5762 prev_prio=120 prev_state=S ==> next_comm=swapper/1 next_pid=0 next_prio=120
          <idle>-0     [001] ...2   959.968960: sched_switch: prev_comm=swapper/1 prev_pid=0 prev_prio=120 prev_state=R ==> next_comm=ksoftirqd/1 next_pid=5762 next_prio=120
     ksoftirqd/1-5762  [001] ...2   959.968967: sched_switch: prev_comm=ksoftirqd/1 prev_pid=5762 prev_prio=120 prev_state=S ==> next_comm=swapper/1 next_pid=0 next_prio=120
         mmcqd/1-116   [000] ...2   959.968986: sched_switch: prev_comm=mmcqd/1 prev_pid=116 prev_prio=120 prev_state=S ==> next_comm=swapper/0 next_pid=0 next_prio=120
          <idle>-0     [000] ...2   959.969008: sched_switch: prev_comm=swapper/0 prev_pid=0 prev_prio=120 prev_state=R ==> next_comm=ksoftirqd/0 next_pid=3 next_prio=120
     ksoftirqd/0-3     [000] ...2   959.969023: sched_switch: prev_comm=ksoftirqd/0 prev_pid=3 prev_prio=120 prev_state=S ==> next_comm=swapper/0 next_pid=0 next_prio=120
          <idle>-0     [000] ...2   959.969044: sched_switch: prev_comm=swapper/0 prev_pid=0 prev_prio=120 prev_state=R ==> next_comm=ksoftirqd/0 next_pid=3 next_prio=120
     ksoftirqd/0-3     [000] ...2   959.969054: sched_switch: prev_comm=ksoftirqd/0 prev_pid=3 prev_prio=120 prev_state=S ==> next_comm=swapper/0 next_pid=0 next_prio=120
          <idle>-0     [000] ...2   959.969075: sched_switch: prev_comm=swapper/0 prev_pid=0 prev_prio=120 prev_state=R ==> next_comm=ksoftirqd/0 next_pid=3 next_prio=120
     ksoftirqd/0-3     [000] ...2   959.969088: sched_switch: prev_comm=ksoftirqd/0 prev_pid=3 prev_prio=120 prev_state=S ==> next_comm=swapper/0 next_pid=0 next_prio=120
          <idle>-0     [000] ...2   959.969487: sched_switch: prev_comm=swapper/0 prev_pid=0 prev_prio=120 prev_state=R ==> next_comm=mmcqd/1 next_pid=116 next_prio=120
         mmcqd/1-116   [000] ...1   959.969540: block_rq_complete: 179,0 RA () 4086424 + 72 [0]
          <idle>-0     [001] ...2   959.969558: sched_switch: prev_comm=swapper/1 prev_pid=0 prev_prio=120 prev_state=R ==> next_comm=main next_pid=5758 next_prio=120
         mmcqd/1-116   [000] ...2   959.969565: sched_switch: prev_comm=mmcqd/1 prev_pid=116 prev_prio=120 prev_state=S ==> next_comm=swapper/0 next_pid=0 next_prio=120
          <idle>-0     [000] ...2   959.969866: sched_switch: prev_comm=swapper/0 prev_pid=0 prev_prio=120 prev_state=R ==> next_comm=mmcqd/1 next_pid=116 next_prio=120
         mmcqd/1-116   [000] ...1   959.969886: block_rq_complete: 179,0 RA () 4086528 + 32 [0]
         mmcqd/1-116   [000] ...2   959.969905: sched_switch: prev_comm=mmcqd/1 prev_pid=116 prev_prio=120 prev_state=R+ ==> next_comm=kworker/0:1H next_pid=17 next_prio=100
    kworker/0:1H-17    [000] ...2   959.969915: sched_switch: prev_comm=kworker/0:1H prev_pid=17 prev_prio=100 prev_state=S ==> next_comm=mmcqd/1 next_pid=116 next_prio=120
         mmcqd/1-116   [000] ...2   959.969926: sched_switch: prev_comm=mmcqd/1 prev_pid=116 prev_prio=120 prev_state=S ==> next_comm=swapper/0 next_pid=0 next_prio=120
            main-5758  [001] d..2   959.971455: block_rq_insert: 179,0 R 0 () 4078456 + 40 [main]
            main-5758  [001] d..2   959.971458: block_rq_insert: 179,0 R 0 () 4078544 + 88 [main]
            main-5758  [001] d..2   959.971460: block_rq_insert: 179,0 R 0 () 4078640 + 56 [main]
            main-5758  [001] ...2   959.971476: sched_switch: prev_comm=main prev_pid=5758 prev_prio=120 prev_state=D|W ==> next_comm=swapper/1 next_pid=0 next_prio=120
          <idle>-0     [000] ...2   959.971481: sched_switch: prev_comm=swapper/0 prev_pid=0 prev_prio=120 prev_state=R ==> next_comm=mmcqd/1 next_pid=116 next_prio=120
         mmcqd/1-116   [000] ...2   959.971588: sched_switch: prev_comm=mmcqd/1 prev_pid=116 prev_prio=120 prev_state=S ==> next_comm=swapper/0 next_pid=0 next_prio=120
          <idle>-0     [000] ...2   959.972062: sched_switch: prev_comm=swapper/0 prev_pid=0 prev_prio=120 prev_state=R ==> next_comm=mmcqd/1 next_pid=116 next_prio=120
         mmcqd/1-116   [000] ...1   959.972109: block_rq_complete: 179,0 RA () 4078640 + 56 [0]
         mmcqd/1-116   [000] ...2   959.972150: sched_switch: prev_comm=mmcqd/1 prev_pid=116 prev_prio=120 prev_state=S ==> next_comm=swapper/0 next_pid=0 next_prio=120
          <idle>-0     [000] ...2   959.972832: sched_switch: prev_comm=swapper/0 prev_pid=0 prev_prio=120 prev_state=R ==> next_comm=mmcqd/1 next_pid=116 next_prio=120
         mmcqd/1-116   [000] ...1   959.972886: block_rq_complete: 179,0 RA () 4078544 + 88 [0]
          <idle>-0     [001] ...2   959.972902: sched_switch: prev_comm=swapper/1 prev_pid=0 prev_prio=120 prev_state=R ==> next_comm=main next_pid=5758 next_prio=120
         mmcqd/1-116   [000] ...2   959.972913: sched_switch: prev_comm=mmcqd/1 prev_pid=116 prev_prio=120 prev_state=S ==> next_comm=swapper/0 next_pid=0 next_prio=120
            main-5758  [001] d..2   959.972976: block_rq_insert: 179,0 R 0 () 4078128 + 8 [main]
            main-5758  [001] d..2   959.972979: block_rq_insert: 179,0 R 0 () 4078152 + 8 [main]
            main-5758  [001] d..2   959.972981: block_rq_insert: 179,0 R 0 () 4078176 + 24 [main]
            main-5758  [001] d..2   959.972982: block_rq_insert: 179,0 R 0 () 4078208 + 56 [main]
            main-5758  [001] d..2   959.972984: block_rq_insert: 179,0 R 0 () 4078280 + 104 [main]
            main-5758  [001] ...2   959.972997: sched_switch: prev_comm=main prev_pid=5758 prev_prio=120 prev_state=D|W ==> next_comm=swapper/1 next_pid=0 next_prio=120
          <idle>-0     [000] ...2   959.973000: sched_switch: prev_comm=swapper/0 prev_pid=0 prev_prio=120 prev_state=R ==> next_comm=mmcqd/1 next_pid=116 next_prio=120
         mmcqd/1-116   [000] ...2   959.973055: sched_switch: prev_comm=mmcqd/1 prev_pid=116 prev_prio=120 prev_state=S ==> next_comm=swapper/0 next_pid=0 next_prio=120
          <idle>-0     [000] ...2   959.973311: sched_switch: prev_comm=swapper/0 prev_pid=0 prev_prio=120 prev_state=R ==> next_comm=mmcqd/1 next_pid=116 next_prio=120
         mmcqd/1-116   [000] ...1   959.973354: block_rq_complete: 179,0 RA () 4078456 + 40 [0]
         mmcqd/1-116   [000] ...2   959.973399: sched_switch: prev_comm=mmcqd/1 prev_pid=116 prev_prio=120 prev_state=S ==> next_comm=swapper/0 next_pid=0 next_prio=120
          <idle>-0     [000] ...2   959.974149: sched_switch: prev_comm=swapper/0 prev_pid=0 prev_prio=120 prev_state=R ==> next_comm=mmcqd/1 next_pid=116 next_prio=120
         mmcqd/1-116   [000] ...1   959.974211: block_rq_complete: 179,0 RA () 4078280 + 104 [0]
         mmcqd/1-116   [000] ...2   959.974247: sched_switch: prev_comm=mmcqd/1 prev_pid=116 prev_prio=120 prev_state=S ==> next_comm=swapper/0 next_pid=0 next_prio=120
          <idle>-0     [000] ...2   959.974664: sched_switch: prev_comm=swapper/0 prev_pid=0 prev_prio=120 prev_state=R ==> next_comm=mmcqd/1 next_pid=116 next_prio=120
         mmcqd/1-116   [000] ...1   959.974711: block_rq_complete: 179,0 RA () 4078208 + 56 [0]
          <idle>-0     [001] ...2   959.974725: sched_switch: prev_comm=swapper/1 prev_pid=0 prev_prio=120 prev_state=R ==> next_comm=main next_pid=5758 next_prio=120
         mmcqd/1-116   [000] ...2   959.974745: sched_switch: prev_comm=mmcqd/1 prev_pid=116 prev_prio=120 prev_state=S ==> next_comm=swapper/0 next_pid=0 next_prio=120
            main-5758  [001] d..2   959.974888: block_rq_insert: 179,0 R 0 () 4077968 + 8 [main]
            main-5758  [001] d..2   959.974890: block_rq_insert: 179,0 R 0 () 4078016 + 88 [main]
            main-5758  [001] ...2   959.974900: sched_switch: prev_comm=main prev_pid=5758 prev_prio=120 prev_state=D|W ==> next_comm=swapper/1 next_pid=0 next_prio=120
          <idle>-0     [000] ...2   959.975022: sched_switch: prev_comm=swapper/0 prev_pid=0 prev_prio=120 prev_state=R ==> next_comm=mmcqd/1 next_pid=116 next_prio=120
         mmcqd/1-116   [000] ...1   959.975059: block_rq_complete: 179,0 RA () 4078176 + 24 [0]
         mmcqd/1-116   [000] ...2   959.975094: sched_switch: prev_comm=mmcqd/1 prev_pid=116 prev_prio=120 prev_state=S ==> next_comm=swapper/0 next_pid=0 next_prio=120
          <idle>-0     [000] ...2   959.975300: sched_switch: prev_comm=swapper/0 prev_pid=0 prev_prio=120 prev_state=R ==> next_comm=mmcqd/1 next_pid=116 next_prio=120
         mmcqd/1-116   [000] ...1   959.975333: block_rq_complete: 179,0 RA () 4078152 + 8 [0]
         mmcqd/1-116   [000] ...2   959.975387: sched_switch: prev_comm=mmcqd/1 prev_pid=116 prev_prio=120 prev_state=S ==> next_comm=swapper/0 next_pid=0 next_prio=120
          <idle>-0     [000] ...2   959.975655: sched_switch: prev_comm=swapper/0 prev_pid=0 prev_prio=120 prev_state=R ==> next_comm=mmcqd/1 next_pid=116 next_prio=120
         mmcqd/1-116   [000] ...1   959.975692: block_rq_complete: 179,0 RA () 4078112 + 24 [0]
         mmcqd/1-116   [000] ...2   959.975720: sched_switch: prev_comm=mmcqd/1 prev_pid=116 prev_prio=120 prev_state=S ==> next_comm=swapper/0 next_pid=0 next_prio=120
          <idle>-0     [000] ...2   959.976421: sched_switch: prev_comm=swapper/0 prev_pid=0 prev_prio=120 prev_state=R ==> next_comm=mmcqd/1 next_pid=116 next_prio=120
         mmcqd/1-116   [000] ...1   959.976477: block_rq_complete: 179,0 RA () 4078016 + 88 [0]
          <idle>-0     [001] ...2   959.976493: sched_switch: prev_comm=swapper/1 prev_pid=0 prev_prio=120 prev_state=R ==> next_comm=main next_pid=5758 next_prio=120
         mmcqd/1-116   [000] ...2   959.976504: sched_switch: prev_comm=mmcqd/1 prev_pid=116 prev_prio=120 prev_state=S ==> next_comm=swapper/0 next_pid=0 next_prio=120
            main-5758  [001] d..2   959.976643: block_rq_insert: 179,0 R 0 () 3992040 + 24 [main]
            main-5758  [001] d..2   959.976646: block_rq_insert: 179,0 R 0 () 3992168 + 8 [main]
            main-5758  [001] d..2   959.976648: block_rq_insert: 179,0 R 0 () 3992192 + 56 [main]
            main-5758  [001] ...2   959.976661: sched_switch: prev_comm=main prev_pid=5758 prev_prio=120 prev_state=D|W ==> next_comm=swapper/1 next_pid=0 next_prio=120
          <idle>-0     [000] ...2   959.976681: sched_switch: prev_comm=swapper/0 prev_pid=0 prev_prio=120 prev_state=R ==> next_comm=mmcqd/1 next_pid=116 next_prio=120
         mmcqd/1-116   [000] ...1   959.976694: block_rq_complete: 179,0 RA () 4077968 + 8 [0]
         mmcqd/1-116   [000] ...2   959.976713: sched_switch: prev_comm=mmcqd/1 prev_pid=116 prev_prio=120 prev_state=R+ ==> next_comm=kworker/0:1H next_pid=17 next_prio=100
    kworker/0:1H-17    [000] ...2   959.976722: sched_switch: prev_comm=kworker/0:1H prev_pid=17 prev_prio=100 prev_state=S ==> next_comm=mmcqd/1 next_pid=116 next_prio=120
         mmcqd/1-116   [000] ...2   959.976790: sched_switch: prev_comm=mmcqd/1 prev_pid=116 prev_prio=120 prev_state=S ==> next_comm=swapper/0 next_pid=0 next_prio=120
          <idle>-0     [000] ...2   959.977090: sched_switch: prev_comm=swapper/0 prev_pid=0 prev_prio=120 prev_state=R ==> next_comm=mmcqd/1 next_pid=116 next_prio=120
         mmcqd/1-116   [000] ...1   959.977127: block_rq_complete: 179,0 RA () 3992040 + 24 [0]
         mmcqd/1-116   [000] ...2   959.977170: sched_switch: prev_comm=mmcqd/1 prev_pid=116 prev_prio=120 prev_state=S ==> next_comm=swapper/0 next_pid=0 next_prio=120
          <idle>-0     [000] ...2   959.977378: sched_switch: prev_comm=swapper/0 prev_pid=0 prev_prio=120 prev_state=R ==> next_comm=mmcqd/1 next_pid=116 next_prio=120
         mmcqd/1-116   [000] ...1   959.977411: block_rq_complete: 179,0 RA () 3992168 + 8 [0]
          <idle>-0     [001] ...2   959.977424: sched_switch: prev_comm=swapper/1 prev_pid=0 prev_prio=120 prev_state=R ==> next_comm=main next_pid=5758 next_prio=120
         mmcqd/1-116   [000] ...2   959.977431: sched_switch: prev_comm=mmcqd/1 prev_pid=116 prev_prio=120 prev_state=S ==> next_comm=swapper/0 next_pid=0 next_prio=120
            main-5758  [001] d..2   959.977460: block_rq_insert: 179,0 R 0 () 3992296 + 8 [main]
            main-5758  [001] d..2   959.977462: block_rq_insert: 179,0 R 0 () 3992368 + 16 [main]
            main-5758  [001] d..2   959.977464: block_rq_insert: 179,0 R 0 () 3992400 + 8 [main]
            main-5758  [001] ...2   959.977476: sched_switch: prev_comm=main prev_pid=5758 prev_prio=120 prev_state=D|W ==> next_comm=swapper/1 next_pid=0 next_prio=120
          <idle>-0     [000] ...2   959.977480: sched_switch: prev_comm=swapper/0 prev_pid=0 prev_prio=120 prev_state=R ==> next_comm=mmcqd/1 next_pid=116 next_prio=120
         mmcqd/1-116   [000] ...2   959.977500: sched_switch: prev_comm=mmcqd/1 prev_pid=116 prev_prio=120 prev_state=S ==> next_comm=swapper/0 next_pid=0 next_prio=120
          <idle>-0     [000] ...2   959.977894: sched_switch: prev_comm=swapper/0 prev_pid=0 prev_prio=120 prev_state=R ==> next_comm=mmcqd/1 next_pid=116 next_prio=120
         mmcqd/1-116   [000] ...1   959.977940: block_rq_complete: 179,0 RA () 3992192 + 56 [0]
         mmcqd/1-116   [000] ...2   959.977970: sched_switch: prev_comm=mmcqd/1 prev_pid=116 prev_prio=120 prev_state=S ==> next_comm=swapper/0 next_pid=0 next_prio=120
          <idle>-0     [000] ...2   959.978175: sched_switch: prev_comm=swapper/0 prev_pid=0 prev_prio=120 prev_state=R ==> next_comm=mmcqd/1 next_pid=116 next_prio=120
         mmcqd/1-116   [000] ...1   959.978208: block_rq_complete: 179,0 RA () 3992296 + 8 [0]
         mmcqd/1-116   [000] ...2   959.978232: sched_switch: prev_comm=mmcqd/1 prev_pid=116 prev_prio=120 prev_state=S ==> next_comm=swapper/0 next_pid=0 next_prio=120
          <idle>-0     [000] ...2   959.978490: sched_switch: prev_comm=swapper/0 prev_pid=0 prev_prio=120 prev_state=R ==> next_comm=mmcqd/1 next_pid=116 next_prio=120
         mmcqd/1-116   [000] ...1   959.978525: block_rq_complete: 179,0 RA () 3992368 + 16 [0]
          <idle>-0     [001] ...2   959.978539: sched_switch: prev_comm=swapper/1 prev_pid=0 prev_prio=120 prev_state=R ==> next_comm=main next_pid=5758 next_prio=120
         mmcqd/1-116   [000] ...2   959.978546: sched_switch: prev_comm=mmcqd/1 prev_pid=116 prev_prio=120 prev_state=S ==> next_comm=swapper/0 next_pid=0 next_prio=120
            main-5758  [001] d..2   959.978583: block_rq_insert: 179,0 R 0 () 3994040 + 136 [main]
            main-5758  [001] ...2   959.978597: sched_switch: prev_comm=main prev_pid=5758 prev_prio=120 prev_state=D|W ==> next_comm=swapper/1 next_pid=0 next_prio=120
          <idle>-0     [000] ...2   959.978600: sched_switch: prev_comm=swapper/0 prev_pid=0 prev_prio=120 prev_state=R ==> next_comm=mmcqd/1 next_pid=116 next_prio=120
         mmcqd/1-116   [000] ...2   959.978665: sched_switch: prev_comm=mmcqd/1 prev_pid=116 prev_prio=120 prev_state=S ==> next_comm=swapper/0 next_pid=0 next_prio=120
          <idle>-0     [000] ...2   959.978775: sched_switch: prev_comm=swapper/0 prev_pid=0 prev_prio=120 prev_state=R ==> next_comm=mmcqd/1 next_pid=116 next_prio=120
         mmcqd/1-116   [000] ...1   959.978808: block_rq_complete: 179,0 RA () 3992400 + 8 [0]
         mmcqd/1-116   [000] ...2   959.978823: sched_switch: prev_comm=mmcqd/1 prev_pid=116 prev_prio=120 prev_state=S ==> next_comm=swapper/0 next_pid=0 next_prio=120
          <idle>-0     [001] ...2   959.978914: sched_switch: prev_comm=swapper/1 prev_pid=0 prev_prio=120 prev_state=R ==> next_comm=kworker/u:2 next_pid=80 next_prio=120
     kworker/u:2-80    [001] ...2   959.978931: sched_switch: prev_comm=kworker/u:2 prev_pid=80 prev_prio=120 prev_state=S ==> next_comm=swapper/1 next_pid=0 next_prio=120
          <idle>-0     [000] ...2   959.978935: sched_switch: prev_comm=swapper/0 prev_pid=0 prev_prio=120 prev_state=R ==> next_comm=mpdecision next_pid=1527 next_prio=113
      mpdecision-1527  [000] ...2   959.979275: sched_switch: prev_comm=mpdecision prev_pid=1527 prev_prio=113 prev_state=S ==> next_comm=swapper/0 next_pid=0 next_prio=120
          <idle>-0     [000] ...2   959.979297: sched_switch: prev_comm=swapper/0 prev_pid=0 prev_prio=120 prev_state=R ==> next_comm=ksoftirqd/0 next_pid=3 next_prio=120
     ksoftirqd/0-3     [000] ...2   959.979307: sched_switch: prev_comm=ksoftirqd/0 prev_pid=3 prev_prio=120 prev_state=S ==> next_comm=swapper/0 next_pid=0 next_prio=120
          <idle>-0     [000] ...2   959.979329: sched_switch: prev_comm=swapper/0 prev_pid=0 prev_prio=120 prev_state=R ==> next_comm=ksoftirqd/0 next_pid=3 next_prio=120
     ksoftirqd/0-3     [000] ...2   959.979339: sched_switch: prev_comm=ksoftirqd/0 prev_pid=3 prev_prio=120 prev_state=S ==> next_comm=swapper/0 next_pid=0 next_prio=120
          <idle>-0     [000] ...2   959.979357: sched_switch: prev_comm=swapper/0 prev_pid=0 prev_prio=120 prev_state=R ==> next_comm=ksoftirqd/0 next_pid=3 next_prio=120
     ksoftirqd/0-3     [000] ...2   959.979367: sched_switch: prev_comm=ksoftirqd/0 prev_pid=3 prev_prio=120 prev_state=S ==> next_comm=swapper/0 next_pid=0 next_prio=120
          <idle>-0     [000] ...2   959.979755: sched_switch: prev_comm=swapper/0 prev_pid=0 prev_prio=120 prev_state=R ==> next_comm=mmcqd/1 next_pid=116 next_prio=120
         mmcqd/1-116   [000] ...1   959.979807: block_rq_complete: 179,0 RA () 3994040 + 136 [0]
          <idle>-0     [001] ...2   959.979829: sched_switch: prev_comm=swapper/1 prev_pid=0 prev_prio=120 prev_state=R ==> next_comm=main next_pid=5758 next_prio=120
