            main-6078  [000] ...2  1022.017307: sched_switch: prev_comm=main prev_pid=6078 prev_prio=120 prev_state=D|W ==> next_comm=swapper/0 next_pid=0 next_prio=120
          <idle>-0     [000] ...2  1022.017500: sched_switch: prev_comm=swapper/0 prev_pid=0 prev_prio=120 prev_state=R ==> next_comm=mmcqd/1 next_pid=116 next_prio=120
         mmcqd/1-116   [000] ...1  1022.017524: block_rq_complete: 179,0 RA () 4082152 + 8 [0]
         mmcqd/1-116   [000] ...2  1022.017547: sched_switch: prev_comm=mmcqd/1 prev_pid=116 prev_prio=120 prev_state=S ==> next_comm=main next_pid=6078 next_prio=120
            main-6078  [000] ...2  1022.017574: sched_switch: prev_comm=main prev_pid=6078 prev_prio=120 prev_state=D|W ==> next_comm=swapper/0 next_pid=0 next_prio=120
          <idle>-0     [000] ...2  1022.018052: sched_switch: prev_comm=swapper/0 prev_pid=0 prev_prio=120 prev_state=R ==> next_comm=mmcqd/1 next_pid=116 next_prio=120
         mmcqd/1-116   [000] ...1  1022.018081: block_rq_complete: 179,0 RA () 4082168 + 32 [0]
         mmcqd/1-116   [000] ...2  1022.018096: sched_switch: prev_comm=mmcqd/1 prev_pid=116 prev_prio=120 prev_state=S ==> next_comm=main next_pid=6078 next_prio=120
            main-6078  [000] ...2  1022.018144: sched_switch: prev_comm=main prev_pid=6078 prev_prio=120 prev_state=D|W ==> next_comm=swapper/0 next_pid=0 next_prio=120
          <idle>-0     [000] ...2  1022.018331: sched_switch: prev_comm=swapper/0 prev_pid=0 prev_prio=120 prev_state=R ==> next_comm=mmcqd/1 next_pid=116 next_prio=120
         mmcqd/1-116   [000] ...1  1022.018341: block_rq_complete: 179,0 RA () 4082240 + 8 [0]
         mmcqd/1-116   [000] ...2  1022.018358: sched_switch: prev_comm=mmcqd/1 prev_pid=116 prev_prio=120 prev_state=R+ ==> next_comm=kworker/0:1H next_pid=17 next_prio=100
    kworker/0:1H-17    [000] ...2  1022.018365: sched_switch: prev_comm=kworker/0:1H prev_pid=17 prev_prio=100 prev_state=S ==> next_comm=mmcqd/1 next_pid=116 next_prio=120
         mmcqd/1-116   [000] ...2  1022.018374: sched_switch: prev_comm=mmcqd/1 prev_pid=116 prev_prio=120 prev_state=S ==> next_comm=main next_pid=6078 next_prio=120
            main-6078  [000] d..2  1022.018430: block_rq_insert: 179,0 R 0 () 4082680 + 96 [main]
            main-6078  [000] ...2  1022.018439: sched_switch: prev_comm=main prev_pid=6078 prev_prio=120 prev_state=R+ ==> next_comm=mmcqd/1 next_pid=116 next_prio=120
         mmcqd/1-116   [000] ...2  1022.018498: sched_switch: prev_comm=mmcqd/1 prev_pid=116 prev_prio=120 prev_state=S ==> next_comm=main next_pid=6078 next_prio=120
            main-6078  [000] ...2  1022.018504: sched_switch: prev_comm=main prev_pid=6078 prev_prio=120 prev_state=D|W ==> next_comm=swapper/0 next_pid=0 next_prio=120
          <idle>-0     [000] ...2  1022.018911: sched_switch: prev_comm=swapper/0 prev_pid=0 prev_prio=120 prev_state=R ==> next_comm=kworker/0:2 next_pid=5912 next_prio=120
     kworker/0:2-5912  [000] ...2  1022.018958: sched_switch: prev_comm=kworker/0:2 prev_pid=5912 prev_prio=120 prev_state=S ==> next_comm=swapper/0 next_pid=0 next_prio=120
          <idle>-0     [000] ...2  1022.019269: sched_switch: prev_comm=swapper/0 prev_pid=0 prev_prio=120 prev_state=R ==> next_comm=mmcqd/1 next_pid=116 next_prio=120
         mmcqd/1-116   [000] ...1  1022.019297: block_rq_complete: 179,0 RA () 4082680 + 96 [0]
         mmcqd/1-116   [000] ...2  1022.019317: sched_switch: prev_comm=mmcqd/1 prev_pid=116 prev_prio=120 prev_state=R+ ==> next_comm=kworker/0:1H next_pid=17 next_prio=100
    kworker/0:1H-17    [000] ...2  1022.019324: sched_switch: prev_comm=kworker/0:1H prev_pid=17 prev_prio=100 prev_state=S ==> next_comm=mmcqd/1 next_pid=116 next_prio=120
         mmcqd/1-116   [000] ...2  1022.019333: sched_switch: prev_comm=mmcqd/1 prev_pid=116 prev_prio=120 prev_state=S ==> next_comm=main next_pid=6078 next_prio=120
            main-6078  [000] d..2  1022.019481: block_rq_insert: 179,0 R 0 () 4072976 + 16 [main]
            main-6078  [000] d..2  1022.019484: block_rq_insert: 179,0 R 0 () 4073024 + 8 [main]
            main-6078  [000] d..2  1022.019486: block_rq_insert: 179,0 R 0 () 4073040 + 16 [main]
            main-6078  [000] d..2  1022.019488: block_rq_insert: 179,0 R 0 () 4073064 + 24 [main]
            main-6078  [000] d..2  1022.019489: block_rq_insert: 179,0 R 0 () 4073096 + 16 [main]
            main-6078  [000] d..2  1022.019491: block_rq_insert: 179,0 R 0 () 4073120 + 72 [main]
            main-6078  [000] d..2  1022.019493: block_rq_insert: 179,0 R 0 () 4073208 + 16 [main]
            main-6078  [000] ...2  1022.019502: sched_switch: prev_comm=main prev_pid=6078 prev_prio=120 prev_state=R+ ==> next_comm=mmcqd/1 next_pid=116 next_prio=120
         mmcqd/1-116   [000] ...2  1022.019564: sched_switch: prev_comm=mmcqd/1 prev_pid=116 prev_prio=120 prev_state=S ==> next_comm=main next_pid=6078 next_prio=120
            main-6078  [000] ...2  1022.019569: sched_switch: prev_comm=main prev_pid=6078 prev_prio=120 prev_state=D|W ==> next_comm=swapper/0 next_pid=0 next_prio=120
          <idle>-0     [000] ...2  1022.019965: sched_switch: prev_comm=swapper/0 prev_pid=0 prev_prio=120 prev_state=R ==> next_comm=mmcqd/1 next_pid=116 next_prio=120
         mmcqd/1-116   [000] ...1  1022.019992: block_rq_complete: 179,0 RA () 4073208 + 16 [0]
         mmcqd/1-116   [000] ...2  1022.020012: sched_switch: prev_comm=mmcqd/1 prev_pid=116 prev_prio=120 prev_state=S ==> next_comm=swapper/0 next_pid=0 next_prio=120
          <idle>-0     [000] ...2  1022.020541: sched_switch: prev_comm=swapper/0 prev_pid=0 prev_prio=120 prev_state=R ==> next_comm=mmcqd/1 next_pid=116 next_prio=120
         mmcqd/1-116   [000] ...1  1022.020579: block_rq_complete: 179,0 RA () 4073120 + 72 [0]
         mmcqd/1-116   [000] ...2  1022.020603: sched_switch: prev_comm=mmcqd/1 prev_pid=116 prev_prio=120 prev_state=S ==> next_comm=swapper/0 next_pid=0 next_prio=120
          <idle>-0     [000] ...2  1022.020823: sched_switch: prev_comm=swapper/0 prev_pid=0 prev_prio=120 prev_state=R ==> next_comm=mmcqd/1 next_pid=116 next_prio=120
         mmcqd/1-116   [000] ...1  1022.020849: block_rq_complete: 179,0 RA () 4073096 + 16 [0]
         mmcqd/1-116   [000] ...2  1022.020873: sched_switch: prev_comm=mmcqd/1 prev_pid=116 prev_prio=120 prev_state=S ==> next_comm=main next_pid=6078 next_prio=120
            main-6078  [000] d..2  1022.020942: block_rq_insert: 179,0 R 0 () 4085240 + 72 [main]
            main-6078  [000] d..2  1022.020945: block_rq_insert: 179,0 R 0 () 4085320 + 16 [main]
            main-6078  [000] d..2  1022.020946: block_rq_insert: 179,0 R 0 () 4085344 + 24 [main]
            main-6078  [000] d..2  1022.020948: block_rq_insert: 179,0 R 0 () 4085376 + 16 [main]
            main-6078  [000] d..2  1022.020949: block_rq_insert: 179,0 R 0 () 4085408 + 8 [main]
            main-6078  [000] d..2  1022.020951: block_rq_insert: 179,0 R 0 () 4085432 + 16 [main]
            main-6078  [000] ...2  1022.020957: sched_switch: prev_comm=main prev_pid=6078 prev_prio=120 prev_state=D|W ==> next_comm=swapper/0 next_pid=0 next_prio=120
          <idle>-0     [000] ...2  1022.021182: sched_switch: prev_comm=swapper/0 prev_pid=0 prev_prio=120 prev_state=R ==> next_comm=mmcqd/1 next_pid=116 next_prio=120
         mmcqd/1-116   [000] ...1  1022.021210: block_rq_complete: 179,0 RA () 4073064 + 24 [0]
         mmcqd/1-116   [000] ...2  1022.021229: sched_switch: prev_comm=mmcqd/1 prev_pid=116 prev_prio=120 prev_state=S ==> next_comm=swapper/0 next_pid=0 next_prio=120
          <idle>-0     [000] ...2  1022.021495: sched_switch: prev_comm=swapper/0 prev_pid=0 prev_prio=120 prev_state=R ==> next_comm=mmcqd/1 next_pid=116 next_prio=120
         mmcqd/1-116   [000] ...1  1022.021522: block_rq_complete: 179,0 RA () 4073040 + 16 [0]
         mmcqd/1-116   [000] ...2  1022.021542: sched_switch: prev_comm=mmcqd/1 prev_pid=116 prev_prio=120 prev_state=S ==> next_comm=swapper/0 next_pid=0 next_prio=120
          <idle>-0     [000] ...2  1022.021812: sched_switch: prev_comm=swapper/0 prev_pid=0 prev_prio=120 prev_state=R ==> next_comm=mmcqd/1 next_pid=116 next_prio=120
         mmcqd/1-116   [000] ...1  1022.021837: block_rq_complete: 179,0 RA () 4073024 + 8 [0]
         mmcqd/1-116   [000] ...2  1022.021871: sched_switch: prev_comm=mmcqd/1 prev_pid=116 prev_prio=120 prev_state=S ==> next_comm=swapper/0 next_pid=0 next_prio=120
          <idle>-0     [000] ...2  1022.022121: sched_switch: prev_comm=swapper/0 prev_pid=0 prev_prio=120 prev_state=R ==> next_comm=mmcqd/1 next_pid=116 next_prio=120
         mmcqd/1-116   [000] ...1  1022.022148: block_rq_complete: 179,0 RA () 4072976 + 16 [0]
         mmcqd/1-116   [000] ...2  1022.022167: sched_switch: prev_comm=mmcqd/1 prev_pid=116 prev_prio=120 prev_state=S ==> next_comm=swapper/0 next_pid=0 next_prio=120
          <idle>-0     [000] ...2  1022.022828: sched_switch: prev_comm=swapper/0 prev_pid=0 prev_prio=120 prev_state=R ==> next_comm=mmcqd/1 next_pid=116 next_prio=120
         mmcqd/1-116   [000] ...1  1022.022866: block_rq_complete: 179,0 RA () 4085240 + 72 [0]
         mmcqd/1-116   [000] ...2  1022.022890: sched_switch: prev_comm=mmcqd/1 prev_pid=116 prev_prio=120 prev_state=S ==> next_comm=swapper/0 next_pid=0 next_prio=120
          <idle>-0     [000] ...2  1022.023134: sched_switch: prev_comm=swapper/0 prev_pid=0 prev_prio=120 prev_state=R ==> next_comm=mmcqd/1 next_pid=116 next_prio=120
         mmcqd/1-116   [000] ...1  1022.023160: block_rq_complete: 179,0 RA () 4085320 + 16 [0]
         mmcqd/1-116   [000] ...2  1022.023184: sched_switch: prev_comm=mmcqd/1 prev_pid=116 prev_prio=120 prev_state=S ==> next_comm=main next_pid=6078 next_prio=120
            main-6078  [000] ...2  1022.023485: sched_switch: prev_comm=main prev_pid=6078 prev_prio=120 prev_state=R+ ==> next_comm=mmcqd/1 next_pid=116 next_prio=120
         mmcqd/1-116   [000] ...1  1022.023515: block_rq_complete: 179,0 RA () 4085344 + 24 [0]
         mmcqd/1-116   [000] ...2  1022.023533: sched_switch: prev_comm=mmcqd/1 prev_pid=116 prev_prio=120 prev_state=S ==> next_comm=main next_pid=6078 next_prio=120
            main-6078  [000] d..2  1022.023541: block_rq_insert: 179,0 R 0 () 4083344 + 8 [main]
            main-6078  [000] d..2  1022.023543: block_rq_insert: 179,0 R 0 () 4083392 + 24 [main]
            main-6078  [000] d..2  1022.023545: block_rq_insert: 179,0 R 0 () 4083424 + 32 [main]
            main-6078  [000] d..2  1022.023546: block_rq_insert: 179,0 R 0 () 4083496 + 8 [main]
            main-6078  [000] ...2  1022.023554: sched_switch: prev_comm=main prev_pid=6078 prev_prio=120 prev_state=D|W ==> next_comm=swapper/0 next_pid=0 next_prio=120
          <idle>-0     [000] ...2  1022.023793: sched_switch: prev_comm=swapper/0 prev_pid=0 prev_prio=120 prev_state=R ==> next_comm=mmcqd/1 next_pid=116 next_prio=120
         mmcqd/1-116   [000] ...1  1022.023819: block_rq_complete: 179,0 RA () 4085376 + 16 [0]
         mmcqd/1-116   [000] ...2  1022.023839: sched_switch: prev_comm=mmcqd/1 prev_pid=116 prev_prio=120 prev_state=S ==> next_comm=swapper/0 next_pid=0 next_prio=120
          <idle>-0     [000] ...2  1022.024047: sched_switch: prev_comm=swapper/0 prev_pid=0 prev_prio=120 prev_state=R ==> next_comm=mmcqd/1 next_pid=116 next_prio=120
         mmcqd/1-116   [000] ...1  1022.024072: block_rq_complete: 179,0 RA () 4085408 + 8 [0]
         mmcqd/1-116   [000] ...2  1022.024090: sched_switch: prev_comm=mmcqd/1 prev_pid=116 prev_prio=120 prev_state=S ==> next_comm=swapper/0 next_pid=0 next_prio=120
          <idle>-0     [000] ...2  1022.024392: sched_switch: prev_comm=swapper/0 prev_pid=0 prev_prio=120 prev_state=R ==> next_comm=mmcqd/1 next_pid=116 next_prio=120
         mmcqd/1-116   [000] ...1  1022.024418: block_rq_complete: 179,0 RA () 4085432 + 16 [0]
         mmcqd/1-116   [000] ...2  1022.024443: sched_switch: prev_comm=mmcqd/1 prev_pid=116 prev_prio=120 prev_state=S ==> next_comm=swapper/0 next_pid=0 next_prio=120
          <idle>-0     [000] ...2  1022.024659: sched_switch: prev_comm=swapper/0 prev_pid=0 prev_prio=120 prev_state=R ==> next_comm=mmcqd/1 next_pid=116 next_prio=120
         mmcqd/1-116   [000] ...1  1022.024684: block_rq_complete: 179,0 RA () 4083496 + 8 [0]
         mmcqd/1-116   [000] ...2  1022.024705: sched_switch: prev_comm=mmcqd/1 prev_pid=116 prev_prio=120 prev_state=S ==> next_comm=swapper/0 next_pid=0 next_prio=120
          <idle>-0     [000] ...2  1022.025048: sched_switch: prev_comm=swapper/0 prev_pid=0 prev_prio=120 prev_state=R ==> next_comm=mmcqd/1 next_pid=116 next_prio=120
         mmcqd/1-116   [000] ...1  1022.025077: block_rq_complete: 179,0 RA () 4083424 + 32 [0]
         mmcqd/1-116   [000] ...2  1022.025096: sched_switch: prev_comm=mmcqd/1 prev_pid=116 prev_prio=120 prev_state=S ==> next_comm=swapper/0 next_pid=0 next_prio=120
          <idle>-0     [000] ...2  1022.025391: sched_switch: prev_comm=swapper/0 prev_pid=0 prev_prio=120 prev_state=R ==> next_comm=mmcqd/1 next_pid=116 next_prio=120
         mmcqd/1-116   [000] ...1  1022.025419: block_rq_complete: 179,0 RA () 4083392 + 24 [0]
         mmcqd/1-116   [000] ...2  1022.025435: sched_switch: prev_comm=mmcqd/1 prev_pid=116 prev_prio=120 prev_state=S ==> next_comm=main next_pid=6078 next_prio=120
            main-6078  [000] d..2  1022.025480: block_rq_insert: 179,0 R 0 () 4082888 + 24 [main]
            main-6078  [000] d..2  1022.025482: block_rq_insert: 179,0 R 0 () 4083008 + 8 [main]
            main-6078  [000] ...2  1022.025492: sched_switch: prev_comm=main prev_pid=6078 prev_prio=120 prev_state=R+ ==> next_comm=mmcqd/1 next_pid=116 next_prio=120
         mmcqd/1-116   [000] ...2  1022.025507: sched_switch: prev_comm=mmcqd/1 prev_pid=116 prev_prio=120 prev_state=S ==> next_comm=main next_pid=6078 next_prio=120
            main-6078  [000] ...2  1022.025513: sched_switch: prev_comm=main prev_pid=6078 prev_prio=120 prev_state=D|W ==> next_comm=swapper/0 next_pid=0 next_prio=120
          <idle>-0     [000] ...2  1022.025641: sched_switch: prev_comm=swapper/0 prev_pid=0 prev_prio=120 prev_state=R ==> next_comm=mmcqd/1 next_pid=116 next_prio=120
         mmcqd/1-116   [000] ...1  1022.025666: block_rq_complete: 179,0 RA () 4083344 + 8 [0]
         mmcqd/1-116   [000] ...2  1022.025687: sched_switch: prev_comm=mmcqd/1 prev_pid=116 prev_prio=120 prev_state=S ==> next_comm=swapper/0 next_pid=0 next_prio=120
          <idle>-0     [000] ...2  1022.025934: sched_switch: prev_comm=swapper/0 prev_pid=0 prev_prio=120 prev_state=R ==> next_comm=mmcqd/1 next_pid=116 next_prio=120
         mmcqd/1-116   [000] ...1  1022.025959: block_rq_complete: 179,0 RA () 4083008 + 8 [0]
         mmcqd/1-116   [000] ...2  1022.025969: sched_switch: prev_comm=mmcqd/1 prev_pid=116 prev_prio=120 prev_state=S ==> next_comm=swapper/0 next_pid=0 next_prio=120
          <idle>-0     [000] ...2  1022.026285: sched_switch: prev_comm=swapper/0 prev_pid=0 prev_prio=120 prev_state=R ==> next_comm=mmcqd/1 next_pid=116 next_prio=120
         mmcqd/1-116   [000] ...1  1022.026297: block_rq_complete: 179,0 RA () 4082888 + 24 [0]
         mmcqd/1-116   [000] ...2  1022.026313: sched_switch: prev_comm=mmcqd/1 prev_pid=116 prev_prio=120 prev_state=R+ ==> next_comm=kworker/0:1H next_pid=17 next_prio=100
    kworker/0:1H-17    [000] ...2  1022.026321: sched_switch: prev_comm=kworker/0:1H prev_pid=17 prev_prio=100 prev_state=S ==> next_comm=mmcqd/1 next_pid=116 next_prio=120
         mmcqd/1-116   [000] ...2  1022.026330: sched_switch: prev_comm=mmcqd/1 prev_pid=116 prev_prio=120 prev_state=S ==> next_comm=main next_pid=6078 next_prio=120
            main-6078  [000] d..2  1022.026466: block_rq_insert: 179,0 R 0 () 4085480 + 136 [main]
            main-6078  [000] ...2  1022.026477: sched_switch: prev_comm=main prev_pid=6078 prev_prio=120 prev_state=R+ ==> next_comm=mmcqd/1 next_pid=116 next_prio=120
         mmcqd/1-116   [000] ...2  1022.026548: sched_switch: prev_comm=mmcqd/1 prev_pid=116 prev_prio=120 prev_state=S ==> next_comm=main next_pid=6078 next_prio=120
            main-6078  [000] ...2  1022.026554: sched_switch: prev_comm=main prev_pid=6078 prev_prio=120 prev_state=D|W ==> next_comm=swapper/0 next_pid=0 next_prio=120
          <idle>-0     [000] ...2  1022.027448: sched_switch: prev_comm=swapper/0 prev_pid=0 prev_prio=120 prev_state=R ==> next_comm=mmcqd/1 next_pid=116 next_prio=120
         mmcqd/1-116   [000] ...1  1022.027485: block_rq_complete: 179,0 RA () 4085480 + 136 [0]
         mmcqd/1-116   [000] ...2  1022.027505: sched_switch: prev_comm=mmcqd/1 prev_pid=116 prev_prio=120 prev_state=R+ ==> next_comm=kworker/0:1H next_pid=17 next_prio=100
    kworker/0:1H-17    [000] ...2  1022.027512: sched_switch: prev_comm=kworker/0:1H prev_pid=17 prev_prio=100 prev_state=S ==> next_comm=mmcqd/1 next_pid=116 next_prio=120
         mmcqd/1-116   [000] ...2  1022.027521: sched_switch: prev_comm=mmcqd/1 prev_pid=116 prev_prio=120 prev_state=S ==> next_comm=main next_pid=6078 next_prio=120
            main-6078  [000] d..2  1022.027667: block_rq_insert: 179,0 R 0 () 4083264 + 8 [main]
            main-6078  [000] ...2  1022.027677: sched_switch: prev_comm=main prev_pid=6078 prev_prio=120 prev_state=R+ ==> next_comm=mmcqd/1 next_pid=116 next_prio=120
         mmcqd/1-116   [000] ...2  1022.027712: sched_switch: prev_comm=mmcqd/1 prev_pid=116 prev_prio=120 prev_state=S ==> next_comm=main next_pid=6078 next_prio=120
            main-6078  [000] ...2  1022.027718: sched_switch: prev_comm=main prev_pid=6078 prev_prio=120 prev_state=D|W ==> next_comm=swapper/0 next_pid=0 next_prio=120
          <idle>-0     [000] ...2  1022.027954: sched_switch: prev_comm=swapper/0 prev_pid=0 prev_prio=120 prev_state=R ==> next_comm=mmcqd/1 next_pid=116 next_prio=120
         mmcqd/1-116   [000] ...1  1022.027963: block_rq_complete: 179,0 RA () 4083264 + 8 [0]
         mmcqd/1-116   [000] ...2  1022.027979: sched_switch: prev_comm=mmcqd/1 prev_pid=116 prev_prio=120 prev_state=R+ ==> next_comm=kworker/0:1H next_pid=17 next_prio=100
    kworker/0:1H-17    [000] ...2  1022.027986: sched_switch: prev_comm=kworker/0:1H prev_pid=17 prev_prio=100 prev_state=S ==> next_comm=mmcqd/1 next_pid=116 next_prio=120
         mmcqd/1-116   [000] ...2  1022.027994: sched_switch: prev_comm=mmcqd/1 prev_pid=116 prev_prio=120 prev_state=S ==> next_comm=main next_pid=6078 next_prio=120
            main-6078  [000] d..2  1022.028671: block_rq_insert: 179,0 R 0 () 4085656 + 256 [main]
            main-6078  [000] ...2  1022.028683: sched_switch: prev_comm=main prev_pid=6078 prev_prio=120 prev_state=R+ ==> next_comm=mmcqd/1 next_pid=116 next_prio=120
         mmcqd/1-116   [000] ...2  1022.028781: sched_switch: prev_comm=mmcqd/1 prev_pid=116 prev_prio=120 prev_state=S ==> next_comm=main next_pid=6078 next_prio=120
            main-6078  [000] ...2  1022.028788: sched_switch: prev_comm=main prev_pid=6078 prev_prio=120 prev_state=D|W ==> next_comm=swapper/0 next_pid=0 next_prio=120
          <idle>-0     [000] ...2  1022.030234: sched_switch: prev_comm=swapper/0 prev_pid=0 prev_prio=120 prev_state=R ==> next_comm=mmcqd/1 next_pid=116 next_prio=120
         mmcqd/1-116   [000] ...1  1022.030297: block_rq_complete: 179,0 RA () 4085656 + 256 [0]
         mmcqd/1-116   [000] ...2  1022.030321: sched_switch: prev_comm=mmcqd/1 prev_pid=116 prev_prio=120 prev_state=R+ ==> next_comm=kworker/0:1H next_pid=17 next_prio=100
    kworker/0:1H-17    [000] ...2  1022.030328: sched_switch: prev_comm=kworker/0:1H prev_pid=17 prev_prio=100 prev_state=S ==> next_comm=mmcqd/1 next_pid=116 next_prio=120
         mmcqd/1-116   [000] ...2  1022.030338: sched_switch: prev_comm=mmcqd/1 prev_pid=116 prev_prio=120 prev_state=S ==> next_comm=main next_pid=6078 next_prio=120
            main-6078  [000] d..2  1022.031267: block_rq_insert: 179,0 R 0 () 4085912 + 256 [main]
            main-6078  [000] ...2  1022.031279: sched_switch: prev_comm=main prev_pid=6078 prev_prio=120 prev_state=R+ ==> next_comm=mmcqd/1 next_pid=116 next_prio=120
         mmcqd/1-116   [000] ...2  1022.031383: sched_switch: prev_comm=mmcqd/1 prev_pid=116 prev_prio=120 prev_state=S ==> next_comm=main next_pid=6078 next_prio=120
            main-6078  [000] ...2  1022.031458: sched_switch: prev_comm=main prev_pid=6078 prev_prio=120 prev_state=D|W ==> next_comm=swapper/0 next_pid=0 next_prio=120
          <idle>-0     [000] ...2  1022.032822: sched_switch: prev_comm=swapper/0 prev_pid=0 prev_prio=120 prev_state=R ==> next_comm=mmcqd/1 next_pid=116 next_prio=120
         mmcqd/1-116   [000] ...1  1022.032885: block_rq_complete: 179,0 RA () 4085912 + 256 [0]
         mmcqd/1-116   [000] ...2  1022.032909: sched_switch: prev_comm=mmcqd/1 prev_pid=116 prev_prio=120 prev_state=R+ ==> next_comm=kworker/0:1H next_pid=17 next_prio=100
    kworker/0:1H-17    [000] ...2  1022.032917: sched_switch: prev_comm=kworker/0:1H prev_pid=17 prev_prio=100 prev_state=S ==> next_comm=mmcqd/1 next_pid=116 next_prio=120
         mmcqd/1-116   [000] ...2  1022.032926: sched_switch: prev_comm=mmcqd/1 prev_pid=116 prev_prio=120 prev_state=S ==> next_comm=main next_pid=6078 next_prio=120
            main-6078  [000] d..2  1022.033007: block_rq_insert: 179,0 R 0 () 4072864 + 64 [main]
            main-6078  [000] d..2  1022.033009: block_rq_insert: 179,0 R 0 () 4072944 + 8 [main]
            main-6078  [000] ...2  1022.033018: sched_switch: prev_comm=main prev_pid=6078 prev_prio=120 prev_state=R+ ==> next_comm=mmcqd/1 next_pid=116 next_prio=120
         mmcqd/1-116   [000] ...2  1022.033076: sched_switch: prev_comm=mmcqd/1 prev_pid=116 prev_prio=120 prev_state=S ==> next_comm=main next_pid=6078 next_prio=120
            main-6078  [000] ...2  1022.033083: sched_switch: prev_comm=main prev_pid=6078 prev_prio=120 prev_state=D|W ==> next_comm=swapper/0 next_pid=0 next_prio=120
          <idle>-0     [000] ...2  1022.033293: sched_switch: prev_comm=swapper/0 prev_pid=0 prev_prio=120 prev_state=R ==> next_comm=mmcqd/1 next_pid=116 next_prio=120
         mmcqd/1-116   [000] ...1  1022.033319: block_rq_complete: 179,0 RA () 4072944 + 8 [0]
         mmcqd/1-116   [000] ...2  1022.033332: sched_switch: prev_comm=mmcqd/1 prev_pid=116 prev_prio=120 prev_state=S ==> next_comm=swapper/0 next_pid=0 next_prio=120
          <idle>-0     [000] ...2  1022.033842: sched_switch: prev_comm=swapper/0 prev_pid=0 prev_prio=120 prev_state=R ==> next_comm=mmcqd/1 next_pid=116 next_prio=120
         mmcqd/1-116   [000] ...1  1022.033863: block_rq_complete: 179,0 RA () 4072864 + 64 [0]
         mmcqd/1-116   [000] ...2  1022.033881: sched_switch: prev_comm=mmcqd/1 prev_pid=116 prev_prio=120 prev_state=R+ ==> next_comm=kworker/0:1H next_pid=17 next_prio=100
    kworker/0:1H-17    [000] ...2  1022.033888: sched_switch: prev_comm=kworker/0:1H prev_pid=17 prev_prio=100 prev_state=S ==> next_comm=mmcqd/1 next_pid=116 next_prio=120
         mmcqd/1-116   [000] ...2  1022.033896: sched_switch: prev_comm=mmcqd/1 prev_pid=116 prev_prio=120 prev_state=S ==> next_comm=main next_pid=6078 next_prio=120
            main-6078  [000] d..2  1022.034180: block_rq_insert: 179,0 R 0 () 4086168 + 184 [main]
            main-6078  [000] ...2  1022.034190: sched_switch: prev_comm=main prev_pid=6078 prev_prio=120 prev_state=R+ ==> next_comm=mmcqd/1 next_pid=116 next_prio=120
         mmcqd/1-116   [000] ...2  1022.034271: sched_switch: prev_comm=mmcqd/1 prev_pid=116 prev_prio=120 prev_state=S ==> next_comm=main next_pid=6078 next_prio=120
            main-6078  [000] ...2  1022.034279: sched_switch: prev_comm=main prev_pid=6078 prev_prio=120 prev_state=D|W ==> next_comm=swapper/0 next_pid=0 next_prio=120
          <idle>-0     [000] ...2  1022.035395: sched_switch: prev_comm=swapper/0 prev_pid=0 prev_prio=120 prev_state=R ==> next_comm=mmcqd/1 next_pid=116 next_prio=120
         mmcqd/1-116   [000] ...1  1022.035443: block_rq_complete: 179,0 RA () 4086168 + 184 [0]
         mmcqd/1-116   [000] ...2  1022.035465: sched_switch: prev_comm=mmcqd/1 prev_pid=116 prev_prio=120 prev_state=R+ ==> next_comm=kworker/0:1H next_pid=17 next_prio=100
    kworker/0:1H-17    [000] ...2  1022.035472: sched_switch: prev_comm=kworker/0:1H prev_pid=17 prev_prio=100 prev_state=S ==> next_comm=mmcqd/1 next_pid=116 next_prio=120
         mmcqd/1-116   [000] ...2  1022.035481: sched_switch: prev_comm=mmcqd/1 prev_pid=116 prev_prio=120 prev_state=S ==> next_comm=main next_pid=6078 next_prio=120
            main-6078  [000] d..2  1022.035805: block_rq_insert: 179,0 R 0 () 1207472 + 8 [main]
            main-6078  [000] d..2  1022.035808: block_rq_insert: 179,0 R 0 () 1207488 + 24 [main]
            main-6078  [000] d..2  1022.035810: block_rq_insert: 179,0 R 0 () 1207584 + 24 [main]
            main-6078  [000] ...2  1022.035820: sched_switch: prev_comm=main prev_pid=6078 prev_prio=120 prev_state=R+ ==> next_comm=mmcqd/1 next_pid=116 next_prio=120
         mmcqd/1-116   [000] ...2  1022.035871: sched_switch: prev_comm=mmcqd/1 prev_pid=116 prev_prio=120 prev_state=S ==> next_comm=main next_pid=6078 next_prio=120
            main-6078  [000] ...2  1022.035879: sched_switch: prev_comm=main prev_pid=6078 prev_prio=120 prev_state=D|W ==> next_comm=swapper/0 next_pid=0 next_prio=120
          <idle>-0     [000] ...2  1022.035895: sched_switch: prev_comm=swapper/0 prev_pid=0 prev_prio=120 prev_state=R ==> next_comm=ksoftirqd/0 next_pid=3 next_prio=120
     ksoftirqd/0-3     [000] ...2  1022.035905: sched_switch: prev_comm=ksoftirqd/0 prev_pid=3 prev_prio=120 prev_state=S ==> next_comm=swapper/0 next_pid=0 next_prio=120
          <idle>-0     [000] ...2  1022.035920: sched_switch: prev_comm=swapper/0 prev_pid=0 prev_prio=120 prev_state=R ==> next_comm=ksoftirqd/0 next_pid=3 next_prio=120
     ksoftirqd/0-3     [000] ...2  1022.035928: sched_switch: prev_comm=ksoftirqd/0 prev_pid=3 prev_prio=120 prev_state=S ==> next_comm=swapper/0 next_pid=0 next_prio=120
          <idle>-0     [000] ...2  1022.035940: sched_switch: prev_comm=swapper/0 prev_pid=0 prev_prio=120 prev_state=R ==> next_comm=ksoftirqd/0 next_pid=3 next_prio=120
     ksoftirqd/0-3     [000] ...2  1022.035948: sched_switch: prev_comm=ksoftirqd/0 prev_pid=3 prev_prio=120 prev_state=S ==> next_comm=swapper/0 next_pid=0 next_prio=120
          <idle>-0     [000] ...2  1022.036102: sched_switch: prev_comm=swapper/0 prev_pid=0 prev_prio=120 prev_state=R ==> next_comm=mmcqd/1 next_pid=116 next_prio=120
         mmcqd/1-116   [000] ...1  1022.036127: block_rq_complete: 179,0 RA () 1207472 + 8 [0]
         mmcqd/1-116   [000] ...2  1022.036152: sched_switch: prev_comm=mmcqd/1 prev_pid=116 prev_prio=120 prev_state=S ==> next_comm=swapper/0 next_pid=0 next_prio=120
          <idle>-0     [000] ...2  1022.036454: sched_switch: prev_comm=swapper/0 prev_pid=0 prev_prio=120 prev_state=R ==> next_comm=mmcqd/1 next_pid=116 next_prio=120
         mmcqd/1-116   [000] ...1  1022.036482: block_rq_complete: 179,0 RA () 1207488 + 24 [0]
         mmcqd/1-116   [000] ...2  1022.036495: sched_switch: prev_comm=mmcqd/1 prev_pid=116 prev_prio=120 prev_state=S ==> next_comm=swapper/0 next_pid=0 next_prio=120
          <idle>-0     [000] ...2  1022.036794: sched_switch: prev_comm=swapper/0 prev_pid=0 prev_prio=120 prev_state=R ==> next_comm=mmcqd/1 next_pid=116 next_prio=120
         mmcqd/1-116   [000] ...1  1022.036807: block_rq_complete: 179,0 RA () 1207584 + 24 [0]
         mmcqd/1-116   [000] ...2  1022.036824: sched_switch: prev_comm=mmcqd/1 prev_pid=116 prev_prio=120 prev_state=R+ ==> next_comm=kworker/0:1H next_pid=17 next_prio=100
    kworker/0:1H-17    [000] ...2  1022.036832: sched_switch: prev_comm=kworker/0:1H prev_pid=17 prev_prio=100 prev_state=S ==> next_comm=mmcqd/1 next_pid=116 next_prio=120
         mmcqd/1-116   [000] ...2  1022.036841: sched_switch: prev_comm=mmcqd/1 prev_pid=116 prev_prio=120 prev_state=S ==> next_comm=main next_pid=6078 next_prio=120
            main-6078  [000] d..2  1022.038760: block_rq_insert: 179,0 R 0 () 3996192 + 8 [main]
            main-6078  [000] d..2  1022.038766: block_rq_insert: 179,0 R 0 () 3996264 + 8 [main]
            main-6078  [000] ...2  1022.038780: sched_switch: prev_comm=main prev_pid=6078 prev_prio=120 prev_state=R+ ==> next_comm=mmcqd/1 next_pid=116 next_prio=120
         mmcqd/1-116   [000] ...2  1022.038835: sched_switch: prev_comm=mmcqd/1 prev_pid=116 prev_prio=120 prev_state=S ==> next_comm=main next_pid=6078 next_prio=120
            main-6078  [000] ...2  1022.038844: sched_switch: prev_comm=main prev_pid=6078 prev_prio=120 prev_state=D|W ==> next_comm=swapper/0 next_pid=0 next_prio=120
          <idle>-0     [000] ...2  1022.039076: sched_switch: prev_comm=swapper/0 prev_pid=0 prev_prio=120 prev_state=R ==> next_comm=mmcqd/1 next_pid=116 next_prio=120
         mmcqd/1-116   [000] ...1  1022.039102: block_rq_complete: 179,0 RA () 3996192 + 8 [0]
         mmcqd/1-116   [000] ...2  1022.039116: sched_switch: prev_comm=mmcqd/1 prev_pid=116 prev_prio=120 prev_state=S ==> next_comm=swapper/0 next_pid=0 next_prio=120
          <idle>-0     [000] ...2  1022.039360: sched_switch: prev_comm=swapper/0 prev_pid=0 prev_prio=120 prev_state=R ==> next_comm=mmcqd/1 next_pid=116 next_prio=120
         mmcqd/1-116   [000] ...1  1022.039370: block_rq_complete: 179,0 RA () 3996264 + 8 [0]
         mmcqd/1-116   [000] ...2  1022.039387: sched_switch: prev_comm=mmcqd/1 prev_pid=116 prev_prio=120 prev_state=R+ ==> next_comm=kworker/0:1H next_pid=17 next_prio=100
    kworker/0:1H-17    [000] ...2  1022.039395: sched_switch: prev_comm=kworker/0:1H prev_pid=17 prev_prio=100 prev_state=S ==> next_comm=mmcqd/1 next_pid=116 next_prio=120
         mmcqd/1-116   [000] ...2  1022.039405: sched_switch: prev_comm=mmcqd/1 prev_pid=116 prev_prio=120 prev_state=S ==> next_comm=main next_pid=6078 next_prio=120
            main-6078  [000] d..2  1022.041891: block_rq_insert: 179,0 R 0 () 4082472 + 16 [main]
            main-6078  [000] d..2  1022.041894: block_rq_insert: 179,0 R 0 () 4082496 + 8 [main]
            main-6078  [000] d..2  1022.041896: block_rq_insert: 179,0 R 0 () 4082512 + 8 [main]
            main-6078  [000] d..2  1022.041898: block_rq_insert: 179,0 R 0 () 4082536 + 8 [main]
            main-6078  [000] d..2  1022.041899: block_rq_insert: 179,0 R 0 () 4082552 + 48 [main]
            main-6078  [000] ...2  1022.041912: sched_switch: prev_comm=main prev_pid=6078 prev_prio=120 prev_state=R+ ==> next_comm=mmcqd/1 next_pid=116 next_prio=120
         mmcqd/1-116   [000] ...2  1022.041966: sched_switch: prev_comm=mmcqd/1 prev_pid=116 prev_prio=120 prev_state=S ==> next_comm=main next_pid=6078 next_prio=120
            main-6078  [000] ...2  1022.041972: sched_switch: prev_comm=main prev_pid=6078 prev_prio=120 prev_state=D|W ==> next_comm=swapper/0 next_pid=0 next_prio=120
          <idle>-0     [000] ...2  1022.042231: sched_switch: prev_comm=swapper/0 prev_pid=0 prev_prio=120 prev_state=R ==> next_comm=mmcqd/1 next_pid=116 next_prio=120
         mmcqd/1-116   [000] ...1  1022.042258: block_rq_complete: 179,0 RA () 4082472 + 16 [0]
         mmcqd/1-116   [000] ...2  1022.042282: sched_switch: prev_comm=mmcqd/1 prev_pid=116 prev_prio=120 prev_state=S ==> next_comm=main next_pid=6078 next_prio=120
            main-6078  [000] ...2  1022.042506: sched_switch: prev_comm=main prev_pid=6078 prev_prio=120 prev_state=R ==> next_comm=mmcqd/1 next_pid=116 next_prio=120
         mmcqd/1-116   [000] ...1  1022.042531: block_rq_complete: 179,0 RA () 4082496 + 8 [0]
         mmcqd/1-116   [000] ...2  1022.042549: sched_switch: prev_comm=mmcqd/1 prev_pid=116 prev_prio=120 prev_state=S ==> next_comm=main next_pid=6078 next_prio=120
            main-6078  [000] ...2  1022.042829: sched_switch: prev_comm=main prev_pid=6078 prev_prio=120 prev_state=R ==> next_comm=mmcqd/1 next_pid=116 next_prio=120
         mmcqd/1-116   [000] ...1  1022.042854: block_rq_complete: 179,0 RA () 4082512 + 8 [0]
         mmcqd/1-116   [000] ...2  1022.042882: sched_switch: prev_comm=mmcqd/1 prev_pid=116 prev_prio=120 prev_state=S ==> next_comm=main next_pid=6078 next_prio=120
            main-6078  [000] ...2  1022.043116: sched_switch: prev_comm=main prev_pid=6078 prev_prio=120 prev_state=R ==> next_comm=mmcqd/1 next_pid=116 next_prio=120
         mmcqd/1-116   [000] ...1  1022.043140: block_rq_complete: 179,0 RA () 4082536 + 8 [0]
         mmcqd/1-116   [000] ...2  1022.043151: sched_switch: prev_comm=mmcqd/1 prev_pid=116 prev_prio=120 prev_state=S ==> next_comm=main next_pid=6078 next_prio=120
            main-6078  [000] ...2  1022.043626: sched_switch: prev_comm=main prev_pid=6078 prev_prio=120 prev_state=R ==> next_comm=mmcqd/1 next_pid=116 next_prio=120
         mmcqd/1-116   [000] ...1  1022.043645: block_rq_complete: 179,0 RA () 4082552 + 48 [0]
         mmcqd/1-116   [000] ...2  1022.043659: sched_switch: prev_comm=mmcqd/1 prev_pid=116 prev_prio=120 prev_state=R+ ==> next_comm=kworker/0:1H next_pid=17 next_prio=100
    kworker/0:1H-17    [000] ...2  1022.043667: sched_switch: prev_comm=kworker/0:1H prev_pid=17 prev_prio=100 prev_state=S ==> next_comm=mmcqd/1 next_pid=116 next_prio=120
         mmcqd/1-116   [000] ...2  1022.043676: sched_switch: prev_comm=mmcqd/1 prev_pid=116 prev_prio=120 prev_state=S ==> next_comm=main next_pid=6078 next_prio=120
          <idle>-0     [001] ...2  1022.048916: sched_switch: prev_comm=swapper/1 prev_pid=0 prev_prio=120 prev_state=R ==> next_comm=kworker/u:1 next_pid=4914 next_prio=120
            main-6078  [000] ...2  1022.048934: sched_switch: prev_comm=main prev_pid=6078 prev_prio=120 prev_state=R ==> next_comm=mpdecision next_pid=1527 next_prio=113
     kworker/u:1-4914  [001] ...2  1022.048944: sched_switch: prev_comm=kworker/u:1 prev_pid=4914 prev_prio=120 prev_state=S ==> next_comm=swapper/1 next_pid=0 next_prio=120
      mpdecision-1527  [000] ...2  1022.049180: sched_switch: prev_comm=mpdecision prev_pid=1527 prev_prio=113 prev_state=S ==> next_comm=main next_pid=6078 next_prio=120
            main-6078  [000] d..2  1022.052976: block_rq_insert: 179,0 R 0 () 802944 + 32 [main]
            main-6078  [000] ...2  1022.052989: sched_switch: prev_comm=main prev_pid=6078 prev_prio=120 prev_state=R+ ==> next_comm=mmcqd/1 next_pid=116 next_prio=120
         mmcqd/1-116   [000] ...2  1022.053042: sched_switch: prev_comm=mmcqd/1 prev_pid=116 prev_prio=120 prev_state=S ==> next_comm=main next_pid=6078 next_prio=120
            main-6078  [000] ...2  1022.053048: sched_switch: prev_comm=main prev_pid=6078 prev_prio=120 prev_state=D|W ==> next_comm=swapper/0 next_pid=0 next_prio=120
          <idle>-0     [000] ...2  1022.053065: sched_switch: prev_comm=swapper/0 prev_pid=0 prev_prio=120 prev_state=R ==> next_comm=ksoftirqd/0 next_pid=3 next_prio=120
     ksoftirqd/0-3     [000] ...2  1022.053074: sched_switch: prev_comm=ksoftirqd/0 prev_pid=3 prev_prio=120 prev_state=S ==> next_comm=swapper/0 next_pid=0 next_prio=120
          <idle>-0     [000] ...2  1022.053089: sched_switch: prev_comm=swapper/0 prev_pid=0 prev_prio=120 prev_state=R ==> next_comm=ksoftirqd/0 next_pid=3 next_prio=120
     ksoftirqd/0-3     [000] ...2  1022.053096: sched_switch: prev_comm=ksoftirqd/0 prev_pid=3 prev_prio=120 prev_state=S ==> next_comm=swapper/0 next_pid=0 next_prio=120
          <idle>-0     [000] ...2  1022.053108: sched_switch: prev_comm=swapper/0 prev_pid=0 prev_prio=120 prev_state=R ==> next_comm=ksoftirqd/0 next_pid=3 next_prio=120
     ksoftirqd/0-3     [000] ...2  1022.053118: sched_switch: prev_comm=ksoftirqd/0 prev_pid=3 prev_prio=120 prev_state=S ==> next_comm=swapper/0 next_pid=0 next_prio=120
          <idle>-0     [000] ...2  1022.053512: sched_switch: prev_comm=swapper/0 prev_pid=0 prev_prio=120 prev_state=R ==> next_comm=mmcqd/1 next_pid=116 next_prio=120
         mmcqd/1-116   [000] ...1  1022.053528: block_rq_complete: 179,0 RA () 802944 + 32 [0]
         mmcqd/1-116   [000] ...2  1022.053548: sched_switch: prev_comm=mmcqd/1 prev_pid=116 prev_prio=120 prev_state=R+ ==> next_comm=kworker/0:1H next_pid=17 next_prio=100
    kworker/0:1H-17    [000] ...2  1022.053556: sched_switch: prev_comm=kworker/0:1H prev_pid=17 prev_prio=100 prev_state=S ==> next_comm=mmcqd/1 next_pid=116 next_prio=120
         mmcqd/1-116   [000] ...2  1022.053565: sched_switch: prev_comm=mmcqd/1 prev_pid=116 prev_prio=120 prev_state=S ==> next_comm=main next_pid=6078 next_prio=120
            main-6078  [000] d..2  1022.053600: block_rq_insert: 179,0 R 0 () 802976 + 16 [main]
            main-6078  [000] ...2  1022.053610: sched_switch: prev_comm=main prev_pid=6078 prev_prio=120 prev_state=R+ ==> next_comm=mmcqd/1 next_pid=116 next_prio=120
         mmcqd/1-116   [000] ...2  1022.053649: sched_switch: prev_comm=mmcqd/1 prev_pid=116 prev_prio=120 prev_state=S ==> next_comm=main next_pid=6078 next_prio=120
            main-6078  [000] ...2  1022.053683: sched_switch: prev_comm=main prev_pid=6078 prev_prio=120 prev_state=D|W ==> next_comm=swapper/0 next_pid=0 next_prio=120
          <idle>-0     [000] ...2  1022.053920: sched_switch: prev_comm=swapper/0 prev_pid=0 prev_prio=120 prev_state=R ==> next_comm=mmcqd/1 next_pid=116 next_prio=120
         mmcqd/1-116   [000] ...1  1022.053933: block_rq_complete: 179,0 RA () 802976 + 16 [0]
         mmcqd/1-116   [000] ...2  1022.053951: sched_switch: prev_comm=mmcqd/1 prev_pid=116 prev_prio=120 prev_state=R+ ==> next_comm=kworker/0:1H next_pid=17 next_prio=100
    kworker/0:1H-17    [000] ...2  1022.053958: sched_switch: prev_comm=kworker/0:1H prev_pid=17 prev_prio=100 prev_state=S ==> next_comm=mmcqd/1 next_pid=116 next_prio=120
         mmcqd/1-116   [000] ...2  1022.053967: sched_switch: prev_comm=mmcqd/1 prev_pid=116 prev_prio=120 prev_state=S ==> next_comm=main next_pid=6078 next_prio=120
            main-6078  [000] d..2  1022.054258: block_rq_insert: 179,0 R 0 () 3984384 + 256 [main]
            main-6078  [000] ...2  1022.054269: sched_switch: prev_comm=main prev_pid=6078 prev_prio=120 prev_state=R+ ==> next_comm=mmcqd/1 next_pid=116 next_prio=120
         mmcqd/1-116   [000] ...2  1022.054372: sched_switch: prev_comm=mmcqd/1 prev_pid=116 prev_prio=120 prev_state=S ==> next_comm=main next_pid=6078 next_prio=120
            main-6078  [000] ...2  1022.054378: sched_switch: prev_comm=main prev_pid=6078 prev_prio=120 prev_state=D|W ==> next_comm=swapper/0 next_pid=0 next_prio=120
          <idle>-0     [000] ...2  1022.054393: sched_switch: prev_comm=swapper/0 prev_pid=0 prev_prio=120 prev_state=R ==> next_comm=ksoftirqd/0 next_pid=3 next_prio=120
     ksoftirqd/0-3     [000] ...2  1022.054400: sched_switch: prev_comm=ksoftirqd/0 prev_pid=3 prev_prio=120 prev_state=S ==> next_comm=swapper/0 next_pid=0 next_prio=120
          <idle>-0     [000] ...2  1022.054414: sched_switch: prev_comm=swapper/0 prev_pid=0 prev_prio=120 prev_state=R ==> next_comm=ksoftirqd/0 next_pid=3 next_prio=120
     ksoftirqd/0-3     [000] ...2  1022.054421: sched_switch: prev_comm=ksoftirqd/0 prev_pid=3 prev_prio=120 prev_state=S ==> next_comm=swapper/0 next_pid=0 next_prio=120
          <idle>-0     [000] ...2  1022.054433: sched_switch: prev_comm=swapper/0 prev_pid=0 prev_prio=120 prev_state=R ==> next_comm=ksoftirqd/0 next_pid=3 next_prio=120
     ksoftirqd/0-3     [000] ...2  1022.054440: sched_switch: prev_comm=ksoftirqd/0 prev_pid=3 prev_prio=120 prev_state=S ==> next_comm=swapper/0 next_pid=0 next_prio=120
          <idle>-0     [000] ...2  1022.055751: sched_switch: prev_comm=swapper/0 prev_pid=0 prev_prio=120 prev_state=R ==> next_comm=mmcqd/1 next_pid=116 next_prio=120
         mmcqd/1-116   [000] ...1  1022.055813: block_rq_complete: 179,0 RA () 3984384 + 256 [0]
         mmcqd/1-116   [000] ...2  1022.055838: sched_switch: prev_comm=mmcqd/1 prev_pid=116 prev_prio=120 prev_state=R+ ==> next_comm=kworker/0:1H next_pid=17 next_prio=100
    kworker/0:1H-17    [000] ...2  1022.055846: sched_switch: prev_comm=kworker/0:1H prev_pid=17 prev_prio=100 prev_state=S ==> next_comm=mmcqd/1 next_pid=116 next_prio=120
         mmcqd/1-116   [000] ...2  1022.055855: sched_switch: prev_comm=mmcqd/1 prev_pid=116 prev_prio=120 prev_state=S ==> next_comm=main next_pid=6078 next_prio=120
            main-6078  [000] d..2  1022.056068: block_rq_insert: 179,0 R 0 () 3984640 + 16 [main]
            main-6078  [000] ...2  1022.056079: sched_switch: prev_comm=main prev_pid=6078 prev_prio=120 prev_state=R+ ==> next_comm=mmcqd/1 next_pid=116 next_prio=120
         mmcqd/1-116   [000] ...2  1022.056118: sched_switch: prev_comm=mmcqd/1 prev_pid=116 prev_prio=120 prev_state=S ==> next_comm=main next_pid=6078 next_prio=120
            main-6078  [000] ...2  1022.056127: sched_switch: prev_comm=main prev_pid=6078 prev_prio=120 prev_state=D|W ==> next_comm=swapper/0 next_pid=0 next_prio=120
          <idle>-0     [000] ...2  1022.056141: sched_switch: prev_comm=swapper/0 prev_pid=0 prev_prio=120 prev_state=R ==> next_comm=ksoftirqd/0 next_pid=3 next_prio=120
     ksoftirqd/0-3     [000] ...2  1022.056150: sched_switch: prev_comm=ksoftirqd/0 prev_pid=3 prev_prio=120 prev_state=S ==> next_comm=swapper/0 next_pid=0 next_prio=120
          <idle>-0     [000] ...2  1022.056164: sched_switch: prev_comm=swapper/0 prev_pid=0 prev_prio=120 prev_state=R ==> next_comm=ksoftirqd/0 next_pid=3 next_prio=120
     ksoftirqd/0-3     [000] ...2  1022.056172: sched_switch: prev_comm=ksoftirqd/0 prev_pid=3 prev_prio=120 prev_state=S ==> next_comm=swapper/0 next_pid=0 next_prio=120
          <idle>-0     [000] ...2  1022.056184: sched_switch: prev_comm=swapper/0 prev_pid=0 prev_prio=120 prev_state=R ==> next_comm=ksoftirqd/0 next_pid=3 next_prio=120
     ksoftirqd/0-3     [000] ...2  1022.056192: sched_switch: prev_comm=ksoftirqd/0 prev_pid=3 prev_prio=120 prev_state=S ==> next_comm=swapper/0 next_pid=0 next_prio=120
          <idle>-0     [000] ...2  1022.056359: sched_switch: prev_comm=swapper/0 prev_pid=0 prev_prio=120 prev_state=R ==> next_comm=mmcqd/1 next_pid=116 next_prio=120
         mmcqd/1-116   [000] ...1  1022.056371: block_rq_complete: 179,0 RA () 3984640 + 16 [0]
         mmcqd/1-116   [000] ...2  1022.056388: sched_switch: prev_comm=mmcqd/1 prev_pid=116 prev_prio=120 prev_state=R+ ==> next_comm=kworker/0:1H next_pid=17 next_prio=100
    kworker/0:1H-17    [000] ...2  1022.056395: sched_switch: prev_comm=kworker/0:1H prev_pid=17 prev_prio=100 prev_state=S ==> next_comm=mmcqd/1 next_pid=116 next_prio=120
         mmcqd/1-116   [000] ...2  1022.056404: sched_switch: prev_comm=mmcqd/1 prev_pid=116 prev_prio=120 prev_state=S ==> next_comm=main next_pid=6078 next_prio=120
          <idle>-0     [001] ...2  1022.057016: sched_switch: prev_comm=swapper/1 prev_pid=0 prev_prio=120 prev_state=R ==> next_comm=main next_pid=6083 next_prio=120
            main-6078  [000] ...2  1022.057032: sched_switch: prev_comm=main prev_pid=6078 prev_prio=120 prev_state=D ==> next_comm=swapper/0 next_pid=0 next_prio=120
          <idle>-0     [000] ...2  1022.057046: sched_switch: prev_comm=swapper/0 prev_pid=0 prev_prio=120 prev_state=R ==> next_comm=ksoftirqd/0 next_pid=3 next_prio=120
     ksoftirqd/0-3     [000] ...2  1022.057058: sched_switch: prev_comm=ksoftirqd/0 prev_pid=3 prev_prio=120 prev_state=S ==> next_comm=main next_pid=6078 next_prio=120
            main-6078  [000] ...2  1022.057143: sched_switch: prev_comm=main prev_pid=6078 prev_prio=120 prev_state=D ==> next_comm=main next_pid=6084 next_prio=120
 Heap thread poo-6084  [000] ...2  1022.057149: sched_switch: prev_comm=main prev_pid=6084 prev_prio=120 prev_state=R ==> next_comm=main next_pid=6078 next_prio=120
 Heap thread poo-6083  [001] ...2  1022.057159: sched_switch: prev_comm=main prev_pid=6083 prev_prio=120 prev_state=D ==> next_comm=swapper/1 next_pid=0 next_prio=120
          <idle>-0     [001] ...2  1022.057177: sched_switch: prev_comm=swapper/1 prev_pid=0 prev_prio=120 prev_state=R ==> next_comm=main next_pid=6083 next_prio=120
            main-6078  [000] ...2  1022.057212: sched_switch: prev_comm=main prev_pid=6078 prev_prio=120 prev_state=D ==> next_comm=main next_pid=6084 next_prio=120
 Heap thread poo-6084  [000] ...2  1022.057218: sched_switch: prev_comm=main prev_pid=6084 prev_prio=120 prev_state=D ==> next_comm=swapper/0 next_pid=0 next_prio=120
          <idle>-0     [000] ...2  1022.057232: sched_switch: prev_comm=swapper/0 prev_pid=0 prev_prio=120 prev_state=R ==> next_comm=ksoftirqd/0 next_pid=3 next_prio=120
 Heap thread poo-6083  [001] ...2  1022.057237: sched_switch: prev_comm=main prev_pid=6083 prev_prio=120 prev_state=D ==> next_comm=main next_pid=6085 next_prio=120
     ksoftirqd/0-3     [000] ...2  1022.057238: sched_switch: prev_comm=ksoftirqd/0 prev_pid=3 prev_prio=120 prev_state=S ==> next_comm=main next_pid=6078 next_prio=120
 Heap thread poo-6085  [001] ...2  1022.057250: sched_switch: prev_comm=main prev_pid=6085 prev_prio=120 prev_state=D ==> next_comm=swapper/1 next_pid=0 next_prio=120
            main-6078  [000] ...2  1022.057253: sched_switch: prev_comm=main prev_pid=6078 prev_prio=120 prev_state=D ==> next_comm=main next_pid=6084 next_prio=120
          <idle>-0     [001] ...2  1022.057274: sched_switch: prev_comm=swapper/1 prev_pid=0 prev_prio=120 prev_state=R ==> next_comm=ksoftirqd/1 next_pid=6082 next_prio=120
     ksoftirqd/1-6082  [001] ...2  1022.057284: sched_switch: prev_comm=ksoftirqd/1 prev_pid=6082 prev_prio=120 prev_state=S ==> next_comm=main next_pid=6083 next_prio=120
 Heap thread poo-6084  [000] ...2  1022.057300: sched_switch: prev_comm=main prev_pid=6084 prev_prio=120 prev_state=D ==> next_comm=swapper/0 next_pid=0 next_prio=120
 Heap thread poo-6083  [001] ...2  1022.057304: sched_switch: prev_comm=main prev_pid=6083 prev_prio=120 prev_state=D ==> next_comm=main next_pid=6085 next_prio=120
          <idle>-0     [000] ...2  1022.057317: sched_switch: prev_comm=swapper/0 prev_pid=0 prev_prio=120 prev_state=R ==> next_comm=ksoftirqd/0 next_pid=3 next_prio=120
     ksoftirqd/0-3     [000] ...2  1022.057324: sched_switch: prev_comm=ksoftirqd/0 prev_pid=3 prev_prio=120 prev_state=S ==> next_comm=main next_pid=6078 next_prio=120
 Heap thread poo-6085  [001] ...2  1022.057331: sched_switch: prev_comm=main prev_pid=6085 prev_prio=120 prev_state=S ==> next_comm=main next_pid=6084 next_prio=120
            main-6078  [000] ...2  1022.057334: sched_switch: prev_comm=main prev_pid=6078 prev_prio=120 prev_state=S ==> next_comm=swapper/0 next_pid=0 next_prio=120
 Heap thread poo-6084  [001] ...2  1022.057347: sched_switch: prev_comm=main prev_pid=6084 prev_prio=120 prev_state=R+ ==> next_comm=main next_pid=6083 next_prio=120
 Heap thread poo-6083  [001] ...2  1022.057998: sched_switch: prev_comm=Heap thread poo prev_pid=6083 prev_prio=120 prev_state=S ==> next_comm=main next_pid=6084 next_prio=120
 Heap thread poo-6084  [001] ...2  1022.058659: sched_switch: prev_comm=Heap thread poo prev_pid=6084 prev_prio=120 prev_state=S ==> next_comm=main next_pid=6085 next_prio=120
          <idle>-0     [000] ...2  1022.058915: sched_switch: prev_comm=swapper/0 prev_pid=0 prev_prio=120 prev_state=R ==> next_comm=ksoftirqd/0 next_pid=3 next_prio=120
 Heap thread poo-6085  [001] ...2  1022.058918: sched_switch: prev_comm=main prev_pid=6085 prev_prio=120 prev_state=R+ ==> next_comm=kworker/1:0H next_pid=6081 next_prio=100
     ksoftirqd/0-3     [000] ...2  1022.058925: sched_switch: prev_comm=ksoftirqd/0 prev_pid=3 prev_prio=120 prev_state=S ==> next_comm=swapper/0 next_pid=0 next_prio=120
    kworker/1:0H-6081  [001] ...2  1022.058941: sched_switch: prev_comm=kworker/1:0H prev_pid=6081 prev_prio=100 prev_state=D ==> next_comm=main next_pid=6085 next_prio=120
          <idle>-0     [000] ...2  1022.058942: sched_switch: prev_comm=swapper/0 prev_pid=0 prev_prio=120 prev_state=R ==> next_comm=kthreadd next_pid=2 next_prio=98
 Heap thread poo-6085  [001] ...2  1022.058967: sched_switch: prev_comm=main prev_pid=6085 prev_prio=120 prev_state=R+ ==> next_comm=kthreadd next_pid=6086 next_prio=98
        kthreadd-2     [000] ...2  1022.058968: sched_switch: prev_comm=kthreadd prev_pid=2 prev_prio=98 prev_state=S ==> next_comm=ksoftirqd/0 next_pid=3 next_prio=120
    kworker/1:1H-6086  [001] ...2  1022.058980: sched_switch: prev_comm=kthreadd prev_pid=6086 prev_prio=98 prev_state=D ==> next_comm=kworker/1:0H next_pid=6081 next_prio=100
     ksoftirqd/0-3     [000] ...2  1022.058982: sched_switch: prev_comm=ksoftirqd/0 prev_pid=3 prev_prio=120 prev_state=S ==> next_comm=swapper/0 next_pid=0 next_prio=120
          <idle>-0     [000] ...2  1022.058996: sched_switch: prev_comm=swapper/0 prev_pid=0 prev_prio=120 prev_state=R ==> next_comm=ksoftirqd/0 next_pid=3 next_prio=120
     ksoftirqd/0-3     [000] ...2  1022.059004: sched_switch: prev_comm=ksoftirqd/0 prev_pid=3 prev_prio=120 prev_state=S ==> next_comm=swapper/0 next_pid=0 next_prio=120
    kworker/1:0H-6081  [001] ...2  1022.059017: sched_switch: prev_comm=kworker/1:0H prev_pid=6081 prev_prio=100 prev_state=D ==> next_comm=kworker/1:1H next_pid=6086 next_prio=100
    kworker/1:1H-6086  [001] ...2  1022.059034: sched_switch: prev_comm=kworker/1:1H prev_pid=6086 prev_prio=100 prev_state=D ==> next_comm=main next_pid=6085 next_prio=120
          <idle>-0     [000] ...2  1022.059037: sched_switch: prev_comm=swapper/0 prev_pid=0 prev_prio=120 prev_state=R ==> next_comm=kthreadd next_pid=2 next_prio=98
 Heap thread poo-6085  [001] ...2  1022.059057: sched_switch: prev_comm=main prev_pid=6085 prev_prio=120 prev_state=R+ ==> next_comm=kthreadd next_pid=6087 next_prio=98
        kthreadd-2     [000] ...2  1022.059060: sched_switch: prev_comm=kthreadd prev_pid=2 prev_prio=98 prev_state=S ==> next_comm=swapper/0 next_pid=0 next_prio=120
    kworker/1:2H-6087  [001] ...2  1022.059069: sched_switch: prev_comm=kthreadd prev_pid=6087 prev_prio=98 prev_state=D ==> next_comm=kworker/1:1H next_pid=6086 next_prio=100
