          <idle>-0     [000] ...2  1046.881412: sched_switch: prev_comm=swapper/0 prev_pid=0 prev_prio=120 prev_state=R ==> next_comm=mmcqd/1 next_pid=116 next_prio=120
         mmcqd/1-116   [000] ...1  1046.881439: block_rq_complete: 179,0 RA () 4085320 + 16 [0]
         mmcqd/1-116   [000] ...2  1046.881464: sched_switch: prev_comm=mmcqd/1 prev_pid=116 prev_prio=120 prev_state=S ==> next_comm=main next_pid=6211 next_prio=120
            main-6211  [000] ...2  1046.881763: sched_switch: prev_comm=main prev_pid=6211 prev_prio=120 prev_state=R+ ==> next_comm=mmcqd/1 next_pid=116 next_prio=120
         mmcqd/1-116   [000] ...1  1046.881793: block_rq_complete: 179,0 RA () 4085344 + 24 [0]
         mmcqd/1-116   [000] ...2  1046.881813: sched_switch: prev_comm=mmcqd/1 prev_pid=116 prev_prio=120 prev_state=S ==> next_comm=main next_pid=6211 next_prio=120
            main-6211  [000] d..2  1046.881832: block_rq_insert: 179,0 R 0 () 4083344 + 8 [main]
            main-6211  [000] d..2  1046.881835: block_rq_insert: 179,0 R 0 () 4083392 + 24 [main]
            main-6211  [000] d..2  1046.881837: block_rq_insert: 179,0 R 0 () 4083424 + 32 [main]
            main-6211  [000] d..2  1046.881838: block_rq_insert: 179,0 R 0 () 4083496 + 8 [main]
            main-6211  [000] ...2  1046.881846: sched_switch: prev_comm=main prev_pid=6211 prev_prio=120 prev_state=D|W ==> next_comm=swapper/0 next_pid=0 next_prio=120
          <idle>-0     [000] ...2  1046.882073: sched_switch: prev_comm=swapper/0 prev_pid=0 prev_prio=120 prev_state=R ==> next_comm=mmcqd/1 next_pid=116 next_prio=120
         mmcqd/1-116   [000] ...1  1046.882100: block_rq_complete: 179,0 RA () 4085376 + 16 [0]
         mmcqd/1-116   [000] ...2  1046.882121: sched_switch: prev_comm=mmcqd/1 prev_pid=116 prev_prio=120 prev_state=S ==> next_comm=swapper/0 next_pid=0 next_prio=120
          <idle>-0     [000] ...2  1046.882334: sched_switch: prev_comm=swapper/0 prev_pid=0 prev_prio=120 prev_state=R ==> next_comm=mmcqd/1 next_pid=116 next_prio=120
         mmcqd/1-116   [000] ...1  1046.882359: block_rq_complete: 179,0 RA () 4085408 + 8 [0]
         mmcqd/1-116   [000] ...2  1046.882376: sched_switch: prev_comm=mmcqd/1 prev_pid=116 prev_prio=120 prev_state=S ==> next_comm=swapper/0 next_pid=0 next_prio=120
          <idle>-0     [000] ...2  1046.882683: sched_switch: prev_comm=swapper/0 prev_pid=0 prev_prio=120 prev_state=R ==> next_comm=mmcqd/1 next_pid=116 next_prio=120
         mmcqd/1-116   [000] ...1  1046.882710: block_rq_complete: 179,0 RA () 4085432 + 16 [0]
         mmcqd/1-116   [000] ...2  1046.882735: sched_switch: prev_comm=mmcqd/1 prev_pid=116 prev_prio=120 prev_state=S ==> next_comm=swapper/0 next_pid=0 next_prio=120
          <idle>-0     [000] ...2  1046.882951: sched_switch: prev_comm=swapper/0 prev_pid=0 prev_prio=120 prev_state=R ==> next_comm=mmcqd/1 next_pid=116 next_prio=120
         mmcqd/1-116   [000] ...1  1046.882976: block_rq_complete: 179,0 RA () 4083496 + 8 [0]
         mmcqd/1-116   [000] ...2  1046.882997: sched_switch: prev_comm=mmcqd/1 prev_pid=116 prev_prio=120 prev_state=S ==> next_comm=swapper/0 next_pid=0 next_prio=120
          <idle>-0     [000] ...2  1046.883347: sched_switch: prev_comm=swapper/0 prev_pid=0 prev_prio=120 prev_state=R ==> next_comm=mmcqd/1 next_pid=116 next_prio=120
         mmcqd/1-116   [000] ...1  1046.883379: block_rq_complete: 179,0 RA () 4083424 + 32 [0]
         mmcqd/1-116   [000] ...2  1046.883398: sched_switch: prev_comm=mmcqd/1 prev_pid=116 prev_prio=120 prev_state=S ==> next_comm=swapper/0 next_pid=0 next_prio=120
          <idle>-0     [000] ...2  1046.883692: sched_switch: prev_comm=swapper/0 prev_pid=0 prev_prio=120 prev_state=R ==> next_comm=mmcqd/1 next_pid=116 next_prio=120
         mmcqd/1-116   [000] ...1  1046.883720: block_rq_complete: 179,0 RA () 4083392 + 24 [0]
         mmcqd/1-116   [000] ...2  1046.883736: sched_switch: prev_comm=mmcqd/1 prev_pid=116 prev_prio=120 prev_state=S ==> next_comm=main next_pid=6211 next_prio=120
            main-6211  [000] d..2  1046.883781: block_rq_insert: 179,0 R 0 () 4082888 + 24 [main]
            main-6211  [000] d..2  1046.883784: block_rq_insert: 179,0 R 0 () 4083008 + 8 [main]
            main-6211  [000] ...2  1046.883793: sched_switch: prev_comm=main prev_pid=6211 prev_prio=120 prev_state=R+ ==> next_comm=mmcqd/1 next_pid=116 next_prio=120
         mmcqd/1-116   [000] ...2  1046.883809: sched_switch: prev_comm=mmcqd/1 prev_pid=116 prev_prio=120 prev_state=S ==> next_comm=main next_pid=6211 next_prio=120
            main-6211  [000] ...2  1046.883815: sched_switch: prev_comm=main prev_pid=6211 prev_prio=120 prev_state=D|W ==> next_comm=swapper/0 next_pid=0 next_prio=120
          <idle>-0     [000] ...2  1046.883945: sched_switch: prev_comm=swapper/0 prev_pid=0 prev_prio=120 prev_state=R ==> next_comm=mmcqd/1 next_pid=116 next_prio=120
         mmcqd/1-116   [000] ...1  1046.883970: block_rq_complete: 179,0 RA () 4083344 + 8 [0]
         mmcqd/1-116   [000] ...2  1046.883992: sched_switch: prev_comm=mmcqd/1 prev_pid=116 prev_prio=120 prev_state=S ==> next_comm=swapper/0 next_pid=0 next_prio=120
          <idle>-0     [000] ...2  1046.884240: sched_switch: prev_comm=swapper/0 prev_pid=0 prev_prio=120 prev_state=R ==> next_comm=mmcqd/1 next_pid=116 next_prio=120
         mmcqd/1-116   [000] ...1  1046.884265: block_rq_complete: 179,0 RA () 4083008 + 8 [0]
         mmcqd/1-116   [000] ...2  1046.884276: sched_switch: prev_comm=mmcqd/1 prev_pid=116 prev_prio=120 prev_state=S ==> next_comm=swapper/0 next_pid=0 next_prio=120
          <idle>-0     [000] ...2  1046.884595: sched_switch: prev_comm=swapper/0 prev_pid=0 prev_prio=120 prev_state=R ==> next_comm=mmcqd/1 next_pid=116 next_prio=120
         mmcqd/1-116   [000] ...1  1046.884608: block_rq_complete: 179,0 RA () 4082888 + 24 [0]
         mmcqd/1-116   [000] ...2  1046.884625: sched_switch: prev_comm=mmcqd/1 prev_pid=116 prev_prio=120 prev_state=R+ ==> next_comm=kworker/0:1H next_pid=17 next_prio=100
    kworker/0:1H-17    [000] ...2  1046.884633: sched_switch: prev_comm=kworker/0:1H prev_pid=17 prev_prio=100 prev_state=S ==> next_comm=mmcqd/1 next_pid=116 next_prio=120
         mmcqd/1-116   [000] ...2  1046.884643: sched_switch: prev_comm=mmcqd/1 prev_pid=116 prev_prio=120 prev_state=S ==> next_comm=main next_pid=6211 next_prio=120
            main-6211  [000] d..2  1046.884782: block_rq_insert: 179,0 R 0 () 4085480 + 136 [main]
            main-6211  [000] ...2  1046.884792: sched_switch: prev_comm=main prev_pid=6211 prev_prio=120 prev_state=R+ ==> next_comm=mmcqd/1 next_pid=116 next_prio=120
         mmcqd/1-116   [000] ...2  1046.884864: sched_switch: prev_comm=mmcqd/1 prev_pid=116 prev_prio=120 prev_state=S ==> next_comm=main next_pid=6211 next_prio=120
            main-6211  [000] ...2  1046.884870: sched_switch: prev_comm=main prev_pid=6211 prev_prio=120 prev_state=D|W ==> next_comm=swapper/0 next_pid=0 next_prio=120
          <idle>-0     [000] ...2  1046.885768: sched_switch: prev_comm=swapper/0 prev_pid=0 prev_prio=120 prev_state=R ==> next_comm=mmcqd/1 next_pid=116 next_prio=120
         mmcqd/1-116   [000] ...1  1046.885807: block_rq_complete: 179,0 RA () 4085480 + 136 [0]
         mmcqd/1-116   [000] ...2  1046.885828: sched_switch: prev_comm=mmcqd/1 prev_pid=116 prev_prio=120 prev_state=R+ ==> next_comm=kworker/0:1H next_pid=17 next_prio=100
    kworker/0:1H-17    [000] ...2  1046.885835: sched_switch: prev_comm=kworker/0:1H prev_pid=17 prev_prio=100 prev_state=S ==> next_comm=mmcqd/1 next_pid=116 next_prio=120
         mmcqd/1-116   [000] ...2  1046.885845: sched_switch: prev_comm=mmcqd/1 prev_pid=116 prev_prio=120 prev_state=S ==> next_comm=main next_pid=6211 next_prio=120
            main-6211  [000] d..2  1046.885994: block_rq_insert: 179,0 R 0 () 4083264 + 8 [main]
            main-6211  [000] ...2  1046.886004: sched_switch: prev_comm=main prev_pid=6211 prev_prio=120 prev_state=R+ ==> next_comm=mmcqd/1 next_pid=116 next_prio=120
         mmcqd/1-116   [000] ...2  1046.886041: sched_switch: prev_comm=mmcqd/1 prev_pid=116 prev_prio=120 prev_state=S ==> next_comm=main next_pid=6211 next_prio=120
            main-6211  [000] ...2  1046.886047: sched_switch: prev_comm=main prev_pid=6211 prev_prio=120 prev_state=D|W ==> next_comm=swapper/0 next_pid=0 next_prio=120
          <idle>-0     [000] ...2  1046.886285: sched_switch: prev_comm=swapper/0 prev_pid=0 prev_prio=120 prev_state=R ==> next_comm=mmcqd/1 next_pid=116 next_prio=120
         mmcqd/1-116   [000] ...1  1046.886295: block_rq_complete: 179,0 RA () 4083264 + 8 [0]
         mmcqd/1-116   [000] ...2  1046.886312: sched_switch: prev_comm=mmcqd/1 prev_pid=116 prev_prio=120 prev_state=R+ ==> next_comm=kworker/0:1H next_pid=17 next_prio=100
    kworker/0:1H-17    [000] ...2  1046.886319: sched_switch: prev_comm=kworker/0:1H prev_pid=17 prev_prio=100 prev_state=S ==> next_comm=mmcqd/1 next_pid=116 next_prio=120
         mmcqd/1-116   [000] ...2  1046.886328: sched_switch: prev_comm=mmcqd/1 prev_pid=116 prev_prio=120 prev_state=S ==> next_comm=main next_pid=6211 next_prio=120
            main-6211  [000] d..2  1046.887022: block_rq_insert: 179,0 R 0 () 4085656 + 256 [main]
            main-6211  [000] ...2  1046.887033: sched_switch: prev_comm=main prev_pid=6211 prev_prio=120 prev_state=R+ ==> next_comm=mmcqd/1 next_pid=116 next_prio=120
         mmcqd/1-116   [000] ...2  1046.887137: sched_switch: prev_comm=mmcqd/1 prev_pid=116 prev_prio=120 prev_state=S ==> next_comm=main next_pid=6211 next_prio=120
            main-6211  [000] ...2  1046.887143: sched_switch: prev_comm=main prev_pid=6211 prev_prio=120 prev_state=D|W ==> next_comm=swapper/0 next_pid=0 next_prio=120
          <idle>-0     [000] ...2  1046.888593: sched_switch: prev_comm=swapper/0 prev_pid=0 prev_prio=120 prev_state=R ==> next_comm=mmcqd/1 next_pid=116 next_prio=120
         mmcqd/1-116   [000] ...1  1046.888657: block_rq_complete: 179,0 RA () 4085656 + 256 [0]
         mmcqd/1-116   [000] ...2  1046.888682: sched_switch: prev_comm=mmcqd/1 prev_pid=116 prev_prio=120 prev_state=R+ ==> next_comm=kworker/0:1H next_pid=17 next_prio=100
    kworker/0:1H-17    [000] ...2  1046.888690: sched_switch: prev_comm=kworker/0:1H prev_pid=17 prev_prio=100 prev_state=S ==> next_comm=mmcqd/1 next_pid=116 next_prio=120
         mmcqd/1-116   [000] ...2  1046.888699: sched_switch: prev_comm=mmcqd/1 prev_pid=116 prev_prio=120 prev_state=S ==> next_comm=main next_pid=6211 next_prio=120
            main-6211  [000] d..2  1046.889673: block_rq_insert: 179,0 R 0 () 4085912 + 256 [main]
            main-6211  [000] ...2  1046.889684: sched_switch: prev_comm=main prev_pid=6211 prev_prio=120 prev_state=R+ ==> next_comm=mmcqd/1 next_pid=116 next_prio=120
         mmcqd/1-116   [000] ...2  1046.889792: sched_switch: prev_comm=mmcqd/1 prev_pid=116 prev_prio=120 prev_state=S ==> next_comm=main next_pid=6211 next_prio=120
            main-6211  [000] ...2  1046.889867: sched_switch: prev_comm=main prev_pid=6211 prev_prio=120 prev_state=D|W ==> next_comm=swapper/0 next_pid=0 next_prio=120
          <idle>-0     [000] ...2  1046.891232: sched_switch: prev_comm=swapper/0 prev_pid=0 prev_prio=120 prev_state=R ==> next_comm=mmcqd/1 next_pid=116 next_prio=120
         mmcqd/1-116   [000] ...1  1046.891297: block_rq_complete: 179,0 RA () 4085912 + 256 [0]
         mmcqd/1-116   [000] ...2  1046.891323: sched_switch: prev_comm=mmcqd/1 prev_pid=116 prev_prio=120 prev_state=R+ ==> next_comm=kworker/0:1H next_pid=17 next_prio=100
    kworker/0:1H-17    [000] ...2  1046.891330: sched_switch: prev_comm=kworker/0:1H prev_pid=17 prev_prio=100 prev_state=S ==> next_comm=mmcqd/1 next_pid=116 next_prio=120
         mmcqd/1-116   [000] ...2  1046.891340: sched_switch: prev_comm=mmcqd/1 prev_pid=116 prev_prio=120 prev_state=S ==> next_comm=main next_pid=6211 next_prio=120
            main-6211  [000] d..2  1046.891419: block_rq_insert: 179,0 R 0 () 4072864 + 64 [main]
            main-6211  [000] d..2  1046.891422: block_rq_insert: 179,0 R 0 () 4072944 + 8 [main]
            main-6211  [000] ...2  1046.891431: sched_switch: prev_comm=main prev_pid=6211 prev_prio=120 prev_state=R+ ==> next_comm=mmcqd/1 next_pid=116 next_prio=120
         mmcqd/1-116   [000] ...2  1046.891491: sched_switch: prev_comm=mmcqd/1 prev_pid=116 prev_prio=120 prev_state=S ==> next_comm=main next_pid=6211 next_prio=120
            main-6211  [000] ...2  1046.891499: sched_switch: prev_comm=main prev_pid=6211 prev_prio=120 prev_state=D|W ==> next_comm=swapper/0 next_pid=0 next_prio=120
          <idle>-0     [000] ...2  1046.891707: sched_switch: prev_comm=swapper/0 prev_pid=0 prev_prio=120 prev_state=R ==> next_comm=mmcqd/1 next_pid=116 next_prio=120
         mmcqd/1-116   [000] ...1  1046.891733: block_rq_complete: 179,0 RA () 4072944 + 8 [0]
         mmcqd/1-116   [000] ...2  1046.891748: sched_switch: prev_comm=mmcqd/1 prev_pid=116 prev_prio=120 prev_state=S ==> next_comm=swapper/0 next_pid=0 next_prio=120
          <idle>-0     [000] ...2  1046.892260: sched_switch: prev_comm=swapper/0 prev_pid=0 prev_prio=120 prev_state=R ==> next_comm=mmcqd/1 next_pid=116 next_prio=120
         mmcqd/1-116   [000] ...1  1046.892282: block_rq_complete: 179,0 RA () 4072864 + 64 [0]
         mmcqd/1-116   [000] ...2  1046.892300: sched_switch: prev_comm=mmcqd/1 prev_pid=116 prev_prio=120 prev_state=R+ ==> next_comm=kworker/0:1H next_pid=17 next_prio=100
    kworker/0:1H-17    [000] ...2  1046.892307: sched_switch: prev_comm=kworker/0:1H prev_pid=17 prev_prio=100 prev_state=S ==> next_comm=mmcqd/1 next_pid=116 next_prio=120
         mmcqd/1-116   [000] ...2  1046.892316: sched_switch: prev_comm=mmcqd/1 prev_pid=116 prev_prio=120 prev_state=S ==> next_comm=main next_pid=6211 next_prio=120
            main-6211  [000] d..2  1046.892602: block_rq_insert: 179,0 R 0 () 4086168 + 184 [main]
            main-6211  [000] ...2  1046.892613: sched_switch: prev_comm=main prev_pid=6211 prev_prio=120 prev_state=R+ ==> next_comm=mmcqd/1 next_pid=116 next_prio=120
         mmcqd/1-116   [000] ...2  1046.892697: sched_switch: prev_comm=mmcqd/1 prev_pid=116 prev_prio=120 prev_state=S ==> next_comm=main next_pid=6211 next_prio=120
            main-6211  [000] ...2  1046.892705: sched_switch: prev_comm=main prev_pid=6211 prev_prio=120 prev_state=D|W ==> next_comm=swapper/0 next_pid=0 next_prio=120
          <idle>-0     [000] ...2  1046.893826: sched_switch: prev_comm=swapper/0 prev_pid=0 prev_prio=120 prev_state=R ==> next_comm=mmcqd/1 next_pid=116 next_prio=120
         mmcqd/1-116   [000] ...1  1046.893874: block_rq_complete: 179,0 RA () 4086168 + 184 [0]
         mmcqd/1-116   [000] ...2  1046.893897: sched_switch: prev_comm=mmcqd/1 prev_pid=116 prev_prio=120 prev_state=R+ ==> next_comm=kworker/0:1H next_pid=17 next_prio=100
    kworker/0:1H-17    [000] ...2  1046.893904: sched_switch: prev_comm=kworker/0:1H prev_pid=17 prev_prio=100 prev_state=S ==> next_comm=mmcqd/1 next_pid=116 next_prio=120
         mmcqd/1-116   [000] ...2  1046.893914: sched_switch: prev_comm=mmcqd/1 prev_pid=116 prev_prio=120 prev_state=S ==> next_comm=main next_pid=6211 next_prio=120
            main-6211  [000] d..2  1046.894239: block_rq_insert: 179,0 R 0 () 1207472 + 8 [main]
            main-6211  [000] d..2  1046.894242: block_rq_insert: 179,0 R 0 () 1207488 + 24 [main]
            main-6211  [000] d..2  1046.894243: block_rq_insert: 179,0 R 0 () 1207584 + 24 [main]
            main-6211  [000] ...2  1046.894253: sched_switch: prev_comm=main prev_pid=6211 prev_prio=120 prev_state=R+ ==> next_comm=mmcqd/1 next_pid=116 next_prio=120
         mmcqd/1-116   [000] ...2  1046.894305: sched_switch: prev_comm=mmcqd/1 prev_pid=116 prev_prio=120 prev_state=S ==> next_comm=main next_pid=6211 next_prio=120
            main-6211  [000] ...2  1046.894312: sched_switch: prev_comm=main prev_pid=6211 prev_prio=120 prev_state=D|W ==> next_comm=swapper/0 next_pid=0 next_prio=120
          <idle>-0     [000] ...2  1046.894327: sched_switch: prev_comm=swapper/0 prev_pid=0 prev_prio=120 prev_state=R ==> next_comm=ksoftirqd/0 next_pid=3 next_prio=120
     ksoftirqd/0-3     [000] ...2  1046.894338: sched_switch: prev_comm=ksoftirqd/0 prev_pid=3 prev_prio=120 prev_state=S ==> next_comm=swapper/0 next_pid=0 next_prio=120
          <idle>-0     [000] ...2  1046.894353: sched_switch: prev_comm=swapper/0 prev_pid=0 prev_prio=120 prev_state=R ==> next_comm=ksoftirqd/0 next_pid=3 next_prio=120
     ksoftirqd/0-3     [000] ...2  1046.894362: sched_switch: prev_comm=ksoftirqd/0 prev_pid=3 prev_prio=120 prev_state=S ==> next_comm=swapper/0 next_pid=0 next_prio=120
          <idle>-0     [000] ...2  1046.894374: sched_switch: prev_comm=swapper/0 prev_pid=0 prev_prio=120 prev_state=R ==> next_comm=ksoftirqd/0 next_pid=3 next_prio=120
     ksoftirqd/0-3     [000] ...2  1046.894383: sched_switch: prev_comm=ksoftirqd/0 prev_pid=3 prev_prio=120 prev_state=S ==> next_comm=swapper/0 next_pid=0 next_prio=120
          <idle>-0     [000] ...2  1046.894536: sched_switch: prev_comm=swapper/0 prev_pid=0 prev_prio=120 prev_state=R ==> next_comm=mmcqd/1 next_pid=116 next_prio=120
         mmcqd/1-116   [000] ...1  1046.894563: block_rq_complete: 179,0 RA () 1207472 + 8 [0]
         mmcqd/1-116   [000] ...2  1046.894588: sched_switch: prev_comm=mmcqd/1 prev_pid=116 prev_prio=120 prev_state=S ==> next_comm=swapper/0 next_pid=0 next_prio=120
          <idle>-0     [000] ...2  1046.894889: sched_switch: prev_comm=swapper/0 prev_pid=0 prev_prio=120 prev_state=R ==> next_comm=mmcqd/1 next_pid=116 next_prio=120
         mmcqd/1-116   [000] ...1  1046.894918: block_rq_complete: 179,0 RA () 1207488 + 24 [0]
         mmcqd/1-116   [000] ...2  1046.894932: sched_switch: prev_comm=mmcqd/1 prev_pid=116 prev_prio=120 prev_state=S ==> next_comm=swapper/0 next_pid=0 next_prio=120
          <idle>-0     [000] ...2  1046.895231: sched_switch: prev_comm=swapper/0 prev_pid=0 prev_prio=120 prev_state=R ==> next_comm=mmcqd/1 next_pid=116 next_prio=120
         mmcqd/1-116   [000] ...1  1046.895244: block_rq_complete: 179,0 RA () 1207584 + 24 [0]
         mmcqd/1-116   [000] ...2  1046.895262: sched_switch: prev_comm=mmcqd/1 prev_pid=116 prev_prio=120 prev_state=R+ ==> next_comm=kworker/0:1H next_pid=17 next_prio=100
    kworker/0:1H-17    [000] ...2  1046.895270: sched_switch: prev_comm=kworker/0:1H prev_pid=17 prev_prio=100 prev_state=S ==> next_comm=mmcqd/1 next_pid=116 next_prio=120
         mmcqd/1-116   [000] ...2  1046.895279: sched_switch: prev_comm=mmcqd/1 prev_pid=116 prev_prio=120 prev_state=S ==> next_comm=main next_pid=6211 next_prio=120
            main-6211  [000] d..2  1046.897211: block_rq_insert: 179,0 R 0 () 3996192 + 8 [main]
            main-6211  [000] d..2  1046.897216: block_rq_insert: 179,0 R 0 () 3996264 + 8 [main]
            main-6211  [000] ...2  1046.897228: sched_switch: prev_comm=main prev_pid=6211 prev_prio=120 prev_state=R+ ==> next_comm=mmcqd/1 next_pid=116 next_prio=120
         mmcqd/1-116   [000] ...2  1046.897282: sched_switch: prev_comm=mmcqd/1 prev_pid=116 prev_prio=120 prev_state=S ==> next_comm=main next_pid=6211 next_prio=120
            main-6211  [000] ...2  1046.897291: sched_switch: prev_comm=main prev_pid=6211 prev_prio=120 prev_state=D|W ==> next_comm=swapper/0 next_pid=0 next_prio=120
          <idle>-0     [000] ...2  1046.897522: sched_switch: prev_comm=swapper/0 prev_pid=0 prev_prio=120 prev_state=R ==> next_comm=mmcqd/1 next_pid=116 next_prio=120
         mmcqd/1-116   [000] ...1  1046.897549: block_rq_complete: 179,0 RA () 3996192 + 8 [0]
         mmcqd/1-116   [000] ...2  1046.897563: sched_switch: prev_comm=mmcqd/1 prev_pid=116 prev_prio=120 prev_state=S ==> next_comm=swapper/0 next_pid=0 next_prio=120
          <idle>-0     [000] ...2  1046.897811: sched_switch: prev_comm=swapper/0 prev_pid=0 prev_prio=120 prev_state=R ==> next_comm=mmcqd/1 next_pid=116 next_prio=120
         mmcqd/1-116   [000] ...1  1046.897821: block_rq_complete: 179,0 RA () 3996264 + 8 [0]
         mmcqd/1-116   [000] ...2  1046.897839: sched_switch: prev_comm=mmcqd/1 prev_pid=116 prev_prio=120 prev_state=R+ ==> next_comm=kworker/0:1H next_pid=17 next_prio=100
    kworker/0:1H-17    [000] ...2  1046.897847: sched_switch: prev_comm=kworker/0:1H prev_pid=17 prev_prio=100 prev_state=S ==> next_comm=mmcqd/1 next_pid=116 next_prio=120
         mmcqd/1-116   [000] ...2  1046.897857: sched_switch: prev_comm=mmcqd/1 prev_pid=116 prev_prio=120 prev_state=S ==> next_comm=main next_pid=6211 next_prio=120
            main-6211  [000] ...2  1046.898913: sched_switch: prev_comm=main prev_pid=6211 prev_prio=120 prev_state=R ==> next_comm=kworker/u:1 next_pid=4914 next_prio=120
     kworker/u:1-4914  [000] ...2  1046.898930: sched_switch: prev_comm=kworker/u:1 prev_pid=4914 prev_prio=120 prev_state=S ==> next_comm=kworker/0:1H next_pid=17 next_prio=100
    kworker/0:1H-17    [000] ...2  1046.898945: sched_switch: prev_comm=kworker/0:1H prev_pid=17 prev_prio=100 prev_state=S ==> next_comm=mpdecision next_pid=1527 next_prio=113
      mpdecision-1527  [000] ...2  1046.899198: sched_switch: prev_comm=mpdecision prev_pid=1527 prev_prio=113 prev_state=S ==> next_comm=main next_pid=6211 next_prio=120
            main-6211  [000] d..2  1046.900721: block_rq_insert: 179,0 R 0 () 4082472 + 16 [main]
            main-6211  [000] d..2  1046.900724: block_rq_insert: 179,0 R 0 () 4082496 + 8 [main]
            main-6211  [000] d..2  1046.900726: block_rq_insert: 179,0 R 0 () 4082512 + 8 [main]
            main-6211  [000] d..2  1046.900728: block_rq_insert: 179,0 R 0 () 4082536 + 8 [main]
            main-6211  [000] d..2  1046.900729: block_rq_insert: 179,0 R 0 () 4082552 + 48 [main]
            main-6211  [000] ...2  1046.900741: sched_switch: prev_comm=main prev_pid=6211 prev_prio=120 prev_state=R+ ==> next_comm=mmcqd/1 next_pid=116 next_prio=120
         mmcqd/1-116   [000] ...2  1046.900798: sched_switch: prev_comm=mmcqd/1 prev_pid=116 prev_prio=120 prev_state=S ==> next_comm=main next_pid=6211 next_prio=120
            main-6211  [000] ...2  1046.900805: sched_switch: prev_comm=main prev_pid=6211 prev_prio=120 prev_state=D|W ==> next_comm=swapper/0 next_pid=0 next_prio=120
          <idle>-0     [000] ...2  1046.900824: sched_switch: prev_comm=swapper/0 prev_pid=0 prev_prio=120 prev_state=R ==> next_comm=ksoftirqd/0 next_pid=3 next_prio=120
     ksoftirqd/0-3     [000] ...2  1046.900833: sched_switch: prev_comm=ksoftirqd/0 prev_pid=3 prev_prio=120 prev_state=S ==> next_comm=swapper/0 next_pid=0 next_prio=120
          <idle>-0     [000] ...2  1046.900848: sched_switch: prev_comm=swapper/0 prev_pid=0 prev_prio=120 prev_state=R ==> next_comm=ksoftirqd/0 next_pid=3 next_prio=120
     ksoftirqd/0-3     [000] ...2  1046.900855: sched_switch: prev_comm=ksoftirqd/0 prev_pid=3 prev_prio=120 prev_state=S ==> next_comm=swapper/0 next_pid=0 next_prio=120
          <idle>-0     [000] ...2  1046.900867: sched_switch: prev_comm=swapper/0 prev_pid=0 prev_prio=120 prev_state=R ==> next_comm=ksoftirqd/0 next_pid=3 next_prio=120
     ksoftirqd/0-3     [000] ...2  1046.900876: sched_switch: prev_comm=ksoftirqd/0 prev_pid=3 prev_prio=120 prev_state=S ==> next_comm=swapper/0 next_pid=0 next_prio=120
          <idle>-0     [000] ...2  1046.901066: sched_switch: prev_comm=swapper/0 prev_pid=0 prev_prio=120 prev_state=R ==> next_comm=mmcqd/1 next_pid=116 next_prio=120
         mmcqd/1-116   [000] ...1  1046.901094: block_rq_complete: 179,0 RA () 4082472 + 16 [0]
         mmcqd/1-116   [000] ...2  1046.901120: sched_switch: prev_comm=mmcqd/1 prev_pid=116 prev_prio=120 prev_state=S ==> next_comm=main next_pid=6211 next_prio=120
            main-6211  [000] ...2  1046.901342: sched_switch: prev_comm=main prev_pid=6211 prev_prio=120 prev_state=R ==> next_comm=mmcqd/1 next_pid=116 next_prio=120
         mmcqd/1-116   [000] ...1  1046.901368: block_rq_complete: 179,0 RA () 4082496 + 8 [0]
         mmcqd/1-116   [000] ...2  1046.901389: sched_switch: prev_comm=mmcqd/1 prev_pid=116 prev_prio=120 prev_state=S ==> next_comm=main next_pid=6211 next_prio=120
            main-6211  [000] ...2  1046.901666: sched_switch: prev_comm=main prev_pid=6211 prev_prio=120 prev_state=R ==> next_comm=mmcqd/1 next_pid=116 next_prio=120
         mmcqd/1-116   [000] ...1  1046.901692: block_rq_complete: 179,0 RA () 4082512 + 8 [0]
         mmcqd/1-116   [000] ...2  1046.901721: sched_switch: prev_comm=mmcqd/1 prev_pid=116 prev_prio=120 prev_state=S ==> next_comm=main next_pid=6211 next_prio=120
            main-6211  [000] ...2  1046.901956: sched_switch: prev_comm=main prev_pid=6211 prev_prio=120 prev_state=R ==> next_comm=mmcqd/1 next_pid=116 next_prio=120
         mmcqd/1-116   [000] ...1  1046.901981: block_rq_complete: 179,0 RA () 4082536 + 8 [0]
         mmcqd/1-116   [000] ...2  1046.901993: sched_switch: prev_comm=mmcqd/1 prev_pid=116 prev_prio=120 prev_state=S ==> next_comm=main next_pid=6211 next_prio=120
            main-6211  [000] ...2  1046.902465: sched_switch: prev_comm=main prev_pid=6211 prev_prio=120 prev_state=R ==> next_comm=mmcqd/1 next_pid=116 next_prio=120
         mmcqd/1-116   [000] ...1  1046.902484: block_rq_complete: 179,0 RA () 4082552 + 48 [0]
         mmcqd/1-116   [000] ...2  1046.902499: sched_switch: prev_comm=mmcqd/1 prev_pid=116 prev_prio=120 prev_state=R+ ==> next_comm=kworker/0:1H next_pid=17 next_prio=100
    kworker/0:1H-17    [000] ...2  1046.902506: sched_switch: prev_comm=kworker/0:1H prev_pid=17 prev_prio=100 prev_state=S ==> next_comm=mmcqd/1 next_pid=116 next_prio=120
         mmcqd/1-116   [000] ...2  1046.902517: sched_switch: prev_comm=mmcqd/1 prev_pid=116 prev_prio=120 prev_state=S ==> next_comm=main next_pid=6211 next_prio=120
            main-6211  [000] d..2  1046.911789: block_rq_insert: 179,0 R 0 () 802944 + 32 [main]
            main-6211  [000] ...2  1046.911802: sched_switch: prev_comm=main prev_pid=6211 prev_prio=120 prev_state=R+ ==> next_comm=mmcqd/1 next_pid=116 next_prio=120
         mmcqd/1-116   [000] ...2  1046.911854: sched_switch: prev_comm=mmcqd/1 prev_pid=116 prev_prio=120 prev_state=S ==> next_comm=main next_pid=6211 next_prio=120
            main-6211  [000] ...2  1046.911860: sched_switch: prev_comm=main prev_pid=6211 prev_prio=120 prev_state=D|W ==> next_comm=swapper/0 next_pid=0 next_prio=120
          <idle>-0     [000] ...2  1046.911877: sched_switch: prev_comm=swapper/0 prev_pid=0 prev_prio=120 prev_state=R ==> next_comm=ksoftirqd/0 next_pid=3 next_prio=120
     ksoftirqd/0-3     [000] ...2  1046.911885: sched_switch: prev_comm=ksoftirqd/0 prev_pid=3 prev_prio=120 prev_state=S ==> next_comm=swapper/0 next_pid=0 next_prio=120
          <idle>-0     [000] ...2  1046.911899: sched_switch: prev_comm=swapper/0 prev_pid=0 prev_prio=120 prev_state=R ==> next_comm=ksoftirqd/0 next_pid=3 next_prio=120
     ksoftirqd/0-3     [000] ...2  1046.911906: sched_switch: prev_comm=ksoftirqd/0 prev_pid=3 prev_prio=120 prev_state=S ==> next_comm=swapper/0 next_pid=0 next_prio=120
          <idle>-0     [000] ...2  1046.911919: sched_switch: prev_comm=swapper/0 prev_pid=0 prev_prio=120 prev_state=R ==> next_comm=ksoftirqd/0 next_pid=3 next_prio=120
     ksoftirqd/0-3     [000] ...2  1046.911927: sched_switch: prev_comm=ksoftirqd/0 prev_pid=3 prev_prio=120 prev_state=S ==> next_comm=swapper/0 next_pid=0 next_prio=120
          <idle>-0     [000] ...2  1046.912192: sched_switch: prev_comm=swapper/0 prev_pid=0 prev_prio=120 prev_state=R ==> next_comm=mmcqd/1 next_pid=116 next_prio=120
         mmcqd/1-116   [000] ...1  1046.912209: block_rq_complete: 179,0 RA () 802944 + 32 [0]
         mmcqd/1-116   [000] ...2  1046.912230: sched_switch: prev_comm=mmcqd/1 prev_pid=116 prev_prio=120 prev_state=R+ ==> next_comm=kworker/0:1H next_pid=17 next_prio=100
    kworker/0:1H-17    [000] ...2  1046.912237: sched_switch: prev_comm=kworker/0:1H prev_pid=17 prev_prio=100 prev_state=S ==> next_comm=mmcqd/1 next_pid=116 next_prio=120
         mmcqd/1-116   [000] ...2  1046.912247: sched_switch: prev_comm=mmcqd/1 prev_pid=116 prev_prio=120 prev_state=S ==> next_comm=main next_pid=6211 next_prio=120
            main-6211  [000] d..2  1046.912284: block_rq_insert: 179,0 R 0 () 802976 + 16 [main]
            main-6211  [000] ...2  1046.912293: sched_switch: prev_comm=main prev_pid=6211 prev_prio=120 prev_state=R+ ==> next_comm=mmcqd/1 next_pid=116 next_prio=120
         mmcqd/1-116   [000] ...2  1046.912332: sched_switch: prev_comm=mmcqd/1 prev_pid=116 prev_prio=120 prev_state=S ==> next_comm=main next_pid=6211 next_prio=120
            main-6211  [000] ...2  1046.912364: sched_switch: prev_comm=main prev_pid=6211 prev_prio=120 prev_state=D|W ==> next_comm=swapper/0 next_pid=0 next_prio=120
          <idle>-0     [000] ...2  1046.912605: sched_switch: prev_comm=swapper/0 prev_pid=0 prev_prio=120 prev_state=R ==> next_comm=mmcqd/1 next_pid=116 next_prio=120
         mmcqd/1-116   [000] ...1  1046.912617: block_rq_complete: 179,0 RA () 802976 + 16 [0]
         mmcqd/1-116   [000] ...2  1046.912633: sched_switch: prev_comm=mmcqd/1 prev_pid=116 prev_prio=120 prev_state=R+ ==> next_comm=kworker/0:1H next_pid=17 next_prio=100
    kworker/0:1H-17    [000] ...2  1046.912640: sched_switch: prev_comm=kworker/0:1H prev_pid=17 prev_prio=100 prev_state=S ==> next_comm=mmcqd/1 next_pid=116 next_prio=120
         mmcqd/1-116   [000] ...2  1046.912649: sched_switch: prev_comm=mmcqd/1 prev_pid=116 prev_prio=120 prev_state=S ==> next_comm=main next_pid=6211 next_prio=120
            main-6211  [000] d..2  1046.912949: block_rq_insert: 179,0 R 0 () 3984384 + 256 [main]
            main-6211  [000] ...2  1046.912961: sched_switch: prev_comm=main prev_pid=6211 prev_prio=120 prev_state=R+ ==> next_comm=mmcqd/1 next_pid=116 next_prio=120
         mmcqd/1-116   [000] ...2  1046.913067: sched_switch: prev_comm=mmcqd/1 prev_pid=116 prev_prio=120 prev_state=S ==> next_comm=main next_pid=6211 next_prio=120
            main-6211  [000] ...2  1046.913073: sched_switch: prev_comm=main prev_pid=6211 prev_prio=120 prev_state=D|W ==> next_comm=swapper/0 next_pid=0 next_prio=120
          <idle>-0     [000] ...2  1046.913088: sched_switch: prev_comm=swapper/0 prev_pid=0 prev_prio=120 prev_state=R ==> next_comm=ksoftirqd/0 next_pid=3 next_prio=120
     ksoftirqd/0-3     [000] ...2  1046.913095: sched_switch: prev_comm=ksoftirqd/0 prev_pid=3 prev_prio=120 prev_state=S ==> next_comm=swapper/0 next_pid=0 next_prio=120
          <idle>-0     [000] ...2  1046.913110: sched_switch: prev_comm=swapper/0 prev_pid=0 prev_prio=120 prev_state=R ==> next_comm=ksoftirqd/0 next_pid=3 next_prio=120
     ksoftirqd/0-3     [000] ...2  1046.913116: sched_switch: prev_comm=ksoftirqd/0 prev_pid=3 prev_prio=120 prev_state=S ==> next_comm=swapper/0 next_pid=0 next_prio=120
          <idle>-0     [000] ...2  1046.913129: sched_switch: prev_comm=swapper/0 prev_pid=0 prev_prio=120 prev_state=R ==> next_comm=ksoftirqd/0 next_pid=3 next_prio=120
     ksoftirqd/0-3     [000] ...2  1046.913137: sched_switch: prev_comm=ksoftirqd/0 prev_pid=3 prev_prio=120 prev_state=S ==> next_comm=swapper/0 next_pid=0 next_prio=120
          <idle>-0     [000] ...2  1046.914451: sched_switch: prev_comm=swapper/0 prev_pid=0 prev_prio=120 prev_state=R ==> next_comm=mmcqd/1 next_pid=116 next_prio=120
         mmcqd/1-116   [000] ...1  1046.914516: block_rq_complete: 179,0 RA () 3984384 + 256 [0]
         mmcqd/1-116   [000] ...2  1046.914541: sched_switch: prev_comm=mmcqd/1 prev_pid=116 prev_prio=120 prev_state=R+ ==> next_comm=kworker/0:1H next_pid=17 next_prio=100
    kworker/0:1H-17    [000] ...2  1046.914549: sched_switch: prev_comm=kworker/0:1H prev_pid=17 prev_prio=100 prev_state=S ==> next_comm=mmcqd/1 next_pid=116 next_prio=120
         mmcqd/1-116   [000] ...2  1046.914558: sched_switch: prev_comm=mmcqd/1 prev_pid=116 prev_prio=120 prev_state=S ==> next_comm=main next_pid=6211 next_prio=120
            main-6211  [000] d..2  1046.914768: block_rq_insert: 179,0 R 0 () 3984640 + 16 [main]
            main-6211  [000] ...2  1046.914779: sched_switch: prev_comm=main prev_pid=6211 prev_prio=120 prev_state=R+ ==> next_comm=mmcqd/1 next_pid=116 next_prio=120
         mmcqd/1-116   [000] ...2  1046.914821: sched_switch: prev_comm=mmcqd/1 prev_pid=116 prev_prio=120 prev_state=S ==> next_comm=main next_pid=6211 next_prio=120
            main-6211  [000] ...2  1046.914831: sched_switch: prev_comm=main prev_pid=6211 prev_prio=120 prev_state=D|W ==> next_comm=swapper/0 next_pid=0 next_prio=120
          <idle>-0     [000] ...2  1046.914846: sched_switch: prev_comm=swapper/0 prev_pid=0 prev_prio=120 prev_state=R ==> next_comm=ksoftirqd/0 next_pid=3 next_prio=120
     ksoftirqd/0-3     [000] ...2  1046.914854: sched_switch: prev_comm=ksoftirqd/0 prev_pid=3 prev_prio=120 prev_state=S ==> next_comm=swapper/0 next_pid=0 next_prio=120
          <idle>-0     [000] ...2  1046.914869: sched_switch: prev_comm=swapper/0 prev_pid=0 prev_prio=120 prev_state=R ==> next_comm=ksoftirqd/0 next_pid=3 next_prio=120
     ksoftirqd/0-3     [000] ...2  1046.914877: sched_switch: prev_comm=ksoftirqd/0 prev_pid=3 prev_prio=120 prev_state=S ==> next_comm=swapper/0 next_pid=0 next_prio=120
          <idle>-0     [000] ...2  1046.914890: sched_switch: prev_comm=swapper/0 prev_pid=0 prev_prio=120 prev_state=R ==> next_comm=ksoftirqd/0 next_pid=3 next_prio=120
     ksoftirqd/0-3     [000] ...2  1046.914899: sched_switch: prev_comm=ksoftirqd/0 prev_pid=3 prev_prio=120 prev_state=S ==> next_comm=swapper/0 next_pid=0 next_prio=120
          <idle>-0     [000] ...2  1046.915062: sched_switch: prev_comm=swapper/0 prev_pid=0 prev_prio=120 prev_state=R ==> next_comm=mmcqd/1 next_pid=116 next_prio=120
         mmcqd/1-116   [000] ...1  1046.915074: block_rq_complete: 179,0 RA () 3984640 + 16 [0]
         mmcqd/1-116   [000] ...2  1046.915090: sched_switch: prev_comm=mmcqd/1 prev_pid=116 prev_prio=120 prev_state=R+ ==> next_comm=kworker/0:1H next_pid=17 next_prio=100
    kworker/0:1H-17    [000] ...2  1046.915097: sched_switch: prev_comm=kworker/0:1H prev_pid=17 prev_prio=100 prev_state=S ==> next_comm=mmcqd/1 next_pid=116 next_prio=120
         mmcqd/1-116   [000] ...2  1046.915106: sched_switch: prev_comm=mmcqd/1 prev_pid=116 prev_prio=120 prev_state=S ==> next_comm=main next_pid=6211 next_prio=120
          <idle>-0     [001] ...2  1046.915727: sched_switch: prev_comm=swapper/1 prev_pid=0 prev_prio=120 prev_state=R ==> next_comm=main next_pid=6214 next_prio=120
 Heap thread poo-6214  [001] ...2  1046.915740: sched_switch: prev_comm=main prev_pid=6214 prev_prio=120 prev_state=D ==> next_comm=swapper/1 next_pid=0 next_prio=120
          <idle>-0     [001] ...2  1046.915770: sched_switch: prev_comm=swapper/1 prev_pid=0 prev_prio=120 prev_state=R ==> next_comm=main next_pid=6214 next_prio=120
            main-6211  [000] ...2  1046.915772: sched_switch: prev_comm=main prev_pid=6211 prev_prio=120 prev_state=D ==> next_comm=swapper/0 next_pid=0 next_prio=120
          <idle>-0     [000] ...2  1046.915786: sched_switch: prev_comm=swapper/0 prev_pid=0 prev_prio=120 prev_state=R ==> next_comm=ksoftirqd/0 next_pid=3 next_prio=120
     ksoftirqd/0-3     [000] ...2  1046.915793: sched_switch: prev_comm=ksoftirqd/0 prev_pid=3 prev_prio=120 prev_state=S ==> next_comm=main next_pid=6211 next_prio=120
            main-6211  [000] ...2  1046.915846: sched_switch: prev_comm=main prev_pid=6211 prev_prio=120 prev_state=D ==> next_comm=main next_pid=6215 next_prio=120
 Heap thread poo-6215  [000] ...2  1046.915855: sched_switch: prev_comm=main prev_pid=6215 prev_prio=120 prev_state=R+ ==> next_comm=main next_pid=6211 next_prio=120
 Heap thread poo-6214  [001] ...2  1046.915859: sched_switch: prev_comm=main prev_pid=6214 prev_prio=120 prev_state=D ==> next_comm=swapper/1 next_pid=0 next_prio=120
            main-6211  [000] ...2  1046.915891: sched_switch: prev_comm=main prev_pid=6211 prev_prio=120 prev_state=D ==> next_comm=main next_pid=6215 next_prio=120
 Heap thread poo-6215  [000] ...2  1046.915905: sched_switch: prev_comm=main prev_pid=6215 prev_prio=120 prev_state=R+ ==> next_comm=main next_pid=6211 next_prio=120
          <idle>-0     [001] ...2  1046.915911: sched_switch: prev_comm=swapper/1 prev_pid=0 prev_prio=120 prev_state=R ==> next_comm=main next_pid=6214 next_prio=120
            main-6211  [000] ...2  1046.915947: sched_switch: prev_comm=main prev_pid=6211 prev_prio=120 prev_state=S ==> next_comm=main next_pid=6215 next_prio=120
 Heap thread poo-6214  [001] ...2  1046.915998: sched_switch: prev_comm=main prev_pid=6214 prev_prio=120 prev_state=D ==> next_comm=swapper/1 next_pid=0 next_prio=120
          <idle>-0     [001] ...2  1046.916006: sched_switch: prev_comm=swapper/1 prev_pid=0 prev_prio=120 prev_state=R ==> next_comm=main next_pid=6214 next_prio=120
 Heap thread poo-6215  [000] ...2  1046.916056: sched_switch: prev_comm=main prev_pid=6215 prev_prio=120 prev_state=D ==> next_comm=main next_pid=6216 next_prio=120
 Heap thread poo-6216  [000] ...2  1046.916065: sched_switch: prev_comm=main prev_pid=6216 prev_prio=120 prev_state=R+ ==> next_comm=main next_pid=6215 next_prio=120
 Heap thread poo-6214  [001] ...2  1046.916071: sched_switch: prev_comm=main prev_pid=6214 prev_prio=120 prev_state=D ==> next_comm=swapper/1 next_pid=0 next_prio=120
 Heap thread poo-6215  [000] ...2  1046.916078: sched_switch: prev_comm=main prev_pid=6215 prev_prio=120 prev_state=D ==> next_comm=main next_pid=6216 next_prio=120
 Heap thread poo-6216  [000] ...2  1046.916091: sched_switch: prev_comm=main prev_pid=6216 prev_prio=120 prev_state=R+ ==> next_comm=main next_pid=6215 next_prio=120
 Heap thread poo-6215  [000] ...2  1046.916100: sched_switch: prev_comm=main prev_pid=6215 prev_prio=120 prev_state=D ==> next_comm=main next_pid=6216 next_prio=120
          <idle>-0     [001] ...2  1046.916101: sched_switch: prev_comm=swapper/1 prev_pid=0 prev_prio=120 prev_state=R ==> next_comm=ksoftirqd/1 next_pid=6207 next_prio=120
 Heap thread poo-6216  [000] ...2  1046.916109: sched_switch: prev_comm=main prev_pid=6216 prev_prio=120 prev_state=S ==> next_comm=swapper/0 next_pid=0 next_prio=120
     ksoftirqd/1-6207  [001] ...2  1046.916113: sched_switch: prev_comm=ksoftirqd/1 prev_pid=6207 prev_prio=120 prev_state=S ==> next_comm=main next_pid=6214 next_prio=120
          <idle>-0     [000] ...2  1046.916124: sched_switch: prev_comm=swapper/0 prev_pid=0 prev_prio=120 prev_state=R ==> next_comm=ksoftirqd/0 next_pid=3 next_prio=120
     ksoftirqd/0-3     [000] ...2  1046.916134: sched_switch: prev_comm=ksoftirqd/0 prev_pid=3 prev_prio=120 prev_state=S ==> next_comm=main next_pid=6215 next_prio=120
 Heap thread poo-6214  [001] ...2  1046.916141: sched_switch: prev_comm=main prev_pid=6214 prev_prio=120 prev_state=D ==> next_comm=swapper/1 next_pid=0 next_prio=120
          <idle>-0     [001] ...2  1046.916148: sched_switch: prev_comm=swapper/1 prev_pid=0 prev_prio=120 prev_state=R ==> next_comm=main next_pid=6214 next_prio=120
 Heap thread poo-6215  [000] ...2  1046.916199: sched_switch: prev_comm=main prev_pid=6215 prev_prio=120 prev_state=S ==> next_comm=main next_pid=6216 next_prio=120
 Heap thread poo-6216  [000] ...2  1046.916211: sched_switch: prev_comm=main prev_pid=6216 prev_prio=120 prev_state=S ==> next_comm=swapper/0 next_pid=0 next_prio=120
          <idle>-0     [000] ...2  1046.916226: sched_switch: prev_comm=swapper/0 prev_pid=0 prev_prio=120 prev_state=R ==> next_comm=ksoftirqd/0 next_pid=3 next_prio=120
     ksoftirqd/0-3     [000] ...2  1046.916233: sched_switch: prev_comm=ksoftirqd/0 prev_pid=3 prev_prio=120 prev_state=S ==> next_comm=swapper/0 next_pid=0 next_prio=120
          <idle>-0     [000] ...2  1046.916857: sched_switch: prev_comm=swapper/0 prev_pid=0 prev_prio=120 prev_state=R ==> next_comm=main next_pid=6215 next_prio=120
 Heap thread poo-6215  [000] ...2  1046.916876: sched_switch: prev_comm=main prev_pid=6215 prev_prio=120 prev_state=D ==> next_comm=swapper/0 next_pid=0 next_prio=120
          <idle>-0     [000] ...2  1046.916883: sched_switch: prev_comm=swapper/0 prev_pid=0 prev_prio=120 prev_state=R ==> next_comm=main next_pid=6215 next_prio=120
 Heap thread poo-6214  [001] ...2  1046.916888: sched_switch: prev_comm=Heap thread poo prev_pid=6214 prev_prio=120 prev_state=S ==> next_comm=swapper/1 next_pid=0 next_prio=120
          <idle>-0     [001] ...2  1046.916911: sched_switch: prev_comm=swapper/1 prev_pid=0 prev_prio=120 prev_state=R ==> next_comm=ksoftirqd/1 next_pid=6207 next_prio=120
     ksoftirqd/1-6207  [001] ...2  1046.916921: sched_switch: prev_comm=ksoftirqd/1 prev_pid=6207 prev_prio=120 prev_state=S ==> next_comm=swapper/1 next_pid=0 next_prio=120
          <idle>-0     [001] ...2  1046.916944: sched_switch: prev_comm=swapper/1 prev_pid=0 prev_prio=120 prev_state=R ==> next_comm=ksoftirqd/1 next_pid=6207 next_prio=120
     ksoftirqd/1-6207  [001] ...2  1046.916958: sched_switch: prev_comm=ksoftirqd/1 prev_pid=6207 prev_prio=120 prev_state=S ==> next_comm=swapper/1 next_pid=0 next_prio=120
 Heap thread poo-6215  [000] ...2  1046.917231: sched_switch: prev_comm=Heap thread poo prev_pid=6215 prev_prio=120 prev_state=S ==> next_comm=main next_pid=6216 next_prio=120
 Heap thread poo-6216  [000] ...2  1046.917619: sched_switch: prev_comm=Heap thread poo prev_pid=6216 prev_prio=120 prev_state=R+ ==> next_comm=main next_pid=6211 next_prio=120
          <idle>-0     [001] ...2  1046.917646: sched_switch: prev_comm=swapper/1 prev_pid=0 prev_prio=120 prev_state=R ==> next_comm=Heap thread poo next_pid=6214 next_prio=120
 Heap thread poo-6214  [001] ...2  1046.917671: sched_switch: prev_comm=Heap thread poo prev_pid=6214 prev_prio=120 prev_state=R+ ==> next_comm=Heap thread poo next_pid=6215 next_prio=120
            main-6211  [000] ...2  1046.917682: sched_switch: prev_comm=main prev_pid=6211 prev_prio=120 prev_state=S ==> next_comm=Heap thread poo next_pid=6216 next_prio=120
 Heap thread poo-6216  [000] ...2  1046.917698: sched_switch: prev_comm=Heap thread poo prev_pid=6216 prev_prio=120 prev_state=S ==> next_comm=main next_pid=6217 next_prio=120
 Heap thread poo-6215  [001] ...2  1046.917700: sched_switch: prev_comm=Heap thread poo prev_pid=6215 prev_prio=120 prev_state=S ==> next_comm=Heap thread poo next_pid=6214 next_prio=120
 Heap thread poo-6214  [001] ...2  1046.917727: sched_switch: prev_comm=Heap thread poo prev_pid=6214 prev_prio=120 prev_state=S ==> next_comm=swapper/1 next_pid=0 next_prio=120
  Signal Catcher-6217  [000] ...2  1046.918146: sched_switch: prev_comm=Signal Catcher prev_pid=6217 prev_prio=120 prev_state=R+ ==> next_comm=main next_pid=6211 next_prio=120
          <idle>-0     [001] ...2  1046.918218: sched_switch: prev_comm=swapper/1 prev_pid=0 prev_prio=120 prev_state=R ==> next_comm=main next_pid=6218 next_prio=120
            main-6211  [000] ...2  1046.918221: sched_switch: prev_comm=main prev_pid=6211 prev_prio=120 prev_state=S ==> next_comm=Signal Catcher next_pid=6217 next_prio=120
  Signal Catcher-6217  [000] ...2  1046.918231: sched_switch: prev_comm=Signal Catcher prev_pid=6217 prev_prio=120 prev_state=S ==> next_comm=swapper/0 next_pid=0 next_prio=120
          <idle>-0     [000] ...2  1046.918914: sched_switch: prev_comm=swapper/0 prev_pid=0 prev_prio=120 prev_state=R ==> next_comm=ksoftirqd/0 next_pid=3 next_prio=120
            JDWP-6218  [001] ...2  1046.918921: sched_switch: prev_comm=main prev_pid=6218 prev_prio=120 prev_state=R+ ==> next_comm=kworker/1:0H next_pid=6206 next_prio=100
     ksoftirqd/0-3     [000] ...2  1046.918923: sched_switch: prev_comm=ksoftirqd/0 prev_pid=3 prev_prio=120 prev_state=S ==> next_comm=swapper/0 next_pid=0 next_prio=120
          <idle>-0     [000] ...2  1046.918937: sched_switch: prev_comm=swapper/0 prev_pid=0 prev_prio=120 prev_state=R ==> next_comm=ksoftirqd/0 next_pid=3 next_prio=120
     ksoftirqd/0-3     [000] ...2  1046.918943: sched_switch: prev_comm=ksoftirqd/0 prev_pid=3 prev_prio=120 prev_state=S ==> next_comm=swapper/0 next_pid=0 next_prio=120
    kworker/1:0H-6206  [001] ...2  1046.918955: sched_switch: prev_comm=kworker/1:0H prev_pid=6206 prev_prio=100 prev_state=D ==> next_comm=kworker/1:1H next_pid=6212 next_prio=100
          <idle>-0     [000] ...2  1046.918956: sched_switch: prev_comm=swapper/0 prev_pid=0 prev_prio=120 prev_state=R ==> next_comm=ksoftirqd/0 next_pid=3 next_prio=120
     ksoftirqd/0-3     [000] ...2  1046.918961: sched_switch: prev_comm=ksoftirqd/0 prev_pid=3 prev_prio=120 prev_state=S ==> next_comm=swapper/0 next_pid=0 next_prio=120
    kworker/1:1H-6212  [001] ...2  1046.918987: sched_switch: prev_comm=kworker/1:1H prev_pid=6212 prev_prio=100 prev_state=S ==> next_comm=kworker/1:0H next_pid=6206 next_prio=100
    kworker/1:0H-6206  [001] ...2  1046.919000: sched_switch: prev_comm=kworker/1:0H prev_pid=6206 prev_prio=100 prev_state=S ==> next_comm=main next_pid=6218 next_prio=120
          <idle>-0     [000] ...2  1046.919097: sched_switch: prev_comm=swapper/0 prev_pid=0 prev_prio=120 prev_state=R ==> next_comm=main next_pid=6211 next_prio=120
            JDWP-6218  [001] ...2  1046.919186: sched_switch: prev_comm=JDWP prev_pid=6218 prev_prio=120 prev_state=R+ ==> next_comm=adbd next_pid=778 next_prio=120
            main-6211  [000] d..2  1046.919255: block_rq_insert: 179,0 R 0 () 4067352 + 8 [main]
            main-6211  [000] d..2  1046.919258: block_rq_insert: 179,0 R 0 () 4067368 + 8 [main]
            main-6211  [000] ...2  1046.919270: sched_switch: prev_comm=main prev_pid=6211 prev_prio=120 prev_state=D|W ==> next_comm=mmcqd/1 next_pid=116 next_prio=120
         mmcqd/1-116   [000] ...2  1046.919322: sched_switch: prev_comm=mmcqd/1 prev_pid=116 prev_prio=120 prev_state=S ==> next_comm=swapper/0 next_pid=0 next_prio=120
            adbd-778   [001] ...2  1046.919359: sched_switch: prev_comm=adbd prev_pid=778 prev_prio=120 prev_state=S ==> next_comm=JDWP next_pid=6218 next_prio=120
            JDWP-6218  [001] ...2  1046.919389: sched_switch: prev_comm=JDWP prev_pid=6218 prev_prio=120 prev_state=R+ ==> next_comm=adbd next_pid=778 next_prio=120
          <idle>-0     [000] ...2  1046.919548: sched_switch: prev_comm=swapper/0 prev_pid=0 prev_prio=120 prev_state=R ==> next_comm=mmcqd/1 next_pid=116 next_prio=120
            adbd-778   [001] ...2  1046.919563: sched_switch: prev_comm=adbd prev_pid=778 prev_prio=120 prev_state=S ==> next_comm=JDWP next_pid=6218 next_prio=120
         mmcqd/1-116   [000] ...1  1046.919574: block_rq_complete: 179,0 RA () 4067352 + 8 [0]
            JDWP-6218  [001] ...2  1046.919586: sched_switch: prev_comm=JDWP prev_pid=6218 prev_prio=120 prev_state=S ==> next_comm=swapper/1 next_pid=0 next_prio=120
         mmcqd/1-116   [000] ...2  1046.919587: sched_switch: prev_comm=mmcqd/1 prev_pid=116 prev_prio=120 prev_state=S ==> next_comm=swapper/0 next_pid=0 next_prio=120
          <idle>-0     [001] ...2  1046.919612: sched_switch: prev_comm=swapper/1 prev_pid=0 prev_prio=120 prev_state=R ==> next_comm=ksoftirqd/1 next_pid=6207 next_prio=120
     ksoftirqd/1-6207  [001] ...2  1046.919630: sched_switch: prev_comm=ksoftirqd/1 prev_pid=6207 prev_prio=120 prev_state=S ==> next_comm=swapper/1 next_pid=0 next_prio=120
          <idle>-0     [001] ...2  1046.919654: sched_switch: prev_comm=swapper/1 prev_pid=0 prev_prio=120 prev_state=R ==> next_comm=ksoftirqd/1 next_pid=6207 next_prio=120
     ksoftirqd/1-6207  [001] ...2  1046.919667: sched_switch: prev_comm=ksoftirqd/1 prev_pid=6207 prev_prio=120 prev_state=S ==> next_comm=swapper/1 next_pid=0 next_prio=120
          <idle>-0     [001] ...2  1046.919690: sched_switch: prev_comm=swapper/1 prev_pid=0 prev_prio=120 prev_state=R ==> next_comm=ksoftirqd/1 next_pid=6207 next_prio=120
     ksoftirqd/1-6207  [001] ...2  1046.919706: sched_switch: prev_comm=ksoftirqd/1 prev_pid=6207 prev_prio=120 prev_state=S ==> next_comm=swapper/1 next_pid=0 next_prio=120
          <idle>-0     [000] ...2  1046.919831: sched_switch: prev_comm=swapper/0 prev_pid=0 prev_prio=120 prev_state=R ==> next_comm=mmcqd/1 next_pid=116 next_prio=120
         mmcqd/1-116   [000] ...1  1046.919841: block_rq_complete: 179,0 RA () 4067368 + 8 [0]
         mmcqd/1-116   [000] ...2  1046.919858: sched_switch: prev_comm=mmcqd/1 prev_pid=116 prev_prio=120 prev_state=R+ ==> next_comm=kworker/0:1H next_pid=17 next_prio=100
    kworker/0:1H-17    [000] ...2  1046.919865: sched_switch: prev_comm=kworker/0:1H prev_pid=17 prev_prio=100 prev_state=S ==> next_comm=mmcqd/1 next_pid=116 next_prio=120
         mmcqd/1-116   [000] ...2  1046.919876: sched_switch: prev_comm=mmcqd/1 prev_pid=116 prev_prio=120 prev_state=S ==> next_comm=main next_pid=6211 next_prio=120
            main-6211  [000] d..2  1046.920260: block_rq_insert: 179,0 R 0 () 3993912 + 8 [main]
            main-6211  [000] d..2  1046.920264: block_rq_insert: 179,0 R 0 () 3993944 + 16 [main]
            main-6211  [000] d..2  1046.920266: block_rq_insert: 179,0 R 0 () 3993968 + 72 [main]
            main-6211  [000] ...2  1046.920278: sched_switch: prev_comm=main prev_pid=6211 prev_prio=120 prev_state=D|W ==> next_comm=mmcqd/1 next_pid=116 next_prio=120
         mmcqd/1-116   [000] ...2  1046.920330: sched_switch: prev_comm=mmcqd/1 prev_pid=116 prev_prio=120 prev_state=S ==> next_comm=swapper/0 next_pid=0 next_prio=120
          <idle>-0     [000] ...2  1046.920562: sched_switch: prev_comm=swapper/0 prev_pid=0 prev_prio=120 prev_state=R ==> next_comm=mmcqd/1 next_pid=116 next_prio=120
         mmcqd/1-116   [000] ...1  1046.920587: block_rq_complete: 179,0 RA () 3993912 + 8 [0]
         mmcqd/1-116   [000] ...2  1046.920629: sched_switch: prev_comm=mmcqd/1 prev_pid=116 prev_prio=120 prev_state=S ==> next_comm=main next_pid=6211 next_prio=120
            main-6211  [000] d..2  1046.920766: block_rq_insert: 179,0 R 0 () 4026856 + 24 [main]
