         mmcqd/1-116   [000] ...2  1059.394743: sched_switch: prev_comm=mmcqd/1 prev_pid=116 prev_prio=120 prev_state=S ==> next_comm=swapper/0 next_pid=0 next_prio=120
          <idle>-0     [000] ...2  1059.395171: sched_switch: prev_comm=swapper/0 prev_pid=0 prev_prio=120 prev_state=R ==> next_comm=mmcqd/1 next_pid=116 next_prio=120
         mmcqd/1-116   [000] ...1  1059.395182: block_rq_complete: 179,0 RA () 4026360 + 16 [0]
         mmcqd/1-116   [000] ...2  1059.395199: sched_switch: prev_comm=mmcqd/1 prev_pid=116 prev_prio=120 prev_state=R+ ==> next_comm=kworker/0:1H next_pid=17 next_prio=100
    kworker/0:1H-17    [000] ...2  1059.395206: sched_switch: prev_comm=kworker/0:1H prev_pid=17 prev_prio=100 prev_state=S ==> next_comm=mmcqd/1 next_pid=116 next_prio=120
         mmcqd/1-116   [000] ...2  1059.395215: sched_switch: prev_comm=mmcqd/1 prev_pid=116 prev_prio=120 prev_state=S ==> next_comm=main next_pid=6268 next_prio=120
            main-6268  [000] d..2  1059.396295: block_rq_insert: 179,0 R 0 () 4028944 + 256 [main]
            main-6268  [000] ...2  1059.396306: sched_switch: prev_comm=main prev_pid=6268 prev_prio=120 prev_state=R+ ==> next_comm=mmcqd/1 next_pid=116 next_prio=120
         mmcqd/1-116   [000] ...2  1059.396410: sched_switch: prev_comm=mmcqd/1 prev_pid=116 prev_prio=120 prev_state=S ==> next_comm=main next_pid=6268 next_prio=120
            main-6268  [000] d..2  1059.396764: block_rq_insert: 179,0 R 0 () 4026808 + 8 [main]
            main-6268  [000] ...2  1059.396775: sched_switch: prev_comm=main prev_pid=6268 prev_prio=120 prev_state=R+ ==> next_comm=mmcqd/1 next_pid=116 next_prio=120
         mmcqd/1-116   [000] ...2  1059.396792: sched_switch: prev_comm=mmcqd/1 prev_pid=116 prev_prio=120 prev_state=S ==> next_comm=main next_pid=6268 next_prio=120
            main-6268  [000] ...2  1059.396798: sched_switch: prev_comm=main prev_pid=6268 prev_prio=120 prev_state=D|W ==> next_comm=swapper/0 next_pid=0 next_prio=120
          <idle>-0     [000] ...2  1059.397886: sched_switch: prev_comm=swapper/0 prev_pid=0 prev_prio=120 prev_state=R ==> next_comm=mmcqd/1 next_pid=116 next_prio=120
         mmcqd/1-116   [000] ...1  1059.397967: block_rq_complete: 179,0 RA () 4028944 + 256 [0]
         mmcqd/1-116   [000] ...2  1059.397991: sched_switch: prev_comm=mmcqd/1 prev_pid=116 prev_prio=120 prev_state=S ==> next_comm=swapper/0 next_pid=0 next_prio=120
          <idle>-0     [000] ...2  1059.398138: sched_switch: prev_comm=swapper/0 prev_pid=0 prev_prio=120 prev_state=R ==> next_comm=mmcqd/1 next_pid=116 next_prio=120
         mmcqd/1-116   [000] ...1  1059.398148: block_rq_complete: 179,0 RA () 4026808 + 8 [0]
         mmcqd/1-116   [000] ...2  1059.398164: sched_switch: prev_comm=mmcqd/1 prev_pid=116 prev_prio=120 prev_state=R+ ==> next_comm=kworker/0:1H next_pid=17 next_prio=100
    kworker/0:1H-17    [000] ...2  1059.398172: sched_switch: prev_comm=kworker/0:1H prev_pid=17 prev_prio=100 prev_state=S ==> next_comm=mmcqd/1 next_pid=116 next_prio=120
         mmcqd/1-116   [000] ...2  1059.398181: sched_switch: prev_comm=mmcqd/1 prev_pid=116 prev_prio=120 prev_state=S ==> next_comm=main next_pid=6268 next_prio=120
            main-6268  [000] ...2  1059.398909: sched_switch: prev_comm=main prev_pid=6268 prev_prio=120 prev_state=R ==> next_comm=kworker/u:1 next_pid=4914 next_prio=120
     kworker/u:1-4914  [000] ...2  1059.398925: sched_switch: prev_comm=kworker/u:1 prev_pid=4914 prev_prio=120 prev_state=S ==> next_comm=mpdecision next_pid=1527 next_prio=113
      mpdecision-1527  [000] ...2  1059.399180: sched_switch: prev_comm=mpdecision prev_pid=1527 prev_prio=113 prev_state=S ==> next_comm=main next_pid=6268 next_prio=120
            main-6268  [000] d..2  1059.400187: block_rq_insert: 179,0 R 0 () 4009736 + 8 [main]
            main-6268  [000] d..2  1059.400191: block_rq_insert: 179,0 R 0 () 4009824 + 8 [main]
            main-6268  [000] ...2  1059.400202: sched_switch: prev_comm=main prev_pid=6268 prev_prio=120 prev_state=R+ ==> next_comm=mmcqd/1 next_pid=116 next_prio=120
         mmcqd/1-116   [000] ...2  1059.400252: sched_switch: prev_comm=mmcqd/1 prev_pid=116 prev_prio=120 prev_state=S ==> next_comm=main next_pid=6268 next_prio=120
            main-6268  [000] ...2  1059.400261: sched_switch: prev_comm=main prev_pid=6268 prev_prio=120 prev_state=D|W ==> next_comm=swapper/0 next_pid=0 next_prio=120
          <idle>-0     [000] ...2  1059.400277: sched_switch: prev_comm=swapper/0 prev_pid=0 prev_prio=120 prev_state=R ==> next_comm=ksoftirqd/0 next_pid=3 next_prio=120
     ksoftirqd/0-3     [000] ...2  1059.400287: sched_switch: prev_comm=ksoftirqd/0 prev_pid=3 prev_prio=120 prev_state=S ==> next_comm=swapper/0 next_pid=0 next_prio=120
          <idle>-0     [000] ...2  1059.400302: sched_switch: prev_comm=swapper/0 prev_pid=0 prev_prio=120 prev_state=R ==> next_comm=ksoftirqd/0 next_pid=3 next_prio=120
     ksoftirqd/0-3     [000] ...2  1059.400310: sched_switch: prev_comm=ksoftirqd/0 prev_pid=3 prev_prio=120 prev_state=S ==> next_comm=swapper/0 next_pid=0 next_prio=120
          <idle>-0     [000] ...2  1059.400323: sched_switch: prev_comm=swapper/0 prev_pid=0 prev_prio=120 prev_state=R ==> next_comm=ksoftirqd/0 next_pid=3 next_prio=120
     ksoftirqd/0-3     [000] ...2  1059.400333: sched_switch: prev_comm=ksoftirqd/0 prev_pid=3 prev_prio=120 prev_state=S ==> next_comm=swapper/0 next_pid=0 next_prio=120
          <idle>-0     [000] ...2  1059.400493: sched_switch: prev_comm=swapper/0 prev_pid=0 prev_prio=120 prev_state=R ==> next_comm=mmcqd/1 next_pid=116 next_prio=120
         mmcqd/1-116   [000] ...1  1059.400520: block_rq_complete: 179,0 RA () 4009824 + 8 [0]
         mmcqd/1-116   [000] ...2  1059.400533: sched_switch: prev_comm=mmcqd/1 prev_pid=116 prev_prio=120 prev_state=S ==> next_comm=swapper/0 next_pid=0 next_prio=120
          <idle>-0     [000] ...2  1059.400763: sched_switch: prev_comm=swapper/0 prev_pid=0 prev_prio=120 prev_state=R ==> next_comm=mmcqd/1 next_pid=116 next_prio=120
         mmcqd/1-116   [000] ...1  1059.400772: block_rq_complete: 179,0 RA () 4009736 + 8 [0]
         mmcqd/1-116   [000] ...2  1059.400789: sched_switch: prev_comm=mmcqd/1 prev_pid=116 prev_prio=120 prev_state=R+ ==> next_comm=kworker/0:1H next_pid=17 next_prio=100
    kworker/0:1H-17    [000] ...2  1059.400797: sched_switch: prev_comm=kworker/0:1H prev_pid=17 prev_prio=100 prev_state=S ==> next_comm=mmcqd/1 next_pid=116 next_prio=120
         mmcqd/1-116   [000] ...2  1059.400807: sched_switch: prev_comm=mmcqd/1 prev_pid=116 prev_prio=120 prev_state=S ==> next_comm=main next_pid=6268 next_prio=120
            main-6268  [000] d..2  1059.401754: block_rq_insert: 179,0 R 0 () 4008664 + 16 [main]
            main-6268  [000] d..2  1059.401757: block_rq_insert: 179,0 R 0 () 4008712 + 8 [main]
            main-6268  [000] ...2  1059.401769: sched_switch: prev_comm=main prev_pid=6268 prev_prio=120 prev_state=R+ ==> next_comm=mmcqd/1 next_pid=116 next_prio=120
         mmcqd/1-116   [000] ...2  1059.401820: sched_switch: prev_comm=mmcqd/1 prev_pid=116 prev_prio=120 prev_state=S ==> next_comm=main next_pid=6268 next_prio=120
            main-6268  [000] ...2  1059.401828: sched_switch: prev_comm=main prev_pid=6268 prev_prio=120 prev_state=D|W ==> next_comm=swapper/0 next_pid=0 next_prio=120
          <idle>-0     [000] ...2  1059.402043: sched_switch: prev_comm=swapper/0 prev_pid=0 prev_prio=120 prev_state=R ==> next_comm=mmcqd/1 next_pid=116 next_prio=120
         mmcqd/1-116   [000] ...1  1059.402070: block_rq_complete: 179,0 RA () 4008712 + 8 [0]
         mmcqd/1-116   [000] ...2  1059.402083: sched_switch: prev_comm=mmcqd/1 prev_pid=116 prev_prio=120 prev_state=S ==> next_comm=swapper/0 next_pid=0 next_prio=120
          <idle>-0     [000] ...2  1059.402380: sched_switch: prev_comm=swapper/0 prev_pid=0 prev_prio=120 prev_state=R ==> next_comm=mmcqd/1 next_pid=116 next_prio=120
         mmcqd/1-116   [000] ...1  1059.402393: block_rq_complete: 179,0 RA () 4008664 + 16 [0]
         mmcqd/1-116   [000] ...2  1059.402410: sched_switch: prev_comm=mmcqd/1 prev_pid=116 prev_prio=120 prev_state=R+ ==> next_comm=kworker/0:1H next_pid=17 next_prio=100
    kworker/0:1H-17    [000] ...2  1059.402417: sched_switch: prev_comm=kworker/0:1H prev_pid=17 prev_prio=100 prev_state=S ==> next_comm=mmcqd/1 next_pid=116 next_prio=120
         mmcqd/1-116   [000] ...2  1059.402427: sched_switch: prev_comm=mmcqd/1 prev_pid=116 prev_prio=120 prev_state=S ==> next_comm=main next_pid=6268 next_prio=120
          <idle>-0     [001] ...2  1059.405692: sched_switch: prev_comm=swapper/1 prev_pid=0 prev_prio=120 prev_state=R ==> next_comm=main next_pid=6285 next_prio=120
            main-6268  [000] ...2  1059.405707: sched_switch: prev_comm=main prev_pid=6268 prev_prio=120 prev_state=D ==> next_comm=swapper/0 next_pid=0 next_prio=120
          <idle>-0     [000] ...2  1059.405723: sched_switch: prev_comm=swapper/0 prev_pid=0 prev_prio=120 prev_state=R ==> next_comm=ksoftirqd/0 next_pid=3 next_prio=120
     ksoftirqd/0-3     [000] ...2  1059.405731: sched_switch: prev_comm=ksoftirqd/0 prev_pid=3 prev_prio=120 prev_state=S ==> next_comm=swapper/0 next_pid=0 next_prio=120
          <idle>-0     [000] ...2  1059.405745: sched_switch: prev_comm=swapper/0 prev_pid=0 prev_prio=120 prev_state=R ==> next_comm=ksoftirqd/0 next_pid=3 next_prio=120
     ksoftirqd/0-3     [000] ...2  1059.405756: sched_switch: prev_comm=ksoftirqd/0 prev_pid=3 prev_prio=120 prev_state=S ==> next_comm=main next_pid=6268 next_prio=120
            main-6268  [000] d..2  1059.405976: block_rq_insert: 179,0 R 0 () 4008840 + 8 [main]
            main-6268  [000] d..2  1059.405981: block_rq_insert: 179,0 R 0 () 4008920 + 48 [main]
            main-6268  [000] ...2  1059.405992: sched_switch: prev_comm=main prev_pid=6268 prev_prio=120 prev_state=R+ ==> next_comm=mmcqd/1 next_pid=116 next_prio=120
         mmcqd/1-116   [000] ...2  1059.406060: sched_switch: prev_comm=mmcqd/1 prev_pid=116 prev_prio=120 prev_state=S ==> next_comm=main next_pid=6268 next_prio=120
            main-6268  [000] ...2  1059.406065: sched_switch: prev_comm=main prev_pid=6268 prev_prio=120 prev_state=D|W ==> next_comm=swapper/0 next_pid=0 next_prio=120
          <idle>-0     [000] ...2  1059.406080: sched_switch: prev_comm=swapper/0 prev_pid=0 prev_prio=120 prev_state=R ==> next_comm=ksoftirqd/0 next_pid=3 next_prio=120
     ksoftirqd/0-3     [000] ...2  1059.406086: sched_switch: prev_comm=ksoftirqd/0 prev_pid=3 prev_prio=120 prev_state=S ==> next_comm=swapper/0 next_pid=0 next_prio=120
          <idle>-0     [000] ...2  1059.406274: sched_switch: prev_comm=swapper/0 prev_pid=0 prev_prio=120 prev_state=R ==> next_comm=mmcqd/1 next_pid=116 next_prio=120
         mmcqd/1-116   [000] ...1  1059.406299: block_rq_complete: 179,0 RA () 4008840 + 8 [0]
         mmcqd/1-116   [000] ...2  1059.406317: sched_switch: prev_comm=mmcqd/1 prev_pid=116 prev_prio=120 prev_state=S ==> next_comm=main next_pid=6268 next_prio=120
            main-6268  [000] ...2  1059.406333: sched_switch: prev_comm=main prev_pid=6268 prev_prio=120 prev_state=D ==> next_comm=swapper/0 next_pid=0 next_prio=120
          <idle>-0     [000] ...2  1059.406341: sched_switch: prev_comm=swapper/0 prev_pid=0 prev_prio=120 prev_state=R ==> next_comm=main next_pid=6268 next_prio=120
            main-6268  [000] d..2  1059.406502: block_rq_insert: 179,0 R 0 () 4123736 + 8 [main]
            main-6268  [000] d..2  1059.406504: block_rq_insert: 179,0 R 0 () 4123816 + 32 [main]
            main-6268  [000] ...2  1059.406515: sched_switch: prev_comm=main prev_pid=6268 prev_prio=120 prev_state=R+ ==> next_comm=mmcqd/1 next_pid=116 next_prio=120
         mmcqd/1-116   [000] ...2  1059.406530: sched_switch: prev_comm=mmcqd/1 prev_pid=116 prev_prio=120 prev_state=S ==> next_comm=main next_pid=6268 next_prio=120
            main-6268  [000] ...2  1059.406536: sched_switch: prev_comm=main prev_pid=6268 prev_prio=120 prev_state=D|W ==> next_comm=swapper/0 next_pid=0 next_prio=120
          <idle>-0     [000] ...2  1059.406740: sched_switch: prev_comm=swapper/0 prev_pid=0 prev_prio=120 prev_state=R ==> next_comm=Binder_1 next_pid=6286 next_prio=120
        Binder_1-6285  [001] ...2  1059.406766: sched_switch: prev_comm=Binder_1 prev_pid=6285 prev_prio=120 prev_state=S ==> next_comm=swapper/1 next_pid=0 next_prio=120
          <idle>-0     [001] ...2  1059.406791: sched_switch: prev_comm=swapper/1 prev_pid=0 prev_prio=120 prev_state=R ==> next_comm=ksoftirqd/1 next_pid=6272 next_prio=120
     ksoftirqd/1-6272  [001] ...2  1059.406806: sched_switch: prev_comm=ksoftirqd/1 prev_pid=6272 prev_prio=120 prev_state=S ==> next_comm=swapper/1 next_pid=0 next_prio=120
          <idle>-0     [001] ...2  1059.406830: sched_switch: prev_comm=swapper/1 prev_pid=0 prev_prio=120 prev_state=R ==> next_comm=ksoftirqd/1 next_pid=6272 next_prio=120
     ksoftirqd/1-6272  [001] ...2  1059.406845: sched_switch: prev_comm=ksoftirqd/1 prev_pid=6272 prev_prio=120 prev_state=S ==> next_comm=swapper/1 next_pid=0 next_prio=120
        Binder_2-6286  [000] ...2  1059.406854: sched_switch: prev_comm=Binder_2 prev_pid=6286 prev_prio=120 prev_state=R+ ==> next_comm=mmcqd/1 next_pid=116 next_prio=120
          <idle>-0     [001] ...2  1059.406866: sched_switch: prev_comm=swapper/1 prev_pid=0 prev_prio=120 prev_state=R ==> next_comm=ksoftirqd/1 next_pid=6272 next_prio=120
     ksoftirqd/1-6272  [001] ...2  1059.406885: sched_switch: prev_comm=ksoftirqd/1 prev_pid=6272 prev_prio=120 prev_state=S ==> next_comm=swapper/1 next_pid=0 next_prio=120
         mmcqd/1-116   [000] ...1  1059.406887: block_rq_complete: 179,0 RA () 4008920 + 48 [0]
         mmcqd/1-116   [000] ...2  1059.406914: sched_switch: prev_comm=mmcqd/1 prev_pid=116 prev_prio=120 prev_state=S ==> next_comm=Binder_2 next_pid=6286 next_prio=120
        Binder_2-6286  [000] ...2  1059.407121: sched_switch: prev_comm=Binder_2 prev_pid=6286 prev_prio=120 prev_state=R+ ==> next_comm=mmcqd/1 next_pid=116 next_prio=120
         mmcqd/1-116   [000] ...1  1059.407147: block_rq_complete: 179,0 RA () 4123736 + 8 [0]
         mmcqd/1-116   [000] ...2  1059.407159: sched_switch: prev_comm=mmcqd/1 prev_pid=116 prev_prio=120 prev_state=S ==> next_comm=Binder_2 next_pid=6286 next_prio=120
        Binder_2-6286  [000] ...2  1059.407381: sched_switch: prev_comm=Binder_2 prev_pid=6286 prev_prio=120 prev_state=S ==> next_comm=swapper/0 next_pid=0 next_prio=120
          <idle>-0     [000] ...2  1059.407546: sched_switch: prev_comm=swapper/0 prev_pid=0 prev_prio=120 prev_state=R ==> next_comm=mmcqd/1 next_pid=116 next_prio=120
         mmcqd/1-116   [000] ...1  1059.407561: block_rq_complete: 179,0 RA () 4123816 + 32 [0]
         mmcqd/1-116   [000] ...2  1059.407581: sched_switch: prev_comm=mmcqd/1 prev_pid=116 prev_prio=120 prev_state=R+ ==> next_comm=kworker/0:1H next_pid=17 next_prio=100
    kworker/0:1H-17    [000] ...2  1059.407590: sched_switch: prev_comm=kworker/0:1H prev_pid=17 prev_prio=100 prev_state=S ==> next_comm=main next_pid=6268 next_prio=120
            main-6268  [000] d..2  1059.407632: block_rq_insert: 179,0 R 0 () 4084528 + 24 [main]
            main-6268  [000] ...2  1059.407641: sched_switch: prev_comm=main prev_pid=6268 prev_prio=120 prev_state=D|W ==> next_comm=mmcqd/1 next_pid=116 next_prio=120
         mmcqd/1-116   [000] ...2  1059.407686: sched_switch: prev_comm=mmcqd/1 prev_pid=116 prev_prio=120 prev_state=S ==> next_comm=swapper/0 next_pid=0 next_prio=120
          <idle>-0     [000] ...2  1059.408046: sched_switch: prev_comm=swapper/0 prev_pid=0 prev_prio=120 prev_state=R ==> next_comm=mmcqd/1 next_pid=116 next_prio=120
         mmcqd/1-116   [000] ...1  1059.408060: block_rq_complete: 179,0 RA () 4084528 + 24 [0]
         mmcqd/1-116   [000] ...2  1059.408076: sched_switch: prev_comm=mmcqd/1 prev_pid=116 prev_prio=120 prev_state=R+ ==> next_comm=kworker/0:1H next_pid=17 next_prio=100
    kworker/0:1H-17    [000] ...2  1059.408083: sched_switch: prev_comm=kworker/0:1H prev_pid=17 prev_prio=100 prev_state=S ==> next_comm=main next_pid=6268 next_prio=120
            main-6268  [000] ...2  1059.408143: sched_switch: prev_comm=main prev_pid=6268 prev_prio=120 prev_state=S ==> next_comm=servicemanager next_pid=168 next_prio=120
  servicemanager-168   [000] ...2  1059.408173: sched_switch: prev_comm=servicemanager prev_pid=168 prev_prio=120 prev_state=S ==> next_comm=main next_pid=6268 next_prio=120
            main-6268  [000] ...2  1059.408330: sched_switch: prev_comm=main prev_pid=6268 prev_prio=120 prev_state=S ==> next_comm=servicemanager next_pid=168 next_prio=120
  servicemanager-168   [000] ...2  1059.408449: sched_switch: prev_comm=servicemanager prev_pid=168 prev_prio=120 prev_state=S ==> next_comm=mmcqd/1 next_pid=116 next_prio=120
         mmcqd/1-116   [000] ...2  1059.408460: sched_switch: prev_comm=mmcqd/1 prev_pid=116 prev_prio=120 prev_state=S ==> next_comm=main next_pid=6268 next_prio=120
            main-6268  [000] d..2  1059.408624: block_rq_insert: 179,0 R 0 () 4078736 + 8 [main]
            main-6268  [000] d..2  1059.408627: block_rq_insert: 179,0 R 0 () 4078752 + 8 [main]
            main-6268  [000] d..2  1059.408629: block_rq_insert: 179,0 R 0 () 4078784 + 8 [main]
            main-6268  [000] d..2  1059.408631: block_rq_insert: 179,0 R 0 () 4078824 + 8 [main]
            main-6268  [000] d..2  1059.408633: block_rq_insert: 179,0 R 0 () 4078840 + 24 [main]
            main-6268  [000] d..2  1059.408635: block_rq_insert: 179,0 R 0 () 4078888 + 32 [main]
            main-6268  [000] d..2  1059.408636: block_rq_insert: 179,0 R 0 () 4078952 + 16 [main]
            main-6268  [000] d..2  1059.408638: block_rq_insert: 179,0 R 0 () 4078976 + 8 [main]
          <idle>-0     [001] ...2  1059.408929: sched_switch: prev_comm=swapper/1 prev_pid=0 prev_prio=120 prev_state=R ==> next_comm=ksoftirqd/1 next_pid=6272 next_prio=120
     ksoftirqd/1-6272  [001] ...2  1059.408955: sched_switch: prev_comm=ksoftirqd/1 prev_pid=6272 prev_prio=120 prev_state=S ==> next_comm=swapper/1 next_pid=0 next_prio=120
            main-6268  [000] d..2  1059.409367: block_rq_insert: 179,0 R 0 () 4052264 + 8 [main]
            main-6268  [000] d..2  1059.409370: block_rq_insert: 179,0 R 0 () 4052304 + 8 [main]
            main-6268  [000] d..2  1059.409372: block_rq_insert: 179,0 R 0 () 4052400 + 32 [main]
            main-6268  [000] ...2  1059.409380: sched_switch: prev_comm=main prev_pid=6268 prev_prio=120 prev_state=D|W ==> next_comm=kworker/0:2 next_pid=5912 next_prio=120
     kworker/0:2-5912  [000] ...2  1059.409399: sched_switch: prev_comm=kworker/0:2 prev_pid=5912 prev_prio=120 prev_state=S ==> next_comm=mmcqd/1 next_pid=116 next_prio=120
          <idle>-0     [001] ...2  1059.409406: sched_switch: prev_comm=swapper/1 prev_pid=0 prev_prio=120 prev_state=R ==> next_comm=adbd next_pid=778 next_prio=120
         mmcqd/1-116   [000] ...2  1059.409448: sched_switch: prev_comm=mmcqd/1 prev_pid=116 prev_prio=120 prev_state=S ==> next_comm=swapper/0 next_pid=0 next_prio=120
          <idle>-0     [000] ...2  1059.409460: sched_switch: prev_comm=swapper/0 prev_pid=0 prev_prio=120 prev_state=R ==> next_comm=ksoftirqd/0 next_pid=3 next_prio=120
     ksoftirqd/0-3     [000] ...2  1059.409468: sched_switch: prev_comm=ksoftirqd/0 prev_pid=3 prev_prio=120 prev_state=S ==> next_comm=swapper/0 next_pid=0 next_prio=120
          <idle>-0     [000] ...2  1059.409479: sched_switch: prev_comm=swapper/0 prev_pid=0 prev_prio=120 prev_state=R ==> next_comm=ksoftirqd/0 next_pid=3 next_prio=120
     ksoftirqd/0-3     [000] ...2  1059.409485: sched_switch: prev_comm=ksoftirqd/0 prev_pid=3 prev_prio=120 prev_state=S ==> next_comm=swapper/0 next_pid=0 next_prio=120
          <idle>-0     [000] ...2  1059.409496: sched_switch: prev_comm=swapper/0 prev_pid=0 prev_prio=120 prev_state=R ==> next_comm=ksoftirqd/0 next_pid=3 next_prio=120
     ksoftirqd/0-3     [000] ...2  1059.409502: sched_switch: prev_comm=ksoftirqd/0 prev_pid=3 prev_prio=120 prev_state=S ==> next_comm=swapper/0 next_pid=0 next_prio=120
           <...>-778   [001] ...2  1059.409590: sched_switch: prev_comm=adbd prev_pid=778 prev_prio=120 prev_state=S ==> next_comm=adbd next_pid=780 next_prio=120
          <idle>-0     [000] ...2  1059.409664: sched_switch: prev_comm=swapper/0 prev_pid=0 prev_prio=120 prev_state=R ==> next_comm=mmcqd/1 next_pid=116 next_prio=120
            adbd-780   [001] ...2  1059.409674: sched_switch: prev_comm=adbd prev_pid=780 prev_prio=120 prev_state=S ==> next_comm=swapper/1 next_pid=0 next_prio=120
         mmcqd/1-116   [000] ...1  1059.409690: block_rq_complete: 179,0 RA () 4078976 + 8 [0]
         mmcqd/1-116   [000] ...2  1059.409717: sched_switch: prev_comm=mmcqd/1 prev_pid=116 prev_prio=120 prev_state=S ==> next_comm=swapper/0 next_pid=0 next_prio=120
          <idle>-0     [000] ...2  1059.409989: sched_switch: prev_comm=swapper/0 prev_pid=0 prev_prio=120 prev_state=R ==> next_comm=mmcqd/1 next_pid=116 next_prio=120
         mmcqd/1-116   [000] ...1  1059.410017: block_rq_complete: 179,0 RA () 4078952 + 16 [0]
         mmcqd/1-116   [000] ...2  1059.410039: sched_switch: prev_comm=mmcqd/1 prev_pid=116 prev_prio=120 prev_state=S ==> next_comm=swapper/0 next_pid=0 next_prio=120
          <idle>-0     [000] ...2  1059.410211: sched_switch: prev_comm=swapper/0 prev_pid=0 prev_prio=120 prev_state=R ==> next_comm=adbd next_pid=781 next_prio=120
            adbd-781   [000] ...2  1059.410252: sched_switch: prev_comm=adbd prev_pid=781 prev_prio=120 prev_state=S ==> next_comm=adbd next_pid=778 next_prio=120
           <...>-778   [000] ...2  1059.410326: sched_switch: prev_comm=adbd prev_pid=778 prev_prio=120 prev_state=S ==> next_comm=adbd next_pid=780 next_prio=120
            adbd-780   [000] ...2  1059.410333: sched_switch: prev_comm=adbd prev_pid=780 prev_prio=120 prev_state=S ==> next_comm=swapper/0 next_pid=0 next_prio=120
          <idle>-0     [000] ...2  1059.410427: sched_switch: prev_comm=swapper/0 prev_pid=0 prev_prio=120 prev_state=R ==> next_comm=mmcqd/1 next_pid=116 next_prio=120
         mmcqd/1-116   [000] ...1  1059.410459: block_rq_complete: 179,0 RA () 4078888 + 32 [0]
         mmcqd/1-116   [000] ...2  1059.410480: sched_switch: prev_comm=mmcqd/1 prev_pid=116 prev_prio=120 prev_state=S ==> next_comm=swapper/0 next_pid=0 next_prio=120
          <idle>-0     [000] ...2  1059.410511: sched_switch: prev_comm=swapper/0 prev_pid=0 prev_prio=120 prev_state=R ==> next_comm=ActivityManager next_pid=765 next_prio=118
 ActivityManager-765   [000] ...2  1059.410601: sched_switch: prev_comm=ActivityManager prev_pid=765 prev_prio=118 prev_state=S ==> next_comm=swapper/0 next_pid=0 next_prio=120
          <idle>-0     [000] ...2  1059.410936: sched_switch: prev_comm=swapper/0 prev_pid=0 prev_prio=120 prev_state=R ==> next_comm=mmcqd/1 next_pid=116 next_prio=120
         mmcqd/1-116   [000] ...1  1059.410966: block_rq_complete: 179,0 RA () 4078840 + 24 [0]
         mmcqd/1-116   [000] ...2  1059.410986: sched_switch: prev_comm=mmcqd/1 prev_pid=116 prev_prio=120 prev_state=S ==> next_comm=swapper/0 next_pid=0 next_prio=120
          <idle>-0     [000] ...2  1059.411208: sched_switch: prev_comm=swapper/0 prev_pid=0 prev_prio=120 prev_state=R ==> next_comm=mmcqd/1 next_pid=116 next_prio=120
         mmcqd/1-116   [000] ...1  1059.411234: block_rq_complete: 179,0 RA () 4078824 + 8 [0]
         mmcqd/1-116   [000] ...2  1059.411253: sched_switch: prev_comm=mmcqd/1 prev_pid=116 prev_prio=120 prev_state=S ==> next_comm=swapper/0 next_pid=0 next_prio=120
          <idle>-0     [000] ...2  1059.411491: sched_switch: prev_comm=swapper/0 prev_pid=0 prev_prio=120 prev_state=R ==> next_comm=mmcqd/1 next_pid=116 next_prio=120
         mmcqd/1-116   [000] ...1  1059.411516: block_rq_complete: 179,0 RA () 4078784 + 8 [0]
         mmcqd/1-116   [000] ...2  1059.411534: sched_switch: prev_comm=mmcqd/1 prev_pid=116 prev_prio=120 prev_state=S ==> next_comm=swapper/0 next_pid=0 next_prio=120
          <idle>-0     [000] ...2  1059.411762: sched_switch: prev_comm=swapper/0 prev_pid=0 prev_prio=120 prev_state=R ==> next_comm=mmcqd/1 next_pid=116 next_prio=120
         mmcqd/1-116   [000] ...1  1059.411787: block_rq_complete: 179,0 RA () 4078752 + 8 [0]
         mmcqd/1-116   [000] ...2  1059.411811: sched_switch: prev_comm=mmcqd/1 prev_pid=116 prev_prio=120 prev_state=S ==> next_comm=swapper/0 next_pid=0 next_prio=120
          <idle>-0     [000] ...2  1059.412029: sched_switch: prev_comm=swapper/0 prev_pid=0 prev_prio=120 prev_state=R ==> next_comm=mmcqd/1 next_pid=116 next_prio=120
         mmcqd/1-116   [000] ...1  1059.412054: block_rq_complete: 179,0 RA () 4078736 + 8 [0]
         mmcqd/1-116   [000] ...2  1059.412072: sched_switch: prev_comm=mmcqd/1 prev_pid=116 prev_prio=120 prev_state=S ==> next_comm=swapper/0 next_pid=0 next_prio=120
          <idle>-0     [000] ...2  1059.412460: sched_switch: prev_comm=swapper/0 prev_pid=0 prev_prio=120 prev_state=R ==> next_comm=mmcqd/1 next_pid=116 next_prio=120
         mmcqd/1-116   [000] ...1  1059.412490: block_rq_complete: 179,0 RA () 4052400 + 32 [0]
         mmcqd/1-116   [000] ...2  1059.412509: sched_switch: prev_comm=mmcqd/1 prev_pid=116 prev_prio=120 prev_state=S ==> next_comm=swapper/0 next_pid=0 next_prio=120
          <idle>-0     [000] ...2  1059.412735: sched_switch: prev_comm=swapper/0 prev_pid=0 prev_prio=120 prev_state=R ==> next_comm=mmcqd/1 next_pid=116 next_prio=120
         mmcqd/1-116   [000] ...1  1059.412760: block_rq_complete: 179,0 RA () 4052304 + 8 [0]
         mmcqd/1-116   [000] ...2  1059.412776: sched_switch: prev_comm=mmcqd/1 prev_pid=116 prev_prio=120 prev_state=S ==> next_comm=main next_pid=6268 next_prio=120
            main-6268  [000] ...2  1059.413447: sched_switch: prev_comm=main prev_pid=6268 prev_prio=120 prev_state=S ==> next_comm=Binder_8 next_pid=1160 next_prio=120
        Binder_8-1160  [000] ...2  1059.413988: sched_switch: prev_comm=Binder_8 prev_pid=1160 prev_prio=120 prev_state=S ==> next_comm=mmcqd/1 next_pid=116 next_prio=120
          <idle>-0     [001] ...2  1059.413991: sched_switch: prev_comm=swapper/1 prev_pid=0 prev_prio=120 prev_state=R ==> next_comm=Binder_2 next_pid=237 next_prio=120
         mmcqd/1-116   [000] ...1  1059.414001: block_rq_complete: 179,0 RA () 4052264 + 8 [0]
         mmcqd/1-116   [000] ...2  1059.414017: sched_switch: prev_comm=mmcqd/1 prev_pid=116 prev_prio=120 prev_state=R+ ==> next_comm=kworker/0:1H next_pid=17 next_prio=100
    kworker/0:1H-17    [000] ...2  1059.414025: sched_switch: prev_comm=kworker/0:1H prev_pid=17 prev_prio=100 prev_state=S ==> next_comm=mmcqd/1 next_pid=116 next_prio=120
         mmcqd/1-116   [000] ...2  1059.414036: sched_switch: prev_comm=mmcqd/1 prev_pid=116 prev_prio=120 prev_state=S ==> next_comm=swapper/0 next_pid=0 next_prio=120
          <idle>-0     [000] ...2  1059.414088: sched_switch: prev_comm=swapper/0 prev_pid=0 prev_prio=120 prev_state=R ==> next_comm=Binder_8 next_pid=1160 next_prio=120
        Binder_2-237   [001] ...2  1059.414120: sched_switch: prev_comm=Binder_2 prev_pid=237 prev_prio=120 prev_state=S ==> next_comm=swapper/1 next_pid=0 next_prio=120
          <idle>-0     [001] ...2  1059.414146: sched_switch: prev_comm=swapper/1 prev_pid=0 prev_prio=120 prev_state=R ==> next_comm=ksoftirqd/1 next_pid=6272 next_prio=120
     ksoftirqd/1-6272  [001] ...2  1059.414161: sched_switch: prev_comm=ksoftirqd/1 prev_pid=6272 prev_prio=120 prev_state=S ==> next_comm=swapper/1 next_pid=0 next_prio=120
          <idle>-0     [001] ...2  1059.414182: sched_switch: prev_comm=swapper/1 prev_pid=0 prev_prio=120 prev_state=R ==> next_comm=ksoftirqd/1 next_pid=6272 next_prio=120
     ksoftirqd/1-6272  [001] ...2  1059.414194: sched_switch: prev_comm=ksoftirqd/1 prev_pid=6272 prev_prio=120 prev_state=S ==> next_comm=swapper/1 next_pid=0 next_prio=120
          <idle>-0     [001] ...2  1059.414215: sched_switch: prev_comm=swapper/1 prev_pid=0 prev_prio=120 prev_state=R ==> next_comm=ksoftirqd/1 next_pid=6272 next_prio=120
     ksoftirqd/1-6272  [001] ...2  1059.414227: sched_switch: prev_comm=ksoftirqd/1 prev_pid=6272 prev_prio=120 prev_state=S ==> next_comm=swapper/1 next_pid=0 next_prio=120
          <idle>-0     [001] ...2  1059.414357: sched_switch: prev_comm=swapper/1 prev_pid=0 prev_prio=120 prev_state=R ==> next_comm=InputDispatcher next_pid=795 next_prio=112
 InputDispatcher-795   [001] ...2  1059.414408: sched_switch: prev_comm=InputDispatcher prev_pid=795 prev_prio=112 prev_state=S ==> next_comm=swapper/1 next_pid=0 next_prio=120
        Binder_8-1160  [000] ...2  1059.414430: sched_switch: prev_comm=Binder_8 prev_pid=1160 prev_prio=120 prev_state=S ==> next_comm=swapper/0 next_pid=0 next_prio=120
          <idle>-0     [001] ...2  1059.414431: sched_switch: prev_comm=swapper/1 prev_pid=0 prev_prio=120 prev_state=R ==> next_comm=Binder_5 next_pid=1577 next_prio=120
          <idle>-0     [000] ...2  1059.414541: sched_switch: prev_comm=swapper/0 prev_pid=0 prev_prio=120 prev_state=R ==> next_comm=Binder_8 next_pid=1160 next_prio=120
        Binder_5-1577  [001] ...2  1059.414574: sched_switch: prev_comm=Binder_5 prev_pid=1577 prev_prio=120 prev_state=S ==> next_comm=swapper/1 next_pid=0 next_prio=120
          <idle>-0     [001] ...2  1059.414598: sched_switch: prev_comm=swapper/1 prev_pid=0 prev_prio=120 prev_state=R ==> next_comm=android.display next_pid=770 next_prio=116
 android.display-770   [001] ...2  1059.414740: sched_switch: prev_comm=android.display prev_pid=770 prev_prio=116 prev_state=S ==> next_comm=swapper/1 next_pid=0 next_prio=120
        Binder_8-1160  [000] ...2  1059.415763: sched_switch: prev_comm=Binder_8 prev_pid=1160 prev_prio=120 prev_state=R+ ==> next_comm=Binder_3 next_pid=389 next_prio=120
        Binder_3-389   [000] ...2  1059.415772: sched_switch: prev_comm=Binder_3 prev_pid=389 prev_prio=120 prev_state=D ==> next_comm=Binder_1 next_pid=235 next_prio=120
        Binder_1-235   [000] ...2  1059.415779: sched_switch: prev_comm=Binder_1 prev_pid=235 prev_prio=120 prev_state=D ==> next_comm=LazyTaskWriterT next_pid=833 next_prio=120
 LazyTaskWriterT-833   [000] ...2  1059.415815: sched_switch: prev_comm=LazyTaskWriterT prev_pid=833 prev_prio=120 prev_state=S ==> next_comm=Binder_2 next_pid=1118 next_prio=120
        Binder_2-1118  [000] ...2  1059.415825: sched_switch: prev_comm=Binder_2 prev_pid=1118 prev_prio=120 prev_state=D ==> next_comm=Binder_1 next_pid=1117 next_prio=120
        Binder_1-1117  [000] ...2  1059.415832: sched_switch: prev_comm=Binder_1 prev_pid=1117 prev_prio=120 prev_state=D ==> next_comm=Binder_1 next_pid=2242 next_prio=120
        Binder_1-2242  [000] ...2  1059.415840: sched_switch: prev_comm=Binder_1 prev_pid=2242 prev_prio=120 prev_state=D ==> next_comm=Binder_8 next_pid=1160 next_prio=120
        Binder_8-1160  [000] ...2  1059.415849: sched_switch: prev_comm=Binder_8 prev_pid=1160 prev_prio=120 prev_state=R+ ==> next_comm=Binder_3 next_pid=389 next_prio=120
        Binder_3-389   [000] ...2  1059.415967: sched_switch: prev_comm=Binder_3 prev_pid=389 prev_prio=120 prev_state=S ==> next_comm=android.bg next_pid=764 next_prio=130
      android.bg-764   [000] ...2  1059.416032: sched_switch: prev_comm=android.bg prev_pid=764 prev_prio=130 prev_state=S ==> next_comm=Binder_4 next_pid=1509 next_prio=120
        Binder_4-1509  [000] ...2  1059.416039: sched_switch: prev_comm=Binder_4 prev_pid=1509 prev_prio=120 prev_state=S ==> next_comm=EventThread next_pid=320 next_prio=111
     EventThread-320   [000] ...2  1059.416092: sched_switch: prev_comm=EventThread prev_pid=320 prev_prio=111 prev_state=S ==> next_comm=Binder_3 next_pid=887 next_prio=120
        Binder_3-887   [000] ...2  1059.416168: sched_switch: prev_comm=Binder_3 prev_pid=887 prev_prio=120 prev_state=S ==> next_comm=Binder_1 next_pid=235 next_prio=120
        Binder_1-235   [000] ...2  1059.416180: sched_switch: prev_comm=Binder_1 prev_pid=235 prev_prio=120 prev_state=S ==> next_comm=Binder_2 next_pid=1118 next_prio=120
          <idle>-0     [001] ...2  1059.416200: sched_switch: prev_comm=swapper/1 prev_pid=0 prev_prio=120 prev_state=R ==> next_comm=Binder_3 next_pid=1507 next_prio=120
        Binder_2-1118  [000] ...2  1059.416285: sched_switch: prev_comm=Binder_2 prev_pid=1118 prev_prio=120 prev_state=S ==> next_comm=Binder_1 next_pid=1117 next_prio=120
        Binder_1-1117  [000] ...2  1059.416296: sched_switch: prev_comm=Binder_1 prev_pid=1117 prev_prio=120 prev_state=S ==> next_comm=Binder_1 next_pid=2242 next_prio=120
        Binder_3-1507  [001] ...2  1059.416450: sched_switch: prev_comm=Binder_3 prev_pid=1507 prev_prio=120 prev_state=S ==> next_comm=droid.launcher3 next_pid=1093 next_prio=120
        Binder_1-2242  [000] ...2  1059.416646: sched_switch: prev_comm=Binder_1 prev_pid=2242 prev_prio=120 prev_state=S ==> next_comm=xample.bdbtrace next_pid=2226 next_prio=120
 droid.launcher3-1093  [001] ...2  1059.416867: sched_switch: prev_comm=droid.launcher3 prev_pid=1093 prev_prio=120 prev_state=S ==> next_comm=Binder_2 next_pid=237 next_prio=120
        Binder_2-237   [001] ...2  1059.416956: sched_switch: prev_comm=Binder_2 prev_pid=237 prev_prio=120 prev_state=S ==> next_comm=RenderThread next_pid=1365 next_prio=116
 xample.bdbtrace-2226  [000] ...2  1059.417049: sched_switch: prev_comm=xample.bdbtrace prev_pid=2226 prev_prio=120 prev_state=S ==> next_comm=Binder_1 next_pid=691 next_prio=120
        Binder_1-691   [000] ...2  1059.417126: sched_switch: prev_comm=Binder_1 prev_pid=691 prev_prio=120 prev_state=S ==> next_comm=EventThread next_pid=320 next_prio=111
     EventThread-320   [000] ...2  1059.417147: sched_switch: prev_comm=EventThread prev_pid=320 prev_prio=111 prev_state=S ==> next_comm=ActivityManager next_pid=765 next_prio=118
 ActivityManager-765   [000] ...2  1059.417190: sched_switch: prev_comm=ActivityManager prev_pid=765 prev_prio=118 prev_state=S ==> next_comm=Binder_8 next_pid=1160 next_prio=120
    RenderThread-1365  [001] ...2  1059.417494: sched_switch: prev_comm=RenderThread prev_pid=1365 prev_prio=116 prev_state=R+ ==> next_comm=InputDispatcher next_pid=795 next_prio=112
 InputDispatcher-795   [001] ...2  1059.417536: sched_switch: prev_comm=InputDispatcher prev_pid=795 prev_prio=112 prev_state=S ==> next_comm=RenderThread next_pid=1365 next_prio=116
    RenderThread-1365  [001] ...2  1059.417565: sched_switch: prev_comm=RenderThread prev_pid=1365 prev_prio=116 prev_state=R+ ==> next_comm=Binder_5 next_pid=1577 next_prio=120
        Binder_8-1160  [000] ...2  1059.417570: sched_switch: prev_comm=Binder_8 prev_pid=1160 prev_prio=120 prev_state=S ==> next_comm=swapper/0 next_pid=0 next_prio=120
          <idle>-0     [000] ...2  1059.417677: sched_switch: prev_comm=swapper/0 prev_pid=0 prev_prio=120 prev_state=R ==> next_comm=Binder_8 next_pid=1160 next_prio=120
        Binder_5-1577  [001] ...2  1059.417708: sched_switch: prev_comm=Binder_5 prev_pid=1577 prev_prio=120 prev_state=S ==> next_comm=RenderThread next_pid=1365 next_prio=116
    RenderThread-1365  [001] ...2  1059.417723: sched_switch: prev_comm=RenderThread prev_pid=1365 prev_prio=116 prev_state=R+ ==> next_comm=android.display next_pid=770 next_prio=116
 android.display-770   [001] ...2  1059.417774: sched_switch: prev_comm=android.display prev_pid=770 prev_prio=116 prev_state=S ==> next_comm=RenderThread next_pid=1365 next_prio=116
    RenderThread-1365  [001] ...2  1059.417847: sched_switch: prev_comm=RenderThread prev_pid=1365 prev_prio=116 prev_state=D ==> next_comm=swapper/1 next_pid=0 next_prio=120
        Binder_8-1160  [000] ...2  1059.417886: sched_switch: prev_comm=Binder_8 prev_pid=1160 prev_prio=120 prev_state=R+ ==> next_comm=Binder_3 next_pid=389 next_prio=120
        Binder_3-389   [000] ...2  1059.417894: sched_switch: prev_comm=Binder_3 prev_pid=389 prev_prio=120 prev_state=D ==> next_comm=Binder_8 next_pid=1160 next_prio=120
        Binder_8-1160  [000] ...2  1059.417902: sched_switch: prev_comm=Binder_8 prev_pid=1160 prev_prio=120 prev_state=R+ ==> next_comm=Binder_3 next_pid=389 next_prio=120
        Binder_3-389   [000] ...2  1059.417964: sched_switch: prev_comm=Binder_3 prev_pid=389 prev_prio=120 prev_state=S ==> next_comm=Binder_8 next_pid=1160 next_prio=120
          <idle>-0     [001] ...2  1059.418206: sched_switch: prev_comm=swapper/1 prev_pid=0 prev_prio=120 prev_state=R ==> next_comm=InputDispatcher next_pid=795 next_prio=112
 InputDispatcher-795   [001] ...2  1059.418251: sched_switch: prev_comm=InputDispatcher prev_pid=795 prev_prio=112 prev_state=S ==> next_comm=swapper/1 next_pid=0 next_prio=120
        Binder_8-1160  [000] ...2  1059.418260: sched_switch: prev_comm=Binder_8 prev_pid=1160 prev_prio=120 prev_state=R+ ==> next_comm=Binder_4 next_pid=1509 next_prio=120
        Binder_4-1509  [000] ...2  1059.418267: sched_switch: prev_comm=Binder_4 prev_pid=1509 prev_prio=120 prev_state=D ==> next_comm=Binder_8 next_pid=1160 next_prio=120
        Binder_8-1160  [000] ...2  1059.418275: sched_switch: prev_comm=Binder_8 prev_pid=1160 prev_prio=120 prev_state=R+ ==> next_comm=Binder_4 next_pid=1509 next_prio=120
        Binder_4-1509  [000] ...2  1059.418349: sched_switch: prev_comm=Binder_4 prev_pid=1509 prev_prio=120 prev_state=S ==> next_comm=Binder_8 next_pid=1160 next_prio=120
        Binder_8-1160  [000] ...2  1059.418416: sched_switch: prev_comm=Binder_8 prev_pid=1160 prev_prio=120 prev_state=R ==> next_comm=kworker/u:0H next_pid=7 next_prio=100
    kworker/u:0H-7     [000] ...2  1059.418439: sched_switch: prev_comm=kworker/u:0H prev_pid=7 prev_prio=100 prev_state=D ==> next_comm=Binder_8 next_pid=1160 next_prio=120
          <idle>-0     [001] ...2  1059.418443: sched_switch: prev_comm=swapper/1 prev_pid=0 prev_prio=120 prev_state=R ==> next_comm=RenderThread next_pid=1365 next_prio=116
    RenderThread-1365  [001] ...2  1059.418665: sched_switch: prev_comm=RenderThread prev_pid=1365 prev_prio=116 prev_state=D ==> next_comm=android.bg next_pid=764 next_prio=130
        Binder_8-1160  [000] ...2  1059.418673: sched_switch: prev_comm=Binder_8 prev_pid=1160 prev_prio=120 prev_state=R+ ==> next_comm=Binder_2 next_pid=2243 next_prio=120
        Binder_2-2243  [000] ...2  1059.418681: sched_switch: prev_comm=Binder_2 prev_pid=2243 prev_prio=120 prev_state=D ==> next_comm=Binder_8 next_pid=1160 next_prio=120
        Binder_8-1160  [000] ...2  1059.418689: sched_switch: prev_comm=Binder_8 prev_pid=1160 prev_prio=120 prev_state=R+ ==> next_comm=Binder_2 next_pid=2243 next_prio=120
        Binder_2-2243  [000] ...2  1059.418732: sched_switch: prev_comm=Binder_2 prev_pid=2243 prev_prio=120 prev_state=R+ ==> next_comm=kworker/u:0H next_pid=7 next_prio=100
    kworker/u:0H-7     [000] ...2  1059.418753: sched_switch: prev_comm=kworker/u:0H prev_pid=7 prev_prio=100 prev_state=D ==> next_comm=Binder_2 next_pid=2243 next_prio=120
      android.bg-764   [001] ...2  1059.418755: sched_switch: prev_comm=android.bg prev_pid=764 prev_prio=130 prev_state=R ==> next_comm=RenderThread next_pid=1365 next_prio=116
    RenderThread-1365  [001] ...2  1059.418836: sched_switch: prev_comm=RenderThread prev_pid=1365 prev_prio=116 prev_state=D ==> next_comm=android.bg next_pid=764 next_prio=130
      android.bg-764   [001] ...2  1059.418864: sched_switch: prev_comm=android.bg prev_pid=764 prev_prio=130 prev_state=S ==> next_comm=swapper/1 next_pid=0 next_prio=120
        Binder_2-2243  [000] ...2  1059.418870: sched_switch: prev_comm=Binder_2 prev_pid=2243 prev_prio=120 prev_state=S ==> next_comm=Binder_8 next_pid=1160 next_prio=120
          <idle>-0     [001] ...2  1059.418932: sched_switch: prev_comm=swapper/1 prev_pid=0 prev_prio=120 prev_state=R ==> next_comm=kworker/1:0H next_pid=6271 next_prio=100
    kworker/1:0H-6271  [001] ...2  1059.418965: sched_switch: prev_comm=kworker/1:0H prev_pid=6271 prev_prio=100 prev_state=D ==> next_comm=ksoftirqd/1 next_pid=6272 next_prio=120
     ksoftirqd/1-6272  [001] ...2  1059.418983: sched_switch: prev_comm=ksoftirqd/1 prev_pid=6272 prev_prio=120 prev_state=S ==> next_comm=kworker/1:2H next_pid=6274 next_prio=100
        Binder_8-1160  [000] ...2  1059.419009: sched_switch: prev_comm=Binder_8 prev_pid=1160 prev_prio=120 prev_state=R+ ==> next_comm=InputDispatcher next_pid=795 next_prio=112
    kworker/1:2H-6274  [001] ...2  1059.419015: sched_switch: prev_comm=kworker/1:2H prev_pid=6274 prev_prio=100 prev_state=S ==> next_comm=kworker/1:0H next_pid=6271 next_prio=100
    kworker/1:0H-6271  [001] ...2  1059.419035: sched_switch: prev_comm=kworker/1:0H prev_pid=6271 prev_prio=100 prev_state=S ==> next_comm=swapper/1 next_pid=0 next_prio=120
 InputDispatcher-795   [000] ...2  1059.419064: sched_switch: prev_comm=InputDispatcher prev_pid=795 prev_prio=112 prev_state=S ==> next_comm=kworker/u:0H next_pid=7 next_prio=100
          <idle>-0     [001] ...2  1059.419065: sched_switch: prev_comm=swapper/1 prev_pid=0 prev_prio=120 prev_state=R ==> next_comm=ksoftirqd/1 next_pid=6272 next_prio=120
     ksoftirqd/1-6272  [001] ...2  1059.419084: sched_switch: prev_comm=ksoftirqd/1 prev_pid=6272 prev_prio=120 prev_state=S ==> next_comm=RenderThread next_pid=1365 next_prio=116
    kworker/u:0H-7     [000] ...2  1059.419084: sched_switch: prev_comm=kworker/u:0H prev_pid=7 prev_prio=100 prev_state=D ==> next_comm=Binder_8 next_pid=1160 next_prio=120
        Binder_8-1160  [000] ...2  1059.419158: sched_switch: prev_comm=Binder_8 prev_pid=1160 prev_prio=120 prev_state=R+ ==> next_comm=Binder_1 next_pid=691 next_prio=120
        Binder_1-691   [000] ...2  1059.419184: sched_switch: prev_comm=Binder_1 prev_pid=691 prev_prio=120 prev_state=S ==> next_comm=Binder_8 next_pid=1160 next_prio=120
        Binder_8-1160  [000] ...2  1059.419200: sched_switch: prev_comm=Binder_8 prev_pid=1160 prev_prio=120 prev_state=R+ ==> next_comm=Binder_1 next_pid=691 next_prio=120
        Binder_1-691   [000] ...2  1059.419343: sched_switch: prev_comm=Binder_1 prev_pid=691 prev_prio=120 prev_state=S ==> next_comm=ActivityManager next_pid=765 next_prio=118
 ActivityManager-765   [000] ...2  1059.419450: sched_switch: prev_comm=ActivityManager prev_pid=765 prev_prio=118 prev_state=S ==> next_comm=xample.bdbtrace next_pid=2226 next_prio=120
    RenderThread-1365  [001] ...2  1059.419916: sched_switch: prev_comm=RenderThread prev_pid=1365 prev_prio=116 prev_state=R+ ==> next_comm=kworker/u:1 next_pid=4914 next_prio=120
     kworker/u:1-4914  [001] ...2  1059.419930: sched_switch: prev_comm=kworker/u:1 prev_pid=4914 prev_prio=120 prev_state=D ==> next_comm=RenderThread next_pid=1365 next_prio=116
    RenderThread-1365  [001] ...2  1059.420012: sched_switch: prev_comm=RenderThread prev_pid=1365 prev_prio=116 prev_state=R+ ==> next_comm=kworker/u:1 next_pid=4914 next_prio=120
     kworker/u:1-4914  [001] ...2  1059.420072: sched_switch: prev_comm=kworker/u:1 prev_pid=4914 prev_prio=120 prev_state=S ==> next_comm=RenderThread next_pid=1365 next_prio=116
    RenderThread-1365  [001] ...2  1059.420156: sched_switch: prev_comm=RenderThread prev_pid=1365 prev_prio=116 prev_state=S ==> next_comm=kworker/u:0 next_pid=3362 next_prio=120
     kworker/u:0-3362  [001] ...2  1059.420179: sched_switch: prev_comm=kworker/u:0 prev_pid=3362 prev_prio=120 prev_state=S ==> next_comm=Binder_8 next_pid=1160 next_prio=120
        Binder_8-1160  [001] ...2  1059.420325: sched_switch: prev_comm=Binder_8 prev_pid=1160 prev_prio=120 prev_state=S ==> next_comm=main next_pid=6268 next_prio=120
 xample.bdbtrace-2226  [000] d..2  1059.420536: block_rq_insert: 179,0 R 0 () 851896 + 32 [xample.bdbtrace]
 xample.bdbtrace-2226  [000] ...2  1059.420553: sched_switch: prev_comm=xample.bdbtrace prev_pid=2226 prev_prio=120 prev_state=D|W ==> next_comm=Binder_A next_pid=1201 next_prio=120
        Binder_A-1201  [000] ...2  1059.420647: sched_switch: prev_comm=Binder_A prev_pid=1201 prev_prio=120 prev_state=S ==> next_comm=mmcqd/1 next_pid=116 next_prio=120
            main-6268  [001] d..2  1059.420686: block_rq_insert: 179,0 R 0 () 1181984 + 8 [main]
            main-6268  [001] d..2  1059.420692: block_rq_insert: 179,0 R 0 () 1182000 + 40 [main]
            main-6268  [001] d..2  1059.420696: block_rq_insert: 179,0 R 0 () 1182048 + 24 [main]
            main-6268  [001] ...2  1059.420709: sched_switch: prev_comm=main prev_pid=6268 prev_prio=120 prev_state=D|W ==> next_comm=kworker/u:0 next_pid=3362 next_prio=120
         mmcqd/1-116   [000] ...2  1059.420712: sched_switch: prev_comm=mmcqd/1 prev_pid=116 prev_prio=120 prev_state=S ==> next_comm=swapper/0 next_pid=0 next_prio=120
          <idle>-0     [000] ...2  1059.420734: sched_switch: prev_comm=swapper/0 prev_pid=0 prev_prio=120 prev_state=R ==> next_comm=ksoftirqd/0 next_pid=3 next_prio=120
     kworker/u:0-3362  [001] ...2  1059.420740: sched_switch: prev_comm=kworker/u:0 prev_pid=3362 prev_prio=120 prev_state=S ==> next_comm=Binder_1 next_pid=6285 next_prio=120
     ksoftirqd/0-3     [000] ...2  1059.420743: sched_switch: prev_comm=ksoftirqd/0 prev_pid=3 prev_prio=120 prev_state=S ==> next_comm=Binder_2 next_pid=6286 next_prio=120
        Binder_1-6285  [001] ...2  1059.420799: sched_switch: prev_comm=Binder_1 prev_pid=6285 prev_prio=120 prev_state=D ==> next_comm=swapper/1 next_pid=0 next_prio=120
          <idle>-0     [001] ...2  1059.420822: sched_switch: prev_comm=swapper/1 prev_pid=0 prev_prio=120 prev_state=R ==> next_comm=ksoftirqd/1 next_pid=6272 next_prio=120
     ksoftirqd/1-6272  [001] ...2  1059.420850: sched_switch: prev_comm=ksoftirqd/1 prev_pid=6272 prev_prio=120 prev_state=S ==> next_comm=Binder_1 next_pid=6285 next_prio=120
        Binder_2-6286  [000] ...2  1059.420880: sched_switch: prev_comm=Binder_2 prev_pid=6286 prev_prio=120 prev_state=D ==> next_comm=swapper/0 next_pid=0 next_prio=120
          <idle>-0     [000] ...2  1059.420895: sched_switch: prev_comm=swapper/0 prev_pid=0 prev_prio=120 prev_state=R ==> next_comm=ksoftirqd/0 next_pid=3 next_prio=120
     ksoftirqd/0-3     [000] ...2  1059.420917: sched_switch: prev_comm=ksoftirqd/0 prev_pid=3 prev_prio=120 prev_state=S ==> next_comm=Binder_2 next_pid=6286 next_prio=120
        Binder_2-6286  [000] ...2  1059.420936: sched_switch: prev_comm=Binder_2 prev_pid=6286 prev_prio=120 prev_state=S ==> next_comm=swapper/0 next_pid=0 next_prio=120
          <idle>-0     [000] ...2  1059.420952: sched_switch: prev_comm=swapper/0 prev_pid=0 prev_prio=120 prev_state=R ==> next_comm=ksoftirqd/0 next_pid=3 next_prio=120
     ksoftirqd/0-3     [000] ...2  1059.420961: sched_switch: prev_comm=ksoftirqd/0 prev_pid=3 prev_prio=120 prev_state=S ==> next_comm=Binder_2 next_pid=6286 next_prio=120
        Binder_1-6285  [001] ...2  1059.420986: sched_switch: prev_comm=Binder_1 prev_pid=6285 prev_prio=120 prev_state=D ==> next_comm=swapper/1 next_pid=0 next_prio=120
          <idle>-0     [001] ...2  1059.420993: sched_switch: prev_comm=swapper/1 prev_pid=0 prev_prio=120 prev_state=R ==> next_comm=Binder_1 next_pid=6285 next_prio=120
        Binder_2-6286  [000] ...3  1059.421016: sched_switch: prev_comm=Binder_2 prev_pid=6286 prev_prio=120 prev_state=x ==> next_comm=swapper/0 next_pid=0 next_prio=120
          <idle>-0     [000] ...2  1059.421087: sched_switch: prev_comm=swapper/0 prev_pid=0 prev_prio=120 prev_state=R ==> next_comm=mmcqd/1 next_pid=116 next_prio=120
         mmcqd/1-116   [000] ...1  1059.421103: block_rq_complete: 179,0 RA () 851896 + 32 [0]
         mmcqd/1-116   [000] ...2  1059.421126: sched_switch: prev_comm=mmcqd/1 prev_pid=116 prev_prio=120 prev_state=R+ ==> next_comm=kworker/0:1H next_pid=17 next_prio=100
    kworker/0:1H-17    [000] ...2  1059.421133: sched_switch: prev_comm=kworker/0:1H prev_pid=17 prev_prio=100 prev_state=S ==> next_comm=mmcqd/1 next_pid=116 next_prio=120
        Binder_1-6285  [001] ...3  1059.421145: sched_switch: prev_comm=Binder_1 prev_pid=6285 prev_prio=120 prev_state=x ==> next_comm=swapper/1 next_pid=0 next_prio=120
          <idle>-0     [001] ...2  1059.421173: sched_switch: prev_comm=swapper/1 prev_pid=0 prev_prio=120 prev_state=R ==> next_comm=ksoftirqd/1 next_pid=6272 next_prio=120
         mmcqd/1-116   [000] ...2  1059.421188: sched_switch: prev_comm=mmcqd/1 prev_pid=116 prev_prio=120 prev_state=S ==> next_comm=xample.bdbtrace next_pid=2226 next_prio=120
     ksoftirqd/1-6272  [001] ...2  1059.421191: sched_switch: prev_comm=ksoftirqd/1 prev_pid=6272 prev_prio=120 prev_state=S ==> next_comm=swapper/1 next_pid=0 next_prio=120
          <idle>-0     [001] ...2  1059.421218: sched_switch: prev_comm=swapper/1 prev_pid=0 prev_prio=120 prev_state=R ==> next_comm=ksoftirqd/1 next_pid=6272 next_prio=120
     ksoftirqd/1-6272  [001] ...2  1059.421229: sched_switch: prev_comm=ksoftirqd/1 prev_pid=6272 prev_prio=120 prev_state=S ==> next_comm=swapper/1 next_pid=0 next_prio=120
 xample.bdbtrace-2226  [000] d..2  1059.422055: block_rq_insert: 179,0 R 0 () 852120 + 8 [xample.bdbtrace]
 xample.bdbtrace-2226  [000] ...2  1059.422065: sched_switch: prev_comm=xample.bdbtrace prev_pid=2226 prev_prio=120 prev_state=D|W ==> next_comm=mmcqd/1 next_pid=116 next_prio=120
         mmcqd/1-116   [000] ...1  1059.422093: block_rq_complete: 179,0 RA () 1181984 + 8 [0]
         mmcqd/1-116   [000] ...2  1059.422117: sched_switch: prev_comm=mmcqd/1 prev_pid=116 prev_prio=120 prev_state=S ==> next_comm=swapper/0 next_pid=0 next_prio=120
          <idle>-0     [000] ...2  1059.422511: sched_switch: prev_comm=swapper/0 prev_pid=0 prev_prio=120 prev_state=R ==> next_comm=mmcqd/1 next_pid=116 next_prio=120
         mmcqd/1-116   [000] ...1  1059.422544: block_rq_complete: 179,0 RA () 1182000 + 40 [0]
         mmcqd/1-116   [000] ...2  1059.422563: sched_switch: prev_comm=mmcqd/1 prev_pid=116 prev_prio=120 prev_state=S ==> next_comm=swapper/0 next_pid=0 next_prio=120
