         mmcqd/1-116   [000] ...2  1059.308135: sched_switch: prev_comm=mmcqd/1 prev_pid=116 prev_prio=120 prev_state=R+ ==> next_comm=kworker/0:1H next_pid=17 next_prio=100
    kworker/0:1H-17    [000] ...2  1059.308142: sched_switch: prev_comm=kworker/0:1H prev_pid=17 prev_prio=100 prev_state=S ==> next_comm=mmcqd/1 next_pid=116 next_prio=120
         mmcqd/1-116   [000] ...2  1059.308152: sched_switch: prev_comm=mmcqd/1 prev_pid=116 prev_prio=120 prev_state=S ==> next_comm=main next_pid=6268 next_prio=120
            main-6268  [000] d..2  1059.308366: block_rq_insert: 179,0 R 0 () 3984640 + 16 [main]
            main-6268  [000] ...2  1059.308378: sched_switch: prev_comm=main prev_pid=6268 prev_prio=120 prev_state=R+ ==> next_comm=mmcqd/1 next_pid=116 next_prio=120
         mmcqd/1-116   [000] ...2  1059.308418: sched_switch: prev_comm=mmcqd/1 prev_pid=116 prev_prio=120 prev_state=S ==> next_comm=main next_pid=6268 next_prio=120
            main-6268  [000] ...2  1059.308425: sched_switch: prev_comm=main prev_pid=6268 prev_prio=120 prev_state=D|W ==> next_comm=swapper/0 next_pid=0 next_prio=120
          <idle>-0     [000] ...2  1059.308439: sched_switch: prev_comm=swapper/0 prev_pid=0 prev_prio=120 prev_state=R ==> next_comm=ksoftirqd/0 next_pid=3 next_prio=120
     ksoftirqd/0-3     [000] ...2  1059.308448: sched_switch: prev_comm=ksoftirqd/0 prev_pid=3 prev_prio=120 prev_state=S ==> next_comm=swapper/0 next_pid=0 next_prio=120
          <idle>-0     [000] ...2  1059.308462: sched_switch: prev_comm=swapper/0 prev_pid=0 prev_prio=120 prev_state=R ==> next_comm=ksoftirqd/0 next_pid=3 next_prio=120
     ksoftirqd/0-3     [000] ...2  1059.308470: sched_switch: prev_comm=ksoftirqd/0 prev_pid=3 prev_prio=120 prev_state=S ==> next_comm=swapper/0 next_pid=0 next_prio=120
          <idle>-0     [000] ...2  1059.308482: sched_switch: prev_comm=swapper/0 prev_pid=0 prev_prio=120 prev_state=R ==> next_comm=ksoftirqd/0 next_pid=3 next_prio=120
     ksoftirqd/0-3     [000] ...2  1059.308491: sched_switch: prev_comm=ksoftirqd/0 prev_pid=3 prev_prio=120 prev_state=S ==> next_comm=swapper/0 next_pid=0 next_prio=120
          <idle>-0     [000] ...2  1059.308659: sched_switch: prev_comm=swapper/0 prev_pid=0 prev_prio=120 prev_state=R ==> next_comm=mmcqd/1 next_pid=116 next_prio=120
         mmcqd/1-116   [000] ...1  1059.308671: block_rq_complete: 179,0 RA () 3984640 + 16 [0]
         mmcqd/1-116   [000] ...2  1059.308688: sched_switch: prev_comm=mmcqd/1 prev_pid=116 prev_prio=120 prev_state=R+ ==> next_comm=kworker/0:1H next_pid=17 next_prio=100
    kworker/0:1H-17    [000] ...2  1059.308695: sched_switch: prev_comm=kworker/0:1H prev_pid=17 prev_prio=100 prev_state=S ==> next_comm=mmcqd/1 next_pid=116 next_prio=120
         mmcqd/1-116   [000] ...2  1059.308704: sched_switch: prev_comm=mmcqd/1 prev_pid=116 prev_prio=120 prev_state=S ==> next_comm=main next_pid=6268 next_prio=120
          <idle>-0     [001] ...2  1059.309333: sched_switch: prev_comm=swapper/1 prev_pid=0 prev_prio=120 prev_state=R+ ==> next_comm=main next_pid=6275 next_prio=120
 Heap thread poo-6275  [001] ...2  1059.309352: sched_switch: prev_comm=main prev_pid=6275 prev_prio=120 prev_state=D ==> next_comm=swapper/1 next_pid=0 next_prio=120
          <idle>-0     [001] ...2  1059.309361: sched_switch: prev_comm=swapper/1 prev_pid=0 prev_prio=120 prev_state=R ==> next_comm=main next_pid=6275 next_prio=120
            main-6268  [000] ...2  1059.309498: sched_switch: prev_comm=main prev_pid=6268 prev_prio=120 prev_state=S ==> next_comm=main next_pid=6277 next_prio=120
 Heap thread poo-6275  [001] ...2  1059.309510: sched_switch: prev_comm=main prev_pid=6275 prev_prio=120 prev_state=D ==> next_comm=main next_pid=6276 next_prio=120
 Heap thread poo-6276  [001] ...2  1059.309518: sched_switch: prev_comm=main prev_pid=6276 prev_prio=120 prev_state=R+ ==> next_comm=main next_pid=6275 next_prio=120
 Heap thread poo-6277  [000] ...2  1059.309552: sched_switch: prev_comm=main prev_pid=6277 prev_prio=120 prev_state=D ==> next_comm=swapper/0 next_pid=0 next_prio=120
 Heap thread poo-6275  [001] ...2  1059.309572: sched_switch: prev_comm=main prev_pid=6275 prev_prio=120 prev_state=D ==> next_comm=main next_pid=6276 next_prio=120
          <idle>-0     [000] ...2  1059.309573: sched_switch: prev_comm=swapper/0 prev_pid=0 prev_prio=120 prev_state=R ==> next_comm=ksoftirqd/0 next_pid=3 next_prio=120
     ksoftirqd/0-3     [000] ...2  1059.309579: sched_switch: prev_comm=ksoftirqd/0 prev_pid=3 prev_prio=120 prev_state=S ==> next_comm=main next_pid=6277 next_prio=120
 Heap thread poo-6276  [001] ...2  1059.309587: sched_switch: prev_comm=main prev_pid=6276 prev_prio=120 prev_state=D ==> next_comm=swapper/1 next_pid=0 next_prio=120
          <idle>-0     [001] ...2  1059.309594: sched_switch: prev_comm=swapper/1 prev_pid=0 prev_prio=120 prev_state=R ==> next_comm=main next_pid=6275 next_prio=120
 Heap thread poo-6275  [001] ...2  1059.309617: sched_switch: prev_comm=main prev_pid=6275 prev_prio=120 prev_state=D ==> next_comm=main next_pid=6276 next_prio=120
 Heap thread poo-6276  [001] ...2  1059.309633: sched_switch: prev_comm=main prev_pid=6276 prev_prio=120 prev_state=R+ ==> next_comm=main next_pid=6275 next_prio=120
 Heap thread poo-6277  [000] ...2  1059.309634: sched_switch: prev_comm=main prev_pid=6277 prev_prio=120 prev_state=D ==> next_comm=swapper/0 next_pid=0 next_prio=120
          <idle>-0     [000] ...2  1059.309649: sched_switch: prev_comm=swapper/0 prev_pid=0 prev_prio=120 prev_state=R ==> next_comm=ksoftirqd/0 next_pid=3 next_prio=120
 Heap thread poo-6275  [001] ...2  1059.309655: sched_switch: prev_comm=main prev_pid=6275 prev_prio=120 prev_state=D ==> next_comm=main next_pid=6276 next_prio=120
     ksoftirqd/0-3     [000] ...2  1059.309655: sched_switch: prev_comm=ksoftirqd/0 prev_pid=3 prev_prio=120 prev_state=S ==> next_comm=main next_pid=6277 next_prio=120
 Heap thread poo-6276  [001] ...2  1059.309671: sched_switch: prev_comm=main prev_pid=6276 prev_prio=120 prev_state=S ==> next_comm=main next_pid=6275 next_prio=120
 Heap thread poo-6277  [000] ...2  1059.309674: sched_switch: prev_comm=main prev_pid=6277 prev_prio=120 prev_state=D ==> next_comm=swapper/0 next_pid=0 next_prio=120
          <idle>-0     [000] ...2  1059.309690: sched_switch: prev_comm=swapper/0 prev_pid=0 prev_prio=120 prev_state=R ==> next_comm=ksoftirqd/0 next_pid=3 next_prio=120
     ksoftirqd/0-3     [000] ...2  1059.309696: sched_switch: prev_comm=ksoftirqd/0 prev_pid=3 prev_prio=120 prev_state=S ==> next_comm=main next_pid=6277 next_prio=120
 Heap thread poo-6275  [001] ...2  1059.309698: sched_switch: prev_comm=main prev_pid=6275 prev_prio=120 prev_state=D ==> next_comm=swapper/1 next_pid=0 next_prio=120
 Heap thread poo-6277  [000] ...2  1059.309711: sched_switch: prev_comm=main prev_pid=6277 prev_prio=120 prev_state=D ==> next_comm=swapper/0 next_pid=0 next_prio=120
          <idle>-0     [001] ...2  1059.309726: sched_switch: prev_comm=swapper/1 prev_pid=0 prev_prio=120 prev_state=R ==> next_comm=ksoftirqd/1 next_pid=6272 next_prio=120
     ksoftirqd/1-6272  [001] ...2  1059.309738: sched_switch: prev_comm=ksoftirqd/1 prev_pid=6272 prev_prio=120 prev_state=S ==> next_comm=main next_pid=6275 next_prio=120
          <idle>-0     [000] ...2  1059.309763: sched_switch: prev_comm=swapper/0 prev_pid=0 prev_prio=120 prev_state=R ==> next_comm=main next_pid=6277 next_prio=120
 Heap thread poo-6277  [000] ...2  1059.309772: sched_switch: prev_comm=main prev_pid=6277 prev_prio=120 prev_state=D ==> next_comm=swapper/0 next_pid=0 next_prio=120
          <idle>-0     [000] ...2  1059.309785: sched_switch: prev_comm=swapper/0 prev_pid=0 prev_prio=120 prev_state=R ==> next_comm=main next_pid=6277 next_prio=120
 Heap thread poo-6275  [001] ...2  1059.309787: sched_switch: prev_comm=main prev_pid=6275 prev_prio=120 prev_state=D ==> next_comm=swapper/1 next_pid=0 next_prio=120
          <idle>-0     [001] ...2  1059.309814: sched_switch: prev_comm=swapper/1 prev_pid=0 prev_prio=120 prev_state=R ==> next_comm=ksoftirqd/1 next_pid=6272 next_prio=120
     ksoftirqd/1-6272  [001] ...2  1059.309826: sched_switch: prev_comm=ksoftirqd/1 prev_pid=6272 prev_prio=120 prev_state=S ==> next_comm=main next_pid=6275 next_prio=120
 Heap thread poo-6277  [000] ...2  1059.309849: sched_switch: prev_comm=main prev_pid=6277 prev_prio=120 prev_state=S ==> next_comm=swapper/0 next_pid=0 next_prio=120
          <idle>-0     [000] ...2  1059.310568: sched_switch: prev_comm=swapper/0 prev_pid=0 prev_prio=120 prev_state=R ==> next_comm=main next_pid=6277 next_prio=120
 Heap thread poo-6275  [001] ...2  1059.310600: sched_switch: prev_comm=Heap thread poo prev_pid=6275 prev_prio=120 prev_state=S ==> next_comm=main next_pid=6276 next_prio=120
 Heap thread poo-6276  [001] ...2  1059.310619: sched_switch: prev_comm=main prev_pid=6276 prev_prio=120 prev_state=S ==> next_comm=swapper/1 next_pid=0 next_prio=120
          <idle>-0     [001] ...2  1059.310642: sched_switch: prev_comm=swapper/1 prev_pid=0 prev_prio=120 prev_state=R ==> next_comm=ksoftirqd/1 next_pid=6272 next_prio=120
     ksoftirqd/1-6272  [001] ...2  1059.310652: sched_switch: prev_comm=ksoftirqd/1 prev_pid=6272 prev_prio=120 prev_state=S ==> next_comm=swapper/1 next_pid=0 next_prio=120
          <idle>-0     [001] ...2  1059.310931: sched_switch: prev_comm=swapper/1 prev_pid=0 prev_prio=120 prev_state=R ==> next_comm=main next_pid=6276 next_prio=120
 Heap thread poo-6277  [000] ...2  1059.310936: sched_switch: prev_comm=Heap thread poo prev_pid=6277 prev_prio=120 prev_state=S ==> next_comm=swapper/0 next_pid=0 next_prio=120
          <idle>-0     [000] ...2  1059.311589: sched_switch: prev_comm=swapper/0 prev_pid=0 prev_prio=120 prev_state=R ==> next_comm=main next_pid=6268 next_prio=120
 Heap thread poo-6276  [001] ...2  1059.311609: sched_switch: prev_comm=Heap thread poo prev_pid=6276 prev_prio=120 prev_state=S ==> next_comm=Heap thread poo next_pid=6275 next_prio=120
 Heap thread poo-6275  [001] ...2  1059.311622: sched_switch: prev_comm=Heap thread poo prev_pid=6275 prev_prio=120 prev_state=D ==> next_comm=swapper/1 next_pid=0 next_prio=120
            main-6268  [000] ...2  1059.311628: sched_switch: prev_comm=main prev_pid=6268 prev_prio=120 prev_state=D ==> next_comm=swapper/0 next_pid=0 next_prio=120
          <idle>-0     [001] ...2  1059.311629: sched_switch: prev_comm=swapper/1 prev_pid=0 prev_prio=120 prev_state=R ==> next_comm=Heap thread poo next_pid=6275 next_prio=120
          <idle>-0     [000] ...2  1059.311650: sched_switch: prev_comm=swapper/0 prev_pid=0 prev_prio=120 prev_state=R ==> next_comm=main next_pid=6268 next_prio=120
 Heap thread poo-6275  [001] ...2  1059.311659: sched_switch: prev_comm=Heap thread poo prev_pid=6275 prev_prio=120 prev_state=D ==> next_comm=swapper/1 next_pid=0 next_prio=120
          <idle>-0     [001] ...2  1059.311666: sched_switch: prev_comm=swapper/1 prev_pid=0 prev_prio=120 prev_state=R ==> next_comm=Heap thread poo next_pid=6275 next_prio=120
 Heap thread poo-6275  [001] ...2  1059.311690: sched_switch: prev_comm=Heap thread poo prev_pid=6275 prev_prio=120 prev_state=S ==> next_comm=main next_pid=6278 next_prio=120
            main-6268  [000] ...2  1059.311699: sched_switch: prev_comm=main prev_pid=6268 prev_prio=120 prev_state=S ==> next_comm=Heap thread poo next_pid=6277 next_prio=120
 Heap thread poo-6277  [000] ...2  1059.311707: sched_switch: prev_comm=Heap thread poo prev_pid=6277 prev_prio=120 prev_state=D ==> next_comm=swapper/0 next_pid=0 next_prio=120
          <idle>-0     [000] ...2  1059.311742: sched_switch: prev_comm=swapper/0 prev_pid=0 prev_prio=120 prev_state=R ==> next_comm=Heap thread poo next_pid=6277 next_prio=120
 Heap thread poo-6277  [000] ...2  1059.311756: sched_switch: prev_comm=Heap thread poo prev_pid=6277 prev_prio=120 prev_state=S ==> next_comm=swapper/0 next_pid=0 next_prio=120
          <idle>-0     [000] ...2  1059.312489: sched_switch: prev_comm=swapper/0 prev_pid=0 prev_prio=120 prev_state=R ==> next_comm=main next_pid=6268 next_prio=120
  Signal Catcher-6278  [001] ...2  1059.312494: sched_switch: prev_comm=Signal Catcher prev_pid=6278 prev_prio=120 prev_state=S ==> next_comm=swapper/1 next_pid=0 next_prio=120
          <idle>-0     [001] ...2  1059.312562: sched_switch: prev_comm=swapper/1 prev_pid=0 prev_prio=120 prev_state=R ==> next_comm=main next_pid=6279 next_prio=120
            main-6268  [000] ...2  1059.312563: sched_switch: prev_comm=main prev_pid=6268 prev_prio=120 prev_state=S ==> next_comm=swapper/0 next_pid=0 next_prio=120
          <idle>-0     [000] ...2  1059.313332: sched_switch: prev_comm=swapper/0 prev_pid=0 prev_prio=120 prev_state=R ==> next_comm=main next_pid=6268 next_prio=120
            JDWP-6279  [001] ...2  1059.313420: sched_switch: prev_comm=JDWP prev_pid=6279 prev_prio=120 prev_state=R+ ==> next_comm=adbd next_pid=778 next_prio=120
            main-6268  [000] d..2  1059.313486: block_rq_insert: 179,0 R 0 () 4067352 + 8 [main]
            main-6268  [000] d..2  1059.313490: block_rq_insert: 179,0 R 0 () 4067368 + 8 [main]
            main-6268  [000] ...2  1059.313502: sched_switch: prev_comm=main prev_pid=6268 prev_prio=120 prev_state=D|W ==> next_comm=mmcqd/1 next_pid=116 next_prio=120
         mmcqd/1-116   [000] ...2  1059.313553: sched_switch: prev_comm=mmcqd/1 prev_pid=116 prev_prio=120 prev_state=S ==> next_comm=swapper/0 next_pid=0 next_prio=120
           <...>-778   [001] ...2  1059.313588: sched_switch: prev_comm=adbd prev_pid=778 prev_prio=120 prev_state=S ==> next_comm=JDWP next_pid=6279 next_prio=120
            JDWP-6279  [001] ...2  1059.313618: sched_switch: prev_comm=JDWP prev_pid=6279 prev_prio=120 prev_state=R+ ==> next_comm=adbd next_pid=778 next_prio=120
          <idle>-0     [000] ...2  1059.313778: sched_switch: prev_comm=swapper/0 prev_pid=0 prev_prio=120 prev_state=R ==> next_comm=mmcqd/1 next_pid=116 next_prio=120
           <...>-778   [001] ...2  1059.313795: sched_switch: prev_comm=adbd prev_pid=778 prev_prio=120 prev_state=S ==> next_comm=JDWP next_pid=6279 next_prio=120
         mmcqd/1-116   [000] ...1  1059.313803: block_rq_complete: 179,0 RA () 4067352 + 8 [0]
            JDWP-6279  [001] ...2  1059.313814: sched_switch: prev_comm=JDWP prev_pid=6279 prev_prio=120 prev_state=S ==> next_comm=swapper/1 next_pid=0 next_prio=120
         mmcqd/1-116   [000] ...2  1059.313816: sched_switch: prev_comm=mmcqd/1 prev_pid=116 prev_prio=120 prev_state=S ==> next_comm=swapper/0 next_pid=0 next_prio=120
          <idle>-0     [000] ...2  1059.314059: sched_switch: prev_comm=swapper/0 prev_pid=0 prev_prio=120 prev_state=R ==> next_comm=mmcqd/1 next_pid=116 next_prio=120
         mmcqd/1-116   [000] ...1  1059.314070: block_rq_complete: 179,0 RA () 4067368 + 8 [0]
         mmcqd/1-116   [000] ...2  1059.314087: sched_switch: prev_comm=mmcqd/1 prev_pid=116 prev_prio=120 prev_state=R+ ==> next_comm=kworker/0:1H next_pid=17 next_prio=100
    kworker/0:1H-17    [000] ...2  1059.314094: sched_switch: prev_comm=kworker/0:1H prev_pid=17 prev_prio=100 prev_state=S ==> next_comm=mmcqd/1 next_pid=116 next_prio=120
         mmcqd/1-116   [000] ...2  1059.314104: sched_switch: prev_comm=mmcqd/1 prev_pid=116 prev_prio=120 prev_state=S ==> next_comm=main next_pid=6268 next_prio=120
            main-6268  [000] d..2  1059.314480: block_rq_insert: 179,0 R 0 () 3993912 + 8 [main]
            main-6268  [000] d..2  1059.314483: block_rq_insert: 179,0 R 0 () 3993944 + 16 [main]
            main-6268  [000] d..2  1059.314485: block_rq_insert: 179,0 R 0 () 3993968 + 72 [main]
            main-6268  [000] ...2  1059.314497: sched_switch: prev_comm=main prev_pid=6268 prev_prio=120 prev_state=D|W ==> next_comm=mmcqd/1 next_pid=116 next_prio=120
         mmcqd/1-116   [000] ...2  1059.314546: sched_switch: prev_comm=mmcqd/1 prev_pid=116 prev_prio=120 prev_state=S ==> next_comm=swapper/0 next_pid=0 next_prio=120
          <idle>-0     [000] ...2  1059.314773: sched_switch: prev_comm=swapper/0 prev_pid=0 prev_prio=120 prev_state=R ==> next_comm=mmcqd/1 next_pid=116 next_prio=120
         mmcqd/1-116   [000] ...1  1059.314799: block_rq_complete: 179,0 RA () 3993912 + 8 [0]
         mmcqd/1-116   [000] ...2  1059.314840: sched_switch: prev_comm=mmcqd/1 prev_pid=116 prev_prio=120 prev_state=S ==> next_comm=main next_pid=6268 next_prio=120
            main-6268  [000] d..2  1059.314985: block_rq_insert: 179,0 R 0 () 4026856 + 24 [main]
            main-6268  [000] d..2  1059.314988: block_rq_insert: 179,0 R 0 () 4026944 + 8 [main]
            main-6268  [000] d..2  1059.314991: block_rq_insert: 179,0 R 0 () 4026960 + 40 [main]
            main-6268  [000] d..2  1059.314993: block_rq_insert: 179,0 R 0 () 4027008 + 24 [main]
            main-6268  [000] ...2  1059.315000: sched_switch: prev_comm=main prev_pid=6268 prev_prio=120 prev_state=D|W ==> next_comm=swapper/0 next_pid=0 next_prio=120
          <idle>-0     [000] ...2  1059.315148: sched_switch: prev_comm=swapper/0 prev_pid=0 prev_prio=120 prev_state=R ==> next_comm=mmcqd/1 next_pid=116 next_prio=120
         mmcqd/1-116   [000] ...1  1059.315176: block_rq_complete: 179,0 RA () 3993944 + 16 [0]
         mmcqd/1-116   [000] ...2  1059.315201: sched_switch: prev_comm=mmcqd/1 prev_pid=116 prev_prio=120 prev_state=S ==> next_comm=swapper/0 next_pid=0 next_prio=120
          <idle>-0     [000] ...2  1059.315754: sched_switch: prev_comm=swapper/0 prev_pid=0 prev_prio=120 prev_state=R ==> next_comm=mmcqd/1 next_pid=116 next_prio=120
         mmcqd/1-116   [000] ...1  1059.315794: block_rq_complete: 179,0 RA () 3993968 + 72 [0]
         mmcqd/1-116   [000] ...2  1059.315814: sched_switch: prev_comm=mmcqd/1 prev_pid=116 prev_prio=120 prev_state=S ==> next_comm=swapper/0 next_pid=0 next_prio=120
          <idle>-0     [000] ...2  1059.316081: sched_switch: prev_comm=swapper/0 prev_pid=0 prev_prio=120 prev_state=R ==> next_comm=mmcqd/1 next_pid=116 next_prio=120
         mmcqd/1-116   [000] ...1  1059.316109: block_rq_complete: 179,0 RA () 4026856 + 24 [0]
         mmcqd/1-116   [000] ...2  1059.316137: sched_switch: prev_comm=mmcqd/1 prev_pid=116 prev_prio=120 prev_state=S ==> next_comm=swapper/0 next_pid=0 next_prio=120
          <idle>-0     [000] ...2  1059.316364: sched_switch: prev_comm=swapper/0 prev_pid=0 prev_prio=120 prev_state=R ==> next_comm=mmcqd/1 next_pid=116 next_prio=120
         mmcqd/1-116   [000] ...1  1059.316389: block_rq_complete: 179,0 RA () 4026944 + 8 [0]
         mmcqd/1-116   [000] ...2  1059.316415: sched_switch: prev_comm=mmcqd/1 prev_pid=116 prev_prio=120 prev_state=S ==> next_comm=main next_pid=6268 next_prio=120
            main-6268  [000] d..2  1059.316464: block_rq_insert: 179,0 R 0 () 4028616 + 96 [main]
            main-6268  [000] d..2  1059.316466: block_rq_insert: 179,0 R 0 () 4028736 + 56 [main]
            main-6268  [000] ...2  1059.316473: sched_switch: prev_comm=main prev_pid=6268 prev_prio=120 prev_state=D|W ==> next_comm=swapper/0 next_pid=0 next_prio=120
          <idle>-0     [000] ...2  1059.316829: sched_switch: prev_comm=swapper/0 prev_pid=0 prev_prio=120 prev_state=R ==> next_comm=mmcqd/1 next_pid=116 next_prio=120
         mmcqd/1-116   [000] ...1  1059.316861: block_rq_complete: 179,0 RA () 4026960 + 40 [0]
         mmcqd/1-116   [000] ...2  1059.316903: sched_switch: prev_comm=mmcqd/1 prev_pid=116 prev_prio=120 prev_state=S ==> next_comm=swapper/0 next_pid=0 next_prio=120
          <idle>-0     [000] ...2  1059.317149: sched_switch: prev_comm=swapper/0 prev_pid=0 prev_prio=120 prev_state=R ==> next_comm=mmcqd/1 next_pid=116 next_prio=120
         mmcqd/1-116   [000] ...1  1059.317178: block_rq_complete: 179,0 RA () 4027008 + 24 [0]
         mmcqd/1-116   [000] ...2  1059.317208: sched_switch: prev_comm=mmcqd/1 prev_pid=116 prev_prio=120 prev_state=S ==> next_comm=swapper/0 next_pid=0 next_prio=120
          <idle>-0     [000] ...2  1059.317949: sched_switch: prev_comm=swapper/0 prev_pid=0 prev_prio=120 prev_state=R ==> next_comm=mmcqd/1 next_pid=116 next_prio=120
         mmcqd/1-116   [000] ...1  1059.317994: block_rq_complete: 179,0 RA () 4028616 + 96 [0]
         mmcqd/1-116   [000] ...2  1059.318012: sched_switch: prev_comm=mmcqd/1 prev_pid=116 prev_prio=120 prev_state=S ==> next_comm=main next_pid=6268 next_prio=120
          <idle>-0     [001] ...2  1059.318134: sched_switch: prev_comm=swapper/1 prev_pid=0 prev_prio=120 prev_state=R ==> next_comm=main next_pid=6280 next_prio=120
            main-6268  [000] d..2  1059.318364: block_rq_insert: 179,0 R 0 () 3993624 + 48 [main]
            main-6268  [000] d..2  1059.318366: block_rq_insert: 179,0 R 0 () 3993688 + 24 [main]
            main-6268  [000] d..2  1059.318368: block_rq_insert: 179,0 R 0 () 3993752 + 8 [main]
            main-6268  [000] ...2  1059.318379: sched_switch: prev_comm=main prev_pid=6268 prev_prio=120 prev_state=D|W ==> next_comm=mmcqd/1 next_pid=116 next_prio=120
         mmcqd/1-116   [000] ...2  1059.318402: sched_switch: prev_comm=mmcqd/1 prev_pid=116 prev_prio=120 prev_state=S ==> next_comm=swapper/0 next_pid=0 next_prio=120
          <idle>-0     [000] ...2  1059.318472: sched_switch: prev_comm=swapper/0 prev_pid=0 prev_prio=120 prev_state=R ==> next_comm=mmcqd/1 next_pid=116 next_prio=120
         mmcqd/1-116   [000] ...1  1059.318505: block_rq_complete: 179,0 RA () 4028736 + 56 [0]
         mmcqd/1-116   [000] ...2  1059.318527: sched_switch: prev_comm=mmcqd/1 prev_pid=116 prev_prio=120 prev_state=S ==> next_comm=swapper/0 next_pid=0 next_prio=120
 ReferenceQueueD-6280  [001] ...2  1059.318860: sched_switch: prev_comm=ReferenceQueueD prev_pid=6280 prev_prio=120 prev_state=S ==> next_comm=swapper/1 next_pid=0 next_prio=120
          <idle>-0     [000] ...2  1059.318921: sched_switch: prev_comm=swapper/0 prev_pid=0 prev_prio=120 prev_state=R ==> next_comm=ksoftirqd/0 next_pid=3 next_prio=120
          <idle>-0     [001] ...2  1059.318926: sched_switch: prev_comm=swapper/1 prev_pid=0 prev_prio=120 prev_state=R ==> next_comm=kworker/1:0H next_pid=6271 next_prio=100
     ksoftirqd/0-3     [000] ...2  1059.318929: sched_switch: prev_comm=ksoftirqd/0 prev_pid=3 prev_prio=120 prev_state=S ==> next_comm=swapper/0 next_pid=0 next_prio=120
    kworker/1:0H-6271  [001] ...2  1059.318959: sched_switch: prev_comm=kworker/1:0H prev_pid=6271 prev_prio=100 prev_state=D ==> next_comm=ksoftirqd/1 next_pid=6272 next_prio=120
          <idle>-0     [000] ...2  1059.318967: sched_switch: prev_comm=swapper/0 prev_pid=0 prev_prio=120 prev_state=R ==> next_comm=ksoftirqd/0 next_pid=3 next_prio=120
     ksoftirqd/1-6272  [001] ...2  1059.318975: sched_switch: prev_comm=ksoftirqd/1 prev_pid=6272 prev_prio=120 prev_state=S ==> next_comm=kworker/1:2H next_pid=6274 next_prio=100
     ksoftirqd/0-3     [000] ...2  1059.318976: sched_switch: prev_comm=ksoftirqd/0 prev_pid=3 prev_prio=120 prev_state=S ==> next_comm=mmcqd/1 next_pid=116 next_prio=120
         mmcqd/1-116   [000] ...1  1059.319008: block_rq_complete: 179,0 RA () 3993624 + 48 [0]
    kworker/1:2H-6274  [001] ...2  1059.319010: sched_switch: prev_comm=kworker/1:2H prev_pid=6274 prev_prio=100 prev_state=S ==> next_comm=kworker/1:0H next_pid=6271 next_prio=100
    kworker/1:0H-6271  [001] ...2  1059.319022: sched_switch: prev_comm=kworker/1:0H prev_pid=6271 prev_prio=100 prev_state=S ==> next_comm=swapper/1 next_pid=0 next_prio=120
         mmcqd/1-116   [000] ...2  1059.319027: sched_switch: prev_comm=mmcqd/1 prev_pid=116 prev_prio=120 prev_state=S ==> next_comm=swapper/0 next_pid=0 next_prio=120
          <idle>-0     [001] ...2  1059.319046: sched_switch: prev_comm=swapper/1 prev_pid=0 prev_prio=120 prev_state=R ==> next_comm=ksoftirqd/1 next_pid=6272 next_prio=120
     ksoftirqd/1-6272  [001] ...2  1059.319057: sched_switch: prev_comm=ksoftirqd/1 prev_pid=6272 prev_prio=120 prev_state=S ==> next_comm=swapper/1 next_pid=0 next_prio=120
          <idle>-0     [001] ...2  1059.319080: sched_switch: prev_comm=swapper/1 prev_pid=0 prev_prio=120 prev_state=R ==> next_comm=ksoftirqd/1 next_pid=6272 next_prio=120
     ksoftirqd/1-6272  [001] ...2  1059.319098: sched_switch: prev_comm=ksoftirqd/1 prev_pid=6272 prev_prio=120 prev_state=S ==> next_comm=swapper/1 next_pid=0 next_prio=120
          <idle>-0     [000] ...2  1059.319368: sched_switch: prev_comm=swapper/0 prev_pid=0 prev_prio=120 prev_state=R ==> next_comm=mmcqd/1 next_pid=116 next_prio=120
         mmcqd/1-116   [000] ...1  1059.319397: block_rq_complete: 179,0 RA () 3993688 + 24 [0]
         mmcqd/1-116   [000] ...2  1059.319408: sched_switch: prev_comm=mmcqd/1 prev_pid=116 prev_prio=120 prev_state=S ==> next_comm=swapper/0 next_pid=0 next_prio=120
          <idle>-0     [000] ...2  1059.319629: sched_switch: prev_comm=swapper/0 prev_pid=0 prev_prio=120 prev_state=R ==> next_comm=mmcqd/1 next_pid=116 next_prio=120
         mmcqd/1-116   [000] ...1  1059.319639: block_rq_complete: 179,0 RA () 3993752 + 8 [0]
         mmcqd/1-116   [000] ...2  1059.319656: sched_switch: prev_comm=mmcqd/1 prev_pid=116 prev_prio=120 prev_state=R+ ==> next_comm=kworker/0:1H next_pid=17 next_prio=100
    kworker/0:1H-17    [000] ...2  1059.319663: sched_switch: prev_comm=kworker/0:1H prev_pid=17 prev_prio=100 prev_state=S ==> next_comm=mmcqd/1 next_pid=116 next_prio=120
         mmcqd/1-116   [000] ...2  1059.319672: sched_switch: prev_comm=mmcqd/1 prev_pid=116 prev_prio=120 prev_state=S ==> next_comm=main next_pid=6268 next_prio=120
            main-6268  [000] d..2  1059.319760: block_rq_insert: 179,0 R 0 () 4019800 + 24 [main]
            main-6268  [000] d..2  1059.319763: block_rq_insert: 179,0 R 0 () 4019896 + 8 [main]
            main-6268  [000] d..2  1059.319765: block_rq_insert: 179,0 R 0 () 4019928 + 8 [main]
            main-6268  [000] ...2  1059.319775: sched_switch: prev_comm=main prev_pid=6268 prev_prio=120 prev_state=D|W ==> next_comm=mmcqd/1 next_pid=116 next_prio=120
         mmcqd/1-116   [000] ...2  1059.319823: sched_switch: prev_comm=mmcqd/1 prev_pid=116 prev_prio=120 prev_state=S ==> next_comm=swapper/0 next_pid=0 next_prio=120
          <idle>-0     [000] ...2  1059.320183: sched_switch: prev_comm=swapper/0 prev_pid=0 prev_prio=120 prev_state=R ==> next_comm=mmcqd/1 next_pid=116 next_prio=120
         mmcqd/1-116   [000] ...1  1059.320211: block_rq_complete: 179,0 RA () 4019800 + 24 [0]
         mmcqd/1-116   [000] ...2  1059.320231: sched_switch: prev_comm=mmcqd/1 prev_pid=116 prev_prio=120 prev_state=S ==> next_comm=swapper/0 next_pid=0 next_prio=120
          <idle>-0     [000] ...2  1059.320449: sched_switch: prev_comm=swapper/0 prev_pid=0 prev_prio=120 prev_state=R ==> next_comm=mmcqd/1 next_pid=116 next_prio=120
         mmcqd/1-116   [000] ...1  1059.320474: block_rq_complete: 179,0 RA () 4019896 + 8 [0]
         mmcqd/1-116   [000] ...2  1059.320485: sched_switch: prev_comm=mmcqd/1 prev_pid=116 prev_prio=120 prev_state=S ==> next_comm=swapper/0 next_pid=0 next_prio=120
          <idle>-0     [000] ...2  1059.320730: sched_switch: prev_comm=swapper/0 prev_pid=0 prev_prio=120 prev_state=R ==> next_comm=mmcqd/1 next_pid=116 next_prio=120
         mmcqd/1-116   [000] ...1  1059.320740: block_rq_complete: 179,0 RA () 4019928 + 8 [0]
         mmcqd/1-116   [000] ...2  1059.320756: sched_switch: prev_comm=mmcqd/1 prev_pid=116 prev_prio=120 prev_state=R+ ==> next_comm=kworker/0:1H next_pid=17 next_prio=100
    kworker/0:1H-17    [000] ...2  1059.320763: sched_switch: prev_comm=kworker/0:1H prev_pid=17 prev_prio=100 prev_state=S ==> next_comm=mmcqd/1 next_pid=116 next_prio=120
         mmcqd/1-116   [000] ...2  1059.320773: sched_switch: prev_comm=mmcqd/1 prev_pid=116 prev_prio=120 prev_state=S ==> next_comm=main next_pid=6268 next_prio=120
            main-6268  [000] d..2  1059.320857: block_rq_insert: 179,0 R 0 () 4028368 + 104 [main]
            main-6268  [000] d..2  1059.320860: block_rq_insert: 179,0 R 0 () 4028480 + 32 [main]
            main-6268  [000] ...2  1059.320870: sched_switch: prev_comm=main prev_pid=6268 prev_prio=120 prev_state=D|W ==> next_comm=mmcqd/1 next_pid=116 next_prio=120
         mmcqd/1-116   [000] ...2  1059.320944: sched_switch: prev_comm=mmcqd/1 prev_pid=116 prev_prio=120 prev_state=S ==> next_comm=swapper/0 next_pid=0 next_prio=120
          <idle>-0     [000] ...2  1059.321725: sched_switch: prev_comm=swapper/0 prev_pid=0 prev_prio=120 prev_state=R ==> next_comm=mmcqd/1 next_pid=116 next_prio=120
         mmcqd/1-116   [000] ...1  1059.321771: block_rq_complete: 179,0 RA () 4028368 + 104 [0]
         mmcqd/1-116   [000] ...2  1059.321787: sched_switch: prev_comm=mmcqd/1 prev_pid=116 prev_prio=120 prev_state=S ==> next_comm=swapper/0 next_pid=0 next_prio=120
          <idle>-0     [000] ...2  1059.322093: sched_switch: prev_comm=swapper/0 prev_pid=0 prev_prio=120 prev_state=R ==> next_comm=mmcqd/1 next_pid=116 next_prio=120
         mmcqd/1-116   [000] ...1  1059.322109: block_rq_complete: 179,0 RA () 4028480 + 32 [0]
         mmcqd/1-116   [000] ...2  1059.322125: sched_switch: prev_comm=mmcqd/1 prev_pid=116 prev_prio=120 prev_state=R+ ==> next_comm=kworker/0:1H next_pid=17 next_prio=100
    kworker/0:1H-17    [000] ...2  1059.322132: sched_switch: prev_comm=kworker/0:1H prev_pid=17 prev_prio=100 prev_state=S ==> next_comm=mmcqd/1 next_pid=116 next_prio=120
         mmcqd/1-116   [000] ...2  1059.322142: sched_switch: prev_comm=mmcqd/1 prev_pid=116 prev_prio=120 prev_state=S ==> next_comm=main next_pid=6268 next_prio=120
          <idle>-0     [001] ...2  1059.322233: sched_switch: prev_comm=swapper/1 prev_pid=0 prev_prio=120 prev_state=R ==> next_comm=main next_pid=6281 next_prio=120
            main-6268  [000] ...2  1059.322267: sched_switch: prev_comm=main prev_pid=6268 prev_prio=120 prev_state=D ==> next_comm=swapper/0 next_pid=0 next_prio=120
          <idle>-0     [000] ...2  1059.322289: sched_switch: prev_comm=swapper/0 prev_pid=0 prev_prio=120 prev_state=R ==> next_comm=main next_pid=6268 next_prio=120
 FinalizerDaemon-6281  [001] ...2  1059.322298: sched_switch: prev_comm=main prev_pid=6281 prev_prio=120 prev_state=D ==> next_comm=swapper/1 next_pid=0 next_prio=120
          <idle>-0     [001] ...2  1059.322304: sched_switch: prev_comm=swapper/1 prev_pid=0 prev_prio=120 prev_state=R ==> next_comm=main next_pid=6281 next_prio=120
            main-6268  [000] ...2  1059.322458: sched_switch: prev_comm=main prev_pid=6268 prev_prio=120 prev_state=S ==> next_comm=swapper/0 next_pid=0 next_prio=120
          <idle>-0     [000] ...2  1059.322908: sched_switch: prev_comm=swapper/0 prev_pid=0 prev_prio=120 prev_state=R ==> next_comm=main next_pid=6268 next_prio=120
            main-6268  [000] ...2  1059.322935: sched_switch: prev_comm=main prev_pid=6268 prev_prio=120 prev_state=D ==> next_comm=swapper/0 next_pid=0 next_prio=120
          <idle>-0     [000] ...2  1059.322954: sched_switch: prev_comm=swapper/0 prev_pid=0 prev_prio=120 prev_state=R ==> next_comm=main next_pid=6268 next_prio=120
 FinalizerDaemon-6281  [001] ...2  1059.322960: sched_switch: prev_comm=FinalizerDaemon prev_pid=6281 prev_prio=120 prev_state=D ==> next_comm=swapper/1 next_pid=0 next_prio=120
          <idle>-0     [001] ...2  1059.322968: sched_switch: prev_comm=swapper/1 prev_pid=0 prev_prio=120 prev_state=R ==> next_comm=FinalizerDaemon next_pid=6281 next_prio=120
 FinalizerDaemon-6281  [001] ...2  1059.322992: sched_switch: prev_comm=FinalizerDaemon prev_pid=6281 prev_prio=120 prev_state=S ==> next_comm=swapper/1 next_pid=0 next_prio=120
          <idle>-0     [001] ...2  1059.323014: sched_switch: prev_comm=swapper/1 prev_pid=0 prev_prio=120 prev_state=R ==> next_comm=ksoftirqd/1 next_pid=6272 next_prio=120
     ksoftirqd/1-6272  [001] ...2  1059.323029: sched_switch: prev_comm=ksoftirqd/1 prev_pid=6272 prev_prio=120 prev_state=S ==> next_comm=swapper/1 next_pid=0 next_prio=120
          <idle>-0     [001] ...2  1059.323050: sched_switch: prev_comm=swapper/1 prev_pid=0 prev_prio=120 prev_state=R ==> next_comm=ksoftirqd/1 next_pid=6272 next_prio=120
     ksoftirqd/1-6272  [001] ...2  1059.323060: sched_switch: prev_comm=ksoftirqd/1 prev_pid=6272 prev_prio=120 prev_state=S ==> next_comm=swapper/1 next_pid=0 next_prio=120
          <idle>-0     [001] ...2  1059.323081: sched_switch: prev_comm=swapper/1 prev_pid=0 prev_prio=120 prev_state=R ==> next_comm=ksoftirqd/1 next_pid=6272 next_prio=120
     ksoftirqd/1-6272  [001] ...2  1059.323091: sched_switch: prev_comm=ksoftirqd/1 prev_pid=6272 prev_prio=120 prev_state=S ==> next_comm=swapper/1 next_pid=0 next_prio=120
          <idle>-0     [001] ...2  1059.323291: sched_switch: prev_comm=swapper/1 prev_pid=0 prev_prio=120 prev_state=R ==> next_comm=main next_pid=6283 next_prio=120
            main-6268  [000] ...2  1059.323496: sched_switch: prev_comm=main prev_pid=6268 prev_prio=120 prev_state=S ==> next_comm=main next_pid=6282 next_prio=120
 FinalizerWatchd-6282  [000] ...2  1059.323504: sched_switch: prev_comm=main prev_pid=6282 prev_prio=120 prev_state=D ==> next_comm=swapper/0 next_pid=0 next_prio=120
          <idle>-0     [000] ...2  1059.323514: sched_switch: prev_comm=swapper/0 prev_pid=0 prev_prio=120 prev_state=R ==> next_comm=main next_pid=6282 next_prio=120
 HeapTrimmerDaem-6283  [001] ...2  1059.323516: sched_switch: prev_comm=main prev_pid=6283 prev_prio=120 prev_state=D ==> next_comm=swapper/1 next_pid=0 next_prio=120
          <idle>-0     [001] ...2  1059.323527: sched_switch: prev_comm=swapper/1 prev_pid=0 prev_prio=120 prev_state=R ==> next_comm=main next_pid=6283 next_prio=120
 FinalizerWatchd-6282  [000] ...2  1059.323532: sched_switch: prev_comm=main prev_pid=6282 prev_prio=120 prev_state=S ==> next_comm=swapper/0 next_pid=0 next_prio=120
          <idle>-0     [000] ...2  1059.323986: sched_switch: prev_comm=swapper/0 prev_pid=0 prev_prio=120 prev_state=R ==> next_comm=main next_pid=6268 next_prio=120
 HeapTrimmerDaem-6283  [001] ...2  1059.324019: sched_switch: prev_comm=HeapTrimmerDaem prev_pid=6283 prev_prio=120 prev_state=D ==> next_comm=swapper/1 next_pid=0 next_prio=120
            main-6268  [000] ...2  1059.324025: sched_switch: prev_comm=main prev_pid=6268 prev_prio=120 prev_state=D ==> next_comm=main next_pid=6282 next_prio=120
          <idle>-0     [001] ...2  1059.324026: sched_switch: prev_comm=swapper/1 prev_pid=0 prev_prio=120 prev_state=R ==> next_comm=HeapTrimmerDaem next_pid=6283 next_prio=120
 FinalizerWatchd-6282  [000] ...2  1059.324037: sched_switch: prev_comm=main prev_pid=6282 prev_prio=120 prev_state=D ==> next_comm=swapper/0 next_pid=0 next_prio=120
          <idle>-0     [000] ...2  1059.324047: sched_switch: prev_comm=swapper/0 prev_pid=0 prev_prio=120 prev_state=R ==> next_comm=main next_pid=6268 next_prio=120
 HeapTrimmerDaem-6283  [001] ...2  1059.324050: sched_switch: prev_comm=HeapTrimmerDaem prev_pid=6283 prev_prio=120 prev_state=D ==> next_comm=swapper/1 next_pid=0 next_prio=120
            main-6268  [000] ...2  1059.324060: sched_switch: prev_comm=main prev_pid=6268 prev_prio=120 prev_state=D ==> next_comm=main next_pid=6282 next_prio=120
 FinalizerWatchd-6282  [000] ...2  1059.324070: sched_switch: prev_comm=main prev_pid=6282 prev_prio=120 prev_state=R+ ==> next_comm=main next_pid=6268 next_prio=120
          <idle>-0     [001] ...2  1059.324075: sched_switch: prev_comm=swapper/1 prev_pid=0 prev_prio=120 prev_state=R ==> next_comm=HeapTrimmerDaem next_pid=6283 next_prio=120
 HeapTrimmerDaem-6283  [001] ...2  1059.324091: sched_switch: prev_comm=HeapTrimmerDaem prev_pid=6283 prev_prio=120 prev_state=S ==> next_comm=swapper/1 next_pid=0 next_prio=120
          <idle>-0     [001] ...2  1059.324098: sched_switch: prev_comm=swapper/1 prev_pid=0 prev_prio=120 prev_state=R ==> next_comm=main next_pid=6284 next_prio=120
            main-6268  [000] ...2  1059.324120: sched_switch: prev_comm=main prev_pid=6268 prev_prio=120 prev_state=D ==> next_comm=main next_pid=6282 next_prio=120
 FinalizerWatchd-6282  [000] ...2  1059.324126: sched_switch: prev_comm=main prev_pid=6282 prev_prio=120 prev_state=D ==> next_comm=swapper/0 next_pid=0 next_prio=120
          <idle>-0     [000] ...2  1059.324156: sched_switch: prev_comm=swapper/0 prev_pid=0 prev_prio=120 prev_state=R ==> next_comm=main next_pid=6268 next_prio=120
        GCDaemon-6284  [001] ...2  1059.324170: sched_switch: prev_comm=main prev_pid=6284 prev_prio=120 prev_state=S ==> next_comm=swapper/1 next_pid=0 next_prio=120
            main-6268  [000] d..2  1059.324337: block_rq_insert: 179,0 R 0 () 4008360 + 48 [main]
            main-6268  [000] d..2  1059.324340: block_rq_insert: 179,0 R 0 () 4008432 + 16 [main]
            main-6268  [000] d..2  1059.324342: block_rq_insert: 179,0 R 0 () 4008456 + 8 [main]
            main-6268  [000] d..2  1059.324343: block_rq_insert: 179,0 R 0 () 4008536 + 16 [main]
            main-6268  [000] ...2  1059.324356: sched_switch: prev_comm=main prev_pid=6268 prev_prio=120 prev_state=D|W ==> next_comm=mmcqd/1 next_pid=116 next_prio=120
         mmcqd/1-116   [000] ...2  1059.324406: sched_switch: prev_comm=mmcqd/1 prev_pid=116 prev_prio=120 prev_state=S ==> next_comm=main next_pid=6282 next_prio=120
 FinalizerWatchd-6282  [000] ...2  1059.324698: sched_switch: prev_comm=main prev_pid=6282 prev_prio=120 prev_state=R+ ==> next_comm=mmcqd/1 next_pid=116 next_prio=120
         mmcqd/1-116   [000] ...1  1059.324728: block_rq_complete: 179,0 RA () 4008536 + 16 [0]
         mmcqd/1-116   [000] ...2  1059.324749: sched_switch: prev_comm=mmcqd/1 prev_pid=116 prev_prio=120 prev_state=S ==> next_comm=main next_pid=6282 next_prio=120
          <idle>-0     [001] ...2  1059.324851: sched_switch: prev_comm=swapper/1 prev_pid=0 prev_prio=120 prev_state=R ==> next_comm=main next_pid=6284 next_prio=120
        GCDaemon-6284  [001] ...2  1059.324871: sched_switch: prev_comm=main prev_pid=6284 prev_prio=120 prev_state=D ==> next_comm=swapper/1 next_pid=0 next_prio=120
          <idle>-0     [001] ...2  1059.324877: sched_switch: prev_comm=swapper/1 prev_pid=0 prev_prio=120 prev_state=R ==> next_comm=main next_pid=6284 next_prio=120
 FinalizerWatchd-6282  [000] ...2  1059.324878: sched_switch: prev_comm=FinalizerWatchd prev_pid=6282 prev_prio=120 prev_state=D ==> next_comm=swapper/0 next_pid=0 next_prio=120
          <idle>-0     [000] ...2  1059.324895: sched_switch: prev_comm=swapper/0 prev_pid=0 prev_prio=120 prev_state=R ==> next_comm=ksoftirqd/0 next_pid=3 next_prio=120
     ksoftirqd/0-3     [000] ...2  1059.324902: sched_switch: prev_comm=ksoftirqd/0 prev_pid=3 prev_prio=120 prev_state=S ==> next_comm=FinalizerWatchd next_pid=6282 next_prio=120
 FinalizerWatchd-6282  [000] ...2  1059.324911: sched_switch: prev_comm=FinalizerWatchd prev_pid=6282 prev_prio=120 prev_state=S ==> next_comm=swapper/0 next_pid=0 next_prio=120
          <idle>-0     [000] ...2  1059.324924: sched_switch: prev_comm=swapper/0 prev_pid=0 prev_prio=120 prev_state=R ==> next_comm=ksoftirqd/0 next_pid=3 next_prio=120
     ksoftirqd/0-3     [000] ...2  1059.324930: sched_switch: prev_comm=ksoftirqd/0 prev_pid=3 prev_prio=120 prev_state=S ==> next_comm=swapper/0 next_pid=0 next_prio=120
          <idle>-0     [000] ...2  1059.324958: sched_switch: prev_comm=swapper/0 prev_pid=0 prev_prio=120 prev_state=R ==> next_comm=ksoftirqd/0 next_pid=3 next_prio=120
     ksoftirqd/0-3     [000] ...2  1059.324963: sched_switch: prev_comm=ksoftirqd/0 prev_pid=3 prev_prio=120 prev_state=S ==> next_comm=mmcqd/1 next_pid=116 next_prio=120
         mmcqd/1-116   [000] ...1  1059.324987: block_rq_complete: 179,0 RA () 4008456 + 8 [0]
         mmcqd/1-116   [000] ...2  1059.325017: sched_switch: prev_comm=mmcqd/1 prev_pid=116 prev_prio=120 prev_state=S ==> next_comm=main next_pid=6268 next_prio=120
            main-6268  [000] ...2  1059.325033: sched_switch: prev_comm=main prev_pid=6268 prev_prio=120 prev_state=D|W ==> next_comm=swapper/0 next_pid=0 next_prio=120
          <idle>-0     [000] ...2  1059.325299: sched_switch: prev_comm=swapper/0 prev_pid=0 prev_prio=120 prev_state=R ==> next_comm=mmcqd/1 next_pid=116 next_prio=120
         mmcqd/1-116   [000] ...1  1059.325324: block_rq_complete: 179,0 RA () 4008432 + 16 [0]
         mmcqd/1-116   [000] ...2  1059.325340: sched_switch: prev_comm=mmcqd/1 prev_pid=116 prev_prio=120 prev_state=S ==> next_comm=main next_pid=6268 next_prio=120
            main-6268  [000] ...2  1059.325428: sched_switch: prev_comm=main prev_pid=6268 prev_prio=120 prev_state=D ==> next_comm=swapper/0 next_pid=0 next_prio=120
          <idle>-0     [000] ...2  1059.325457: sched_switch: prev_comm=swapper/0 prev_pid=0 prev_prio=120 prev_state=R ==> next_comm=main next_pid=6268 next_prio=120
        GCDaemon-6284  [001] ...2  1059.325528: sched_switch: prev_comm=GCDaemon prev_pid=6284 prev_prio=120 prev_state=S ==> next_comm=swapper/1 next_pid=0 next_prio=120
            main-6268  [000] d..2  1059.325644: block_rq_insert: 179,0 R 0 () 4079784 + 8 [main]
            main-6268  [000] d..2  1059.325647: block_rq_insert: 179,0 R 0 () 4079880 + 40 [main]
            main-6268  [000] ...2  1059.325659: sched_switch: prev_comm=main prev_pid=6268 prev_prio=120 prev_state=D|W ==> next_comm=mmcqd/1 next_pid=116 next_prio=120
         mmcqd/1-116   [000] ...2  1059.325675: sched_switch: prev_comm=mmcqd/1 prev_pid=116 prev_prio=120 prev_state=S ==> next_comm=swapper/0 next_pid=0 next_prio=120
          <idle>-0     [000] ...2  1059.325800: sched_switch: prev_comm=swapper/0 prev_pid=0 prev_prio=120 prev_state=R ==> next_comm=mmcqd/1 next_pid=116 next_prio=120
         mmcqd/1-116   [000] ...1  1059.325835: block_rq_complete: 179,0 RA () 4008360 + 48 [0]
         mmcqd/1-116   [000] ...2  1059.325866: sched_switch: prev_comm=mmcqd/1 prev_pid=116 prev_prio=120 prev_state=S ==> next_comm=swapper/0 next_pid=0 next_prio=120
          <idle>-0     [000] ...2  1059.326057: sched_switch: prev_comm=swapper/0 prev_pid=0 prev_prio=120 prev_state=R ==> next_comm=mmcqd/1 next_pid=116 next_prio=120
         mmcqd/1-116   [000] ...1  1059.326082: block_rq_complete: 179,0 RA () 4079784 + 8 [0]
         mmcqd/1-116   [000] ...2  1059.326093: sched_switch: prev_comm=mmcqd/1 prev_pid=116 prev_prio=120 prev_state=S ==> next_comm=swapper/0 next_pid=0 next_prio=120
          <idle>-0     [000] ...2  1059.326527: sched_switch: prev_comm=swapper/0 prev_pid=0 prev_prio=120 prev_state=R ==> next_comm=mmcqd/1 next_pid=116 next_prio=120
         mmcqd/1-116   [000] ...1  1059.326543: block_rq_complete: 179,0 RA () 4079880 + 40 [0]
         mmcqd/1-116   [000] ...2  1059.326562: sched_switch: prev_comm=mmcqd/1 prev_pid=116 prev_prio=120 prev_state=R+ ==> next_comm=kworker/0:1H next_pid=17 next_prio=100
    kworker/0:1H-17    [000] ...2  1059.326570: sched_switch: prev_comm=kworker/0:1H prev_pid=17 prev_prio=100 prev_state=S ==> next_comm=mmcqd/1 next_pid=116 next_prio=120
         mmcqd/1-116   [000] ...2  1059.326580: sched_switch: prev_comm=mmcqd/1 prev_pid=116 prev_prio=120 prev_state=S ==> next_comm=main next_pid=6268 next_prio=120
            main-6268  [000] d..2  1059.327840: block_rq_insert: 179,0 R 0 () 4084016 + 8 [main]
            main-6268  [000] d..2  1059.327844: block_rq_insert: 179,0 R 0 () 4084104 + 8 [main]
            main-6268  [000] d..2  1059.327846: block_rq_insert: 179,0 R 0 () 4084128 + 8 [main]
            main-6268  [000] ...2  1059.327860: sched_switch: prev_comm=main prev_pid=6268 prev_prio=120 prev_state=D|W ==> next_comm=mmcqd/1 next_pid=116 next_prio=120
         mmcqd/1-116   [000] ...2  1059.327913: sched_switch: prev_comm=mmcqd/1 prev_pid=116 prev_prio=120 prev_state=S ==> next_comm=swapper/0 next_pid=0 next_prio=120
          <idle>-0     [000] ...2  1059.328143: sched_switch: prev_comm=swapper/0 prev_pid=0 prev_prio=120 prev_state=R ==> next_comm=mmcqd/1 next_pid=116 next_prio=120
         mmcqd/1-116   [000] ...1  1059.328169: block_rq_complete: 179,0 RA () 4084016 + 8 [0]
         mmcqd/1-116   [000] ...2  1059.328189: sched_switch: prev_comm=mmcqd/1 prev_pid=116 prev_prio=120 prev_state=S ==> next_comm=swapper/0 next_pid=0 next_prio=120
          <idle>-0     [000] ...2  1059.328410: sched_switch: prev_comm=swapper/0 prev_pid=0 prev_prio=120 prev_state=R ==> next_comm=mmcqd/1 next_pid=116 next_prio=120
         mmcqd/1-116   [000] ...1  1059.328436: block_rq_complete: 179,0 RA () 4084104 + 8 [0]
         mmcqd/1-116   [000] ...2  1059.328451: sched_switch: prev_comm=mmcqd/1 prev_pid=116 prev_prio=120 prev_state=S ==> next_comm=main next_pid=6268 next_prio=120
          <idle>-0     [001] ...2  1059.328939: sched_switch: prev_comm=swapper/1 prev_pid=0 prev_prio=120 prev_state=R ==> next_comm=ksoftirqd/1 next_pid=6272 next_prio=120
     ksoftirqd/1-6272  [001] ...2  1059.328958: sched_switch: prev_comm=ksoftirqd/1 prev_pid=6272 prev_prio=120 prev_state=S ==> next_comm=swapper/1 next_pid=0 next_prio=120
          <idle>-0     [001] ...2  1059.328981: sched_switch: prev_comm=swapper/1 prev_pid=0 prev_prio=120 prev_state=R ==> next_comm=ksoftirqd/1 next_pid=6272 next_prio=120
     ksoftirqd/1-6272  [001] ...2  1059.328997: sched_switch: prev_comm=ksoftirqd/1 prev_pid=6272 prev_prio=120 prev_state=S ==> next_comm=swapper/1 next_pid=0 next_prio=120
          <idle>-0     [001] ...2  1059.329018: sched_switch: prev_comm=swapper/1 prev_pid=0 prev_prio=120 prev_state=R ==> next_comm=ksoftirqd/1 next_pid=6272 next_prio=120
     ksoftirqd/1-6272  [001] ...2  1059.329034: sched_switch: prev_comm=ksoftirqd/1 prev_pid=6272 prev_prio=120 prev_state=S ==> next_comm=swapper/1 next_pid=0 next_prio=120
            main-6268  [000] d..2  1059.329789: block_rq_insert: 179,0 R 0 () 4086360 + 56 [main]
            main-6268  [000] d..2  1059.329792: block_rq_insert: 179,0 R 0 () 4086424 + 72 [main]
            main-6268  [000] d..2  1059.329793: block_rq_insert: 179,0 R 0 () 4086528 + 32 [main]
            main-6268  [000] ...2  1059.329802: sched_switch: prev_comm=main prev_pid=6268 prev_prio=120 prev_state=D|W ==> next_comm=mmcqd/1 next_pid=116 next_prio=120
         mmcqd/1-116   [000] ...1  1059.329813: block_rq_complete: 179,0 RA () 4084128 + 8 [0]
         mmcqd/1-116   [000] ...2  1059.329828: sched_switch: prev_comm=mmcqd/1 prev_pid=116 prev_prio=120 prev_state=R+ ==> next_comm=kworker/0:1H next_pid=17 next_prio=100
    kworker/0:1H-17    [000] ...2  1059.329835: sched_switch: prev_comm=kworker/0:1H prev_pid=17 prev_prio=100 prev_state=S ==> next_comm=mmcqd/1 next_pid=116 next_prio=120
         mmcqd/1-116   [000] ...2  1059.329914: sched_switch: prev_comm=mmcqd/1 prev_pid=116 prev_prio=120 prev_state=S ==> next_comm=swapper/0 next_pid=0 next_prio=120
          <idle>-0     [000] ...2  1059.329933: sched_switch: prev_comm=swapper/0 prev_pid=0 prev_prio=120 prev_state=R ==> next_comm=ksoftirqd/0 next_pid=3 next_prio=120
     ksoftirqd/0-3     [000] ...2  1059.329942: sched_switch: prev_comm=ksoftirqd/0 prev_pid=3 prev_prio=120 prev_state=S ==> next_comm=swapper/0 next_pid=0 next_prio=120
          <idle>-0     [000] ...2  1059.330402: sched_switch: prev_comm=swapper/0 prev_pid=0 prev_prio=120 prev_state=R ==> next_comm=mmcqd/1 next_pid=116 next_prio=120
         mmcqd/1-116   [000] ...1  1059.330438: block_rq_complete: 179,0 RA () 4086360 + 56 [0]
         mmcqd/1-116   [000] ...2  1059.330464: sched_switch: prev_comm=mmcqd/1 prev_pid=116 prev_prio=120 prev_state=S ==> next_comm=swapper/0 next_pid=0 next_prio=120
          <idle>-0     [000] ...2  1059.330973: sched_switch: prev_comm=swapper/0 prev_pid=0 prev_prio=120 prev_state=R ==> next_comm=mmcqd/1 next_pid=116 next_prio=120
         mmcqd/1-116   [000] ...1  1059.331013: block_rq_complete: 179,0 RA () 4086424 + 72 [0]
         mmcqd/1-116   [000] ...2  1059.331030: sched_switch: prev_comm=mmcqd/1 prev_pid=116 prev_prio=120 prev_state=S ==> next_comm=main next_pid=6268 next_prio=120
            main-6268  [000] ...2  1059.331329: sched_switch: prev_comm=main prev_pid=6268 prev_prio=120 prev_state=R ==> next_comm=mmcqd/1 next_pid=116 next_prio=120
         mmcqd/1-116   [000] ...1  1059.331344: block_rq_complete: 179,0 RA () 4086528 + 32 [0]
         mmcqd/1-116   [000] ...2  1059.331358: sched_switch: prev_comm=mmcqd/1 prev_pid=116 prev_prio=120 prev_state=R+ ==> next_comm=kworker/0:1H next_pid=17 next_prio=100
    kworker/0:1H-17    [000] ...2  1059.331365: sched_switch: prev_comm=kworker/0:1H prev_pid=17 prev_prio=100 prev_state=S ==> next_comm=mmcqd/1 next_pid=116 next_prio=120
         mmcqd/1-116   [000] ...2  1059.331375: sched_switch: prev_comm=mmcqd/1 prev_pid=116 prev_prio=120 prev_state=S ==> next_comm=main next_pid=6268 next_prio=120
            main-6268  [000] d..2  1059.333043: block_rq_insert: 179,0 R 0 () 4078456 + 40 [main]
            main-6268  [000] d..2  1059.333047: block_rq_insert: 179,0 R 0 () 4078544 + 88 [main]
            main-6268  [000] d..2  1059.333049: block_rq_insert: 179,0 R 0 () 4078640 + 56 [main]
            main-6268  [000] ...2  1059.333061: sched_switch: prev_comm=main prev_pid=6268 prev_prio=120 prev_state=R+ ==> next_comm=mmcqd/1 next_pid=116 next_prio=120
         mmcqd/1-116   [000] ...2  1059.333142: sched_switch: prev_comm=mmcqd/1 prev_pid=116 prev_prio=120 prev_state=S ==> next_comm=main next_pid=6268 next_prio=120
            main-6268  [000] ...2  1059.333148: sched_switch: prev_comm=main prev_pid=6268 prev_prio=120 prev_state=D|W ==> next_comm=swapper/0 next_pid=0 next_prio=120
          <idle>-0     [000] ...2  1059.333618: sched_switch: prev_comm=swapper/0 prev_pid=0 prev_prio=120 prev_state=R ==> next_comm=mmcqd/1 next_pid=116 next_prio=120
         mmcqd/1-116   [000] ...1  1059.333655: block_rq_complete: 179,0 RA () 4078640 + 56 [0]
         mmcqd/1-116   [000] ...2  1059.333684: sched_switch: prev_comm=mmcqd/1 prev_pid=116 prev_prio=120 prev_state=S ==> next_comm=swapper/0 next_pid=0 next_prio=120
