         mmcqd/1-116   [000] ...2  1071.694625: sched_switch: prev_comm=mmcqd/1 prev_pid=116 prev_prio=120 prev_state=R+ ==> next_comm=kworker/0:1H next_pid=17 next_prio=100
    kworker/0:1H-17    [000] ...2  1071.694634: sched_switch: prev_comm=kworker/0:1H prev_pid=17 prev_prio=100 prev_state=S ==> next_comm=mmcqd/1 next_pid=116 next_prio=120
         mmcqd/1-116   [000] ...2  1071.694647: sched_switch: prev_comm=mmcqd/1 prev_pid=116 prev_prio=120 prev_state=S ==> next_comm=main next_pid=6330 next_prio=120
            main-6330  [000] ...2  1071.698909: sched_switch: prev_comm=main prev_pid=6330 prev_prio=120 prev_state=R ==> next_comm=kworker/0:1H next_pid=17 next_prio=100
    kworker/0:1H-17    [000] ...2  1071.698930: sched_switch: prev_comm=kworker/0:1H prev_pid=17 prev_prio=100 prev_state=S ==> next_comm=main next_pid=6330 next_prio=120
            main-6330  [000] d..2  1071.705933: block_rq_insert: 179,0 R 0 () 802944 + 32 [main]
            main-6330  [000] ...2  1071.705948: sched_switch: prev_comm=main prev_pid=6330 prev_prio=120 prev_state=R+ ==> next_comm=mmcqd/1 next_pid=116 next_prio=120
         mmcqd/1-116   [000] ...2  1071.706011: sched_switch: prev_comm=mmcqd/1 prev_pid=116 prev_prio=120 prev_state=S ==> next_comm=main next_pid=6330 next_prio=120
            main-6330  [000] ...2  1071.706018: sched_switch: prev_comm=main prev_pid=6330 prev_prio=120 prev_state=D|W ==> next_comm=swapper/0 next_pid=0 next_prio=120
          <idle>-0     [000] ...2  1071.706039: sched_switch: prev_comm=swapper/0 prev_pid=0 prev_prio=120 prev_state=R ==> next_comm=ksoftirqd/0 next_pid=3 next_prio=120
     ksoftirqd/0-3     [000] ...2  1071.706049: sched_switch: prev_comm=ksoftirqd/0 prev_pid=3 prev_prio=120 prev_state=S ==> next_comm=swapper/0 next_pid=0 next_prio=120
          <idle>-0     [000] ...2  1071.706068: sched_switch: prev_comm=swapper/0 prev_pid=0 prev_prio=120 prev_state=R ==> next_comm=ksoftirqd/0 next_pid=3 next_prio=120
     ksoftirqd/0-3     [000] ...2  1071.706076: sched_switch: prev_comm=ksoftirqd/0 prev_pid=3 prev_prio=120 prev_state=S ==> next_comm=swapper/0 next_pid=0 next_prio=120
          <idle>-0     [000] ...2  1071.706092: sched_switch: prev_comm=swapper/0 prev_pid=0 prev_prio=120 prev_state=R ==> next_comm=ksoftirqd/0 next_pid=3 next_prio=120
     ksoftirqd/0-3     [000] ...2  1071.706101: sched_switch: prev_comm=ksoftirqd/0 prev_pid=3 prev_prio=120 prev_state=S ==> next_comm=swapper/0 next_pid=0 next_prio=120
          <idle>-0     [000] ...2  1071.706486: sched_switch: prev_comm=swapper/0 prev_pid=0 prev_prio=120 prev_state=R ==> next_comm=mmcqd/1 next_pid=116 next_prio=120
         mmcqd/1-116   [000] ...1  1071.706508: block_rq_complete: 179,0 RA () 802944 + 32 [0]
         mmcqd/1-116   [000] ...2  1071.706532: sched_switch: prev_comm=mmcqd/1 prev_pid=116 prev_prio=120 prev_state=R+ ==> next_comm=kworker/0:1H next_pid=17 next_prio=100
    kworker/0:1H-17    [000] ...2  1071.706541: sched_switch: prev_comm=kworker/0:1H prev_pid=17 prev_prio=100 prev_state=S ==> next_comm=mmcqd/1 next_pid=116 next_prio=120
         mmcqd/1-116   [000] ...2  1071.706553: sched_switch: prev_comm=mmcqd/1 prev_pid=116 prev_prio=120 prev_state=S ==> next_comm=main next_pid=6330 next_prio=120
            main-6330  [000] d..2  1071.706593: block_rq_insert: 179,0 R 0 () 802976 + 16 [main]
            main-6330  [000] ...2  1071.706604: sched_switch: prev_comm=main prev_pid=6330 prev_prio=120 prev_state=R+ ==> next_comm=mmcqd/1 next_pid=116 next_prio=120
         mmcqd/1-116   [000] ...2  1071.706655: sched_switch: prev_comm=mmcqd/1 prev_pid=116 prev_prio=120 prev_state=S ==> next_comm=main next_pid=6330 next_prio=120
            main-6330  [000] ...2  1071.706692: sched_switch: prev_comm=main prev_pid=6330 prev_prio=120 prev_state=D|W ==> next_comm=swapper/0 next_pid=0 next_prio=120
          <idle>-0     [000] ...2  1071.706931: sched_switch: prev_comm=swapper/0 prev_pid=0 prev_prio=120 prev_state=R ==> next_comm=mmcqd/1 next_pid=116 next_prio=120
         mmcqd/1-116   [000] ...1  1071.706947: block_rq_complete: 179,0 RA () 802976 + 16 [0]
         mmcqd/1-116   [000] ...2  1071.706968: sched_switch: prev_comm=mmcqd/1 prev_pid=116 prev_prio=120 prev_state=R+ ==> next_comm=kworker/0:1H next_pid=17 next_prio=100
    kworker/0:1H-17    [000] ...2  1071.706976: sched_switch: prev_comm=kworker/0:1H prev_pid=17 prev_prio=100 prev_state=S ==> next_comm=mmcqd/1 next_pid=116 next_prio=120
         mmcqd/1-116   [000] ...2  1071.706988: sched_switch: prev_comm=mmcqd/1 prev_pid=116 prev_prio=120 prev_state=S ==> next_comm=main next_pid=6330 next_prio=120
            main-6330  [000] d..2  1071.707312: block_rq_insert: 179,0 R 0 () 3984384 + 256 [main]
            main-6330  [000] ...2  1071.707325: sched_switch: prev_comm=main prev_pid=6330 prev_prio=120 prev_state=R+ ==> next_comm=mmcqd/1 next_pid=116 next_prio=120
         mmcqd/1-116   [000] ...2  1071.707462: sched_switch: prev_comm=mmcqd/1 prev_pid=116 prev_prio=120 prev_state=S ==> next_comm=main next_pid=6330 next_prio=120
            main-6330  [000] ...2  1071.707469: sched_switch: prev_comm=main prev_pid=6330 prev_prio=120 prev_state=D|W ==> next_comm=swapper/0 next_pid=0 next_prio=120
          <idle>-0     [000] ...2  1071.707487: sched_switch: prev_comm=swapper/0 prev_pid=0 prev_prio=120 prev_state=R ==> next_comm=ksoftirqd/0 next_pid=3 next_prio=120
     ksoftirqd/0-3     [000] ...2  1071.707495: sched_switch: prev_comm=ksoftirqd/0 prev_pid=3 prev_prio=120 prev_state=S ==> next_comm=swapper/0 next_pid=0 next_prio=120
          <idle>-0     [000] ...2  1071.707513: sched_switch: prev_comm=swapper/0 prev_pid=0 prev_prio=120 prev_state=R ==> next_comm=ksoftirqd/0 next_pid=3 next_prio=120
     ksoftirqd/0-3     [000] ...2  1071.707521: sched_switch: prev_comm=ksoftirqd/0 prev_pid=3 prev_prio=120 prev_state=S ==> next_comm=swapper/0 next_pid=0 next_prio=120
          <idle>-0     [000] ...2  1071.707536: sched_switch: prev_comm=swapper/0 prev_pid=0 prev_prio=120 prev_state=R ==> next_comm=ksoftirqd/0 next_pid=3 next_prio=120
     ksoftirqd/0-3     [000] ...2  1071.707544: sched_switch: prev_comm=ksoftirqd/0 prev_pid=3 prev_prio=120 prev_state=S ==> next_comm=swapper/0 next_pid=0 next_prio=120
          <idle>-0     [000] ...2  1071.708872: sched_switch: prev_comm=swapper/0 prev_pid=0 prev_prio=120 prev_state=R ==> next_comm=mmcqd/1 next_pid=116 next_prio=120
         mmcqd/1-116   [000] ...1  1071.708981: block_rq_complete: 179,0 RA () 3984384 + 256 [0]
         mmcqd/1-116   [000] ...2  1071.709016: sched_switch: prev_comm=mmcqd/1 prev_pid=116 prev_prio=120 prev_state=R+ ==> next_comm=kworker/0:1H next_pid=17 next_prio=100
    kworker/0:1H-17    [000] ...2  1071.709026: sched_switch: prev_comm=kworker/0:1H prev_pid=17 prev_prio=100 prev_state=S ==> next_comm=mmcqd/1 next_pid=116 next_prio=120
         mmcqd/1-116   [000] ...2  1071.709037: sched_switch: prev_comm=mmcqd/1 prev_pid=116 prev_prio=120 prev_state=S ==> next_comm=main next_pid=6330 next_prio=120
            main-6330  [000] d..2  1071.709281: block_rq_insert: 179,0 R 0 () 3984640 + 16 [main]
            main-6330  [000] ...2  1071.709292: sched_switch: prev_comm=main prev_pid=6330 prev_prio=120 prev_state=R+ ==> next_comm=mmcqd/1 next_pid=116 next_prio=120
         mmcqd/1-116   [000] ...2  1071.709343: sched_switch: prev_comm=mmcqd/1 prev_pid=116 prev_prio=120 prev_state=S ==> next_comm=main next_pid=6330 next_prio=120
            main-6330  [000] ...2  1071.709352: sched_switch: prev_comm=main prev_pid=6330 prev_prio=120 prev_state=D|W ==> next_comm=swapper/0 next_pid=0 next_prio=120
          <idle>-0     [000] ...2  1071.709368: sched_switch: prev_comm=swapper/0 prev_pid=0 prev_prio=120 prev_state=R ==> next_comm=ksoftirqd/0 next_pid=3 next_prio=120
     ksoftirqd/0-3     [000] ...2  1071.709379: sched_switch: prev_comm=ksoftirqd/0 prev_pid=3 prev_prio=120 prev_state=S ==> next_comm=swapper/0 next_pid=0 next_prio=120
          <idle>-0     [000] ...2  1071.709396: sched_switch: prev_comm=swapper/0 prev_pid=0 prev_prio=120 prev_state=R ==> next_comm=ksoftirqd/0 next_pid=3 next_prio=120
     ksoftirqd/0-3     [000] ...2  1071.709406: sched_switch: prev_comm=ksoftirqd/0 prev_pid=3 prev_prio=120 prev_state=S ==> next_comm=swapper/0 next_pid=0 next_prio=120
          <idle>-0     [000] ...2  1071.709421: sched_switch: prev_comm=swapper/0 prev_pid=0 prev_prio=120 prev_state=R ==> next_comm=ksoftirqd/0 next_pid=3 next_prio=120
     ksoftirqd/0-3     [000] ...2  1071.709432: sched_switch: prev_comm=ksoftirqd/0 prev_pid=3 prev_prio=120 prev_state=S ==> next_comm=swapper/0 next_pid=0 next_prio=120
          <idle>-0     [000] ...2  1071.709589: sched_switch: prev_comm=swapper/0 prev_pid=0 prev_prio=120 prev_state=R ==> next_comm=mmcqd/1 next_pid=116 next_prio=120
         mmcqd/1-116   [000] ...1  1071.709605: block_rq_complete: 179,0 RA () 3984640 + 16 [0]
         mmcqd/1-116   [000] ...2  1071.709625: sched_switch: prev_comm=mmcqd/1 prev_pid=116 prev_prio=120 prev_state=R+ ==> next_comm=kworker/0:1H next_pid=17 next_prio=100
    kworker/0:1H-17    [000] ...2  1071.709633: sched_switch: prev_comm=kworker/0:1H prev_pid=17 prev_prio=100 prev_state=S ==> next_comm=mmcqd/1 next_pid=116 next_prio=120
         mmcqd/1-116   [000] ...2  1071.709645: sched_switch: prev_comm=mmcqd/1 prev_pid=116 prev_prio=120 prev_state=S ==> next_comm=main next_pid=6330 next_prio=120
          <idle>-0     [001] ...2  1071.710380: sched_switch: prev_comm=swapper/1 prev_pid=0 prev_prio=120 prev_state=R ==> next_comm=main next_pid=6335 next_prio=120
            main-6330  [000] ...2  1071.710504: sched_switch: prev_comm=main prev_pid=6330 prev_prio=120 prev_state=S ==> next_comm=main next_pid=6336 next_prio=120
 Heap thread poo-6335  [001] ...2  1071.710511: sched_switch: prev_comm=main prev_pid=6335 prev_prio=120 prev_state=R+ ==> next_comm=main next_pid=6337 next_prio=120
 Heap thread poo-6336  [000] ...2  1071.710517: sched_switch: prev_comm=main prev_pid=6336 prev_prio=120 prev_state=D ==> next_comm=swapper/0 next_pid=0 next_prio=120
          <idle>-0     [000] ...2  1071.710531: sched_switch: prev_comm=swapper/0 prev_pid=0 prev_prio=120 prev_state=R ==> next_comm=ksoftirqd/0 next_pid=3 next_prio=120
     ksoftirqd/0-3     [000] ...2  1071.710541: sched_switch: prev_comm=ksoftirqd/0 prev_pid=3 prev_prio=120 prev_state=S ==> next_comm=swapper/0 next_pid=0 next_prio=120
 Heap thread poo-6337  [001] ...2  1071.710545: sched_switch: prev_comm=main prev_pid=6337 prev_prio=120 prev_state=D ==> next_comm=main next_pid=6335 next_prio=120
          <idle>-0     [000] ...2  1071.710554: sched_switch: prev_comm=swapper/0 prev_pid=0 prev_prio=120 prev_state=R ==> next_comm=ksoftirqd/0 next_pid=3 next_prio=120
     ksoftirqd/0-3     [000] ...2  1071.710561: sched_switch: prev_comm=ksoftirqd/0 prev_pid=3 prev_prio=120 prev_state=S ==> next_comm=swapper/0 next_pid=0 next_prio=120
          <idle>-0     [000] ...2  1071.710584: sched_switch: prev_comm=swapper/0 prev_pid=0 prev_prio=120 prev_state=R ==> next_comm=ksoftirqd/0 next_pid=3 next_prio=120
     ksoftirqd/0-3     [000] ...2  1071.710590: sched_switch: prev_comm=ksoftirqd/0 prev_pid=3 prev_prio=120 prev_state=S ==> next_comm=main next_pid=6336 next_prio=120
 Heap thread poo-6335  [001] ...2  1071.710619: sched_switch: prev_comm=main prev_pid=6335 prev_prio=120 prev_state=D ==> next_comm=main next_pid=6337 next_prio=120
 Heap thread poo-6336  [000] ...2  1071.710642: sched_switch: prev_comm=main prev_pid=6336 prev_prio=120 prev_state=D ==> next_comm=swapper/0 next_pid=0 next_prio=120
          <idle>-0     [000] ...2  1071.710677: sched_switch: prev_comm=swapper/0 prev_pid=0 prev_prio=120 prev_state=R ==> next_comm=main next_pid=6336 next_prio=120
 Heap thread poo-6337  [001] ...2  1071.710704: sched_switch: prev_comm=main prev_pid=6337 prev_prio=120 prev_state=S ==> next_comm=main next_pid=6335 next_prio=120
 Heap thread poo-6336  [000] ...2  1071.710727: sched_switch: prev_comm=main prev_pid=6336 prev_prio=120 prev_state=S ==> next_comm=swapper/0 next_pid=0 next_prio=120
          <idle>-0     [000] ...2  1071.710904: sched_switch: prev_comm=swapper/0 prev_pid=0 prev_prio=120 prev_state=R ==> next_comm=main next_pid=6336 next_prio=120
 Heap thread poo-6336  [000] ...2  1071.710933: sched_switch: prev_comm=main prev_pid=6336 prev_prio=120 prev_state=D ==> next_comm=swapper/0 next_pid=0 next_prio=120
          <idle>-0     [000] ...2  1071.710965: sched_switch: prev_comm=swapper/0 prev_pid=0 prev_prio=120 prev_state=R ==> next_comm=main next_pid=6336 next_prio=120
 Heap thread poo-6336  [000] ...2  1071.710980: sched_switch: prev_comm=main prev_pid=6336 prev_prio=120 prev_state=D ==> next_comm=swapper/0 next_pid=0 next_prio=120
          <idle>-0     [000] ...2  1071.711012: sched_switch: prev_comm=swapper/0 prev_pid=0 prev_prio=120 prev_state=R ==> next_comm=main next_pid=6336 next_prio=120
 Heap thread poo-6336  [000] ...2  1071.711028: sched_switch: prev_comm=main prev_pid=6336 prev_prio=120 prev_state=D ==> next_comm=swapper/0 next_pid=0 next_prio=120
          <idle>-0     [000] ...2  1071.711113: sched_switch: prev_comm=swapper/0 prev_pid=0 prev_prio=120 prev_state=R ==> next_comm=main next_pid=6336 next_prio=120
 Heap thread poo-6335  [001] ...2  1071.711130: sched_switch: prev_comm=main prev_pid=6335 prev_prio=120 prev_state=R ==> next_comm=swapper/1 next_pid=0 next_prio=120
 Heap thread poo-6336  [000] ...2  1071.711145: sched_switch: prev_comm=main prev_pid=6336 prev_prio=120 prev_state=D ==> next_comm=swapper/0 next_pid=0 next_prio=120
          <idle>-0     [001] ...2  1071.711150: sched_switch: prev_comm=swapper/1 prev_pid=0 prev_prio=120 prev_state=R ==> next_comm=main next_pid=6335 next_prio=120
          <idle>-0     [000] ...2  1071.711190: sched_switch: prev_comm=swapper/0 prev_pid=0 prev_prio=120 prev_state=R ==> next_comm=main next_pid=6336 next_prio=120
 Heap thread poo-6336  [000] ...2  1071.711203: sched_switch: prev_comm=main prev_pid=6336 prev_prio=120 prev_state=D ==> next_comm=swapper/0 next_pid=0 next_prio=120
          <idle>-0     [000] ...2  1071.711224: sched_switch: prev_comm=swapper/0 prev_pid=0 prev_prio=120 prev_state=R ==> next_comm=main next_pid=6336 next_prio=120
 Heap thread poo-6335  [001] ...2  1071.711239: sched_switch: prev_comm=main prev_pid=6335 prev_prio=120 prev_state=R ==> next_comm=swapper/1 next_pid=0 next_prio=120
 Heap thread poo-6336  [000] ...2  1071.711248: sched_switch: prev_comm=main prev_pid=6336 prev_prio=120 prev_state=D ==> next_comm=swapper/0 next_pid=0 next_prio=120
          <idle>-0     [001] ...2  1071.711258: sched_switch: prev_comm=swapper/1 prev_pid=0 prev_prio=120 prev_state=R ==> next_comm=main next_pid=6335 next_prio=120
          <idle>-0     [000] ...2  1071.711305: sched_switch: prev_comm=swapper/0 prev_pid=0 prev_prio=120 prev_state=R ==> next_comm=main next_pid=6336 next_prio=120
 Heap thread poo-6335  [001] ...2  1071.711321: sched_switch: prev_comm=main prev_pid=6335 prev_prio=120 prev_state=R ==> next_comm=swapper/1 next_pid=0 next_prio=120
          <idle>-0     [001] ...2  1071.711339: sched_switch: prev_comm=swapper/1 prev_pid=0 prev_prio=120 prev_state=R ==> next_comm=main next_pid=6335 next_prio=120
 Heap thread poo-6336  [000] ...2  1071.711342: sched_switch: prev_comm=main prev_pid=6336 prev_prio=120 prev_state=D ==> next_comm=swapper/0 next_pid=0 next_prio=120
 Heap thread poo-6335  [001] ...2  1071.711354: sched_switch: prev_comm=main prev_pid=6335 prev_prio=120 prev_state=R ==> next_comm=main next_pid=6337 next_prio=120
 Heap thread poo-6337  [001] ...2  1071.711383: sched_switch: prev_comm=main prev_pid=6337 prev_prio=120 prev_state=D ==> next_comm=main next_pid=6335 next_prio=120
          <idle>-0     [000] ...2  1071.711433: sched_switch: prev_comm=swapper/0 prev_pid=0 prev_prio=120 prev_state=R ==> next_comm=main next_pid=6336 next_prio=120
 Heap thread poo-6336  [000] ...2  1071.711450: sched_switch: prev_comm=main prev_pid=6336 prev_prio=120 prev_state=S ==> next_comm=swapper/0 next_pid=0 next_prio=120
 Heap thread poo-6335  [001] ...2  1071.711457: sched_switch: prev_comm=main prev_pid=6335 prev_prio=120 prev_state=R+ ==> next_comm=main next_pid=6337 next_prio=120
 Heap thread poo-6337  [001] ...2  1071.711500: sched_switch: prev_comm=main prev_pid=6337 prev_prio=120 prev_state=S ==> next_comm=main next_pid=6335 next_prio=120
          <idle>-0     [000] ...2  1071.713536: sched_switch: prev_comm=swapper/0 prev_pid=0 prev_prio=120 prev_state=R ==> next_comm=main next_pid=6336 next_prio=120
 Heap thread poo-6335  [001] ...2  1071.713618: sched_switch: prev_comm=Heap thread poo prev_pid=6335 prev_prio=120 prev_state=S ==> next_comm=swapper/1 next_pid=0 next_prio=120
          <idle>-0     [001] ...2  1071.713681: sched_switch: prev_comm=swapper/1 prev_pid=0 prev_prio=120 prev_state=R ==> next_comm=ksoftirqd/1 next_pid=6334 next_prio=120
     ksoftirqd/1-6334  [001] ...2  1071.713711: sched_switch: prev_comm=ksoftirqd/1 prev_pid=6334 prev_prio=120 prev_state=S ==> next_comm=swapper/1 next_pid=0 next_prio=120
          <idle>-0     [001] ...2  1071.713771: sched_switch: prev_comm=swapper/1 prev_pid=0 prev_prio=120 prev_state=R ==> next_comm=ksoftirqd/1 next_pid=6334 next_prio=120
     ksoftirqd/1-6334  [001] ...2  1071.713799: sched_switch: prev_comm=ksoftirqd/1 prev_pid=6334 prev_prio=120 prev_state=S ==> next_comm=swapper/1 next_pid=0 next_prio=120
          <idle>-0     [001] ...2  1071.713858: sched_switch: prev_comm=swapper/1 prev_pid=0 prev_prio=120 prev_state=R ==> next_comm=ksoftirqd/1 next_pid=6334 next_prio=120
     ksoftirqd/1-6334  [001] ...2  1071.713889: sched_switch: prev_comm=ksoftirqd/1 prev_pid=6334 prev_prio=120 prev_state=S ==> next_comm=swapper/1 next_pid=0 next_prio=120
 Heap thread poo-6336  [000] ...2  1071.713906: sched_switch: prev_comm=Heap thread poo prev_pid=6336 prev_prio=120 prev_state=S ==> next_comm=swapper/0 next_pid=0 next_prio=120
          <idle>-0     [001] ...2  1071.713906: sched_switch: prev_comm=swapper/1 prev_pid=0 prev_prio=120 prev_state=R ==> next_comm=main next_pid=6337 next_prio=120
          <idle>-0     [000] ...2  1071.715707: sched_switch: prev_comm=swapper/0 prev_pid=0 prev_prio=120 prev_state=R ==> next_comm=main next_pid=6330 next_prio=120
            main-6330  [000] ...2  1071.715747: sched_switch: prev_comm=main prev_pid=6330 prev_prio=120 prev_state=D ==> next_comm=Heap thread poo next_pid=6335 next_prio=120
 Heap thread poo-6335  [000] ...2  1071.715756: sched_switch: prev_comm=Heap thread poo prev_pid=6335 prev_prio=120 prev_state=D ==> next_comm=swapper/0 next_pid=0 next_prio=120
          <idle>-0     [000] ...2  1071.715772: sched_switch: prev_comm=swapper/0 prev_pid=0 prev_prio=120 prev_state=R ==> next_comm=main next_pid=6330 next_prio=120
 Heap thread poo-6337  [001] ...2  1071.715789: sched_switch: prev_comm=Heap thread poo prev_pid=6337 prev_prio=120 prev_state=S ==> next_comm=swapper/1 next_pid=0 next_prio=120
            main-6330  [000] ...2  1071.715819: sched_switch: prev_comm=main prev_pid=6330 prev_prio=120 prev_state=S ==> next_comm=Heap thread poo next_pid=6335 next_prio=120
 Heap thread poo-6335  [000] ...2  1071.715843: sched_switch: prev_comm=Heap thread poo prev_pid=6335 prev_prio=120 prev_state=S ==> next_comm=Heap thread poo next_pid=6336 next_prio=120
          <idle>-0     [001] ...2  1071.715854: sched_switch: prev_comm=swapper/1 prev_pid=0 prev_prio=120 prev_state=R ==> next_comm=main next_pid=6338 next_prio=120
 Heap thread poo-6336  [000] ...2  1071.715861: sched_switch: prev_comm=Heap thread poo prev_pid=6336 prev_prio=120 prev_state=S ==> next_comm=swapper/0 next_pid=0 next_prio=120
          <idle>-0     [000] ...2  1071.717895: sched_switch: prev_comm=swapper/0 prev_pid=0 prev_prio=120 prev_state=R ==> next_comm=main next_pid=6330 next_prio=120
  Signal Catcher-6338  [001] ...2  1071.717920: sched_switch: prev_comm=Signal Catcher prev_pid=6338 prev_prio=120 prev_state=S ==> next_comm=swapper/1 next_pid=0 next_prio=120
            main-6330  [000] ...2  1071.717968: sched_switch: prev_comm=main prev_pid=6330 prev_prio=120 prev_state=S ==> next_comm=swapper/0 next_pid=0 next_prio=120
          <idle>-0     [001] ...2  1071.717991: sched_switch: prev_comm=swapper/1 prev_pid=0 prev_prio=120 prev_state=R ==> next_comm=main next_pid=6339 next_prio=120
          <idle>-0     [000] ...2  1071.718918: sched_switch: prev_comm=swapper/0 prev_pid=0 prev_prio=120 prev_state=R ==> next_comm=kworker/u:0 next_pid=3362 next_prio=120
     kworker/u:0-3362  [000] ...2  1071.718932: sched_switch: prev_comm=kworker/u:0 prev_pid=3362 prev_prio=120 prev_state=S ==> next_comm=ksoftirqd/0 next_pid=3 next_prio=120
     ksoftirqd/0-3     [000] ...2  1071.718939: sched_switch: prev_comm=ksoftirqd/0 prev_pid=3 prev_prio=120 prev_state=S ==> next_comm=mpdecision next_pid=1527 next_prio=113
            JDWP-6339  [001] ...2  1071.718966: sched_switch: prev_comm=main prev_pid=6339 prev_prio=120 prev_state=R+ ==> next_comm=kworker/1:0H next_pid=6333 next_prio=100
      mpdecision-1527  [000] ...2  1071.719010: sched_switch: prev_comm=mpdecision prev_pid=1527 prev_prio=113 prev_state=R+ ==> next_comm=kthreadd next_pid=2 next_prio=98
    kworker/1:0H-6333  [001] ...2  1071.719025: sched_switch: prev_comm=kworker/1:0H prev_pid=6333 prev_prio=100 prev_state=D ==> next_comm=main next_pid=6339 next_prio=120
        kthreadd-2     [000] ...2  1071.719038: sched_switch: prev_comm=kthreadd prev_pid=2 prev_prio=98 prev_state=S ==> next_comm=mpdecision next_pid=1527 next_prio=113
            JDWP-6339  [001] ...2  1071.719045: sched_switch: prev_comm=main prev_pid=6339 prev_prio=120 prev_state=R+ ==> next_comm=kthreadd next_pid=6340 next_prio=98
    kworker/1:1H-6340  [001] ...2  1071.719084: sched_switch: prev_comm=kthreadd prev_pid=6340 prev_prio=98 prev_state=D ==> next_comm=kworker/1:0H next_pid=6333 next_prio=100
    kworker/1:0H-6333  [001] ...2  1071.719186: sched_switch: prev_comm=kworker/1:0H prev_pid=6333 prev_prio=100 prev_state=D ==> next_comm=kworker/1:1H next_pid=6340 next_prio=100
      mpdecision-1527  [000] ...2  1071.719208: sched_switch: prev_comm=mpdecision prev_pid=1527 prev_prio=113 prev_state=S ==> next_comm=swapper/0 next_pid=0 next_prio=120
          <idle>-0     [000] ...2  1071.719231: sched_switch: prev_comm=swapper/0 prev_pid=0 prev_prio=120 prev_state=R ==> next_comm=kthreadd next_pid=2 next_prio=98
    kworker/1:1H-6340  [001] ...2  1071.719240: sched_switch: prev_comm=kworker/1:1H prev_pid=6340 prev_prio=100 prev_state=D ==> next_comm=main next_pid=6339 next_prio=120
        kthreadd-2     [000] ...2  1071.719253: sched_switch: prev_comm=kthreadd prev_pid=2 prev_prio=98 prev_state=S ==> next_comm=ksoftirqd/0 next_pid=3 next_prio=120
            JDWP-6339  [001] ...2  1071.719259: sched_switch: prev_comm=main prev_pid=6339 prev_prio=120 prev_state=R+ ==> next_comm=kthreadd next_pid=6341 next_prio=98
     ksoftirqd/0-3     [000] ...2  1071.719262: sched_switch: prev_comm=ksoftirqd/0 prev_pid=3 prev_prio=120 prev_state=S ==> next_comm=swapper/0 next_pid=0 next_prio=120
          <idle>-0     [000] ...2  1071.719276: sched_switch: prev_comm=swapper/0 prev_pid=0 prev_prio=120 prev_state=R ==> next_comm=ksoftirqd/0 next_pid=3 next_prio=120
    kworker/1:2H-6341  [001] ...2  1071.719297: sched_switch: prev_comm=kthreadd prev_pid=6341 prev_prio=98 prev_state=D ==> next_comm=kworker/1:1H next_pid=6340 next_prio=100
     ksoftirqd/0-3     [000] ...2  1071.719297: sched_switch: prev_comm=ksoftirqd/0 prev_pid=3 prev_prio=120 prev_state=S ==> next_comm=swapper/0 next_pid=0 next_prio=120
    kworker/1:1H-6340  [001] ...2  1071.719505: sched_switch: prev_comm=kworker/1:1H prev_pid=6340 prev_prio=100 prev_state=R+ ==> next_comm=kworker/1:2H next_pid=6341 next_prio=100
    kworker/1:2H-6341  [001] ...2  1071.719515: sched_switch: prev_comm=kworker/1:2H prev_pid=6341 prev_prio=100 prev_state=S ==> next_comm=kworker/1:1H next_pid=6340 next_prio=100
    kworker/1:1H-6340  [001] ...2  1071.719530: sched_switch: prev_comm=kworker/1:1H prev_pid=6340 prev_prio=100 prev_state=S ==> next_comm=kworker/1:0H next_pid=6333 next_prio=100
    kworker/1:0H-6333  [001] ...2  1071.719544: sched_switch: prev_comm=kworker/1:0H prev_pid=6333 prev_prio=100 prev_state=S ==> next_comm=main next_pid=6339 next_prio=120
          <idle>-0     [000] ...2  1071.719981: sched_switch: prev_comm=swapper/0 prev_pid=0 prev_prio=120 prev_state=R ==> next_comm=main next_pid=6330 next_prio=120
            JDWP-6339  [001] ...2  1071.720072: sched_switch: prev_comm=JDWP prev_pid=6339 prev_prio=120 prev_state=R+ ==> next_comm=adbd next_pid=778 next_prio=120
            main-6330  [000] d..2  1071.720146: block_rq_insert: 179,0 R 0 () 4067352 + 8 [main]
            main-6330  [000] d..2  1071.720150: block_rq_insert: 179,0 R 0 () 4067368 + 8 [main]
            main-6330  [000] ...2  1071.720162: sched_switch: prev_comm=main prev_pid=6330 prev_prio=120 prev_state=D|W ==> next_comm=mmcqd/1 next_pid=116 next_prio=120
         mmcqd/1-116   [000] ...2  1071.720218: sched_switch: prev_comm=mmcqd/1 prev_pid=116 prev_prio=120 prev_state=S ==> next_comm=swapper/0 next_pid=0 next_prio=120
            adbd-778   [001] ...2  1071.720239: sched_switch: prev_comm=adbd prev_pid=778 prev_prio=120 prev_state=S ==> next_comm=JDWP next_pid=6339 next_prio=120
            JDWP-6339  [001] ...2  1071.720269: sched_switch: prev_comm=JDWP prev_pid=6339 prev_prio=120 prev_state=R+ ==> next_comm=adbd next_pid=778 next_prio=120
            adbd-778   [001] ...2  1071.720446: sched_switch: prev_comm=adbd prev_pid=778 prev_prio=120 prev_state=S ==> next_comm=JDWP next_pid=6339 next_prio=120
            JDWP-6339  [001] ...2  1071.720468: sched_switch: prev_comm=JDWP prev_pid=6339 prev_prio=120 prev_state=S ==> next_comm=swapper/1 next_pid=0 next_prio=120
          <idle>-0     [001] ...2  1071.720500: sched_switch: prev_comm=swapper/1 prev_pid=0 prev_prio=120 prev_state=R ==> next_comm=ksoftirqd/1 next_pid=6334 next_prio=120
     ksoftirqd/1-6334  [001] ...2  1071.720522: sched_switch: prev_comm=ksoftirqd/1 prev_pid=6334 prev_prio=120 prev_state=S ==> next_comm=swapper/1 next_pid=0 next_prio=120
          <idle>-0     [001] ...2  1071.720545: sched_switch: prev_comm=swapper/1 prev_pid=0 prev_prio=120 prev_state=R ==> next_comm=ksoftirqd/1 next_pid=6334 next_prio=120
     ksoftirqd/1-6334  [001] ...2  1071.720558: sched_switch: prev_comm=ksoftirqd/1 prev_pid=6334 prev_prio=120 prev_state=S ==> next_comm=swapper/1 next_pid=0 next_prio=120
          <idle>-0     [000] ...2  1071.720573: sched_switch: prev_comm=swapper/0 prev_pid=0 prev_prio=120 prev_state=R ==> next_comm=mmcqd/1 next_pid=116 next_prio=120
          <idle>-0     [001] ...2  1071.720578: sched_switch: prev_comm=swapper/1 prev_pid=0 prev_prio=120 prev_state=R ==> next_comm=ksoftirqd/1 next_pid=6334 next_prio=120
     ksoftirqd/1-6334  [001] ...2  1071.720591: sched_switch: prev_comm=ksoftirqd/1 prev_pid=6334 prev_prio=120 prev_state=S ==> next_comm=swapper/1 next_pid=0 next_prio=120
         mmcqd/1-116   [000] ...1  1071.720598: block_rq_complete: 179,0 RA () 4067352 + 8 [0]
         mmcqd/1-116   [000] ...2  1071.720612: sched_switch: prev_comm=mmcqd/1 prev_pid=116 prev_prio=120 prev_state=S ==> next_comm=swapper/0 next_pid=0 next_prio=120
          <idle>-0     [000] ...2  1071.720851: sched_switch: prev_comm=swapper/0 prev_pid=0 prev_prio=120 prev_state=R ==> next_comm=mmcqd/1 next_pid=116 next_prio=120
         mmcqd/1-116   [000] ...1  1071.720861: block_rq_complete: 179,0 RA () 4067368 + 8 [0]
         mmcqd/1-116   [000] ...2  1071.720878: sched_switch: prev_comm=mmcqd/1 prev_pid=116 prev_prio=120 prev_state=R+ ==> next_comm=kworker/0:1H next_pid=17 next_prio=100
    kworker/0:1H-17    [000] ...2  1071.720886: sched_switch: prev_comm=kworker/0:1H prev_pid=17 prev_prio=100 prev_state=S ==> next_comm=mmcqd/1 next_pid=116 next_prio=120
         mmcqd/1-116   [000] ...2  1071.720896: sched_switch: prev_comm=mmcqd/1 prev_pid=116 prev_prio=120 prev_state=S ==> next_comm=main next_pid=6330 next_prio=120
            main-6330  [000] d..2  1071.721270: block_rq_insert: 179,0 R 0 () 3993912 + 8 [main]
            main-6330  [000] d..2  1071.721273: block_rq_insert: 179,0 R 0 () 3993944 + 16 [main]
            main-6330  [000] d..2  1071.721274: block_rq_insert: 179,0 R 0 () 3993968 + 72 [main]
            main-6330  [000] ...2  1071.721286: sched_switch: prev_comm=main prev_pid=6330 prev_prio=120 prev_state=D|W ==> next_comm=mmcqd/1 next_pid=116 next_prio=120
         mmcqd/1-116   [000] ...2  1071.721336: sched_switch: prev_comm=mmcqd/1 prev_pid=116 prev_prio=120 prev_state=S ==> next_comm=swapper/0 next_pid=0 next_prio=120
          <idle>-0     [000] ...2  1071.721563: sched_switch: prev_comm=swapper/0 prev_pid=0 prev_prio=120 prev_state=R ==> next_comm=mmcqd/1 next_pid=116 next_prio=120
         mmcqd/1-116   [000] ...1  1071.721589: block_rq_complete: 179,0 RA () 3993912 + 8 [0]
         mmcqd/1-116   [000] ...2  1071.721629: sched_switch: prev_comm=mmcqd/1 prev_pid=116 prev_prio=120 prev_state=S ==> next_comm=main next_pid=6330 next_prio=120
            main-6330  [000] d..2  1071.721763: block_rq_insert: 179,0 R 0 () 4026856 + 24 [main]
            main-6330  [000] d..2  1071.721766: block_rq_insert: 179,0 R 0 () 4026944 + 8 [main]
            main-6330  [000] d..2  1071.721767: block_rq_insert: 179,0 R 0 () 4026960 + 40 [main]
            main-6330  [000] d..2  1071.721769: block_rq_insert: 179,0 R 0 () 4027008 + 24 [main]
            main-6330  [000] ...2  1071.721777: sched_switch: prev_comm=main prev_pid=6330 prev_prio=120 prev_state=D|W ==> next_comm=swapper/0 next_pid=0 next_prio=120
          <idle>-0     [000] ...2  1071.721936: sched_switch: prev_comm=swapper/0 prev_pid=0 prev_prio=120 prev_state=R ==> next_comm=mmcqd/1 next_pid=116 next_prio=120
         mmcqd/1-116   [000] ...1  1071.721965: block_rq_complete: 179,0 RA () 3993944 + 16 [0]
         mmcqd/1-116   [000] ...2  1071.721990: sched_switch: prev_comm=mmcqd/1 prev_pid=116 prev_prio=120 prev_state=S ==> next_comm=swapper/0 next_pid=0 next_prio=120
          <idle>-0     [000] ...2  1071.722544: sched_switch: prev_comm=swapper/0 prev_pid=0 prev_prio=120 prev_state=R ==> next_comm=mmcqd/1 next_pid=116 next_prio=120
         mmcqd/1-116   [000] ...1  1071.722584: block_rq_complete: 179,0 RA () 3993968 + 72 [0]
         mmcqd/1-116   [000] ...2  1071.722606: sched_switch: prev_comm=mmcqd/1 prev_pid=116 prev_prio=120 prev_state=S ==> next_comm=swapper/0 next_pid=0 next_prio=120
          <idle>-0     [000] ...2  1071.722872: sched_switch: prev_comm=swapper/0 prev_pid=0 prev_prio=120 prev_state=R ==> next_comm=mmcqd/1 next_pid=116 next_prio=120
         mmcqd/1-116   [000] ...1  1071.722901: block_rq_complete: 179,0 RA () 4026856 + 24 [0]
         mmcqd/1-116   [000] ...2  1071.722929: sched_switch: prev_comm=mmcqd/1 prev_pid=116 prev_prio=120 prev_state=S ==> next_comm=swapper/0 next_pid=0 next_prio=120
          <idle>-0     [000] ...2  1071.723155: sched_switch: prev_comm=swapper/0 prev_pid=0 prev_prio=120 prev_state=R ==> next_comm=mmcqd/1 next_pid=116 next_prio=120
         mmcqd/1-116   [000] ...1  1071.723180: block_rq_complete: 179,0 RA () 4026944 + 8 [0]
         mmcqd/1-116   [000] ...2  1071.723207: sched_switch: prev_comm=mmcqd/1 prev_pid=116 prev_prio=120 prev_state=S ==> next_comm=main next_pid=6330 next_prio=120
            main-6330  [000] d..2  1071.723262: block_rq_insert: 179,0 R 0 () 4028616 + 96 [main]
            main-6330  [000] d..2  1071.723264: block_rq_insert: 179,0 R 0 () 4028736 + 56 [main]
            main-6330  [000] ...2  1071.723271: sched_switch: prev_comm=main prev_pid=6330 prev_prio=120 prev_state=D|W ==> next_comm=swapper/0 next_pid=0 next_prio=120
          <idle>-0     [000] ...2  1071.723619: sched_switch: prev_comm=swapper/0 prev_pid=0 prev_prio=120 prev_state=R ==> next_comm=mmcqd/1 next_pid=116 next_prio=120
         mmcqd/1-116   [000] ...1  1071.723652: block_rq_complete: 179,0 RA () 4026960 + 40 [0]
         mmcqd/1-116   [000] ...2  1071.723694: sched_switch: prev_comm=mmcqd/1 prev_pid=116 prev_prio=120 prev_state=S ==> next_comm=swapper/0 next_pid=0 next_prio=120
          <idle>-0     [000] ...2  1071.723941: sched_switch: prev_comm=swapper/0 prev_pid=0 prev_prio=120 prev_state=R ==> next_comm=mmcqd/1 next_pid=116 next_prio=120
         mmcqd/1-116   [000] ...1  1071.723969: block_rq_complete: 179,0 RA () 4027008 + 24 [0]
         mmcqd/1-116   [000] ...2  1071.724000: sched_switch: prev_comm=mmcqd/1 prev_pid=116 prev_prio=120 prev_state=S ==> next_comm=swapper/0 next_pid=0 next_prio=120
          <idle>-0     [000] ...2  1071.724738: sched_switch: prev_comm=swapper/0 prev_pid=0 prev_prio=120 prev_state=R ==> next_comm=mmcqd/1 next_pid=116 next_prio=120
         mmcqd/1-116   [000] ...1  1071.724785: block_rq_complete: 179,0 RA () 4028616 + 96 [0]
         mmcqd/1-116   [000] ...2  1071.724802: sched_switch: prev_comm=mmcqd/1 prev_pid=116 prev_prio=120 prev_state=S ==> next_comm=main next_pid=6330 next_prio=120
          <idle>-0     [001] ...2  1071.724917: sched_switch: prev_comm=swapper/1 prev_pid=0 prev_prio=120 prev_state=R ==> next_comm=main next_pid=6342 next_prio=120
            main-6330  [000] d..2  1071.725146: block_rq_insert: 179,0 R 0 () 3993624 + 48 [main]
            main-6330  [000] d..2  1071.725149: block_rq_insert: 179,0 R 0 () 3993688 + 24 [main]
            main-6330  [000] d..2  1071.725150: block_rq_insert: 179,0 R 0 () 3993752 + 8 [main]
            main-6330  [000] ...2  1071.725162: sched_switch: prev_comm=main prev_pid=6330 prev_prio=120 prev_state=D|W ==> next_comm=mmcqd/1 next_pid=116 next_prio=120
         mmcqd/1-116   [000] ...2  1071.725185: sched_switch: prev_comm=mmcqd/1 prev_pid=116 prev_prio=120 prev_state=S ==> next_comm=swapper/0 next_pid=0 next_prio=120
          <idle>-0     [000] ...2  1071.725262: sched_switch: prev_comm=swapper/0 prev_pid=0 prev_prio=120 prev_state=R ==> next_comm=mmcqd/1 next_pid=116 next_prio=120
         mmcqd/1-116   [000] ...1  1071.725296: block_rq_complete: 179,0 RA () 4028736 + 56 [0]
         mmcqd/1-116   [000] ...2  1071.725320: sched_switch: prev_comm=mmcqd/1 prev_pid=116 prev_prio=120 prev_state=S ==> next_comm=swapper/0 next_pid=0 next_prio=120
 ReferenceQueueD-6342  [001] ...2  1071.725621: sched_switch: prev_comm=ReferenceQueueD prev_pid=6342 prev_prio=120 prev_state=S ==> next_comm=swapper/1 next_pid=0 next_prio=120
          <idle>-0     [000] ...2  1071.725755: sched_switch: prev_comm=swapper/0 prev_pid=0 prev_prio=120 prev_state=R ==> next_comm=mmcqd/1 next_pid=116 next_prio=120
         mmcqd/1-116   [000] ...1  1071.725790: block_rq_complete: 179,0 RA () 3993624 + 48 [0]
         mmcqd/1-116   [000] ...2  1071.725810: sched_switch: prev_comm=mmcqd/1 prev_pid=116 prev_prio=120 prev_state=S ==> next_comm=swapper/0 next_pid=0 next_prio=120
          <idle>-0     [000] ...2  1071.726154: sched_switch: prev_comm=swapper/0 prev_pid=0 prev_prio=120 prev_state=R ==> next_comm=mmcqd/1 next_pid=116 next_prio=120
         mmcqd/1-116   [000] ...1  1071.726183: block_rq_complete: 179,0 RA () 3993688 + 24 [0]
         mmcqd/1-116   [000] ...2  1071.726194: sched_switch: prev_comm=mmcqd/1 prev_pid=116 prev_prio=120 prev_state=S ==> next_comm=swapper/0 next_pid=0 next_prio=120
          <idle>-0     [000] ...2  1071.726420: sched_switch: prev_comm=swapper/0 prev_pid=0 prev_prio=120 prev_state=R ==> next_comm=mmcqd/1 next_pid=116 next_prio=120
         mmcqd/1-116   [000] ...1  1071.726430: block_rq_complete: 179,0 RA () 3993752 + 8 [0]
         mmcqd/1-116   [000] ...2  1071.726447: sched_switch: prev_comm=mmcqd/1 prev_pid=116 prev_prio=120 prev_state=R+ ==> next_comm=kworker/0:1H next_pid=17 next_prio=100
    kworker/0:1H-17    [000] ...2  1071.726454: sched_switch: prev_comm=kworker/0:1H prev_pid=17 prev_prio=100 prev_state=S ==> next_comm=mmcqd/1 next_pid=116 next_prio=120
         mmcqd/1-116   [000] ...2  1071.726464: sched_switch: prev_comm=mmcqd/1 prev_pid=116 prev_prio=120 prev_state=S ==> next_comm=main next_pid=6330 next_prio=120
            main-6330  [000] d..2  1071.726558: block_rq_insert: 179,0 R 0 () 4019800 + 24 [main]
            main-6330  [000] d..2  1071.726561: block_rq_insert: 179,0 R 0 () 4019896 + 8 [main]
            main-6330  [000] d..2  1071.726562: block_rq_insert: 179,0 R 0 () 4019928 + 8 [main]
            main-6330  [000] ...2  1071.726573: sched_switch: prev_comm=main prev_pid=6330 prev_prio=120 prev_state=D|W ==> next_comm=mmcqd/1 next_pid=116 next_prio=120
         mmcqd/1-116   [000] ...2  1071.726621: sched_switch: prev_comm=mmcqd/1 prev_pid=116 prev_prio=120 prev_state=S ==> next_comm=swapper/0 next_pid=0 next_prio=120
          <idle>-0     [000] ...2  1071.726980: sched_switch: prev_comm=swapper/0 prev_pid=0 prev_prio=120 prev_state=R ==> next_comm=mmcqd/1 next_pid=116 next_prio=120
         mmcqd/1-116   [000] ...1  1071.727009: block_rq_complete: 179,0 RA () 4019800 + 24 [0]
         mmcqd/1-116   [000] ...2  1071.727028: sched_switch: prev_comm=mmcqd/1 prev_pid=116 prev_prio=120 prev_state=S ==> next_comm=swapper/0 next_pid=0 next_prio=120
          <idle>-0     [000] ...2  1071.727247: sched_switch: prev_comm=swapper/0 prev_pid=0 prev_prio=120 prev_state=R ==> next_comm=mmcqd/1 next_pid=116 next_prio=120
         mmcqd/1-116   [000] ...1  1071.727272: block_rq_complete: 179,0 RA () 4019896 + 8 [0]
         mmcqd/1-116   [000] ...2  1071.727283: sched_switch: prev_comm=mmcqd/1 prev_pid=116 prev_prio=120 prev_state=S ==> next_comm=swapper/0 next_pid=0 next_prio=120
          <idle>-0     [000] ...2  1071.727526: sched_switch: prev_comm=swapper/0 prev_pid=0 prev_prio=120 prev_state=R ==> next_comm=mmcqd/1 next_pid=116 next_prio=120
         mmcqd/1-116   [000] ...1  1071.727535: block_rq_complete: 179,0 RA () 4019928 + 8 [0]
         mmcqd/1-116   [000] ...2  1071.727551: sched_switch: prev_comm=mmcqd/1 prev_pid=116 prev_prio=120 prev_state=R+ ==> next_comm=kworker/0:1H next_pid=17 next_prio=100
    kworker/0:1H-17    [000] ...2  1071.727558: sched_switch: prev_comm=kworker/0:1H prev_pid=17 prev_prio=100 prev_state=S ==> next_comm=mmcqd/1 next_pid=116 next_prio=120
         mmcqd/1-116   [000] ...2  1071.727567: sched_switch: prev_comm=mmcqd/1 prev_pid=116 prev_prio=120 prev_state=S ==> next_comm=main next_pid=6330 next_prio=120
            main-6330  [000] d..2  1071.727645: block_rq_insert: 179,0 R 0 () 4028368 + 104 [main]
            main-6330  [000] d..2  1071.727648: block_rq_insert: 179,0 R 0 () 4028480 + 32 [main]
            main-6330  [000] ...2  1071.727658: sched_switch: prev_comm=main prev_pid=6330 prev_prio=120 prev_state=D|W ==> next_comm=mmcqd/1 next_pid=116 next_prio=120
         mmcqd/1-116   [000] ...2  1071.727732: sched_switch: prev_comm=mmcqd/1 prev_pid=116 prev_prio=120 prev_state=S ==> next_comm=swapper/0 next_pid=0 next_prio=120
          <idle>-0     [000] ...2  1071.728512: sched_switch: prev_comm=swapper/0 prev_pid=0 prev_prio=120 prev_state=R ==> next_comm=mmcqd/1 next_pid=116 next_prio=120
         mmcqd/1-116   [000] ...1  1071.728559: block_rq_complete: 179,0 RA () 4028368 + 104 [0]
         mmcqd/1-116   [000] ...2  1071.728573: sched_switch: prev_comm=mmcqd/1 prev_pid=116 prev_prio=120 prev_state=S ==> next_comm=swapper/0 next_pid=0 next_prio=120
          <idle>-0     [000] ...2  1071.728901: sched_switch: prev_comm=swapper/0 prev_pid=0 prev_prio=120 prev_state=R ==> next_comm=mmcqd/1 next_pid=116 next_prio=120
         mmcqd/1-116   [000] ...1  1071.728915: block_rq_complete: 179,0 RA () 4028480 + 32 [0]
          <idle>-0     [001] ...2  1071.728923: sched_switch: prev_comm=swapper/1 prev_pid=0 prev_prio=120 prev_state=R ==> next_comm=ksoftirqd/1 next_pid=6334 next_prio=120
         mmcqd/1-116   [000] ...2  1071.728931: sched_switch: prev_comm=mmcqd/1 prev_pid=116 prev_prio=120 prev_state=R+ ==> next_comm=kworker/0:1H next_pid=17 next_prio=100
    kworker/0:1H-17    [000] ...2  1071.728938: sched_switch: prev_comm=kworker/0:1H prev_pid=17 prev_prio=100 prev_state=S ==> next_comm=mmcqd/1 next_pid=116 next_prio=120
         mmcqd/1-116   [000] ...2  1071.728953: sched_switch: prev_comm=mmcqd/1 prev_pid=116 prev_prio=120 prev_state=S ==> next_comm=swapper/0 next_pid=0 next_prio=120
     ksoftirqd/1-6334  [001] ...2  1071.728954: sched_switch: prev_comm=ksoftirqd/1 prev_pid=6334 prev_prio=120 prev_state=S ==> next_comm=main next_pid=6330 next_prio=120
          <idle>-0     [000] ...2  1071.728967: sched_switch: prev_comm=swapper/0 prev_pid=0 prev_prio=120 prev_state=R ==> next_comm=ksoftirqd/0 next_pid=3 next_prio=120
     ksoftirqd/0-3     [000] ...2  1071.728973: sched_switch: prev_comm=ksoftirqd/0 prev_pid=3 prev_prio=120 prev_state=S ==> next_comm=swapper/0 next_pid=0 next_prio=120
          <idle>-0     [000] ...2  1071.728987: sched_switch: prev_comm=swapper/0 prev_pid=0 prev_prio=120 prev_state=R ==> next_comm=ksoftirqd/0 next_pid=3 next_prio=120
     ksoftirqd/0-3     [000] ...2  1071.728995: sched_switch: prev_comm=ksoftirqd/0 prev_pid=3 prev_prio=120 prev_state=S ==> next_comm=swapper/0 next_pid=0 next_prio=120
          <idle>-0     [000] ...2  1071.729095: sched_switch: prev_comm=swapper/0 prev_pid=0 prev_prio=120 prev_state=R ==> next_comm=main next_pid=6343 next_prio=120
 FinalizerDaemon-6343  [000] ...2  1071.729477: sched_switch: prev_comm=FinalizerDaemon prev_pid=6343 prev_prio=120 prev_state=S ==> next_comm=swapper/0 next_pid=0 next_prio=120
          <idle>-0     [000] ...2  1071.729491: sched_switch: prev_comm=swapper/0 prev_pid=0 prev_prio=120 prev_state=R ==> next_comm=ksoftirqd/0 next_pid=3 next_prio=120
     ksoftirqd/0-3     [000] ...2  1071.729498: sched_switch: prev_comm=ksoftirqd/0 prev_pid=3 prev_prio=120 prev_state=S ==> next_comm=swapper/0 next_pid=0 next_prio=120
          <idle>-0     [000] ...2  1071.729511: sched_switch: prev_comm=swapper/0 prev_pid=0 prev_prio=120 prev_state=R ==> next_comm=ksoftirqd/0 next_pid=3 next_prio=120
     ksoftirqd/0-3     [000] ...2  1071.729517: sched_switch: prev_comm=ksoftirqd/0 prev_pid=3 prev_prio=120 prev_state=S ==> next_comm=swapper/0 next_pid=0 next_prio=120
          <idle>-0     [000] ...2  1071.729530: sched_switch: prev_comm=swapper/0 prev_pid=0 prev_prio=120 prev_state=R ==> next_comm=ksoftirqd/0 next_pid=3 next_prio=120
     ksoftirqd/0-3     [000] ...2  1071.729535: sched_switch: prev_comm=ksoftirqd/0 prev_pid=3 prev_prio=120 prev_state=S ==> next_comm=swapper/0 next_pid=0 next_prio=120
          <idle>-0     [000] ...2  1071.729555: sched_switch: prev_comm=swapper/0 prev_pid=0 prev_prio=120 prev_state=R ==> next_comm=main next_pid=6344 next_prio=120
 FinalizerWatchd-6344  [000] ...2  1071.729572: sched_switch: prev_comm=main prev_pid=6344 prev_prio=120 prev_state=D ==> next_comm=swapper/0 next_pid=0 next_prio=120
          <idle>-0     [000] ...2  1071.729580: sched_switch: prev_comm=swapper/0 prev_pid=0 prev_prio=120 prev_state=R ==> next_comm=main next_pid=6344 next_prio=120
 FinalizerWatchd-6344  [000] ...2  1071.729932: sched_switch: prev_comm=FinalizerWatchd prev_pid=6344 prev_prio=120 prev_state=S ==> next_comm=swapper/0 next_pid=0 next_prio=120
          <idle>-0     [000] ...2  1071.730076: sched_switch: prev_comm=swapper/0 prev_pid=0 prev_prio=120 prev_state=R ==> next_comm=main next_pid=6345 next_prio=120
 HeapTrimmerDaem-6345  [000] ...2  1071.730436: sched_switch: prev_comm=HeapTrimmerDaem prev_pid=6345 prev_prio=120 prev_state=S ==> next_comm=swapper/0 next_pid=0 next_prio=120
          <idle>-0     [000] ...2  1071.730546: sched_switch: prev_comm=swapper/0 prev_pid=0 prev_prio=120 prev_state=R ==> next_comm=main next_pid=6346 next_prio=120
        GCDaemon-6346  [000] ...2  1071.730809: sched_switch: prev_comm=main prev_pid=6346 prev_prio=120 prev_state=D ==> next_comm=swapper/0 next_pid=0 next_prio=120
            main-6330  [001] d..2  1071.730867: block_rq_insert: 179,0 R 0 () 4008360 + 48 [main]
            main-6330  [001] d..2  1071.730872: block_rq_insert: 179,0 R 0 () 4008432 + 16 [main]
            main-6330  [001] d..2  1071.730876: block_rq_insert: 179,0 R 0 () 4008456 + 8 [main]
            main-6330  [001] d..2  1071.730879: block_rq_insert: 179,0 R 0 () 4008536 + 16 [main]
          <idle>-0     [000] ...2  1071.730898: sched_switch: prev_comm=swapper/0 prev_pid=0 prev_prio=120 prev_state=R ==> next_comm=mmcqd/1 next_pid=116 next_prio=120
            main-6330  [001] ...2  1071.730911: sched_switch: prev_comm=main prev_pid=6330 prev_prio=120 prev_state=D|W ==> next_comm=swapper/1 next_pid=0 next_prio=120
          <idle>-0     [001] ...2  1071.730934: sched_switch: prev_comm=swapper/1 prev_pid=0 prev_prio=120 prev_state=R ==> next_comm=ksoftirqd/1 next_pid=6334 next_prio=120
         mmcqd/1-116   [000] ...2  1071.730945: sched_switch: prev_comm=mmcqd/1 prev_pid=116 prev_prio=120 prev_state=S ==> next_comm=main next_pid=6346 next_prio=120
     ksoftirqd/1-6334  [001] ...2  1071.730954: sched_switch: prev_comm=ksoftirqd/1 prev_pid=6334 prev_prio=120 prev_state=S ==> next_comm=swapper/1 next_pid=0 next_prio=120
        GCDaemon-6346  [000] ...2  1071.731065: sched_switch: prev_comm=GCDaemon prev_pid=6346 prev_prio=120 prev_state=S ==> next_comm=swapper/0 next_pid=0 next_prio=120
          <idle>-0     [000] ...2  1071.731244: sched_switch: prev_comm=swapper/0 prev_pid=0 prev_prio=120 prev_state=R ==> next_comm=mmcqd/1 next_pid=116 next_prio=120
         mmcqd/1-116   [000] ...1  1071.731274: block_rq_complete: 179,0 RA () 4008536 + 16 [0]
         mmcqd/1-116   [000] ...2  1071.731296: sched_switch: prev_comm=mmcqd/1 prev_pid=116 prev_prio=120 prev_state=S ==> next_comm=swapper/0 next_pid=0 next_prio=120
          <idle>-0     [000] ...2  1071.731505: sched_switch: prev_comm=swapper/0 prev_pid=0 prev_prio=120 prev_state=R ==> next_comm=mmcqd/1 next_pid=116 next_prio=120
         mmcqd/1-116   [000] ...1  1071.731531: block_rq_complete: 179,0 RA () 4008456 + 8 [0]
          <idle>-0     [001] ...2  1071.731550: sched_switch: prev_comm=swapper/1 prev_pid=0 prev_prio=120 prev_state=R ==> next_comm=main next_pid=6330 next_prio=120
         mmcqd/1-116   [000] ...2  1071.731563: sched_switch: prev_comm=mmcqd/1 prev_pid=116 prev_prio=120 prev_state=S ==> next_comm=swapper/0 next_pid=0 next_prio=120
            main-6330  [001] ...2  1071.731582: sched_switch: prev_comm=main prev_pid=6330 prev_prio=120 prev_state=D|W ==> next_comm=swapper/1 next_pid=0 next_prio=120
          <idle>-0     [000] ...2  1071.731841: sched_switch: prev_comm=swapper/0 prev_pid=0 prev_prio=120 prev_state=R ==> next_comm=mmcqd/1 next_pid=116 next_prio=120
         mmcqd/1-116   [000] ...1  1071.731868: block_rq_complete: 179,0 RA () 4008432 + 16 [0]
         mmcqd/1-116   [000] ...2  1071.731884: sched_switch: prev_comm=mmcqd/1 prev_pid=116 prev_prio=120 prev_state=S ==> next_comm=swapper/0 next_pid=0 next_prio=120
          <idle>-0     [001] ...2  1071.731886: sched_switch: prev_comm=swapper/1 prev_pid=0 prev_prio=120 prev_state=R ==> next_comm=main next_pid=6330 next_prio=120
            main-6330  [001] d..2  1071.732308: block_rq_insert: 179,0 R 0 () 4079784 + 8 [main]
            main-6330  [001] d..2  1071.732314: block_rq_insert: 179,0 R 0 () 4079880 + 40 [main]
            main-6330  [001] ...2  1071.732339: sched_switch: prev_comm=main prev_pid=6330 prev_prio=120 prev_state=D|W ==> next_comm=swapper/1 next_pid=0 next_prio=120
          <idle>-0     [000] ...2  1071.732340: sched_switch: prev_comm=swapper/0 prev_pid=0 prev_prio=120 prev_state=R ==> next_comm=mmcqd/1 next_pid=116 next_prio=120
         mmcqd/1-116   [000] ...1  1071.732358: block_rq_complete: 179,0 RA () 4008360 + 48 [0]
         mmcqd/1-116   [000] ...2  1071.732373: sched_switch: prev_comm=mmcqd/1 prev_pid=116 prev_prio=120 prev_state=R+ ==> next_comm=kworker/0:1H next_pid=17 next_prio=100
    kworker/0:1H-17    [000] ...2  1071.732381: sched_switch: prev_comm=kworker/0:1H prev_pid=17 prev_prio=100 prev_state=S ==> next_comm=mmcqd/1 next_pid=116 next_prio=120
         mmcqd/1-116   [000] ...2  1071.732435: sched_switch: prev_comm=mmcqd/1 prev_pid=116 prev_prio=120 prev_state=S ==> next_comm=swapper/0 next_pid=0 next_prio=120
          <idle>-0     [000] ...2  1071.732646: sched_switch: prev_comm=swapper/0 prev_pid=0 prev_prio=120 prev_state=R ==> next_comm=mmcqd/1 next_pid=116 next_prio=120
         mmcqd/1-116   [000] ...1  1071.732672: block_rq_complete: 179,0 RA () 4079784 + 8 [0]
         mmcqd/1-116   [000] ...2  1071.732684: sched_switch: prev_comm=mmcqd/1 prev_pid=116 prev_prio=120 prev_state=S ==> next_comm=swapper/0 next_pid=0 next_prio=120
          <idle>-0     [000] ...2  1071.733116: sched_switch: prev_comm=swapper/0 prev_pid=0 prev_prio=120 prev_state=R ==> next_comm=mmcqd/1 next_pid=116 next_prio=120
         mmcqd/1-116   [000] ...1  1071.733133: block_rq_complete: 179,0 RA () 4079880 + 40 [0]
         mmcqd/1-116   [000] ...2  1071.733152: sched_switch: prev_comm=mmcqd/1 prev_pid=116 prev_prio=120 prev_state=R+ ==> next_comm=kworker/0:1H next_pid=17 next_prio=100
          <idle>-0     [001] ...2  1071.733153: sched_switch: prev_comm=swapper/1 prev_pid=0 prev_prio=120 prev_state=R ==> next_comm=main next_pid=6330 next_prio=120
    kworker/0:1H-17    [000] ...2  1071.733158: sched_switch: prev_comm=kworker/0:1H prev_pid=17 prev_prio=100 prev_state=S ==> next_comm=mmcqd/1 next_pid=116 next_prio=120
         mmcqd/1-116   [000] ...2  1071.733167: sched_switch: prev_comm=mmcqd/1 prev_pid=116 prev_prio=120 prev_state=S ==> next_comm=swapper/0 next_pid=0 next_prio=120
            main-6330  [001] d..2  1071.735158: block_rq_insert: 179,0 R 0 () 4084016 + 8 [main]
