         mmcqd/1-116   [000] ...2  1121.462715: sched_switch: prev_comm=mmcqd/1 prev_pid=116 prev_prio=120 prev_state=S ==> next_comm=main next_pid=6581 next_prio=120
            main-6581  [000] d..2  1121.462758: block_rq_insert: 179,0 R 0 () 4082888 + 24 [main]
            main-6581  [000] d..2  1121.462761: block_rq_insert: 179,0 R 0 () 4083008 + 8 [main]
            main-6581  [000] ...2  1121.462770: sched_switch: prev_comm=main prev_pid=6581 prev_prio=120 prev_state=R+ ==> next_comm=mmcqd/1 next_pid=116 next_prio=120
         mmcqd/1-116   [000] ...2  1121.462784: sched_switch: prev_comm=mmcqd/1 prev_pid=116 prev_prio=120 prev_state=S ==> next_comm=main next_pid=6581 next_prio=120
            main-6581  [000] ...2  1121.462790: sched_switch: prev_comm=main prev_pid=6581 prev_prio=120 prev_state=D|W ==> next_comm=swapper/0 next_pid=0 next_prio=120
          <idle>-0     [000] ...2  1121.462923: sched_switch: prev_comm=swapper/0 prev_pid=0 prev_prio=120 prev_state=R ==> next_comm=mmcqd/1 next_pid=116 next_prio=120
         mmcqd/1-116   [000] ...1  1121.462947: block_rq_complete: 179,0 RA () 4083344 + 8 [0]
         mmcqd/1-116   [000] ...2  1121.462967: sched_switch: prev_comm=mmcqd/1 prev_pid=116 prev_prio=120 prev_state=S ==> next_comm=swapper/0 next_pid=0 next_prio=120
          <idle>-0     [000] ...2  1121.463217: sched_switch: prev_comm=swapper/0 prev_pid=0 prev_prio=120 prev_state=R ==> next_comm=mmcqd/1 next_pid=116 next_prio=120
         mmcqd/1-116   [000] ...1  1121.463241: block_rq_complete: 179,0 RA () 4083008 + 8 [0]
         mmcqd/1-116   [000] ...2  1121.463252: sched_switch: prev_comm=mmcqd/1 prev_pid=116 prev_prio=120 prev_state=S ==> next_comm=swapper/0 next_pid=0 next_prio=120
          <idle>-0     [000] ...2  1121.463566: sched_switch: prev_comm=swapper/0 prev_pid=0 prev_prio=120 prev_state=R ==> next_comm=mmcqd/1 next_pid=116 next_prio=120
         mmcqd/1-116   [000] ...1  1121.463578: block_rq_complete: 179,0 RA () 4082888 + 24 [0]
         mmcqd/1-116   [000] ...2  1121.463594: sched_switch: prev_comm=mmcqd/1 prev_pid=116 prev_prio=120 prev_state=R+ ==> next_comm=kworker/0:1H next_pid=17 next_prio=100
    kworker/0:1H-17    [000] ...2  1121.463601: sched_switch: prev_comm=kworker/0:1H prev_pid=17 prev_prio=100 prev_state=S ==> next_comm=mmcqd/1 next_pid=116 next_prio=120
         mmcqd/1-116   [000] ...2  1121.463610: sched_switch: prev_comm=mmcqd/1 prev_pid=116 prev_prio=120 prev_state=S ==> next_comm=main next_pid=6581 next_prio=120
            main-6581  [000] d..2  1121.463743: block_rq_insert: 179,0 R 0 () 4085480 + 136 [main]
            main-6581  [000] ...2  1121.463753: sched_switch: prev_comm=main prev_pid=6581 prev_prio=120 prev_state=R+ ==> next_comm=mmcqd/1 next_pid=116 next_prio=120
         mmcqd/1-116   [000] ...2  1121.463818: sched_switch: prev_comm=mmcqd/1 prev_pid=116 prev_prio=120 prev_state=S ==> next_comm=main next_pid=6581 next_prio=120
            main-6581  [000] ...2  1121.463823: sched_switch: prev_comm=main prev_pid=6581 prev_prio=120 prev_state=D|W ==> next_comm=swapper/0 next_pid=0 next_prio=120
          <idle>-0     [000] ...2  1121.464716: sched_switch: prev_comm=swapper/0 prev_pid=0 prev_prio=120 prev_state=R ==> next_comm=mmcqd/1 next_pid=116 next_prio=120
         mmcqd/1-116   [000] ...1  1121.464751: block_rq_complete: 179,0 RA () 4085480 + 136 [0]
         mmcqd/1-116   [000] ...2  1121.464770: sched_switch: prev_comm=mmcqd/1 prev_pid=116 prev_prio=120 prev_state=R+ ==> next_comm=kworker/0:1H next_pid=17 next_prio=100
    kworker/0:1H-17    [000] ...2  1121.464777: sched_switch: prev_comm=kworker/0:1H prev_pid=17 prev_prio=100 prev_state=S ==> next_comm=mmcqd/1 next_pid=116 next_prio=120
         mmcqd/1-116   [000] ...2  1121.464785: sched_switch: prev_comm=mmcqd/1 prev_pid=116 prev_prio=120 prev_state=S ==> next_comm=main next_pid=6581 next_prio=120
            main-6581  [000] d..2  1121.464930: block_rq_insert: 179,0 R 0 () 4083264 + 8 [main]
            main-6581  [000] ...2  1121.464940: sched_switch: prev_comm=main prev_pid=6581 prev_prio=120 prev_state=R+ ==> next_comm=mmcqd/1 next_pid=116 next_prio=120
         mmcqd/1-116   [000] ...2  1121.464974: sched_switch: prev_comm=mmcqd/1 prev_pid=116 prev_prio=120 prev_state=S ==> next_comm=main next_pid=6581 next_prio=120
            main-6581  [000] ...2  1121.464979: sched_switch: prev_comm=main prev_pid=6581 prev_prio=120 prev_state=D|W ==> next_comm=swapper/0 next_pid=0 next_prio=120
          <idle>-0     [000] ...2  1121.465216: sched_switch: prev_comm=swapper/0 prev_pid=0 prev_prio=120 prev_state=R ==> next_comm=mmcqd/1 next_pid=116 next_prio=120
         mmcqd/1-116   [000] ...1  1121.465225: block_rq_complete: 179,0 RA () 4083264 + 8 [0]
         mmcqd/1-116   [000] ...2  1121.465241: sched_switch: prev_comm=mmcqd/1 prev_pid=116 prev_prio=120 prev_state=R+ ==> next_comm=kworker/0:1H next_pid=17 next_prio=100
    kworker/0:1H-17    [000] ...2  1121.465248: sched_switch: prev_comm=kworker/0:1H prev_pid=17 prev_prio=100 prev_state=S ==> next_comm=mmcqd/1 next_pid=116 next_prio=120
         mmcqd/1-116   [000] ...2  1121.465256: sched_switch: prev_comm=mmcqd/1 prev_pid=116 prev_prio=120 prev_state=S ==> next_comm=main next_pid=6581 next_prio=120
            main-6581  [000] d..2  1121.465910: block_rq_insert: 179,0 R 0 () 4085656 + 256 [main]
            main-6581  [000] ...2  1121.465921: sched_switch: prev_comm=main prev_pid=6581 prev_prio=120 prev_state=R+ ==> next_comm=mmcqd/1 next_pid=116 next_prio=120
         mmcqd/1-116   [000] ...2  1121.466015: sched_switch: prev_comm=mmcqd/1 prev_pid=116 prev_prio=120 prev_state=S ==> next_comm=main next_pid=6581 next_prio=120
            main-6581  [000] ...2  1121.466021: sched_switch: prev_comm=main prev_pid=6581 prev_prio=120 prev_state=D|W ==> next_comm=swapper/0 next_pid=0 next_prio=120
          <idle>-0     [000] ...2  1121.467464: sched_switch: prev_comm=swapper/0 prev_pid=0 prev_prio=120 prev_state=R ==> next_comm=mmcqd/1 next_pid=116 next_prio=120
         mmcqd/1-116   [000] ...1  1121.467524: block_rq_complete: 179,0 RA () 4085656 + 256 [0]
         mmcqd/1-116   [000] ...2  1121.467547: sched_switch: prev_comm=mmcqd/1 prev_pid=116 prev_prio=120 prev_state=R+ ==> next_comm=kworker/0:1H next_pid=17 next_prio=100
    kworker/0:1H-17    [000] ...2  1121.467554: sched_switch: prev_comm=kworker/0:1H prev_pid=17 prev_prio=100 prev_state=S ==> next_comm=mmcqd/1 next_pid=116 next_prio=120
         mmcqd/1-116   [000] ...2  1121.467563: sched_switch: prev_comm=mmcqd/1 prev_pid=116 prev_prio=120 prev_state=S ==> next_comm=main next_pid=6581 next_prio=120
            main-6581  [000] d..2  1121.468470: block_rq_insert: 179,0 R 0 () 4085912 + 256 [main]
            main-6581  [000] ...2  1121.468482: sched_switch: prev_comm=main prev_pid=6581 prev_prio=120 prev_state=R+ ==> next_comm=mmcqd/1 next_pid=116 next_prio=120
         mmcqd/1-116   [000] ...2  1121.468582: sched_switch: prev_comm=mmcqd/1 prev_pid=116 prev_prio=120 prev_state=S ==> next_comm=main next_pid=6581 next_prio=120
            main-6581  [000] ...2  1121.468657: sched_switch: prev_comm=main prev_pid=6581 prev_prio=120 prev_state=D|W ==> next_comm=swapper/0 next_pid=0 next_prio=120
          <idle>-0     [000] ...2  1121.470019: sched_switch: prev_comm=swapper/0 prev_pid=0 prev_prio=120 prev_state=R ==> next_comm=mmcqd/1 next_pid=116 next_prio=120
         mmcqd/1-116   [000] ...1  1121.470079: block_rq_complete: 179,0 RA () 4085912 + 256 [0]
         mmcqd/1-116   [000] ...2  1121.470103: sched_switch: prev_comm=mmcqd/1 prev_pid=116 prev_prio=120 prev_state=R+ ==> next_comm=kworker/0:1H next_pid=17 next_prio=100
    kworker/0:1H-17    [000] ...2  1121.470110: sched_switch: prev_comm=kworker/0:1H prev_pid=17 prev_prio=100 prev_state=S ==> next_comm=mmcqd/1 next_pid=116 next_prio=120
         mmcqd/1-116   [000] ...2  1121.470119: sched_switch: prev_comm=mmcqd/1 prev_pid=116 prev_prio=120 prev_state=S ==> next_comm=main next_pid=6581 next_prio=120
            main-6581  [000] d..2  1121.470190: block_rq_insert: 179,0 R 0 () 4072864 + 64 [main]
            main-6581  [000] d..2  1121.470192: block_rq_insert: 179,0 R 0 () 4072944 + 8 [main]
            main-6581  [000] ...2  1121.470201: sched_switch: prev_comm=main prev_pid=6581 prev_prio=120 prev_state=R+ ==> next_comm=mmcqd/1 next_pid=116 next_prio=120
         mmcqd/1-116   [000] ...2  1121.470255: sched_switch: prev_comm=mmcqd/1 prev_pid=116 prev_prio=120 prev_state=S ==> next_comm=main next_pid=6581 next_prio=120
            main-6581  [000] ...2  1121.470263: sched_switch: prev_comm=main prev_pid=6581 prev_prio=120 prev_state=D|W ==> next_comm=swapper/0 next_pid=0 next_prio=120
          <idle>-0     [000] ...2  1121.470474: sched_switch: prev_comm=swapper/0 prev_pid=0 prev_prio=120 prev_state=R ==> next_comm=mmcqd/1 next_pid=116 next_prio=120
         mmcqd/1-116   [000] ...1  1121.470499: block_rq_complete: 179,0 RA () 4072944 + 8 [0]
         mmcqd/1-116   [000] ...2  1121.470512: sched_switch: prev_comm=mmcqd/1 prev_pid=116 prev_prio=120 prev_state=S ==> next_comm=swapper/0 next_pid=0 next_prio=120
          <idle>-0     [000] ...2  1121.471020: sched_switch: prev_comm=swapper/0 prev_pid=0 prev_prio=120 prev_state=R ==> next_comm=mmcqd/1 next_pid=116 next_prio=120
         mmcqd/1-116   [000] ...1  1121.471041: block_rq_complete: 179,0 RA () 4072864 + 64 [0]
         mmcqd/1-116   [000] ...2  1121.471058: sched_switch: prev_comm=mmcqd/1 prev_pid=116 prev_prio=120 prev_state=R+ ==> next_comm=kworker/0:1H next_pid=17 next_prio=100
    kworker/0:1H-17    [000] ...2  1121.471064: sched_switch: prev_comm=kworker/0:1H prev_pid=17 prev_prio=100 prev_state=S ==> next_comm=mmcqd/1 next_pid=116 next_prio=120
         mmcqd/1-116   [000] ...2  1121.471073: sched_switch: prev_comm=mmcqd/1 prev_pid=116 prev_prio=120 prev_state=S ==> next_comm=main next_pid=6581 next_prio=120
            main-6581  [000] d..2  1121.471357: block_rq_insert: 179,0 R 0 () 4086168 + 184 [main]
            main-6581  [000] ...2  1121.471367: sched_switch: prev_comm=main prev_pid=6581 prev_prio=120 prev_state=R+ ==> next_comm=mmcqd/1 next_pid=116 next_prio=120
         mmcqd/1-116   [000] ...2  1121.471444: sched_switch: prev_comm=mmcqd/1 prev_pid=116 prev_prio=120 prev_state=S ==> next_comm=main next_pid=6581 next_prio=120
            main-6581  [000] ...2  1121.471452: sched_switch: prev_comm=main prev_pid=6581 prev_prio=120 prev_state=D|W ==> next_comm=swapper/0 next_pid=0 next_prio=120
          <idle>-0     [000] ...2  1121.472565: sched_switch: prev_comm=swapper/0 prev_pid=0 prev_prio=120 prev_state=R ==> next_comm=mmcqd/1 next_pid=116 next_prio=120
         mmcqd/1-116   [000] ...1  1121.472610: block_rq_complete: 179,0 RA () 4086168 + 184 [0]
         mmcqd/1-116   [000] ...2  1121.472631: sched_switch: prev_comm=mmcqd/1 prev_pid=116 prev_prio=120 prev_state=R+ ==> next_comm=kworker/0:1H next_pid=17 next_prio=100
    kworker/0:1H-17    [000] ...2  1121.472637: sched_switch: prev_comm=kworker/0:1H prev_pid=17 prev_prio=100 prev_state=S ==> next_comm=mmcqd/1 next_pid=116 next_prio=120
         mmcqd/1-116   [000] ...2  1121.472646: sched_switch: prev_comm=mmcqd/1 prev_pid=116 prev_prio=120 prev_state=S ==> next_comm=main next_pid=6581 next_prio=120
            main-6581  [000] d..2  1121.472959: block_rq_insert: 179,0 R 0 () 1207472 + 8 [main]
            main-6581  [000] d..2  1121.472962: block_rq_insert: 179,0 R 0 () 1207488 + 24 [main]
            main-6581  [000] d..2  1121.472964: block_rq_insert: 179,0 R 0 () 1207584 + 24 [main]
            main-6581  [000] ...2  1121.472974: sched_switch: prev_comm=main prev_pid=6581 prev_prio=120 prev_state=R+ ==> next_comm=mmcqd/1 next_pid=116 next_prio=120
         mmcqd/1-116   [000] ...2  1121.473022: sched_switch: prev_comm=mmcqd/1 prev_pid=116 prev_prio=120 prev_state=S ==> next_comm=main next_pid=6581 next_prio=120
            main-6581  [000] ...2  1121.473030: sched_switch: prev_comm=main prev_pid=6581 prev_prio=120 prev_state=D|W ==> next_comm=swapper/0 next_pid=0 next_prio=120
          <idle>-0     [000] ...2  1121.473046: sched_switch: prev_comm=swapper/0 prev_pid=0 prev_prio=120 prev_state=R ==> next_comm=ksoftirqd/0 next_pid=3 next_prio=120
     ksoftirqd/0-3     [000] ...2  1121.473056: sched_switch: prev_comm=ksoftirqd/0 prev_pid=3 prev_prio=120 prev_state=S ==> next_comm=swapper/0 next_pid=0 next_prio=120
          <idle>-0     [000] ...2  1121.473072: sched_switch: prev_comm=swapper/0 prev_pid=0 prev_prio=120 prev_state=R ==> next_comm=ksoftirqd/0 next_pid=3 next_prio=120
     ksoftirqd/0-3     [000] ...2  1121.473080: sched_switch: prev_comm=ksoftirqd/0 prev_pid=3 prev_prio=120 prev_state=S ==> next_comm=swapper/0 next_pid=0 next_prio=120
          <idle>-0     [000] ...2  1121.473093: sched_switch: prev_comm=swapper/0 prev_pid=0 prev_prio=120 prev_state=R ==> next_comm=ksoftirqd/0 next_pid=3 next_prio=120
     ksoftirqd/0-3     [000] ...2  1121.473102: sched_switch: prev_comm=ksoftirqd/0 prev_pid=3 prev_prio=120 prev_state=S ==> next_comm=swapper/0 next_pid=0 next_prio=120
          <idle>-0     [000] ...2  1121.473252: sched_switch: prev_comm=swapper/0 prev_pid=0 prev_prio=120 prev_state=R ==> next_comm=mmcqd/1 next_pid=116 next_prio=120
         mmcqd/1-116   [000] ...1  1121.473277: block_rq_complete: 179,0 RA () 1207472 + 8 [0]
         mmcqd/1-116   [000] ...2  1121.473299: sched_switch: prev_comm=mmcqd/1 prev_pid=116 prev_prio=120 prev_state=S ==> next_comm=swapper/0 next_pid=0 next_prio=120
          <idle>-0     [000] ...2  1121.473603: sched_switch: prev_comm=swapper/0 prev_pid=0 prev_prio=120 prev_state=R ==> next_comm=mmcqd/1 next_pid=116 next_prio=120
         mmcqd/1-116   [000] ...1  1121.473630: block_rq_complete: 179,0 RA () 1207488 + 24 [0]
         mmcqd/1-116   [000] ...2  1121.473643: sched_switch: prev_comm=mmcqd/1 prev_pid=116 prev_prio=120 prev_state=S ==> next_comm=swapper/0 next_pid=0 next_prio=120
          <idle>-0     [000] ...2  1121.473941: sched_switch: prev_comm=swapper/0 prev_pid=0 prev_prio=120 prev_state=R ==> next_comm=mmcqd/1 next_pid=116 next_prio=120
         mmcqd/1-116   [000] ...1  1121.473954: block_rq_complete: 179,0 RA () 1207584 + 24 [0]
         mmcqd/1-116   [000] ...2  1121.473971: sched_switch: prev_comm=mmcqd/1 prev_pid=116 prev_prio=120 prev_state=R+ ==> next_comm=kworker/0:1H next_pid=17 next_prio=100
    kworker/0:1H-17    [000] ...2  1121.473978: sched_switch: prev_comm=kworker/0:1H prev_pid=17 prev_prio=100 prev_state=S ==> next_comm=mmcqd/1 next_pid=116 next_prio=120
         mmcqd/1-116   [000] ...2  1121.473986: sched_switch: prev_comm=mmcqd/1 prev_pid=116 prev_prio=120 prev_state=S ==> next_comm=main next_pid=6581 next_prio=120
            main-6581  [000] d..2  1121.475902: block_rq_insert: 179,0 R 0 () 3996192 + 8 [main]
            main-6581  [000] d..2  1121.475907: block_rq_insert: 179,0 R 0 () 3996264 + 8 [main]
            main-6581  [000] ...2  1121.475920: sched_switch: prev_comm=main prev_pid=6581 prev_prio=120 prev_state=R+ ==> next_comm=mmcqd/1 next_pid=116 next_prio=120
         mmcqd/1-116   [000] ...2  1121.475973: sched_switch: prev_comm=mmcqd/1 prev_pid=116 prev_prio=120 prev_state=S ==> next_comm=main next_pid=6581 next_prio=120
            main-6581  [000] ...2  1121.475982: sched_switch: prev_comm=main prev_pid=6581 prev_prio=120 prev_state=D|W ==> next_comm=swapper/0 next_pid=0 next_prio=120
          <idle>-0     [000] ...2  1121.476211: sched_switch: prev_comm=swapper/0 prev_pid=0 prev_prio=120 prev_state=R ==> next_comm=mmcqd/1 next_pid=116 next_prio=120
         mmcqd/1-116   [000] ...1  1121.476236: block_rq_complete: 179,0 RA () 3996192 + 8 [0]
         mmcqd/1-116   [000] ...2  1121.476249: sched_switch: prev_comm=mmcqd/1 prev_pid=116 prev_prio=120 prev_state=S ==> next_comm=swapper/0 next_pid=0 next_prio=120
          <idle>-0     [000] ...2  1121.476498: sched_switch: prev_comm=swapper/0 prev_pid=0 prev_prio=120 prev_state=R ==> next_comm=mmcqd/1 next_pid=116 next_prio=120
         mmcqd/1-116   [000] ...1  1121.476508: block_rq_complete: 179,0 RA () 3996264 + 8 [0]
         mmcqd/1-116   [000] ...2  1121.476524: sched_switch: prev_comm=mmcqd/1 prev_pid=116 prev_prio=120 prev_state=R+ ==> next_comm=kworker/0:1H next_pid=17 next_prio=100
    kworker/0:1H-17    [000] ...2  1121.476532: sched_switch: prev_comm=kworker/0:1H prev_pid=17 prev_prio=100 prev_state=S ==> next_comm=mmcqd/1 next_pid=116 next_prio=120
         mmcqd/1-116   [000] ...2  1121.476541: sched_switch: prev_comm=mmcqd/1 prev_pid=116 prev_prio=120 prev_state=S ==> next_comm=main next_pid=6581 next_prio=120
            main-6581  [000] d..2  1121.479007: block_rq_insert: 179,0 R 0 () 4082472 + 16 [main]
            main-6581  [000] d..2  1121.479011: block_rq_insert: 179,0 R 0 () 4082496 + 8 [main]
            main-6581  [000] d..2  1121.479013: block_rq_insert: 179,0 R 0 () 4082512 + 8 [main]
            main-6581  [000] d..2  1121.479015: block_rq_insert: 179,0 R 0 () 4082536 + 8 [main]
            main-6581  [000] d..2  1121.479016: block_rq_insert: 179,0 R 0 () 4082552 + 48 [main]
            main-6581  [000] ...2  1121.479029: sched_switch: prev_comm=main prev_pid=6581 prev_prio=120 prev_state=R+ ==> next_comm=mmcqd/1 next_pid=116 next_prio=120
         mmcqd/1-116   [000] ...2  1121.479080: sched_switch: prev_comm=mmcqd/1 prev_pid=116 prev_prio=120 prev_state=S ==> next_comm=main next_pid=6581 next_prio=120
            main-6581  [000] ...2  1121.479086: sched_switch: prev_comm=main prev_pid=6581 prev_prio=120 prev_state=D|W ==> next_comm=swapper/0 next_pid=0 next_prio=120
          <idle>-0     [000] ...2  1121.479345: sched_switch: prev_comm=swapper/0 prev_pid=0 prev_prio=120 prev_state=R ==> next_comm=mmcqd/1 next_pid=116 next_prio=120
         mmcqd/1-116   [000] ...1  1121.479371: block_rq_complete: 179,0 RA () 4082472 + 16 [0]
         mmcqd/1-116   [000] ...2  1121.479396: sched_switch: prev_comm=mmcqd/1 prev_pid=116 prev_prio=120 prev_state=S ==> next_comm=main next_pid=6581 next_prio=120
            main-6581  [000] ...2  1121.479617: sched_switch: prev_comm=main prev_pid=6581 prev_prio=120 prev_state=R ==> next_comm=mmcqd/1 next_pid=116 next_prio=120
         mmcqd/1-116   [000] ...1  1121.479643: block_rq_complete: 179,0 RA () 4082496 + 8 [0]
         mmcqd/1-116   [000] ...2  1121.479661: sched_switch: prev_comm=mmcqd/1 prev_pid=116 prev_prio=120 prev_state=S ==> next_comm=main next_pid=6581 next_prio=120
            main-6581  [000] ...2  1121.479940: sched_switch: prev_comm=main prev_pid=6581 prev_prio=120 prev_state=R ==> next_comm=mmcqd/1 next_pid=116 next_prio=120
         mmcqd/1-116   [000] ...1  1121.479964: block_rq_complete: 179,0 RA () 4082512 + 8 [0]
         mmcqd/1-116   [000] ...2  1121.479991: sched_switch: prev_comm=mmcqd/1 prev_pid=116 prev_prio=120 prev_state=S ==> next_comm=main next_pid=6581 next_prio=120
            main-6581  [000] ...2  1121.480228: sched_switch: prev_comm=main prev_pid=6581 prev_prio=120 prev_state=R ==> next_comm=mmcqd/1 next_pid=116 next_prio=120
         mmcqd/1-116   [000] ...1  1121.480252: block_rq_complete: 179,0 RA () 4082536 + 8 [0]
         mmcqd/1-116   [000] ...2  1121.480263: sched_switch: prev_comm=mmcqd/1 prev_pid=116 prev_prio=120 prev_state=S ==> next_comm=main next_pid=6581 next_prio=120
            main-6581  [000] ...2  1121.480736: sched_switch: prev_comm=main prev_pid=6581 prev_prio=120 prev_state=R ==> next_comm=mmcqd/1 next_pid=116 next_prio=120
         mmcqd/1-116   [000] ...1  1121.480753: block_rq_complete: 179,0 RA () 4082552 + 48 [0]
         mmcqd/1-116   [000] ...2  1121.480767: sched_switch: prev_comm=mmcqd/1 prev_pid=116 prev_prio=120 prev_state=R+ ==> next_comm=kworker/0:1H next_pid=17 next_prio=100
    kworker/0:1H-17    [000] ...2  1121.480774: sched_switch: prev_comm=kworker/0:1H prev_pid=17 prev_prio=100 prev_state=S ==> next_comm=mmcqd/1 next_pid=116 next_prio=120
         mmcqd/1-116   [000] ...2  1121.480782: sched_switch: prev_comm=mmcqd/1 prev_pid=116 prev_prio=120 prev_state=S ==> next_comm=main next_pid=6581 next_prio=120
            main-6581  [000] ...2  1121.488906: sched_switch: prev_comm=main prev_pid=6581 prev_prio=120 prev_state=R ==> next_comm=kworker/u:0 next_pid=3362 next_prio=120
     kworker/u:0-3362  [000] ...2  1121.488921: sched_switch: prev_comm=kworker/u:0 prev_pid=3362 prev_prio=120 prev_state=S ==> next_comm=mpdecision next_pid=1527 next_prio=113
          <idle>-0     [001] ...2  1121.489008: sched_switch: prev_comm=swapper/1 prev_pid=0 prev_prio=120 prev_state=R ==> next_comm=ksoftirqd/1 next_pid=6585 next_prio=120
     ksoftirqd/1-6585  [001] ...2  1121.489026: sched_switch: prev_comm=ksoftirqd/1 prev_pid=6585 prev_prio=120 prev_state=S ==> next_comm=swapper/1 next_pid=0 next_prio=120
          <idle>-0     [001] ...2  1121.489040: sched_switch: prev_comm=swapper/1 prev_pid=0 prev_prio=120 prev_state=R ==> next_comm=ksoftirqd/1 next_pid=6585 next_prio=120
     ksoftirqd/1-6585  [001] ...2  1121.489048: sched_switch: prev_comm=ksoftirqd/1 prev_pid=6585 prev_prio=120 prev_state=S ==> next_comm=swapper/1 next_pid=0 next_prio=120
          <idle>-0     [001] ...2  1121.489061: sched_switch: prev_comm=swapper/1 prev_pid=0 prev_prio=120 prev_state=R ==> next_comm=ksoftirqd/1 next_pid=6585 next_prio=120
     ksoftirqd/1-6585  [001] ...2  1121.489069: sched_switch: prev_comm=ksoftirqd/1 prev_pid=6585 prev_prio=120 prev_state=S ==> next_comm=swapper/1 next_pid=0 next_prio=120
      mpdecision-1527  [000] ...2  1121.489154: sched_switch: prev_comm=mpdecision prev_pid=1527 prev_prio=113 prev_state=S ==> next_comm=main next_pid=6581 next_prio=120
            main-6581  [000] d..2  1121.489737: block_rq_insert: 179,0 R 0 () 802944 + 32 [main]
            main-6581  [000] ...2  1121.489749: sched_switch: prev_comm=main prev_pid=6581 prev_prio=120 prev_state=R+ ==> next_comm=mmcqd/1 next_pid=116 next_prio=120
         mmcqd/1-116   [000] ...2  1121.489799: sched_switch: prev_comm=mmcqd/1 prev_pid=116 prev_prio=120 prev_state=S ==> next_comm=main next_pid=6581 next_prio=120
            main-6581  [000] ...2  1121.489804: sched_switch: prev_comm=main prev_pid=6581 prev_prio=120 prev_state=D|W ==> next_comm=swapper/0 next_pid=0 next_prio=120
          <idle>-0     [000] ...2  1121.489822: sched_switch: prev_comm=swapper/0 prev_pid=0 prev_prio=120 prev_state=R ==> next_comm=ksoftirqd/0 next_pid=3 next_prio=120
     ksoftirqd/0-3     [000] ...2  1121.489829: sched_switch: prev_comm=ksoftirqd/0 prev_pid=3 prev_prio=120 prev_state=S ==> next_comm=swapper/0 next_pid=0 next_prio=120
          <idle>-0     [000] ...2  1121.489845: sched_switch: prev_comm=swapper/0 prev_pid=0 prev_prio=120 prev_state=R ==> next_comm=ksoftirqd/0 next_pid=3 next_prio=120
     ksoftirqd/0-3     [000] ...2  1121.489851: sched_switch: prev_comm=ksoftirqd/0 prev_pid=3 prev_prio=120 prev_state=S ==> next_comm=swapper/0 next_pid=0 next_prio=120
          <idle>-0     [000] ...2  1121.489867: sched_switch: prev_comm=swapper/0 prev_pid=0 prev_prio=120 prev_state=R ==> next_comm=ksoftirqd/0 next_pid=3 next_prio=120
     ksoftirqd/0-3     [000] ...2  1121.489875: sched_switch: prev_comm=ksoftirqd/0 prev_pid=3 prev_prio=120 prev_state=S ==> next_comm=swapper/0 next_pid=0 next_prio=120
          <idle>-0     [000] ...2  1121.490268: sched_switch: prev_comm=swapper/0 prev_pid=0 prev_prio=120 prev_state=R ==> next_comm=mmcqd/1 next_pid=116 next_prio=120
         mmcqd/1-116   [000] ...1  1121.490283: block_rq_complete: 179,0 RA () 802944 + 32 [0]
         mmcqd/1-116   [000] ...2  1121.490302: sched_switch: prev_comm=mmcqd/1 prev_pid=116 prev_prio=120 prev_state=R+ ==> next_comm=kworker/0:1H next_pid=17 next_prio=100
    kworker/0:1H-17    [000] ...2  1121.490310: sched_switch: prev_comm=kworker/0:1H prev_pid=17 prev_prio=100 prev_state=S ==> next_comm=mmcqd/1 next_pid=116 next_prio=120
         mmcqd/1-116   [000] ...2  1121.490318: sched_switch: prev_comm=mmcqd/1 prev_pid=116 prev_prio=120 prev_state=S ==> next_comm=main next_pid=6581 next_prio=120
            main-6581  [000] d..2  1121.490352: block_rq_insert: 179,0 R 0 () 802976 + 16 [main]
            main-6581  [000] ...2  1121.490362: sched_switch: prev_comm=main prev_pid=6581 prev_prio=120 prev_state=R+ ==> next_comm=mmcqd/1 next_pid=116 next_prio=120
         mmcqd/1-116   [000] ...2  1121.490399: sched_switch: prev_comm=mmcqd/1 prev_pid=116 prev_prio=120 prev_state=S ==> next_comm=main next_pid=6581 next_prio=120
            main-6581  [000] ...2  1121.490430: sched_switch: prev_comm=main prev_pid=6581 prev_prio=120 prev_state=D|W ==> next_comm=swapper/0 next_pid=0 next_prio=120
          <idle>-0     [000] ...2  1121.490668: sched_switch: prev_comm=swapper/0 prev_pid=0 prev_prio=120 prev_state=R ==> next_comm=mmcqd/1 next_pid=116 next_prio=120
         mmcqd/1-116   [000] ...1  1121.490679: block_rq_complete: 179,0 RA () 802976 + 16 [0]
         mmcqd/1-116   [000] ...2  1121.490695: sched_switch: prev_comm=mmcqd/1 prev_pid=116 prev_prio=120 prev_state=R+ ==> next_comm=kworker/0:1H next_pid=17 next_prio=100
    kworker/0:1H-17    [000] ...2  1121.490701: sched_switch: prev_comm=kworker/0:1H prev_pid=17 prev_prio=100 prev_state=S ==> next_comm=mmcqd/1 next_pid=116 next_prio=120
         mmcqd/1-116   [000] ...2  1121.490710: sched_switch: prev_comm=mmcqd/1 prev_pid=116 prev_prio=120 prev_state=S ==> next_comm=main next_pid=6581 next_prio=120
            main-6581  [000] d..2  1121.490988: block_rq_insert: 179,0 R 0 () 3984384 + 256 [main]
            main-6581  [000] ...2  1121.490999: sched_switch: prev_comm=main prev_pid=6581 prev_prio=120 prev_state=R+ ==> next_comm=mmcqd/1 next_pid=116 next_prio=120
         mmcqd/1-116   [000] ...2  1121.491095: sched_switch: prev_comm=mmcqd/1 prev_pid=116 prev_prio=120 prev_state=S ==> next_comm=main next_pid=6581 next_prio=120
            main-6581  [000] ...2  1121.491101: sched_switch: prev_comm=main prev_pid=6581 prev_prio=120 prev_state=D|W ==> next_comm=swapper/0 next_pid=0 next_prio=120
          <idle>-0     [000] ...2  1121.491116: sched_switch: prev_comm=swapper/0 prev_pid=0 prev_prio=120 prev_state=R ==> next_comm=ksoftirqd/0 next_pid=3 next_prio=120
     ksoftirqd/0-3     [000] ...2  1121.491123: sched_switch: prev_comm=ksoftirqd/0 prev_pid=3 prev_prio=120 prev_state=S ==> next_comm=swapper/0 next_pid=0 next_prio=120
          <idle>-0     [000] ...2  1121.491138: sched_switch: prev_comm=swapper/0 prev_pid=0 prev_prio=120 prev_state=R ==> next_comm=ksoftirqd/0 next_pid=3 next_prio=120
     ksoftirqd/0-3     [000] ...2  1121.491144: sched_switch: prev_comm=ksoftirqd/0 prev_pid=3 prev_prio=120 prev_state=S ==> next_comm=swapper/0 next_pid=0 next_prio=120
          <idle>-0     [000] ...2  1121.491158: sched_switch: prev_comm=swapper/0 prev_pid=0 prev_prio=120 prev_state=R ==> next_comm=ksoftirqd/0 next_pid=3 next_prio=120
     ksoftirqd/0-3     [000] ...2  1121.491164: sched_switch: prev_comm=ksoftirqd/0 prev_pid=3 prev_prio=120 prev_state=S ==> next_comm=swapper/0 next_pid=0 next_prio=120
          <idle>-0     [000] ...2  1121.492471: sched_switch: prev_comm=swapper/0 prev_pid=0 prev_prio=120 prev_state=R ==> next_comm=mmcqd/1 next_pid=116 next_prio=120
         mmcqd/1-116   [000] ...1  1121.492530: block_rq_complete: 179,0 RA () 3984384 + 256 [0]
         mmcqd/1-116   [000] ...2  1121.492554: sched_switch: prev_comm=mmcqd/1 prev_pid=116 prev_prio=120 prev_state=R+ ==> next_comm=kworker/0:1H next_pid=17 next_prio=100
    kworker/0:1H-17    [000] ...2  1121.492561: sched_switch: prev_comm=kworker/0:1H prev_pid=17 prev_prio=100 prev_state=S ==> next_comm=mmcqd/1 next_pid=116 next_prio=120
         mmcqd/1-116   [000] ...2  1121.492570: sched_switch: prev_comm=mmcqd/1 prev_pid=116 prev_prio=120 prev_state=S ==> next_comm=main next_pid=6581 next_prio=120
            main-6581  [000] d..2  1121.492781: block_rq_insert: 179,0 R 0 () 3984640 + 16 [main]
            main-6581  [000] ...2  1121.492792: sched_switch: prev_comm=main prev_pid=6581 prev_prio=120 prev_state=R+ ==> next_comm=mmcqd/1 next_pid=116 next_prio=120
         mmcqd/1-116   [000] ...2  1121.492830: sched_switch: prev_comm=mmcqd/1 prev_pid=116 prev_prio=120 prev_state=S ==> next_comm=main next_pid=6581 next_prio=120
            main-6581  [000] ...2  1121.492838: sched_switch: prev_comm=main prev_pid=6581 prev_prio=120 prev_state=D|W ==> next_comm=swapper/0 next_pid=0 next_prio=120
          <idle>-0     [000] ...2  1121.492852: sched_switch: prev_comm=swapper/0 prev_pid=0 prev_prio=120 prev_state=R ==> next_comm=ksoftirqd/0 next_pid=3 next_prio=120
     ksoftirqd/0-3     [000] ...2  1121.492861: sched_switch: prev_comm=ksoftirqd/0 prev_pid=3 prev_prio=120 prev_state=S ==> next_comm=swapper/0 next_pid=0 next_prio=120
          <idle>-0     [000] ...2  1121.492876: sched_switch: prev_comm=swapper/0 prev_pid=0 prev_prio=120 prev_state=R ==> next_comm=ksoftirqd/0 next_pid=3 next_prio=120
     ksoftirqd/0-3     [000] ...2  1121.492885: sched_switch: prev_comm=ksoftirqd/0 prev_pid=3 prev_prio=120 prev_state=S ==> next_comm=swapper/0 next_pid=0 next_prio=120
          <idle>-0     [000] ...2  1121.492899: sched_switch: prev_comm=swapper/0 prev_pid=0 prev_prio=120 prev_state=R ==> next_comm=ksoftirqd/0 next_pid=3 next_prio=120
     ksoftirqd/0-3     [000] ...2  1121.492907: sched_switch: prev_comm=ksoftirqd/0 prev_pid=3 prev_prio=120 prev_state=S ==> next_comm=swapper/0 next_pid=0 next_prio=120
          <idle>-0     [000] ...2  1121.493071: sched_switch: prev_comm=swapper/0 prev_pid=0 prev_prio=120 prev_state=R ==> next_comm=mmcqd/1 next_pid=116 next_prio=120
         mmcqd/1-116   [000] ...1  1121.493082: block_rq_complete: 179,0 RA () 3984640 + 16 [0]
         mmcqd/1-116   [000] ...2  1121.493098: sched_switch: prev_comm=mmcqd/1 prev_pid=116 prev_prio=120 prev_state=R+ ==> next_comm=kworker/0:1H next_pid=17 next_prio=100
    kworker/0:1H-17    [000] ...2  1121.493105: sched_switch: prev_comm=kworker/0:1H prev_pid=17 prev_prio=100 prev_state=S ==> next_comm=mmcqd/1 next_pid=116 next_prio=120
         mmcqd/1-116   [000] ...2  1121.493113: sched_switch: prev_comm=mmcqd/1 prev_pid=116 prev_prio=120 prev_state=S ==> next_comm=main next_pid=6581 next_prio=120
          <idle>-0     [001] ...2  1121.493712: sched_switch: prev_comm=swapper/1 prev_pid=0 prev_prio=120 prev_state=R ==> next_comm=main next_pid=6591 next_prio=120
 Heap thread poo-6591  [001] ...2  1121.493745: sched_switch: prev_comm=main prev_pid=6591 prev_prio=120 prev_state=D ==> next_comm=swapper/1 next_pid=0 next_prio=120
          <idle>-0     [001] ...2  1121.493750: sched_switch: prev_comm=swapper/1 prev_pid=0 prev_prio=120 prev_state=R ==> next_comm=main next_pid=6591 next_prio=120
 Heap thread poo-6591  [001] ...2  1121.493823: sched_switch: prev_comm=main prev_pid=6591 prev_prio=120 prev_state=D ==> next_comm=main next_pid=6592 next_prio=120
 Heap thread poo-6592  [001] ...2  1121.493833: sched_switch: prev_comm=main prev_pid=6592 prev_prio=120 prev_state=D ==> next_comm=main next_pid=6591 next_prio=120
 Heap thread poo-6591  [001] ...2  1121.493843: sched_switch: prev_comm=main prev_pid=6591 prev_prio=120 prev_state=D ==> next_comm=main next_pid=6592 next_prio=120
            main-6581  [000] ...2  1121.493850: sched_switch: prev_comm=main prev_pid=6581 prev_prio=120 prev_state=D ==> next_comm=swapper/0 next_pid=0 next_prio=120
          <idle>-0     [000] ...2  1121.493866: sched_switch: prev_comm=swapper/0 prev_pid=0 prev_prio=120 prev_state=R ==> next_comm=ksoftirqd/0 next_pid=3 next_prio=120
     ksoftirqd/0-3     [000] ...2  1121.493874: sched_switch: prev_comm=ksoftirqd/0 prev_pid=3 prev_prio=120 prev_state=S ==> next_comm=swapper/0 next_pid=0 next_prio=120
 Heap thread poo-6592  [001] ...2  1121.493888: sched_switch: prev_comm=main prev_pid=6592 prev_prio=120 prev_state=D ==> next_comm=main next_pid=6591 next_prio=120
          <idle>-0     [000] ...2  1121.493889: sched_switch: prev_comm=swapper/0 prev_pid=0 prev_prio=120 prev_state=R ==> next_comm=ksoftirqd/0 next_pid=3 next_prio=120
     ksoftirqd/0-3     [000] ...2  1121.493895: sched_switch: prev_comm=ksoftirqd/0 prev_pid=3 prev_prio=120 prev_state=S ==> next_comm=swapper/0 next_pid=0 next_prio=120
 Heap thread poo-6591  [001] ...2  1121.493906: sched_switch: prev_comm=main prev_pid=6591 prev_prio=120 prev_state=D ==> next_comm=main next_pid=6592 next_prio=120
          <idle>-0     [000] ...2  1121.493912: sched_switch: prev_comm=swapper/0 prev_pid=0 prev_prio=120 prev_state=R ==> next_comm=ksoftirqd/0 next_pid=3 next_prio=120
     ksoftirqd/0-3     [000] ...2  1121.493918: sched_switch: prev_comm=ksoftirqd/0 prev_pid=3 prev_prio=120 prev_state=S ==> next_comm=main next_pid=6581 next_prio=120
            main-6581  [000] ...2  1121.493953: sched_switch: prev_comm=main prev_pid=6581 prev_prio=120 prev_state=D ==> next_comm=main next_pid=6593 next_prio=120
 Heap thread poo-6592  [001] ...2  1121.493955: sched_switch: prev_comm=main prev_pid=6592 prev_prio=120 prev_state=D ==> next_comm=main next_pid=6591 next_prio=120
 Heap thread poo-6593  [000] ...2  1121.493960: sched_switch: prev_comm=main prev_pid=6593 prev_prio=120 prev_state=D ==> next_comm=swapper/0 next_pid=0 next_prio=120
          <idle>-0     [000] ...2  1121.493977: sched_switch: prev_comm=swapper/0 prev_pid=0 prev_prio=120 prev_state=R ==> next_comm=main next_pid=6581 next_prio=120
 Heap thread poo-6591  [001] ...2  1121.493977: sched_switch: prev_comm=main prev_pid=6591 prev_prio=120 prev_state=D ==> next_comm=main next_pid=6592 next_prio=120
            main-6581  [000] ...2  1121.493992: sched_switch: prev_comm=main prev_pid=6581 prev_prio=120 prev_state=D ==> next_comm=main next_pid=6593 next_prio=120
 Heap thread poo-6592  [001] ...2  1121.493993: sched_switch: prev_comm=main prev_pid=6592 prev_prio=120 prev_state=D ==> next_comm=swapper/1 next_pid=0 next_prio=120
 Heap thread poo-6593  [000] ...2  1121.494008: sched_switch: prev_comm=main prev_pid=6593 prev_prio=120 prev_state=S ==> next_comm=swapper/0 next_pid=0 next_prio=120
          <idle>-0     [001] ...2  1121.494009: sched_switch: prev_comm=swapper/1 prev_pid=0 prev_prio=120 prev_state=R ==> next_comm=main next_pid=6591 next_prio=120
 Heap thread poo-6591  [001] ...2  1121.494026: sched_switch: prev_comm=main prev_pid=6591 prev_prio=120 prev_state=D ==> next_comm=main next_pid=6592 next_prio=120
          <idle>-0     [000] ...2  1121.494044: sched_switch: prev_comm=swapper/0 prev_pid=0 prev_prio=120 prev_state=R ==> next_comm=main next_pid=6581 next_prio=120
 Heap thread poo-6592  [001] ...2  1121.494047: sched_switch: prev_comm=main prev_pid=6592 prev_prio=120 prev_state=D ==> next_comm=main next_pid=6591 next_prio=120
            main-6581  [000] ...2  1121.494054: sched_switch: prev_comm=main prev_pid=6581 prev_prio=120 prev_state=S ==> next_comm=swapper/0 next_pid=0 next_prio=120
 Heap thread poo-6591  [001] ...2  1121.494061: sched_switch: prev_comm=main prev_pid=6591 prev_prio=120 prev_state=D ==> next_comm=main next_pid=6592 next_prio=120
          <idle>-0     [000] ...2  1121.494124: sched_switch: prev_comm=swapper/0 prev_pid=0 prev_prio=120 prev_state=R ==> next_comm=main next_pid=6593 next_prio=120
 Heap thread poo-6592  [001] ...2  1121.494127: sched_switch: prev_comm=main prev_pid=6592 prev_prio=120 prev_state=S ==> next_comm=main next_pid=6591 next_prio=120
 Heap thread poo-6593  [000] ...2  1121.494135: sched_switch: prev_comm=main prev_pid=6593 prev_prio=120 prev_state=S ==> next_comm=swapper/0 next_pid=0 next_prio=120
 Heap thread poo-6591  [001] ...2  1121.494553: sched_switch: prev_comm=Heap thread poo prev_pid=6591 prev_prio=120 prev_state=S ==> next_comm=main next_pid=6592 next_prio=120
          <idle>-0     [000] ...2  1121.494896: sched_switch: prev_comm=swapper/0 prev_pid=0 prev_prio=120 prev_state=R ==> next_comm=main next_pid=6593 next_prio=120
 Heap thread poo-6592  [001] ...2  1121.494909: sched_switch: prev_comm=Heap thread poo prev_pid=6592 prev_prio=120 prev_state=S ==> next_comm=swapper/1 next_pid=0 next_prio=120
 Heap thread poo-6593  [000] ...2  1121.495263: sched_switch: prev_comm=Heap thread poo prev_pid=6593 prev_prio=120 prev_state=R+ ==> next_comm=main next_pid=6581 next_prio=120
          <idle>-0     [001] ...2  1121.495282: sched_switch: prev_comm=swapper/1 prev_pid=0 prev_prio=120 prev_state=R ==> next_comm=Heap thread poo next_pid=6591 next_prio=120
 Heap thread poo-6591  [001] ...2  1121.495290: sched_switch: prev_comm=Heap thread poo prev_pid=6591 prev_prio=120 prev_state=D ==> next_comm=swapper/1 next_pid=0 next_prio=120
            main-6581  [000] ...2  1121.495300: sched_switch: prev_comm=main prev_pid=6581 prev_prio=120 prev_state=D ==> next_comm=Heap thread poo next_pid=6593 next_prio=120
          <idle>-0     [001] ...2  1121.495304: sched_switch: prev_comm=swapper/1 prev_pid=0 prev_prio=120 prev_state=R ==> next_comm=Heap thread poo next_pid=6591 next_prio=120
 Heap thread poo-6593  [000] ...2  1121.495308: sched_switch: prev_comm=Heap thread poo prev_pid=6593 prev_prio=120 prev_state=D ==> next_comm=swapper/0 next_pid=0 next_prio=120
          <idle>-0     [000] ...2  1121.495316: sched_switch: prev_comm=swapper/0 prev_pid=0 prev_prio=120 prev_state=R ==> next_comm=main next_pid=6581 next_prio=120
 Heap thread poo-6591  [001] ...2  1121.495322: sched_switch: prev_comm=Heap thread poo prev_pid=6591 prev_prio=120 prev_state=D ==> next_comm=Heap thread poo next_pid=6592 next_prio=120
 Heap thread poo-6592  [001] ...2  1121.495340: sched_switch: prev_comm=Heap thread poo prev_pid=6592 prev_prio=120 prev_state=S ==> next_comm=Heap thread poo next_pid=6591 next_prio=120
 Heap thread poo-6591  [001] ...2  1121.495353: sched_switch: prev_comm=Heap thread poo prev_pid=6591 prev_prio=120 prev_state=S ==> next_comm=main next_pid=6594 next_prio=120
  Signal Catcher-6594  [001] ...2  1121.495360: sched_switch: prev_comm=main prev_pid=6594 prev_prio=120 prev_state=D ==> next_comm=swapper/1 next_pid=0 next_prio=120
            main-6581  [000] ...2  1121.495360: sched_switch: prev_comm=main prev_pid=6581 prev_prio=120 prev_state=D ==> next_comm=Heap thread poo next_pid=6593 next_prio=120
 Heap thread poo-6593  [000] ...2  1121.495374: sched_switch: prev_comm=Heap thread poo prev_pid=6593 prev_prio=120 prev_state=D ==> next_comm=swapper/0 next_pid=0 next_prio=120
          <idle>-0     [001] ...2  1121.495375: sched_switch: prev_comm=swapper/1 prev_pid=0 prev_prio=120 prev_state=R ==> next_comm=main next_pid=6594 next_prio=120
          <idle>-0     [000] ...2  1121.495390: sched_switch: prev_comm=swapper/0 prev_pid=0 prev_prio=120 prev_state=R ==> next_comm=main next_pid=6581 next_prio=120
            main-6581  [000] ...2  1121.495400: sched_switch: prev_comm=main prev_pid=6581 prev_prio=120 prev_state=S ==> next_comm=Heap thread poo next_pid=6593 next_prio=120
 Heap thread poo-6593  [000] ...2  1121.495410: sched_switch: prev_comm=Heap thread poo prev_pid=6593 prev_prio=120 prev_state=S ==> next_comm=swapper/0 next_pid=0 next_prio=120
          <idle>-0     [000] ...2  1121.495811: sched_switch: prev_comm=swapper/0 prev_pid=0 prev_prio=120 prev_state=R ==> next_comm=main next_pid=6581 next_prio=120
  Signal Catcher-6594  [001] ...2  1121.495813: sched_switch: prev_comm=Signal Catcher prev_pid=6594 prev_prio=120 prev_state=S ==> next_comm=swapper/1 next_pid=0 next_prio=120
          <idle>-0     [001] ...2  1121.495875: sched_switch: prev_comm=swapper/1 prev_pid=0 prev_prio=120 prev_state=R ==> next_comm=main next_pid=6595 next_prio=120
            main-6581  [000] ...2  1121.495882: sched_switch: prev_comm=main prev_pid=6581 prev_prio=120 prev_state=S ==> next_comm=swapper/0 next_pid=0 next_prio=120
          <idle>-0     [000] ...2  1121.496291: sched_switch: prev_comm=swapper/0 prev_pid=0 prev_prio=120 prev_state=R ==> next_comm=main next_pid=6581 next_prio=120
            JDWP-6595  [001] ...2  1121.496345: sched_switch: prev_comm=JDWP prev_pid=6595 prev_prio=120 prev_state=R+ ==> next_comm=adbd next_pid=778 next_prio=120
            main-6581  [000] d..2  1121.496441: block_rq_insert: 179,0 R 0 () 4067352 + 8 [main]
            main-6581  [000] d..2  1121.496445: block_rq_insert: 179,0 R 0 () 4067368 + 8 [main]
            main-6581  [000] ...2  1121.496457: sched_switch: prev_comm=main prev_pid=6581 prev_prio=120 prev_state=D|W ==> next_comm=mmcqd/1 next_pid=116 next_prio=120
           <...>-778   [001] ...2  1121.496457: sched_switch: prev_comm=adbd prev_pid=778 prev_prio=120 prev_state=S ==> next_comm=JDWP next_pid=6595 next_prio=120
            JDWP-6595  [001] ...2  1121.496476: sched_switch: prev_comm=JDWP prev_pid=6595 prev_prio=120 prev_state=R+ ==> next_comm=adbd next_pid=778 next_prio=120
         mmcqd/1-116   [000] ...2  1121.496509: sched_switch: prev_comm=mmcqd/1 prev_pid=116 prev_prio=120 prev_state=S ==> next_comm=swapper/0 next_pid=0 next_prio=120
           <...>-778   [001] ...2  1121.496576: sched_switch: prev_comm=adbd prev_pid=778 prev_prio=120 prev_state=S ==> next_comm=JDWP next_pid=6595 next_prio=120
            JDWP-6595  [001] ...2  1121.496588: sched_switch: prev_comm=JDWP prev_pid=6595 prev_prio=120 prev_state=S ==> next_comm=swapper/1 next_pid=0 next_prio=120
          <idle>-0     [000] ...2  1121.496733: sched_switch: prev_comm=swapper/0 prev_pid=0 prev_prio=120 prev_state=R ==> next_comm=mmcqd/1 next_pid=116 next_prio=120
         mmcqd/1-116   [000] ...1  1121.496759: block_rq_complete: 179,0 RA () 4067352 + 8 [0]
         mmcqd/1-116   [000] ...2  1121.496772: sched_switch: prev_comm=mmcqd/1 prev_pid=116 prev_prio=120 prev_state=S ==> next_comm=swapper/0 next_pid=0 next_prio=120
          <idle>-0     [000] ...2  1121.497010: sched_switch: prev_comm=swapper/0 prev_pid=0 prev_prio=120 prev_state=R ==> next_comm=mmcqd/1 next_pid=116 next_prio=120
         mmcqd/1-116   [000] ...1  1121.497019: block_rq_complete: 179,0 RA () 4067368 + 8 [0]
         mmcqd/1-116   [000] ...2  1121.497035: sched_switch: prev_comm=mmcqd/1 prev_pid=116 prev_prio=120 prev_state=R+ ==> next_comm=kworker/0:1H next_pid=17 next_prio=100
    kworker/0:1H-17    [000] ...2  1121.497044: sched_switch: prev_comm=kworker/0:1H prev_pid=17 prev_prio=100 prev_state=S ==> next_comm=mmcqd/1 next_pid=116 next_prio=120
         mmcqd/1-116   [000] ...2  1121.497053: sched_switch: prev_comm=mmcqd/1 prev_pid=116 prev_prio=120 prev_state=S ==> next_comm=main next_pid=6581 next_prio=120
            main-6581  [000] d..2  1121.497410: block_rq_insert: 179,0 R 0 () 3993912 + 8 [main]
            main-6581  [000] d..2  1121.497412: block_rq_insert: 179,0 R 0 () 3993944 + 16 [main]
            main-6581  [000] d..2  1121.497414: block_rq_insert: 179,0 R 0 () 3993968 + 72 [main]
            main-6581  [000] ...2  1121.497426: sched_switch: prev_comm=main prev_pid=6581 prev_prio=120 prev_state=D|W ==> next_comm=mmcqd/1 next_pid=116 next_prio=120
         mmcqd/1-116   [000] ...2  1121.497472: sched_switch: prev_comm=mmcqd/1 prev_pid=116 prev_prio=120 prev_state=S ==> next_comm=swapper/0 next_pid=0 next_prio=120
          <idle>-0     [000] ...2  1121.497698: sched_switch: prev_comm=swapper/0 prev_pid=0 prev_prio=120 prev_state=R ==> next_comm=mmcqd/1 next_pid=116 next_prio=120
         mmcqd/1-116   [000] ...1  1121.497722: block_rq_complete: 179,0 RA () 3993912 + 8 [0]
         mmcqd/1-116   [000] ...2  1121.497760: sched_switch: prev_comm=mmcqd/1 prev_pid=116 prev_prio=120 prev_state=S ==> next_comm=main next_pid=6581 next_prio=120
            main-6581  [000] d..2  1121.497891: block_rq_insert: 179,0 R 0 () 4026856 + 24 [main]
            main-6581  [000] d..2  1121.497893: block_rq_insert: 179,0 R 0 () 4026944 + 8 [main]
            main-6581  [000] d..2  1121.497895: block_rq_insert: 179,0 R 0 () 4026960 + 40 [main]
            main-6581  [000] d..2  1121.497897: block_rq_insert: 179,0 R 0 () 4027008 + 24 [main]
            main-6581  [000] ...2  1121.497903: sched_switch: prev_comm=main prev_pid=6581 prev_prio=120 prev_state=D|W ==> next_comm=swapper/0 next_pid=0 next_prio=120
          <idle>-0     [000] ...2  1121.498072: sched_switch: prev_comm=swapper/0 prev_pid=0 prev_prio=120 prev_state=R ==> next_comm=mmcqd/1 next_pid=116 next_prio=120
         mmcqd/1-116   [000] ...1  1121.498100: block_rq_complete: 179,0 RA () 3993944 + 16 [0]
         mmcqd/1-116   [000] ...2  1121.498122: sched_switch: prev_comm=mmcqd/1 prev_pid=116 prev_prio=120 prev_state=S ==> next_comm=swapper/0 next_pid=0 next_prio=120
          <idle>-0     [000] ...2  1121.498682: sched_switch: prev_comm=swapper/0 prev_pid=0 prev_prio=120 prev_state=R ==> next_comm=mmcqd/1 next_pid=116 next_prio=120
         mmcqd/1-116   [000] ...1  1121.498719: block_rq_complete: 179,0 RA () 3993968 + 72 [0]
         mmcqd/1-116   [000] ...2  1121.498738: sched_switch: prev_comm=mmcqd/1 prev_pid=116 prev_prio=120 prev_state=S ==> next_comm=swapper/0 next_pid=0 next_prio=120
          <idle>-0     [001] ...2  1121.498916: sched_switch: prev_comm=swapper/1 prev_pid=0 prev_prio=120 prev_state=R ==> next_comm=kworker/1:0H next_pid=6584 next_prio=100
          <idle>-0     [000] ...2  1121.498917: sched_switch: prev_comm=swapper/0 prev_pid=0 prev_prio=120 prev_state=R ==> next_comm=ksoftirqd/0 next_pid=3 next_prio=120
     ksoftirqd/0-3     [000] ...2  1121.498927: sched_switch: prev_comm=ksoftirqd/0 prev_pid=3 prev_prio=120 prev_state=S ==> next_comm=kworker/0:1H next_pid=17 next_prio=100
    kworker/1:0H-6584  [001] ...2  1121.498936: sched_switch: prev_comm=kworker/1:0H prev_pid=6584 prev_prio=100 prev_state=D ==> next_comm=ksoftirqd/1 next_pid=6585 next_prio=120
    kworker/0:1H-17    [000] ...2  1121.498940: sched_switch: prev_comm=kworker/0:1H prev_pid=17 prev_prio=100 prev_state=S ==> next_comm=swapper/0 next_pid=0 next_prio=120
     ksoftirqd/1-6585  [001] ...2  1121.498949: sched_switch: prev_comm=ksoftirqd/1 prev_pid=6585 prev_prio=120 prev_state=S ==> next_comm=kworker/1:1H next_pid=6586 next_prio=100
          <idle>-0     [000] ...2  1121.498956: sched_switch: prev_comm=swapper/0 prev_pid=0 prev_prio=120 prev_state=R ==> next_comm=ksoftirqd/0 next_pid=3 next_prio=120
     ksoftirqd/0-3     [000] ...2  1121.498961: sched_switch: prev_comm=ksoftirqd/0 prev_pid=3 prev_prio=120 prev_state=S ==> next_comm=swapper/0 next_pid=0 next_prio=120
          <idle>-0     [000] ...2  1121.498978: sched_switch: prev_comm=swapper/0 prev_pid=0 prev_prio=120 prev_state=R ==> next_comm=ksoftirqd/0 next_pid=3 next_prio=120
     ksoftirqd/0-3     [000] ...2  1121.499004: sched_switch: prev_comm=ksoftirqd/0 prev_pid=3 prev_prio=120 prev_state=S ==> next_comm=mmcqd/1 next_pid=116 next_prio=120
         mmcqd/1-116   [000] ...1  1121.499032: block_rq_complete: 179,0 RA () 4026856 + 24 [0]
    kworker/1:1H-6586  [001] ...2  1121.499057: sched_switch: prev_comm=kworker/1:1H prev_pid=6586 prev_prio=100 prev_state=S ==> next_comm=kworker/1:0H next_pid=6584 next_prio=100
         mmcqd/1-116   [000] ...2  1121.499058: sched_switch: prev_comm=mmcqd/1 prev_pid=116 prev_prio=120 prev_state=S ==> next_comm=swapper/0 next_pid=0 next_prio=120
    kworker/1:0H-6584  [001] ...2  1121.499073: sched_switch: prev_comm=kworker/1:0H prev_pid=6584 prev_prio=100 prev_state=S ==> next_comm=swapper/1 next_pid=0 next_prio=120
          <idle>-0     [001] ...2  1121.499097: sched_switch: prev_comm=swapper/1 prev_pid=0 prev_prio=120 prev_state=R ==> next_comm=ksoftirqd/1 next_pid=6585 next_prio=120
     ksoftirqd/1-6585  [001] ...2  1121.499114: sched_switch: prev_comm=ksoftirqd/1 prev_pid=6585 prev_prio=120 prev_state=S ==> next_comm=swapper/1 next_pid=0 next_prio=120
          <idle>-0     [001] ...2  1121.499136: sched_switch: prev_comm=swapper/1 prev_pid=0 prev_prio=120 prev_state=R ==> next_comm=ksoftirqd/1 next_pid=6585 next_prio=120
     ksoftirqd/1-6585  [001] ...2  1121.499150: sched_switch: prev_comm=ksoftirqd/1 prev_pid=6585 prev_prio=120 prev_state=S ==> next_comm=swapper/1 next_pid=0 next_prio=120
          <idle>-0     [001] ...2  1121.499170: sched_switch: prev_comm=swapper/1 prev_pid=0 prev_prio=120 prev_state=R ==> next_comm=ksoftirqd/1 next_pid=6585 next_prio=120
     ksoftirqd/1-6585  [001] ...2  1121.499195: sched_switch: prev_comm=ksoftirqd/1 prev_pid=6585 prev_prio=120 prev_state=S ==> next_comm=swapper/1 next_pid=0 next_prio=120
          <idle>-0     [000] ...2  1121.499290: sched_switch: prev_comm=swapper/0 prev_pid=0 prev_prio=120 prev_state=R ==> next_comm=mmcqd/1 next_pid=116 next_prio=120
         mmcqd/1-116   [000] ...1  1121.499316: block_rq_complete: 179,0 RA () 4026944 + 8 [0]
         mmcqd/1-116   [000] ...2  1121.499343: sched_switch: prev_comm=mmcqd/1 prev_pid=116 prev_prio=120 prev_state=S ==> next_comm=main next_pid=6581 next_prio=120
            main-6581  [000] d..2  1121.499393: block_rq_insert: 179,0 R 0 () 4028616 + 96 [main]
            main-6581  [000] d..2  1121.499395: block_rq_insert: 179,0 R 0 () 4028736 + 56 [main]
            main-6581  [000] ...2  1121.499402: sched_switch: prev_comm=main prev_pid=6581 prev_prio=120 prev_state=D|W ==> next_comm=swapper/0 next_pid=0 next_prio=120
          <idle>-0     [000] ...2  1121.499747: sched_switch: prev_comm=swapper/0 prev_pid=0 prev_prio=120 prev_state=R ==> next_comm=mmcqd/1 next_pid=116 next_prio=120
         mmcqd/1-116   [000] ...1  1121.499779: block_rq_complete: 179,0 RA () 4026960 + 40 [0]
         mmcqd/1-116   [000] ...2  1121.499822: sched_switch: prev_comm=mmcqd/1 prev_pid=116 prev_prio=120 prev_state=S ==> next_comm=swapper/0 next_pid=0 next_prio=120
          <idle>-0     [000] ...2  1121.500065: sched_switch: prev_comm=swapper/0 prev_pid=0 prev_prio=120 prev_state=R ==> next_comm=mmcqd/1 next_pid=116 next_prio=120
