          <idle>-0     [000] ...2  1171.237452: sched_switch: prev_comm=swapper/0 prev_pid=0 prev_prio=120 prev_state=R ==> next_comm=mmcqd/1 next_pid=116 next_prio=120
         mmcqd/1-116   [000] ...1  1171.237481: block_rq_complete: 179,0 RA () 4082168 + 32 [0]
         mmcqd/1-116   [000] ...2  1171.237496: sched_switch: prev_comm=mmcqd/1 prev_pid=116 prev_prio=120 prev_state=S ==> next_comm=main next_pid=6833 next_prio=120
            main-6833  [000] ...2  1171.237545: sched_switch: prev_comm=main prev_pid=6833 prev_prio=120 prev_state=D|W ==> next_comm=swapper/0 next_pid=0 next_prio=120
          <idle>-0     [000] ...2  1171.237735: sched_switch: prev_comm=swapper/0 prev_pid=0 prev_prio=120 prev_state=R ==> next_comm=mmcqd/1 next_pid=116 next_prio=120
         mmcqd/1-116   [000] ...1  1171.237745: block_rq_complete: 179,0 RA () 4082240 + 8 [0]
         mmcqd/1-116   [000] ...2  1171.237760: sched_switch: prev_comm=mmcqd/1 prev_pid=116 prev_prio=120 prev_state=R+ ==> next_comm=kworker/0:1H next_pid=17 next_prio=100
    kworker/0:1H-17    [000] ...2  1171.237767: sched_switch: prev_comm=kworker/0:1H prev_pid=17 prev_prio=100 prev_state=S ==> next_comm=mmcqd/1 next_pid=116 next_prio=120
         mmcqd/1-116   [000] ...2  1171.237776: sched_switch: prev_comm=mmcqd/1 prev_pid=116 prev_prio=120 prev_state=S ==> next_comm=main next_pid=6833 next_prio=120
            main-6833  [000] d..2  1171.237837: block_rq_insert: 179,0 R 0 () 4082680 + 96 [main]
            main-6833  [000] ...2  1171.237846: sched_switch: prev_comm=main prev_pid=6833 prev_prio=120 prev_state=R+ ==> next_comm=mmcqd/1 next_pid=116 next_prio=120
         mmcqd/1-116   [000] ...2  1171.237903: sched_switch: prev_comm=mmcqd/1 prev_pid=116 prev_prio=120 prev_state=S ==> next_comm=main next_pid=6833 next_prio=120
            main-6833  [000] ...2  1171.237908: sched_switch: prev_comm=main prev_pid=6833 prev_prio=120 prev_state=D|W ==> next_comm=swapper/0 next_pid=0 next_prio=120
          <idle>-0     [000] ...2  1171.238677: sched_switch: prev_comm=swapper/0 prev_pid=0 prev_prio=120 prev_state=R ==> next_comm=mmcqd/1 next_pid=116 next_prio=120
         mmcqd/1-116   [000] ...1  1171.238705: block_rq_complete: 179,0 RA () 4082680 + 96 [0]
         mmcqd/1-116   [000] ...2  1171.238724: sched_switch: prev_comm=mmcqd/1 prev_pid=116 prev_prio=120 prev_state=R+ ==> next_comm=kworker/0:1H next_pid=17 next_prio=100
    kworker/0:1H-17    [000] ...2  1171.238731: sched_switch: prev_comm=kworker/0:1H prev_pid=17 prev_prio=100 prev_state=S ==> next_comm=mmcqd/1 next_pid=116 next_prio=120
         mmcqd/1-116   [000] ...2  1171.238739: sched_switch: prev_comm=mmcqd/1 prev_pid=116 prev_prio=120 prev_state=S ==> next_comm=main next_pid=6833 next_prio=120
            main-6833  [000] d..2  1171.238878: block_rq_insert: 179,0 R 0 () 4072976 + 16 [main]
            main-6833  [000] d..2  1171.238881: block_rq_insert: 179,0 R 0 () 4073024 + 8 [main]
            main-6833  [000] d..2  1171.238883: block_rq_insert: 179,0 R 0 () 4073040 + 16 [main]
            main-6833  [000] d..2  1171.238885: block_rq_insert: 179,0 R 0 () 4073064 + 24 [main]
            main-6833  [000] d..2  1171.238887: block_rq_insert: 179,0 R 0 () 4073096 + 16 [main]
            main-6833  [000] d..2  1171.238888: block_rq_insert: 179,0 R 0 () 4073120 + 72 [main]
            main-6833  [000] d..2  1171.238890: block_rq_insert: 179,0 R 0 () 4073208 + 16 [main]
            main-6833  [000] ...2  1171.238914: sched_switch: prev_comm=main prev_pid=6833 prev_prio=120 prev_state=R+ ==> next_comm=mmcqd/1 next_pid=116 next_prio=120
         mmcqd/1-116   [000] ...2  1171.238973: sched_switch: prev_comm=mmcqd/1 prev_pid=116 prev_prio=120 prev_state=S ==> next_comm=main next_pid=6833 next_prio=120
            main-6833  [000] ...2  1171.238979: sched_switch: prev_comm=main prev_pid=6833 prev_prio=120 prev_state=D|W ==> next_comm=swapper/0 next_pid=0 next_prio=120
          <idle>-0     [000] ...2  1171.239379: sched_switch: prev_comm=swapper/0 prev_pid=0 prev_prio=120 prev_state=R ==> next_comm=mmcqd/1 next_pid=116 next_prio=120
         mmcqd/1-116   [000] ...1  1171.239405: block_rq_complete: 179,0 RA () 4073208 + 16 [0]
         mmcqd/1-116   [000] ...2  1171.239425: sched_switch: prev_comm=mmcqd/1 prev_pid=116 prev_prio=120 prev_state=S ==> next_comm=swapper/0 next_pid=0 next_prio=120
          <idle>-0     [000] ...2  1171.239958: sched_switch: prev_comm=swapper/0 prev_pid=0 prev_prio=120 prev_state=R ==> next_comm=mmcqd/1 next_pid=116 next_prio=120
         mmcqd/1-116   [000] ...1  1171.239995: block_rq_complete: 179,0 RA () 4073120 + 72 [0]
         mmcqd/1-116   [000] ...2  1171.240018: sched_switch: prev_comm=mmcqd/1 prev_pid=116 prev_prio=120 prev_state=S ==> next_comm=swapper/0 next_pid=0 next_prio=120
          <idle>-0     [000] ...2  1171.240243: sched_switch: prev_comm=swapper/0 prev_pid=0 prev_prio=120 prev_state=R ==> next_comm=mmcqd/1 next_pid=116 next_prio=120
         mmcqd/1-116   [000] ...1  1171.240268: block_rq_complete: 179,0 RA () 4073096 + 16 [0]
         mmcqd/1-116   [000] ...2  1171.240291: sched_switch: prev_comm=mmcqd/1 prev_pid=116 prev_prio=120 prev_state=S ==> next_comm=main next_pid=6833 next_prio=120
            main-6833  [000] d..2  1171.240358: block_rq_insert: 179,0 R 0 () 4085240 + 72 [main]
            main-6833  [000] d..2  1171.240360: block_rq_insert: 179,0 R 0 () 4085320 + 16 [main]
            main-6833  [000] d..2  1171.240362: block_rq_insert: 179,0 R 0 () 4085344 + 24 [main]
            main-6833  [000] d..2  1171.240363: block_rq_insert: 179,0 R 0 () 4085376 + 16 [main]
            main-6833  [000] d..2  1171.240364: block_rq_insert: 179,0 R 0 () 4085408 + 8 [main]
            main-6833  [000] d..2  1171.240366: block_rq_insert: 179,0 R 0 () 4085432 + 16 [main]
            main-6833  [000] ...2  1171.240372: sched_switch: prev_comm=main prev_pid=6833 prev_prio=120 prev_state=D|W ==> next_comm=swapper/0 next_pid=0 next_prio=120
          <idle>-0     [000] ...2  1171.240603: sched_switch: prev_comm=swapper/0 prev_pid=0 prev_prio=120 prev_state=R ==> next_comm=mmcqd/1 next_pid=116 next_prio=120
         mmcqd/1-116   [000] ...1  1171.240630: block_rq_complete: 179,0 RA () 4073064 + 24 [0]
         mmcqd/1-116   [000] ...2  1171.240647: sched_switch: prev_comm=mmcqd/1 prev_pid=116 prev_prio=120 prev_state=S ==> next_comm=swapper/0 next_pid=0 next_prio=120
          <idle>-0     [000] ...2  1171.240920: sched_switch: prev_comm=swapper/0 prev_pid=0 prev_prio=120 prev_state=R ==> next_comm=mmcqd/1 next_pid=116 next_prio=120
         mmcqd/1-116   [000] ...1  1171.240945: block_rq_complete: 179,0 RA () 4073040 + 16 [0]
         mmcqd/1-116   [000] ...2  1171.240964: sched_switch: prev_comm=mmcqd/1 prev_pid=116 prev_prio=120 prev_state=S ==> next_comm=swapper/0 next_pid=0 next_prio=120
          <idle>-0     [000] ...2  1171.241242: sched_switch: prev_comm=swapper/0 prev_pid=0 prev_prio=120 prev_state=R ==> next_comm=mmcqd/1 next_pid=116 next_prio=120
         mmcqd/1-116   [000] ...1  1171.241266: block_rq_complete: 179,0 RA () 4073024 + 8 [0]
         mmcqd/1-116   [000] ...2  1171.241298: sched_switch: prev_comm=mmcqd/1 prev_pid=116 prev_prio=120 prev_state=S ==> next_comm=swapper/0 next_pid=0 next_prio=120
          <idle>-0     [000] ...2  1171.241553: sched_switch: prev_comm=swapper/0 prev_pid=0 prev_prio=120 prev_state=R ==> next_comm=mmcqd/1 next_pid=116 next_prio=120
         mmcqd/1-116   [000] ...1  1171.241579: block_rq_complete: 179,0 RA () 4072976 + 16 [0]
         mmcqd/1-116   [000] ...2  1171.241597: sched_switch: prev_comm=mmcqd/1 prev_pid=116 prev_prio=120 prev_state=S ==> next_comm=swapper/0 next_pid=0 next_prio=120
          <idle>-0     [000] ...2  1171.242261: sched_switch: prev_comm=swapper/0 prev_pid=0 prev_prio=120 prev_state=R ==> next_comm=mmcqd/1 next_pid=116 next_prio=120
         mmcqd/1-116   [000] ...1  1171.242298: block_rq_complete: 179,0 RA () 4085240 + 72 [0]
         mmcqd/1-116   [000] ...2  1171.242321: sched_switch: prev_comm=mmcqd/1 prev_pid=116 prev_prio=120 prev_state=S ==> next_comm=swapper/0 next_pid=0 next_prio=120
          <idle>-0     [000] ...2  1171.242569: sched_switch: prev_comm=swapper/0 prev_pid=0 prev_prio=120 prev_state=R ==> next_comm=mmcqd/1 next_pid=116 next_prio=120
         mmcqd/1-116   [000] ...1  1171.242594: block_rq_complete: 179,0 RA () 4085320 + 16 [0]
         mmcqd/1-116   [000] ...2  1171.242617: sched_switch: prev_comm=mmcqd/1 prev_pid=116 prev_prio=120 prev_state=S ==> next_comm=main next_pid=6833 next_prio=120
            main-6833  [000] d..2  1171.242890: block_rq_insert: 179,0 R 0 () 4083344 + 8 [main]
            main-6833  [000] d..2  1171.242893: block_rq_insert: 179,0 R 0 () 4083392 + 24 [main]
            main-6833  [000] d..2  1171.242895: block_rq_insert: 179,0 R 0 () 4083424 + 32 [main]
            main-6833  [000] d..2  1171.242897: block_rq_insert: 179,0 R 0 () 4083496 + 8 [main]
            main-6833  [000] ...2  1171.242923: sched_switch: prev_comm=main prev_pid=6833 prev_prio=120 prev_state=R+ ==> next_comm=mmcqd/1 next_pid=116 next_prio=120
         mmcqd/1-116   [000] ...1  1171.242952: block_rq_complete: 179,0 RA () 4085344 + 24 [0]
         mmcqd/1-116   [000] ...2  1171.242972: sched_switch: prev_comm=mmcqd/1 prev_pid=116 prev_prio=120 prev_state=S ==> next_comm=main next_pid=6833 next_prio=120
            main-6833  [000] ...2  1171.242977: sched_switch: prev_comm=main prev_pid=6833 prev_prio=120 prev_state=D|W ==> next_comm=swapper/0 next_pid=0 next_prio=120
          <idle>-0     [000] ...2  1171.243233: sched_switch: prev_comm=swapper/0 prev_pid=0 prev_prio=120 prev_state=R ==> next_comm=mmcqd/1 next_pid=116 next_prio=120
         mmcqd/1-116   [000] ...1  1171.243258: block_rq_complete: 179,0 RA () 4085376 + 16 [0]
         mmcqd/1-116   [000] ...2  1171.243278: sched_switch: prev_comm=mmcqd/1 prev_pid=116 prev_prio=120 prev_state=S ==> next_comm=swapper/0 next_pid=0 next_prio=120
          <idle>-0     [000] ...2  1171.243491: sched_switch: prev_comm=swapper/0 prev_pid=0 prev_prio=120 prev_state=R ==> next_comm=mmcqd/1 next_pid=116 next_prio=120
         mmcqd/1-116   [000] ...1  1171.243514: block_rq_complete: 179,0 RA () 4085408 + 8 [0]
         mmcqd/1-116   [000] ...2  1171.243531: sched_switch: prev_comm=mmcqd/1 prev_pid=116 prev_prio=120 prev_state=S ==> next_comm=swapper/0 next_pid=0 next_prio=120
          <idle>-0     [000] ...2  1171.243837: sched_switch: prev_comm=swapper/0 prev_pid=0 prev_prio=120 prev_state=R ==> next_comm=mmcqd/1 next_pid=116 next_prio=120
         mmcqd/1-116   [000] ...1  1171.243863: block_rq_complete: 179,0 RA () 4085432 + 16 [0]
         mmcqd/1-116   [000] ...2  1171.243886: sched_switch: prev_comm=mmcqd/1 prev_pid=116 prev_prio=120 prev_state=S ==> next_comm=swapper/0 next_pid=0 next_prio=120
          <idle>-0     [000] ...2  1171.244107: sched_switch: prev_comm=swapper/0 prev_pid=0 prev_prio=120 prev_state=R ==> next_comm=mmcqd/1 next_pid=116 next_prio=120
         mmcqd/1-116   [000] ...1  1171.244131: block_rq_complete: 179,0 RA () 4083496 + 8 [0]
         mmcqd/1-116   [000] ...2  1171.244151: sched_switch: prev_comm=mmcqd/1 prev_pid=116 prev_prio=120 prev_state=S ==> next_comm=swapper/0 next_pid=0 next_prio=120
          <idle>-0     [000] ...2  1171.244497: sched_switch: prev_comm=swapper/0 prev_pid=0 prev_prio=120 prev_state=R ==> next_comm=mmcqd/1 next_pid=116 next_prio=120
         mmcqd/1-116   [000] ...1  1171.244526: block_rq_complete: 179,0 RA () 4083424 + 32 [0]
         mmcqd/1-116   [000] ...2  1171.244543: sched_switch: prev_comm=mmcqd/1 prev_pid=116 prev_prio=120 prev_state=S ==> next_comm=swapper/0 next_pid=0 next_prio=120
          <idle>-0     [000] ...2  1171.244843: sched_switch: prev_comm=swapper/0 prev_pid=0 prev_prio=120 prev_state=R ==> next_comm=mmcqd/1 next_pid=116 next_prio=120
         mmcqd/1-116   [000] ...1  1171.244871: block_rq_complete: 179,0 RA () 4083392 + 24 [0]
         mmcqd/1-116   [000] ...2  1171.244886: sched_switch: prev_comm=mmcqd/1 prev_pid=116 prev_prio=120 prev_state=S ==> next_comm=main next_pid=6833 next_prio=120
            main-6833  [000] d..2  1171.244928: block_rq_insert: 179,0 R 0 () 4082888 + 24 [main]
            main-6833  [000] d..2  1171.244930: block_rq_insert: 179,0 R 0 () 4083008 + 8 [main]
            main-6833  [000] ...2  1171.244939: sched_switch: prev_comm=main prev_pid=6833 prev_prio=120 prev_state=R+ ==> next_comm=mmcqd/1 next_pid=116 next_prio=120
         mmcqd/1-116   [000] ...2  1171.244954: sched_switch: prev_comm=mmcqd/1 prev_pid=116 prev_prio=120 prev_state=S ==> next_comm=main next_pid=6833 next_prio=120
            main-6833  [000] ...2  1171.244959: sched_switch: prev_comm=main prev_pid=6833 prev_prio=120 prev_state=D|W ==> next_comm=swapper/0 next_pid=0 next_prio=120
          <idle>-0     [000] ...2  1171.245095: sched_switch: prev_comm=swapper/0 prev_pid=0 prev_prio=120 prev_state=R ==> next_comm=mmcqd/1 next_pid=116 next_prio=120
         mmcqd/1-116   [000] ...1  1171.245119: block_rq_complete: 179,0 RA () 4083344 + 8 [0]
         mmcqd/1-116   [000] ...2  1171.245140: sched_switch: prev_comm=mmcqd/1 prev_pid=116 prev_prio=120 prev_state=S ==> next_comm=swapper/0 next_pid=0 next_prio=120
          <idle>-0     [000] ...2  1171.245391: sched_switch: prev_comm=swapper/0 prev_pid=0 prev_prio=120 prev_state=R ==> next_comm=mmcqd/1 next_pid=116 next_prio=120
         mmcqd/1-116   [000] ...1  1171.245415: block_rq_complete: 179,0 RA () 4083008 + 8 [0]
         mmcqd/1-116   [000] ...2  1171.245425: sched_switch: prev_comm=mmcqd/1 prev_pid=116 prev_prio=120 prev_state=S ==> next_comm=swapper/0 next_pid=0 next_prio=120
          <idle>-0     [000] ...2  1171.245746: sched_switch: prev_comm=swapper/0 prev_pid=0 prev_prio=120 prev_state=R ==> next_comm=mmcqd/1 next_pid=116 next_prio=120
         mmcqd/1-116   [000] ...1  1171.245758: block_rq_complete: 179,0 RA () 4082888 + 24 [0]
         mmcqd/1-116   [000] ...2  1171.245774: sched_switch: prev_comm=mmcqd/1 prev_pid=116 prev_prio=120 prev_state=R+ ==> next_comm=kworker/0:1H next_pid=17 next_prio=100
    kworker/0:1H-17    [000] ...2  1171.245781: sched_switch: prev_comm=kworker/0:1H prev_pid=17 prev_prio=100 prev_state=S ==> next_comm=mmcqd/1 next_pid=116 next_prio=120
         mmcqd/1-116   [000] ...2  1171.245790: sched_switch: prev_comm=mmcqd/1 prev_pid=116 prev_prio=120 prev_state=S ==> next_comm=main next_pid=6833 next_prio=120
            main-6833  [000] d..2  1171.245919: block_rq_insert: 179,0 R 0 () 4085480 + 136 [main]
            main-6833  [000] ...2  1171.245930: sched_switch: prev_comm=main prev_pid=6833 prev_prio=120 prev_state=R+ ==> next_comm=mmcqd/1 next_pid=116 next_prio=120
         mmcqd/1-116   [000] ...2  1171.245996: sched_switch: prev_comm=mmcqd/1 prev_pid=116 prev_prio=120 prev_state=S ==> next_comm=main next_pid=6833 next_prio=120
            main-6833  [000] ...2  1171.246001: sched_switch: prev_comm=main prev_pid=6833 prev_prio=120 prev_state=D|W ==> next_comm=swapper/0 next_pid=0 next_prio=120
          <idle>-0     [000] ...2  1171.246896: sched_switch: prev_comm=swapper/0 prev_pid=0 prev_prio=120 prev_state=R ==> next_comm=mmcqd/1 next_pid=116 next_prio=120
         mmcqd/1-116   [000] ...1  1171.246932: block_rq_complete: 179,0 RA () 4085480 + 136 [0]
         mmcqd/1-116   [000] ...2  1171.246952: sched_switch: prev_comm=mmcqd/1 prev_pid=116 prev_prio=120 prev_state=R+ ==> next_comm=kworker/0:1H next_pid=17 next_prio=100
    kworker/0:1H-17    [000] ...2  1171.246958: sched_switch: prev_comm=kworker/0:1H prev_pid=17 prev_prio=100 prev_state=S ==> next_comm=mmcqd/1 next_pid=116 next_prio=120
         mmcqd/1-116   [000] ...2  1171.246967: sched_switch: prev_comm=mmcqd/1 prev_pid=116 prev_prio=120 prev_state=S ==> next_comm=main next_pid=6833 next_prio=120
            main-6833  [000] d..2  1171.247109: block_rq_insert: 179,0 R 0 () 4083264 + 8 [main]
            main-6833  [000] ...2  1171.247119: sched_switch: prev_comm=main prev_pid=6833 prev_prio=120 prev_state=R+ ==> next_comm=mmcqd/1 next_pid=116 next_prio=120
         mmcqd/1-116   [000] ...2  1171.247153: sched_switch: prev_comm=mmcqd/1 prev_pid=116 prev_prio=120 prev_state=S ==> next_comm=main next_pid=6833 next_prio=120
            main-6833  [000] ...2  1171.247159: sched_switch: prev_comm=main prev_pid=6833 prev_prio=120 prev_state=D|W ==> next_comm=swapper/0 next_pid=0 next_prio=120
          <idle>-0     [000] ...2  1171.247398: sched_switch: prev_comm=swapper/0 prev_pid=0 prev_prio=120 prev_state=R ==> next_comm=mmcqd/1 next_pid=116 next_prio=120
         mmcqd/1-116   [000] ...1  1171.247407: block_rq_complete: 179,0 RA () 4083264 + 8 [0]
         mmcqd/1-116   [000] ...2  1171.247422: sched_switch: prev_comm=mmcqd/1 prev_pid=116 prev_prio=120 prev_state=R+ ==> next_comm=kworker/0:1H next_pid=17 next_prio=100
    kworker/0:1H-17    [000] ...2  1171.247429: sched_switch: prev_comm=kworker/0:1H prev_pid=17 prev_prio=100 prev_state=S ==> next_comm=mmcqd/1 next_pid=116 next_prio=120
         mmcqd/1-116   [000] ...2  1171.247437: sched_switch: prev_comm=mmcqd/1 prev_pid=116 prev_prio=120 prev_state=S ==> next_comm=main next_pid=6833 next_prio=120
            main-6833  [000] d..2  1171.248093: block_rq_insert: 179,0 R 0 () 4085656 + 256 [main]
            main-6833  [000] ...2  1171.248104: sched_switch: prev_comm=main prev_pid=6833 prev_prio=120 prev_state=R+ ==> next_comm=mmcqd/1 next_pid=116 next_prio=120
         mmcqd/1-116   [000] ...2  1171.248199: sched_switch: prev_comm=mmcqd/1 prev_pid=116 prev_prio=120 prev_state=S ==> next_comm=main next_pid=6833 next_prio=120
            main-6833  [000] ...2  1171.248204: sched_switch: prev_comm=main prev_pid=6833 prev_prio=120 prev_state=D|W ==> next_comm=swapper/0 next_pid=0 next_prio=120
          <idle>-0     [000] ...2  1171.249654: sched_switch: prev_comm=swapper/0 prev_pid=0 prev_prio=120 prev_state=R ==> next_comm=mmcqd/1 next_pid=116 next_prio=120
         mmcqd/1-116   [000] ...1  1171.249715: block_rq_complete: 179,0 RA () 4085656 + 256 [0]
         mmcqd/1-116   [000] ...2  1171.249738: sched_switch: prev_comm=mmcqd/1 prev_pid=116 prev_prio=120 prev_state=R+ ==> next_comm=kworker/0:1H next_pid=17 next_prio=100
    kworker/0:1H-17    [000] ...2  1171.249745: sched_switch: prev_comm=kworker/0:1H prev_pid=17 prev_prio=100 prev_state=S ==> next_comm=mmcqd/1 next_pid=116 next_prio=120
         mmcqd/1-116   [000] ...2  1171.249754: sched_switch: prev_comm=mmcqd/1 prev_pid=116 prev_prio=120 prev_state=S ==> next_comm=main next_pid=6833 next_prio=120
            main-6833  [000] d..2  1171.250670: block_rq_insert: 179,0 R 0 () 4085912 + 256 [main]
            main-6833  [000] ...2  1171.250682: sched_switch: prev_comm=main prev_pid=6833 prev_prio=120 prev_state=R+ ==> next_comm=mmcqd/1 next_pid=116 next_prio=120
         mmcqd/1-116   [000] ...2  1171.250779: sched_switch: prev_comm=mmcqd/1 prev_pid=116 prev_prio=120 prev_state=S ==> next_comm=main next_pid=6833 next_prio=120
            main-6833  [000] ...2  1171.250851: sched_switch: prev_comm=main prev_pid=6833 prev_prio=120 prev_state=D|W ==> next_comm=swapper/0 next_pid=0 next_prio=120
          <idle>-0     [000] ...2  1171.252216: sched_switch: prev_comm=swapper/0 prev_pid=0 prev_prio=120 prev_state=R ==> next_comm=mmcqd/1 next_pid=116 next_prio=120
         mmcqd/1-116   [000] ...1  1171.252276: block_rq_complete: 179,0 RA () 4085912 + 256 [0]
         mmcqd/1-116   [000] ...2  1171.252300: sched_switch: prev_comm=mmcqd/1 prev_pid=116 prev_prio=120 prev_state=R+ ==> next_comm=kworker/0:1H next_pid=17 next_prio=100
    kworker/0:1H-17    [000] ...2  1171.252307: sched_switch: prev_comm=kworker/0:1H prev_pid=17 prev_prio=100 prev_state=S ==> next_comm=mmcqd/1 next_pid=116 next_prio=120
         mmcqd/1-116   [000] ...2  1171.252316: sched_switch: prev_comm=mmcqd/1 prev_pid=116 prev_prio=120 prev_state=S ==> next_comm=main next_pid=6833 next_prio=120
            main-6833  [000] d..2  1171.252389: block_rq_insert: 179,0 R 0 () 4072864 + 64 [main]
            main-6833  [000] d..2  1171.252391: block_rq_insert: 179,0 R 0 () 4072944 + 8 [main]
            main-6833  [000] ...2  1171.252400: sched_switch: prev_comm=main prev_pid=6833 prev_prio=120 prev_state=R+ ==> next_comm=mmcqd/1 next_pid=116 next_prio=120
         mmcqd/1-116   [000] ...2  1171.252455: sched_switch: prev_comm=mmcqd/1 prev_pid=116 prev_prio=120 prev_state=S ==> next_comm=main next_pid=6833 next_prio=120
            main-6833  [000] ...2  1171.252463: sched_switch: prev_comm=main prev_pid=6833 prev_prio=120 prev_state=D|W ==> next_comm=swapper/0 next_pid=0 next_prio=120
          <idle>-0     [000] ...2  1171.252674: sched_switch: prev_comm=swapper/0 prev_pid=0 prev_prio=120 prev_state=R ==> next_comm=mmcqd/1 next_pid=116 next_prio=120
         mmcqd/1-116   [000] ...1  1171.252698: block_rq_complete: 179,0 RA () 4072944 + 8 [0]
         mmcqd/1-116   [000] ...2  1171.252710: sched_switch: prev_comm=mmcqd/1 prev_pid=116 prev_prio=120 prev_state=S ==> next_comm=swapper/0 next_pid=0 next_prio=120
          <idle>-0     [000] ...2  1171.253226: sched_switch: prev_comm=swapper/0 prev_pid=0 prev_prio=120 prev_state=R ==> next_comm=mmcqd/1 next_pid=116 next_prio=120
         mmcqd/1-116   [000] ...1  1171.253247: block_rq_complete: 179,0 RA () 4072864 + 64 [0]
         mmcqd/1-116   [000] ...2  1171.253265: sched_switch: prev_comm=mmcqd/1 prev_pid=116 prev_prio=120 prev_state=R+ ==> next_comm=kworker/0:1H next_pid=17 next_prio=100
    kworker/0:1H-17    [000] ...2  1171.253272: sched_switch: prev_comm=kworker/0:1H prev_pid=17 prev_prio=100 prev_state=S ==> next_comm=mmcqd/1 next_pid=116 next_prio=120
         mmcqd/1-116   [000] ...2  1171.253280: sched_switch: prev_comm=mmcqd/1 prev_pid=116 prev_prio=120 prev_state=S ==> next_comm=main next_pid=6833 next_prio=120
            main-6833  [000] d..2  1171.253564: block_rq_insert: 179,0 R 0 () 4086168 + 184 [main]
            main-6833  [000] ...2  1171.253574: sched_switch: prev_comm=main prev_pid=6833 prev_prio=120 prev_state=R+ ==> next_comm=mmcqd/1 next_pid=116 next_prio=120
         mmcqd/1-116   [000] ...2  1171.253651: sched_switch: prev_comm=mmcqd/1 prev_pid=116 prev_prio=120 prev_state=S ==> next_comm=main next_pid=6833 next_prio=120
            main-6833  [000] ...2  1171.253659: sched_switch: prev_comm=main prev_pid=6833 prev_prio=120 prev_state=D|W ==> next_comm=swapper/0 next_pid=0 next_prio=120
          <idle>-0     [000] ...2  1171.254772: sched_switch: prev_comm=swapper/0 prev_pid=0 prev_prio=120 prev_state=R ==> next_comm=mmcqd/1 next_pid=116 next_prio=120
         mmcqd/1-116   [000] ...1  1171.254816: block_rq_complete: 179,0 RA () 4086168 + 184 [0]
         mmcqd/1-116   [000] ...2  1171.254836: sched_switch: prev_comm=mmcqd/1 prev_pid=116 prev_prio=120 prev_state=R+ ==> next_comm=kworker/0:1H next_pid=17 next_prio=100
    kworker/0:1H-17    [000] ...2  1171.254843: sched_switch: prev_comm=kworker/0:1H prev_pid=17 prev_prio=100 prev_state=S ==> next_comm=mmcqd/1 next_pid=116 next_prio=120
         mmcqd/1-116   [000] ...2  1171.254851: sched_switch: prev_comm=mmcqd/1 prev_pid=116 prev_prio=120 prev_state=S ==> next_comm=main next_pid=6833 next_prio=120
            main-6833  [000] d..2  1171.255167: block_rq_insert: 179,0 R 0 () 1207472 + 8 [main]
            main-6833  [000] d..2  1171.255170: block_rq_insert: 179,0 R 0 () 1207488 + 24 [main]
            main-6833  [000] d..2  1171.255171: block_rq_insert: 179,0 R 0 () 1207584 + 24 [main]
            main-6833  [000] ...2  1171.255181: sched_switch: prev_comm=main prev_pid=6833 prev_prio=120 prev_state=R+ ==> next_comm=mmcqd/1 next_pid=116 next_prio=120
         mmcqd/1-116   [000] ...2  1171.255230: sched_switch: prev_comm=mmcqd/1 prev_pid=116 prev_prio=120 prev_state=S ==> next_comm=main next_pid=6833 next_prio=120
            main-6833  [000] ...2  1171.255238: sched_switch: prev_comm=main prev_pid=6833 prev_prio=120 prev_state=D|W ==> next_comm=swapper/0 next_pid=0 next_prio=120
          <idle>-0     [000] ...2  1171.255254: sched_switch: prev_comm=swapper/0 prev_pid=0 prev_prio=120 prev_state=R ==> next_comm=ksoftirqd/0 next_pid=3 next_prio=120
     ksoftirqd/0-3     [000] ...2  1171.255264: sched_switch: prev_comm=ksoftirqd/0 prev_pid=3 prev_prio=120 prev_state=S ==> next_comm=swapper/0 next_pid=0 next_prio=120
          <idle>-0     [000] ...2  1171.255280: sched_switch: prev_comm=swapper/0 prev_pid=0 prev_prio=120 prev_state=R ==> next_comm=ksoftirqd/0 next_pid=3 next_prio=120
     ksoftirqd/0-3     [000] ...2  1171.255287: sched_switch: prev_comm=ksoftirqd/0 prev_pid=3 prev_prio=120 prev_state=S ==> next_comm=swapper/0 next_pid=0 next_prio=120
          <idle>-0     [000] ...2  1171.255301: sched_switch: prev_comm=swapper/0 prev_pid=0 prev_prio=120 prev_state=R ==> next_comm=ksoftirqd/0 next_pid=3 next_prio=120
     ksoftirqd/0-3     [000] ...2  1171.255309: sched_switch: prev_comm=ksoftirqd/0 prev_pid=3 prev_prio=120 prev_state=S ==> next_comm=swapper/0 next_pid=0 next_prio=120
          <idle>-0     [000] ...2  1171.255463: sched_switch: prev_comm=swapper/0 prev_pid=0 prev_prio=120 prev_state=R ==> next_comm=mmcqd/1 next_pid=116 next_prio=120
         mmcqd/1-116   [000] ...1  1171.255488: block_rq_complete: 179,0 RA () 1207472 + 8 [0]
         mmcqd/1-116   [000] ...2  1171.255511: sched_switch: prev_comm=mmcqd/1 prev_pid=116 prev_prio=120 prev_state=S ==> next_comm=swapper/0 next_pid=0 next_prio=120
          <idle>-0     [000] ...2  1171.255816: sched_switch: prev_comm=swapper/0 prev_pid=0 prev_prio=120 prev_state=R ==> next_comm=mmcqd/1 next_pid=116 next_prio=120
         mmcqd/1-116   [000] ...1  1171.255843: block_rq_complete: 179,0 RA () 1207488 + 24 [0]
         mmcqd/1-116   [000] ...2  1171.255856: sched_switch: prev_comm=mmcqd/1 prev_pid=116 prev_prio=120 prev_state=S ==> next_comm=swapper/0 next_pid=0 next_prio=120
          <idle>-0     [000] ...2  1171.256157: sched_switch: prev_comm=swapper/0 prev_pid=0 prev_prio=120 prev_state=R ==> next_comm=mmcqd/1 next_pid=116 next_prio=120
         mmcqd/1-116   [000] ...1  1171.256169: block_rq_complete: 179,0 RA () 1207584 + 24 [0]
         mmcqd/1-116   [000] ...2  1171.256186: sched_switch: prev_comm=mmcqd/1 prev_pid=116 prev_prio=120 prev_state=R+ ==> next_comm=kworker/0:1H next_pid=17 next_prio=100
    kworker/0:1H-17    [000] ...2  1171.256193: sched_switch: prev_comm=kworker/0:1H prev_pid=17 prev_prio=100 prev_state=S ==> next_comm=mmcqd/1 next_pid=116 next_prio=120
         mmcqd/1-116   [000] ...2  1171.256201: sched_switch: prev_comm=mmcqd/1 prev_pid=116 prev_prio=120 prev_state=S ==> next_comm=main next_pid=6833 next_prio=120
            main-6833  [000] d..2  1171.258114: block_rq_insert: 179,0 R 0 () 3996192 + 8 [main]
            main-6833  [000] d..2  1171.258119: block_rq_insert: 179,0 R 0 () 3996264 + 8 [main]
            main-6833  [000] ...2  1171.258132: sched_switch: prev_comm=main prev_pid=6833 prev_prio=120 prev_state=R+ ==> next_comm=mmcqd/1 next_pid=116 next_prio=120
         mmcqd/1-116   [000] ...2  1171.258184: sched_switch: prev_comm=mmcqd/1 prev_pid=116 prev_prio=120 prev_state=S ==> next_comm=main next_pid=6833 next_prio=120
            main-6833  [000] ...2  1171.258194: sched_switch: prev_comm=main prev_pid=6833 prev_prio=120 prev_state=D|W ==> next_comm=swapper/0 next_pid=0 next_prio=120
          <idle>-0     [000] ...2  1171.258425: sched_switch: prev_comm=swapper/0 prev_pid=0 prev_prio=120 prev_state=R ==> next_comm=mmcqd/1 next_pid=116 next_prio=120
         mmcqd/1-116   [000] ...1  1171.258451: block_rq_complete: 179,0 RA () 3996192 + 8 [0]
         mmcqd/1-116   [000] ...2  1171.258466: sched_switch: prev_comm=mmcqd/1 prev_pid=116 prev_prio=120 prev_state=S ==> next_comm=swapper/0 next_pid=0 next_prio=120
          <idle>-0     [000] ...2  1171.258715: sched_switch: prev_comm=swapper/0 prev_pid=0 prev_prio=120 prev_state=R ==> next_comm=mmcqd/1 next_pid=116 next_prio=120
         mmcqd/1-116   [000] ...1  1171.258724: block_rq_complete: 179,0 RA () 3996264 + 8 [0]
         mmcqd/1-116   [000] ...2  1171.258741: sched_switch: prev_comm=mmcqd/1 prev_pid=116 prev_prio=120 prev_state=R+ ==> next_comm=kworker/0:1H next_pid=17 next_prio=100
    kworker/0:1H-17    [000] ...2  1171.258749: sched_switch: prev_comm=kworker/0:1H prev_pid=17 prev_prio=100 prev_state=S ==> next_comm=mmcqd/1 next_pid=116 next_prio=120
         mmcqd/1-116   [000] ...2  1171.258758: sched_switch: prev_comm=mmcqd/1 prev_pid=116 prev_prio=120 prev_state=S ==> next_comm=main next_pid=6833 next_prio=120
            main-6833  [000] d..2  1171.261238: block_rq_insert: 179,0 R 0 () 4082472 + 16 [main]
            main-6833  [000] d..2  1171.261242: block_rq_insert: 179,0 R 0 () 4082496 + 8 [main]
            main-6833  [000] d..2  1171.261244: block_rq_insert: 179,0 R 0 () 4082512 + 8 [main]
            main-6833  [000] d..2  1171.261245: block_rq_insert: 179,0 R 0 () 4082536 + 8 [main]
            main-6833  [000] d..2  1171.261247: block_rq_insert: 179,0 R 0 () 4082552 + 48 [main]
            main-6833  [000] ...2  1171.261258: sched_switch: prev_comm=main prev_pid=6833 prev_prio=120 prev_state=R+ ==> next_comm=mmcqd/1 next_pid=116 next_prio=120
         mmcqd/1-116   [000] ...2  1171.261311: sched_switch: prev_comm=mmcqd/1 prev_pid=116 prev_prio=120 prev_state=S ==> next_comm=main next_pid=6833 next_prio=120
            main-6833  [000] ...2  1171.261317: sched_switch: prev_comm=main prev_pid=6833 prev_prio=120 prev_state=D|W ==> next_comm=swapper/0 next_pid=0 next_prio=120
          <idle>-0     [000] ...2  1171.261579: sched_switch: prev_comm=swapper/0 prev_pid=0 prev_prio=120 prev_state=R ==> next_comm=mmcqd/1 next_pid=116 next_prio=120
         mmcqd/1-116   [000] ...1  1171.261605: block_rq_complete: 179,0 RA () 4082472 + 16 [0]
         mmcqd/1-116   [000] ...2  1171.261628: sched_switch: prev_comm=mmcqd/1 prev_pid=116 prev_prio=120 prev_state=S ==> next_comm=main next_pid=6833 next_prio=120
            main-6833  [000] ...2  1171.261854: sched_switch: prev_comm=main prev_pid=6833 prev_prio=120 prev_state=R ==> next_comm=mmcqd/1 next_pid=116 next_prio=120
         mmcqd/1-116   [000] ...1  1171.261879: block_rq_complete: 179,0 RA () 4082496 + 8 [0]
         mmcqd/1-116   [000] ...2  1171.261899: sched_switch: prev_comm=mmcqd/1 prev_pid=116 prev_prio=120 prev_state=S ==> next_comm=main next_pid=6833 next_prio=120
            main-6833  [000] ...2  1171.262180: sched_switch: prev_comm=main prev_pid=6833 prev_prio=120 prev_state=R ==> next_comm=mmcqd/1 next_pid=116 next_prio=120
         mmcqd/1-116   [000] ...1  1171.262204: block_rq_complete: 179,0 RA () 4082512 + 8 [0]
         mmcqd/1-116   [000] ...2  1171.262232: sched_switch: prev_comm=mmcqd/1 prev_pid=116 prev_prio=120 prev_state=S ==> next_comm=main next_pid=6833 next_prio=120
            main-6833  [000] ...2  1171.262470: sched_switch: prev_comm=main prev_pid=6833 prev_prio=120 prev_state=R ==> next_comm=mmcqd/1 next_pid=116 next_prio=120
         mmcqd/1-116   [000] ...1  1171.262494: block_rq_complete: 179,0 RA () 4082536 + 8 [0]
         mmcqd/1-116   [000] ...2  1171.262505: sched_switch: prev_comm=mmcqd/1 prev_pid=116 prev_prio=120 prev_state=S ==> next_comm=main next_pid=6833 next_prio=120
            main-6833  [000] ...2  1171.262980: sched_switch: prev_comm=main prev_pid=6833 prev_prio=120 prev_state=R ==> next_comm=mmcqd/1 next_pid=116 next_prio=120
         mmcqd/1-116   [000] ...1  1171.262998: block_rq_complete: 179,0 RA () 4082552 + 48 [0]
         mmcqd/1-116   [000] ...2  1171.263012: sched_switch: prev_comm=mmcqd/1 prev_pid=116 prev_prio=120 prev_state=R+ ==> next_comm=kworker/0:1H next_pid=17 next_prio=100
    kworker/0:1H-17    [000] ...2  1171.263019: sched_switch: prev_comm=kworker/0:1H prev_pid=17 prev_prio=100 prev_state=S ==> next_comm=mmcqd/1 next_pid=116 next_prio=120
         mmcqd/1-116   [000] ...2  1171.263028: sched_switch: prev_comm=mmcqd/1 prev_pid=116 prev_prio=120 prev_state=S ==> next_comm=main next_pid=6833 next_prio=120
            main-6833  [000] ...2  1171.268906: sched_switch: prev_comm=main prev_pid=6833 prev_prio=120 prev_state=R ==> next_comm=kworker/u:0 next_pid=3362 next_prio=120
     kworker/u:0-3362  [000] ...2  1171.268921: sched_switch: prev_comm=kworker/u:0 prev_pid=3362 prev_prio=120 prev_state=S ==> next_comm=mpdecision next_pid=1527 next_prio=113
      mpdecision-1527  [000] ...2  1171.269161: sched_switch: prev_comm=mpdecision prev_pid=1527 prev_prio=113 prev_state=S ==> next_comm=main next_pid=6833 next_prio=120
            main-6833  [000] d..2  1171.271959: block_rq_insert: 179,0 R 0 () 802944 + 32 [main]
            main-6833  [000] ...2  1171.271973: sched_switch: prev_comm=main prev_pid=6833 prev_prio=120 prev_state=R+ ==> next_comm=mmcqd/1 next_pid=116 next_prio=120
         mmcqd/1-116   [000] ...2  1171.272022: sched_switch: prev_comm=mmcqd/1 prev_pid=116 prev_prio=120 prev_state=S ==> next_comm=main next_pid=6833 next_prio=120
            main-6833  [000] ...2  1171.272028: sched_switch: prev_comm=main prev_pid=6833 prev_prio=120 prev_state=D|W ==> next_comm=swapper/0 next_pid=0 next_prio=120
          <idle>-0     [000] ...2  1171.272047: sched_switch: prev_comm=swapper/0 prev_pid=0 prev_prio=120 prev_state=R ==> next_comm=ksoftirqd/0 next_pid=3 next_prio=120
     ksoftirqd/0-3     [000] ...2  1171.272055: sched_switch: prev_comm=ksoftirqd/0 prev_pid=3 prev_prio=120 prev_state=S ==> next_comm=swapper/0 next_pid=0 next_prio=120
          <idle>-0     [000] ...2  1171.272071: sched_switch: prev_comm=swapper/0 prev_pid=0 prev_prio=120 prev_state=R ==> next_comm=ksoftirqd/0 next_pid=3 next_prio=120
     ksoftirqd/0-3     [000] ...2  1171.272078: sched_switch: prev_comm=ksoftirqd/0 prev_pid=3 prev_prio=120 prev_state=S ==> next_comm=swapper/0 next_pid=0 next_prio=120
          <idle>-0     [000] ...2  1171.272091: sched_switch: prev_comm=swapper/0 prev_pid=0 prev_prio=120 prev_state=R ==> next_comm=ksoftirqd/0 next_pid=3 next_prio=120
     ksoftirqd/0-3     [000] ...2  1171.272102: sched_switch: prev_comm=ksoftirqd/0 prev_pid=3 prev_prio=120 prev_state=S ==> next_comm=swapper/0 next_pid=0 next_prio=120
          <idle>-0     [000] ...2  1171.272492: sched_switch: prev_comm=swapper/0 prev_pid=0 prev_prio=120 prev_state=R ==> next_comm=mmcqd/1 next_pid=116 next_prio=120
         mmcqd/1-116   [000] ...1  1171.272508: block_rq_complete: 179,0 RA () 802944 + 32 [0]
         mmcqd/1-116   [000] ...2  1171.272527: sched_switch: prev_comm=mmcqd/1 prev_pid=116 prev_prio=120 prev_state=R+ ==> next_comm=kworker/0:1H next_pid=17 next_prio=100
    kworker/0:1H-17    [000] ...2  1171.272534: sched_switch: prev_comm=kworker/0:1H prev_pid=17 prev_prio=100 prev_state=S ==> next_comm=mmcqd/1 next_pid=116 next_prio=120
         mmcqd/1-116   [000] ...2  1171.272543: sched_switch: prev_comm=mmcqd/1 prev_pid=116 prev_prio=120 prev_state=S ==> next_comm=main next_pid=6833 next_prio=120
            main-6833  [000] d..2  1171.272577: block_rq_insert: 179,0 R 0 () 802976 + 16 [main]
            main-6833  [000] ...2  1171.272588: sched_switch: prev_comm=main prev_pid=6833 prev_prio=120 prev_state=R+ ==> next_comm=mmcqd/1 next_pid=116 next_prio=120
         mmcqd/1-116   [000] ...2  1171.272626: sched_switch: prev_comm=mmcqd/1 prev_pid=116 prev_prio=120 prev_state=S ==> next_comm=main next_pid=6833 next_prio=120
            main-6833  [000] ...2  1171.272658: sched_switch: prev_comm=main prev_pid=6833 prev_prio=120 prev_state=D|W ==> next_comm=swapper/0 next_pid=0 next_prio=120
          <idle>-0     [000] ...2  1171.272898: sched_switch: prev_comm=swapper/0 prev_pid=0 prev_prio=120 prev_state=R ==> next_comm=mmcqd/1 next_pid=116 next_prio=120
         mmcqd/1-116   [000] ...1  1171.272909: block_rq_complete: 179,0 RA () 802976 + 16 [0]
         mmcqd/1-116   [000] ...2  1171.272926: sched_switch: prev_comm=mmcqd/1 prev_pid=116 prev_prio=120 prev_state=R+ ==> next_comm=kworker/0:1H next_pid=17 next_prio=100
    kworker/0:1H-17    [000] ...2  1171.272933: sched_switch: prev_comm=kworker/0:1H prev_pid=17 prev_prio=100 prev_state=S ==> next_comm=mmcqd/1 next_pid=116 next_prio=120
         mmcqd/1-116   [000] ...2  1171.272942: sched_switch: prev_comm=mmcqd/1 prev_pid=116 prev_prio=120 prev_state=S ==> next_comm=main next_pid=6833 next_prio=120
            main-6833  [000] d..2  1171.273220: block_rq_insert: 179,0 R 0 () 3984384 + 256 [main]
            main-6833  [000] ...2  1171.273232: sched_switch: prev_comm=main prev_pid=6833 prev_prio=120 prev_state=R+ ==> next_comm=mmcqd/1 next_pid=116 next_prio=120
         mmcqd/1-116   [000] ...2  1171.273328: sched_switch: prev_comm=mmcqd/1 prev_pid=116 prev_prio=120 prev_state=S ==> next_comm=main next_pid=6833 next_prio=120
            main-6833  [000] ...2  1171.273334: sched_switch: prev_comm=main prev_pid=6833 prev_prio=120 prev_state=D|W ==> next_comm=swapper/0 next_pid=0 next_prio=120
          <idle>-0     [000] ...2  1171.273349: sched_switch: prev_comm=swapper/0 prev_pid=0 prev_prio=120 prev_state=R ==> next_comm=ksoftirqd/0 next_pid=3 next_prio=120
     ksoftirqd/0-3     [000] ...2  1171.273357: sched_switch: prev_comm=ksoftirqd/0 prev_pid=3 prev_prio=120 prev_state=S ==> next_comm=swapper/0 next_pid=0 next_prio=120
          <idle>-0     [000] ...2  1171.273373: sched_switch: prev_comm=swapper/0 prev_pid=0 prev_prio=120 prev_state=R ==> next_comm=ksoftirqd/0 next_pid=3 next_prio=120
     ksoftirqd/0-3     [000] ...2  1171.273379: sched_switch: prev_comm=ksoftirqd/0 prev_pid=3 prev_prio=120 prev_state=S ==> next_comm=swapper/0 next_pid=0 next_prio=120
          <idle>-0     [000] ...2  1171.273392: sched_switch: prev_comm=swapper/0 prev_pid=0 prev_prio=120 prev_state=R ==> next_comm=ksoftirqd/0 next_pid=3 next_prio=120
     ksoftirqd/0-3     [000] ...2  1171.273400: sched_switch: prev_comm=ksoftirqd/0 prev_pid=3 prev_prio=120 prev_state=S ==> next_comm=swapper/0 next_pid=0 next_prio=120
          <idle>-0     [000] ...2  1171.274706: sched_switch: prev_comm=swapper/0 prev_pid=0 prev_prio=120 prev_state=R ==> next_comm=mmcqd/1 next_pid=116 next_prio=120
         mmcqd/1-116   [000] ...1  1171.274764: block_rq_complete: 179,0 RA () 3984384 + 256 [0]
         mmcqd/1-116   [000] ...2  1171.274789: sched_switch: prev_comm=mmcqd/1 prev_pid=116 prev_prio=120 prev_state=R+ ==> next_comm=kworker/0:1H next_pid=17 next_prio=100
    kworker/0:1H-17    [000] ...2  1171.274795: sched_switch: prev_comm=kworker/0:1H prev_pid=17 prev_prio=100 prev_state=S ==> next_comm=mmcqd/1 next_pid=116 next_prio=120
         mmcqd/1-116   [000] ...2  1171.274805: sched_switch: prev_comm=mmcqd/1 prev_pid=116 prev_prio=120 prev_state=S ==> next_comm=main next_pid=6833 next_prio=120
            main-6833  [000] d..2  1171.275014: block_rq_insert: 179,0 R 0 () 3984640 + 16 [main]
            main-6833  [000] ...2  1171.275025: sched_switch: prev_comm=main prev_pid=6833 prev_prio=120 prev_state=R+ ==> next_comm=mmcqd/1 next_pid=116 next_prio=120
         mmcqd/1-116   [000] ...2  1171.275063: sched_switch: prev_comm=mmcqd/1 prev_pid=116 prev_prio=120 prev_state=S ==> next_comm=main next_pid=6833 next_prio=120
            main-6833  [000] ...2  1171.275071: sched_switch: prev_comm=main prev_pid=6833 prev_prio=120 prev_state=D|W ==> next_comm=swapper/0 next_pid=0 next_prio=120
          <idle>-0     [000] ...2  1171.275086: sched_switch: prev_comm=swapper/0 prev_pid=0 prev_prio=120 prev_state=R ==> next_comm=ksoftirqd/0 next_pid=3 next_prio=120
     ksoftirqd/0-3     [000] ...2  1171.275095: sched_switch: prev_comm=ksoftirqd/0 prev_pid=3 prev_prio=120 prev_state=S ==> next_comm=swapper/0 next_pid=0 next_prio=120
          <idle>-0     [000] ...2  1171.275110: sched_switch: prev_comm=swapper/0 prev_pid=0 prev_prio=120 prev_state=R ==> next_comm=ksoftirqd/0 next_pid=3 next_prio=120
     ksoftirqd/0-3     [000] ...2  1171.275117: sched_switch: prev_comm=ksoftirqd/0 prev_pid=3 prev_prio=120 prev_state=S ==> next_comm=swapper/0 next_pid=0 next_prio=120
          <idle>-0     [000] ...2  1171.275131: sched_switch: prev_comm=swapper/0 prev_pid=0 prev_prio=120 prev_state=R ==> next_comm=ksoftirqd/0 next_pid=3 next_prio=120
     ksoftirqd/0-3     [000] ...2  1171.275140: sched_switch: prev_comm=ksoftirqd/0 prev_pid=3 prev_prio=120 prev_state=S ==> next_comm=swapper/0 next_pid=0 next_prio=120
          <idle>-0     [000] ...2  1171.275305: sched_switch: prev_comm=swapper/0 prev_pid=0 prev_prio=120 prev_state=R ==> next_comm=mmcqd/1 next_pid=116 next_prio=120
         mmcqd/1-116   [000] ...1  1171.275316: block_rq_complete: 179,0 RA () 3984640 + 16 [0]
         mmcqd/1-116   [000] ...2  1171.275332: sched_switch: prev_comm=mmcqd/1 prev_pid=116 prev_prio=120 prev_state=R+ ==> next_comm=kworker/0:1H next_pid=17 next_prio=100
    kworker/0:1H-17    [000] ...2  1171.275340: sched_switch: prev_comm=kworker/0:1H prev_pid=17 prev_prio=100 prev_state=S ==> next_comm=mmcqd/1 next_pid=116 next_prio=120
         mmcqd/1-116   [000] ...2  1171.275348: sched_switch: prev_comm=mmcqd/1 prev_pid=116 prev_prio=120 prev_state=S ==> next_comm=main next_pid=6833 next_prio=120
          <idle>-0     [001] ...2  1171.275926: sched_switch: prev_comm=swapper/1 prev_pid=0 prev_prio=120 prev_state=R ==> next_comm=main next_pid=6838 next_prio=120
 Heap thread poo-6838  [001] ...2  1171.275953: sched_switch: prev_comm=main prev_pid=6838 prev_prio=120 prev_state=D ==> next_comm=swapper/1 next_pid=0 next_prio=120
          <idle>-0     [001] ...2  1171.275958: sched_switch: prev_comm=swapper/1 prev_pid=0 prev_prio=120 prev_state=R ==> next_comm=main next_pid=6838 next_prio=120
 Heap thread poo-6838  [001] ...2  1171.276028: sched_switch: prev_comm=main prev_pid=6838 prev_prio=120 prev_state=D ==> next_comm=main next_pid=6839 next_prio=120
 Heap thread poo-6839  [001] ...2  1171.276035: sched_switch: prev_comm=main prev_pid=6839 prev_prio=120 prev_state=R+ ==> next_comm=main next_pid=6838 next_prio=120
            main-6833  [000] ...2  1171.276052: sched_switch: prev_comm=main prev_pid=6833 prev_prio=120 prev_state=D ==> next_comm=swapper/0 next_pid=0 next_prio=120
          <idle>-0     [000] ...2  1171.276057: sched_switch: prev_comm=swapper/0 prev_pid=0 prev_prio=120 prev_state=R ==> next_comm=main next_pid=6833 next_prio=120
 Heap thread poo-6838  [001] ...2  1171.276060: sched_switch: prev_comm=main prev_pid=6838 prev_prio=120 prev_state=D ==> next_comm=main next_pid=6839 next_prio=120
 Heap thread poo-6839  [001] ...2  1171.276072: sched_switch: prev_comm=main prev_pid=6839 prev_prio=120 prev_state=D ==> next_comm=main next_pid=6838 next_prio=120
 Heap thread poo-6838  [001] ...2  1171.276088: sched_switch: prev_comm=main prev_pid=6838 prev_prio=120 prev_state=D ==> next_comm=main next_pid=6839 next_prio=120
            main-6833  [000] ...2  1171.276092: sched_switch: prev_comm=main prev_pid=6833 prev_prio=120 prev_state=D ==> next_comm=main next_pid=6840 next_prio=120
 Heap thread poo-6840  [000] ...2  1171.276101: sched_switch: prev_comm=main prev_pid=6840 prev_prio=120 prev_state=D ==> next_comm=swapper/0 next_pid=0 next_prio=120
 Heap thread poo-6839  [001] ...2  1171.276115: sched_switch: prev_comm=main prev_pid=6839 prev_prio=120 prev_state=R+ ==> next_comm=main next_pid=6838 next_prio=120
          <idle>-0     [000] ...2  1171.276116: sched_switch: prev_comm=swapper/0 prev_pid=0 prev_prio=120 prev_state=R ==> next_comm=ksoftirqd/0 next_pid=3 next_prio=120
     ksoftirqd/0-3     [000] ...2  1171.276125: sched_switch: prev_comm=ksoftirqd/0 prev_pid=3 prev_prio=120 prev_state=S ==> next_comm=main next_pid=6833 next_prio=120
 Heap thread poo-6838  [001] ...2  1171.276126: sched_switch: prev_comm=main prev_pid=6838 prev_prio=120 prev_state=D ==> next_comm=main next_pid=6839 next_prio=120
            main-6833  [000] ...2  1171.276140: sched_switch: prev_comm=main prev_pid=6833 prev_prio=120 prev_state=D ==> next_comm=main next_pid=6840 next_prio=120
 Heap thread poo-6839  [001] ...2  1171.276152: sched_switch: prev_comm=main prev_pid=6839 prev_prio=120 prev_state=R+ ==> next_comm=main next_pid=6838 next_prio=120
 Heap thread poo-6840  [000] ...2  1171.276156: sched_switch: prev_comm=main prev_pid=6840 prev_prio=120 prev_state=S ==> next_comm=swapper/0 next_pid=0 next_prio=120
 Heap thread poo-6838  [001] ...2  1171.276168: sched_switch: prev_comm=main prev_pid=6838 prev_prio=120 prev_state=D ==> next_comm=main next_pid=6839 next_prio=120
          <idle>-0     [000] ...2  1171.276173: sched_switch: prev_comm=swapper/0 prev_pid=0 prev_prio=120 prev_state=R ==> next_comm=ksoftirqd/0 next_pid=3 next_prio=120
     ksoftirqd/0-3     [000] ...2  1171.276180: sched_switch: prev_comm=ksoftirqd/0 prev_pid=3 prev_prio=120 prev_state=S ==> next_comm=main next_pid=6833 next_prio=120
 Heap thread poo-6839  [001] ...2  1171.276193: sched_switch: prev_comm=main prev_pid=6839 prev_prio=120 prev_state=R+ ==> next_comm=main next_pid=6838 next_prio=120
            main-6833  [000] ...2  1171.276194: sched_switch: prev_comm=main prev_pid=6833 prev_prio=120 prev_state=S ==> next_comm=swapper/0 next_pid=0 next_prio=120
          <idle>-0     [000] ...2  1171.276209: sched_switch: prev_comm=swapper/0 prev_pid=0 prev_prio=120 prev_state=R ==> next_comm=ksoftirqd/0 next_pid=3 next_prio=120
     ksoftirqd/0-3     [000] ...2  1171.276215: sched_switch: prev_comm=ksoftirqd/0 prev_pid=3 prev_prio=120 prev_state=S ==> next_comm=swapper/0 next_pid=0 next_prio=120
 Heap thread poo-6838  [001] ...2  1171.276637: sched_switch: prev_comm=Heap thread poo prev_pid=6838 prev_prio=120 prev_state=S ==> next_comm=main next_pid=6839 next_prio=120
          <idle>-0     [000] ...2  1171.276764: sched_switch: prev_comm=swapper/0 prev_pid=0 prev_prio=120 prev_state=R ==> next_comm=main next_pid=6840 next_prio=120
 Heap thread poo-6840  [000] ...2  1171.276781: sched_switch: prev_comm=main prev_pid=6840 prev_prio=120 prev_state=S ==> next_comm=swapper/0 next_pid=0 next_prio=120
          <idle>-0     [000] ...2  1171.277109: sched_switch: prev_comm=swapper/0 prev_pid=0 prev_prio=120 prev_state=R ==> next_comm=main next_pid=6840 next_prio=120
 Heap thread poo-6839  [001] ...2  1171.277122: sched_switch: prev_comm=Heap thread poo prev_pid=6839 prev_prio=120 prev_state=S ==> next_comm=swapper/1 next_pid=0 next_prio=120
          <idle>-0     [001] ...2  1171.277139: sched_switch: prev_comm=swapper/1 prev_pid=0 prev_prio=120 prev_state=R ==> next_comm=ksoftirqd/1 next_pid=6837 next_prio=120
     ksoftirqd/1-6837  [001] ...2  1171.277148: sched_switch: prev_comm=ksoftirqd/1 prev_pid=6837 prev_prio=120 prev_state=S ==> next_comm=swapper/1 next_pid=0 next_prio=120
          <idle>-0     [001] ...2  1171.277162: sched_switch: prev_comm=swapper/1 prev_pid=0 prev_prio=120 prev_state=R ==> next_comm=ksoftirqd/1 next_pid=6837 next_prio=120
     ksoftirqd/1-6837  [001] ...2  1171.277170: sched_switch: prev_comm=ksoftirqd/1 prev_pid=6837 prev_prio=120 prev_state=S ==> next_comm=swapper/1 next_pid=0 next_prio=120
          <idle>-0     [001] ...2  1171.277183: sched_switch: prev_comm=swapper/1 prev_pid=0 prev_prio=120 prev_state=R ==> next_comm=ksoftirqd/1 next_pid=6837 next_prio=120
     ksoftirqd/1-6837  [001] ...2  1171.277188: sched_switch: prev_comm=ksoftirqd/1 prev_pid=6837 prev_prio=120 prev_state=S ==> next_comm=swapper/1 next_pid=0 next_prio=120
 Heap thread poo-6840  [000] ...2  1171.277473: sched_switch: prev_comm=Heap thread poo prev_pid=6840 prev_prio=120 prev_state=R+ ==> next_comm=main next_pid=6833 next_prio=120
          <idle>-0     [001] ...2  1171.277494: sched_switch: prev_comm=swapper/1 prev_pid=0 prev_prio=120 prev_state=R ==> next_comm=Heap thread poo next_pid=6838 next_prio=120
 Heap thread poo-6838  [001] ...2  1171.277502: sched_switch: prev_comm=Heap thread poo prev_pid=6838 prev_prio=120 prev_state=D ==> next_comm=swapper/1 next_pid=0 next_prio=120
          <idle>-0     [001] ...2  1171.277508: sched_switch: prev_comm=swapper/1 prev_pid=0 prev_prio=120 prev_state=R ==> next_comm=Heap thread poo next_pid=6838 next_prio=120
            main-6833  [000] ...2  1171.277509: sched_switch: prev_comm=main prev_pid=6833 prev_prio=120 prev_state=D ==> next_comm=Heap thread poo next_pid=6840 next_prio=120
 Heap thread poo-6840  [000] ...2  1171.277521: sched_switch: prev_comm=Heap thread poo prev_pid=6840 prev_prio=120 prev_state=R+ ==> next_comm=main next_pid=6833 next_prio=120
 Heap thread poo-6838  [001] ...2  1171.277526: sched_switch: prev_comm=Heap thread poo prev_pid=6838 prev_prio=120 prev_state=D ==> next_comm=Heap thread poo next_pid=6839 next_prio=120
 Heap thread poo-6839  [001] ...2  1171.277532: sched_switch: prev_comm=Heap thread poo prev_pid=6839 prev_prio=120 prev_state=R ==> next_comm=Heap thread poo next_pid=6838 next_prio=120
 Heap thread poo-6838  [001] ...2  1171.277545: sched_switch: prev_comm=Heap thread poo prev_pid=6838 prev_prio=120 prev_state=S ==> next_comm=Heap thread poo next_pid=6839 next_prio=120
 Heap thread poo-6839  [001] ...2  1171.277562: sched_switch: prev_comm=Heap thread poo prev_pid=6839 prev_prio=120 prev_state=S ==> next_comm=main next_pid=6841 next_prio=120
            main-6833  [000] ...2  1171.277567: sched_switch: prev_comm=main prev_pid=6833 prev_prio=120 prev_state=S ==> next_comm=Heap thread poo next_pid=6840 next_prio=120
  Signal Catcher-6841  [001] ...2  1171.277569: sched_switch: prev_comm=main prev_pid=6841 prev_prio=120 prev_state=D ==> next_comm=swapper/1 next_pid=0 next_prio=120
 Heap thread poo-6840  [000] ...2  1171.277580: sched_switch: prev_comm=Heap thread poo prev_pid=6840 prev_prio=120 prev_state=D ==> next_comm=swapper/0 next_pid=0 next_prio=120
