         mmcqd/1-116   [000] ...1  1171.373307: block_rq_complete: 179,0 RA () 4084528 + 24 [0]
         mmcqd/1-116   [000] ...2  1171.373323: sched_switch: prev_comm=mmcqd/1 prev_pid=116 prev_prio=120 prev_state=R+ ==> next_comm=kworker/0:1H next_pid=17 next_prio=100
    kworker/0:1H-17    [000] ...2  1171.373330: sched_switch: prev_comm=kworker/0:1H prev_pid=17 prev_prio=100 prev_state=S ==> next_comm=main next_pid=6833 next_prio=120
            main-6833  [000] ...2  1171.373390: sched_switch: prev_comm=main prev_pid=6833 prev_prio=120 prev_state=S ==> next_comm=servicemanager next_pid=168 next_prio=120
  servicemanager-168   [000] ...2  1171.373420: sched_switch: prev_comm=servicemanager prev_pid=168 prev_prio=120 prev_state=S ==> next_comm=main next_pid=6833 next_prio=120
            main-6833  [000] ...2  1171.373578: sched_switch: prev_comm=main prev_pid=6833 prev_prio=120 prev_state=S ==> next_comm=servicemanager next_pid=168 next_prio=120
  servicemanager-168   [000] ...2  1171.373696: sched_switch: prev_comm=servicemanager prev_pid=168 prev_prio=120 prev_state=S ==> next_comm=mmcqd/1 next_pid=116 next_prio=120
         mmcqd/1-116   [000] ...2  1171.373707: sched_switch: prev_comm=mmcqd/1 prev_pid=116 prev_prio=120 prev_state=S ==> next_comm=main next_pid=6833 next_prio=120
            main-6833  [000] d..2  1171.373874: block_rq_insert: 179,0 R 0 () 4078736 + 8 [main]
            main-6833  [000] d..2  1171.373877: block_rq_insert: 179,0 R 0 () 4078752 + 8 [main]
            main-6833  [000] d..2  1171.373879: block_rq_insert: 179,0 R 0 () 4078784 + 8 [main]
            main-6833  [000] d..2  1171.373881: block_rq_insert: 179,0 R 0 () 4078824 + 8 [main]
            main-6833  [000] d..2  1171.373882: block_rq_insert: 179,0 R 0 () 4078840 + 24 [main]
            main-6833  [000] d..2  1171.373884: block_rq_insert: 179,0 R 0 () 4078888 + 32 [main]
            main-6833  [000] d..2  1171.373886: block_rq_insert: 179,0 R 0 () 4078952 + 16 [main]
            main-6833  [000] d..2  1171.373887: block_rq_insert: 179,0 R 0 () 4078976 + 8 [main]
            main-6833  [000] d..2  1171.374578: block_rq_insert: 179,0 R 0 () 4052264 + 8 [main]
            main-6833  [000] d..2  1171.374581: block_rq_insert: 179,0 R 0 () 4052304 + 8 [main]
            main-6833  [000] d..2  1171.374583: block_rq_insert: 179,0 R 0 () 4052400 + 32 [main]
            main-6833  [000] ...2  1171.374592: sched_switch: prev_comm=main prev_pid=6833 prev_prio=120 prev_state=D|W ==> next_comm=kworker/0:2 next_pid=5912 next_prio=120
     kworker/0:2-5912  [000] ...2  1171.374609: sched_switch: prev_comm=kworker/0:2 prev_pid=5912 prev_prio=120 prev_state=S ==> next_comm=mmcqd/1 next_pid=116 next_prio=120
          <idle>-0     [001] ...2  1171.374617: sched_switch: prev_comm=swapper/1 prev_pid=0 prev_prio=120 prev_state=R ==> next_comm=adbd next_pid=778 next_prio=120
         mmcqd/1-116   [000] ...2  1171.374656: sched_switch: prev_comm=mmcqd/1 prev_pid=116 prev_prio=120 prev_state=S ==> next_comm=swapper/0 next_pid=0 next_prio=120
           <...>-778   [001] ...2  1171.374805: sched_switch: prev_comm=adbd prev_pid=778 prev_prio=120 prev_state=S ==> next_comm=adbd next_pid=780 next_prio=120
          <idle>-0     [000] ...2  1171.374873: sched_switch: prev_comm=swapper/0 prev_pid=0 prev_prio=120 prev_state=R ==> next_comm=mmcqd/1 next_pid=116 next_prio=120
            adbd-780   [001] ...2  1171.374892: sched_switch: prev_comm=adbd prev_pid=780 prev_prio=120 prev_state=S ==> next_comm=swapper/1 next_pid=0 next_prio=120
         mmcqd/1-116   [000] ...1  1171.374898: block_rq_complete: 179,0 RA () 4078976 + 8 [0]
         mmcqd/1-116   [000] ...2  1171.374925: sched_switch: prev_comm=mmcqd/1 prev_pid=116 prev_prio=120 prev_state=S ==> next_comm=swapper/0 next_pid=0 next_prio=120
          <idle>-0     [000] ...2  1171.375202: sched_switch: prev_comm=swapper/0 prev_pid=0 prev_prio=120 prev_state=R ==> next_comm=mmcqd/1 next_pid=116 next_prio=120
         mmcqd/1-116   [000] ...1  1171.375230: block_rq_complete: 179,0 RA () 4078952 + 16 [0]
         mmcqd/1-116   [000] ...2  1171.375257: sched_switch: prev_comm=mmcqd/1 prev_pid=116 prev_prio=120 prev_state=S ==> next_comm=swapper/0 next_pid=0 next_prio=120
          <idle>-0     [000] ...2  1171.375405: sched_switch: prev_comm=swapper/0 prev_pid=0 prev_prio=120 prev_state=R ==> next_comm=adbd next_pid=781 next_prio=120
            adbd-781   [000] ...2  1171.375448: sched_switch: prev_comm=adbd prev_pid=781 prev_prio=120 prev_state=S ==> next_comm=adbd next_pid=778 next_prio=120
           <...>-778   [000] ...2  1171.375523: sched_switch: prev_comm=adbd prev_pid=778 prev_prio=120 prev_state=S ==> next_comm=adbd next_pid=780 next_prio=120
            adbd-780   [000] ...2  1171.375529: sched_switch: prev_comm=adbd prev_pid=780 prev_prio=120 prev_state=S ==> next_comm=swapper/0 next_pid=0 next_prio=120
          <idle>-0     [000] ...2  1171.375638: sched_switch: prev_comm=swapper/0 prev_pid=0 prev_prio=120 prev_state=R ==> next_comm=mmcqd/1 next_pid=116 next_prio=120
         mmcqd/1-116   [000] ...1  1171.375669: block_rq_complete: 179,0 RA () 4078888 + 32 [0]
         mmcqd/1-116   [000] ...2  1171.375690: sched_switch: prev_comm=mmcqd/1 prev_pid=116 prev_prio=120 prev_state=S ==> next_comm=swapper/0 next_pid=0 next_prio=120
          <idle>-0     [000] ...2  1171.376147: sched_switch: prev_comm=swapper/0 prev_pid=0 prev_prio=120 prev_state=R ==> next_comm=mmcqd/1 next_pid=116 next_prio=120
         mmcqd/1-116   [000] ...1  1171.376176: block_rq_complete: 179,0 RA () 4078840 + 24 [0]
         mmcqd/1-116   [000] ...2  1171.376196: sched_switch: prev_comm=mmcqd/1 prev_pid=116 prev_prio=120 prev_state=S ==> next_comm=swapper/0 next_pid=0 next_prio=120
          <idle>-0     [000] ...2  1171.376425: sched_switch: prev_comm=swapper/0 prev_pid=0 prev_prio=120 prev_state=R ==> next_comm=mmcqd/1 next_pid=116 next_prio=120
         mmcqd/1-116   [000] ...1  1171.376450: block_rq_complete: 179,0 RA () 4078824 + 8 [0]
         mmcqd/1-116   [000] ...2  1171.376468: sched_switch: prev_comm=mmcqd/1 prev_pid=116 prev_prio=120 prev_state=S ==> next_comm=swapper/0 next_pid=0 next_prio=120
          <idle>-0     [000] ...2  1171.376706: sched_switch: prev_comm=swapper/0 prev_pid=0 prev_prio=120 prev_state=R ==> next_comm=mmcqd/1 next_pid=116 next_prio=120
         mmcqd/1-116   [000] ...1  1171.376731: block_rq_complete: 179,0 RA () 4078784 + 8 [0]
         mmcqd/1-116   [000] ...2  1171.376749: sched_switch: prev_comm=mmcqd/1 prev_pid=116 prev_prio=120 prev_state=S ==> next_comm=swapper/0 next_pid=0 next_prio=120
          <idle>-0     [000] ...2  1171.376979: sched_switch: prev_comm=swapper/0 prev_pid=0 prev_prio=120 prev_state=R ==> next_comm=mmcqd/1 next_pid=116 next_prio=120
         mmcqd/1-116   [000] ...1  1171.377004: block_rq_complete: 179,0 RA () 4078752 + 8 [0]
         mmcqd/1-116   [000] ...2  1171.377029: sched_switch: prev_comm=mmcqd/1 prev_pid=116 prev_prio=120 prev_state=S ==> next_comm=swapper/0 next_pid=0 next_prio=120
          <idle>-0     [000] ...2  1171.377248: sched_switch: prev_comm=swapper/0 prev_pid=0 prev_prio=120 prev_state=R ==> next_comm=mmcqd/1 next_pid=116 next_prio=120
         mmcqd/1-116   [000] ...1  1171.377273: block_rq_complete: 179,0 RA () 4078736 + 8 [0]
         mmcqd/1-116   [000] ...2  1171.377291: sched_switch: prev_comm=mmcqd/1 prev_pid=116 prev_prio=120 prev_state=S ==> next_comm=swapper/0 next_pid=0 next_prio=120
          <idle>-0     [000] ...2  1171.377681: sched_switch: prev_comm=swapper/0 prev_pid=0 prev_prio=120 prev_state=R ==> next_comm=mmcqd/1 next_pid=116 next_prio=120
         mmcqd/1-116   [000] ...1  1171.377712: block_rq_complete: 179,0 RA () 4052400 + 32 [0]
         mmcqd/1-116   [000] ...2  1171.377730: sched_switch: prev_comm=mmcqd/1 prev_pid=116 prev_prio=120 prev_state=S ==> next_comm=swapper/0 next_pid=0 next_prio=120
          <idle>-0     [000] ...2  1171.377958: sched_switch: prev_comm=swapper/0 prev_pid=0 prev_prio=120 prev_state=R ==> next_comm=mmcqd/1 next_pid=116 next_prio=120
         mmcqd/1-116   [000] ...1  1171.377983: block_rq_complete: 179,0 RA () 4052304 + 8 [0]
         mmcqd/1-116   [000] ...2  1171.377998: sched_switch: prev_comm=mmcqd/1 prev_pid=116 prev_prio=120 prev_state=S ==> next_comm=main next_pid=6833 next_prio=120
            main-6833  [000] ...2  1171.378663: sched_switch: prev_comm=main prev_pid=6833 prev_prio=120 prev_state=S ==> next_comm=Binder_2 next_pid=692 next_prio=120
          <idle>-0     [001] ...2  1171.378933: sched_switch: prev_comm=swapper/1 prev_pid=0 prev_prio=120 prev_state=R ==> next_comm=kworker/1:0H next_pid=6836 next_prio=100
    kworker/1:0H-6836  [001] ...2  1171.378965: sched_switch: prev_comm=kworker/1:0H prev_pid=6836 prev_prio=100 prev_state=D ==> next_comm=kworker/1:2H next_pid=6844 next_prio=100
    kworker/1:2H-6844  [001] ...2  1171.378997: sched_switch: prev_comm=kworker/1:2H prev_pid=6844 prev_prio=100 prev_state=S ==> next_comm=kworker/1:0H next_pid=6836 next_prio=100
    kworker/1:0H-6836  [001] ...2  1171.379010: sched_switch: prev_comm=kworker/1:0H prev_pid=6836 prev_prio=100 prev_state=S ==> next_comm=ksoftirqd/1 next_pid=6837 next_prio=120
     ksoftirqd/1-6837  [001] ...2  1171.379046: sched_switch: prev_comm=ksoftirqd/1 prev_pid=6837 prev_prio=120 prev_state=S ==> next_comm=mmcqd/1 next_pid=116 next_prio=120
         mmcqd/1-116   [001] ...1  1171.379064: block_rq_complete: 179,0 RA () 4052264 + 8 [0]
         mmcqd/1-116   [001] ...2  1171.379088: sched_switch: prev_comm=mmcqd/1 prev_pid=116 prev_prio=120 prev_state=R+ ==> next_comm=kworker/1:0H next_pid=6836 next_prio=100
    kworker/1:0H-6836  [001] ...2  1171.379100: sched_switch: prev_comm=kworker/1:0H prev_pid=6836 prev_prio=100 prev_state=S ==> next_comm=mmcqd/1 next_pid=116 next_prio=120
         mmcqd/1-116   [001] ...2  1171.379120: sched_switch: prev_comm=mmcqd/1 prev_pid=116 prev_prio=120 prev_state=S ==> next_comm=swapper/1 next_pid=0 next_prio=120
        Binder_2-692   [000] ...2  1171.379249: sched_switch: prev_comm=Binder_2 prev_pid=692 prev_prio=120 prev_state=S ==> next_comm=swapper/0 next_pid=0 next_prio=120
          <idle>-0     [001] ...2  1171.379251: sched_switch: prev_comm=swapper/1 prev_pid=0 prev_prio=120 prev_state=R ==> next_comm=Binder_1 next_pid=235 next_prio=120
          <idle>-0     [000] ...2  1171.379265: sched_switch: prev_comm=swapper/0 prev_pid=0 prev_prio=120 prev_state=R ==> next_comm=ksoftirqd/0 next_pid=3 next_prio=120
     ksoftirqd/0-3     [000] ...2  1171.379275: sched_switch: prev_comm=ksoftirqd/0 prev_pid=3 prev_prio=120 prev_state=S ==> next_comm=swapper/0 next_pid=0 next_prio=120
          <idle>-0     [000] ...2  1171.379289: sched_switch: prev_comm=swapper/0 prev_pid=0 prev_prio=120 prev_state=R ==> next_comm=ksoftirqd/0 next_pid=3 next_prio=120
     ksoftirqd/0-3     [000] ...2  1171.379295: sched_switch: prev_comm=ksoftirqd/0 prev_pid=3 prev_prio=120 prev_state=S ==> next_comm=swapper/0 next_pid=0 next_prio=120
          <idle>-0     [000] ...2  1171.379307: sched_switch: prev_comm=swapper/0 prev_pid=0 prev_prio=120 prev_state=R ==> next_comm=ksoftirqd/0 next_pid=3 next_prio=120
     ksoftirqd/0-3     [000] ...2  1171.379313: sched_switch: prev_comm=ksoftirqd/0 prev_pid=3 prev_prio=120 prev_state=S ==> next_comm=swapper/0 next_pid=0 next_prio=120
          <idle>-0     [000] ...2  1171.379350: sched_switch: prev_comm=swapper/0 prev_pid=0 prev_prio=120 prev_state=R ==> next_comm=Binder_2 next_pid=692 next_prio=120
        Binder_1-235   [001] ...2  1171.379380: sched_switch: prev_comm=Binder_1 prev_pid=235 prev_prio=120 prev_state=S ==> next_comm=swapper/1 next_pid=0 next_prio=120
          <idle>-0     [001] ...2  1171.379405: sched_switch: prev_comm=swapper/1 prev_pid=0 prev_prio=120 prev_state=R ==> next_comm=ksoftirqd/1 next_pid=6837 next_prio=120
     ksoftirqd/1-6837  [001] ...2  1171.379419: sched_switch: prev_comm=ksoftirqd/1 prev_pid=6837 prev_prio=120 prev_state=S ==> next_comm=swapper/1 next_pid=0 next_prio=120
          <idle>-0     [001] ...2  1171.379443: sched_switch: prev_comm=swapper/1 prev_pid=0 prev_prio=120 prev_state=R ==> next_comm=ksoftirqd/1 next_pid=6837 next_prio=120
     ksoftirqd/1-6837  [001] ...2  1171.379456: sched_switch: prev_comm=ksoftirqd/1 prev_pid=6837 prev_prio=120 prev_state=S ==> next_comm=swapper/1 next_pid=0 next_prio=120
          <idle>-0     [001] ...2  1171.379479: sched_switch: prev_comm=swapper/1 prev_pid=0 prev_prio=120 prev_state=R ==> next_comm=ksoftirqd/1 next_pid=6837 next_prio=120
     ksoftirqd/1-6837  [001] ...2  1171.379491: sched_switch: prev_comm=ksoftirqd/1 prev_pid=6837 prev_prio=120 prev_state=S ==> next_comm=swapper/1 next_pid=0 next_prio=120
          <idle>-0     [001] ...2  1171.379621: sched_switch: prev_comm=swapper/1 prev_pid=0 prev_prio=120 prev_state=R ==> next_comm=InputDispatcher next_pid=795 next_prio=112
 InputDispatcher-795   [001] ...2  1171.379672: sched_switch: prev_comm=InputDispatcher prev_pid=795 prev_prio=112 prev_state=S ==> next_comm=swapper/1 next_pid=0 next_prio=120
        Binder_2-692   [000] ...2  1171.379693: sched_switch: prev_comm=Binder_2 prev_pid=692 prev_prio=120 prev_state=S ==> next_comm=swapper/0 next_pid=0 next_prio=120
          <idle>-0     [001] ...2  1171.379695: sched_switch: prev_comm=swapper/1 prev_pid=0 prev_prio=120 prev_state=R ==> next_comm=Binder_3 next_pid=389 next_prio=120
          <idle>-0     [000] ...2  1171.379804: sched_switch: prev_comm=swapper/0 prev_pid=0 prev_prio=120 prev_state=R ==> next_comm=Binder_2 next_pid=692 next_prio=120
        Binder_3-389   [001] ...2  1171.379834: sched_switch: prev_comm=Binder_3 prev_pid=389 prev_prio=120 prev_state=S ==> next_comm=swapper/1 next_pid=0 next_prio=120
          <idle>-0     [001] ...2  1171.379860: sched_switch: prev_comm=swapper/1 prev_pid=0 prev_prio=120 prev_state=R ==> next_comm=android.display next_pid=770 next_prio=116
 android.display-770   [001] ...2  1171.379999: sched_switch: prev_comm=android.display prev_pid=770 prev_prio=116 prev_state=S ==> next_comm=Binder_2 next_pid=237 next_prio=120
        Binder_2-692   [000] ...2  1171.380055: sched_switch: prev_comm=Binder_2 prev_pid=692 prev_prio=120 prev_state=R ==> next_comm=EventThread next_pid=320 next_prio=111
        Binder_2-237   [001] ...2  1171.380085: sched_switch: prev_comm=Binder_2 prev_pid=237 prev_prio=120 prev_state=S ==> next_comm=swapper/1 next_pid=0 next_prio=120
     EventThread-320   [000] ...2  1171.380109: sched_switch: prev_comm=EventThread prev_pid=320 prev_prio=111 prev_state=S ==> next_comm=LazyTaskWriterT next_pid=833 next_prio=120
 LazyTaskWriterT-833   [000] ...2  1171.380144: sched_switch: prev_comm=LazyTaskWriterT prev_pid=833 prev_prio=120 prev_state=S ==> next_comm=Binder_3 next_pid=887 next_prio=120
        Binder_3-887   [000] ...2  1171.380222: sched_switch: prev_comm=Binder_3 prev_pid=887 prev_prio=120 prev_state=S ==> next_comm=Binder_2 next_pid=692 next_prio=120
        Binder_2-692   [000] ...2  1171.380412: sched_switch: prev_comm=Binder_2 prev_pid=692 prev_prio=120 prev_state=R+ ==> next_comm=ActivityManager next_pid=765 next_prio=118
 ActivityManager-765   [000] ...2  1171.380447: sched_switch: prev_comm=ActivityManager prev_pid=765 prev_prio=118 prev_state=S ==> next_comm=Binder_2 next_pid=692 next_prio=120
        Binder_2-692   [000] ...2  1171.380463: sched_switch: prev_comm=Binder_2 prev_pid=692 prev_prio=120 prev_state=R+ ==> next_comm=ActivityManager next_pid=765 next_prio=118
 ActivityManager-765   [000] ...2  1171.380475: sched_switch: prev_comm=ActivityManager prev_pid=765 prev_prio=118 prev_state=S ==> next_comm=Binder_2 next_pid=692 next_prio=120
        Binder_2-692   [000] ...2  1171.380488: sched_switch: prev_comm=Binder_2 prev_pid=692 prev_prio=120 prev_state=R+ ==> next_comm=ActivityManager next_pid=765 next_prio=118
 ActivityManager-765   [000] ...2  1171.380510: sched_switch: prev_comm=ActivityManager prev_pid=765 prev_prio=118 prev_state=S ==> next_comm=Binder_2 next_pid=692 next_prio=120
        Binder_2-692   [000] ...2  1171.380910: sched_switch: prev_comm=Binder_2 prev_pid=692 prev_prio=120 prev_state=R+ ==> next_comm=ActivityManager next_pid=765 next_prio=118
 ActivityManager-765   [000] ...2  1171.380942: sched_switch: prev_comm=ActivityManager prev_pid=765 prev_prio=118 prev_state=S ==> next_comm=Binder_1 next_pid=1117 next_prio=120
          <idle>-0     [001] ...2  1171.380966: sched_switch: prev_comm=swapper/1 prev_pid=0 prev_prio=120 prev_state=R ==> next_comm=Binder_2 next_pid=1118 next_prio=120
        Binder_1-1117  [000] ...2  1171.381061: sched_switch: prev_comm=Binder_1 prev_pid=1117 prev_prio=120 prev_state=S ==> next_comm=Binder_3 next_pid=1507 next_prio=120
        Binder_3-1507  [000] ...2  1171.381068: sched_switch: prev_comm=Binder_3 prev_pid=1507 prev_prio=120 prev_state=S ==> next_comm=droid.launcher3 next_pid=1093 next_prio=120
        Binder_2-1118  [001] ...2  1171.381195: sched_switch: prev_comm=Binder_2 prev_pid=1118 prev_prio=120 prev_state=S ==> next_comm=swapper/1 next_pid=0 next_prio=120
 droid.launcher3-1093  [000] ...2  1171.381286: sched_switch: prev_comm=droid.launcher3 prev_pid=1093 prev_prio=120 prev_state=S ==> next_comm=Binder_4 next_pid=1509 next_prio=120
        Binder_4-1509  [000] ...2  1171.381339: sched_switch: prev_comm=Binder_4 prev_pid=1509 prev_prio=120 prev_state=S ==> next_comm=EventThread next_pid=320 next_prio=111
     EventThread-320   [000] ...2  1171.381358: sched_switch: prev_comm=EventThread prev_pid=320 prev_prio=111 prev_state=S ==> next_comm=Binder_2 next_pid=692 next_prio=120
        Binder_2-692   [000] ...2  1171.381376: sched_switch: prev_comm=Binder_2 prev_pid=692 prev_prio=120 prev_state=R+ ==> next_comm=ActivityManager next_pid=765 next_prio=118
 ActivityManager-765   [000] ...2  1171.381389: sched_switch: prev_comm=ActivityManager prev_pid=765 prev_prio=118 prev_state=S ==> next_comm=Binder_2 next_pid=692 next_prio=120
        Binder_2-692   [000] ...2  1171.381402: sched_switch: prev_comm=Binder_2 prev_pid=692 prev_prio=120 prev_state=R+ ==> next_comm=ActivityManager next_pid=765 next_prio=118
 ActivityManager-765   [000] ...2  1171.381432: sched_switch: prev_comm=ActivityManager prev_pid=765 prev_prio=118 prev_state=S ==> next_comm=Binder_2 next_pid=692 next_prio=120
        Binder_2-692   [000] ...2  1171.381639: sched_switch: prev_comm=Binder_2 prev_pid=692 prev_prio=120 prev_state=R+ ==> next_comm=Binder_1 next_pid=2242 next_prio=120
        Binder_1-2242  [000] ...2  1171.381649: sched_switch: prev_comm=Binder_1 prev_pid=2242 prev_prio=120 prev_state=D ==> next_comm=Binder_2 next_pid=692 next_prio=120
        Binder_2-692   [000] ...2  1171.381657: sched_switch: prev_comm=Binder_2 prev_pid=692 prev_prio=120 prev_state=R+ ==> next_comm=Binder_1 next_pid=2242 next_prio=120
          <idle>-0     [001] ...2  1171.382005: sched_switch: prev_comm=swapper/1 prev_pid=0 prev_prio=120 prev_state=R ==> next_comm=xample.bdbtrace next_pid=2226 next_prio=120
        Binder_1-2242  [000] ...2  1171.382027: sched_switch: prev_comm=Binder_1 prev_pid=2242 prev_prio=120 prev_state=S ==> next_comm=Binder_2 next_pid=692 next_prio=120
        Binder_2-692   [000] ...2  1171.382072: sched_switch: prev_comm=Binder_2 prev_pid=692 prev_prio=120 prev_state=R+ ==> next_comm=LazyTaskWriterT next_pid=833 next_prio=120
 LazyTaskWriterT-833   [000] ...2  1171.382087: sched_switch: prev_comm=LazyTaskWriterT prev_pid=833 prev_prio=120 prev_state=S ==> next_comm=Binder_2 next_pid=692 next_prio=120
        Binder_2-692   [000] ...2  1171.382099: sched_switch: prev_comm=Binder_2 prev_pid=692 prev_prio=120 prev_state=R+ ==> next_comm=LazyTaskWriterT next_pid=833 next_prio=120
 LazyTaskWriterT-833   [000] ...2  1171.382112: sched_switch: prev_comm=LazyTaskWriterT prev_pid=833 prev_prio=120 prev_state=S ==> next_comm=Binder_2 next_pid=692 next_prio=120
        Binder_2-692   [000] ...2  1171.382124: sched_switch: prev_comm=Binder_2 prev_pid=692 prev_prio=120 prev_state=R+ ==> next_comm=LazyTaskWriterT next_pid=833 next_prio=120
 LazyTaskWriterT-833   [000] ...2  1171.382141: sched_switch: prev_comm=LazyTaskWriterT prev_pid=833 prev_prio=120 prev_state=S ==> next_comm=Binder_2 next_pid=692 next_prio=120
        Binder_2-692   [000] ...2  1171.382153: sched_switch: prev_comm=Binder_2 prev_pid=692 prev_prio=120 prev_state=R+ ==> next_comm=LazyTaskWriterT next_pid=833 next_prio=120
 LazyTaskWriterT-833   [000] ...2  1171.382164: sched_switch: prev_comm=LazyTaskWriterT prev_pid=833 prev_prio=120 prev_state=S ==> next_comm=Binder_2 next_pid=692 next_prio=120
        Binder_2-692   [000] ...2  1171.382175: sched_switch: prev_comm=Binder_2 prev_pid=692 prev_prio=120 prev_state=R+ ==> next_comm=LazyTaskWriterT next_pid=833 next_prio=120
 LazyTaskWriterT-833   [000] ...2  1171.382201: sched_switch: prev_comm=LazyTaskWriterT prev_pid=833 prev_prio=120 prev_state=S ==> next_comm=Binder_2 next_pid=692 next_prio=120
        Binder_2-692   [000] ...2  1171.382224: sched_switch: prev_comm=Binder_2 prev_pid=692 prev_prio=120 prev_state=R+ ==> next_comm=LazyTaskWriterT next_pid=833 next_prio=120
 LazyTaskWriterT-833   [000] ...2  1171.382235: sched_switch: prev_comm=LazyTaskWriterT prev_pid=833 prev_prio=120 prev_state=S ==> next_comm=Binder_2 next_pid=692 next_prio=120
        Binder_2-692   [000] ...2  1171.382247: sched_switch: prev_comm=Binder_2 prev_pid=692 prev_prio=120 prev_state=R+ ==> next_comm=LazyTaskWriterT next_pid=833 next_prio=120
 LazyTaskWriterT-833   [000] ...2  1171.382259: sched_switch: prev_comm=LazyTaskWriterT prev_pid=833 prev_prio=120 prev_state=S ==> next_comm=Binder_2 next_pid=692 next_prio=120
        Binder_2-692   [000] ...2  1171.382270: sched_switch: prev_comm=Binder_2 prev_pid=692 prev_prio=120 prev_state=R+ ==> next_comm=LazyTaskWriterT next_pid=833 next_prio=120
 LazyTaskWriterT-833   [000] ...2  1171.382287: sched_switch: prev_comm=LazyTaskWriterT prev_pid=833 prev_prio=120 prev_state=S ==> next_comm=Binder_2 next_pid=692 next_prio=120
        Binder_2-692   [000] ...2  1171.382300: sched_switch: prev_comm=Binder_2 prev_pid=692 prev_prio=120 prev_state=R+ ==> next_comm=LazyTaskWriterT next_pid=833 next_prio=120
 LazyTaskWriterT-833   [000] ...2  1171.382310: sched_switch: prev_comm=LazyTaskWriterT prev_pid=833 prev_prio=120 prev_state=S ==> next_comm=Binder_2 next_pid=692 next_prio=120
        Binder_2-692   [000] ...2  1171.382322: sched_switch: prev_comm=Binder_2 prev_pid=692 prev_prio=120 prev_state=R+ ==> next_comm=LazyTaskWriterT next_pid=833 next_prio=120
 LazyTaskWriterT-833   [000] ...2  1171.382346: sched_switch: prev_comm=LazyTaskWriterT prev_pid=833 prev_prio=120 prev_state=S ==> next_comm=Binder_2 next_pid=692 next_prio=120
        Binder_2-692   [000] ...2  1171.382546: sched_switch: prev_comm=Binder_2 prev_pid=692 prev_prio=120 prev_state=S ==> next_comm=RenderThread next_pid=1365 next_prio=116
    RenderThread-1365  [000] ...2  1171.382579: sched_switch: prev_comm=RenderThread prev_pid=1365 prev_prio=116 prev_state=S ==> next_comm=android.bg next_pid=764 next_prio=130
      android.bg-764   [000] ...2  1171.382639: sched_switch: prev_comm=android.bg prev_pid=764 prev_prio=130 prev_state=S ==> next_comm=swapper/0 next_pid=0 next_prio=120
 xample.bdbtrace-2226  [001] ...2  1171.382649: sched_switch: prev_comm=xample.bdbtrace prev_pid=2226 prev_prio=120 prev_state=S ==> next_comm=Binder_5 next_pid=1577 next_prio=120
          <idle>-0     [000] ...2  1171.382735: sched_switch: prev_comm=swapper/0 prev_pid=0 prev_prio=120 prev_state=R ==> next_comm=Binder_2 next_pid=692 next_prio=120
        Binder_5-1577  [001] ...2  1171.382765: sched_switch: prev_comm=Binder_5 prev_pid=1577 prev_prio=120 prev_state=S ==> next_comm=Binder_4 next_pid=1054 next_prio=120
        Binder_4-1054  [001] ...2  1171.382897: sched_switch: prev_comm=Binder_4 prev_pid=1054 prev_prio=120 prev_state=S ==> next_comm=Binder_6 next_pid=1109 next_prio=120
        Binder_6-1109  [001] ...2  1171.382909: sched_switch: prev_comm=Binder_6 prev_pid=1109 prev_prio=120 prev_state=S ==> next_comm=swapper/1 next_pid=0 next_prio=120
          <idle>-0     [001] ...2  1171.383019: sched_switch: prev_comm=swapper/1 prev_pid=0 prev_prio=120 prev_state=R ==> next_comm=InputDispatcher next_pid=795 next_prio=112
 InputDispatcher-795   [001] ...2  1171.383057: sched_switch: prev_comm=InputDispatcher prev_pid=795 prev_prio=112 prev_state=S ==> next_comm=swapper/1 next_pid=0 next_prio=120
          <idle>-0     [001] ...2  1171.383087: sched_switch: prev_comm=swapper/1 prev_pid=0 prev_prio=120 prev_state=R ==> next_comm=Binder_1 next_pid=235 next_prio=120
        Binder_2-692   [000] ...2  1171.383087: sched_switch: prev_comm=Binder_2 prev_pid=692 prev_prio=120 prev_state=S ==> next_comm=swapper/0 next_pid=0 next_prio=120
          <idle>-0     [000] ...2  1171.383193: sched_switch: prev_comm=swapper/0 prev_pid=0 prev_prio=120 prev_state=R ==> next_comm=Binder_2 next_pid=692 next_prio=120
        Binder_1-235   [001] ...2  1171.383223: sched_switch: prev_comm=Binder_1 prev_pid=235 prev_prio=120 prev_state=S ==> next_comm=swapper/1 next_pid=0 next_prio=120
          <idle>-0     [001] ...2  1171.383235: sched_switch: prev_comm=swapper/1 prev_pid=0 prev_prio=120 prev_state=R ==> next_comm=android.display next_pid=770 next_prio=116
 android.display-770   [001] ...2  1171.383284: sched_switch: prev_comm=android.display prev_pid=770 prev_prio=116 prev_state=S ==> next_comm=swapper/1 next_pid=0 next_prio=120
          <idle>-0     [001] ...2  1171.383364: sched_switch: prev_comm=swapper/1 prev_pid=0 prev_prio=120 prev_state=R ==> next_comm=Binder_3 next_pid=389 next_prio=120
        Binder_2-692   [000] ...2  1171.383365: sched_switch: prev_comm=Binder_2 prev_pid=692 prev_prio=120 prev_state=S ==> next_comm=swapper/0 next_pid=0 next_prio=120
          <idle>-0     [000] ...2  1171.383437: sched_switch: prev_comm=swapper/0 prev_pid=0 prev_prio=120 prev_state=R ==> next_comm=Binder_2 next_pid=692 next_prio=120
        Binder_3-389   [001] ...2  1171.383465: sched_switch: prev_comm=Binder_3 prev_pid=389 prev_prio=120 prev_state=S ==> next_comm=swapper/1 next_pid=0 next_prio=120
          <idle>-0     [001] ...2  1171.383666: sched_switch: prev_comm=swapper/1 prev_pid=0 prev_prio=120 prev_state=R ==> next_comm=InputDispatcher next_pid=795 next_prio=112
 InputDispatcher-795   [001] ...2  1171.383704: sched_switch: prev_comm=InputDispatcher prev_pid=795 prev_prio=112 prev_state=S ==> next_comm=swapper/1 next_pid=0 next_prio=120
          <idle>-0     [001] ...2  1171.383727: sched_switch: prev_comm=swapper/1 prev_pid=0 prev_prio=120 prev_state=R ==> next_comm=Binder_2 next_pid=237 next_prio=120
        Binder_2-692   [000] ...2  1171.383727: sched_switch: prev_comm=Binder_2 prev_pid=692 prev_prio=120 prev_state=S ==> next_comm=swapper/0 next_pid=0 next_prio=120
          <idle>-0     [000] ...2  1171.383824: sched_switch: prev_comm=swapper/0 prev_pid=0 prev_prio=120 prev_state=R ==> next_comm=Binder_2 next_pid=692 next_prio=120
        Binder_2-237   [001] ...2  1171.383856: sched_switch: prev_comm=Binder_2 prev_pid=237 prev_prio=120 prev_state=S ==> next_comm=swapper/1 next_pid=0 next_prio=120
        Binder_2-692   [000] ...2  1171.384069: sched_switch: prev_comm=Binder_2 prev_pid=692 prev_prio=120 prev_state=R+ ==> next_comm=Binder_2 next_pid=2243 next_prio=120
        Binder_2-2243  [000] ...2  1171.384077: sched_switch: prev_comm=Binder_2 prev_pid=2243 prev_prio=120 prev_state=D ==> next_comm=Binder_2 next_pid=692 next_prio=120
        Binder_2-692   [000] ...2  1171.384085: sched_switch: prev_comm=Binder_2 prev_pid=692 prev_prio=120 prev_state=R+ ==> next_comm=Binder_2 next_pid=2243 next_prio=120
        Binder_2-2243  [000] ...2  1171.384196: sched_switch: prev_comm=Binder_2 prev_pid=2243 prev_prio=120 prev_state=S ==> next_comm=Binder_2 next_pid=692 next_prio=120
          <idle>-0     [001] ...2  1171.384308: sched_switch: prev_comm=swapper/1 prev_pid=0 prev_prio=120 prev_state=R ==> next_comm=InputDispatcher next_pid=795 next_prio=112
        Binder_2-692   [000] ...2  1171.384345: sched_switch: prev_comm=Binder_2 prev_pid=692 prev_prio=120 prev_state=R+ ==> next_comm=ActivityManager next_pid=765 next_prio=118
 InputDispatcher-795   [001] ...2  1171.384347: sched_switch: prev_comm=InputDispatcher prev_pid=795 prev_prio=112 prev_state=S ==> next_comm=swapper/1 next_pid=0 next_prio=120
 ActivityManager-765   [000] ...2  1171.384357: sched_switch: prev_comm=ActivityManager prev_pid=765 prev_prio=118 prev_state=S ==> next_comm=Binder_2 next_pid=692 next_prio=120
        Binder_2-692   [000] ...2  1171.384371: sched_switch: prev_comm=Binder_2 prev_pid=692 prev_prio=120 prev_state=R+ ==> next_comm=ActivityManager next_pid=765 next_prio=118
          <idle>-0     [001] ...2  1171.384413: sched_switch: prev_comm=swapper/1 prev_pid=0 prev_prio=120 prev_state=R ==> next_comm=Binder_4 next_pid=1054 next_prio=120
 ActivityManager-765   [000] ...2  1171.384440: sched_switch: prev_comm=ActivityManager prev_pid=765 prev_prio=118 prev_state=S ==> next_comm=Binder_2 next_pid=692 next_prio=120
        Binder_4-1054  [001] ...2  1171.384474: sched_switch: prev_comm=Binder_4 prev_pid=1054 prev_prio=120 prev_state=D ==> next_comm=swapper/1 next_pid=0 next_prio=120
          <idle>-0     [001] ...2  1171.384481: sched_switch: prev_comm=swapper/1 prev_pid=0 prev_prio=120 prev_state=R ==> next_comm=Binder_4 next_pid=1054 next_prio=120
        Binder_2-692   [000] ...2  1171.384499: sched_switch: prev_comm=Binder_2 prev_pid=692 prev_prio=120 prev_state=D ==> next_comm=main next_pid=6833 next_prio=120
        Binder_4-1054  [001] ...2  1171.384509: sched_switch: prev_comm=Binder_4 prev_pid=1054 prev_prio=120 prev_state=D ==> next_comm=xample.bdbtrace next_pid=2226 next_prio=120
            main-6833  [000] d..2  1171.384750: block_rq_insert: 179,0 R 0 () 1181984 + 8 [main]
            main-6833  [000] d..2  1171.384755: block_rq_insert: 179,0 R 0 () 1182000 + 40 [main]
            main-6833  [000] d..2  1171.384757: block_rq_insert: 179,0 R 0 () 1182048 + 24 [main]
            main-6833  [000] ...2  1171.384772: sched_switch: prev_comm=main prev_pid=6833 prev_prio=120 prev_state=D|W ==> next_comm=kworker/u:0 next_pid=3362 next_prio=120
     kworker/u:0-3362  [000] ...2  1171.384792: sched_switch: prev_comm=kworker/u:0 prev_pid=3362 prev_prio=120 prev_state=S ==> next_comm=Binder_2 next_pid=692 next_prio=120
        Binder_2-692   [000] ...2  1171.384804: sched_switch: prev_comm=Binder_2 prev_pid=692 prev_prio=120 prev_state=R+ ==> next_comm=Binder_4 next_pid=1054 next_prio=120
        Binder_4-1054  [000] ...2  1171.384836: sched_switch: prev_comm=Binder_4 prev_pid=1054 prev_prio=120 prev_state=S ==> next_comm=Binder_2 next_pid=692 next_prio=120
        Binder_2-692   [000] ...2  1171.384842: sched_switch: prev_comm=Binder_2 prev_pid=692 prev_prio=120 prev_state=S ==> next_comm=Binder_2 next_pid=6851 next_prio=120
        Binder_2-6851  [000] ...3  1171.385008: sched_switch: prev_comm=Binder_2 prev_pid=6851 prev_prio=120 prev_state=x ==> next_comm=android.bg next_pid=764 next_prio=130
      android.bg-764   [000] ...2  1171.385069: sched_switch: prev_comm=android.bg prev_pid=764 prev_prio=130 prev_state=S ==> next_comm=swapper/0 next_pid=0 next_prio=120
          <idle>-0     [000] ...2  1171.385613: sched_switch: prev_comm=swapper/0 prev_pid=0 prev_prio=120 prev_state=R ==> next_comm=Binder_B next_pid=1403 next_prio=120
        Binder_B-1403  [000] ...2  1171.385706: sched_switch: prev_comm=Binder_B prev_pid=1403 prev_prio=120 prev_state=S ==> next_comm=swapper/0 next_pid=0 next_prio=120
 xample.bdbtrace-2226  [001] d..2  1171.385896: block_rq_insert: 179,0 R 0 () 851896 + 32 [xample.bdbtrace]
 xample.bdbtrace-2226  [001] ...2  1171.385914: sched_switch: prev_comm=xample.bdbtrace prev_pid=2226 prev_prio=120 prev_state=D|W ==> next_comm=mmcqd/1 next_pid=116 next_prio=120
         mmcqd/1-116   [001] ...2  1171.386010: sched_switch: prev_comm=mmcqd/1 prev_pid=116 prev_prio=120 prev_state=S ==> next_comm=Binder_1 next_pid=6850 next_prio=120
          <idle>-0     [000] ...2  1171.386224: sched_switch: prev_comm=swapper/0 prev_pid=0 prev_prio=120 prev_state=R ==> next_comm=mmcqd/1 next_pid=116 next_prio=120
         mmcqd/1-116   [000] ...1  1171.386252: block_rq_complete: 179,0 RA () 1181984 + 8 [0]
         mmcqd/1-116   [000] ...2  1171.386279: sched_switch: prev_comm=mmcqd/1 prev_pid=116 prev_prio=120 prev_state=S ==> next_comm=swapper/0 next_pid=0 next_prio=120
        Binder_1-6850  [001] ...3  1171.386320: sched_switch: prev_comm=Binder_1 prev_pid=6850 prev_prio=120 prev_state=x ==> next_comm=swapper/1 next_pid=0 next_prio=120
          <idle>-0     [000] ...2  1171.386682: sched_switch: prev_comm=swapper/0 prev_pid=0 prev_prio=120 prev_state=R ==> next_comm=mmcqd/1 next_pid=116 next_prio=120
         mmcqd/1-116   [000] ...1  1171.386715: block_rq_complete: 179,0 RA () 1182000 + 40 [0]
         mmcqd/1-116   [000] ...2  1171.386733: sched_switch: prev_comm=mmcqd/1 prev_pid=116 prev_prio=120 prev_state=S ==> next_comm=main next_pid=6833 next_prio=120
          <idle>-0     [001] ...2  1171.386783: sched_switch: prev_comm=swapper/1 prev_pid=0 prev_prio=120 prev_state=R ==> next_comm=Heap thread poo next_pid=6838 next_prio=120
            main-6833  [000] ...2  1171.386784: sched_switch: prev_comm=main prev_pid=6833 prev_prio=120 prev_state=S ==> next_comm=swapper/0 next_pid=0 next_prio=120
          <idle>-0     [000] ...2  1171.386941: sched_switch: prev_comm=swapper/0 prev_pid=0 prev_prio=120 prev_state=R ==> next_comm=main next_pid=6833 next_prio=120
 Heap thread poo-6838  [001] ...3  1171.386965: sched_switch: prev_comm=Heap thread poo prev_pid=6838 prev_prio=120 prev_state=x ==> next_comm=Heap thread poo next_pid=6839 next_prio=120
            main-6833  [000] ...2  1171.386984: sched_switch: prev_comm=main prev_pid=6833 prev_prio=120 prev_state=S ==> next_comm=swapper/0 next_pid=0 next_prio=120
          <idle>-0     [000] ...2  1171.386991: sched_switch: prev_comm=swapper/0 prev_pid=0 prev_prio=120 prev_state=R ==> next_comm=Heap thread poo next_pid=6840 next_prio=120
 Heap thread poo-6840  [000] ...2  1171.387002: sched_switch: prev_comm=Heap thread poo prev_pid=6840 prev_prio=120 prev_state=D ==> next_comm=swapper/0 next_pid=0 next_prio=120
          <idle>-0     [000] ...2  1171.387035: sched_switch: prev_comm=swapper/0 prev_pid=0 prev_prio=120 prev_state=R ==> next_comm=Heap thread poo next_pid=6840 next_prio=120
 Heap thread poo-6839  [001] ...2  1171.387057: sched_switch: prev_comm=Heap thread poo prev_pid=6839 prev_prio=120 prev_state=D ==> next_comm=swapper/1 next_pid=0 next_prio=120
          <idle>-0     [001] ...2  1171.387068: sched_switch: prev_comm=swapper/1 prev_pid=0 prev_prio=120 prev_state=R ==> next_comm=Heap thread poo next_pid=6839 next_prio=120
 Heap thread poo-6839  [001] ...2  1171.387085: sched_switch: prev_comm=Heap thread poo prev_pid=6839 prev_prio=120 prev_state=S ==> next_comm=swapper/1 next_pid=0 next_prio=120
          <idle>-0     [001] ...2  1171.387092: sched_switch: prev_comm=swapper/1 prev_pid=0 prev_prio=120 prev_state=R ==> next_comm=Heap thread poo next_pid=6839 next_prio=120
 Heap thread poo-6840  [000] ...3  1171.387143: sched_switch: prev_comm=Heap thread poo prev_pid=6840 prev_prio=120 prev_state=x ==> next_comm=mmcqd/1 next_pid=116 next_prio=120
         mmcqd/1-116   [000] ...1  1171.387157: block_rq_complete: 179,0 RA () 1182048 + 24 [0]
         mmcqd/1-116   [000] ...2  1171.387174: sched_switch: prev_comm=mmcqd/1 prev_pid=116 prev_prio=120 prev_state=R+ ==> next_comm=kworker/0:1H next_pid=17 next_prio=100
    kworker/0:1H-17    [000] ...2  1171.387182: sched_switch: prev_comm=kworker/0:1H prev_pid=17 prev_prio=100 prev_state=S ==> next_comm=main next_pid=6833 next_prio=120
 Heap thread poo-6839  [001] ...3  1171.387201: sched_switch: prev_comm=Heap thread poo prev_pid=6839 prev_prio=120 prev_state=x ==> next_comm=swapper/1 next_pid=0 next_prio=120
          <idle>-0     [001] ...2  1171.387270: sched_switch: prev_comm=swapper/1 prev_pid=0 prev_prio=120 prev_state=R ==> next_comm=JDWP next_pid=6842 next_prio=120
            main-6833  [000] ...2  1171.387291: sched_switch: prev_comm=main prev_pid=6833 prev_prio=120 prev_state=S ==> next_comm=adbd next_pid=778 next_prio=120
           <...>-778   [000] ...2  1171.387420: sched_switch: prev_comm=adbd prev_pid=778 prev_prio=120 prev_state=S ==> next_comm=mmcqd/1 next_pid=116 next_prio=120
         mmcqd/1-116   [000] ...2  1171.387468: sched_switch: prev_comm=mmcqd/1 prev_pid=116 prev_prio=120 prev_state=S ==> next_comm=swapper/0 next_pid=0 next_prio=120
          <idle>-0     [000] ...2  1171.387496: sched_switch: prev_comm=swapper/0 prev_pid=0 prev_prio=120 prev_state=R ==> next_comm=main next_pid=6833 next_prio=120
            JDWP-6842  [001] ...3  1171.387517: sched_switch: prev_comm=JDWP prev_pid=6842 prev_prio=120 prev_state=x ==> next_comm=swapper/1 next_pid=0 next_prio=120
            main-6833  [000] d..2  1171.387577: block_rq_insert: 179,0 R 0 () 1179176 + 16 [main]
            main-6833  [000] d..2  1171.387586: block_rq_insert: 179,0 R 0 () 1179208 + 32 [main]
            main-6833  [000] d..2  1171.387589: block_rq_insert: 179,0 R 0 () 1179280 + 64 [main]
            main-6833  [000] d..2  1171.387591: block_rq_insert: 179,0 R 0 () 1179352 + 8 [main]
            main-6833  [000] d..2  1171.387592: block_rq_insert: 179,0 R 0 () 1179416 + 16 [main]
            main-6833  [000] ...2  1171.387600: sched_switch: prev_comm=main prev_pid=6833 prev_prio=120 prev_state=D|W ==> next_comm=mmcqd/1 next_pid=116 next_prio=120
         mmcqd/1-116   [000] ...2  1171.387618: sched_switch: prev_comm=mmcqd/1 prev_pid=116 prev_prio=120 prev_state=S ==> next_comm=swapper/0 next_pid=0 next_prio=120
          <idle>-0     [000] ...2  1171.387845: sched_switch: prev_comm=swapper/0 prev_pid=0 prev_prio=120 prev_state=R ==> next_comm=mmcqd/1 next_pid=116 next_prio=120
         mmcqd/1-116   [000] ...1  1171.387876: block_rq_complete: 179,0 RA () 851896 + 32 [0]
          <idle>-0     [001] ...2  1171.387894: sched_switch: prev_comm=swapper/1 prev_pid=0 prev_prio=120 prev_state=R ==> next_comm=xample.bdbtrace next_pid=2226 next_prio=120
         mmcqd/1-116   [000] ...2  1171.387905: sched_switch: prev_comm=mmcqd/1 prev_pid=116 prev_prio=120 prev_state=S ==> next_comm=swapper/0 next_pid=0 next_prio=120
          <idle>-0     [000] ...2  1171.388159: sched_switch: prev_comm=swapper/0 prev_pid=0 prev_prio=120 prev_state=R ==> next_comm=mmcqd/1 next_pid=116 next_prio=120
         mmcqd/1-116   [000] ...1  1171.388185: block_rq_complete: 179,0 RA () 1179176 + 16 [0]
         mmcqd/1-116   [000] ...2  1171.388217: sched_switch: prev_comm=mmcqd/1 prev_pid=116 prev_prio=120 prev_state=S ==> next_comm=swapper/0 next_pid=0 next_prio=120
          <idle>-0     [000] ...2  1171.388601: sched_switch: prev_comm=swapper/0 prev_pid=0 prev_prio=120 prev_state=R ==> next_comm=mmcqd/1 next_pid=116 next_prio=120
         mmcqd/1-116   [000] ...1  1171.388630: block_rq_complete: 179,0 RA () 1179208 + 32 [0]
         mmcqd/1-116   [000] ...2  1171.388648: sched_switch: prev_comm=mmcqd/1 prev_pid=116 prev_prio=120 prev_state=S ==> next_comm=swapper/0 next_pid=0 next_prio=120
          <idle>-0     [000] ...2  1171.388934: sched_switch: prev_comm=swapper/0 prev_pid=0 prev_prio=120 prev_state=R ==> next_comm=ksoftirqd/0 next_pid=3 next_prio=120
     ksoftirqd/0-3     [000] ...2  1171.388942: sched_switch: prev_comm=ksoftirqd/0 prev_pid=3 prev_prio=120 prev_state=S ==> next_comm=swapper/0 next_pid=0 next_prio=120
          <idle>-0     [000] ...2  1171.388954: sched_switch: prev_comm=swapper/0 prev_pid=0 prev_prio=120 prev_state=R ==> next_comm=ksoftirqd/0 next_pid=3 next_prio=120
     ksoftirqd/0-3     [000] ...2  1171.388959: sched_switch: prev_comm=ksoftirqd/0 prev_pid=3 prev_prio=120 prev_state=S ==> next_comm=swapper/0 next_pid=0 next_prio=120
          <idle>-0     [000] ...2  1171.388970: sched_switch: prev_comm=swapper/0 prev_pid=0 prev_prio=120 prev_state=R ==> next_comm=ksoftirqd/0 next_pid=3 next_prio=120
     ksoftirqd/0-3     [000] ...2  1171.388976: sched_switch: prev_comm=ksoftirqd/0 prev_pid=3 prev_prio=120 prev_state=S ==> next_comm=swapper/0 next_pid=0 next_prio=120
          <idle>-0     [000] ...2  1171.389152: sched_switch: prev_comm=swapper/0 prev_pid=0 prev_prio=120 prev_state=R ==> next_comm=mmcqd/1 next_pid=116 next_prio=120
         mmcqd/1-116   [000] ...1  1171.389187: block_rq_complete: 179,0 RA () 1179280 + 64 [0]
         mmcqd/1-116   [000] ...2  1171.389214: sched_switch: prev_comm=mmcqd/1 prev_pid=116 prev_prio=120 prev_state=S ==> next_comm=main next_pid=6833 next_prio=120
 xample.bdbtrace-2226  [001] ...2  1171.389251: sched_switch: prev_comm=xample.bdbtrace prev_pid=2226 prev_prio=120 prev_state=R ==> next_comm=Signal Catcher next_pid=6841 next_prio=120
            main-6833  [000] ...2  1171.389254: sched_switch: prev_comm=main prev_pid=6833 prev_prio=120 prev_state=S ==> next_comm=swapper/0 next_pid=0 next_prio=120
          <idle>-0     [000] ...2  1171.389412: sched_switch: prev_comm=swapper/0 prev_pid=0 prev_prio=120 prev_state=R ==> next_comm=mmcqd/1 next_pid=116 next_prio=120
         mmcqd/1-116   [000] ...1  1171.389437: block_rq_complete: 179,0 RA () 1179352 + 8 [0]
         mmcqd/1-116   [000] ...2  1171.389453: sched_switch: prev_comm=mmcqd/1 prev_pid=116 prev_prio=120 prev_state=S ==> next_comm=main next_pid=6833 next_prio=120
            main-6833  [000] ...2  1171.389475: sched_switch: prev_comm=main prev_pid=6833 prev_prio=120 prev_state=S ==> next_comm=swapper/0 next_pid=0 next_prio=120
  Signal Catcher-6841  [001] ...3  1171.389480: sched_switch: prev_comm=Signal Catcher prev_pid=6841 prev_prio=120 prev_state=x ==> next_comm=xample.bdbtrace next_pid=2226 next_prio=120
 xample.bdbtrace-2226  [001] d..2  1171.389611: block_rq_insert: 179,0 R 0 () 852120 + 8 [xample.bdbtrace]
          <idle>-0     [000] ...2  1171.389633: sched_switch: prev_comm=swapper/0 prev_pid=0 prev_prio=120 prev_state=R ==> next_comm=mmcqd/1 next_pid=116 next_prio=120
 xample.bdbtrace-2226  [001] ...2  1171.389638: sched_switch: prev_comm=xample.bdbtrace prev_pid=2226 prev_prio=120 prev_state=D|W ==> next_comm=swapper/1 next_pid=0 next_prio=120
         mmcqd/1-116   [000] ...2  1171.389648: sched_switch: prev_comm=mmcqd/1 prev_pid=116 prev_prio=120 prev_state=S ==> next_comm=swapper/0 next_pid=0 next_prio=120
          <idle>-0     [001] ...2  1171.389674: sched_switch: prev_comm=swapper/1 prev_pid=0 prev_prio=120 prev_state=R ==> next_comm=ksoftirqd/1 next_pid=6837 next_prio=120
     ksoftirqd/1-6837  [001] ...2  1171.389691: sched_switch: prev_comm=ksoftirqd/1 prev_pid=6837 prev_prio=120 prev_state=S ==> next_comm=swapper/1 next_pid=0 next_prio=120
          <idle>-0     [001] ...2  1171.389715: sched_switch: prev_comm=swapper/1 prev_pid=0 prev_prio=120 prev_state=R ==> next_comm=ksoftirqd/1 next_pid=6837 next_prio=120
     ksoftirqd/1-6837  [001] ...2  1171.389726: sched_switch: prev_comm=ksoftirqd/1 prev_pid=6837 prev_prio=120 prev_state=S ==> next_comm=swapper/1 next_pid=0 next_prio=120
          <idle>-0     [001] ...2  1171.389748: sched_switch: prev_comm=swapper/1 prev_pid=0 prev_prio=120 prev_state=R ==> next_comm=ksoftirqd/1 next_pid=6837 next_prio=120
          <idle>-0     [000] ...2  1171.389777: sched_switch: prev_comm=swapper/0 prev_pid=0 prev_prio=120 prev_state=R ==> next_comm=mmcqd/1 next_pid=116 next_prio=120
         mmcqd/1-116   [000] ...1  1171.389803: block_rq_complete: 179,0 RA () 1179416 + 16 [0]
         mmcqd/1-116   [000] ...2  1171.389813: sched_switch: prev_comm=mmcqd/1 prev_pid=116 prev_prio=120 prev_state=S ==> next_comm=swapper/0 next_pid=0 next_prio=120
     ksoftirqd/1-6837  [001] ...2  1171.389820: sched_switch: prev_comm=ksoftirqd/1 prev_pid=6837 prev_prio=120 prev_state=S ==> next_comm=swapper/1 next_pid=0 next_prio=120
          <idle>-0     [000] ...2  1171.390058: sched_switch: prev_comm=swapper/0 prev_pid=0 prev_prio=120 prev_state=R ==> next_comm=mmcqd/1 next_pid=116 next_prio=120
         mmcqd/1-116   [000] ...1  1171.390068: block_rq_complete: 179,0 RA () 852120 + 8 [0]
         mmcqd/1-116   [000] ...2  1171.390084: sched_switch: prev_comm=mmcqd/1 prev_pid=116 prev_prio=120 prev_state=R+ ==> next_comm=kworker/0:1H next_pid=17 next_prio=100
          <idle>-0     [001] ...2  1171.390086: sched_switch: prev_comm=swapper/1 prev_pid=0 prev_prio=120 prev_state=R ==> next_comm=xample.bdbtrace next_pid=2226 next_prio=120
    kworker/0:1H-17    [000] ...2  1171.390092: sched_switch: prev_comm=kworker/0:1H prev_pid=17 prev_prio=100 prev_state=S ==> next_comm=mmcqd/1 next_pid=116 next_prio=120
         mmcqd/1-116   [000] ...2  1171.390101: sched_switch: prev_comm=mmcqd/1 prev_pid=116 prev_prio=120 prev_state=S ==> next_comm=swapper/0 next_pid=0 next_prio=120
 xample.bdbtrace-2226  [001] d..2  1171.391595: block_rq_insert: 179,0 R 0 () 852320 + 8 [xample.bdbtrace]
          <idle>-0     [000] ...2  1171.391618: sched_switch: prev_comm=swapper/0 prev_pid=0 prev_prio=120 prev_state=R ==> next_comm=mmcqd/1 next_pid=116 next_prio=120
 xample.bdbtrace-2226  [001] ...2  1171.391619: sched_switch: prev_comm=xample.bdbtrace prev_pid=2226 prev_prio=120 prev_state=D|W ==> next_comm=swapper/1 next_pid=0 next_prio=120
         mmcqd/1-116   [000] ...2  1171.391660: sched_switch: prev_comm=mmcqd/1 prev_pid=116 prev_prio=120 prev_state=S ==> next_comm=swapper/0 next_pid=0 next_prio=120
          <idle>-0     [000] ...2  1171.391904: sched_switch: prev_comm=swapper/0 prev_pid=0 prev_prio=120 prev_state=R ==> next_comm=mmcqd/1 next_pid=116 next_prio=120
         mmcqd/1-116   [000] ...1  1171.391914: block_rq_complete: 179,0 RA () 852320 + 8 [0]
         mmcqd/1-116   [000] ...2  1171.391932: sched_switch: prev_comm=mmcqd/1 prev_pid=116 prev_prio=120 prev_state=R+ ==> next_comm=kworker/0:1H next_pid=17 next_prio=100
          <idle>-0     [001] ...2  1171.391934: sched_switch: prev_comm=swapper/1 prev_pid=0 prev_prio=120 prev_state=R ==> next_comm=xample.bdbtrace next_pid=2226 next_prio=120
    kworker/0:1H-17    [000] ...2  1171.391939: sched_switch: prev_comm=kworker/0:1H prev_pid=17 prev_prio=100 prev_state=S ==> next_comm=mmcqd/1 next_pid=116 next_prio=120
         mmcqd/1-116   [000] ...2  1171.391950: sched_switch: prev_comm=mmcqd/1 prev_pid=116 prev_prio=120 prev_state=S ==> next_comm=swapper/0 next_pid=0 next_prio=120
 xample.bdbtrace-2226  [001] d..2  1171.393535: block_rq_insert: 179,0 R 0 () 9228432 + 32 [xample.bdbtrace]
          <idle>-0     [000] ...2  1171.393554: sched_switch: prev_comm=swapper/0 prev_pid=0 prev_prio=120 prev_state=R ==> next_comm=mmcqd/1 next_pid=116 next_prio=120
 xample.bdbtrace-2226  [001] ...2  1171.393556: sched_switch: prev_comm=xample.bdbtrace prev_pid=2226 prev_prio=120 prev_state=D|W ==> next_comm=swapper/1 next_pid=0 next_prio=120
         mmcqd/1-116   [000] ...2  1171.393598: sched_switch: prev_comm=mmcqd/1 prev_pid=116 prev_prio=120 prev_state=S ==> next_comm=swapper/0 next_pid=0 next_prio=120
          <idle>-0     [000] ...2  1171.394032: sched_switch: prev_comm=swapper/0 prev_pid=0 prev_prio=120 prev_state=R ==> next_comm=mmcqd/1 next_pid=116 next_prio=120
         mmcqd/1-116   [000] ...1  1171.394047: block_rq_complete: 179,0 RA () 9228432 + 32 [0]
         mmcqd/1-116   [000] ...2  1171.394065: sched_switch: prev_comm=mmcqd/1 prev_pid=116 prev_prio=120 prev_state=R+ ==> next_comm=kworker/0:1H next_pid=17 next_prio=100
          <idle>-0     [001] ...2  1171.394068: sched_switch: prev_comm=swapper/1 prev_pid=0 prev_prio=120 prev_state=R ==> next_comm=xample.bdbtrace next_pid=2226 next_prio=120
    kworker/0:1H-17    [000] ...2  1171.394072: sched_switch: prev_comm=kworker/0:1H prev_pid=17 prev_prio=100 prev_state=S ==> next_comm=mmcqd/1 next_pid=116 next_prio=120
         mmcqd/1-116   [000] ...2  1171.394082: sched_switch: prev_comm=mmcqd/1 prev_pid=116 prev_prio=120 prev_state=S ==> next_comm=swapper/0 next_pid=0 next_prio=120
 xample.bdbtrace-2226  [001] ...1  1171.395787: tracing_mark_write: BDB

 xample.bdbtrace-2226  [001] ...1  1171.396211: tracing_mark_write: START: App started

          <idle>-0     [000] ...2  1171.397428: sched_switch: prev_comm=swapper/0 prev_pid=0 prev_prio=120 prev_state=R ==> next_comm=EventThread next_pid=320 next_prio=111
 xample.bdbtrace-2226  [001] ...2  1171.397493: sched_switch: prev_comm=xample.bdbtrace prev_pid=2226 prev_prio=120 prev_state=R ==> next_comm=android.display next_pid=770 next_prio=116
     EventThread-320   [000] ...2  1171.397503: sched_switch: prev_comm=EventThread prev_pid=320 prev_prio=111 prev_state=S ==> next_comm=droid.launcher3 next_pid=1093 next_prio=120
 droid.launcher3-1093  [000] ...2  1171.397731: sched_switch: prev_comm=droid.launcher3 prev_pid=1093 prev_prio=120 prev_state=S ==> next_comm=RenderThread next_pid=1365 next_prio=116
    RenderThread-1365  [000] ...2  1171.397816: sched_switch: prev_comm=RenderThread prev_pid=1365 prev_prio=116 prev_state=R ==> next_comm=Binder_4 next_pid=1509 next_prio=120
 android.display-770   [001] ...2  1171.397830: sched_switch: prev_comm=android.display prev_pid=770 prev_prio=116 prev_state=D ==> next_comm=xample.bdbtrace next_pid=2226 next_prio=120
 xample.bdbtrace-2226  [001] ...2  1171.397840: sched_switch: prev_comm=xample.bdbtrace prev_pid=2226 prev_prio=120 prev_state=R ==> next_comm=android.display next_pid=770 next_prio=116
 android.display-770   [001] ...2  1171.397853: sched_switch: prev_comm=android.display prev_pid=770 prev_prio=116 prev_state=S ==> next_comm=xample.bdbtrace next_pid=2226 next_prio=120
