            main-6833  [000] ...2  1171.308512: sched_switch: prev_comm=main prev_pid=6833 prev_prio=120 prev_state=D|W ==> next_comm=swapper/0 next_pid=0 next_prio=120
          <idle>-0     [000] ...2  1171.308930: sched_switch: prev_comm=swapper/0 prev_pid=0 prev_prio=120 prev_state=R ==> next_comm=mmcqd/1 next_pid=116 next_prio=120
         mmcqd/1-116   [000] ...1  1171.308965: block_rq_complete: 179,0 RA () 4079536 + 48 [0]
         mmcqd/1-116   [000] ...2  1171.308990: sched_switch: prev_comm=mmcqd/1 prev_pid=116 prev_prio=120 prev_state=S ==> next_comm=swapper/0 next_pid=0 next_prio=120
          <idle>-0     [000] ...2  1171.309240: sched_switch: prev_comm=swapper/0 prev_pid=0 prev_prio=120 prev_state=R ==> next_comm=mmcqd/1 next_pid=116 next_prio=120
         mmcqd/1-116   [000] ...1  1171.309267: block_rq_complete: 179,0 RA () 4079600 + 16 [0]
         mmcqd/1-116   [000] ...2  1171.309290: sched_switch: prev_comm=mmcqd/1 prev_pid=116 prev_prio=120 prev_state=S ==> next_comm=swapper/0 next_pid=0 next_prio=120
          <idle>-0     [000] ...2  1171.309542: sched_switch: prev_comm=swapper/0 prev_pid=0 prev_prio=120 prev_state=R ==> next_comm=mmcqd/1 next_pid=116 next_prio=120
         mmcqd/1-116   [000] ...1  1171.309569: block_rq_complete: 179,0 RA () 4079632 + 16 [0]
         mmcqd/1-116   [000] ...2  1171.309591: sched_switch: prev_comm=mmcqd/1 prev_pid=116 prev_prio=120 prev_state=S ==> next_comm=swapper/0 next_pid=0 next_prio=120
          <idle>-0     [000] ...2  1171.309851: sched_switch: prev_comm=swapper/0 prev_pid=0 prev_prio=120 prev_state=R ==> next_comm=mmcqd/1 next_pid=116 next_prio=120
         mmcqd/1-116   [000] ...1  1171.309878: block_rq_complete: 179,0 RA () 4079656 + 16 [0]
         mmcqd/1-116   [000] ...2  1171.309900: sched_switch: prev_comm=mmcqd/1 prev_pid=116 prev_prio=120 prev_state=S ==> next_comm=main next_pid=6833 next_prio=120
            main-6833  [000] ...2  1171.310166: sched_switch: prev_comm=main prev_pid=6833 prev_prio=120 prev_state=R ==> next_comm=mmcqd/1 next_pid=116 next_prio=120
         mmcqd/1-116   [000] ...1  1171.310193: block_rq_complete: 179,0 RA () 4079680 + 16 [0]
         mmcqd/1-116   [000] ...2  1171.310212: sched_switch: prev_comm=mmcqd/1 prev_pid=116 prev_prio=120 prev_state=S ==> next_comm=main next_pid=6833 next_prio=120
            main-6833  [000] d..2  1171.310384: block_rq_insert: 179,0 R 0 () 4078384 + 40 [main]
            main-6833  [000] d..2  1171.310386: block_rq_insert: 179,0 R 0 () 4078440 + 8 [main]
            main-6833  [000] ...2  1171.310397: sched_switch: prev_comm=main prev_pid=6833 prev_prio=120 prev_state=D|W ==> next_comm=swapper/0 next_pid=0 next_prio=120
          <idle>-0     [000] ...2  1171.310461: sched_switch: prev_comm=swapper/0 prev_pid=0 prev_prio=120 prev_state=R ==> next_comm=mmcqd/1 next_pid=116 next_prio=120
         mmcqd/1-116   [000] ...1  1171.310487: block_rq_complete: 179,0 RA () 4079712 + 8 [0]
         mmcqd/1-116   [000] ...2  1171.310506: sched_switch: prev_comm=mmcqd/1 prev_pid=116 prev_prio=120 prev_state=S ==> next_comm=swapper/0 next_pid=0 next_prio=120
          <idle>-0     [000] ...2  1171.310791: sched_switch: prev_comm=swapper/0 prev_pid=0 prev_prio=120 prev_state=R ==> next_comm=mmcqd/1 next_pid=116 next_prio=120
         mmcqd/1-116   [000] ...1  1171.310816: block_rq_complete: 179,0 RA () 4079728 + 8 [0]
         mmcqd/1-116   [000] ...2  1171.310843: sched_switch: prev_comm=mmcqd/1 prev_pid=116 prev_prio=120 prev_state=S ==> next_comm=swapper/0 next_pid=0 next_prio=120
          <idle>-0     [000] ...2  1171.311080: sched_switch: prev_comm=swapper/0 prev_pid=0 prev_prio=120 prev_state=R ==> next_comm=mmcqd/1 next_pid=116 next_prio=120
         mmcqd/1-116   [000] ...1  1171.311105: block_rq_complete: 179,0 RA () 4078440 + 8 [0]
         mmcqd/1-116   [000] ...2  1171.311117: sched_switch: prev_comm=mmcqd/1 prev_pid=116 prev_prio=120 prev_state=S ==> next_comm=swapper/0 next_pid=0 next_prio=120
          <idle>-0     [000] ...2  1171.311555: sched_switch: prev_comm=swapper/0 prev_pid=0 prev_prio=120 prev_state=R ==> next_comm=mmcqd/1 next_pid=116 next_prio=120
         mmcqd/1-116   [000] ...1  1171.311572: block_rq_complete: 179,0 RA () 4078384 + 40 [0]
         mmcqd/1-116   [000] ...2  1171.311589: sched_switch: prev_comm=mmcqd/1 prev_pid=116 prev_prio=120 prev_state=R+ ==> next_comm=kworker/0:1H next_pid=17 next_prio=100
    kworker/0:1H-17    [000] ...2  1171.311597: sched_switch: prev_comm=kworker/0:1H prev_pid=17 prev_prio=100 prev_state=S ==> next_comm=mmcqd/1 next_pid=116 next_prio=120
         mmcqd/1-116   [000] ...2  1171.311606: sched_switch: prev_comm=mmcqd/1 prev_pid=116 prev_prio=120 prev_state=S ==> next_comm=main next_pid=6833 next_prio=120
            main-6833  [000] d..2  1171.311707: block_rq_insert: 179,0 R 0 () 4086560 + 136 [main]
            main-6833  [000] d..2  1171.311710: block_rq_insert: 179,0 R 0 () 4086704 + 72 [main]
            main-6833  [000] ...2  1171.311719: sched_switch: prev_comm=main prev_pid=6833 prev_prio=120 prev_state=R+ ==> next_comm=mmcqd/1 next_pid=116 next_prio=120
         mmcqd/1-116   [000] ...2  1171.311812: sched_switch: prev_comm=mmcqd/1 prev_pid=116 prev_prio=120 prev_state=S ==> next_comm=main next_pid=6833 next_prio=120
            main-6833  [000] ...2  1171.311819: sched_switch: prev_comm=main prev_pid=6833 prev_prio=120 prev_state=D|W ==> next_comm=swapper/0 next_pid=0 next_prio=120
          <idle>-0     [000] ...2  1171.312634: sched_switch: prev_comm=swapper/0 prev_pid=0 prev_prio=120 prev_state=R ==> next_comm=mmcqd/1 next_pid=116 next_prio=120
         mmcqd/1-116   [000] ...1  1171.312687: block_rq_complete: 179,0 RA () 4086560 + 136 [0]
         mmcqd/1-116   [000] ...2  1171.312707: sched_switch: prev_comm=mmcqd/1 prev_pid=116 prev_prio=120 prev_state=S ==> next_comm=main next_pid=6833 next_prio=120
            main-6833  [000] ...2  1171.313195: sched_switch: prev_comm=main prev_pid=6833 prev_prio=120 prev_state=R ==> next_comm=mmcqd/1 next_pid=116 next_prio=120
         mmcqd/1-116   [000] ...1  1171.313220: block_rq_complete: 179,0 RA () 4086704 + 72 [0]
         mmcqd/1-116   [000] ...2  1171.313237: sched_switch: prev_comm=mmcqd/1 prev_pid=116 prev_prio=120 prev_state=R+ ==> next_comm=kworker/0:1H next_pid=17 next_prio=100
    kworker/0:1H-17    [000] ...2  1171.313244: sched_switch: prev_comm=kworker/0:1H prev_pid=17 prev_prio=100 prev_state=S ==> next_comm=mmcqd/1 next_pid=116 next_prio=120
         mmcqd/1-116   [000] ...2  1171.313254: sched_switch: prev_comm=mmcqd/1 prev_pid=116 prev_prio=120 prev_state=S ==> next_comm=main next_pid=6833 next_prio=120
            main-6833  [000] ...2  1171.318924: sched_switch: prev_comm=main prev_pid=6833 prev_prio=120 prev_state=R+ ==> next_comm=kworker/u:0 next_pid=3362 next_prio=120
     kworker/u:0-3362  [000] ...2  1171.318943: sched_switch: prev_comm=kworker/u:0 prev_pid=3362 prev_prio=120 prev_state=S ==> next_comm=kworker/0:1H next_pid=17 next_prio=100
    kworker/0:1H-17    [000] ...2  1171.318958: sched_switch: prev_comm=kworker/0:1H prev_pid=17 prev_prio=100 prev_state=S ==> next_comm=kworker/0:2 next_pid=5912 next_prio=120
     kworker/0:2-5912  [000] ...2  1171.319006: sched_switch: prev_comm=kworker/0:2 prev_pid=5912 prev_prio=120 prev_state=S ==> next_comm=mpdecision next_pid=1527 next_prio=113
      mpdecision-1527  [000] ...2  1171.319267: sched_switch: prev_comm=mpdecision prev_pid=1527 prev_prio=113 prev_state=S ==> next_comm=main next_pid=6833 next_prio=120
            main-6833  [000] d..2  1171.327238: block_rq_insert: 179,0 R 0 () 4085616 + 40 [main]
            main-6833  [000] ...2  1171.327263: sched_switch: prev_comm=main prev_pid=6833 prev_prio=120 prev_state=R+ ==> next_comm=mmcqd/1 next_pid=116 next_prio=120
         mmcqd/1-116   [000] ...2  1171.327330: sched_switch: prev_comm=mmcqd/1 prev_pid=116 prev_prio=120 prev_state=S ==> next_comm=main next_pid=6833 next_prio=120
            main-6833  [000] ...2  1171.327886: sched_switch: prev_comm=main prev_pid=6833 prev_prio=120 prev_state=R ==> next_comm=mmcqd/1 next_pid=116 next_prio=120
         mmcqd/1-116   [000] ...1  1171.327905: block_rq_complete: 179,0 RA () 4085616 + 40 [0]
         mmcqd/1-116   [000] ...2  1171.327925: sched_switch: prev_comm=mmcqd/1 prev_pid=116 prev_prio=120 prev_state=R+ ==> next_comm=kworker/0:1H next_pid=17 next_prio=100
    kworker/0:1H-17    [000] ...2  1171.327934: sched_switch: prev_comm=kworker/0:1H prev_pid=17 prev_prio=100 prev_state=S ==> next_comm=mmcqd/1 next_pid=116 next_prio=120
         mmcqd/1-116   [000] ...2  1171.327945: sched_switch: prev_comm=mmcqd/1 prev_pid=116 prev_prio=120 prev_state=S ==> next_comm=main next_pid=6833 next_prio=120
            main-6833  [000] d..2  1171.330210: block_rq_insert: 179,0 R 0 () 874176 + 8 [main]
            main-6833  [000] ...2  1171.330221: sched_switch: prev_comm=main prev_pid=6833 prev_prio=120 prev_state=R+ ==> next_comm=mmcqd/1 next_pid=116 next_prio=120
         mmcqd/1-116   [000] ...2  1171.330262: sched_switch: prev_comm=mmcqd/1 prev_pid=116 prev_prio=120 prev_state=S ==> next_comm=main next_pid=6833 next_prio=120
            main-6833  [000] ...2  1171.330271: sched_switch: prev_comm=main prev_pid=6833 prev_prio=120 prev_state=D|W ==> next_comm=swapper/0 next_pid=0 next_prio=120
          <idle>-0     [000] ...2  1171.330293: sched_switch: prev_comm=swapper/0 prev_pid=0 prev_prio=120 prev_state=R ==> next_comm=ksoftirqd/0 next_pid=3 next_prio=120
     ksoftirqd/0-3     [000] ...2  1171.330305: sched_switch: prev_comm=ksoftirqd/0 prev_pid=3 prev_prio=120 prev_state=S ==> next_comm=swapper/0 next_pid=0 next_prio=120
          <idle>-0     [000] ...2  1171.330320: sched_switch: prev_comm=swapper/0 prev_pid=0 prev_prio=120 prev_state=R ==> next_comm=ksoftirqd/0 next_pid=3 next_prio=120
     ksoftirqd/0-3     [000] ...2  1171.330327: sched_switch: prev_comm=ksoftirqd/0 prev_pid=3 prev_prio=120 prev_state=S ==> next_comm=swapper/0 next_pid=0 next_prio=120
          <idle>-0     [000] ...2  1171.330339: sched_switch: prev_comm=swapper/0 prev_pid=0 prev_prio=120 prev_state=R ==> next_comm=ksoftirqd/0 next_pid=3 next_prio=120
     ksoftirqd/0-3     [000] ...2  1171.330351: sched_switch: prev_comm=ksoftirqd/0 prev_pid=3 prev_prio=120 prev_state=S ==> next_comm=swapper/0 next_pid=0 next_prio=120
          <idle>-0     [000] ...2  1171.330504: sched_switch: prev_comm=swapper/0 prev_pid=0 prev_prio=120 prev_state=R ==> next_comm=mmcqd/1 next_pid=116 next_prio=120
         mmcqd/1-116   [000] ...1  1171.330514: block_rq_complete: 179,0 RA () 874176 + 8 [0]
         mmcqd/1-116   [000] ...2  1171.330532: sched_switch: prev_comm=mmcqd/1 prev_pid=116 prev_prio=120 prev_state=R+ ==> next_comm=kworker/0:1H next_pid=17 next_prio=100
    kworker/0:1H-17    [000] ...2  1171.330540: sched_switch: prev_comm=kworker/0:1H prev_pid=17 prev_prio=100 prev_state=S ==> next_comm=mmcqd/1 next_pid=116 next_prio=120
         mmcqd/1-116   [000] ...2  1171.330550: sched_switch: prev_comm=mmcqd/1 prev_pid=116 prev_prio=120 prev_state=S ==> next_comm=main next_pid=6833 next_prio=120
            main-6833  [000] d..2  1171.333814: block_rq_insert: 179,0 R 0 () 4084864 + 8 [main]
            main-6833  [000] ...2  1171.333831: sched_switch: prev_comm=main prev_pid=6833 prev_prio=120 prev_state=R+ ==> next_comm=mmcqd/1 next_pid=116 next_prio=120
         mmcqd/1-116   [000] ...2  1171.333877: sched_switch: prev_comm=mmcqd/1 prev_pid=116 prev_prio=120 prev_state=S ==> next_comm=main next_pid=6833 next_prio=120
            main-6833  [000] ...2  1171.333883: sched_switch: prev_comm=main prev_pid=6833 prev_prio=120 prev_state=D|W ==> next_comm=swapper/0 next_pid=0 next_prio=120
          <idle>-0     [000] ...2  1171.333900: sched_switch: prev_comm=swapper/0 prev_pid=0 prev_prio=120 prev_state=R ==> next_comm=ksoftirqd/0 next_pid=3 next_prio=120
     ksoftirqd/0-3     [000] ...2  1171.333908: sched_switch: prev_comm=ksoftirqd/0 prev_pid=3 prev_prio=120 prev_state=S ==> next_comm=swapper/0 next_pid=0 next_prio=120
          <idle>-0     [000] ...2  1171.333922: sched_switch: prev_comm=swapper/0 prev_pid=0 prev_prio=120 prev_state=R ==> next_comm=ksoftirqd/0 next_pid=3 next_prio=120
     ksoftirqd/0-3     [000] ...2  1171.333929: sched_switch: prev_comm=ksoftirqd/0 prev_pid=3 prev_prio=120 prev_state=S ==> next_comm=swapper/0 next_pid=0 next_prio=120
          <idle>-0     [000] ...2  1171.333941: sched_switch: prev_comm=swapper/0 prev_pid=0 prev_prio=120 prev_state=R ==> next_comm=ksoftirqd/0 next_pid=3 next_prio=120
     ksoftirqd/0-3     [000] ...2  1171.333948: sched_switch: prev_comm=ksoftirqd/0 prev_pid=3 prev_prio=120 prev_state=S ==> next_comm=swapper/0 next_pid=0 next_prio=120
          <idle>-0     [000] ...2  1171.334107: sched_switch: prev_comm=swapper/0 prev_pid=0 prev_prio=120 prev_state=R ==> next_comm=mmcqd/1 next_pid=116 next_prio=120
         mmcqd/1-116   [000] ...1  1171.334119: block_rq_complete: 179,0 RA () 4084864 + 8 [0]
         mmcqd/1-116   [000] ...2  1171.334138: sched_switch: prev_comm=mmcqd/1 prev_pid=116 prev_prio=120 prev_state=R+ ==> next_comm=kworker/0:1H next_pid=17 next_prio=100
    kworker/0:1H-17    [000] ...2  1171.334146: sched_switch: prev_comm=kworker/0:1H prev_pid=17 prev_prio=100 prev_state=S ==> next_comm=mmcqd/1 next_pid=116 next_prio=120
         mmcqd/1-116   [000] ...2  1171.334157: sched_switch: prev_comm=mmcqd/1 prev_pid=116 prev_prio=120 prev_state=S ==> next_comm=main next_pid=6833 next_prio=120
            main-6833  [000] d..2  1171.335671: block_rq_insert: 179,0 R 0 () 4077832 + 8 [main]
            main-6833  [000] d..2  1171.335675: block_rq_insert: 179,0 R 0 () 4077848 + 8 [main]
            main-6833  [000] d..2  1171.335678: block_rq_insert: 179,0 R 0 () 4077872 + 8 [main]
            main-6833  [000] ...2  1171.335689: sched_switch: prev_comm=main prev_pid=6833 prev_prio=120 prev_state=R+ ==> next_comm=mmcqd/1 next_pid=116 next_prio=120
         mmcqd/1-116   [000] ...2  1171.335739: sched_switch: prev_comm=mmcqd/1 prev_pid=116 prev_prio=120 prev_state=S ==> next_comm=main next_pid=6833 next_prio=120
            main-6833  [000] ...2  1171.335746: sched_switch: prev_comm=main prev_pid=6833 prev_prio=120 prev_state=D|W ==> next_comm=swapper/0 next_pid=0 next_prio=120
          <idle>-0     [000] ...2  1171.335973: sched_switch: prev_comm=swapper/0 prev_pid=0 prev_prio=120 prev_state=R ==> next_comm=mmcqd/1 next_pid=116 next_prio=120
         mmcqd/1-116   [000] ...1  1171.335999: block_rq_complete: 179,0 RA () 4077872 + 8 [0]
         mmcqd/1-116   [000] ...2  1171.336018: sched_switch: prev_comm=mmcqd/1 prev_pid=116 prev_prio=120 prev_state=S ==> next_comm=swapper/0 next_pid=0 next_prio=120
          <idle>-0     [000] ...2  1171.336244: sched_switch: prev_comm=swapper/0 prev_pid=0 prev_prio=120 prev_state=R ==> next_comm=mmcqd/1 next_pid=116 next_prio=120
         mmcqd/1-116   [000] ...1  1171.336269: block_rq_complete: 179,0 RA () 4077848 + 8 [0]
         mmcqd/1-116   [000] ...2  1171.336284: sched_switch: prev_comm=mmcqd/1 prev_pid=116 prev_prio=120 prev_state=S ==> next_comm=main next_pid=6833 next_prio=120
            main-6833  [000] ...2  1171.336533: sched_switch: prev_comm=main prev_pid=6833 prev_prio=120 prev_state=R ==> next_comm=mmcqd/1 next_pid=116 next_prio=120
         mmcqd/1-116   [000] ...1  1171.336544: block_rq_complete: 179,0 RA () 4077832 + 8 [0]
         mmcqd/1-116   [000] ...2  1171.336558: sched_switch: prev_comm=mmcqd/1 prev_pid=116 prev_prio=120 prev_state=R+ ==> next_comm=kworker/0:1H next_pid=17 next_prio=100
    kworker/0:1H-17    [000] ...2  1171.336568: sched_switch: prev_comm=kworker/0:1H prev_pid=17 prev_prio=100 prev_state=S ==> next_comm=mmcqd/1 next_pid=116 next_prio=120
         mmcqd/1-116   [000] ...2  1171.336577: sched_switch: prev_comm=mmcqd/1 prev_pid=116 prev_prio=120 prev_state=S ==> next_comm=main next_pid=6833 next_prio=120
            main-6833  [000] d..2  1171.339126: block_rq_insert: 179,0 R 0 () 4079400 + 8 [main]
            main-6833  [000] d..2  1171.339130: block_rq_insert: 179,0 R 0 () 4079416 + 48 [main]
            main-6833  [000] d..2  1171.339132: block_rq_insert: 179,0 R 0 () 4079480 + 24 [main]
            main-6833  [000] d..2  1171.339134: block_rq_insert: 179,0 R 0 () 4079512 + 24 [main]
            main-6833  [000] ...2  1171.339144: sched_switch: prev_comm=main prev_pid=6833 prev_prio=120 prev_state=R+ ==> next_comm=mmcqd/1 next_pid=116 next_prio=120
         mmcqd/1-116   [000] ...2  1171.339210: sched_switch: prev_comm=mmcqd/1 prev_pid=116 prev_prio=120 prev_state=S ==> next_comm=main next_pid=6833 next_prio=120
            main-6833  [000] ...2  1171.339217: sched_switch: prev_comm=main prev_pid=6833 prev_prio=120 prev_state=D|W ==> next_comm=swapper/0 next_pid=0 next_prio=120
          <idle>-0     [000] ...2  1171.339433: sched_switch: prev_comm=swapper/0 prev_pid=0 prev_prio=120 prev_state=R ==> next_comm=mmcqd/1 next_pid=116 next_prio=120
         mmcqd/1-116   [000] ...1  1171.339461: block_rq_complete: 179,0 RA () 4079400 + 8 [0]
         mmcqd/1-116   [000] ...2  1171.339486: sched_switch: prev_comm=mmcqd/1 prev_pid=116 prev_prio=120 prev_state=S ==> next_comm=swapper/0 next_pid=0 next_prio=120
          <idle>-0     [000] ...2  1171.339927: sched_switch: prev_comm=swapper/0 prev_pid=0 prev_prio=120 prev_state=R ==> next_comm=mmcqd/1 next_pid=116 next_prio=120
         mmcqd/1-116   [000] ...1  1171.339961: block_rq_complete: 179,0 RA () 4079416 + 48 [0]
         mmcqd/1-116   [000] ...2  1171.339990: sched_switch: prev_comm=mmcqd/1 prev_pid=116 prev_prio=120 prev_state=S ==> next_comm=main next_pid=6833 next_prio=120
            main-6833  [000] d..2  1171.340160: block_rq_insert: 179,0 R 0 () 4019736 + 8 [main]
            main-6833  [000] d..2  1171.340162: block_rq_insert: 179,0 R 0 () 4019792 + 8 [main]
            main-6833  [000] ...2  1171.340171: sched_switch: prev_comm=main prev_pid=6833 prev_prio=120 prev_state=D|W ==> next_comm=swapper/0 next_pid=0 next_prio=120
          <idle>-0     [000] ...2  1171.340321: sched_switch: prev_comm=swapper/0 prev_pid=0 prev_prio=120 prev_state=R ==> next_comm=mmcqd/1 next_pid=116 next_prio=120
         mmcqd/1-116   [000] ...1  1171.340350: block_rq_complete: 179,0 RA () 4079480 + 24 [0]
         mmcqd/1-116   [000] ...2  1171.340370: sched_switch: prev_comm=mmcqd/1 prev_pid=116 prev_prio=120 prev_state=S ==> next_comm=swapper/0 next_pid=0 next_prio=120
          <idle>-0     [000] ...2  1171.340700: sched_switch: prev_comm=swapper/0 prev_pid=0 prev_prio=120 prev_state=R ==> next_comm=mmcqd/1 next_pid=116 next_prio=120
         mmcqd/1-116   [000] ...1  1171.340729: block_rq_complete: 179,0 RA () 4079512 + 24 [0]
         mmcqd/1-116   [000] ...2  1171.340747: sched_switch: prev_comm=mmcqd/1 prev_pid=116 prev_prio=120 prev_state=S ==> next_comm=swapper/0 next_pid=0 next_prio=120
          <idle>-0     [000] ...2  1171.340963: sched_switch: prev_comm=swapper/0 prev_pid=0 prev_prio=120 prev_state=R ==> next_comm=mmcqd/1 next_pid=116 next_prio=120
         mmcqd/1-116   [000] ...1  1171.340991: block_rq_complete: 179,0 RA () 4019736 + 8 [0]
         mmcqd/1-116   [000] ...2  1171.341002: sched_switch: prev_comm=mmcqd/1 prev_pid=116 prev_prio=120 prev_state=S ==> next_comm=swapper/0 next_pid=0 next_prio=120
          <idle>-0     [000] ...2  1171.341253: sched_switch: prev_comm=swapper/0 prev_pid=0 prev_prio=120 prev_state=R ==> next_comm=mmcqd/1 next_pid=116 next_prio=120
         mmcqd/1-116   [000] ...1  1171.341263: block_rq_complete: 179,0 RA () 4019792 + 8 [0]
         mmcqd/1-116   [000] ...2  1171.341280: sched_switch: prev_comm=mmcqd/1 prev_pid=116 prev_prio=120 prev_state=R+ ==> next_comm=kworker/0:1H next_pid=17 next_prio=100
    kworker/0:1H-17    [000] ...2  1171.341288: sched_switch: prev_comm=kworker/0:1H prev_pid=17 prev_prio=100 prev_state=S ==> next_comm=mmcqd/1 next_pid=116 next_prio=120
         mmcqd/1-116   [000] ...2  1171.341297: sched_switch: prev_comm=mmcqd/1 prev_pid=116 prev_prio=120 prev_state=S ==> next_comm=main next_pid=6833 next_prio=120
            main-6833  [000] d..2  1171.342592: block_rq_insert: 179,0 R 0 () 4010144 + 96 [main]
            main-6833  [000] d..2  1171.342595: block_rq_insert: 179,0 R 0 () 4010264 + 48 [main]
            main-6833  [000] d..2  1171.342597: block_rq_insert: 179,0 R 0 () 4010336 + 24 [main]
            main-6833  [000] ...2  1171.342607: sched_switch: prev_comm=main prev_pid=6833 prev_prio=120 prev_state=R+ ==> next_comm=mmcqd/1 next_pid=116 next_prio=120
         mmcqd/1-116   [000] ...2  1171.342668: sched_switch: prev_comm=mmcqd/1 prev_pid=116 prev_prio=120 prev_state=S ==> next_comm=main next_pid=6833 next_prio=120
            main-6833  [000] ...2  1171.342674: sched_switch: prev_comm=main prev_pid=6833 prev_prio=120 prev_state=D|W ==> next_comm=swapper/0 next_pid=0 next_prio=120
          <idle>-0     [000] ...2  1171.342969: sched_switch: prev_comm=swapper/0 prev_pid=0 prev_prio=120 prev_state=R ==> next_comm=mmcqd/1 next_pid=116 next_prio=120
         mmcqd/1-116   [000] ...1  1171.342998: block_rq_complete: 179,0 RA () 4010336 + 24 [0]
         mmcqd/1-116   [000] ...2  1171.343039: sched_switch: prev_comm=mmcqd/1 prev_pid=116 prev_prio=120 prev_state=S ==> next_comm=swapper/0 next_pid=0 next_prio=120
          <idle>-0     [000] ...2  1171.343469: sched_switch: prev_comm=swapper/0 prev_pid=0 prev_prio=120 prev_state=R ==> next_comm=mmcqd/1 next_pid=116 next_prio=120
         mmcqd/1-116   [000] ...1  1171.343504: block_rq_complete: 179,0 RA () 4010264 + 48 [0]
         mmcqd/1-116   [000] ...2  1171.343520: sched_switch: prev_comm=mmcqd/1 prev_pid=116 prev_prio=120 prev_state=S ==> next_comm=main next_pid=6833 next_prio=120
            main-6833  [000] d..2  1171.343538: block_rq_insert: 179,0 R 0 () 3997296 + 8 [main]
            main-6833  [000] ...2  1171.343548: sched_switch: prev_comm=main prev_pid=6833 prev_prio=120 prev_state=R+ ==> next_comm=mmcqd/1 next_pid=116 next_prio=120
         mmcqd/1-116   [000] ...2  1171.343563: sched_switch: prev_comm=mmcqd/1 prev_pid=116 prev_prio=120 prev_state=S ==> next_comm=main next_pid=6833 next_prio=120
            main-6833  [000] ...2  1171.343569: sched_switch: prev_comm=main prev_pid=6833 prev_prio=120 prev_state=D|W ==> next_comm=swapper/0 next_pid=0 next_prio=120
          <idle>-0     [000] ...2  1171.344145: sched_switch: prev_comm=swapper/0 prev_pid=0 prev_prio=120 prev_state=R ==> next_comm=mmcqd/1 next_pid=116 next_prio=120
         mmcqd/1-116   [000] ...1  1171.344188: block_rq_complete: 179,0 RA () 4010144 + 96 [0]
         mmcqd/1-116   [000] ...2  1171.344203: sched_switch: prev_comm=mmcqd/1 prev_pid=116 prev_prio=120 prev_state=S ==> next_comm=swapper/0 next_pid=0 next_prio=120
          <idle>-0     [000] ...2  1171.344420: sched_switch: prev_comm=swapper/0 prev_pid=0 prev_prio=120 prev_state=R ==> next_comm=mmcqd/1 next_pid=116 next_prio=120
         mmcqd/1-116   [000] ...1  1171.344430: block_rq_complete: 179,0 RA () 3997296 + 8 [0]
         mmcqd/1-116   [000] ...2  1171.344446: sched_switch: prev_comm=mmcqd/1 prev_pid=116 prev_prio=120 prev_state=R+ ==> next_comm=kworker/0:1H next_pid=17 next_prio=100
    kworker/0:1H-17    [000] ...2  1171.344454: sched_switch: prev_comm=kworker/0:1H prev_pid=17 prev_prio=100 prev_state=S ==> next_comm=mmcqd/1 next_pid=116 next_prio=120
         mmcqd/1-116   [000] ...2  1171.344464: sched_switch: prev_comm=mmcqd/1 prev_pid=116 prev_prio=120 prev_state=S ==> next_comm=main next_pid=6833 next_prio=120
            main-6833  [000] d..2  1171.344493: block_rq_insert: 179,0 R 0 () 4010088 + 8 [main]
            main-6833  [000] d..2  1171.344496: block_rq_insert: 179,0 R 0 () 4010136 + 8 [main]
            main-6833  [000] ...2  1171.344504: sched_switch: prev_comm=main prev_pid=6833 prev_prio=120 prev_state=R+ ==> next_comm=mmcqd/1 next_pid=116 next_prio=120
         mmcqd/1-116   [000] ...2  1171.344546: sched_switch: prev_comm=mmcqd/1 prev_pid=116 prev_prio=120 prev_state=S ==> next_comm=main next_pid=6833 next_prio=120
            main-6833  [000] ...2  1171.344551: sched_switch: prev_comm=main prev_pid=6833 prev_prio=120 prev_state=D|W ==> next_comm=swapper/0 next_pid=0 next_prio=120
          <idle>-0     [000] ...2  1171.344789: sched_switch: prev_comm=swapper/0 prev_pid=0 prev_prio=120 prev_state=R ==> next_comm=mmcqd/1 next_pid=116 next_prio=120
         mmcqd/1-116   [000] ...1  1171.344814: block_rq_complete: 179,0 RA () 4010088 + 8 [0]
         mmcqd/1-116   [000] ...2  1171.344826: sched_switch: prev_comm=mmcqd/1 prev_pid=116 prev_prio=120 prev_state=S ==> next_comm=swapper/0 next_pid=0 next_prio=120
          <idle>-0     [000] ...2  1171.345062: sched_switch: prev_comm=swapper/0 prev_pid=0 prev_prio=120 prev_state=R ==> next_comm=mmcqd/1 next_pid=116 next_prio=120
         mmcqd/1-116   [000] ...1  1171.345072: block_rq_complete: 179,0 RA () 4010136 + 8 [0]
         mmcqd/1-116   [000] ...2  1171.345087: sched_switch: prev_comm=mmcqd/1 prev_pid=116 prev_prio=120 prev_state=R+ ==> next_comm=kworker/0:1H next_pid=17 next_prio=100
    kworker/0:1H-17    [000] ...2  1171.345094: sched_switch: prev_comm=kworker/0:1H prev_pid=17 prev_prio=100 prev_state=S ==> next_comm=mmcqd/1 next_pid=116 next_prio=120
         mmcqd/1-116   [000] ...2  1171.345103: sched_switch: prev_comm=mmcqd/1 prev_pid=116 prev_prio=120 prev_state=S ==> next_comm=main next_pid=6833 next_prio=120
            main-6833  [000] d..2  1171.345168: block_rq_insert: 179,0 R 0 () 4020328 + 8 [main]
            main-6833  [000] d..2  1171.345170: block_rq_insert: 179,0 R 0 () 4020392 + 72 [main]
            main-6833  [000] d..2  1171.345172: block_rq_insert: 179,0 R 0 () 4020472 + 40 [main]
            main-6833  [000] d..2  1171.345173: block_rq_insert: 179,0 R 0 () 4020544 + 8 [main]
            main-6833  [000] d..2  1171.345175: block_rq_insert: 179,0 R 0 () 4020560 + 24 [main]
            main-6833  [000] ...2  1171.345183: sched_switch: prev_comm=main prev_pid=6833 prev_prio=120 prev_state=R+ ==> next_comm=mmcqd/1 next_pid=116 next_prio=120
         mmcqd/1-116   [000] ...2  1171.345243: sched_switch: prev_comm=mmcqd/1 prev_pid=116 prev_prio=120 prev_state=S ==> next_comm=main next_pid=6833 next_prio=120
            main-6833  [000] ...2  1171.345249: sched_switch: prev_comm=main prev_pid=6833 prev_prio=120 prev_state=D|W ==> next_comm=swapper/0 next_pid=0 next_prio=120
          <idle>-0     [000] ...2  1171.345474: sched_switch: prev_comm=swapper/0 prev_pid=0 prev_prio=120 prev_state=R ==> next_comm=mmcqd/1 next_pid=116 next_prio=120
         mmcqd/1-116   [000] ...1  1171.345499: block_rq_complete: 179,0 RA () 4020328 + 8 [0]
         mmcqd/1-116   [000] ...2  1171.345525: sched_switch: prev_comm=mmcqd/1 prev_pid=116 prev_prio=120 prev_state=S ==> next_comm=swapper/0 next_pid=0 next_prio=120
          <idle>-0     [000] ...2  1171.346063: sched_switch: prev_comm=swapper/0 prev_pid=0 prev_prio=120 prev_state=R ==> next_comm=mmcqd/1 next_pid=116 next_prio=120
         mmcqd/1-116   [000] ...1  1171.346102: block_rq_complete: 179,0 RA () 4020392 + 72 [0]
         mmcqd/1-116   [000] ...2  1171.346127: sched_switch: prev_comm=mmcqd/1 prev_pid=116 prev_prio=120 prev_state=S ==> next_comm=main next_pid=6833 next_prio=120
            main-6833  [000] ...2  1171.346616: sched_switch: prev_comm=main prev_pid=6833 prev_prio=120 prev_state=R ==> next_comm=mmcqd/1 next_pid=116 next_prio=120
         mmcqd/1-116   [000] ...1  1171.346650: block_rq_complete: 179,0 RA () 4020472 + 40 [0]
         mmcqd/1-116   [000] ...2  1171.346676: sched_switch: prev_comm=mmcqd/1 prev_pid=116 prev_prio=120 prev_state=S ==> next_comm=main next_pid=6833 next_prio=120
            main-6833  [000] ...2  1171.346897: sched_switch: prev_comm=main prev_pid=6833 prev_prio=120 prev_state=R ==> next_comm=mmcqd/1 next_pid=116 next_prio=120
         mmcqd/1-116   [000] ...1  1171.346924: block_rq_complete: 179,0 RA () 4020544 + 8 [0]
         mmcqd/1-116   [000] ...2  1171.346936: sched_switch: prev_comm=mmcqd/1 prev_pid=116 prev_prio=120 prev_state=S ==> next_comm=main next_pid=6833 next_prio=120
            main-6833  [000] ...2  1171.347296: sched_switch: prev_comm=main prev_pid=6833 prev_prio=120 prev_state=R+ ==> next_comm=mmcqd/1 next_pid=116 next_prio=120
         mmcqd/1-116   [000] ...1  1171.347310: block_rq_complete: 179,0 RA () 4020560 + 24 [0]
         mmcqd/1-116   [000] ...2  1171.347324: sched_switch: prev_comm=mmcqd/1 prev_pid=116 prev_prio=120 prev_state=R+ ==> next_comm=kworker/0:1H next_pid=17 next_prio=100
    kworker/0:1H-17    [000] ...2  1171.347332: sched_switch: prev_comm=kworker/0:1H prev_pid=17 prev_prio=100 prev_state=S ==> next_comm=mmcqd/1 next_pid=116 next_prio=120
         mmcqd/1-116   [000] ...2  1171.347342: sched_switch: prev_comm=mmcqd/1 prev_pid=116 prev_prio=120 prev_state=S ==> next_comm=main next_pid=6833 next_prio=120
            main-6833  [000] d..2  1171.356644: block_rq_insert: 179,0 R 0 () 3994176 + 120 [main]
            main-6833  [000] ...2  1171.356664: sched_switch: prev_comm=main prev_pid=6833 prev_prio=120 prev_state=R+ ==> next_comm=mmcqd/1 next_pid=116 next_prio=120
         mmcqd/1-116   [000] ...2  1171.356747: sched_switch: prev_comm=mmcqd/1 prev_pid=116 prev_prio=120 prev_state=S ==> next_comm=main next_pid=6833 next_prio=120
            main-6833  [000] d..2  1171.356832: block_rq_insert: 179,0 R 0 () 3991632 + 56 [main]
            main-6833  [000] ...2  1171.356844: sched_switch: prev_comm=main prev_pid=6833 prev_prio=120 prev_state=R+ ==> next_comm=mmcqd/1 next_pid=116 next_prio=120
         mmcqd/1-116   [000] ...2  1171.356873: sched_switch: prev_comm=mmcqd/1 prev_pid=116 prev_prio=120 prev_state=S ==> next_comm=main next_pid=6833 next_prio=120
            main-6833  [000] ...2  1171.356880: sched_switch: prev_comm=main prev_pid=6833 prev_prio=120 prev_state=D|W ==> next_comm=swapper/0 next_pid=0 next_prio=120
          <idle>-0     [000] ...2  1171.356900: sched_switch: prev_comm=swapper/0 prev_pid=0 prev_prio=120 prev_state=R ==> next_comm=ksoftirqd/0 next_pid=3 next_prio=120
     ksoftirqd/0-3     [000] ...2  1171.356909: sched_switch: prev_comm=ksoftirqd/0 prev_pid=3 prev_prio=120 prev_state=S ==> next_comm=swapper/0 next_pid=0 next_prio=120
          <idle>-0     [000] ...2  1171.356925: sched_switch: prev_comm=swapper/0 prev_pid=0 prev_prio=120 prev_state=R ==> next_comm=ksoftirqd/0 next_pid=3 next_prio=120
     ksoftirqd/0-3     [000] ...2  1171.356932: sched_switch: prev_comm=ksoftirqd/0 prev_pid=3 prev_prio=120 prev_state=S ==> next_comm=swapper/0 next_pid=0 next_prio=120
          <idle>-0     [000] ...2  1171.356945: sched_switch: prev_comm=swapper/0 prev_pid=0 prev_prio=120 prev_state=R ==> next_comm=ksoftirqd/0 next_pid=3 next_prio=120
     ksoftirqd/0-3     [000] ...2  1171.356954: sched_switch: prev_comm=ksoftirqd/0 prev_pid=3 prev_prio=120 prev_state=S ==> next_comm=swapper/0 next_pid=0 next_prio=120
          <idle>-0     [000] ...2  1171.357542: sched_switch: prev_comm=swapper/0 prev_pid=0 prev_prio=120 prev_state=R ==> next_comm=mmcqd/1 next_pid=116 next_prio=120
         mmcqd/1-116   [000] ...1  1171.357595: block_rq_complete: 179,0 RA () 3994176 + 120 [0]
         mmcqd/1-116   [000] ...2  1171.357613: sched_switch: prev_comm=mmcqd/1 prev_pid=116 prev_prio=120 prev_state=S ==> next_comm=swapper/0 next_pid=0 next_prio=120
          <idle>-0     [000] ...2  1171.358080: sched_switch: prev_comm=swapper/0 prev_pid=0 prev_prio=120 prev_state=R ==> next_comm=mmcqd/1 next_pid=116 next_prio=120
         mmcqd/1-116   [000] ...1  1171.358101: block_rq_complete: 179,0 RA () 3991632 + 56 [0]
         mmcqd/1-116   [000] ...2  1171.358120: sched_switch: prev_comm=mmcqd/1 prev_pid=116 prev_prio=120 prev_state=R+ ==> next_comm=kworker/0:1H next_pid=17 next_prio=100
    kworker/0:1H-17    [000] ...2  1171.358128: sched_switch: prev_comm=kworker/0:1H prev_pid=17 prev_prio=100 prev_state=S ==> next_comm=mmcqd/1 next_pid=116 next_prio=120
         mmcqd/1-116   [000] ...2  1171.358138: sched_switch: prev_comm=mmcqd/1 prev_pid=116 prev_prio=120 prev_state=S ==> next_comm=main next_pid=6833 next_prio=120
            main-6833  [000] d..2  1171.358187: block_rq_insert: 179,0 R 0 () 4077504 + 24 [main]
            main-6833  [000] ...2  1171.358197: sched_switch: prev_comm=main prev_pid=6833 prev_prio=120 prev_state=R+ ==> next_comm=mmcqd/1 next_pid=116 next_prio=120
         mmcqd/1-116   [000] ...2  1171.358239: sched_switch: prev_comm=mmcqd/1 prev_pid=116 prev_prio=120 prev_state=S ==> next_comm=main next_pid=6833 next_prio=120
            main-6833  [000] ...2  1171.358244: sched_switch: prev_comm=main prev_pid=6833 prev_prio=120 prev_state=D|W ==> next_comm=swapper/0 next_pid=0 next_prio=120
          <idle>-0     [000] ...2  1171.358549: sched_switch: prev_comm=swapper/0 prev_pid=0 prev_prio=120 prev_state=R ==> next_comm=mmcqd/1 next_pid=116 next_prio=120
         mmcqd/1-116   [000] ...1  1171.358563: block_rq_complete: 179,0 RA () 4077504 + 24 [0]
         mmcqd/1-116   [000] ...2  1171.358580: sched_switch: prev_comm=mmcqd/1 prev_pid=116 prev_prio=120 prev_state=R+ ==> next_comm=kworker/0:1H next_pid=17 next_prio=100
    kworker/0:1H-17    [000] ...2  1171.358588: sched_switch: prev_comm=kworker/0:1H prev_pid=17 prev_prio=100 prev_state=S ==> next_comm=mmcqd/1 next_pid=116 next_prio=120
         mmcqd/1-116   [000] ...2  1171.358597: sched_switch: prev_comm=mmcqd/1 prev_pid=116 prev_prio=120 prev_state=S ==> next_comm=main next_pid=6833 next_prio=120
            main-6833  [000] d..2  1171.359233: block_rq_insert: 179,0 R 0 () 4026240 + 32 [main]
            main-6833  [000] d..2  1171.359236: block_rq_insert: 179,0 R 0 () 4026288 + 16 [main]
            main-6833  [000] d..2  1171.359239: block_rq_insert: 179,0 R 0 () 4026360 + 16 [main]
            main-6833  [000] ...2  1171.359250: sched_switch: prev_comm=main prev_pid=6833 prev_prio=120 prev_state=R+ ==> next_comm=mmcqd/1 next_pid=116 next_prio=120
         mmcqd/1-116   [000] ...2  1171.359306: sched_switch: prev_comm=mmcqd/1 prev_pid=116 prev_prio=120 prev_state=S ==> next_comm=main next_pid=6833 next_prio=120
            main-6833  [000] ...2  1171.359311: sched_switch: prev_comm=main prev_pid=6833 prev_prio=120 prev_state=D|W ==> next_comm=swapper/0 next_pid=0 next_prio=120
          <idle>-0     [000] ...2  1171.359629: sched_switch: prev_comm=swapper/0 prev_pid=0 prev_prio=120 prev_state=R ==> next_comm=mmcqd/1 next_pid=116 next_prio=120
         mmcqd/1-116   [000] ...1  1171.359660: block_rq_complete: 179,0 RA () 4026240 + 32 [0]
         mmcqd/1-116   [000] ...2  1171.359682: sched_switch: prev_comm=mmcqd/1 prev_pid=116 prev_prio=120 prev_state=S ==> next_comm=swapper/0 next_pid=0 next_prio=120
          <idle>-0     [000] ...2  1171.359919: sched_switch: prev_comm=swapper/0 prev_pid=0 prev_prio=120 prev_state=R ==> next_comm=mmcqd/1 next_pid=116 next_prio=120
         mmcqd/1-116   [000] ...1  1171.359946: block_rq_complete: 179,0 RA () 4026288 + 16 [0]
         mmcqd/1-116   [000] ...2  1171.359957: sched_switch: prev_comm=mmcqd/1 prev_pid=116 prev_prio=120 prev_state=S ==> next_comm=swapper/0 next_pid=0 next_prio=120
          <idle>-0     [000] ...2  1171.360389: sched_switch: prev_comm=swapper/0 prev_pid=0 prev_prio=120 prev_state=R ==> next_comm=mmcqd/1 next_pid=116 next_prio=120
         mmcqd/1-116   [000] ...1  1171.360401: block_rq_complete: 179,0 RA () 4026360 + 16 [0]
         mmcqd/1-116   [000] ...2  1171.360417: sched_switch: prev_comm=mmcqd/1 prev_pid=116 prev_prio=120 prev_state=R+ ==> next_comm=kworker/0:1H next_pid=17 next_prio=100
    kworker/0:1H-17    [000] ...2  1171.360424: sched_switch: prev_comm=kworker/0:1H prev_pid=17 prev_prio=100 prev_state=S ==> next_comm=mmcqd/1 next_pid=116 next_prio=120
         mmcqd/1-116   [000] ...2  1171.360434: sched_switch: prev_comm=mmcqd/1 prev_pid=116 prev_prio=120 prev_state=S ==> next_comm=main next_pid=6833 next_prio=120
            main-6833  [000] d..2  1171.361519: block_rq_insert: 179,0 R 0 () 4028944 + 256 [main]
            main-6833  [000] ...2  1171.361530: sched_switch: prev_comm=main prev_pid=6833 prev_prio=120 prev_state=R+ ==> next_comm=mmcqd/1 next_pid=116 next_prio=120
         mmcqd/1-116   [000] ...2  1171.361635: sched_switch: prev_comm=mmcqd/1 prev_pid=116 prev_prio=120 prev_state=S ==> next_comm=main next_pid=6833 next_prio=120
            main-6833  [000] d..2  1171.361992: block_rq_insert: 179,0 R 0 () 4026808 + 8 [main]
            main-6833  [000] ...2  1171.362002: sched_switch: prev_comm=main prev_pid=6833 prev_prio=120 prev_state=R+ ==> next_comm=mmcqd/1 next_pid=116 next_prio=120
         mmcqd/1-116   [000] ...2  1171.362018: sched_switch: prev_comm=mmcqd/1 prev_pid=116 prev_prio=120 prev_state=S ==> next_comm=main next_pid=6833 next_prio=120
            main-6833  [000] ...2  1171.362024: sched_switch: prev_comm=main prev_pid=6833 prev_prio=120 prev_state=D|W ==> next_comm=swapper/0 next_pid=0 next_prio=120
          <idle>-0     [000] ...2  1171.363114: sched_switch: prev_comm=swapper/0 prev_pid=0 prev_prio=120 prev_state=R ==> next_comm=mmcqd/1 next_pid=116 next_prio=120
         mmcqd/1-116   [000] ...1  1171.363195: block_rq_complete: 179,0 RA () 4028944 + 256 [0]
         mmcqd/1-116   [000] ...2  1171.363219: sched_switch: prev_comm=mmcqd/1 prev_pid=116 prev_prio=120 prev_state=S ==> next_comm=swapper/0 next_pid=0 next_prio=120
          <idle>-0     [000] ...2  1171.363372: sched_switch: prev_comm=swapper/0 prev_pid=0 prev_prio=120 prev_state=R ==> next_comm=mmcqd/1 next_pid=116 next_prio=120
         mmcqd/1-116   [000] ...1  1171.363382: block_rq_complete: 179,0 RA () 4026808 + 8 [0]
         mmcqd/1-116   [000] ...2  1171.363398: sched_switch: prev_comm=mmcqd/1 prev_pid=116 prev_prio=120 prev_state=R+ ==> next_comm=kworker/0:1H next_pid=17 next_prio=100
    kworker/0:1H-17    [000] ...2  1171.363406: sched_switch: prev_comm=kworker/0:1H prev_pid=17 prev_prio=100 prev_state=S ==> next_comm=mmcqd/1 next_pid=116 next_prio=120
         mmcqd/1-116   [000] ...2  1171.363415: sched_switch: prev_comm=mmcqd/1 prev_pid=116 prev_prio=120 prev_state=S ==> next_comm=main next_pid=6833 next_prio=120
            main-6833  [000] d..2  1171.365096: block_rq_insert: 179,0 R 0 () 4009736 + 8 [main]
            main-6833  [000] d..2  1171.365099: block_rq_insert: 179,0 R 0 () 4009824 + 8 [main]
            main-6833  [000] ...2  1171.365111: sched_switch: prev_comm=main prev_pid=6833 prev_prio=120 prev_state=R+ ==> next_comm=mmcqd/1 next_pid=116 next_prio=120
         mmcqd/1-116   [000] ...2  1171.365160: sched_switch: prev_comm=mmcqd/1 prev_pid=116 prev_prio=120 prev_state=S ==> next_comm=main next_pid=6833 next_prio=120
            main-6833  [000] ...2  1171.365169: sched_switch: prev_comm=main prev_pid=6833 prev_prio=120 prev_state=D|W ==> next_comm=swapper/0 next_pid=0 next_prio=120
          <idle>-0     [000] ...2  1171.365404: sched_switch: prev_comm=swapper/0 prev_pid=0 prev_prio=120 prev_state=R ==> next_comm=mmcqd/1 next_pid=116 next_prio=120
         mmcqd/1-116   [000] ...1  1171.365430: block_rq_complete: 179,0 RA () 4009824 + 8 [0]
         mmcqd/1-116   [000] ...2  1171.365444: sched_switch: prev_comm=mmcqd/1 prev_pid=116 prev_prio=120 prev_state=S ==> next_comm=swapper/0 next_pid=0 next_prio=120
          <idle>-0     [000] ...2  1171.365674: sched_switch: prev_comm=swapper/0 prev_pid=0 prev_prio=120 prev_state=R ==> next_comm=mmcqd/1 next_pid=116 next_prio=120
         mmcqd/1-116   [000] ...1  1171.365684: block_rq_complete: 179,0 RA () 4009736 + 8 [0]
         mmcqd/1-116   [000] ...2  1171.365701: sched_switch: prev_comm=mmcqd/1 prev_pid=116 prev_prio=120 prev_state=R+ ==> next_comm=kworker/0:1H next_pid=17 next_prio=100
    kworker/0:1H-17    [000] ...2  1171.365708: sched_switch: prev_comm=kworker/0:1H prev_pid=17 prev_prio=100 prev_state=S ==> next_comm=mmcqd/1 next_pid=116 next_prio=120
         mmcqd/1-116   [000] ...2  1171.365718: sched_switch: prev_comm=mmcqd/1 prev_pid=116 prev_prio=120 prev_state=S ==> next_comm=main next_pid=6833 next_prio=120
            main-6833  [000] d..2  1171.366680: block_rq_insert: 179,0 R 0 () 4008664 + 16 [main]
            main-6833  [000] d..2  1171.366683: block_rq_insert: 179,0 R 0 () 4008712 + 8 [main]
            main-6833  [000] ...2  1171.366695: sched_switch: prev_comm=main prev_pid=6833 prev_prio=120 prev_state=R+ ==> next_comm=mmcqd/1 next_pid=116 next_prio=120
         mmcqd/1-116   [000] ...2  1171.366747: sched_switch: prev_comm=mmcqd/1 prev_pid=116 prev_prio=120 prev_state=S ==> next_comm=main next_pid=6833 next_prio=120
            main-6833  [000] ...2  1171.366755: sched_switch: prev_comm=main prev_pid=6833 prev_prio=120 prev_state=D|W ==> next_comm=swapper/0 next_pid=0 next_prio=120
          <idle>-0     [000] ...2  1171.366974: sched_switch: prev_comm=swapper/0 prev_pid=0 prev_prio=120 prev_state=R ==> next_comm=mmcqd/1 next_pid=116 next_prio=120
         mmcqd/1-116   [000] ...1  1171.367000: block_rq_complete: 179,0 RA () 4008712 + 8 [0]
         mmcqd/1-116   [000] ...2  1171.367014: sched_switch: prev_comm=mmcqd/1 prev_pid=116 prev_prio=120 prev_state=S ==> next_comm=swapper/0 next_pid=0 next_prio=120
          <idle>-0     [000] ...2  1171.367311: sched_switch: prev_comm=swapper/0 prev_pid=0 prev_prio=120 prev_state=R ==> next_comm=mmcqd/1 next_pid=116 next_prio=120
         mmcqd/1-116   [000] ...1  1171.367323: block_rq_complete: 179,0 RA () 4008664 + 16 [0]
         mmcqd/1-116   [000] ...2  1171.367340: sched_switch: prev_comm=mmcqd/1 prev_pid=116 prev_prio=120 prev_state=R+ ==> next_comm=kworker/0:1H next_pid=17 next_prio=100
    kworker/0:1H-17    [000] ...2  1171.367347: sched_switch: prev_comm=kworker/0:1H prev_pid=17 prev_prio=100 prev_state=S ==> next_comm=mmcqd/1 next_pid=116 next_prio=120
         mmcqd/1-116   [000] ...2  1171.367357: sched_switch: prev_comm=mmcqd/1 prev_pid=116 prev_prio=120 prev_state=S ==> next_comm=main next_pid=6833 next_prio=120
            main-6833  [000] ...2  1171.368915: sched_switch: prev_comm=main prev_pid=6833 prev_prio=120 prev_state=R ==> next_comm=kworker/u:0 next_pid=3362 next_prio=120
     kworker/u:0-3362  [000] ...2  1171.368931: sched_switch: prev_comm=kworker/u:0 prev_pid=3362 prev_prio=120 prev_state=S ==> next_comm=mpdecision next_pid=1527 next_prio=113
      mpdecision-1527  [000] ...2  1171.369182: sched_switch: prev_comm=mpdecision prev_pid=1527 prev_prio=113 prev_state=S ==> next_comm=main next_pid=6833 next_prio=120
          <idle>-0     [001] ...2  1171.370912: sched_switch: prev_comm=swapper/1 prev_pid=0 prev_prio=120 prev_state=R ==> next_comm=main next_pid=6850 next_prio=120
            main-6833  [000] ...2  1171.370927: sched_switch: prev_comm=main prev_pid=6833 prev_prio=120 prev_state=D ==> next_comm=swapper/0 next_pid=0 next_prio=120
          <idle>-0     [000] ...2  1171.370947: sched_switch: prev_comm=swapper/0 prev_pid=0 prev_prio=120 prev_state=R ==> next_comm=ksoftirqd/0 next_pid=3 next_prio=120
     ksoftirqd/0-3     [000] ...2  1171.370956: sched_switch: prev_comm=ksoftirqd/0 prev_pid=3 prev_prio=120 prev_state=S ==> next_comm=swapper/0 next_pid=0 next_prio=120
          <idle>-0     [000] ...2  1171.370971: sched_switch: prev_comm=swapper/0 prev_pid=0 prev_prio=120 prev_state=R ==> next_comm=ksoftirqd/0 next_pid=3 next_prio=120
     ksoftirqd/0-3     [000] ...2  1171.370978: sched_switch: prev_comm=ksoftirqd/0 prev_pid=3 prev_prio=120 prev_state=S ==> next_comm=main next_pid=6833 next_prio=120
            main-6833  [000] d..2  1171.371214: block_rq_insert: 179,0 R 0 () 4008840 + 8 [main]
            main-6833  [000] d..2  1171.371218: block_rq_insert: 179,0 R 0 () 4008920 + 48 [main]
            main-6833  [000] ...2  1171.371230: sched_switch: prev_comm=main prev_pid=6833 prev_prio=120 prev_state=R+ ==> next_comm=mmcqd/1 next_pid=116 next_prio=120
         mmcqd/1-116   [000] ...2  1171.371297: sched_switch: prev_comm=mmcqd/1 prev_pid=116 prev_prio=120 prev_state=S ==> next_comm=main next_pid=6833 next_prio=120
            main-6833  [000] ...2  1171.371304: sched_switch: prev_comm=main prev_pid=6833 prev_prio=120 prev_state=D|W ==> next_comm=swapper/0 next_pid=0 next_prio=120
          <idle>-0     [000] ...2  1171.371318: sched_switch: prev_comm=swapper/0 prev_pid=0 prev_prio=120 prev_state=R ==> next_comm=ksoftirqd/0 next_pid=3 next_prio=120
     ksoftirqd/0-3     [000] ...2  1171.371324: sched_switch: prev_comm=ksoftirqd/0 prev_pid=3 prev_prio=120 prev_state=S ==> next_comm=swapper/0 next_pid=0 next_prio=120
          <idle>-0     [000] ...2  1171.371514: sched_switch: prev_comm=swapper/0 prev_pid=0 prev_prio=120 prev_state=R ==> next_comm=mmcqd/1 next_pid=116 next_prio=120
         mmcqd/1-116   [000] ...1  1171.371540: block_rq_complete: 179,0 RA () 4008840 + 8 [0]
         mmcqd/1-116   [000] ...2  1171.371559: sched_switch: prev_comm=mmcqd/1 prev_pid=116 prev_prio=120 prev_state=S ==> next_comm=main next_pid=6833 next_prio=120
            main-6833  [000] ...2  1171.371565: sched_switch: prev_comm=main prev_pid=6833 prev_prio=120 prev_state=D ==> next_comm=swapper/0 next_pid=0 next_prio=120
          <idle>-0     [000] ...2  1171.371581: sched_switch: prev_comm=swapper/0 prev_pid=0 prev_prio=120 prev_state=R ==> next_comm=main next_pid=6833 next_prio=120
            main-6833  [000] d..2  1171.371765: block_rq_insert: 179,0 R 0 () 4123736 + 8 [main]
            main-6833  [000] d..2  1171.371768: block_rq_insert: 179,0 R 0 () 4123816 + 32 [main]
            main-6833  [000] ...2  1171.371778: sched_switch: prev_comm=main prev_pid=6833 prev_prio=120 prev_state=R+ ==> next_comm=mmcqd/1 next_pid=116 next_prio=120
         mmcqd/1-116   [000] ...2  1171.371796: sched_switch: prev_comm=mmcqd/1 prev_pid=116 prev_prio=120 prev_state=S ==> next_comm=main next_pid=6833 next_prio=120
            main-6833  [000] ...2  1171.371801: sched_switch: prev_comm=main prev_pid=6833 prev_prio=120 prev_state=D|W ==> next_comm=swapper/0 next_pid=0 next_prio=120
          <idle>-0     [000] ...2  1171.371987: sched_switch: prev_comm=swapper/0 prev_pid=0 prev_prio=120 prev_state=R ==> next_comm=Binder_1 next_pid=6851 next_prio=120
        Binder_1-6850  [001] ...2  1171.372010: sched_switch: prev_comm=Binder_1 prev_pid=6850 prev_prio=120 prev_state=S ==> next_comm=swapper/1 next_pid=0 next_prio=120
          <idle>-0     [001] ...2  1171.372035: sched_switch: prev_comm=swapper/1 prev_pid=0 prev_prio=120 prev_state=R ==> next_comm=ksoftirqd/1 next_pid=6837 next_prio=120
     ksoftirqd/1-6837  [001] ...2  1171.372054: sched_switch: prev_comm=ksoftirqd/1 prev_pid=6837 prev_prio=120 prev_state=S ==> next_comm=swapper/1 next_pid=0 next_prio=120
          <idle>-0     [001] ...2  1171.372080: sched_switch: prev_comm=swapper/1 prev_pid=0 prev_prio=120 prev_state=R ==> next_comm=ksoftirqd/1 next_pid=6837 next_prio=120
     ksoftirqd/1-6837  [001] ...2  1171.372091: sched_switch: prev_comm=ksoftirqd/1 prev_pid=6837 prev_prio=120 prev_state=S ==> next_comm=swapper/1 next_pid=0 next_prio=120
        Binder_2-6851  [000] ...2  1171.372095: sched_switch: prev_comm=Binder_2 prev_pid=6851 prev_prio=120 prev_state=R+ ==> next_comm=mmcqd/1 next_pid=116 next_prio=120
          <idle>-0     [001] ...2  1171.372112: sched_switch: prev_comm=swapper/1 prev_pid=0 prev_prio=120 prev_state=R ==> next_comm=ksoftirqd/1 next_pid=6837 next_prio=120
     ksoftirqd/1-6837  [001] ...2  1171.372123: sched_switch: prev_comm=ksoftirqd/1 prev_pid=6837 prev_prio=120 prev_state=S ==> next_comm=swapper/1 next_pid=0 next_prio=120
         mmcqd/1-116   [000] ...1  1171.372128: block_rq_complete: 179,0 RA () 4008920 + 48 [0]
         mmcqd/1-116   [000] ...2  1171.372155: sched_switch: prev_comm=mmcqd/1 prev_pid=116 prev_prio=120 prev_state=S ==> next_comm=Binder_2 next_pid=6851 next_prio=120
        Binder_2-6851  [000] ...2  1171.372364: sched_switch: prev_comm=Binder_2 prev_pid=6851 prev_prio=120 prev_state=R+ ==> next_comm=mmcqd/1 next_pid=116 next_prio=120
         mmcqd/1-116   [000] ...1  1171.372390: block_rq_complete: 179,0 RA () 4123736 + 8 [0]
         mmcqd/1-116   [000] ...2  1171.372401: sched_switch: prev_comm=mmcqd/1 prev_pid=116 prev_prio=120 prev_state=S ==> next_comm=Binder_2 next_pid=6851 next_prio=120
        Binder_2-6851  [000] ...2  1171.372610: sched_switch: prev_comm=Binder_2 prev_pid=6851 prev_prio=120 prev_state=S ==> next_comm=swapper/0 next_pid=0 next_prio=120
          <idle>-0     [000] ...2  1171.372790: sched_switch: prev_comm=swapper/0 prev_pid=0 prev_prio=120 prev_state=R ==> next_comm=mmcqd/1 next_pid=116 next_prio=120
         mmcqd/1-116   [000] ...1  1171.372805: block_rq_complete: 179,0 RA () 4123816 + 32 [0]
         mmcqd/1-116   [000] ...2  1171.372824: sched_switch: prev_comm=mmcqd/1 prev_pid=116 prev_prio=120 prev_state=R+ ==> next_comm=kworker/0:1H next_pid=17 next_prio=100
    kworker/0:1H-17    [000] ...2  1171.372833: sched_switch: prev_comm=kworker/0:1H prev_pid=17 prev_prio=100 prev_state=S ==> next_comm=main next_pid=6833 next_prio=120
            main-6833  [000] d..2  1171.372877: block_rq_insert: 179,0 R 0 () 4084528 + 24 [main]
            main-6833  [000] ...2  1171.372886: sched_switch: prev_comm=main prev_pid=6833 prev_prio=120 prev_state=D|W ==> next_comm=mmcqd/1 next_pid=116 next_prio=120
         mmcqd/1-116   [000] ...2  1171.372931: sched_switch: prev_comm=mmcqd/1 prev_pid=116 prev_prio=120 prev_state=S ==> next_comm=swapper/0 next_pid=0 next_prio=120
          <idle>-0     [000] ...2  1171.373293: sched_switch: prev_comm=swapper/0 prev_pid=0 prev_prio=120 prev_state=R ==> next_comm=mmcqd/1 next_pid=116 next_prio=120
