            adbd-780   [000] ...2   212.949975: sched_switch: prev_comm=adbd prev_pid=780 prev_prio=120 prev_state=S ==> next_comm=mmcqd/1 next_pid=116 next_prio=120
         mmcqd/1-116   [000] ...1   212.950020: block_rq_complete: 179,0 RA () 4078840 + 24 [0]
         mmcqd/1-116   [000] ...2   212.950053: sched_switch: prev_comm=mmcqd/1 prev_pid=116 prev_prio=120 prev_state=S ==> next_comm=swapper/0 next_pid=0 next_prio=120
          <idle>-0     [000] ...2   212.950258: sched_switch: prev_comm=swapper/0 prev_pid=0 prev_prio=120 prev_state=R ==> next_comm=mmcqd/1 next_pid=116 next_prio=120
         mmcqd/1-116   [000] ...1   212.950298: block_rq_complete: 179,0 RA () 4078824 + 8 [0]
         mmcqd/1-116   [000] ...2   212.950328: sched_switch: prev_comm=mmcqd/1 prev_pid=116 prev_prio=120 prev_state=S ==> next_comm=swapper/0 next_pid=0 next_prio=120
          <idle>-0     [000] ...2   212.950541: sched_switch: prev_comm=swapper/0 prev_pid=0 prev_prio=120 prev_state=R ==> next_comm=mmcqd/1 next_pid=116 next_prio=120
         mmcqd/1-116   [000] ...1   212.950580: block_rq_complete: 179,0 RA () 4078784 + 8 [0]
         mmcqd/1-116   [000] ...2   212.950610: sched_switch: prev_comm=mmcqd/1 prev_pid=116 prev_prio=120 prev_state=S ==> next_comm=swapper/0 next_pid=0 next_prio=120
          <idle>-0     [000] ...2   212.950812: sched_switch: prev_comm=swapper/0 prev_pid=0 prev_prio=120 prev_state=R ==> next_comm=mmcqd/1 next_pid=116 next_prio=120
         mmcqd/1-116   [000] ...1   212.950851: block_rq_complete: 179,0 RA () 4078752 + 8 [0]
         mmcqd/1-116   [000] ...2   212.950890: sched_switch: prev_comm=mmcqd/1 prev_pid=116 prev_prio=120 prev_state=S ==> next_comm=swapper/0 next_pid=0 next_prio=120
          <idle>-0     [000] ...2   212.951080: sched_switch: prev_comm=swapper/0 prev_pid=0 prev_prio=120 prev_state=R ==> next_comm=mmcqd/1 next_pid=116 next_prio=120
         mmcqd/1-116   [000] ...1   212.951119: block_rq_complete: 179,0 RA () 4078736 + 8 [0]
         mmcqd/1-116   [000] ...2   212.951149: sched_switch: prev_comm=mmcqd/1 prev_pid=116 prev_prio=120 prev_state=S ==> next_comm=swapper/0 next_pid=0 next_prio=120
          <idle>-0     [000] ...2   212.951506: sched_switch: prev_comm=swapper/0 prev_pid=0 prev_prio=120 prev_state=R ==> next_comm=mmcqd/1 next_pid=116 next_prio=120
         mmcqd/1-116   [000] ...1   212.951553: block_rq_complete: 179,0 RA () 4052400 + 32 [0]
         mmcqd/1-116   [000] ...2   212.951583: sched_switch: prev_comm=mmcqd/1 prev_pid=116 prev_prio=120 prev_state=S ==> next_comm=swapper/0 next_pid=0 next_prio=120
          <idle>-0     [000] ...2   212.951794: sched_switch: prev_comm=swapper/0 prev_pid=0 prev_prio=120 prev_state=R ==> next_comm=mmcqd/1 next_pid=116 next_prio=120
         mmcqd/1-116   [000] ...1   212.951833: block_rq_complete: 179,0 RA () 4052304 + 8 [0]
          <idle>-0     [001] ...2   212.951851: sched_switch: prev_comm=swapper/1 prev_pid=0 prev_prio=120 prev_state=R ==> next_comm=main next_pid=2630 next_prio=120
         mmcqd/1-116   [000] ...2   212.951860: sched_switch: prev_comm=mmcqd/1 prev_pid=116 prev_prio=120 prev_state=S ==> next_comm=swapper/0 next_pid=0 next_prio=120
          <idle>-0     [000] ...2   212.952080: sched_switch: prev_comm=swapper/0 prev_pid=0 prev_prio=120 prev_state=R ==> next_comm=mmcqd/1 next_pid=116 next_prio=120
         mmcqd/1-116   [000] ...1   212.952096: block_rq_complete: 179,0 RA () 4052264 + 8 [0]
         mmcqd/1-116   [000] ...2   212.952118: sched_switch: prev_comm=mmcqd/1 prev_pid=116 prev_prio=120 prev_state=R+ ==> next_comm=kworker/0:1H next_pid=17 next_prio=100
    kworker/0:1H-17    [000] ...2   212.952130: sched_switch: prev_comm=kworker/0:1H prev_pid=17 prev_prio=100 prev_state=S ==> next_comm=mmcqd/1 next_pid=116 next_prio=120
         mmcqd/1-116   [000] ...2   212.952145: sched_switch: prev_comm=mmcqd/1 prev_pid=116 prev_prio=120 prev_state=S ==> next_comm=swapper/0 next_pid=0 next_prio=120
            main-2630  [001] ...2   212.952487: sched_switch: prev_comm=main prev_pid=2630 prev_prio=120 prev_state=S ==> next_comm=Binder_1 next_pid=691 next_prio=120
        Binder_1-691   [001] ...2   212.953054: sched_switch: prev_comm=Binder_1 prev_pid=691 prev_prio=120 prev_state=S ==> next_comm=swapper/1 next_pid=0 next_prio=120
          <idle>-0     [000] ...2   212.953055: sched_switch: prev_comm=swapper/0 prev_pid=0 prev_prio=120 prev_state=R ==> next_comm=Binder_2 next_pid=237 next_prio=120
          <idle>-0     [001] ...2   212.953150: sched_switch: prev_comm=swapper/1 prev_pid=0 prev_prio=120 prev_state=R ==> next_comm=Binder_1 next_pid=691 next_prio=120
        Binder_2-237   [000] ...2   212.953181: sched_switch: prev_comm=Binder_2 prev_pid=237 prev_prio=120 prev_state=S ==> next_comm=swapper/0 next_pid=0 next_prio=120
          <idle>-0     [000] ...2   212.953208: sched_switch: prev_comm=swapper/0 prev_pid=0 prev_prio=120 prev_state=R ==> next_comm=ksoftirqd/0 next_pid=3 next_prio=120
     ksoftirqd/0-3     [000] ...2   212.953220: sched_switch: prev_comm=ksoftirqd/0 prev_pid=3 prev_prio=120 prev_state=S ==> next_comm=swapper/0 next_pid=0 next_prio=120
          <idle>-0     [000] ...2   212.953242: sched_switch: prev_comm=swapper/0 prev_pid=0 prev_prio=120 prev_state=R ==> next_comm=ksoftirqd/0 next_pid=3 next_prio=120
     ksoftirqd/0-3     [000] ...2   212.953252: sched_switch: prev_comm=ksoftirqd/0 prev_pid=3 prev_prio=120 prev_state=S ==> next_comm=swapper/0 next_pid=0 next_prio=120
          <idle>-0     [000] ...2   212.953273: sched_switch: prev_comm=swapper/0 prev_pid=0 prev_prio=120 prev_state=R ==> next_comm=ksoftirqd/0 next_pid=3 next_prio=120
     ksoftirqd/0-3     [000] ...2   212.953283: sched_switch: prev_comm=ksoftirqd/0 prev_pid=3 prev_prio=120 prev_state=S ==> next_comm=swapper/0 next_pid=0 next_prio=120
        Binder_1-691   [001] ...2   212.953410: sched_switch: prev_comm=Binder_1 prev_pid=691 prev_prio=120 prev_state=R+ ==> next_comm=InputDispatcher next_pid=795 next_prio=112
 InputDispatcher-795   [001] ...2   212.953443: sched_switch: prev_comm=InputDispatcher prev_pid=795 prev_prio=112 prev_state=S ==> next_comm=Binder_1 next_pid=691 next_prio=120
        Binder_1-691   [001] ...2   212.953533: sched_switch: prev_comm=Binder_1 prev_pid=691 prev_prio=120 prev_state=S ==> next_comm=Binder_4 next_pid=1509 next_prio=120
        Binder_4-1509  [001] ...2   212.953620: sched_switch: prev_comm=Binder_4 prev_pid=1509 prev_prio=120 prev_state=S ==> next_comm=Binder_1 next_pid=691 next_prio=120
          <idle>-0     [000] ...2   212.953683: sched_switch: prev_comm=swapper/0 prev_pid=0 prev_prio=120 prev_state=R ==> next_comm=android.display next_pid=770 next_prio=116
 android.display-770   [000] ...2   212.953821: sched_switch: prev_comm=android.display prev_pid=770 prev_prio=116 prev_state=S ==> next_comm=Binder_5 next_pid=1577 next_prio=120
        Binder_5-1577  [000] ...2   212.953904: sched_switch: prev_comm=Binder_5 prev_pid=1577 prev_prio=120 prev_state=S ==> next_comm=EventThread next_pid=320 next_prio=111
     EventThread-320   [000] ...2   212.953982: sched_switch: prev_comm=EventThread prev_pid=320 prev_prio=111 prev_state=S ==> next_comm=Binder_B next_pid=1403 next_prio=120
        Binder_B-1403  [000] ...2   212.954097: sched_switch: prev_comm=Binder_B prev_pid=1403 prev_prio=120 prev_state=S ==> next_comm=ActivityManager next_pid=765 next_prio=118
 ActivityManager-765   [000] ...2   212.954167: sched_switch: prev_comm=ActivityManager prev_pid=765 prev_prio=118 prev_state=S ==> next_comm=swapper/0 next_pid=0 next_prio=120
          <idle>-0     [000] ...2   212.954443: sched_switch: prev_comm=swapper/0 prev_pid=0 prev_prio=120 prev_state=R ==> next_comm=ActivityManager next_pid=765 next_prio=118
 ActivityManager-765   [000] ...2   212.954500: sched_switch: prev_comm=ActivityManager prev_pid=765 prev_prio=118 prev_state=S ==> next_comm=swapper/0 next_pid=0 next_prio=120
          <idle>-0     [000] ...2   212.954644: sched_switch: prev_comm=swapper/0 prev_pid=0 prev_prio=120 prev_state=R ==> next_comm=Binder_1 next_pid=2242 next_prio=120
        Binder_1-691   [001] ...2   212.954829: sched_switch: prev_comm=Binder_1 prev_pid=691 prev_prio=120 prev_state=R+ ==> next_comm=Binder_1 next_pid=235 next_prio=120
        Binder_1-235   [001] ...2   212.954837: sched_switch: prev_comm=Binder_1 prev_pid=235 prev_prio=120 prev_state=D ==> next_comm=LazyTaskWriterT next_pid=833 next_prio=120
 LazyTaskWriterT-833   [001] ...2   212.954871: sched_switch: prev_comm=LazyTaskWriterT prev_pid=833 prev_prio=120 prev_state=S ==> next_comm=Binder_3 next_pid=1507 next_prio=120
        Binder_3-1507  [001] ...2   212.954880: sched_switch: prev_comm=Binder_3 prev_pid=1507 prev_prio=120 prev_state=D ==> next_comm=Binder_2 next_pid=1118 next_prio=120
        Binder_2-1118  [001] ...2   212.954886: sched_switch: prev_comm=Binder_2 prev_pid=1118 prev_prio=120 prev_state=D ==> next_comm=android.bg next_pid=764 next_prio=130
      android.bg-764   [001] ...2   212.954945: sched_switch: prev_comm=android.bg prev_pid=764 prev_prio=130 prev_state=S ==> next_comm=Binder_1 next_pid=691 next_prio=120
        Binder_1-691   [001] ...2   212.954953: sched_switch: prev_comm=Binder_1 prev_pid=691 prev_prio=120 prev_state=R+ ==> next_comm=Binder_1 next_pid=235 next_prio=120
        Binder_1-235   [001] ...2   212.955018: sched_switch: prev_comm=Binder_1 prev_pid=235 prev_prio=120 prev_state=S ==> next_comm=Binder_3 next_pid=1507 next_prio=120
        Binder_3-1507  [001] ...2   212.955214: sched_switch: prev_comm=Binder_3 prev_pid=1507 prev_prio=120 prev_state=D ==> next_comm=Binder_2 next_pid=1118 next_prio=120
        Binder_2-1118  [001] ...2   212.955222: sched_switch: prev_comm=Binder_2 prev_pid=1118 prev_prio=120 prev_state=S ==> next_comm=Binder_3 next_pid=1507 next_prio=120
        Binder_1-2242  [000] ...2   212.955240: sched_switch: prev_comm=Binder_1 prev_pid=2242 prev_prio=120 prev_state=S ==> next_comm=Binder_1 next_pid=1117 next_prio=120
        Binder_1-1117  [000] ...2   212.955252: sched_switch: prev_comm=Binder_1 prev_pid=1117 prev_prio=120 prev_state=S ==> next_comm=droid.launcher3 next_pid=1093 next_prio=120
        Binder_3-1507  [001] ...2   212.955276: sched_switch: prev_comm=Binder_3 prev_pid=1507 prev_prio=120 prev_state=S ==> next_comm=Binder_1 next_pid=691 next_prio=120
        Binder_1-691   [001] ...2   212.955348: sched_switch: prev_comm=Binder_1 prev_pid=691 prev_prio=120 prev_state=R ==> next_comm=Binder_3 next_pid=389 next_prio=120
 droid.launcher3-1093  [000] ...2   212.955388: sched_switch: prev_comm=droid.launcher3 prev_pid=1093 prev_prio=120 prev_state=R+ ==> next_comm=EventThread next_pid=320 next_prio=111
        Binder_3-389   [001] ...2   212.955399: sched_switch: prev_comm=Binder_3 prev_pid=389 prev_prio=120 prev_state=S ==> next_comm=Binder_1 next_pid=691 next_prio=120
     EventThread-320   [000] ...2   212.955422: sched_switch: prev_comm=EventThread prev_pid=320 prev_prio=111 prev_state=S ==> next_comm=xample.bdbtrace next_pid=2226 next_prio=120
        Binder_1-691   [001] ...2   212.955592: sched_switch: prev_comm=Binder_1 prev_pid=691 prev_prio=120 prev_state=R+ ==> next_comm=InputDispatcher next_pid=795 next_prio=112
 InputDispatcher-795   [001] ...2   212.955615: sched_switch: prev_comm=InputDispatcher prev_pid=795 prev_prio=112 prev_state=S ==> next_comm=Binder_1 next_pid=691 next_prio=120
        Binder_1-691   [001] ...2   212.955706: sched_switch: prev_comm=Binder_1 prev_pid=691 prev_prio=120 prev_state=S ==> next_comm=Binder_2 next_pid=237 next_prio=120
        Binder_2-237   [001] ...2   212.955785: sched_switch: prev_comm=Binder_2 prev_pid=237 prev_prio=120 prev_state=S ==> next_comm=Binder_1 next_pid=691 next_prio=120
        Binder_1-691   [001] ...2   212.955961: sched_switch: prev_comm=Binder_1 prev_pid=691 prev_prio=120 prev_state=R+ ==> next_comm=Binder_4 next_pid=1509 next_prio=120
        Binder_4-1509  [001] ...2   212.955968: sched_switch: prev_comm=Binder_4 prev_pid=1509 prev_prio=120 prev_state=D ==> next_comm=Binder_1 next_pid=691 next_prio=120
        Binder_1-691   [001] ...2   212.955976: sched_switch: prev_comm=Binder_1 prev_pid=691 prev_prio=120 prev_state=R+ ==> next_comm=Binder_4 next_pid=1509 next_prio=120
        Binder_4-1509  [001] ...2   212.956032: sched_switch: prev_comm=Binder_4 prev_pid=1509 prev_prio=120 prev_state=D ==> next_comm=Binder_1 next_pid=691 next_prio=120
        Binder_1-691   [001] ...2   212.956058: sched_switch: prev_comm=Binder_1 prev_pid=691 prev_prio=120 prev_state=D ==> next_comm=Binder_4 next_pid=1054 next_prio=120
 xample.bdbtrace-2226  [000] ...2   212.956075: sched_switch: prev_comm=xample.bdbtrace prev_pid=2226 prev_prio=120 prev_state=S ==> next_comm=droid.launcher3 next_pid=1093 next_prio=120
        Binder_4-1054  [001] ...2   212.956132: sched_switch: prev_comm=Binder_4 prev_pid=1054 prev_prio=120 prev_state=S ==> next_comm=android.display next_pid=770 next_prio=116
 android.display-770   [001] ...2   212.956161: sched_switch: prev_comm=android.display prev_pid=770 prev_prio=116 prev_state=S ==> next_comm=Binder_4 next_pid=1509 next_prio=120
        Binder_4-1509  [001] ...2   212.956173: sched_switch: prev_comm=Binder_4 prev_pid=1509 prev_prio=120 prev_state=S ==> next_comm=Binder_1 next_pid=691 next_prio=120
 droid.launcher3-1093  [000] ...2   212.956378: sched_switch: prev_comm=droid.launcher3 prev_pid=1093 prev_prio=120 prev_state=S ==> next_comm=RenderThread next_pid=1365 next_prio=116
        Binder_1-691   [001] ...2   212.956397: sched_switch: prev_comm=Binder_1 prev_pid=691 prev_prio=120 prev_state=R+ ==> next_comm=InputDispatcher next_pid=795 next_prio=112
 InputDispatcher-795   [001] ...2   212.956420: sched_switch: prev_comm=InputDispatcher prev_pid=795 prev_prio=112 prev_state=S ==> next_comm=Binder_1 next_pid=691 next_prio=120
    RenderThread-1365  [000] ...2   212.956503: sched_switch: prev_comm=RenderThread prev_pid=1365 prev_prio=116 prev_state=R+ ==> next_comm=Binder_5 next_pid=1577 next_prio=120
        Binder_1-691   [001] ...2   212.956508: sched_switch: prev_comm=Binder_1 prev_pid=691 prev_prio=120 prev_state=S ==> next_comm=swapper/1 next_pid=0 next_prio=120
          <idle>-0     [001] ...2   212.956616: sched_switch: prev_comm=swapper/1 prev_pid=0 prev_prio=120 prev_state=R ==> next_comm=Binder_1 next_pid=691 next_prio=120
        Binder_5-1577  [000] ...2   212.956646: sched_switch: prev_comm=Binder_5 prev_pid=1577 prev_prio=120 prev_state=S ==> next_comm=RenderThread next_pid=1365 next_prio=116
    RenderThread-1365  [000] ...2   212.956877: sched_switch: prev_comm=RenderThread prev_pid=1365 prev_prio=116 prev_state=R+ ==> next_comm=Binder_2 next_pid=2243 next_prio=120
        Binder_1-691   [001] ...2   212.956969: sched_switch: prev_comm=Binder_1 prev_pid=691 prev_prio=120 prev_state=R+ ==> next_comm=InputDispatcher next_pid=795 next_prio=112
 InputDispatcher-795   [001] ...2   212.956993: sched_switch: prev_comm=InputDispatcher prev_pid=795 prev_prio=112 prev_state=S ==> next_comm=android.bg next_pid=764 next_prio=130
        Binder_2-2243  [000] ...2   212.957044: sched_switch: prev_comm=Binder_2 prev_pid=2243 prev_prio=120 prev_state=S ==> next_comm=RenderThread next_pid=1365 next_prio=116
      android.bg-764   [001] ...2   212.957046: sched_switch: prev_comm=android.bg prev_pid=764 prev_prio=130 prev_state=S ==> next_comm=Binder_1 next_pid=691 next_prio=120
    RenderThread-1365  [000] ...2   212.957116: sched_switch: prev_comm=RenderThread prev_pid=1365 prev_prio=116 prev_state=R+ ==> next_comm=ActivityManager next_pid=765 next_prio=118
        Binder_1-691   [001] ...2   212.957160: sched_switch: prev_comm=Binder_1 prev_pid=691 prev_prio=120 prev_state=S ==> next_comm=main next_pid=2630 next_prio=120
 ActivityManager-765   [000] ...2   212.957232: sched_switch: prev_comm=ActivityManager prev_pid=765 prev_prio=118 prev_state=S ==> next_comm=RenderThread next_pid=1365 next_prio=116
            main-2630  [001] d..2   212.957431: block_rq_insert: 179,0 R 0 () 1181984 + 8 [main]
            main-2630  [001] d..2   212.957448: block_rq_insert: 179,0 R 0 () 1182000 + 40 [main]
            main-2630  [001] d..2   212.957450: block_rq_insert: 179,0 R 0 () 1182048 + 24 [main]
            main-2630  [001] ...2   212.957480: sched_switch: prev_comm=main prev_pid=2630 prev_prio=120 prev_state=D|W ==> next_comm=kworker/u:4 next_pid=210 next_prio=120
    RenderThread-1365  [000] ...2   212.957491: sched_switch: prev_comm=RenderThread prev_pid=1365 prev_prio=116 prev_state=R+ ==> next_comm=mmcqd/1 next_pid=116 next_prio=120
     kworker/u:4-210   [001] ...2   212.957502: sched_switch: prev_comm=kworker/u:4 prev_pid=210 prev_prio=120 prev_state=S ==> next_comm=Binder_4 next_pid=1054 next_prio=120
        Binder_4-1054  [001] ...2   212.957577: sched_switch: prev_comm=Binder_4 prev_pid=1054 prev_prio=120 prev_state=S ==> next_comm=Binder_2 next_pid=2648 next_prio=120
         mmcqd/1-116   [000] ...2   212.957593: sched_switch: prev_comm=mmcqd/1 prev_pid=116 prev_prio=120 prev_state=S ==> next_comm=Binder_1 next_pid=2647 next_prio=120
        Binder_2-2648  [001] ...2   212.957666: sched_switch: prev_comm=Binder_2 prev_pid=2648 prev_prio=120 prev_state=S ==> next_comm=xample.bdbtrace next_pid=2226 next_prio=120
        Binder_1-2647  [000] ...3   212.957944: sched_switch: prev_comm=Binder_1 prev_pid=2647 prev_prio=120 prev_state=x ==> next_comm=mmcqd/1 next_pid=116 next_prio=120
         mmcqd/1-116   [000] ...1   212.957988: block_rq_complete: 179,0 RA () 1181984 + 8 [0]
         mmcqd/1-116   [000] ...2   212.958032: sched_switch: prev_comm=mmcqd/1 prev_pid=116 prev_prio=120 prev_state=S ==> next_comm=RenderThread next_pid=1365 next_prio=116
    RenderThread-1365  [000] ...2   212.958047: sched_switch: prev_comm=RenderThread prev_pid=1365 prev_prio=116 prev_state=D ==> next_comm=swapper/0 next_pid=0 next_prio=120
          <idle>-0     [000] ...2   212.958107: sched_switch: prev_comm=swapper/0 prev_pid=0 prev_prio=120 prev_state=R+ ==> next_comm=kworker/u:0H next_pid=7 next_prio=100
    kworker/u:0H-7     [000] ...2   212.958143: sched_switch: prev_comm=kworker/u:0H prev_pid=7 prev_prio=100 prev_state=D ==> next_comm=RenderThread next_pid=1365 next_prio=116
    RenderThread-1365  [000] ...2   212.958416: sched_switch: prev_comm=RenderThread prev_pid=1365 prev_prio=116 prev_state=R+ ==> next_comm=Binder_9 next_pid=1167 next_prio=120
        Binder_9-1167  [000] ...2   212.958494: sched_switch: prev_comm=Binder_9 prev_pid=1167 prev_prio=120 prev_state=R+ ==> next_comm=kworker/u:0H next_pid=7 next_prio=100
    kworker/u:0H-7     [000] ...2   212.958523: sched_switch: prev_comm=kworker/u:0H prev_pid=7 prev_prio=100 prev_state=D ==> next_comm=mmcqd/1 next_pid=116 next_prio=120
         mmcqd/1-116   [000] ...1   212.958573: block_rq_complete: 179,0 RA () 1182000 + 40 [0]
         mmcqd/1-116   [000] ...2   212.958604: sched_switch: prev_comm=mmcqd/1 prev_pid=116 prev_prio=120 prev_state=S ==> next_comm=Binder_9 next_pid=1167 next_prio=120
 xample.bdbtrace-2226  [001] d..2   212.958611: block_rq_insert: 179,0 R 0 () 851896 + 32 [xample.bdbtrace]
 xample.bdbtrace-2226  [001] ...2   212.958625: sched_switch: prev_comm=xample.bdbtrace prev_pid=2226 prev_prio=120 prev_state=D|W ==> next_comm=main next_pid=2630 next_prio=120
            main-2630  [001] ...2   212.958676: sched_switch: prev_comm=main prev_pid=2630 prev_prio=120 prev_state=S ==> next_comm=Binder_2 next_pid=2648 next_prio=120
        Binder_9-1167  [000] ...2   212.958735: sched_switch: prev_comm=Binder_9 prev_pid=1167 prev_prio=120 prev_state=S ==> next_comm=Heap thread poo next_pid=2637 next_prio=120
        Binder_2-2648  [001] ...2   212.958763: sched_switch: prev_comm=Binder_2 prev_pid=2648 prev_prio=120 prev_state=R+ ==> next_comm=Heap thread poo next_pid=2639 next_prio=120
 Heap thread poo-2639  [001] ...2   212.958773: sched_switch: prev_comm=Heap thread poo prev_pid=2639 prev_prio=120 prev_state=D ==> next_comm=Binder_2 next_pid=2648 next_prio=120
 Heap thread poo-2637  [000] ...2   212.958776: sched_switch: prev_comm=Heap thread poo prev_pid=2637 prev_prio=120 prev_state=D ==> next_comm=mmcqd/1 next_pid=116 next_prio=120
        Binder_2-2648  [001] ...2   212.958783: sched_switch: prev_comm=Binder_2 prev_pid=2648 prev_prio=120 prev_state=R+ ==> next_comm=Heap thread poo next_pid=2639 next_prio=120
         mmcqd/1-116   [000] ...2   212.958791: sched_switch: prev_comm=mmcqd/1 prev_pid=116 prev_prio=120 prev_state=S ==> next_comm=RenderThread next_pid=1365 next_prio=116
    RenderThread-1365  [000] ...2   212.958802: sched_switch: prev_comm=RenderThread prev_pid=1365 prev_prio=116 prev_state=R+ ==> next_comm=Heap thread poo next_pid=2637 next_prio=120
 Heap thread poo-2639  [001] ...2   212.958805: sched_switch: prev_comm=Heap thread poo prev_pid=2639 prev_prio=120 prev_state=D ==> next_comm=Binder_2 next_pid=2648 next_prio=120
        Binder_2-2648  [001] ...2   212.958820: sched_switch: prev_comm=Binder_2 prev_pid=2648 prev_prio=120 prev_state=D ==> next_comm=Heap thread poo next_pid=2638 next_prio=120
 Heap thread poo-2638  [001] ...2   212.958839: sched_switch: prev_comm=Heap thread poo prev_pid=2638 prev_prio=120 prev_state=D ==> next_comm=Heap thread poo next_pid=2639 next_prio=120
 Heap thread poo-2639  [001] ...2   212.958854: sched_switch: prev_comm=Heap thread poo prev_pid=2639 prev_prio=120 prev_state=S ==> next_comm=Binder_2 next_pid=2648 next_prio=120
        Binder_2-2648  [001] ...3   212.958912: sched_switch: prev_comm=Binder_2 prev_pid=2648 prev_prio=120 prev_state=x ==> next_comm=swapper/1 next_pid=0 next_prio=120
          <idle>-0     [001] ...2   212.958933: sched_switch: prev_comm=swapper/1 prev_pid=0 prev_prio=120 prev_state=R ==> next_comm=ksoftirqd/1 next_pid=2634 next_prio=120
     ksoftirqd/1-2634  [001] ...2   212.958940: sched_switch: prev_comm=ksoftirqd/1 prev_pid=2634 prev_prio=120 prev_state=S ==> next_comm=Heap thread poo next_pid=2639 next_prio=120
 Heap thread poo-2639  [001] ...2   212.958955: sched_switch: prev_comm=Heap thread poo prev_pid=2639 prev_prio=120 prev_state=D ==> next_comm=swapper/1 next_pid=0 next_prio=120
          <idle>-0     [001] ...2   212.958969: sched_switch: prev_comm=swapper/1 prev_pid=0 prev_prio=120 prev_state=R ==> next_comm=ksoftirqd/1 next_pid=2634 next_prio=120
     ksoftirqd/1-2634  [001] ...2   212.958975: sched_switch: prev_comm=ksoftirqd/1 prev_pid=2634 prev_prio=120 prev_state=S ==> next_comm=swapper/1 next_pid=0 next_prio=120
          <idle>-0     [001] ...2   212.958988: sched_switch: prev_comm=swapper/1 prev_pid=0 prev_prio=120 prev_state=R ==> next_comm=ksoftirqd/1 next_pid=2634 next_prio=120
     ksoftirqd/1-2634  [001] ...2   212.958994: sched_switch: prev_comm=ksoftirqd/1 prev_pid=2634 prev_prio=120 prev_state=S ==> next_comm=swapper/1 next_pid=0 next_prio=120
 Heap thread poo-2637  [000] ...2   212.959001: sched_switch: prev_comm=Heap thread poo prev_pid=2637 prev_prio=120 prev_state=D ==> next_comm=mmcqd/1 next_pid=116 next_prio=120
         mmcqd/1-116   [000] ...1   212.959023: block_rq_complete: 179,0 RA () 1182048 + 24 [0]
         mmcqd/1-116   [000] ...2   212.959049: sched_switch: prev_comm=mmcqd/1 prev_pid=116 prev_prio=120 prev_state=R+ ==> next_comm=kworker/0:1H next_pid=17 next_prio=100
    kworker/0:1H-17    [000] ...2   212.959062: sched_switch: prev_comm=kworker/0:1H prev_pid=17 prev_prio=100 prev_state=S ==> next_comm=Heap thread poo next_pid=2638 next_prio=120
          <idle>-0     [001] ...2   212.959085: sched_switch: prev_comm=swapper/1 prev_pid=0 prev_prio=120 prev_state=R ==> next_comm=Heap thread poo next_pid=2639 next_prio=120
 Heap thread poo-2638  [000] ...2   212.959086: sched_switch: prev_comm=Heap thread poo prev_pid=2638 prev_prio=120 prev_state=S ==> next_comm=mmcqd/1 next_pid=116 next_prio=120
 Heap thread poo-2639  [001] ...2   212.959120: sched_switch: prev_comm=Heap thread poo prev_pid=2639 prev_prio=120 prev_state=D ==> next_comm=swapper/1 next_pid=0 next_prio=120
         mmcqd/1-116   [000] ...2   212.959166: sched_switch: prev_comm=mmcqd/1 prev_pid=116 prev_prio=120 prev_state=S ==> next_comm=Heap thread poo next_pid=2637 next_prio=120
          <idle>-0     [001] ...2   212.959189: sched_switch: prev_comm=swapper/1 prev_pid=0 prev_prio=120 prev_state=R ==> next_comm=Heap thread poo next_pid=2639 next_prio=120
 Heap thread poo-2637  [000] ...3   212.959232: sched_switch: prev_comm=Heap thread poo prev_pid=2637 prev_prio=120 prev_state=x ==> next_comm=Heap thread poo next_pid=2638 next_prio=120
 Heap thread poo-2638  [000] ...2   212.959250: sched_switch: prev_comm=Heap thread poo prev_pid=2638 prev_prio=120 prev_state=D ==> next_comm=RenderThread next_pid=1365 next_prio=116
 Heap thread poo-2639  [001] ...2   212.959258: sched_switch: prev_comm=Heap thread poo prev_pid=2639 prev_prio=120 prev_state=D ==> next_comm=main next_pid=2630 next_prio=120
    RenderThread-1365  [000] ...2   212.959260: sched_switch: prev_comm=RenderThread prev_pid=1365 prev_prio=116 prev_state=R+ ==> next_comm=Heap thread poo next_pid=2638 next_prio=120
            main-2630  [001] ...2   212.959268: sched_switch: prev_comm=main prev_pid=2630 prev_prio=120 prev_state=D ==> next_comm=swapper/1 next_pid=0 next_prio=120
          <idle>-0     [001] ...2   212.959299: sched_switch: prev_comm=swapper/1 prev_pid=0 prev_prio=120 prev_state=R ==> next_comm=Heap thread poo next_pid=2639 next_prio=120
 Heap thread poo-2639  [001] ...3   212.959321: sched_switch: prev_comm=Heap thread poo prev_pid=2639 prev_prio=120 prev_state=x ==> next_comm=main next_pid=2630 next_prio=120
            main-2630  [001] ...2   212.959362: sched_switch: prev_comm=main prev_pid=2630 prev_prio=120 prev_state=S ==> next_comm=swapper/1 next_pid=0 next_prio=120
          <idle>-0     [001] ...2   212.959393: sched_switch: prev_comm=swapper/1 prev_pid=0 prev_prio=120 prev_state=R ==> next_comm=main next_pid=2630 next_prio=120
 Heap thread poo-2638  [000] ...3   212.959415: sched_switch: prev_comm=Heap thread poo prev_pid=2638 prev_prio=120 prev_state=x ==> next_comm=RenderThread next_pid=1365 next_prio=116
            main-2630  [001] ...2   212.959531: sched_switch: prev_comm=main prev_pid=2630 prev_prio=120 prev_state=S ==> next_comm=swapper/1 next_pid=0 next_prio=120
    RenderThread-1365  [000] ...2   212.959557: sched_switch: prev_comm=RenderThread prev_pid=1365 prev_prio=116 prev_state=R+ ==> next_comm=JDWP next_pid=2641 next_prio=120
            JDWP-2641  [000] ...2   212.959647: sched_switch: prev_comm=JDWP prev_pid=2641 prev_prio=120 prev_state=R ==> next_comm=kworker/u:0H next_pid=7 next_prio=100
    kworker/u:0H-7     [000] ...2   212.959676: sched_switch: prev_comm=kworker/u:0H prev_pid=7 prev_prio=100 prev_state=D ==> next_comm=adbd next_pid=778 next_prio=120
            adbd-778   [000] ...2   212.959885: sched_switch: prev_comm=adbd prev_pid=778 prev_prio=120 prev_state=S ==> next_comm=mmcqd/1 next_pid=116 next_prio=120
         mmcqd/1-116   [000] ...1   212.959913: block_rq_complete: 179,0 RA () 851896 + 32 [0]
          <idle>-0     [001] ...2   212.959932: sched_switch: prev_comm=swapper/1 prev_pid=0 prev_prio=120 prev_state=R ==> next_comm=xample.bdbtrace next_pid=2226 next_prio=120
         mmcqd/1-116   [000] ...2   212.959946: sched_switch: prev_comm=mmcqd/1 prev_pid=116 prev_prio=120 prev_state=R+ ==> next_comm=kworker/0:1H next_pid=17 next_prio=100
    kworker/0:1H-17    [000] ...2   212.959958: sched_switch: prev_comm=kworker/0:1H prev_pid=17 prev_prio=100 prev_state=S ==> next_comm=mmcqd/1 next_pid=116 next_prio=120
         mmcqd/1-116   [000] ...2   212.959973: sched_switch: prev_comm=mmcqd/1 prev_pid=116 prev_prio=120 prev_state=S ==> next_comm=JDWP next_pid=2641 next_prio=120
            JDWP-2641  [000] ...3   212.960194: sched_switch: prev_comm=JDWP prev_pid=2641 prev_prio=120 prev_state=x ==> next_comm=RenderThread next_pid=1365 next_prio=116
    RenderThread-1365  [000] ...2   212.961269: sched_switch: prev_comm=RenderThread prev_pid=1365 prev_prio=116 prev_state=R+ ==> next_comm=kworker/u:4 next_pid=210 next_prio=120
     kworker/u:4-210   [000] ...2   212.961285: sched_switch: prev_comm=kworker/u:4 prev_pid=210 prev_prio=120 prev_state=D ==> next_comm=RenderThread next_pid=1365 next_prio=116
 xample.bdbtrace-2226  [001] d..2   212.961332: block_rq_insert: 179,0 R 0 () 852120 + 8 [xample.bdbtrace]
 xample.bdbtrace-2226  [001] ...2   212.961356: sched_switch: prev_comm=xample.bdbtrace prev_pid=2226 prev_prio=120 prev_state=D|W ==> next_comm=main next_pid=2630 next_prio=120
    RenderThread-1365  [000] ...2   212.961364: sched_switch: prev_comm=RenderThread prev_pid=1365 prev_prio=116 prev_state=R+ ==> next_comm=mmcqd/1 next_pid=116 next_prio=120
         mmcqd/1-116   [000] ...2   212.961439: sched_switch: prev_comm=mmcqd/1 prev_pid=116 prev_prio=120 prev_state=S ==> next_comm=kworker/u:2 next_pid=80 next_prio=120
     kworker/u:2-80    [000] ...2   212.961449: sched_switch: prev_comm=kworker/u:2 prev_pid=80 prev_prio=120 prev_state=S ==> next_comm=RenderThread next_pid=1365 next_prio=116
            main-2630  [001] d..2   212.961460: block_rq_insert: 179,0 R 0 () 1179176 + 16 [main]
            main-2630  [001] d..2   212.961482: block_rq_insert: 179,0 R 0 () 1179208 + 32 [main]
            main-2630  [001] d..2   212.961485: block_rq_insert: 179,0 R 0 () 1179280 + 64 [main]
            main-2630  [001] d..2   212.961487: block_rq_insert: 179,0 R 0 () 1179352 + 8 [main]
            main-2630  [001] d..2   212.961489: block_rq_insert: 179,0 R 0 () 1179416 + 16 [main]
    RenderThread-1365  [000] ...2   212.961491: sched_switch: prev_comm=RenderThread prev_pid=1365 prev_prio=116 prev_state=R+ ==> next_comm=mmcqd/1 next_pid=116 next_prio=120
            main-2630  [001] ...2   212.961498: sched_switch: prev_comm=main prev_pid=2630 prev_prio=120 prev_state=D|W ==> next_comm=swapper/1 next_pid=0 next_prio=120
         mmcqd/1-116   [000] ...2   212.961520: sched_switch: prev_comm=mmcqd/1 prev_pid=116 prev_prio=120 prev_state=S ==> next_comm=RenderThread next_pid=1365 next_prio=116
    RenderThread-1365  [000] ...2   212.961537: sched_switch: prev_comm=RenderThread prev_pid=1365 prev_prio=116 prev_state=R+ ==> next_comm=kworker/u:4 next_pid=210 next_prio=120
     kworker/u:4-210   [000] ...2   212.961611: sched_switch: prev_comm=kworker/u:4 prev_pid=210 prev_prio=120 prev_state=S ==> next_comm=kworker/u:2 next_pid=80 next_prio=120
     kworker/u:2-80    [000] ...2   212.961620: sched_switch: prev_comm=kworker/u:2 prev_pid=80 prev_prio=120 prev_state=S ==> next_comm=RenderThread next_pid=1365 next_prio=116
    RenderThread-1365  [000] ...2   212.961665: sched_switch: prev_comm=RenderThread prev_pid=1365 prev_prio=116 prev_state=R ==> next_comm=mmcqd/1 next_pid=116 next_prio=120
         mmcqd/1-116   [000] ...1   212.961707: block_rq_complete: 179,0 RA () 852120 + 8 [0]
          <idle>-0     [001] ...2   212.961727: sched_switch: prev_comm=swapper/1 prev_pid=0 prev_prio=120 prev_state=R ==> next_comm=xample.bdbtrace next_pid=2226 next_prio=120
         mmcqd/1-116   [000] ...2   212.961759: sched_switch: prev_comm=mmcqd/1 prev_pid=116 prev_prio=120 prev_state=S ==> next_comm=RenderThread next_pid=1365 next_prio=116
    RenderThread-1365  [000] ...2   212.961825: sched_switch: prev_comm=RenderThread prev_pid=1365 prev_prio=116 prev_state=S ==> next_comm=swapper/0 next_pid=0 next_prio=120
          <idle>-0     [000] ...2   212.961857: sched_switch: prev_comm=swapper/0 prev_pid=0 prev_prio=120 prev_state=R ==> next_comm=ksoftirqd/0 next_pid=3 next_prio=120
     ksoftirqd/0-3     [000] ...2   212.961874: sched_switch: prev_comm=ksoftirqd/0 prev_pid=3 prev_prio=120 prev_state=S ==> next_comm=swapper/0 next_pid=0 next_prio=120
          <idle>-0     [000] ...2   212.961899: sched_switch: prev_comm=swapper/0 prev_pid=0 prev_prio=120 prev_state=R ==> next_comm=ksoftirqd/0 next_pid=3 next_prio=120
     ksoftirqd/0-3     [000] ...2   212.961910: sched_switch: prev_comm=ksoftirqd/0 prev_pid=3 prev_prio=120 prev_state=S ==> next_comm=swapper/0 next_pid=0 next_prio=120
          <idle>-0     [000] ...2   212.961931: sched_switch: prev_comm=swapper/0 prev_pid=0 prev_prio=120 prev_state=R ==> next_comm=ksoftirqd/0 next_pid=3 next_prio=120
     ksoftirqd/0-3     [000] ...2   212.961941: sched_switch: prev_comm=ksoftirqd/0 prev_pid=3 prev_prio=120 prev_state=S ==> next_comm=swapper/0 next_pid=0 next_prio=120
          <idle>-0     [000] ...2   212.961990: sched_switch: prev_comm=swapper/0 prev_pid=0 prev_prio=120 prev_state=R ==> next_comm=mmcqd/1 next_pid=116 next_prio=120
         mmcqd/1-116   [000] ...1   212.962031: block_rq_complete: 179,0 RA () 1179176 + 16 [0]
         mmcqd/1-116   [000] ...2   212.962086: sched_switch: prev_comm=mmcqd/1 prev_pid=116 prev_prio=120 prev_state=S ==> next_comm=swapper/0 next_pid=0 next_prio=120
          <idle>-0     [000] ...2   212.962438: sched_switch: prev_comm=swapper/0 prev_pid=0 prev_prio=120 prev_state=R ==> next_comm=mmcqd/1 next_pid=116 next_prio=120
         mmcqd/1-116   [000] ...1   212.962485: block_rq_complete: 179,0 RA () 1179208 + 32 [0]
         mmcqd/1-116   [000] ...2   212.962517: sched_switch: prev_comm=mmcqd/1 prev_pid=116 prev_prio=120 prev_state=S ==> next_comm=swapper/0 next_pid=0 next_prio=120
 xample.bdbtrace-2226  [001] d..2   212.962720: block_rq_insert: 179,0 R 0 () 852320 + 8 [xample.bdbtrace]
 xample.bdbtrace-2226  [001] ...2   212.962730: sched_switch: prev_comm=xample.bdbtrace prev_pid=2226 prev_prio=120 prev_state=D|W ==> next_comm=swapper/1 next_pid=0 next_prio=120
          <idle>-0     [000] ...2   212.962997: sched_switch: prev_comm=swapper/0 prev_pid=0 prev_prio=120 prev_state=R ==> next_comm=mmcqd/1 next_pid=116 next_prio=120
         mmcqd/1-116   [000] ...1   212.963057: block_rq_complete: 179,0 RA () 1179280 + 64 [0]
          <idle>-0     [001] ...2   212.963076: sched_switch: prev_comm=swapper/1 prev_pid=0 prev_prio=120 prev_state=R ==> next_comm=main next_pid=2630 next_prio=120
         mmcqd/1-116   [000] ...2   212.963102: sched_switch: prev_comm=mmcqd/1 prev_pid=116 prev_prio=120 prev_state=S ==> next_comm=swapper/0 next_pid=0 next_prio=120
            main-2630  [001] ...2   212.963111: sched_switch: prev_comm=main prev_pid=2630 prev_prio=120 prev_state=R+ ==> next_comm=Signal Catcher next_pid=2640 next_prio=120
          <idle>-0     [000] ...2   212.963279: sched_switch: prev_comm=swapper/0 prev_pid=0 prev_prio=120 prev_state=R ==> next_comm=mmcqd/1 next_pid=116 next_prio=120
  Signal Catcher-2640  [001] ...3   212.963294: sched_switch: prev_comm=Signal Catcher prev_pid=2640 prev_prio=120 prev_state=x ==> next_comm=main next_pid=2630 next_prio=120
         mmcqd/1-116   [000] ...1   212.963318: block_rq_complete: 179,0 RA () 1179352 + 8 [0]
            main-2630  [001] ...2   212.963319: sched_switch: prev_comm=main prev_pid=2630 prev_prio=120 prev_state=S ==> next_comm=swapper/1 next_pid=0 next_prio=120
         mmcqd/1-116   [000] ...2   212.963337: sched_switch: prev_comm=mmcqd/1 prev_pid=116 prev_prio=120 prev_state=S ==> next_comm=swapper/0 next_pid=0 next_prio=120
          <idle>-0     [000] ...2   212.963644: sched_switch: prev_comm=swapper/0 prev_pid=0 prev_prio=120 prev_state=R ==> next_comm=mmcqd/1 next_pid=116 next_prio=120
         mmcqd/1-116   [000] ...1   212.963663: block_rq_complete: 179,0 RA () 1179416 + 16 [0]
         mmcqd/1-116   [000] ...2   212.963687: sched_switch: prev_comm=mmcqd/1 prev_pid=116 prev_prio=120 prev_state=R+ ==> next_comm=kworker/0:1H next_pid=17 next_prio=100
    kworker/0:1H-17    [000] ...2   212.963699: sched_switch: prev_comm=kworker/0:1H prev_pid=17 prev_prio=100 prev_state=S ==> next_comm=mmcqd/1 next_pid=116 next_prio=120
         mmcqd/1-116   [000] ...2   212.963763: sched_switch: prev_comm=mmcqd/1 prev_pid=116 prev_prio=120 prev_state=S ==> next_comm=swapper/0 next_pid=0 next_prio=120
          <idle>-0     [000] ...2   212.964013: sched_switch: prev_comm=swapper/0 prev_pid=0 prev_prio=120 prev_state=R ==> next_comm=mmcqd/1 next_pid=116 next_prio=120
         mmcqd/1-116   [000] ...1   212.964029: block_rq_complete: 179,0 RA () 852320 + 8 [0]
          <idle>-0     [001] ...2   212.964045: sched_switch: prev_comm=swapper/1 prev_pid=0 prev_prio=120 prev_state=R ==> next_comm=xample.bdbtrace next_pid=2226 next_prio=120
         mmcqd/1-116   [000] ...2   212.964057: sched_switch: prev_comm=mmcqd/1 prev_pid=116 prev_prio=120 prev_state=R+ ==> next_comm=kworker/0:1H next_pid=17 next_prio=100
    kworker/0:1H-17    [000] ...2   212.964068: sched_switch: prev_comm=kworker/0:1H prev_pid=17 prev_prio=100 prev_state=S ==> next_comm=mmcqd/1 next_pid=116 next_prio=120
         mmcqd/1-116   [000] ...2   212.964083: sched_switch: prev_comm=mmcqd/1 prev_pid=116 prev_prio=120 prev_state=S ==> next_comm=swapper/0 next_pid=0 next_prio=120
 xample.bdbtrace-2226  [001] d..2   212.965030: block_rq_insert: 179,0 R 0 () 9228432 + 32 [xample.bdbtrace]
 xample.bdbtrace-2226  [001] ...2   212.965044: sched_switch: prev_comm=xample.bdbtrace prev_pid=2226 prev_prio=120 prev_state=D|W ==> next_comm=swapper/1 next_pid=0 next_prio=120
          <idle>-0     [000] ...2   212.965048: sched_switch: prev_comm=swapper/0 prev_pid=0 prev_prio=120 prev_state=R ==> next_comm=mmcqd/1 next_pid=116 next_prio=120
         mmcqd/1-116   [000] ...2   212.965115: sched_switch: prev_comm=mmcqd/1 prev_pid=116 prev_prio=120 prev_state=S ==> next_comm=swapper/0 next_pid=0 next_prio=120
          <idle>-0     [000] ...2   212.965549: sched_switch: prev_comm=swapper/0 prev_pid=0 prev_prio=120 prev_state=R ==> next_comm=mmcqd/1 next_pid=116 next_prio=120
         mmcqd/1-116   [000] ...1   212.965573: block_rq_complete: 179,0 RA () 9228432 + 32 [0]
          <idle>-0     [001] ...2   212.965590: sched_switch: prev_comm=swapper/1 prev_pid=0 prev_prio=120 prev_state=R ==> next_comm=xample.bdbtrace next_pid=2226 next_prio=120
         mmcqd/1-116   [000] ...2   212.965603: sched_switch: prev_comm=mmcqd/1 prev_pid=116 prev_prio=120 prev_state=R+ ==> next_comm=kworker/0:1H next_pid=17 next_prio=100
    kworker/0:1H-17    [000] ...2   212.965615: sched_switch: prev_comm=kworker/0:1H prev_pid=17 prev_prio=100 prev_state=S ==> next_comm=mmcqd/1 next_pid=116 next_prio=120
         mmcqd/1-116   [000] ...2   212.965629: sched_switch: prev_comm=mmcqd/1 prev_pid=116 prev_prio=120 prev_state=S ==> next_comm=swapper/0 next_pid=0 next_prio=120
 xample.bdbtrace-2226  [001] ...1   212.966695: tracing_mark_write: BDB

 xample.bdbtrace-2226  [001] ...1   212.966945: tracing_mark_write: START: App started

 xample.bdbtrace-2226  [001] ...1   212.967960: tracing_mark_write: "EVENT":"DATABASE_OPEN_START"}

 xample.bdbtrace-2226  [001] d..2   212.968200: block_rq_insert: 179,0 R 0 () 6148992 + 24 [xample.bdbtrace]
 xample.bdbtrace-2226  [001] d..2   212.968203: block_rq_insert: 179,0 R 0 () 6149032 + 8 [xample.bdbtrace]
 xample.bdbtrace-2226  [001] ...2   212.968222: sched_switch: prev_comm=xample.bdbtrace prev_pid=2226 prev_prio=120 prev_state=D|W ==> next_comm=swapper/1 next_pid=0 next_prio=120
          <idle>-0     [000] ...2   212.968228: sched_switch: prev_comm=swapper/0 prev_pid=0 prev_prio=120 prev_state=R ==> next_comm=mmcqd/1 next_pid=116 next_prio=120
         mmcqd/1-116   [000] ...2   212.968321: sched_switch: prev_comm=mmcqd/1 prev_pid=116 prev_prio=120 prev_state=S ==> next_comm=swapper/0 next_pid=0 next_prio=120
          <idle>-0     [000] ...2   212.968730: sched_switch: prev_comm=swapper/0 prev_pid=0 prev_prio=120 prev_state=R ==> next_comm=mmcqd/1 next_pid=116 next_prio=120
         mmcqd/1-116   [000] ...1   212.968775: block_rq_complete: 179,0 RA () 6148992 + 24 [0]
          <idle>-0     [001] ...2   212.968794: sched_switch: prev_comm=swapper/1 prev_pid=0 prev_prio=120 prev_state=R ==> next_comm=xample.bdbtrace next_pid=2226 next_prio=120
         mmcqd/1-116   [000] ...2   212.968810: sched_switch: prev_comm=mmcqd/1 prev_pid=116 prev_prio=120 prev_state=S ==> next_comm=swapper/0 next_pid=0 next_prio=120
          <idle>-0     [000] ...2   212.968927: sched_switch: prev_comm=swapper/0 prev_pid=0 prev_prio=120 prev_state=R ==> next_comm=kworker/u:2 next_pid=80 next_prio=120
     kworker/u:2-80    [000] ...2   212.968950: sched_switch: prev_comm=kworker/u:2 prev_pid=80 prev_prio=120 prev_state=S ==> next_comm=mpdecision next_pid=1527 next_prio=113
 xample.bdbtrace-2226  [001] d..2   212.969331: block_rq_insert: 179,0 R 0 () 6148984 + 8 [xample.bdbtrace]
 xample.bdbtrace-2226  [001] d..2   212.969336: block_rq_insert: 179,0 R 0 () 6149016 + 16 [xample.bdbtrace]
 xample.bdbtrace-2226  [001] d..2   212.969338: block_rq_insert: 179,0 R 0 () 6136208 + 8 [xample.bdbtrace]
 xample.bdbtrace-2226  [001] ...2   212.969347: sched_switch: prev_comm=xample.bdbtrace prev_pid=2226 prev_prio=120 prev_state=D|W ==> next_comm=swapper/1 next_pid=0 next_prio=120
          <idle>-0     [001] ...2   212.969366: sched_switch: prev_comm=swapper/1 prev_pid=0 prev_prio=120 prev_state=R ==> next_comm=ksoftirqd/1 next_pid=2634 next_prio=120
     ksoftirqd/1-2634  [001] ...2   212.969373: sched_switch: prev_comm=ksoftirqd/1 prev_pid=2634 prev_prio=120 prev_state=S ==> next_comm=swapper/1 next_pid=0 next_prio=120
          <idle>-0     [001] ...2   212.969387: sched_switch: prev_comm=swapper/1 prev_pid=0 prev_prio=120 prev_state=R ==> next_comm=ksoftirqd/1 next_pid=2634 next_prio=120
     ksoftirqd/1-2634  [001] ...2   212.969392: sched_switch: prev_comm=ksoftirqd/1 prev_pid=2634 prev_prio=120 prev_state=S ==> next_comm=swapper/1 next_pid=0 next_prio=120
          <idle>-0     [001] ...2   212.969406: sched_switch: prev_comm=swapper/1 prev_pid=0 prev_prio=120 prev_state=R ==> next_comm=ksoftirqd/1 next_pid=2634 next_prio=120
     ksoftirqd/1-2634  [001] ...2   212.969411: sched_switch: prev_comm=ksoftirqd/1 prev_pid=2634 prev_prio=120 prev_state=S ==> next_comm=swapper/1 next_pid=0 next_prio=120
      mpdecision-1527  [000] ...2   212.969418: sched_switch: prev_comm=mpdecision prev_pid=1527 prev_prio=113 prev_state=S ==> next_comm=ksoftirqd/0 next_pid=3 next_prio=120
     ksoftirqd/0-3     [000] ...2   212.969426: sched_switch: prev_comm=ksoftirqd/0 prev_pid=3 prev_prio=120 prev_state=S ==> next_comm=mmcqd/1 next_pid=116 next_prio=120
         mmcqd/1-116   [000] ...1   212.969445: block_rq_complete: 179,0 RA () 6149032 + 8 [0]
         mmcqd/1-116   [000] ...2   212.969469: sched_switch: prev_comm=mmcqd/1 prev_pid=116 prev_prio=120 prev_state=R+ ==> next_comm=kworker/0:1H next_pid=17 next_prio=100
    kworker/0:1H-17    [000] ...2   212.969482: sched_switch: prev_comm=kworker/0:1H prev_pid=17 prev_prio=100 prev_state=S ==> next_comm=mmcqd/1 next_pid=116 next_prio=120
         mmcqd/1-116   [000] ...2   212.969568: sched_switch: prev_comm=mmcqd/1 prev_pid=116 prev_prio=120 prev_state=S ==> next_comm=swapper/0 next_pid=0 next_prio=120
          <idle>-0     [000] ...2   212.969593: sched_switch: prev_comm=swapper/0 prev_pid=0 prev_prio=120 prev_state=R ==> next_comm=ksoftirqd/0 next_pid=3 next_prio=120
     ksoftirqd/0-3     [000] ...2   212.969610: sched_switch: prev_comm=ksoftirqd/0 prev_pid=3 prev_prio=120 prev_state=S ==> next_comm=swapper/0 next_pid=0 next_prio=120
          <idle>-0     [000] ...2   212.969630: sched_switch: prev_comm=swapper/0 prev_pid=0 prev_prio=120 prev_state=R ==> next_comm=ksoftirqd/0 next_pid=3 next_prio=120
     ksoftirqd/0-3     [000] ...2   212.969646: sched_switch: prev_comm=ksoftirqd/0 prev_pid=3 prev_prio=120 prev_state=S ==> next_comm=swapper/0 next_pid=0 next_prio=120
          <idle>-0     [000] ...2   212.969664: sched_switch: prev_comm=swapper/0 prev_pid=0 prev_prio=120 prev_state=R ==> next_comm=ksoftirqd/0 next_pid=3 next_prio=120
     ksoftirqd/0-3     [000] ...2   212.969680: sched_switch: prev_comm=ksoftirqd/0 prev_pid=3 prev_prio=120 prev_state=S ==> next_comm=swapper/0 next_pid=0 next_prio=120
          <idle>-0     [000] ...2   212.969808: sched_switch: prev_comm=swapper/0 prev_pid=0 prev_prio=120 prev_state=R ==> next_comm=mmcqd/1 next_pid=116 next_prio=120
         mmcqd/1-116   [000] ...1   212.969849: block_rq_complete: 179,0 RA () 6149016 + 16 [0]
         mmcqd/1-116   [000] ...2   212.969884: sched_switch: prev_comm=mmcqd/1 prev_pid=116 prev_prio=120 prev_state=S ==> next_comm=swapper/0 next_pid=0 next_prio=120
          <idle>-0     [000] ...2   212.970075: sched_switch: prev_comm=swapper/0 prev_pid=0 prev_prio=120 prev_state=R ==> next_comm=mmcqd/1 next_pid=116 next_prio=120
         mmcqd/1-116   [000] ...1   212.970113: block_rq_complete: 179,0 RA () 6148984 + 8 [0]
          <idle>-0     [001] ...2   212.970132: sched_switch: prev_comm=swapper/1 prev_pid=0 prev_prio=120 prev_state=R ==> next_comm=xample.bdbtrace next_pid=2226 next_prio=120
         mmcqd/1-116   [000] ...2   212.970139: sched_switch: prev_comm=mmcqd/1 prev_pid=116 prev_prio=120 prev_state=S ==> next_comm=swapper/0 next_pid=0 next_prio=120
          <idle>-0     [000] ...2   212.970365: sched_switch: prev_comm=swapper/0 prev_pid=0 prev_prio=120 prev_state=R ==> next_comm=mmcqd/1 next_pid=116 next_prio=120
         mmcqd/1-116   [000] ...1   212.970382: block_rq_complete: 179,0 RA () 6136208 + 8 [0]
         mmcqd/1-116   [000] ...2   212.970403: sched_switch: prev_comm=mmcqd/1 prev_pid=116 prev_prio=120 prev_state=R+ ==> next_comm=kworker/0:1H next_pid=17 next_prio=100
    kworker/0:1H-17    [000] ...2   212.970414: sched_switch: prev_comm=kworker/0:1H prev_pid=17 prev_prio=100 prev_state=S ==> next_comm=mmcqd/1 next_pid=116 next_prio=120
         mmcqd/1-116   [000] ...2   212.970428: sched_switch: prev_comm=mmcqd/1 prev_pid=116 prev_prio=120 prev_state=S ==> next_comm=swapper/0 next_pid=0 next_prio=120
 xample.bdbtrace-2226  [001] d..2   212.971462: block_rq_insert: 179,0 R 0 () 6590480 + 8 [xample.bdbtrace]
          <idle>-0     [000] ...2   212.971495: sched_switch: prev_comm=swapper/0 prev_pid=0 prev_prio=120 prev_state=R ==> next_comm=EventThread next_pid=320 next_prio=111
 xample.bdbtrace-2226  [001] ...2   212.971577: sched_switch: prev_comm=xample.bdbtrace prev_pid=2226 prev_prio=120 prev_state=R+ ==> next_comm=android.display next_pid=770 next_prio=116
     EventThread-320   [000] ...2   212.971600: sched_switch: prev_comm=EventThread prev_pid=320 prev_prio=111 prev_state=S ==> next_comm=mmcqd/1 next_pid=116 next_prio=120
         mmcqd/1-116   [000] ...2   212.971667: sched_switch: prev_comm=mmcqd/1 prev_pid=116 prev_prio=120 prev_state=S ==> next_comm=droid.launcher3 next_pid=1093 next_prio=120
 android.display-770   [001] ...2   212.971825: sched_switch: prev_comm=android.display prev_pid=770 prev_prio=116 prev_state=S ==> next_comm=Binder_1 next_pid=235 next_prio=120
        Binder_1-235   [001] ...2   212.971937: sched_switch: prev_comm=Binder_1 prev_pid=235 prev_prio=120 prev_state=S ==> next_comm=android.display next_pid=770 next_prio=116
 droid.launcher3-1093  [000] ...2   212.971971: sched_switch: prev_comm=droid.launcher3 prev_pid=1093 prev_prio=120 prev_state=S ==> next_comm=RenderThread next_pid=1365 next_prio=116
 android.display-770   [001] ...2   212.972006: sched_switch: prev_comm=android.display prev_pid=770 prev_prio=116 prev_state=S ==> next_comm=xample.bdbtrace next_pid=2226 next_prio=120
 xample.bdbtrace-2226  [001] d..2   212.972019: block_rq_insert: 179,0 R 0 () 6590616 + 8 [xample.bdbtrace]
    RenderThread-1365  [000] ...2   212.972034: sched_switch: prev_comm=RenderThread prev_pid=1365 prev_prio=116 prev_state=R ==> next_comm=mmcqd/1 next_pid=116 next_prio=120
 xample.bdbtrace-2226  [001] d..2   212.972047: block_rq_insert: 179,0 R 0 () 6590632 + 8 [xample.bdbtrace]
         mmcqd/1-116   [000] ...2   212.972060: sched_switch: prev_comm=mmcqd/1 prev_pid=116 prev_prio=120 prev_state=S ==> next_comm=RenderThread next_pid=1365 next_prio=116
 xample.bdbtrace-2226  [001] d..2   212.972071: block_rq_insert: 179,0 R 0 () 6590664 + 8 [xample.bdbtrace]
 xample.bdbtrace-2226  [001] ...2   212.972140: sched_switch: prev_comm=xample.bdbtrace prev_pid=2226 prev_prio=120 prev_state=D ==> next_comm=swapper/1 next_pid=0 next_prio=120
    RenderThread-1365  [000] ...2   212.972240: sched_switch: prev_comm=RenderThread prev_pid=1365 prev_prio=116 prev_state=R+ ==> next_comm=kworker/u:2 next_pid=80 next_prio=120
     kworker/u:2-80    [000] ...2   212.972252: sched_switch: prev_comm=kworker/u:2 prev_pid=80 prev_prio=120 prev_state=D ==> next_comm=RenderThread next_pid=1365 next_prio=116
    RenderThread-1365  [000] ...2   212.972280: sched_switch: prev_comm=RenderThread prev_pid=1365 prev_prio=116 prev_state=R+ ==> next_comm=kworker/u:2 next_pid=80 next_prio=120
     kworker/u:2-80    [000] ...2   212.972293: sched_switch: prev_comm=kworker/u:2 prev_pid=80 prev_prio=120 prev_state=D ==> next_comm=RenderThread next_pid=1365 next_prio=116
    RenderThread-1365  [000] ...2   212.972310: sched_switch: prev_comm=RenderThread prev_pid=1365 prev_prio=116 prev_state=R+ ==> next_comm=kworker/u:2 next_pid=80 next_prio=120
     kworker/u:2-80    [000] ...2   212.972379: sched_switch: prev_comm=kworker/u:2 prev_pid=80 prev_prio=120 prev_state=S ==> next_comm=kworker/u:4 next_pid=210 next_prio=120
     kworker/u:4-210   [000] ...2   212.972389: sched_switch: prev_comm=kworker/u:4 prev_pid=210 prev_prio=120 prev_state=S ==> next_comm=RenderThread next_pid=1365 next_prio=116
    RenderThread-1365  [000] ...2   212.973446: sched_switch: prev_comm=RenderThread prev_pid=1365 prev_prio=116 prev_state=R ==> next_comm=mmcqd/1 next_pid=116 next_prio=120
         mmcqd/1-116   [000] ...1   212.973495: block_rq_complete: 179,0 RA () 6590480 + 136 [0]
