# tracer: nop
#
# entries-in-buffer/entries-written: 4294960288/4294960288   #P:1
#
#                              _-----=> irqs-off
#                             / _----=> need-resched
#                            | / _---=> hardirq/softirq
#                            || / _--=> preempt-depth
#                            ||| /     delay
#           TASK-PID   CPU#  ||||    TIMESTAMP  FUNCTION
#              | |       |   ||||       |         |
              sh-2627  [000] ...2   212.544042: sched_switch: prev_comm=sh prev_pid=2627 prev_prio=120 prev_state=S ==> next_comm=sh next_pid=2630 next_prio=120
            main-2630  [000] d..2   212.544355: block_rq_insert: 179,0 R 0 () 377368 + 8 [sh]
            main-2630  [000] ...2   212.544371: sched_switch: prev_comm=sh prev_pid=2630 prev_prio=120 prev_state=R+ ==> next_comm=mmcqd/1 next_pid=116 next_prio=120
         mmcqd/1-116   [000] ...2   212.544437: sched_switch: prev_comm=mmcqd/1 prev_pid=116 prev_prio=120 prev_state=S ==> next_comm=sh next_pid=2630 next_prio=120
            main-2630  [000] d..2   212.544449: block_rq_insert: 179,0 R 0 () 377376 + 8 [sh]
            main-2630  [000] ...2   212.544457: sched_switch: prev_comm=sh prev_pid=2630 prev_prio=120 prev_state=R+ ==> next_comm=mmcqd/1 next_pid=116 next_prio=120
         mmcqd/1-116   [000] ...2   212.544470: sched_switch: prev_comm=mmcqd/1 prev_pid=116 prev_prio=120 prev_state=S ==> next_comm=sh next_pid=2630 next_prio=120
            main-2630  [000] d..2   212.544480: block_rq_insert: 179,0 R 0 () 377384 + 8 [sh]
            main-2630  [000] d..2   212.544553: block_rq_insert: 179,0 R 0 () 377480 + 8 [sh]
            main-2630  [000] ...2   212.544673: sched_switch: prev_comm=sh prev_pid=2630 prev_prio=120 prev_state=D ==> next_comm=swapper/0 next_pid=0 next_prio=120
          <idle>-0     [000] ...2   212.544700: sched_switch: prev_comm=swapper/0 prev_pid=0 prev_prio=120 prev_state=R ==> next_comm=ksoftirqd/0 next_pid=3 next_prio=120
     ksoftirqd/0-3     [000] ...2   212.544715: sched_switch: prev_comm=ksoftirqd/0 prev_pid=3 prev_prio=120 prev_state=S ==> next_comm=swapper/0 next_pid=0 next_prio=120
          <idle>-0     [000] ...2   212.544731: sched_switch: prev_comm=swapper/0 prev_pid=0 prev_prio=120 prev_state=R ==> next_comm=ksoftirqd/0 next_pid=3 next_prio=120
     ksoftirqd/0-3     [000] ...2   212.544738: sched_switch: prev_comm=ksoftirqd/0 prev_pid=3 prev_prio=120 prev_state=S ==> next_comm=swapper/0 next_pid=0 next_prio=120
          <idle>-0     [000] ...2   212.544751: sched_switch: prev_comm=swapper/0 prev_pid=0 prev_prio=120 prev_state=R ==> next_comm=ksoftirqd/0 next_pid=3 next_prio=120
     ksoftirqd/0-3     [000] ...2   212.544761: sched_switch: prev_comm=ksoftirqd/0 prev_pid=3 prev_prio=120 prev_state=S ==> next_comm=swapper/0 next_pid=0 next_prio=120
          <idle>-0     [000] ...2   212.544813: sched_switch: prev_comm=swapper/0 prev_pid=0 prev_prio=120 prev_state=R ==> next_comm=mmcqd/1 next_pid=116 next_prio=120
         mmcqd/1-116   [000] ...1   212.544838: block_rq_complete: 179,0 RA () 377368 + 8 [0]
         mmcqd/1-116   [000] ...2   212.544868: sched_switch: prev_comm=mmcqd/1 prev_pid=116 prev_prio=120 prev_state=S ==> next_comm=swapper/0 next_pid=0 next_prio=120
          <idle>-0     [000] ...2   212.545074: sched_switch: prev_comm=swapper/0 prev_pid=0 prev_prio=120 prev_state=R ==> next_comm=mmcqd/1 next_pid=116 next_prio=120
         mmcqd/1-116   [000] ...1   212.545096: block_rq_complete: 179,0 RA () 377376 + 8 [0]
         mmcqd/1-116   [000] ...2   212.545106: sched_switch: prev_comm=mmcqd/1 prev_pid=116 prev_prio=120 prev_state=S ==> next_comm=swapper/0 next_pid=0 next_prio=120
          <idle>-0     [000] ...2   212.546506: sched_switch: prev_comm=swapper/0 prev_pid=0 prev_prio=120 prev_state=R ==> next_comm=mmcqd/1 next_pid=116 next_prio=120
         mmcqd/1-116   [000] ...1   212.546520: block_rq_complete: 179,0 RA () 377384 + 248 [0]
         mmcqd/1-116   [000] ...2   212.546558: sched_switch: prev_comm=mmcqd/1 prev_pid=116 prev_prio=120 prev_state=R+ ==> next_comm=kworker/0:1H next_pid=17 next_prio=100
    kworker/0:1H-17    [000] ...2   212.546568: sched_switch: prev_comm=kworker/0:1H prev_pid=17 prev_prio=100 prev_state=S ==> next_comm=mmcqd/1 next_pid=116 next_prio=120
         mmcqd/1-116   [000] ...2   212.546579: sched_switch: prev_comm=mmcqd/1 prev_pid=116 prev_prio=120 prev_state=S ==> next_comm=sh next_pid=2630 next_prio=120
            main-2630  [000] d..2   212.546612: block_rq_insert: 179,0 R 0 () 722984 + 8 [sh]
            main-2630  [000] ...2   212.546621: sched_switch: prev_comm=sh prev_pid=2630 prev_prio=120 prev_state=R+ ==> next_comm=mmcqd/1 next_pid=116 next_prio=120
         mmcqd/1-116   [000] ...2   212.546653: sched_switch: prev_comm=mmcqd/1 prev_pid=116 prev_prio=120 prev_state=S ==> next_comm=sh next_pid=2630 next_prio=120
            main-2630  [000] ...2   212.546659: sched_switch: prev_comm=sh prev_pid=2630 prev_prio=120 prev_state=D|W ==> next_comm=swapper/0 next_pid=0 next_prio=120
          <idle>-0     [000] ...2   212.546891: sched_switch: prev_comm=swapper/0 prev_pid=0 prev_prio=120 prev_state=R ==> next_comm=mmcqd/1 next_pid=116 next_prio=120
         mmcqd/1-116   [000] ...1   212.546900: block_rq_complete: 179,0 RA () 722984 + 8 [0]
         mmcqd/1-116   [000] ...2   212.546914: sched_switch: prev_comm=mmcqd/1 prev_pid=116 prev_prio=120 prev_state=R+ ==> next_comm=kworker/0:1H next_pid=17 next_prio=100
    kworker/0:1H-17    [000] ...2   212.546921: sched_switch: prev_comm=kworker/0:1H prev_pid=17 prev_prio=100 prev_state=S ==> next_comm=mmcqd/1 next_pid=116 next_prio=120
         mmcqd/1-116   [000] ...2   212.546929: sched_switch: prev_comm=mmcqd/1 prev_pid=116 prev_prio=120 prev_state=S ==> next_comm=sh next_pid=2630 next_prio=120
            main-2630  [000] d..2   212.547167: block_rq_insert: 179,0 R 0 () 732792 + 8 [am]
            main-2630  [000] ...2   212.547176: sched_switch: prev_comm=am prev_pid=2630 prev_prio=120 prev_state=R+ ==> next_comm=mmcqd/1 next_pid=116 next_prio=120
         mmcqd/1-116   [000] ...2   212.547208: sched_switch: prev_comm=mmcqd/1 prev_pid=116 prev_prio=120 prev_state=S ==> next_comm=am next_pid=2630 next_prio=120
            main-2630  [000] ...2   212.547214: sched_switch: prev_comm=am prev_pid=2630 prev_prio=120 prev_state=D|W ==> next_comm=swapper/0 next_pid=0 next_prio=120
          <idle>-0     [000] ...2   212.547228: sched_switch: prev_comm=swapper/0 prev_pid=0 prev_prio=120 prev_state=R ==> next_comm=ksoftirqd/0 next_pid=3 next_prio=120
     ksoftirqd/0-3     [000] ...2   212.547235: sched_switch: prev_comm=ksoftirqd/0 prev_pid=3 prev_prio=120 prev_state=S ==> next_comm=swapper/0 next_pid=0 next_prio=120
          <idle>-0     [000] ...2   212.547249: sched_switch: prev_comm=swapper/0 prev_pid=0 prev_prio=120 prev_state=R ==> next_comm=ksoftirqd/0 next_pid=3 next_prio=120
     ksoftirqd/0-3     [000] ...2   212.547255: sched_switch: prev_comm=ksoftirqd/0 prev_pid=3 prev_prio=120 prev_state=S ==> next_comm=swapper/0 next_pid=0 next_prio=120
          <idle>-0     [000] ...2   212.547268: sched_switch: prev_comm=swapper/0 prev_pid=0 prev_prio=120 prev_state=R ==> next_comm=ksoftirqd/0 next_pid=3 next_prio=120
     ksoftirqd/0-3     [000] ...2   212.547274: sched_switch: prev_comm=ksoftirqd/0 prev_pid=3 prev_prio=120 prev_state=S ==> next_comm=swapper/0 next_pid=0 next_prio=120
          <idle>-0     [000] ...2   212.547455: sched_switch: prev_comm=swapper/0 prev_pid=0 prev_prio=120 prev_state=R ==> next_comm=mmcqd/1 next_pid=116 next_prio=120
         mmcqd/1-116   [000] ...1   212.547464: block_rq_complete: 179,0 RA () 732792 + 8 [0]
         mmcqd/1-116   [000] ...2   212.547478: sched_switch: prev_comm=mmcqd/1 prev_pid=116 prev_prio=120 prev_state=R+ ==> next_comm=kworker/0:1H next_pid=17 next_prio=100
    kworker/0:1H-17    [000] ...2   212.547485: sched_switch: prev_comm=kworker/0:1H prev_pid=17 prev_prio=100 prev_state=S ==> next_comm=mmcqd/1 next_pid=116 next_prio=120
         mmcqd/1-116   [000] ...2   212.547493: sched_switch: prev_comm=mmcqd/1 prev_pid=116 prev_prio=120 prev_state=S ==> next_comm=am next_pid=2630 next_prio=120
            main-2630  [000] d..2   212.547555: block_rq_insert: 179,0 R 0 () 728040 + 8 [am]
            main-2630  [000] d..2   212.547558: block_rq_insert: 179,0 R 0 () 728080 + 80 [am]
            main-2630  [000] ...2   212.547566: sched_switch: prev_comm=am prev_pid=2630 prev_prio=120 prev_state=R+ ==> next_comm=mmcqd/1 next_pid=116 next_prio=120
         mmcqd/1-116   [000] ...2   212.547621: sched_switch: prev_comm=mmcqd/1 prev_pid=116 prev_prio=120 prev_state=S ==> next_comm=am next_pid=2630 next_prio=120
            main-2630  [000] ...2   212.547626: sched_switch: prev_comm=am prev_pid=2630 prev_prio=120 prev_state=D|W ==> next_comm=swapper/0 next_pid=0 next_prio=120
          <idle>-0     [000] ...2   212.548207: sched_switch: prev_comm=swapper/0 prev_pid=0 prev_prio=120 prev_state=R ==> next_comm=mmcqd/1 next_pid=116 next_prio=120
         mmcqd/1-116   [000] ...1   212.548243: block_rq_complete: 179,0 RA () 728080 + 80 [0]
         mmcqd/1-116   [000] ...2   212.548260: sched_switch: prev_comm=mmcqd/1 prev_pid=116 prev_prio=120 prev_state=S ==> next_comm=am next_pid=2630 next_prio=120
            main-2630  [000] ...2   212.548468: sched_switch: prev_comm=am prev_pid=2630 prev_prio=120 prev_state=R+ ==> next_comm=mmcqd/1 next_pid=116 next_prio=120
         mmcqd/1-116   [000] ...1   212.548476: block_rq_complete: 179,0 RA () 728040 + 8 [0]
         mmcqd/1-116   [000] ...2   212.548493: sched_switch: prev_comm=mmcqd/1 prev_pid=116 prev_prio=120 prev_state=S ==> next_comm=kworker/0:1H next_pid=17 next_prio=100
    kworker/0:1H-17    [000] ...2   212.548502: sched_switch: prev_comm=kworker/0:1H prev_pid=17 prev_prio=100 prev_state=S ==> next_comm=mmcqd/1 next_pid=116 next_prio=120
         mmcqd/1-116   [000] ...2   212.548508: sched_switch: prev_comm=mmcqd/1 prev_pid=116 prev_prio=120 prev_state=S ==> next_comm=am next_pid=2630 next_prio=120
            main-2630  [000] d..2   212.548628: block_rq_insert: 179,0 R 0 () 1189784 + 8 [am]
            main-2630  [000] d..2   212.548630: block_rq_insert: 179,0 R 0 () 1189800 + 8 [am]
            main-2630  [000] d..2   212.548632: block_rq_insert: 179,0 R 0 () 1189824 + 184 [am]
            main-2630  [000] ...2   212.548640: sched_switch: prev_comm=am prev_pid=2630 prev_prio=120 prev_state=R+ ==> next_comm=mmcqd/1 next_pid=116 next_prio=120
         mmcqd/1-116   [000] ...2   212.548679: sched_switch: prev_comm=mmcqd/1 prev_pid=116 prev_prio=120 prev_state=S ==> next_comm=am next_pid=2630 next_prio=120
            main-2630  [000] ...2   212.548684: sched_switch: prev_comm=am prev_pid=2630 prev_prio=120 prev_state=D|W ==> next_comm=swapper/0 next_pid=0 next_prio=120
          <idle>-0     [000] ...2   212.548699: sched_switch: prev_comm=swapper/0 prev_pid=0 prev_prio=120 prev_state=R ==> next_comm=ksoftirqd/0 next_pid=3 next_prio=120
     ksoftirqd/0-3     [000] ...2   212.548705: sched_switch: prev_comm=ksoftirqd/0 prev_pid=3 prev_prio=120 prev_state=S ==> next_comm=swapper/0 next_pid=0 next_prio=120
          <idle>-0     [000] ...2   212.548719: sched_switch: prev_comm=swapper/0 prev_pid=0 prev_prio=120 prev_state=R ==> next_comm=ksoftirqd/0 next_pid=3 next_prio=120
     ksoftirqd/0-3     [000] ...2   212.548725: sched_switch: prev_comm=ksoftirqd/0 prev_pid=3 prev_prio=120 prev_state=S ==> next_comm=swapper/0 next_pid=0 next_prio=120
          <idle>-0     [000] ...2   212.548738: sched_switch: prev_comm=swapper/0 prev_pid=0 prev_prio=120 prev_state=R ==> next_comm=ksoftirqd/0 next_pid=3 next_prio=120
     ksoftirqd/0-3     [000] ...2   212.548745: sched_switch: prev_comm=ksoftirqd/0 prev_pid=3 prev_prio=120 prev_state=S ==> next_comm=swapper/0 next_pid=0 next_prio=120
          <idle>-0     [000] ...2   212.548908: sched_switch: prev_comm=swapper/0 prev_pid=0 prev_prio=120 prev_state=R ==> next_comm=mmcqd/1 next_pid=116 next_prio=120
         mmcqd/1-116   [000] ...1   212.548931: block_rq_complete: 179,0 RA () 1189784 + 8 [0]
         mmcqd/1-116   [000] ...2   212.548986: sched_switch: prev_comm=mmcqd/1 prev_pid=116 prev_prio=120 prev_state=S ==> next_comm=swapper/0 next_pid=0 next_prio=120
          <idle>-0     [000] ...2   212.549166: sched_switch: prev_comm=swapper/0 prev_pid=0 prev_prio=120 prev_state=R ==> next_comm=mmcqd/1 next_pid=116 next_prio=120
         mmcqd/1-116   [000] ...1   212.549189: block_rq_complete: 179,0 RA () 1189800 + 8 [0]
         mmcqd/1-116   [000] ...2   212.549199: sched_switch: prev_comm=mmcqd/1 prev_pid=116 prev_prio=120 prev_state=S ==> next_comm=swapper/0 next_pid=0 next_prio=120
          <idle>-0     [000] ...2   212.550338: sched_switch: prev_comm=swapper/0 prev_pid=0 prev_prio=120 prev_state=R ==> next_comm=mmcqd/1 next_pid=116 next_prio=120
         mmcqd/1-116   [000] ...1   212.550379: block_rq_complete: 179,0 RA () 1189824 + 184 [0]
         mmcqd/1-116   [000] ...2   212.550400: sched_switch: prev_comm=mmcqd/1 prev_pid=116 prev_prio=120 prev_state=R+ ==> next_comm=kworker/0:1H next_pid=17 next_prio=100
    kworker/0:1H-17    [000] ...2   212.550407: sched_switch: prev_comm=kworker/0:1H prev_pid=17 prev_prio=100 prev_state=S ==> next_comm=mmcqd/1 next_pid=116 next_prio=120
         mmcqd/1-116   [000] ...2   212.550415: sched_switch: prev_comm=mmcqd/1 prev_pid=116 prev_prio=120 prev_state=S ==> next_comm=am next_pid=2630 next_prio=120
            main-2630  [000] d..2   212.551117: block_rq_insert: 179,0 R 0 () 1214776 + 16 [am]
            main-2630  [000] ...2   212.551126: sched_switch: prev_comm=am prev_pid=2630 prev_prio=120 prev_state=R+ ==> next_comm=mmcqd/1 next_pid=116 next_prio=120
         mmcqd/1-116   [000] ...2   212.551161: sched_switch: prev_comm=mmcqd/1 prev_pid=116 prev_prio=120 prev_state=S ==> next_comm=am next_pid=2630 next_prio=120
            main-2630  [000] ...2   212.551167: sched_switch: prev_comm=am prev_pid=2630 prev_prio=120 prev_state=D|W ==> next_comm=swapper/0 next_pid=0 next_prio=120
          <idle>-0     [000] ...2   212.551181: sched_switch: prev_comm=swapper/0 prev_pid=0 prev_prio=120 prev_state=R ==> next_comm=ksoftirqd/0 next_pid=3 next_prio=120
     ksoftirqd/0-3     [000] ...2   212.551188: sched_switch: prev_comm=ksoftirqd/0 prev_pid=3 prev_prio=120 prev_state=S ==> next_comm=swapper/0 next_pid=0 next_prio=120
          <idle>-0     [000] ...2   212.551202: sched_switch: prev_comm=swapper/0 prev_pid=0 prev_prio=120 prev_state=R ==> next_comm=ksoftirqd/0 next_pid=3 next_prio=120
     ksoftirqd/0-3     [000] ...2   212.551208: sched_switch: prev_comm=ksoftirqd/0 prev_pid=3 prev_prio=120 prev_state=S ==> next_comm=swapper/0 next_pid=0 next_prio=120
          <idle>-0     [000] ...2   212.551221: sched_switch: prev_comm=swapper/0 prev_pid=0 prev_prio=120 prev_state=R ==> next_comm=ksoftirqd/0 next_pid=3 next_prio=120
     ksoftirqd/0-3     [000] ...2   212.551228: sched_switch: prev_comm=ksoftirqd/0 prev_pid=3 prev_prio=120 prev_state=S ==> next_comm=swapper/0 next_pid=0 next_prio=120
          <idle>-0     [000] ...2   212.551485: sched_switch: prev_comm=swapper/0 prev_pid=0 prev_prio=120 prev_state=R ==> next_comm=mmcqd/1 next_pid=116 next_prio=120
         mmcqd/1-116   [000] ...1   212.551496: block_rq_complete: 179,0 RA () 1214776 + 16 [0]
         mmcqd/1-116   [000] ...2   212.551511: sched_switch: prev_comm=mmcqd/1 prev_pid=116 prev_prio=120 prev_state=R+ ==> next_comm=kworker/0:1H next_pid=17 next_prio=100
    kworker/0:1H-17    [000] ...2   212.551517: sched_switch: prev_comm=kworker/0:1H prev_pid=17 prev_prio=100 prev_state=S ==> next_comm=mmcqd/1 next_pid=116 next_prio=120
         mmcqd/1-116   [000] ...2   212.551525: sched_switch: prev_comm=mmcqd/1 prev_pid=116 prev_prio=120 prev_state=S ==> next_comm=am next_pid=2630 next_prio=120
            main-2630  [000] d..2   212.551630: block_rq_insert: 179,0 R 0 () 1210456 + 16 [am]
            main-2630  [000] d..2   212.551632: block_rq_insert: 179,0 R 0 () 1210568 + 24 [am]
            main-2630  [000] ...2   212.551640: sched_switch: prev_comm=am prev_pid=2630 prev_prio=120 prev_state=R+ ==> next_comm=mmcqd/1 next_pid=116 next_prio=120
         mmcqd/1-116   [000] ...2   212.551685: sched_switch: prev_comm=mmcqd/1 prev_pid=116 prev_prio=120 prev_state=S ==> next_comm=am next_pid=2630 next_prio=120
            main-2630  [000] ...2   212.551690: sched_switch: prev_comm=am prev_pid=2630 prev_prio=120 prev_state=D|W ==> next_comm=swapper/0 next_pid=0 next_prio=120
          <idle>-0     [000] ...2   212.551704: sched_switch: prev_comm=swapper/0 prev_pid=0 prev_prio=120 prev_state=R ==> next_comm=ksoftirqd/0 next_pid=3 next_prio=120
     ksoftirqd/0-3     [000] ...2   212.551710: sched_switch: prev_comm=ksoftirqd/0 prev_pid=3 prev_prio=120 prev_state=S ==> next_comm=swapper/0 next_pid=0 next_prio=120
          <idle>-0     [000] ...2   212.551724: sched_switch: prev_comm=swapper/0 prev_pid=0 prev_prio=120 prev_state=R ==> next_comm=ksoftirqd/0 next_pid=3 next_prio=120
     ksoftirqd/0-3     [000] ...2   212.551730: sched_switch: prev_comm=ksoftirqd/0 prev_pid=3 prev_prio=120 prev_state=S ==> next_comm=swapper/0 next_pid=0 next_prio=120
          <idle>-0     [000] ...2   212.551743: sched_switch: prev_comm=swapper/0 prev_pid=0 prev_prio=120 prev_state=R ==> next_comm=ksoftirqd/0 next_pid=3 next_prio=120
     ksoftirqd/0-3     [000] ...2   212.551749: sched_switch: prev_comm=ksoftirqd/0 prev_pid=3 prev_prio=120 prev_state=S ==> next_comm=swapper/0 next_pid=0 next_prio=120
          <idle>-0     [000] ...2   212.551983: sched_switch: prev_comm=swapper/0 prev_pid=0 prev_prio=120 prev_state=R ==> next_comm=mmcqd/1 next_pid=116 next_prio=120
         mmcqd/1-116   [000] ...1   212.552009: block_rq_complete: 179,0 RA () 1210568 + 24 [0]
         mmcqd/1-116   [000] ...2   212.552023: sched_switch: prev_comm=mmcqd/1 prev_pid=116 prev_prio=120 prev_state=S ==> next_comm=am next_pid=2630 next_prio=120
            main-2630  [000] d..2   212.552119: block_rq_insert: 179,0 R 0 () 1259352 + 8 [am]
            main-2630  [000] ...2   212.552128: sched_switch: prev_comm=am prev_pid=2630 prev_prio=120 prev_state=R+ ==> next_comm=mmcqd/1 next_pid=116 next_prio=120
         mmcqd/1-116   [000] ...2   212.552142: sched_switch: prev_comm=mmcqd/1 prev_pid=116 prev_prio=120 prev_state=S ==> next_comm=am next_pid=2630 next_prio=120
            main-2630  [000] ...2   212.552147: sched_switch: prev_comm=am prev_pid=2630 prev_prio=120 prev_state=D|W ==> next_comm=swapper/0 next_pid=0 next_prio=120
          <idle>-0     [000] ...2   212.552160: sched_switch: prev_comm=swapper/0 prev_pid=0 prev_prio=120 prev_state=R ==> next_comm=ksoftirqd/0 next_pid=3 next_prio=120
     ksoftirqd/0-3     [000] ...2   212.552167: sched_switch: prev_comm=ksoftirqd/0 prev_pid=3 prev_prio=120 prev_state=S ==> next_comm=swapper/0 next_pid=0 next_prio=120
          <idle>-0     [000] ...2   212.552180: sched_switch: prev_comm=swapper/0 prev_pid=0 prev_prio=120 prev_state=R ==> next_comm=ksoftirqd/0 next_pid=3 next_prio=120
     ksoftirqd/0-3     [000] ...2   212.552186: sched_switch: prev_comm=ksoftirqd/0 prev_pid=3 prev_prio=120 prev_state=S ==> next_comm=swapper/0 next_pid=0 next_prio=120
          <idle>-0     [000] ...2   212.552199: sched_switch: prev_comm=swapper/0 prev_pid=0 prev_prio=120 prev_state=R ==> next_comm=ksoftirqd/0 next_pid=3 next_prio=120
     ksoftirqd/0-3     [000] ...2   212.552205: sched_switch: prev_comm=ksoftirqd/0 prev_pid=3 prev_prio=120 prev_state=S ==> next_comm=swapper/0 next_pid=0 next_prio=120
          <idle>-0     [000] ...2   212.552350: sched_switch: prev_comm=swapper/0 prev_pid=0 prev_prio=120 prev_state=R ==> next_comm=mmcqd/1 next_pid=116 next_prio=120
         mmcqd/1-116   [000] ...1   212.552375: block_rq_complete: 179,0 RA () 1210456 + 16 [0]
         mmcqd/1-116   [000] ...2   212.552386: sched_switch: prev_comm=mmcqd/1 prev_pid=116 prev_prio=120 prev_state=S ==> next_comm=swapper/0 next_pid=0 next_prio=120
          <idle>-0     [000] ...2   212.552633: sched_switch: prev_comm=swapper/0 prev_pid=0 prev_prio=120 prev_state=R ==> next_comm=mmcqd/1 next_pid=116 next_prio=120
         mmcqd/1-116   [000] ...1   212.552642: block_rq_complete: 179,0 RA () 1259352 + 8 [0]
         mmcqd/1-116   [000] ...2   212.552656: sched_switch: prev_comm=mmcqd/1 prev_pid=116 prev_prio=120 prev_state=R+ ==> next_comm=kworker/0:1H next_pid=17 next_prio=100
    kworker/0:1H-17    [000] ...2   212.552662: sched_switch: prev_comm=kworker/0:1H prev_pid=17 prev_prio=100 prev_state=S ==> next_comm=mmcqd/1 next_pid=116 next_prio=120
         mmcqd/1-116   [000] ...2   212.552670: sched_switch: prev_comm=mmcqd/1 prev_pid=116 prev_prio=120 prev_state=S ==> next_comm=am next_pid=2630 next_prio=120
            main-2630  [000] d..2   212.554564: block_rq_insert: 179,0 R 0 () 1172184 + 112 [app_process]
            main-2630  [000] ...2   212.554577: sched_switch: prev_comm=app_process prev_pid=2630 prev_prio=120 prev_state=R+ ==> next_comm=mmcqd/1 next_pid=116 next_prio=120
         mmcqd/1-116   [000] ...2   212.554639: sched_switch: prev_comm=mmcqd/1 prev_pid=116 prev_prio=120 prev_state=S ==> next_comm=app_process next_pid=2630 next_prio=120
            main-2630  [000] ...2   212.554645: sched_switch: prev_comm=app_process prev_pid=2630 prev_prio=120 prev_state=D|W ==> next_comm=swapper/0 next_pid=0 next_prio=120
          <idle>-0     [000] ...2   212.554663: sched_switch: prev_comm=swapper/0 prev_pid=0 prev_prio=120 prev_state=R ==> next_comm=ksoftirqd/0 next_pid=3 next_prio=120
     ksoftirqd/0-3     [000] ...2   212.554670: sched_switch: prev_comm=ksoftirqd/0 prev_pid=3 prev_prio=120 prev_state=S ==> next_comm=swapper/0 next_pid=0 next_prio=120
          <idle>-0     [000] ...2   212.554684: sched_switch: prev_comm=swapper/0 prev_pid=0 prev_prio=120 prev_state=R ==> next_comm=ksoftirqd/0 next_pid=3 next_prio=120
     ksoftirqd/0-3     [000] ...2   212.554690: sched_switch: prev_comm=ksoftirqd/0 prev_pid=3 prev_prio=120 prev_state=S ==> next_comm=swapper/0 next_pid=0 next_prio=120
          <idle>-0     [000] ...2   212.554703: sched_switch: prev_comm=swapper/0 prev_pid=0 prev_prio=120 prev_state=R ==> next_comm=ksoftirqd/0 next_pid=3 next_prio=120
     ksoftirqd/0-3     [000] ...2   212.554720: sched_switch: prev_comm=ksoftirqd/0 prev_pid=3 prev_prio=120 prev_state=S ==> next_comm=swapper/0 next_pid=0 next_prio=120
          <idle>-0     [000] ...2   212.554736: sched_switch: prev_comm=swapper/0 prev_pid=0 prev_prio=120 prev_state=R ==> next_comm=ksoftirqd/0 next_pid=3 next_prio=120
     ksoftirqd/0-3     [000] ...2   212.554742: sched_switch: prev_comm=ksoftirqd/0 prev_pid=3 prev_prio=120 prev_state=S ==> next_comm=swapper/0 next_pid=0 next_prio=120
          <idle>-0     [000] ...2   212.554755: sched_switch: prev_comm=swapper/0 prev_pid=0 prev_prio=120 prev_state=R ==> next_comm=ksoftirqd/0 next_pid=3 next_prio=120
     ksoftirqd/0-3     [000] ...2   212.554762: sched_switch: prev_comm=ksoftirqd/0 prev_pid=3 prev_prio=120 prev_state=S ==> next_comm=swapper/0 next_pid=0 next_prio=120
          <idle>-0     [000] ...2   212.554775: sched_switch: prev_comm=swapper/0 prev_pid=0 prev_prio=120 prev_state=R ==> next_comm=ksoftirqd/0 next_pid=3 next_prio=120
     ksoftirqd/0-3     [000] ...2   212.554781: sched_switch: prev_comm=ksoftirqd/0 prev_pid=3 prev_prio=120 prev_state=S ==> next_comm=swapper/0 next_pid=0 next_prio=120
          <idle>-0     [000] ...2   212.555465: sched_switch: prev_comm=swapper/0 prev_pid=0 prev_prio=120 prev_state=R ==> next_comm=mmcqd/1 next_pid=116 next_prio=120
         mmcqd/1-116   [000] ...1   212.555494: block_rq_complete: 179,0 RA () 1172184 + 112 [0]
         mmcqd/1-116   [000] ...2   212.555514: sched_switch: prev_comm=mmcqd/1 prev_pid=116 prev_prio=120 prev_state=R+ ==> next_comm=kworker/0:1H next_pid=17 next_prio=100
    kworker/0:1H-17    [000] ...2   212.555521: sched_switch: prev_comm=kworker/0:1H prev_pid=17 prev_prio=100 prev_state=S ==> next_comm=mmcqd/1 next_pid=116 next_prio=120
         mmcqd/1-116   [000] ...2   212.555530: sched_switch: prev_comm=mmcqd/1 prev_pid=116 prev_prio=120 prev_state=S ==> next_comm=app_process next_pid=2630 next_prio=120
            main-2630  [000] d..2   212.555640: block_rq_insert: 179,0 R 0 () 1187608 + 64 [app_process]
            main-2630  [000] ...2   212.555649: sched_switch: prev_comm=app_process prev_pid=2630 prev_prio=120 prev_state=R+ ==> next_comm=mmcqd/1 next_pid=116 next_prio=120
         mmcqd/1-116   [000] ...2   212.555694: sched_switch: prev_comm=mmcqd/1 prev_pid=116 prev_prio=120 prev_state=S ==> next_comm=app_process next_pid=2630 next_prio=120
            main-2630  [000] ...2   212.555699: sched_switch: prev_comm=app_process prev_pid=2630 prev_prio=120 prev_state=D|W ==> next_comm=swapper/0 next_pid=0 next_prio=120
          <idle>-0     [000] ...2   212.556216: sched_switch: prev_comm=swapper/0 prev_pid=0 prev_prio=120 prev_state=R ==> next_comm=mmcqd/1 next_pid=116 next_prio=120
         mmcqd/1-116   [000] ...1   212.556235: block_rq_complete: 179,0 RA () 1187608 + 64 [0]
         mmcqd/1-116   [000] ...2   212.556252: sched_switch: prev_comm=mmcqd/1 prev_pid=116 prev_prio=120 prev_state=R+ ==> next_comm=kworker/0:1H next_pid=17 next_prio=100
    kworker/0:1H-17    [000] ...2   212.556258: sched_switch: prev_comm=kworker/0:1H prev_pid=17 prev_prio=100 prev_state=S ==> next_comm=mmcqd/1 next_pid=116 next_prio=120
         mmcqd/1-116   [000] ...2   212.556266: sched_switch: prev_comm=mmcqd/1 prev_pid=116 prev_prio=120 prev_state=S ==> next_comm=app_process next_pid=2630 next_prio=120
            main-2630  [000] d..2   212.556443: block_rq_insert: 179,0 R 0 () 1196504 + 8 [app_process]
            main-2630  [000] ...2   212.556452: sched_switch: prev_comm=app_process prev_pid=2630 prev_prio=120 prev_state=R+ ==> next_comm=mmcqd/1 next_pid=116 next_prio=120
         mmcqd/1-116   [000] ...2   212.556485: sched_switch: prev_comm=mmcqd/1 prev_pid=116 prev_prio=120 prev_state=S ==> next_comm=app_process next_pid=2630 next_prio=120
            main-2630  [000] ...2   212.556490: sched_switch: prev_comm=app_process prev_pid=2630 prev_prio=120 prev_state=D|W ==> next_comm=swapper/0 next_pid=0 next_prio=120
          <idle>-0     [000] ...2   212.556722: sched_switch: prev_comm=swapper/0 prev_pid=0 prev_prio=120 prev_state=R ==> next_comm=mmcqd/1 next_pid=116 next_prio=120
         mmcqd/1-116   [000] ...1   212.556731: block_rq_complete: 179,0 RA () 1196504 + 8 [0]
         mmcqd/1-116   [000] ...2   212.556745: sched_switch: prev_comm=mmcqd/1 prev_pid=116 prev_prio=120 prev_state=R+ ==> next_comm=kworker/0:1H next_pid=17 next_prio=100
    kworker/0:1H-17    [000] ...2   212.556752: sched_switch: prev_comm=kworker/0:1H prev_pid=17 prev_prio=100 prev_state=S ==> next_comm=mmcqd/1 next_pid=116 next_prio=120
         mmcqd/1-116   [000] ...2   212.556759: sched_switch: prev_comm=mmcqd/1 prev_pid=116 prev_prio=120 prev_state=S ==> next_comm=app_process next_pid=2630 next_prio=120
            main-2630  [000] d..2   212.556860: block_rq_insert: 179,0 R 0 () 1210352 + 8 [app_process]
            main-2630  [000] d..2   212.556863: block_rq_insert: 179,0 R 0 () 1210368 + 8 [app_process]
            main-2630  [000] ...2   212.556871: sched_switch: prev_comm=app_process prev_pid=2630 prev_prio=120 prev_state=R+ ==> next_comm=mmcqd/1 next_pid=116 next_prio=120
         mmcqd/1-116   [000] ...2   212.556910: sched_switch: prev_comm=mmcqd/1 prev_pid=116 prev_prio=120 prev_state=S ==> next_comm=app_process next_pid=2630 next_prio=120
            main-2630  [000] ...2   212.556916: sched_switch: prev_comm=app_process prev_pid=2630 prev_prio=120 prev_state=D|W ==> next_comm=swapper/0 next_pid=0 next_prio=120
          <idle>-0     [000] ...2   212.557136: sched_switch: prev_comm=swapper/0 prev_pid=0 prev_prio=120 prev_state=R ==> next_comm=mmcqd/1 next_pid=116 next_prio=120
         mmcqd/1-116   [000] ...1   212.557159: block_rq_complete: 179,0 RA () 1210352 + 8 [0]
         mmcqd/1-116   [000] ...2   212.557170: sched_switch: prev_comm=mmcqd/1 prev_pid=116 prev_prio=120 prev_state=S ==> next_comm=swapper/0 next_pid=0 next_prio=120
          <idle>-0     [000] ...2   212.557409: sched_switch: prev_comm=swapper/0 prev_pid=0 prev_prio=120 prev_state=R ==> next_comm=mmcqd/1 next_pid=116 next_prio=120
         mmcqd/1-116   [000] ...1   212.557418: block_rq_complete: 179,0 RA () 1210368 + 8 [0]
         mmcqd/1-116   [000] ...2   212.557432: sched_switch: prev_comm=mmcqd/1 prev_pid=116 prev_prio=120 prev_state=R+ ==> next_comm=kworker/0:1H next_pid=17 next_prio=100
    kworker/0:1H-17    [000] ...2   212.557438: sched_switch: prev_comm=kworker/0:1H prev_pid=17 prev_prio=100 prev_state=S ==> next_comm=mmcqd/1 next_pid=116 next_prio=120
         mmcqd/1-116   [000] ...2   212.557446: sched_switch: prev_comm=mmcqd/1 prev_pid=116 prev_prio=120 prev_state=S ==> next_comm=app_process next_pid=2630 next_prio=120
            main-2630  [000] d..2   212.557686: block_rq_insert: 179,0 R 0 () 1261264 + 16 [app_process]
            main-2630  [000] ...2   212.557695: sched_switch: prev_comm=app_process prev_pid=2630 prev_prio=120 prev_state=R+ ==> next_comm=mmcqd/1 next_pid=116 next_prio=120
         mmcqd/1-116   [000] ...2   212.557731: sched_switch: prev_comm=mmcqd/1 prev_pid=116 prev_prio=120 prev_state=S ==> next_comm=app_process next_pid=2630 next_prio=120
            main-2630  [000] ...2   212.557738: sched_switch: prev_comm=app_process prev_pid=2630 prev_prio=120 prev_state=D|W ==> next_comm=swapper/0 next_pid=0 next_prio=120
          <idle>-0     [000] ...2   212.558003: sched_switch: prev_comm=swapper/0 prev_pid=0 prev_prio=120 prev_state=R ==> next_comm=mmcqd/1 next_pid=116 next_prio=120
         mmcqd/1-116   [000] ...1   212.558013: block_rq_complete: 179,0 RA () 1261264 + 16 [0]
         mmcqd/1-116   [000] ...2   212.558028: sched_switch: prev_comm=mmcqd/1 prev_pid=116 prev_prio=120 prev_state=R+ ==> next_comm=kworker/0:1H next_pid=17 next_prio=100
    kworker/0:1H-17    [000] ...2   212.558035: sched_switch: prev_comm=kworker/0:1H prev_pid=17 prev_prio=100 prev_state=S ==> next_comm=mmcqd/1 next_pid=116 next_prio=120
         mmcqd/1-116   [000] ...2   212.558042: sched_switch: prev_comm=mmcqd/1 prev_pid=116 prev_prio=120 prev_state=S ==> next_comm=app_process next_pid=2630 next_prio=120
            main-2630  [000] d..2   212.558165: block_rq_insert: 179,0 R 0 () 875136 + 48 [app_process]
            main-2630  [000] d..2   212.558167: block_rq_insert: 179,0 R 0 () 875192 + 80 [app_process]
            main-2630  [000] ...2   212.558175: sched_switch: prev_comm=app_process prev_pid=2630 prev_prio=120 prev_state=R+ ==> next_comm=mmcqd/1 next_pid=116 next_prio=120
         mmcqd/1-116   [000] ...2   212.558239: sched_switch: prev_comm=mmcqd/1 prev_pid=116 prev_prio=120 prev_state=S ==> next_comm=app_process next_pid=2630 next_prio=120
            main-2630  [000] ...2   212.558244: sched_switch: prev_comm=app_process prev_pid=2630 prev_prio=120 prev_state=D|W ==> next_comm=swapper/0 next_pid=0 next_prio=120
          <idle>-0     [000] ...2   212.558640: sched_switch: prev_comm=swapper/0 prev_pid=0 prev_prio=120 prev_state=R ==> next_comm=mmcqd/1 next_pid=116 next_prio=120
         mmcqd/1-116   [000] ...1   212.558671: block_rq_complete: 179,0 RA () 875136 + 48 [0]
         mmcqd/1-116   [000] ...2   212.558683: sched_switch: prev_comm=mmcqd/1 prev_pid=116 prev_prio=120 prev_state=S ==> next_comm=swapper/0 next_pid=0 next_prio=120
          <idle>-0     [000] ...2   212.558913: sched_switch: prev_comm=swapper/0 prev_pid=0 prev_prio=120 prev_state=R ==> next_comm=kworker/u:4 next_pid=210 next_prio=120
     kworker/u:4-210   [000] ...2   212.558927: sched_switch: prev_comm=kworker/u:4 prev_pid=210 prev_prio=120 prev_state=S ==> next_comm=ksoftirqd/0 next_pid=3 next_prio=120
     ksoftirqd/0-3     [000] ...2   212.558933: sched_switch: prev_comm=ksoftirqd/0 prev_pid=3 prev_prio=120 prev_state=S ==> next_comm=mpdecision next_pid=1527 next_prio=113
      mpdecision-1527  [000] ...2   212.559150: sched_switch: prev_comm=mpdecision prev_pid=1527 prev_prio=113 prev_state=R+ ==> next_comm=kthreadd next_pid=2 next_prio=98
        kthreadd-2     [000] ...2   212.559181: sched_switch: prev_comm=kthreadd prev_pid=2 prev_prio=98 prev_state=S ==> next_comm=kthreadd next_pid=2631 next_prio=98
     migration/1-2631  [000] ...2   212.559187: sched_switch: prev_comm=kthreadd prev_pid=2631 prev_prio=98 prev_state=D ==> next_comm=mpdecision next_pid=1527 next_prio=113
      mpdecision-1527  [000] ...2   212.559205: sched_switch: prev_comm=mpdecision prev_pid=1527 prev_prio=113 prev_state=R+ ==> next_comm=kthreadd next_pid=2 next_prio=98
        kthreadd-2     [000] ...2   212.559224: sched_switch: prev_comm=kthreadd prev_pid=2 prev_prio=98 prev_state=S ==> next_comm=kthreadd next_pid=2632 next_prio=98
     kworker/1:0-2632  [000] ...2   212.559230: sched_switch: prev_comm=kthreadd prev_pid=2632 prev_prio=98 prev_state=D ==> next_comm=mpdecision next_pid=1527 next_prio=113
      mpdecision-1527  [000] ...2   212.559241: sched_switch: prev_comm=mpdecision prev_pid=1527 prev_prio=113 prev_state=R+ ==> next_comm=kthreadd next_pid=2 next_prio=98
        kthreadd-2     [000] ...2   212.559261: sched_switch: prev_comm=kthreadd prev_pid=2 prev_prio=98 prev_state=S ==> next_comm=kthreadd next_pid=2633 next_prio=98
    kworker/1:0H-2633  [000] ...2   212.559266: sched_switch: prev_comm=kthreadd prev_pid=2633 prev_prio=98 prev_state=D ==> next_comm=mpdecision next_pid=1527 next_prio=113
      mpdecision-1527  [000] ...2   212.559289: sched_switch: prev_comm=mpdecision prev_pid=1527 prev_prio=113 prev_state=R+ ==> next_comm=kthreadd next_pid=2 next_prio=98
        kthreadd-2     [000] ...2   212.559308: sched_switch: prev_comm=kthreadd prev_pid=2 prev_prio=98 prev_state=S ==> next_comm=kthreadd next_pid=2634 next_prio=98
     ksoftirqd/1-2634  [000] ...2   212.559314: sched_switch: prev_comm=kthreadd prev_pid=2634 prev_prio=98 prev_state=D ==> next_comm=mpdecision next_pid=1527 next_prio=113
      mpdecision-1527  [000] ...2   212.559870: sched_switch: prev_comm=mpdecision prev_pid=1527 prev_prio=113 prev_state=D ==> next_comm=mmcqd/1 next_pid=116 next_prio=120
         mmcqd/1-116   [000] ...1   212.559911: block_rq_complete: 179,0 RA () 875192 + 80 [0]
         mmcqd/1-116   [000] ...2   212.559951: sched_switch: prev_comm=mmcqd/1 prev_pid=116 prev_prio=120 prev_state=R+ ==> next_comm=kworker/0:1H next_pid=17 next_prio=100
    kworker/0:1H-17    [000] ...2   212.559960: sched_switch: prev_comm=kworker/0:1H prev_pid=17 prev_prio=100 prev_state=S ==> next_comm=mpdecision next_pid=1527 next_prio=113
          <idle>-0     [001] ...2   212.560087: sched_switch: prev_comm=swapper/1 prev_pid=0 prev_prio=120 prev_state=R ==> next_comm=migration/1 next_pid=2631 next_prio=0
      mpdecision-1527  [000] ...2   212.560110: sched_switch: prev_comm=mpdecision prev_pid=1527 prev_prio=113 prev_state=R+ ==> next_comm=mmcqd/1 next_pid=116 next_prio=120
     migration/1-2631  [001] ...2   212.560116: sched_switch: prev_comm=migration/1 prev_pid=2631 prev_prio=0 prev_state=S ==> next_comm=kworker/1:0 next_pid=2632 next_prio=120
         mmcqd/1-116   [000] ...2   212.560123: sched_switch: prev_comm=mmcqd/1 prev_pid=116 prev_prio=120 prev_state=S ==> next_comm=mpdecision next_pid=1527 next_prio=113
     kworker/1:0-2632  [001] ...2   212.560146: sched_switch: prev_comm=kworker/1:0 prev_pid=2632 prev_prio=120 prev_state=S ==> next_comm=kworker/1:0H next_pid=2633 next_prio=100
    kworker/1:0H-2633  [001] ...2   212.560173: sched_switch: prev_comm=kworker/1:0H prev_pid=2633 prev_prio=100 prev_state=S ==> next_comm=ksoftirqd/1 next_pid=2634 next_prio=120
     ksoftirqd/1-2634  [001] ...2   212.560239: sched_switch: prev_comm=ksoftirqd/1 prev_pid=2634 prev_prio=120 prev_state=S ==> next_comm=app_process next_pid=2630 next_prio=120
      mpdecision-1527  [000] ...2   212.560820: sched_switch: prev_comm=mpdecision prev_pid=1527 prev_prio=113 prev_state=S ==> next_comm=bridgemgrd next_pid=1891 next_prio=120
      bridgemgrd-1891  [000] ...2   212.560867: sched_switch: prev_comm=bridgemgrd prev_pid=1891 prev_prio=120 prev_state=S ==> next_comm=mpdecision next_pid=1517 next_prio=113
      mpdecision-1517  [000] ...2   212.560892: sched_switch: prev_comm=mpdecision prev_pid=1517 prev_prio=113 prev_state=S ==> next_comm=UEventObserver next_pid=785 next_prio=120
  UEventObserver-785   [000] ...2   212.560918: sched_switch: prev_comm=UEventObserver prev_pid=785 prev_prio=120 prev_state=S ==> next_comm=system_server next_pid=773 next_prio=118
   system_server-773   [000] ...2   212.560934: sched_switch: prev_comm=system_server prev_pid=773 prev_prio=118 prev_state=S ==> next_comm=netd next_pid=495 next_prio=120
            netd-495   [000] ...2   212.560975: sched_switch: prev_comm=netd prev_pid=495 prev_prio=120 prev_state=S ==> next_comm=healthd next_pid=166 next_prio=120
         healthd-166   [000] ...2   212.561000: sched_switch: prev_comm=healthd prev_pid=166 prev_prio=120 prev_state=S ==> next_comm=hwcUeventThread next_pid=294 next_prio=112
 hwcUeventThread-294   [000] ...2   212.561019: sched_switch: prev_comm=hwcUeventThread prev_pid=294 prev_prio=112 prev_state=S ==> next_comm=vold next_pid=225 next_prio=120
            vold-225   [000] ...2   212.561053: sched_switch: prev_comm=vold prev_pid=225 prev_prio=120 prev_state=S ==> next_comm=ueventd next_pid=127 next_prio=120
            main-2630  [001] d..2   212.561062: block_rq_insert: 179,0 R 0 () 875280 + 16 [app_process]
            main-2630  [001] ...2   212.561113: sched_switch: prev_comm=app_process prev_pid=2630 prev_prio=120 prev_state=R+ ==> next_comm=mmcqd/1 next_pid=116 next_prio=120
         mmcqd/1-116   [001] ...2   212.561274: sched_switch: prev_comm=mmcqd/1 prev_pid=116 prev_prio=120 prev_state=S ==> next_comm=app_process next_pid=2630 next_prio=120
            main-2630  [001] ...2   212.561333: sched_switch: prev_comm=app_process prev_pid=2630 prev_prio=120 prev_state=D|W ==> next_comm=bridgemgrd next_pid=525 next_prio=120
      bridgemgrd-525   [001] ...2   212.561408: sched_switch: prev_comm=bridgemgrd prev_pid=525 prev_prio=120 prev_state=S ==> next_comm=swapper/1 next_pid=0 next_prio=120
          <idle>-0     [001] ...2   212.561450: sched_switch: prev_comm=swapper/1 prev_pid=0 prev_prio=120 prev_state=R ==> next_comm=ksoftirqd/1 next_pid=2634 next_prio=120
     ksoftirqd/1-2634  [001] ...2   212.561490: sched_switch: prev_comm=ksoftirqd/1 prev_pid=2634 prev_prio=120 prev_state=S ==> next_comm=swapper/1 next_pid=0 next_prio=120
          <idle>-0     [001] ...2   212.561535: sched_switch: prev_comm=swapper/1 prev_pid=0 prev_prio=120 prev_state=R ==> next_comm=ksoftirqd/1 next_pid=2634 next_prio=120
     ksoftirqd/1-2634  [001] ...2   212.561564: sched_switch: prev_comm=ksoftirqd/1 prev_pid=2634 prev_prio=120 prev_state=S ==> next_comm=mmcqd/1 next_pid=116 next_prio=120
         mmcqd/1-116   [001] ...1   212.561617: block_rq_complete: 179,0 RA () 875280 + 16 [0]
         mmcqd/1-116   [001] ...2   212.561694: sched_switch: prev_comm=mmcqd/1 prev_pid=116 prev_prio=120 prev_state=R+ ==> next_comm=kworker/1:0H next_pid=2633 next_prio=100
         ueventd-127   [000] ...2   212.561738: sched_switch: prev_comm=ueventd prev_pid=127 prev_prio=120 prev_state=R+ ==> next_comm=kthreadd next_pid=2 next_prio=98
    kworker/1:0H-2633  [001] ...2   212.561752: sched_switch: prev_comm=kworker/1:0H prev_pid=2633 prev_prio=100 prev_state=D ==> next_comm=mmcqd/1 next_pid=116 next_prio=120
        kthreadd-2     [000] ...2   212.561771: sched_switch: prev_comm=kthreadd prev_pid=2 prev_prio=98 prev_state=S ==> next_comm=ueventd next_pid=127 next_prio=120
         mmcqd/1-116   [001] ...2   212.561780: sched_switch: prev_comm=mmcqd/1 prev_pid=116 prev_prio=120 prev_state=R+ ==> next_comm=kthreadd next_pid=2635 next_prio=98
    kworker/1:1H-2635  [001] ...2   212.561823: sched_switch: prev_comm=kthreadd prev_pid=2635 prev_prio=98 prev_state=D ==> next_comm=kworker/1:0H next_pid=2633 next_prio=100
    kworker/1:0H-2633  [001] ...2   212.561892: sched_switch: prev_comm=kworker/1:0H prev_pid=2633 prev_prio=100 prev_state=S ==> next_comm=kworker/1:1H next_pid=2635 next_prio=100
    kworker/1:1H-2635  [001] ...2   212.561915: sched_switch: prev_comm=kworker/1:1H prev_pid=2635 prev_prio=100 prev_state=S ==> next_comm=mmcqd/1 next_pid=116 next_prio=120
         mmcqd/1-116   [001] ...2   212.561950: sched_switch: prev_comm=mmcqd/1 prev_pid=116 prev_prio=120 prev_state=S ==> next_comm=app_process next_pid=2630 next_prio=120
            main-2630  [001] d..2   212.562442: block_rq_insert: 179,0 R 0 () 876648 + 8 [app_process]
            main-2630  [001] ...2   212.562484: sched_switch: prev_comm=app_process prev_pid=2630 prev_prio=120 prev_state=R+ ==> next_comm=mmcqd/1 next_pid=116 next_prio=120
         mmcqd/1-116   [001] ...2   212.562616: sched_switch: prev_comm=mmcqd/1 prev_pid=116 prev_prio=120 prev_state=S ==> next_comm=app_process next_pid=2630 next_prio=120
            main-2630  [001] ...2   212.562648: sched_switch: prev_comm=app_process prev_pid=2630 prev_prio=120 prev_state=D|W ==> next_comm=swapper/1 next_pid=0 next_prio=120
          <idle>-0     [001] ...2   212.562690: sched_switch: prev_comm=swapper/1 prev_pid=0 prev_prio=120 prev_state=R ==> next_comm=ksoftirqd/1 next_pid=2634 next_prio=120
     ksoftirqd/1-2634  [001] ...2   212.562723: sched_switch: prev_comm=ksoftirqd/1 prev_pid=2634 prev_prio=120 prev_state=S ==> next_comm=swapper/1 next_pid=0 next_prio=120
          <idle>-0     [001] ...2   212.562870: sched_switch: prev_comm=swapper/1 prev_pid=0 prev_prio=120 prev_state=R ==> next_comm=mmcqd/1 next_pid=116 next_prio=120
         mmcqd/1-116   [001] ...1   212.562914: block_rq_complete: 179,0 RA () 876648 + 8 [0]
         mmcqd/1-116   [001] ...2   212.562985: sched_switch: prev_comm=mmcqd/1 prev_pid=116 prev_prio=120 prev_state=R+ ==> next_comm=kworker/1:1H next_pid=2635 next_prio=100
    kworker/1:1H-2635  [001] ...2   212.563015: sched_switch: prev_comm=kworker/1:1H prev_pid=2635 prev_prio=100 prev_state=S ==> next_comm=mmcqd/1 next_pid=116 next_prio=120
         mmcqd/1-116   [001] ...2   212.563054: sched_switch: prev_comm=mmcqd/1 prev_pid=116 prev_prio=120 prev_state=S ==> next_comm=app_process next_pid=2630 next_prio=120
            main-2630  [001] d..2   212.563539: block_rq_insert: 179,0 R 0 () 876728 + 8 [app_process]
            main-2630  [001] ...2   212.563581: sched_switch: prev_comm=app_process prev_pid=2630 prev_prio=120 prev_state=R+ ==> next_comm=mmcqd/1 next_pid=116 next_prio=120
         mmcqd/1-116   [001] ...2   212.563709: sched_switch: prev_comm=mmcqd/1 prev_pid=116 prev_prio=120 prev_state=S ==> next_comm=app_process next_pid=2630 next_prio=120
            main-2630  [001] ...2   212.563740: sched_switch: prev_comm=app_process prev_pid=2630 prev_prio=120 prev_state=D|W ==> next_comm=swapper/1 next_pid=0 next_prio=120
          <idle>-0     [001] ...2   212.563951: sched_switch: prev_comm=swapper/1 prev_pid=0 prev_prio=120 prev_state=R ==> next_comm=mmcqd/1 next_pid=116 next_prio=120
         mmcqd/1-116   [001] ...1   212.563994: block_rq_complete: 179,0 RA () 876728 + 8 [0]
         mmcqd/1-116   [001] ...2   212.564063: sched_switch: prev_comm=mmcqd/1 prev_pid=116 prev_prio=120 prev_state=R+ ==> next_comm=kworker/1:1H next_pid=2635 next_prio=100
    kworker/1:1H-2635  [001] ...2   212.564091: sched_switch: prev_comm=kworker/1:1H prev_pid=2635 prev_prio=100 prev_state=S ==> next_comm=mmcqd/1 next_pid=116 next_prio=120
         mmcqd/1-116   [001] ...2   212.564129: sched_switch: prev_comm=mmcqd/1 prev_pid=116 prev_prio=120 prev_state=S ==> next_comm=app_process next_pid=2630 next_prio=120
            main-2630  [001] d..2   212.564674: block_rq_insert: 179,0 R 0 () 1172824 + 16 [app_process]
            main-2630  [001] ...2   212.564716: sched_switch: prev_comm=app_process prev_pid=2630 prev_prio=120 prev_state=R+ ==> next_comm=mmcqd/1 next_pid=116 next_prio=120
         mmcqd/1-116   [001] ...2   212.564852: sched_switch: prev_comm=mmcqd/1 prev_pid=116 prev_prio=120 prev_state=S ==> next_comm=app_process next_pid=2630 next_prio=120
            main-2630  [001] ...2   212.564882: sched_switch: prev_comm=app_process prev_pid=2630 prev_prio=120 prev_state=D|W ==> next_comm=swapper/1 next_pid=0 next_prio=120
          <idle>-0     [001] ...2   212.565189: sched_switch: prev_comm=swapper/1 prev_pid=0 prev_prio=120 prev_state=R ==> next_comm=mmcqd/1 next_pid=116 next_prio=120
         mmcqd/1-116   [001] ...1   212.565239: block_rq_complete: 179,0 RA () 1172824 + 16 [0]
         mmcqd/1-116   [001] ...2   212.565308: sched_switch: prev_comm=mmcqd/1 prev_pid=116 prev_prio=120 prev_state=R+ ==> next_comm=kworker/1:1H next_pid=2635 next_prio=100
    kworker/1:1H-2635  [001] ...2   212.565337: sched_switch: prev_comm=kworker/1:1H prev_pid=2635 prev_prio=100 prev_state=S ==> next_comm=mmcqd/1 next_pid=116 next_prio=120
         mmcqd/1-116   [001] ...2   212.565374: sched_switch: prev_comm=mmcqd/1 prev_pid=116 prev_prio=120 prev_state=S ==> next_comm=app_process next_pid=2630 next_prio=120
            main-2630  [001] d..2   212.565860: block_rq_insert: 179,0 R 0 () 1186368 + 24 [app_process]
            main-2630  [001] ...2   212.565900: sched_switch: prev_comm=app_process prev_pid=2630 prev_prio=120 prev_state=R+ ==> next_comm=mmcqd/1 next_pid=116 next_prio=120
         mmcqd/1-116   [001] ...2   212.566044: sched_switch: prev_comm=mmcqd/1 prev_pid=116 prev_prio=120 prev_state=S ==> next_comm=app_process next_pid=2630 next_prio=120
            main-2630  [001] ...2   212.566075: sched_switch: prev_comm=app_process prev_pid=2630 prev_prio=120 prev_state=D|W ==> next_comm=swapper/1 next_pid=0 next_prio=120
          <idle>-0     [001] ...2   212.566362: sched_switch: prev_comm=swapper/1 prev_pid=0 prev_prio=120 prev_state=R ==> next_comm=mmcqd/1 next_pid=116 next_prio=120
         mmcqd/1-116   [001] ...1   212.566420: block_rq_complete: 179,0 RA () 1186368 + 24 [0]
         mmcqd/1-116   [001] ...2   212.566490: sched_switch: prev_comm=mmcqd/1 prev_pid=116 prev_prio=120 prev_state=R+ ==> next_comm=kworker/1:1H next_pid=2635 next_prio=100
    kworker/1:1H-2635  [001] ...2   212.566519: sched_switch: prev_comm=kworker/1:1H prev_pid=2635 prev_prio=100 prev_state=S ==> next_comm=mmcqd/1 next_pid=116 next_prio=120
         mmcqd/1-116   [001] ...2   212.566556: sched_switch: prev_comm=mmcqd/1 prev_pid=116 prev_prio=120 prev_state=S ==> next_comm=app_process next_pid=2630 next_prio=120
            main-2630  [001] d..2   212.567141: block_rq_insert: 179,0 R 0 () 1190912 + 16 [app_process]
            main-2630  [001] d..2   212.567154: block_rq_insert: 179,0 R 0 () 1190960 + 88 [app_process]
            main-2630  [001] ...2   212.567193: sched_switch: prev_comm=app_process prev_pid=2630 prev_prio=120 prev_state=R+ ==> next_comm=mmcqd/1 next_pid=116 next_prio=120
         mmcqd/1-116   [001] ...2   212.567443: sched_switch: prev_comm=mmcqd/1 prev_pid=116 prev_prio=120 prev_state=S ==> next_comm=app_process next_pid=2630 next_prio=120
            main-2630  [001] ...2   212.567466: sched_switch: prev_comm=app_process prev_pid=2630 prev_prio=120 prev_state=D|W ==> next_comm=swapper/1 next_pid=0 next_prio=120
          <idle>-0     [001] ...2   212.567597: sched_switch: prev_comm=swapper/1 prev_pid=0 prev_prio=120 prev_state=R ==> next_comm=mmcqd/1 next_pid=116 next_prio=120
         mmcqd/1-116   [001] ...1   212.567690: block_rq_complete: 179,0 RA () 1190912 + 16 [0]
         ueventd-127   [000] ...2   212.567720: sched_switch: prev_comm=ueventd prev_pid=127 prev_prio=120 prev_state=S ==> next_comm=swapper/0 next_pid=0 next_prio=120
         mmcqd/1-116   [001] ...2   212.567741: sched_switch: prev_comm=mmcqd/1 prev_pid=116 prev_prio=120 prev_state=S ==> next_comm=swapper/1 next_pid=0 next_prio=120
          <idle>-0     [000] ...2   212.567742: sched_switch: prev_comm=swapper/0 prev_pid=0 prev_prio=120 prev_state=R ==> next_comm=ksoftirqd/0 next_pid=3 next_prio=120
     ksoftirqd/0-3     [000] ...2   212.567755: sched_switch: prev_comm=ksoftirqd/0 prev_pid=3 prev_prio=120 prev_state=S ==> next_comm=swapper/0 next_pid=0 next_prio=120
          <idle>-0     [000] ...2   212.567773: sched_switch: prev_comm=swapper/0 prev_pid=0 prev_prio=120 prev_state=R ==> next_comm=ksoftirqd/0 next_pid=3 next_prio=120
     ksoftirqd/0-3     [000] ...2   212.567780: sched_switch: prev_comm=ksoftirqd/0 prev_pid=3 prev_prio=120 prev_state=S ==> next_comm=swapper/0 next_pid=0 next_prio=120
          <idle>-0     [000] ...2   212.567801: sched_switch: prev_comm=swapper/0 prev_pid=0 prev_prio=120 prev_state=R ==> next_comm=ksoftirqd/0 next_pid=3 next_prio=120
     ksoftirqd/0-3     [000] ...2   212.567865: sched_switch: prev_comm=ksoftirqd/0 prev_pid=3 prev_prio=120 prev_state=S ==> next_comm=swapper/0 next_pid=0 next_prio=120
          <idle>-0     [000] ...2   212.568327: sched_switch: prev_comm=swapper/0 prev_pid=0 prev_prio=120 prev_state=R ==> next_comm=mmcqd/1 next_pid=116 next_prio=120
         mmcqd/1-116   [000] ...1   212.568365: block_rq_complete: 179,0 RA () 1190960 + 88 [0]
         mmcqd/1-116   [000] ...2   212.568388: sched_switch: prev_comm=mmcqd/1 prev_pid=116 prev_prio=120 prev_state=R+ ==> next_comm=kworker/0:1H next_pid=17 next_prio=100
    kworker/0:1H-17    [000] ...2   212.568395: sched_switch: prev_comm=kworker/0:1H prev_pid=17 prev_prio=100 prev_state=S ==> next_comm=mmcqd/1 next_pid=116 next_prio=120
