          <idle>-0     [000] ...2  1208.727675: sched_switch: prev_comm=swapper/0 prev_pid=0 prev_prio=120 prev_state=R ==> next_comm=main next_pid=7043 next_prio=120
            main-7032  [001] ...2  1208.727695: sched_switch: prev_comm=main prev_pid=7032 prev_prio=120 prev_state=D ==> next_comm=swapper/1 next_pid=0 next_prio=120
          <idle>-0     [001] ...2  1208.727712: sched_switch: prev_comm=swapper/1 prev_pid=0 prev_prio=120 prev_state=R ==> next_comm=ksoftirqd/1 next_pid=7028 next_prio=120
     ksoftirqd/1-7028  [001] ...2  1208.727721: sched_switch: prev_comm=ksoftirqd/1 prev_pid=7028 prev_prio=120 prev_state=S ==> next_comm=main next_pid=7032 next_prio=120
            main-7032  [001] d..2  1208.727948: block_rq_insert: 179,0 R 0 () 4008840 + 8 [main]
            main-7032  [001] d..2  1208.727953: block_rq_insert: 179,0 R 0 () 4008920 + 48 [main]
        Binder_1-7043  [000] ...2  1208.727965: sched_switch: prev_comm=Binder_1 prev_pid=7043 prev_prio=120 prev_state=R+ ==> next_comm=mmcqd/1 next_pid=116 next_prio=120
            main-7032  [001] ...2  1208.727973: sched_switch: prev_comm=main prev_pid=7032 prev_prio=120 prev_state=D|W ==> next_comm=swapper/1 next_pid=0 next_prio=120
          <idle>-0     [001] ...2  1208.727990: sched_switch: prev_comm=swapper/1 prev_pid=0 prev_prio=120 prev_state=R ==> next_comm=ksoftirqd/1 next_pid=7028 next_prio=120
     ksoftirqd/1-7028  [001] ...2  1208.728001: sched_switch: prev_comm=ksoftirqd/1 prev_pid=7028 prev_prio=120 prev_state=S ==> next_comm=swapper/1 next_pid=0 next_prio=120
          <idle>-0     [001] ...2  1208.728014: sched_switch: prev_comm=swapper/1 prev_pid=0 prev_prio=120 prev_state=R ==> next_comm=ksoftirqd/1 next_pid=7028 next_prio=120
     ksoftirqd/1-7028  [001] ...2  1208.728025: sched_switch: prev_comm=ksoftirqd/1 prev_pid=7028 prev_prio=120 prev_state=S ==> next_comm=swapper/1 next_pid=0 next_prio=120
         mmcqd/1-116   [000] ...2  1208.728031: sched_switch: prev_comm=mmcqd/1 prev_pid=116 prev_prio=120 prev_state=S ==> next_comm=Binder_1 next_pid=7043 next_prio=120
        Binder_1-7043  [000] ...2  1208.728237: sched_switch: prev_comm=Binder_1 prev_pid=7043 prev_prio=120 prev_state=R+ ==> next_comm=mmcqd/1 next_pid=116 next_prio=120
         mmcqd/1-116   [000] ...1  1208.728263: block_rq_complete: 179,0 RA () 4008840 + 8 [0]
          <idle>-0     [001] ...2  1208.728278: sched_switch: prev_comm=swapper/1 prev_pid=0 prev_prio=120 prev_state=R ==> next_comm=main next_pid=7032 next_prio=120
         mmcqd/1-116   [000] ...2  1208.728283: sched_switch: prev_comm=mmcqd/1 prev_pid=116 prev_prio=120 prev_state=S ==> next_comm=Binder_1 next_pid=7043 next_prio=120
            main-7032  [001] ...2  1208.728414: sched_switch: prev_comm=main prev_pid=7032 prev_prio=120 prev_state=D ==> next_comm=swapper/1 next_pid=0 next_prio=120
          <idle>-0     [001] ...2  1208.728422: sched_switch: prev_comm=swapper/1 prev_pid=0 prev_prio=120 prev_state=R ==> next_comm=main next_pid=7032 next_prio=120
        Binder_1-7043  [000] ...2  1208.728424: sched_switch: prev_comm=Binder_1 prev_pid=7043 prev_prio=120 prev_state=D ==> next_comm=swapper/0 next_pid=0 next_prio=120
            main-7032  [001] ...2  1208.728441: sched_switch: prev_comm=main prev_pid=7032 prev_prio=120 prev_state=D ==> next_comm=swapper/1 next_pid=0 next_prio=120
          <idle>-0     [000] ...2  1208.728444: sched_switch: prev_comm=swapper/0 prev_pid=0 prev_prio=120 prev_state=R ==> next_comm=ksoftirqd/0 next_pid=3 next_prio=120
     ksoftirqd/0-3     [000] ...2  1208.728451: sched_switch: prev_comm=ksoftirqd/0 prev_pid=3 prev_prio=120 prev_state=S ==> next_comm=Binder_1 next_pid=7043 next_prio=120
          <idle>-0     [001] ...2  1208.728466: sched_switch: prev_comm=swapper/1 prev_pid=0 prev_prio=120 prev_state=R ==> next_comm=main next_pid=7032 next_prio=120
        Binder_1-7043  [000] ...2  1208.728501: sched_switch: prev_comm=Binder_1 prev_pid=7043 prev_prio=120 prev_state=S ==> next_comm=Binder_1 next_pid=7044 next_prio=120
            main-7032  [001] d..2  1208.728506: block_rq_insert: 179,0 R 0 () 4123736 + 8 [main]
            main-7032  [001] d..2  1208.728509: block_rq_insert: 179,0 R 0 () 4123816 + 32 [main]
        Binder_2-7044  [000] ...2  1208.728509: sched_switch: prev_comm=Binder_1 prev_pid=7044 prev_prio=120 prev_state=D ==> next_comm=swapper/0 next_pid=0 next_prio=120
            main-7032  [001] ...2  1208.728523: sched_switch: prev_comm=main prev_pid=7032 prev_prio=120 prev_state=D|W ==> next_comm=swapper/1 next_pid=0 next_prio=120
          <idle>-0     [000] ...2  1208.728528: sched_switch: prev_comm=swapper/0 prev_pid=0 prev_prio=120 prev_state=R ==> next_comm=mmcqd/1 next_pid=116 next_prio=120
         mmcqd/1-116   [000] ...2  1208.728544: sched_switch: prev_comm=mmcqd/1 prev_pid=116 prev_prio=120 prev_state=S ==> next_comm=ksoftirqd/0 next_pid=3 next_prio=120
     ksoftirqd/0-3     [000] ...2  1208.728550: sched_switch: prev_comm=ksoftirqd/0 prev_pid=3 prev_prio=120 prev_state=S ==> next_comm=Binder_1 next_pid=7044 next_prio=120
        Binder_2-7044  [000] ...2  1208.728820: sched_switch: prev_comm=Binder_2 prev_pid=7044 prev_prio=120 prev_state=R+ ==> next_comm=mmcqd/1 next_pid=116 next_prio=120
         mmcqd/1-116   [000] ...1  1208.728853: block_rq_complete: 179,0 RA () 4008920 + 48 [0]
          <idle>-0     [001] ...2  1208.728906: sched_switch: prev_comm=swapper/1 prev_pid=0 prev_prio=120 prev_state=R ==> next_comm=kworker/u:1 next_pid=4914 next_prio=120
         mmcqd/1-116   [000] ...2  1208.728912: sched_switch: prev_comm=mmcqd/1 prev_pid=116 prev_prio=120 prev_state=S ==> next_comm=Binder_2 next_pid=7044 next_prio=120
        Binder_2-7044  [000] ...2  1208.728916: sched_switch: prev_comm=Binder_2 prev_pid=7044 prev_prio=120 prev_state=R+ ==> next_comm=kworker/0:1H next_pid=17 next_prio=100
     kworker/u:1-4914  [001] ...2  1208.728924: sched_switch: prev_comm=kworker/u:1 prev_pid=4914 prev_prio=120 prev_state=S ==> next_comm=swapper/1 next_pid=0 next_prio=120
    kworker/0:1H-17    [000] ...2  1208.728930: sched_switch: prev_comm=kworker/0:1H prev_pid=17 prev_prio=100 prev_state=S ==> next_comm=mpdecision next_pid=1527 next_prio=113
      mpdecision-1527  [000] ...2  1208.729181: sched_switch: prev_comm=mpdecision prev_pid=1527 prev_prio=113 prev_state=S ==> next_comm=mmcqd/1 next_pid=116 next_prio=120
         mmcqd/1-116   [000] ...1  1208.729208: block_rq_complete: 179,0 RA () 4123736 + 8 [0]
         mmcqd/1-116   [000] ...2  1208.729220: sched_switch: prev_comm=mmcqd/1 prev_pid=116 prev_prio=120 prev_state=S ==> next_comm=Binder_2 next_pid=7044 next_prio=120
        Binder_2-7044  [000] ...2  1208.729448: sched_switch: prev_comm=Binder_2 prev_pid=7044 prev_prio=120 prev_state=S ==> next_comm=swapper/0 next_pid=0 next_prio=120
          <idle>-0     [000] ...2  1208.729467: sched_switch: prev_comm=swapper/0 prev_pid=0 prev_prio=120 prev_state=R ==> next_comm=ksoftirqd/0 next_pid=3 next_prio=120
     ksoftirqd/0-3     [000] ...2  1208.729480: sched_switch: prev_comm=ksoftirqd/0 prev_pid=3 prev_prio=120 prev_state=S ==> next_comm=swapper/0 next_pid=0 next_prio=120
          <idle>-0     [000] ...2  1208.729584: sched_switch: prev_comm=swapper/0 prev_pid=0 prev_prio=120 prev_state=R ==> next_comm=mmcqd/1 next_pid=116 next_prio=120
         mmcqd/1-116   [000] ...1  1208.729599: block_rq_complete: 179,0 RA () 4123816 + 32 [0]
          <idle>-0     [001] ...2  1208.729615: sched_switch: prev_comm=swapper/1 prev_pid=0 prev_prio=120 prev_state=R ==> next_comm=main next_pid=7032 next_prio=120
         mmcqd/1-116   [000] ...2  1208.729618: sched_switch: prev_comm=mmcqd/1 prev_pid=116 prev_prio=120 prev_state=R+ ==> next_comm=kworker/0:1H next_pid=17 next_prio=100
    kworker/0:1H-17    [000] ...2  1208.729625: sched_switch: prev_comm=kworker/0:1H prev_pid=17 prev_prio=100 prev_state=S ==> next_comm=mmcqd/1 next_pid=116 next_prio=120
         mmcqd/1-116   [000] ...2  1208.729637: sched_switch: prev_comm=mmcqd/1 prev_pid=116 prev_prio=120 prev_state=S ==> next_comm=swapper/0 next_pid=0 next_prio=120
            main-7032  [001] d..2  1208.729659: block_rq_insert: 179,0 R 0 () 4084528 + 24 [main]
            main-7032  [001] ...2  1208.729671: sched_switch: prev_comm=main prev_pid=7032 prev_prio=120 prev_state=D|W ==> next_comm=swapper/1 next_pid=0 next_prio=120
          <idle>-0     [000] ...2  1208.729672: sched_switch: prev_comm=swapper/0 prev_pid=0 prev_prio=120 prev_state=R ==> next_comm=mmcqd/1 next_pid=116 next_prio=120
         mmcqd/1-116   [000] ...2  1208.729714: sched_switch: prev_comm=mmcqd/1 prev_pid=116 prev_prio=120 prev_state=S ==> next_comm=swapper/0 next_pid=0 next_prio=120
          <idle>-0     [000] ...2  1208.730066: sched_switch: prev_comm=swapper/0 prev_pid=0 prev_prio=120 prev_state=R ==> next_comm=mmcqd/1 next_pid=116 next_prio=120
         mmcqd/1-116   [000] ...1  1208.730077: block_rq_complete: 179,0 RA () 4084528 + 24 [0]
          <idle>-0     [001] ...2  1208.730091: sched_switch: prev_comm=swapper/1 prev_pid=0 prev_prio=120 prev_state=R ==> next_comm=main next_pid=7032 next_prio=120
         mmcqd/1-116   [000] ...2  1208.730095: sched_switch: prev_comm=mmcqd/1 prev_pid=116 prev_prio=120 prev_state=R+ ==> next_comm=kworker/0:1H next_pid=17 next_prio=100
    kworker/0:1H-17    [000] ...2  1208.730101: sched_switch: prev_comm=kworker/0:1H prev_pid=17 prev_prio=100 prev_state=S ==> next_comm=mmcqd/1 next_pid=116 next_prio=120
         mmcqd/1-116   [000] ...2  1208.730111: sched_switch: prev_comm=mmcqd/1 prev_pid=116 prev_prio=120 prev_state=S ==> next_comm=swapper/0 next_pid=0 next_prio=120
          <idle>-0     [000] ...2  1208.730144: sched_switch: prev_comm=swapper/0 prev_pid=0 prev_prio=120 prev_state=R ==> next_comm=servicemanager next_pid=168 next_prio=120
            main-7032  [001] ...2  1208.730149: sched_switch: prev_comm=main prev_pid=7032 prev_prio=120 prev_state=S ==> next_comm=swapper/1 next_pid=0 next_prio=120
          <idle>-0     [001] ...2  1208.730172: sched_switch: prev_comm=swapper/1 prev_pid=0 prev_prio=120 prev_state=R ==> next_comm=main next_pid=7032 next_prio=120
  servicemanager-168   [000] ...2  1208.730174: sched_switch: prev_comm=servicemanager prev_pid=168 prev_prio=120 prev_state=S ==> next_comm=swapper/0 next_pid=0 next_prio=120
          <idle>-0     [000] ...2  1208.730328: sched_switch: prev_comm=swapper/0 prev_pid=0 prev_prio=120 prev_state=R ==> next_comm=servicemanager next_pid=168 next_prio=120
            main-7032  [001] ...2  1208.730331: sched_switch: prev_comm=main prev_pid=7032 prev_prio=120 prev_state=S ==> next_comm=swapper/1 next_pid=0 next_prio=120
          <idle>-0     [001] ...2  1208.730435: sched_switch: prev_comm=swapper/1 prev_pid=0 prev_prio=120 prev_state=R ==> next_comm=main next_pid=7032 next_prio=120
  servicemanager-168   [000] ...2  1208.730436: sched_switch: prev_comm=servicemanager prev_pid=168 prev_prio=120 prev_state=S ==> next_comm=swapper/0 next_pid=0 next_prio=120
            main-7032  [001] d..2  1208.730598: block_rq_insert: 179,0 R 0 () 4078736 + 8 [main]
            main-7032  [001] d..2  1208.730600: block_rq_insert: 179,0 R 0 () 4078752 + 8 [main]
            main-7032  [001] d..2  1208.730602: block_rq_insert: 179,0 R 0 () 4078784 + 8 [main]
            main-7032  [001] d..2  1208.730604: block_rq_insert: 179,0 R 0 () 4078824 + 8 [main]
            main-7032  [001] d..2  1208.730606: block_rq_insert: 179,0 R 0 () 4078840 + 24 [main]
            main-7032  [001] d..2  1208.730607: block_rq_insert: 179,0 R 0 () 4078888 + 32 [main]
            main-7032  [001] d..2  1208.730609: block_rq_insert: 179,0 R 0 () 4078952 + 16 [main]
            main-7032  [001] d..2  1208.730611: block_rq_insert: 179,0 R 0 () 4078976 + 8 [main]
          <idle>-0     [000] ...2  1208.730623: sched_switch: prev_comm=swapper/0 prev_pid=0 prev_prio=120 prev_state=R ==> next_comm=mmcqd/1 next_pid=116 next_prio=120
         mmcqd/1-116   [000] ...2  1208.730669: sched_switch: prev_comm=mmcqd/1 prev_pid=116 prev_prio=120 prev_state=S ==> next_comm=swapper/0 next_pid=0 next_prio=120
          <idle>-0     [000] ...2  1208.730877: sched_switch: prev_comm=swapper/0 prev_pid=0 prev_prio=120 prev_state=R ==> next_comm=mmcqd/1 next_pid=116 next_prio=120
         mmcqd/1-116   [000] ...1  1208.730902: block_rq_complete: 179,0 RA () 4078976 + 8 [0]
         mmcqd/1-116   [000] ...2  1208.730926: sched_switch: prev_comm=mmcqd/1 prev_pid=116 prev_prio=120 prev_state=S ==> next_comm=swapper/0 next_pid=0 next_prio=120
            main-7032  [001] ...2  1208.731091: sched_switch: prev_comm=main prev_pid=7032 prev_prio=120 prev_state=R+ ==> next_comm=kworker/1:1 next_pid=7029 next_prio=120
     kworker/1:1-7029  [001] ...2  1208.731106: sched_switch: prev_comm=kworker/1:1 prev_pid=7029 prev_prio=120 prev_state=S ==> next_comm=adbd next_pid=778 next_prio=120
          <idle>-0     [000] ...2  1208.731204: sched_switch: prev_comm=swapper/0 prev_pid=0 prev_prio=120 prev_state=R ==> next_comm=mmcqd/1 next_pid=116 next_prio=120
         mmcqd/1-116   [000] ...1  1208.731230: block_rq_complete: 179,0 RA () 4078952 + 16 [0]
           <...>-778   [001] ...2  1208.731235: sched_switch: prev_comm=adbd prev_pid=778 prev_prio=120 prev_state=S ==> next_comm=main next_pid=7032 next_prio=120
         mmcqd/1-116   [000] ...2  1208.731253: sched_switch: prev_comm=mmcqd/1 prev_pid=116 prev_prio=120 prev_state=S ==> next_comm=adbd next_pid=780 next_prio=120
            main-7032  [001] ...2  1208.731275: sched_switch: prev_comm=main prev_pid=7032 prev_prio=120 prev_state=R+ ==> next_comm=kworker/1:1 next_pid=7029 next_prio=120
     kworker/1:1-7029  [001] ...2  1208.731283: sched_switch: prev_comm=kworker/1:1 prev_pid=7029 prev_prio=120 prev_state=S ==> next_comm=main next_pid=7032 next_prio=120
            adbd-780   [000] ...2  1208.731317: sched_switch: prev_comm=adbd prev_pid=780 prev_prio=120 prev_state=S ==> next_comm=swapper/0 next_pid=0 next_prio=120
            main-7032  [001] d..2  1208.731467: block_rq_insert: 179,0 R 0 () 4052264 + 8 [main]
            main-7032  [001] d..2  1208.731470: block_rq_insert: 179,0 R 0 () 4052304 + 8 [main]
            main-7032  [001] d..2  1208.731472: block_rq_insert: 179,0 R 0 () 4052400 + 32 [main]
            main-7032  [001] ...2  1208.731480: sched_switch: prev_comm=main prev_pid=7032 prev_prio=120 prev_state=D|W ==> next_comm=swapper/1 next_pid=0 next_prio=120
          <idle>-0     [000] ...2  1208.731632: sched_switch: prev_comm=swapper/0 prev_pid=0 prev_prio=120 prev_state=R ==> next_comm=mmcqd/1 next_pid=116 next_prio=120
         mmcqd/1-116   [000] ...1  1208.731662: block_rq_complete: 179,0 RA () 4078888 + 32 [0]
         mmcqd/1-116   [000] ...2  1208.731682: sched_switch: prev_comm=mmcqd/1 prev_pid=116 prev_prio=120 prev_state=S ==> next_comm=swapper/0 next_pid=0 next_prio=120
          <idle>-0     [000] ...2  1208.731901: sched_switch: prev_comm=swapper/0 prev_pid=0 prev_prio=120 prev_state=R ==> next_comm=adbd next_pid=781 next_prio=120
            adbd-781   [000] ...2  1208.731940: sched_switch: prev_comm=adbd prev_pid=781 prev_prio=120 prev_state=S ==> next_comm=adbd next_pid=778 next_prio=120
           <...>-778   [000] ...2  1208.732051: sched_switch: prev_comm=adbd prev_pid=778 prev_prio=120 prev_state=S ==> next_comm=adbd next_pid=780 next_prio=120
            adbd-780   [000] ...2  1208.732096: sched_switch: prev_comm=adbd prev_pid=780 prev_prio=120 prev_state=S ==> next_comm=swapper/0 next_pid=0 next_prio=120
          <idle>-0     [000] ...2  1208.732132: sched_switch: prev_comm=swapper/0 prev_pid=0 prev_prio=120 prev_state=R ==> next_comm=mmcqd/1 next_pid=116 next_prio=120
         mmcqd/1-116   [000] ...1  1208.732160: block_rq_complete: 179,0 RA () 4078840 + 24 [0]
         mmcqd/1-116   [000] ...2  1208.732179: sched_switch: prev_comm=mmcqd/1 prev_pid=116 prev_prio=120 prev_state=S ==> next_comm=swapper/0 next_pid=0 next_prio=120
          <idle>-0     [000] ...2  1208.732413: sched_switch: prev_comm=swapper/0 prev_pid=0 prev_prio=120 prev_state=R ==> next_comm=mmcqd/1 next_pid=116 next_prio=120
         mmcqd/1-116   [000] ...1  1208.732446: block_rq_complete: 179,0 RA () 4078824 + 8 [0]
         mmcqd/1-116   [000] ...2  1208.732465: sched_switch: prev_comm=mmcqd/1 prev_pid=116 prev_prio=120 prev_state=S ==> next_comm=adbd next_pid=781 next_prio=120
            adbd-781   [000] ...2  1208.732493: sched_switch: prev_comm=adbd prev_pid=781 prev_prio=120 prev_state=S ==> next_comm=adbd next_pid=778 next_prio=120
           <...>-778   [000] ...2  1208.732560: sched_switch: prev_comm=adbd prev_pid=778 prev_prio=120 prev_state=S ==> next_comm=adbd next_pid=780 next_prio=120
            adbd-780   [000] ...2  1208.732566: sched_switch: prev_comm=adbd prev_pid=780 prev_prio=120 prev_state=S ==> next_comm=swapper/0 next_pid=0 next_prio=120
          <idle>-0     [000] ...2  1208.732681: sched_switch: prev_comm=swapper/0 prev_pid=0 prev_prio=120 prev_state=R ==> next_comm=mmcqd/1 next_pid=116 next_prio=120
         mmcqd/1-116   [000] ...1  1208.732705: block_rq_complete: 179,0 RA () 4078784 + 8 [0]
         mmcqd/1-116   [000] ...2  1208.732723: sched_switch: prev_comm=mmcqd/1 prev_pid=116 prev_prio=120 prev_state=S ==> next_comm=swapper/0 next_pid=0 next_prio=120
          <idle>-0     [000] ...2  1208.732947: sched_switch: prev_comm=swapper/0 prev_pid=0 prev_prio=120 prev_state=R ==> next_comm=mmcqd/1 next_pid=116 next_prio=120
         mmcqd/1-116   [000] ...1  1208.732971: block_rq_complete: 179,0 RA () 4078752 + 8 [0]
         mmcqd/1-116   [000] ...2  1208.732995: sched_switch: prev_comm=mmcqd/1 prev_pid=116 prev_prio=120 prev_state=S ==> next_comm=swapper/0 next_pid=0 next_prio=120
          <idle>-0     [000] ...2  1208.733212: sched_switch: prev_comm=swapper/0 prev_pid=0 prev_prio=120 prev_state=R ==> next_comm=mmcqd/1 next_pid=116 next_prio=120
         mmcqd/1-116   [000] ...1  1208.733236: block_rq_complete: 179,0 RA () 4078736 + 8 [0]
         mmcqd/1-116   [000] ...2  1208.733254: sched_switch: prev_comm=mmcqd/1 prev_pid=116 prev_prio=120 prev_state=S ==> next_comm=swapper/0 next_pid=0 next_prio=120
          <idle>-0     [000] ...2  1208.733639: sched_switch: prev_comm=swapper/0 prev_pid=0 prev_prio=120 prev_state=R ==> next_comm=mmcqd/1 next_pid=116 next_prio=120
         mmcqd/1-116   [000] ...1  1208.733668: block_rq_complete: 179,0 RA () 4052400 + 32 [0]
         mmcqd/1-116   [000] ...2  1208.733685: sched_switch: prev_comm=mmcqd/1 prev_pid=116 prev_prio=120 prev_state=S ==> next_comm=swapper/0 next_pid=0 next_prio=120
          <idle>-0     [000] ...2  1208.733910: sched_switch: prev_comm=swapper/0 prev_pid=0 prev_prio=120 prev_state=R ==> next_comm=mmcqd/1 next_pid=116 next_prio=120
         mmcqd/1-116   [000] ...1  1208.733933: block_rq_complete: 179,0 RA () 4052304 + 8 [0]
          <idle>-0     [001] ...2  1208.733948: sched_switch: prev_comm=swapper/1 prev_pid=0 prev_prio=120 prev_state=R ==> next_comm=main next_pid=7032 next_prio=120
         mmcqd/1-116   [000] ...2  1208.733949: sched_switch: prev_comm=mmcqd/1 prev_pid=116 prev_prio=120 prev_state=S ==> next_comm=swapper/0 next_pid=0 next_prio=120
          <idle>-0     [000] ...2  1208.734187: sched_switch: prev_comm=swapper/0 prev_pid=0 prev_prio=120 prev_state=R ==> next_comm=mmcqd/1 next_pid=116 next_prio=120
         mmcqd/1-116   [000] ...1  1208.734196: block_rq_complete: 179,0 RA () 4052264 + 8 [0]
         mmcqd/1-116   [000] ...2  1208.734209: sched_switch: prev_comm=mmcqd/1 prev_pid=116 prev_prio=120 prev_state=R+ ==> next_comm=kworker/0:1H next_pid=17 next_prio=100
    kworker/0:1H-17    [000] ...2  1208.734216: sched_switch: prev_comm=kworker/0:1H prev_pid=17 prev_prio=100 prev_state=S ==> next_comm=mmcqd/1 next_pid=116 next_prio=120
         mmcqd/1-116   [000] ...2  1208.734226: sched_switch: prev_comm=mmcqd/1 prev_pid=116 prev_prio=120 prev_state=S ==> next_comm=swapper/0 next_pid=0 next_prio=120
          <idle>-0     [000] ...2  1208.734554: sched_switch: prev_comm=swapper/0 prev_pid=0 prev_prio=120 prev_state=R ==> next_comm=Binder_5 next_pid=1075 next_prio=120
            main-7032  [001] ...2  1208.734560: sched_switch: prev_comm=main prev_pid=7032 prev_prio=120 prev_state=S ==> next_comm=swapper/1 next_pid=0 next_prio=120
        Binder_5-1075  [000] ...2  1208.735109: sched_switch: prev_comm=Binder_5 prev_pid=1075 prev_prio=120 prev_state=S ==> next_comm=Binder_5 next_pid=1577 next_prio=120
        Binder_5-1577  [000] ...2  1208.735190: sched_switch: prev_comm=Binder_5 prev_pid=1577 prev_prio=120 prev_state=S ==> next_comm=Binder_5 next_pid=1075 next_prio=120
        Binder_5-1075  [000] ...2  1208.735454: sched_switch: prev_comm=Binder_5 prev_pid=1075 prev_prio=120 prev_state=R+ ==> next_comm=InputDispatcher next_pid=795 next_prio=112
 InputDispatcher-795   [000] ...2  1208.735488: sched_switch: prev_comm=InputDispatcher prev_pid=795 prev_prio=112 prev_state=S ==> next_comm=Binder_5 next_pid=1075 next_prio=120
        Binder_5-1075  [000] ...2  1208.735576: sched_switch: prev_comm=Binder_5 prev_pid=1075 prev_prio=120 prev_state=S ==> next_comm=swapper/0 next_pid=0 next_prio=120
          <idle>-0     [001] ...2  1208.735577: sched_switch: prev_comm=swapper/1 prev_pid=0 prev_prio=120 prev_state=R ==> next_comm=Binder_4 next_pid=1509 next_prio=120
          <idle>-0     [000] ...2  1208.735647: sched_switch: prev_comm=swapper/0 prev_pid=0 prev_prio=120 prev_state=R ==> next_comm=Binder_5 next_pid=1075 next_prio=120
        Binder_4-1509  [001] ...2  1208.735667: sched_switch: prev_comm=Binder_4 prev_pid=1509 prev_prio=120 prev_state=S ==> next_comm=swapper/1 next_pid=0 next_prio=120
          <idle>-0     [001] ...2  1208.735683: sched_switch: prev_comm=swapper/1 prev_pid=0 prev_prio=120 prev_state=R ==> next_comm=ksoftirqd/1 next_pid=7028 next_prio=120
     ksoftirqd/1-7028  [001] ...2  1208.735693: sched_switch: prev_comm=ksoftirqd/1 prev_pid=7028 prev_prio=120 prev_state=S ==> next_comm=swapper/1 next_pid=0 next_prio=120
        Binder_5-1075  [000] ...2  1208.735695: sched_switch: prev_comm=Binder_5 prev_pid=1075 prev_prio=120 prev_state=R+ ==> next_comm=android.display next_pid=770 next_prio=116
          <idle>-0     [001] ...2  1208.735708: sched_switch: prev_comm=swapper/1 prev_pid=0 prev_prio=120 prev_state=R ==> next_comm=ksoftirqd/1 next_pid=7028 next_prio=120
     ksoftirqd/1-7028  [001] ...2  1208.735719: sched_switch: prev_comm=ksoftirqd/1 prev_pid=7028 prev_prio=120 prev_state=S ==> next_comm=swapper/1 next_pid=0 next_prio=120
 android.display-770   [000] ...2  1208.735731: sched_switch: prev_comm=android.display prev_pid=770 prev_prio=116 prev_state=S ==> next_comm=Binder_5 next_pid=1075 next_prio=120
          <idle>-0     [001] ...2  1208.735733: sched_switch: prev_comm=swapper/1 prev_pid=0 prev_prio=120 prev_state=R ==> next_comm=ksoftirqd/1 next_pid=7028 next_prio=120
     ksoftirqd/1-7028  [001] ...2  1208.735740: sched_switch: prev_comm=ksoftirqd/1 prev_pid=7028 prev_prio=120 prev_state=S ==> next_comm=swapper/1 next_pid=0 next_prio=120
        Binder_5-1075  [000] ...2  1208.735746: sched_switch: prev_comm=Binder_5 prev_pid=1075 prev_prio=120 prev_state=R+ ==> next_comm=android.display next_pid=770 next_prio=116
 android.display-770   [000] ...2  1208.735756: sched_switch: prev_comm=android.display prev_pid=770 prev_prio=116 prev_state=S ==> next_comm=Binder_5 next_pid=1075 next_prio=120
        Binder_5-1075  [000] ...2  1208.735769: sched_switch: prev_comm=Binder_5 prev_pid=1075 prev_prio=120 prev_state=R+ ==> next_comm=android.display next_pid=770 next_prio=116
 android.display-770   [000] ...2  1208.735797: sched_switch: prev_comm=android.display prev_pid=770 prev_prio=116 prev_state=S ==> next_comm=Binder_5 next_pid=1075 next_prio=120
        Binder_5-1075  [000] ...2  1208.735810: sched_switch: prev_comm=Binder_5 prev_pid=1075 prev_prio=120 prev_state=R+ ==> next_comm=android.display next_pid=770 next_prio=116
 android.display-770   [000] ...2  1208.735821: sched_switch: prev_comm=android.display prev_pid=770 prev_prio=116 prev_state=S ==> next_comm=Binder_5 next_pid=1075 next_prio=120
        Binder_5-1075  [000] ...2  1208.735833: sched_switch: prev_comm=Binder_5 prev_pid=1075 prev_prio=120 prev_state=R+ ==> next_comm=android.display next_pid=770 next_prio=116
          <idle>-0     [001] ...2  1208.735879: sched_switch: prev_comm=swapper/1 prev_pid=0 prev_prio=120 prev_state=R ==> next_comm=Binder_1 next_pid=235 next_prio=120
 android.display-770   [000] ...2  1208.735902: sched_switch: prev_comm=android.display prev_pid=770 prev_prio=116 prev_state=S ==> next_comm=Binder_5 next_pid=1075 next_prio=120
        Binder_5-1075  [000] ...2  1208.735914: sched_switch: prev_comm=Binder_5 prev_pid=1075 prev_prio=120 prev_state=R ==> next_comm=EventThread next_pid=320 next_prio=111
        Binder_1-235   [001] ...2  1208.735933: sched_switch: prev_comm=Binder_1 prev_pid=235 prev_prio=120 prev_state=S ==> next_comm=swapper/1 next_pid=0 next_prio=120
          <idle>-0     [001] ...2  1208.735951: sched_switch: prev_comm=swapper/1 prev_pid=0 prev_prio=120 prev_state=R ==> next_comm=Binder_9 next_pid=1167 next_prio=120
     EventThread-320   [000] ...2  1208.735965: sched_switch: prev_comm=EventThread prev_pid=320 prev_prio=111 prev_state=S ==> next_comm=Binder_5 next_pid=1075 next_prio=120
        Binder_9-1167  [001] ...2  1208.736027: sched_switch: prev_comm=Binder_9 prev_pid=1167 prev_prio=120 prev_state=S ==> next_comm=swapper/1 next_pid=0 next_prio=120
        Binder_5-1075  [000] ...2  1208.736328: sched_switch: prev_comm=Binder_5 prev_pid=1075 prev_prio=120 prev_state=R+ ==> next_comm=ActivityManager next_pid=765 next_prio=118
 ActivityManager-765   [000] ...2  1208.736360: sched_switch: prev_comm=ActivityManager prev_pid=765 prev_prio=118 prev_state=S ==> next_comm=LazyTaskWriterT next_pid=833 next_prio=120
 LazyTaskWriterT-833   [000] ...2  1208.736391: sched_switch: prev_comm=LazyTaskWriterT prev_pid=833 prev_prio=120 prev_state=S ==> next_comm=Binder_5 next_pid=1075 next_prio=120
        Binder_5-1075  [000] ...2  1208.736407: sched_switch: prev_comm=Binder_5 prev_pid=1075 prev_prio=120 prev_state=R+ ==> next_comm=ActivityManager next_pid=765 next_prio=118
 ActivityManager-765   [000] ...2  1208.736418: sched_switch: prev_comm=ActivityManager prev_pid=765 prev_prio=118 prev_state=S ==> next_comm=Binder_5 next_pid=1075 next_prio=120
        Binder_5-1075  [000] ...2  1208.736430: sched_switch: prev_comm=Binder_5 prev_pid=1075 prev_prio=120 prev_state=R+ ==> next_comm=ActivityManager next_pid=765 next_prio=118
 ActivityManager-765   [000] ...2  1208.736453: sched_switch: prev_comm=ActivityManager prev_pid=765 prev_prio=118 prev_state=S ==> next_comm=Binder_5 next_pid=1075 next_prio=120
        Binder_5-1075  [000] ...2  1208.736839: sched_switch: prev_comm=Binder_5 prev_pid=1075 prev_prio=120 prev_state=R+ ==> next_comm=ActivityManager next_pid=765 next_prio=118
 ActivityManager-765   [000] ...2  1208.736868: sched_switch: prev_comm=ActivityManager prev_pid=765 prev_prio=118 prev_state=S ==> next_comm=Binder_2 next_pid=1118 next_prio=120
          <idle>-0     [001] ...2  1208.736887: sched_switch: prev_comm=swapper/1 prev_pid=0 prev_prio=120 prev_state=R ==> next_comm=Binder_1 next_pid=1117 next_prio=120
        Binder_1-1117  [001] ...2  1208.736990: sched_switch: prev_comm=Binder_1 prev_pid=1117 prev_prio=120 prev_state=R ==> next_comm=droid.launcher3 next_pid=1093 next_prio=120
        Binder_2-1118  [000] ...2  1208.736990: sched_switch: prev_comm=Binder_2 prev_pid=1118 prev_prio=120 prev_state=S ==> next_comm=Binder_3 next_pid=1507 next_prio=120
        Binder_3-1507  [000] ...2  1208.736996: sched_switch: prev_comm=Binder_3 prev_pid=1507 prev_prio=120 prev_state=S ==> next_comm=Binder_5 next_pid=1075 next_prio=120
        Binder_5-1075  [000] ...2  1208.737012: sched_switch: prev_comm=Binder_5 prev_pid=1075 prev_prio=120 prev_state=R+ ==> next_comm=ActivityManager next_pid=765 next_prio=118
 ActivityManager-765   [000] ...2  1208.737022: sched_switch: prev_comm=ActivityManager prev_pid=765 prev_prio=118 prev_state=S ==> next_comm=Binder_5 next_pid=1075 next_prio=120
        Binder_5-1075  [000] ...2  1208.737034: sched_switch: prev_comm=Binder_5 prev_pid=1075 prev_prio=120 prev_state=R+ ==> next_comm=ActivityManager next_pid=765 next_prio=118
 ActivityManager-765   [000] ...2  1208.737061: sched_switch: prev_comm=ActivityManager prev_pid=765 prev_prio=118 prev_state=S ==> next_comm=Binder_5 next_pid=1075 next_prio=120
 droid.launcher3-1093  [001] ...2  1208.737215: sched_switch: prev_comm=droid.launcher3 prev_pid=1093 prev_prio=120 prev_state=S ==> next_comm=Binder_2 next_pid=237 next_prio=120
        Binder_5-1075  [000] ...2  1208.737249: sched_switch: prev_comm=Binder_5 prev_pid=1075 prev_prio=120 prev_state=R+ ==> next_comm=Binder_1 next_pid=2242 next_prio=120
        Binder_1-2242  [000] ...2  1208.737258: sched_switch: prev_comm=Binder_1 prev_pid=2242 prev_prio=120 prev_state=D ==> next_comm=RenderThread next_pid=1365 next_prio=116
        Binder_2-237   [001] ...2  1208.737264: sched_switch: prev_comm=Binder_2 prev_pid=237 prev_prio=120 prev_state=D ==> next_comm=Binder_1 next_pid=1117 next_prio=120
        Binder_1-1117  [001] ...2  1208.737276: sched_switch: prev_comm=Binder_1 prev_pid=1117 prev_prio=120 prev_state=D ==> next_comm=swapper/1 next_pid=0 next_prio=120
    RenderThread-1365  [000] ...2  1208.737288: sched_switch: prev_comm=RenderThread prev_pid=1365 prev_prio=116 prev_state=S ==> next_comm=EventThread next_pid=320 next_prio=111
     EventThread-320   [000] ...2  1208.737308: sched_switch: prev_comm=EventThread prev_pid=320 prev_prio=111 prev_state=S ==> next_comm=Binder_5 next_pid=1075 next_prio=120
          <idle>-0     [001] ...2  1208.737322: sched_switch: prev_comm=swapper/1 prev_pid=0 prev_prio=120 prev_state=R ==> next_comm=Binder_1 next_pid=1117 next_prio=120
        Binder_5-1075  [000] ...2  1208.737334: sched_switch: prev_comm=Binder_5 prev_pid=1075 prev_prio=120 prev_state=R ==> next_comm=Binder_1 next_pid=2242 next_prio=120
        Binder_1-1117  [001] ...2  1208.737391: sched_switch: prev_comm=Binder_1 prev_pid=1117 prev_prio=120 prev_state=S ==> next_comm=Binder_2 next_pid=237 next_prio=120
        Binder_2-237   [001] ...2  1208.737400: sched_switch: prev_comm=Binder_2 prev_pid=237 prev_prio=120 prev_state=S ==> next_comm=swapper/1 next_pid=0 next_prio=120
        Binder_1-2242  [000] ...2  1208.737682: sched_switch: prev_comm=Binder_1 prev_pid=2242 prev_prio=120 prev_state=S ==> next_comm=xample.bdbtrace next_pid=2226 next_prio=120
          <idle>-0     [001] ...2  1208.738088: sched_switch: prev_comm=swapper/1 prev_pid=0 prev_prio=120 prev_state=R ==> next_comm=Binder_1 next_pid=691 next_prio=120
 xample.bdbtrace-2226  [000] ...2  1208.738090: sched_switch: prev_comm=xample.bdbtrace prev_pid=2226 prev_prio=120 prev_state=S ==> next_comm=Binder_5 next_pid=1075 next_prio=120
        Binder_5-1075  [000] ...2  1208.738124: sched_switch: prev_comm=Binder_5 prev_pid=1075 prev_prio=120 prev_state=R+ ==> next_comm=LazyTaskWriterT next_pid=833 next_prio=120
 LazyTaskWriterT-833   [000] ...2  1208.738139: sched_switch: prev_comm=LazyTaskWriterT prev_pid=833 prev_prio=120 prev_state=S ==> next_comm=Binder_5 next_pid=1075 next_prio=120
        Binder_5-1075  [000] ...2  1208.738151: sched_switch: prev_comm=Binder_5 prev_pid=1075 prev_prio=120 prev_state=R+ ==> next_comm=LazyTaskWriterT next_pid=833 next_prio=120
        Binder_1-691   [001] ...2  1208.738164: sched_switch: prev_comm=Binder_1 prev_pid=691 prev_prio=120 prev_state=S ==> next_comm=swapper/1 next_pid=0 next_prio=120
 LazyTaskWriterT-833   [000] ...2  1208.738164: sched_switch: prev_comm=LazyTaskWriterT prev_pid=833 prev_prio=120 prev_state=S ==> next_comm=Binder_5 next_pid=1075 next_prio=120
        Binder_5-1075  [000] ...2  1208.738176: sched_switch: prev_comm=Binder_5 prev_pid=1075 prev_prio=120 prev_state=R+ ==> next_comm=LazyTaskWriterT next_pid=833 next_prio=120
 LazyTaskWriterT-833   [000] ...2  1208.738194: sched_switch: prev_comm=LazyTaskWriterT prev_pid=833 prev_prio=120 prev_state=S ==> next_comm=Binder_5 next_pid=1075 next_prio=120
        Binder_5-1075  [000] ...2  1208.738207: sched_switch: prev_comm=Binder_5 prev_pid=1075 prev_prio=120 prev_state=R+ ==> next_comm=LazyTaskWriterT next_pid=833 next_prio=120
 LazyTaskWriterT-833   [000] ...2  1208.738217: sched_switch: prev_comm=LazyTaskWriterT prev_pid=833 prev_prio=120 prev_state=S ==> next_comm=Binder_5 next_pid=1075 next_prio=120
        Binder_5-1075  [000] ...2  1208.738229: sched_switch: prev_comm=Binder_5 prev_pid=1075 prev_prio=120 prev_state=R+ ==> next_comm=LazyTaskWriterT next_pid=833 next_prio=120
 LazyTaskWriterT-833   [000] ...2  1208.738257: sched_switch: prev_comm=LazyTaskWriterT prev_pid=833 prev_prio=120 prev_state=S ==> next_comm=Binder_5 next_pid=1075 next_prio=120
        Binder_5-1075  [000] ...2  1208.738281: sched_switch: prev_comm=Binder_5 prev_pid=1075 prev_prio=120 prev_state=R+ ==> next_comm=LazyTaskWriterT next_pid=833 next_prio=120
 LazyTaskWriterT-833   [000] ...2  1208.738293: sched_switch: prev_comm=LazyTaskWriterT prev_pid=833 prev_prio=120 prev_state=S ==> next_comm=Binder_5 next_pid=1075 next_prio=120
        Binder_5-1075  [000] ...2  1208.738305: sched_switch: prev_comm=Binder_5 prev_pid=1075 prev_prio=120 prev_state=R+ ==> next_comm=LazyTaskWriterT next_pid=833 next_prio=120
 LazyTaskWriterT-833   [000] ...2  1208.738317: sched_switch: prev_comm=LazyTaskWriterT prev_pid=833 prev_prio=120 prev_state=S ==> next_comm=Binder_5 next_pid=1075 next_prio=120
          <idle>-0     [001] ...2  1208.738395: sched_switch: prev_comm=swapper/1 prev_pid=0 prev_prio=120 prev_state=R ==> next_comm=android.bg next_pid=764 next_prio=130
      android.bg-764   [001] ...2  1208.738457: sched_switch: prev_comm=android.bg prev_pid=764 prev_prio=130 prev_state=S ==> next_comm=swapper/1 next_pid=0 next_prio=120
        Binder_5-1075  [000] ...2  1208.738535: sched_switch: prev_comm=Binder_5 prev_pid=1075 prev_prio=120 prev_state=R+ ==> next_comm=Binder_3 next_pid=389 next_prio=120
        Binder_3-389   [000] ...2  1208.738543: sched_switch: prev_comm=Binder_3 prev_pid=389 prev_prio=120 prev_state=D ==> next_comm=LazyTaskWriterT next_pid=833 next_prio=120
 LazyTaskWriterT-833   [000] ...2  1208.738570: sched_switch: prev_comm=LazyTaskWriterT prev_pid=833 prev_prio=120 prev_state=S ==> next_comm=Binder_5 next_pid=1075 next_prio=120
        Binder_5-1075  [000] ...2  1208.738578: sched_switch: prev_comm=Binder_5 prev_pid=1075 prev_prio=120 prev_state=R+ ==> next_comm=Binder_3 next_pid=389 next_prio=120
        Binder_3-389   [000] ...2  1208.738642: sched_switch: prev_comm=Binder_3 prev_pid=389 prev_prio=120 prev_state=S ==> next_comm=Binder_5 next_pid=1075 next_prio=120
          <idle>-0     [001] ...2  1208.738920: sched_switch: prev_comm=swapper/1 prev_pid=0 prev_prio=120 prev_state=R ==> next_comm=ksoftirqd/1 next_pid=7028 next_prio=120
     ksoftirqd/1-7028  [001] ...2  1208.738927: sched_switch: prev_comm=ksoftirqd/1 prev_pid=7028 prev_prio=120 prev_state=S ==> next_comm=swapper/1 next_pid=0 next_prio=120
          <idle>-0     [001] ...2  1208.738941: sched_switch: prev_comm=swapper/1 prev_pid=0 prev_prio=120 prev_state=R ==> next_comm=ksoftirqd/1 next_pid=7028 next_prio=120
     ksoftirqd/1-7028  [001] ...2  1208.738946: sched_switch: prev_comm=ksoftirqd/1 prev_pid=7028 prev_prio=120 prev_state=S ==> next_comm=swapper/1 next_pid=0 next_prio=120
        Binder_5-1075  [000] ...2  1208.738956: sched_switch: prev_comm=Binder_5 prev_pid=1075 prev_prio=120 prev_state=R+ ==> next_comm=InputDispatcher next_pid=795 next_prio=112
          <idle>-0     [001] ...2  1208.738959: sched_switch: prev_comm=swapper/1 prev_pid=0 prev_prio=120 prev_state=R ==> next_comm=ksoftirqd/1 next_pid=7028 next_prio=120
     ksoftirqd/1-7028  [001] ...2  1208.738964: sched_switch: prev_comm=ksoftirqd/1 prev_pid=7028 prev_prio=120 prev_state=S ==> next_comm=swapper/1 next_pid=0 next_prio=120
 InputDispatcher-795   [000] ...2  1208.738981: sched_switch: prev_comm=InputDispatcher prev_pid=795 prev_prio=112 prev_state=S ==> next_comm=Binder_5 next_pid=1075 next_prio=120
        Binder_5-1075  [000] ...2  1208.739056: sched_switch: prev_comm=Binder_5 prev_pid=1075 prev_prio=120 prev_state=R+ ==> next_comm=Binder_5 next_pid=1577 next_prio=120
        Binder_5-1577  [000] ...2  1208.739063: sched_switch: prev_comm=Binder_5 prev_pid=1577 prev_prio=120 prev_state=D ==> next_comm=Binder_5 next_pid=1075 next_prio=120
        Binder_5-1075  [000] ...2  1208.739071: sched_switch: prev_comm=Binder_5 prev_pid=1075 prev_prio=120 prev_state=R+ ==> next_comm=Binder_5 next_pid=1577 next_prio=120
        Binder_5-1577  [000] ...2  1208.739146: sched_switch: prev_comm=Binder_5 prev_pid=1577 prev_prio=120 prev_state=S ==> next_comm=Binder_5 next_pid=1075 next_prio=120
        Binder_5-1075  [000] ...2  1208.739189: sched_switch: prev_comm=Binder_5 prev_pid=1075 prev_prio=120 prev_state=R+ ==> next_comm=android.display next_pid=770 next_prio=116
 android.display-770   [000] ...2  1208.739219: sched_switch: prev_comm=android.display prev_pid=770 prev_prio=116 prev_state=S ==> next_comm=Binder_5 next_pid=1075 next_prio=120
        Binder_5-1075  [000] ...2  1208.739234: sched_switch: prev_comm=Binder_5 prev_pid=1075 prev_prio=120 prev_state=R+ ==> next_comm=android.display next_pid=770 next_prio=116
 android.display-770   [000] ...2  1208.739245: sched_switch: prev_comm=android.display prev_pid=770 prev_prio=116 prev_state=S ==> next_comm=Binder_5 next_pid=1075 next_prio=120
        Binder_5-1075  [000] ...2  1208.739257: sched_switch: prev_comm=Binder_5 prev_pid=1075 prev_prio=120 prev_state=R+ ==> next_comm=android.display next_pid=770 next_prio=116
 android.display-770   [000] ...2  1208.739283: sched_switch: prev_comm=android.display prev_pid=770 prev_prio=116 prev_state=S ==> next_comm=Binder_5 next_pid=1075 next_prio=120
          <idle>-0     [001] ...2  1208.739417: sched_switch: prev_comm=swapper/1 prev_pid=0 prev_prio=120 prev_state=R ==> next_comm=Binder_4 next_pid=1509 next_prio=120
        Binder_5-1075  [000] ...2  1208.739419: sched_switch: prev_comm=Binder_5 prev_pid=1075 prev_prio=120 prev_state=S ==> next_comm=swapper/0 next_pid=0 next_prio=120
          <idle>-0     [000] ...2  1208.739435: sched_switch: prev_comm=swapper/0 prev_pid=0 prev_prio=120 prev_state=R ==> next_comm=ksoftirqd/0 next_pid=3 next_prio=120
     ksoftirqd/0-3     [000] ...2  1208.739443: sched_switch: prev_comm=ksoftirqd/0 prev_pid=3 prev_prio=120 prev_state=S ==> next_comm=swapper/0 next_pid=0 next_prio=120
          <idle>-0     [000] ...2  1208.739456: sched_switch: prev_comm=swapper/0 prev_pid=0 prev_prio=120 prev_state=R ==> next_comm=ksoftirqd/0 next_pid=3 next_prio=120
     ksoftirqd/0-3     [000] ...2  1208.739463: sched_switch: prev_comm=ksoftirqd/0 prev_pid=3 prev_prio=120 prev_state=S ==> next_comm=Binder_5 next_pid=1075 next_prio=120
        Binder_4-1509  [001] ...2  1208.739478: sched_switch: prev_comm=Binder_4 prev_pid=1509 prev_prio=120 prev_state=S ==> next_comm=swapper/1 next_pid=0 next_prio=120
        Binder_5-1075  [000] ...2  1208.739678: sched_switch: prev_comm=Binder_5 prev_pid=1075 prev_prio=120 prev_state=R+ ==> next_comm=InputDispatcher next_pid=795 next_prio=112
 InputDispatcher-795   [000] ...2  1208.739702: sched_switch: prev_comm=InputDispatcher prev_pid=795 prev_prio=112 prev_state=S ==> next_comm=Binder_5 next_pid=1075 next_prio=120
          <idle>-0     [001] ...2  1208.739773: sched_switch: prev_comm=swapper/1 prev_pid=0 prev_prio=120 prev_state=R ==> next_comm=Binder_1 next_pid=235 next_prio=120
        Binder_5-1075  [000] ...2  1208.739776: sched_switch: prev_comm=Binder_5 prev_pid=1075 prev_prio=120 prev_state=S ==> next_comm=swapper/0 next_pid=0 next_prio=120
          <idle>-0     [000] ...2  1208.739790: sched_switch: prev_comm=swapper/0 prev_pid=0 prev_prio=120 prev_state=R ==> next_comm=ksoftirqd/0 next_pid=3 next_prio=120
     ksoftirqd/0-3     [000] ...2  1208.739804: sched_switch: prev_comm=ksoftirqd/0 prev_pid=3 prev_prio=120 prev_state=S ==> next_comm=swapper/0 next_pid=0 next_prio=120
          <idle>-0     [000] ...2  1208.739835: sched_switch: prev_comm=swapper/0 prev_pid=0 prev_prio=120 prev_state=R ==> next_comm=Binder_5 next_pid=1075 next_prio=120
        Binder_1-235   [001] ...2  1208.739847: sched_switch: prev_comm=Binder_1 prev_pid=235 prev_prio=120 prev_state=S ==> next_comm=swapper/1 next_pid=0 next_prio=120
        Binder_5-1075  [000] ...2  1208.739870: sched_switch: prev_comm=Binder_5 prev_pid=1075 prev_prio=120 prev_state=R+ ==> next_comm=android.display next_pid=770 next_prio=116
 android.display-770   [000] ...2  1208.739882: sched_switch: prev_comm=android.display prev_pid=770 prev_prio=116 prev_state=S ==> next_comm=Binder_5 next_pid=1075 next_prio=120
        Binder_5-1075  [000] ...2  1208.739894: sched_switch: prev_comm=Binder_5 prev_pid=1075 prev_prio=120 prev_state=R+ ==> next_comm=android.display next_pid=770 next_prio=116
          <idle>-0     [001] ...2  1208.739981: sched_switch: prev_comm=swapper/1 prev_pid=0 prev_prio=120 prev_state=R ==> next_comm=Binder_2 next_pid=237 next_prio=120
 android.display-770   [000] ...2  1208.739985: sched_switch: prev_comm=android.display prev_pid=770 prev_prio=116 prev_state=S ==> next_comm=Binder_5 next_pid=1075 next_prio=120
        Binder_5-1075  [000] ...2  1208.740033: sched_switch: prev_comm=Binder_5 prev_pid=1075 prev_prio=120 prev_state=R+ ==> next_comm=android.display next_pid=770 next_prio=116
        Binder_2-237   [001] ...2  1208.740052: sched_switch: prev_comm=Binder_2 prev_pid=237 prev_prio=120 prev_state=S ==> next_comm=swapper/1 next_pid=0 next_prio=120
 android.display-770   [000] ...2  1208.740314: sched_switch: prev_comm=android.display prev_pid=770 prev_prio=116 prev_state=S ==> next_comm=InputDispatcher next_pid=795 next_prio=112
 InputDispatcher-795   [000] ...2  1208.740336: sched_switch: prev_comm=InputDispatcher prev_pid=795 prev_prio=112 prev_state=S ==> next_comm=Binder_3 next_pid=389 next_prio=120
        Binder_3-389   [000] ...2  1208.740418: sched_switch: prev_comm=Binder_3 prev_pid=389 prev_prio=120 prev_state=S ==> next_comm=android.display next_pid=770 next_prio=116
 android.display-770   [000] ...2  1208.740470: sched_switch: prev_comm=android.display prev_pid=770 prev_prio=116 prev_state=S ==> next_comm=Binder_5 next_pid=1075 next_prio=120
          <idle>-0     [001] ...2  1208.740601: sched_switch: prev_comm=swapper/1 prev_pid=0 prev_prio=120 prev_state=R ==> next_comm=android.bg next_pid=764 next_prio=130
        Binder_5-1075  [000] ...2  1208.740645: sched_switch: prev_comm=Binder_5 prev_pid=1075 prev_prio=120 prev_state=R+ ==> next_comm=Binder_2 next_pid=2243 next_prio=120
      android.bg-764   [001] ...2  1208.740650: sched_switch: prev_comm=android.bg prev_pid=764 prev_prio=130 prev_state=S ==> next_comm=swapper/1 next_pid=0 next_prio=120
        Binder_2-2243  [000] ...2  1208.740652: sched_switch: prev_comm=Binder_2 prev_pid=2243 prev_prio=120 prev_state=D ==> next_comm=Binder_5 next_pid=1075 next_prio=120
        Binder_5-1075  [000] ...2  1208.740660: sched_switch: prev_comm=Binder_5 prev_pid=1075 prev_prio=120 prev_state=R+ ==> next_comm=Binder_2 next_pid=2243 next_prio=120
        Binder_2-2243  [000] ...2  1208.740764: sched_switch: prev_comm=Binder_2 prev_pid=2243 prev_prio=120 prev_state=S ==> next_comm=Binder_5 next_pid=1075 next_prio=120
        Binder_5-1075  [000] ...2  1208.740864: sched_switch: prev_comm=Binder_5 prev_pid=1075 prev_prio=120 prev_state=R+ ==> next_comm=InputDispatcher next_pid=795 next_prio=112
 InputDispatcher-795   [000] ...2  1208.740887: sched_switch: prev_comm=InputDispatcher prev_pid=795 prev_prio=112 prev_state=S ==> next_comm=Binder_5 next_pid=1075 next_prio=120
        Binder_5-1075  [000] ...2  1208.740936: sched_switch: prev_comm=Binder_5 prev_pid=1075 prev_prio=120 prev_state=R+ ==> next_comm=ActivityManager next_pid=765 next_prio=118
 ActivityManager-765   [000] ...2  1208.740948: sched_switch: prev_comm=ActivityManager prev_pid=765 prev_prio=118 prev_state=S ==> next_comm=Binder_5 next_pid=1075 next_prio=120
        Binder_5-1075  [000] ...2  1208.740961: sched_switch: prev_comm=Binder_5 prev_pid=1075 prev_prio=120 prev_state=R+ ==> next_comm=ActivityManager next_pid=765 next_prio=118
          <idle>-0     [001] ...2  1208.740999: sched_switch: prev_comm=swapper/1 prev_pid=0 prev_prio=120 prev_state=R ==> next_comm=Binder_1 next_pid=691 next_prio=120
 ActivityManager-765   [000] ...2  1208.741028: sched_switch: prev_comm=ActivityManager prev_pid=765 prev_prio=118 prev_state=S ==> next_comm=Binder_5 next_pid=1075 next_prio=120
        Binder_5-1075  [000] ...2  1208.741045: sched_switch: prev_comm=Binder_5 prev_pid=1075 prev_prio=120 prev_state=R ==> next_comm=xample.bdbtrace next_pid=2226 next_prio=120
        Binder_1-691   [001] ...2  1208.741066: sched_switch: prev_comm=Binder_1 prev_pid=691 prev_prio=120 prev_state=S ==> next_comm=swapper/1 next_pid=0 next_prio=120
 xample.bdbtrace-2226  [000] d..2  1208.741884: block_rq_insert: 179,0 R 0 () 851896 + 32 [xample.bdbtrace]
 xample.bdbtrace-2226  [000] ...2  1208.741903: sched_switch: prev_comm=xample.bdbtrace prev_pid=2226 prev_prio=120 prev_state=D|W ==> next_comm=Binder_A next_pid=1201 next_prio=120
        Binder_A-1201  [000] ...2  1208.742000: sched_switch: prev_comm=Binder_A prev_pid=1201 prev_prio=120 prev_state=S ==> next_comm=mmcqd/1 next_pid=116 next_prio=120
         mmcqd/1-116   [000] ...2  1208.742066: sched_switch: prev_comm=mmcqd/1 prev_pid=116 prev_prio=120 prev_state=S ==> next_comm=Binder_5 next_pid=1075 next_prio=120
          <idle>-0     [001] ...2  1208.742098: sched_switch: prev_comm=swapper/1 prev_pid=0 prev_prio=120 prev_state=R ==> next_comm=main next_pid=7032 next_prio=120
        Binder_5-1075  [000] ...2  1208.742115: sched_switch: prev_comm=Binder_5 prev_pid=1075 prev_prio=120 prev_state=S ==> next_comm=swapper/0 next_pid=0 next_prio=120
          <idle>-0     [000] ...2  1208.742131: sched_switch: prev_comm=swapper/0 prev_pid=0 prev_prio=120 prev_state=R ==> next_comm=ksoftirqd/0 next_pid=3 next_prio=120
     ksoftirqd/0-3     [000] ...2  1208.742139: sched_switch: prev_comm=ksoftirqd/0 prev_pid=3 prev_prio=120 prev_state=S ==> next_comm=swapper/0 next_pid=0 next_prio=120
          <idle>-0     [000] ...2  1208.742152: sched_switch: prev_comm=swapper/0 prev_pid=0 prev_prio=120 prev_state=R ==> next_comm=ksoftirqd/0 next_pid=3 next_prio=120
     ksoftirqd/0-3     [000] ...2  1208.742158: sched_switch: prev_comm=ksoftirqd/0 prev_pid=3 prev_prio=120 prev_state=S ==> next_comm=swapper/0 next_pid=0 next_prio=120
          <idle>-0     [000] ...2  1208.742170: sched_switch: prev_comm=swapper/0 prev_pid=0 prev_prio=120 prev_state=R ==> next_comm=ksoftirqd/0 next_pid=3 next_prio=120
     ksoftirqd/0-3     [000] ...2  1208.742175: sched_switch: prev_comm=ksoftirqd/0 prev_pid=3 prev_prio=120 prev_state=S ==> next_comm=swapper/0 next_pid=0 next_prio=120
            main-7032  [001] d..2  1208.742333: block_rq_insert: 179,0 R 0 () 1181984 + 8 [main]
            main-7032  [001] d..2  1208.742344: block_rq_insert: 179,0 R 0 () 1182000 + 40 [main]
            main-7032  [001] d..2  1208.742346: block_rq_insert: 179,0 R 0 () 1182048 + 24 [main]
          <idle>-0     [000] ...2  1208.742352: sched_switch: prev_comm=swapper/0 prev_pid=0 prev_prio=120 prev_state=R ==> next_comm=mmcqd/1 next_pid=116 next_prio=120
            main-7032  [001] ...2  1208.742355: sched_switch: prev_comm=main prev_pid=7032 prev_prio=120 prev_state=D|W ==> next_comm=kworker/u:1 next_pid=4914 next_prio=120
         mmcqd/1-116   [000] ...2  1208.742368: sched_switch: prev_comm=mmcqd/1 prev_pid=116 prev_prio=120 prev_state=S ==> next_comm=Binder_1 next_pid=7043 next_prio=120
        Binder_1-7043  [000] ...2  1208.742375: sched_switch: prev_comm=Binder_1 prev_pid=7043 prev_prio=120 prev_state=D ==> next_comm=Binder_2 next_pid=7044 next_prio=120
        Binder_2-7044  [000] ...2  1208.742380: sched_switch: prev_comm=Binder_2 prev_pid=7044 prev_prio=120 prev_state=R ==> next_comm=Binder_1 next_pid=7043 next_prio=120
     kworker/u:1-4914  [001] ...2  1208.742390: sched_switch: prev_comm=kworker/u:1 prev_pid=4914 prev_prio=120 prev_state=S ==> next_comm=swapper/1 next_pid=0 next_prio=120
        Binder_1-7043  [000] ...3  1208.742589: sched_switch: prev_comm=Binder_1 prev_pid=7043 prev_prio=120 prev_state=x ==> next_comm=mmcqd/1 next_pid=116 next_prio=120
         mmcqd/1-116   [000] ...1  1208.742622: block_rq_complete: 179,0 RA () 851896 + 32 [0]
         mmcqd/1-116   [000] ...2  1208.742657: sched_switch: prev_comm=mmcqd/1 prev_pid=116 prev_prio=120 prev_state=S ==> next_comm=xample.bdbtrace next_pid=2226 next_prio=120
 xample.bdbtrace-2226  [000] d..2  1208.743503: block_rq_insert: 179,0 R 0 () 852120 + 8 [xample.bdbtrace]
 xample.bdbtrace-2226  [000] ...2  1208.743513: sched_switch: prev_comm=xample.bdbtrace prev_pid=2226 prev_prio=120 prev_state=D|W ==> next_comm=mmcqd/1 next_pid=116 next_prio=120
         mmcqd/1-116   [000] ...1  1208.743540: block_rq_complete: 179,0 RA () 1181984 + 8 [0]
         mmcqd/1-116   [000] ...2  1208.743565: sched_switch: prev_comm=mmcqd/1 prev_pid=116 prev_prio=120 prev_state=S ==> next_comm=Binder_2 next_pid=7044 next_prio=120
        Binder_2-7044  [000] ...3  1208.743722: sched_switch: prev_comm=Binder_2 prev_pid=7044 prev_prio=120 prev_state=x ==> next_comm=swapper/0 next_pid=0 next_prio=120
