     ksoftirqd/1-7220  [001] ...2  1245.986956: sched_switch: prev_comm=ksoftirqd/1 prev_pid=7220 prev_prio=120 prev_state=S ==> next_comm=swapper/1 next_pid=0 next_prio=120
          <idle>-0     [001] ...2  1245.986970: sched_switch: prev_comm=swapper/1 prev_pid=0 prev_prio=120 prev_state=R ==> next_comm=ksoftirqd/1 next_pid=7220 next_prio=120
     ksoftirqd/1-7220  [001] ...2  1245.986986: sched_switch: prev_comm=ksoftirqd/1 prev_pid=7220 prev_prio=120 prev_state=S ==> next_comm=swapper/1 next_pid=0 next_prio=120
          <idle>-0     [000] ...2  1245.987005: sched_switch: prev_comm=swapper/0 prev_pid=0 prev_prio=120 prev_state=R ==> next_comm=mmcqd/1 next_pid=116 next_prio=120
         mmcqd/1-116   [000] ...1  1245.987039: block_rq_complete: 179,0 RA () 4008920 + 48 [0]
         mmcqd/1-116   [000] ...2  1245.987064: sched_switch: prev_comm=mmcqd/1 prev_pid=116 prev_prio=120 prev_state=S ==> next_comm=swapper/0 next_pid=0 next_prio=120
          <idle>-0     [000] ...2  1245.987280: sched_switch: prev_comm=swapper/0 prev_pid=0 prev_prio=120 prev_state=R ==> next_comm=mmcqd/1 next_pid=116 next_prio=120
         mmcqd/1-116   [000] ...1  1245.987305: block_rq_complete: 179,0 RA () 4123736 + 8 [0]
         mmcqd/1-116   [000] ...2  1245.987317: sched_switch: prev_comm=mmcqd/1 prev_pid=116 prev_prio=120 prev_state=S ==> next_comm=swapper/0 next_pid=0 next_prio=120
          <idle>-0     [000] ...2  1245.987699: sched_switch: prev_comm=swapper/0 prev_pid=0 prev_prio=120 prev_state=R ==> next_comm=mmcqd/1 next_pid=116 next_prio=120
         mmcqd/1-116   [000] ...1  1245.987713: block_rq_complete: 179,0 RA () 4123816 + 32 [0]
         mmcqd/1-116   [000] ...2  1245.987731: sched_switch: prev_comm=mmcqd/1 prev_pid=116 prev_prio=120 prev_state=R+ ==> next_comm=kworker/0:1H next_pid=17 next_prio=100
    kworker/0:1H-17    [000] ...2  1245.987740: sched_switch: prev_comm=kworker/0:1H prev_pid=17 prev_prio=100 prev_state=S ==> next_comm=mmcqd/1 next_pid=116 next_prio=120
         mmcqd/1-116   [000] ...2  1245.987749: sched_switch: prev_comm=mmcqd/1 prev_pid=116 prev_prio=120 prev_state=S ==> next_comm=main next_pid=7216 next_prio=120
            main-7216  [000] d..2  1245.987802: block_rq_insert: 179,0 R 0 () 4084528 + 24 [main]
            main-7216  [000] ...2  1245.987811: sched_switch: prev_comm=main prev_pid=7216 prev_prio=120 prev_state=R+ ==> next_comm=mmcqd/1 next_pid=116 next_prio=120
         mmcqd/1-116   [000] ...2  1245.987850: sched_switch: prev_comm=mmcqd/1 prev_pid=116 prev_prio=120 prev_state=S ==> next_comm=main next_pid=7216 next_prio=120
            main-7216  [000] ...2  1245.987855: sched_switch: prev_comm=main prev_pid=7216 prev_prio=120 prev_state=D|W ==> next_comm=swapper/0 next_pid=0 next_prio=120
          <idle>-0     [000] ...2  1245.988210: sched_switch: prev_comm=swapper/0 prev_pid=0 prev_prio=120 prev_state=R ==> next_comm=mmcqd/1 next_pid=116 next_prio=120
         mmcqd/1-116   [000] ...1  1245.988223: block_rq_complete: 179,0 RA () 4084528 + 24 [0]
         mmcqd/1-116   [000] ...2  1245.988239: sched_switch: prev_comm=mmcqd/1 prev_pid=116 prev_prio=120 prev_state=R+ ==> next_comm=kworker/0:1H next_pid=17 next_prio=100
    kworker/0:1H-17    [000] ...2  1245.988245: sched_switch: prev_comm=kworker/0:1H prev_pid=17 prev_prio=100 prev_state=S ==> next_comm=mmcqd/1 next_pid=116 next_prio=120
         mmcqd/1-116   [000] ...2  1245.988254: sched_switch: prev_comm=mmcqd/1 prev_pid=116 prev_prio=120 prev_state=S ==> next_comm=main next_pid=7216 next_prio=120
            main-7216  [000] ...2  1245.988304: sched_switch: prev_comm=main prev_pid=7216 prev_prio=120 prev_state=R+ ==> next_comm=servicemanager next_pid=168 next_prio=120
  servicemanager-168   [000] ...2  1245.988311: sched_switch: prev_comm=servicemanager prev_pid=168 prev_prio=120 prev_state=D ==> next_comm=main next_pid=7216 next_prio=120
            main-7216  [000] ...2  1245.988319: sched_switch: prev_comm=main prev_pid=7216 prev_prio=120 prev_state=R+ ==> next_comm=servicemanager next_pid=168 next_prio=120
  servicemanager-168   [000] ...2  1245.988344: sched_switch: prev_comm=servicemanager prev_pid=168 prev_prio=120 prev_state=S ==> next_comm=main next_pid=7216 next_prio=120
            main-7216  [000] ...2  1245.988489: sched_switch: prev_comm=main prev_pid=7216 prev_prio=120 prev_state=R+ ==> next_comm=servicemanager next_pid=168 next_prio=120
  servicemanager-168   [000] ...2  1245.988496: sched_switch: prev_comm=servicemanager prev_pid=168 prev_prio=120 prev_state=D ==> next_comm=main next_pid=7216 next_prio=120
            main-7216  [000] ...2  1245.988504: sched_switch: prev_comm=main prev_pid=7216 prev_prio=120 prev_state=R+ ==> next_comm=servicemanager next_pid=168 next_prio=120
  servicemanager-168   [000] ...2  1245.988614: sched_switch: prev_comm=servicemanager prev_pid=168 prev_prio=120 prev_state=S ==> next_comm=main next_pid=7216 next_prio=120
            main-7216  [000] d..2  1245.988768: block_rq_insert: 179,0 R 0 () 4078736 + 8 [main]
            main-7216  [000] d..2  1245.988771: block_rq_insert: 179,0 R 0 () 4078752 + 8 [main]
            main-7216  [000] d..2  1245.988773: block_rq_insert: 179,0 R 0 () 4078784 + 8 [main]
            main-7216  [000] d..2  1245.988775: block_rq_insert: 179,0 R 0 () 4078824 + 8 [main]
            main-7216  [000] d..2  1245.988776: block_rq_insert: 179,0 R 0 () 4078840 + 24 [main]
            main-7216  [000] d..2  1245.988778: block_rq_insert: 179,0 R 0 () 4078888 + 32 [main]
            main-7216  [000] d..2  1245.988779: block_rq_insert: 179,0 R 0 () 4078952 + 16 [main]
            main-7216  [000] d..2  1245.988781: block_rq_insert: 179,0 R 0 () 4078976 + 8 [main]
            main-7216  [000] ...2  1245.988790: sched_switch: prev_comm=main prev_pid=7216 prev_prio=120 prev_state=R+ ==> next_comm=mmcqd/1 next_pid=116 next_prio=120
         mmcqd/1-116   [000] ...2  1245.988838: sched_switch: prev_comm=mmcqd/1 prev_pid=116 prev_prio=120 prev_state=S ==> next_comm=main next_pid=7216 next_prio=120
          <idle>-0     [001] ...2  1245.988909: sched_switch: prev_comm=swapper/1 prev_pid=0 prev_prio=120 prev_state=R ==> next_comm=kworker/u:0 next_pid=3362 next_prio=120
            main-7216  [000] ...2  1245.988923: sched_switch: prev_comm=main prev_pid=7216 prev_prio=120 prev_state=R ==> next_comm=mpdecision next_pid=1527 next_prio=113
     kworker/u:0-3362  [001] ...2  1245.988930: sched_switch: prev_comm=kworker/u:0 prev_pid=3362 prev_prio=120 prev_state=S ==> next_comm=swapper/1 next_pid=0 next_prio=120
      mpdecision-1527  [000] ...2  1245.989172: sched_switch: prev_comm=mpdecision prev_pid=1527 prev_prio=113 prev_state=S ==> next_comm=mmcqd/1 next_pid=116 next_prio=120
         mmcqd/1-116   [000] ...1  1245.989199: block_rq_complete: 179,0 RA () 4078976 + 8 [0]
         mmcqd/1-116   [000] ...2  1245.989224: sched_switch: prev_comm=mmcqd/1 prev_pid=116 prev_prio=120 prev_state=S ==> next_comm=main next_pid=7216 next_prio=120
            main-7216  [000] ...2  1245.989477: sched_switch: prev_comm=main prev_pid=7216 prev_prio=120 prev_state=R ==> next_comm=mmcqd/1 next_pid=116 next_prio=120
         mmcqd/1-116   [000] ...1  1245.989504: block_rq_complete: 179,0 RA () 4078952 + 16 [0]
         mmcqd/1-116   [000] ...2  1245.989527: sched_switch: prev_comm=mmcqd/1 prev_pid=116 prev_prio=120 prev_state=S ==> next_comm=main next_pid=7216 next_prio=120
            main-7216  [000] ...2  1245.989730: sched_switch: prev_comm=main prev_pid=7216 prev_prio=120 prev_state=R+ ==> next_comm=kworker/0:2 next_pid=5912 next_prio=120
     kworker/0:2-5912  [000] ...2  1245.989745: sched_switch: prev_comm=kworker/0:2 prev_pid=5912 prev_prio=120 prev_state=S ==> next_comm=adbd next_pid=778 next_prio=120
            adbd-778   [000] ...2  1245.989872: sched_switch: prev_comm=adbd prev_pid=778 prev_prio=120 prev_state=S ==> next_comm=adbd next_pid=780 next_prio=120
            adbd-780   [000] ...2  1245.989960: sched_switch: prev_comm=adbd prev_pid=780 prev_prio=120 prev_state=S ==> next_comm=mmcqd/1 next_pid=116 next_prio=120
         mmcqd/1-116   [000] ...1  1245.989991: block_rq_complete: 179,0 RA () 4078888 + 32 [0]
         mmcqd/1-116   [000] ...2  1245.990011: sched_switch: prev_comm=mmcqd/1 prev_pid=116 prev_prio=120 prev_state=S ==> next_comm=main next_pid=7216 next_prio=120
            main-7216  [000] ...2  1245.990052: sched_switch: prev_comm=main prev_pid=7216 prev_prio=120 prev_state=R+ ==> next_comm=kworker/0:2 next_pid=5912 next_prio=120
     kworker/0:2-5912  [000] ...2  1245.990060: sched_switch: prev_comm=kworker/0:2 prev_pid=5912 prev_prio=120 prev_state=S ==> next_comm=main next_pid=7216 next_prio=120
            main-7216  [000] d..2  1245.990271: block_rq_insert: 179,0 R 0 () 4052264 + 8 [main]
            main-7216  [000] d..2  1245.990274: block_rq_insert: 179,0 R 0 () 4052304 + 8 [main]
            main-7216  [000] d..2  1245.990276: block_rq_insert: 179,0 R 0 () 4052400 + 32 [main]
            main-7216  [000] ...2  1245.990284: sched_switch: prev_comm=main prev_pid=7216 prev_prio=120 prev_state=D|W ==> next_comm=swapper/0 next_pid=0 next_prio=120
          <idle>-0     [000] ...2  1245.990302: sched_switch: prev_comm=swapper/0 prev_pid=0 prev_prio=120 prev_state=R ==> next_comm=ksoftirqd/0 next_pid=3 next_prio=120
     ksoftirqd/0-3     [000] ...2  1245.990311: sched_switch: prev_comm=ksoftirqd/0 prev_pid=3 prev_prio=120 prev_state=S ==> next_comm=swapper/0 next_pid=0 next_prio=120
          <idle>-0     [000] ...2  1245.990335: sched_switch: prev_comm=swapper/0 prev_pid=0 prev_prio=120 prev_state=R ==> next_comm=ksoftirqd/0 next_pid=3 next_prio=120
     ksoftirqd/0-3     [000] ...2  1245.990339: sched_switch: prev_comm=ksoftirqd/0 prev_pid=3 prev_prio=120 prev_state=S ==> next_comm=swapper/0 next_pid=0 next_prio=120
          <idle>-0     [000] ...2  1245.990351: sched_switch: prev_comm=swapper/0 prev_pid=0 prev_prio=120 prev_state=R ==> next_comm=ksoftirqd/0 next_pid=3 next_prio=120
     ksoftirqd/0-3     [000] ...2  1245.990369: sched_switch: prev_comm=ksoftirqd/0 prev_pid=3 prev_prio=120 prev_state=S ==> next_comm=swapper/0 next_pid=0 next_prio=120
          <idle>-0     [000] ...2  1245.990372: sched_switch: prev_comm=swapper/0 prev_pid=0 prev_prio=120 prev_state=R ==> next_comm=adbd next_pid=781 next_prio=120
            adbd-781   [000] ...2  1245.990410: sched_switch: prev_comm=adbd prev_pid=781 prev_prio=120 prev_state=S ==> next_comm=adbd next_pid=778 next_prio=120
            adbd-778   [000] ...2  1245.990541: sched_switch: prev_comm=adbd prev_pid=778 prev_prio=120 prev_state=S ==> next_comm=mmcqd/1 next_pid=116 next_prio=120
         mmcqd/1-116   [000] ...1  1245.990571: block_rq_complete: 179,0 RA () 4078840 + 24 [0]
         mmcqd/1-116   [000] ...2  1245.990591: sched_switch: prev_comm=mmcqd/1 prev_pid=116 prev_prio=120 prev_state=S ==> next_comm=adbd next_pid=780 next_prio=120
            adbd-780   [000] ...2  1245.990636: sched_switch: prev_comm=adbd prev_pid=780 prev_prio=120 prev_state=S ==> next_comm=swapper/0 next_pid=0 next_prio=120
          <idle>-0     [000] ...2  1245.990805: sched_switch: prev_comm=swapper/0 prev_pid=0 prev_prio=120 prev_state=R ==> next_comm=mmcqd/1 next_pid=116 next_prio=120
         mmcqd/1-116   [000] ...1  1245.990830: block_rq_complete: 179,0 RA () 4078824 + 8 [0]
         mmcqd/1-116   [000] ...2  1245.990848: sched_switch: prev_comm=mmcqd/1 prev_pid=116 prev_prio=120 prev_state=S ==> next_comm=swapper/0 next_pid=0 next_prio=120
          <idle>-0     [000] ...2  1245.990982: sched_switch: prev_comm=swapper/0 prev_pid=0 prev_prio=120 prev_state=R ==> next_comm=adbd next_pid=781 next_prio=120
            adbd-781   [000] ...2  1245.991009: sched_switch: prev_comm=adbd prev_pid=781 prev_prio=120 prev_state=S ==> next_comm=adbd next_pid=778 next_prio=120
            adbd-778   [000] ...2  1245.991089: sched_switch: prev_comm=adbd prev_pid=778 prev_prio=120 prev_state=S ==> next_comm=adbd next_pid=780 next_prio=120
            adbd-780   [000] ...2  1245.991095: sched_switch: prev_comm=adbd prev_pid=780 prev_prio=120 prev_state=S ==> next_comm=mmcqd/1 next_pid=116 next_prio=120
         mmcqd/1-116   [000] ...1  1245.991119: block_rq_complete: 179,0 RA () 4078784 + 8 [0]
         mmcqd/1-116   [000] ...2  1245.991137: sched_switch: prev_comm=mmcqd/1 prev_pid=116 prev_prio=120 prev_state=S ==> next_comm=swapper/0 next_pid=0 next_prio=120
          <idle>-0     [000] ...2  1245.991355: sched_switch: prev_comm=swapper/0 prev_pid=0 prev_prio=120 prev_state=R ==> next_comm=mmcqd/1 next_pid=116 next_prio=120
         mmcqd/1-116   [000] ...1  1245.991379: block_rq_complete: 179,0 RA () 4078752 + 8 [0]
         mmcqd/1-116   [000] ...2  1245.991404: sched_switch: prev_comm=mmcqd/1 prev_pid=116 prev_prio=120 prev_state=S ==> next_comm=swapper/0 next_pid=0 next_prio=120
          <idle>-0     [000] ...2  1245.991627: sched_switch: prev_comm=swapper/0 prev_pid=0 prev_prio=120 prev_state=R ==> next_comm=mmcqd/1 next_pid=116 next_prio=120
         mmcqd/1-116   [000] ...1  1245.991651: block_rq_complete: 179,0 RA () 4078736 + 8 [0]
         mmcqd/1-116   [000] ...2  1245.991669: sched_switch: prev_comm=mmcqd/1 prev_pid=116 prev_prio=120 prev_state=S ==> next_comm=swapper/0 next_pid=0 next_prio=120
          <idle>-0     [000] ...2  1245.992059: sched_switch: prev_comm=swapper/0 prev_pid=0 prev_prio=120 prev_state=R ==> next_comm=mmcqd/1 next_pid=116 next_prio=120
         mmcqd/1-116   [000] ...1  1245.992088: block_rq_complete: 179,0 RA () 4052400 + 32 [0]
         mmcqd/1-116   [000] ...2  1245.992106: sched_switch: prev_comm=mmcqd/1 prev_pid=116 prev_prio=120 prev_state=S ==> next_comm=swapper/0 next_pid=0 next_prio=120
          <idle>-0     [000] ...2  1245.992335: sched_switch: prev_comm=swapper/0 prev_pid=0 prev_prio=120 prev_state=R ==> next_comm=mmcqd/1 next_pid=116 next_prio=120
         mmcqd/1-116   [000] ...1  1245.992359: block_rq_complete: 179,0 RA () 4052304 + 8 [0]
         mmcqd/1-116   [000] ...2  1245.992374: sched_switch: prev_comm=mmcqd/1 prev_pid=116 prev_prio=120 prev_state=S ==> next_comm=main next_pid=7216 next_prio=120
            main-7216  [000] ...2  1245.992615: sched_switch: prev_comm=main prev_pid=7216 prev_prio=120 prev_state=R ==> next_comm=mmcqd/1 next_pid=116 next_prio=120
         mmcqd/1-116   [000] ...1  1245.992626: block_rq_complete: 179,0 RA () 4052264 + 8 [0]
         mmcqd/1-116   [000] ...2  1245.992639: sched_switch: prev_comm=mmcqd/1 prev_pid=116 prev_prio=120 prev_state=R+ ==> next_comm=kworker/0:1H next_pid=17 next_prio=100
    kworker/0:1H-17    [000] ...2  1245.992647: sched_switch: prev_comm=kworker/0:1H prev_pid=17 prev_prio=100 prev_state=S ==> next_comm=mmcqd/1 next_pid=116 next_prio=120
         mmcqd/1-116   [000] ...2  1245.992658: sched_switch: prev_comm=mmcqd/1 prev_pid=116 prev_prio=120 prev_state=S ==> next_comm=main next_pid=7216 next_prio=120
            main-7216  [000] ...2  1245.993044: sched_switch: prev_comm=main prev_pid=7216 prev_prio=120 prev_state=R+ ==> next_comm=Binder_9 next_pid=1167 next_prio=120
        Binder_9-1167  [000] ...2  1245.993053: sched_switch: prev_comm=Binder_9 prev_pid=1167 prev_prio=120 prev_state=D ==> next_comm=main next_pid=7216 next_prio=120
            main-7216  [000] ...2  1245.993060: sched_switch: prev_comm=main prev_pid=7216 prev_prio=120 prev_state=R+ ==> next_comm=Binder_9 next_pid=1167 next_prio=120
        Binder_9-1167  [000] ...2  1245.993607: sched_switch: prev_comm=Binder_9 prev_pid=1167 prev_prio=120 prev_state=S ==> next_comm=Binder_1 next_pid=235 next_prio=120
        Binder_1-235   [000] ...2  1245.993690: sched_switch: prev_comm=Binder_1 prev_pid=235 prev_prio=120 prev_state=S ==> next_comm=Binder_9 next_pid=1167 next_prio=120
        Binder_9-1167  [000] ...2  1245.993948: sched_switch: prev_comm=Binder_9 prev_pid=1167 prev_prio=120 prev_state=R+ ==> next_comm=InputDispatcher next_pid=795 next_prio=112
 InputDispatcher-795   [000] ...2  1245.993979: sched_switch: prev_comm=InputDispatcher prev_pid=795 prev_prio=112 prev_state=S ==> next_comm=Binder_9 next_pid=1167 next_prio=120
        Binder_9-1167  [000] ...2  1245.994069: sched_switch: prev_comm=Binder_9 prev_pid=1167 prev_prio=120 prev_state=S ==> next_comm=main next_pid=7216 next_prio=120
          <idle>-0     [001] ...2  1245.994072: sched_switch: prev_comm=swapper/1 prev_pid=0 prev_prio=120 prev_state=R ==> next_comm=Binder_3 next_pid=389 next_prio=120
            main-7216  [000] ...2  1245.994084: sched_switch: prev_comm=main prev_pid=7216 prev_prio=120 prev_state=S ==> next_comm=swapper/0 next_pid=0 next_prio=120
          <idle>-0     [000] ...2  1245.994100: sched_switch: prev_comm=swapper/0 prev_pid=0 prev_prio=120 prev_state=R ==> next_comm=ksoftirqd/0 next_pid=3 next_prio=120
     ksoftirqd/0-3     [000] ...2  1245.994108: sched_switch: prev_comm=ksoftirqd/0 prev_pid=3 prev_prio=120 prev_state=S ==> next_comm=swapper/0 next_pid=0 next_prio=120
          <idle>-0     [000] ...2  1245.994122: sched_switch: prev_comm=swapper/0 prev_pid=0 prev_prio=120 prev_state=R ==> next_comm=ksoftirqd/0 next_pid=3 next_prio=120
     ksoftirqd/0-3     [000] ...2  1245.994128: sched_switch: prev_comm=ksoftirqd/0 prev_pid=3 prev_prio=120 prev_state=S ==> next_comm=swapper/0 next_pid=0 next_prio=120
          <idle>-0     [000] ...2  1245.994142: sched_switch: prev_comm=swapper/0 prev_pid=0 prev_prio=120 prev_state=R ==> next_comm=ksoftirqd/0 next_pid=3 next_prio=120
     ksoftirqd/0-3     [000] ...2  1245.994148: sched_switch: prev_comm=ksoftirqd/0 prev_pid=3 prev_prio=120 prev_state=S ==> next_comm=Binder_9 next_pid=1167 next_prio=120
        Binder_9-1167  [000] ...2  1245.994154: sched_switch: prev_comm=Binder_9 prev_pid=1167 prev_prio=120 prev_state=D ==> next_comm=swapper/0 next_pid=0 next_prio=120
          <idle>-0     [000] ...2  1245.994158: sched_switch: prev_comm=swapper/0 prev_pid=0 prev_prio=120 prev_state=R ==> next_comm=Binder_9 next_pid=1167 next_prio=120
        Binder_3-389   [001] ...2  1245.994163: sched_switch: prev_comm=Binder_3 prev_pid=389 prev_prio=120 prev_state=S ==> next_comm=swapper/1 next_pid=0 next_prio=120
          <idle>-0     [001] ...2  1245.994178: sched_switch: prev_comm=swapper/1 prev_pid=0 prev_prio=120 prev_state=R ==> next_comm=ksoftirqd/1 next_pid=7220 next_prio=120
     ksoftirqd/1-7220  [001] ...2  1245.994186: sched_switch: prev_comm=ksoftirqd/1 prev_pid=7220 prev_prio=120 prev_state=S ==> next_comm=swapper/1 next_pid=0 next_prio=120
          <idle>-0     [001] ...2  1245.994200: sched_switch: prev_comm=swapper/1 prev_pid=0 prev_prio=120 prev_state=R ==> next_comm=ksoftirqd/1 next_pid=7220 next_prio=120
     ksoftirqd/1-7220  [001] ...2  1245.994207: sched_switch: prev_comm=ksoftirqd/1 prev_pid=7220 prev_prio=120 prev_state=S ==> next_comm=android.display next_pid=770 next_prio=116
 android.display-770   [001] ...2  1245.994305: sched_switch: prev_comm=android.display prev_pid=770 prev_prio=116 prev_state=S ==> next_comm=Binder_2 next_pid=237 next_prio=120
        Binder_9-1167  [000] ...2  1245.994341: sched_switch: prev_comm=Binder_9 prev_pid=1167 prev_prio=120 prev_state=R ==> next_comm=EventThread next_pid=320 next_prio=111
        Binder_2-237   [001] ...2  1245.994364: sched_switch: prev_comm=Binder_2 prev_pid=237 prev_prio=120 prev_state=S ==> next_comm=LazyTaskWriterT next_pid=833 next_prio=120
     EventThread-320   [000] ...2  1245.994394: sched_switch: prev_comm=EventThread prev_pid=320 prev_prio=111 prev_state=S ==> next_comm=Binder_1 next_pid=691 next_prio=120
 LazyTaskWriterT-833   [001] ...2  1245.994400: sched_switch: prev_comm=LazyTaskWriterT prev_pid=833 prev_prio=120 prev_state=S ==> next_comm=swapper/1 next_pid=0 next_prio=120
          <idle>-0     [001] ...2  1245.994414: sched_switch: prev_comm=swapper/1 prev_pid=0 prev_prio=120 prev_state=R ==> next_comm=ksoftirqd/1 next_pid=7220 next_prio=120
     ksoftirqd/1-7220  [001] ...2  1245.994423: sched_switch: prev_comm=ksoftirqd/1 prev_pid=7220 prev_prio=120 prev_state=S ==> next_comm=swapper/1 next_pid=0 next_prio=120
        Binder_1-691   [000] ...2  1245.994467: sched_switch: prev_comm=Binder_1 prev_pid=691 prev_prio=120 prev_state=S ==> next_comm=Binder_9 next_pid=1167 next_prio=120
        Binder_9-1167  [000] ...2  1245.994699: sched_switch: prev_comm=Binder_9 prev_pid=1167 prev_prio=120 prev_state=R+ ==> next_comm=ActivityManager next_pid=765 next_prio=118
 ActivityManager-765   [000] ...2  1245.994732: sched_switch: prev_comm=ActivityManager prev_pid=765 prev_prio=118 prev_state=S ==> next_comm=Binder_9 next_pid=1167 next_prio=120
          <idle>-0     [001] ...2  1245.995378: sched_switch: prev_comm=swapper/1 prev_pid=0 prev_prio=120 prev_state=R ==> next_comm=Binder_1 next_pid=2242 next_prio=120
        Binder_9-1167  [000] ...2  1245.995634: sched_switch: prev_comm=Binder_9 prev_pid=1167 prev_prio=120 prev_state=S ==> next_comm=Binder_1 next_pid=1117 next_prio=120
        Binder_1-2242  [001] ...2  1245.995739: sched_switch: prev_comm=Binder_1 prev_pid=2242 prev_prio=120 prev_state=S ==> next_comm=android.bg next_pid=764 next_prio=130
           <...>-764   [001] ...2  1245.995803: sched_switch: prev_comm=android.bg prev_pid=764 prev_prio=130 prev_state=S ==> next_comm=Binder_4 next_pid=1509 next_prio=120
        Binder_4-1509  [001] ...2  1245.995868: sched_switch: prev_comm=Binder_4 prev_pid=1509 prev_prio=120 prev_state=S ==> next_comm=Binder_3 next_pid=1507 next_prio=120
        Binder_1-1117  [000] ...2  1245.995872: sched_switch: prev_comm=Binder_1 prev_pid=1117 prev_prio=120 prev_state=S ==> next_comm=Binder_2 next_pid=1118 next_prio=120
           <...>-1507  [001] ...2  1245.995875: sched_switch: prev_comm=Binder_3 prev_pid=1507 prev_prio=120 prev_state=S ==> next_comm=xample.bdbtrace next_pid=2226 next_prio=120
        Binder_2-1118  [000] ...2  1245.995878: sched_switch: prev_comm=Binder_2 prev_pid=1118 prev_prio=120 prev_state=S ==> next_comm=ActivityManager next_pid=765 next_prio=118
 ActivityManager-765   [000] ...2  1245.995908: sched_switch: prev_comm=ActivityManager prev_pid=765 prev_prio=118 prev_state=S ==> next_comm=droid.launcher3 next_pid=1093 next_prio=120
 droid.launcher3-1093  [000] ...2  1245.996193: sched_switch: prev_comm=droid.launcher3 prev_pid=1093 prev_prio=120 prev_state=S ==> next_comm=Binder_5 next_pid=1577 next_prio=120
        Binder_5-1577  [000] ...2  1245.996248: sched_switch: prev_comm=Binder_5 prev_pid=1577 prev_prio=120 prev_state=S ==> next_comm=EventThread next_pid=320 next_prio=111
     EventThread-320   [000] ...2  1245.996268: sched_switch: prev_comm=EventThread prev_pid=320 prev_prio=111 prev_state=S ==> next_comm=Binder_9 next_pid=1167 next_prio=120
        Binder_9-1167  [000] ...2  1245.996275: sched_switch: prev_comm=Binder_9 prev_pid=1167 prev_prio=120 prev_state=R+ ==> next_comm=Binder_4 next_pid=1054 next_prio=120
        Binder_4-1054  [000] ...2  1245.996281: sched_switch: prev_comm=Binder_4 prev_pid=1054 prev_prio=120 prev_state=D ==> next_comm=Binder_9 next_pid=1167 next_prio=120
        Binder_9-1167  [000] ...2  1245.996287: sched_switch: prev_comm=Binder_9 prev_pid=1167 prev_prio=120 prev_state=R+ ==> next_comm=Binder_4 next_pid=1054 next_prio=120
 xample.bdbtrace-2226  [001] ...2  1245.996288: sched_switch: prev_comm=xample.bdbtrace prev_pid=2226 prev_prio=120 prev_state=S ==> next_comm=LazyTaskWriterT next_pid=833 next_prio=120
        Binder_4-1054  [000] ...2  1245.996292: sched_switch: prev_comm=Binder_4 prev_pid=1054 prev_prio=120 prev_state=D ==> next_comm=Binder_9 next_pid=1167 next_prio=120
        Binder_9-1167  [000] ...2  1245.996304: sched_switch: prev_comm=Binder_9 prev_pid=1167 prev_prio=120 prev_state=R+ ==> next_comm=Binder_4 next_pid=1054 next_prio=120
 LazyTaskWriterT-833   [001] ...2  1245.996320: sched_switch: prev_comm=LazyTaskWriterT prev_pid=833 prev_prio=120 prev_state=S ==> next_comm=Binder_5 next_pid=1075 next_prio=120
        Binder_5-1075  [001] ...2  1245.996335: sched_switch: prev_comm=Binder_5 prev_pid=1075 prev_prio=120 prev_state=S ==> next_comm=RenderThread next_pid=1365 next_prio=116
        Binder_4-1054  [000] ...2  1245.996377: sched_switch: prev_comm=Binder_4 prev_pid=1054 prev_prio=120 prev_state=S ==> next_comm=Binder_9 next_pid=1167 next_prio=120
        Binder_9-1167  [000] ...2  1245.996659: sched_switch: prev_comm=Binder_9 prev_pid=1167 prev_prio=120 prev_state=R+ ==> next_comm=InputDispatcher next_pid=795 next_prio=112
 InputDispatcher-795   [000] ...2  1245.996692: sched_switch: prev_comm=InputDispatcher prev_pid=795 prev_prio=112 prev_state=S ==> next_comm=Binder_9 next_pid=1167 next_prio=120
    RenderThread-1365  [001] ...2  1245.996754: sched_switch: prev_comm=RenderThread prev_pid=1365 prev_prio=116 prev_state=D ==> next_comm=swapper/1 next_pid=0 next_prio=120
        Binder_9-1167  [000] ...2  1245.996787: sched_switch: prev_comm=Binder_9 prev_pid=1167 prev_prio=120 prev_state=R+ ==> next_comm=Binder_1 next_pid=235 next_prio=120
        Binder_1-235   [000] ...2  1245.996794: sched_switch: prev_comm=Binder_1 prev_pid=235 prev_prio=120 prev_state=D ==> next_comm=Binder_9 next_pid=1167 next_prio=120
        Binder_9-1167  [000] ...2  1245.996802: sched_switch: prev_comm=Binder_9 prev_pid=1167 prev_prio=120 prev_state=R+ ==> next_comm=Binder_1 next_pid=235 next_prio=120
        Binder_1-235   [000] ...2  1245.996885: sched_switch: prev_comm=Binder_1 prev_pid=235 prev_prio=120 prev_state=S ==> next_comm=Binder_9 next_pid=1167 next_prio=120
          <idle>-0     [001] ...2  1245.996935: sched_switch: prev_comm=swapper/1 prev_pid=0 prev_prio=120 prev_state=R ==> next_comm=android.display next_pid=770 next_prio=116
 android.display-770   [001] ...2  1245.996969: sched_switch: prev_comm=android.display prev_pid=770 prev_prio=116 prev_state=S ==> next_comm=swapper/1 next_pid=0 next_prio=120
          <idle>-0     [001] ...2  1245.997078: sched_switch: prev_comm=swapper/1 prev_pid=0 prev_prio=120 prev_state=R ==> next_comm=Binder_3 next_pid=389 next_prio=120
        Binder_9-1167  [000] ...2  1245.997083: sched_switch: prev_comm=Binder_9 prev_pid=1167 prev_prio=120 prev_state=S ==> next_comm=swapper/0 next_pid=0 next_prio=120
          <idle>-0     [000] ...2  1245.997102: sched_switch: prev_comm=swapper/0 prev_pid=0 prev_prio=120 prev_state=R ==> next_comm=ksoftirqd/0 next_pid=3 next_prio=120
     ksoftirqd/0-3     [000] ...2  1245.997114: sched_switch: prev_comm=ksoftirqd/0 prev_pid=3 prev_prio=120 prev_state=S ==> next_comm=swapper/0 next_pid=0 next_prio=120
          <idle>-0     [000] ...2  1245.997130: sched_switch: prev_comm=swapper/0 prev_pid=0 prev_prio=120 prev_state=R ==> next_comm=ksoftirqd/0 next_pid=3 next_prio=120
     ksoftirqd/0-3     [000] ...2  1245.997136: sched_switch: prev_comm=ksoftirqd/0 prev_pid=3 prev_prio=120 prev_state=S ==> next_comm=Binder_9 next_pid=1167 next_prio=120
        Binder_3-389   [001] ...2  1245.997144: sched_switch: prev_comm=Binder_3 prev_pid=389 prev_prio=120 prev_state=S ==> next_comm=swapper/1 next_pid=0 next_prio=120
        Binder_9-1167  [000] ...2  1245.997332: sched_switch: prev_comm=Binder_9 prev_pid=1167 prev_prio=120 prev_state=R ==> next_comm=kworker/u:0H next_pid=7 next_prio=100
    kworker/u:0H-7     [000] ...2  1245.997355: sched_switch: prev_comm=kworker/u:0H prev_pid=7 prev_prio=100 prev_state=D ==> next_comm=Binder_9 next_pid=1167 next_prio=120
          <idle>-0     [001] ...2  1245.997356: sched_switch: prev_comm=swapper/1 prev_pid=0 prev_prio=120 prev_state=R ==> next_comm=RenderThread next_pid=1365 next_prio=116
        Binder_9-1167  [000] ...2  1245.997421: sched_switch: prev_comm=Binder_9 prev_pid=1167 prev_prio=120 prev_state=R+ ==> next_comm=InputDispatcher next_pid=795 next_prio=112
 InputDispatcher-795   [000] ...2  1245.997443: sched_switch: prev_comm=InputDispatcher prev_pid=795 prev_prio=112 prev_state=S ==> next_comm=Binder_9 next_pid=1167 next_prio=120
    RenderThread-1365  [001] ...2  1245.997505: sched_switch: prev_comm=RenderThread prev_pid=1365 prev_prio=116 prev_state=D ==> next_comm=swapper/1 next_pid=0 next_prio=120
          <idle>-0     [001] ...2  1245.997524: sched_switch: prev_comm=swapper/1 prev_pid=0 prev_prio=120 prev_state=R ==> next_comm=Binder_2 next_pid=237 next_prio=120
        Binder_9-1167  [000] ...2  1245.997528: sched_switch: prev_comm=Binder_9 prev_pid=1167 prev_prio=120 prev_state=S ==> next_comm=swapper/0 next_pid=0 next_prio=120
        Binder_2-237   [001] ...2  1245.997600: sched_switch: prev_comm=Binder_2 prev_pid=237 prev_prio=120 prev_state=S ==> next_comm=swapper/1 next_pid=0 next_prio=120
          <idle>-0     [000] ...2  1245.997611: sched_switch: prev_comm=swapper/0 prev_pid=0 prev_prio=120 prev_state=R ==> next_comm=kworker/u:0H next_pid=7 next_prio=100
    kworker/u:0H-7     [000] ...2  1245.997632: sched_switch: prev_comm=kworker/u:0H prev_pid=7 prev_prio=100 prev_state=D ==> next_comm=Binder_9 next_pid=1167 next_prio=120
          <idle>-0     [001] ...2  1245.997632: sched_switch: prev_comm=swapper/1 prev_pid=0 prev_prio=120 prev_state=R ==> next_comm=RenderThread next_pid=1365 next_prio=116
    RenderThread-1365  [001] ...2  1245.997693: sched_switch: prev_comm=RenderThread prev_pid=1365 prev_prio=116 prev_state=D ==> next_comm=swapper/1 next_pid=0 next_prio=120
          <idle>-0     [001] ...2  1245.997851: sched_switch: prev_comm=swapper/1 prev_pid=0 prev_prio=120 prev_state=R ==> next_comm=android.bg next_pid=764 next_prio=130
           <...>-764   [001] ...2  1245.997906: sched_switch: prev_comm=android.bg prev_pid=764 prev_prio=130 prev_state=S ==> next_comm=swapper/1 next_pid=0 next_prio=120
        Binder_9-1167  [000] ...2  1245.997922: sched_switch: prev_comm=Binder_9 prev_pid=1167 prev_prio=120 prev_state=R+ ==> next_comm=Binder_2 next_pid=2243 next_prio=120
        Binder_2-2243  [000] ...2  1245.997930: sched_switch: prev_comm=Binder_2 prev_pid=2243 prev_prio=120 prev_state=D ==> next_comm=kworker/u:0H next_pid=7 next_prio=100
    kworker/u:0H-7     [000] ...2  1245.997951: sched_switch: prev_comm=kworker/u:0H prev_pid=7 prev_prio=100 prev_state=D ==> next_comm=Binder_9 next_pid=1167 next_prio=120
          <idle>-0     [001] ...2  1245.997952: sched_switch: prev_comm=swapper/1 prev_pid=0 prev_prio=120 prev_state=R ==> next_comm=RenderThread next_pid=1365 next_prio=116
        Binder_9-1167  [000] ...2  1245.997959: sched_switch: prev_comm=Binder_9 prev_pid=1167 prev_prio=120 prev_state=R+ ==> next_comm=Binder_2 next_pid=2243 next_prio=120
        Binder_2-2243  [000] ...2  1245.998253: sched_switch: prev_comm=Binder_2 prev_pid=2243 prev_prio=120 prev_state=S ==> next_comm=Binder_9 next_pid=1167 next_prio=120
        Binder_9-1167  [000] ...2  1245.998597: sched_switch: prev_comm=Binder_9 prev_pid=1167 prev_prio=120 prev_state=R+ ==> next_comm=InputDispatcher next_pid=795 next_prio=112
 InputDispatcher-795   [000] ...2  1245.998651: sched_switch: prev_comm=InputDispatcher prev_pid=795 prev_prio=112 prev_state=S ==> next_comm=Binder_9 next_pid=1167 next_prio=120
    RenderThread-1365  [001] ...2  1245.998667: sched_switch: prev_comm=RenderThread prev_pid=1365 prev_prio=116 prev_state=R+ ==> next_comm=kworker/u:0 next_pid=3362 next_prio=120
     kworker/u:0-3362  [001] ...2  1245.998675: sched_switch: prev_comm=kworker/u:0 prev_pid=3362 prev_prio=120 prev_state=D ==> next_comm=RenderThread next_pid=1365 next_prio=116
    RenderThread-1365  [001] ...2  1245.998735: sched_switch: prev_comm=RenderThread prev_pid=1365 prev_prio=116 prev_state=R+ ==> next_comm=kworker/u:0 next_pid=3362 next_prio=120
        Binder_9-1167  [000] ...2  1245.998741: sched_switch: prev_comm=Binder_9 prev_pid=1167 prev_prio=120 prev_state=R+ ==> next_comm=kworker/u:1 next_pid=4914 next_prio=120
     kworker/u:1-4914  [000] ...2  1245.998748: sched_switch: prev_comm=kworker/u:1 prev_pid=4914 prev_prio=120 prev_state=S ==> next_comm=Binder_9 next_pid=1167 next_prio=120
        Binder_9-1167  [000] ...2  1245.998757: sched_switch: prev_comm=Binder_9 prev_pid=1167 prev_prio=120 prev_state=R+ ==> next_comm=kworker/u:1 next_pid=4914 next_prio=120
     kworker/u:1-4914  [000] ...2  1245.998762: sched_switch: prev_comm=kworker/u:1 prev_pid=4914 prev_prio=120 prev_state=S ==> next_comm=ActivityManager next_pid=765 next_prio=118
 ActivityManager-765   [000] ...2  1245.998776: sched_switch: prev_comm=ActivityManager prev_pid=765 prev_prio=118 prev_state=S ==> next_comm=Binder_9 next_pid=1167 next_prio=120
     kworker/u:0-3362  [001] ...2  1245.998781: sched_switch: prev_comm=kworker/u:0 prev_pid=3362 prev_prio=120 prev_state=S ==> next_comm=RenderThread next_pid=1365 next_prio=116
        Binder_9-1167  [000] ...2  1245.998789: sched_switch: prev_comm=Binder_9 prev_pid=1167 prev_prio=120 prev_state=R+ ==> next_comm=ActivityManager next_pid=765 next_prio=118
    RenderThread-1365  [001] ...2  1245.998832: sched_switch: prev_comm=RenderThread prev_pid=1365 prev_prio=116 prev_state=S ==> next_comm=swapper/1 next_pid=0 next_prio=120
 ActivityManager-765   [000] ...2  1245.998870: sched_switch: prev_comm=ActivityManager prev_pid=765 prev_prio=118 prev_state=S ==> next_comm=Binder_4 next_pid=1054 next_prio=120
          <idle>-0     [001] ...2  1245.998931: sched_switch: prev_comm=swapper/1 prev_pid=0 prev_prio=120 prev_state=R ==> next_comm=ksoftirqd/1 next_pid=7220 next_prio=120
     ksoftirqd/1-7220  [001] ...2  1245.998940: sched_switch: prev_comm=ksoftirqd/1 prev_pid=7220 prev_prio=120 prev_state=S ==> next_comm=swapper/1 next_pid=0 next_prio=120
          <idle>-0     [001] ...2  1245.998955: sched_switch: prev_comm=swapper/1 prev_pid=0 prev_prio=120 prev_state=R ==> next_comm=ksoftirqd/1 next_pid=7220 next_prio=120
     ksoftirqd/1-7220  [001] ...2  1245.998962: sched_switch: prev_comm=ksoftirqd/1 prev_pid=7220 prev_prio=120 prev_state=S ==> next_comm=xample.bdbtrace next_pid=2226 next_prio=120
        Binder_4-1054  [000] ...2  1245.998992: sched_switch: prev_comm=Binder_4 prev_pid=1054 prev_prio=120 prev_state=S ==> next_comm=Binder_9 next_pid=1167 next_prio=120
        Binder_9-1167  [000] ...2  1245.999043: sched_switch: prev_comm=Binder_9 prev_pid=1167 prev_prio=120 prev_state=S ==> next_comm=main next_pid=7216 next_prio=120
            main-7216  [000] d..2  1245.999298: block_rq_insert: 179,0 R 0 () 1181984 + 8 [main]
            main-7216  [000] d..2  1245.999304: block_rq_insert: 179,0 R 0 () 1182000 + 40 [main]
            main-7216  [000] d..2  1245.999306: block_rq_insert: 179,0 R 0 () 1182048 + 24 [main]
            main-7216  [000] ...2  1245.999316: sched_switch: prev_comm=main prev_pid=7216 prev_prio=120 prev_state=R+ ==> next_comm=mmcqd/1 next_pid=116 next_prio=120
         mmcqd/1-116   [000] ...2  1245.999385: sched_switch: prev_comm=mmcqd/1 prev_pid=116 prev_prio=120 prev_state=S ==> next_comm=main next_pid=7216 next_prio=120
            main-7216  [000] ...2  1245.999392: sched_switch: prev_comm=main prev_pid=7216 prev_prio=120 prev_state=D|W ==> next_comm=swapper/0 next_pid=0 next_prio=120
          <idle>-0     [000] ...2  1245.999408: sched_switch: prev_comm=swapper/0 prev_pid=0 prev_prio=120 prev_state=R ==> next_comm=ksoftirqd/0 next_pid=3 next_prio=120
     ksoftirqd/0-3     [000] ...2  1245.999426: sched_switch: prev_comm=ksoftirqd/0 prev_pid=3 prev_prio=120 prev_state=S ==> next_comm=swapper/0 next_pid=0 next_prio=120
          <idle>-0     [000] ...2  1245.999440: sched_switch: prev_comm=swapper/0 prev_pid=0 prev_prio=120 prev_state=R ==> next_comm=ksoftirqd/0 next_pid=3 next_prio=120
     ksoftirqd/0-3     [000] ...2  1245.999446: sched_switch: prev_comm=ksoftirqd/0 prev_pid=3 prev_prio=120 prev_state=S ==> next_comm=swapper/0 next_pid=0 next_prio=120
          <idle>-0     [000] ...2  1245.999459: sched_switch: prev_comm=swapper/0 prev_pid=0 prev_prio=120 prev_state=R ==> next_comm=ksoftirqd/0 next_pid=3 next_prio=120
     ksoftirqd/0-3     [000] ...2  1245.999464: sched_switch: prev_comm=ksoftirqd/0 prev_pid=3 prev_prio=120 prev_state=S ==> next_comm=swapper/0 next_pid=0 next_prio=120
          <idle>-0     [000] ...2  1245.999609: sched_switch: prev_comm=swapper/0 prev_pid=0 prev_prio=120 prev_state=R ==> next_comm=mmcqd/1 next_pid=116 next_prio=120
         mmcqd/1-116   [000] ...1  1245.999636: block_rq_complete: 179,0 RA () 1181984 + 8 [0]
         mmcqd/1-116   [000] ...2  1245.999660: sched_switch: prev_comm=mmcqd/1 prev_pid=116 prev_prio=120 prev_state=S ==> next_comm=swapper/0 next_pid=0 next_prio=120
          <idle>-0     [000] ...2  1245.999676: sched_switch: prev_comm=swapper/0 prev_pid=0 prev_prio=120 prev_state=R ==> next_comm=Binder_8 next_pid=1160 next_prio=120
        Binder_8-1160  [000] ...2  1245.999768: sched_switch: prev_comm=Binder_8 prev_pid=1160 prev_prio=120 prev_state=S ==> next_comm=swapper/0 next_pid=0 next_prio=120
 xample.bdbtrace-2226  [001] d..2  1245.999840: block_rq_insert: 179,0 R 0 () 851896 + 32 [xample.bdbtrace]
 xample.bdbtrace-2226  [001] ...2  1245.999851: sched_switch: prev_comm=xample.bdbtrace prev_pid=2226 prev_prio=120 prev_state=D|W ==> next_comm=kworker/u:0 next_pid=3362 next_prio=120
     kworker/u:0-3362  [001] ...2  1245.999870: sched_switch: prev_comm=kworker/u:0 prev_pid=3362 prev_prio=120 prev_state=S ==> next_comm=Binder_1 next_pid=7233 next_prio=120
        Binder_1-7233  [001] ...3  1246.000060: sched_switch: prev_comm=Binder_1 prev_pid=7233 prev_prio=120 prev_state=x ==> next_comm=Binder_2 next_pid=7234 next_prio=120
          <idle>-0     [000] ...2  1246.000061: sched_switch: prev_comm=swapper/0 prev_pid=0 prev_prio=120 prev_state=R ==> next_comm=mmcqd/1 next_pid=116 next_prio=120
         mmcqd/1-116   [000] ...1  1246.000092: block_rq_complete: 179,0 RA () 1182000 + 40 [0]
         mmcqd/1-116   [000] ...2  1246.000110: sched_switch: prev_comm=mmcqd/1 prev_pid=116 prev_prio=120 prev_state=S ==> next_comm=main next_pid=7216 next_prio=120
            main-7216  [000] ...2  1246.000147: sched_switch: prev_comm=main prev_pid=7216 prev_prio=120 prev_state=R+ ==> next_comm=Heap thread poo next_pid=7223 next_prio=120
        Binder_2-7234  [001] ...2  1246.000174: sched_switch: prev_comm=Binder_2 prev_pid=7234 prev_prio=120 prev_state=D ==> next_comm=swapper/1 next_pid=0 next_prio=120
          <idle>-0     [001] ...2  1246.000191: sched_switch: prev_comm=swapper/1 prev_pid=0 prev_prio=120 prev_state=R ==> next_comm=ksoftirqd/1 next_pid=7220 next_prio=120
     ksoftirqd/1-7220  [001] ...2  1246.000204: sched_switch: prev_comm=ksoftirqd/1 prev_pid=7220 prev_prio=120 prev_state=S ==> next_comm=Binder_2 next_pid=7234 next_prio=120
 Heap thread poo-7223  [000] ...2  1246.000226: sched_switch: prev_comm=Heap thread poo prev_pid=7223 prev_prio=120 prev_state=D ==> next_comm=Heap thread poo next_pid=7224 next_prio=120
 Heap thread poo-7224  [000] ...2  1246.000237: sched_switch: prev_comm=Heap thread poo prev_pid=7224 prev_prio=120 prev_state=D ==> next_comm=main next_pid=7216 next_prio=120
        Binder_2-7234  [001] ...2  1246.000238: sched_switch: prev_comm=Binder_2 prev_pid=7234 prev_prio=120 prev_state=D ==> next_comm=Heap thread poo next_pid=7223 next_prio=120
            main-7216  [000] ...2  1246.000247: sched_switch: prev_comm=main prev_pid=7216 prev_prio=120 prev_state=D ==> next_comm=swapper/0 next_pid=0 next_prio=120
          <idle>-0     [000] ...2  1246.000251: sched_switch: prev_comm=swapper/0 prev_pid=0 prev_prio=120 prev_state=R ==> next_comm=Heap thread poo next_pid=7224 next_prio=120
 Heap thread poo-7224  [000] ...2  1246.000271: sched_switch: prev_comm=Heap thread poo prev_pid=7224 prev_prio=120 prev_state=D ==> next_comm=main next_pid=7216 next_prio=120
 Heap thread poo-7223  [001] ...3  1246.000280: sched_switch: prev_comm=Heap thread poo prev_pid=7223 prev_prio=120 prev_state=x ==> next_comm=Heap thread poo next_pid=7225 next_prio=120
            main-7216  [000] ...2  1246.000284: sched_switch: prev_comm=main prev_pid=7216 prev_prio=120 prev_state=D ==> next_comm=swapper/0 next_pid=0 next_prio=120
 Heap thread poo-7225  [001] ...2  1246.000292: sched_switch: prev_comm=Heap thread poo prev_pid=7225 prev_prio=120 prev_state=D ==> next_comm=Binder_2 next_pid=7234 next_prio=120
          <idle>-0     [000] ...2  1246.000303: sched_switch: prev_comm=swapper/0 prev_pid=0 prev_prio=120 prev_state=R ==> next_comm=Heap thread poo next_pid=7224 next_prio=120
        Binder_2-7234  [001] ...3  1246.000312: sched_switch: prev_comm=Binder_2 prev_pid=7234 prev_prio=120 prev_state=x ==> next_comm=swapper/1 next_pid=0 next_prio=120
          <idle>-0     [001] ...2  1246.000330: sched_switch: prev_comm=swapper/1 prev_pid=0 prev_prio=120 prev_state=R ==> next_comm=ksoftirqd/1 next_pid=7220 next_prio=120
 Heap thread poo-7224  [000] ...2  1246.000335: sched_switch: prev_comm=Heap thread poo prev_pid=7224 prev_prio=120 prev_state=D ==> next_comm=main next_pid=7216 next_prio=120
     ksoftirqd/1-7220  [001] ...2  1246.000336: sched_switch: prev_comm=ksoftirqd/1 prev_pid=7220 prev_prio=120 prev_state=S ==> next_comm=swapper/1 next_pid=0 next_prio=120
            main-7216  [000] ...2  1246.000371: sched_switch: prev_comm=main prev_pid=7216 prev_prio=120 prev_state=R+ ==> next_comm=Heap thread poo next_pid=7224 next_prio=120
          <idle>-0     [001] ...2  1246.000375: sched_switch: prev_comm=swapper/1 prev_pid=0 prev_prio=120 prev_state=R ==> next_comm=Heap thread poo next_pid=7225 next_prio=120
 Heap thread poo-7225  [001] ...2  1246.000385: sched_switch: prev_comm=Heap thread poo prev_pid=7225 prev_prio=120 prev_state=S ==> next_comm=swapper/1 next_pid=0 next_prio=120
          <idle>-0     [001] ...2  1246.000392: sched_switch: prev_comm=swapper/1 prev_pid=0 prev_prio=120 prev_state=R ==> next_comm=Heap thread poo next_pid=7225 next_prio=120
 Heap thread poo-7224  [000] ...3  1246.000465: sched_switch: prev_comm=Heap thread poo prev_pid=7224 prev_prio=120 prev_state=x ==> next_comm=mmcqd/1 next_pid=116 next_prio=120
         mmcqd/1-116   [000] ...1  1246.000479: block_rq_complete: 179,0 RA () 1182048 + 24 [0]
 Heap thread poo-7225  [001] ...3  1246.000481: sched_switch: prev_comm=Heap thread poo prev_pid=7225 prev_prio=120 prev_state=x ==> next_comm=swapper/1 next_pid=0 next_prio=120
         mmcqd/1-116   [000] ...2  1246.000494: sched_switch: prev_comm=mmcqd/1 prev_pid=116 prev_prio=120 prev_state=R+ ==> next_comm=kworker/0:1H next_pid=17 next_prio=100
    kworker/0:1H-17    [000] ...2  1246.000502: sched_switch: prev_comm=kworker/0:1H prev_pid=17 prev_prio=100 prev_state=S ==> next_comm=mmcqd/1 next_pid=116 next_prio=120
         mmcqd/1-116   [000] ...2  1246.000550: sched_switch: prev_comm=mmcqd/1 prev_pid=116 prev_prio=120 prev_state=S ==> next_comm=main next_pid=7216 next_prio=120
            main-7216  [000] ...2  1246.000635: sched_switch: prev_comm=main prev_pid=7216 prev_prio=120 prev_state=R+ ==> next_comm=JDWP next_pid=7227 next_prio=120
            JDWP-7227  [000] ...3  1246.000781: sched_switch: prev_comm=JDWP prev_pid=7227 prev_prio=120 prev_state=x ==> next_comm=main next_pid=7216 next_prio=120
            main-7216  [000] ...2  1246.000791: sched_switch: prev_comm=main prev_pid=7216 prev_prio=120 prev_state=R+ ==> next_comm=adbd next_pid=778 next_prio=120
            adbd-778   [000] ...2  1246.000946: sched_switch: prev_comm=adbd prev_pid=778 prev_prio=120 prev_state=S ==> next_comm=mmcqd/1 next_pid=116 next_prio=120
         mmcqd/1-116   [000] ...1  1246.000961: block_rq_complete: 179,0 RA () 851896 + 32 [0]
          <idle>-0     [001] ...2  1246.000975: sched_switch: prev_comm=swapper/1 prev_pid=0 prev_prio=120 prev_state=R ==> next_comm=xample.bdbtrace next_pid=2226 next_prio=120
         mmcqd/1-116   [000] ...2  1246.000980: sched_switch: prev_comm=mmcqd/1 prev_pid=116 prev_prio=120 prev_state=R+ ==> next_comm=kworker/0:1H next_pid=17 next_prio=100
    kworker/0:1H-17    [000] ...2  1246.000987: sched_switch: prev_comm=kworker/0:1H prev_pid=17 prev_prio=100 prev_state=S ==> next_comm=mmcqd/1 next_pid=116 next_prio=120
         mmcqd/1-116   [000] ...2  1246.000997: sched_switch: prev_comm=mmcqd/1 prev_pid=116 prev_prio=120 prev_state=S ==> next_comm=main next_pid=7216 next_prio=120
            main-7216  [000] d..2  1246.001084: block_rq_insert: 179,0 R 0 () 1179176 + 16 [main]
            main-7216  [000] dn.2  1246.001093: block_rq_insert: 179,0 R 0 () 1179208 + 32 [main]
            main-7216  [000] dn.2  1246.001096: block_rq_insert: 179,0 R 0 () 1179280 + 64 [main]
            main-7216  [000] dn.2  1246.001098: block_rq_insert: 179,0 R 0 () 1179352 + 8 [main]
            main-7216  [000] dn.2  1246.001100: block_rq_insert: 179,0 R 0 () 1179416 + 16 [main]
            main-7216  [000] ...2  1246.001105: sched_switch: prev_comm=main prev_pid=7216 prev_prio=120 prev_state=R+ ==> next_comm=mmcqd/1 next_pid=116 next_prio=120
         mmcqd/1-116   [000] ...2  1246.001156: sched_switch: prev_comm=mmcqd/1 prev_pid=116 prev_prio=120 prev_state=S ==> next_comm=main next_pid=7216 next_prio=120
            main-7216  [000] ...2  1246.001162: sched_switch: prev_comm=main prev_pid=7216 prev_prio=120 prev_state=D|W ==> next_comm=swapper/0 next_pid=0 next_prio=120
          <idle>-0     [000] ...2  1246.001421: sched_switch: prev_comm=swapper/0 prev_pid=0 prev_prio=120 prev_state=R ==> next_comm=mmcqd/1 next_pid=116 next_prio=120
         mmcqd/1-116   [000] ...1  1246.001448: block_rq_complete: 179,0 RA () 1179176 + 16 [0]
         mmcqd/1-116   [000] ...2  1246.001480: sched_switch: prev_comm=mmcqd/1 prev_pid=116 prev_prio=120 prev_state=S ==> next_comm=swapper/0 next_pid=0 next_prio=120
 xample.bdbtrace-2226  [001] d..2  1246.001814: block_rq_insert: 179,0 R 0 () 852120 + 8 [xample.bdbtrace]
 xample.bdbtrace-2226  [001] ...2  1246.001825: sched_switch: prev_comm=xample.bdbtrace prev_pid=2226 prev_prio=120 prev_state=D|W ==> next_comm=swapper/1 next_pid=0 next_prio=120
          <idle>-0     [000] ...2  1246.001862: sched_switch: prev_comm=swapper/0 prev_pid=0 prev_prio=120 prev_state=R ==> next_comm=mmcqd/1 next_pid=116 next_prio=120
         mmcqd/1-116   [000] ...1  1246.001893: block_rq_complete: 179,0 RA () 1179208 + 32 [0]
         mmcqd/1-116   [000] ...2  1246.001912: sched_switch: prev_comm=mmcqd/1 prev_pid=116 prev_prio=120 prev_state=S ==> next_comm=swapper/0 next_pid=0 next_prio=120
          <idle>-0     [000] ...2  1246.002410: sched_switch: prev_comm=swapper/0 prev_pid=0 prev_prio=120 prev_state=R ==> next_comm=mmcqd/1 next_pid=116 next_prio=120
         mmcqd/1-116   [000] ...1  1246.002446: block_rq_complete: 179,0 RA () 1179280 + 64 [0]
         mmcqd/1-116   [000] ...2  1246.002472: sched_switch: prev_comm=mmcqd/1 prev_pid=116 prev_prio=120 prev_state=S ==> next_comm=main next_pid=7216 next_prio=120
            main-7216  [000] ...2  1246.002502: sched_switch: prev_comm=main prev_pid=7216 prev_prio=120 prev_state=R+ ==> next_comm=Signal Catcher next_pid=7226 next_prio=120
  Signal Catcher-7226  [000] ...3  1246.002633: sched_switch: prev_comm=Signal Catcher prev_pid=7226 prev_prio=120 prev_state=x ==> next_comm=main next_pid=7216 next_prio=120
            main-7216  [000] ...2  1246.002669: sched_switch: prev_comm=main prev_pid=7216 prev_prio=120 prev_state=R+ ==> next_comm=mmcqd/1 next_pid=116 next_prio=120
         mmcqd/1-116   [000] ...1  1246.002695: block_rq_complete: 179,0 RA () 1179352 + 8 [0]
         mmcqd/1-116   [000] ...2  1246.002707: sched_switch: prev_comm=mmcqd/1 prev_pid=116 prev_prio=120 prev_state=S ==> next_comm=main next_pid=7216 next_prio=120
            main-7216  [000] ...2  1246.002714: sched_switch: prev_comm=main prev_pid=7216 prev_prio=120 prev_state=S ==> next_comm=swapper/0 next_pid=0 next_prio=120
          <idle>-0     [000] ...2  1246.003039: sched_switch: prev_comm=swapper/0 prev_pid=0 prev_prio=120 prev_state=R ==> next_comm=mmcqd/1 next_pid=116 next_prio=120
         mmcqd/1-116   [000] ...1  1246.003050: block_rq_complete: 179,0 RA () 1179416 + 16 [0]
         mmcqd/1-116   [000] ...2  1246.003062: sched_switch: prev_comm=mmcqd/1 prev_pid=116 prev_prio=120 prev_state=R+ ==> next_comm=kworker/0:1H next_pid=17 next_prio=100
    kworker/0:1H-17    [000] ...2  1246.003070: sched_switch: prev_comm=kworker/0:1H prev_pid=17 prev_prio=100 prev_state=S ==> next_comm=mmcqd/1 next_pid=116 next_prio=120
         mmcqd/1-116   [000] ...2  1246.003108: sched_switch: prev_comm=mmcqd/1 prev_pid=116 prev_prio=120 prev_state=S ==> next_comm=swapper/0 next_pid=0 next_prio=120
          <idle>-0     [000] ...2  1246.003333: sched_switch: prev_comm=swapper/0 prev_pid=0 prev_prio=120 prev_state=R ==> next_comm=mmcqd/1 next_pid=116 next_prio=120
         mmcqd/1-116   [000] ...1  1246.003343: block_rq_complete: 179,0 RA () 852120 + 8 [0]
          <idle>-0     [001] ...2  1246.003355: sched_switch: prev_comm=swapper/1 prev_pid=0 prev_prio=120 prev_state=R ==> next_comm=xample.bdbtrace next_pid=2226 next_prio=120
         mmcqd/1-116   [000] ...2  1246.003359: sched_switch: prev_comm=mmcqd/1 prev_pid=116 prev_prio=120 prev_state=R+ ==> next_comm=kworker/0:1H next_pid=17 next_prio=100
    kworker/0:1H-17    [000] ...2  1246.003366: sched_switch: prev_comm=kworker/0:1H prev_pid=17 prev_prio=100 prev_state=S ==> next_comm=mmcqd/1 next_pid=116 next_prio=120
         mmcqd/1-116   [000] ...2  1246.003375: sched_switch: prev_comm=mmcqd/1 prev_pid=116 prev_prio=120 prev_state=S ==> next_comm=swapper/0 next_pid=0 next_prio=120
 xample.bdbtrace-2226  [001] d..2  1246.004272: block_rq_insert: 179,0 R 0 () 852320 + 8 [xample.bdbtrace]
          <idle>-0     [000] ...2  1246.004289: sched_switch: prev_comm=swapper/0 prev_pid=0 prev_prio=120 prev_state=R ==> next_comm=mmcqd/1 next_pid=116 next_prio=120
