            main-7539  [001] ...2  1307.985489: sched_switch: prev_comm=app_process prev_pid=7539 prev_prio=120 prev_state=D|W ==> next_comm=swapper/1 next_pid=0 next_prio=120
          <idle>-0     [000] ...2  1307.985494: sched_switch: prev_comm=swapper/0 prev_pid=0 prev_prio=120 prev_state=R ==> next_comm=mmcqd/1 next_pid=116 next_prio=120
         mmcqd/1-116   [000] ...2  1307.985544: sched_switch: prev_comm=mmcqd/1 prev_pid=116 prev_prio=120 prev_state=S ==> next_comm=swapper/0 next_pid=0 next_prio=120
          <idle>-0     [000] ...2  1307.985885: sched_switch: prev_comm=swapper/0 prev_pid=0 prev_prio=120 prev_state=R ==> next_comm=mmcqd/1 next_pid=116 next_prio=120
         mmcqd/1-116   [000] ...1  1307.985902: block_rq_complete: 179,0 RA () 804512 + 32 [0]
          <idle>-0     [001] ...2  1307.985916: sched_switch: prev_comm=swapper/1 prev_pid=0 prev_prio=120 prev_state=R ==> next_comm=app_process next_pid=7539 next_prio=120
         mmcqd/1-116   [000] ...2  1307.985924: sched_switch: prev_comm=mmcqd/1 prev_pid=116 prev_prio=120 prev_state=R+ ==> next_comm=kworker/0:1H next_pid=17 next_prio=100
    kworker/0:1H-17    [000] ...2  1307.985932: sched_switch: prev_comm=kworker/0:1H prev_pid=17 prev_prio=100 prev_state=S ==> next_comm=mmcqd/1 next_pid=116 next_prio=120
         mmcqd/1-116   [000] ...2  1307.985942: sched_switch: prev_comm=mmcqd/1 prev_pid=116 prev_prio=120 prev_state=S ==> next_comm=swapper/0 next_pid=0 next_prio=120
            main-7539  [001] d..2  1307.985961: block_rq_insert: 179,0 R 0 () 805240 + 136 [app_process]
            main-7539  [001] ...2  1307.985973: sched_switch: prev_comm=app_process prev_pid=7539 prev_prio=120 prev_state=D|W ==> next_comm=swapper/1 next_pid=0 next_prio=120
          <idle>-0     [000] ...2  1307.985977: sched_switch: prev_comm=swapper/0 prev_pid=0 prev_prio=120 prev_state=R ==> next_comm=mmcqd/1 next_pid=116 next_prio=120
         mmcqd/1-116   [000] ...2  1307.986059: sched_switch: prev_comm=mmcqd/1 prev_pid=116 prev_prio=120 prev_state=S ==> next_comm=swapper/0 next_pid=0 next_prio=120
          <idle>-0     [000] ...2  1307.986918: sched_switch: prev_comm=swapper/0 prev_pid=0 prev_prio=120 prev_state=R ==> next_comm=mmcqd/1 next_pid=116 next_prio=120
         mmcqd/1-116   [000] ...1  1307.986964: block_rq_complete: 179,0 RA () 805240 + 136 [0]
          <idle>-0     [001] ...2  1307.986981: sched_switch: prev_comm=swapper/1 prev_pid=0 prev_prio=120 prev_state=R ==> next_comm=app_process next_pid=7539 next_prio=120
         mmcqd/1-116   [000] ...2  1307.986989: sched_switch: prev_comm=mmcqd/1 prev_pid=116 prev_prio=120 prev_state=R+ ==> next_comm=kworker/0:1H next_pid=17 next_prio=100
    kworker/0:1H-17    [000] ...2  1307.986998: sched_switch: prev_comm=kworker/0:1H prev_pid=17 prev_prio=100 prev_state=S ==> next_comm=mmcqd/1 next_pid=116 next_prio=120
         mmcqd/1-116   [000] ...2  1307.987009: sched_switch: prev_comm=mmcqd/1 prev_pid=116 prev_prio=120 prev_state=S ==> next_comm=swapper/0 next_pid=0 next_prio=120
            main-7539  [001] d..2  1307.987228: block_rq_insert: 179,0 R 0 () 808656 + 32 [app_process]
            main-7539  [001] ...2  1307.987241: sched_switch: prev_comm=app_process prev_pid=7539 prev_prio=120 prev_state=D|W ==> next_comm=swapper/1 next_pid=0 next_prio=120
          <idle>-0     [000] ...2  1307.987245: sched_switch: prev_comm=swapper/0 prev_pid=0 prev_prio=120 prev_state=R ==> next_comm=mmcqd/1 next_pid=116 next_prio=120
         mmcqd/1-116   [000] ...2  1307.987297: sched_switch: prev_comm=mmcqd/1 prev_pid=116 prev_prio=120 prev_state=S ==> next_comm=swapper/0 next_pid=0 next_prio=120
          <idle>-0     [000] ...2  1307.987683: sched_switch: prev_comm=swapper/0 prev_pid=0 prev_prio=120 prev_state=R ==> next_comm=mmcqd/1 next_pid=116 next_prio=120
         mmcqd/1-116   [000] ...1  1307.987701: block_rq_complete: 179,0 RA () 808656 + 32 [0]
          <idle>-0     [001] ...2  1307.987715: sched_switch: prev_comm=swapper/1 prev_pid=0 prev_prio=120 prev_state=R ==> next_comm=app_process next_pid=7539 next_prio=120
         mmcqd/1-116   [000] ...2  1307.987723: sched_switch: prev_comm=mmcqd/1 prev_pid=116 prev_prio=120 prev_state=R+ ==> next_comm=kworker/0:1H next_pid=17 next_prio=100
    kworker/0:1H-17    [000] ...2  1307.987732: sched_switch: prev_comm=kworker/0:1H prev_pid=17 prev_prio=100 prev_state=S ==> next_comm=mmcqd/1 next_pid=116 next_prio=120
         mmcqd/1-116   [000] ...2  1307.987742: sched_switch: prev_comm=mmcqd/1 prev_pid=116 prev_prio=120 prev_state=S ==> next_comm=swapper/0 next_pid=0 next_prio=120
            main-7539  [001] d..2  1307.987754: block_rq_insert: 179,0 R 0 () 812728 + 136 [app_process]
            main-7539  [001] ...2  1307.987766: sched_switch: prev_comm=app_process prev_pid=7539 prev_prio=120 prev_state=D|W ==> next_comm=swapper/1 next_pid=0 next_prio=120
          <idle>-0     [000] ...2  1307.987769: sched_switch: prev_comm=swapper/0 prev_pid=0 prev_prio=120 prev_state=R ==> next_comm=mmcqd/1 next_pid=116 next_prio=120
         mmcqd/1-116   [000] ...2  1307.987849: sched_switch: prev_comm=mmcqd/1 prev_pid=116 prev_prio=120 prev_state=S ==> next_comm=swapper/0 next_pid=0 next_prio=120
          <idle>-0     [000] ...2  1307.988790: sched_switch: prev_comm=swapper/0 prev_pid=0 prev_prio=120 prev_state=R ==> next_comm=mmcqd/1 next_pid=116 next_prio=120
         mmcqd/1-116   [000] ...1  1307.988833: block_rq_complete: 179,0 RA () 812728 + 136 [0]
          <idle>-0     [001] ...2  1307.988850: sched_switch: prev_comm=swapper/1 prev_pid=0 prev_prio=120 prev_state=R ==> next_comm=app_process next_pid=7539 next_prio=120
         mmcqd/1-116   [000] ...2  1307.988858: sched_switch: prev_comm=mmcqd/1 prev_pid=116 prev_prio=120 prev_state=R+ ==> next_comm=kworker/0:1H next_pid=17 next_prio=100
    kworker/0:1H-17    [000] ...2  1307.988867: sched_switch: prev_comm=kworker/0:1H prev_pid=17 prev_prio=100 prev_state=S ==> next_comm=mmcqd/1 next_pid=116 next_prio=120
         mmcqd/1-116   [000] ...2  1307.988878: sched_switch: prev_comm=mmcqd/1 prev_pid=116 prev_prio=120 prev_state=S ==> next_comm=swapper/0 next_pid=0 next_prio=120
            main-7539  [001] d..2  1307.989118: block_rq_insert: 179,0 R 0 () 812528 + 200 [app_process]
            main-7539  [001] ...2  1307.989132: sched_switch: prev_comm=app_process prev_pid=7539 prev_prio=120 prev_state=D|W ==> next_comm=swapper/1 next_pid=0 next_prio=120
          <idle>-0     [000] ...2  1307.989136: sched_switch: prev_comm=swapper/0 prev_pid=0 prev_prio=120 prev_state=R ==> next_comm=mmcqd/1 next_pid=116 next_prio=120
          <idle>-0     [001] ...2  1307.989148: sched_switch: prev_comm=swapper/1 prev_pid=0 prev_prio=120 prev_state=R ==> next_comm=ksoftirqd/1 next_pid=7536 next_prio=120
     ksoftirqd/1-7536  [001] ...2  1307.989164: sched_switch: prev_comm=ksoftirqd/1 prev_pid=7536 prev_prio=120 prev_state=S ==> next_comm=swapper/1 next_pid=0 next_prio=120
          <idle>-0     [001] ...2  1307.989179: sched_switch: prev_comm=swapper/1 prev_pid=0 prev_prio=120 prev_state=R ==> next_comm=ksoftirqd/1 next_pid=7536 next_prio=120
     ksoftirqd/1-7536  [001] ...2  1307.989187: sched_switch: prev_comm=ksoftirqd/1 prev_pid=7536 prev_prio=120 prev_state=S ==> next_comm=swapper/1 next_pid=0 next_prio=120
          <idle>-0     [001] ...2  1307.989201: sched_switch: prev_comm=swapper/1 prev_pid=0 prev_prio=120 prev_state=R ==> next_comm=ksoftirqd/1 next_pid=7536 next_prio=120
     ksoftirqd/1-7536  [001] ...2  1307.989209: sched_switch: prev_comm=ksoftirqd/1 prev_pid=7536 prev_prio=120 prev_state=S ==> next_comm=swapper/1 next_pid=0 next_prio=120
         mmcqd/1-116   [000] ...2  1307.989237: sched_switch: prev_comm=mmcqd/1 prev_pid=116 prev_prio=120 prev_state=S ==> next_comm=swapper/0 next_pid=0 next_prio=120
          <idle>-0     [000] ...2  1307.990460: sched_switch: prev_comm=swapper/0 prev_pid=0 prev_prio=120 prev_state=R ==> next_comm=mmcqd/1 next_pid=116 next_prio=120
         mmcqd/1-116   [000] ...1  1307.990523: block_rq_complete: 179,0 RA () 812528 + 200 [0]
          <idle>-0     [001] ...2  1307.990540: sched_switch: prev_comm=swapper/1 prev_pid=0 prev_prio=120 prev_state=R ==> next_comm=app_process next_pid=7539 next_prio=120
         mmcqd/1-116   [000] ...2  1307.990550: sched_switch: prev_comm=mmcqd/1 prev_pid=116 prev_prio=120 prev_state=R+ ==> next_comm=kworker/0:1H next_pid=17 next_prio=100
    kworker/0:1H-17    [000] ...2  1307.990560: sched_switch: prev_comm=kworker/0:1H prev_pid=17 prev_prio=100 prev_state=S ==> next_comm=mmcqd/1 next_pid=116 next_prio=120
         mmcqd/1-116   [000] ...2  1307.990573: sched_switch: prev_comm=mmcqd/1 prev_pid=116 prev_prio=120 prev_state=S ==> next_comm=swapper/0 next_pid=0 next_prio=120
            main-7539  [001] d..2  1307.991034: block_rq_insert: 179,0 R 0 () 853200 + 32 [app_process]
            main-7539  [001] ...2  1307.991046: sched_switch: prev_comm=app_process prev_pid=7539 prev_prio=120 prev_state=D|W ==> next_comm=swapper/1 next_pid=0 next_prio=120
          <idle>-0     [000] ...2  1307.991050: sched_switch: prev_comm=swapper/0 prev_pid=0 prev_prio=120 prev_state=R ==> next_comm=mmcqd/1 next_pid=116 next_prio=120
         mmcqd/1-116   [000] ...2  1307.991102: sched_switch: prev_comm=mmcqd/1 prev_pid=116 prev_prio=120 prev_state=S ==> next_comm=swapper/0 next_pid=0 next_prio=120
          <idle>-0     [000] ...2  1307.991485: sched_switch: prev_comm=swapper/0 prev_pid=0 prev_prio=120 prev_state=R ==> next_comm=mmcqd/1 next_pid=116 next_prio=120
         mmcqd/1-116   [000] ...1  1307.991502: block_rq_complete: 179,0 RA () 853200 + 32 [0]
          <idle>-0     [001] ...2  1307.991516: sched_switch: prev_comm=swapper/1 prev_pid=0 prev_prio=120 prev_state=R ==> next_comm=app_process next_pid=7539 next_prio=120
         mmcqd/1-116   [000] ...2  1307.991524: sched_switch: prev_comm=mmcqd/1 prev_pid=116 prev_prio=120 prev_state=R+ ==> next_comm=kworker/0:1H next_pid=17 next_prio=100
    kworker/0:1H-17    [000] ...2  1307.991533: sched_switch: prev_comm=kworker/0:1H prev_pid=17 prev_prio=100 prev_state=S ==> next_comm=mmcqd/1 next_pid=116 next_prio=120
         mmcqd/1-116   [000] ...2  1307.991545: sched_switch: prev_comm=mmcqd/1 prev_pid=116 prev_prio=120 prev_state=S ==> next_comm=swapper/0 next_pid=0 next_prio=120
            main-7539  [001] d..2  1307.991555: block_rq_insert: 179,0 R 0 () 863504 + 136 [app_process]
            main-7539  [001] ...2  1307.991567: sched_switch: prev_comm=app_process prev_pid=7539 prev_prio=120 prev_state=D|W ==> next_comm=swapper/1 next_pid=0 next_prio=120
          <idle>-0     [000] ...2  1307.991570: sched_switch: prev_comm=swapper/0 prev_pid=0 prev_prio=120 prev_state=R ==> next_comm=mmcqd/1 next_pid=116 next_prio=120
         mmcqd/1-116   [000] ...2  1307.991653: sched_switch: prev_comm=mmcqd/1 prev_pid=116 prev_prio=120 prev_state=S ==> next_comm=swapper/0 next_pid=0 next_prio=120
          <idle>-0     [000] ...2  1307.992514: sched_switch: prev_comm=swapper/0 prev_pid=0 prev_prio=120 prev_state=R ==> next_comm=mmcqd/1 next_pid=116 next_prio=120
         mmcqd/1-116   [000] ...1  1307.992558: block_rq_complete: 179,0 RA () 863504 + 136 [0]
          <idle>-0     [001] ...2  1307.992576: sched_switch: prev_comm=swapper/1 prev_pid=0 prev_prio=120 prev_state=R ==> next_comm=app_process next_pid=7539 next_prio=120
         mmcqd/1-116   [000] ...2  1307.992583: sched_switch: prev_comm=mmcqd/1 prev_pid=116 prev_prio=120 prev_state=R+ ==> next_comm=kworker/0:1H next_pid=17 next_prio=100
    kworker/0:1H-17    [000] ...2  1307.992592: sched_switch: prev_comm=kworker/0:1H prev_pid=17 prev_prio=100 prev_state=S ==> next_comm=mmcqd/1 next_pid=116 next_prio=120
         mmcqd/1-116   [000] ...2  1307.992606: sched_switch: prev_comm=mmcqd/1 prev_pid=116 prev_prio=120 prev_state=S ==> next_comm=swapper/0 next_pid=0 next_prio=120
            main-7539  [001] d..2  1307.992822: block_rq_insert: 179,0 R 0 () 855992 + 32 [app_process]
            main-7539  [001] ...2  1307.992837: sched_switch: prev_comm=app_process prev_pid=7539 prev_prio=120 prev_state=D|W ==> next_comm=swapper/1 next_pid=0 next_prio=120
          <idle>-0     [000] ...2  1307.992841: sched_switch: prev_comm=swapper/0 prev_pid=0 prev_prio=120 prev_state=R ==> next_comm=mmcqd/1 next_pid=116 next_prio=120
         mmcqd/1-116   [000] ...2  1307.992896: sched_switch: prev_comm=mmcqd/1 prev_pid=116 prev_prio=120 prev_state=S ==> next_comm=swapper/0 next_pid=0 next_prio=120
          <idle>-0     [000] ...2  1307.993274: sched_switch: prev_comm=swapper/0 prev_pid=0 prev_prio=120 prev_state=R ==> next_comm=mmcqd/1 next_pid=116 next_prio=120
         mmcqd/1-116   [000] ...1  1307.993292: block_rq_complete: 179,0 RA () 855992 + 32 [0]
          <idle>-0     [001] ...2  1307.993306: sched_switch: prev_comm=swapper/1 prev_pid=0 prev_prio=120 prev_state=R ==> next_comm=app_process next_pid=7539 next_prio=120
         mmcqd/1-116   [000] ...2  1307.993314: sched_switch: prev_comm=mmcqd/1 prev_pid=116 prev_prio=120 prev_state=R+ ==> next_comm=kworker/0:1H next_pid=17 next_prio=100
    kworker/0:1H-17    [000] ...2  1307.993323: sched_switch: prev_comm=kworker/0:1H prev_pid=17 prev_prio=100 prev_state=S ==> next_comm=mmcqd/1 next_pid=116 next_prio=120
         mmcqd/1-116   [000] ...2  1307.993335: sched_switch: prev_comm=mmcqd/1 prev_pid=116 prev_prio=120 prev_state=S ==> next_comm=swapper/0 next_pid=0 next_prio=120
            main-7539  [001] d..2  1307.993567: block_rq_insert: 179,0 R 0 () 868176 + 32 [app_process]
            main-7539  [001] ...2  1307.993580: sched_switch: prev_comm=app_process prev_pid=7539 prev_prio=120 prev_state=D|W ==> next_comm=swapper/1 next_pid=0 next_prio=120
          <idle>-0     [000] ...2  1307.993584: sched_switch: prev_comm=swapper/0 prev_pid=0 prev_prio=120 prev_state=R ==> next_comm=mmcqd/1 next_pid=116 next_prio=120
         mmcqd/1-116   [000] ...2  1307.993635: sched_switch: prev_comm=mmcqd/1 prev_pid=116 prev_prio=120 prev_state=S ==> next_comm=swapper/0 next_pid=0 next_prio=120
          <idle>-0     [000] ...2  1307.994035: sched_switch: prev_comm=swapper/0 prev_pid=0 prev_prio=120 prev_state=R ==> next_comm=mmcqd/1 next_pid=116 next_prio=120
         mmcqd/1-116   [000] ...1  1307.994053: block_rq_complete: 179,0 RA () 868176 + 32 [0]
          <idle>-0     [001] ...2  1307.994067: sched_switch: prev_comm=swapper/1 prev_pid=0 prev_prio=120 prev_state=R ==> next_comm=app_process next_pid=7539 next_prio=120
         mmcqd/1-116   [000] ...2  1307.994074: sched_switch: prev_comm=mmcqd/1 prev_pid=116 prev_prio=120 prev_state=R+ ==> next_comm=kworker/0:1H next_pid=17 next_prio=100
    kworker/0:1H-17    [000] ...2  1307.994082: sched_switch: prev_comm=kworker/0:1H prev_pid=17 prev_prio=100 prev_state=S ==> next_comm=mmcqd/1 next_pid=116 next_prio=120
         mmcqd/1-116   [000] ...2  1307.994094: sched_switch: prev_comm=mmcqd/1 prev_pid=116 prev_prio=120 prev_state=S ==> next_comm=swapper/0 next_pid=0 next_prio=120
            main-7539  [001] d..2  1307.994105: block_rq_insert: 179,0 R 0 () 869424 + 136 [app_process]
            main-7539  [001] ...2  1307.994117: sched_switch: prev_comm=app_process prev_pid=7539 prev_prio=120 prev_state=D|W ==> next_comm=swapper/1 next_pid=0 next_prio=120
          <idle>-0     [000] ...2  1307.994120: sched_switch: prev_comm=swapper/0 prev_pid=0 prev_prio=120 prev_state=R ==> next_comm=mmcqd/1 next_pid=116 next_prio=120
         mmcqd/1-116   [000] ...2  1307.994202: sched_switch: prev_comm=mmcqd/1 prev_pid=116 prev_prio=120 prev_state=S ==> next_comm=swapper/0 next_pid=0 next_prio=120
          <idle>-0     [000] ...2  1307.995067: sched_switch: prev_comm=swapper/0 prev_pid=0 prev_prio=120 prev_state=R ==> next_comm=mmcqd/1 next_pid=116 next_prio=120
         mmcqd/1-116   [000] ...1  1307.995112: block_rq_complete: 179,0 RA () 869424 + 136 [0]
          <idle>-0     [001] ...2  1307.995130: sched_switch: prev_comm=swapper/1 prev_pid=0 prev_prio=120 prev_state=R ==> next_comm=app_process next_pid=7539 next_prio=120
         mmcqd/1-116   [000] ...2  1307.995138: sched_switch: prev_comm=mmcqd/1 prev_pid=116 prev_prio=120 prev_state=R+ ==> next_comm=kworker/0:1H next_pid=17 next_prio=100
    kworker/0:1H-17    [000] ...2  1307.995147: sched_switch: prev_comm=kworker/0:1H prev_pid=17 prev_prio=100 prev_state=S ==> next_comm=mmcqd/1 next_pid=116 next_prio=120
         mmcqd/1-116   [000] ...2  1307.995160: sched_switch: prev_comm=mmcqd/1 prev_pid=116 prev_prio=120 prev_state=S ==> next_comm=swapper/0 next_pid=0 next_prio=120
            main-7539  [001] d..2  1307.995379: block_rq_insert: 179,0 R 0 () 869672 + 32 [app_process]
            main-7539  [001] ...2  1307.995394: sched_switch: prev_comm=app_process prev_pid=7539 prev_prio=120 prev_state=D|W ==> next_comm=swapper/1 next_pid=0 next_prio=120
          <idle>-0     [000] ...2  1307.995397: sched_switch: prev_comm=swapper/0 prev_pid=0 prev_prio=120 prev_state=R ==> next_comm=mmcqd/1 next_pid=116 next_prio=120
         mmcqd/1-116   [000] ...2  1307.995451: sched_switch: prev_comm=mmcqd/1 prev_pid=116 prev_prio=120 prev_state=S ==> next_comm=swapper/0 next_pid=0 next_prio=120
          <idle>-0     [000] ...2  1307.995845: sched_switch: prev_comm=swapper/0 prev_pid=0 prev_prio=120 prev_state=R ==> next_comm=mmcqd/1 next_pid=116 next_prio=120
         mmcqd/1-116   [000] ...1  1307.995863: block_rq_complete: 179,0 RA () 869672 + 32 [0]
          <idle>-0     [001] ...2  1307.995877: sched_switch: prev_comm=swapper/1 prev_pid=0 prev_prio=120 prev_state=R ==> next_comm=app_process next_pid=7539 next_prio=120
         mmcqd/1-116   [000] ...2  1307.995885: sched_switch: prev_comm=mmcqd/1 prev_pid=116 prev_prio=120 prev_state=R+ ==> next_comm=kworker/0:1H next_pid=17 next_prio=100
    kworker/0:1H-17    [000] ...2  1307.995893: sched_switch: prev_comm=kworker/0:1H prev_pid=17 prev_prio=100 prev_state=S ==> next_comm=mmcqd/1 next_pid=116 next_prio=120
         mmcqd/1-116   [000] ...2  1307.995904: sched_switch: prev_comm=mmcqd/1 prev_pid=116 prev_prio=120 prev_state=S ==> next_comm=swapper/0 next_pid=0 next_prio=120
            main-7539  [001] d..2  1307.995910: block_rq_insert: 179,0 R 0 () 869704 + 64 [app_process]
          <idle>-0     [000] ...2  1307.995927: sched_switch: prev_comm=swapper/0 prev_pid=0 prev_prio=120 prev_state=R ==> next_comm=mmcqd/1 next_pid=116 next_prio=120
            main-7539  [001] d..2  1307.995958: block_rq_insert: 179,0 R 0 () 869768 + 40 [app_process]
            main-7539  [001] ...2  1307.995967: sched_switch: prev_comm=app_process prev_pid=7539 prev_prio=120 prev_state=D|W ==> next_comm=swapper/1 next_pid=0 next_prio=120
         mmcqd/1-116   [000] ...2  1307.996005: sched_switch: prev_comm=mmcqd/1 prev_pid=116 prev_prio=120 prev_state=S ==> next_comm=swapper/0 next_pid=0 next_prio=120
          <idle>-0     [000] ...2  1307.996541: sched_switch: prev_comm=swapper/0 prev_pid=0 prev_prio=120 prev_state=R ==> next_comm=mmcqd/1 next_pid=116 next_prio=120
         mmcqd/1-116   [000] ...1  1307.996586: block_rq_complete: 179,0 RA () 869704 + 64 [0]
          <idle>-0     [001] ...2  1307.996602: sched_switch: prev_comm=swapper/1 prev_pid=0 prev_prio=120 prev_state=R ==> next_comm=app_process next_pid=7539 next_prio=120
         mmcqd/1-116   [000] ...2  1307.996608: sched_switch: prev_comm=mmcqd/1 prev_pid=116 prev_prio=120 prev_state=S ==> next_comm=swapper/0 next_pid=0 next_prio=120
            main-7539  [001] ...2  1307.996675: sched_switch: prev_comm=app_process prev_pid=7539 prev_prio=120 prev_state=D|W ==> next_comm=swapper/1 next_pid=0 next_prio=120
          <idle>-0     [000] ...2  1307.996981: sched_switch: prev_comm=swapper/0 prev_pid=0 prev_prio=120 prev_state=R ==> next_comm=mmcqd/1 next_pid=116 next_prio=120
         mmcqd/1-116   [000] ...1  1307.997001: block_rq_complete: 179,0 RA () 869768 + 40 [0]
          <idle>-0     [001] ...2  1307.997015: sched_switch: prev_comm=swapper/1 prev_pid=0 prev_prio=120 prev_state=R ==> next_comm=app_process next_pid=7539 next_prio=120
         mmcqd/1-116   [000] ...2  1307.997024: sched_switch: prev_comm=mmcqd/1 prev_pid=116 prev_prio=120 prev_state=R+ ==> next_comm=kworker/0:1H next_pid=17 next_prio=100
    kworker/0:1H-17    [000] ...2  1307.997032: sched_switch: prev_comm=kworker/0:1H prev_pid=17 prev_prio=100 prev_state=S ==> next_comm=mmcqd/1 next_pid=116 next_prio=120
         mmcqd/1-116   [000] ...2  1307.997044: sched_switch: prev_comm=mmcqd/1 prev_pid=116 prev_prio=120 prev_state=S ==> next_comm=swapper/0 next_pid=0 next_prio=120
            main-7539  [001] d..2  1307.997150: block_rq_insert: 179,0 R 0 () 863648 + 32 [app_process]
            main-7539  [001] ...2  1307.997163: sched_switch: prev_comm=app_process prev_pid=7539 prev_prio=120 prev_state=D|W ==> next_comm=swapper/1 next_pid=0 next_prio=120
          <idle>-0     [000] ...2  1307.997167: sched_switch: prev_comm=swapper/0 prev_pid=0 prev_prio=120 prev_state=R ==> next_comm=mmcqd/1 next_pid=116 next_prio=120
         mmcqd/1-116   [000] ...2  1307.997221: sched_switch: prev_comm=mmcqd/1 prev_pid=116 prev_prio=120 prev_state=S ==> next_comm=swapper/0 next_pid=0 next_prio=120
          <idle>-0     [000] ...2  1307.997558: sched_switch: prev_comm=swapper/0 prev_pid=0 prev_prio=120 prev_state=R ==> next_comm=mmcqd/1 next_pid=116 next_prio=120
         mmcqd/1-116   [000] ...1  1307.997577: block_rq_complete: 179,0 RA () 863648 + 32 [0]
          <idle>-0     [001] ...2  1307.997591: sched_switch: prev_comm=swapper/1 prev_pid=0 prev_prio=120 prev_state=R ==> next_comm=app_process next_pid=7539 next_prio=120
         mmcqd/1-116   [000] ...2  1307.997598: sched_switch: prev_comm=mmcqd/1 prev_pid=116 prev_prio=120 prev_state=R+ ==> next_comm=kworker/0:1H next_pid=17 next_prio=100
    kworker/0:1H-17    [000] ...2  1307.997606: sched_switch: prev_comm=kworker/0:1H prev_pid=17 prev_prio=100 prev_state=S ==> next_comm=mmcqd/1 next_pid=116 next_prio=120
         mmcqd/1-116   [000] ...2  1307.997617: sched_switch: prev_comm=mmcqd/1 prev_pid=116 prev_prio=120 prev_state=S ==> next_comm=swapper/0 next_pid=0 next_prio=120
            main-7539  [001] d..2  1307.997623: block_rq_insert: 179,0 R 0 () 863680 + 40 [app_process]
          <idle>-0     [000] ...2  1307.997640: sched_switch: prev_comm=swapper/0 prev_pid=0 prev_prio=120 prev_state=R ==> next_comm=mmcqd/1 next_pid=116 next_prio=120
            main-7539  [001] ...2  1307.997660: sched_switch: prev_comm=app_process prev_pid=7539 prev_prio=120 prev_state=D|W ==> next_comm=swapper/1 next_pid=0 next_prio=120
         mmcqd/1-116   [000] ...2  1307.997691: sched_switch: prev_comm=mmcqd/1 prev_pid=116 prev_prio=120 prev_state=S ==> next_comm=swapper/0 next_pid=0 next_prio=120
          <idle>-0     [000] ...2  1307.998108: sched_switch: prev_comm=swapper/0 prev_pid=0 prev_prio=120 prev_state=R ==> next_comm=mmcqd/1 next_pid=116 next_prio=120
         mmcqd/1-116   [000] ...1  1307.998126: block_rq_complete: 179,0 RA () 863680 + 40 [0]
          <idle>-0     [001] ...2  1307.998141: sched_switch: prev_comm=swapper/1 prev_pid=0 prev_prio=120 prev_state=R ==> next_comm=app_process next_pid=7539 next_prio=120
         mmcqd/1-116   [000] ...2  1307.998148: sched_switch: prev_comm=mmcqd/1 prev_pid=116 prev_prio=120 prev_state=R+ ==> next_comm=kworker/0:1H next_pid=17 next_prio=100
    kworker/0:1H-17    [000] ...2  1307.998157: sched_switch: prev_comm=kworker/0:1H prev_pid=17 prev_prio=100 prev_state=S ==> next_comm=mmcqd/1 next_pid=116 next_prio=120
         mmcqd/1-116   [000] ...2  1307.998168: sched_switch: prev_comm=mmcqd/1 prev_pid=116 prev_prio=120 prev_state=S ==> next_comm=swapper/0 next_pid=0 next_prio=120
            main-7539  [001] d..2  1307.998249: block_rq_insert: 179,0 R 0 () 863808 + 8 [app_process]
            main-7539  [001] ...2  1307.998262: sched_switch: prev_comm=app_process prev_pid=7539 prev_prio=120 prev_state=D|W ==> next_comm=swapper/1 next_pid=0 next_prio=120
          <idle>-0     [000] ...2  1307.998266: sched_switch: prev_comm=swapper/0 prev_pid=0 prev_prio=120 prev_state=R ==> next_comm=mmcqd/1 next_pid=116 next_prio=120
         mmcqd/1-116   [000] ...2  1307.998308: sched_switch: prev_comm=mmcqd/1 prev_pid=116 prev_prio=120 prev_state=S ==> next_comm=swapper/0 next_pid=0 next_prio=120
          <idle>-0     [000] ...2  1307.998553: sched_switch: prev_comm=swapper/0 prev_pid=0 prev_prio=120 prev_state=R ==> next_comm=mmcqd/1 next_pid=116 next_prio=120
         mmcqd/1-116   [000] ...1  1307.998564: block_rq_complete: 179,0 RA () 863808 + 8 [0]
          <idle>-0     [001] ...2  1307.998577: sched_switch: prev_comm=swapper/1 prev_pid=0 prev_prio=120 prev_state=R ==> next_comm=app_process next_pid=7539 next_prio=120
         mmcqd/1-116   [000] ...2  1307.998584: sched_switch: prev_comm=mmcqd/1 prev_pid=116 prev_prio=120 prev_state=R+ ==> next_comm=kworker/0:1H next_pid=17 next_prio=100
    kworker/0:1H-17    [000] ...2  1307.998593: sched_switch: prev_comm=kworker/0:1H prev_pid=17 prev_prio=100 prev_state=S ==> next_comm=mmcqd/1 next_pid=116 next_prio=120
         mmcqd/1-116   [000] ...2  1307.998603: sched_switch: prev_comm=mmcqd/1 prev_pid=116 prev_prio=120 prev_state=S ==> next_comm=swapper/0 next_pid=0 next_prio=120
            main-7539  [001] d..2  1307.998644: block_rq_insert: 179,0 R 0 () 802992 + 32 [app_process]
            main-7539  [001] ...2  1307.998657: sched_switch: prev_comm=app_process prev_pid=7539 prev_prio=120 prev_state=D|W ==> next_comm=swapper/1 next_pid=0 next_prio=120
          <idle>-0     [000] ...2  1307.998660: sched_switch: prev_comm=swapper/0 prev_pid=0 prev_prio=120 prev_state=R ==> next_comm=mmcqd/1 next_pid=116 next_prio=120
         mmcqd/1-116   [000] ...2  1307.998709: sched_switch: prev_comm=mmcqd/1 prev_pid=116 prev_prio=120 prev_state=S ==> next_comm=swapper/0 next_pid=0 next_prio=120
          <idle>-0     [001] ...2  1307.998914: sched_switch: prev_comm=swapper/1 prev_pid=0 prev_prio=120 prev_state=R ==> next_comm=kworker/u:1 next_pid=4914 next_prio=120
     kworker/u:1-4914  [001] ...2  1307.998930: sched_switch: prev_comm=kworker/u:1 prev_pid=4914 prev_prio=120 prev_state=S ==> next_comm=ksoftirqd/1 next_pid=7536 next_prio=120
          <idle>-0     [000] ...2  1307.998933: sched_switch: prev_comm=swapper/0 prev_pid=0 prev_prio=120 prev_state=R ==> next_comm=mpdecision next_pid=1527 next_prio=113
     ksoftirqd/1-7536  [001] ...2  1307.998941: sched_switch: prev_comm=ksoftirqd/1 prev_pid=7536 prev_prio=120 prev_state=S ==> next_comm=swapper/1 next_pid=0 next_prio=120
          <idle>-0     [001] ...2  1307.998954: sched_switch: prev_comm=swapper/1 prev_pid=0 prev_prio=120 prev_state=R ==> next_comm=ksoftirqd/1 next_pid=7536 next_prio=120
     ksoftirqd/1-7536  [001] ...2  1307.998961: sched_switch: prev_comm=ksoftirqd/1 prev_pid=7536 prev_prio=120 prev_state=S ==> next_comm=swapper/1 next_pid=0 next_prio=120
          <idle>-0     [001] ...2  1307.998974: sched_switch: prev_comm=swapper/1 prev_pid=0 prev_prio=120 prev_state=R ==> next_comm=ksoftirqd/1 next_pid=7536 next_prio=120
     ksoftirqd/1-7536  [001] ...2  1307.998979: sched_switch: prev_comm=ksoftirqd/1 prev_pid=7536 prev_prio=120 prev_state=S ==> next_comm=swapper/1 next_pid=0 next_prio=120
      mpdecision-1527  [000] ...2  1307.999251: sched_switch: prev_comm=mpdecision prev_pid=1527 prev_prio=113 prev_state=S ==> next_comm=mmcqd/1 next_pid=116 next_prio=120
         mmcqd/1-116   [000] ...1  1307.999271: block_rq_complete: 179,0 RA () 802992 + 32 [0]
          <idle>-0     [001] ...2  1307.999289: sched_switch: prev_comm=swapper/1 prev_pid=0 prev_prio=120 prev_state=R ==> next_comm=app_process next_pid=7539 next_prio=120
         mmcqd/1-116   [000] ...2  1307.999294: sched_switch: prev_comm=mmcqd/1 prev_pid=116 prev_prio=120 prev_state=R+ ==> next_comm=kworker/0:1H next_pid=17 next_prio=100
    kworker/0:1H-17    [000] ...2  1307.999303: sched_switch: prev_comm=kworker/0:1H prev_pid=17 prev_prio=100 prev_state=S ==> next_comm=mmcqd/1 next_pid=116 next_prio=120
         mmcqd/1-116   [000] ...2  1307.999313: sched_switch: prev_comm=mmcqd/1 prev_pid=116 prev_prio=120 prev_state=S ==> next_comm=swapper/0 next_pid=0 next_prio=120
            main-7539  [001] d..2  1307.999328: block_rq_insert: 179,0 R 0 () 803104 + 136 [app_process]
          <idle>-0     [000] ...2  1307.999331: sched_switch: prev_comm=swapper/0 prev_pid=0 prev_prio=120 prev_state=R ==> next_comm=ksoftirqd/0 next_pid=3 next_prio=120
            main-7539  [001] ...2  1307.999339: sched_switch: prev_comm=app_process prev_pid=7539 prev_prio=120 prev_state=D|W ==> next_comm=swapper/1 next_pid=0 next_prio=120
     ksoftirqd/0-3     [000] ...2  1307.999340: sched_switch: prev_comm=ksoftirqd/0 prev_pid=3 prev_prio=120 prev_state=S ==> next_comm=mmcqd/1 next_pid=116 next_prio=120
         mmcqd/1-116   [000] ...2  1307.999425: sched_switch: prev_comm=mmcqd/1 prev_pid=116 prev_prio=120 prev_state=S ==> next_comm=swapper/0 next_pid=0 next_prio=120
          <idle>-0     [000] ...2  1307.999444: sched_switch: prev_comm=swapper/0 prev_pid=0 prev_prio=120 prev_state=R ==> next_comm=ksoftirqd/0 next_pid=3 next_prio=120
     ksoftirqd/0-3     [000] ...2  1307.999451: sched_switch: prev_comm=ksoftirqd/0 prev_pid=3 prev_prio=120 prev_state=S ==> next_comm=swapper/0 next_pid=0 next_prio=120
          <idle>-0     [000] ...2  1307.999469: sched_switch: prev_comm=swapper/0 prev_pid=0 prev_prio=120 prev_state=R ==> next_comm=ksoftirqd/0 next_pid=3 next_prio=120
     ksoftirqd/0-3     [000] ...2  1307.999478: sched_switch: prev_comm=ksoftirqd/0 prev_pid=3 prev_prio=120 prev_state=S ==> next_comm=swapper/0 next_pid=0 next_prio=120
          <idle>-0     [000] ...2  1308.000290: sched_switch: prev_comm=swapper/0 prev_pid=0 prev_prio=120 prev_state=R ==> next_comm=mmcqd/1 next_pid=116 next_prio=120
         mmcqd/1-116   [000] ...1  1308.000336: block_rq_complete: 179,0 RA () 803104 + 136 [0]
          <idle>-0     [001] ...2  1308.000354: sched_switch: prev_comm=swapper/1 prev_pid=0 prev_prio=120 prev_state=R ==> next_comm=app_process next_pid=7539 next_prio=120
         mmcqd/1-116   [000] ...2  1308.000362: sched_switch: prev_comm=mmcqd/1 prev_pid=116 prev_prio=120 prev_state=R+ ==> next_comm=kworker/0:1H next_pid=17 next_prio=100
    kworker/0:1H-17    [000] ...2  1308.000371: sched_switch: prev_comm=kworker/0:1H prev_pid=17 prev_prio=100 prev_state=S ==> next_comm=mmcqd/1 next_pid=116 next_prio=120
         mmcqd/1-116   [000] ...2  1308.000382: sched_switch: prev_comm=mmcqd/1 prev_pid=116 prev_prio=120 prev_state=S ==> next_comm=swapper/0 next_pid=0 next_prio=120
            main-7539  [001] d..2  1308.000601: block_rq_insert: 179,0 R 0 () 803392 + 32 [app_process]
            main-7539  [001] ...2  1308.000615: sched_switch: prev_comm=app_process prev_pid=7539 prev_prio=120 prev_state=D|W ==> next_comm=swapper/1 next_pid=0 next_prio=120
          <idle>-0     [000] ...2  1308.000619: sched_switch: prev_comm=swapper/0 prev_pid=0 prev_prio=120 prev_state=R ==> next_comm=mmcqd/1 next_pid=116 next_prio=120
         mmcqd/1-116   [000] ...2  1308.000672: sched_switch: prev_comm=mmcqd/1 prev_pid=116 prev_prio=120 prev_state=S ==> next_comm=swapper/0 next_pid=0 next_prio=120
          <idle>-0     [000] ...2  1308.001019: sched_switch: prev_comm=swapper/0 prev_pid=0 prev_prio=120 prev_state=R ==> next_comm=mmcqd/1 next_pid=116 next_prio=120
         mmcqd/1-116   [000] ...1  1308.001037: block_rq_complete: 179,0 RA () 803392 + 32 [0]
          <idle>-0     [001] ...2  1308.001051: sched_switch: prev_comm=swapper/1 prev_pid=0 prev_prio=120 prev_state=R ==> next_comm=app_process next_pid=7539 next_prio=120
         mmcqd/1-116   [000] ...2  1308.001060: sched_switch: prev_comm=mmcqd/1 prev_pid=116 prev_prio=120 prev_state=R+ ==> next_comm=kworker/0:1H next_pid=17 next_prio=100
    kworker/0:1H-17    [000] ...2  1308.001069: sched_switch: prev_comm=kworker/0:1H prev_pid=17 prev_prio=100 prev_state=S ==> next_comm=mmcqd/1 next_pid=116 next_prio=120
         mmcqd/1-116   [000] ...2  1308.001079: sched_switch: prev_comm=mmcqd/1 prev_pid=116 prev_prio=120 prev_state=S ==> next_comm=swapper/0 next_pid=0 next_prio=120
            main-7539  [001] d..2  1308.001097: block_rq_insert: 179,0 R 0 () 804336 + 136 [app_process]
            main-7539  [001] ...2  1308.001108: sched_switch: prev_comm=app_process prev_pid=7539 prev_prio=120 prev_state=D|W ==> next_comm=swapper/1 next_pid=0 next_prio=120
          <idle>-0     [000] ...2  1308.001112: sched_switch: prev_comm=swapper/0 prev_pid=0 prev_prio=120 prev_state=R ==> next_comm=mmcqd/1 next_pid=116 next_prio=120
         mmcqd/1-116   [000] ...2  1308.001193: sched_switch: prev_comm=mmcqd/1 prev_pid=116 prev_prio=120 prev_state=S ==> next_comm=swapper/0 next_pid=0 next_prio=120
          <idle>-0     [000] ...2  1308.002120: sched_switch: prev_comm=swapper/0 prev_pid=0 prev_prio=120 prev_state=R ==> next_comm=mmcqd/1 next_pid=116 next_prio=120
         mmcqd/1-116   [000] ...1  1308.002165: block_rq_complete: 179,0 RA () 804336 + 136 [0]
          <idle>-0     [001] ...2  1308.002183: sched_switch: prev_comm=swapper/1 prev_pid=0 prev_prio=120 prev_state=R ==> next_comm=app_process next_pid=7539 next_prio=120
         mmcqd/1-116   [000] ...2  1308.002191: sched_switch: prev_comm=mmcqd/1 prev_pid=116 prev_prio=120 prev_state=R+ ==> next_comm=kworker/0:1H next_pid=17 next_prio=100
    kworker/0:1H-17    [000] ...2  1308.002201: sched_switch: prev_comm=kworker/0:1H prev_pid=17 prev_prio=100 prev_state=S ==> next_comm=mmcqd/1 next_pid=116 next_prio=120
         mmcqd/1-116   [000] ...2  1308.002212: sched_switch: prev_comm=mmcqd/1 prev_pid=116 prev_prio=120 prev_state=S ==> next_comm=swapper/0 next_pid=0 next_prio=120
            main-7539  [001] d..2  1308.002453: block_rq_insert: 179,0 FWS 0 () 0 + 0 [app_process]
            main-7539  [001] ...2  1308.002468: sched_switch: prev_comm=app_process prev_pid=7539 prev_prio=120 prev_state=D ==> next_comm=swapper/1 next_pid=0 next_prio=120
          <idle>-0     [000] ...2  1308.002472: sched_switch: prev_comm=swapper/0 prev_pid=0 prev_prio=120 prev_state=R ==> next_comm=mmcqd/1 next_pid=116 next_prio=120
         mmcqd/1-116   [000] ...2  1308.002497: sched_switch: prev_comm=mmcqd/1 prev_pid=116 prev_prio=120 prev_state=D ==> next_comm=swapper/0 next_pid=0 next_prio=120
          <idle>-0     [000] ...2  1308.002535: sched_switch: prev_comm=swapper/0 prev_pid=0 prev_prio=120 prev_state=R ==> next_comm=mmcqd/1 next_pid=116 next_prio=120
         mmcqd/1-116   [000] d..2  1308.002564: block_rq_complete: 179,0 WS () 0 + 0 [0]
          <idle>-0     [001] ...2  1308.002577: sched_switch: prev_comm=swapper/1 prev_pid=0 prev_prio=120 prev_state=R ==> next_comm=app_process next_pid=7539 next_prio=120
         mmcqd/1-116   [000] ...2  1308.002586: sched_switch: prev_comm=mmcqd/1 prev_pid=116 prev_prio=120 prev_state=S ==> next_comm=swapper/0 next_pid=0 next_prio=120
            main-7539  [001] d..2  1308.010922: block_rq_insert: 179,0 R 0 () 4072736 + 128 [main]
            main-7539  [001] ...2  1308.010940: sched_switch: prev_comm=main prev_pid=7539 prev_prio=120 prev_state=D|W ==> next_comm=swapper/1 next_pid=0 next_prio=120
          <idle>-0     [000] ...2  1308.010942: sched_switch: prev_comm=swapper/0 prev_pid=0 prev_prio=120 prev_state=R ==> next_comm=mmcqd/1 next_pid=116 next_prio=120
          <idle>-0     [001] ...2  1308.010955: sched_switch: prev_comm=swapper/1 prev_pid=0 prev_prio=120 prev_state=R ==> next_comm=ksoftirqd/1 next_pid=7536 next_prio=120
     ksoftirqd/1-7536  [001] ...2  1308.010963: sched_switch: prev_comm=ksoftirqd/1 prev_pid=7536 prev_prio=120 prev_state=S ==> next_comm=swapper/1 next_pid=0 next_prio=120
          <idle>-0     [001] ...2  1308.010979: sched_switch: prev_comm=swapper/1 prev_pid=0 prev_prio=120 prev_state=R ==> next_comm=ksoftirqd/1 next_pid=7536 next_prio=120
     ksoftirqd/1-7536  [001] ...2  1308.010987: sched_switch: prev_comm=ksoftirqd/1 prev_pid=7536 prev_prio=120 prev_state=S ==> next_comm=swapper/1 next_pid=0 next_prio=120
          <idle>-0     [001] ...2  1308.011000: sched_switch: prev_comm=swapper/1 prev_pid=0 prev_prio=120 prev_state=R ==> next_comm=ksoftirqd/1 next_pid=7536 next_prio=120
     ksoftirqd/1-7536  [001] ...2  1308.011008: sched_switch: prev_comm=ksoftirqd/1 prev_pid=7536 prev_prio=120 prev_state=S ==> next_comm=swapper/1 next_pid=0 next_prio=120
         mmcqd/1-116   [000] ...2  1308.011026: sched_switch: prev_comm=mmcqd/1 prev_pid=116 prev_prio=120 prev_state=S ==> next_comm=swapper/0 next_pid=0 next_prio=120
          <idle>-0     [000] ...2  1308.011980: sched_switch: prev_comm=swapper/0 prev_pid=0 prev_prio=120 prev_state=R ==> next_comm=mmcqd/1 next_pid=116 next_prio=120
         mmcqd/1-116   [000] ...1  1308.012023: block_rq_complete: 179,0 RA () 4072736 + 128 [0]
          <idle>-0     [001] ...2  1308.012043: sched_switch: prev_comm=swapper/1 prev_pid=0 prev_prio=120 prev_state=R ==> next_comm=main next_pid=7539 next_prio=120
         mmcqd/1-116   [000] ...2  1308.012051: sched_switch: prev_comm=mmcqd/1 prev_pid=116 prev_prio=120 prev_state=R+ ==> next_comm=kworker/0:1H next_pid=17 next_prio=100
    kworker/0:1H-17    [000] ...2  1308.012062: sched_switch: prev_comm=kworker/0:1H prev_pid=17 prev_prio=100 prev_state=S ==> next_comm=mmcqd/1 next_pid=116 next_prio=120
         mmcqd/1-116   [000] ...2  1308.012076: sched_switch: prev_comm=mmcqd/1 prev_pid=116 prev_prio=120 prev_state=S ==> next_comm=swapper/0 next_pid=0 next_prio=120
            main-7539  [001] d..2  1308.012142: block_rq_insert: 179,0 R 0 () 4076944 + 16 [main]
            main-7539  [001] d..2  1308.012145: block_rq_insert: 179,0 R 0 () 4076968 + 80 [main]
            main-7539  [001] d..2  1308.012147: block_rq_insert: 179,0 R 0 () 4077080 + 32 [main]
            main-7539  [001] ...2  1308.012160: sched_switch: prev_comm=main prev_pid=7539 prev_prio=120 prev_state=D|W ==> next_comm=swapper/1 next_pid=0 next_prio=120
          <idle>-0     [000] ...2  1308.012163: sched_switch: prev_comm=swapper/0 prev_pid=0 prev_prio=120 prev_state=R ==> next_comm=mmcqd/1 next_pid=116 next_prio=120
         mmcqd/1-116   [000] ...2  1308.012242: sched_switch: prev_comm=mmcqd/1 prev_pid=116 prev_prio=120 prev_state=S ==> next_comm=swapper/0 next_pid=0 next_prio=120
          <idle>-0     [000] ...2  1308.012465: sched_switch: prev_comm=swapper/0 prev_pid=0 prev_prio=120 prev_state=R ==> next_comm=mmcqd/1 next_pid=116 next_prio=120
         mmcqd/1-116   [000] ...1  1308.012499: block_rq_complete: 179,0 RA () 4076944 + 16 [0]
         mmcqd/1-116   [000] ...2  1308.012531: sched_switch: prev_comm=mmcqd/1 prev_pid=116 prev_prio=120 prev_state=S ==> next_comm=swapper/0 next_pid=0 next_prio=120
          <idle>-0     [000] ...2  1308.013086: sched_switch: prev_comm=swapper/0 prev_pid=0 prev_prio=120 prev_state=R ==> next_comm=mmcqd/1 next_pid=116 next_prio=120
         mmcqd/1-116   [000] ...1  1308.013133: block_rq_complete: 179,0 RA () 4076968 + 80 [0]
          <idle>-0     [001] ...2  1308.013149: sched_switch: prev_comm=swapper/1 prev_pid=0 prev_prio=120 prev_state=R ==> next_comm=main next_pid=7539 next_prio=120
         mmcqd/1-116   [000] ...2  1308.013158: sched_switch: prev_comm=mmcqd/1 prev_pid=116 prev_prio=120 prev_state=S ==> next_comm=swapper/0 next_pid=0 next_prio=120
            main-7539  [001] ...2  1308.013180: sched_switch: prev_comm=main prev_pid=7539 prev_prio=120 prev_state=D|W ==> next_comm=swapper/1 next_pid=0 next_prio=120
          <idle>-0     [000] ...2  1308.013516: sched_switch: prev_comm=swapper/0 prev_pid=0 prev_prio=120 prev_state=R ==> next_comm=mmcqd/1 next_pid=116 next_prio=120
         mmcqd/1-116   [000] ...1  1308.013534: block_rq_complete: 179,0 RA () 4077080 + 32 [0]
          <idle>-0     [001] ...2  1308.013548: sched_switch: prev_comm=swapper/1 prev_pid=0 prev_prio=120 prev_state=R ==> next_comm=main next_pid=7539 next_prio=120
         mmcqd/1-116   [000] ...2  1308.013555: sched_switch: prev_comm=mmcqd/1 prev_pid=116 prev_prio=120 prev_state=R+ ==> next_comm=kworker/0:1H next_pid=17 next_prio=100
    kworker/0:1H-17    [000] ...2  1308.013564: sched_switch: prev_comm=kworker/0:1H prev_pid=17 prev_prio=100 prev_state=S ==> next_comm=mmcqd/1 next_pid=116 next_prio=120
         mmcqd/1-116   [000] ...2  1308.013577: sched_switch: prev_comm=mmcqd/1 prev_pid=116 prev_prio=120 prev_state=S ==> next_comm=swapper/0 next_pid=0 next_prio=120
            main-7539  [001] d..2  1308.013603: block_rq_insert: 179,0 R 0 () 4077120 + 16 [main]
            main-7539  [001] d..2  1308.013606: block_rq_insert: 179,0 R 0 () 4077160 + 16 [main]
            main-7539  [001] d..2  1308.013608: block_rq_insert: 179,0 R 0 () 4077184 + 48 [main]
            main-7539  [001] ...2  1308.013619: sched_switch: prev_comm=main prev_pid=7539 prev_prio=120 prev_state=D|W ==> next_comm=swapper/1 next_pid=0 next_prio=120
          <idle>-0     [000] ...2  1308.013623: sched_switch: prev_comm=swapper/0 prev_pid=0 prev_prio=120 prev_state=R ==> next_comm=mmcqd/1 next_pid=116 next_prio=120
         mmcqd/1-116   [000] ...2  1308.013680: sched_switch: prev_comm=mmcqd/1 prev_pid=116 prev_prio=120 prev_state=S ==> next_comm=swapper/0 next_pid=0 next_prio=120
          <idle>-0     [000] ...2  1308.013944: sched_switch: prev_comm=swapper/0 prev_pid=0 prev_prio=120 prev_state=R ==> next_comm=mmcqd/1 next_pid=116 next_prio=120
         mmcqd/1-116   [000] ...1  1308.013975: block_rq_complete: 179,0 RA () 4077120 + 16 [0]
         mmcqd/1-116   [000] ...2  1308.014012: sched_switch: prev_comm=mmcqd/1 prev_pid=116 prev_prio=120 prev_state=S ==> next_comm=swapper/0 next_pid=0 next_prio=120
          <idle>-0     [000] ...2  1308.014265: sched_switch: prev_comm=swapper/0 prev_pid=0 prev_prio=120 prev_state=R ==> next_comm=mmcqd/1 next_pid=116 next_prio=120
         mmcqd/1-116   [000] ...1  1308.014297: block_rq_complete: 179,0 RA () 4077160 + 16 [0]
          <idle>-0     [001] ...2  1308.014310: sched_switch: prev_comm=swapper/1 prev_pid=0 prev_prio=120 prev_state=R ==> next_comm=main next_pid=7539 next_prio=120
         mmcqd/1-116   [000] ...2  1308.014317: sched_switch: prev_comm=mmcqd/1 prev_pid=116 prev_prio=120 prev_state=S ==> next_comm=swapper/0 next_pid=0 next_prio=120
            main-7539  [001] d..2  1308.014394: block_rq_insert: 179,0 R 0 () 4077376 + 8 [main]
            main-7539  [001] d..2  1308.014396: block_rq_insert: 179,0 R 0 () 4077400 + 104 [main]
            main-7539  [001] ...2  1308.014409: sched_switch: prev_comm=main prev_pid=7539 prev_prio=120 prev_state=D|W ==> next_comm=swapper/1 next_pid=0 next_prio=120
          <idle>-0     [000] ...2  1308.014412: sched_switch: prev_comm=swapper/0 prev_pid=0 prev_prio=120 prev_state=R ==> next_comm=mmcqd/1 next_pid=116 next_prio=120
         mmcqd/1-116   [000] ...2  1308.014431: sched_switch: prev_comm=mmcqd/1 prev_pid=116 prev_prio=120 prev_state=S ==> next_comm=swapper/0 next_pid=0 next_prio=120
          <idle>-0     [000] ...2  1308.014735: sched_switch: prev_comm=swapper/0 prev_pid=0 prev_prio=120 prev_state=R ==> next_comm=mmcqd/1 next_pid=116 next_prio=120
         mmcqd/1-116   [000] ...1  1308.014774: block_rq_complete: 179,0 RA () 4077184 + 48 [0]
         mmcqd/1-116   [000] ...2  1308.014827: sched_switch: prev_comm=mmcqd/1 prev_pid=116 prev_prio=120 prev_state=S ==> next_comm=swapper/0 next_pid=0 next_prio=120
          <idle>-0     [000] ...2  1308.015009: sched_switch: prev_comm=swapper/0 prev_pid=0 prev_prio=120 prev_state=R ==> next_comm=mmcqd/1 next_pid=116 next_prio=120
         mmcqd/1-116   [000] ...1  1308.015041: block_rq_complete: 179,0 RA () 4077376 + 8 [0]
          <idle>-0     [001] ...2  1308.015055: sched_switch: prev_comm=swapper/1 prev_pid=0 prev_prio=120 prev_state=R ==> next_comm=main next_pid=7539 next_prio=120
         mmcqd/1-116   [000] ...2  1308.015060: sched_switch: prev_comm=mmcqd/1 prev_pid=116 prev_prio=120 prev_state=S ==> next_comm=swapper/0 next_pid=0 next_prio=120
            main-7539  [001] d..2  1308.015110: block_rq_insert: 179,0 R 0 () 4077592 + 16 [main]
            main-7539  [001] d..2  1308.015113: block_rq_insert: 179,0 R 0 () 4077696 + 8 [main]
            main-7539  [001] d..2  1308.015114: block_rq_insert: 179,0 R 0 () 4077752 + 8 [main]
            main-7539  [001] d..2  1308.015116: block_rq_insert: 179,0 R 0 () 4077800 + 24 [main]
            main-7539  [001] ...2  1308.015128: sched_switch: prev_comm=main prev_pid=7539 prev_prio=120 prev_state=D|W ==> next_comm=swapper/1 next_pid=0 next_prio=120
          <idle>-0     [000] ...2  1308.015133: sched_switch: prev_comm=swapper/0 prev_pid=0 prev_prio=120 prev_state=R ==> next_comm=mmcqd/1 next_pid=116 next_prio=120
         mmcqd/1-116   [000] ...2  1308.015153: sched_switch: prev_comm=mmcqd/1 prev_pid=116 prev_prio=120 prev_state=S ==> next_comm=swapper/0 next_pid=0 next_prio=120
          <idle>-0     [000] ...2  1308.015760: sched_switch: prev_comm=swapper/0 prev_pid=0 prev_prio=120 prev_state=R ==> next_comm=mmcqd/1 next_pid=116 next_prio=120
         mmcqd/1-116   [000] ...1  1308.015814: block_rq_complete: 179,0 RA () 4077400 + 104 [0]
         mmcqd/1-116   [000] ...2  1308.015839: sched_switch: prev_comm=mmcqd/1 prev_pid=116 prev_prio=120 prev_state=S ==> next_comm=swapper/0 next_pid=0 next_prio=120
          <idle>-0     [000] ...2  1308.016114: sched_switch: prev_comm=swapper/0 prev_pid=0 prev_prio=120 prev_state=R ==> next_comm=mmcqd/1 next_pid=116 next_prio=120
         mmcqd/1-116   [000] ...1  1308.016146: block_rq_complete: 179,0 RA () 4077592 + 16 [0]
         mmcqd/1-116   [000] ...2  1308.016168: sched_switch: prev_comm=mmcqd/1 prev_pid=116 prev_prio=120 prev_state=S ==> next_comm=swapper/0 next_pid=0 next_prio=120
          <idle>-0     [000] ...2  1308.016371: sched_switch: prev_comm=swapper/0 prev_pid=0 prev_prio=120 prev_state=R ==> next_comm=mmcqd/1 next_pid=116 next_prio=120
         mmcqd/1-116   [000] ...1  1308.016400: block_rq_complete: 179,0 RA () 4077696 + 8 [0]
          <idle>-0     [001] ...2  1308.016413: sched_switch: prev_comm=swapper/1 prev_pid=0 prev_prio=120 prev_state=R ==> next_comm=main next_pid=7539 next_prio=120
         mmcqd/1-116   [000] ...2  1308.016432: sched_switch: prev_comm=mmcqd/1 prev_pid=116 prev_prio=120 prev_state=S ==> next_comm=swapper/0 next_pid=0 next_prio=120
            main-7539  [001] d..2  1308.016474: block_rq_insert: 179,0 R 0 () 4079160 + 8 [main]
            main-7539  [001] d..2  1308.016476: block_rq_insert: 179,0 R 0 () 4079192 + 80 [main]
            main-7539  [001] d..2  1308.016478: block_rq_insert: 179,0 R 0 () 4079304 + 8 [main]
            main-7539  [001] ...2  1308.016485: sched_switch: prev_comm=main prev_pid=7539 prev_prio=120 prev_state=D|W ==> next_comm=swapper/1 next_pid=0 next_prio=120
          <idle>-0     [000] ...2  1308.016646: sched_switch: prev_comm=swapper/0 prev_pid=0 prev_prio=120 prev_state=R ==> next_comm=mmcqd/1 next_pid=116 next_prio=120
         mmcqd/1-116   [000] ...1  1308.016676: block_rq_complete: 179,0 RA () 4077752 + 8 [0]
         mmcqd/1-116   [000] ...2  1308.016697: sched_switch: prev_comm=mmcqd/1 prev_pid=116 prev_prio=120 prev_state=S ==> next_comm=swapper/0 next_pid=0 next_prio=120
          <idle>-0     [000] ...2  1308.016992: sched_switch: prev_comm=swapper/0 prev_pid=0 prev_prio=120 prev_state=R ==> next_comm=mmcqd/1 next_pid=116 next_prio=120
         mmcqd/1-116   [000] ...1  1308.017025: block_rq_complete: 179,0 RA () 4077800 + 24 [0]
         mmcqd/1-116   [000] ...2  1308.017070: sched_switch: prev_comm=mmcqd/1 prev_pid=116 prev_prio=120 prev_state=S ==> next_comm=swapper/0 next_pid=0 next_prio=120
          <idle>-0     [000] ...2  1308.017269: sched_switch: prev_comm=swapper/0 prev_pid=0 prev_prio=120 prev_state=R ==> next_comm=mmcqd/1 next_pid=116 next_prio=120
         mmcqd/1-116   [000] ...1  1308.017298: block_rq_complete: 179,0 RA () 4079160 + 8 [0]
         mmcqd/1-116   [000] ...2  1308.017320: sched_switch: prev_comm=mmcqd/1 prev_pid=116 prev_prio=120 prev_state=S ==> next_comm=swapper/0 next_pid=0 next_prio=120
          <idle>-0     [000] ...2  1308.017922: sched_switch: prev_comm=swapper/0 prev_pid=0 prev_prio=120 prev_state=R ==> next_comm=mmcqd/1 next_pid=116 next_prio=120
         mmcqd/1-116   [000] ...1  1308.017970: block_rq_complete: 179,0 RA () 4079192 + 80 [0]
          <idle>-0     [001] ...2  1308.017984: sched_switch: prev_comm=swapper/1 prev_pid=0 prev_prio=120 prev_state=R ==> next_comm=main next_pid=7539 next_prio=120
         mmcqd/1-116   [000] ...2  1308.017992: sched_switch: prev_comm=mmcqd/1 prev_pid=116 prev_prio=120 prev_state=S ==> next_comm=swapper/0 next_pid=0 next_prio=120
            main-7539  [001] d..2  1308.018042: block_rq_insert: 179,0 R 0 () 4081752 + 8 [main]
            main-7539  [001] d..2  1308.018044: block_rq_insert: 179,0 R 0 () 4081856 + 8 [main]
            main-7539  [001] d..2  1308.018046: block_rq_insert: 179,0 R 0 () 4081960 + 8 [main]
            main-7539  [001] d..2  1308.018047: block_rq_insert: 179,0 R 0 () 4081976 + 8 [main]
            main-7539  [001] ...2  1308.018059: sched_switch: prev_comm=main prev_pid=7539 prev_prio=120 prev_state=D|W ==> next_comm=swapper/1 next_pid=0 next_prio=120
          <idle>-0     [000] ...2  1308.018063: sched_switch: prev_comm=swapper/0 prev_pid=0 prev_prio=120 prev_state=R ==> next_comm=mmcqd/1 next_pid=116 next_prio=120
         mmcqd/1-116   [000] ...2  1308.018081: sched_switch: prev_comm=mmcqd/1 prev_pid=116 prev_prio=120 prev_state=S ==> next_comm=swapper/0 next_pid=0 next_prio=120
