         mmcqd/1-116   [000] ...2  1308.058415: sched_switch: prev_comm=mmcqd/1 prev_pid=116 prev_prio=120 prev_state=S ==> next_comm=swapper/0 next_pid=0 next_prio=120
          <idle>-0     [000] ...2  1308.058914: sched_switch: prev_comm=swapper/0 prev_pid=0 prev_prio=120 prev_state=R ==> next_comm=kworker/0:1H next_pid=17 next_prio=100
    kworker/0:1H-17    [000] ...2  1308.058936: sched_switch: prev_comm=kworker/0:1H prev_pid=17 prev_prio=100 prev_state=D ==> next_comm=kworker/0:0H next_pid=4413 next_prio=100
    kworker/0:0H-4413  [000] ...2  1308.059040: sched_switch: prev_comm=kworker/0:0H prev_pid=4413 prev_prio=100 prev_state=S ==> next_comm=kworker/0:1H next_pid=17 next_prio=100
    kworker/0:1H-17    [000] ...2  1308.059064: sched_switch: prev_comm=kworker/0:1H prev_pid=17 prev_prio=100 prev_state=S ==> next_comm=main next_pid=7541 next_prio=120
            main-7539  [001] ...2  1308.059076: sched_switch: prev_comm=main prev_pid=7539 prev_prio=120 prev_state=D ==> next_comm=main next_pid=7540 next_prio=120
 Heap thread poo-7540  [001] ...2  1308.059090: sched_switch: prev_comm=main prev_pid=7540 prev_prio=120 prev_state=R+ ==> next_comm=main next_pid=7539 next_prio=120
 Heap thread poo-7541  [000] ...2  1308.059116: sched_switch: prev_comm=main prev_pid=7541 prev_prio=120 prev_state=D ==> next_comm=swapper/0 next_pid=0 next_prio=120
            main-7539  [001] ...2  1308.059123: sched_switch: prev_comm=main prev_pid=7539 prev_prio=120 prev_state=D ==> next_comm=main next_pid=7540 next_prio=120
 Heap thread poo-7540  [001] ...2  1308.059137: sched_switch: prev_comm=main prev_pid=7540 prev_prio=120 prev_state=R+ ==> next_comm=main next_pid=7539 next_prio=120
          <idle>-0     [000] ...2  1308.059151: sched_switch: prev_comm=swapper/0 prev_pid=0 prev_prio=120 prev_state=R ==> next_comm=main next_pid=7541 next_prio=120
            main-7539  [001] ...2  1308.059181: sched_switch: prev_comm=main prev_pid=7539 prev_prio=120 prev_state=S ==> next_comm=main next_pid=7540 next_prio=120
 Heap thread poo-7540  [001] ...2  1308.059353: sched_switch: prev_comm=main prev_pid=7540 prev_prio=120 prev_state=D ==> next_comm=main next_pid=7542 next_prio=120
 Heap thread poo-7542  [001] ...2  1308.059367: sched_switch: prev_comm=main prev_pid=7542 prev_prio=120 prev_state=R+ ==> next_comm=main next_pid=7540 next_prio=120
 Heap thread poo-7541  [000] ...2  1308.059369: sched_switch: prev_comm=main prev_pid=7541 prev_prio=120 prev_state=D ==> next_comm=swapper/0 next_pid=0 next_prio=120
 Heap thread poo-7540  [001] ...2  1308.059389: sched_switch: prev_comm=main prev_pid=7540 prev_prio=120 prev_state=D ==> next_comm=main next_pid=7542 next_prio=120
          <idle>-0     [000] ...2  1308.059400: sched_switch: prev_comm=swapper/0 prev_pid=0 prev_prio=120 prev_state=R ==> next_comm=ksoftirqd/0 next_pid=3 next_prio=120
 Heap thread poo-7542  [001] ...2  1308.059408: sched_switch: prev_comm=main prev_pid=7542 prev_prio=120 prev_state=S ==> next_comm=swapper/1 next_pid=0 next_prio=120
     ksoftirqd/0-3     [000] ...2  1308.059412: sched_switch: prev_comm=ksoftirqd/0 prev_pid=3 prev_prio=120 prev_state=S ==> next_comm=main next_pid=7541 next_prio=120
          <idle>-0     [001] ...2  1308.059423: sched_switch: prev_comm=swapper/1 prev_pid=0 prev_prio=120 prev_state=R ==> next_comm=ksoftirqd/1 next_pid=7536 next_prio=120
     ksoftirqd/1-7536  [001] ...2  1308.059434: sched_switch: prev_comm=ksoftirqd/1 prev_pid=7536 prev_prio=120 prev_state=S ==> next_comm=main next_pid=7540 next_prio=120
 Heap thread poo-7540  [001] ...2  1308.059478: sched_switch: prev_comm=main prev_pid=7540 prev_prio=120 prev_state=S ==> next_comm=main next_pid=7542 next_prio=120
 Heap thread poo-7542  [001] ...2  1308.059493: sched_switch: prev_comm=main prev_pid=7542 prev_prio=120 prev_state=S ==> next_comm=swapper/1 next_pid=0 next_prio=120
          <idle>-0     [001] ...2  1308.059510: sched_switch: prev_comm=swapper/1 prev_pid=0 prev_prio=120 prev_state=R ==> next_comm=ksoftirqd/1 next_pid=7536 next_prio=120
     ksoftirqd/1-7536  [001] ...2  1308.059518: sched_switch: prev_comm=ksoftirqd/1 prev_pid=7536 prev_prio=120 prev_state=S ==> next_comm=swapper/1 next_pid=0 next_prio=120
          <idle>-0     [001] ...2  1308.059532: sched_switch: prev_comm=swapper/1 prev_pid=0 prev_prio=120 prev_state=R ==> next_comm=ksoftirqd/1 next_pid=7536 next_prio=120
     ksoftirqd/1-7536  [001] ...2  1308.059540: sched_switch: prev_comm=ksoftirqd/1 prev_pid=7536 prev_prio=120 prev_state=S ==> next_comm=swapper/1 next_pid=0 next_prio=120
          <idle>-0     [001] ...2  1308.060177: sched_switch: prev_comm=swapper/1 prev_pid=0 prev_prio=120 prev_state=R ==> next_comm=main next_pid=7540 next_prio=120
 Heap thread poo-7541  [000] ...2  1308.060206: sched_switch: prev_comm=Heap thread poo prev_pid=7541 prev_prio=120 prev_state=S ==> next_comm=swapper/0 next_pid=0 next_prio=120
          <idle>-0     [000] ...2  1308.060230: sched_switch: prev_comm=swapper/0 prev_pid=0 prev_prio=120 prev_state=R ==> next_comm=ksoftirqd/0 next_pid=3 next_prio=120
     ksoftirqd/0-3     [000] ...2  1308.060245: sched_switch: prev_comm=ksoftirqd/0 prev_pid=3 prev_prio=120 prev_state=S ==> next_comm=swapper/0 next_pid=0 next_prio=120
          <idle>-0     [000] ...2  1308.060269: sched_switch: prev_comm=swapper/0 prev_pid=0 prev_prio=120 prev_state=R ==> next_comm=ksoftirqd/0 next_pid=3 next_prio=120
     ksoftirqd/0-3     [000] ...2  1308.060279: sched_switch: prev_comm=ksoftirqd/0 prev_pid=3 prev_prio=120 prev_state=S ==> next_comm=swapper/0 next_pid=0 next_prio=120
 Heap thread poo-7540  [001] ...2  1308.060542: sched_switch: prev_comm=Heap thread poo prev_pid=7540 prev_prio=120 prev_state=S ==> next_comm=main next_pid=7542 next_prio=120
 Heap thread poo-7542  [001] ...2  1308.060922: sched_switch: prev_comm=Heap thread poo prev_pid=7542 prev_prio=120 prev_state=R+ ==> next_comm=main next_pid=7539 next_prio=120
          <idle>-0     [000] ...2  1308.060948: sched_switch: prev_comm=swapper/0 prev_pid=0 prev_prio=120 prev_state=R ==> next_comm=Heap thread poo next_pid=7541 next_prio=120
 Heap thread poo-7541  [000] ...2  1308.060976: sched_switch: prev_comm=Heap thread poo prev_pid=7541 prev_prio=120 prev_state=R+ ==> next_comm=Heap thread poo next_pid=7540 next_prio=120
            main-7539  [001] ...2  1308.060994: sched_switch: prev_comm=main prev_pid=7539 prev_prio=120 prev_state=S ==> next_comm=Heap thread poo next_pid=7542 next_prio=120
 Heap thread poo-7540  [000] ...2  1308.061003: sched_switch: prev_comm=Heap thread poo prev_pid=7540 prev_prio=120 prev_state=S ==> next_comm=Heap thread poo next_pid=7541 next_prio=120
 Heap thread poo-7542  [001] ...2  1308.061008: sched_switch: prev_comm=Heap thread poo prev_pid=7542 prev_prio=120 prev_state=S ==> next_comm=main next_pid=7543 next_prio=120
 Heap thread poo-7541  [000] ...2  1308.061026: sched_switch: prev_comm=Heap thread poo prev_pid=7541 prev_prio=120 prev_state=D ==> next_comm=swapper/0 next_pid=0 next_prio=120
          <idle>-0     [000] ...2  1308.061050: sched_switch: prev_comm=swapper/0 prev_pid=0 prev_prio=120 prev_state=R ==> next_comm=Heap thread poo next_pid=7541 next_prio=120
 Heap thread poo-7541  [000] ...2  1308.061065: sched_switch: prev_comm=Heap thread poo prev_pid=7541 prev_prio=120 prev_state=S ==> next_comm=swapper/0 next_pid=0 next_prio=120
  Signal Catcher-7543  [001] ...2  1308.061483: sched_switch: prev_comm=Signal Catcher prev_pid=7543 prev_prio=120 prev_state=R+ ==> next_comm=main next_pid=7539 next_prio=120
          <idle>-0     [000] ...2  1308.061562: sched_switch: prev_comm=swapper/0 prev_pid=0 prev_prio=120 prev_state=R ==> next_comm=main next_pid=7544 next_prio=120
            main-7539  [001] ...2  1308.061564: sched_switch: prev_comm=main prev_pid=7539 prev_prio=120 prev_state=S ==> next_comm=Signal Catcher next_pid=7543 next_prio=120
  Signal Catcher-7543  [001] ...2  1308.061574: sched_switch: prev_comm=Signal Catcher prev_pid=7543 prev_prio=120 prev_state=S ==> next_comm=swapper/1 next_pid=0 next_prio=120
          <idle>-0     [001] ...2  1308.062367: sched_switch: prev_comm=swapper/1 prev_pid=0 prev_prio=120 prev_state=R ==> next_comm=main next_pid=7539 next_prio=120
            JDWP-7544  [000] ...2  1308.062455: sched_switch: prev_comm=JDWP prev_pid=7544 prev_prio=120 prev_state=R+ ==> next_comm=adbd next_pid=778 next_prio=120
            main-7539  [001] d..2  1308.062525: block_rq_insert: 179,0 R 0 () 4067352 + 8 [main]
            main-7539  [001] d..2  1308.062528: block_rq_insert: 179,0 R 0 () 4067368 + 8 [main]
            main-7539  [001] ...2  1308.062540: sched_switch: prev_comm=main prev_pid=7539 prev_prio=120 prev_state=D|W ==> next_comm=mmcqd/1 next_pid=116 next_prio=120
         mmcqd/1-116   [001] ...2  1308.062593: sched_switch: prev_comm=mmcqd/1 prev_pid=116 prev_prio=120 prev_state=S ==> next_comm=swapper/1 next_pid=0 next_prio=120
           <...>-778   [000] ...2  1308.062632: sched_switch: prev_comm=adbd prev_pid=778 prev_prio=120 prev_state=S ==> next_comm=JDWP next_pid=7544 next_prio=120
            JDWP-7544  [000] ...2  1308.062662: sched_switch: prev_comm=JDWP prev_pid=7544 prev_prio=120 prev_state=R+ ==> next_comm=adbd next_pid=778 next_prio=120
          <idle>-0     [001] ...2  1308.062827: sched_switch: prev_comm=swapper/1 prev_pid=0 prev_prio=120 prev_state=R ==> next_comm=mmcqd/1 next_pid=116 next_prio=120
         mmcqd/1-116   [001] ...1  1308.062848: block_rq_complete: 179,0 RA () 4067352 + 8 [0]
         mmcqd/1-116   [001] ...2  1308.062861: sched_switch: prev_comm=mmcqd/1 prev_pid=116 prev_prio=120 prev_state=S ==> next_comm=swapper/1 next_pid=0 next_prio=120
           <...>-778   [000] ...2  1308.062872: sched_switch: prev_comm=adbd prev_pid=778 prev_prio=120 prev_state=S ==> next_comm=JDWP next_pid=7544 next_prio=120
            JDWP-7544  [000] ...2  1308.062893: sched_switch: prev_comm=JDWP prev_pid=7544 prev_prio=120 prev_state=S ==> next_comm=swapper/0 next_pid=0 next_prio=120
          <idle>-0     [000] ...2  1308.063109: sched_switch: prev_comm=swapper/0 prev_pid=0 prev_prio=120 prev_state=R ==> next_comm=mmcqd/1 next_pid=116 next_prio=120
         mmcqd/1-116   [000] ...1  1308.063126: block_rq_complete: 179,0 RA () 4067368 + 8 [0]
          <idle>-0     [001] ...2  1308.063141: sched_switch: prev_comm=swapper/1 prev_pid=0 prev_prio=120 prev_state=R ==> next_comm=main next_pid=7539 next_prio=120
         mmcqd/1-116   [000] ...2  1308.063154: sched_switch: prev_comm=mmcqd/1 prev_pid=116 prev_prio=120 prev_state=R+ ==> next_comm=kworker/0:1H next_pid=17 next_prio=100
    kworker/0:1H-17    [000] ...2  1308.063167: sched_switch: prev_comm=kworker/0:1H prev_pid=17 prev_prio=100 prev_state=S ==> next_comm=mmcqd/1 next_pid=116 next_prio=120
         mmcqd/1-116   [000] ...2  1308.063186: sched_switch: prev_comm=mmcqd/1 prev_pid=116 prev_prio=120 prev_state=S ==> next_comm=swapper/0 next_pid=0 next_prio=120
            main-7539  [001] d..2  1308.063520: block_rq_insert: 179,0 R 0 () 3993912 + 8 [main]
            main-7539  [001] d..2  1308.063523: block_rq_insert: 179,0 R 0 () 3993944 + 16 [main]
            main-7539  [001] d..2  1308.063525: block_rq_insert: 179,0 R 0 () 3993968 + 72 [main]
            main-7539  [001] ...2  1308.063537: sched_switch: prev_comm=main prev_pid=7539 prev_prio=120 prev_state=D|W ==> next_comm=swapper/1 next_pid=0 next_prio=120
          <idle>-0     [000] ...2  1308.063542: sched_switch: prev_comm=swapper/0 prev_pid=0 prev_prio=120 prev_state=R ==> next_comm=mmcqd/1 next_pid=116 next_prio=120
         mmcqd/1-116   [000] ...2  1308.063624: sched_switch: prev_comm=mmcqd/1 prev_pid=116 prev_prio=120 prev_state=S ==> next_comm=swapper/0 next_pid=0 next_prio=120
          <idle>-0     [000] ...2  1308.063848: sched_switch: prev_comm=swapper/0 prev_pid=0 prev_prio=120 prev_state=R ==> next_comm=mmcqd/1 next_pid=116 next_prio=120
         mmcqd/1-116   [000] ...1  1308.063887: block_rq_complete: 179,0 RA () 3993912 + 8 [0]
          <idle>-0     [001] ...2  1308.063903: sched_switch: prev_comm=swapper/1 prev_pid=0 prev_prio=120 prev_state=R ==> next_comm=main next_pid=7539 next_prio=120
         mmcqd/1-116   [000] ...2  1308.063954: sched_switch: prev_comm=mmcqd/1 prev_pid=116 prev_prio=120 prev_state=S ==> next_comm=swapper/0 next_pid=0 next_prio=120
            main-7539  [001] d..2  1308.064036: block_rq_insert: 179,0 R 0 () 4026856 + 24 [main]
            main-7539  [001] d..2  1308.064038: block_rq_insert: 179,0 R 0 () 4026944 + 8 [main]
            main-7539  [001] d..2  1308.064040: block_rq_insert: 179,0 R 0 () 4026960 + 40 [main]
            main-7539  [001] d..2  1308.064042: block_rq_insert: 179,0 R 0 () 4027008 + 24 [main]
            main-7539  [001] ...2  1308.064049: sched_switch: prev_comm=main prev_pid=7539 prev_prio=120 prev_state=D|W ==> next_comm=swapper/1 next_pid=0 next_prio=120
          <idle>-0     [000] ...2  1308.064225: sched_switch: prev_comm=swapper/0 prev_pid=0 prev_prio=120 prev_state=R ==> next_comm=mmcqd/1 next_pid=116 next_prio=120
         mmcqd/1-116   [000] ...1  1308.064266: block_rq_complete: 179,0 RA () 3993944 + 16 [0]
         mmcqd/1-116   [000] ...2  1308.064308: sched_switch: prev_comm=mmcqd/1 prev_pid=116 prev_prio=120 prev_state=S ==> next_comm=swapper/0 next_pid=0 next_prio=120
          <idle>-0     [000] ...2  1308.064849: sched_switch: prev_comm=swapper/0 prev_pid=0 prev_prio=120 prev_state=R ==> next_comm=mmcqd/1 next_pid=116 next_prio=120
         mmcqd/1-116   [000] ...1  1308.064910: block_rq_complete: 179,0 RA () 3993968 + 72 [0]
         mmcqd/1-116   [000] ...2  1308.064947: sched_switch: prev_comm=mmcqd/1 prev_pid=116 prev_prio=120 prev_state=S ==> next_comm=swapper/0 next_pid=0 next_prio=120
          <idle>-0     [000] ...2  1308.065195: sched_switch: prev_comm=swapper/0 prev_pid=0 prev_prio=120 prev_state=R ==> next_comm=mmcqd/1 next_pid=116 next_prio=120
         mmcqd/1-116   [000] ...1  1308.065240: block_rq_complete: 179,0 RA () 4026856 + 24 [0]
         mmcqd/1-116   [000] ...2  1308.065286: sched_switch: prev_comm=mmcqd/1 prev_pid=116 prev_prio=120 prev_state=S ==> next_comm=swapper/0 next_pid=0 next_prio=120
          <idle>-0     [000] ...2  1308.065479: sched_switch: prev_comm=swapper/0 prev_pid=0 prev_prio=120 prev_state=R ==> next_comm=mmcqd/1 next_pid=116 next_prio=120
         mmcqd/1-116   [000] ...1  1308.065518: block_rq_complete: 179,0 RA () 4026944 + 8 [0]
          <idle>-0     [001] ...2  1308.065533: sched_switch: prev_comm=swapper/1 prev_pid=0 prev_prio=120 prev_state=R ==> next_comm=main next_pid=7539 next_prio=120
         mmcqd/1-116   [000] ...2  1308.065563: sched_switch: prev_comm=mmcqd/1 prev_pid=116 prev_prio=120 prev_state=S ==> next_comm=swapper/0 next_pid=0 next_prio=120
            main-7539  [001] d..2  1308.065584: block_rq_insert: 179,0 R 0 () 4028616 + 96 [main]
            main-7539  [001] d..2  1308.065587: block_rq_insert: 179,0 R 0 () 4028736 + 56 [main]
            main-7539  [001] ...2  1308.065595: sched_switch: prev_comm=main prev_pid=7539 prev_prio=120 prev_state=D|W ==> next_comm=swapper/1 next_pid=0 next_prio=120
          <idle>-0     [000] ...2  1308.065947: sched_switch: prev_comm=swapper/0 prev_pid=0 prev_prio=120 prev_state=R ==> next_comm=mmcqd/1 next_pid=116 next_prio=120
         mmcqd/1-116   [000] ...1  1308.065998: block_rq_complete: 179,0 RA () 4026960 + 40 [0]
         mmcqd/1-116   [000] ...2  1308.066067: sched_switch: prev_comm=mmcqd/1 prev_pid=116 prev_prio=120 prev_state=S ==> next_comm=swapper/0 next_pid=0 next_prio=120
          <idle>-0     [000] ...2  1308.066278: sched_switch: prev_comm=swapper/0 prev_pid=0 prev_prio=120 prev_state=R ==> next_comm=mmcqd/1 next_pid=116 next_prio=120
         mmcqd/1-116   [000] ...1  1308.066322: block_rq_complete: 179,0 RA () 4027008 + 24 [0]
         mmcqd/1-116   [000] ...2  1308.066375: sched_switch: prev_comm=mmcqd/1 prev_pid=116 prev_prio=120 prev_state=S ==> next_comm=swapper/0 next_pid=0 next_prio=120
          <idle>-0     [000] ...2  1308.067086: sched_switch: prev_comm=swapper/0 prev_pid=0 prev_prio=120 prev_state=R ==> next_comm=mmcqd/1 next_pid=116 next_prio=120
         mmcqd/1-116   [000] ...1  1308.067155: block_rq_complete: 179,0 RA () 4028616 + 96 [0]
          <idle>-0     [001] ...2  1308.067172: sched_switch: prev_comm=swapper/1 prev_pid=0 prev_prio=120 prev_state=R ==> next_comm=main next_pid=7539 next_prio=120
         mmcqd/1-116   [000] ...2  1308.067188: sched_switch: prev_comm=mmcqd/1 prev_pid=116 prev_prio=120 prev_state=S ==> next_comm=swapper/0 next_pid=0 next_prio=120
          <idle>-0     [000] ...2  1308.067287: sched_switch: prev_comm=swapper/0 prev_pid=0 prev_prio=120 prev_state=R ==> next_comm=main next_pid=7545 next_prio=120
            main-7539  [001] ...2  1308.067340: sched_switch: prev_comm=main prev_pid=7539 prev_prio=120 prev_state=D ==> next_comm=swapper/1 next_pid=0 next_prio=120
          <idle>-0     [001] ...2  1308.067354: sched_switch: prev_comm=swapper/1 prev_pid=0 prev_prio=120 prev_state=R ==> next_comm=main next_pid=7539 next_prio=120
            main-7539  [001] d..2  1308.067549: block_rq_insert: 179,0 R 0 () 3993624 + 48 [main]
            main-7539  [001] d..2  1308.067552: block_rq_insert: 179,0 R 0 () 3993688 + 24 [main]
            main-7539  [001] d..2  1308.067554: block_rq_insert: 179,0 R 0 () 3993752 + 8 [main]
 ReferenceQueueD-7545  [000] ...2  1308.067564: sched_switch: prev_comm=main prev_pid=7545 prev_prio=120 prev_state=R+ ==> next_comm=mmcqd/1 next_pid=116 next_prio=120
            main-7539  [001] ...2  1308.067569: sched_switch: prev_comm=main prev_pid=7539 prev_prio=120 prev_state=D|W ==> next_comm=swapper/1 next_pid=0 next_prio=120
         mmcqd/1-116   [000] ...1  1308.067690: block_rq_complete: 179,0 RA () 4028736 + 56 [0]
         mmcqd/1-116   [000] ...2  1308.067729: sched_switch: prev_comm=mmcqd/1 prev_pid=116 prev_prio=120 prev_state=S ==> next_comm=main next_pid=7545 next_prio=120
 ReferenceQueueD-7545  [000] ...2  1308.068144: sched_switch: prev_comm=main prev_pid=7545 prev_prio=120 prev_state=R+ ==> next_comm=mmcqd/1 next_pid=116 next_prio=120
         mmcqd/1-116   [000] ...1  1308.068198: block_rq_complete: 179,0 RA () 3993624 + 48 [0]
         mmcqd/1-116   [000] ...2  1308.068230: sched_switch: prev_comm=mmcqd/1 prev_pid=116 prev_prio=120 prev_state=S ==> next_comm=main next_pid=7545 next_prio=120
 ReferenceQueueD-7545  [000] ...2  1308.068349: sched_switch: prev_comm=ReferenceQueueD prev_pid=7545 prev_prio=120 prev_state=S ==> next_comm=swapper/0 next_pid=0 next_prio=120
          <idle>-0     [000] ...2  1308.068558: sched_switch: prev_comm=swapper/0 prev_pid=0 prev_prio=120 prev_state=R ==> next_comm=mmcqd/1 next_pid=116 next_prio=120
         mmcqd/1-116   [000] ...1  1308.068603: block_rq_complete: 179,0 RA () 3993688 + 24 [0]
         mmcqd/1-116   [000] ...2  1308.068624: sched_switch: prev_comm=mmcqd/1 prev_pid=116 prev_prio=120 prev_state=S ==> next_comm=swapper/0 next_pid=0 next_prio=120
          <idle>-0     [000] ...2  1308.068822: sched_switch: prev_comm=swapper/0 prev_pid=0 prev_prio=120 prev_state=R ==> next_comm=mmcqd/1 next_pid=116 next_prio=120
         mmcqd/1-116   [000] ...1  1308.068838: block_rq_complete: 179,0 RA () 3993752 + 8 [0]
          <idle>-0     [001] ...2  1308.068854: sched_switch: prev_comm=swapper/1 prev_pid=0 prev_prio=120 prev_state=R ==> next_comm=main next_pid=7539 next_prio=120
         mmcqd/1-116   [000] ...2  1308.068865: sched_switch: prev_comm=mmcqd/1 prev_pid=116 prev_prio=120 prev_state=R+ ==> next_comm=kworker/0:1H next_pid=17 next_prio=100
    kworker/0:1H-17    [000] ...2  1308.068877: sched_switch: prev_comm=kworker/0:1H prev_pid=17 prev_prio=100 prev_state=S ==> next_comm=mmcqd/1 next_pid=116 next_prio=120
         mmcqd/1-116   [000] ...2  1308.068915: sched_switch: prev_comm=mmcqd/1 prev_pid=116 prev_prio=120 prev_state=S ==> next_comm=swapper/0 next_pid=0 next_prio=120
          <idle>-0     [000] ...2  1308.068941: sched_switch: prev_comm=swapper/0 prev_pid=0 prev_prio=120 prev_state=R ==> next_comm=ksoftirqd/0 next_pid=3 next_prio=120
     ksoftirqd/0-3     [000] ...2  1308.068951: sched_switch: prev_comm=ksoftirqd/0 prev_pid=3 prev_prio=120 prev_state=S ==> next_comm=swapper/0 next_pid=0 next_prio=120
            main-7539  [001] d..2  1308.068958: block_rq_insert: 179,0 R 0 () 4019800 + 24 [main]
            main-7539  [001] d..2  1308.068960: block_rq_insert: 179,0 R 0 () 4019896 + 8 [main]
            main-7539  [001] d..2  1308.068962: block_rq_insert: 179,0 R 0 () 4019928 + 8 [main]
          <idle>-0     [000] ...2  1308.068974: sched_switch: prev_comm=swapper/0 prev_pid=0 prev_prio=120 prev_state=R ==> next_comm=ksoftirqd/0 next_pid=3 next_prio=120
            main-7539  [001] ...2  1308.068976: sched_switch: prev_comm=main prev_pid=7539 prev_prio=120 prev_state=D|W ==> next_comm=swapper/1 next_pid=0 next_prio=120
     ksoftirqd/0-3     [000] ...2  1308.068984: sched_switch: prev_comm=ksoftirqd/0 prev_pid=3 prev_prio=120 prev_state=S ==> next_comm=mmcqd/1 next_pid=116 next_prio=120
          <idle>-0     [001] ...2  1308.068996: sched_switch: prev_comm=swapper/1 prev_pid=0 prev_prio=120 prev_state=R ==> next_comm=ksoftirqd/1 next_pid=7536 next_prio=120
     ksoftirqd/1-7536  [001] ...2  1308.069005: sched_switch: prev_comm=ksoftirqd/1 prev_pid=7536 prev_prio=120 prev_state=S ==> next_comm=swapper/1 next_pid=0 next_prio=120
          <idle>-0     [001] ...2  1308.069019: sched_switch: prev_comm=swapper/1 prev_pid=0 prev_prio=120 prev_state=R ==> next_comm=ksoftirqd/1 next_pid=7536 next_prio=120
     ksoftirqd/1-7536  [001] ...2  1308.069027: sched_switch: prev_comm=ksoftirqd/1 prev_pid=7536 prev_prio=120 prev_state=S ==> next_comm=swapper/1 next_pid=0 next_prio=120
          <idle>-0     [001] ...2  1308.069039: sched_switch: prev_comm=swapper/1 prev_pid=0 prev_prio=120 prev_state=R ==> next_comm=ksoftirqd/1 next_pid=7536 next_prio=120
     ksoftirqd/1-7536  [001] ...2  1308.069046: sched_switch: prev_comm=ksoftirqd/1 prev_pid=7536 prev_prio=120 prev_state=S ==> next_comm=swapper/1 next_pid=0 next_prio=120
         mmcqd/1-116   [000] ...2  1308.069057: sched_switch: prev_comm=mmcqd/1 prev_pid=116 prev_prio=120 prev_state=S ==> next_comm=swapper/0 next_pid=0 next_prio=120
          <idle>-0     [000] ...2  1308.069080: sched_switch: prev_comm=swapper/0 prev_pid=0 prev_prio=120 prev_state=R ==> next_comm=ksoftirqd/0 next_pid=3 next_prio=120
     ksoftirqd/0-3     [000] ...2  1308.069095: sched_switch: prev_comm=ksoftirqd/0 prev_pid=3 prev_prio=120 prev_state=S ==> next_comm=swapper/0 next_pid=0 next_prio=120
          <idle>-0     [000] ...2  1308.069119: sched_switch: prev_comm=swapper/0 prev_pid=0 prev_prio=120 prev_state=R ==> next_comm=ksoftirqd/0 next_pid=3 next_prio=120
     ksoftirqd/0-3     [000] ...2  1308.069130: sched_switch: prev_comm=ksoftirqd/0 prev_pid=3 prev_prio=120 prev_state=S ==> next_comm=swapper/0 next_pid=0 next_prio=120
          <idle>-0     [000] ...2  1308.069423: sched_switch: prev_comm=swapper/0 prev_pid=0 prev_prio=120 prev_state=R ==> next_comm=mmcqd/1 next_pid=116 next_prio=120
         mmcqd/1-116   [000] ...1  1308.069468: block_rq_complete: 179,0 RA () 4019800 + 24 [0]
         mmcqd/1-116   [000] ...2  1308.069500: sched_switch: prev_comm=mmcqd/1 prev_pid=116 prev_prio=120 prev_state=S ==> next_comm=swapper/0 next_pid=0 next_prio=120
          <idle>-0     [000] ...2  1308.069690: sched_switch: prev_comm=swapper/0 prev_pid=0 prev_prio=120 prev_state=R ==> next_comm=mmcqd/1 next_pid=116 next_prio=120
         mmcqd/1-116   [000] ...1  1308.069728: block_rq_complete: 179,0 RA () 4019896 + 8 [0]
         mmcqd/1-116   [000] ...2  1308.069746: sched_switch: prev_comm=mmcqd/1 prev_pid=116 prev_prio=120 prev_state=S ==> next_comm=swapper/0 next_pid=0 next_prio=120
          <idle>-0     [000] ...2  1308.069966: sched_switch: prev_comm=swapper/0 prev_pid=0 prev_prio=120 prev_state=R ==> next_comm=mmcqd/1 next_pid=116 next_prio=120
         mmcqd/1-116   [000] ...1  1308.069981: block_rq_complete: 179,0 RA () 4019928 + 8 [0]
          <idle>-0     [001] ...2  1308.069998: sched_switch: prev_comm=swapper/1 prev_pid=0 prev_prio=120 prev_state=R ==> next_comm=main next_pid=7539 next_prio=120
         mmcqd/1-116   [000] ...2  1308.070007: sched_switch: prev_comm=mmcqd/1 prev_pid=116 prev_prio=120 prev_state=R+ ==> next_comm=kworker/0:1H next_pid=17 next_prio=100
    kworker/0:1H-17    [000] ...2  1308.070019: sched_switch: prev_comm=kworker/0:1H prev_pid=17 prev_prio=100 prev_state=S ==> next_comm=mmcqd/1 next_pid=116 next_prio=120
         mmcqd/1-116   [000] ...2  1308.070033: sched_switch: prev_comm=mmcqd/1 prev_pid=116 prev_prio=120 prev_state=S ==> next_comm=swapper/0 next_pid=0 next_prio=120
            main-7539  [001] d..2  1308.070079: block_rq_insert: 179,0 R 0 () 4028368 + 104 [main]
            main-7539  [001] d..2  1308.070081: block_rq_insert: 179,0 R 0 () 4028480 + 32 [main]
            main-7539  [001] ...2  1308.070093: sched_switch: prev_comm=main prev_pid=7539 prev_prio=120 prev_state=D|W ==> next_comm=swapper/1 next_pid=0 next_prio=120
          <idle>-0     [000] ...2  1308.070096: sched_switch: prev_comm=swapper/0 prev_pid=0 prev_prio=120 prev_state=R ==> next_comm=mmcqd/1 next_pid=116 next_prio=120
         mmcqd/1-116   [000] ...2  1308.070213: sched_switch: prev_comm=mmcqd/1 prev_pid=116 prev_prio=120 prev_state=S ==> next_comm=swapper/0 next_pid=0 next_prio=120
          <idle>-0     [000] ...2  1308.071001: sched_switch: prev_comm=swapper/0 prev_pid=0 prev_prio=120 prev_state=R ==> next_comm=mmcqd/1 next_pid=116 next_prio=120
         mmcqd/1-116   [000] ...1  1308.071074: block_rq_complete: 179,0 RA () 4028368 + 104 [0]
         mmcqd/1-116   [000] ...2  1308.071097: sched_switch: prev_comm=mmcqd/1 prev_pid=116 prev_prio=120 prev_state=S ==> next_comm=swapper/0 next_pid=0 next_prio=120
          <idle>-0     [000] ...2  1308.071389: sched_switch: prev_comm=swapper/0 prev_pid=0 prev_prio=120 prev_state=R ==> next_comm=mmcqd/1 next_pid=116 next_prio=120
         mmcqd/1-116   [000] ...1  1308.071414: block_rq_complete: 179,0 RA () 4028480 + 32 [0]
          <idle>-0     [001] ...2  1308.071429: sched_switch: prev_comm=swapper/1 prev_pid=0 prev_prio=120 prev_state=R ==> next_comm=main next_pid=7539 next_prio=120
         mmcqd/1-116   [000] ...2  1308.071442: sched_switch: prev_comm=mmcqd/1 prev_pid=116 prev_prio=120 prev_state=R+ ==> next_comm=kworker/0:1H next_pid=17 next_prio=100
    kworker/0:1H-17    [000] ...2  1308.071455: sched_switch: prev_comm=kworker/0:1H prev_pid=17 prev_prio=100 prev_state=S ==> next_comm=mmcqd/1 next_pid=116 next_prio=120
         mmcqd/1-116   [000] ...2  1308.071469: sched_switch: prev_comm=mmcqd/1 prev_pid=116 prev_prio=120 prev_state=S ==> next_comm=swapper/0 next_pid=0 next_prio=120
          <idle>-0     [000] ...2  1308.071520: sched_switch: prev_comm=swapper/0 prev_pid=0 prev_prio=120 prev_state=R ==> next_comm=main next_pid=7546 next_prio=120
            main-7539  [001] ...2  1308.071559: sched_switch: prev_comm=main prev_pid=7539 prev_prio=120 prev_state=D ==> next_comm=swapper/1 next_pid=0 next_prio=120
          <idle>-0     [001] ...2  1308.071585: sched_switch: prev_comm=swapper/1 prev_pid=0 prev_prio=120 prev_state=R ==> next_comm=main next_pid=7539 next_prio=120
 FinalizerDaemon-7546  [000] ...2  1308.071596: sched_switch: prev_comm=main prev_pid=7546 prev_prio=120 prev_state=D ==> next_comm=swapper/0 next_pid=0 next_prio=120
          <idle>-0     [000] ...2  1308.071603: sched_switch: prev_comm=swapper/0 prev_pid=0 prev_prio=120 prev_state=R ==> next_comm=main next_pid=7546 next_prio=120
            main-7539  [001] ...2  1308.071758: sched_switch: prev_comm=main prev_pid=7539 prev_prio=120 prev_state=S ==> next_comm=swapper/1 next_pid=0 next_prio=120
          <idle>-0     [001] ...2  1308.072212: sched_switch: prev_comm=swapper/1 prev_pid=0 prev_prio=120 prev_state=R ==> next_comm=main next_pid=7539 next_prio=120
            main-7539  [001] ...2  1308.072244: sched_switch: prev_comm=main prev_pid=7539 prev_prio=120 prev_state=D ==> next_comm=swapper/1 next_pid=0 next_prio=120
          <idle>-0     [001] ...2  1308.072252: sched_switch: prev_comm=swapper/1 prev_pid=0 prev_prio=120 prev_state=R ==> next_comm=main next_pid=7539 next_prio=120
 FinalizerDaemon-7546  [000] ...2  1308.072285: sched_switch: prev_comm=FinalizerDaemon prev_pid=7546 prev_prio=120 prev_state=S ==> next_comm=swapper/0 next_pid=0 next_prio=120
          <idle>-0     [000] ...2  1308.072584: sched_switch: prev_comm=swapper/0 prev_pid=0 prev_prio=120 prev_state=R ==> next_comm=main next_pid=7548 next_prio=120
            main-7539  [001] ...2  1308.072791: sched_switch: prev_comm=main prev_pid=7539 prev_prio=120 prev_state=S ==> next_comm=main next_pid=7547 next_prio=120
 HeapTrimmerDaem-7548  [000] ...2  1308.072803: sched_switch: prev_comm=main prev_pid=7548 prev_prio=120 prev_state=D ==> next_comm=swapper/0 next_pid=0 next_prio=120
          <idle>-0     [000] ...2  1308.072810: sched_switch: prev_comm=swapper/0 prev_pid=0 prev_prio=120 prev_state=R ==> next_comm=main next_pid=7548 next_prio=120
 FinalizerWatchd-7547  [001] ...2  1308.072817: sched_switch: prev_comm=main prev_pid=7547 prev_prio=120 prev_state=S ==> next_comm=swapper/1 next_pid=0 next_prio=120
          <idle>-0     [001] ...2  1308.073270: sched_switch: prev_comm=swapper/1 prev_pid=0 prev_prio=120 prev_state=R ==> next_comm=main next_pid=7539 next_prio=120
            main-7539  [001] ...2  1308.073303: sched_switch: prev_comm=main prev_pid=7539 prev_prio=120 prev_state=D ==> next_comm=main next_pid=7547 next_prio=120
 FinalizerWatchd-7547  [001] ...2  1308.073313: sched_switch: prev_comm=main prev_pid=7547 prev_prio=120 prev_state=R ==> next_comm=main next_pid=7539 next_prio=120
 HeapTrimmerDaem-7548  [000] ...2  1308.073321: sched_switch: prev_comm=HeapTrimmerDaem prev_pid=7548 prev_prio=120 prev_state=D ==> next_comm=swapper/0 next_pid=0 next_prio=120
          <idle>-0     [000] ...2  1308.073329: sched_switch: prev_comm=swapper/0 prev_pid=0 prev_prio=120 prev_state=R ==> next_comm=HeapTrimmerDaem next_pid=7548 next_prio=120
 HeapTrimmerDaem-7548  [000] ...2  1308.073345: sched_switch: prev_comm=HeapTrimmerDaem prev_pid=7548 prev_prio=120 prev_state=S ==> next_comm=swapper/0 next_pid=0 next_prio=120
          <idle>-0     [000] ...2  1308.073351: sched_switch: prev_comm=swapper/0 prev_pid=0 prev_prio=120 prev_state=R ==> next_comm=main next_pid=7549 next_prio=120
            main-7539  [001] ...2  1308.073373: sched_switch: prev_comm=main prev_pid=7539 prev_prio=120 prev_state=D ==> next_comm=main next_pid=7547 next_prio=120
 FinalizerWatchd-7547  [001] ...2  1308.073383: sched_switch: prev_comm=main prev_pid=7547 prev_prio=120 prev_state=D ==> next_comm=swapper/1 next_pid=0 next_prio=120
          <idle>-0     [001] ...2  1308.073414: sched_switch: prev_comm=swapper/1 prev_pid=0 prev_prio=120 prev_state=R ==> next_comm=main next_pid=7539 next_prio=120
        GCDaemon-7549  [000] ...2  1308.073418: sched_switch: prev_comm=main prev_pid=7549 prev_prio=120 prev_state=D ==> next_comm=swapper/0 next_pid=0 next_prio=120
            main-7539  [001] ...2  1308.073432: sched_switch: prev_comm=main prev_pid=7539 prev_prio=120 prev_state=D ==> next_comm=main next_pid=7547 next_prio=120
 FinalizerWatchd-7547  [001] ...2  1308.073444: sched_switch: prev_comm=main prev_pid=7547 prev_prio=120 prev_state=R+ ==> next_comm=main next_pid=7539 next_prio=120
          <idle>-0     [000] ...2  1308.073448: sched_switch: prev_comm=swapper/0 prev_pid=0 prev_prio=120 prev_state=R ==> next_comm=main next_pid=7549 next_prio=120
        GCDaemon-7549  [000] ...2  1308.073464: sched_switch: prev_comm=main prev_pid=7549 prev_prio=120 prev_state=S ==> next_comm=swapper/0 next_pid=0 next_prio=120
            main-7539  [001] d..2  1308.073626: block_rq_insert: 179,0 R 0 () 4008360 + 48 [main]
            main-7539  [001] d..2  1308.073628: block_rq_insert: 179,0 R 0 () 4008432 + 16 [main]
            main-7539  [001] d..2  1308.073630: block_rq_insert: 179,0 R 0 () 4008456 + 8 [main]
            main-7539  [001] d..2  1308.073632: block_rq_insert: 179,0 R 0 () 4008536 + 16 [main]
            main-7539  [001] ...2  1308.073644: sched_switch: prev_comm=main prev_pid=7539 prev_prio=120 prev_state=D|W ==> next_comm=main next_pid=7547 next_prio=120
          <idle>-0     [000] ...2  1308.073649: sched_switch: prev_comm=swapper/0 prev_pid=0 prev_prio=120 prev_state=R ==> next_comm=mmcqd/1 next_pid=116 next_prio=120
         mmcqd/1-116   [000] ...2  1308.073725: sched_switch: prev_comm=mmcqd/1 prev_pid=116 prev_prio=120 prev_state=S ==> next_comm=swapper/0 next_pid=0 next_prio=120
          <idle>-0     [000] ...2  1308.074026: sched_switch: prev_comm=swapper/0 prev_pid=0 prev_prio=120 prev_state=R ==> next_comm=mmcqd/1 next_pid=116 next_prio=120
 FinalizerWatchd-7547  [001] ...2  1308.074042: sched_switch: prev_comm=FinalizerWatchd prev_pid=7547 prev_prio=120 prev_state=S ==> next_comm=main next_pid=7549 next_prio=120
         mmcqd/1-116   [000] ...1  1308.074069: block_rq_complete: 179,0 RA () 4008536 + 16 [0]
         mmcqd/1-116   [000] ...2  1308.074103: sched_switch: prev_comm=mmcqd/1 prev_pid=116 prev_prio=120 prev_state=S ==> next_comm=swapper/0 next_pid=0 next_prio=120
          <idle>-0     [000] ...2  1308.074289: sched_switch: prev_comm=swapper/0 prev_pid=0 prev_prio=120 prev_state=R ==> next_comm=mmcqd/1 next_pid=116 next_prio=120
         mmcqd/1-116   [000] ...1  1308.074330: block_rq_complete: 179,0 RA () 4008456 + 8 [0]
        GCDaemon-7549  [001] ...2  1308.074343: sched_switch: prev_comm=main prev_pid=7549 prev_prio=120 prev_state=R+ ==> next_comm=main next_pid=7539 next_prio=120
            main-7539  [001] ...2  1308.074359: sched_switch: prev_comm=main prev_pid=7539 prev_prio=120 prev_state=D|W ==> next_comm=main next_pid=7549 next_prio=120
         mmcqd/1-116   [000] ...2  1308.074383: sched_switch: prev_comm=mmcqd/1 prev_pid=116 prev_prio=120 prev_state=S ==> next_comm=swapper/0 next_pid=0 next_prio=120
        GCDaemon-7549  [001] ...2  1308.074436: sched_switch: prev_comm=GCDaemon prev_pid=7549 prev_prio=120 prev_state=S ==> next_comm=swapper/1 next_pid=0 next_prio=120
          <idle>-0     [000] ...2  1308.074619: sched_switch: prev_comm=swapper/0 prev_pid=0 prev_prio=120 prev_state=R ==> next_comm=mmcqd/1 next_pid=116 next_prio=120
         mmcqd/1-116   [000] ...1  1308.074661: block_rq_complete: 179,0 RA () 4008432 + 16 [0]
          <idle>-0     [001] ...2  1308.074676: sched_switch: prev_comm=swapper/1 prev_pid=0 prev_prio=120 prev_state=R ==> next_comm=main next_pid=7539 next_prio=120
         mmcqd/1-116   [000] ...2  1308.074687: sched_switch: prev_comm=mmcqd/1 prev_pid=116 prev_prio=120 prev_state=S ==> next_comm=swapper/0 next_pid=0 next_prio=120
            main-7539  [001] d..2  1308.074942: block_rq_insert: 179,0 R 0 () 4079784 + 8 [main]
            main-7539  [001] d..2  1308.074944: block_rq_insert: 179,0 R 0 () 4079880 + 40 [main]
            main-7539  [001] ...2  1308.074959: sched_switch: prev_comm=main prev_pid=7539 prev_prio=120 prev_state=D|W ==> next_comm=swapper/1 next_pid=0 next_prio=120
          <idle>-0     [000] ...2  1308.074961: sched_switch: prev_comm=swapper/0 prev_pid=0 prev_prio=120 prev_state=R ==> next_comm=mmcqd/1 next_pid=116 next_prio=120
         mmcqd/1-116   [000] ...2  1308.074986: sched_switch: prev_comm=mmcqd/1 prev_pid=116 prev_prio=120 prev_state=S ==> next_comm=swapper/0 next_pid=0 next_prio=120
          <idle>-0     [000] ...2  1308.075129: sched_switch: prev_comm=swapper/0 prev_pid=0 prev_prio=120 prev_state=R ==> next_comm=mmcqd/1 next_pid=116 next_prio=120
         mmcqd/1-116   [000] ...1  1308.075186: block_rq_complete: 179,0 RA () 4008360 + 48 [0]
         mmcqd/1-116   [000] ...2  1308.075233: sched_switch: prev_comm=mmcqd/1 prev_pid=116 prev_prio=120 prev_state=S ==> next_comm=swapper/0 next_pid=0 next_prio=120
          <idle>-0     [000] ...2  1308.075398: sched_switch: prev_comm=swapper/0 prev_pid=0 prev_prio=120 prev_state=R ==> next_comm=mmcqd/1 next_pid=116 next_prio=120
         mmcqd/1-116   [000] ...1  1308.075437: block_rq_complete: 179,0 RA () 4079784 + 8 [0]
         mmcqd/1-116   [000] ...2  1308.075456: sched_switch: prev_comm=mmcqd/1 prev_pid=116 prev_prio=120 prev_state=S ==> next_comm=swapper/0 next_pid=0 next_prio=120
          <idle>-0     [000] ...2  1308.075869: sched_switch: prev_comm=swapper/0 prev_pid=0 prev_prio=120 prev_state=R ==> next_comm=mmcqd/1 next_pid=116 next_prio=120
         mmcqd/1-116   [000] ...1  1308.075897: block_rq_complete: 179,0 RA () 4079880 + 40 [0]
          <idle>-0     [001] ...2  1308.075913: sched_switch: prev_comm=swapper/1 prev_pid=0 prev_prio=120 prev_state=R ==> next_comm=main next_pid=7539 next_prio=120
         mmcqd/1-116   [000] ...2  1308.075926: sched_switch: prev_comm=mmcqd/1 prev_pid=116 prev_prio=120 prev_state=R+ ==> next_comm=kworker/0:1H next_pid=17 next_prio=100
    kworker/0:1H-17    [000] ...2  1308.075938: sched_switch: prev_comm=kworker/0:1H prev_pid=17 prev_prio=100 prev_state=S ==> next_comm=mmcqd/1 next_pid=116 next_prio=120
         mmcqd/1-116   [000] ...2  1308.075953: sched_switch: prev_comm=mmcqd/1 prev_pid=116 prev_prio=120 prev_state=S ==> next_comm=swapper/0 next_pid=0 next_prio=120
            main-7539  [001] d..2  1308.077165: block_rq_insert: 179,0 R 0 () 4084016 + 8 [main]
            main-7539  [001] d..2  1308.077170: block_rq_insert: 179,0 R 0 () 4084104 + 8 [main]
            main-7539  [001] d..2  1308.077172: block_rq_insert: 179,0 R 0 () 4084128 + 8 [main]
            main-7539  [001] ...2  1308.077189: sched_switch: prev_comm=main prev_pid=7539 prev_prio=120 prev_state=D|W ==> next_comm=swapper/1 next_pid=0 next_prio=120
          <idle>-0     [000] ...2  1308.077191: sched_switch: prev_comm=swapper/0 prev_pid=0 prev_prio=120 prev_state=R ==> next_comm=mmcqd/1 next_pid=116 next_prio=120
         mmcqd/1-116   [000] ...2  1308.077268: sched_switch: prev_comm=mmcqd/1 prev_pid=116 prev_prio=120 prev_state=S ==> next_comm=swapper/0 next_pid=0 next_prio=120
          <idle>-0     [000] ...2  1308.077495: sched_switch: prev_comm=swapper/0 prev_pid=0 prev_prio=120 prev_state=R ==> next_comm=mmcqd/1 next_pid=116 next_prio=120
         mmcqd/1-116   [000] ...1  1308.077534: block_rq_complete: 179,0 RA () 4084016 + 8 [0]
         mmcqd/1-116   [000] ...2  1308.077568: sched_switch: prev_comm=mmcqd/1 prev_pid=116 prev_prio=120 prev_state=S ==> next_comm=swapper/0 next_pid=0 next_prio=120
          <idle>-0     [000] ...2  1308.077756: sched_switch: prev_comm=swapper/0 prev_pid=0 prev_prio=120 prev_state=R ==> next_comm=mmcqd/1 next_pid=116 next_prio=120
         mmcqd/1-116   [000] ...1  1308.077795: block_rq_complete: 179,0 RA () 4084104 + 8 [0]
          <idle>-0     [001] ...2  1308.077810: sched_switch: prev_comm=swapper/1 prev_pid=0 prev_prio=120 prev_state=R ==> next_comm=main next_pid=7539 next_prio=120
         mmcqd/1-116   [000] ...2  1308.077822: sched_switch: prev_comm=mmcqd/1 prev_pid=116 prev_prio=120 prev_state=S ==> next_comm=swapper/0 next_pid=0 next_prio=120
          <idle>-0     [000] ...2  1308.078041: sched_switch: prev_comm=swapper/0 prev_pid=0 prev_prio=120 prev_state=R ==> next_comm=mmcqd/1 next_pid=116 next_prio=120
         mmcqd/1-116   [000] ...1  1308.078057: block_rq_complete: 179,0 RA () 4084128 + 8 [0]
         mmcqd/1-116   [000] ...2  1308.078079: sched_switch: prev_comm=mmcqd/1 prev_pid=116 prev_prio=120 prev_state=R+ ==> next_comm=kworker/0:1H next_pid=17 next_prio=100
    kworker/0:1H-17    [000] ...2  1308.078091: sched_switch: prev_comm=kworker/0:1H prev_pid=17 prev_prio=100 prev_state=S ==> next_comm=mmcqd/1 next_pid=116 next_prio=120
         mmcqd/1-116   [000] ...2  1308.078109: sched_switch: prev_comm=mmcqd/1 prev_pid=116 prev_prio=120 prev_state=S ==> next_comm=swapper/0 next_pid=0 next_prio=120
          <idle>-0     [000] ...2  1308.078929: sched_switch: prev_comm=swapper/0 prev_pid=0 prev_prio=120 prev_state=R ==> next_comm=ksoftirqd/0 next_pid=3 next_prio=120
     ksoftirqd/0-3     [000] ...2  1308.078943: sched_switch: prev_comm=ksoftirqd/0 prev_pid=3 prev_prio=120 prev_state=S ==> next_comm=swapper/0 next_pid=0 next_prio=120
          <idle>-0     [000] ...2  1308.078966: sched_switch: prev_comm=swapper/0 prev_pid=0 prev_prio=120 prev_state=R ==> next_comm=ksoftirqd/0 next_pid=3 next_prio=120
     ksoftirqd/0-3     [000] ...2  1308.078979: sched_switch: prev_comm=ksoftirqd/0 prev_pid=3 prev_prio=120 prev_state=S ==> next_comm=swapper/0 next_pid=0 next_prio=120
          <idle>-0     [000] ...2  1308.079000: sched_switch: prev_comm=swapper/0 prev_pid=0 prev_prio=120 prev_state=R ==> next_comm=ksoftirqd/0 next_pid=3 next_prio=120
     ksoftirqd/0-3     [000] ...2  1308.079012: sched_switch: prev_comm=ksoftirqd/0 prev_pid=3 prev_prio=120 prev_state=S ==> next_comm=swapper/0 next_pid=0 next_prio=120
            main-7539  [001] d..2  1308.079139: block_rq_insert: 179,0 R 0 () 4086360 + 56 [main]
            main-7539  [001] d..2  1308.079142: block_rq_insert: 179,0 R 0 () 4086424 + 72 [main]
            main-7539  [001] d..2  1308.079143: block_rq_insert: 179,0 R 0 () 4086528 + 32 [main]
            main-7539  [001] ...2  1308.079157: sched_switch: prev_comm=main prev_pid=7539 prev_prio=120 prev_state=D|W ==> next_comm=swapper/1 next_pid=0 next_prio=120
          <idle>-0     [000] ...2  1308.079162: sched_switch: prev_comm=swapper/0 prev_pid=0 prev_prio=120 prev_state=R ==> next_comm=mmcqd/1 next_pid=116 next_prio=120
          <idle>-0     [001] ...2  1308.079172: sched_switch: prev_comm=swapper/1 prev_pid=0 prev_prio=120 prev_state=R ==> next_comm=ksoftirqd/1 next_pid=7536 next_prio=120
     ksoftirqd/1-7536  [001] ...2  1308.079182: sched_switch: prev_comm=ksoftirqd/1 prev_pid=7536 prev_prio=120 prev_state=S ==> next_comm=swapper/1 next_pid=0 next_prio=120
          <idle>-0     [001] ...2  1308.079197: sched_switch: prev_comm=swapper/1 prev_pid=0 prev_prio=120 prev_state=R ==> next_comm=ksoftirqd/1 next_pid=7536 next_prio=120
     ksoftirqd/1-7536  [001] ...2  1308.079203: sched_switch: prev_comm=ksoftirqd/1 prev_pid=7536 prev_prio=120 prev_state=S ==> next_comm=swapper/1 next_pid=0 next_prio=120
          <idle>-0     [001] ...2  1308.079216: sched_switch: prev_comm=swapper/1 prev_pid=0 prev_prio=120 prev_state=R ==> next_comm=ksoftirqd/1 next_pid=7536 next_prio=120
     ksoftirqd/1-7536  [001] ...2  1308.079222: sched_switch: prev_comm=ksoftirqd/1 prev_pid=7536 prev_prio=120 prev_state=S ==> next_comm=swapper/1 next_pid=0 next_prio=120
         mmcqd/1-116   [000] ...2  1308.079281: sched_switch: prev_comm=mmcqd/1 prev_pid=116 prev_prio=120 prev_state=S ==> next_comm=swapper/0 next_pid=0 next_prio=120
          <idle>-0     [000] ...2  1308.079760: sched_switch: prev_comm=swapper/0 prev_pid=0 prev_prio=120 prev_state=R ==> next_comm=mmcqd/1 next_pid=116 next_prio=120
         mmcqd/1-116   [000] ...1  1308.079817: block_rq_complete: 179,0 RA () 4086360 + 56 [0]
         mmcqd/1-116   [000] ...2  1308.079863: sched_switch: prev_comm=mmcqd/1 prev_pid=116 prev_prio=120 prev_state=S ==> next_comm=swapper/0 next_pid=0 next_prio=120
          <idle>-0     [000] ...2  1308.080351: sched_switch: prev_comm=swapper/0 prev_pid=0 prev_prio=120 prev_state=R ==> next_comm=mmcqd/1 next_pid=116 next_prio=120
         mmcqd/1-116   [000] ...1  1308.080410: block_rq_complete: 179,0 RA () 4086424 + 72 [0]
          <idle>-0     [001] ...2  1308.080431: sched_switch: prev_comm=swapper/1 prev_pid=0 prev_prio=120 prev_state=R ==> next_comm=main next_pid=7539 next_prio=120
         mmcqd/1-116   [000] ...2  1308.080442: sched_switch: prev_comm=mmcqd/1 prev_pid=116 prev_prio=120 prev_state=S ==> next_comm=swapper/0 next_pid=0 next_prio=120
          <idle>-0     [000] ...2  1308.080732: sched_switch: prev_comm=swapper/0 prev_pid=0 prev_prio=120 prev_state=R ==> next_comm=mmcqd/1 next_pid=116 next_prio=120
         mmcqd/1-116   [000] ...1  1308.080755: block_rq_complete: 179,0 RA () 4086528 + 32 [0]
         mmcqd/1-116   [000] ...2  1308.080778: sched_switch: prev_comm=mmcqd/1 prev_pid=116 prev_prio=120 prev_state=R+ ==> next_comm=kworker/0:1H next_pid=17 next_prio=100
    kworker/0:1H-17    [000] ...2  1308.080791: sched_switch: prev_comm=kworker/0:1H prev_pid=17 prev_prio=100 prev_state=S ==> next_comm=mmcqd/1 next_pid=116 next_prio=120
         mmcqd/1-116   [000] ...2  1308.080806: sched_switch: prev_comm=mmcqd/1 prev_pid=116 prev_prio=120 prev_state=S ==> next_comm=swapper/0 next_pid=0 next_prio=120
            main-7539  [001] d..2  1308.082354: block_rq_insert: 179,0 R 0 () 4078456 + 40 [main]
            main-7539  [001] d..2  1308.082358: block_rq_insert: 179,0 R 0 () 4078544 + 88 [main]
            main-7539  [001] d..2  1308.082360: block_rq_insert: 179,0 R 0 () 4078640 + 56 [main]
            main-7539  [001] ...2  1308.082377: sched_switch: prev_comm=main prev_pid=7539 prev_prio=120 prev_state=D|W ==> next_comm=swapper/1 next_pid=0 next_prio=120
          <idle>-0     [000] ...2  1308.082379: sched_switch: prev_comm=swapper/0 prev_pid=0 prev_prio=120 prev_state=R ==> next_comm=mmcqd/1 next_pid=116 next_prio=120
         mmcqd/1-116   [000] ...2  1308.082509: sched_switch: prev_comm=mmcqd/1 prev_pid=116 prev_prio=120 prev_state=S ==> next_comm=swapper/0 next_pid=0 next_prio=120
          <idle>-0     [000] ...2  1308.082971: sched_switch: prev_comm=swapper/0 prev_pid=0 prev_prio=120 prev_state=R ==> next_comm=mmcqd/1 next_pid=116 next_prio=120
         mmcqd/1-116   [000] ...1  1308.083026: block_rq_complete: 179,0 RA () 4078640 + 56 [0]
         mmcqd/1-116   [000] ...2  1308.083076: sched_switch: prev_comm=mmcqd/1 prev_pid=116 prev_prio=120 prev_state=S ==> next_comm=swapper/0 next_pid=0 next_prio=120
          <idle>-0     [000] ...2  1308.083749: sched_switch: prev_comm=swapper/0 prev_pid=0 prev_prio=120 prev_state=R ==> next_comm=mmcqd/1 next_pid=116 next_prio=120
         mmcqd/1-116   [000] ...1  1308.083816: block_rq_complete: 179,0 RA () 4078544 + 88 [0]
          <idle>-0     [001] ...2  1308.083833: sched_switch: prev_comm=swapper/1 prev_pid=0 prev_prio=120 prev_state=R ==> next_comm=main next_pid=7539 next_prio=120
         mmcqd/1-116   [000] ...2  1308.083847: sched_switch: prev_comm=mmcqd/1 prev_pid=116 prev_prio=120 prev_state=S ==> next_comm=swapper/0 next_pid=0 next_prio=120
            main-7539  [001] d..2  1308.083905: block_rq_insert: 179,0 R 0 () 4078128 + 8 [main]
            main-7539  [001] d..2  1308.083908: block_rq_insert: 179,0 R 0 () 4078152 + 8 [main]
            main-7539  [001] d..2  1308.083910: block_rq_insert: 179,0 R 0 () 4078176 + 24 [main]
            main-7539  [001] d..2  1308.083911: block_rq_insert: 179,0 R 0 () 4078208 + 56 [main]
            main-7539  [001] d..2  1308.083913: block_rq_insert: 179,0 R 0 () 4078280 + 104 [main]
            main-7539  [001] ...2  1308.083926: sched_switch: prev_comm=main prev_pid=7539 prev_prio=120 prev_state=D|W ==> next_comm=swapper/1 next_pid=0 next_prio=120
          <idle>-0     [000] ...2  1308.083928: sched_switch: prev_comm=swapper/0 prev_pid=0 prev_prio=120 prev_state=R ==> next_comm=mmcqd/1 next_pid=116 next_prio=120
         mmcqd/1-116   [000] ...2  1308.083995: sched_switch: prev_comm=mmcqd/1 prev_pid=116 prev_prio=120 prev_state=S ==> next_comm=swapper/0 next_pid=0 next_prio=120
          <idle>-0     [000] ...2  1308.084231: sched_switch: prev_comm=swapper/0 prev_pid=0 prev_prio=120 prev_state=R ==> next_comm=mmcqd/1 next_pid=116 next_prio=120
         mmcqd/1-116   [000] ...1  1308.084279: block_rq_complete: 179,0 RA () 4078456 + 40 [0]
         mmcqd/1-116   [000] ...2  1308.084333: sched_switch: prev_comm=mmcqd/1 prev_pid=116 prev_prio=120 prev_state=S ==> next_comm=swapper/0 next_pid=0 next_prio=120
          <idle>-0     [000] ...2  1308.085075: sched_switch: prev_comm=swapper/0 prev_pid=0 prev_prio=120 prev_state=R ==> next_comm=mmcqd/1 next_pid=116 next_prio=120
         mmcqd/1-116   [000] ...1  1308.085148: block_rq_complete: 179,0 RA () 4078280 + 104 [0]
         mmcqd/1-116   [000] ...2  1308.085191: sched_switch: prev_comm=mmcqd/1 prev_pid=116 prev_prio=120 prev_state=S ==> next_comm=swapper/0 next_pid=0 next_prio=120
          <idle>-0     [000] ...2  1308.085594: sched_switch: prev_comm=swapper/0 prev_pid=0 prev_prio=120 prev_state=R ==> next_comm=mmcqd/1 next_pid=116 next_prio=120
         mmcqd/1-116   [000] ...1  1308.085650: block_rq_complete: 179,0 RA () 4078208 + 56 [0]
          <idle>-0     [001] ...2  1308.085665: sched_switch: prev_comm=swapper/1 prev_pid=0 prev_prio=120 prev_state=R ==> next_comm=main next_pid=7539 next_prio=120
         mmcqd/1-116   [000] ...2  1308.085691: sched_switch: prev_comm=mmcqd/1 prev_pid=116 prev_prio=120 prev_state=S ==> next_comm=swapper/0 next_pid=0 next_prio=120
            main-7539  [001] d..2  1308.085830: block_rq_insert: 179,0 R 0 () 4077968 + 8 [main]
            main-7539  [001] d..2  1308.085833: block_rq_insert: 179,0 R 0 () 4078016 + 88 [main]
            main-7539  [001] ...2  1308.085842: sched_switch: prev_comm=main prev_pid=7539 prev_prio=120 prev_state=D|W ==> next_comm=swapper/1 next_pid=0 next_prio=120
          <idle>-0     [000] ...2  1308.085953: sched_switch: prev_comm=swapper/0 prev_pid=0 prev_prio=120 prev_state=R ==> next_comm=mmcqd/1 next_pid=116 next_prio=120
         mmcqd/1-116   [000] ...1  1308.085998: block_rq_complete: 179,0 RA () 4078176 + 24 [0]
