         mmcqd/1-116   [000] ...2  1320.560465: sched_switch: prev_comm=mmcqd/1 prev_pid=116 prev_prio=120 prev_state=R+ ==> next_comm=kworker/0:1H next_pid=17 next_prio=100
    kworker/0:1H-17    [000] ...2  1320.560476: sched_switch: prev_comm=kworker/0:1H prev_pid=17 prev_prio=100 prev_state=S ==> next_comm=mmcqd/1 next_pid=116 next_prio=120
         mmcqd/1-116   [000] ...2  1320.560493: sched_switch: prev_comm=mmcqd/1 prev_pid=116 prev_prio=120 prev_state=S ==> next_comm=swapper/0 next_pid=0 next_prio=120
            main-7596  [001] d..2  1320.560665: block_rq_insert: 179,0 R 0 () 3984640 + 16 [main]
            main-7596  [001] ...2  1320.560680: sched_switch: prev_comm=main prev_pid=7596 prev_prio=120 prev_state=D|W ==> next_comm=swapper/1 next_pid=0 next_prio=120
          <idle>-0     [000] ...2  1320.560686: sched_switch: prev_comm=swapper/0 prev_pid=0 prev_prio=120 prev_state=R ==> next_comm=mmcqd/1 next_pid=116 next_prio=120
         mmcqd/1-116   [000] ...2  1320.560754: sched_switch: prev_comm=mmcqd/1 prev_pid=116 prev_prio=120 prev_state=S ==> next_comm=swapper/0 next_pid=0 next_prio=120
          <idle>-0     [000] ...2  1320.561003: sched_switch: prev_comm=swapper/0 prev_pid=0 prev_prio=120 prev_state=R ==> next_comm=mmcqd/1 next_pid=116 next_prio=120
         mmcqd/1-116   [000] ...1  1320.561021: block_rq_complete: 179,0 RA () 3984640 + 16 [0]
          <idle>-0     [001] ...2  1320.561037: sched_switch: prev_comm=swapper/1 prev_pid=0 prev_prio=120 prev_state=R ==> next_comm=main next_pid=7596 next_prio=120
         mmcqd/1-116   [000] ...2  1320.561049: sched_switch: prev_comm=mmcqd/1 prev_pid=116 prev_prio=120 prev_state=R+ ==> next_comm=kworker/0:1H next_pid=17 next_prio=100
    kworker/0:1H-17    [000] ...2  1320.561060: sched_switch: prev_comm=kworker/0:1H prev_pid=17 prev_prio=100 prev_state=S ==> next_comm=mmcqd/1 next_pid=116 next_prio=120
         mmcqd/1-116   [000] ...2  1320.561077: sched_switch: prev_comm=mmcqd/1 prev_pid=116 prev_prio=120 prev_state=S ==> next_comm=swapper/0 next_pid=0 next_prio=120
          <idle>-0     [000] ...2  1320.561663: sched_switch: prev_comm=swapper/0 prev_pid=0 prev_prio=120 prev_state=R ==> next_comm=main next_pid=7603 next_prio=120
 Heap thread poo-7603  [000] ...2  1320.561679: sched_switch: prev_comm=main prev_pid=7603 prev_prio=120 prev_state=D ==> next_comm=swapper/0 next_pid=0 next_prio=120
          <idle>-0     [000] ...2  1320.561699: sched_switch: prev_comm=swapper/0 prev_pid=0 prev_prio=120 prev_state=R ==> next_comm=main next_pid=7603 next_prio=120
            main-7596  [001] ...2  1320.561709: sched_switch: prev_comm=main prev_pid=7596 prev_prio=120 prev_state=D ==> next_comm=swapper/1 next_pid=0 next_prio=120
          <idle>-0     [001] ...2  1320.561750: sched_switch: prev_comm=swapper/1 prev_pid=0 prev_prio=120 prev_state=R ==> next_comm=main next_pid=7596 next_prio=120
            main-7596  [001] ...2  1320.561805: sched_switch: prev_comm=main prev_pid=7596 prev_prio=120 prev_state=D ==> next_comm=main next_pid=7604 next_prio=120
 Heap thread poo-7604  [001] ...2  1320.561815: sched_switch: prev_comm=main prev_pid=7604 prev_prio=120 prev_state=R+ ==> next_comm=main next_pid=7596 next_prio=120
 Heap thread poo-7603  [000] ...2  1320.561826: sched_switch: prev_comm=main prev_pid=7603 prev_prio=120 prev_state=D ==> next_comm=swapper/0 next_pid=0 next_prio=120
            main-7596  [001] ...2  1320.561853: sched_switch: prev_comm=main prev_pid=7596 prev_prio=120 prev_state=D ==> next_comm=main next_pid=7604 next_prio=120
 Heap thread poo-7604  [001] ...2  1320.561870: sched_switch: prev_comm=main prev_pid=7604 prev_prio=120 prev_state=R+ ==> next_comm=main next_pid=7596 next_prio=120
          <idle>-0     [000] ...2  1320.561878: sched_switch: prev_comm=swapper/0 prev_pid=0 prev_prio=120 prev_state=R ==> next_comm=main next_pid=7603 next_prio=120
            main-7596  [001] ...2  1320.561915: sched_switch: prev_comm=main prev_pid=7596 prev_prio=120 prev_state=S ==> next_comm=main next_pid=7604 next_prio=120
 Heap thread poo-7604  [001] ...2  1320.562130: sched_switch: prev_comm=main prev_pid=7604 prev_prio=120 prev_state=S ==> next_comm=main next_pid=7605 next_prio=120
 Heap thread poo-7605  [001] ...2  1320.562139: sched_switch: prev_comm=main prev_pid=7605 prev_prio=120 prev_state=D ==> next_comm=swapper/1 next_pid=0 next_prio=120
          <idle>-0     [001] ...2  1320.562164: sched_switch: prev_comm=swapper/1 prev_pid=0 prev_prio=120 prev_state=R ==> next_comm=main next_pid=7605 next_prio=120
 Heap thread poo-7603  [000] ...2  1320.562169: sched_switch: prev_comm=main prev_pid=7603 prev_prio=120 prev_state=D ==> next_comm=swapper/0 next_pid=0 next_prio=120
          <idle>-0     [000] ...2  1320.562176: sched_switch: prev_comm=swapper/0 prev_pid=0 prev_prio=120 prev_state=R ==> next_comm=main next_pid=7603 next_prio=120
 Heap thread poo-7605  [001] ...2  1320.562185: sched_switch: prev_comm=main prev_pid=7605 prev_prio=120 prev_state=S ==> next_comm=swapper/1 next_pid=0 next_prio=120
          <idle>-0     [001] ...2  1320.562830: sched_switch: prev_comm=swapper/1 prev_pid=0 prev_prio=120 prev_state=R ==> next_comm=main next_pid=7604 next_prio=120
 Heap thread poo-7603  [000] ...2  1320.562862: sched_switch: prev_comm=Heap thread poo prev_pid=7603 prev_prio=120 prev_state=S ==> next_comm=swapper/0 next_pid=0 next_prio=120
          <idle>-0     [000] ...2  1320.562890: sched_switch: prev_comm=swapper/0 prev_pid=0 prev_prio=120 prev_state=R ==> next_comm=ksoftirqd/0 next_pid=3 next_prio=120
     ksoftirqd/0-3     [000] ...2  1320.562901: sched_switch: prev_comm=ksoftirqd/0 prev_pid=3 prev_prio=120 prev_state=S ==> next_comm=swapper/0 next_pid=0 next_prio=120
          <idle>-0     [000] ...2  1320.562924: sched_switch: prev_comm=swapper/0 prev_pid=0 prev_prio=120 prev_state=R ==> next_comm=ksoftirqd/0 next_pid=3 next_prio=120
     ksoftirqd/0-3     [000] ...2  1320.562934: sched_switch: prev_comm=ksoftirqd/0 prev_pid=3 prev_prio=120 prev_state=S ==> next_comm=swapper/0 next_pid=0 next_prio=120
          <idle>-0     [000] ...2  1320.562956: sched_switch: prev_comm=swapper/0 prev_pid=0 prev_prio=120 prev_state=R ==> next_comm=ksoftirqd/0 next_pid=3 next_prio=120
     ksoftirqd/0-3     [000] ...2  1320.562967: sched_switch: prev_comm=ksoftirqd/0 prev_pid=3 prev_prio=120 prev_state=S ==> next_comm=swapper/0 next_pid=0 next_prio=120
 Heap thread poo-7604  [001] ...2  1320.563188: sched_switch: prev_comm=Heap thread poo prev_pid=7604 prev_prio=120 prev_state=S ==> next_comm=main next_pid=7605 next_prio=120
 Heap thread poo-7605  [001] ...2  1320.563573: sched_switch: prev_comm=Heap thread poo prev_pid=7605 prev_prio=120 prev_state=R+ ==> next_comm=main next_pid=7596 next_prio=120
          <idle>-0     [000] ...2  1320.563600: sched_switch: prev_comm=swapper/0 prev_pid=0 prev_prio=120 prev_state=R ==> next_comm=Heap thread poo next_pid=7603 next_prio=120
 Heap thread poo-7603  [000] ...2  1320.563625: sched_switch: prev_comm=Heap thread poo prev_pid=7603 prev_prio=120 prev_state=R+ ==> next_comm=Heap thread poo next_pid=7604 next_prio=120
            main-7596  [001] ...2  1320.563643: sched_switch: prev_comm=main prev_pid=7596 prev_prio=120 prev_state=S ==> next_comm=Heap thread poo next_pid=7605 next_prio=120
 Heap thread poo-7604  [000] ...2  1320.563653: sched_switch: prev_comm=Heap thread poo prev_pid=7604 prev_prio=120 prev_state=S ==> next_comm=Heap thread poo next_pid=7603 next_prio=120
 Heap thread poo-7605  [001] ...2  1320.563660: sched_switch: prev_comm=Heap thread poo prev_pid=7605 prev_prio=120 prev_state=S ==> next_comm=main next_pid=7606 next_prio=120
 Heap thread poo-7603  [000] ...2  1320.563680: sched_switch: prev_comm=Heap thread poo prev_pid=7603 prev_prio=120 prev_state=D ==> next_comm=swapper/0 next_pid=0 next_prio=120
          <idle>-0     [000] ...2  1320.563687: sched_switch: prev_comm=swapper/0 prev_pid=0 prev_prio=120 prev_state=R ==> next_comm=Heap thread poo next_pid=7603 next_prio=120
 Heap thread poo-7603  [000] ...2  1320.563703: sched_switch: prev_comm=Heap thread poo prev_pid=7603 prev_prio=120 prev_state=S ==> next_comm=swapper/0 next_pid=0 next_prio=120
  Signal Catcher-7606  [001] ...2  1320.564126: sched_switch: prev_comm=Signal Catcher prev_pid=7606 prev_prio=120 prev_state=R+ ==> next_comm=main next_pid=7596 next_prio=120
          <idle>-0     [000] ...2  1320.564199: sched_switch: prev_comm=swapper/0 prev_pid=0 prev_prio=120 prev_state=R ==> next_comm=main next_pid=7607 next_prio=120
            main-7596  [001] ...2  1320.564202: sched_switch: prev_comm=main prev_pid=7596 prev_prio=120 prev_state=S ==> next_comm=Signal Catcher next_pid=7606 next_prio=120
  Signal Catcher-7606  [001] ...2  1320.564213: sched_switch: prev_comm=Signal Catcher prev_pid=7606 prev_prio=120 prev_state=S ==> next_comm=swapper/1 next_pid=0 next_prio=120
          <idle>-0     [001] ...2  1320.564935: sched_switch: prev_comm=swapper/1 prev_pid=0 prev_prio=120 prev_state=R ==> next_comm=main next_pid=7596 next_prio=120
            JDWP-7607  [000] ...2  1320.565019: sched_switch: prev_comm=JDWP prev_pid=7607 prev_prio=120 prev_state=R+ ==> next_comm=adbd next_pid=778 next_prio=120
            main-7596  [001] d..2  1320.565090: block_rq_insert: 179,0 R 0 () 4067352 + 8 [main]
            main-7596  [001] d..2  1320.565094: block_rq_insert: 179,0 R 0 () 4067368 + 8 [main]
            main-7596  [001] ...2  1320.565107: sched_switch: prev_comm=main prev_pid=7596 prev_prio=120 prev_state=D|W ==> next_comm=mmcqd/1 next_pid=116 next_prio=120
         mmcqd/1-116   [001] ...2  1320.565158: sched_switch: prev_comm=mmcqd/1 prev_pid=116 prev_prio=120 prev_state=S ==> next_comm=swapper/1 next_pid=0 next_prio=120
            adbd-778   [000] ...2  1320.565193: sched_switch: prev_comm=adbd prev_pid=778 prev_prio=120 prev_state=S ==> next_comm=JDWP next_pid=7607 next_prio=120
            JDWP-7607  [000] ...2  1320.565223: sched_switch: prev_comm=JDWP prev_pid=7607 prev_prio=120 prev_state=R+ ==> next_comm=adbd next_pid=778 next_prio=120
          <idle>-0     [001] ...2  1320.565393: sched_switch: prev_comm=swapper/1 prev_pid=0 prev_prio=120 prev_state=R ==> next_comm=mmcqd/1 next_pid=116 next_prio=120
         mmcqd/1-116   [001] ...1  1320.565416: block_rq_complete: 179,0 RA () 4067352 + 8 [0]
            adbd-778   [000] ...2  1320.565434: sched_switch: prev_comm=adbd prev_pid=778 prev_prio=120 prev_state=S ==> next_comm=JDWP next_pid=7607 next_prio=120
         mmcqd/1-116   [001] ...2  1320.565435: sched_switch: prev_comm=mmcqd/1 prev_pid=116 prev_prio=120 prev_state=S ==> next_comm=swapper/1 next_pid=0 next_prio=120
            JDWP-7607  [000] ...2  1320.565457: sched_switch: prev_comm=JDWP prev_pid=7607 prev_prio=120 prev_state=S ==> next_comm=swapper/0 next_pid=0 next_prio=120
          <idle>-0     [000] ...2  1320.565675: sched_switch: prev_comm=swapper/0 prev_pid=0 prev_prio=120 prev_state=R ==> next_comm=mmcqd/1 next_pid=116 next_prio=120
         mmcqd/1-116   [000] ...1  1320.565692: block_rq_complete: 179,0 RA () 4067368 + 8 [0]
          <idle>-0     [001] ...2  1320.565708: sched_switch: prev_comm=swapper/1 prev_pid=0 prev_prio=120 prev_state=R ==> next_comm=main next_pid=7596 next_prio=120
         mmcqd/1-116   [000] ...2  1320.565721: sched_switch: prev_comm=mmcqd/1 prev_pid=116 prev_prio=120 prev_state=R+ ==> next_comm=kworker/0:1H next_pid=17 next_prio=100
    kworker/0:1H-17    [000] ...2  1320.565735: sched_switch: prev_comm=kworker/0:1H prev_pid=17 prev_prio=100 prev_state=S ==> next_comm=mmcqd/1 next_pid=116 next_prio=120
         mmcqd/1-116   [000] ...2  1320.565754: sched_switch: prev_comm=mmcqd/1 prev_pid=116 prev_prio=120 prev_state=S ==> next_comm=swapper/0 next_pid=0 next_prio=120
            main-7596  [001] d..2  1320.566087: block_rq_insert: 179,0 R 0 () 3993912 + 8 [main]
            main-7596  [001] d..2  1320.566090: block_rq_insert: 179,0 R 0 () 3993944 + 16 [main]
            main-7596  [001] d..2  1320.566091: block_rq_insert: 179,0 R 0 () 3993968 + 72 [main]
            main-7596  [001] ...2  1320.566104: sched_switch: prev_comm=main prev_pid=7596 prev_prio=120 prev_state=D|W ==> next_comm=swapper/1 next_pid=0 next_prio=120
          <idle>-0     [000] ...2  1320.566109: sched_switch: prev_comm=swapper/0 prev_pid=0 prev_prio=120 prev_state=R ==> next_comm=mmcqd/1 next_pid=116 next_prio=120
         mmcqd/1-116   [000] ...2  1320.566187: sched_switch: prev_comm=mmcqd/1 prev_pid=116 prev_prio=120 prev_state=S ==> next_comm=swapper/0 next_pid=0 next_prio=120
          <idle>-0     [000] ...2  1320.566413: sched_switch: prev_comm=swapper/0 prev_pid=0 prev_prio=120 prev_state=R ==> next_comm=mmcqd/1 next_pid=116 next_prio=120
         mmcqd/1-116   [000] ...1  1320.566452: block_rq_complete: 179,0 RA () 3993912 + 8 [0]
          <idle>-0     [001] ...2  1320.566467: sched_switch: prev_comm=swapper/1 prev_pid=0 prev_prio=120 prev_state=R ==> next_comm=main next_pid=7596 next_prio=120
         mmcqd/1-116   [000] ...2  1320.566519: sched_switch: prev_comm=mmcqd/1 prev_pid=116 prev_prio=120 prev_state=S ==> next_comm=swapper/0 next_pid=0 next_prio=120
            main-7596  [001] d..2  1320.566604: block_rq_insert: 179,0 R 0 () 4026856 + 24 [main]
            main-7596  [001] d..2  1320.566607: block_rq_insert: 179,0 R 0 () 4026944 + 8 [main]
            main-7596  [001] d..2  1320.566609: block_rq_insert: 179,0 R 0 () 4026960 + 40 [main]
            main-7596  [001] d..2  1320.566610: block_rq_insert: 179,0 R 0 () 4027008 + 24 [main]
            main-7596  [001] ...2  1320.566617: sched_switch: prev_comm=main prev_pid=7596 prev_prio=120 prev_state=D|W ==> next_comm=swapper/1 next_pid=0 next_prio=120
          <idle>-0     [000] ...2  1320.566790: sched_switch: prev_comm=swapper/0 prev_pid=0 prev_prio=120 prev_state=R ==> next_comm=mmcqd/1 next_pid=116 next_prio=120
         mmcqd/1-116   [000] ...1  1320.566834: block_rq_complete: 179,0 RA () 3993944 + 16 [0]
         mmcqd/1-116   [000] ...2  1320.566876: sched_switch: prev_comm=mmcqd/1 prev_pid=116 prev_prio=120 prev_state=S ==> next_comm=swapper/0 next_pid=0 next_prio=120
          <idle>-0     [000] ...2  1320.567417: sched_switch: prev_comm=swapper/0 prev_pid=0 prev_prio=120 prev_state=R ==> next_comm=mmcqd/1 next_pid=116 next_prio=120
         mmcqd/1-116   [000] ...1  1320.567480: block_rq_complete: 179,0 RA () 3993968 + 72 [0]
         mmcqd/1-116   [000] ...2  1320.567516: sched_switch: prev_comm=mmcqd/1 prev_pid=116 prev_prio=120 prev_state=S ==> next_comm=swapper/0 next_pid=0 next_prio=120
          <idle>-0     [000] ...2  1320.567764: sched_switch: prev_comm=swapper/0 prev_pid=0 prev_prio=120 prev_state=R ==> next_comm=mmcqd/1 next_pid=116 next_prio=120
         mmcqd/1-116   [000] ...1  1320.567809: block_rq_complete: 179,0 RA () 4026856 + 24 [0]
         mmcqd/1-116   [000] ...2  1320.567856: sched_switch: prev_comm=mmcqd/1 prev_pid=116 prev_prio=120 prev_state=S ==> next_comm=swapper/0 next_pid=0 next_prio=120
          <idle>-0     [000] ...2  1320.568049: sched_switch: prev_comm=swapper/0 prev_pid=0 prev_prio=120 prev_state=R ==> next_comm=mmcqd/1 next_pid=116 next_prio=120
         mmcqd/1-116   [000] ...1  1320.568087: block_rq_complete: 179,0 RA () 4026944 + 8 [0]
          <idle>-0     [001] ...2  1320.568102: sched_switch: prev_comm=swapper/1 prev_pid=0 prev_prio=120 prev_state=R ==> next_comm=main next_pid=7596 next_prio=120
         mmcqd/1-116   [000] ...2  1320.568133: sched_switch: prev_comm=mmcqd/1 prev_pid=116 prev_prio=120 prev_state=S ==> next_comm=swapper/0 next_pid=0 next_prio=120
            main-7596  [001] d..2  1320.568154: block_rq_insert: 179,0 R 0 () 4028616 + 96 [main]
            main-7596  [001] d..2  1320.568157: block_rq_insert: 179,0 R 0 () 4028736 + 56 [main]
            main-7596  [001] ...2  1320.568165: sched_switch: prev_comm=main prev_pid=7596 prev_prio=120 prev_state=D|W ==> next_comm=swapper/1 next_pid=0 next_prio=120
          <idle>-0     [000] ...2  1320.568518: sched_switch: prev_comm=swapper/0 prev_pid=0 prev_prio=120 prev_state=R ==> next_comm=mmcqd/1 next_pid=116 next_prio=120
         mmcqd/1-116   [000] ...1  1320.568568: block_rq_complete: 179,0 RA () 4026960 + 40 [0]
         mmcqd/1-116   [000] ...2  1320.568639: sched_switch: prev_comm=mmcqd/1 prev_pid=116 prev_prio=120 prev_state=S ==> next_comm=swapper/0 next_pid=0 next_prio=120
          <idle>-0     [000] ...2  1320.568847: sched_switch: prev_comm=swapper/0 prev_pid=0 prev_prio=120 prev_state=R ==> next_comm=mmcqd/1 next_pid=116 next_prio=120
         mmcqd/1-116   [000] ...1  1320.568916: block_rq_complete: 179,0 RA () 4027008 + 24 [0]
          <idle>-0     [001] ...2  1320.568919: sched_switch: prev_comm=swapper/1 prev_pid=0 prev_prio=120 prev_state=R ==> next_comm=ksoftirqd/1 next_pid=7600 next_prio=120
     ksoftirqd/1-7600  [001] ...2  1320.568927: sched_switch: prev_comm=ksoftirqd/1 prev_pid=7600 prev_prio=120 prev_state=S ==> next_comm=swapper/1 next_pid=0 next_prio=120
          <idle>-0     [001] ...2  1320.568940: sched_switch: prev_comm=swapper/1 prev_pid=0 prev_prio=120 prev_state=R ==> next_comm=ksoftirqd/1 next_pid=7600 next_prio=120
     ksoftirqd/1-7600  [001] ...2  1320.568947: sched_switch: prev_comm=ksoftirqd/1 prev_pid=7600 prev_prio=120 prev_state=S ==> next_comm=swapper/1 next_pid=0 next_prio=120
          <idle>-0     [001] ...2  1320.568961: sched_switch: prev_comm=swapper/1 prev_pid=0 prev_prio=120 prev_state=R ==> next_comm=ksoftirqd/1 next_pid=7600 next_prio=120
     ksoftirqd/1-7600  [001] ...2  1320.568968: sched_switch: prev_comm=ksoftirqd/1 prev_pid=7600 prev_prio=120 prev_state=S ==> next_comm=swapper/1 next_pid=0 next_prio=120
         mmcqd/1-116   [000] ...2  1320.568968: sched_switch: prev_comm=mmcqd/1 prev_pid=116 prev_prio=120 prev_state=S ==> next_comm=swapper/0 next_pid=0 next_prio=120
          <idle>-0     [000] ...2  1320.568994: sched_switch: prev_comm=swapper/0 prev_pid=0 prev_prio=120 prev_state=R ==> next_comm=ksoftirqd/0 next_pid=3 next_prio=120
     ksoftirqd/0-3     [000] ...2  1320.569011: sched_switch: prev_comm=ksoftirqd/0 prev_pid=3 prev_prio=120 prev_state=S ==> next_comm=swapper/0 next_pid=0 next_prio=120
          <idle>-0     [000] ...2  1320.569037: sched_switch: prev_comm=swapper/0 prev_pid=0 prev_prio=120 prev_state=R ==> next_comm=ksoftirqd/0 next_pid=3 next_prio=120
     ksoftirqd/0-3     [000] ...2  1320.569048: sched_switch: prev_comm=ksoftirqd/0 prev_pid=3 prev_prio=120 prev_state=S ==> next_comm=swapper/0 next_pid=0 next_prio=120
          <idle>-0     [000] ...2  1320.569072: sched_switch: prev_comm=swapper/0 prev_pid=0 prev_prio=120 prev_state=R ==> next_comm=ksoftirqd/0 next_pid=3 next_prio=120
     ksoftirqd/0-3     [000] ...2  1320.569084: sched_switch: prev_comm=ksoftirqd/0 prev_pid=3 prev_prio=120 prev_state=S ==> next_comm=swapper/0 next_pid=0 next_prio=120
          <idle>-0     [000] ...2  1320.569662: sched_switch: prev_comm=swapper/0 prev_pid=0 prev_prio=120 prev_state=R ==> next_comm=mmcqd/1 next_pid=116 next_prio=120
         mmcqd/1-116   [000] ...1  1320.569732: block_rq_complete: 179,0 RA () 4028616 + 96 [0]
          <idle>-0     [001] ...2  1320.569751: sched_switch: prev_comm=swapper/1 prev_pid=0 prev_prio=120 prev_state=R ==> next_comm=main next_pid=7596 next_prio=120
         mmcqd/1-116   [000] ...2  1320.569763: sched_switch: prev_comm=mmcqd/1 prev_pid=116 prev_prio=120 prev_state=S ==> next_comm=swapper/0 next_pid=0 next_prio=120
          <idle>-0     [000] ...2  1320.569864: sched_switch: prev_comm=swapper/0 prev_pid=0 prev_prio=120 prev_state=R ==> next_comm=main next_pid=7608 next_prio=120
            main-7596  [001] d..2  1320.570092: block_rq_insert: 179,0 R 0 () 3993624 + 48 [main]
            main-7596  [001] d..2  1320.570095: block_rq_insert: 179,0 R 0 () 3993688 + 24 [main]
            main-7596  [001] d..2  1320.570097: block_rq_insert: 179,0 R 0 () 3993752 + 8 [main]
 ReferenceQueueD-7608  [000] ...2  1320.570109: sched_switch: prev_comm=main prev_pid=7608 prev_prio=120 prev_state=R+ ==> next_comm=mmcqd/1 next_pid=116 next_prio=120
            main-7596  [001] ...2  1320.570112: sched_switch: prev_comm=main prev_pid=7596 prev_prio=120 prev_state=D|W ==> next_comm=swapper/1 next_pid=0 next_prio=120
         mmcqd/1-116   [000] ...2  1320.570151: sched_switch: prev_comm=mmcqd/1 prev_pid=116 prev_prio=120 prev_state=S ==> next_comm=main next_pid=7608 next_prio=120
 ReferenceQueueD-7608  [000] ...2  1320.570209: sched_switch: prev_comm=main prev_pid=7608 prev_prio=120 prev_state=R+ ==> next_comm=mmcqd/1 next_pid=116 next_prio=120
         mmcqd/1-116   [000] ...1  1320.570265: block_rq_complete: 179,0 RA () 4028736 + 56 [0]
         mmcqd/1-116   [000] ...2  1320.570305: sched_switch: prev_comm=mmcqd/1 prev_pid=116 prev_prio=120 prev_state=S ==> next_comm=main next_pid=7608 next_prio=120
 ReferenceQueueD-7608  [000] ...2  1320.570714: sched_switch: prev_comm=main prev_pid=7608 prev_prio=120 prev_state=R ==> next_comm=mmcqd/1 next_pid=116 next_prio=120
         mmcqd/1-116   [000] ...1  1320.570767: block_rq_complete: 179,0 RA () 3993624 + 48 [0]
         mmcqd/1-116   [000] ...2  1320.570799: sched_switch: prev_comm=mmcqd/1 prev_pid=116 prev_prio=120 prev_state=S ==> next_comm=main next_pid=7608 next_prio=120
 ReferenceQueueD-7608  [000] ...2  1320.570886: sched_switch: prev_comm=ReferenceQueueD prev_pid=7608 prev_prio=120 prev_state=S ==> next_comm=swapper/0 next_pid=0 next_prio=120
          <idle>-0     [000] ...2  1320.570910: sched_switch: prev_comm=swapper/0 prev_pid=0 prev_prio=120 prev_state=R ==> next_comm=ksoftirqd/0 next_pid=3 next_prio=120
     ksoftirqd/0-3     [000] ...2  1320.570922: sched_switch: prev_comm=ksoftirqd/0 prev_pid=3 prev_prio=120 prev_state=S ==> next_comm=swapper/0 next_pid=0 next_prio=120
          <idle>-0     [000] ...2  1320.570945: sched_switch: prev_comm=swapper/0 prev_pid=0 prev_prio=120 prev_state=R ==> next_comm=ksoftirqd/0 next_pid=3 next_prio=120
     ksoftirqd/0-3     [000] ...2  1320.570957: sched_switch: prev_comm=ksoftirqd/0 prev_pid=3 prev_prio=120 prev_state=S ==> next_comm=swapper/0 next_pid=0 next_prio=120
          <idle>-0     [000] ...2  1320.570978: sched_switch: prev_comm=swapper/0 prev_pid=0 prev_prio=120 prev_state=R ==> next_comm=ksoftirqd/0 next_pid=3 next_prio=120
     ksoftirqd/0-3     [000] ...2  1320.570993: sched_switch: prev_comm=ksoftirqd/0 prev_pid=3 prev_prio=120 prev_state=S ==> next_comm=swapper/0 next_pid=0 next_prio=120
          <idle>-0     [000] ...2  1320.571132: sched_switch: prev_comm=swapper/0 prev_pid=0 prev_prio=120 prev_state=R ==> next_comm=mmcqd/1 next_pid=116 next_prio=120
         mmcqd/1-116   [000] ...1  1320.571177: block_rq_complete: 179,0 RA () 3993688 + 24 [0]
         mmcqd/1-116   [000] ...2  1320.571197: sched_switch: prev_comm=mmcqd/1 prev_pid=116 prev_prio=120 prev_state=S ==> next_comm=swapper/0 next_pid=0 next_prio=120
          <idle>-0     [000] ...2  1320.571410: sched_switch: prev_comm=swapper/0 prev_pid=0 prev_prio=120 prev_state=R ==> next_comm=mmcqd/1 next_pid=116 next_prio=120
         mmcqd/1-116   [000] ...1  1320.571425: block_rq_complete: 179,0 RA () 3993752 + 8 [0]
          <idle>-0     [001] ...2  1320.571440: sched_switch: prev_comm=swapper/1 prev_pid=0 prev_prio=120 prev_state=R ==> next_comm=main next_pid=7596 next_prio=120
         mmcqd/1-116   [000] ...2  1320.571452: sched_switch: prev_comm=mmcqd/1 prev_pid=116 prev_prio=120 prev_state=R+ ==> next_comm=kworker/0:1H next_pid=17 next_prio=100
    kworker/0:1H-17    [000] ...2  1320.571464: sched_switch: prev_comm=kworker/0:1H prev_pid=17 prev_prio=100 prev_state=S ==> next_comm=mmcqd/1 next_pid=116 next_prio=120
         mmcqd/1-116   [000] ...2  1320.571478: sched_switch: prev_comm=mmcqd/1 prev_pid=116 prev_prio=120 prev_state=S ==> next_comm=swapper/0 next_pid=0 next_prio=120
            main-7596  [001] d..2  1320.571518: block_rq_insert: 179,0 R 0 () 4019800 + 24 [main]
            main-7596  [001] d..2  1320.571520: block_rq_insert: 179,0 R 0 () 4019896 + 8 [main]
            main-7596  [001] d..2  1320.571522: block_rq_insert: 179,0 R 0 () 4019928 + 8 [main]
            main-7596  [001] ...2  1320.571533: sched_switch: prev_comm=main prev_pid=7596 prev_prio=120 prev_state=D|W ==> next_comm=swapper/1 next_pid=0 next_prio=120
          <idle>-0     [000] ...2  1320.571540: sched_switch: prev_comm=swapper/0 prev_pid=0 prev_prio=120 prev_state=R ==> next_comm=mmcqd/1 next_pid=116 next_prio=120
         mmcqd/1-116   [000] ...2  1320.571613: sched_switch: prev_comm=mmcqd/1 prev_pid=116 prev_prio=120 prev_state=S ==> next_comm=swapper/0 next_pid=0 next_prio=120
          <idle>-0     [000] ...2  1320.571979: sched_switch: prev_comm=swapper/0 prev_pid=0 prev_prio=120 prev_state=R ==> next_comm=mmcqd/1 next_pid=116 next_prio=120
         mmcqd/1-116   [000] ...1  1320.572023: block_rq_complete: 179,0 RA () 4019800 + 24 [0]
         mmcqd/1-116   [000] ...2  1320.572054: sched_switch: prev_comm=mmcqd/1 prev_pid=116 prev_prio=120 prev_state=S ==> next_comm=swapper/0 next_pid=0 next_prio=120
          <idle>-0     [000] ...2  1320.572252: sched_switch: prev_comm=swapper/0 prev_pid=0 prev_prio=120 prev_state=R ==> next_comm=mmcqd/1 next_pid=116 next_prio=120
         mmcqd/1-116   [000] ...1  1320.572291: block_rq_complete: 179,0 RA () 4019896 + 8 [0]
         mmcqd/1-116   [000] ...2  1320.572309: sched_switch: prev_comm=mmcqd/1 prev_pid=116 prev_prio=120 prev_state=S ==> next_comm=swapper/0 next_pid=0 next_prio=120
          <idle>-0     [000] ...2  1320.572533: sched_switch: prev_comm=swapper/0 prev_pid=0 prev_prio=120 prev_state=R ==> next_comm=mmcqd/1 next_pid=116 next_prio=120
         mmcqd/1-116   [000] ...1  1320.572549: block_rq_complete: 179,0 RA () 4019928 + 8 [0]
          <idle>-0     [001] ...2  1320.572564: sched_switch: prev_comm=swapper/1 prev_pid=0 prev_prio=120 prev_state=R ==> next_comm=main next_pid=7596 next_prio=120
         mmcqd/1-116   [000] ...2  1320.572575: sched_switch: prev_comm=mmcqd/1 prev_pid=116 prev_prio=120 prev_state=R+ ==> next_comm=kworker/0:1H next_pid=17 next_prio=100
    kworker/0:1H-17    [000] ...2  1320.572586: sched_switch: prev_comm=kworker/0:1H prev_pid=17 prev_prio=100 prev_state=S ==> next_comm=mmcqd/1 next_pid=116 next_prio=120
         mmcqd/1-116   [000] ...2  1320.572600: sched_switch: prev_comm=mmcqd/1 prev_pid=116 prev_prio=120 prev_state=S ==> next_comm=swapper/0 next_pid=0 next_prio=120
            main-7596  [001] d..2  1320.572644: block_rq_insert: 179,0 R 0 () 4028368 + 104 [main]
            main-7596  [001] d..2  1320.572646: block_rq_insert: 179,0 R 0 () 4028480 + 32 [main]
            main-7596  [001] ...2  1320.572659: sched_switch: prev_comm=main prev_pid=7596 prev_prio=120 prev_state=D|W ==> next_comm=swapper/1 next_pid=0 next_prio=120
          <idle>-0     [000] ...2  1320.572664: sched_switch: prev_comm=swapper/0 prev_pid=0 prev_prio=120 prev_state=R ==> next_comm=mmcqd/1 next_pid=116 next_prio=120
         mmcqd/1-116   [000] ...2  1320.572780: sched_switch: prev_comm=mmcqd/1 prev_pid=116 prev_prio=120 prev_state=S ==> next_comm=swapper/0 next_pid=0 next_prio=120
          <idle>-0     [000] ...2  1320.573572: sched_switch: prev_comm=swapper/0 prev_pid=0 prev_prio=120 prev_state=R ==> next_comm=mmcqd/1 next_pid=116 next_prio=120
         mmcqd/1-116   [000] ...1  1320.573646: block_rq_complete: 179,0 RA () 4028368 + 104 [0]
         mmcqd/1-116   [000] ...2  1320.573670: sched_switch: prev_comm=mmcqd/1 prev_pid=116 prev_prio=120 prev_state=S ==> next_comm=swapper/0 next_pid=0 next_prio=120
          <idle>-0     [000] ...2  1320.573966: sched_switch: prev_comm=swapper/0 prev_pid=0 prev_prio=120 prev_state=R ==> next_comm=mmcqd/1 next_pid=116 next_prio=120
         mmcqd/1-116   [000] ...1  1320.573990: block_rq_complete: 179,0 RA () 4028480 + 32 [0]
          <idle>-0     [001] ...2  1320.574005: sched_switch: prev_comm=swapper/1 prev_pid=0 prev_prio=120 prev_state=R ==> next_comm=main next_pid=7596 next_prio=120
         mmcqd/1-116   [000] ...2  1320.574018: sched_switch: prev_comm=mmcqd/1 prev_pid=116 prev_prio=120 prev_state=R+ ==> next_comm=kworker/0:1H next_pid=17 next_prio=100
    kworker/0:1H-17    [000] ...2  1320.574030: sched_switch: prev_comm=kworker/0:1H prev_pid=17 prev_prio=100 prev_state=S ==> next_comm=mmcqd/1 next_pid=116 next_prio=120
         mmcqd/1-116   [000] ...2  1320.574045: sched_switch: prev_comm=mmcqd/1 prev_pid=116 prev_prio=120 prev_state=S ==> next_comm=swapper/0 next_pid=0 next_prio=120
          <idle>-0     [000] ...2  1320.574091: sched_switch: prev_comm=swapper/0 prev_pid=0 prev_prio=120 prev_state=R ==> next_comm=main next_pid=7609 next_prio=120
            main-7596  [001] ...2  1320.574281: sched_switch: prev_comm=main prev_pid=7596 prev_prio=120 prev_state=S ==> next_comm=swapper/1 next_pid=0 next_prio=120
          <idle>-0     [001] ...2  1320.574718: sched_switch: prev_comm=swapper/1 prev_pid=0 prev_prio=120 prev_state=R ==> next_comm=main next_pid=7596 next_prio=120
 FinalizerDaemon-7609  [000] ...2  1320.574792: sched_switch: prev_comm=FinalizerDaemon prev_pid=7609 prev_prio=120 prev_state=S ==> next_comm=swapper/0 next_pid=0 next_prio=120
          <idle>-0     [000] ...2  1320.574816: sched_switch: prev_comm=swapper/0 prev_pid=0 prev_prio=120 prev_state=R ==> next_comm=ksoftirqd/0 next_pid=3 next_prio=120
     ksoftirqd/0-3     [000] ...2  1320.574828: sched_switch: prev_comm=ksoftirqd/0 prev_pid=3 prev_prio=120 prev_state=S ==> next_comm=swapper/0 next_pid=0 next_prio=120
          <idle>-0     [000] ...2  1320.574850: sched_switch: prev_comm=swapper/0 prev_pid=0 prev_prio=120 prev_state=R ==> next_comm=ksoftirqd/0 next_pid=3 next_prio=120
     ksoftirqd/0-3     [000] ...2  1320.574861: sched_switch: prev_comm=ksoftirqd/0 prev_pid=3 prev_prio=120 prev_state=S ==> next_comm=swapper/0 next_pid=0 next_prio=120
          <idle>-0     [000] ...2  1320.574883: sched_switch: prev_comm=swapper/0 prev_pid=0 prev_prio=120 prev_state=R ==> next_comm=ksoftirqd/0 next_pid=3 next_prio=120
     ksoftirqd/0-3     [000] ...2  1320.574893: sched_switch: prev_comm=ksoftirqd/0 prev_pid=3 prev_prio=120 prev_state=S ==> next_comm=swapper/0 next_pid=0 next_prio=120
          <idle>-0     [000] ...2  1320.575071: sched_switch: prev_comm=swapper/0 prev_pid=0 prev_prio=120 prev_state=R ==> next_comm=main next_pid=7611 next_prio=120
            main-7596  [001] ...2  1320.575280: sched_switch: prev_comm=main prev_pid=7596 prev_prio=120 prev_state=S ==> next_comm=main next_pid=7610 next_prio=120
 HeapTrimmerDaem-7611  [000] ...2  1320.575291: sched_switch: prev_comm=main prev_pid=7611 prev_prio=120 prev_state=D ==> next_comm=swapper/0 next_pid=0 next_prio=120
          <idle>-0     [000] ...2  1320.575298: sched_switch: prev_comm=swapper/0 prev_pid=0 prev_prio=120 prev_state=R ==> next_comm=main next_pid=7611 next_prio=120
 FinalizerWatchd-7610  [001] ...2  1320.575305: sched_switch: prev_comm=main prev_pid=7610 prev_prio=120 prev_state=S ==> next_comm=swapper/1 next_pid=0 next_prio=120
          <idle>-0     [001] ...2  1320.575715: sched_switch: prev_comm=swapper/1 prev_pid=0 prev_prio=120 prev_state=R ==> next_comm=main next_pid=7596 next_prio=120
 HeapTrimmerDaem-7611  [000] ...2  1320.575748: sched_switch: prev_comm=HeapTrimmerDaem prev_pid=7611 prev_prio=120 prev_state=D ==> next_comm=swapper/0 next_pid=0 next_prio=120
          <idle>-0     [000] ...2  1320.575756: sched_switch: prev_comm=swapper/0 prev_pid=0 prev_prio=120 prev_state=R ==> next_comm=HeapTrimmerDaem next_pid=7611 next_prio=120
 HeapTrimmerDaem-7611  [000] ...2  1320.575780: sched_switch: prev_comm=HeapTrimmerDaem prev_pid=7611 prev_prio=120 prev_state=S ==> next_comm=main next_pid=7612 next_prio=120
            main-7596  [001] d..2  1320.575971: block_rq_insert: 179,0 R 0 () 4008360 + 48 [main]
            main-7596  [001] d..2  1320.575974: block_rq_insert: 179,0 R 0 () 4008432 + 16 [main]
            main-7596  [001] d..2  1320.575976: block_rq_insert: 179,0 R 0 () 4008456 + 8 [main]
            main-7596  [001] d..2  1320.575978: block_rq_insert: 179,0 R 0 () 4008536 + 16 [main]
        GCDaemon-7612  [000] ...2  1320.575989: sched_switch: prev_comm=main prev_pid=7612 prev_prio=120 prev_state=R+ ==> next_comm=mmcqd/1 next_pid=116 next_prio=120
            main-7596  [001] ...2  1320.575990: sched_switch: prev_comm=main prev_pid=7596 prev_prio=120 prev_state=D|W ==> next_comm=main next_pid=7610 next_prio=120
 FinalizerWatchd-7610  [001] ...2  1320.576006: sched_switch: prev_comm=main prev_pid=7610 prev_prio=120 prev_state=S ==> next_comm=swapper/1 next_pid=0 next_prio=120
         mmcqd/1-116   [000] ...2  1320.576067: sched_switch: prev_comm=mmcqd/1 prev_pid=116 prev_prio=120 prev_state=S ==> next_comm=main next_pid=7612 next_prio=120
        GCDaemon-7612  [000] ...2  1320.576360: sched_switch: prev_comm=main prev_pid=7612 prev_prio=120 prev_state=R+ ==> next_comm=mmcqd/1 next_pid=116 next_prio=120
         mmcqd/1-116   [000] ...1  1320.576402: block_rq_complete: 179,0 RA () 4008536 + 16 [0]
         mmcqd/1-116   [000] ...2  1320.576437: sched_switch: prev_comm=mmcqd/1 prev_pid=116 prev_prio=120 prev_state=S ==> next_comm=main next_pid=7612 next_prio=120
        GCDaemon-7612  [000] ...2  1320.576618: sched_switch: prev_comm=main prev_pid=7612 prev_prio=120 prev_state=R ==> next_comm=mmcqd/1 next_pid=116 next_prio=120
         mmcqd/1-116   [000] ...1  1320.576657: block_rq_complete: 179,0 RA () 4008456 + 8 [0]
          <idle>-0     [001] ...2  1320.576674: sched_switch: prev_comm=swapper/1 prev_pid=0 prev_prio=120 prev_state=R ==> next_comm=main next_pid=7596 next_prio=120
            main-7596  [001] ...2  1320.576692: sched_switch: prev_comm=main prev_pid=7596 prev_prio=120 prev_state=D|W ==> next_comm=swapper/1 next_pid=0 next_prio=120
         mmcqd/1-116   [000] ...2  1320.576711: sched_switch: prev_comm=mmcqd/1 prev_pid=116 prev_prio=120 prev_state=S ==> next_comm=main next_pid=7612 next_prio=120
          <idle>-0     [001] ...2  1320.576745: sched_switch: prev_comm=swapper/1 prev_pid=0 prev_prio=120 prev_state=R ==> next_comm=main next_pid=7610 next_prio=120
        GCDaemon-7612  [000] ...2  1320.576793: sched_switch: prev_comm=GCDaemon prev_pid=7612 prev_prio=120 prev_state=S ==> next_comm=swapper/0 next_pid=0 next_prio=120
          <idle>-0     [000] ...2  1320.576954: sched_switch: prev_comm=swapper/0 prev_pid=0 prev_prio=120 prev_state=R ==> next_comm=mmcqd/1 next_pid=116 next_prio=120
         mmcqd/1-116   [000] ...1  1320.576995: block_rq_complete: 179,0 RA () 4008432 + 16 [0]
 FinalizerWatchd-7610  [001] ...2  1320.577009: sched_switch: prev_comm=main prev_pid=7610 prev_prio=120 prev_state=R+ ==> next_comm=main next_pid=7596 next_prio=120
         mmcqd/1-116   [000] ...2  1320.577023: sched_switch: prev_comm=mmcqd/1 prev_pid=116 prev_prio=120 prev_state=S ==> next_comm=swapper/0 next_pid=0 next_prio=120
            main-7596  [001] d..2  1320.577277: block_rq_insert: 179,0 R 0 () 4079784 + 8 [main]
            main-7596  [001] d..2  1320.577280: block_rq_insert: 179,0 R 0 () 4079880 + 40 [main]
            main-7596  [001] ...2  1320.577294: sched_switch: prev_comm=main prev_pid=7596 prev_prio=120 prev_state=D|W ==> next_comm=main next_pid=7610 next_prio=120
          <idle>-0     [000] ...2  1320.577298: sched_switch: prev_comm=swapper/0 prev_pid=0 prev_prio=120 prev_state=R ==> next_comm=mmcqd/1 next_pid=116 next_prio=120
         mmcqd/1-116   [000] ...2  1320.577323: sched_switch: prev_comm=mmcqd/1 prev_pid=116 prev_prio=120 prev_state=S ==> next_comm=swapper/0 next_pid=0 next_prio=120
 FinalizerWatchd-7610  [001] ...2  1320.577431: sched_switch: prev_comm=FinalizerWatchd prev_pid=7610 prev_prio=120 prev_state=S ==> next_comm=swapper/1 next_pid=0 next_prio=120
          <idle>-0     [000] ...2  1320.577464: sched_switch: prev_comm=swapper/0 prev_pid=0 prev_prio=120 prev_state=R ==> next_comm=mmcqd/1 next_pid=116 next_prio=120
         mmcqd/1-116   [000] ...1  1320.577518: block_rq_complete: 179,0 RA () 4008360 + 48 [0]
         mmcqd/1-116   [000] ...2  1320.577566: sched_switch: prev_comm=mmcqd/1 prev_pid=116 prev_prio=120 prev_state=S ==> next_comm=swapper/0 next_pid=0 next_prio=120
          <idle>-0     [000] ...2  1320.577732: sched_switch: prev_comm=swapper/0 prev_pid=0 prev_prio=120 prev_state=R ==> next_comm=mmcqd/1 next_pid=116 next_prio=120
         mmcqd/1-116   [000] ...1  1320.577770: block_rq_complete: 179,0 RA () 4079784 + 8 [0]
         mmcqd/1-116   [000] ...2  1320.577791: sched_switch: prev_comm=mmcqd/1 prev_pid=116 prev_prio=120 prev_state=S ==> next_comm=swapper/0 next_pid=0 next_prio=120
          <idle>-0     [000] ...2  1320.578205: sched_switch: prev_comm=swapper/0 prev_pid=0 prev_prio=120 prev_state=R ==> next_comm=mmcqd/1 next_pid=116 next_prio=120
         mmcqd/1-116   [000] ...1  1320.578232: block_rq_complete: 179,0 RA () 4079880 + 40 [0]
          <idle>-0     [001] ...2  1320.578248: sched_switch: prev_comm=swapper/1 prev_pid=0 prev_prio=120 prev_state=R ==> next_comm=main next_pid=7596 next_prio=120
         mmcqd/1-116   [000] ...2  1320.578262: sched_switch: prev_comm=mmcqd/1 prev_pid=116 prev_prio=120 prev_state=R+ ==> next_comm=kworker/0:1H next_pid=17 next_prio=100
    kworker/0:1H-17    [000] ...2  1320.578274: sched_switch: prev_comm=kworker/0:1H prev_pid=17 prev_prio=100 prev_state=S ==> next_comm=mmcqd/1 next_pid=116 next_prio=120
         mmcqd/1-116   [000] ...2  1320.578289: sched_switch: prev_comm=mmcqd/1 prev_pid=116 prev_prio=120 prev_state=S ==> next_comm=swapper/0 next_pid=0 next_prio=120
          <idle>-0     [000] ...2  1320.578933: sched_switch: prev_comm=swapper/0 prev_pid=0 prev_prio=120 prev_state=R ==> next_comm=ksoftirqd/0 next_pid=3 next_prio=120
     ksoftirqd/0-3     [000] ...2  1320.578948: sched_switch: prev_comm=ksoftirqd/0 prev_pid=3 prev_prio=120 prev_state=S ==> next_comm=swapper/0 next_pid=0 next_prio=120
          <idle>-0     [000] ...2  1320.578973: sched_switch: prev_comm=swapper/0 prev_pid=0 prev_prio=120 prev_state=R ==> next_comm=ksoftirqd/0 next_pid=3 next_prio=120
     ksoftirqd/0-3     [000] ...2  1320.578984: sched_switch: prev_comm=ksoftirqd/0 prev_pid=3 prev_prio=120 prev_state=S ==> next_comm=swapper/0 next_pid=0 next_prio=120
          <idle>-0     [000] ...2  1320.579007: sched_switch: prev_comm=swapper/0 prev_pid=0 prev_prio=120 prev_state=R ==> next_comm=ksoftirqd/0 next_pid=3 next_prio=120
     ksoftirqd/0-3     [000] ...2  1320.579017: sched_switch: prev_comm=ksoftirqd/0 prev_pid=3 prev_prio=120 prev_state=S ==> next_comm=swapper/0 next_pid=0 next_prio=120
            main-7596  [001] d..2  1320.579524: block_rq_insert: 179,0 R 0 () 4084016 + 8 [main]
            main-7596  [001] d..2  1320.579528: block_rq_insert: 179,0 R 0 () 4084104 + 8 [main]
            main-7596  [001] d..2  1320.579530: block_rq_insert: 179,0 R 0 () 4084128 + 8 [main]
            main-7596  [001] ...2  1320.579544: sched_switch: prev_comm=main prev_pid=7596 prev_prio=120 prev_state=D|W ==> next_comm=swapper/1 next_pid=0 next_prio=120
          <idle>-0     [000] ...2  1320.579551: sched_switch: prev_comm=swapper/0 prev_pid=0 prev_prio=120 prev_state=R ==> next_comm=mmcqd/1 next_pid=116 next_prio=120
          <idle>-0     [001] ...2  1320.579559: sched_switch: prev_comm=swapper/1 prev_pid=0 prev_prio=120 prev_state=R ==> next_comm=ksoftirqd/1 next_pid=7600 next_prio=120
     ksoftirqd/1-7600  [001] ...2  1320.579567: sched_switch: prev_comm=ksoftirqd/1 prev_pid=7600 prev_prio=120 prev_state=S ==> next_comm=swapper/1 next_pid=0 next_prio=120
          <idle>-0     [001] ...2  1320.579583: sched_switch: prev_comm=swapper/1 prev_pid=0 prev_prio=120 prev_state=R ==> next_comm=ksoftirqd/1 next_pid=7600 next_prio=120
     ksoftirqd/1-7600  [001] ...2  1320.579592: sched_switch: prev_comm=ksoftirqd/1 prev_pid=7600 prev_prio=120 prev_state=S ==> next_comm=swapper/1 next_pid=0 next_prio=120
         mmcqd/1-116   [000] ...2  1320.579626: sched_switch: prev_comm=mmcqd/1 prev_pid=116 prev_prio=120 prev_state=S ==> next_comm=swapper/0 next_pid=0 next_prio=120
          <idle>-0     [000] ...2  1320.579856: sched_switch: prev_comm=swapper/0 prev_pid=0 prev_prio=120 prev_state=R ==> next_comm=mmcqd/1 next_pid=116 next_prio=120
         mmcqd/1-116   [000] ...1  1320.579896: block_rq_complete: 179,0 RA () 4084016 + 8 [0]
         mmcqd/1-116   [000] ...2  1320.579926: sched_switch: prev_comm=mmcqd/1 prev_pid=116 prev_prio=120 prev_state=S ==> next_comm=swapper/0 next_pid=0 next_prio=120
          <idle>-0     [000] ...2  1320.580119: sched_switch: prev_comm=swapper/0 prev_pid=0 prev_prio=120 prev_state=R ==> next_comm=mmcqd/1 next_pid=116 next_prio=120
         mmcqd/1-116   [000] ...1  1320.580158: block_rq_complete: 179,0 RA () 4084104 + 8 [0]
          <idle>-0     [001] ...2  1320.580175: sched_switch: prev_comm=swapper/1 prev_pid=0 prev_prio=120 prev_state=R ==> next_comm=main next_pid=7596 next_prio=120
         mmcqd/1-116   [000] ...2  1320.580183: sched_switch: prev_comm=mmcqd/1 prev_pid=116 prev_prio=120 prev_state=S ==> next_comm=swapper/0 next_pid=0 next_prio=120
          <idle>-0     [000] ...2  1320.580403: sched_switch: prev_comm=swapper/0 prev_pid=0 prev_prio=120 prev_state=R ==> next_comm=mmcqd/1 next_pid=116 next_prio=120
         mmcqd/1-116   [000] ...1  1320.580419: block_rq_complete: 179,0 RA () 4084128 + 8 [0]
         mmcqd/1-116   [000] ...2  1320.580440: sched_switch: prev_comm=mmcqd/1 prev_pid=116 prev_prio=120 prev_state=R+ ==> next_comm=kworker/0:1H next_pid=17 next_prio=100
    kworker/0:1H-17    [000] ...2  1320.580452: sched_switch: prev_comm=kworker/0:1H prev_pid=17 prev_prio=100 prev_state=S ==> next_comm=mmcqd/1 next_pid=116 next_prio=120
         mmcqd/1-116   [000] ...2  1320.580466: sched_switch: prev_comm=mmcqd/1 prev_pid=116 prev_prio=120 prev_state=S ==> next_comm=swapper/0 next_pid=0 next_prio=120
            main-7596  [001] d..2  1320.581476: block_rq_insert: 179,0 R 0 () 4086360 + 56 [main]
            main-7596  [001] d..2  1320.581479: block_rq_insert: 179,0 R 0 () 4086424 + 72 [main]
            main-7596  [001] d..2  1320.581481: block_rq_insert: 179,0 R 0 () 4086528 + 32 [main]
            main-7596  [001] ...2  1320.581495: sched_switch: prev_comm=main prev_pid=7596 prev_prio=120 prev_state=D|W ==> next_comm=swapper/1 next_pid=0 next_prio=120
          <idle>-0     [000] ...2  1320.581498: sched_switch: prev_comm=swapper/0 prev_pid=0 prev_prio=120 prev_state=R ==> next_comm=mmcqd/1 next_pid=116 next_prio=120
         mmcqd/1-116   [000] ...2  1320.581619: sched_switch: prev_comm=mmcqd/1 prev_pid=116 prev_prio=120 prev_state=S ==> next_comm=swapper/0 next_pid=0 next_prio=120
          <idle>-0     [000] ...2  1320.582097: sched_switch: prev_comm=swapper/0 prev_pid=0 prev_prio=120 prev_state=R ==> next_comm=mmcqd/1 next_pid=116 next_prio=120
         mmcqd/1-116   [000] ...1  1320.582154: block_rq_complete: 179,0 RA () 4086360 + 56 [0]
         mmcqd/1-116   [000] ...2  1320.582200: sched_switch: prev_comm=mmcqd/1 prev_pid=116 prev_prio=120 prev_state=S ==> next_comm=swapper/0 next_pid=0 next_prio=120
          <idle>-0     [000] ...2  1320.582690: sched_switch: prev_comm=swapper/0 prev_pid=0 prev_prio=120 prev_state=R ==> next_comm=mmcqd/1 next_pid=116 next_prio=120
         mmcqd/1-116   [000] ...1  1320.582750: block_rq_complete: 179,0 RA () 4086424 + 72 [0]
          <idle>-0     [001] ...2  1320.582771: sched_switch: prev_comm=swapper/1 prev_pid=0 prev_prio=120 prev_state=R ==> next_comm=main next_pid=7596 next_prio=120
         mmcqd/1-116   [000] ...2  1320.582781: sched_switch: prev_comm=mmcqd/1 prev_pid=116 prev_prio=120 prev_state=S ==> next_comm=swapper/0 next_pid=0 next_prio=120
          <idle>-0     [000] ...2  1320.583070: sched_switch: prev_comm=swapper/0 prev_pid=0 prev_prio=120 prev_state=R ==> next_comm=mmcqd/1 next_pid=116 next_prio=120
         mmcqd/1-116   [000] ...1  1320.583095: block_rq_complete: 179,0 RA () 4086528 + 32 [0]
         mmcqd/1-116   [000] ...2  1320.583117: sched_switch: prev_comm=mmcqd/1 prev_pid=116 prev_prio=120 prev_state=R+ ==> next_comm=kworker/0:1H next_pid=17 next_prio=100
    kworker/0:1H-17    [000] ...2  1320.583127: sched_switch: prev_comm=kworker/0:1H prev_pid=17 prev_prio=100 prev_state=S ==> next_comm=mmcqd/1 next_pid=116 next_prio=120
         mmcqd/1-116   [000] ...2  1320.583144: sched_switch: prev_comm=mmcqd/1 prev_pid=116 prev_prio=120 prev_state=S ==> next_comm=swapper/0 next_pid=0 next_prio=120
            main-7596  [001] d..2  1320.584705: block_rq_insert: 179,0 R 0 () 4078456 + 40 [main]
            main-7596  [001] d..2  1320.584708: block_rq_insert: 179,0 R 0 () 4078544 + 88 [main]
            main-7596  [001] d..2  1320.584710: block_rq_insert: 179,0 R 0 () 4078640 + 56 [main]
            main-7596  [001] ...2  1320.584727: sched_switch: prev_comm=main prev_pid=7596 prev_prio=120 prev_state=D|W ==> next_comm=swapper/1 next_pid=0 next_prio=120
          <idle>-0     [000] ...2  1320.584730: sched_switch: prev_comm=swapper/0 prev_pid=0 prev_prio=120 prev_state=R ==> next_comm=mmcqd/1 next_pid=116 next_prio=120
         mmcqd/1-116   [000] ...2  1320.584861: sched_switch: prev_comm=mmcqd/1 prev_pid=116 prev_prio=120 prev_state=S ==> next_comm=swapper/0 next_pid=0 next_prio=120
          <idle>-0     [000] ...2  1320.585325: sched_switch: prev_comm=swapper/0 prev_pid=0 prev_prio=120 prev_state=R ==> next_comm=mmcqd/1 next_pid=116 next_prio=120
         mmcqd/1-116   [000] ...1  1320.585382: block_rq_complete: 179,0 RA () 4078640 + 56 [0]
         mmcqd/1-116   [000] ...2  1320.585432: sched_switch: prev_comm=mmcqd/1 prev_pid=116 prev_prio=120 prev_state=S ==> next_comm=swapper/0 next_pid=0 next_prio=120
          <idle>-0     [000] ...2  1320.586104: sched_switch: prev_comm=swapper/0 prev_pid=0 prev_prio=120 prev_state=R ==> next_comm=mmcqd/1 next_pid=116 next_prio=120
         mmcqd/1-116   [000] ...1  1320.586172: block_rq_complete: 179,0 RA () 4078544 + 88 [0]
          <idle>-0     [001] ...2  1320.586191: sched_switch: prev_comm=swapper/1 prev_pid=0 prev_prio=120 prev_state=R ==> next_comm=main next_pid=7596 next_prio=120
         mmcqd/1-116   [000] ...2  1320.586203: sched_switch: prev_comm=mmcqd/1 prev_pid=116 prev_prio=120 prev_state=S ==> next_comm=swapper/0 next_pid=0 next_prio=120
            main-7596  [001] d..2  1320.586268: block_rq_insert: 179,0 R 0 () 4078128 + 8 [main]
            main-7596  [001] d..2  1320.586270: block_rq_insert: 179,0 R 0 () 4078152 + 8 [main]
            main-7596  [001] d..2  1320.586272: block_rq_insert: 179,0 R 0 () 4078176 + 24 [main]
            main-7596  [001] d..2  1320.586274: block_rq_insert: 179,0 R 0 () 4078208 + 56 [main]
            main-7596  [001] d..2  1320.586275: block_rq_insert: 179,0 R 0 () 4078280 + 104 [main]
            main-7596  [001] ...2  1320.586288: sched_switch: prev_comm=main prev_pid=7596 prev_prio=120 prev_state=D|W ==> next_comm=swapper/1 next_pid=0 next_prio=120
          <idle>-0     [000] ...2  1320.586291: sched_switch: prev_comm=swapper/0 prev_pid=0 prev_prio=120 prev_state=R ==> next_comm=mmcqd/1 next_pid=116 next_prio=120
         mmcqd/1-116   [000] ...2  1320.586358: sched_switch: prev_comm=mmcqd/1 prev_pid=116 prev_prio=120 prev_state=S ==> next_comm=swapper/0 next_pid=0 next_prio=120
          <idle>-0     [000] ...2  1320.586587: sched_switch: prev_comm=swapper/0 prev_pid=0 prev_prio=120 prev_state=R ==> next_comm=mmcqd/1 next_pid=116 next_prio=120
         mmcqd/1-116   [000] ...1  1320.586636: block_rq_complete: 179,0 RA () 4078456 + 40 [0]
         mmcqd/1-116   [000] ...2  1320.586691: sched_switch: prev_comm=mmcqd/1 prev_pid=116 prev_prio=120 prev_state=S ==> next_comm=swapper/0 next_pid=0 next_prio=120
          <idle>-0     [000] ...2  1320.587431: sched_switch: prev_comm=swapper/0 prev_pid=0 prev_prio=120 prev_state=R ==> next_comm=mmcqd/1 next_pid=116 next_prio=120
         mmcqd/1-116   [000] ...1  1320.587502: block_rq_complete: 179,0 RA () 4078280 + 104 [0]
         mmcqd/1-116   [000] ...2  1320.587546: sched_switch: prev_comm=mmcqd/1 prev_pid=116 prev_prio=120 prev_state=S ==> next_comm=swapper/0 next_pid=0 next_prio=120
          <idle>-0     [000] ...2  1320.587949: sched_switch: prev_comm=swapper/0 prev_pid=0 prev_prio=120 prev_state=R ==> next_comm=mmcqd/1 next_pid=116 next_prio=120
         mmcqd/1-116   [000] ...1  1320.588004: block_rq_complete: 179,0 RA () 4078208 + 56 [0]
          <idle>-0     [001] ...2  1320.588022: sched_switch: prev_comm=swapper/1 prev_pid=0 prev_prio=120 prev_state=R ==> next_comm=main next_pid=7596 next_prio=120
         mmcqd/1-116   [000] ...2  1320.588045: sched_switch: prev_comm=mmcqd/1 prev_pid=116 prev_prio=120 prev_state=S ==> next_comm=swapper/0 next_pid=0 next_prio=120
            main-7596  [001] d..2  1320.588189: block_rq_insert: 179,0 R 0 () 4077968 + 8 [main]
            main-7596  [001] d..2  1320.588192: block_rq_insert: 179,0 R 0 () 4078016 + 88 [main]
            main-7596  [001] ...2  1320.588201: sched_switch: prev_comm=main prev_pid=7596 prev_prio=120 prev_state=D|W ==> next_comm=swapper/1 next_pid=0 next_prio=120
          <idle>-0     [000] ...2  1320.588310: sched_switch: prev_comm=swapper/0 prev_pid=0 prev_prio=120 prev_state=R ==> next_comm=mmcqd/1 next_pid=116 next_prio=120
         mmcqd/1-116   [000] ...1  1320.588354: block_rq_complete: 179,0 RA () 4078176 + 24 [0]
         mmcqd/1-116   [000] ...2  1320.588396: sched_switch: prev_comm=mmcqd/1 prev_pid=116 prev_prio=120 prev_state=S ==> next_comm=swapper/0 next_pid=0 next_prio=120
