         mmcqd/1-116   [000] ...2  1332.926784: sched_switch: prev_comm=mmcqd/1 prev_pid=116 prev_prio=120 prev_state=S ==> next_comm=swapper/0 next_pid=0 next_prio=120
          <idle>-0     [000] ...2  1332.927382: sched_switch: prev_comm=swapper/0 prev_pid=0 prev_prio=120 prev_state=R ==> next_comm=mmcqd/1 next_pid=116 next_prio=120
         mmcqd/1-116   [000] ...1  1332.927443: block_rq_complete: 179,0 RA () 4079192 + 80 [0]
          <idle>-0     [001] ...2  1332.927459: sched_switch: prev_comm=swapper/1 prev_pid=0 prev_prio=120 prev_state=R ==> next_comm=main next_pid=7664 next_prio=120
         mmcqd/1-116   [000] ...2  1332.927471: sched_switch: prev_comm=mmcqd/1 prev_pid=116 prev_prio=120 prev_state=S ==> next_comm=swapper/0 next_pid=0 next_prio=120
            main-7664  [001] d..2  1332.927518: block_rq_insert: 179,0 R 0 () 4081752 + 8 [main]
            main-7664  [001] d..2  1332.927521: block_rq_insert: 179,0 R 0 () 4081856 + 8 [main]
            main-7664  [001] d..2  1332.927522: block_rq_insert: 179,0 R 0 () 4081960 + 8 [main]
            main-7664  [001] d..2  1332.927523: block_rq_insert: 179,0 R 0 () 4081976 + 8 [main]
            main-7664  [001] ...2  1332.927536: sched_switch: prev_comm=main prev_pid=7664 prev_prio=120 prev_state=D|W ==> next_comm=swapper/1 next_pid=0 next_prio=120
          <idle>-0     [000] ...2  1332.927541: sched_switch: prev_comm=swapper/0 prev_pid=0 prev_prio=120 prev_state=R ==> next_comm=mmcqd/1 next_pid=116 next_prio=120
         mmcqd/1-116   [000] ...2  1332.927566: sched_switch: prev_comm=mmcqd/1 prev_pid=116 prev_prio=120 prev_state=S ==> next_comm=swapper/0 next_pid=0 next_prio=120
          <idle>-0     [000] ...2  1332.927695: sched_switch: prev_comm=swapper/0 prev_pid=0 prev_prio=120 prev_state=R ==> next_comm=mmcqd/1 next_pid=116 next_prio=120
         mmcqd/1-116   [000] ...1  1332.927733: block_rq_complete: 179,0 RA () 4079304 + 8 [0]
         mmcqd/1-116   [000] ...2  1332.927762: sched_switch: prev_comm=mmcqd/1 prev_pid=116 prev_prio=120 prev_state=S ==> next_comm=swapper/0 next_pid=0 next_prio=120
          <idle>-0     [000] ...2  1332.927984: sched_switch: prev_comm=swapper/0 prev_pid=0 prev_prio=120 prev_state=R ==> next_comm=mmcqd/1 next_pid=116 next_prio=120
         mmcqd/1-116   [000] ...1  1332.928023: block_rq_complete: 179,0 RA () 4081752 + 8 [0]
         mmcqd/1-116   [000] ...2  1332.928052: sched_switch: prev_comm=mmcqd/1 prev_pid=116 prev_prio=120 prev_state=S ==> next_comm=swapper/0 next_pid=0 next_prio=120
          <idle>-0     [000] ...2  1332.928273: sched_switch: prev_comm=swapper/0 prev_pid=0 prev_prio=120 prev_state=R ==> next_comm=mmcqd/1 next_pid=116 next_prio=120
         mmcqd/1-116   [000] ...1  1332.928311: block_rq_complete: 179,0 RA () 4081856 + 8 [0]
          <idle>-0     [001] ...2  1332.928326: sched_switch: prev_comm=swapper/1 prev_pid=0 prev_prio=120 prev_state=R ==> next_comm=main next_pid=7664 next_prio=120
         mmcqd/1-116   [000] ...2  1332.928347: sched_switch: prev_comm=mmcqd/1 prev_pid=116 prev_prio=120 prev_state=S ==> next_comm=swapper/0 next_pid=0 next_prio=120
            main-7664  [001] d..2  1332.928394: block_rq_insert: 179,0 R 0 () 4082016 + 8 [main]
            main-7664  [001] d..2  1332.928397: block_rq_insert: 179,0 R 0 () 4082128 + 8 [main]
            main-7664  [001] d..2  1332.928398: block_rq_insert: 179,0 R 0 () 4082152 + 8 [main]
            main-7664  [001] d..2  1332.928400: block_rq_insert: 179,0 R 0 () 4082168 + 32 [main]
            main-7664  [001] d..2  1332.928401: block_rq_insert: 179,0 R 0 () 4082240 + 8 [main]
            main-7664  [001] ...2  1332.928409: sched_switch: prev_comm=main prev_pid=7664 prev_prio=120 prev_state=D|W ==> next_comm=swapper/1 next_pid=0 next_prio=120
          <idle>-0     [000] ...2  1332.928559: sched_switch: prev_comm=swapper/0 prev_pid=0 prev_prio=120 prev_state=R ==> next_comm=mmcqd/1 next_pid=116 next_prio=120
         mmcqd/1-116   [000] ...1  1332.928597: block_rq_complete: 179,0 RA () 4081960 + 8 [0]
         mmcqd/1-116   [000] ...2  1332.928626: sched_switch: prev_comm=mmcqd/1 prev_pid=116 prev_prio=120 prev_state=S ==> next_comm=swapper/0 next_pid=0 next_prio=120
          <idle>-0     [000] ...2  1332.928890: sched_switch: prev_comm=swapper/0 prev_pid=0 prev_prio=120 prev_state=R ==> next_comm=mmcqd/1 next_pid=116 next_prio=120
          <idle>-0     [001] ...2  1332.928911: sched_switch: prev_comm=swapper/1 prev_pid=0 prev_prio=120 prev_state=R ==> next_comm=ksoftirqd/1 next_pid=7663 next_prio=120
         mmcqd/1-116   [000] ...1  1332.928928: block_rq_complete: 179,0 RA () 4081976 + 8 [0]
     ksoftirqd/1-7663  [001] ...2  1332.928935: sched_switch: prev_comm=ksoftirqd/1 prev_pid=7663 prev_prio=120 prev_state=S ==> next_comm=swapper/1 next_pid=0 next_prio=120
         mmcqd/1-116   [000] ...2  1332.928957: sched_switch: prev_comm=mmcqd/1 prev_pid=116 prev_prio=120 prev_state=S ==> next_comm=swapper/0 next_pid=0 next_prio=120
          <idle>-0     [000] ...2  1332.929184: sched_switch: prev_comm=swapper/0 prev_pid=0 prev_prio=120 prev_state=R ==> next_comm=mmcqd/1 next_pid=116 next_prio=120
         mmcqd/1-116   [000] ...1  1332.929223: block_rq_complete: 179,0 RA () 4082016 + 8 [0]
         mmcqd/1-116   [000] ...2  1332.929252: sched_switch: prev_comm=mmcqd/1 prev_pid=116 prev_prio=120 prev_state=S ==> next_comm=swapper/0 next_pid=0 next_prio=120
          <idle>-0     [000] ...2  1332.929475: sched_switch: prev_comm=swapper/0 prev_pid=0 prev_prio=120 prev_state=R ==> next_comm=mmcqd/1 next_pid=116 next_prio=120
         mmcqd/1-116   [000] ...1  1332.929513: block_rq_complete: 179,0 RA () 4082128 + 8 [0]
          <idle>-0     [001] ...2  1332.929530: sched_switch: prev_comm=swapper/1 prev_pid=0 prev_prio=120 prev_state=R ==> next_comm=main next_pid=7664 next_prio=120
         mmcqd/1-116   [000] ...2  1332.929560: sched_switch: prev_comm=mmcqd/1 prev_pid=116 prev_prio=120 prev_state=S ==> next_comm=swapper/0 next_pid=0 next_prio=120
            main-7664  [001] ...2  1332.929561: sched_switch: prev_comm=main prev_pid=7664 prev_prio=120 prev_state=D|W ==> next_comm=swapper/1 next_pid=0 next_prio=120
          <idle>-0     [000] ...2  1332.929758: sched_switch: prev_comm=swapper/0 prev_pid=0 prev_prio=120 prev_state=R ==> next_comm=mmcqd/1 next_pid=116 next_prio=120
         mmcqd/1-116   [000] ...1  1332.929797: block_rq_complete: 179,0 RA () 4082152 + 8 [0]
          <idle>-0     [001] ...2  1332.929813: sched_switch: prev_comm=swapper/1 prev_pid=0 prev_prio=120 prev_state=R ==> next_comm=main next_pid=7664 next_prio=120
         mmcqd/1-116   [000] ...2  1332.929833: sched_switch: prev_comm=mmcqd/1 prev_pid=116 prev_prio=120 prev_state=S ==> next_comm=swapper/0 next_pid=0 next_prio=120
            main-7664  [001] ...2  1332.929841: sched_switch: prev_comm=main prev_pid=7664 prev_prio=120 prev_state=D|W ==> next_comm=swapper/1 next_pid=0 next_prio=120
          <idle>-0     [000] ...2  1332.930318: sched_switch: prev_comm=swapper/0 prev_pid=0 prev_prio=120 prev_state=R ==> next_comm=mmcqd/1 next_pid=116 next_prio=120
         mmcqd/1-116   [000] ...1  1332.930366: block_rq_complete: 179,0 RA () 4082168 + 32 [0]
          <idle>-0     [001] ...2  1332.930385: sched_switch: prev_comm=swapper/1 prev_pid=0 prev_prio=120 prev_state=R ==> next_comm=main next_pid=7664 next_prio=120
         mmcqd/1-116   [000] ...2  1332.930393: sched_switch: prev_comm=mmcqd/1 prev_pid=116 prev_prio=120 prev_state=S ==> next_comm=swapper/0 next_pid=0 next_prio=120
            main-7664  [001] ...2  1332.930432: sched_switch: prev_comm=main prev_pid=7664 prev_prio=120 prev_state=D|W ==> next_comm=swapper/1 next_pid=0 next_prio=120
          <idle>-0     [000] ...2  1332.930608: sched_switch: prev_comm=swapper/0 prev_pid=0 prev_prio=120 prev_state=R ==> next_comm=mmcqd/1 next_pid=116 next_prio=120
         mmcqd/1-116   [000] ...1  1332.930624: block_rq_complete: 179,0 RA () 4082240 + 8 [0]
          <idle>-0     [001] ...2  1332.930641: sched_switch: prev_comm=swapper/1 prev_pid=0 prev_prio=120 prev_state=R ==> next_comm=main next_pid=7664 next_prio=120
         mmcqd/1-116   [000] ...2  1332.930652: sched_switch: prev_comm=mmcqd/1 prev_pid=116 prev_prio=120 prev_state=R+ ==> next_comm=kworker/0:1H next_pid=17 next_prio=100
    kworker/0:1H-17    [000] ...2  1332.930665: sched_switch: prev_comm=kworker/0:1H prev_pid=17 prev_prio=100 prev_state=S ==> next_comm=mmcqd/1 next_pid=116 next_prio=120
         mmcqd/1-116   [000] ...2  1332.930681: sched_switch: prev_comm=mmcqd/1 prev_pid=116 prev_prio=120 prev_state=S ==> next_comm=swapper/0 next_pid=0 next_prio=120
            main-7664  [001] d..2  1332.930694: block_rq_insert: 179,0 R 0 () 4082680 + 96 [main]
            main-7664  [001] ...2  1332.930707: sched_switch: prev_comm=main prev_pid=7664 prev_prio=120 prev_state=D|W ==> next_comm=swapper/1 next_pid=0 next_prio=120
          <idle>-0     [000] ...2  1332.930713: sched_switch: prev_comm=swapper/0 prev_pid=0 prev_prio=120 prev_state=R ==> next_comm=mmcqd/1 next_pid=116 next_prio=120
         mmcqd/1-116   [000] ...2  1332.930805: sched_switch: prev_comm=mmcqd/1 prev_pid=116 prev_prio=120 prev_state=S ==> next_comm=swapper/0 next_pid=0 next_prio=120
          <idle>-0     [000] ...2  1332.931597: sched_switch: prev_comm=swapper/0 prev_pid=0 prev_prio=120 prev_state=R ==> next_comm=mmcqd/1 next_pid=116 next_prio=120
         mmcqd/1-116   [000] ...1  1332.931643: block_rq_complete: 179,0 RA () 4082680 + 96 [0]
          <idle>-0     [001] ...2  1332.931660: sched_switch: prev_comm=swapper/1 prev_pid=0 prev_prio=120 prev_state=R ==> next_comm=main next_pid=7664 next_prio=120
         mmcqd/1-116   [000] ...2  1332.931675: sched_switch: prev_comm=mmcqd/1 prev_pid=116 prev_prio=120 prev_state=R+ ==> next_comm=kworker/0:1H next_pid=17 next_prio=100
    kworker/0:1H-17    [000] ...2  1332.931688: sched_switch: prev_comm=kworker/0:1H prev_pid=17 prev_prio=100 prev_state=S ==> next_comm=mmcqd/1 next_pid=116 next_prio=120
         mmcqd/1-116   [000] ...2  1332.931703: sched_switch: prev_comm=mmcqd/1 prev_pid=116 prev_prio=120 prev_state=S ==> next_comm=swapper/0 next_pid=0 next_prio=120
            main-7664  [001] d..2  1332.931806: block_rq_insert: 179,0 R 0 () 4072976 + 16 [main]
            main-7664  [001] d..2  1332.931809: block_rq_insert: 179,0 R 0 () 4073024 + 8 [main]
            main-7664  [001] d..2  1332.931811: block_rq_insert: 179,0 R 0 () 4073040 + 16 [main]
            main-7664  [001] d..2  1332.931812: block_rq_insert: 179,0 R 0 () 4073064 + 24 [main]
            main-7664  [001] d..2  1332.931814: block_rq_insert: 179,0 R 0 () 4073096 + 16 [main]
            main-7664  [001] d..2  1332.931816: block_rq_insert: 179,0 R 0 () 4073120 + 72 [main]
            main-7664  [001] d..2  1332.931817: block_rq_insert: 179,0 R 0 () 4073208 + 16 [main]
            main-7664  [001] ...2  1332.931830: sched_switch: prev_comm=main prev_pid=7664 prev_prio=120 prev_state=D|W ==> next_comm=swapper/1 next_pid=0 next_prio=120
          <idle>-0     [000] ...2  1332.931836: sched_switch: prev_comm=swapper/0 prev_pid=0 prev_prio=120 prev_state=R ==> next_comm=mmcqd/1 next_pid=116 next_prio=120
         mmcqd/1-116   [000] ...2  1332.931934: sched_switch: prev_comm=mmcqd/1 prev_pid=116 prev_prio=120 prev_state=S ==> next_comm=swapper/0 next_pid=0 next_prio=120
          <idle>-0     [000] ...2  1332.932330: sched_switch: prev_comm=swapper/0 prev_pid=0 prev_prio=120 prev_state=R ==> next_comm=mmcqd/1 next_pid=116 next_prio=120
         mmcqd/1-116   [000] ...1  1332.932372: block_rq_complete: 179,0 RA () 4073208 + 16 [0]
         mmcqd/1-116   [000] ...2  1332.932405: sched_switch: prev_comm=mmcqd/1 prev_pid=116 prev_prio=120 prev_state=S ==> next_comm=swapper/0 next_pid=0 next_prio=120
          <idle>-0     [000] ...2  1332.932922: sched_switch: prev_comm=swapper/0 prev_pid=0 prev_prio=120 prev_state=R ==> next_comm=mmcqd/1 next_pid=116 next_prio=120
         mmcqd/1-116   [000] ...1  1332.932983: block_rq_complete: 179,0 RA () 4073120 + 72 [0]
         mmcqd/1-116   [000] ...2  1332.933024: sched_switch: prev_comm=mmcqd/1 prev_pid=116 prev_prio=120 prev_state=S ==> next_comm=swapper/0 next_pid=0 next_prio=120
          <idle>-0     [000] ...2  1332.933222: sched_switch: prev_comm=swapper/0 prev_pid=0 prev_prio=120 prev_state=R ==> next_comm=mmcqd/1 next_pid=116 next_prio=120
         mmcqd/1-116   [000] ...1  1332.933263: block_rq_complete: 179,0 RA () 4073096 + 16 [0]
          <idle>-0     [001] ...2  1332.933280: sched_switch: prev_comm=swapper/1 prev_pid=0 prev_prio=120 prev_state=R ==> next_comm=main next_pid=7664 next_prio=120
         mmcqd/1-116   [000] ...2  1332.933303: sched_switch: prev_comm=mmcqd/1 prev_pid=116 prev_prio=120 prev_state=S ==> next_comm=swapper/0 next_pid=0 next_prio=120
            main-7664  [001] d..2  1332.933352: block_rq_insert: 179,0 R 0 () 4085240 + 72 [main]
            main-7664  [001] d..2  1332.933355: block_rq_insert: 179,0 R 0 () 4085320 + 16 [main]
            main-7664  [001] d..2  1332.933357: block_rq_insert: 179,0 R 0 () 4085344 + 24 [main]
            main-7664  [001] d..2  1332.933358: block_rq_insert: 179,0 R 0 () 4085376 + 16 [main]
            main-7664  [001] d..2  1332.933359: block_rq_insert: 179,0 R 0 () 4085408 + 8 [main]
            main-7664  [001] d..2  1332.933361: block_rq_insert: 179,0 R 0 () 4085432 + 16 [main]
            main-7664  [001] ...2  1332.933369: sched_switch: prev_comm=main prev_pid=7664 prev_prio=120 prev_state=D|W ==> next_comm=swapper/1 next_pid=0 next_prio=120
          <idle>-0     [000] ...2  1332.933588: sched_switch: prev_comm=swapper/0 prev_pid=0 prev_prio=120 prev_state=R ==> next_comm=mmcqd/1 next_pid=116 next_prio=120
         mmcqd/1-116   [000] ...1  1332.933632: block_rq_complete: 179,0 RA () 4073064 + 24 [0]
         mmcqd/1-116   [000] ...2  1332.933663: sched_switch: prev_comm=mmcqd/1 prev_pid=116 prev_prio=120 prev_state=S ==> next_comm=swapper/0 next_pid=0 next_prio=120
          <idle>-0     [000] ...2  1332.933913: sched_switch: prev_comm=swapper/0 prev_pid=0 prev_prio=120 prev_state=R ==> next_comm=mmcqd/1 next_pid=116 next_prio=120
         mmcqd/1-116   [000] ...1  1332.933954: block_rq_complete: 179,0 RA () 4073040 + 16 [0]
         mmcqd/1-116   [000] ...2  1332.933988: sched_switch: prev_comm=mmcqd/1 prev_pid=116 prev_prio=120 prev_state=S ==> next_comm=swapper/0 next_pid=0 next_prio=120
          <idle>-0     [000] ...2  1332.934240: sched_switch: prev_comm=swapper/0 prev_pid=0 prev_prio=120 prev_state=R ==> next_comm=mmcqd/1 next_pid=116 next_prio=120
         mmcqd/1-116   [000] ...1  1332.934279: block_rq_complete: 179,0 RA () 4073024 + 8 [0]
         mmcqd/1-116   [000] ...2  1332.934336: sched_switch: prev_comm=mmcqd/1 prev_pid=116 prev_prio=120 prev_state=S ==> next_comm=swapper/0 next_pid=0 next_prio=120
          <idle>-0     [000] ...2  1332.934555: sched_switch: prev_comm=swapper/0 prev_pid=0 prev_prio=120 prev_state=R ==> next_comm=mmcqd/1 next_pid=116 next_prio=120
         mmcqd/1-116   [000] ...1  1332.934596: block_rq_complete: 179,0 RA () 4072976 + 16 [0]
         mmcqd/1-116   [000] ...2  1332.934630: sched_switch: prev_comm=mmcqd/1 prev_pid=116 prev_prio=120 prev_state=S ==> next_comm=swapper/0 next_pid=0 next_prio=120
          <idle>-0     [000] ...2  1332.935281: sched_switch: prev_comm=swapper/0 prev_pid=0 prev_prio=120 prev_state=R ==> next_comm=mmcqd/1 next_pid=116 next_prio=120
         mmcqd/1-116   [000] ...1  1332.935343: block_rq_complete: 179,0 RA () 4085240 + 72 [0]
         mmcqd/1-116   [000] ...2  1332.935383: sched_switch: prev_comm=mmcqd/1 prev_pid=116 prev_prio=120 prev_state=S ==> next_comm=swapper/0 next_pid=0 next_prio=120
          <idle>-0     [000] ...2  1332.935605: sched_switch: prev_comm=swapper/0 prev_pid=0 prev_prio=120 prev_state=R ==> next_comm=mmcqd/1 next_pid=116 next_prio=120
         mmcqd/1-116   [000] ...1  1332.935647: block_rq_complete: 179,0 RA () 4085320 + 16 [0]
          <idle>-0     [001] ...2  1332.935664: sched_switch: prev_comm=swapper/1 prev_pid=0 prev_prio=120 prev_state=R ==> next_comm=main next_pid=7664 next_prio=120
         mmcqd/1-116   [000] ...2  1332.935688: sched_switch: prev_comm=mmcqd/1 prev_pid=116 prev_prio=120 prev_state=S ==> next_comm=swapper/0 next_pid=0 next_prio=120
            main-7664  [001] d..2  1332.935954: block_rq_insert: 179,0 R 0 () 4083344 + 8 [main]
            main-7664  [001] d..2  1332.935957: block_rq_insert: 179,0 R 0 () 4083392 + 24 [main]
            main-7664  [001] d..2  1332.935959: block_rq_insert: 179,0 R 0 () 4083424 + 32 [main]
            main-7664  [001] d..2  1332.935960: block_rq_insert: 179,0 R 0 () 4083496 + 8 [main]
            main-7664  [001] ...2  1332.935970: sched_switch: prev_comm=main prev_pid=7664 prev_prio=120 prev_state=D|W ==> next_comm=swapper/1 next_pid=0 next_prio=120
          <idle>-0     [000] ...2  1332.935972: sched_switch: prev_comm=swapper/0 prev_pid=0 prev_prio=120 prev_state=R ==> next_comm=mmcqd/1 next_pid=116 next_prio=120
         mmcqd/1-116   [000] ...1  1332.936017: block_rq_complete: 179,0 RA () 4085344 + 24 [0]
         mmcqd/1-116   [000] ...2  1332.936051: sched_switch: prev_comm=mmcqd/1 prev_pid=116 prev_prio=120 prev_state=S ==> next_comm=swapper/0 next_pid=0 next_prio=120
          <idle>-0     [000] ...2  1332.936285: sched_switch: prev_comm=swapper/0 prev_pid=0 prev_prio=120 prev_state=R ==> next_comm=mmcqd/1 next_pid=116 next_prio=120
         mmcqd/1-116   [000] ...1  1332.936327: block_rq_complete: 179,0 RA () 4085376 + 16 [0]
         mmcqd/1-116   [000] ...2  1332.936361: sched_switch: prev_comm=mmcqd/1 prev_pid=116 prev_prio=120 prev_state=S ==> next_comm=swapper/0 next_pid=0 next_prio=120
          <idle>-0     [000] ...2  1332.936557: sched_switch: prev_comm=swapper/0 prev_pid=0 prev_prio=120 prev_state=R ==> next_comm=mmcqd/1 next_pid=116 next_prio=120
         mmcqd/1-116   [000] ...1  1332.936598: block_rq_complete: 179,0 RA () 4085408 + 8 [0]
         mmcqd/1-116   [000] ...2  1332.936627: sched_switch: prev_comm=mmcqd/1 prev_pid=116 prev_prio=120 prev_state=S ==> next_comm=swapper/0 next_pid=0 next_prio=120
          <idle>-0     [000] ...2  1332.936903: sched_switch: prev_comm=swapper/0 prev_pid=0 prev_prio=120 prev_state=R ==> next_comm=mmcqd/1 next_pid=116 next_prio=120
         mmcqd/1-116   [000] ...1  1332.936944: block_rq_complete: 179,0 RA () 4085432 + 16 [0]
         mmcqd/1-116   [000] ...2  1332.936984: sched_switch: prev_comm=mmcqd/1 prev_pid=116 prev_prio=120 prev_state=S ==> next_comm=swapper/0 next_pid=0 next_prio=120
          <idle>-0     [000] ...2  1332.937187: sched_switch: prev_comm=swapper/0 prev_pid=0 prev_prio=120 prev_state=R ==> next_comm=mmcqd/1 next_pid=116 next_prio=120
         mmcqd/1-116   [000] ...1  1332.937225: block_rq_complete: 179,0 RA () 4083496 + 8 [0]
         mmcqd/1-116   [000] ...2  1332.937261: sched_switch: prev_comm=mmcqd/1 prev_pid=116 prev_prio=120 prev_state=S ==> next_comm=swapper/0 next_pid=0 next_prio=120
          <idle>-0     [000] ...2  1332.937584: sched_switch: prev_comm=swapper/0 prev_pid=0 prev_prio=120 prev_state=R ==> next_comm=mmcqd/1 next_pid=116 next_prio=120
         mmcqd/1-116   [000] ...1  1332.937631: block_rq_complete: 179,0 RA () 4083424 + 32 [0]
         mmcqd/1-116   [000] ...2  1332.937662: sched_switch: prev_comm=mmcqd/1 prev_pid=116 prev_prio=120 prev_state=S ==> next_comm=swapper/0 next_pid=0 next_prio=120
          <idle>-0     [000] ...2  1332.937940: sched_switch: prev_comm=swapper/0 prev_pid=0 prev_prio=120 prev_state=R ==> next_comm=mmcqd/1 next_pid=116 next_prio=120
         mmcqd/1-116   [000] ...1  1332.937984: block_rq_complete: 179,0 RA () 4083392 + 24 [0]
          <idle>-0     [001] ...2  1332.938001: sched_switch: prev_comm=swapper/1 prev_pid=0 prev_prio=120 prev_state=R ==> next_comm=main next_pid=7664 next_prio=120
         mmcqd/1-116   [000] ...2  1332.938010: sched_switch: prev_comm=mmcqd/1 prev_pid=116 prev_prio=120 prev_state=S ==> next_comm=swapper/0 next_pid=0 next_prio=120
            main-7664  [001] d..2  1332.938043: block_rq_insert: 179,0 R 0 () 4082888 + 24 [main]
            main-7664  [001] d..2  1332.938046: block_rq_insert: 179,0 R 0 () 4083008 + 8 [main]
            main-7664  [001] ...2  1332.938058: sched_switch: prev_comm=main prev_pid=7664 prev_prio=120 prev_state=D|W ==> next_comm=swapper/1 next_pid=0 next_prio=120
          <idle>-0     [000] ...2  1332.938064: sched_switch: prev_comm=swapper/0 prev_pid=0 prev_prio=120 prev_state=R ==> next_comm=mmcqd/1 next_pid=116 next_prio=120
         mmcqd/1-116   [000] ...2  1332.938088: sched_switch: prev_comm=mmcqd/1 prev_pid=116 prev_prio=120 prev_state=S ==> next_comm=swapper/0 next_pid=0 next_prio=120
          <idle>-0     [000] ...2  1332.938208: sched_switch: prev_comm=swapper/0 prev_pid=0 prev_prio=120 prev_state=R ==> next_comm=mmcqd/1 next_pid=116 next_prio=120
         mmcqd/1-116   [000] ...1  1332.938247: block_rq_complete: 179,0 RA () 4083344 + 8 [0]
         mmcqd/1-116   [000] ...2  1332.938283: sched_switch: prev_comm=mmcqd/1 prev_pid=116 prev_prio=120 prev_state=S ==> next_comm=swapper/0 next_pid=0 next_prio=120
          <idle>-0     [000] ...2  1332.938499: sched_switch: prev_comm=swapper/0 prev_pid=0 prev_prio=120 prev_state=R ==> next_comm=mmcqd/1 next_pid=116 next_prio=120
         mmcqd/1-116   [000] ...1  1332.938538: block_rq_complete: 179,0 RA () 4083008 + 8 [0]
         mmcqd/1-116   [000] ...2  1332.938556: sched_switch: prev_comm=mmcqd/1 prev_pid=116 prev_prio=120 prev_state=S ==> next_comm=swapper/0 next_pid=0 next_prio=120
          <idle>-0     [000] ...2  1332.938857: sched_switch: prev_comm=swapper/0 prev_pid=0 prev_prio=120 prev_state=R ==> next_comm=mmcqd/1 next_pid=116 next_prio=120
         mmcqd/1-116   [000] ...1  1332.938879: block_rq_complete: 179,0 RA () 4082888 + 24 [0]
          <idle>-0     [001] ...2  1332.938922: sched_switch: prev_comm=swapper/1 prev_pid=0 prev_prio=120 prev_state=R ==> next_comm=main next_pid=7664 next_prio=120
         mmcqd/1-116   [000] ...2  1332.938934: sched_switch: prev_comm=mmcqd/1 prev_pid=116 prev_prio=120 prev_state=R+ ==> next_comm=kworker/0:1H next_pid=17 next_prio=100
    kworker/0:1H-17    [000] ...2  1332.938946: sched_switch: prev_comm=kworker/0:1H prev_pid=17 prev_prio=100 prev_state=S ==> next_comm=mmcqd/1 next_pid=116 next_prio=120
         mmcqd/1-116   [000] ...2  1332.938961: sched_switch: prev_comm=mmcqd/1 prev_pid=116 prev_prio=120 prev_state=S ==> next_comm=swapper/0 next_pid=0 next_prio=120
            main-7664  [001] d..2  1332.939057: block_rq_insert: 179,0 R 0 () 4085480 + 136 [main]
            main-7664  [001] ...2  1332.939070: sched_switch: prev_comm=main prev_pid=7664 prev_prio=120 prev_state=D|W ==> next_comm=swapper/1 next_pid=0 next_prio=120
          <idle>-0     [000] ...2  1332.939077: sched_switch: prev_comm=swapper/0 prev_pid=0 prev_prio=120 prev_state=R ==> next_comm=mmcqd/1 next_pid=116 next_prio=120
         mmcqd/1-116   [000] ...2  1332.939187: sched_switch: prev_comm=mmcqd/1 prev_pid=116 prev_prio=120 prev_state=S ==> next_comm=swapper/0 next_pid=0 next_prio=120
          <idle>-0     [000] ...2  1332.940114: sched_switch: prev_comm=swapper/0 prev_pid=0 prev_prio=120 prev_state=R ==> next_comm=mmcqd/1 next_pid=116 next_prio=120
         mmcqd/1-116   [000] ...1  1332.940175: block_rq_complete: 179,0 RA () 4085480 + 136 [0]
          <idle>-0     [001] ...2  1332.940197: sched_switch: prev_comm=swapper/1 prev_pid=0 prev_prio=120 prev_state=R ==> next_comm=main next_pid=7664 next_prio=120
         mmcqd/1-116   [000] ...2  1332.940208: sched_switch: prev_comm=mmcqd/1 prev_pid=116 prev_prio=120 prev_state=R+ ==> next_comm=kworker/0:1H next_pid=17 next_prio=100
    kworker/0:1H-17    [000] ...2  1332.940219: sched_switch: prev_comm=kworker/0:1H prev_pid=17 prev_prio=100 prev_state=S ==> next_comm=mmcqd/1 next_pid=116 next_prio=120
         mmcqd/1-116   [000] ...2  1332.940233: sched_switch: prev_comm=mmcqd/1 prev_pid=116 prev_prio=120 prev_state=S ==> next_comm=swapper/0 next_pid=0 next_prio=120
            main-7664  [001] d..2  1332.940344: block_rq_insert: 179,0 R 0 () 4083264 + 8 [main]
            main-7664  [001] ...2  1332.940357: sched_switch: prev_comm=main prev_pid=7664 prev_prio=120 prev_state=D|W ==> next_comm=swapper/1 next_pid=0 next_prio=120
          <idle>-0     [000] ...2  1332.940363: sched_switch: prev_comm=swapper/0 prev_pid=0 prev_prio=120 prev_state=R ==> next_comm=mmcqd/1 next_pid=116 next_prio=120
         mmcqd/1-116   [000] ...2  1332.940418: sched_switch: prev_comm=mmcqd/1 prev_pid=116 prev_prio=120 prev_state=S ==> next_comm=swapper/0 next_pid=0 next_prio=120
          <idle>-0     [000] ...2  1332.940668: sched_switch: prev_comm=swapper/0 prev_pid=0 prev_prio=120 prev_state=R ==> next_comm=mmcqd/1 next_pid=116 next_prio=120
         mmcqd/1-116   [000] ...1  1332.940684: block_rq_complete: 179,0 RA () 4083264 + 8 [0]
          <idle>-0     [001] ...2  1332.940702: sched_switch: prev_comm=swapper/1 prev_pid=0 prev_prio=120 prev_state=R ==> next_comm=main next_pid=7664 next_prio=120
         mmcqd/1-116   [000] ...2  1332.940711: sched_switch: prev_comm=mmcqd/1 prev_pid=116 prev_prio=120 prev_state=R+ ==> next_comm=kworker/0:1H next_pid=17 next_prio=100
    kworker/0:1H-17    [000] ...2  1332.940722: sched_switch: prev_comm=kworker/0:1H prev_pid=17 prev_prio=100 prev_state=S ==> next_comm=mmcqd/1 next_pid=116 next_prio=120
         mmcqd/1-116   [000] ...2  1332.940735: sched_switch: prev_comm=mmcqd/1 prev_pid=116 prev_prio=120 prev_state=S ==> next_comm=swapper/0 next_pid=0 next_prio=120
            main-7664  [001] d..2  1332.941397: block_rq_insert: 179,0 R 0 () 4085656 + 256 [main]
            main-7664  [001] ...2  1332.941410: sched_switch: prev_comm=main prev_pid=7664 prev_prio=120 prev_state=D|W ==> next_comm=swapper/1 next_pid=0 next_prio=120
          <idle>-0     [000] ...2  1332.941417: sched_switch: prev_comm=swapper/0 prev_pid=0 prev_prio=120 prev_state=R ==> next_comm=mmcqd/1 next_pid=116 next_prio=120
         mmcqd/1-116   [000] ...2  1332.941580: sched_switch: prev_comm=mmcqd/1 prev_pid=116 prev_prio=120 prev_state=S ==> next_comm=swapper/0 next_pid=0 next_prio=120
          <idle>-0     [000] ...2  1332.943079: sched_switch: prev_comm=swapper/0 prev_pid=0 prev_prio=120 prev_state=R ==> next_comm=mmcqd/1 next_pid=116 next_prio=120
         mmcqd/1-116   [000] ...1  1332.943185: block_rq_complete: 179,0 RA () 4085656 + 256 [0]
          <idle>-0     [001] ...2  1332.943208: sched_switch: prev_comm=swapper/1 prev_pid=0 prev_prio=120 prev_state=R ==> next_comm=main next_pid=7664 next_prio=120
         mmcqd/1-116   [000] ...2  1332.943224: sched_switch: prev_comm=mmcqd/1 prev_pid=116 prev_prio=120 prev_state=R+ ==> next_comm=kworker/0:1H next_pid=17 next_prio=100
    kworker/0:1H-17    [000] ...2  1332.943235: sched_switch: prev_comm=kworker/0:1H prev_pid=17 prev_prio=100 prev_state=S ==> next_comm=mmcqd/1 next_pid=116 next_prio=120
         mmcqd/1-116   [000] ...2  1332.943252: sched_switch: prev_comm=mmcqd/1 prev_pid=116 prev_prio=120 prev_state=S ==> next_comm=swapper/0 next_pid=0 next_prio=120
            main-7664  [001] d..2  1332.944156: block_rq_insert: 179,0 R 0 () 4085912 + 256 [main]
          <idle>-0     [000] ...2  1332.944181: sched_switch: prev_comm=swapper/0 prev_pid=0 prev_prio=120 prev_state=R ==> next_comm=mmcqd/1 next_pid=116 next_prio=120
            main-7664  [001] ...2  1332.944234: sched_switch: prev_comm=main prev_pid=7664 prev_prio=120 prev_state=D|W ==> next_comm=swapper/1 next_pid=0 next_prio=120
         mmcqd/1-116   [000] ...2  1332.944346: sched_switch: prev_comm=mmcqd/1 prev_pid=116 prev_prio=120 prev_state=S ==> next_comm=swapper/0 next_pid=0 next_prio=120
          <idle>-0     [000] ...2  1332.945821: sched_switch: prev_comm=swapper/0 prev_pid=0 prev_prio=120 prev_state=R ==> next_comm=mmcqd/1 next_pid=116 next_prio=120
         mmcqd/1-116   [000] ...1  1332.945926: block_rq_complete: 179,0 RA () 4085912 + 256 [0]
          <idle>-0     [001] ...2  1332.945944: sched_switch: prev_comm=swapper/1 prev_pid=0 prev_prio=120 prev_state=R ==> next_comm=main next_pid=7664 next_prio=120
         mmcqd/1-116   [000] ...2  1332.945967: sched_switch: prev_comm=mmcqd/1 prev_pid=116 prev_prio=120 prev_state=R+ ==> next_comm=kworker/0:1H next_pid=17 next_prio=100
    kworker/0:1H-17    [000] ...2  1332.945978: sched_switch: prev_comm=kworker/0:1H prev_pid=17 prev_prio=100 prev_state=S ==> next_comm=mmcqd/1 next_pid=116 next_prio=120
         mmcqd/1-116   [000] ...2  1332.945996: sched_switch: prev_comm=mmcqd/1 prev_pid=116 prev_prio=120 prev_state=S ==> next_comm=swapper/0 next_pid=0 next_prio=120
            main-7664  [001] d..2  1332.946014: block_rq_insert: 179,0 R 0 () 4072864 + 64 [main]
            main-7664  [001] d..2  1332.946017: block_rq_insert: 179,0 R 0 () 4072944 + 8 [main]
            main-7664  [001] ...2  1332.946029: sched_switch: prev_comm=main prev_pid=7664 prev_prio=120 prev_state=D|W ==> next_comm=swapper/1 next_pid=0 next_prio=120
          <idle>-0     [000] ...2  1332.946035: sched_switch: prev_comm=swapper/0 prev_pid=0 prev_prio=120 prev_state=R ==> next_comm=mmcqd/1 next_pid=116 next_prio=120
         mmcqd/1-116   [000] ...2  1332.946128: sched_switch: prev_comm=mmcqd/1 prev_pid=116 prev_prio=120 prev_state=S ==> next_comm=swapper/0 next_pid=0 next_prio=120
          <idle>-0     [000] ...2  1332.946336: sched_switch: prev_comm=swapper/0 prev_pid=0 prev_prio=120 prev_state=R ==> next_comm=mmcqd/1 next_pid=116 next_prio=120
         mmcqd/1-116   [000] ...1  1332.946375: block_rq_complete: 179,0 RA () 4072944 + 8 [0]
         mmcqd/1-116   [000] ...2  1332.946396: sched_switch: prev_comm=mmcqd/1 prev_pid=116 prev_prio=120 prev_state=S ==> next_comm=swapper/0 next_pid=0 next_prio=120
          <idle>-0     [000] ...2  1332.946900: sched_switch: prev_comm=swapper/0 prev_pid=0 prev_prio=120 prev_state=R ==> next_comm=mmcqd/1 next_pid=116 next_prio=120
         mmcqd/1-116   [000] ...1  1332.946936: block_rq_complete: 179,0 RA () 4072864 + 64 [0]
          <idle>-0     [001] ...2  1332.946954: sched_switch: prev_comm=swapper/1 prev_pid=0 prev_prio=120 prev_state=R ==> next_comm=main next_pid=7664 next_prio=120
         mmcqd/1-116   [000] ...2  1332.946966: sched_switch: prev_comm=mmcqd/1 prev_pid=116 prev_prio=120 prev_state=R+ ==> next_comm=kworker/0:1H next_pid=17 next_prio=100
    kworker/0:1H-17    [000] ...2  1332.946977: sched_switch: prev_comm=kworker/0:1H prev_pid=17 prev_prio=100 prev_state=S ==> next_comm=mmcqd/1 next_pid=116 next_prio=120
         mmcqd/1-116   [000] ...2  1332.946994: sched_switch: prev_comm=mmcqd/1 prev_pid=116 prev_prio=120 prev_state=S ==> next_comm=swapper/0 next_pid=0 next_prio=120
            main-7664  [001] d..2  1332.947246: block_rq_insert: 179,0 R 0 () 4086168 + 184 [main]
            main-7664  [001] ...2  1332.947259: sched_switch: prev_comm=main prev_pid=7664 prev_prio=120 prev_state=D|W ==> next_comm=swapper/1 next_pid=0 next_prio=120
          <idle>-0     [000] ...2  1332.947268: sched_switch: prev_comm=swapper/0 prev_pid=0 prev_prio=120 prev_state=R ==> next_comm=mmcqd/1 next_pid=116 next_prio=120
         mmcqd/1-116   [000] ...2  1332.947400: sched_switch: prev_comm=mmcqd/1 prev_pid=116 prev_prio=120 prev_state=S ==> next_comm=swapper/0 next_pid=0 next_prio=120
          <idle>-0     [000] ...2  1332.948556: sched_switch: prev_comm=swapper/0 prev_pid=0 prev_prio=120 prev_state=R ==> next_comm=mmcqd/1 next_pid=116 next_prio=120
         mmcqd/1-116   [000] ...1  1332.948634: block_rq_complete: 179,0 RA () 4086168 + 184 [0]
          <idle>-0     [001] ...2  1332.948656: sched_switch: prev_comm=swapper/1 prev_pid=0 prev_prio=120 prev_state=R ==> next_comm=main next_pid=7664 next_prio=120
         mmcqd/1-116   [000] ...2  1332.948670: sched_switch: prev_comm=mmcqd/1 prev_pid=116 prev_prio=120 prev_state=R+ ==> next_comm=kworker/0:1H next_pid=17 next_prio=100
    kworker/0:1H-17    [000] ...2  1332.948682: sched_switch: prev_comm=kworker/0:1H prev_pid=17 prev_prio=100 prev_state=S ==> next_comm=mmcqd/1 next_pid=116 next_prio=120
         mmcqd/1-116   [000] ...2  1332.948700: sched_switch: prev_comm=mmcqd/1 prev_pid=116 prev_prio=120 prev_state=S ==> next_comm=swapper/0 next_pid=0 next_prio=120
          <idle>-0     [000] ...2  1332.948922: sched_switch: prev_comm=swapper/0 prev_pid=0 prev_prio=120 prev_state=R ==> next_comm=kworker/u:1 next_pid=4914 next_prio=120
     kworker/u:1-4914  [000] ...2  1332.948945: sched_switch: prev_comm=kworker/u:1 prev_pid=4914 prev_prio=120 prev_state=S ==> next_comm=mpdecision next_pid=1527 next_prio=113
            main-7664  [001] d..2  1332.949011: block_rq_insert: 179,0 R 0 () 1207472 + 8 [main]
            main-7664  [001] d..2  1332.949014: block_rq_insert: 179,0 R 0 () 1207488 + 24 [main]
            main-7664  [001] d..2  1332.949015: block_rq_insert: 179,0 R 0 () 1207584 + 24 [main]
            main-7664  [001] ...2  1332.949026: sched_switch: prev_comm=main prev_pid=7664 prev_prio=120 prev_state=D|W ==> next_comm=mmcqd/1 next_pid=116 next_prio=120
         mmcqd/1-116   [001] ...2  1332.949072: sched_switch: prev_comm=mmcqd/1 prev_pid=116 prev_prio=120 prev_state=S ==> next_comm=swapper/1 next_pid=0 next_prio=120
          <idle>-0     [001] ...2  1332.949090: sched_switch: prev_comm=swapper/1 prev_pid=0 prev_prio=120 prev_state=R ==> next_comm=ksoftirqd/1 next_pid=7663 next_prio=120
     ksoftirqd/1-7663  [001] ...2  1332.949099: sched_switch: prev_comm=ksoftirqd/1 prev_pid=7663 prev_prio=120 prev_state=S ==> next_comm=swapper/1 next_pid=0 next_prio=120
          <idle>-0     [001] ...2  1332.949112: sched_switch: prev_comm=swapper/1 prev_pid=0 prev_prio=120 prev_state=R ==> next_comm=ksoftirqd/1 next_pid=7663 next_prio=120
     ksoftirqd/1-7663  [001] ...2  1332.949119: sched_switch: prev_comm=ksoftirqd/1 prev_pid=7663 prev_prio=120 prev_state=S ==> next_comm=swapper/1 next_pid=0 next_prio=120
          <idle>-0     [001] ...2  1332.949131: sched_switch: prev_comm=swapper/1 prev_pid=0 prev_prio=120 prev_state=R ==> next_comm=ksoftirqd/1 next_pid=7663 next_prio=120
     ksoftirqd/1-7663  [001] ...2  1332.949138: sched_switch: prev_comm=ksoftirqd/1 prev_pid=7663 prev_prio=120 prev_state=S ==> next_comm=swapper/1 next_pid=0 next_prio=120
          <idle>-0     [001] ...2  1332.949315: sched_switch: prev_comm=swapper/1 prev_pid=0 prev_prio=120 prev_state=R ==> next_comm=mmcqd/1 next_pid=116 next_prio=120
         mmcqd/1-116   [001] ...1  1332.949337: block_rq_complete: 179,0 RA () 1207472 + 8 [0]
         mmcqd/1-116   [001] ...2  1332.949360: sched_switch: prev_comm=mmcqd/1 prev_pid=116 prev_prio=120 prev_state=S ==> next_comm=swapper/1 next_pid=0 next_prio=120
      mpdecision-1527  [000] ...2  1332.949375: sched_switch: prev_comm=mpdecision prev_pid=1527 prev_prio=113 prev_state=S ==> next_comm=swapper/0 next_pid=0 next_prio=120
          <idle>-0     [000] ...2  1332.949400: sched_switch: prev_comm=swapper/0 prev_pid=0 prev_prio=120 prev_state=R ==> next_comm=ksoftirqd/0 next_pid=3 next_prio=120
     ksoftirqd/0-3     [000] ...2  1332.949414: sched_switch: prev_comm=ksoftirqd/0 prev_pid=3 prev_prio=120 prev_state=S ==> next_comm=swapper/0 next_pid=0 next_prio=120
          <idle>-0     [000] ...2  1332.949438: sched_switch: prev_comm=swapper/0 prev_pid=0 prev_prio=120 prev_state=R ==> next_comm=ksoftirqd/0 next_pid=3 next_prio=120
     ksoftirqd/0-3     [000] ...2  1332.949451: sched_switch: prev_comm=ksoftirqd/0 prev_pid=3 prev_prio=120 prev_state=S ==> next_comm=swapper/0 next_pid=0 next_prio=120
          <idle>-0     [000] ...2  1332.949474: sched_switch: prev_comm=swapper/0 prev_pid=0 prev_prio=120 prev_state=R ==> next_comm=ksoftirqd/0 next_pid=3 next_prio=120
     ksoftirqd/0-3     [000] ...2  1332.949489: sched_switch: prev_comm=ksoftirqd/0 prev_pid=3 prev_prio=120 prev_state=S ==> next_comm=swapper/0 next_pid=0 next_prio=120
          <idle>-0     [000] ...2  1332.949677: sched_switch: prev_comm=swapper/0 prev_pid=0 prev_prio=120 prev_state=R ==> next_comm=mmcqd/1 next_pid=116 next_prio=120
         mmcqd/1-116   [000] ...1  1332.949723: block_rq_complete: 179,0 RA () 1207488 + 24 [0]
         mmcqd/1-116   [000] ...2  1332.949747: sched_switch: prev_comm=mmcqd/1 prev_pid=116 prev_prio=120 prev_state=S ==> next_comm=swapper/0 next_pid=0 next_prio=120
          <idle>-0     [000] ...2  1332.950032: sched_switch: prev_comm=swapper/0 prev_pid=0 prev_prio=120 prev_state=R ==> next_comm=mmcqd/1 next_pid=116 next_prio=120
         mmcqd/1-116   [000] ...1  1332.950052: block_rq_complete: 179,0 RA () 1207584 + 24 [0]
          <idle>-0     [001] ...2  1332.950068: sched_switch: prev_comm=swapper/1 prev_pid=0 prev_prio=120 prev_state=R ==> next_comm=main next_pid=7664 next_prio=120
         mmcqd/1-116   [000] ...2  1332.950080: sched_switch: prev_comm=mmcqd/1 prev_pid=116 prev_prio=120 prev_state=R+ ==> next_comm=kworker/0:1H next_pid=17 next_prio=100
    kworker/0:1H-17    [000] ...2  1332.950093: sched_switch: prev_comm=kworker/0:1H prev_pid=17 prev_prio=100 prev_state=S ==> next_comm=mmcqd/1 next_pid=116 next_prio=120
         mmcqd/1-116   [000] ...2  1332.950111: sched_switch: prev_comm=mmcqd/1 prev_pid=116 prev_prio=120 prev_state=S ==> next_comm=swapper/0 next_pid=0 next_prio=120
            main-7664  [001] d..2  1332.952018: block_rq_insert: 179,0 R 0 () 3996192 + 8 [main]
            main-7664  [001] d..2  1332.952022: block_rq_insert: 179,0 R 0 () 3996264 + 8 [main]
            main-7664  [001] ...2  1332.952039: sched_switch: prev_comm=main prev_pid=7664 prev_prio=120 prev_state=D|W ==> next_comm=swapper/1 next_pid=0 next_prio=120
          <idle>-0     [000] ...2  1332.952046: sched_switch: prev_comm=swapper/0 prev_pid=0 prev_prio=120 prev_state=R ==> next_comm=mmcqd/1 next_pid=116 next_prio=120
         mmcqd/1-116   [000] ...2  1332.952125: sched_switch: prev_comm=mmcqd/1 prev_pid=116 prev_prio=120 prev_state=S ==> next_comm=swapper/0 next_pid=0 next_prio=120
          <idle>-0     [000] ...2  1332.952364: sched_switch: prev_comm=swapper/0 prev_pid=0 prev_prio=120 prev_state=R ==> next_comm=mmcqd/1 next_pid=116 next_prio=120
         mmcqd/1-116   [000] ...1  1332.952405: block_rq_complete: 179,0 RA () 3996192 + 8 [0]
         mmcqd/1-116   [000] ...2  1332.952428: sched_switch: prev_comm=mmcqd/1 prev_pid=116 prev_prio=120 prev_state=S ==> next_comm=swapper/0 next_pid=0 next_prio=120
          <idle>-0     [000] ...2  1332.952660: sched_switch: prev_comm=swapper/0 prev_pid=0 prev_prio=120 prev_state=R ==> next_comm=mmcqd/1 next_pid=116 next_prio=120
         mmcqd/1-116   [000] ...1  1332.952675: block_rq_complete: 179,0 RA () 3996264 + 8 [0]
          <idle>-0     [001] ...2  1332.952691: sched_switch: prev_comm=swapper/1 prev_pid=0 prev_prio=120 prev_state=R ==> next_comm=main next_pid=7664 next_prio=120
         mmcqd/1-116   [000] ...2  1332.952704: sched_switch: prev_comm=mmcqd/1 prev_pid=116 prev_prio=120 prev_state=R+ ==> next_comm=kworker/0:1H next_pid=17 next_prio=100
    kworker/0:1H-17    [000] ...2  1332.952715: sched_switch: prev_comm=kworker/0:1H prev_pid=17 prev_prio=100 prev_state=S ==> next_comm=mmcqd/1 next_pid=116 next_prio=120
         mmcqd/1-116   [000] ...2  1332.952734: sched_switch: prev_comm=mmcqd/1 prev_pid=116 prev_prio=120 prev_state=S ==> next_comm=swapper/0 next_pid=0 next_prio=120
            main-7664  [001] d..2  1332.955219: block_rq_insert: 179,0 R 0 () 4082472 + 16 [main]
            main-7664  [001] d..2  1332.955223: block_rq_insert: 179,0 R 0 () 4082496 + 8 [main]
            main-7664  [001] d..2  1332.955225: block_rq_insert: 179,0 R 0 () 4082512 + 8 [main]
            main-7664  [001] d..2  1332.955226: block_rq_insert: 179,0 R 0 () 4082536 + 8 [main]
            main-7664  [001] d..2  1332.955228: block_rq_insert: 179,0 R 0 () 4082552 + 48 [main]
            main-7664  [001] ...2  1332.955246: sched_switch: prev_comm=main prev_pid=7664 prev_prio=120 prev_state=D|W ==> next_comm=swapper/1 next_pid=0 next_prio=120
          <idle>-0     [000] ...2  1332.955251: sched_switch: prev_comm=swapper/0 prev_pid=0 prev_prio=120 prev_state=R ==> next_comm=mmcqd/1 next_pid=116 next_prio=120
         mmcqd/1-116   [000] ...2  1332.955332: sched_switch: prev_comm=mmcqd/1 prev_pid=116 prev_prio=120 prev_state=S ==> next_comm=swapper/0 next_pid=0 next_prio=120
          <idle>-0     [000] ...2  1332.955600: sched_switch: prev_comm=swapper/0 prev_pid=0 prev_prio=120 prev_state=R ==> next_comm=mmcqd/1 next_pid=116 next_prio=120
         mmcqd/1-116   [000] ...1  1332.955643: block_rq_complete: 179,0 RA () 4082472 + 16 [0]
          <idle>-0     [001] ...2  1332.955659: sched_switch: prev_comm=swapper/1 prev_pid=0 prev_prio=120 prev_state=R ==> next_comm=main next_pid=7664 next_prio=120
         mmcqd/1-116   [000] ...2  1332.955686: sched_switch: prev_comm=mmcqd/1 prev_pid=116 prev_prio=120 prev_state=S ==> next_comm=swapper/0 next_pid=0 next_prio=120
          <idle>-0     [000] ...2  1332.955891: sched_switch: prev_comm=swapper/0 prev_pid=0 prev_prio=120 prev_state=R ==> next_comm=mmcqd/1 next_pid=116 next_prio=120
         mmcqd/1-116   [000] ...1  1332.955931: block_rq_complete: 179,0 RA () 4082496 + 8 [0]
         mmcqd/1-116   [000] ...2  1332.955964: sched_switch: prev_comm=mmcqd/1 prev_pid=116 prev_prio=120 prev_state=S ==> next_comm=swapper/0 next_pid=0 next_prio=120
          <idle>-0     [000] ...2  1332.956221: sched_switch: prev_comm=swapper/0 prev_pid=0 prev_prio=120 prev_state=R ==> next_comm=mmcqd/1 next_pid=116 next_prio=120
         mmcqd/1-116   [000] ...1  1332.956258: block_rq_complete: 179,0 RA () 4082512 + 8 [0]
         mmcqd/1-116   [000] ...2  1332.956308: sched_switch: prev_comm=mmcqd/1 prev_pid=116 prev_prio=120 prev_state=S ==> next_comm=swapper/0 next_pid=0 next_prio=120
          <idle>-0     [000] ...2  1332.956514: sched_switch: prev_comm=swapper/0 prev_pid=0 prev_prio=120 prev_state=R ==> next_comm=mmcqd/1 next_pid=116 next_prio=120
         mmcqd/1-116   [000] ...1  1332.956552: block_rq_complete: 179,0 RA () 4082536 + 8 [0]
         mmcqd/1-116   [000] ...2  1332.956574: sched_switch: prev_comm=mmcqd/1 prev_pid=116 prev_prio=120 prev_state=S ==> next_comm=swapper/0 next_pid=0 next_prio=120
          <idle>-0     [000] ...2  1332.957028: sched_switch: prev_comm=swapper/0 prev_pid=0 prev_prio=120 prev_state=R ==> next_comm=mmcqd/1 next_pid=116 next_prio=120
         mmcqd/1-116   [000] ...1  1332.957056: block_rq_complete: 179,0 RA () 4082552 + 48 [0]
         mmcqd/1-116   [000] ...2  1332.957080: sched_switch: prev_comm=mmcqd/1 prev_pid=116 prev_prio=120 prev_state=R+ ==> next_comm=kworker/0:1H next_pid=17 next_prio=100
    kworker/0:1H-17    [000] ...2  1332.957092: sched_switch: prev_comm=kworker/0:1H prev_pid=17 prev_prio=100 prev_state=S ==> next_comm=mmcqd/1 next_pid=116 next_prio=120
         mmcqd/1-116   [000] ...2  1332.957110: sched_switch: prev_comm=mmcqd/1 prev_pid=116 prev_prio=120 prev_state=S ==> next_comm=swapper/0 next_pid=0 next_prio=120
            main-7664  [001] d..2  1332.965935: block_rq_insert: 179,0 R 0 () 802944 + 32 [main]
            main-7664  [001] ...2  1332.965954: sched_switch: prev_comm=main prev_pid=7664 prev_prio=120 prev_state=D|W ==> next_comm=swapper/1 next_pid=0 next_prio=120
          <idle>-0     [000] ...2  1332.965961: sched_switch: prev_comm=swapper/0 prev_pid=0 prev_prio=120 prev_state=R ==> next_comm=mmcqd/1 next_pid=116 next_prio=120
          <idle>-0     [001] ...2  1332.965975: sched_switch: prev_comm=swapper/1 prev_pid=0 prev_prio=120 prev_state=R ==> next_comm=ksoftirqd/1 next_pid=7663 next_prio=120
     ksoftirqd/1-7663  [001] ...2  1332.965985: sched_switch: prev_comm=ksoftirqd/1 prev_pid=7663 prev_prio=120 prev_state=S ==> next_comm=swapper/1 next_pid=0 next_prio=120
          <idle>-0     [001] ...2  1332.966000: sched_switch: prev_comm=swapper/1 prev_pid=0 prev_prio=120 prev_state=R ==> next_comm=ksoftirqd/1 next_pid=7663 next_prio=120
     ksoftirqd/1-7663  [001] ...2  1332.966007: sched_switch: prev_comm=ksoftirqd/1 prev_pid=7663 prev_prio=120 prev_state=S ==> next_comm=swapper/1 next_pid=0 next_prio=120
          <idle>-0     [001] ...2  1332.966020: sched_switch: prev_comm=swapper/1 prev_pid=0 prev_prio=120 prev_state=R ==> next_comm=ksoftirqd/1 next_pid=7663 next_prio=120
     ksoftirqd/1-7663  [001] ...2  1332.966025: sched_switch: prev_comm=ksoftirqd/1 prev_pid=7663 prev_prio=120 prev_state=S ==> next_comm=swapper/1 next_pid=0 next_prio=120
         mmcqd/1-116   [000] ...2  1332.966033: sched_switch: prev_comm=mmcqd/1 prev_pid=116 prev_prio=120 prev_state=S ==> next_comm=swapper/0 next_pid=0 next_prio=120
          <idle>-0     [000] ...2  1332.966511: sched_switch: prev_comm=swapper/0 prev_pid=0 prev_prio=120 prev_state=R ==> next_comm=mmcqd/1 next_pid=116 next_prio=120
         mmcqd/1-116   [000] ...1  1332.966535: block_rq_complete: 179,0 RA () 802944 + 32 [0]
          <idle>-0     [001] ...2  1332.966554: sched_switch: prev_comm=swapper/1 prev_pid=0 prev_prio=120 prev_state=R ==> next_comm=main next_pid=7664 next_prio=120
         mmcqd/1-116   [000] ...2  1332.966566: sched_switch: prev_comm=mmcqd/1 prev_pid=116 prev_prio=120 prev_state=R+ ==> next_comm=kworker/0:1H next_pid=17 next_prio=100
    kworker/0:1H-17    [000] ...2  1332.966579: sched_switch: prev_comm=kworker/0:1H prev_pid=17 prev_prio=100 prev_state=S ==> next_comm=mmcqd/1 next_pid=116 next_prio=120
            main-7664  [001] d..2  1332.966589: block_rq_insert: 179,0 R 0 () 802976 + 16 [main]
            main-7664  [001] ...2  1332.966624: sched_switch: prev_comm=main prev_pid=7664 prev_prio=120 prev_state=D|W ==> next_comm=swapper/1 next_pid=0 next_prio=120
         mmcqd/1-116   [000] ...2  1332.966657: sched_switch: prev_comm=mmcqd/1 prev_pid=116 prev_prio=120 prev_state=S ==> next_comm=swapper/0 next_pid=0 next_prio=120
          <idle>-0     [000] ...2  1332.966934: sched_switch: prev_comm=swapper/0 prev_pid=0 prev_prio=120 prev_state=R ==> next_comm=mmcqd/1 next_pid=116 next_prio=120
         mmcqd/1-116   [000] ...1  1332.966952: block_rq_complete: 179,0 RA () 802976 + 16 [0]
          <idle>-0     [001] ...2  1332.966968: sched_switch: prev_comm=swapper/1 prev_pid=0 prev_prio=120 prev_state=R ==> next_comm=main next_pid=7664 next_prio=120
         mmcqd/1-116   [000] ...2  1332.966982: sched_switch: prev_comm=mmcqd/1 prev_pid=116 prev_prio=120 prev_state=R+ ==> next_comm=kworker/0:1H next_pid=17 next_prio=100
    kworker/0:1H-17    [000] ...2  1332.966994: sched_switch: prev_comm=kworker/0:1H prev_pid=17 prev_prio=100 prev_state=S ==> next_comm=mmcqd/1 next_pid=116 next_prio=120
         mmcqd/1-116   [000] ...2  1332.967011: sched_switch: prev_comm=mmcqd/1 prev_pid=116 prev_prio=120 prev_state=S ==> next_comm=swapper/0 next_pid=0 next_prio=120
            main-7664  [001] d..2  1332.967259: block_rq_insert: 179,0 R 0 () 3984384 + 256 [main]
            main-7664  [001] ...2  1332.967272: sched_switch: prev_comm=main prev_pid=7664 prev_prio=120 prev_state=D|W ==> next_comm=swapper/1 next_pid=0 next_prio=120
          <idle>-0     [000] ...2  1332.967281: sched_switch: prev_comm=swapper/0 prev_pid=0 prev_prio=120 prev_state=R ==> next_comm=mmcqd/1 next_pid=116 next_prio=120
         mmcqd/1-116   [000] ...2  1332.967450: sched_switch: prev_comm=mmcqd/1 prev_pid=116 prev_prio=120 prev_state=S ==> next_comm=swapper/0 next_pid=0 next_prio=120
          <idle>-0     [000] ...2  1332.968868: sched_switch: prev_comm=swapper/0 prev_pid=0 prev_prio=120 prev_state=R ==> next_comm=mmcqd/1 next_pid=116 next_prio=120
          <idle>-0     [001] ...2  1332.968908: sched_switch: prev_comm=swapper/1 prev_pid=0 prev_prio=120 prev_state=R ==> next_comm=ksoftirqd/1 next_pid=7663 next_prio=120
         mmcqd/1-116   [000] ...2  1332.968918: sched_switch: prev_comm=mmcqd/1 prev_pid=116 prev_prio=120 prev_state=R+ ==> next_comm=kworker/0:1H next_pid=17 next_prio=100
     ksoftirqd/1-7663  [001] ...2  1332.968922: sched_switch: prev_comm=ksoftirqd/1 prev_pid=7663 prev_prio=120 prev_state=S ==> next_comm=swapper/1 next_pid=0 next_prio=120
          <idle>-0     [001] ...2  1332.968935: sched_switch: prev_comm=swapper/1 prev_pid=0 prev_prio=120 prev_state=R ==> next_comm=ksoftirqd/1 next_pid=7663 next_prio=120
    kworker/0:1H-17    [000] ...2  1332.968948: sched_switch: prev_comm=kworker/0:1H prev_pid=17 prev_prio=100 prev_state=D ==> next_comm=kworker/0:0H next_pid=4413 next_prio=100
     ksoftirqd/1-7663  [001] ...2  1332.968950: sched_switch: prev_comm=ksoftirqd/1 prev_pid=7663 prev_prio=120 prev_state=S ==> next_comm=swapper/1 next_pid=0 next_prio=120
          <idle>-0     [001] ...2  1332.968962: sched_switch: prev_comm=swapper/1 prev_pid=0 prev_prio=120 prev_state=R ==> next_comm=ksoftirqd/1 next_pid=7663 next_prio=120
     ksoftirqd/1-7663  [001] ...2  1332.968971: sched_switch: prev_comm=ksoftirqd/1 prev_pid=7663 prev_prio=120 prev_state=S ==> next_comm=swapper/1 next_pid=0 next_prio=120
    kworker/0:0H-4413  [000] ...2  1332.968981: sched_switch: prev_comm=kworker/0:0H prev_pid=4413 prev_prio=100 prev_state=S ==> next_comm=kworker/0:1H next_pid=17 next_prio=100
    kworker/0:1H-17    [000] ...2  1332.968994: sched_switch: prev_comm=kworker/0:1H prev_pid=17 prev_prio=100 prev_state=S ==> next_comm=mmcqd/1 next_pid=116 next_prio=120
         mmcqd/1-116   [000] ...1  1332.969090: block_rq_complete: 179,0 RA () 3984384 + 256 [0]
          <idle>-0     [001] ...2  1332.969120: sched_switch: prev_comm=swapper/1 prev_pid=0 prev_prio=120 prev_state=R ==> next_comm=main next_pid=7664 next_prio=120
