         mmcqd/1-116   [000] ...2  1357.950294: sched_switch: prev_comm=mmcqd/1 prev_pid=116 prev_prio=120 prev_state=R+ ==> next_comm=kworker/0:1H next_pid=17 next_prio=100
    kworker/0:1H-17    [000] ...2  1357.950302: sched_switch: prev_comm=kworker/0:1H prev_pid=17 prev_prio=100 prev_state=S ==> next_comm=mmcqd/1 next_pid=116 next_prio=120
         mmcqd/1-116   [000] ...2  1357.950312: sched_switch: prev_comm=mmcqd/1 prev_pid=116 prev_prio=120 prev_state=S ==> next_comm=main next_pid=7794 next_prio=120
            main-7794  [000] d..2  1357.951994: block_rq_insert: 179,0 R 0 () 4009736 + 8 [main]
            main-7794  [000] d..2  1357.951998: block_rq_insert: 179,0 R 0 () 4009824 + 8 [main]
            main-7794  [000] ...2  1357.952010: sched_switch: prev_comm=main prev_pid=7794 prev_prio=120 prev_state=R+ ==> next_comm=mmcqd/1 next_pid=116 next_prio=120
         mmcqd/1-116   [000] ...2  1357.952063: sched_switch: prev_comm=mmcqd/1 prev_pid=116 prev_prio=120 prev_state=S ==> next_comm=main next_pid=7794 next_prio=120
            main-7794  [000] ...2  1357.952071: sched_switch: prev_comm=main prev_pid=7794 prev_prio=120 prev_state=D|W ==> next_comm=swapper/0 next_pid=0 next_prio=120
          <idle>-0     [000] ...2  1357.952305: sched_switch: prev_comm=swapper/0 prev_pid=0 prev_prio=120 prev_state=R ==> next_comm=mmcqd/1 next_pid=116 next_prio=120
         mmcqd/1-116   [000] ...1  1357.952332: block_rq_complete: 179,0 RA () 4009824 + 8 [0]
         mmcqd/1-116   [000] ...2  1357.952346: sched_switch: prev_comm=mmcqd/1 prev_pid=116 prev_prio=120 prev_state=S ==> next_comm=swapper/0 next_pid=0 next_prio=120
          <idle>-0     [000] ...2  1357.952575: sched_switch: prev_comm=swapper/0 prev_pid=0 prev_prio=120 prev_state=R ==> next_comm=mmcqd/1 next_pid=116 next_prio=120
         mmcqd/1-116   [000] ...1  1357.952585: block_rq_complete: 179,0 RA () 4009736 + 8 [0]
         mmcqd/1-116   [000] ...2  1357.952602: sched_switch: prev_comm=mmcqd/1 prev_pid=116 prev_prio=120 prev_state=R+ ==> next_comm=kworker/0:1H next_pid=17 next_prio=100
    kworker/0:1H-17    [000] ...2  1357.952609: sched_switch: prev_comm=kworker/0:1H prev_pid=17 prev_prio=100 prev_state=S ==> next_comm=mmcqd/1 next_pid=116 next_prio=120
         mmcqd/1-116   [000] ...2  1357.952619: sched_switch: prev_comm=mmcqd/1 prev_pid=116 prev_prio=120 prev_state=S ==> next_comm=main next_pid=7794 next_prio=120
            main-7794  [000] d..2  1357.953577: block_rq_insert: 179,0 R 0 () 4008664 + 16 [main]
            main-7794  [000] d..2  1357.953580: block_rq_insert: 179,0 R 0 () 4008712 + 8 [main]
            main-7794  [000] ...2  1357.953591: sched_switch: prev_comm=main prev_pid=7794 prev_prio=120 prev_state=R+ ==> next_comm=mmcqd/1 next_pid=116 next_prio=120
         mmcqd/1-116   [000] ...2  1357.953643: sched_switch: prev_comm=mmcqd/1 prev_pid=116 prev_prio=120 prev_state=S ==> next_comm=main next_pid=7794 next_prio=120
            main-7794  [000] ...2  1357.953652: sched_switch: prev_comm=main prev_pid=7794 prev_prio=120 prev_state=D|W ==> next_comm=swapper/0 next_pid=0 next_prio=120
          <idle>-0     [000] ...2  1357.953868: sched_switch: prev_comm=swapper/0 prev_pid=0 prev_prio=120 prev_state=R ==> next_comm=mmcqd/1 next_pid=116 next_prio=120
         mmcqd/1-116   [000] ...1  1357.953897: block_rq_complete: 179,0 RA () 4008712 + 8 [0]
         mmcqd/1-116   [000] ...2  1357.953911: sched_switch: prev_comm=mmcqd/1 prev_pid=116 prev_prio=120 prev_state=S ==> next_comm=swapper/0 next_pid=0 next_prio=120
          <idle>-0     [000] ...2  1357.954206: sched_switch: prev_comm=swapper/0 prev_pid=0 prev_prio=120 prev_state=R ==> next_comm=mmcqd/1 next_pid=116 next_prio=120
         mmcqd/1-116   [000] ...1  1357.954218: block_rq_complete: 179,0 RA () 4008664 + 16 [0]
         mmcqd/1-116   [000] ...2  1357.954235: sched_switch: prev_comm=mmcqd/1 prev_pid=116 prev_prio=120 prev_state=R+ ==> next_comm=kworker/0:1H next_pid=17 next_prio=100
    kworker/0:1H-17    [000] ...2  1357.954242: sched_switch: prev_comm=kworker/0:1H prev_pid=17 prev_prio=100 prev_state=S ==> next_comm=mmcqd/1 next_pid=116 next_prio=120
         mmcqd/1-116   [000] ...2  1357.954252: sched_switch: prev_comm=mmcqd/1 prev_pid=116 prev_prio=120 prev_state=S ==> next_comm=main next_pid=7794 next_prio=120
          <idle>-0     [001] ...2  1357.957506: sched_switch: prev_comm=swapper/1 prev_pid=0 prev_prio=120 prev_state=R ==> next_comm=main next_pid=7805 next_prio=120
            main-7794  [000] ...2  1357.957538: sched_switch: prev_comm=main prev_pid=7794 prev_prio=120 prev_state=D ==> next_comm=swapper/0 next_pid=0 next_prio=120
          <idle>-0     [000] ...2  1357.957555: sched_switch: prev_comm=swapper/0 prev_pid=0 prev_prio=120 prev_state=R ==> next_comm=ksoftirqd/0 next_pid=3 next_prio=120
     ksoftirqd/0-3     [000] ...2  1357.957566: sched_switch: prev_comm=ksoftirqd/0 prev_pid=3 prev_prio=120 prev_state=S ==> next_comm=swapper/0 next_pid=0 next_prio=120
          <idle>-0     [000] ...2  1357.957582: sched_switch: prev_comm=swapper/0 prev_pid=0 prev_prio=120 prev_state=R ==> next_comm=ksoftirqd/0 next_pid=3 next_prio=120
     ksoftirqd/0-3     [000] ...2  1357.957588: sched_switch: prev_comm=ksoftirqd/0 prev_pid=3 prev_prio=120 prev_state=S ==> next_comm=main next_pid=7794 next_prio=120
            main-7794  [000] d..2  1357.957802: block_rq_insert: 179,0 R 0 () 4008840 + 8 [main]
            main-7794  [000] d..2  1357.957806: block_rq_insert: 179,0 R 0 () 4008920 + 48 [main]
            main-7794  [000] ...2  1357.957818: sched_switch: prev_comm=main prev_pid=7794 prev_prio=120 prev_state=R+ ==> next_comm=mmcqd/1 next_pid=116 next_prio=120
         mmcqd/1-116   [000] ...2  1357.957888: sched_switch: prev_comm=mmcqd/1 prev_pid=116 prev_prio=120 prev_state=S ==> next_comm=main next_pid=7794 next_prio=120
            main-7794  [000] ...2  1357.957893: sched_switch: prev_comm=main prev_pid=7794 prev_prio=120 prev_state=D|W ==> next_comm=swapper/0 next_pid=0 next_prio=120
          <idle>-0     [000] ...2  1357.957909: sched_switch: prev_comm=swapper/0 prev_pid=0 prev_prio=120 prev_state=R ==> next_comm=ksoftirqd/0 next_pid=3 next_prio=120
     ksoftirqd/0-3     [000] ...2  1357.957915: sched_switch: prev_comm=ksoftirqd/0 prev_pid=3 prev_prio=120 prev_state=S ==> next_comm=swapper/0 next_pid=0 next_prio=120
          <idle>-0     [000] ...2  1357.958101: sched_switch: prev_comm=swapper/0 prev_pid=0 prev_prio=120 prev_state=R ==> next_comm=mmcqd/1 next_pid=116 next_prio=120
         mmcqd/1-116   [000] ...1  1357.958127: block_rq_complete: 179,0 RA () 4008840 + 8 [0]
         mmcqd/1-116   [000] ...2  1357.958145: sched_switch: prev_comm=mmcqd/1 prev_pid=116 prev_prio=120 prev_state=S ==> next_comm=main next_pid=7794 next_prio=120
            main-7794  [000] ...2  1357.958162: sched_switch: prev_comm=main prev_pid=7794 prev_prio=120 prev_state=D ==> next_comm=swapper/0 next_pid=0 next_prio=120
          <idle>-0     [000] ...2  1357.958169: sched_switch: prev_comm=swapper/0 prev_pid=0 prev_prio=120 prev_state=R ==> next_comm=main next_pid=7794 next_prio=120
            main-7794  [000] d..2  1357.958334: block_rq_insert: 179,0 R 0 () 4123736 + 8 [main]
            main-7794  [000] d..2  1357.958337: block_rq_insert: 179,0 R 0 () 4123816 + 32 [main]
            main-7794  [000] ...2  1357.958347: sched_switch: prev_comm=main prev_pid=7794 prev_prio=120 prev_state=R+ ==> next_comm=mmcqd/1 next_pid=116 next_prio=120
         mmcqd/1-116   [000] ...2  1357.958363: sched_switch: prev_comm=mmcqd/1 prev_pid=116 prev_prio=120 prev_state=S ==> next_comm=main next_pid=7794 next_prio=120
            main-7794  [000] ...2  1357.958368: sched_switch: prev_comm=main prev_pid=7794 prev_prio=120 prev_state=D|W ==> next_comm=swapper/0 next_pid=0 next_prio=120
          <idle>-0     [000] ...2  1357.958565: sched_switch: prev_comm=swapper/0 prev_pid=0 prev_prio=120 prev_state=R ==> next_comm=Binder_1 next_pid=7806 next_prio=120
        Binder_1-7805  [001] ...2  1357.958590: sched_switch: prev_comm=Binder_1 prev_pid=7805 prev_prio=120 prev_state=S ==> next_comm=swapper/1 next_pid=0 next_prio=120
          <idle>-0     [001] ...2  1357.958616: sched_switch: prev_comm=swapper/1 prev_pid=0 prev_prio=120 prev_state=R ==> next_comm=ksoftirqd/1 next_pid=7790 next_prio=120
     ksoftirqd/1-7790  [001] ...2  1357.958643: sched_switch: prev_comm=ksoftirqd/1 prev_pid=7790 prev_prio=120 prev_state=S ==> next_comm=swapper/1 next_pid=0 next_prio=120
          <idle>-0     [001] ...2  1357.958669: sched_switch: prev_comm=swapper/1 prev_pid=0 prev_prio=120 prev_state=R ==> next_comm=ksoftirqd/1 next_pid=7790 next_prio=120
     ksoftirqd/1-7790  [001] ...2  1357.958680: sched_switch: prev_comm=ksoftirqd/1 prev_pid=7790 prev_prio=120 prev_state=S ==> next_comm=swapper/1 next_pid=0 next_prio=120
        Binder_2-7806  [000] ...2  1357.958682: sched_switch: prev_comm=Binder_2 prev_pid=7806 prev_prio=120 prev_state=R+ ==> next_comm=mmcqd/1 next_pid=116 next_prio=120
          <idle>-0     [001] ...2  1357.958702: sched_switch: prev_comm=swapper/1 prev_pid=0 prev_prio=120 prev_state=R ==> next_comm=ksoftirqd/1 next_pid=7790 next_prio=120
     ksoftirqd/1-7790  [001] ...2  1357.958713: sched_switch: prev_comm=ksoftirqd/1 prev_pid=7790 prev_prio=120 prev_state=S ==> next_comm=swapper/1 next_pid=0 next_prio=120
         mmcqd/1-116   [000] ...1  1357.958715: block_rq_complete: 179,0 RA () 4008920 + 48 [0]
         mmcqd/1-116   [000] ...2  1357.958743: sched_switch: prev_comm=mmcqd/1 prev_pid=116 prev_prio=120 prev_state=S ==> next_comm=Binder_2 next_pid=7806 next_prio=120
          <idle>-0     [001] ...2  1357.958914: sched_switch: prev_comm=swapper/1 prev_pid=0 prev_prio=120 prev_state=R ==> next_comm=kworker/u:0 next_pid=3362 next_prio=120
     kworker/u:0-3362  [001] ...2  1357.958940: sched_switch: prev_comm=kworker/u:0 prev_pid=3362 prev_prio=120 prev_state=S ==> next_comm=swapper/1 next_pid=0 next_prio=120
        Binder_2-7806  [000] ...2  1357.958949: sched_switch: prev_comm=Binder_2 prev_pid=7806 prev_prio=120 prev_state=R+ ==> next_comm=mpdecision next_pid=1527 next_prio=113
          <idle>-0     [001] ...2  1357.958961: sched_switch: prev_comm=swapper/1 prev_pid=0 prev_prio=120 prev_state=R ==> next_comm=ksoftirqd/1 next_pid=7790 next_prio=120
     ksoftirqd/1-7790  [001] ...2  1357.958971: sched_switch: prev_comm=ksoftirqd/1 prev_pid=7790 prev_prio=120 prev_state=S ==> next_comm=swapper/1 next_pid=0 next_prio=120
          <idle>-0     [001] ...2  1357.958991: sched_switch: prev_comm=swapper/1 prev_pid=0 prev_prio=120 prev_state=R ==> next_comm=ksoftirqd/1 next_pid=7790 next_prio=120
     ksoftirqd/1-7790  [001] ...2  1357.959001: sched_switch: prev_comm=ksoftirqd/1 prev_pid=7790 prev_prio=120 prev_state=S ==> next_comm=swapper/1 next_pid=0 next_prio=120
          <idle>-0     [001] ...2  1357.959020: sched_switch: prev_comm=swapper/1 prev_pid=0 prev_prio=120 prev_state=R ==> next_comm=ksoftirqd/1 next_pid=7790 next_prio=120
     ksoftirqd/1-7790  [001] ...2  1357.959030: sched_switch: prev_comm=ksoftirqd/1 prev_pid=7790 prev_prio=120 prev_state=S ==> next_comm=swapper/1 next_pid=0 next_prio=120
      mpdecision-1527  [000] ...2  1357.959187: sched_switch: prev_comm=mpdecision prev_pid=1527 prev_prio=113 prev_state=S ==> next_comm=mmcqd/1 next_pid=116 next_prio=120
         mmcqd/1-116   [000] ...1  1357.959216: block_rq_complete: 179,0 RA () 4123736 + 8 [0]
         mmcqd/1-116   [000] ...2  1357.959229: sched_switch: prev_comm=mmcqd/1 prev_pid=116 prev_prio=120 prev_state=S ==> next_comm=Binder_2 next_pid=7806 next_prio=120
        Binder_2-7806  [000] ...2  1357.959457: sched_switch: prev_comm=Binder_2 prev_pid=7806 prev_prio=120 prev_state=S ==> next_comm=swapper/0 next_pid=0 next_prio=120
          <idle>-0     [000] ...2  1357.959474: sched_switch: prev_comm=swapper/0 prev_pid=0 prev_prio=120 prev_state=R ==> next_comm=ksoftirqd/0 next_pid=3 next_prio=120
     ksoftirqd/0-3     [000] ...2  1357.959481: sched_switch: prev_comm=ksoftirqd/0 prev_pid=3 prev_prio=120 prev_state=S ==> next_comm=swapper/0 next_pid=0 next_prio=120
          <idle>-0     [000] ...2  1357.959496: sched_switch: prev_comm=swapper/0 prev_pid=0 prev_prio=120 prev_state=R ==> next_comm=ksoftirqd/0 next_pid=3 next_prio=120
     ksoftirqd/0-3     [000] ...2  1357.959503: sched_switch: prev_comm=ksoftirqd/0 prev_pid=3 prev_prio=120 prev_state=S ==> next_comm=swapper/0 next_pid=0 next_prio=120
          <idle>-0     [000] ...2  1357.959515: sched_switch: prev_comm=swapper/0 prev_pid=0 prev_prio=120 prev_state=R ==> next_comm=ksoftirqd/0 next_pid=3 next_prio=120
     ksoftirqd/0-3     [000] ...2  1357.959527: sched_switch: prev_comm=ksoftirqd/0 prev_pid=3 prev_prio=120 prev_state=S ==> next_comm=swapper/0 next_pid=0 next_prio=120
          <idle>-0     [000] ...2  1357.959595: sched_switch: prev_comm=swapper/0 prev_pid=0 prev_prio=120 prev_state=R ==> next_comm=mmcqd/1 next_pid=116 next_prio=120
         mmcqd/1-116   [000] ...1  1357.959610: block_rq_complete: 179,0 RA () 4123816 + 32 [0]
         mmcqd/1-116   [000] ...2  1357.959629: sched_switch: prev_comm=mmcqd/1 prev_pid=116 prev_prio=120 prev_state=R+ ==> next_comm=kworker/0:1H next_pid=17 next_prio=100
    kworker/0:1H-17    [000] ...2  1357.959637: sched_switch: prev_comm=kworker/0:1H prev_pid=17 prev_prio=100 prev_state=S ==> next_comm=main next_pid=7794 next_prio=120
            main-7794  [000] d..2  1357.959690: block_rq_insert: 179,0 R 0 () 4084528 + 24 [main]
            main-7794  [000] ...2  1357.959699: sched_switch: prev_comm=main prev_pid=7794 prev_prio=120 prev_state=D|W ==> next_comm=mmcqd/1 next_pid=116 next_prio=120
         mmcqd/1-116   [000] ...2  1357.959745: sched_switch: prev_comm=mmcqd/1 prev_pid=116 prev_prio=120 prev_state=S ==> next_comm=swapper/0 next_pid=0 next_prio=120
          <idle>-0     [000] ...2  1357.960109: sched_switch: prev_comm=swapper/0 prev_pid=0 prev_prio=120 prev_state=R ==> next_comm=mmcqd/1 next_pid=116 next_prio=120
         mmcqd/1-116   [000] ...1  1357.960123: block_rq_complete: 179,0 RA () 4084528 + 24 [0]
         mmcqd/1-116   [000] ...2  1357.960140: sched_switch: prev_comm=mmcqd/1 prev_pid=116 prev_prio=120 prev_state=R+ ==> next_comm=kworker/0:1H next_pid=17 next_prio=100
    kworker/0:1H-17    [000] ...2  1357.960147: sched_switch: prev_comm=kworker/0:1H prev_pid=17 prev_prio=100 prev_state=S ==> next_comm=main next_pid=7794 next_prio=120
            main-7794  [000] ...2  1357.960208: sched_switch: prev_comm=main prev_pid=7794 prev_prio=120 prev_state=S ==> next_comm=servicemanager next_pid=168 next_prio=120
           <...>-168   [000] ...2  1357.960238: sched_switch: prev_comm=servicemanager prev_pid=168 prev_prio=120 prev_state=S ==> next_comm=mmcqd/1 next_pid=116 next_prio=120
         mmcqd/1-116   [000] ...2  1357.960247: sched_switch: prev_comm=mmcqd/1 prev_pid=116 prev_prio=120 prev_state=S ==> next_comm=main next_pid=7794 next_prio=120
            main-7794  [000] ...2  1357.960408: sched_switch: prev_comm=main prev_pid=7794 prev_prio=120 prev_state=S ==> next_comm=servicemanager next_pid=168 next_prio=120
           <...>-168   [000] ...2  1357.960520: sched_switch: prev_comm=servicemanager prev_pid=168 prev_prio=120 prev_state=S ==> next_comm=main next_pid=7794 next_prio=120
            main-7794  [000] d..2  1357.960682: block_rq_insert: 179,0 R 0 () 4078736 + 8 [main]
            main-7794  [000] d..2  1357.960685: block_rq_insert: 179,0 R 0 () 4078752 + 8 [main]
            main-7794  [000] d..2  1357.960687: block_rq_insert: 179,0 R 0 () 4078784 + 8 [main]
            main-7794  [000] d..2  1357.960691: block_rq_insert: 179,0 R 0 () 4078824 + 8 [main]
            main-7794  [000] d..2  1357.960692: block_rq_insert: 179,0 R 0 () 4078840 + 24 [main]
            main-7794  [000] d..2  1357.960694: block_rq_insert: 179,0 R 0 () 4078888 + 32 [main]
            main-7794  [000] d..2  1357.960696: block_rq_insert: 179,0 R 0 () 4078952 + 16 [main]
            main-7794  [000] d..2  1357.960698: block_rq_insert: 179,0 R 0 () 4078976 + 8 [main]
            main-7794  [000] d..2  1357.961391: block_rq_insert: 179,0 R 0 () 4052264 + 8 [main]
            main-7794  [000] d..2  1357.961394: block_rq_insert: 179,0 R 0 () 4052304 + 8 [main]
            main-7794  [000] d..2  1357.961396: block_rq_insert: 179,0 R 0 () 4052400 + 32 [main]
            main-7794  [000] ...2  1357.961404: sched_switch: prev_comm=main prev_pid=7794 prev_prio=120 prev_state=D|W ==> next_comm=kworker/0:2 next_pid=5912 next_prio=120
     kworker/0:2-5912  [000] ...2  1357.961420: sched_switch: prev_comm=kworker/0:2 prev_pid=5912 prev_prio=120 prev_state=S ==> next_comm=mmcqd/1 next_pid=116 next_prio=120
          <idle>-0     [001] ...2  1357.961430: sched_switch: prev_comm=swapper/1 prev_pid=0 prev_prio=120 prev_state=R ==> next_comm=adbd next_pid=778 next_prio=120
         mmcqd/1-116   [000] ...2  1357.961469: sched_switch: prev_comm=mmcqd/1 prev_pid=116 prev_prio=120 prev_state=S ==> next_comm=swapper/0 next_pid=0 next_prio=120
          <idle>-0     [000] ...2  1357.961484: sched_switch: prev_comm=swapper/0 prev_pid=0 prev_prio=120 prev_state=R ==> next_comm=ksoftirqd/0 next_pid=3 next_prio=120
     ksoftirqd/0-3     [000] ...2  1357.961491: sched_switch: prev_comm=ksoftirqd/0 prev_pid=3 prev_prio=120 prev_state=S ==> next_comm=swapper/0 next_pid=0 next_prio=120
          <idle>-0     [000] ...2  1357.961504: sched_switch: prev_comm=swapper/0 prev_pid=0 prev_prio=120 prev_state=R ==> next_comm=ksoftirqd/0 next_pid=3 next_prio=120
     ksoftirqd/0-3     [000] ...2  1357.961510: sched_switch: prev_comm=ksoftirqd/0 prev_pid=3 prev_prio=120 prev_state=S ==> next_comm=swapper/0 next_pid=0 next_prio=120
          <idle>-0     [000] ...2  1357.961523: sched_switch: prev_comm=swapper/0 prev_pid=0 prev_prio=120 prev_state=R ==> next_comm=ksoftirqd/0 next_pid=3 next_prio=120
     ksoftirqd/0-3     [000] ...2  1357.961529: sched_switch: prev_comm=ksoftirqd/0 prev_pid=3 prev_prio=120 prev_state=S ==> next_comm=swapper/0 next_pid=0 next_prio=120
           <...>-778   [001] ...2  1357.961615: sched_switch: prev_comm=adbd prev_pid=778 prev_prio=120 prev_state=S ==> next_comm=adbd next_pid=780 next_prio=120
          <idle>-0     [000] ...2  1357.961683: sched_switch: prev_comm=swapper/0 prev_pid=0 prev_prio=120 prev_state=R ==> next_comm=mmcqd/1 next_pid=116 next_prio=120
            adbd-780   [001] ...2  1357.961701: sched_switch: prev_comm=adbd prev_pid=780 prev_prio=120 prev_state=S ==> next_comm=swapper/1 next_pid=0 next_prio=120
         mmcqd/1-116   [000] ...1  1357.961708: block_rq_complete: 179,0 RA () 4078976 + 8 [0]
         mmcqd/1-116   [000] ...2  1357.961736: sched_switch: prev_comm=mmcqd/1 prev_pid=116 prev_prio=120 prev_state=S ==> next_comm=swapper/0 next_pid=0 next_prio=120
          <idle>-0     [000] ...2  1357.962012: sched_switch: prev_comm=swapper/0 prev_pid=0 prev_prio=120 prev_state=R ==> next_comm=mmcqd/1 next_pid=116 next_prio=120
         mmcqd/1-116   [000] ...1  1357.962039: block_rq_complete: 179,0 RA () 4078952 + 16 [0]
         mmcqd/1-116   [000] ...2  1357.962063: sched_switch: prev_comm=mmcqd/1 prev_pid=116 prev_prio=120 prev_state=S ==> next_comm=swapper/0 next_pid=0 next_prio=120
          <idle>-0     [000] ...2  1357.962194: sched_switch: prev_comm=swapper/0 prev_pid=0 prev_prio=120 prev_state=R ==> next_comm=adbd next_pid=781 next_prio=120
            adbd-781   [000] ...2  1357.962234: sched_switch: prev_comm=adbd prev_pid=781 prev_prio=120 prev_state=S ==> next_comm=adbd next_pid=778 next_prio=120
           <...>-778   [000] ...2  1357.962310: sched_switch: prev_comm=adbd prev_pid=778 prev_prio=120 prev_state=S ==> next_comm=adbd next_pid=780 next_prio=120
            adbd-780   [000] ...2  1357.962315: sched_switch: prev_comm=adbd prev_pid=780 prev_prio=120 prev_state=S ==> next_comm=swapper/0 next_pid=0 next_prio=120
          <idle>-0     [000] ...2  1357.962445: sched_switch: prev_comm=swapper/0 prev_pid=0 prev_prio=120 prev_state=R ==> next_comm=mmcqd/1 next_pid=116 next_prio=120
         mmcqd/1-116   [000] ...1  1357.962476: block_rq_complete: 179,0 RA () 4078888 + 32 [0]
         mmcqd/1-116   [000] ...2  1357.962497: sched_switch: prev_comm=mmcqd/1 prev_pid=116 prev_prio=120 prev_state=S ==> next_comm=swapper/0 next_pid=0 next_prio=120
          <idle>-0     [000] ...2  1357.962953: sched_switch: prev_comm=swapper/0 prev_pid=0 prev_prio=120 prev_state=R ==> next_comm=mmcqd/1 next_pid=116 next_prio=120
         mmcqd/1-116   [000] ...1  1357.962981: block_rq_complete: 179,0 RA () 4078840 + 24 [0]
         mmcqd/1-116   [000] ...2  1357.963002: sched_switch: prev_comm=mmcqd/1 prev_pid=116 prev_prio=120 prev_state=S ==> next_comm=swapper/0 next_pid=0 next_prio=120
          <idle>-0     [000] ...2  1357.963230: sched_switch: prev_comm=swapper/0 prev_pid=0 prev_prio=120 prev_state=R ==> next_comm=mmcqd/1 next_pid=116 next_prio=120
         mmcqd/1-116   [000] ...1  1357.963256: block_rq_complete: 179,0 RA () 4078824 + 8 [0]
         mmcqd/1-116   [000] ...2  1357.963274: sched_switch: prev_comm=mmcqd/1 prev_pid=116 prev_prio=120 prev_state=S ==> next_comm=swapper/0 next_pid=0 next_prio=120
          <idle>-0     [000] ...2  1357.963511: sched_switch: prev_comm=swapper/0 prev_pid=0 prev_prio=120 prev_state=R ==> next_comm=mmcqd/1 next_pid=116 next_prio=120
         mmcqd/1-116   [000] ...1  1357.963536: block_rq_complete: 179,0 RA () 4078784 + 8 [0]
         mmcqd/1-116   [000] ...2  1357.963554: sched_switch: prev_comm=mmcqd/1 prev_pid=116 prev_prio=120 prev_state=S ==> next_comm=swapper/0 next_pid=0 next_prio=120
          <idle>-0     [000] ...2  1357.963783: sched_switch: prev_comm=swapper/0 prev_pid=0 prev_prio=120 prev_state=R ==> next_comm=mmcqd/1 next_pid=116 next_prio=120
         mmcqd/1-116   [000] ...1  1357.963808: block_rq_complete: 179,0 RA () 4078752 + 8 [0]
         mmcqd/1-116   [000] ...2  1357.963833: sched_switch: prev_comm=mmcqd/1 prev_pid=116 prev_prio=120 prev_state=S ==> next_comm=swapper/0 next_pid=0 next_prio=120
          <idle>-0     [000] ...2  1357.964051: sched_switch: prev_comm=swapper/0 prev_pid=0 prev_prio=120 prev_state=R ==> next_comm=mmcqd/1 next_pid=116 next_prio=120
         mmcqd/1-116   [000] ...1  1357.964076: block_rq_complete: 179,0 RA () 4078736 + 8 [0]
         mmcqd/1-116   [000] ...2  1357.964094: sched_switch: prev_comm=mmcqd/1 prev_pid=116 prev_prio=120 prev_state=S ==> next_comm=swapper/0 next_pid=0 next_prio=120
          <idle>-0     [000] ...2  1357.964483: sched_switch: prev_comm=swapper/0 prev_pid=0 prev_prio=120 prev_state=R ==> next_comm=mmcqd/1 next_pid=116 next_prio=120
         mmcqd/1-116   [000] ...1  1357.964514: block_rq_complete: 179,0 RA () 4052400 + 32 [0]
         mmcqd/1-116   [000] ...2  1357.964533: sched_switch: prev_comm=mmcqd/1 prev_pid=116 prev_prio=120 prev_state=S ==> next_comm=swapper/0 next_pid=0 next_prio=120
          <idle>-0     [000] ...2  1357.964759: sched_switch: prev_comm=swapper/0 prev_pid=0 prev_prio=120 prev_state=R ==> next_comm=mmcqd/1 next_pid=116 next_prio=120
         mmcqd/1-116   [000] ...1  1357.964784: block_rq_complete: 179,0 RA () 4052304 + 8 [0]
         mmcqd/1-116   [000] ...2  1357.964799: sched_switch: prev_comm=mmcqd/1 prev_pid=116 prev_prio=120 prev_state=S ==> next_comm=main next_pid=7794 next_prio=120
            main-7794  [000] ...2  1357.965468: sched_switch: prev_comm=main prev_pid=7794 prev_prio=120 prev_state=S ==> next_comm=mmcqd/1 next_pid=116 next_prio=120
          <idle>-0     [001] ...2  1357.965468: sched_switch: prev_comm=swapper/1 prev_pid=0 prev_prio=120 prev_state=R ==> next_comm=Binder_1 next_pid=691 next_prio=120
         mmcqd/1-116   [000] ...1  1357.965479: block_rq_complete: 179,0 RA () 4052264 + 8 [0]
         mmcqd/1-116   [000] ...2  1357.965493: sched_switch: prev_comm=mmcqd/1 prev_pid=116 prev_prio=120 prev_state=R+ ==> next_comm=kworker/0:1H next_pid=17 next_prio=100
    kworker/0:1H-17    [000] ...2  1357.965500: sched_switch: prev_comm=kworker/0:1H prev_pid=17 prev_prio=100 prev_state=S ==> next_comm=mmcqd/1 next_pid=116 next_prio=120
         mmcqd/1-116   [000] ...2  1357.965510: sched_switch: prev_comm=mmcqd/1 prev_pid=116 prev_prio=120 prev_state=S ==> next_comm=swapper/0 next_pid=0 next_prio=120
          <idle>-0     [000] ...2  1357.966252: sched_switch: prev_comm=swapper/0 prev_pid=0 prev_prio=120 prev_state=R ==> next_comm=Binder_2 next_pid=237 next_prio=120
        Binder_2-237   [000] ...2  1357.966261: sched_switch: prev_comm=Binder_2 prev_pid=237 prev_prio=120 prev_state=D ==> next_comm=swapper/0 next_pid=0 next_prio=120
          <idle>-0     [000] ...2  1357.966268: sched_switch: prev_comm=swapper/0 prev_pid=0 prev_prio=120 prev_state=R ==> next_comm=Binder_2 next_pid=237 next_prio=120
        Binder_1-691   [001] ...2  1357.966276: sched_switch: prev_comm=Binder_1 prev_pid=691 prev_prio=120 prev_state=S ==> next_comm=swapper/1 next_pid=0 next_prio=120
          <idle>-0     [001] ...2  1357.966337: sched_switch: prev_comm=swapper/1 prev_pid=0 prev_prio=120 prev_state=R ==> next_comm=Binder_1 next_pid=691 next_prio=120
        Binder_2-237   [000] ...2  1357.966347: sched_switch: prev_comm=Binder_2 prev_pid=237 prev_prio=120 prev_state=D ==> next_comm=swapper/0 next_pid=0 next_prio=120
          <idle>-0     [000] ...2  1357.966354: sched_switch: prev_comm=swapper/0 prev_pid=0 prev_prio=120 prev_state=R ==> next_comm=Binder_2 next_pid=237 next_prio=120
        Binder_2-237   [000] ...2  1357.966361: sched_switch: prev_comm=Binder_2 prev_pid=237 prev_prio=120 prev_state=S ==> next_comm=swapper/0 next_pid=0 next_prio=120
        Binder_1-691   [001] ...2  1357.966779: sched_switch: prev_comm=Binder_1 prev_pid=691 prev_prio=120 prev_state=R+ ==> next_comm=InputDispatcher next_pid=795 next_prio=112
 InputDispatcher-795   [001] ...2  1357.966828: sched_switch: prev_comm=InputDispatcher prev_pid=795 prev_prio=112 prev_state=S ==> next_comm=Binder_1 next_pid=691 next_prio=120
        Binder_1-691   [001] ...2  1357.966972: sched_switch: prev_comm=Binder_1 prev_pid=691 prev_prio=120 prev_state=S ==> next_comm=Binder_4 next_pid=1509 next_prio=120
        Binder_4-1509  [001] ...2  1357.967116: sched_switch: prev_comm=Binder_4 prev_pid=1509 prev_prio=120 prev_state=S ==> next_comm=Binder_1 next_pid=691 next_prio=120
        Binder_1-691   [001] ...2  1357.967195: sched_switch: prev_comm=Binder_1 prev_pid=691 prev_prio=120 prev_state=R+ ==> next_comm=android.display next_pid=770 next_prio=116
 android.display-770   [001] ...2  1357.967254: sched_switch: prev_comm=android.display prev_pid=770 prev_prio=116 prev_state=S ==> next_comm=Binder_1 next_pid=691 next_prio=120
        Binder_1-691   [001] ...2  1357.967278: sched_switch: prev_comm=Binder_1 prev_pid=691 prev_prio=120 prev_state=R+ ==> next_comm=android.display next_pid=770 next_prio=116
 android.display-770   [001] ...2  1357.967297: sched_switch: prev_comm=android.display prev_pid=770 prev_prio=116 prev_state=S ==> next_comm=Binder_1 next_pid=691 next_prio=120
        Binder_1-691   [001] ...2  1357.967319: sched_switch: prev_comm=Binder_1 prev_pid=691 prev_prio=120 prev_state=R+ ==> next_comm=android.display next_pid=770 next_prio=116
 android.display-770   [001] ...2  1357.967364: sched_switch: prev_comm=android.display prev_pid=770 prev_prio=116 prev_state=S ==> next_comm=Binder_1 next_pid=691 next_prio=120
        Binder_1-691   [001] ...2  1357.967387: sched_switch: prev_comm=Binder_1 prev_pid=691 prev_prio=120 prev_state=R+ ==> next_comm=android.display next_pid=770 next_prio=116
 android.display-770   [001] ...2  1357.967405: sched_switch: prev_comm=android.display prev_pid=770 prev_prio=116 prev_state=S ==> next_comm=Binder_1 next_pid=691 next_prio=120
        Binder_1-691   [001] ...2  1357.967426: sched_switch: prev_comm=Binder_1 prev_pid=691 prev_prio=120 prev_state=R+ ==> next_comm=android.display next_pid=770 next_prio=116
          <idle>-0     [000] ...2  1357.967490: sched_switch: prev_comm=swapper/0 prev_pid=0 prev_prio=120 prev_state=R ==> next_comm=Binder_3 next_pid=389 next_prio=120
 android.display-770   [001] ...2  1357.967536: sched_switch: prev_comm=android.display prev_pid=770 prev_prio=116 prev_state=S ==> next_comm=Binder_1 next_pid=691 next_prio=120
        Binder_3-389   [000] ...2  1357.967539: sched_switch: prev_comm=Binder_3 prev_pid=389 prev_prio=120 prev_state=S ==> next_comm=EventThread next_pid=320 next_prio=111
     EventThread-320   [000] ...2  1357.967591: sched_switch: prev_comm=EventThread prev_pid=320 prev_prio=111 prev_state=S ==> next_comm=Binder_7 next_pid=1125 next_prio=120
        Binder_7-1125  [000] ...2  1357.967666: sched_switch: prev_comm=Binder_7 prev_pid=1125 prev_prio=120 prev_state=S ==> next_comm=swapper/0 next_pid=0 next_prio=120
          <idle>-0     [000] ...2  1357.967737: sched_switch: prev_comm=swapper/0 prev_pid=0 prev_prio=120 prev_state=R ==> next_comm=LazyTaskWriterT next_pid=833 next_prio=120
 LazyTaskWriterT-833   [000] ...2  1357.967791: sched_switch: prev_comm=LazyTaskWriterT prev_pid=833 prev_prio=120 prev_state=S ==> next_comm=swapper/0 next_pid=0 next_prio=120
          <idle>-0     [000] ...2  1357.968190: sched_switch: prev_comm=swapper/0 prev_pid=0 prev_prio=120 prev_state=R ==> next_comm=ActivityManager next_pid=765 next_prio=118
 ActivityManager-765   [000] ...2  1357.968224: sched_switch: prev_comm=ActivityManager prev_pid=765 prev_prio=118 prev_state=S ==> next_comm=swapper/0 next_pid=0 next_prio=120
          <idle>-0     [000] ...2  1357.968427: sched_switch: prev_comm=swapper/0 prev_pid=0 prev_prio=120 prev_state=R ==> next_comm=Binder_2 next_pid=1118 next_prio=120
        Binder_2-1118  [000] ...2  1357.968604: sched_switch: prev_comm=Binder_2 prev_pid=1118 prev_prio=120 prev_state=S ==> next_comm=droid.launcher3 next_pid=1093 next_prio=120
        Binder_1-691   [001] ...2  1357.968686: sched_switch: prev_comm=Binder_1 prev_pid=691 prev_prio=120 prev_state=R+ ==> next_comm=Binder_1 next_pid=1117 next_prio=120
        Binder_1-1117  [001] ...2  1357.968699: sched_switch: prev_comm=Binder_1 prev_pid=1117 prev_prio=120 prev_state=D ==> next_comm=Binder_1 next_pid=691 next_prio=120
        Binder_1-691   [001] ...2  1357.968714: sched_switch: prev_comm=Binder_1 prev_pid=691 prev_prio=120 prev_state=R+ ==> next_comm=Binder_1 next_pid=1117 next_prio=120
        Binder_1-1117  [001] ...2  1357.968819: sched_switch: prev_comm=Binder_1 prev_pid=1117 prev_prio=120 prev_state=S ==> next_comm=Binder_1 next_pid=691 next_prio=120
 droid.launcher3-1093  [000] ...2  1357.968824: sched_switch: prev_comm=droid.launcher3 prev_pid=1093 prev_prio=120 prev_state=S ==> next_comm=Binder_3 next_pid=1507 next_prio=120
        Binder_3-1507  [000] ...2  1357.968830: sched_switch: prev_comm=Binder_3 prev_pid=1507 prev_prio=120 prev_state=S ==> next_comm=Binder_5 next_pid=1577 next_prio=120
        Binder_5-1577  [000] ...2  1357.968879: sched_switch: prev_comm=Binder_5 prev_pid=1577 prev_prio=120 prev_state=S ==> next_comm=EventThread next_pid=320 next_prio=111
     EventThread-320   [000] ...2  1357.968922: sched_switch: prev_comm=EventThread prev_pid=320 prev_prio=111 prev_state=S ==> next_comm=RenderThread next_pid=1365 next_prio=116
        Binder_1-691   [001] ...2  1357.968929: sched_switch: prev_comm=Binder_1 prev_pid=691 prev_prio=120 prev_state=R+ ==> next_comm=kworker/1:0H next_pid=7789 next_prio=100
    RenderThread-1365  [000] ...2  1357.968955: sched_switch: prev_comm=RenderThread prev_pid=1365 prev_prio=116 prev_state=S ==> next_comm=swapper/0 next_pid=0 next_prio=120
    kworker/1:0H-7789  [001] ...2  1357.968964: sched_switch: prev_comm=kworker/1:0H prev_pid=7789 prev_prio=100 prev_state=D ==> next_comm=kworker/1:1H next_pid=7791 next_prio=100
          <idle>-0     [000] ...2  1357.968973: sched_switch: prev_comm=swapper/0 prev_pid=0 prev_prio=120 prev_state=R ==> next_comm=ksoftirqd/0 next_pid=3 next_prio=120
     ksoftirqd/0-3     [000] ...2  1357.968985: sched_switch: prev_comm=ksoftirqd/0 prev_pid=3 prev_prio=120 prev_state=S ==> next_comm=swapper/0 next_pid=0 next_prio=120
    kworker/1:1H-7791  [001] ...2  1357.968997: sched_switch: prev_comm=kworker/1:1H prev_pid=7791 prev_prio=100 prev_state=S ==> next_comm=kworker/1:0H next_pid=7789 next_prio=100
          <idle>-0     [000] ...2  1357.968999: sched_switch: prev_comm=swapper/0 prev_pid=0 prev_prio=120 prev_state=R ==> next_comm=ksoftirqd/0 next_pid=3 next_prio=120
    kworker/1:0H-7789  [001] ...2  1357.969010: sched_switch: prev_comm=kworker/1:0H prev_pid=7789 prev_prio=100 prev_state=S ==> next_comm=Binder_1 next_pid=691 next_prio=120
     ksoftirqd/0-3     [000] ...2  1357.969011: sched_switch: prev_comm=ksoftirqd/0 prev_pid=3 prev_prio=120 prev_state=S ==> next_comm=swapper/0 next_pid=0 next_prio=120
          <idle>-0     [000] ...2  1357.969024: sched_switch: prev_comm=swapper/0 prev_pid=0 prev_prio=120 prev_state=R ==> next_comm=ksoftirqd/0 next_pid=3 next_prio=120
     ksoftirqd/0-3     [000] ...2  1357.969032: sched_switch: prev_comm=ksoftirqd/0 prev_pid=3 prev_prio=120 prev_state=S ==> next_comm=swapper/0 next_pid=0 next_prio=120
          <idle>-0     [000] ...2  1357.969078: sched_switch: prev_comm=swapper/0 prev_pid=0 prev_prio=120 prev_state=R ==> next_comm=ActivityManager next_pid=765 next_prio=118
 ActivityManager-765   [000] ...2  1357.969116: sched_switch: prev_comm=ActivityManager prev_pid=765 prev_prio=118 prev_state=S ==> next_comm=swapper/0 next_pid=0 next_prio=120
        Binder_1-691   [001] ...2  1357.969410: sched_switch: prev_comm=Binder_1 prev_pid=691 prev_prio=120 prev_state=R+ ==> next_comm=Binder_1 next_pid=2242 next_prio=120
        Binder_1-2242  [001] ...2  1357.969424: sched_switch: prev_comm=Binder_1 prev_pid=2242 prev_prio=120 prev_state=D ==> next_comm=Binder_1 next_pid=691 next_prio=120
        Binder_1-691   [001] ...2  1357.969437: sched_switch: prev_comm=Binder_1 prev_pid=691 prev_prio=120 prev_state=R+ ==> next_comm=Binder_1 next_pid=2242 next_prio=120
        Binder_1-2242  [001] ...2  1357.970021: sched_switch: prev_comm=Binder_1 prev_pid=2242 prev_prio=120 prev_state=S ==> next_comm=xample.bdbtrace next_pid=2226 next_prio=120
          <idle>-0     [000] ...2  1357.970639: sched_switch: prev_comm=swapper/0 prev_pid=0 prev_prio=120 prev_state=R ==> next_comm=Binder_A next_pid=1201 next_prio=120
 xample.bdbtrace-2226  [001] ...2  1357.970650: sched_switch: prev_comm=xample.bdbtrace prev_pid=2226 prev_prio=120 prev_state=S ==> next_comm=Binder_1 next_pid=691 next_prio=120
        Binder_A-1201  [000] ...2  1357.970720: sched_switch: prev_comm=Binder_A prev_pid=1201 prev_prio=120 prev_state=S ==> next_comm=swapper/0 next_pid=0 next_prio=120
        Binder_1-691   [001] ...2  1357.970725: sched_switch: prev_comm=Binder_1 prev_pid=691 prev_prio=120 prev_state=R+ ==> next_comm=LazyTaskWriterT next_pid=833 next_prio=120
 LazyTaskWriterT-833   [001] ...2  1357.970752: sched_switch: prev_comm=LazyTaskWriterT prev_pid=833 prev_prio=120 prev_state=S ==> next_comm=Binder_1 next_pid=691 next_prio=120
        Binder_1-691   [001] ...2  1357.970774: sched_switch: prev_comm=Binder_1 prev_pid=691 prev_prio=120 prev_state=R+ ==> next_comm=LazyTaskWriterT next_pid=833 next_prio=120
 LazyTaskWriterT-833   [001] ...2  1357.970796: sched_switch: prev_comm=LazyTaskWriterT prev_pid=833 prev_prio=120 prev_state=S ==> next_comm=Binder_1 next_pid=691 next_prio=120
        Binder_1-691   [001] ...2  1357.970817: sched_switch: prev_comm=Binder_1 prev_pid=691 prev_prio=120 prev_state=R+ ==> next_comm=LazyTaskWriterT next_pid=833 next_prio=120
 LazyTaskWriterT-833   [001] ...2  1357.970847: sched_switch: prev_comm=LazyTaskWriterT prev_pid=833 prev_prio=120 prev_state=S ==> next_comm=Binder_1 next_pid=691 next_prio=120
        Binder_1-691   [001] ...2  1357.970870: sched_switch: prev_comm=Binder_1 prev_pid=691 prev_prio=120 prev_state=R+ ==> next_comm=LazyTaskWriterT next_pid=833 next_prio=120
 LazyTaskWriterT-833   [001] ...2  1357.970888: sched_switch: prev_comm=LazyTaskWriterT prev_pid=833 prev_prio=120 prev_state=S ==> next_comm=Binder_1 next_pid=691 next_prio=120
        Binder_1-691   [001] ...2  1357.970908: sched_switch: prev_comm=Binder_1 prev_pid=691 prev_prio=120 prev_state=R+ ==> next_comm=LazyTaskWriterT next_pid=833 next_prio=120
 LazyTaskWriterT-833   [001] ...2  1357.970953: sched_switch: prev_comm=LazyTaskWriterT prev_pid=833 prev_prio=120 prev_state=S ==> next_comm=Binder_1 next_pid=691 next_prio=120
        Binder_1-691   [001] ...2  1357.970992: sched_switch: prev_comm=Binder_1 prev_pid=691 prev_prio=120 prev_state=R+ ==> next_comm=LazyTaskWriterT next_pid=833 next_prio=120
 LazyTaskWriterT-833   [001] ...2  1357.971012: sched_switch: prev_comm=LazyTaskWriterT prev_pid=833 prev_prio=120 prev_state=S ==> next_comm=Binder_1 next_pid=691 next_prio=120
        Binder_1-691   [001] ...2  1357.971032: sched_switch: prev_comm=Binder_1 prev_pid=691 prev_prio=120 prev_state=R+ ==> next_comm=LazyTaskWriterT next_pid=833 next_prio=120
 LazyTaskWriterT-833   [001] ...2  1357.971052: sched_switch: prev_comm=LazyTaskWriterT prev_pid=833 prev_prio=120 prev_state=S ==> next_comm=Binder_1 next_pid=691 next_prio=120
        Binder_1-691   [001] ...2  1357.971073: sched_switch: prev_comm=Binder_1 prev_pid=691 prev_prio=120 prev_state=R+ ==> next_comm=LazyTaskWriterT next_pid=833 next_prio=120
 LazyTaskWriterT-833   [001] ...2  1357.971103: sched_switch: prev_comm=LazyTaskWriterT prev_pid=833 prev_prio=120 prev_state=S ==> next_comm=Binder_1 next_pid=691 next_prio=120
        Binder_1-691   [001] ...2  1357.971125: sched_switch: prev_comm=Binder_1 prev_pid=691 prev_prio=120 prev_state=R+ ==> next_comm=LazyTaskWriterT next_pid=833 next_prio=120
 LazyTaskWriterT-833   [001] ...2  1357.971142: sched_switch: prev_comm=LazyTaskWriterT prev_pid=833 prev_prio=120 prev_state=S ==> next_comm=Binder_1 next_pid=691 next_prio=120
        Binder_1-691   [001] ...2  1357.971163: sched_switch: prev_comm=Binder_1 prev_pid=691 prev_prio=120 prev_state=R+ ==> next_comm=LazyTaskWriterT next_pid=833 next_prio=120
 LazyTaskWriterT-833   [001] ...2  1357.971205: sched_switch: prev_comm=LazyTaskWriterT prev_pid=833 prev_prio=120 prev_state=S ==> next_comm=Binder_1 next_pid=691 next_prio=120
          <idle>-0     [000] ...2  1357.971511: sched_switch: prev_comm=swapper/0 prev_pid=0 prev_prio=120 prev_state=R ==> next_comm=Binder_1 next_pid=235 next_prio=120
        Binder_1-691   [001] ...2  1357.971521: sched_switch: prev_comm=Binder_1 prev_pid=691 prev_prio=120 prev_state=S ==> next_comm=android.bg next_pid=764 next_prio=130
      android.bg-764   [001] ...2  1357.971568: sched_switch: prev_comm=android.bg prev_pid=764 prev_prio=130 prev_state=R ==> next_comm=Binder_1 next_pid=691 next_prio=120
        Binder_1-235   [000] ...2  1357.971587: sched_switch: prev_comm=Binder_1 prev_pid=235 prev_prio=120 prev_state=S ==> next_comm=swapper/0 next_pid=0 next_prio=120
        Binder_1-691   [001] ...2  1357.972037: sched_switch: prev_comm=Binder_1 prev_pid=691 prev_prio=120 prev_state=R+ ==> next_comm=InputDispatcher next_pid=795 next_prio=112
 InputDispatcher-795   [001] ...2  1357.972079: sched_switch: prev_comm=InputDispatcher prev_pid=795 prev_prio=112 prev_state=S ==> next_comm=Binder_1 next_pid=691 next_prio=120
          <idle>-0     [000] ...2  1357.972204: sched_switch: prev_comm=swapper/0 prev_pid=0 prev_prio=120 prev_state=R ==> next_comm=Binder_2 next_pid=237 next_prio=120
        Binder_1-691   [001] ...2  1357.972214: sched_switch: prev_comm=Binder_1 prev_pid=691 prev_prio=120 prev_state=D ==> next_comm=android.bg next_pid=764 next_prio=130
      android.bg-764   [001] ...2  1357.972222: sched_switch: prev_comm=android.bg prev_pid=764 prev_prio=130 prev_state=R ==> next_comm=Binder_1 next_pid=691 next_prio=120
        Binder_1-691   [001] ...2  1357.972233: sched_switch: prev_comm=Binder_1 prev_pid=691 prev_prio=120 prev_state=S ==> next_comm=android.bg next_pid=764 next_prio=130
      android.bg-764   [001] ...2  1357.972275: sched_switch: prev_comm=android.bg prev_pid=764 prev_prio=130 prev_state=R ==> next_comm=Binder_1 next_pid=691 next_prio=120
        Binder_2-237   [000] ...2  1357.972296: sched_switch: prev_comm=Binder_2 prev_pid=237 prev_prio=120 prev_state=S ==> next_comm=swapper/0 next_pid=0 next_prio=120
        Binder_1-691   [001] ...2  1357.972553: sched_switch: prev_comm=Binder_1 prev_pid=691 prev_prio=120 prev_state=S ==> next_comm=android.display next_pid=770 next_prio=116
 android.display-770   [001] ...2  1357.972604: sched_switch: prev_comm=android.display prev_pid=770 prev_prio=116 prev_state=S ==> next_comm=Binder_4 next_pid=1509 next_prio=120
        Binder_4-1509  [001] ...2  1357.972709: sched_switch: prev_comm=Binder_4 prev_pid=1509 prev_prio=120 prev_state=S ==> next_comm=Binder_1 next_pid=691 next_prio=120
        Binder_1-691   [001] ...2  1357.973090: sched_switch: prev_comm=Binder_1 prev_pid=691 prev_prio=120 prev_state=R+ ==> next_comm=InputDispatcher next_pid=795 next_prio=112
 InputDispatcher-795   [001] ...2  1357.973127: sched_switch: prev_comm=InputDispatcher prev_pid=795 prev_prio=112 prev_state=S ==> next_comm=Binder_1 next_pid=691 next_prio=120
          <idle>-0     [000] ...2  1357.973243: sched_switch: prev_comm=swapper/0 prev_pid=0 prev_prio=120 prev_state=R ==> next_comm=Binder_3 next_pid=389 next_prio=120
        Binder_1-691   [001] ...2  1357.973279: sched_switch: prev_comm=Binder_1 prev_pid=691 prev_prio=120 prev_state=S ==> next_comm=android.bg next_pid=764 next_prio=130
      android.bg-764   [001] ...2  1357.973316: sched_switch: prev_comm=android.bg prev_pid=764 prev_prio=130 prev_state=S ==> next_comm=Binder_1 next_pid=691 next_prio=120
        Binder_3-389   [000] ...2  1357.973335: sched_switch: prev_comm=Binder_3 prev_pid=389 prev_prio=120 prev_state=S ==> next_comm=swapper/0 next_pid=0 next_prio=120
          <idle>-0     [000] ...2  1357.973687: sched_switch: prev_comm=swapper/0 prev_pid=0 prev_prio=120 prev_state=R ==> next_comm=Binder_2 next_pid=2243 next_prio=120
        Binder_2-2243  [000] ...2  1357.973799: sched_switch: prev_comm=Binder_2 prev_pid=2243 prev_prio=120 prev_state=S ==> next_comm=swapper/0 next_pid=0 next_prio=120
        Binder_1-691   [001] ...2  1357.973840: sched_switch: prev_comm=Binder_1 prev_pid=691 prev_prio=120 prev_state=R+ ==> next_comm=InputDispatcher next_pid=795 next_prio=112
 InputDispatcher-795   [001] ...2  1357.973879: sched_switch: prev_comm=InputDispatcher prev_pid=795 prev_prio=112 prev_state=S ==> next_comm=Binder_1 next_pid=691 next_prio=120
          <idle>-0     [000] ...2  1357.973965: sched_switch: prev_comm=swapper/0 prev_pid=0 prev_prio=120 prev_state=R ==> next_comm=ActivityManager next_pid=765 next_prio=118
 ActivityManager-765   [000] ...2  1357.974035: sched_switch: prev_comm=ActivityManager prev_pid=765 prev_prio=118 prev_state=S ==> next_comm=Binder_A next_pid=1201 next_prio=120
        Binder_1-691   [001] ...2  1357.974059: sched_switch: prev_comm=Binder_1 prev_pid=691 prev_prio=120 prev_state=S ==> next_comm=main next_pid=7794 next_prio=120
        Binder_A-1201  [000] ...2  1357.974113: sched_switch: prev_comm=Binder_A prev_pid=1201 prev_prio=120 prev_state=S ==> next_comm=android.bg next_pid=764 next_prio=130
      android.bg-764   [000] ...2  1357.974167: sched_switch: prev_comm=android.bg prev_pid=764 prev_prio=130 prev_state=S ==> next_comm=kworker/u:0 next_pid=3362 next_prio=120
     kworker/u:0-3362  [000] ...2  1357.974186: sched_switch: prev_comm=kworker/u:0 prev_pid=3362 prev_prio=120 prev_state=S ==> next_comm=Binder_1 next_pid=7805 next_prio=120
            main-7794  [001] ...2  1357.974217: sched_switch: prev_comm=main prev_pid=7794 prev_prio=120 prev_state=R ==> next_comm=xample.bdbtrace next_pid=2226 next_prio=120
        Binder_1-7805  [000] ...3  1357.974410: sched_switch: prev_comm=Binder_1 prev_pid=7805 prev_prio=120 prev_state=x ==> next_comm=Binder_2 next_pid=7806 next_prio=120
        Binder_2-7806  [000] ...3  1357.974565: sched_switch: prev_comm=Binder_2 prev_pid=7806 prev_prio=120 prev_state=x ==> next_comm=swapper/0 next_pid=0 next_prio=120
 xample.bdbtrace-2226  [001] d..2  1357.975625: block_rq_insert: 179,0 R 0 () 851896 + 32 [xample.bdbtrace]
          <idle>-0     [000] ...2  1357.975651: sched_switch: prev_comm=swapper/0 prev_pid=0 prev_prio=120 prev_state=R ==> next_comm=mmcqd/1 next_pid=116 next_prio=120
 xample.bdbtrace-2226  [001] ...2  1357.975651: sched_switch: prev_comm=xample.bdbtrace prev_pid=2226 prev_prio=120 prev_state=D|W ==> next_comm=Binder_4 next_pid=1054 next_prio=120
         mmcqd/1-116   [000] ...2  1357.975726: sched_switch: prev_comm=mmcqd/1 prev_pid=116 prev_prio=120 prev_state=S ==> next_comm=main next_pid=7794 next_prio=120
        Binder_4-1054  [001] ...2  1357.975808: sched_switch: prev_comm=Binder_4 prev_pid=1054 prev_prio=120 prev_state=S ==> next_comm=swapper/1 next_pid=0 next_prio=120
            main-7794  [000] d..2  1357.975815: block_rq_insert: 179,0 R 0 () 1181984 + 8 [main]
            main-7794  [000] dn.2  1357.975824: block_rq_insert: 179,0 R 0 () 1182000 + 40 [main]
            main-7794  [000] dn.2  1357.975827: block_rq_insert: 179,0 R 0 () 1182048 + 24 [main]
            main-7794  [000] ...2  1357.975832: sched_switch: prev_comm=main prev_pid=7794 prev_prio=120 prev_state=R+ ==> next_comm=mmcqd/1 next_pid=116 next_prio=120
          <idle>-0     [001] ...2  1357.975838: sched_switch: prev_comm=swapper/1 prev_pid=0 prev_prio=120 prev_state=R ==> next_comm=ksoftirqd/1 next_pid=7790 next_prio=120
         mmcqd/1-116   [000] ...2  1357.975848: sched_switch: prev_comm=mmcqd/1 prev_pid=116 prev_prio=120 prev_state=S ==> next_comm=main next_pid=7794 next_prio=120
            main-7794  [000] ...2  1357.975856: sched_switch: prev_comm=main prev_pid=7794 prev_prio=120 prev_state=D|W ==> next_comm=swapper/0 next_pid=0 next_prio=120
     ksoftirqd/1-7790  [001] ...2  1357.975857: sched_switch: prev_comm=ksoftirqd/1 prev_pid=7790 prev_prio=120 prev_state=S ==> next_comm=swapper/1 next_pid=0 next_prio=120
          <idle>-0     [001] ...2  1357.975882: sched_switch: prev_comm=swapper/1 prev_pid=0 prev_prio=120 prev_state=R ==> next_comm=ksoftirqd/1 next_pid=7790 next_prio=120
     ksoftirqd/1-7790  [001] ...2  1357.975905: sched_switch: prev_comm=ksoftirqd/1 prev_pid=7790 prev_prio=120 prev_state=S ==> next_comm=swapper/1 next_pid=0 next_prio=120
          <idle>-0     [001] ...2  1357.975929: sched_switch: prev_comm=swapper/1 prev_pid=0 prev_prio=120 prev_state=R ==> next_comm=ksoftirqd/1 next_pid=7790 next_prio=120
     ksoftirqd/1-7790  [001] ...2  1357.975952: sched_switch: prev_comm=ksoftirqd/1 prev_pid=7790 prev_prio=120 prev_state=S ==> next_comm=swapper/1 next_pid=0 next_prio=120
          <idle>-0     [000] ...2  1357.976228: sched_switch: prev_comm=swapper/0 prev_pid=0 prev_prio=120 prev_state=R ==> next_comm=mmcqd/1 next_pid=116 next_prio=120
         mmcqd/1-116   [000] ...1  1357.976262: block_rq_complete: 179,0 RA () 851896 + 32 [0]
          <idle>-0     [001] ...2  1357.976283: sched_switch: prev_comm=swapper/1 prev_pid=0 prev_prio=120 prev_state=R ==> next_comm=xample.bdbtrace next_pid=2226 next_prio=120
         mmcqd/1-116   [000] ...2  1357.976302: sched_switch: prev_comm=mmcqd/1 prev_pid=116 prev_prio=120 prev_state=S ==> next_comm=swapper/0 next_pid=0 next_prio=120
          <idle>-0     [000] ...2  1357.976497: sched_switch: prev_comm=swapper/0 prev_pid=0 prev_prio=120 prev_state=R ==> next_comm=mmcqd/1 next_pid=116 next_prio=120
         mmcqd/1-116   [000] ...1  1357.976523: block_rq_complete: 179,0 RA () 1181984 + 8 [0]
         mmcqd/1-116   [000] ...2  1357.976548: sched_switch: prev_comm=mmcqd/1 prev_pid=116 prev_prio=120 prev_state=S ==> next_comm=swapper/0 next_pid=0 next_prio=120
          <idle>-0     [000] ...2  1357.976955: sched_switch: prev_comm=swapper/0 prev_pid=0 prev_prio=120 prev_state=R ==> next_comm=mmcqd/1 next_pid=116 next_prio=120
         mmcqd/1-116   [000] ...1  1357.976986: block_rq_complete: 179,0 RA () 1182000 + 40 [0]
         mmcqd/1-116   [000] ...2  1357.977003: sched_switch: prev_comm=mmcqd/1 prev_pid=116 prev_prio=120 prev_state=S ==> next_comm=main next_pid=7794 next_prio=120
 xample.bdbtrace-2226  [001] ...2  1357.977045: sched_switch: prev_comm=xample.bdbtrace prev_pid=2226 prev_prio=120 prev_state=R ==> next_comm=Heap thread poo next_pid=7797 next_prio=120
            main-7794  [000] ...2  1357.977056: sched_switch: prev_comm=main prev_pid=7794 prev_prio=120 prev_state=S ==> next_comm=swapper/0 next_pid=0 next_prio=120
 Heap thread poo-7797  [001] ...3  1357.977230: sched_switch: prev_comm=Heap thread poo prev_pid=7797 prev_prio=120 prev_state=x ==> next_comm=Heap thread poo next_pid=7795 next_prio=120
          <idle>-0     [000] ...2  1357.977261: sched_switch: prev_comm=swapper/0 prev_pid=0 prev_prio=120 prev_state=R ==> next_comm=Heap thread poo next_pid=7796 next_prio=120
 Heap thread poo-7796  [000] ...2  1357.977276: sched_switch: prev_comm=Heap thread poo prev_pid=7796 prev_prio=120 prev_state=D ==> next_comm=swapper/0 next_pid=0 next_prio=120
          <idle>-0     [000] ...2  1357.977310: sched_switch: prev_comm=swapper/0 prev_pid=0 prev_prio=120 prev_state=R ==> next_comm=Heap thread poo next_pid=7796 next_prio=120
 Heap thread poo-7796  [000] ...2  1357.977325: sched_switch: prev_comm=Heap thread poo prev_pid=7796 prev_prio=120 prev_state=D ==> next_comm=mmcqd/1 next_pid=116 next_prio=120
         mmcqd/1-116   [000] ...1  1357.977338: block_rq_complete: 179,0 RA () 1182048 + 24 [0]
