     ksoftirqd/0-3     [000] ...2  1420.009257: sched_switch: prev_comm=ksoftirqd/0 prev_pid=3 prev_prio=120 prev_state=S ==> next_comm=swapper/0 next_pid=0 next_prio=120
          <idle>-0     [000] ...2  1420.009270: sched_switch: prev_comm=swapper/0 prev_pid=0 prev_prio=120 prev_state=R ==> next_comm=ksoftirqd/0 next_pid=3 next_prio=120
     ksoftirqd/0-3     [000] ...2  1420.009277: sched_switch: prev_comm=ksoftirqd/0 prev_pid=3 prev_prio=120 prev_state=S ==> next_comm=swapper/0 next_pid=0 next_prio=120
          <idle>-0     [000] ...2  1420.010349: sched_switch: prev_comm=swapper/0 prev_pid=0 prev_prio=120 prev_state=R ==> next_comm=mmcqd/1 next_pid=116 next_prio=120
         mmcqd/1-116   [000] ...1  1420.010417: block_rq_complete: 179,0 RA () 3984384 + 256 [0]
         mmcqd/1-116   [000] ...2  1420.010444: sched_switch: prev_comm=mmcqd/1 prev_pid=116 prev_prio=120 prev_state=R+ ==> next_comm=kworker/0:1H next_pid=17 next_prio=100
    kworker/0:1H-17    [000] ...2  1420.010451: sched_switch: prev_comm=kworker/0:1H prev_pid=17 prev_prio=100 prev_state=S ==> next_comm=mmcqd/1 next_pid=116 next_prio=120
         mmcqd/1-116   [000] ...2  1420.010461: sched_switch: prev_comm=mmcqd/1 prev_pid=116 prev_prio=120 prev_state=S ==> next_comm=main next_pid=8107 next_prio=120
            main-8107  [000] d..2  1420.010679: block_rq_insert: 179,0 R 0 () 3984640 + 16 [main]
            main-8107  [000] ...2  1420.010689: sched_switch: prev_comm=main prev_pid=8107 prev_prio=120 prev_state=R+ ==> next_comm=mmcqd/1 next_pid=116 next_prio=120
         mmcqd/1-116   [000] ...2  1420.010733: sched_switch: prev_comm=mmcqd/1 prev_pid=116 prev_prio=120 prev_state=S ==> next_comm=main next_pid=8107 next_prio=120
            main-8107  [000] ...2  1420.010741: sched_switch: prev_comm=main prev_pid=8107 prev_prio=120 prev_state=D|W ==> next_comm=swapper/0 next_pid=0 next_prio=120
          <idle>-0     [000] ...2  1420.010755: sched_switch: prev_comm=swapper/0 prev_pid=0 prev_prio=120 prev_state=R ==> next_comm=ksoftirqd/0 next_pid=3 next_prio=120
     ksoftirqd/0-3     [000] ...2  1420.010764: sched_switch: prev_comm=ksoftirqd/0 prev_pid=3 prev_prio=120 prev_state=S ==> next_comm=swapper/0 next_pid=0 next_prio=120
          <idle>-0     [000] ...2  1420.010778: sched_switch: prev_comm=swapper/0 prev_pid=0 prev_prio=120 prev_state=R ==> next_comm=ksoftirqd/0 next_pid=3 next_prio=120
     ksoftirqd/0-3     [000] ...2  1420.010786: sched_switch: prev_comm=ksoftirqd/0 prev_pid=3 prev_prio=120 prev_state=S ==> next_comm=swapper/0 next_pid=0 next_prio=120
          <idle>-0     [000] ...2  1420.010798: sched_switch: prev_comm=swapper/0 prev_pid=0 prev_prio=120 prev_state=R ==> next_comm=ksoftirqd/0 next_pid=3 next_prio=120
     ksoftirqd/0-3     [000] ...2  1420.010807: sched_switch: prev_comm=ksoftirqd/0 prev_pid=3 prev_prio=120 prev_state=S ==> next_comm=swapper/0 next_pid=0 next_prio=120
          <idle>-0     [000] ...2  1420.010975: sched_switch: prev_comm=swapper/0 prev_pid=0 prev_prio=120 prev_state=R ==> next_comm=mmcqd/1 next_pid=116 next_prio=120
         mmcqd/1-116   [000] ...1  1420.010987: block_rq_complete: 179,0 RA () 3984640 + 16 [0]
         mmcqd/1-116   [000] ...2  1420.011004: sched_switch: prev_comm=mmcqd/1 prev_pid=116 prev_prio=120 prev_state=R+ ==> next_comm=kworker/0:1H next_pid=17 next_prio=100
    kworker/0:1H-17    [000] ...2  1420.011011: sched_switch: prev_comm=kworker/0:1H prev_pid=17 prev_prio=100 prev_state=S ==> next_comm=mmcqd/1 next_pid=116 next_prio=120
         mmcqd/1-116   [000] ...2  1420.011020: sched_switch: prev_comm=mmcqd/1 prev_pid=116 prev_prio=120 prev_state=S ==> next_comm=main next_pid=8107 next_prio=120
          <idle>-0     [001] ...2  1420.011649: sched_switch: prev_comm=swapper/1 prev_pid=0 prev_prio=120 prev_state=R ==> next_comm=main next_pid=8112 next_prio=120
 Heap thread poo-8112  [001] ...2  1420.011667: sched_switch: prev_comm=main prev_pid=8112 prev_prio=120 prev_state=D ==> next_comm=swapper/1 next_pid=0 next_prio=120
          <idle>-0     [001] ...2  1420.011686: sched_switch: prev_comm=swapper/1 prev_pid=0 prev_prio=120 prev_state=R ==> next_comm=main next_pid=8112 next_prio=120
            main-8107  [000] ...2  1420.011690: sched_switch: prev_comm=main prev_pid=8107 prev_prio=120 prev_state=D ==> next_comm=swapper/0 next_pid=0 next_prio=120
          <idle>-0     [000] ...2  1420.011704: sched_switch: prev_comm=swapper/0 prev_pid=0 prev_prio=120 prev_state=R ==> next_comm=ksoftirqd/0 next_pid=3 next_prio=120
     ksoftirqd/0-3     [000] ...2  1420.011712: sched_switch: prev_comm=ksoftirqd/0 prev_pid=3 prev_prio=120 prev_state=S ==> next_comm=main next_pid=8107 next_prio=120
            main-8107  [000] ...2  1420.011763: sched_switch: prev_comm=main prev_pid=8107 prev_prio=120 prev_state=D ==> next_comm=main next_pid=8113 next_prio=120
 Heap thread poo-8113  [000] ...2  1420.011773: sched_switch: prev_comm=main prev_pid=8113 prev_prio=120 prev_state=R+ ==> next_comm=main next_pid=8107 next_prio=120
 Heap thread poo-8112  [001] ...2  1420.011783: sched_switch: prev_comm=main prev_pid=8112 prev_prio=120 prev_state=D ==> next_comm=swapper/1 next_pid=0 next_prio=120
            main-8107  [000] ...2  1420.011807: sched_switch: prev_comm=main prev_pid=8107 prev_prio=120 prev_state=D ==> next_comm=main next_pid=8113 next_prio=120
 Heap thread poo-8113  [000] ...2  1420.011821: sched_switch: prev_comm=main prev_pid=8113 prev_prio=120 prev_state=R+ ==> next_comm=main next_pid=8107 next_prio=120
          <idle>-0     [001] ...2  1420.011829: sched_switch: prev_comm=swapper/1 prev_pid=0 prev_prio=120 prev_state=R ==> next_comm=main next_pid=8112 next_prio=120
            main-8107  [000] ...2  1420.011864: sched_switch: prev_comm=main prev_pid=8107 prev_prio=120 prev_state=S ==> next_comm=main next_pid=8113 next_prio=120
 Heap thread poo-8113  [000] ...2  1420.011909: sched_switch: prev_comm=main prev_pid=8113 prev_prio=120 prev_state=D ==> next_comm=main next_pid=8114 next_prio=120
 Heap thread poo-8114  [000] ...2  1420.011917: sched_switch: prev_comm=main prev_pid=8114 prev_prio=120 prev_state=D ==> next_comm=swapper/0 next_pid=0 next_prio=120
          <idle>-0     [000] ...2  1420.011934: sched_switch: prev_comm=swapper/0 prev_pid=0 prev_prio=120 prev_state=R ==> next_comm=ksoftirqd/0 next_pid=3 next_prio=120
 Heap thread poo-8112  [001] ...2  1420.011935: sched_switch: prev_comm=main prev_pid=8112 prev_prio=120 prev_state=D ==> next_comm=swapper/1 next_pid=0 next_prio=120
     ksoftirqd/0-3     [000] ...2  1420.011940: sched_switch: prev_comm=ksoftirqd/0 prev_pid=3 prev_prio=120 prev_state=S ==> next_comm=main next_pid=8113 next_prio=120
          <idle>-0     [001] ...2  1420.011960: sched_switch: prev_comm=swapper/1 prev_pid=0 prev_prio=120 prev_state=R ==> next_comm=ksoftirqd/1 next_pid=8111 next_prio=120
     ksoftirqd/1-8111  [001] ...2  1420.011978: sched_switch: prev_comm=ksoftirqd/1 prev_pid=8111 prev_prio=120 prev_state=S ==> next_comm=swapper/1 next_pid=0 next_prio=120
 Heap thread poo-8113  [000] ...2  1420.011995: sched_switch: prev_comm=main prev_pid=8113 prev_prio=120 prev_state=D ==> next_comm=main next_pid=8114 next_prio=120
          <idle>-0     [001] ...2  1420.012003: sched_switch: prev_comm=swapper/1 prev_pid=0 prev_prio=120 prev_state=R ==> next_comm=ksoftirqd/1 next_pid=8111 next_prio=120
 Heap thread poo-8114  [000] ...2  1420.012011: sched_switch: prev_comm=main prev_pid=8114 prev_prio=120 prev_state=S ==> next_comm=swapper/0 next_pid=0 next_prio=120
     ksoftirqd/1-8111  [001] ...2  1420.012014: sched_switch: prev_comm=ksoftirqd/1 prev_pid=8111 prev_prio=120 prev_state=S ==> next_comm=main next_pid=8112 next_prio=120
          <idle>-0     [000] ...2  1420.012029: sched_switch: prev_comm=swapper/0 prev_pid=0 prev_prio=120 prev_state=R ==> next_comm=ksoftirqd/0 next_pid=3 next_prio=120
     ksoftirqd/0-3     [000] ...2  1420.012038: sched_switch: prev_comm=ksoftirqd/0 prev_pid=3 prev_prio=120 prev_state=S ==> next_comm=main next_pid=8113 next_prio=120
 Heap thread poo-8112  [001] ...2  1420.012041: sched_switch: prev_comm=main prev_pid=8112 prev_prio=120 prev_state=D ==> next_comm=swapper/1 next_pid=0 next_prio=120
 Heap thread poo-8113  [000] ...2  1420.012056: sched_switch: prev_comm=main prev_pid=8113 prev_prio=120 prev_state=D ==> next_comm=swapper/0 next_pid=0 next_prio=120
          <idle>-0     [001] ...2  1420.012069: sched_switch: prev_comm=swapper/1 prev_pid=0 prev_prio=120 prev_state=R ==> next_comm=ksoftirqd/1 next_pid=8111 next_prio=120
          <idle>-0     [000] ...2  1420.012071: sched_switch: prev_comm=swapper/0 prev_pid=0 prev_prio=120 prev_state=R ==> next_comm=ksoftirqd/0 next_pid=3 next_prio=120
     ksoftirqd/0-3     [000] ...2  1420.012078: sched_switch: prev_comm=ksoftirqd/0 prev_pid=3 prev_prio=120 prev_state=S ==> next_comm=swapper/0 next_pid=0 next_prio=120
     ksoftirqd/1-8111  [001] ...2  1420.012082: sched_switch: prev_comm=ksoftirqd/1 prev_pid=8111 prev_prio=120 prev_state=S ==> next_comm=main next_pid=8112 next_prio=120
          <idle>-0     [000] ...2  1420.012104: sched_switch: prev_comm=swapper/0 prev_pid=0 prev_prio=120 prev_state=R ==> next_comm=main next_pid=8113 next_prio=120
 Heap thread poo-8112  [001] ...2  1420.012106: sched_switch: prev_comm=main prev_pid=8112 prev_prio=120 prev_state=D ==> next_comm=swapper/1 next_pid=0 next_prio=120
 Heap thread poo-8113  [000] ...2  1420.012121: sched_switch: prev_comm=main prev_pid=8113 prev_prio=120 prev_state=D ==> next_comm=swapper/0 next_pid=0 next_prio=120
          <idle>-0     [001] ...2  1420.012127: sched_switch: prev_comm=swapper/1 prev_pid=0 prev_prio=120 prev_state=R ==> next_comm=main next_pid=8112 next_prio=120
 Heap thread poo-8112  [001] ...2  1420.012151: sched_switch: prev_comm=main prev_pid=8112 prev_prio=120 prev_state=D ==> next_comm=swapper/1 next_pid=0 next_prio=120
          <idle>-0     [000] ...2  1420.012152: sched_switch: prev_comm=swapper/0 prev_pid=0 prev_prio=120 prev_state=R ==> next_comm=main next_pid=8113 next_prio=120
 Heap thread poo-8113  [000] ...2  1420.012164: sched_switch: prev_comm=main prev_pid=8113 prev_prio=120 prev_state=D ==> next_comm=swapper/0 next_pid=0 next_prio=120
          <idle>-0     [001] ...2  1420.012175: sched_switch: prev_comm=swapper/1 prev_pid=0 prev_prio=120 prev_state=R ==> next_comm=main next_pid=8112 next_prio=120
          <idle>-0     [000] ...2  1420.012200: sched_switch: prev_comm=swapper/0 prev_pid=0 prev_prio=120 prev_state=R ==> next_comm=main next_pid=8113 next_prio=120
 Heap thread poo-8112  [001] ...2  1420.012202: sched_switch: prev_comm=main prev_pid=8112 prev_prio=120 prev_state=D ==> next_comm=swapper/1 next_pid=0 next_prio=120
          <idle>-0     [001] ...2  1420.012225: sched_switch: prev_comm=swapper/1 prev_pid=0 prev_prio=120 prev_state=R ==> next_comm=main next_pid=8112 next_prio=120
 Heap thread poo-8113  [000] ...2  1420.012264: sched_switch: prev_comm=main prev_pid=8113 prev_prio=120 prev_state=S ==> next_comm=main next_pid=8114 next_prio=120
 Heap thread poo-8114  [000] ...2  1420.012276: sched_switch: prev_comm=main prev_pid=8114 prev_prio=120 prev_state=S ==> next_comm=swapper/0 next_pid=0 next_prio=120
          <idle>-0     [000] ...2  1420.012291: sched_switch: prev_comm=swapper/0 prev_pid=0 prev_prio=120 prev_state=R ==> next_comm=ksoftirqd/0 next_pid=3 next_prio=120
     ksoftirqd/0-3     [000] ...2  1420.012298: sched_switch: prev_comm=ksoftirqd/0 prev_pid=3 prev_prio=120 prev_state=S ==> next_comm=swapper/0 next_pid=0 next_prio=120
          <idle>-0     [000] ...2  1420.012311: sched_switch: prev_comm=swapper/0 prev_pid=0 prev_prio=120 prev_state=R ==> next_comm=ksoftirqd/0 next_pid=3 next_prio=120
     ksoftirqd/0-3     [000] ...2  1420.012317: sched_switch: prev_comm=ksoftirqd/0 prev_pid=3 prev_prio=120 prev_state=S ==> next_comm=swapper/0 next_pid=0 next_prio=120
          <idle>-0     [000] ...2  1420.012331: sched_switch: prev_comm=swapper/0 prev_pid=0 prev_prio=120 prev_state=R ==> next_comm=ksoftirqd/0 next_pid=3 next_prio=120
     ksoftirqd/0-3     [000] ...2  1420.012337: sched_switch: prev_comm=ksoftirqd/0 prev_pid=3 prev_prio=120 prev_state=S ==> next_comm=swapper/0 next_pid=0 next_prio=120
          <idle>-0     [000] ...2  1420.012992: sched_switch: prev_comm=swapper/0 prev_pid=0 prev_prio=120 prev_state=R ==> next_comm=main next_pid=8113 next_prio=120
 Heap thread poo-8113  [000] ...2  1420.013011: sched_switch: prev_comm=main prev_pid=8113 prev_prio=120 prev_state=D ==> next_comm=swapper/0 next_pid=0 next_prio=120
          <idle>-0     [000] ...2  1420.013018: sched_switch: prev_comm=swapper/0 prev_pid=0 prev_prio=120 prev_state=R ==> next_comm=main next_pid=8113 next_prio=120
 Heap thread poo-8112  [001] ...2  1420.013024: sched_switch: prev_comm=Heap thread poo prev_pid=8112 prev_prio=120 prev_state=S ==> next_comm=swapper/1 next_pid=0 next_prio=120
 Heap thread poo-8113  [000] ...2  1420.013383: sched_switch: prev_comm=Heap thread poo prev_pid=8113 prev_prio=120 prev_state=S ==> next_comm=main next_pid=8114 next_prio=120
 Heap thread poo-8114  [000] ...2  1420.013773: sched_switch: prev_comm=Heap thread poo prev_pid=8114 prev_prio=120 prev_state=R+ ==> next_comm=main next_pid=8107 next_prio=120
          <idle>-0     [001] ...2  1420.013795: sched_switch: prev_comm=swapper/1 prev_pid=0 prev_prio=120 prev_state=R ==> next_comm=Heap thread poo next_pid=8112 next_prio=120
 Heap thread poo-8112  [001] ...2  1420.013820: sched_switch: prev_comm=Heap thread poo prev_pid=8112 prev_prio=120 prev_state=R+ ==> next_comm=Heap thread poo next_pid=8113 next_prio=120
            main-8107  [000] ...2  1420.013834: sched_switch: prev_comm=main prev_pid=8107 prev_prio=120 prev_state=S ==> next_comm=Heap thread poo next_pid=8114 next_prio=120
 Heap thread poo-8113  [001] ...2  1420.013849: sched_switch: prev_comm=Heap thread poo prev_pid=8113 prev_prio=120 prev_state=S ==> next_comm=Heap thread poo next_pid=8112 next_prio=120
 Heap thread poo-8114  [000] ...2  1420.013850: sched_switch: prev_comm=Heap thread poo prev_pid=8114 prev_prio=120 prev_state=S ==> next_comm=main next_pid=8115 next_prio=120
 Heap thread poo-8112  [001] ...2  1420.013862: sched_switch: prev_comm=Heap thread poo prev_pid=8112 prev_prio=120 prev_state=D ==> next_comm=swapper/1 next_pid=0 next_prio=120
          <idle>-0     [001] ...2  1420.013869: sched_switch: prev_comm=swapper/1 prev_pid=0 prev_prio=120 prev_state=R ==> next_comm=Heap thread poo next_pid=8112 next_prio=120
 Heap thread poo-8112  [001] ...2  1420.013895: sched_switch: prev_comm=Heap thread poo prev_pid=8112 prev_prio=120 prev_state=S ==> next_comm=swapper/1 next_pid=0 next_prio=120
  Signal Catcher-8115  [000] ...2  1420.014306: sched_switch: prev_comm=Signal Catcher prev_pid=8115 prev_prio=120 prev_state=R+ ==> next_comm=main next_pid=8107 next_prio=120
          <idle>-0     [001] ...2  1420.014379: sched_switch: prev_comm=swapper/1 prev_pid=0 prev_prio=120 prev_state=R ==> next_comm=main next_pid=8116 next_prio=120
            main-8107  [000] ...2  1420.014380: sched_switch: prev_comm=main prev_pid=8107 prev_prio=120 prev_state=S ==> next_comm=Signal Catcher next_pid=8115 next_prio=120
  Signal Catcher-8115  [000] ...2  1420.014390: sched_switch: prev_comm=Signal Catcher prev_pid=8115 prev_prio=120 prev_state=S ==> next_comm=swapper/0 next_pid=0 next_prio=120
          <idle>-0     [000] ...2  1420.015129: sched_switch: prev_comm=swapper/0 prev_pid=0 prev_prio=120 prev_state=R ==> next_comm=main next_pid=8107 next_prio=120
            JDWP-8116  [001] ...2  1420.015226: sched_switch: prev_comm=JDWP prev_pid=8116 prev_prio=120 prev_state=R+ ==> next_comm=adbd next_pid=778 next_prio=120
            main-8107  [000] d..2  1420.015285: block_rq_insert: 179,0 R 0 () 4067352 + 8 [main]
            main-8107  [000] d..2  1420.015289: block_rq_insert: 179,0 R 0 () 4067368 + 8 [main]
            main-8107  [000] ...2  1420.015300: sched_switch: prev_comm=main prev_pid=8107 prev_prio=120 prev_state=D|W ==> next_comm=mmcqd/1 next_pid=116 next_prio=120
         mmcqd/1-116   [000] ...2  1420.015353: sched_switch: prev_comm=mmcqd/1 prev_pid=116 prev_prio=120 prev_state=S ==> next_comm=swapper/0 next_pid=0 next_prio=120
            adbd-778   [001] ...2  1420.015395: sched_switch: prev_comm=adbd prev_pid=778 prev_prio=120 prev_state=S ==> next_comm=JDWP next_pid=8116 next_prio=120
            JDWP-8116  [001] ...2  1420.015424: sched_switch: prev_comm=JDWP prev_pid=8116 prev_prio=120 prev_state=R+ ==> next_comm=adbd next_pid=778 next_prio=120
          <idle>-0     [000] ...2  1420.015579: sched_switch: prev_comm=swapper/0 prev_pid=0 prev_prio=120 prev_state=R ==> next_comm=mmcqd/1 next_pid=116 next_prio=120
            adbd-778   [001] ...2  1420.015600: sched_switch: prev_comm=adbd prev_pid=778 prev_prio=120 prev_state=S ==> next_comm=JDWP next_pid=8116 next_prio=120
         mmcqd/1-116   [000] ...1  1420.015604: block_rq_complete: 179,0 RA () 4067352 + 8 [0]
         mmcqd/1-116   [000] ...2  1420.015616: sched_switch: prev_comm=mmcqd/1 prev_pid=116 prev_prio=120 prev_state=S ==> next_comm=swapper/0 next_pid=0 next_prio=120
            JDWP-8116  [001] ...2  1420.015622: sched_switch: prev_comm=JDWP prev_pid=8116 prev_prio=120 prev_state=S ==> next_comm=swapper/1 next_pid=0 next_prio=120
          <idle>-0     [000] ...2  1420.015862: sched_switch: prev_comm=swapper/0 prev_pid=0 prev_prio=120 prev_state=R ==> next_comm=mmcqd/1 next_pid=116 next_prio=120
         mmcqd/1-116   [000] ...1  1420.015872: block_rq_complete: 179,0 RA () 4067368 + 8 [0]
         mmcqd/1-116   [000] ...2  1420.015889: sched_switch: prev_comm=mmcqd/1 prev_pid=116 prev_prio=120 prev_state=R+ ==> next_comm=kworker/0:1H next_pid=17 next_prio=100
    kworker/0:1H-17    [000] ...2  1420.015897: sched_switch: prev_comm=kworker/0:1H prev_pid=17 prev_prio=100 prev_state=S ==> next_comm=mmcqd/1 next_pid=116 next_prio=120
         mmcqd/1-116   [000] ...2  1420.015907: sched_switch: prev_comm=mmcqd/1 prev_pid=116 prev_prio=120 prev_state=S ==> next_comm=main next_pid=8107 next_prio=120
            main-8107  [000] d..2  1420.016294: block_rq_insert: 179,0 R 0 () 3993912 + 8 [main]
            main-8107  [000] d..2  1420.016297: block_rq_insert: 179,0 R 0 () 3993944 + 16 [main]
            main-8107  [000] d..2  1420.016299: block_rq_insert: 179,0 R 0 () 3993968 + 72 [main]
            main-8107  [000] ...2  1420.016311: sched_switch: prev_comm=main prev_pid=8107 prev_prio=120 prev_state=D|W ==> next_comm=mmcqd/1 next_pid=116 next_prio=120
         mmcqd/1-116   [000] ...2  1420.016360: sched_switch: prev_comm=mmcqd/1 prev_pid=116 prev_prio=120 prev_state=S ==> next_comm=swapper/0 next_pid=0 next_prio=120
          <idle>-0     [000] ...2  1420.016589: sched_switch: prev_comm=swapper/0 prev_pid=0 prev_prio=120 prev_state=R ==> next_comm=mmcqd/1 next_pid=116 next_prio=120
         mmcqd/1-116   [000] ...1  1420.016616: block_rq_complete: 179,0 RA () 3993912 + 8 [0]
         mmcqd/1-116   [000] ...2  1420.016658: sched_switch: prev_comm=mmcqd/1 prev_pid=116 prev_prio=120 prev_state=S ==> next_comm=main next_pid=8107 next_prio=120
            main-8107  [000] d..2  1420.016798: block_rq_insert: 179,0 R 0 () 4026856 + 24 [main]
            main-8107  [000] d..2  1420.016800: block_rq_insert: 179,0 R 0 () 4026944 + 8 [main]
            main-8107  [000] d..2  1420.016802: block_rq_insert: 179,0 R 0 () 4026960 + 40 [main]
            main-8107  [000] d..2  1420.016803: block_rq_insert: 179,0 R 0 () 4027008 + 24 [main]
            main-8107  [000] ...2  1420.016810: sched_switch: prev_comm=main prev_pid=8107 prev_prio=120 prev_state=D|W ==> next_comm=swapper/0 next_pid=0 next_prio=120
          <idle>-0     [000] ...2  1420.016966: sched_switch: prev_comm=swapper/0 prev_pid=0 prev_prio=120 prev_state=R ==> next_comm=mmcqd/1 next_pid=116 next_prio=120
         mmcqd/1-116   [000] ...1  1420.016994: block_rq_complete: 179,0 RA () 3993944 + 16 [0]
         mmcqd/1-116   [000] ...2  1420.017019: sched_switch: prev_comm=mmcqd/1 prev_pid=116 prev_prio=120 prev_state=S ==> next_comm=swapper/0 next_pid=0 next_prio=120
          <idle>-0     [000] ...2  1420.017572: sched_switch: prev_comm=swapper/0 prev_pid=0 prev_prio=120 prev_state=R ==> next_comm=mmcqd/1 next_pid=116 next_prio=120
         mmcqd/1-116   [000] ...1  1420.017612: block_rq_complete: 179,0 RA () 3993968 + 72 [0]
         mmcqd/1-116   [000] ...2  1420.017633: sched_switch: prev_comm=mmcqd/1 prev_pid=116 prev_prio=120 prev_state=S ==> next_comm=swapper/0 next_pid=0 next_prio=120
          <idle>-0     [000] ...2  1420.017900: sched_switch: prev_comm=swapper/0 prev_pid=0 prev_prio=120 prev_state=R ==> next_comm=mmcqd/1 next_pid=116 next_prio=120
         mmcqd/1-116   [000] ...1  1420.017929: block_rq_complete: 179,0 RA () 4026856 + 24 [0]
         mmcqd/1-116   [000] ...2  1420.017956: sched_switch: prev_comm=mmcqd/1 prev_pid=116 prev_prio=120 prev_state=S ==> next_comm=swapper/0 next_pid=0 next_prio=120
          <idle>-0     [000] ...2  1420.018184: sched_switch: prev_comm=swapper/0 prev_pid=0 prev_prio=120 prev_state=R ==> next_comm=mmcqd/1 next_pid=116 next_prio=120
         mmcqd/1-116   [000] ...1  1420.018210: block_rq_complete: 179,0 RA () 4026944 + 8 [0]
         mmcqd/1-116   [000] ...2  1420.018236: sched_switch: prev_comm=mmcqd/1 prev_pid=116 prev_prio=120 prev_state=S ==> next_comm=main next_pid=8107 next_prio=120
            main-8107  [000] d..2  1420.018292: block_rq_insert: 179,0 R 0 () 4028616 + 96 [main]
            main-8107  [000] d..2  1420.018295: block_rq_insert: 179,0 R 0 () 4028736 + 56 [main]
            main-8107  [000] ...2  1420.018301: sched_switch: prev_comm=main prev_pid=8107 prev_prio=120 prev_state=D|W ==> next_comm=swapper/0 next_pid=0 next_prio=120
          <idle>-0     [000] ...2  1420.018649: sched_switch: prev_comm=swapper/0 prev_pid=0 prev_prio=120 prev_state=R ==> next_comm=mmcqd/1 next_pid=116 next_prio=120
         mmcqd/1-116   [000] ...1  1420.018682: block_rq_complete: 179,0 RA () 4026960 + 40 [0]
         mmcqd/1-116   [000] ...2  1420.018725: sched_switch: prev_comm=mmcqd/1 prev_pid=116 prev_prio=120 prev_state=S ==> next_comm=swapper/0 next_pid=0 next_prio=120
          <idle>-0     [000] ...2  1420.018914: sched_switch: prev_comm=swapper/0 prev_pid=0 prev_prio=120 prev_state=R ==> next_comm=ksoftirqd/0 next_pid=3 next_prio=120
     ksoftirqd/0-3     [000] ...2  1420.018922: sched_switch: prev_comm=ksoftirqd/0 prev_pid=3 prev_prio=120 prev_state=S ==> next_comm=swapper/0 next_pid=0 next_prio=120
          <idle>-0     [001] ...2  1420.018932: sched_switch: prev_comm=swapper/1 prev_pid=0 prev_prio=120 prev_state=R ==> next_comm=kworker/1:0H next_pid=8110 next_prio=100
          <idle>-0     [000] ...2  1420.018936: sched_switch: prev_comm=swapper/0 prev_pid=0 prev_prio=120 prev_state=R ==> next_comm=ksoftirqd/0 next_pid=3 next_prio=120
    kworker/1:0H-8110  [001] ...2  1420.018960: sched_switch: prev_comm=kworker/1:0H prev_pid=8110 prev_prio=100 prev_state=D ==> next_comm=ksoftirqd/1 next_pid=8111 next_prio=120
     ksoftirqd/0-3     [000] ...2  1420.018964: sched_switch: prev_comm=ksoftirqd/0 prev_pid=3 prev_prio=120 prev_state=S ==> next_comm=swapper/0 next_pid=0 next_prio=120
          <idle>-0     [000] ...2  1420.018969: sched_switch: prev_comm=swapper/0 prev_pid=0 prev_prio=120 prev_state=R ==> next_comm=kthreadd next_pid=2 next_prio=98
     ksoftirqd/1-8111  [001] ...2  1420.018978: sched_switch: prev_comm=ksoftirqd/1 prev_pid=8111 prev_prio=120 prev_state=S ==> next_comm=swapper/1 next_pid=0 next_prio=120
        kthreadd-2     [000] ...2  1420.018995: sched_switch: prev_comm=kthreadd prev_pid=2 prev_prio=98 prev_state=S ==> next_comm=mmcqd/1 next_pid=116 next_prio=120
          <idle>-0     [001] ...2  1420.019003: sched_switch: prev_comm=swapper/1 prev_pid=0 prev_prio=120 prev_state=R ==> next_comm=kthreadd next_pid=8117 next_prio=98
    kworker/1:1H-8117  [001] ...2  1420.019019: sched_switch: prev_comm=kthreadd prev_pid=8117 prev_prio=98 prev_state=D ==> next_comm=kworker/1:0H next_pid=8110 next_prio=100
         mmcqd/1-116   [000] ...1  1420.019024: block_rq_complete: 179,0 RA () 4027008 + 24 [0]
         mmcqd/1-116   [000] ...2  1420.019054: sched_switch: prev_comm=mmcqd/1 prev_pid=116 prev_prio=120 prev_state=S ==> next_comm=swapper/0 next_pid=0 next_prio=120
    kworker/1:0H-8110  [001] ...2  1420.019065: sched_switch: prev_comm=kworker/1:0H prev_pid=8110 prev_prio=100 prev_state=D ==> next_comm=kworker/1:1H next_pid=8117 next_prio=100
    kworker/1:1H-8117  [001] ...2  1420.019086: sched_switch: prev_comm=kworker/1:1H prev_pid=8117 prev_prio=100 prev_state=D ==> next_comm=ksoftirqd/1 next_pid=8111 next_prio=120
          <idle>-0     [000] ...2  1420.019087: sched_switch: prev_comm=swapper/0 prev_pid=0 prev_prio=120 prev_state=R ==> next_comm=kthreadd next_pid=2 next_prio=98
     ksoftirqd/1-8111  [001] ...2  1420.019100: sched_switch: prev_comm=ksoftirqd/1 prev_pid=8111 prev_prio=120 prev_state=S ==> next_comm=swapper/1 next_pid=0 next_prio=120
        kthreadd-2     [000] ...2  1420.019109: sched_switch: prev_comm=kthreadd prev_pid=2 prev_prio=98 prev_state=S ==> next_comm=swapper/0 next_pid=0 next_prio=120
          <idle>-0     [001] ...2  1420.019127: sched_switch: prev_comm=swapper/1 prev_pid=0 prev_prio=120 prev_state=R ==> next_comm=kthreadd next_pid=8118 next_prio=98
    kworker/1:2H-8118  [001] ...2  1420.019142: sched_switch: prev_comm=kthreadd prev_pid=8118 prev_prio=98 prev_state=D ==> next_comm=kworker/1:1H next_pid=8117 next_prio=100
    kworker/1:1H-8117  [001] ...2  1420.019188: sched_switch: prev_comm=kworker/1:1H prev_pid=8117 prev_prio=100 prev_state=S ==> next_comm=kworker/1:2H next_pid=8118 next_prio=100
    kworker/1:2H-8118  [001] ...2  1420.019196: sched_switch: prev_comm=kworker/1:2H prev_pid=8118 prev_prio=100 prev_state=S ==> next_comm=kworker/1:0H next_pid=8110 next_prio=100
    kworker/1:0H-8110  [001] ...2  1420.019210: sched_switch: prev_comm=kworker/1:0H prev_pid=8110 prev_prio=100 prev_state=S ==> next_comm=ksoftirqd/1 next_pid=8111 next_prio=120
     ksoftirqd/1-8111  [001] ...2  1420.019229: sched_switch: prev_comm=ksoftirqd/1 prev_pid=8111 prev_prio=120 prev_state=S ==> next_comm=swapper/1 next_pid=0 next_prio=120
          <idle>-0     [000] ...2  1420.019782: sched_switch: prev_comm=swapper/0 prev_pid=0 prev_prio=120 prev_state=R ==> next_comm=mmcqd/1 next_pid=116 next_prio=120
         mmcqd/1-116   [000] ...1  1420.019827: block_rq_complete: 179,0 RA () 4028616 + 96 [0]
         mmcqd/1-116   [000] ...2  1420.019846: sched_switch: prev_comm=mmcqd/1 prev_pid=116 prev_prio=120 prev_state=S ==> next_comm=main next_pid=8107 next_prio=120
          <idle>-0     [001] ...2  1420.019959: sched_switch: prev_comm=swapper/1 prev_pid=0 prev_prio=120 prev_state=R ==> next_comm=main next_pid=8119 next_prio=120
            main-8107  [000] d..2  1420.020191: block_rq_insert: 179,0 R 0 () 3993624 + 48 [main]
            main-8107  [000] d..2  1420.020194: block_rq_insert: 179,0 R 0 () 3993688 + 24 [main]
            main-8107  [000] d..2  1420.020195: block_rq_insert: 179,0 R 0 () 3993752 + 8 [main]
            main-8107  [000] ...2  1420.020206: sched_switch: prev_comm=main prev_pid=8107 prev_prio=120 prev_state=D|W ==> next_comm=mmcqd/1 next_pid=116 next_prio=120
         mmcqd/1-116   [000] ...2  1420.020230: sched_switch: prev_comm=mmcqd/1 prev_pid=116 prev_prio=120 prev_state=S ==> next_comm=swapper/0 next_pid=0 next_prio=120
          <idle>-0     [000] ...2  1420.020309: sched_switch: prev_comm=swapper/0 prev_pid=0 prev_prio=120 prev_state=R ==> next_comm=mmcqd/1 next_pid=116 next_prio=120
         mmcqd/1-116   [000] ...1  1420.020343: block_rq_complete: 179,0 RA () 4028736 + 56 [0]
         mmcqd/1-116   [000] ...2  1420.020365: sched_switch: prev_comm=mmcqd/1 prev_pid=116 prev_prio=120 prev_state=S ==> next_comm=swapper/0 next_pid=0 next_prio=120
 ReferenceQueueD-8119  [001] ...2  1420.020676: sched_switch: prev_comm=ReferenceQueueD prev_pid=8119 prev_prio=120 prev_state=S ==> next_comm=swapper/1 next_pid=0 next_prio=120
          <idle>-0     [001] ...2  1420.020698: sched_switch: prev_comm=swapper/1 prev_pid=0 prev_prio=120 prev_state=R ==> next_comm=ksoftirqd/1 next_pid=8111 next_prio=120
     ksoftirqd/1-8111  [001] ...2  1420.020712: sched_switch: prev_comm=ksoftirqd/1 prev_pid=8111 prev_prio=120 prev_state=S ==> next_comm=swapper/1 next_pid=0 next_prio=120
          <idle>-0     [001] ...2  1420.020734: sched_switch: prev_comm=swapper/1 prev_pid=0 prev_prio=120 prev_state=R ==> next_comm=ksoftirqd/1 next_pid=8111 next_prio=120
     ksoftirqd/1-8111  [001] ...2  1420.020747: sched_switch: prev_comm=ksoftirqd/1 prev_pid=8111 prev_prio=120 prev_state=S ==> next_comm=swapper/1 next_pid=0 next_prio=120
          <idle>-0     [001] ...2  1420.020766: sched_switch: prev_comm=swapper/1 prev_pid=0 prev_prio=120 prev_state=R ==> next_comm=ksoftirqd/1 next_pid=8111 next_prio=120
     ksoftirqd/1-8111  [001] ...2  1420.020782: sched_switch: prev_comm=ksoftirqd/1 prev_pid=8111 prev_prio=120 prev_state=S ==> next_comm=swapper/1 next_pid=0 next_prio=120
          <idle>-0     [000] ...2  1420.020802: sched_switch: prev_comm=swapper/0 prev_pid=0 prev_prio=120 prev_state=R ==> next_comm=mmcqd/1 next_pid=116 next_prio=120
         mmcqd/1-116   [000] ...1  1420.020838: block_rq_complete: 179,0 RA () 3993624 + 48 [0]
         mmcqd/1-116   [000] ...2  1420.020858: sched_switch: prev_comm=mmcqd/1 prev_pid=116 prev_prio=120 prev_state=S ==> next_comm=swapper/0 next_pid=0 next_prio=120
          <idle>-0     [000] ...2  1420.021204: sched_switch: prev_comm=swapper/0 prev_pid=0 prev_prio=120 prev_state=R ==> next_comm=mmcqd/1 next_pid=116 next_prio=120
         mmcqd/1-116   [000] ...1  1420.021232: block_rq_complete: 179,0 RA () 3993688 + 24 [0]
         mmcqd/1-116   [000] ...2  1420.021245: sched_switch: prev_comm=mmcqd/1 prev_pid=116 prev_prio=120 prev_state=S ==> next_comm=swapper/0 next_pid=0 next_prio=120
          <idle>-0     [000] ...2  1420.021477: sched_switch: prev_comm=swapper/0 prev_pid=0 prev_prio=120 prev_state=R ==> next_comm=mmcqd/1 next_pid=116 next_prio=120
         mmcqd/1-116   [000] ...1  1420.021487: block_rq_complete: 179,0 RA () 3993752 + 8 [0]
         mmcqd/1-116   [000] ...2  1420.021503: sched_switch: prev_comm=mmcqd/1 prev_pid=116 prev_prio=120 prev_state=R+ ==> next_comm=kworker/0:1H next_pid=17 next_prio=100
    kworker/0:1H-17    [000] ...2  1420.021510: sched_switch: prev_comm=kworker/0:1H prev_pid=17 prev_prio=100 prev_state=S ==> next_comm=mmcqd/1 next_pid=116 next_prio=120
         mmcqd/1-116   [000] ...2  1420.021520: sched_switch: prev_comm=mmcqd/1 prev_pid=116 prev_prio=120 prev_state=S ==> next_comm=main next_pid=8107 next_prio=120
            main-8107  [000] d..2  1420.021609: block_rq_insert: 179,0 R 0 () 4019800 + 24 [main]
            main-8107  [000] d..2  1420.021611: block_rq_insert: 179,0 R 0 () 4019896 + 8 [main]
            main-8107  [000] d..2  1420.021613: block_rq_insert: 179,0 R 0 () 4019928 + 8 [main]
            main-8107  [000] ...2  1420.021624: sched_switch: prev_comm=main prev_pid=8107 prev_prio=120 prev_state=D|W ==> next_comm=mmcqd/1 next_pid=116 next_prio=120
         mmcqd/1-116   [000] ...2  1420.021672: sched_switch: prev_comm=mmcqd/1 prev_pid=116 prev_prio=120 prev_state=S ==> next_comm=swapper/0 next_pid=0 next_prio=120
          <idle>-0     [000] ...2  1420.022033: sched_switch: prev_comm=swapper/0 prev_pid=0 prev_prio=120 prev_state=R ==> next_comm=mmcqd/1 next_pid=116 next_prio=120
         mmcqd/1-116   [000] ...1  1420.022062: block_rq_complete: 179,0 RA () 4019800 + 24 [0]
         mmcqd/1-116   [000] ...2  1420.022081: sched_switch: prev_comm=mmcqd/1 prev_pid=116 prev_prio=120 prev_state=S ==> next_comm=swapper/0 next_pid=0 next_prio=120
          <idle>-0     [000] ...2  1420.022302: sched_switch: prev_comm=swapper/0 prev_pid=0 prev_prio=120 prev_state=R ==> next_comm=mmcqd/1 next_pid=116 next_prio=120
         mmcqd/1-116   [000] ...1  1420.022327: block_rq_complete: 179,0 RA () 4019896 + 8 [0]
         mmcqd/1-116   [000] ...2  1420.022338: sched_switch: prev_comm=mmcqd/1 prev_pid=116 prev_prio=120 prev_state=S ==> next_comm=swapper/0 next_pid=0 next_prio=120
          <idle>-0     [000] ...2  1420.022581: sched_switch: prev_comm=swapper/0 prev_pid=0 prev_prio=120 prev_state=R ==> next_comm=mmcqd/1 next_pid=116 next_prio=120
         mmcqd/1-116   [000] ...1  1420.022591: block_rq_complete: 179,0 RA () 4019928 + 8 [0]
         mmcqd/1-116   [000] ...2  1420.022607: sched_switch: prev_comm=mmcqd/1 prev_pid=116 prev_prio=120 prev_state=R+ ==> next_comm=kworker/0:1H next_pid=17 next_prio=100
    kworker/0:1H-17    [000] ...2  1420.022614: sched_switch: prev_comm=kworker/0:1H prev_pid=17 prev_prio=100 prev_state=S ==> next_comm=mmcqd/1 next_pid=116 next_prio=120
         mmcqd/1-116   [000] ...2  1420.022623: sched_switch: prev_comm=mmcqd/1 prev_pid=116 prev_prio=120 prev_state=S ==> next_comm=main next_pid=8107 next_prio=120
            main-8107  [000] d..2  1420.022709: block_rq_insert: 179,0 R 0 () 4028368 + 104 [main]
            main-8107  [000] d..2  1420.022712: block_rq_insert: 179,0 R 0 () 4028480 + 32 [main]
            main-8107  [000] ...2  1420.022722: sched_switch: prev_comm=main prev_pid=8107 prev_prio=120 prev_state=D|W ==> next_comm=mmcqd/1 next_pid=116 next_prio=120
         mmcqd/1-116   [000] ...2  1420.022798: sched_switch: prev_comm=mmcqd/1 prev_pid=116 prev_prio=120 prev_state=S ==> next_comm=swapper/0 next_pid=0 next_prio=120
          <idle>-0     [000] ...2  1420.023579: sched_switch: prev_comm=swapper/0 prev_pid=0 prev_prio=120 prev_state=R ==> next_comm=mmcqd/1 next_pid=116 next_prio=120
         mmcqd/1-116   [000] ...1  1420.023625: block_rq_complete: 179,0 RA () 4028368 + 104 [0]
         mmcqd/1-116   [000] ...2  1420.023640: sched_switch: prev_comm=mmcqd/1 prev_pid=116 prev_prio=120 prev_state=S ==> next_comm=swapper/0 next_pid=0 next_prio=120
          <idle>-0     [000] ...2  1420.023950: sched_switch: prev_comm=swapper/0 prev_pid=0 prev_prio=120 prev_state=R ==> next_comm=mmcqd/1 next_pid=116 next_prio=120
         mmcqd/1-116   [000] ...1  1420.023965: block_rq_complete: 179,0 RA () 4028480 + 32 [0]
         mmcqd/1-116   [000] ...2  1420.023983: sched_switch: prev_comm=mmcqd/1 prev_pid=116 prev_prio=120 prev_state=R+ ==> next_comm=kworker/0:1H next_pid=17 next_prio=100
    kworker/0:1H-17    [000] ...2  1420.023990: sched_switch: prev_comm=kworker/0:1H prev_pid=17 prev_prio=100 prev_state=S ==> next_comm=mmcqd/1 next_pid=116 next_prio=120
         mmcqd/1-116   [000] ...2  1420.023999: sched_switch: prev_comm=mmcqd/1 prev_pid=116 prev_prio=120 prev_state=S ==> next_comm=main next_pid=8107 next_prio=120
          <idle>-0     [001] ...2  1420.024100: sched_switch: prev_comm=swapper/1 prev_pid=0 prev_prio=120 prev_state=R ==> next_comm=main next_pid=8120 next_prio=120
            main-8107  [000] ...2  1420.024291: sched_switch: prev_comm=main prev_pid=8107 prev_prio=120 prev_state=S ==> next_comm=swapper/0 next_pid=0 next_prio=120
          <idle>-0     [000] ...2  1420.024723: sched_switch: prev_comm=swapper/0 prev_pid=0 prev_prio=120 prev_state=R ==> next_comm=main next_pid=8107 next_prio=120
 FinalizerDaemon-8120  [001] ...2  1420.024797: sched_switch: prev_comm=FinalizerDaemon prev_pid=8120 prev_prio=120 prev_state=S ==> next_comm=main next_pid=8121 next_prio=120
            main-8107  [000] ...2  1420.025012: sched_switch: prev_comm=main prev_pid=8107 prev_prio=120 prev_state=S ==> next_comm=swapper/0 next_pid=0 next_prio=120
          <idle>-0     [000] ...2  1420.025435: sched_switch: prev_comm=swapper/0 prev_pid=0 prev_prio=120 prev_state=R ==> next_comm=main next_pid=8107 next_prio=120
 FinalizerWatchd-8121  [001] ...2  1420.025493: sched_switch: prev_comm=FinalizerWatchd prev_pid=8121 prev_prio=120 prev_state=S ==> next_comm=main next_pid=8122 next_prio=120
            main-8107  [000] ...2  1420.025695: sched_switch: prev_comm=main prev_pid=8107 prev_prio=120 prev_state=S ==> next_comm=swapper/0 next_pid=0 next_prio=120
          <idle>-0     [000] ...2  1420.026104: sched_switch: prev_comm=swapper/0 prev_pid=0 prev_prio=120 prev_state=R ==> next_comm=main next_pid=8107 next_prio=120
            main-8107  [000] ...2  1420.026120: sched_switch: prev_comm=main prev_pid=8107 prev_prio=120 prev_state=D ==> next_comm=swapper/0 next_pid=0 next_prio=120
          <idle>-0     [000] ...2  1420.026130: sched_switch: prev_comm=swapper/0 prev_pid=0 prev_prio=120 prev_state=R ==> next_comm=main next_pid=8107 next_prio=120
 HeapTrimmerDaem-8122  [001] ...2  1420.026169: sched_switch: prev_comm=HeapTrimmerDaem prev_pid=8122 prev_prio=120 prev_state=S ==> next_comm=main next_pid=8123 next_prio=120
            main-8107  [000] d..2  1420.026366: block_rq_insert: 179,0 R 0 () 4008360 + 48 [main]
            main-8107  [000] d..2  1420.026370: block_rq_insert: 179,0 R 0 () 4008432 + 16 [main]
            main-8107  [000] d..2  1420.026373: block_rq_insert: 179,0 R 0 () 4008456 + 8 [main]
            main-8107  [000] d..2  1420.026375: block_rq_insert: 179,0 R 0 () 4008536 + 16 [main]
            main-8107  [000] ...2  1420.026386: sched_switch: prev_comm=main prev_pid=8107 prev_prio=120 prev_state=D|W ==> next_comm=mmcqd/1 next_pid=116 next_prio=120
         mmcqd/1-116   [000] ...2  1420.026432: sched_switch: prev_comm=mmcqd/1 prev_pid=116 prev_prio=120 prev_state=S ==> next_comm=swapper/0 next_pid=0 next_prio=120
          <idle>-0     [000] ...2  1420.026733: sched_switch: prev_comm=swapper/0 prev_pid=0 prev_prio=120 prev_state=R ==> next_comm=mmcqd/1 next_pid=116 next_prio=120
         mmcqd/1-116   [000] ...1  1420.026759: block_rq_complete: 179,0 RA () 4008536 + 16 [0]
         mmcqd/1-116   [000] ...2  1420.026779: sched_switch: prev_comm=mmcqd/1 prev_pid=116 prev_prio=120 prev_state=S ==> next_comm=swapper/0 next_pid=0 next_prio=120
        GCDaemon-8123  [001] ...2  1420.026844: sched_switch: prev_comm=GCDaemon prev_pid=8123 prev_prio=120 prev_state=S ==> next_comm=swapper/1 next_pid=0 next_prio=120
          <idle>-0     [001] ...2  1420.026866: sched_switch: prev_comm=swapper/1 prev_pid=0 prev_prio=120 prev_state=R ==> next_comm=ksoftirqd/1 next_pid=8111 next_prio=120
     ksoftirqd/1-8111  [001] ...2  1420.026879: sched_switch: prev_comm=ksoftirqd/1 prev_pid=8111 prev_prio=120 prev_state=S ==> next_comm=swapper/1 next_pid=0 next_prio=120
          <idle>-0     [001] ...2  1420.026900: sched_switch: prev_comm=swapper/1 prev_pid=0 prev_prio=120 prev_state=R ==> next_comm=ksoftirqd/1 next_pid=8111 next_prio=120
     ksoftirqd/1-8111  [001] ...2  1420.026911: sched_switch: prev_comm=ksoftirqd/1 prev_pid=8111 prev_prio=120 prev_state=S ==> next_comm=swapper/1 next_pid=0 next_prio=120
          <idle>-0     [001] ...2  1420.026929: sched_switch: prev_comm=swapper/1 prev_pid=0 prev_prio=120 prev_state=R ==> next_comm=ksoftirqd/1 next_pid=8111 next_prio=120
     ksoftirqd/1-8111  [001] ...2  1420.026947: sched_switch: prev_comm=ksoftirqd/1 prev_pid=8111 prev_prio=120 prev_state=S ==> next_comm=swapper/1 next_pid=0 next_prio=120
          <idle>-0     [000] ...2  1420.026996: sched_switch: prev_comm=swapper/0 prev_pid=0 prev_prio=120 prev_state=R ==> next_comm=mmcqd/1 next_pid=116 next_prio=120
         mmcqd/1-116   [000] ...1  1420.027022: block_rq_complete: 179,0 RA () 4008456 + 8 [0]
         mmcqd/1-116   [000] ...2  1420.027056: sched_switch: prev_comm=mmcqd/1 prev_pid=116 prev_prio=120 prev_state=S ==> next_comm=main next_pid=8107 next_prio=120
            main-8107  [000] ...2  1420.027073: sched_switch: prev_comm=main prev_pid=8107 prev_prio=120 prev_state=D|W ==> next_comm=swapper/0 next_pid=0 next_prio=120
          <idle>-0     [000] ...2  1420.027334: sched_switch: prev_comm=swapper/0 prev_pid=0 prev_prio=120 prev_state=R ==> next_comm=mmcqd/1 next_pid=116 next_prio=120
         mmcqd/1-116   [000] ...1  1420.027361: block_rq_complete: 179,0 RA () 4008432 + 16 [0]
         mmcqd/1-116   [000] ...2  1420.027376: sched_switch: prev_comm=mmcqd/1 prev_pid=116 prev_prio=120 prev_state=S ==> next_comm=main next_pid=8107 next_prio=120
            main-8107  [000] d..2  1420.027647: block_rq_insert: 179,0 R 0 () 4079784 + 8 [main]
            main-8107  [000] d..2  1420.027650: block_rq_insert: 179,0 R 0 () 4079880 + 40 [main]
            main-8107  [000] ...2  1420.027662: sched_switch: prev_comm=main prev_pid=8107 prev_prio=120 prev_state=D|W ==> next_comm=mmcqd/1 next_pid=116 next_prio=120
         mmcqd/1-116   [000] ...2  1420.027678: sched_switch: prev_comm=mmcqd/1 prev_pid=116 prev_prio=120 prev_state=S ==> next_comm=swapper/0 next_pid=0 next_prio=120
          <idle>-0     [000] ...2  1420.027837: sched_switch: prev_comm=swapper/0 prev_pid=0 prev_prio=120 prev_state=R ==> next_comm=mmcqd/1 next_pid=116 next_prio=120
         mmcqd/1-116   [000] ...1  1420.027872: block_rq_complete: 179,0 RA () 4008360 + 48 [0]
         mmcqd/1-116   [000] ...2  1420.027902: sched_switch: prev_comm=mmcqd/1 prev_pid=116 prev_prio=120 prev_state=S ==> next_comm=swapper/0 next_pid=0 next_prio=120
          <idle>-0     [000] ...2  1420.028093: sched_switch: prev_comm=swapper/0 prev_pid=0 prev_prio=120 prev_state=R ==> next_comm=mmcqd/1 next_pid=116 next_prio=120
         mmcqd/1-116   [000] ...1  1420.028118: block_rq_complete: 179,0 RA () 4079784 + 8 [0]
         mmcqd/1-116   [000] ...2  1420.028130: sched_switch: prev_comm=mmcqd/1 prev_pid=116 prev_prio=120 prev_state=S ==> next_comm=swapper/0 next_pid=0 next_prio=120
          <idle>-0     [000] ...2  1420.028566: sched_switch: prev_comm=swapper/0 prev_pid=0 prev_prio=120 prev_state=R ==> next_comm=mmcqd/1 next_pid=116 next_prio=120
         mmcqd/1-116   [000] ...1  1420.028583: block_rq_complete: 179,0 RA () 4079880 + 40 [0]
         mmcqd/1-116   [000] ...2  1420.028602: sched_switch: prev_comm=mmcqd/1 prev_pid=116 prev_prio=120 prev_state=R+ ==> next_comm=kworker/0:1H next_pid=17 next_prio=100
    kworker/0:1H-17    [000] ...2  1420.028610: sched_switch: prev_comm=kworker/0:1H prev_pid=17 prev_prio=100 prev_state=S ==> next_comm=mmcqd/1 next_pid=116 next_prio=120
         mmcqd/1-116   [000] ...2  1420.028619: sched_switch: prev_comm=mmcqd/1 prev_pid=116 prev_prio=120 prev_state=S ==> next_comm=main next_pid=8107 next_prio=120
            main-8107  [000] d..2  1420.029900: block_rq_insert: 179,0 R 0 () 4084016 + 8 [main]
            main-8107  [000] d..2  1420.029905: block_rq_insert: 179,0 R 0 () 4084104 + 8 [main]
            main-8107  [000] d..2  1420.029907: block_rq_insert: 179,0 R 0 () 4084128 + 8 [main]
            main-8107  [000] ...2  1420.029919: sched_switch: prev_comm=main prev_pid=8107 prev_prio=120 prev_state=R+ ==> next_comm=mmcqd/1 next_pid=116 next_prio=120
         mmcqd/1-116   [000] ...2  1420.029971: sched_switch: prev_comm=mmcqd/1 prev_pid=116 prev_prio=120 prev_state=S ==> next_comm=main next_pid=8107 next_prio=120
            main-8107  [000] ...2  1420.029977: sched_switch: prev_comm=main prev_pid=8107 prev_prio=120 prev_state=D|W ==> next_comm=swapper/0 next_pid=0 next_prio=120
          <idle>-0     [000] ...2  1420.030202: sched_switch: prev_comm=swapper/0 prev_pid=0 prev_prio=120 prev_state=R ==> next_comm=mmcqd/1 next_pid=116 next_prio=120
         mmcqd/1-116   [000] ...1  1420.030229: block_rq_complete: 179,0 RA () 4084016 + 8 [0]
         mmcqd/1-116   [000] ...2  1420.030248: sched_switch: prev_comm=mmcqd/1 prev_pid=116 prev_prio=120 prev_state=S ==> next_comm=swapper/0 next_pid=0 next_prio=120
          <idle>-0     [000] ...2  1420.030463: sched_switch: prev_comm=swapper/0 prev_pid=0 prev_prio=120 prev_state=R ==> next_comm=mmcqd/1 next_pid=116 next_prio=120
         mmcqd/1-116   [000] ...1  1420.030489: block_rq_complete: 179,0 RA () 4084104 + 8 [0]
         mmcqd/1-116   [000] ...2  1420.030504: sched_switch: prev_comm=mmcqd/1 prev_pid=116 prev_prio=120 prev_state=S ==> next_comm=main next_pid=8107 next_prio=120
            main-8107  [000] ...2  1420.030749: sched_switch: prev_comm=main prev_pid=8107 prev_prio=120 prev_state=R+ ==> next_comm=mmcqd/1 next_pid=116 next_prio=120
         mmcqd/1-116   [000] ...1  1420.030760: block_rq_complete: 179,0 RA () 4084128 + 8 [0]
         mmcqd/1-116   [000] ...2  1420.030773: sched_switch: prev_comm=mmcqd/1 prev_pid=116 prev_prio=120 prev_state=R+ ==> next_comm=kworker/0:1H next_pid=17 next_prio=100
    kworker/0:1H-17    [000] ...2  1420.030782: sched_switch: prev_comm=kworker/0:1H prev_pid=17 prev_prio=100 prev_state=S ==> next_comm=mmcqd/1 next_pid=116 next_prio=120
         mmcqd/1-116   [000] ...2  1420.030791: sched_switch: prev_comm=mmcqd/1 prev_pid=116 prev_prio=120 prev_state=S ==> next_comm=main next_pid=8107 next_prio=120
            main-8107  [000] d..2  1420.031885: block_rq_insert: 179,0 R 0 () 4086360 + 56 [main]
            main-8107  [000] d..2  1420.031888: block_rq_insert: 179,0 R 0 () 4086424 + 72 [main]
            main-8107  [000] d..2  1420.031890: block_rq_insert: 179,0 R 0 () 4086528 + 32 [main]
            main-8107  [000] ...2  1420.031902: sched_switch: prev_comm=main prev_pid=8107 prev_prio=120 prev_state=R+ ==> next_comm=mmcqd/1 next_pid=116 next_prio=120
         mmcqd/1-116   [000] ...2  1420.031979: sched_switch: prev_comm=mmcqd/1 prev_pid=116 prev_prio=120 prev_state=S ==> next_comm=main next_pid=8107 next_prio=120
            main-8107  [000] ...2  1420.031986: sched_switch: prev_comm=main prev_pid=8107 prev_prio=120 prev_state=D|W ==> next_comm=swapper/0 next_pid=0 next_prio=120
          <idle>-0     [000] ...2  1420.032468: sched_switch: prev_comm=swapper/0 prev_pid=0 prev_prio=120 prev_state=R ==> next_comm=mmcqd/1 next_pid=116 next_prio=120
         mmcqd/1-116   [000] ...1  1420.032504: block_rq_complete: 179,0 RA () 4086360 + 56 [0]
         mmcqd/1-116   [000] ...2  1420.032531: sched_switch: prev_comm=mmcqd/1 prev_pid=116 prev_prio=120 prev_state=S ==> next_comm=swapper/0 next_pid=0 next_prio=120
          <idle>-0     [000] ...2  1420.033040: sched_switch: prev_comm=swapper/0 prev_pid=0 prev_prio=120 prev_state=R ==> next_comm=mmcqd/1 next_pid=116 next_prio=120
         mmcqd/1-116   [000] ...1  1420.033080: block_rq_complete: 179,0 RA () 4086424 + 72 [0]
         mmcqd/1-116   [000] ...2  1420.033097: sched_switch: prev_comm=mmcqd/1 prev_pid=116 prev_prio=120 prev_state=S ==> next_comm=main next_pid=8107 next_prio=120
            main-8107  [000] ...2  1420.033398: sched_switch: prev_comm=main prev_pid=8107 prev_prio=120 prev_state=R ==> next_comm=mmcqd/1 next_pid=116 next_prio=120
         mmcqd/1-116   [000] ...1  1420.033414: block_rq_complete: 179,0 RA () 4086528 + 32 [0]
         mmcqd/1-116   [000] ...2  1420.033428: sched_switch: prev_comm=mmcqd/1 prev_pid=116 prev_prio=120 prev_state=R+ ==> next_comm=kworker/0:1H next_pid=17 next_prio=100
    kworker/0:1H-17    [000] ...2  1420.033435: sched_switch: prev_comm=kworker/0:1H prev_pid=17 prev_prio=100 prev_state=S ==> next_comm=mmcqd/1 next_pid=116 next_prio=120
         mmcqd/1-116   [000] ...2  1420.033445: sched_switch: prev_comm=mmcqd/1 prev_pid=116 prev_prio=120 prev_state=S ==> next_comm=main next_pid=8107 next_prio=120
            main-8107  [000] d..2  1420.035110: block_rq_insert: 179,0 R 0 () 4078456 + 40 [main]
            main-8107  [000] d..2  1420.035114: block_rq_insert: 179,0 R 0 () 4078544 + 88 [main]
            main-8107  [000] d..2  1420.035116: block_rq_insert: 179,0 R 0 () 4078640 + 56 [main]
            main-8107  [000] ...2  1420.035127: sched_switch: prev_comm=main prev_pid=8107 prev_prio=120 prev_state=R+ ==> next_comm=mmcqd/1 next_pid=116 next_prio=120
         mmcqd/1-116   [000] ...2  1420.035213: sched_switch: prev_comm=mmcqd/1 prev_pid=116 prev_prio=120 prev_state=S ==> next_comm=main next_pid=8107 next_prio=120
            main-8107  [000] ...2  1420.035220: sched_switch: prev_comm=main prev_pid=8107 prev_prio=120 prev_state=D|W ==> next_comm=swapper/0 next_pid=0 next_prio=120
          <idle>-0     [000] ...2  1420.035690: sched_switch: prev_comm=swapper/0 prev_pid=0 prev_prio=120 prev_state=R ==> next_comm=mmcqd/1 next_pid=116 next_prio=120
         mmcqd/1-116   [000] ...1  1420.035728: block_rq_complete: 179,0 RA () 4078640 + 56 [0]
         mmcqd/1-116   [000] ...2  1420.035758: sched_switch: prev_comm=mmcqd/1 prev_pid=116 prev_prio=120 prev_state=S ==> next_comm=swapper/0 next_pid=0 next_prio=120
          <idle>-0     [000] ...2  1420.036444: sched_switch: prev_comm=swapper/0 prev_pid=0 prev_prio=120 prev_state=R ==> next_comm=mmcqd/1 next_pid=116 next_prio=120
         mmcqd/1-116   [000] ...1  1420.036487: block_rq_complete: 179,0 RA () 4078544 + 88 [0]
         mmcqd/1-116   [000] ...2  1420.036505: sched_switch: prev_comm=mmcqd/1 prev_pid=116 prev_prio=120 prev_state=S ==> next_comm=main next_pid=8107 next_prio=120
            main-8107  [000] d..2  1420.036577: block_rq_insert: 179,0 R 0 () 4078128 + 8 [main]
            main-8107  [000] d..2  1420.036580: block_rq_insert: 179,0 R 0 () 4078152 + 8 [main]
            main-8107  [000] d..2  1420.036582: block_rq_insert: 179,0 R 0 () 4078176 + 24 [main]
            main-8107  [000] d..2  1420.036584: block_rq_insert: 179,0 R 0 () 4078208 + 56 [main]
            main-8107  [000] d..2  1420.036585: block_rq_insert: 179,0 R 0 () 4078280 + 104 [main]
            main-8107  [000] ...2  1420.036595: sched_switch: prev_comm=main prev_pid=8107 prev_prio=120 prev_state=R+ ==> next_comm=mmcqd/1 next_pid=116 next_prio=120
         mmcqd/1-116   [000] ...2  1420.036636: sched_switch: prev_comm=mmcqd/1 prev_pid=116 prev_prio=120 prev_state=S ==> next_comm=main next_pid=8107 next_prio=120
