            main-8232  [000] ...2  1445.088660: sched_switch: prev_comm=main prev_pid=8232 prev_prio=120 prev_state=R+ ==> next_comm=mmcqd/1 next_pid=116 next_prio=120
         mmcqd/1-116   [000] ...2  1445.088711: sched_switch: prev_comm=mmcqd/1 prev_pid=116 prev_prio=120 prev_state=S ==> next_comm=main next_pid=8232 next_prio=120
            main-8232  [000] ...2  1445.088719: sched_switch: prev_comm=main prev_pid=8232 prev_prio=120 prev_state=D|W ==> next_comm=swapper/0 next_pid=0 next_prio=120
          <idle>-0     [000] ...2  1445.088951: sched_switch: prev_comm=swapper/0 prev_pid=0 prev_prio=120 prev_state=R ==> next_comm=mmcqd/1 next_pid=116 next_prio=120
         mmcqd/1-116   [000] ...1  1445.088978: block_rq_complete: 179,0 RA () 4009824 + 8 [0]
         mmcqd/1-116   [000] ...2  1445.088993: sched_switch: prev_comm=mmcqd/1 prev_pid=116 prev_prio=120 prev_state=S ==> next_comm=swapper/0 next_pid=0 next_prio=120
          <idle>-0     [000] ...2  1445.089213: sched_switch: prev_comm=swapper/0 prev_pid=0 prev_prio=120 prev_state=R ==> next_comm=mmcqd/1 next_pid=116 next_prio=120
         mmcqd/1-116   [000] ...1  1445.089223: block_rq_complete: 179,0 RA () 4009736 + 8 [0]
         mmcqd/1-116   [000] ...2  1445.089240: sched_switch: prev_comm=mmcqd/1 prev_pid=116 prev_prio=120 prev_state=R+ ==> next_comm=kworker/0:1H next_pid=17 next_prio=100
    kworker/0:1H-17    [000] ...2  1445.089248: sched_switch: prev_comm=kworker/0:1H prev_pid=17 prev_prio=100 prev_state=S ==> next_comm=mmcqd/1 next_pid=116 next_prio=120
         mmcqd/1-116   [000] ...2  1445.089257: sched_switch: prev_comm=mmcqd/1 prev_pid=116 prev_prio=120 prev_state=S ==> next_comm=main next_pid=8232 next_prio=120
            main-8232  [000] d..2  1445.090230: block_rq_insert: 179,0 R 0 () 4008664 + 16 [main]
            main-8232  [000] d..2  1445.090234: block_rq_insert: 179,0 R 0 () 4008712 + 8 [main]
            main-8232  [000] ...2  1445.090245: sched_switch: prev_comm=main prev_pid=8232 prev_prio=120 prev_state=R+ ==> next_comm=mmcqd/1 next_pid=116 next_prio=120
         mmcqd/1-116   [000] ...2  1445.090297: sched_switch: prev_comm=mmcqd/1 prev_pid=116 prev_prio=120 prev_state=S ==> next_comm=main next_pid=8232 next_prio=120
            main-8232  [000] ...2  1445.090306: sched_switch: prev_comm=main prev_pid=8232 prev_prio=120 prev_state=D|W ==> next_comm=swapper/0 next_pid=0 next_prio=120
          <idle>-0     [000] ...2  1445.090516: sched_switch: prev_comm=swapper/0 prev_pid=0 prev_prio=120 prev_state=R ==> next_comm=mmcqd/1 next_pid=116 next_prio=120
         mmcqd/1-116   [000] ...1  1445.090542: block_rq_complete: 179,0 RA () 4008712 + 8 [0]
         mmcqd/1-116   [000] ...2  1445.090556: sched_switch: prev_comm=mmcqd/1 prev_pid=116 prev_prio=120 prev_state=S ==> next_comm=swapper/0 next_pid=0 next_prio=120
          <idle>-0     [000] ...2  1445.090849: sched_switch: prev_comm=swapper/0 prev_pid=0 prev_prio=120 prev_state=R ==> next_comm=mmcqd/1 next_pid=116 next_prio=120
         mmcqd/1-116   [000] ...1  1445.090860: block_rq_complete: 179,0 RA () 4008664 + 16 [0]
         mmcqd/1-116   [000] ...2  1445.090878: sched_switch: prev_comm=mmcqd/1 prev_pid=116 prev_prio=120 prev_state=R+ ==> next_comm=kworker/0:1H next_pid=17 next_prio=100
    kworker/0:1H-17    [000] ...2  1445.090885: sched_switch: prev_comm=kworker/0:1H prev_pid=17 prev_prio=100 prev_state=S ==> next_comm=mmcqd/1 next_pid=116 next_prio=120
         mmcqd/1-116   [000] ...2  1445.090895: sched_switch: prev_comm=mmcqd/1 prev_pid=116 prev_prio=120 prev_state=S ==> next_comm=main next_pid=8232 next_prio=120
          <idle>-0     [001] ...2  1445.094169: sched_switch: prev_comm=swapper/1 prev_pid=0 prev_prio=120 prev_state=R ==> next_comm=main next_pid=8249 next_prio=120
        Binder_1-8249  [001] ...2  1445.094184: sched_switch: prev_comm=main prev_pid=8249 prev_prio=120 prev_state=D ==> next_comm=swapper/1 next_pid=0 next_prio=120
          <idle>-0     [001] ...2  1445.094191: sched_switch: prev_comm=swapper/1 prev_pid=0 prev_prio=120 prev_state=R ==> next_comm=main next_pid=8249 next_prio=120
            main-8232  [000] ...2  1445.094203: sched_switch: prev_comm=main prev_pid=8232 prev_prio=120 prev_state=D ==> next_comm=swapper/0 next_pid=0 next_prio=120
          <idle>-0     [000] ...2  1445.094218: sched_switch: prev_comm=swapper/0 prev_pid=0 prev_prio=120 prev_state=R ==> next_comm=ksoftirqd/0 next_pid=3 next_prio=120
     ksoftirqd/0-3     [000] ...2  1445.094228: sched_switch: prev_comm=ksoftirqd/0 prev_pid=3 prev_prio=120 prev_state=S ==> next_comm=swapper/0 next_pid=0 next_prio=120
          <idle>-0     [000] ...2  1445.094246: sched_switch: prev_comm=swapper/0 prev_pid=0 prev_prio=120 prev_state=R ==> next_comm=ksoftirqd/0 next_pid=3 next_prio=120
     ksoftirqd/0-3     [000] ...2  1445.094253: sched_switch: prev_comm=ksoftirqd/0 prev_pid=3 prev_prio=120 prev_state=S ==> next_comm=main next_pid=8232 next_prio=120
            main-8232  [000] d..2  1445.094470: block_rq_insert: 179,0 R 0 () 4008840 + 8 [main]
            main-8232  [000] d..2  1445.094475: block_rq_insert: 179,0 R 0 () 4008920 + 48 [main]
            main-8232  [000] ...2  1445.094486: sched_switch: prev_comm=main prev_pid=8232 prev_prio=120 prev_state=R+ ==> next_comm=mmcqd/1 next_pid=116 next_prio=120
         mmcqd/1-116   [000] ...2  1445.094553: sched_switch: prev_comm=mmcqd/1 prev_pid=116 prev_prio=120 prev_state=S ==> next_comm=main next_pid=8232 next_prio=120
            main-8232  [000] ...2  1445.094559: sched_switch: prev_comm=main prev_pid=8232 prev_prio=120 prev_state=D|W ==> next_comm=swapper/0 next_pid=0 next_prio=120
          <idle>-0     [000] ...2  1445.094573: sched_switch: prev_comm=swapper/0 prev_pid=0 prev_prio=120 prev_state=R ==> next_comm=ksoftirqd/0 next_pid=3 next_prio=120
     ksoftirqd/0-3     [000] ...2  1445.094578: sched_switch: prev_comm=ksoftirqd/0 prev_pid=3 prev_prio=120 prev_state=S ==> next_comm=swapper/0 next_pid=0 next_prio=120
          <idle>-0     [000] ...2  1445.094763: sched_switch: prev_comm=swapper/0 prev_pid=0 prev_prio=120 prev_state=R ==> next_comm=mmcqd/1 next_pid=116 next_prio=120
         mmcqd/1-116   [000] ...1  1445.094788: block_rq_complete: 179,0 RA () 4008840 + 8 [0]
         mmcqd/1-116   [000] ...2  1445.094806: sched_switch: prev_comm=mmcqd/1 prev_pid=116 prev_prio=120 prev_state=S ==> next_comm=main next_pid=8232 next_prio=120
            main-8232  [000] ...2  1445.094921: sched_switch: prev_comm=main prev_pid=8232 prev_prio=120 prev_state=D ==> next_comm=swapper/0 next_pid=0 next_prio=120
          <idle>-0     [000] ...2  1445.094937: sched_switch: prev_comm=swapper/0 prev_pid=0 prev_prio=120 prev_state=R ==> next_comm=main next_pid=8232 next_prio=120
            main-8232  [000] d..2  1445.095003: block_rq_insert: 179,0 R 0 () 4123736 + 8 [main]
            main-8232  [000] d..2  1445.095006: block_rq_insert: 179,0 R 0 () 4123816 + 32 [main]
            main-8232  [000] ...2  1445.095017: sched_switch: prev_comm=main prev_pid=8232 prev_prio=120 prev_state=R+ ==> next_comm=mmcqd/1 next_pid=116 next_prio=120
         mmcqd/1-116   [000] ...2  1445.095032: sched_switch: prev_comm=mmcqd/1 prev_pid=116 prev_prio=120 prev_state=S ==> next_comm=main next_pid=8232 next_prio=120
            main-8232  [000] ...2  1445.095037: sched_switch: prev_comm=main prev_pid=8232 prev_prio=120 prev_state=D|W ==> next_comm=swapper/0 next_pid=0 next_prio=120
          <idle>-0     [000] ...2  1445.095239: sched_switch: prev_comm=swapper/0 prev_pid=0 prev_prio=120 prev_state=R ==> next_comm=Binder_1 next_pid=8250 next_prio=120
        Binder_1-8249  [001] ...2  1445.095262: sched_switch: prev_comm=Binder_1 prev_pid=8249 prev_prio=120 prev_state=S ==> next_comm=swapper/1 next_pid=0 next_prio=120
          <idle>-0     [001] ...2  1445.095289: sched_switch: prev_comm=swapper/1 prev_pid=0 prev_prio=120 prev_state=R ==> next_comm=ksoftirqd/1 next_pid=8236 next_prio=120
     ksoftirqd/1-8236  [001] ...2  1445.095301: sched_switch: prev_comm=ksoftirqd/1 prev_pid=8236 prev_prio=120 prev_state=S ==> next_comm=swapper/1 next_pid=0 next_prio=120
          <idle>-0     [001] ...2  1445.095327: sched_switch: prev_comm=swapper/1 prev_pid=0 prev_prio=120 prev_state=R ==> next_comm=ksoftirqd/1 next_pid=8236 next_prio=120
     ksoftirqd/1-8236  [001] ...2  1445.095337: sched_switch: prev_comm=ksoftirqd/1 prev_pid=8236 prev_prio=120 prev_state=S ==> next_comm=swapper/1 next_pid=0 next_prio=120
        Binder_2-8250  [000] ...2  1445.095338: sched_switch: prev_comm=Binder_2 prev_pid=8250 prev_prio=120 prev_state=R+ ==> next_comm=mmcqd/1 next_pid=116 next_prio=120
          <idle>-0     [001] ...2  1445.095358: sched_switch: prev_comm=swapper/1 prev_pid=0 prev_prio=120 prev_state=R ==> next_comm=ksoftirqd/1 next_pid=8236 next_prio=120
         mmcqd/1-116   [000] ...1  1445.095371: block_rq_complete: 179,0 RA () 4008920 + 48 [0]
     ksoftirqd/1-8236  [001] ...2  1445.095372: sched_switch: prev_comm=ksoftirqd/1 prev_pid=8236 prev_prio=120 prev_state=S ==> next_comm=swapper/1 next_pid=0 next_prio=120
         mmcqd/1-116   [000] ...2  1445.095397: sched_switch: prev_comm=mmcqd/1 prev_pid=116 prev_prio=120 prev_state=S ==> next_comm=Binder_2 next_pid=8250 next_prio=120
        Binder_2-8250  [000] ...2  1445.095601: sched_switch: prev_comm=Binder_2 prev_pid=8250 prev_prio=120 prev_state=R+ ==> next_comm=mmcqd/1 next_pid=116 next_prio=120
         mmcqd/1-116   [000] ...1  1445.095626: block_rq_complete: 179,0 RA () 4123736 + 8 [0]
         mmcqd/1-116   [000] ...2  1445.095638: sched_switch: prev_comm=mmcqd/1 prev_pid=116 prev_prio=120 prev_state=S ==> next_comm=Binder_2 next_pid=8250 next_prio=120
        Binder_2-8250  [000] ...2  1445.095853: sched_switch: prev_comm=Binder_2 prev_pid=8250 prev_prio=120 prev_state=S ==> next_comm=swapper/0 next_pid=0 next_prio=120
          <idle>-0     [000] ...2  1445.096024: sched_switch: prev_comm=swapper/0 prev_pid=0 prev_prio=120 prev_state=R ==> next_comm=mmcqd/1 next_pid=116 next_prio=120
         mmcqd/1-116   [000] ...1  1445.096040: block_rq_complete: 179,0 RA () 4123816 + 32 [0]
         mmcqd/1-116   [000] ...2  1445.096059: sched_switch: prev_comm=mmcqd/1 prev_pid=116 prev_prio=120 prev_state=R+ ==> next_comm=kworker/0:1H next_pid=17 next_prio=100
    kworker/0:1H-17    [000] ...2  1445.096069: sched_switch: prev_comm=kworker/0:1H prev_pid=17 prev_prio=100 prev_state=S ==> next_comm=main next_pid=8232 next_prio=120
            main-8232  [000] d..2  1445.096113: block_rq_insert: 179,0 R 0 () 4084528 + 24 [main]
            main-8232  [000] ...2  1445.096122: sched_switch: prev_comm=main prev_pid=8232 prev_prio=120 prev_state=D|W ==> next_comm=mmcqd/1 next_pid=116 next_prio=120
         mmcqd/1-116   [000] ...2  1445.096168: sched_switch: prev_comm=mmcqd/1 prev_pid=116 prev_prio=120 prev_state=S ==> next_comm=swapper/0 next_pid=0 next_prio=120
          <idle>-0     [000] ...2  1445.096524: sched_switch: prev_comm=swapper/0 prev_pid=0 prev_prio=120 prev_state=R ==> next_comm=mmcqd/1 next_pid=116 next_prio=120
         mmcqd/1-116   [000] ...1  1445.096538: block_rq_complete: 179,0 RA () 4084528 + 24 [0]
         mmcqd/1-116   [000] ...2  1445.096555: sched_switch: prev_comm=mmcqd/1 prev_pid=116 prev_prio=120 prev_state=R+ ==> next_comm=kworker/0:1H next_pid=17 next_prio=100
    kworker/0:1H-17    [000] ...2  1445.096562: sched_switch: prev_comm=kworker/0:1H prev_pid=17 prev_prio=100 prev_state=S ==> next_comm=main next_pid=8232 next_prio=120
            main-8232  [000] ...2  1445.096622: sched_switch: prev_comm=main prev_pid=8232 prev_prio=120 prev_state=S ==> next_comm=servicemanager next_pid=168 next_prio=120
  servicemanager-168   [000] ...2  1445.096652: sched_switch: prev_comm=servicemanager prev_pid=168 prev_prio=120 prev_state=S ==> next_comm=main next_pid=8232 next_prio=120
            main-8232  [000] ...2  1445.096812: sched_switch: prev_comm=main prev_pid=8232 prev_prio=120 prev_state=S ==> next_comm=servicemanager next_pid=168 next_prio=120
  servicemanager-168   [000] ...2  1445.096927: sched_switch: prev_comm=servicemanager prev_pid=168 prev_prio=120 prev_state=S ==> next_comm=mmcqd/1 next_pid=116 next_prio=120
         mmcqd/1-116   [000] ...2  1445.096939: sched_switch: prev_comm=mmcqd/1 prev_pid=116 prev_prio=120 prev_state=S ==> next_comm=main next_pid=8232 next_prio=120
            main-8232  [000] d..2  1445.097112: block_rq_insert: 179,0 R 0 () 4078736 + 8 [main]
            main-8232  [000] d..2  1445.097115: block_rq_insert: 179,0 R 0 () 4078752 + 8 [main]
            main-8232  [000] d..2  1445.097117: block_rq_insert: 179,0 R 0 () 4078784 + 8 [main]
            main-8232  [000] d..2  1445.097119: block_rq_insert: 179,0 R 0 () 4078824 + 8 [main]
            main-8232  [000] d..2  1445.097121: block_rq_insert: 179,0 R 0 () 4078840 + 24 [main]
            main-8232  [000] d..2  1445.097122: block_rq_insert: 179,0 R 0 () 4078888 + 32 [main]
            main-8232  [000] d..2  1445.097124: block_rq_insert: 179,0 R 0 () 4078952 + 16 [main]
            main-8232  [000] d..2  1445.097126: block_rq_insert: 179,0 R 0 () 4078976 + 8 [main]
            main-8232  [000] d..2  1445.097822: block_rq_insert: 179,0 R 0 () 4052264 + 8 [main]
            main-8232  [000] d..2  1445.097825: block_rq_insert: 179,0 R 0 () 4052304 + 8 [main]
            main-8232  [000] d..2  1445.097827: block_rq_insert: 179,0 R 0 () 4052400 + 32 [main]
            main-8232  [000] ...2  1445.097836: sched_switch: prev_comm=main prev_pid=8232 prev_prio=120 prev_state=D|W ==> next_comm=kworker/0:2 next_pid=5912 next_prio=120
     kworker/0:2-5912  [000] ...2  1445.097852: sched_switch: prev_comm=kworker/0:2 prev_pid=5912 prev_prio=120 prev_state=S ==> next_comm=mmcqd/1 next_pid=116 next_prio=120
          <idle>-0     [001] ...2  1445.097862: sched_switch: prev_comm=swapper/1 prev_pid=0 prev_prio=120 prev_state=R ==> next_comm=adbd next_pid=778 next_prio=120
         mmcqd/1-116   [000] ...2  1445.097901: sched_switch: prev_comm=mmcqd/1 prev_pid=116 prev_prio=120 prev_state=S ==> next_comm=swapper/0 next_pid=0 next_prio=120
            adbd-778   [001] ...2  1445.098047: sched_switch: prev_comm=adbd prev_pid=778 prev_prio=120 prev_state=S ==> next_comm=adbd next_pid=780 next_prio=120
          <idle>-0     [000] ...2  1445.098117: sched_switch: prev_comm=swapper/0 prev_pid=0 prev_prio=120 prev_state=R ==> next_comm=mmcqd/1 next_pid=116 next_prio=120
            adbd-780   [001] ...2  1445.098134: sched_switch: prev_comm=adbd prev_pid=780 prev_prio=120 prev_state=S ==> next_comm=swapper/1 next_pid=0 next_prio=120
         mmcqd/1-116   [000] ...1  1445.098142: block_rq_complete: 179,0 RA () 4078976 + 8 [0]
         mmcqd/1-116   [000] ...2  1445.098169: sched_switch: prev_comm=mmcqd/1 prev_pid=116 prev_prio=120 prev_state=S ==> next_comm=swapper/0 next_pid=0 next_prio=120
          <idle>-0     [000] ...2  1445.098432: sched_switch: prev_comm=swapper/0 prev_pid=0 prev_prio=120 prev_state=R ==> next_comm=mmcqd/1 next_pid=116 next_prio=120
         mmcqd/1-116   [000] ...1  1445.098459: block_rq_complete: 179,0 RA () 4078952 + 16 [0]
         mmcqd/1-116   [000] ...2  1445.098482: sched_switch: prev_comm=mmcqd/1 prev_pid=116 prev_prio=120 prev_state=S ==> next_comm=swapper/0 next_pid=0 next_prio=120
          <idle>-0     [000] ...2  1445.098703: sched_switch: prev_comm=swapper/0 prev_pid=0 prev_prio=120 prev_state=R ==> next_comm=adbd next_pid=781 next_prio=120
            adbd-781   [000] ...2  1445.098744: sched_switch: prev_comm=adbd prev_pid=781 prev_prio=120 prev_state=S ==> next_comm=adbd next_pid=778 next_prio=120
            adbd-778   [000] ...2  1445.098820: sched_switch: prev_comm=adbd prev_pid=778 prev_prio=120 prev_state=S ==> next_comm=adbd next_pid=780 next_prio=120
            adbd-780   [000] ...2  1445.098826: sched_switch: prev_comm=adbd prev_pid=780 prev_prio=120 prev_state=S ==> next_comm=swapper/0 next_pid=0 next_prio=120
          <idle>-0     [000] ...2  1445.098865: sched_switch: prev_comm=swapper/0 prev_pid=0 prev_prio=120 prev_state=R ==> next_comm=mmcqd/1 next_pid=116 next_prio=120
         mmcqd/1-116   [000] ...2  1445.098928: sched_switch: prev_comm=mmcqd/1 prev_pid=116 prev_prio=120 prev_state=R+ ==> next_comm=kworker/0:1H next_pid=17 next_prio=100
          <idle>-0     [001] ...2  1445.098930: sched_switch: prev_comm=swapper/1 prev_pid=0 prev_prio=120 prev_state=R ==> next_comm=kworker/1:0H next_pid=8235 next_prio=100
    kworker/0:1H-17    [000] ...2  1445.098944: sched_switch: prev_comm=kworker/0:1H prev_pid=17 prev_prio=100 prev_state=S ==> next_comm=kworker/u:0 next_pid=3362 next_prio=120
     kworker/u:0-3362  [000] ...2  1445.098957: sched_switch: prev_comm=kworker/u:0 prev_pid=3362 prev_prio=120 prev_state=S ==> next_comm=mpdecision next_pid=1527 next_prio=113
    kworker/1:0H-8235  [001] ...2  1445.098959: sched_switch: prev_comm=kworker/1:0H prev_pid=8235 prev_prio=100 prev_state=D ==> next_comm=kworker/1:1H next_pid=8240 next_prio=100
    kworker/1:1H-8240  [001] ...2  1445.098990: sched_switch: prev_comm=kworker/1:1H prev_pid=8240 prev_prio=100 prev_state=S ==> next_comm=kworker/1:0H next_pid=8235 next_prio=100
    kworker/1:0H-8235  [001] ...2  1445.099002: sched_switch: prev_comm=kworker/1:0H prev_pid=8235 prev_prio=100 prev_state=S ==> next_comm=ksoftirqd/1 next_pid=8236 next_prio=120
     ksoftirqd/1-8236  [001] ...2  1445.099032: sched_switch: prev_comm=ksoftirqd/1 prev_pid=8236 prev_prio=120 prev_state=S ==> next_comm=swapper/1 next_pid=0 next_prio=120
      mpdecision-1527  [000] ...2  1445.099193: sched_switch: prev_comm=mpdecision prev_pid=1527 prev_prio=113 prev_state=S ==> next_comm=kworker/0:2 next_pid=5912 next_prio=120
     kworker/0:2-5912  [000] ...2  1445.099204: sched_switch: prev_comm=kworker/0:2 prev_pid=5912 prev_prio=120 prev_state=S ==> next_comm=mmcqd/1 next_pid=116 next_prio=120
         mmcqd/1-116   [000] ...1  1445.099219: block_rq_complete: 179,0 RA () 4078888 + 32 [0]
         mmcqd/1-116   [000] ...2  1445.099241: sched_switch: prev_comm=mmcqd/1 prev_pid=116 prev_prio=120 prev_state=S ==> next_comm=swapper/0 next_pid=0 next_prio=120
          <idle>-0     [000] ...2  1445.099259: sched_switch: prev_comm=swapper/0 prev_pid=0 prev_prio=120 prev_state=R ==> next_comm=ksoftirqd/0 next_pid=3 next_prio=120
     ksoftirqd/0-3     [000] ...2  1445.099272: sched_switch: prev_comm=ksoftirqd/0 prev_pid=3 prev_prio=120 prev_state=S ==> next_comm=swapper/0 next_pid=0 next_prio=120
          <idle>-0     [000] ...2  1445.099288: sched_switch: prev_comm=swapper/0 prev_pid=0 prev_prio=120 prev_state=R ==> next_comm=ksoftirqd/0 next_pid=3 next_prio=120
     ksoftirqd/0-3     [000] ...2  1445.099295: sched_switch: prev_comm=ksoftirqd/0 prev_pid=3 prev_prio=120 prev_state=S ==> next_comm=swapper/0 next_pid=0 next_prio=120
          <idle>-0     [000] ...2  1445.099309: sched_switch: prev_comm=swapper/0 prev_pid=0 prev_prio=120 prev_state=R ==> next_comm=ksoftirqd/0 next_pid=3 next_prio=120
     ksoftirqd/0-3     [000] ...2  1445.099317: sched_switch: prev_comm=ksoftirqd/0 prev_pid=3 prev_prio=120 prev_state=S ==> next_comm=swapper/0 next_pid=0 next_prio=120
          <idle>-0     [000] ...2  1445.099371: sched_switch: prev_comm=swapper/0 prev_pid=0 prev_prio=120 prev_state=R ==> next_comm=mmcqd/1 next_pid=116 next_prio=120
         mmcqd/1-116   [000] ...1  1445.099402: block_rq_complete: 179,0 RA () 4078840 + 24 [0]
         mmcqd/1-116   [000] ...2  1445.099422: sched_switch: prev_comm=mmcqd/1 prev_pid=116 prev_prio=120 prev_state=S ==> next_comm=swapper/0 next_pid=0 next_prio=120
          <idle>-0     [000] ...2  1445.099639: sched_switch: prev_comm=swapper/0 prev_pid=0 prev_prio=120 prev_state=R ==> next_comm=mmcqd/1 next_pid=116 next_prio=120
         mmcqd/1-116   [000] ...1  1445.099664: block_rq_complete: 179,0 RA () 4078824 + 8 [0]
         mmcqd/1-116   [000] ...2  1445.099683: sched_switch: prev_comm=mmcqd/1 prev_pid=116 prev_prio=120 prev_state=S ==> next_comm=swapper/0 next_pid=0 next_prio=120
          <idle>-0     [000] ...2  1445.099917: sched_switch: prev_comm=swapper/0 prev_pid=0 prev_prio=120 prev_state=R ==> next_comm=mmcqd/1 next_pid=116 next_prio=120
         mmcqd/1-116   [000] ...1  1445.099941: block_rq_complete: 179,0 RA () 4078784 + 8 [0]
         mmcqd/1-116   [000] ...2  1445.099960: sched_switch: prev_comm=mmcqd/1 prev_pid=116 prev_prio=120 prev_state=S ==> next_comm=swapper/0 next_pid=0 next_prio=120
          <idle>-0     [000] ...2  1445.100184: sched_switch: prev_comm=swapper/0 prev_pid=0 prev_prio=120 prev_state=R ==> next_comm=mmcqd/1 next_pid=116 next_prio=120
         mmcqd/1-116   [000] ...1  1445.100209: block_rq_complete: 179,0 RA () 4078752 + 8 [0]
         mmcqd/1-116   [000] ...2  1445.100235: sched_switch: prev_comm=mmcqd/1 prev_pid=116 prev_prio=120 prev_state=S ==> next_comm=swapper/0 next_pid=0 next_prio=120
          <idle>-0     [000] ...2  1445.100447: sched_switch: prev_comm=swapper/0 prev_pid=0 prev_prio=120 prev_state=R ==> next_comm=mmcqd/1 next_pid=116 next_prio=120
         mmcqd/1-116   [000] ...1  1445.100475: block_rq_complete: 179,0 RA () 4078736 + 8 [0]
         mmcqd/1-116   [000] ...2  1445.100493: sched_switch: prev_comm=mmcqd/1 prev_pid=116 prev_prio=120 prev_state=S ==> next_comm=swapper/0 next_pid=0 next_prio=120
          <idle>-0     [000] ...2  1445.100874: sched_switch: prev_comm=swapper/0 prev_pid=0 prev_prio=120 prev_state=R ==> next_comm=mmcqd/1 next_pid=116 next_prio=120
         mmcqd/1-116   [000] ...1  1445.100905: block_rq_complete: 179,0 RA () 4052400 + 32 [0]
         mmcqd/1-116   [000] ...2  1445.100924: sched_switch: prev_comm=mmcqd/1 prev_pid=116 prev_prio=120 prev_state=S ==> next_comm=swapper/0 next_pid=0 next_prio=120
          <idle>-0     [000] ...2  1445.101144: sched_switch: prev_comm=swapper/0 prev_pid=0 prev_prio=120 prev_state=R ==> next_comm=mmcqd/1 next_pid=116 next_prio=120
         mmcqd/1-116   [000] ...1  1445.101169: block_rq_complete: 179,0 RA () 4052304 + 8 [0]
         mmcqd/1-116   [000] ...2  1445.101185: sched_switch: prev_comm=mmcqd/1 prev_pid=116 prev_prio=120 prev_state=S ==> next_comm=main next_pid=8232 next_prio=120
            main-8232  [000] ...2  1445.101863: sched_switch: prev_comm=main prev_pid=8232 prev_prio=120 prev_state=S ==> next_comm=Binder_A next_pid=1201 next_prio=120
        Binder_A-1201  [000] ...2  1445.102446: sched_switch: prev_comm=Binder_A prev_pid=1201 prev_prio=120 prev_state=S ==> next_comm=Binder_2 next_pid=237 next_prio=120
        Binder_2-237   [000] ...2  1445.102530: sched_switch: prev_comm=Binder_2 prev_pid=237 prev_prio=120 prev_state=S ==> next_comm=Binder_A next_pid=1201 next_prio=120
        Binder_A-1201  [000] ...2  1445.102801: sched_switch: prev_comm=Binder_A prev_pid=1201 prev_prio=120 prev_state=R+ ==> next_comm=InputDispatcher next_pid=795 next_prio=112
 InputDispatcher-795   [000] ...2  1445.102834: sched_switch: prev_comm=InputDispatcher prev_pid=795 prev_prio=112 prev_state=S ==> next_comm=mmcqd/1 next_pid=116 next_prio=120
         mmcqd/1-116   [000] ...1  1445.102848: block_rq_complete: 179,0 RA () 4052264 + 8 [0]
         mmcqd/1-116   [000] ...2  1445.102866: sched_switch: prev_comm=mmcqd/1 prev_pid=116 prev_prio=120 prev_state=R+ ==> next_comm=kworker/0:1H next_pid=17 next_prio=100
    kworker/0:1H-17    [000] ...2  1445.102874: sched_switch: prev_comm=kworker/0:1H prev_pid=17 prev_prio=100 prev_state=S ==> next_comm=mmcqd/1 next_pid=116 next_prio=120
         mmcqd/1-116   [000] ...2  1445.102885: sched_switch: prev_comm=mmcqd/1 prev_pid=116 prev_prio=120 prev_state=S ==> next_comm=Binder_A next_pid=1201 next_prio=120
        Binder_A-1201  [000] ...2  1445.102978: sched_switch: prev_comm=Binder_A prev_pid=1201 prev_prio=120 prev_state=S ==> next_comm=Binder_5 next_pid=1577 next_prio=120
        Binder_5-1577  [000] ...2  1445.103064: sched_switch: prev_comm=Binder_5 prev_pid=1577 prev_prio=120 prev_state=S ==> next_comm=Binder_A next_pid=1201 next_prio=120
          <idle>-0     [001] ...2  1445.103132: sched_switch: prev_comm=swapper/1 prev_pid=0 prev_prio=120 prev_state=R ==> next_comm=android.display next_pid=770 next_prio=116
 android.display-770   [001] ...2  1445.103287: sched_switch: prev_comm=android.display prev_pid=770 prev_prio=116 prev_state=S ==> next_comm=LazyTaskWriterT next_pid=833 next_prio=120
 LazyTaskWriterT-833   [001] ...2  1445.103348: sched_switch: prev_comm=LazyTaskWriterT prev_pid=833 prev_prio=120 prev_state=S ==> next_comm=Binder_1 next_pid=235 next_prio=120
        Binder_A-1201  [000] ...2  1445.103407: sched_switch: prev_comm=Binder_A prev_pid=1201 prev_prio=120 prev_state=R ==> next_comm=EventThread next_pid=320 next_prio=111
     EventThread-320   [000] ...2  1445.103434: sched_switch: prev_comm=EventThread prev_pid=320 prev_prio=111 prev_state=D ==> next_comm=Binder_A next_pid=1201 next_prio=120
        Binder_A-1201  [000] ...2  1445.103442: sched_switch: prev_comm=Binder_A prev_pid=1201 prev_prio=120 prev_state=R ==> next_comm=EventThread next_pid=320 next_prio=111
        Binder_1-235   [001] ...2  1445.103452: sched_switch: prev_comm=Binder_1 prev_pid=235 prev_prio=120 prev_state=S ==> next_comm=swapper/1 next_pid=0 next_prio=120
     EventThread-320   [000] ...2  1445.103473: sched_switch: prev_comm=EventThread prev_pid=320 prev_prio=111 prev_state=S ==> next_comm=Binder_7 next_pid=1125 next_prio=120
          <idle>-0     [001] ...2  1445.103476: sched_switch: prev_comm=swapper/1 prev_pid=0 prev_prio=120 prev_state=R ==> next_comm=ksoftirqd/1 next_pid=8236 next_prio=120
     ksoftirqd/1-8236  [001] ...2  1445.103494: sched_switch: prev_comm=ksoftirqd/1 prev_pid=8236 prev_prio=120 prev_state=S ==> next_comm=swapper/1 next_pid=0 next_prio=120
          <idle>-0     [001] ...2  1445.103516: sched_switch: prev_comm=swapper/1 prev_pid=0 prev_prio=120 prev_state=R ==> next_comm=ksoftirqd/1 next_pid=8236 next_prio=120
     ksoftirqd/1-8236  [001] ...2  1445.103532: sched_switch: prev_comm=ksoftirqd/1 prev_pid=8236 prev_prio=120 prev_state=S ==> next_comm=swapper/1 next_pid=0 next_prio=120
        Binder_7-1125  [000] ...2  1445.103547: sched_switch: prev_comm=Binder_7 prev_pid=1125 prev_prio=120 prev_state=S ==> next_comm=Binder_A next_pid=1201 next_prio=120
          <idle>-0     [001] ...2  1445.103553: sched_switch: prev_comm=swapper/1 prev_pid=0 prev_prio=120 prev_state=R ==> next_comm=ksoftirqd/1 next_pid=8236 next_prio=120
     ksoftirqd/1-8236  [001] ...2  1445.103566: sched_switch: prev_comm=ksoftirqd/1 prev_pid=8236 prev_prio=120 prev_state=S ==> next_comm=swapper/1 next_pid=0 next_prio=120
        Binder_A-1201  [000] ...2  1445.103629: sched_switch: prev_comm=Binder_A prev_pid=1201 prev_prio=120 prev_state=R+ ==> next_comm=ActivityManager next_pid=765 next_prio=118
 ActivityManager-765   [000] ...2  1445.103663: sched_switch: prev_comm=ActivityManager prev_pid=765 prev_prio=118 prev_state=S ==> next_comm=Binder_A next_pid=1201 next_prio=120
        Binder_A-1201  [000] ...2  1445.103680: sched_switch: prev_comm=Binder_A prev_pid=1201 prev_prio=120 prev_state=R+ ==> next_comm=ActivityManager next_pid=765 next_prio=118
 ActivityManager-765   [000] ...2  1445.103691: sched_switch: prev_comm=ActivityManager prev_pid=765 prev_prio=118 prev_state=S ==> next_comm=Binder_A next_pid=1201 next_prio=120
        Binder_A-1201  [000] ...2  1445.103704: sched_switch: prev_comm=Binder_A prev_pid=1201 prev_prio=120 prev_state=R+ ==> next_comm=ActivityManager next_pid=765 next_prio=118
 ActivityManager-765   [000] ...2  1445.103727: sched_switch: prev_comm=ActivityManager prev_pid=765 prev_prio=118 prev_state=S ==> next_comm=Binder_A next_pid=1201 next_prio=120
          <idle>-0     [001] ...2  1445.103900: sched_switch: prev_comm=swapper/1 prev_pid=0 prev_prio=120 prev_state=R ==> next_comm=Binder_2 next_pid=1118 next_prio=120
        Binder_A-1201  [000] ...2  1445.104112: sched_switch: prev_comm=Binder_A prev_pid=1201 prev_prio=120 prev_state=R+ ==> next_comm=ActivityManager next_pid=765 next_prio=118
 ActivityManager-765   [000] ...2  1445.104140: sched_switch: prev_comm=ActivityManager prev_pid=765 prev_prio=118 prev_state=S ==> next_comm=Binder_3 next_pid=1507 next_prio=120
        Binder_3-1507  [000] ...2  1445.104148: sched_switch: prev_comm=Binder_3 prev_pid=1507 prev_prio=120 prev_state=S ==> next_comm=Binder_A next_pid=1201 next_prio=120
        Binder_A-1201  [000] ...2  1445.104163: sched_switch: prev_comm=Binder_A prev_pid=1201 prev_prio=120 prev_state=R+ ==> next_comm=ActivityManager next_pid=765 next_prio=118
 ActivityManager-765   [000] ...2  1445.104174: sched_switch: prev_comm=ActivityManager prev_pid=765 prev_prio=118 prev_state=S ==> next_comm=Binder_A next_pid=1201 next_prio=120
        Binder_A-1201  [000] ...2  1445.104186: sched_switch: prev_comm=Binder_A prev_pid=1201 prev_prio=120 prev_state=R+ ==> next_comm=ActivityManager next_pid=765 next_prio=118
 ActivityManager-765   [000] ...2  1445.104214: sched_switch: prev_comm=ActivityManager prev_pid=765 prev_prio=118 prev_state=S ==> next_comm=Binder_A next_pid=1201 next_prio=120
        Binder_2-1118  [001] ...2  1445.104275: sched_switch: prev_comm=Binder_2 prev_pid=1118 prev_prio=120 prev_state=S ==> next_comm=droid.launcher3 next_pid=1093 next_prio=120
 droid.launcher3-1093  [001] ...2  1445.104444: sched_switch: prev_comm=droid.launcher3 prev_pid=1093 prev_prio=120 prev_state=R ==> next_comm=LazyTaskWriterT next_pid=833 next_prio=120
 LazyTaskWriterT-833   [001] ...2  1445.104490: sched_switch: prev_comm=LazyTaskWriterT prev_pid=833 prev_prio=120 prev_state=S ==> next_comm=Binder_3 next_pid=389 next_prio=120
        Binder_A-1201  [000] ...2  1445.104544: sched_switch: prev_comm=Binder_A prev_pid=1201 prev_prio=120 prev_state=R ==> next_comm=EventThread next_pid=320 next_prio=111
     EventThread-320   [000] ...2  1445.104564: sched_switch: prev_comm=EventThread prev_pid=320 prev_prio=111 prev_state=S ==> next_comm=Binder_1 next_pid=2242 next_prio=120
        Binder_1-2242  [000] ...2  1445.104573: sched_switch: prev_comm=Binder_1 prev_pid=2242 prev_prio=120 prev_state=D ==> next_comm=android.bg next_pid=764 next_prio=130
        Binder_3-389   [001] ...2  1445.104584: sched_switch: prev_comm=Binder_3 prev_pid=389 prev_prio=120 prev_state=S ==> next_comm=RenderThread next_pid=1365 next_prio=116
      android.bg-764   [000] ...2  1445.104633: sched_switch: prev_comm=android.bg prev_pid=764 prev_prio=130 prev_state=S ==> next_comm=Binder_1 next_pid=2242 next_prio=120
    RenderThread-1365  [001] ...2  1445.104634: sched_switch: prev_comm=RenderThread prev_pid=1365 prev_prio=116 prev_state=S ==> next_comm=droid.launcher3 next_pid=1093 next_prio=120
 droid.launcher3-1093  [001] ...2  1445.104906: sched_switch: prev_comm=droid.launcher3 prev_pid=1093 prev_prio=120 prev_state=S ==> next_comm=RenderThread next_pid=1365 next_prio=116
    RenderThread-1365  [001] ...2  1445.104981: sched_switch: prev_comm=RenderThread prev_pid=1365 prev_prio=116 prev_state=R ==> next_comm=xample.bdbtrace next_pid=2226 next_prio=120
        Binder_1-2242  [000] ...2  1445.105010: sched_switch: prev_comm=Binder_1 prev_pid=2242 prev_prio=120 prev_state=S ==> next_comm=Binder_A next_pid=1201 next_prio=120
        Binder_A-1201  [000] ...2  1445.105113: sched_switch: prev_comm=Binder_A prev_pid=1201 prev_prio=120 prev_state=S ==> next_comm=swapper/0 next_pid=0 next_prio=120
          <idle>-0     [000] ...2  1445.105133: sched_switch: prev_comm=swapper/0 prev_pid=0 prev_prio=120 prev_state=R ==> next_comm=ksoftirqd/0 next_pid=3 next_prio=120
     ksoftirqd/0-3     [000] ...2  1445.105141: sched_switch: prev_comm=ksoftirqd/0 prev_pid=3 prev_prio=120 prev_state=S ==> next_comm=swapper/0 next_pid=0 next_prio=120
          <idle>-0     [000] ...2  1445.105155: sched_switch: prev_comm=swapper/0 prev_pid=0 prev_prio=120 prev_state=R ==> next_comm=ksoftirqd/0 next_pid=3 next_prio=120
     ksoftirqd/0-3     [000] ...2  1445.105161: sched_switch: prev_comm=ksoftirqd/0 prev_pid=3 prev_prio=120 prev_state=S ==> next_comm=swapper/0 next_pid=0 next_prio=120
          <idle>-0     [000] ...2  1445.105173: sched_switch: prev_comm=swapper/0 prev_pid=0 prev_prio=120 prev_state=R ==> next_comm=ksoftirqd/0 next_pid=3 next_prio=120
     ksoftirqd/0-3     [000] ...2  1445.105179: sched_switch: prev_comm=ksoftirqd/0 prev_pid=3 prev_prio=120 prev_state=S ==> next_comm=swapper/0 next_pid=0 next_prio=120
 xample.bdbtrace-2226  [001] ...2  1445.105613: sched_switch: prev_comm=xample.bdbtrace prev_pid=2226 prev_prio=120 prev_state=S ==> next_comm=Binder_4 next_pid=1509 next_prio=120
          <idle>-0     [000] ...2  1445.105703: sched_switch: prev_comm=swapper/0 prev_pid=0 prev_prio=120 prev_state=R ==> next_comm=Binder_A next_pid=1201 next_prio=120
        Binder_A-1201  [000] ...2  1445.105714: sched_switch: prev_comm=Binder_A prev_pid=1201 prev_prio=120 prev_state=R+ ==> next_comm=Binder_1 next_pid=691 next_prio=120
        Binder_1-691   [000] ...2  1445.105721: sched_switch: prev_comm=Binder_1 prev_pid=691 prev_prio=120 prev_state=D ==> next_comm=Binder_A next_pid=1201 next_prio=120
        Binder_4-1509  [001] ...2  1445.105726: sched_switch: prev_comm=Binder_4 prev_pid=1509 prev_prio=120 prev_state=D ==> next_comm=Binder_9 next_pid=1167 next_prio=120
        Binder_A-1201  [000] ...2  1445.105728: sched_switch: prev_comm=Binder_A prev_pid=1201 prev_prio=120 prev_state=R+ ==> next_comm=Binder_1 next_pid=691 next_prio=120
        Binder_9-1167  [001] ...2  1445.105738: sched_switch: prev_comm=Binder_9 prev_pid=1167 prev_prio=120 prev_state=S ==> next_comm=RenderThread next_pid=1365 next_prio=116
    RenderThread-1365  [001] ...2  1445.105747: sched_switch: prev_comm=RenderThread prev_pid=1365 prev_prio=116 prev_state=R ==> next_comm=Binder_4 next_pid=1509 next_prio=120
        Binder_4-1509  [001] ...2  1445.105762: sched_switch: prev_comm=Binder_4 prev_pid=1509 prev_prio=120 prev_state=S ==> next_comm=RenderThread next_pid=1365 next_prio=116
        Binder_1-691   [000] ...2  1445.105809: sched_switch: prev_comm=Binder_1 prev_pid=691 prev_prio=120 prev_state=S ==> next_comm=Binder_A next_pid=1201 next_prio=120
        Binder_A-1201  [000] ...2  1445.106084: sched_switch: prev_comm=Binder_A prev_pid=1201 prev_prio=120 prev_state=R+ ==> next_comm=InputDispatcher next_pid=795 next_prio=112
 InputDispatcher-795   [000] ...2  1445.106111: sched_switch: prev_comm=InputDispatcher prev_pid=795 prev_prio=112 prev_state=S ==> next_comm=Binder_A next_pid=1201 next_prio=120
        Binder_A-1201  [000] ...2  1445.106189: sched_switch: prev_comm=Binder_A prev_pid=1201 prev_prio=120 prev_state=R+ ==> next_comm=Binder_2 next_pid=237 next_prio=120
        Binder_2-237   [000] ...2  1445.106196: sched_switch: prev_comm=Binder_2 prev_pid=237 prev_prio=120 prev_state=D ==> next_comm=Binder_A next_pid=1201 next_prio=120
        Binder_A-1201  [000] ...2  1445.106204: sched_switch: prev_comm=Binder_A prev_pid=1201 prev_prio=120 prev_state=R+ ==> next_comm=Binder_2 next_pid=237 next_prio=120
        Binder_2-237   [000] ...2  1445.106302: sched_switch: prev_comm=Binder_2 prev_pid=237 prev_prio=120 prev_state=S ==> next_comm=Binder_A next_pid=1201 next_prio=120
    RenderThread-1365  [001] ...2  1445.106358: sched_switch: prev_comm=RenderThread prev_pid=1365 prev_prio=116 prev_state=D ==> next_comm=android.display next_pid=770 next_prio=116
 android.display-770   [001] ...2  1445.106414: sched_switch: prev_comm=android.display prev_pid=770 prev_prio=116 prev_state=S ==> next_comm=swapper/1 next_pid=0 next_prio=120
        Binder_A-1201  [000] ...2  1445.106495: sched_switch: prev_comm=Binder_A prev_pid=1201 prev_prio=120 prev_state=R+ ==> next_comm=Binder_5 next_pid=1577 next_prio=120
        Binder_5-1577  [000] ...2  1445.106503: sched_switch: prev_comm=Binder_5 prev_pid=1577 prev_prio=120 prev_state=D ==> next_comm=Binder_A next_pid=1201 next_prio=120
        Binder_A-1201  [000] ...2  1445.106511: sched_switch: prev_comm=Binder_A prev_pid=1201 prev_prio=120 prev_state=R+ ==> next_comm=Binder_5 next_pid=1577 next_prio=120
        Binder_5-1577  [000] ...2  1445.106569: sched_switch: prev_comm=Binder_5 prev_pid=1577 prev_prio=120 prev_state=S ==> next_comm=Binder_A next_pid=1201 next_prio=120
        Binder_A-1201  [000] ...2  1445.106801: sched_switch: prev_comm=Binder_A prev_pid=1201 prev_prio=120 prev_state=R+ ==> next_comm=InputDispatcher next_pid=795 next_prio=112
 InputDispatcher-795   [000] ...2  1445.106826: sched_switch: prev_comm=InputDispatcher prev_pid=795 prev_prio=112 prev_state=S ==> next_comm=Binder_A next_pid=1201 next_prio=120
          <idle>-0     [001] ...2  1445.106906: sched_switch: prev_comm=swapper/1 prev_pid=0 prev_prio=120 prev_state=R ==> next_comm=Binder_1 next_pid=235 next_prio=120
        Binder_A-1201  [000] ...2  1445.106948: sched_switch: prev_comm=Binder_A prev_pid=1201 prev_prio=120 prev_state=S ==> next_comm=swapper/0 next_pid=0 next_prio=120
          <idle>-0     [000] ...2  1445.106952: sched_switch: prev_comm=swapper/0 prev_pid=0 prev_prio=120 prev_state=R ==> next_comm=kworker/u:0H next_pid=7 next_prio=100
    kworker/u:0H-7     [000] ...2  1445.106981: sched_switch: prev_comm=kworker/u:0H prev_pid=7 prev_prio=100 prev_state=D ==> next_comm=swapper/0 next_pid=0 next_prio=120
          <idle>-0     [000] ...2  1445.107018: sched_switch: prev_comm=swapper/0 prev_pid=0 prev_prio=120 prev_state=R ==> next_comm=Binder_A next_pid=1201 next_prio=120
        Binder_1-235   [001] ...2  1445.107050: sched_switch: prev_comm=Binder_1 prev_pid=235 prev_prio=120 prev_state=S ==> next_comm=RenderThread next_pid=1365 next_prio=116
    RenderThread-1365  [001] ...2  1445.107305: sched_switch: prev_comm=RenderThread prev_pid=1365 prev_prio=116 prev_state=D ==> next_comm=android.bg next_pid=764 next_prio=130
        Binder_A-1201  [000] ...2  1445.107311: sched_switch: prev_comm=Binder_A prev_pid=1201 prev_prio=120 prev_state=R+ ==> next_comm=Binder_2 next_pid=2243 next_prio=120
        Binder_2-2243  [000] ...2  1445.107320: sched_switch: prev_comm=Binder_2 prev_pid=2243 prev_prio=120 prev_state=D ==> next_comm=Binder_A next_pid=1201 next_prio=120
        Binder_A-1201  [000] ...2  1445.107328: sched_switch: prev_comm=Binder_A prev_pid=1201 prev_prio=120 prev_state=R+ ==> next_comm=Binder_2 next_pid=2243 next_prio=120
        Binder_2-2243  [000] ...2  1445.107388: sched_switch: prev_comm=Binder_2 prev_pid=2243 prev_prio=120 prev_state=R ==> next_comm=kworker/u:0H next_pid=7 next_prio=100
    kworker/u:0H-7     [000] ...2  1445.107420: sched_switch: prev_comm=kworker/u:0H prev_pid=7 prev_prio=100 prev_state=D ==> next_comm=Binder_2 next_pid=2243 next_prio=120
      android.bg-764   [001] ...2  1445.107425: sched_switch: prev_comm=android.bg prev_pid=764 prev_prio=130 prev_state=S ==> next_comm=RenderThread next_pid=1365 next_prio=116
    RenderThread-1365  [001] ...2  1445.107526: sched_switch: prev_comm=RenderThread prev_pid=1365 prev_prio=116 prev_state=D ==> next_comm=swapper/1 next_pid=0 next_prio=120
        Binder_2-2243  [000] ...2  1445.107545: sched_switch: prev_comm=Binder_2 prev_pid=2243 prev_prio=120 prev_state=S ==> next_comm=Binder_A next_pid=1201 next_prio=120
        Binder_A-1201  [000] ...2  1445.107661: sched_switch: prev_comm=Binder_A prev_pid=1201 prev_prio=120 prev_state=R+ ==> next_comm=InputDispatcher next_pid=795 next_prio=112
 InputDispatcher-795   [000] ...2  1445.107722: sched_switch: prev_comm=InputDispatcher prev_pid=795 prev_prio=112 prev_state=S ==> next_comm=Binder_A next_pid=1201 next_prio=120
        Binder_A-1201  [000] ...2  1445.107726: sched_switch: prev_comm=Binder_A prev_pid=1201 prev_prio=120 prev_state=R+ ==> next_comm=kworker/u:0H next_pid=7 next_prio=100
    kworker/u:0H-7     [000] ...2  1445.107753: sched_switch: prev_comm=kworker/u:0H prev_pid=7 prev_prio=100 prev_state=D ==> next_comm=Binder_A next_pid=1201 next_prio=120
          <idle>-0     [001] ...2  1445.107759: sched_switch: prev_comm=swapper/1 prev_pid=0 prev_prio=120 prev_state=R ==> next_comm=RenderThread next_pid=1365 next_prio=116
        Binder_A-1201  [000] ...2  1445.107821: sched_switch: prev_comm=Binder_A prev_pid=1201 prev_prio=120 prev_state=R+ ==> next_comm=ActivityManager next_pid=765 next_prio=118
 ActivityManager-765   [000] ...2  1445.107844: sched_switch: prev_comm=ActivityManager prev_pid=765 prev_prio=118 prev_state=S ==> next_comm=Binder_A next_pid=1201 next_prio=120
        Binder_A-1201  [000] ...2  1445.107873: sched_switch: prev_comm=Binder_A prev_pid=1201 prev_prio=120 prev_state=R+ ==> next_comm=ActivityManager next_pid=765 next_prio=118
 ActivityManager-765   [000] ...2  1445.108014: sched_switch: prev_comm=ActivityManager prev_pid=765 prev_prio=118 prev_state=S ==> next_comm=Binder_1 next_pid=691 next_prio=120
    RenderThread-1365  [001] ...2  1445.108108: sched_switch: prev_comm=RenderThread prev_pid=1365 prev_prio=116 prev_state=R+ ==> next_comm=xample.bdbtrace next_pid=2226 next_prio=120
        Binder_1-691   [000] ...2  1445.108126: sched_switch: prev_comm=Binder_1 prev_pid=691 prev_prio=120 prev_state=S ==> next_comm=Binder_A next_pid=1201 next_prio=120
        Binder_A-1201  [000] ...2  1445.108178: sched_switch: prev_comm=Binder_A prev_pid=1201 prev_prio=120 prev_state=S ==> next_comm=main next_pid=8232 next_prio=120
            main-8232  [000] d..2  1445.108413: block_rq_insert: 179,0 R 0 () 1181984 + 8 [main]
            main-8232  [000] d..2  1445.108419: block_rq_insert: 179,0 R 0 () 1182000 + 40 [main]
            main-8232  [000] d..2  1445.108422: block_rq_insert: 179,0 R 0 () 1182048 + 24 [main]
            main-8232  [000] ...2  1445.108436: sched_switch: prev_comm=main prev_pid=8232 prev_prio=120 prev_state=D|W ==> next_comm=kworker/u:0 next_pid=3362 next_prio=120
     kworker/u:0-3362  [000] ...2  1445.108457: sched_switch: prev_comm=kworker/u:0 prev_pid=3362 prev_prio=120 prev_state=S ==> next_comm=mmcqd/1 next_pid=116 next_prio=120
         mmcqd/1-116   [000] ...2  1445.108528: sched_switch: prev_comm=mmcqd/1 prev_pid=116 prev_prio=120 prev_state=S ==> next_comm=Binder_2 next_pid=8250 next_prio=120
        Binder_2-8250  [000] ...3  1445.108694: sched_switch: prev_comm=Binder_2 prev_pid=8250 prev_prio=120 prev_state=x ==> next_comm=swapper/0 next_pid=0 next_prio=120
          <idle>-0     [000] ...2  1445.108744: sched_switch: prev_comm=swapper/0 prev_pid=0 prev_prio=120 prev_state=R ==> next_comm=mmcqd/1 next_pid=116 next_prio=120
         mmcqd/1-116   [000] ...1  1445.108770: block_rq_complete: 179,0 RA () 1181984 + 8 [0]
         mmcqd/1-116   [000] ...2  1445.108797: sched_switch: prev_comm=mmcqd/1 prev_pid=116 prev_prio=120 prev_state=S ==> next_comm=swapper/0 next_pid=0 next_prio=120
          <idle>-0     [000] ...2  1445.108927: sched_switch: prev_comm=swapper/0 prev_pid=0 prev_prio=120 prev_state=R ==> next_comm=Binder_1 next_pid=8249 next_prio=120
        Binder_1-8249  [000] ...3  1445.109093: sched_switch: prev_comm=Binder_1 prev_pid=8249 prev_prio=120 prev_state=x ==> next_comm=ksoftirqd/0 next_pid=3 next_prio=120
     ksoftirqd/0-3     [000] ...2  1445.109109: sched_switch: prev_comm=ksoftirqd/0 prev_pid=3 prev_prio=120 prev_state=S ==> next_comm=RenderThread next_pid=1365 next_prio=116
    RenderThread-1365  [000] ...2  1445.109203: sched_switch: prev_comm=RenderThread prev_pid=1365 prev_prio=116 prev_state=R+ ==> next_comm=mmcqd/1 next_pid=116 next_prio=120
         mmcqd/1-116   [000] ...1  1445.109239: block_rq_complete: 179,0 RA () 1182000 + 40 [0]
         mmcqd/1-116   [000] ...2  1445.109259: sched_switch: prev_comm=mmcqd/1 prev_pid=116 prev_prio=120 prev_state=S ==> next_comm=main next_pid=8232 next_prio=120
            main-8232  [000] ...2  1445.109308: sched_switch: prev_comm=main prev_pid=8232 prev_prio=120 prev_state=S ==> next_comm=Heap thread poo next_pid=8237 next_prio=120
 Heap thread poo-8237  [000] ...3  1445.109421: sched_switch: prev_comm=Heap thread poo prev_pid=8237 prev_prio=120 prev_state=x ==> next_comm=Heap thread poo next_pid=8239 next_prio=120
 Heap thread poo-8239  [000] ...3  1445.109539: sched_switch: prev_comm=Heap thread poo prev_pid=8239 prev_prio=120 prev_state=x ==> next_comm=main next_pid=8232 next_prio=120
            main-8232  [000] ...2  1445.109585: sched_switch: prev_comm=main prev_pid=8232 prev_prio=120 prev_state=S ==> next_comm=mmcqd/1 next_pid=116 next_prio=120
         mmcqd/1-116   [000] ...1  1445.109598: block_rq_complete: 179,0 RA () 1182048 + 24 [0]
 xample.bdbtrace-2226  [001] d..2  1445.109613: block_rq_insert: 179,0 R 0 () 851896 + 32 [xample.bdbtrace]
         mmcqd/1-116   [000] ...2  1445.109614: sched_switch: prev_comm=mmcqd/1 prev_pid=116 prev_prio=120 prev_state=R+ ==> next_comm=kworker/0:1H next_pid=17 next_prio=100
    kworker/0:1H-17    [000] ...2  1445.109625: sched_switch: prev_comm=kworker/0:1H prev_pid=17 prev_prio=100 prev_state=S ==> next_comm=mmcqd/1 next_pid=116 next_prio=120
 xample.bdbtrace-2226  [001] ...2  1445.109629: sched_switch: prev_comm=xample.bdbtrace prev_pid=2226 prev_prio=120 prev_state=D|W ==> next_comm=Binder_3 next_pid=887 next_prio=120
         mmcqd/1-116   [000] ...2  1445.109674: sched_switch: prev_comm=mmcqd/1 prev_pid=116 prev_prio=120 prev_state=S ==> next_comm=RenderThread next_pid=1365 next_prio=116
        Binder_3-887   [001] ...2  1445.110052: sched_switch: prev_comm=Binder_3 prev_pid=887 prev_prio=120 prev_state=S ==> next_comm=Heap thread poo next_pid=8238 next_prio=120
    RenderThread-1365  [000] ...2  1445.110058: sched_switch: prev_comm=RenderThread prev_pid=1365 prev_prio=116 prev_state=R+ ==> next_comm=mmcqd/1 next_pid=116 next_prio=120
         mmcqd/1-116   [000] ...1  1445.110075: block_rq_complete: 179,0 RA () 851896 + 32 [0]
         mmcqd/1-116   [000] ...2  1445.110101: sched_switch: prev_comm=mmcqd/1 prev_pid=116 prev_prio=120 prev_state=R+ ==> next_comm=kworker/0:1H next_pid=17 next_prio=100
    kworker/0:1H-17    [000] ...2  1445.110109: sched_switch: prev_comm=kworker/0:1H prev_pid=17 prev_prio=100 prev_state=S ==> next_comm=mmcqd/1 next_pid=116 next_prio=120
         mmcqd/1-116   [000] ...2  1445.110120: sched_switch: prev_comm=mmcqd/1 prev_pid=116 prev_prio=120 prev_state=S ==> next_comm=RenderThread next_pid=1365 next_prio=116
    RenderThread-1365  [000] ...2  1445.110275: sched_switch: prev_comm=RenderThread prev_pid=1365 prev_prio=116 prev_state=R+ ==> next_comm=main next_pid=8232 next_prio=120
 Heap thread poo-8238  [001] ...3  1445.110306: sched_switch: prev_comm=Heap thread poo prev_pid=8238 prev_prio=120 prev_state=x ==> next_comm=xample.bdbtrace next_pid=2226 next_prio=120
            main-8232  [000] ...2  1445.110386: sched_switch: prev_comm=main prev_pid=8232 prev_prio=120 prev_state=S ==> next_comm=adbd next_pid=778 next_prio=120
            adbd-778   [000] ...2  1445.110517: sched_switch: prev_comm=adbd prev_pid=778 prev_prio=120 prev_state=S ==> next_comm=RenderThread next_pid=1365 next_prio=116
    RenderThread-1365  [000] ...2  1445.110605: sched_switch: prev_comm=RenderThread prev_pid=1365 prev_prio=116 prev_state=R+ ==> next_comm=kworker/u:0 next_pid=3362 next_prio=120
     kworker/u:0-3362  [000] ...2  1445.110611: sched_switch: prev_comm=kworker/u:0 prev_pid=3362 prev_prio=120 prev_state=D ==> next_comm=RenderThread next_pid=1365 next_prio=116
    RenderThread-1365  [000] ...2  1445.110668: sched_switch: prev_comm=RenderThread prev_pid=1365 prev_prio=116 prev_state=R+ ==> next_comm=kworker/u:2 next_pid=7554 next_prio=120
     kworker/u:2-7554  [000] ...2  1445.110674: sched_switch: prev_comm=kworker/u:2 prev_pid=7554 prev_prio=120 prev_state=S ==> next_comm=RenderThread next_pid=1365 next_prio=116
    RenderThread-1365  [000] ...2  1445.110712: sched_switch: prev_comm=RenderThread prev_pid=1365 prev_prio=116 prev_state=R+ ==> next_comm=kworker/u:0 next_pid=3362 next_prio=120
     kworker/u:0-3362  [000] ...2  1445.110764: sched_switch: prev_comm=kworker/u:0 prev_pid=3362 prev_prio=120 prev_state=S ==> next_comm=kworker/u:2 next_pid=7554 next_prio=120
     kworker/u:2-7554  [000] ...2  1445.110769: sched_switch: prev_comm=kworker/u:2 prev_pid=7554 prev_prio=120 prev_state=S ==> next_comm=RenderThread next_pid=1365 next_prio=116
    RenderThread-1365  [000] ...2  1445.110820: sched_switch: prev_comm=RenderThread prev_pid=1365 prev_prio=116 prev_state=S ==> next_comm=swapper/0 next_pid=0 next_prio=120
          <idle>-0     [000] ...2  1445.110843: sched_switch: prev_comm=swapper/0 prev_pid=0 prev_prio=120 prev_state=R ==> next_comm=ksoftirqd/0 next_pid=3 next_prio=120
     ksoftirqd/0-3     [000] ...2  1445.110851: sched_switch: prev_comm=ksoftirqd/0 prev_pid=3 prev_prio=120 prev_state=S ==> next_comm=swapper/0 next_pid=0 next_prio=120
          <idle>-0     [000] ...2  1445.110865: sched_switch: prev_comm=swapper/0 prev_pid=0 prev_prio=120 prev_state=R ==> next_comm=ksoftirqd/0 next_pid=3 next_prio=120
     ksoftirqd/0-3     [000] ...2  1445.110870: sched_switch: prev_comm=ksoftirqd/0 prev_pid=3 prev_prio=120 prev_state=S ==> next_comm=swapper/0 next_pid=0 next_prio=120
 xample.bdbtrace-2226  [001] d..2  1445.111848: block_rq_insert: 179,0 R 0 () 852120 + 8 [xample.bdbtrace]
          <idle>-0     [000] ...2  1445.111872: sched_switch: prev_comm=swapper/0 prev_pid=0 prev_prio=120 prev_state=R ==> next_comm=mmcqd/1 next_pid=116 next_prio=120
 xample.bdbtrace-2226  [001] ...2  1445.111872: sched_switch: prev_comm=xample.bdbtrace prev_pid=2226 prev_prio=120 prev_state=D|W ==> next_comm=JDWP next_pid=8243 next_prio=120
         mmcqd/1-116   [000] ...2  1445.111916: sched_switch: prev_comm=mmcqd/1 prev_pid=116 prev_prio=120 prev_state=S ==> next_comm=swapper/0 next_pid=0 next_prio=120
