     ksoftirqd/0-3     [000] ...2  1444.996656: sched_switch: prev_comm=ksoftirqd/0 prev_pid=3 prev_prio=120 prev_state=S ==> next_comm=swapper/0 next_pid=0 next_prio=120
          <idle>-0     [000] ...2  1444.996671: sched_switch: prev_comm=swapper/0 prev_pid=0 prev_prio=120 prev_state=R ==> next_comm=ksoftirqd/0 next_pid=3 next_prio=120
     ksoftirqd/0-3     [000] ...2  1444.996680: sched_switch: prev_comm=ksoftirqd/0 prev_pid=3 prev_prio=120 prev_state=S ==> next_comm=swapper/0 next_pid=0 next_prio=120
          <idle>-0     [000] ...2  1444.996694: sched_switch: prev_comm=swapper/0 prev_pid=0 prev_prio=120 prev_state=R ==> next_comm=ksoftirqd/0 next_pid=3 next_prio=120
     ksoftirqd/0-3     [000] ...2  1444.996703: sched_switch: prev_comm=ksoftirqd/0 prev_pid=3 prev_prio=120 prev_state=S ==> next_comm=swapper/0 next_pid=0 next_prio=120
          <idle>-0     [000] ...2  1444.996865: sched_switch: prev_comm=swapper/0 prev_pid=0 prev_prio=120 prev_state=R ==> next_comm=mmcqd/1 next_pid=116 next_prio=120
         mmcqd/1-116   [000] ...1  1444.996878: block_rq_complete: 179,0 RA () 3984640 + 16 [0]
         mmcqd/1-116   [000] ...2  1444.996897: sched_switch: prev_comm=mmcqd/1 prev_pid=116 prev_prio=120 prev_state=R+ ==> next_comm=kworker/0:1H next_pid=17 next_prio=100
    kworker/0:1H-17    [000] ...2  1444.996905: sched_switch: prev_comm=kworker/0:1H prev_pid=17 prev_prio=100 prev_state=S ==> next_comm=mmcqd/1 next_pid=116 next_prio=120
         mmcqd/1-116   [000] ...2  1444.996915: sched_switch: prev_comm=mmcqd/1 prev_pid=116 prev_prio=120 prev_state=S ==> next_comm=main next_pid=8232 next_prio=120
          <idle>-0     [001] ...2  1444.997604: sched_switch: prev_comm=swapper/1 prev_pid=0 prev_prio=120 prev_state=R ==> next_comm=main next_pid=8237 next_prio=120
            main-8232  [000] ...2  1444.997631: sched_switch: prev_comm=main prev_pid=8232 prev_prio=120 prev_state=D ==> next_comm=swapper/0 next_pid=0 next_prio=120
          <idle>-0     [000] ...2  1444.997650: sched_switch: prev_comm=swapper/0 prev_pid=0 prev_prio=120 prev_state=R ==> next_comm=ksoftirqd/0 next_pid=3 next_prio=120
     ksoftirqd/0-3     [000] ...2  1444.997657: sched_switch: prev_comm=ksoftirqd/0 prev_pid=3 prev_prio=120 prev_state=S ==> next_comm=main next_pid=8232 next_prio=120
            main-8232  [000] ...2  1444.997708: sched_switch: prev_comm=main prev_pid=8232 prev_prio=120 prev_state=D ==> next_comm=main next_pid=8238 next_prio=120
 Heap thread poo-8238  [000] ...2  1444.997717: sched_switch: prev_comm=main prev_pid=8238 prev_prio=120 prev_state=D ==> next_comm=swapper/0 next_pid=0 next_prio=120
          <idle>-0     [000] ...2  1444.997737: sched_switch: prev_comm=swapper/0 prev_pid=0 prev_prio=120 prev_state=R ==> next_comm=ksoftirqd/0 next_pid=3 next_prio=120
     ksoftirqd/0-3     [000] ...2  1444.997744: sched_switch: prev_comm=ksoftirqd/0 prev_pid=3 prev_prio=120 prev_state=S ==> next_comm=main next_pid=8232 next_prio=120
 Heap thread poo-8237  [001] ...2  1444.997754: sched_switch: prev_comm=main prev_pid=8237 prev_prio=120 prev_state=D ==> next_comm=swapper/1 next_pid=0 next_prio=120
            main-8232  [000] ...2  1444.997782: sched_switch: prev_comm=main prev_pid=8232 prev_prio=120 prev_state=D ==> next_comm=main next_pid=8238 next_prio=120
 Heap thread poo-8238  [000] ...2  1444.997795: sched_switch: prev_comm=main prev_pid=8238 prev_prio=120 prev_state=R+ ==> next_comm=main next_pid=8232 next_prio=120
          <idle>-0     [001] ...2  1444.997820: sched_switch: prev_comm=swapper/1 prev_pid=0 prev_prio=120 prev_state=R ==> next_comm=main next_pid=8237 next_prio=120
            main-8232  [000] ...2  1444.997840: sched_switch: prev_comm=main prev_pid=8232 prev_prio=120 prev_state=S ==> next_comm=main next_pid=8238 next_prio=120
 Heap thread poo-8238  [000] ...2  1444.997928: sched_switch: prev_comm=main prev_pid=8238 prev_prio=120 prev_state=S ==> next_comm=swapper/0 next_pid=0 next_prio=120
          <idle>-0     [000] ...2  1444.997945: sched_switch: prev_comm=swapper/0 prev_pid=0 prev_prio=120 prev_state=R ==> next_comm=ksoftirqd/0 next_pid=3 next_prio=120
     ksoftirqd/0-3     [000] ...2  1444.997954: sched_switch: prev_comm=ksoftirqd/0 prev_pid=3 prev_prio=120 prev_state=S ==> next_comm=swapper/0 next_pid=0 next_prio=120
          <idle>-0     [000] ...2  1444.997977: sched_switch: prev_comm=swapper/0 prev_pid=0 prev_prio=120 prev_state=R ==> next_comm=main next_pid=8238 next_prio=120
 Heap thread poo-8238  [000] ...2  1444.997987: sched_switch: prev_comm=main prev_pid=8238 prev_prio=120 prev_state=D ==> next_comm=swapper/0 next_pid=0 next_prio=120
          <idle>-0     [000] ...2  1444.998006: sched_switch: prev_comm=swapper/0 prev_pid=0 prev_prio=120 prev_state=R ==> next_comm=main next_pid=8238 next_prio=120
 Heap thread poo-8238  [000] ...2  1444.998021: sched_switch: prev_comm=main prev_pid=8238 prev_prio=120 prev_state=D ==> next_comm=swapper/0 next_pid=0 next_prio=120
          <idle>-0     [000] ...2  1444.998036: sched_switch: prev_comm=swapper/0 prev_pid=0 prev_prio=120 prev_state=R ==> next_comm=main next_pid=8238 next_prio=120
 Heap thread poo-8237  [001] ...2  1444.998046: sched_switch: prev_comm=main prev_pid=8237 prev_prio=120 prev_state=R ==> next_comm=main next_pid=8239 next_prio=120
 Heap thread poo-8238  [000] ...2  1444.998052: sched_switch: prev_comm=main prev_pid=8238 prev_prio=120 prev_state=D ==> next_comm=swapper/0 next_pid=0 next_prio=120
 Heap thread poo-8239  [001] ...2  1444.998067: sched_switch: prev_comm=main prev_pid=8239 prev_prio=120 prev_state=R+ ==> next_comm=main next_pid=8237 next_prio=120
          <idle>-0     [000] ...2  1444.998136: sched_switch: prev_comm=swapper/0 prev_pid=0 prev_prio=120 prev_state=R ==> next_comm=main next_pid=8238 next_prio=120
 Heap thread poo-8237  [001] ...2  1444.998149: sched_switch: prev_comm=main prev_pid=8237 prev_prio=120 prev_state=R ==> next_comm=main next_pid=8239 next_prio=120
 Heap thread poo-8238  [000] ...2  1444.998154: sched_switch: prev_comm=main prev_pid=8238 prev_prio=120 prev_state=D ==> next_comm=swapper/0 next_pid=0 next_prio=120
 Heap thread poo-8239  [001] ...2  1444.998163: sched_switch: prev_comm=main prev_pid=8239 prev_prio=120 prev_state=R+ ==> next_comm=main next_pid=8237 next_prio=120
          <idle>-0     [000] ...2  1444.998194: sched_switch: prev_comm=swapper/0 prev_pid=0 prev_prio=120 prev_state=R ==> next_comm=main next_pid=8238 next_prio=120
 Heap thread poo-8238  [000] ...2  1444.998217: sched_switch: prev_comm=main prev_pid=8238 prev_prio=120 prev_state=D ==> next_comm=swapper/0 next_pid=0 next_prio=120
          <idle>-0     [000] ...2  1444.998231: sched_switch: prev_comm=swapper/0 prev_pid=0 prev_prio=120 prev_state=R ==> next_comm=main next_pid=8238 next_prio=120
 Heap thread poo-8237  [001] ...2  1444.998238: sched_switch: prev_comm=main prev_pid=8237 prev_prio=120 prev_state=D ==> next_comm=main next_pid=8239 next_prio=120
 Heap thread poo-8238  [000] ...2  1444.998247: sched_switch: prev_comm=main prev_pid=8238 prev_prio=120 prev_state=D ==> next_comm=swapper/0 next_pid=0 next_prio=120
 Heap thread poo-8239  [001] ...2  1444.998252: sched_switch: prev_comm=main prev_pid=8239 prev_prio=120 prev_state=R+ ==> next_comm=main next_pid=8237 next_prio=120
          <idle>-0     [000] ...2  1444.998290: sched_switch: prev_comm=swapper/0 prev_pid=0 prev_prio=120 prev_state=R ==> next_comm=main next_pid=8238 next_prio=120
 Heap thread poo-8237  [001] ...2  1444.998299: sched_switch: prev_comm=main prev_pid=8237 prev_prio=120 prev_state=R ==> next_comm=main next_pid=8239 next_prio=120
 Heap thread poo-8238  [000] ...2  1444.998308: sched_switch: prev_comm=main prev_pid=8238 prev_prio=120 prev_state=D ==> next_comm=swapper/0 next_pid=0 next_prio=120
 Heap thread poo-8239  [001] ...2  1444.998313: sched_switch: prev_comm=main prev_pid=8239 prev_prio=120 prev_state=R+ ==> next_comm=main next_pid=8237 next_prio=120
          <idle>-0     [000] ...2  1444.998349: sched_switch: prev_comm=swapper/0 prev_pid=0 prev_prio=120 prev_state=R ==> next_comm=main next_pid=8238 next_prio=120
 Heap thread poo-8238  [000] ...2  1444.998378: sched_switch: prev_comm=main prev_pid=8238 prev_prio=120 prev_state=S ==> next_comm=swapper/0 next_pid=0 next_prio=120
          <idle>-0     [000] ...2  1444.998915: sched_switch: prev_comm=swapper/0 prev_pid=0 prev_prio=120 prev_state=R ==> next_comm=ksoftirqd/0 next_pid=3 next_prio=120
     ksoftirqd/0-3     [000] ...2  1444.998921: sched_switch: prev_comm=ksoftirqd/0 prev_pid=3 prev_prio=120 prev_state=S ==> next_comm=main next_pid=8239 next_prio=120
 Heap thread poo-8239  [000] ...2  1444.998928: sched_switch: prev_comm=main prev_pid=8239 prev_prio=120 prev_state=D ==> next_comm=swapper/0 next_pid=0 next_prio=120
          <idle>-0     [000] ...2  1444.998941: sched_switch: prev_comm=swapper/0 prev_pid=0 prev_prio=120 prev_state=R ==> next_comm=ksoftirqd/0 next_pid=3 next_prio=120
     ksoftirqd/0-3     [000] ...2  1444.998947: sched_switch: prev_comm=ksoftirqd/0 prev_pid=3 prev_prio=120 prev_state=S ==> next_comm=swapper/0 next_pid=0 next_prio=120
 Heap thread poo-8237  [001] ...2  1444.998953: sched_switch: prev_comm=main prev_pid=8237 prev_prio=120 prev_state=R+ ==> next_comm=kworker/1:0H next_pid=8235 next_prio=100
          <idle>-0     [000] ...2  1444.998959: sched_switch: prev_comm=swapper/0 prev_pid=0 prev_prio=120 prev_state=R ==> next_comm=ksoftirqd/0 next_pid=3 next_prio=120
     ksoftirqd/0-3     [000] ...2  1444.998965: sched_switch: prev_comm=ksoftirqd/0 prev_pid=3 prev_prio=120 prev_state=S ==> next_comm=swapper/0 next_pid=0 next_prio=120
          <idle>-0     [000] ...2  1444.998992: sched_switch: prev_comm=swapper/0 prev_pid=0 prev_prio=120 prev_state=R ==> next_comm=kthreadd next_pid=2 next_prio=98
    kworker/1:0H-8235  [001] ...2  1444.998998: sched_switch: prev_comm=kworker/1:0H prev_pid=8235 prev_prio=100 prev_state=D ==> next_comm=main next_pid=8237 next_prio=120
        kthreadd-2     [000] ...2  1444.999022: sched_switch: prev_comm=kthreadd prev_pid=2 prev_prio=98 prev_state=S ==> next_comm=main next_pid=8239 next_prio=120
 Heap thread poo-8237  [001] ...2  1444.999028: sched_switch: prev_comm=main prev_pid=8237 prev_prio=120 prev_state=R+ ==> next_comm=kthreadd next_pid=8240 next_prio=98
 Heap thread poo-8239  [000] ...2  1444.999039: sched_switch: prev_comm=main prev_pid=8239 prev_prio=120 prev_state=S ==> next_comm=swapper/0 next_pid=0 next_prio=120
    kworker/1:1H-8240  [001] ...2  1444.999061: sched_switch: prev_comm=kthreadd prev_pid=8240 prev_prio=98 prev_state=D ==> next_comm=kworker/1:0H next_pid=8235 next_prio=100
    kworker/1:0H-8235  [001] ...2  1444.999144: sched_switch: prev_comm=kworker/1:0H prev_pid=8235 prev_prio=100 prev_state=D ==> next_comm=kworker/1:1H next_pid=8240 next_prio=100
          <idle>-0     [000] ...2  1444.999176: sched_switch: prev_comm=swapper/0 prev_pid=0 prev_prio=120 prev_state=R ==> next_comm=kthreadd next_pid=2 next_prio=98
    kworker/1:1H-8240  [001] ...2  1444.999183: sched_switch: prev_comm=kworker/1:1H prev_pid=8240 prev_prio=100 prev_state=D ==> next_comm=main next_pid=8237 next_prio=120
        kthreadd-2     [000] ...2  1444.999199: sched_switch: prev_comm=kthreadd prev_pid=2 prev_prio=98 prev_state=S ==> next_comm=swapper/0 next_pid=0 next_prio=120
 Heap thread poo-8237  [001] ...2  1444.999202: sched_switch: prev_comm=main prev_pid=8237 prev_prio=120 prev_state=R+ ==> next_comm=kthreadd next_pid=8241 next_prio=98
    kworker/1:2H-8241  [001] ...2  1444.999231: sched_switch: prev_comm=kthreadd prev_pid=8241 prev_prio=98 prev_state=D ==> next_comm=kworker/1:1H next_pid=8240 next_prio=100
    kworker/1:1H-8240  [001] ...2  1444.999407: sched_switch: prev_comm=kworker/1:1H prev_pid=8240 prev_prio=100 prev_state=R+ ==> next_comm=kworker/1:2H next_pid=8241 next_prio=100
    kworker/1:2H-8241  [001] ...2  1444.999417: sched_switch: prev_comm=kworker/1:2H prev_pid=8241 prev_prio=100 prev_state=S ==> next_comm=kworker/1:1H next_pid=8240 next_prio=100
    kworker/1:1H-8240  [001] ...2  1444.999432: sched_switch: prev_comm=kworker/1:1H prev_pid=8240 prev_prio=100 prev_state=S ==> next_comm=kworker/1:0H next_pid=8235 next_prio=100
    kworker/1:0H-8235  [001] ...2  1444.999446: sched_switch: prev_comm=kworker/1:0H prev_pid=8235 prev_prio=100 prev_state=S ==> next_comm=main next_pid=8237 next_prio=120
          <idle>-0     [000] ...2  1444.999941: sched_switch: prev_comm=swapper/0 prev_pid=0 prev_prio=120 prev_state=R ==> next_comm=main next_pid=8238 next_prio=120
 Heap thread poo-8237  [001] ...2  1444.999977: sched_switch: prev_comm=Heap thread poo prev_pid=8237 prev_prio=120 prev_state=S ==> next_comm=swapper/1 next_pid=0 next_prio=120
          <idle>-0     [001] ...2  1445.000010: sched_switch: prev_comm=swapper/1 prev_pid=0 prev_prio=120 prev_state=R ==> next_comm=ksoftirqd/1 next_pid=8236 next_prio=120
     ksoftirqd/1-8236  [001] ...2  1445.000027: sched_switch: prev_comm=ksoftirqd/1 prev_pid=8236 prev_prio=120 prev_state=S ==> next_comm=swapper/1 next_pid=0 next_prio=120
          <idle>-0     [001] ...2  1445.000048: sched_switch: prev_comm=swapper/1 prev_pid=0 prev_prio=120 prev_state=R ==> next_comm=ksoftirqd/1 next_pid=8236 next_prio=120
     ksoftirqd/1-8236  [001] ...2  1445.000060: sched_switch: prev_comm=ksoftirqd/1 prev_pid=8236 prev_prio=120 prev_state=S ==> next_comm=swapper/1 next_pid=0 next_prio=120
          <idle>-0     [001] ...2  1445.000081: sched_switch: prev_comm=swapper/1 prev_pid=0 prev_prio=120 prev_state=R ==> next_comm=ksoftirqd/1 next_pid=8236 next_prio=120
     ksoftirqd/1-8236  [001] ...2  1445.000093: sched_switch: prev_comm=ksoftirqd/1 prev_pid=8236 prev_prio=120 prev_state=S ==> next_comm=swapper/1 next_pid=0 next_prio=120
 Heap thread poo-8238  [000] ...2  1445.000307: sched_switch: prev_comm=Heap thread poo prev_pid=8238 prev_prio=120 prev_state=S ==> next_comm=main next_pid=8239 next_prio=120
 Heap thread poo-8239  [000] ...2  1445.000703: sched_switch: prev_comm=Heap thread poo prev_pid=8239 prev_prio=120 prev_state=R+ ==> next_comm=main next_pid=8232 next_prio=120
          <idle>-0     [001] ...2  1445.000730: sched_switch: prev_comm=swapper/1 prev_pid=0 prev_prio=120 prev_state=R ==> next_comm=Heap thread poo next_pid=8237 next_prio=120
            main-8232  [000] ...2  1445.000770: sched_switch: prev_comm=main prev_pid=8232 prev_prio=120 prev_state=S ==> next_comm=Heap thread poo next_pid=8239 next_prio=120
 Heap thread poo-8237  [001] ...2  1445.000772: sched_switch: prev_comm=Heap thread poo prev_pid=8237 prev_prio=120 prev_state=S ==> next_comm=Heap thread poo next_pid=8238 next_prio=120
 Heap thread poo-8239  [000] ...2  1445.000784: sched_switch: prev_comm=Heap thread poo prev_pid=8239 prev_prio=120 prev_state=S ==> next_comm=main next_pid=8242 next_prio=120
  Signal Catcher-8242  [000] ...2  1445.000791: sched_switch: prev_comm=main prev_pid=8242 prev_prio=120 prev_state=D ==> next_comm=swapper/0 next_pid=0 next_prio=120
          <idle>-0     [000] ...2  1445.000798: sched_switch: prev_comm=swapper/0 prev_pid=0 prev_prio=120 prev_state=R ==> next_comm=main next_pid=8242 next_prio=120
 Heap thread poo-8238  [001] ...2  1445.000805: sched_switch: prev_comm=Heap thread poo prev_pid=8238 prev_prio=120 prev_state=S ==> next_comm=swapper/1 next_pid=0 next_prio=120
  Signal Catcher-8242  [000] ...2  1445.001256: sched_switch: prev_comm=Signal Catcher prev_pid=8242 prev_prio=120 prev_state=R+ ==> next_comm=main next_pid=8232 next_prio=120
          <idle>-0     [001] ...2  1445.001330: sched_switch: prev_comm=swapper/1 prev_pid=0 prev_prio=120 prev_state=R ==> next_comm=main next_pid=8243 next_prio=120
            main-8232  [000] ...2  1445.001332: sched_switch: prev_comm=main prev_pid=8232 prev_prio=120 prev_state=S ==> next_comm=Signal Catcher next_pid=8242 next_prio=120
  Signal Catcher-8242  [000] ...2  1445.001341: sched_switch: prev_comm=Signal Catcher prev_pid=8242 prev_prio=120 prev_state=S ==> next_comm=swapper/0 next_pid=0 next_prio=120
          <idle>-0     [000] ...2  1445.002091: sched_switch: prev_comm=swapper/0 prev_pid=0 prev_prio=120 prev_state=R ==> next_comm=main next_pid=8232 next_prio=120
            JDWP-8243  [001] ...2  1445.002183: sched_switch: prev_comm=JDWP prev_pid=8243 prev_prio=120 prev_state=R+ ==> next_comm=adbd next_pid=778 next_prio=120
            main-8232  [000] d..2  1445.002250: block_rq_insert: 179,0 R 0 () 4067352 + 8 [main]
            main-8232  [000] d..2  1445.002254: block_rq_insert: 179,0 R 0 () 4067368 + 8 [main]
            main-8232  [000] ...2  1445.002266: sched_switch: prev_comm=main prev_pid=8232 prev_prio=120 prev_state=D|W ==> next_comm=mmcqd/1 next_pid=116 next_prio=120
         mmcqd/1-116   [000] ...2  1445.002318: sched_switch: prev_comm=mmcqd/1 prev_pid=116 prev_prio=120 prev_state=S ==> next_comm=swapper/0 next_pid=0 next_prio=120
            adbd-778   [001] ...2  1445.002353: sched_switch: prev_comm=adbd prev_pid=778 prev_prio=120 prev_state=S ==> next_comm=JDWP next_pid=8243 next_prio=120
            JDWP-8243  [001] ...2  1445.002382: sched_switch: prev_comm=JDWP prev_pid=8243 prev_prio=120 prev_state=R+ ==> next_comm=adbd next_pid=778 next_prio=120
          <idle>-0     [000] ...2  1445.002539: sched_switch: prev_comm=swapper/0 prev_pid=0 prev_prio=120 prev_state=R ==> next_comm=mmcqd/1 next_pid=116 next_prio=120
            adbd-778   [001] ...2  1445.002557: sched_switch: prev_comm=adbd prev_pid=778 prev_prio=120 prev_state=S ==> next_comm=JDWP next_pid=8243 next_prio=120
         mmcqd/1-116   [000] ...1  1445.002565: block_rq_complete: 179,0 RA () 4067352 + 8 [0]
         mmcqd/1-116   [000] ...2  1445.002578: sched_switch: prev_comm=mmcqd/1 prev_pid=116 prev_prio=120 prev_state=S ==> next_comm=swapper/0 next_pid=0 next_prio=120
            JDWP-8243  [001] ...2  1445.002578: sched_switch: prev_comm=JDWP prev_pid=8243 prev_prio=120 prev_state=S ==> next_comm=swapper/1 next_pid=0 next_prio=120
          <idle>-0     [000] ...2  1445.002815: sched_switch: prev_comm=swapper/0 prev_pid=0 prev_prio=120 prev_state=R ==> next_comm=mmcqd/1 next_pid=116 next_prio=120
         mmcqd/1-116   [000] ...1  1445.002825: block_rq_complete: 179,0 RA () 4067368 + 8 [0]
         mmcqd/1-116   [000] ...2  1445.002843: sched_switch: prev_comm=mmcqd/1 prev_pid=116 prev_prio=120 prev_state=R+ ==> next_comm=kworker/0:1H next_pid=17 next_prio=100
    kworker/0:1H-17    [000] ...2  1445.002851: sched_switch: prev_comm=kworker/0:1H prev_pid=17 prev_prio=100 prev_state=S ==> next_comm=mmcqd/1 next_pid=116 next_prio=120
         mmcqd/1-116   [000] ...2  1445.002861: sched_switch: prev_comm=mmcqd/1 prev_pid=116 prev_prio=120 prev_state=S ==> next_comm=main next_pid=8232 next_prio=120
            main-8232  [000] d..2  1445.003239: block_rq_insert: 179,0 R 0 () 3993912 + 8 [main]
            main-8232  [000] d..2  1445.003242: block_rq_insert: 179,0 R 0 () 3993944 + 16 [main]
            main-8232  [000] d..2  1445.003243: block_rq_insert: 179,0 R 0 () 3993968 + 72 [main]
            main-8232  [000] ...2  1445.003254: sched_switch: prev_comm=main prev_pid=8232 prev_prio=120 prev_state=D|W ==> next_comm=mmcqd/1 next_pid=116 next_prio=120
         mmcqd/1-116   [000] ...2  1445.003303: sched_switch: prev_comm=mmcqd/1 prev_pid=116 prev_prio=120 prev_state=S ==> next_comm=swapper/0 next_pid=0 next_prio=120
          <idle>-0     [000] ...2  1445.003526: sched_switch: prev_comm=swapper/0 prev_pid=0 prev_prio=120 prev_state=R ==> next_comm=mmcqd/1 next_pid=116 next_prio=120
         mmcqd/1-116   [000] ...1  1445.003551: block_rq_complete: 179,0 RA () 3993912 + 8 [0]
         mmcqd/1-116   [000] ...2  1445.003592: sched_switch: prev_comm=mmcqd/1 prev_pid=116 prev_prio=120 prev_state=S ==> next_comm=main next_pid=8232 next_prio=120
            main-8232  [000] d..2  1445.003739: block_rq_insert: 179,0 R 0 () 4026856 + 24 [main]
            main-8232  [000] d..2  1445.003742: block_rq_insert: 179,0 R 0 () 4026944 + 8 [main]
            main-8232  [000] d..2  1445.003743: block_rq_insert: 179,0 R 0 () 4026960 + 40 [main]
            main-8232  [000] d..2  1445.003745: block_rq_insert: 179,0 R 0 () 4027008 + 24 [main]
            main-8232  [000] ...2  1445.003752: sched_switch: prev_comm=main prev_pid=8232 prev_prio=120 prev_state=D|W ==> next_comm=swapper/0 next_pid=0 next_prio=120
          <idle>-0     [000] ...2  1445.003896: sched_switch: prev_comm=swapper/0 prev_pid=0 prev_prio=120 prev_state=R ==> next_comm=mmcqd/1 next_pid=116 next_prio=120
         mmcqd/1-116   [000] ...1  1445.003923: block_rq_complete: 179,0 RA () 3993944 + 16 [0]
         mmcqd/1-116   [000] ...2  1445.003949: sched_switch: prev_comm=mmcqd/1 prev_pid=116 prev_prio=120 prev_state=S ==> next_comm=swapper/0 next_pid=0 next_prio=120
          <idle>-0     [000] ...2  1445.004499: sched_switch: prev_comm=swapper/0 prev_pid=0 prev_prio=120 prev_state=R ==> next_comm=mmcqd/1 next_pid=116 next_prio=120
         mmcqd/1-116   [000] ...1  1445.004539: block_rq_complete: 179,0 RA () 3993968 + 72 [0]
         mmcqd/1-116   [000] ...2  1445.004560: sched_switch: prev_comm=mmcqd/1 prev_pid=116 prev_prio=120 prev_state=S ==> next_comm=swapper/0 next_pid=0 next_prio=120
          <idle>-0     [000] ...2  1445.004821: sched_switch: prev_comm=swapper/0 prev_pid=0 prev_prio=120 prev_state=R ==> next_comm=mmcqd/1 next_pid=116 next_prio=120
         mmcqd/1-116   [000] ...1  1445.004850: block_rq_complete: 179,0 RA () 4026856 + 24 [0]
         mmcqd/1-116   [000] ...2  1445.004878: sched_switch: prev_comm=mmcqd/1 prev_pid=116 prev_prio=120 prev_state=S ==> next_comm=swapper/0 next_pid=0 next_prio=120
          <idle>-0     [000] ...2  1445.005099: sched_switch: prev_comm=swapper/0 prev_pid=0 prev_prio=120 prev_state=R ==> next_comm=mmcqd/1 next_pid=116 next_prio=120
         mmcqd/1-116   [000] ...1  1445.005124: block_rq_complete: 179,0 RA () 4026944 + 8 [0]
         mmcqd/1-116   [000] ...2  1445.005151: sched_switch: prev_comm=mmcqd/1 prev_pid=116 prev_prio=120 prev_state=S ==> next_comm=main next_pid=8232 next_prio=120
            main-8232  [000] d..2  1445.005200: block_rq_insert: 179,0 R 0 () 4028616 + 96 [main]
            main-8232  [000] d..2  1445.005202: block_rq_insert: 179,0 R 0 () 4028736 + 56 [main]
            main-8232  [000] ...2  1445.005209: sched_switch: prev_comm=main prev_pid=8232 prev_prio=120 prev_state=D|W ==> next_comm=swapper/0 next_pid=0 next_prio=120
          <idle>-0     [000] ...2  1445.005559: sched_switch: prev_comm=swapper/0 prev_pid=0 prev_prio=120 prev_state=R ==> next_comm=mmcqd/1 next_pid=116 next_prio=120
         mmcqd/1-116   [000] ...1  1445.005592: block_rq_complete: 179,0 RA () 4026960 + 40 [0]
         mmcqd/1-116   [000] ...2  1445.005635: sched_switch: prev_comm=mmcqd/1 prev_pid=116 prev_prio=120 prev_state=S ==> next_comm=swapper/0 next_pid=0 next_prio=120
          <idle>-0     [000] ...2  1445.005874: sched_switch: prev_comm=swapper/0 prev_pid=0 prev_prio=120 prev_state=R ==> next_comm=mmcqd/1 next_pid=116 next_prio=120
         mmcqd/1-116   [000] ...1  1445.005902: block_rq_complete: 179,0 RA () 4027008 + 24 [0]
         mmcqd/1-116   [000] ...2  1445.005933: sched_switch: prev_comm=mmcqd/1 prev_pid=116 prev_prio=120 prev_state=S ==> next_comm=swapper/0 next_pid=0 next_prio=120
          <idle>-0     [000] ...2  1445.006665: sched_switch: prev_comm=swapper/0 prev_pid=0 prev_prio=120 prev_state=R ==> next_comm=mmcqd/1 next_pid=116 next_prio=120
         mmcqd/1-116   [000] ...1  1445.006709: block_rq_complete: 179,0 RA () 4028616 + 96 [0]
         mmcqd/1-116   [000] ...2  1445.006728: sched_switch: prev_comm=mmcqd/1 prev_pid=116 prev_prio=120 prev_state=S ==> next_comm=main next_pid=8232 next_prio=120
          <idle>-0     [001] ...2  1445.006837: sched_switch: prev_comm=swapper/1 prev_pid=0 prev_prio=120 prev_state=R ==> next_comm=main next_pid=8244 next_prio=120
            main-8232  [000] d..2  1445.007075: block_rq_insert: 179,0 R 0 () 3993624 + 48 [main]
            main-8232  [000] d..2  1445.007077: block_rq_insert: 179,0 R 0 () 3993688 + 24 [main]
            main-8232  [000] d..2  1445.007080: block_rq_insert: 179,0 R 0 () 3993752 + 8 [main]
            main-8232  [000] ...2  1445.007091: sched_switch: prev_comm=main prev_pid=8232 prev_prio=120 prev_state=D|W ==> next_comm=mmcqd/1 next_pid=116 next_prio=120
         mmcqd/1-116   [000] ...2  1445.007116: sched_switch: prev_comm=mmcqd/1 prev_pid=116 prev_prio=120 prev_state=S ==> next_comm=swapper/0 next_pid=0 next_prio=120
          <idle>-0     [000] ...2  1445.007184: sched_switch: prev_comm=swapper/0 prev_pid=0 prev_prio=120 prev_state=R ==> next_comm=mmcqd/1 next_pid=116 next_prio=120
         mmcqd/1-116   [000] ...1  1445.007218: block_rq_complete: 179,0 RA () 4028736 + 56 [0]
         mmcqd/1-116   [000] ...2  1445.007241: sched_switch: prev_comm=mmcqd/1 prev_pid=116 prev_prio=120 prev_state=S ==> next_comm=swapper/0 next_pid=0 next_prio=120
 ReferenceQueueD-8244  [001] ...2  1445.007545: sched_switch: prev_comm=ReferenceQueueD prev_pid=8244 prev_prio=120 prev_state=S ==> next_comm=swapper/1 next_pid=0 next_prio=120
          <idle>-0     [000] ...2  1445.007677: sched_switch: prev_comm=swapper/0 prev_pid=0 prev_prio=120 prev_state=R ==> next_comm=mmcqd/1 next_pid=116 next_prio=120
         mmcqd/1-116   [000] ...1  1445.007713: block_rq_complete: 179,0 RA () 3993624 + 48 [0]
         mmcqd/1-116   [000] ...2  1445.007733: sched_switch: prev_comm=mmcqd/1 prev_pid=116 prev_prio=120 prev_state=S ==> next_comm=swapper/0 next_pid=0 next_prio=120
          <idle>-0     [000] ...2  1445.008070: sched_switch: prev_comm=swapper/0 prev_pid=0 prev_prio=120 prev_state=R ==> next_comm=mmcqd/1 next_pid=116 next_prio=120
         mmcqd/1-116   [000] ...1  1445.008099: block_rq_complete: 179,0 RA () 3993688 + 24 [0]
         mmcqd/1-116   [000] ...2  1445.008110: sched_switch: prev_comm=mmcqd/1 prev_pid=116 prev_prio=120 prev_state=S ==> next_comm=swapper/0 next_pid=0 next_prio=120
          <idle>-0     [000] ...2  1445.008338: sched_switch: prev_comm=swapper/0 prev_pid=0 prev_prio=120 prev_state=R ==> next_comm=mmcqd/1 next_pid=116 next_prio=120
         mmcqd/1-116   [000] ...1  1445.008348: block_rq_complete: 179,0 RA () 3993752 + 8 [0]
         mmcqd/1-116   [000] ...2  1445.008365: sched_switch: prev_comm=mmcqd/1 prev_pid=116 prev_prio=120 prev_state=R+ ==> next_comm=kworker/0:1H next_pid=17 next_prio=100
    kworker/0:1H-17    [000] ...2  1445.008373: sched_switch: prev_comm=kworker/0:1H prev_pid=17 prev_prio=100 prev_state=S ==> next_comm=mmcqd/1 next_pid=116 next_prio=120
         mmcqd/1-116   [000] ...2  1445.008382: sched_switch: prev_comm=mmcqd/1 prev_pid=116 prev_prio=120 prev_state=S ==> next_comm=main next_pid=8232 next_prio=120
            main-8232  [000] d..2  1445.008470: block_rq_insert: 179,0 R 0 () 4019800 + 24 [main]
            main-8232  [000] d..2  1445.008472: block_rq_insert: 179,0 R 0 () 4019896 + 8 [main]
            main-8232  [000] d..2  1445.008474: block_rq_insert: 179,0 R 0 () 4019928 + 8 [main]
            main-8232  [000] ...2  1445.008485: sched_switch: prev_comm=main prev_pid=8232 prev_prio=120 prev_state=D|W ==> next_comm=mmcqd/1 next_pid=116 next_prio=120
         mmcqd/1-116   [000] ...2  1445.008532: sched_switch: prev_comm=mmcqd/1 prev_pid=116 prev_prio=120 prev_state=S ==> next_comm=swapper/0 next_pid=0 next_prio=120
          <idle>-0     [000] ...2  1445.008911: sched_switch: prev_comm=swapper/0 prev_pid=0 prev_prio=120 prev_state=R ==> next_comm=ksoftirqd/0 next_pid=3 next_prio=120
     ksoftirqd/0-3     [000] ...2  1445.008917: sched_switch: prev_comm=ksoftirqd/0 prev_pid=3 prev_prio=120 prev_state=S ==> next_comm=mmcqd/1 next_pid=116 next_prio=120
          <idle>-0     [001] ...2  1445.008922: sched_switch: prev_comm=swapper/1 prev_pid=0 prev_prio=120 prev_state=R ==> next_comm=ksoftirqd/1 next_pid=8236 next_prio=120
     ksoftirqd/1-8236  [001] ...2  1445.008945: sched_switch: prev_comm=ksoftirqd/1 prev_pid=8236 prev_prio=120 prev_state=S ==> next_comm=swapper/1 next_pid=0 next_prio=120
         mmcqd/1-116   [000] ...1  1445.008945: block_rq_complete: 179,0 RA () 4019800 + 24 [0]
         mmcqd/1-116   [000] ...2  1445.008963: sched_switch: prev_comm=mmcqd/1 prev_pid=116 prev_prio=120 prev_state=S ==> next_comm=swapper/0 next_pid=0 next_prio=120
          <idle>-0     [001] ...2  1445.008969: sched_switch: prev_comm=swapper/1 prev_pid=0 prev_prio=120 prev_state=R ==> next_comm=ksoftirqd/1 next_pid=8236 next_prio=120
          <idle>-0     [000] ...2  1445.008979: sched_switch: prev_comm=swapper/0 prev_pid=0 prev_prio=120 prev_state=R ==> next_comm=ksoftirqd/0 next_pid=3 next_prio=120
     ksoftirqd/1-8236  [001] ...2  1445.008983: sched_switch: prev_comm=ksoftirqd/1 prev_pid=8236 prev_prio=120 prev_state=S ==> next_comm=swapper/1 next_pid=0 next_prio=120
     ksoftirqd/0-3     [000] ...2  1445.008990: sched_switch: prev_comm=ksoftirqd/0 prev_pid=3 prev_prio=120 prev_state=S ==> next_comm=swapper/0 next_pid=0 next_prio=120
          <idle>-0     [001] ...2  1445.009004: sched_switch: prev_comm=swapper/1 prev_pid=0 prev_prio=120 prev_state=R ==> next_comm=ksoftirqd/1 next_pid=8236 next_prio=120
     ksoftirqd/1-8236  [001] ...2  1445.009021: sched_switch: prev_comm=ksoftirqd/1 prev_pid=8236 prev_prio=120 prev_state=S ==> next_comm=swapper/1 next_pid=0 next_prio=120
          <idle>-0     [000] ...2  1445.009164: sched_switch: prev_comm=swapper/0 prev_pid=0 prev_prio=120 prev_state=R ==> next_comm=mmcqd/1 next_pid=116 next_prio=120
         mmcqd/1-116   [000] ...1  1445.009189: block_rq_complete: 179,0 RA () 4019896 + 8 [0]
         mmcqd/1-116   [000] ...2  1445.009200: sched_switch: prev_comm=mmcqd/1 prev_pid=116 prev_prio=120 prev_state=S ==> next_comm=swapper/0 next_pid=0 next_prio=120
          <idle>-0     [000] ...2  1445.009439: sched_switch: prev_comm=swapper/0 prev_pid=0 prev_prio=120 prev_state=R ==> next_comm=mmcqd/1 next_pid=116 next_prio=120
         mmcqd/1-116   [000] ...1  1445.009449: block_rq_complete: 179,0 RA () 4019928 + 8 [0]
         mmcqd/1-116   [000] ...2  1445.009466: sched_switch: prev_comm=mmcqd/1 prev_pid=116 prev_prio=120 prev_state=R+ ==> next_comm=kworker/0:1H next_pid=17 next_prio=100
    kworker/0:1H-17    [000] ...2  1445.009473: sched_switch: prev_comm=kworker/0:1H prev_pid=17 prev_prio=100 prev_state=S ==> next_comm=mmcqd/1 next_pid=116 next_prio=120
         mmcqd/1-116   [000] ...2  1445.009482: sched_switch: prev_comm=mmcqd/1 prev_pid=116 prev_prio=120 prev_state=S ==> next_comm=main next_pid=8232 next_prio=120
            main-8232  [000] d..2  1445.009563: block_rq_insert: 179,0 R 0 () 4028368 + 104 [main]
            main-8232  [000] d..2  1445.009565: block_rq_insert: 179,0 R 0 () 4028480 + 32 [main]
            main-8232  [000] ...2  1445.009576: sched_switch: prev_comm=main prev_pid=8232 prev_prio=120 prev_state=D|W ==> next_comm=mmcqd/1 next_pid=116 next_prio=120
         mmcqd/1-116   [000] ...2  1445.009652: sched_switch: prev_comm=mmcqd/1 prev_pid=116 prev_prio=120 prev_state=S ==> next_comm=swapper/0 next_pid=0 next_prio=120
          <idle>-0     [000] ...2  1445.010428: sched_switch: prev_comm=swapper/0 prev_pid=0 prev_prio=120 prev_state=R ==> next_comm=mmcqd/1 next_pid=116 next_prio=120
         mmcqd/1-116   [000] ...1  1445.010475: block_rq_complete: 179,0 RA () 4028368 + 104 [0]
         mmcqd/1-116   [000] ...2  1445.010489: sched_switch: prev_comm=mmcqd/1 prev_pid=116 prev_prio=120 prev_state=S ==> next_comm=swapper/0 next_pid=0 next_prio=120
          <idle>-0     [000] ...2  1445.010793: sched_switch: prev_comm=swapper/0 prev_pid=0 prev_prio=120 prev_state=R ==> next_comm=mmcqd/1 next_pid=116 next_prio=120
         mmcqd/1-116   [000] ...1  1445.010808: block_rq_complete: 179,0 RA () 4028480 + 32 [0]
         mmcqd/1-116   [000] ...2  1445.010824: sched_switch: prev_comm=mmcqd/1 prev_pid=116 prev_prio=120 prev_state=R+ ==> next_comm=kworker/0:1H next_pid=17 next_prio=100
    kworker/0:1H-17    [000] ...2  1445.010831: sched_switch: prev_comm=kworker/0:1H prev_pid=17 prev_prio=100 prev_state=S ==> next_comm=mmcqd/1 next_pid=116 next_prio=120
         mmcqd/1-116   [000] ...2  1445.010841: sched_switch: prev_comm=mmcqd/1 prev_pid=116 prev_prio=120 prev_state=S ==> next_comm=main next_pid=8232 next_prio=120
          <idle>-0     [001] ...2  1445.010941: sched_switch: prev_comm=swapper/1 prev_pid=0 prev_prio=120 prev_state=R ==> next_comm=main next_pid=8245 next_prio=120
            main-8232  [000] ...2  1445.011131: sched_switch: prev_comm=main prev_pid=8232 prev_prio=120 prev_state=S ==> next_comm=swapper/0 next_pid=0 next_prio=120
          <idle>-0     [000] ...2  1445.011573: sched_switch: prev_comm=swapper/0 prev_pid=0 prev_prio=120 prev_state=R ==> next_comm=main next_pid=8232 next_prio=120
 FinalizerDaemon-8245  [001] ...2  1445.011650: sched_switch: prev_comm=FinalizerDaemon prev_pid=8245 prev_prio=120 prev_state=S ==> next_comm=main next_pid=8246 next_prio=120
            main-8232  [000] ...2  1445.011870: sched_switch: prev_comm=main prev_pid=8232 prev_prio=120 prev_state=S ==> next_comm=swapper/0 next_pid=0 next_prio=120
          <idle>-0     [000] ...2  1445.012297: sched_switch: prev_comm=swapper/0 prev_pid=0 prev_prio=120 prev_state=R ==> next_comm=main next_pid=8232 next_prio=120
 FinalizerWatchd-8246  [001] ...2  1445.012358: sched_switch: prev_comm=FinalizerWatchd prev_pid=8246 prev_prio=120 prev_state=S ==> next_comm=main next_pid=8247 next_prio=120
            main-8232  [000] ...2  1445.012559: sched_switch: prev_comm=main prev_pid=8232 prev_prio=120 prev_state=S ==> next_comm=swapper/0 next_pid=0 next_prio=120
          <idle>-0     [000] ...2  1445.012981: sched_switch: prev_comm=swapper/0 prev_pid=0 prev_prio=120 prev_state=R ==> next_comm=main next_pid=8232 next_prio=120
            main-8232  [000] ...2  1445.013005: sched_switch: prev_comm=main prev_pid=8232 prev_prio=120 prev_state=D ==> next_comm=swapper/0 next_pid=0 next_prio=120
          <idle>-0     [000] ...2  1445.013016: sched_switch: prev_comm=swapper/0 prev_pid=0 prev_prio=120 prev_state=R ==> next_comm=main next_pid=8232 next_prio=120
 HeapTrimmerDaem-8247  [001] ...2  1445.013055: sched_switch: prev_comm=HeapTrimmerDaem prev_pid=8247 prev_prio=120 prev_state=S ==> next_comm=main next_pid=8248 next_prio=120
            main-8232  [000] ...2  1445.013066: sched_switch: prev_comm=main prev_pid=8232 prev_prio=120 prev_state=D ==> next_comm=swapper/0 next_pid=0 next_prio=120
          <idle>-0     [000] ...2  1445.013086: sched_switch: prev_comm=swapper/0 prev_pid=0 prev_prio=120 prev_state=R ==> next_comm=main next_pid=8232 next_prio=120
            main-8232  [000] d..2  1445.013264: block_rq_insert: 179,0 R 0 () 4008360 + 48 [main]
            main-8232  [000] d..2  1445.013267: block_rq_insert: 179,0 R 0 () 4008432 + 16 [main]
            main-8232  [000] d..2  1445.013268: block_rq_insert: 179,0 R 0 () 4008456 + 8 [main]
            main-8232  [000] d..2  1445.013270: block_rq_insert: 179,0 R 0 () 4008536 + 16 [main]
            main-8232  [000] ...2  1445.013281: sched_switch: prev_comm=main prev_pid=8232 prev_prio=120 prev_state=D|W ==> next_comm=mmcqd/1 next_pid=116 next_prio=120
         mmcqd/1-116   [000] ...2  1445.013331: sched_switch: prev_comm=mmcqd/1 prev_pid=116 prev_prio=120 prev_state=S ==> next_comm=swapper/0 next_pid=0 next_prio=120
          <idle>-0     [000] ...2  1445.013622: sched_switch: prev_comm=swapper/0 prev_pid=0 prev_prio=120 prev_state=R ==> next_comm=mmcqd/1 next_pid=116 next_prio=120
         mmcqd/1-116   [000] ...1  1445.013649: block_rq_complete: 179,0 RA () 4008536 + 16 [0]
         mmcqd/1-116   [000] ...2  1445.013668: sched_switch: prev_comm=mmcqd/1 prev_pid=116 prev_prio=120 prev_state=S ==> next_comm=swapper/0 next_pid=0 next_prio=120
        GCDaemon-8248  [001] ...2  1445.013741: sched_switch: prev_comm=GCDaemon prev_pid=8248 prev_prio=120 prev_state=S ==> next_comm=swapper/1 next_pid=0 next_prio=120
          <idle>-0     [001] ...2  1445.013763: sched_switch: prev_comm=swapper/1 prev_pid=0 prev_prio=120 prev_state=R ==> next_comm=ksoftirqd/1 next_pid=8236 next_prio=120
     ksoftirqd/1-8236  [001] ...2  1445.013779: sched_switch: prev_comm=ksoftirqd/1 prev_pid=8236 prev_prio=120 prev_state=S ==> next_comm=swapper/1 next_pid=0 next_prio=120
          <idle>-0     [001] ...2  1445.013800: sched_switch: prev_comm=swapper/1 prev_pid=0 prev_prio=120 prev_state=R ==> next_comm=ksoftirqd/1 next_pid=8236 next_prio=120
     ksoftirqd/1-8236  [001] ...2  1445.013811: sched_switch: prev_comm=ksoftirqd/1 prev_pid=8236 prev_prio=120 prev_state=S ==> next_comm=swapper/1 next_pid=0 next_prio=120
          <idle>-0     [001] ...2  1445.013829: sched_switch: prev_comm=swapper/1 prev_pid=0 prev_prio=120 prev_state=R ==> next_comm=ksoftirqd/1 next_pid=8236 next_prio=120
     ksoftirqd/1-8236  [001] ...2  1445.013850: sched_switch: prev_comm=ksoftirqd/1 prev_pid=8236 prev_prio=120 prev_state=S ==> next_comm=swapper/1 next_pid=0 next_prio=120
          <idle>-0     [000] ...2  1445.013881: sched_switch: prev_comm=swapper/0 prev_pid=0 prev_prio=120 prev_state=R ==> next_comm=mmcqd/1 next_pid=116 next_prio=120
         mmcqd/1-116   [000] ...1  1445.013906: block_rq_complete: 179,0 RA () 4008456 + 8 [0]
         mmcqd/1-116   [000] ...2  1445.013940: sched_switch: prev_comm=mmcqd/1 prev_pid=116 prev_prio=120 prev_state=S ==> next_comm=main next_pid=8232 next_prio=120
            main-8232  [000] ...2  1445.013957: sched_switch: prev_comm=main prev_pid=8232 prev_prio=120 prev_state=D|W ==> next_comm=swapper/0 next_pid=0 next_prio=120
          <idle>-0     [000] ...2  1445.014211: sched_switch: prev_comm=swapper/0 prev_pid=0 prev_prio=120 prev_state=R ==> next_comm=mmcqd/1 next_pid=116 next_prio=120
         mmcqd/1-116   [000] ...1  1445.014238: block_rq_complete: 179,0 RA () 4008432 + 16 [0]
         mmcqd/1-116   [000] ...2  1445.014254: sched_switch: prev_comm=mmcqd/1 prev_pid=116 prev_prio=120 prev_state=S ==> next_comm=main next_pid=8232 next_prio=120
            main-8232  [000] d..2  1445.014526: block_rq_insert: 179,0 R 0 () 4079784 + 8 [main]
            main-8232  [000] d..2  1445.014529: block_rq_insert: 179,0 R 0 () 4079880 + 40 [main]
            main-8232  [000] ...2  1445.014541: sched_switch: prev_comm=main prev_pid=8232 prev_prio=120 prev_state=D|W ==> next_comm=mmcqd/1 next_pid=116 next_prio=120
         mmcqd/1-116   [000] ...2  1445.014558: sched_switch: prev_comm=mmcqd/1 prev_pid=116 prev_prio=120 prev_state=S ==> next_comm=swapper/0 next_pid=0 next_prio=120
          <idle>-0     [000] ...2  1445.014708: sched_switch: prev_comm=swapper/0 prev_pid=0 prev_prio=120 prev_state=R ==> next_comm=mmcqd/1 next_pid=116 next_prio=120
         mmcqd/1-116   [000] ...1  1445.014744: block_rq_complete: 179,0 RA () 4008360 + 48 [0]
         mmcqd/1-116   [000] ...2  1445.014773: sched_switch: prev_comm=mmcqd/1 prev_pid=116 prev_prio=120 prev_state=S ==> next_comm=swapper/0 next_pid=0 next_prio=120
          <idle>-0     [000] ...2  1445.014959: sched_switch: prev_comm=swapper/0 prev_pid=0 prev_prio=120 prev_state=R ==> next_comm=mmcqd/1 next_pid=116 next_prio=120
         mmcqd/1-116   [000] ...1  1445.014984: block_rq_complete: 179,0 RA () 4079784 + 8 [0]
         mmcqd/1-116   [000] ...2  1445.014995: sched_switch: prev_comm=mmcqd/1 prev_pid=116 prev_prio=120 prev_state=S ==> next_comm=swapper/0 next_pid=0 next_prio=120
          <idle>-0     [000] ...2  1445.015425: sched_switch: prev_comm=swapper/0 prev_pid=0 prev_prio=120 prev_state=R ==> next_comm=mmcqd/1 next_pid=116 next_prio=120
         mmcqd/1-116   [000] ...1  1445.015442: block_rq_complete: 179,0 RA () 4079880 + 40 [0]
         mmcqd/1-116   [000] ...2  1445.015461: sched_switch: prev_comm=mmcqd/1 prev_pid=116 prev_prio=120 prev_state=R+ ==> next_comm=kworker/0:1H next_pid=17 next_prio=100
    kworker/0:1H-17    [000] ...2  1445.015469: sched_switch: prev_comm=kworker/0:1H prev_pid=17 prev_prio=100 prev_state=S ==> next_comm=mmcqd/1 next_pid=116 next_prio=120
         mmcqd/1-116   [000] ...2  1445.015478: sched_switch: prev_comm=mmcqd/1 prev_pid=116 prev_prio=120 prev_state=S ==> next_comm=main next_pid=8232 next_prio=120
            main-8232  [000] d..2  1445.016739: block_rq_insert: 179,0 R 0 () 4084016 + 8 [main]
            main-8232  [000] d..2  1445.016743: block_rq_insert: 179,0 R 0 () 4084104 + 8 [main]
            main-8232  [000] d..2  1445.016745: block_rq_insert: 179,0 R 0 () 4084128 + 8 [main]
            main-8232  [000] ...2  1445.016757: sched_switch: prev_comm=main prev_pid=8232 prev_prio=120 prev_state=R+ ==> next_comm=mmcqd/1 next_pid=116 next_prio=120
         mmcqd/1-116   [000] ...2  1445.016809: sched_switch: prev_comm=mmcqd/1 prev_pid=116 prev_prio=120 prev_state=S ==> next_comm=main next_pid=8232 next_prio=120
            main-8232  [000] ...2  1445.016815: sched_switch: prev_comm=main prev_pid=8232 prev_prio=120 prev_state=D|W ==> next_comm=swapper/0 next_pid=0 next_prio=120
          <idle>-0     [000] ...2  1445.017037: sched_switch: prev_comm=swapper/0 prev_pid=0 prev_prio=120 prev_state=R ==> next_comm=mmcqd/1 next_pid=116 next_prio=120
         mmcqd/1-116   [000] ...1  1445.017063: block_rq_complete: 179,0 RA () 4084016 + 8 [0]
         mmcqd/1-116   [000] ...2  1445.017083: sched_switch: prev_comm=mmcqd/1 prev_pid=116 prev_prio=120 prev_state=S ==> next_comm=swapper/0 next_pid=0 next_prio=120
          <idle>-0     [000] ...2  1445.017299: sched_switch: prev_comm=swapper/0 prev_pid=0 prev_prio=120 prev_state=R ==> next_comm=mmcqd/1 next_pid=116 next_prio=120
         mmcqd/1-116   [000] ...1  1445.017325: block_rq_complete: 179,0 RA () 4084104 + 8 [0]
         mmcqd/1-116   [000] ...2  1445.017340: sched_switch: prev_comm=mmcqd/1 prev_pid=116 prev_prio=120 prev_state=S ==> next_comm=main next_pid=8232 next_prio=120
            main-8232  [000] ...2  1445.017573: sched_switch: prev_comm=main prev_pid=8232 prev_prio=120 prev_state=R ==> next_comm=mmcqd/1 next_pid=116 next_prio=120
         mmcqd/1-116   [000] ...1  1445.017584: block_rq_complete: 179,0 RA () 4084128 + 8 [0]
         mmcqd/1-116   [000] ...2  1445.017598: sched_switch: prev_comm=mmcqd/1 prev_pid=116 prev_prio=120 prev_state=R+ ==> next_comm=kworker/0:1H next_pid=17 next_prio=100
    kworker/0:1H-17    [000] ...2  1445.017605: sched_switch: prev_comm=kworker/0:1H prev_pid=17 prev_prio=100 prev_state=S ==> next_comm=mmcqd/1 next_pid=116 next_prio=120
         mmcqd/1-116   [000] ...2  1445.017615: sched_switch: prev_comm=mmcqd/1 prev_pid=116 prev_prio=120 prev_state=S ==> next_comm=main next_pid=8232 next_prio=120
            main-8232  [000] d..2  1445.018716: block_rq_insert: 179,0 R 0 () 4086360 + 56 [main]
            main-8232  [000] d..2  1445.018719: block_rq_insert: 179,0 R 0 () 4086424 + 72 [main]
            main-8232  [000] d..2  1445.018721: block_rq_insert: 179,0 R 0 () 4086528 + 32 [main]
            main-8232  [000] ...2  1445.018731: sched_switch: prev_comm=main prev_pid=8232 prev_prio=120 prev_state=R+ ==> next_comm=mmcqd/1 next_pid=116 next_prio=120
         mmcqd/1-116   [000] ...2  1445.018810: sched_switch: prev_comm=mmcqd/1 prev_pid=116 prev_prio=120 prev_state=S ==> next_comm=main next_pid=8232 next_prio=120
            main-8232  [000] ...2  1445.018816: sched_switch: prev_comm=main prev_pid=8232 prev_prio=120 prev_state=D|W ==> next_comm=swapper/0 next_pid=0 next_prio=120
          <idle>-0     [000] ...2  1445.019294: sched_switch: prev_comm=swapper/0 prev_pid=0 prev_prio=120 prev_state=R ==> next_comm=mmcqd/1 next_pid=116 next_prio=120
         mmcqd/1-116   [000] ...1  1445.019331: block_rq_complete: 179,0 RA () 4086360 + 56 [0]
         mmcqd/1-116   [000] ...2  1445.019359: sched_switch: prev_comm=mmcqd/1 prev_pid=116 prev_prio=120 prev_state=S ==> next_comm=swapper/0 next_pid=0 next_prio=120
          <idle>-0     [000] ...2  1445.019861: sched_switch: prev_comm=swapper/0 prev_pid=0 prev_prio=120 prev_state=R ==> next_comm=mmcqd/1 next_pid=116 next_prio=120
         mmcqd/1-116   [000] ...1  1445.019901: block_rq_complete: 179,0 RA () 4086424 + 72 [0]
         mmcqd/1-116   [000] ...2  1445.019919: sched_switch: prev_comm=mmcqd/1 prev_pid=116 prev_prio=120 prev_state=S ==> next_comm=main next_pid=8232 next_prio=120
            main-8232  [000] ...2  1445.020213: sched_switch: prev_comm=main prev_pid=8232 prev_prio=120 prev_state=R ==> next_comm=mmcqd/1 next_pid=116 next_prio=120
         mmcqd/1-116   [000] ...1  1445.020228: block_rq_complete: 179,0 RA () 4086528 + 32 [0]
         mmcqd/1-116   [000] ...2  1445.020242: sched_switch: prev_comm=mmcqd/1 prev_pid=116 prev_prio=120 prev_state=R+ ==> next_comm=kworker/0:1H next_pid=17 next_prio=100
    kworker/0:1H-17    [000] ...2  1445.020249: sched_switch: prev_comm=kworker/0:1H prev_pid=17 prev_prio=100 prev_state=S ==> next_comm=mmcqd/1 next_pid=116 next_prio=120
         mmcqd/1-116   [000] ...2  1445.020259: sched_switch: prev_comm=mmcqd/1 prev_pid=116 prev_prio=120 prev_state=S ==> next_comm=main next_pid=8232 next_prio=120
            main-8232  [000] d..2  1445.021929: block_rq_insert: 179,0 R 0 () 4078456 + 40 [main]
            main-8232  [000] d..2  1445.021933: block_rq_insert: 179,0 R 0 () 4078544 + 88 [main]
            main-8232  [000] d..2  1445.021935: block_rq_insert: 179,0 R 0 () 4078640 + 56 [main]
            main-8232  [000] ...2  1445.021948: sched_switch: prev_comm=main prev_pid=8232 prev_prio=120 prev_state=R+ ==> next_comm=mmcqd/1 next_pid=116 next_prio=120
         mmcqd/1-116   [000] ...2  1445.022035: sched_switch: prev_comm=mmcqd/1 prev_pid=116 prev_prio=120 prev_state=S ==> next_comm=main next_pid=8232 next_prio=120
            main-8232  [000] ...2  1445.022041: sched_switch: prev_comm=main prev_pid=8232 prev_prio=120 prev_state=D|W ==> next_comm=swapper/0 next_pid=0 next_prio=120
          <idle>-0     [000] ...2  1445.022506: sched_switch: prev_comm=swapper/0 prev_pid=0 prev_prio=120 prev_state=R ==> next_comm=mmcqd/1 next_pid=116 next_prio=120
         mmcqd/1-116   [000] ...1  1445.022544: block_rq_complete: 179,0 RA () 4078640 + 56 [0]
         mmcqd/1-116   [000] ...2  1445.022575: sched_switch: prev_comm=mmcqd/1 prev_pid=116 prev_prio=120 prev_state=S ==> next_comm=swapper/0 next_pid=0 next_prio=120
          <idle>-0     [000] ...2  1445.023252: sched_switch: prev_comm=swapper/0 prev_pid=0 prev_prio=120 prev_state=R ==> next_comm=mmcqd/1 next_pid=116 next_prio=120
         mmcqd/1-116   [000] ...1  1445.023294: block_rq_complete: 179,0 RA () 4078544 + 88 [0]
         mmcqd/1-116   [000] ...2  1445.023314: sched_switch: prev_comm=mmcqd/1 prev_pid=116 prev_prio=120 prev_state=S ==> next_comm=main next_pid=8232 next_prio=120
            main-8232  [000] d..2  1445.023381: block_rq_insert: 179,0 R 0 () 4078128 + 8 [main]
            main-8232  [000] d..2  1445.023383: block_rq_insert: 179,0 R 0 () 4078152 + 8 [main]
            main-8232  [000] d..2  1445.023385: block_rq_insert: 179,0 R 0 () 4078176 + 24 [main]
            main-8232  [000] d..2  1445.023387: block_rq_insert: 179,0 R 0 () 4078208 + 56 [main]
            main-8232  [000] d..2  1445.023388: block_rq_insert: 179,0 R 0 () 4078280 + 104 [main]
            main-8232  [000] ...2  1445.023398: sched_switch: prev_comm=main prev_pid=8232 prev_prio=120 prev_state=R+ ==> next_comm=mmcqd/1 next_pid=116 next_prio=120
         mmcqd/1-116   [000] ...2  1445.023439: sched_switch: prev_comm=mmcqd/1 prev_pid=116 prev_prio=120 prev_state=S ==> next_comm=main next_pid=8232 next_prio=120
            main-8232  [000] ...2  1445.023445: sched_switch: prev_comm=main prev_pid=8232 prev_prio=120 prev_state=D|W ==> next_comm=swapper/0 next_pid=0 next_prio=120
          <idle>-0     [000] ...2  1445.023715: sched_switch: prev_comm=swapper/0 prev_pid=0 prev_prio=120 prev_state=R ==> next_comm=mmcqd/1 next_pid=116 next_prio=120
         mmcqd/1-116   [000] ...1  1445.023748: block_rq_complete: 179,0 RA () 4078456 + 40 [0]
         mmcqd/1-116   [000] ...2  1445.023780: sched_switch: prev_comm=mmcqd/1 prev_pid=116 prev_prio=120 prev_state=S ==> next_comm=swapper/0 next_pid=0 next_prio=120
          <idle>-0     [000] ...2  1445.024530: sched_switch: prev_comm=swapper/0 prev_pid=0 prev_prio=120 prev_state=R ==> next_comm=mmcqd/1 next_pid=116 next_prio=120
         mmcqd/1-116   [000] ...1  1445.024576: block_rq_complete: 179,0 RA () 4078280 + 104 [0]
         mmcqd/1-116   [000] ...2  1445.024602: sched_switch: prev_comm=mmcqd/1 prev_pid=116 prev_prio=120 prev_state=S ==> next_comm=swapper/0 next_pid=0 next_prio=120
          <idle>-0     [000] ...2  1445.025021: sched_switch: prev_comm=swapper/0 prev_pid=0 prev_prio=120 prev_state=R ==> next_comm=mmcqd/1 next_pid=116 next_prio=120
         mmcqd/1-116   [000] ...1  1445.025057: block_rq_complete: 179,0 RA () 4078208 + 56 [0]
         mmcqd/1-116   [000] ...2  1445.025081: sched_switch: prev_comm=mmcqd/1 prev_pid=116 prev_prio=120 prev_state=S ==> next_comm=main next_pid=8232 next_prio=120
            main-8232  [000] d..2  1445.025255: block_rq_insert: 179,0 R 0 () 4077968 + 8 [main]
            main-8232  [000] d..2  1445.025258: block_rq_insert: 179,0 R 0 () 4078016 + 88 [main]
            main-8232  [000] ...2  1445.025266: sched_switch: prev_comm=main prev_pid=8232 prev_prio=120 prev_state=D|W ==> next_comm=swapper/0 next_pid=0 next_prio=120
          <idle>-0     [000] ...2  1445.025359: sched_switch: prev_comm=swapper/0 prev_pid=0 prev_prio=120 prev_state=R ==> next_comm=mmcqd/1 next_pid=116 next_prio=120
         mmcqd/1-116   [000] ...1  1445.025388: block_rq_complete: 179,0 RA () 4078176 + 24 [0]
