         mmcqd/1-116   [000] ...2  1457.568484: sched_switch: prev_comm=mmcqd/1 prev_pid=116 prev_prio=120 prev_state=S ==> next_comm=main next_pid=8306 next_prio=120
          <idle>-0     [001] ...2  1457.568914: sched_switch: prev_comm=swapper/1 prev_pid=0 prev_prio=120 prev_state=R ==> next_comm=kworker/u:2 next_pid=7554 next_prio=120
            main-8306  [000] ...2  1457.568933: sched_switch: prev_comm=main prev_pid=8306 prev_prio=120 prev_state=R ==> next_comm=mpdecision next_pid=1527 next_prio=113
     kworker/u:2-7554  [001] ...2  1457.568945: sched_switch: prev_comm=kworker/u:2 prev_pid=7554 prev_prio=120 prev_state=S ==> next_comm=swapper/1 next_pid=0 next_prio=120
      mpdecision-1527  [000] ...2  1457.569182: sched_switch: prev_comm=mpdecision prev_pid=1527 prev_prio=113 prev_state=S ==> next_comm=main next_pid=8306 next_prio=120
            main-8306  [000] d..2  1457.569851: block_rq_insert: 179,0 R 0 () 4028944 + 256 [main]
            main-8306  [000] ...2  1457.569864: sched_switch: prev_comm=main prev_pid=8306 prev_prio=120 prev_state=R+ ==> next_comm=mmcqd/1 next_pid=116 next_prio=120
         mmcqd/1-116   [000] ...2  1457.569967: sched_switch: prev_comm=mmcqd/1 prev_pid=116 prev_prio=120 prev_state=S ==> next_comm=main next_pid=8306 next_prio=120
            main-8306  [000] d..2  1457.570326: block_rq_insert: 179,0 R 0 () 4026808 + 8 [main]
            main-8306  [000] ...2  1457.570337: sched_switch: prev_comm=main prev_pid=8306 prev_prio=120 prev_state=R+ ==> next_comm=mmcqd/1 next_pid=116 next_prio=120
         mmcqd/1-116   [000] ...2  1457.570354: sched_switch: prev_comm=mmcqd/1 prev_pid=116 prev_prio=120 prev_state=S ==> next_comm=main next_pid=8306 next_prio=120
            main-8306  [000] ...2  1457.570360: sched_switch: prev_comm=main prev_pid=8306 prev_prio=120 prev_state=D|W ==> next_comm=swapper/0 next_pid=0 next_prio=120
          <idle>-0     [000] ...2  1457.570377: sched_switch: prev_comm=swapper/0 prev_pid=0 prev_prio=120 prev_state=R ==> next_comm=ksoftirqd/0 next_pid=3 next_prio=120
     ksoftirqd/0-3     [000] ...2  1457.570385: sched_switch: prev_comm=ksoftirqd/0 prev_pid=3 prev_prio=120 prev_state=S ==> next_comm=swapper/0 next_pid=0 next_prio=120
          <idle>-0     [000] ...2  1457.570401: sched_switch: prev_comm=swapper/0 prev_pid=0 prev_prio=120 prev_state=R ==> next_comm=ksoftirqd/0 next_pid=3 next_prio=120
     ksoftirqd/0-3     [000] ...2  1457.570408: sched_switch: prev_comm=ksoftirqd/0 prev_pid=3 prev_prio=120 prev_state=S ==> next_comm=swapper/0 next_pid=0 next_prio=120
          <idle>-0     [000] ...2  1457.570422: sched_switch: prev_comm=swapper/0 prev_pid=0 prev_prio=120 prev_state=R ==> next_comm=ksoftirqd/0 next_pid=3 next_prio=120
     ksoftirqd/0-3     [000] ...2  1457.570430: sched_switch: prev_comm=ksoftirqd/0 prev_pid=3 prev_prio=120 prev_state=S ==> next_comm=swapper/0 next_pid=0 next_prio=120
          <idle>-0     [000] ...2  1457.571442: sched_switch: prev_comm=swapper/0 prev_pid=0 prev_prio=120 prev_state=R ==> next_comm=mmcqd/1 next_pid=116 next_prio=120
         mmcqd/1-116   [000] ...1  1457.571523: block_rq_complete: 179,0 RA () 4028944 + 256 [0]
         mmcqd/1-116   [000] ...2  1457.571548: sched_switch: prev_comm=mmcqd/1 prev_pid=116 prev_prio=120 prev_state=S ==> next_comm=swapper/0 next_pid=0 next_prio=120
          <idle>-0     [000] ...2  1457.571697: sched_switch: prev_comm=swapper/0 prev_pid=0 prev_prio=120 prev_state=R ==> next_comm=mmcqd/1 next_pid=116 next_prio=120
         mmcqd/1-116   [000] ...1  1457.571706: block_rq_complete: 179,0 RA () 4026808 + 8 [0]
         mmcqd/1-116   [000] ...2  1457.571723: sched_switch: prev_comm=mmcqd/1 prev_pid=116 prev_prio=120 prev_state=R+ ==> next_comm=kworker/0:1H next_pid=17 next_prio=100
    kworker/0:1H-17    [000] ...2  1457.571730: sched_switch: prev_comm=kworker/0:1H prev_pid=17 prev_prio=100 prev_state=S ==> next_comm=mmcqd/1 next_pid=116 next_prio=120
         mmcqd/1-116   [000] ...2  1457.571740: sched_switch: prev_comm=mmcqd/1 prev_pid=116 prev_prio=120 prev_state=S ==> next_comm=main next_pid=8306 next_prio=120
            main-8306  [000] d..2  1457.573428: block_rq_insert: 179,0 R 0 () 4009736 + 8 [main]
            main-8306  [000] d..2  1457.573431: block_rq_insert: 179,0 R 0 () 4009824 + 8 [main]
            main-8306  [000] ...2  1457.573443: sched_switch: prev_comm=main prev_pid=8306 prev_prio=120 prev_state=R+ ==> next_comm=mmcqd/1 next_pid=116 next_prio=120
         mmcqd/1-116   [000] ...2  1457.573498: sched_switch: prev_comm=mmcqd/1 prev_pid=116 prev_prio=120 prev_state=S ==> next_comm=main next_pid=8306 next_prio=120
            main-8306  [000] ...2  1457.573507: sched_switch: prev_comm=main prev_pid=8306 prev_prio=120 prev_state=D|W ==> next_comm=swapper/0 next_pid=0 next_prio=120
          <idle>-0     [000] ...2  1457.573737: sched_switch: prev_comm=swapper/0 prev_pid=0 prev_prio=120 prev_state=R ==> next_comm=mmcqd/1 next_pid=116 next_prio=120
         mmcqd/1-116   [000] ...1  1457.573763: block_rq_complete: 179,0 RA () 4009824 + 8 [0]
         mmcqd/1-116   [000] ...2  1457.573778: sched_switch: prev_comm=mmcqd/1 prev_pid=116 prev_prio=120 prev_state=S ==> next_comm=swapper/0 next_pid=0 next_prio=120
          <idle>-0     [000] ...2  1457.574002: sched_switch: prev_comm=swapper/0 prev_pid=0 prev_prio=120 prev_state=R ==> next_comm=mmcqd/1 next_pid=116 next_prio=120
         mmcqd/1-116   [000] ...1  1457.574012: block_rq_complete: 179,0 RA () 4009736 + 8 [0]
         mmcqd/1-116   [000] ...2  1457.574028: sched_switch: prev_comm=mmcqd/1 prev_pid=116 prev_prio=120 prev_state=R+ ==> next_comm=kworker/0:1H next_pid=17 next_prio=100
    kworker/0:1H-17    [000] ...2  1457.574036: sched_switch: prev_comm=kworker/0:1H prev_pid=17 prev_prio=100 prev_state=S ==> next_comm=mmcqd/1 next_pid=116 next_prio=120
         mmcqd/1-116   [000] ...2  1457.574046: sched_switch: prev_comm=mmcqd/1 prev_pid=116 prev_prio=120 prev_state=S ==> next_comm=main next_pid=8306 next_prio=120
            main-8306  [000] d..2  1457.575000: block_rq_insert: 179,0 R 0 () 4008664 + 16 [main]
            main-8306  [000] d..2  1457.575003: block_rq_insert: 179,0 R 0 () 4008712 + 8 [main]
            main-8306  [000] ...2  1457.575014: sched_switch: prev_comm=main prev_pid=8306 prev_prio=120 prev_state=R+ ==> next_comm=mmcqd/1 next_pid=116 next_prio=120
         mmcqd/1-116   [000] ...2  1457.575066: sched_switch: prev_comm=mmcqd/1 prev_pid=116 prev_prio=120 prev_state=S ==> next_comm=main next_pid=8306 next_prio=120
            main-8306  [000] ...2  1457.575075: sched_switch: prev_comm=main prev_pid=8306 prev_prio=120 prev_state=D|W ==> next_comm=swapper/0 next_pid=0 next_prio=120
          <idle>-0     [000] ...2  1457.575287: sched_switch: prev_comm=swapper/0 prev_pid=0 prev_prio=120 prev_state=R ==> next_comm=mmcqd/1 next_pid=116 next_prio=120
         mmcqd/1-116   [000] ...1  1457.575314: block_rq_complete: 179,0 RA () 4008712 + 8 [0]
         mmcqd/1-116   [000] ...2  1457.575328: sched_switch: prev_comm=mmcqd/1 prev_pid=116 prev_prio=120 prev_state=S ==> next_comm=swapper/0 next_pid=0 next_prio=120
          <idle>-0     [000] ...2  1457.575620: sched_switch: prev_comm=swapper/0 prev_pid=0 prev_prio=120 prev_state=R ==> next_comm=mmcqd/1 next_pid=116 next_prio=120
         mmcqd/1-116   [000] ...1  1457.575632: block_rq_complete: 179,0 RA () 4008664 + 16 [0]
         mmcqd/1-116   [000] ...2  1457.575650: sched_switch: prev_comm=mmcqd/1 prev_pid=116 prev_prio=120 prev_state=R+ ==> next_comm=kworker/0:1H next_pid=17 next_prio=100
    kworker/0:1H-17    [000] ...2  1457.575657: sched_switch: prev_comm=kworker/0:1H prev_pid=17 prev_prio=100 prev_state=S ==> next_comm=mmcqd/1 next_pid=116 next_prio=120
         mmcqd/1-116   [000] ...2  1457.575666: sched_switch: prev_comm=mmcqd/1 prev_pid=116 prev_prio=120 prev_state=S ==> next_comm=main next_pid=8306 next_prio=120
          <idle>-0     [001] ...2  1457.578932: sched_switch: prev_comm=swapper/1 prev_pid=0 prev_prio=120 prev_state=R ==> next_comm=main next_pid=8317 next_prio=120
            main-8306  [000] ...2  1457.578950: sched_switch: prev_comm=main prev_pid=8306 prev_prio=120 prev_state=D ==> next_comm=swapper/0 next_pid=0 next_prio=120
          <idle>-0     [000] ...2  1457.578970: sched_switch: prev_comm=swapper/0 prev_pid=0 prev_prio=120 prev_state=R ==> next_comm=ksoftirqd/0 next_pid=3 next_prio=120
     ksoftirqd/0-3     [000] ...2  1457.578979: sched_switch: prev_comm=ksoftirqd/0 prev_pid=3 prev_prio=120 prev_state=S ==> next_comm=swapper/0 next_pid=0 next_prio=120
          <idle>-0     [000] ...2  1457.578996: sched_switch: prev_comm=swapper/0 prev_pid=0 prev_prio=120 prev_state=R ==> next_comm=ksoftirqd/0 next_pid=3 next_prio=120
     ksoftirqd/0-3     [000] ...2  1457.579002: sched_switch: prev_comm=ksoftirqd/0 prev_pid=3 prev_prio=120 prev_state=S ==> next_comm=main next_pid=8306 next_prio=120
            main-8306  [000] d..2  1457.579231: block_rq_insert: 179,0 R 0 () 4008840 + 8 [main]
            main-8306  [000] d..2  1457.579236: block_rq_insert: 179,0 R 0 () 4008920 + 48 [main]
            main-8306  [000] ...2  1457.579248: sched_switch: prev_comm=main prev_pid=8306 prev_prio=120 prev_state=R+ ==> next_comm=mmcqd/1 next_pid=116 next_prio=120
         mmcqd/1-116   [000] ...2  1457.579312: sched_switch: prev_comm=mmcqd/1 prev_pid=116 prev_prio=120 prev_state=S ==> next_comm=main next_pid=8306 next_prio=120
            main-8306  [000] ...2  1457.579318: sched_switch: prev_comm=main prev_pid=8306 prev_prio=120 prev_state=D|W ==> next_comm=swapper/0 next_pid=0 next_prio=120
          <idle>-0     [000] ...2  1457.579334: sched_switch: prev_comm=swapper/0 prev_pid=0 prev_prio=120 prev_state=R ==> next_comm=ksoftirqd/0 next_pid=3 next_prio=120
     ksoftirqd/0-3     [000] ...2  1457.579340: sched_switch: prev_comm=ksoftirqd/0 prev_pid=3 prev_prio=120 prev_state=S ==> next_comm=swapper/0 next_pid=0 next_prio=120
          <idle>-0     [000] ...2  1457.579526: sched_switch: prev_comm=swapper/0 prev_pid=0 prev_prio=120 prev_state=R ==> next_comm=mmcqd/1 next_pid=116 next_prio=120
         mmcqd/1-116   [000] ...1  1457.579553: block_rq_complete: 179,0 RA () 4008840 + 8 [0]
         mmcqd/1-116   [000] ...2  1457.579572: sched_switch: prev_comm=mmcqd/1 prev_pid=116 prev_prio=120 prev_state=S ==> next_comm=main next_pid=8306 next_prio=120
            main-8306  [000] d..2  1457.579744: block_rq_insert: 179,0 R 0 () 4123736 + 8 [main]
            main-8306  [000] d..2  1457.579747: block_rq_insert: 179,0 R 0 () 4123816 + 32 [main]
            main-8306  [000] ...2  1457.579758: sched_switch: prev_comm=main prev_pid=8306 prev_prio=120 prev_state=R+ ==> next_comm=mmcqd/1 next_pid=116 next_prio=120
         mmcqd/1-116   [000] ...2  1457.579773: sched_switch: prev_comm=mmcqd/1 prev_pid=116 prev_prio=120 prev_state=S ==> next_comm=main next_pid=8306 next_prio=120
            main-8306  [000] ...2  1457.579778: sched_switch: prev_comm=main prev_pid=8306 prev_prio=120 prev_state=D|W ==> next_comm=swapper/0 next_pid=0 next_prio=120
          <idle>-0     [000] ...2  1457.579967: sched_switch: prev_comm=swapper/0 prev_pid=0 prev_prio=120 prev_state=R ==> next_comm=Binder_1 next_pid=8318 next_prio=120
        Binder_1-8317  [001] ...2  1457.579992: sched_switch: prev_comm=Binder_1 prev_pid=8317 prev_prio=120 prev_state=S ==> next_comm=swapper/1 next_pid=0 next_prio=120
          <idle>-0     [001] ...2  1457.580018: sched_switch: prev_comm=swapper/1 prev_pid=0 prev_prio=120 prev_state=R ==> next_comm=ksoftirqd/1 next_pid=8302 next_prio=120
     ksoftirqd/1-8302  [001] ...2  1457.580033: sched_switch: prev_comm=ksoftirqd/1 prev_pid=8302 prev_prio=120 prev_state=S ==> next_comm=swapper/1 next_pid=0 next_prio=120
          <idle>-0     [001] ...2  1457.580056: sched_switch: prev_comm=swapper/1 prev_pid=0 prev_prio=120 prev_state=R ==> next_comm=ksoftirqd/1 next_pid=8302 next_prio=120
     ksoftirqd/1-8302  [001] ...2  1457.580069: sched_switch: prev_comm=ksoftirqd/1 prev_pid=8302 prev_prio=120 prev_state=S ==> next_comm=swapper/1 next_pid=0 next_prio=120
          <idle>-0     [001] ...2  1457.580093: sched_switch: prev_comm=swapper/1 prev_pid=0 prev_prio=120 prev_state=R ==> next_comm=ksoftirqd/1 next_pid=8302 next_prio=120
        Binder_2-8318  [000] ...2  1457.580101: sched_switch: prev_comm=Binder_2 prev_pid=8318 prev_prio=120 prev_state=R+ ==> next_comm=mmcqd/1 next_pid=116 next_prio=120
     ksoftirqd/1-8302  [001] ...2  1457.580111: sched_switch: prev_comm=ksoftirqd/1 prev_pid=8302 prev_prio=120 prev_state=S ==> next_comm=swapper/1 next_pid=0 next_prio=120
         mmcqd/1-116   [000] ...1  1457.580134: block_rq_complete: 179,0 RA () 4008920 + 48 [0]
         mmcqd/1-116   [000] ...2  1457.580162: sched_switch: prev_comm=mmcqd/1 prev_pid=116 prev_prio=120 prev_state=S ==> next_comm=Binder_2 next_pid=8318 next_prio=120
        Binder_2-8318  [000] ...2  1457.580365: sched_switch: prev_comm=Binder_2 prev_pid=8318 prev_prio=120 prev_state=R+ ==> next_comm=mmcqd/1 next_pid=116 next_prio=120
         mmcqd/1-116   [000] ...1  1457.580391: block_rq_complete: 179,0 RA () 4123736 + 8 [0]
         mmcqd/1-116   [000] ...2  1457.580403: sched_switch: prev_comm=mmcqd/1 prev_pid=116 prev_prio=120 prev_state=S ==> next_comm=Binder_2 next_pid=8318 next_prio=120
        Binder_2-8318  [000] ...2  1457.580576: sched_switch: prev_comm=Binder_2 prev_pid=8318 prev_prio=120 prev_state=S ==> next_comm=swapper/0 next_pid=0 next_prio=120
          <idle>-0     [000] ...2  1457.580787: sched_switch: prev_comm=swapper/0 prev_pid=0 prev_prio=120 prev_state=R ==> next_comm=mmcqd/1 next_pid=116 next_prio=120
         mmcqd/1-116   [000] ...1  1457.580803: block_rq_complete: 179,0 RA () 4123816 + 32 [0]
         mmcqd/1-116   [000] ...2  1457.580823: sched_switch: prev_comm=mmcqd/1 prev_pid=116 prev_prio=120 prev_state=R+ ==> next_comm=kworker/0:1H next_pid=17 next_prio=100
    kworker/0:1H-17    [000] ...2  1457.580832: sched_switch: prev_comm=kworker/0:1H prev_pid=17 prev_prio=100 prev_state=S ==> next_comm=main next_pid=8306 next_prio=120
            main-8306  [000] d..2  1457.580875: block_rq_insert: 179,0 R 0 () 4084528 + 24 [main]
            main-8306  [000] ...2  1457.580883: sched_switch: prev_comm=main prev_pid=8306 prev_prio=120 prev_state=D|W ==> next_comm=mmcqd/1 next_pid=116 next_prio=120
         mmcqd/1-116   [000] ...2  1457.580926: sched_switch: prev_comm=mmcqd/1 prev_pid=116 prev_prio=120 prev_state=S ==> next_comm=swapper/0 next_pid=0 next_prio=120
          <idle>-0     [000] ...2  1457.581283: sched_switch: prev_comm=swapper/0 prev_pid=0 prev_prio=120 prev_state=R ==> next_comm=mmcqd/1 next_pid=116 next_prio=120
         mmcqd/1-116   [000] ...1  1457.581297: block_rq_complete: 179,0 RA () 4084528 + 24 [0]
         mmcqd/1-116   [000] ...2  1457.581314: sched_switch: prev_comm=mmcqd/1 prev_pid=116 prev_prio=120 prev_state=R+ ==> next_comm=kworker/0:1H next_pid=17 next_prio=100
    kworker/0:1H-17    [000] ...2  1457.581321: sched_switch: prev_comm=kworker/0:1H prev_pid=17 prev_prio=100 prev_state=S ==> next_comm=main next_pid=8306 next_prio=120
            main-8306  [000] ...2  1457.581381: sched_switch: prev_comm=main prev_pid=8306 prev_prio=120 prev_state=S ==> next_comm=servicemanager next_pid=168 next_prio=120
           <...>-168   [000] ...2  1457.581411: sched_switch: prev_comm=servicemanager prev_pid=168 prev_prio=120 prev_state=S ==> next_comm=main next_pid=8306 next_prio=120
            main-8306  [000] ...2  1457.581567: sched_switch: prev_comm=main prev_pid=8306 prev_prio=120 prev_state=S ==> next_comm=servicemanager next_pid=168 next_prio=120
           <...>-168   [000] ...2  1457.581681: sched_switch: prev_comm=servicemanager prev_pid=168 prev_prio=120 prev_state=S ==> next_comm=mmcqd/1 next_pid=116 next_prio=120
         mmcqd/1-116   [000] ...2  1457.581692: sched_switch: prev_comm=mmcqd/1 prev_pid=116 prev_prio=120 prev_state=S ==> next_comm=main next_pid=8306 next_prio=120
            main-8306  [000] d..2  1457.581851: block_rq_insert: 179,0 R 0 () 4078736 + 8 [main]
            main-8306  [000] d..2  1457.581854: block_rq_insert: 179,0 R 0 () 4078752 + 8 [main]
            main-8306  [000] d..2  1457.581856: block_rq_insert: 179,0 R 0 () 4078784 + 8 [main]
            main-8306  [000] d..2  1457.581858: block_rq_insert: 179,0 R 0 () 4078824 + 8 [main]
            main-8306  [000] d..2  1457.581859: block_rq_insert: 179,0 R 0 () 4078840 + 24 [main]
            main-8306  [000] d..2  1457.581861: block_rq_insert: 179,0 R 0 () 4078888 + 32 [main]
            main-8306  [000] d..2  1457.581863: block_rq_insert: 179,0 R 0 () 4078952 + 16 [main]
            main-8306  [000] d..2  1457.581864: block_rq_insert: 179,0 R 0 () 4078976 + 8 [main]
            main-8306  [000] d..2  1457.582551: block_rq_insert: 179,0 R 0 () 4052264 + 8 [main]
            main-8306  [000] d..2  1457.582554: block_rq_insert: 179,0 R 0 () 4052304 + 8 [main]
            main-8306  [000] d..2  1457.582556: block_rq_insert: 179,0 R 0 () 4052400 + 32 [main]
            main-8306  [000] ...2  1457.582565: sched_switch: prev_comm=main prev_pid=8306 prev_prio=120 prev_state=D|W ==> next_comm=kworker/0:2 next_pid=5912 next_prio=120
     kworker/0:2-5912  [000] ...2  1457.582582: sched_switch: prev_comm=kworker/0:2 prev_pid=5912 prev_prio=120 prev_state=S ==> next_comm=mmcqd/1 next_pid=116 next_prio=120
          <idle>-0     [001] ...2  1457.582592: sched_switch: prev_comm=swapper/1 prev_pid=0 prev_prio=120 prev_state=R ==> next_comm=adbd next_pid=778 next_prio=120
         mmcqd/1-116   [000] ...2  1457.582632: sched_switch: prev_comm=mmcqd/1 prev_pid=116 prev_prio=120 prev_state=S ==> next_comm=swapper/0 next_pid=0 next_prio=120
            adbd-778   [001] ...2  1457.582777: sched_switch: prev_comm=adbd prev_pid=778 prev_prio=120 prev_state=S ==> next_comm=adbd next_pid=780 next_prio=120
          <idle>-0     [000] ...2  1457.582845: sched_switch: prev_comm=swapper/0 prev_pid=0 prev_prio=120 prev_state=R ==> next_comm=mmcqd/1 next_pid=116 next_prio=120
           <...>-780   [001] ...2  1457.582865: sched_switch: prev_comm=adbd prev_pid=780 prev_prio=120 prev_state=S ==> next_comm=swapper/1 next_pid=0 next_prio=120
         mmcqd/1-116   [000] ...1  1457.582870: block_rq_complete: 179,0 RA () 4078976 + 8 [0]
         mmcqd/1-116   [000] ...2  1457.582896: sched_switch: prev_comm=mmcqd/1 prev_pid=116 prev_prio=120 prev_state=S ==> next_comm=swapper/0 next_pid=0 next_prio=120
          <idle>-0     [000] ...2  1457.583174: sched_switch: prev_comm=swapper/0 prev_pid=0 prev_prio=120 prev_state=R ==> next_comm=mmcqd/1 next_pid=116 next_prio=120
         mmcqd/1-116   [000] ...1  1457.583211: block_rq_complete: 179,0 RA () 4078952 + 16 [0]
         mmcqd/1-116   [000] ...2  1457.583234: sched_switch: prev_comm=mmcqd/1 prev_pid=116 prev_prio=120 prev_state=S ==> next_comm=adbd next_pid=781 next_prio=120
           <...>-781   [000] ...2  1457.583282: sched_switch: prev_comm=adbd prev_pid=781 prev_prio=120 prev_state=S ==> next_comm=adbd next_pid=778 next_prio=120
            adbd-778   [000] ...2  1457.583357: sched_switch: prev_comm=adbd prev_pid=778 prev_prio=120 prev_state=S ==> next_comm=adbd next_pid=780 next_prio=120
           <...>-780   [000] ...2  1457.583363: sched_switch: prev_comm=adbd prev_pid=780 prev_prio=120 prev_state=S ==> next_comm=swapper/0 next_pid=0 next_prio=120
          <idle>-0     [000] ...2  1457.583595: sched_switch: prev_comm=swapper/0 prev_pid=0 prev_prio=120 prev_state=R ==> next_comm=mmcqd/1 next_pid=116 next_prio=120
         mmcqd/1-116   [000] ...1  1457.583629: block_rq_complete: 179,0 RA () 4078888 + 32 [0]
         mmcqd/1-116   [000] ...2  1457.583649: sched_switch: prev_comm=mmcqd/1 prev_pid=116 prev_prio=120 prev_state=S ==> next_comm=swapper/0 next_pid=0 next_prio=120
          <idle>-0     [000] ...2  1457.584100: sched_switch: prev_comm=swapper/0 prev_pid=0 prev_prio=120 prev_state=R ==> next_comm=mmcqd/1 next_pid=116 next_prio=120
         mmcqd/1-116   [000] ...1  1457.584129: block_rq_complete: 179,0 RA () 4078840 + 24 [0]
         mmcqd/1-116   [000] ...2  1457.584149: sched_switch: prev_comm=mmcqd/1 prev_pid=116 prev_prio=120 prev_state=S ==> next_comm=swapper/0 next_pid=0 next_prio=120
          <idle>-0     [000] ...2  1457.584371: sched_switch: prev_comm=swapper/0 prev_pid=0 prev_prio=120 prev_state=R ==> next_comm=mmcqd/1 next_pid=116 next_prio=120
         mmcqd/1-116   [000] ...1  1457.584396: block_rq_complete: 179,0 RA () 4078824 + 8 [0]
         mmcqd/1-116   [000] ...2  1457.584415: sched_switch: prev_comm=mmcqd/1 prev_pid=116 prev_prio=120 prev_state=S ==> next_comm=swapper/0 next_pid=0 next_prio=120
          <idle>-0     [000] ...2  1457.584650: sched_switch: prev_comm=swapper/0 prev_pid=0 prev_prio=120 prev_state=R ==> next_comm=mmcqd/1 next_pid=116 next_prio=120
         mmcqd/1-116   [000] ...1  1457.584675: block_rq_complete: 179,0 RA () 4078784 + 8 [0]
         mmcqd/1-116   [000] ...2  1457.584694: sched_switch: prev_comm=mmcqd/1 prev_pid=116 prev_prio=120 prev_state=S ==> next_comm=swapper/0 next_pid=0 next_prio=120
          <idle>-0     [000] ...2  1457.584916: sched_switch: prev_comm=swapper/0 prev_pid=0 prev_prio=120 prev_state=R ==> next_comm=mmcqd/1 next_pid=116 next_prio=120
         mmcqd/1-116   [000] ...1  1457.584941: block_rq_complete: 179,0 RA () 4078752 + 8 [0]
         mmcqd/1-116   [000] ...2  1457.584965: sched_switch: prev_comm=mmcqd/1 prev_pid=116 prev_prio=120 prev_state=S ==> next_comm=swapper/0 next_pid=0 next_prio=120
          <idle>-0     [000] ...2  1457.585179: sched_switch: prev_comm=swapper/0 prev_pid=0 prev_prio=120 prev_state=R ==> next_comm=mmcqd/1 next_pid=116 next_prio=120
         mmcqd/1-116   [000] ...1  1457.585204: block_rq_complete: 179,0 RA () 4078736 + 8 [0]
         mmcqd/1-116   [000] ...2  1457.585222: sched_switch: prev_comm=mmcqd/1 prev_pid=116 prev_prio=120 prev_state=S ==> next_comm=swapper/0 next_pid=0 next_prio=120
          <idle>-0     [000] ...2  1457.585606: sched_switch: prev_comm=swapper/0 prev_pid=0 prev_prio=120 prev_state=R ==> next_comm=mmcqd/1 next_pid=116 next_prio=120
         mmcqd/1-116   [000] ...1  1457.585636: block_rq_complete: 179,0 RA () 4052400 + 32 [0]
         mmcqd/1-116   [000] ...2  1457.585655: sched_switch: prev_comm=mmcqd/1 prev_pid=116 prev_prio=120 prev_state=S ==> next_comm=swapper/0 next_pid=0 next_prio=120
          <idle>-0     [000] ...2  1457.585877: sched_switch: prev_comm=swapper/0 prev_pid=0 prev_prio=120 prev_state=R ==> next_comm=mmcqd/1 next_pid=116 next_prio=120
         mmcqd/1-116   [000] ...1  1457.585903: block_rq_complete: 179,0 RA () 4052304 + 8 [0]
         mmcqd/1-116   [000] ...2  1457.585918: sched_switch: prev_comm=mmcqd/1 prev_pid=116 prev_prio=120 prev_state=S ==> next_comm=main next_pid=8306 next_prio=120
            main-8306  [000] ...2  1457.586581: sched_switch: prev_comm=main prev_pid=8306 prev_prio=120 prev_state=S ==> next_comm=Binder_7 next_pid=1125 next_prio=120
        Binder_7-1125  [000] ...2  1457.587140: sched_switch: prev_comm=Binder_7 prev_pid=1125 prev_prio=120 prev_state=S ==> next_comm=mmcqd/1 next_pid=116 next_prio=120
          <idle>-0     [001] ...2  1457.587141: sched_switch: prev_comm=swapper/1 prev_pid=0 prev_prio=120 prev_state=R ==> next_comm=Binder_3 next_pid=389 next_prio=120
         mmcqd/1-116   [000] ...1  1457.587153: block_rq_complete: 179,0 RA () 4052264 + 8 [0]
         mmcqd/1-116   [000] ...2  1457.587170: sched_switch: prev_comm=mmcqd/1 prev_pid=116 prev_prio=120 prev_state=R+ ==> next_comm=kworker/0:1H next_pid=17 next_prio=100
    kworker/0:1H-17    [000] ...2  1457.587178: sched_switch: prev_comm=kworker/0:1H prev_pid=17 prev_prio=100 prev_state=S ==> next_comm=mmcqd/1 next_pid=116 next_prio=120
         mmcqd/1-116   [000] ...2  1457.587189: sched_switch: prev_comm=mmcqd/1 prev_pid=116 prev_prio=120 prev_state=S ==> next_comm=swapper/0 next_pid=0 next_prio=120
          <idle>-0     [000] ...2  1457.587236: sched_switch: prev_comm=swapper/0 prev_pid=0 prev_prio=120 prev_state=R ==> next_comm=Binder_7 next_pid=1125 next_prio=120
           <...>-389   [001] ...2  1457.587274: sched_switch: prev_comm=Binder_3 prev_pid=389 prev_prio=120 prev_state=S ==> next_comm=swapper/1 next_pid=0 next_prio=120
        Binder_7-1125  [000] ...2  1457.587502: sched_switch: prev_comm=Binder_7 prev_pid=1125 prev_prio=120 prev_state=R+ ==> next_comm=InputDispatcher next_pid=795 next_prio=112
 InputDispatcher-795   [000] ...2  1457.587536: sched_switch: prev_comm=InputDispatcher prev_pid=795 prev_prio=112 prev_state=S ==> next_comm=Binder_7 next_pid=1125 next_prio=120
        Binder_7-1125  [000] ...2  1457.587625: sched_switch: prev_comm=Binder_7 prev_pid=1125 prev_prio=120 prev_state=S ==> next_comm=swapper/0 next_pid=0 next_prio=120
          <idle>-0     [001] ...2  1457.587626: sched_switch: prev_comm=swapper/1 prev_pid=0 prev_prio=120 prev_state=R ==> next_comm=Binder_5 next_pid=1577 next_prio=120
          <idle>-0     [000] ...2  1457.587734: sched_switch: prev_comm=swapper/0 prev_pid=0 prev_prio=120 prev_state=R ==> next_comm=Binder_7 next_pid=1125 next_prio=120
        Binder_5-1577  [001] ...2  1457.587769: sched_switch: prev_comm=Binder_5 prev_pid=1577 prev_prio=120 prev_state=S ==> next_comm=swapper/1 next_pid=0 next_prio=120
          <idle>-0     [001] ...2  1457.587794: sched_switch: prev_comm=swapper/1 prev_pid=0 prev_prio=120 prev_state=R ==> next_comm=android.display next_pid=770 next_prio=116
 android.display-770   [001] ...2  1457.587949: sched_switch: prev_comm=android.display prev_pid=770 prev_prio=116 prev_state=S ==> next_comm=LazyTaskWriterT next_pid=833 next_prio=120
 LazyTaskWriterT-833   [001] ...2  1457.588011: sched_switch: prev_comm=LazyTaskWriterT prev_pid=833 prev_prio=120 prev_state=S ==> next_comm=Binder_2 next_pid=237 next_prio=120
        Binder_7-1125  [000] ...2  1457.588069: sched_switch: prev_comm=Binder_7 prev_pid=1125 prev_prio=120 prev_state=R ==> next_comm=EventThread next_pid=320 next_prio=111
        Binder_2-237   [001] ...2  1457.588109: sched_switch: prev_comm=Binder_2 prev_pid=237 prev_prio=120 prev_state=S ==> next_comm=Binder_9 next_pid=1167 next_prio=120
     EventThread-320   [000] ...2  1457.588120: sched_switch: prev_comm=EventThread prev_pid=320 prev_prio=111 prev_state=S ==> next_comm=Binder_7 next_pid=1125 next_prio=120
        Binder_9-1167  [001] ...2  1457.588227: sched_switch: prev_comm=Binder_9 prev_pid=1167 prev_prio=120 prev_state=S ==> next_comm=swapper/1 next_pid=0 next_prio=120
          <idle>-0     [001] ...2  1457.588359: sched_switch: prev_comm=swapper/1 prev_pid=0 prev_prio=120 prev_state=R ==> next_comm=Binder_2 next_pid=1118 next_prio=120
        Binder_7-1125  [000] ...2  1457.588577: sched_switch: prev_comm=Binder_7 prev_pid=1125 prev_prio=120 prev_state=R+ ==> next_comm=ActivityManager next_pid=765 next_prio=118
 ActivityManager-765   [000] ...2  1457.588609: sched_switch: prev_comm=ActivityManager prev_pid=765 prev_prio=118 prev_state=S ==> next_comm=Binder_3 next_pid=1507 next_prio=120
        Binder_3-1507  [000] ...2  1457.588616: sched_switch: prev_comm=Binder_3 prev_pid=1507 prev_prio=120 prev_state=S ==> next_comm=Binder_7 next_pid=1125 next_prio=120
        Binder_7-1125  [000] ...2  1457.588631: sched_switch: prev_comm=Binder_7 prev_pid=1125 prev_prio=120 prev_state=R+ ==> next_comm=ActivityManager next_pid=765 next_prio=118
 ActivityManager-765   [000] ...2  1457.588642: sched_switch: prev_comm=ActivityManager prev_pid=765 prev_prio=118 prev_state=S ==> next_comm=Binder_7 next_pid=1125 next_prio=120
        Binder_7-1125  [000] ...2  1457.588654: sched_switch: prev_comm=Binder_7 prev_pid=1125 prev_prio=120 prev_state=R+ ==> next_comm=ActivityManager next_pid=765 next_prio=118
 ActivityManager-765   [000] ...2  1457.588681: sched_switch: prev_comm=ActivityManager prev_pid=765 prev_prio=118 prev_state=S ==> next_comm=Binder_7 next_pid=1125 next_prio=120
        Binder_2-1118  [001] ...2  1457.588743: sched_switch: prev_comm=Binder_2 prev_pid=1118 prev_prio=120 prev_state=S ==> next_comm=droid.launcher3 next_pid=1093 next_prio=120
           <...>-1093  [001] ...2  1457.588840: sched_switch: prev_comm=droid.launcher3 prev_pid=1093 prev_prio=120 prev_state=R+ ==> next_comm=Binder_1 next_pid=235 next_prio=120
        Binder_1-235   [001] ...2  1457.588852: sched_switch: prev_comm=Binder_1 prev_pid=235 prev_prio=120 prev_state=D ==> next_comm=droid.launcher3 next_pid=1093 next_prio=120
        Binder_7-1125  [000] ...2  1457.588858: sched_switch: prev_comm=Binder_7 prev_pid=1125 prev_prio=120 prev_state=D ==> next_comm=swapper/0 next_pid=0 next_prio=120
           <...>-1093  [001] ...2  1457.588866: sched_switch: prev_comm=droid.launcher3 prev_pid=1093 prev_prio=120 prev_state=R+ ==> next_comm=Binder_1 next_pid=235 next_prio=120
          <idle>-0     [000] ...2  1457.588917: sched_switch: prev_comm=swapper/0 prev_pid=0 prev_prio=120 prev_state=R ==> next_comm=ksoftirqd/0 next_pid=3 next_prio=120
        Binder_1-235   [001] ...2  1457.588923: sched_switch: prev_comm=Binder_1 prev_pid=235 prev_prio=120 prev_state=R+ ==> next_comm=kworker/1:0H next_pid=8301 next_prio=100
     ksoftirqd/0-3     [000] ...2  1457.588924: sched_switch: prev_comm=ksoftirqd/0 prev_pid=3 prev_prio=120 prev_state=S ==> next_comm=Binder_7 next_pid=1125 next_prio=120
    kworker/1:0H-8301  [001] ...2  1457.588954: sched_switch: prev_comm=kworker/1:0H prev_pid=8301 prev_prio=100 prev_state=D ==> next_comm=kworker/1:1H next_pid=8304 next_prio=100
    kworker/1:1H-8304  [001] ...2  1457.588987: sched_switch: prev_comm=kworker/1:1H prev_pid=8304 prev_prio=100 prev_state=S ==> next_comm=kworker/1:0H next_pid=8301 next_prio=100
    kworker/1:0H-8301  [001] ...2  1457.588999: sched_switch: prev_comm=kworker/1:0H prev_pid=8301 prev_prio=100 prev_state=S ==> next_comm=Binder_1 next_pid=235 next_prio=120
        Binder_7-1125  [000] ...2  1457.589049: sched_switch: prev_comm=Binder_7 prev_pid=1125 prev_prio=120 prev_state=R ==> next_comm=EventThread next_pid=320 next_prio=111
     EventThread-320   [000] ...2  1457.589068: sched_switch: prev_comm=EventThread prev_pid=320 prev_prio=111 prev_state=S ==> next_comm=Binder_1 next_pid=2242 next_prio=120
        Binder_1-235   [001] ...2  1457.589077: sched_switch: prev_comm=Binder_1 prev_pid=235 prev_prio=120 prev_state=S ==> next_comm=droid.launcher3 next_pid=1093 next_prio=120
        Binder_1-2242  [000] ...2  1457.589409: sched_switch: prev_comm=Binder_1 prev_pid=2242 prev_prio=120 prev_state=S ==> next_comm=xample.bdbtrace next_pid=2226 next_prio=120
           <...>-1093  [001] ...2  1457.589410: sched_switch: prev_comm=droid.launcher3 prev_pid=1093 prev_prio=120 prev_state=S ==> next_comm=RenderThread next_pid=1365 next_prio=116
 xample.bdbtrace-2226  [000] ...2  1457.589817: sched_switch: prev_comm=xample.bdbtrace prev_pid=2226 prev_prio=120 prev_state=S ==> next_comm=Binder_1 next_pid=691 next_prio=120
        Binder_1-691   [000] ...2  1457.589906: sched_switch: prev_comm=Binder_1 prev_pid=691 prev_prio=120 prev_state=S ==> next_comm=LazyTaskWriterT next_pid=833 next_prio=120
 LazyTaskWriterT-833   [000] ...2  1457.589946: sched_switch: prev_comm=LazyTaskWriterT prev_pid=833 prev_prio=120 prev_state=S ==> next_comm=Binder_7 next_pid=1125 next_prio=120
           <...>-1365  [001] ...2  1457.590018: sched_switch: prev_comm=RenderThread prev_pid=1365 prev_prio=116 prev_state=D ==> next_comm=android.bg next_pid=764 next_prio=130
        Binder_7-1125  [000] ...2  1457.590111: sched_switch: prev_comm=Binder_7 prev_pid=1125 prev_prio=120 prev_state=R+ ==> next_comm=Binder_4 next_pid=1509 next_prio=120
        Binder_4-1509  [000] ...2  1457.590119: sched_switch: prev_comm=Binder_4 prev_pid=1509 prev_prio=120 prev_state=D ==> next_comm=Binder_7 next_pid=1125 next_prio=120
      android.bg-764   [001] ...2  1457.590122: sched_switch: prev_comm=android.bg prev_pid=764 prev_prio=130 prev_state=S ==> next_comm=swapper/1 next_pid=0 next_prio=120
        Binder_7-1125  [000] ...2  1457.590126: sched_switch: prev_comm=Binder_7 prev_pid=1125 prev_prio=120 prev_state=R+ ==> next_comm=Binder_4 next_pid=1509 next_prio=120
          <idle>-0     [001] ...2  1457.590153: sched_switch: prev_comm=swapper/1 prev_pid=0 prev_prio=120 prev_state=R ==> next_comm=ksoftirqd/1 next_pid=8302 next_prio=120
     ksoftirqd/1-8302  [001] ...2  1457.590187: sched_switch: prev_comm=ksoftirqd/1 prev_pid=8302 prev_prio=120 prev_state=S ==> next_comm=swapper/1 next_pid=0 next_prio=120
        Binder_4-1509  [000] ...2  1457.590195: sched_switch: prev_comm=Binder_4 prev_pid=1509 prev_prio=120 prev_state=S ==> next_comm=Binder_7 next_pid=1125 next_prio=120
          <idle>-0     [001] ...2  1457.590213: sched_switch: prev_comm=swapper/1 prev_pid=0 prev_prio=120 prev_state=R ==> next_comm=ksoftirqd/1 next_pid=8302 next_prio=120
     ksoftirqd/1-8302  [001] ...2  1457.590228: sched_switch: prev_comm=ksoftirqd/1 prev_pid=8302 prev_prio=120 prev_state=S ==> next_comm=swapper/1 next_pid=0 next_prio=120
          <idle>-0     [001] ...2  1457.590251: sched_switch: prev_comm=swapper/1 prev_pid=0 prev_prio=120 prev_state=R ==> next_comm=ksoftirqd/1 next_pid=8302 next_prio=120
     ksoftirqd/1-8302  [001] ...2  1457.590261: sched_switch: prev_comm=ksoftirqd/1 prev_pid=8302 prev_prio=120 prev_state=S ==> next_comm=swapper/1 next_pid=0 next_prio=120
        Binder_7-1125  [000] ...2  1457.590485: sched_switch: prev_comm=Binder_7 prev_pid=1125 prev_prio=120 prev_state=R+ ==> next_comm=InputDispatcher next_pid=795 next_prio=112
 InputDispatcher-795   [000] ...2  1457.590513: sched_switch: prev_comm=InputDispatcher prev_pid=795 prev_prio=112 prev_state=S ==> next_comm=Binder_7 next_pid=1125 next_prio=120
        Binder_7-1125  [000] ...2  1457.590592: sched_switch: prev_comm=Binder_7 prev_pid=1125 prev_prio=120 prev_state=R ==> next_comm=kworker/u:0H next_pid=7 next_prio=100
    kworker/u:0H-7     [000] ...2  1457.590616: sched_switch: prev_comm=kworker/u:0H prev_pid=7 prev_prio=100 prev_state=D ==> next_comm=Binder_7 next_pid=1125 next_prio=120
          <idle>-0     [001] ...2  1457.590627: sched_switch: prev_comm=swapper/1 prev_pid=0 prev_prio=120 prev_state=R ==> next_comm=RenderThread next_pid=1365 next_prio=116
           <...>-1365  [001] ...2  1457.590659: sched_switch: prev_comm=RenderThread prev_pid=1365 prev_prio=116 prev_state=R+ ==> next_comm=Binder_3 next_pid=389 next_prio=120
        Binder_7-1125  [000] ...2  1457.590662: sched_switch: prev_comm=Binder_7 prev_pid=1125 prev_prio=120 prev_state=S ==> next_comm=swapper/0 next_pid=0 next_prio=120
          <idle>-0     [000] ...2  1457.590679: sched_switch: prev_comm=swapper/0 prev_pid=0 prev_prio=120 prev_state=R ==> next_comm=ksoftirqd/0 next_pid=3 next_prio=120
     ksoftirqd/0-3     [000] ...2  1457.590692: sched_switch: prev_comm=ksoftirqd/0 prev_pid=3 prev_prio=120 prev_state=S ==> next_comm=swapper/0 next_pid=0 next_prio=120
          <idle>-0     [000] ...2  1457.590706: sched_switch: prev_comm=swapper/0 prev_pid=0 prev_prio=120 prev_state=R ==> next_comm=ksoftirqd/0 next_pid=3 next_prio=120
     ksoftirqd/0-3     [000] ...2  1457.590712: sched_switch: prev_comm=ksoftirqd/0 prev_pid=3 prev_prio=120 prev_state=S ==> next_comm=swapper/0 next_pid=0 next_prio=120
          <idle>-0     [000] ...2  1457.590767: sched_switch: prev_comm=swapper/0 prev_pid=0 prev_prio=120 prev_state=R ==> next_comm=Binder_7 next_pid=1125 next_prio=120
           <...>-389   [001] ...2  1457.590798: sched_switch: prev_comm=Binder_3 prev_pid=389 prev_prio=120 prev_state=S ==> next_comm=RenderThread next_pid=1365 next_prio=116
           <...>-1365  [001] ...2  1457.590812: sched_switch: prev_comm=RenderThread prev_pid=1365 prev_prio=116 prev_state=R+ ==> next_comm=android.display next_pid=770 next_prio=116
 android.display-770   [001] ...2  1457.590861: sched_switch: prev_comm=android.display prev_pid=770 prev_prio=116 prev_state=S ==> next_comm=RenderThread next_pid=1365 next_prio=116
           <...>-1365  [001] ...2  1457.590940: sched_switch: prev_comm=RenderThread prev_pid=1365 prev_prio=116 prev_state=R+ ==> next_comm=Binder_5 next_pid=1577 next_prio=120
        Binder_7-1125  [000] ...2  1457.590944: sched_switch: prev_comm=Binder_7 prev_pid=1125 prev_prio=120 prev_state=S ==> next_comm=swapper/0 next_pid=0 next_prio=120
          <idle>-0     [000] ...2  1457.591017: sched_switch: prev_comm=swapper/0 prev_pid=0 prev_prio=120 prev_state=R ==> next_comm=Binder_7 next_pid=1125 next_prio=120
        Binder_5-1577  [001] ...2  1457.591047: sched_switch: prev_comm=Binder_5 prev_pid=1577 prev_prio=120 prev_state=S ==> next_comm=RenderThread next_pid=1365 next_prio=116
           <...>-1365  [001] ...2  1457.591164: sched_switch: prev_comm=RenderThread prev_pid=1365 prev_prio=116 prev_state=D ==> next_comm=swapper/1 next_pid=0 next_prio=120
        Binder_7-1125  [000] ...2  1457.591249: sched_switch: prev_comm=Binder_7 prev_pid=1125 prev_prio=120 prev_state=R ==> next_comm=kworker/u:0H next_pid=7 next_prio=100
    kworker/u:0H-7     [000] ...2  1457.591269: sched_switch: prev_comm=kworker/u:0H prev_pid=7 prev_prio=100 prev_state=D ==> next_comm=Binder_7 next_pid=1125 next_prio=120
          <idle>-0     [001] ...2  1457.591275: sched_switch: prev_comm=swapper/1 prev_pid=0 prev_prio=120 prev_state=R ==> next_comm=RenderThread next_pid=1365 next_prio=116
        Binder_7-1125  [000] ...2  1457.591284: sched_switch: prev_comm=Binder_7 prev_pid=1125 prev_prio=120 prev_state=R+ ==> next_comm=InputDispatcher next_pid=795 next_prio=112
 InputDispatcher-795   [000] ...2  1457.591306: sched_switch: prev_comm=InputDispatcher prev_pid=795 prev_prio=112 prev_state=S ==> next_comm=Binder_7 next_pid=1125 next_prio=120
           <...>-1365  [001] ...2  1457.591355: sched_switch: prev_comm=RenderThread prev_pid=1365 prev_prio=116 prev_state=D ==> next_comm=swapper/1 next_pid=0 next_prio=120
          <idle>-0     [001] ...2  1457.591384: sched_switch: prev_comm=swapper/1 prev_pid=0 prev_prio=120 prev_state=R ==> next_comm=Binder_2 next_pid=237 next_prio=120
        Binder_7-1125  [000] ...2  1457.591386: sched_switch: prev_comm=Binder_7 prev_pid=1125 prev_prio=120 prev_state=S ==> next_comm=swapper/0 next_pid=0 next_prio=120
          <idle>-0     [000] ...2  1457.591484: sched_switch: prev_comm=swapper/0 prev_pid=0 prev_prio=120 prev_state=R ==> next_comm=Binder_7 next_pid=1125 next_prio=120
        Binder_2-237   [001] ...2  1457.591513: sched_switch: prev_comm=Binder_2 prev_pid=237 prev_prio=120 prev_state=S ==> next_comm=swapper/1 next_pid=0 next_prio=120
        Binder_7-1125  [000] ...2  1457.591564: sched_switch: prev_comm=Binder_7 prev_pid=1125 prev_prio=120 prev_state=R+ ==> next_comm=kworker/u:0H next_pid=7 next_prio=100
    kworker/u:0H-7     [000] ...2  1457.591584: sched_switch: prev_comm=kworker/u:0H prev_pid=7 prev_prio=100 prev_state=D ==> next_comm=Binder_7 next_pid=1125 next_prio=120
          <idle>-0     [001] ...2  1457.591589: sched_switch: prev_comm=swapper/1 prev_pid=0 prev_prio=120 prev_state=R ==> next_comm=RenderThread next_pid=1365 next_prio=116
        Binder_7-1125  [000] ...2  1457.591998: sched_switch: prev_comm=Binder_7 prev_pid=1125 prev_prio=120 prev_state=R+ ==> next_comm=Binder_2 next_pid=2243 next_prio=120
        Binder_2-2243  [000] ...2  1457.592012: sched_switch: prev_comm=Binder_2 prev_pid=2243 prev_prio=120 prev_state=D ==> next_comm=Binder_7 next_pid=1125 next_prio=120
        Binder_7-1125  [000] ...2  1457.592023: sched_switch: prev_comm=Binder_7 prev_pid=1125 prev_prio=120 prev_state=R+ ==> next_comm=Binder_2 next_pid=2243 next_prio=120
        Binder_2-2243  [000] ...2  1457.592287: sched_switch: prev_comm=Binder_2 prev_pid=2243 prev_prio=120 prev_state=S ==> next_comm=Binder_7 next_pid=1125 next_prio=120
           <...>-1365  [001] ...2  1457.592408: sched_switch: prev_comm=RenderThread prev_pid=1365 prev_prio=116 prev_state=R+ ==> next_comm=kworker/u:2 next_pid=7554 next_prio=120
     kworker/u:2-7554  [001] ...2  1457.592421: sched_switch: prev_comm=kworker/u:2 prev_pid=7554 prev_prio=120 prev_state=D ==> next_comm=RenderThread next_pid=1365 next_prio=116
        Binder_7-1125  [000] ...2  1457.592490: sched_switch: prev_comm=Binder_7 prev_pid=1125 prev_prio=120 prev_state=R ==> next_comm=kworker/u:0 next_pid=3362 next_prio=120
           <...>-1365  [001] ...2  1457.592500: sched_switch: prev_comm=RenderThread prev_pid=1365 prev_prio=116 prev_state=R+ ==> next_comm=kworker/u:2 next_pid=7554 next_prio=120
     kworker/u:0-3362  [000] ...2  1457.592501: sched_switch: prev_comm=kworker/u:0 prev_pid=3362 prev_prio=120 prev_state=S ==> next_comm=Binder_7 next_pid=1125 next_prio=120
        Binder_7-1125  [000] ...2  1457.592516: sched_switch: prev_comm=Binder_7 prev_pid=1125 prev_prio=120 prev_state=R+ ==> next_comm=InputDispatcher next_pid=795 next_prio=112
 InputDispatcher-795   [000] ...2  1457.592550: sched_switch: prev_comm=InputDispatcher prev_pid=795 prev_prio=112 prev_state=S ==> next_comm=Binder_7 next_pid=1125 next_prio=120
     kworker/u:2-7554  [001] ...2  1457.592566: sched_switch: prev_comm=kworker/u:2 prev_pid=7554 prev_prio=120 prev_state=S ==> next_comm=kworker/u:0 next_pid=3362 next_prio=120
     kworker/u:0-3362  [001] ...2  1457.592575: sched_switch: prev_comm=kworker/u:0 prev_pid=3362 prev_prio=120 prev_state=S ==> next_comm=RenderThread next_pid=1365 next_prio=116
        Binder_7-1125  [000] ...2  1457.592609: sched_switch: prev_comm=Binder_7 prev_pid=1125 prev_prio=120 prev_state=R+ ==> next_comm=ActivityManager next_pid=765 next_prio=118
 ActivityManager-765   [000] ...2  1457.592622: sched_switch: prev_comm=ActivityManager prev_pid=765 prev_prio=118 prev_state=S ==> next_comm=Binder_7 next_pid=1125 next_prio=120
        Binder_7-1125  [000] ...2  1457.592635: sched_switch: prev_comm=Binder_7 prev_pid=1125 prev_prio=120 prev_state=R+ ==> next_comm=ActivityManager next_pid=765 next_prio=118
           <...>-1365  [001] ...2  1457.592642: sched_switch: prev_comm=RenderThread prev_pid=1365 prev_prio=116 prev_state=S ==> next_comm=android.bg next_pid=764 next_prio=130
 ActivityManager-765   [000] ...2  1457.592707: sched_switch: prev_comm=ActivityManager prev_pid=765 prev_prio=118 prev_state=S ==> next_comm=Binder_1 next_pid=691 next_prio=120
      android.bg-764   [001] ...2  1457.592744: sched_switch: prev_comm=android.bg prev_pid=764 prev_prio=130 prev_state=S ==> next_comm=swapper/1 next_pid=0 next_prio=120
        Binder_1-691   [000] ...2  1457.592784: sched_switch: prev_comm=Binder_1 prev_pid=691 prev_prio=120 prev_state=S ==> next_comm=xample.bdbtrace next_pid=2226 next_prio=120
 xample.bdbtrace-2226  [000] d..2  1457.593651: block_rq_insert: 179,0 R 0 () 851896 + 32 [xample.bdbtrace]
 xample.bdbtrace-2226  [000] ...2  1457.593669: sched_switch: prev_comm=xample.bdbtrace prev_pid=2226 prev_prio=120 prev_state=D|W ==> next_comm=Binder_A next_pid=1201 next_prio=120
        Binder_A-1201  [000] ...2  1457.593763: sched_switch: prev_comm=Binder_A prev_pid=1201 prev_prio=120 prev_state=S ==> next_comm=mmcqd/1 next_pid=116 next_prio=120
         mmcqd/1-116   [000] ...2  1457.593828: sched_switch: prev_comm=mmcqd/1 prev_pid=116 prev_prio=120 prev_state=S ==> next_comm=Binder_7 next_pid=1125 next_prio=120
        Binder_7-1125  [000] ...2  1457.593865: sched_switch: prev_comm=Binder_7 prev_pid=1125 prev_prio=120 prev_state=R+ ==> next_comm=main next_pid=8306 next_prio=120
            main-8306  [000] ...2  1457.593873: sched_switch: prev_comm=main prev_pid=8306 prev_prio=120 prev_state=D ==> next_comm=Binder_7 next_pid=1125 next_prio=120
        Binder_7-1125  [000] ...2  1457.593881: sched_switch: prev_comm=Binder_7 prev_pid=1125 prev_prio=120 prev_state=R+ ==> next_comm=main next_pid=8306 next_prio=120
          <idle>-0     [001] ...2  1457.593958: sched_switch: prev_comm=swapper/1 prev_pid=0 prev_prio=120 prev_state=R ==> next_comm=kworker/u:0 next_pid=3362 next_prio=120
     kworker/u:0-3362  [001] ...2  1457.593991: sched_switch: prev_comm=kworker/u:0 prev_pid=3362 prev_prio=120 prev_state=S ==> next_comm=Binder_1 next_pid=8317 next_prio=120
        Binder_1-8317  [001] ...2  1457.594076: sched_switch: prev_comm=Binder_1 prev_pid=8317 prev_prio=120 prev_state=S ==> next_comm=Binder_2 next_pid=8318 next_prio=120
        Binder_2-8318  [001] ...2  1457.594093: sched_switch: prev_comm=Binder_2 prev_pid=8318 prev_prio=120 prev_state=R+ ==> next_comm=Binder_1 next_pid=8317 next_prio=120
        Binder_1-8317  [001] ...2  1457.594110: sched_switch: prev_comm=Binder_1 prev_pid=8317 prev_prio=120 prev_state=D ==> next_comm=Binder_2 next_pid=8318 next_prio=120
            main-8306  [000] d..2  1457.594143: block_rq_insert: 179,0 R 0 () 1181984 + 8 [main]
            main-8306  [000] d..2  1457.594151: block_rq_insert: 179,0 R 0 () 1182000 + 40 [main]
            main-8306  [000] d..2  1457.594154: block_rq_insert: 179,0 R 0 () 1182048 + 24 [main]
        Binder_2-8318  [001] ...2  1457.594156: sched_switch: prev_comm=Binder_2 prev_pid=8318 prev_prio=120 prev_state=D ==> next_comm=swapper/1 next_pid=0 next_prio=120
            main-8306  [000] ...2  1457.594166: sched_switch: prev_comm=main prev_pid=8306 prev_prio=120 prev_state=D|W ==> next_comm=mmcqd/1 next_pid=116 next_prio=120
          <idle>-0     [001] ...2  1457.594169: sched_switch: prev_comm=swapper/1 prev_pid=0 prev_prio=120 prev_state=R ==> next_comm=Binder_1 next_pid=8317 next_prio=120
         mmcqd/1-116   [000] ...1  1457.594202: block_rq_complete: 179,0 RA () 851896 + 32 [0]
         mmcqd/1-116   [000] ...2  1457.594225: sched_switch: prev_comm=mmcqd/1 prev_pid=116 prev_prio=120 prev_state=R+ ==> next_comm=kworker/0:1H next_pid=17 next_prio=100
    kworker/0:1H-17    [000] ...2  1457.594233: sched_switch: prev_comm=kworker/0:1H prev_pid=17 prev_prio=100 prev_state=S ==> next_comm=mmcqd/1 next_pid=116 next_prio=120
         mmcqd/1-116   [000] ...2  1457.594286: sched_switch: prev_comm=mmcqd/1 prev_pid=116 prev_prio=120 prev_state=S ==> next_comm=xample.bdbtrace next_pid=2226 next_prio=120
        Binder_1-8317  [001] ...2  1457.594359: sched_switch: prev_comm=Binder_1 prev_pid=8317 prev_prio=120 prev_state=D ==> next_comm=Binder_2 next_pid=8318 next_prio=120
        Binder_2-8318  [001] ...2  1457.594378: sched_switch: prev_comm=Binder_2 prev_pid=8318 prev_prio=120 prev_state=R+ ==> next_comm=Binder_1 next_pid=8317 next_prio=120
        Binder_1-8317  [001] ...3  1457.594472: sched_switch: prev_comm=Binder_1 prev_pid=8317 prev_prio=120 prev_state=x ==> next_comm=Binder_2 next_pid=8318 next_prio=120
        Binder_2-8318  [001] ...3  1457.594710: sched_switch: prev_comm=Binder_2 prev_pid=8318 prev_prio=120 prev_state=x ==> next_comm=Binder_7 next_pid=1125 next_prio=120
        Binder_7-1125  [001] ...2  1457.594772: sched_switch: prev_comm=Binder_7 prev_pid=1125 prev_prio=120 prev_state=S ==> next_comm=swapper/1 next_pid=0 next_prio=120
 xample.bdbtrace-2226  [000] d..2  1457.595123: block_rq_insert: 179,0 R 0 () 852120 + 8 [xample.bdbtrace]
 xample.bdbtrace-2226  [000] ...2  1457.595134: sched_switch: prev_comm=xample.bdbtrace prev_pid=2226 prev_prio=120 prev_state=D|W ==> next_comm=mmcqd/1 next_pid=116 next_prio=120
         mmcqd/1-116   [000] ...1  1457.595162: block_rq_complete: 179,0 RA () 1181984 + 8 [0]
         mmcqd/1-116   [000] ...2  1457.595189: sched_switch: prev_comm=mmcqd/1 prev_pid=116 prev_prio=120 prev_state=S ==> next_comm=swapper/0 next_pid=0 next_prio=120
          <idle>-0     [000] ...2  1457.595575: sched_switch: prev_comm=swapper/0 prev_pid=0 prev_prio=120 prev_state=R ==> next_comm=mmcqd/1 next_pid=116 next_prio=120
         mmcqd/1-116   [000] ...1  1457.595609: block_rq_complete: 179,0 RA () 1182000 + 40 [0]
         mmcqd/1-116   [000] ...2  1457.595635: sched_switch: prev_comm=mmcqd/1 prev_pid=116 prev_prio=120 prev_state=S ==> next_comm=main next_pid=8306 next_prio=120
          <idle>-0     [001] ...2  1457.595685: sched_switch: prev_comm=swapper/1 prev_pid=0 prev_prio=120 prev_state=R ==> next_comm=Heap thread poo next_pid=8309 next_prio=120
            main-8306  [000] ...2  1457.595688: sched_switch: prev_comm=main prev_pid=8306 prev_prio=120 prev_state=S ==> next_comm=swapper/0 next_pid=0 next_prio=120
 Heap thread poo-8309  [001] ...3  1457.595859: sched_switch: prev_comm=Heap thread poo prev_pid=8309 prev_prio=120 prev_state=x ==> next_comm=Heap thread poo next_pid=8307 next_prio=120
          <idle>-0     [000] ...2  1457.595887: sched_switch: prev_comm=swapper/0 prev_pid=0 prev_prio=120 prev_state=R ==> next_comm=Heap thread poo next_pid=8308 next_prio=120
 Heap thread poo-8308  [000] ...2  1457.595916: sched_switch: prev_comm=Heap thread poo prev_pid=8308 prev_prio=120 prev_state=D ==> next_comm=swapper/0 next_pid=0 next_prio=120
          <idle>-0     [000] ...2  1457.595920: sched_switch: prev_comm=swapper/0 prev_pid=0 prev_prio=120 prev_state=R ==> next_comm=Heap thread poo next_pid=8308 next_prio=120
 Heap thread poo-8308  [000] ...2  1457.595929: sched_switch: prev_comm=Heap thread poo prev_pid=8308 prev_prio=120 prev_state=S ==> next_comm=mmcqd/1 next_pid=116 next_prio=120
         mmcqd/1-116   [000] ...1  1457.595958: block_rq_complete: 179,0 RA () 1182048 + 24 [0]
         mmcqd/1-116   [000] ...2  1457.595969: sched_switch: prev_comm=mmcqd/1 prev_pid=116 prev_prio=120 prev_state=S ==> next_comm=Heap thread poo next_pid=8308 next_prio=120
 Heap thread poo-8308  [000] ...3  1457.596064: sched_switch: prev_comm=Heap thread poo prev_pid=8308 prev_prio=120 prev_state=x ==> next_comm=main next_pid=8306 next_prio=120
