         mmcqd/1-116   [000] ...2  1469.618050: sched_switch: prev_comm=mmcqd/1 prev_pid=116 prev_prio=120 prev_state=S ==> next_comm=app_process next_pid=8361 next_prio=120
            main-8361  [000] d..2  1469.618184: block_rq_insert: 179,0 R 0 () 1199064 + 136 [app_process]
            main-8361  [000] ...2  1469.618195: sched_switch: prev_comm=app_process prev_pid=8361 prev_prio=120 prev_state=R+ ==> next_comm=mmcqd/1 next_pid=116 next_prio=120
         mmcqd/1-116   [000] ...2  1469.618260: sched_switch: prev_comm=mmcqd/1 prev_pid=116 prev_prio=120 prev_state=S ==> next_comm=app_process next_pid=8361 next_prio=120
            main-8361  [000] ...2  1469.618265: sched_switch: prev_comm=app_process prev_pid=8361 prev_prio=120 prev_state=D|W ==> next_comm=swapper/0 next_pid=0 next_prio=120
          <idle>-0     [000] ...2  1469.618915: sched_switch: prev_comm=swapper/0 prev_pid=0 prev_prio=120 prev_state=R ==> next_comm=ksoftirqd/0 next_pid=3 next_prio=120
     ksoftirqd/0-3     [000] ...2  1469.618921: sched_switch: prev_comm=ksoftirqd/0 prev_pid=3 prev_prio=120 prev_state=S ==> next_comm=swapper/0 next_pid=0 next_prio=120
          <idle>-0     [000] ...2  1469.618937: sched_switch: prev_comm=swapper/0 prev_pid=0 prev_prio=120 prev_state=R ==> next_comm=ksoftirqd/0 next_pid=3 next_prio=120
     ksoftirqd/0-3     [000] ...2  1469.618951: sched_switch: prev_comm=ksoftirqd/0 prev_pid=3 prev_prio=120 prev_state=S ==> next_comm=swapper/0 next_pid=0 next_prio=120
          <idle>-0     [000] ...2  1469.618966: sched_switch: prev_comm=swapper/0 prev_pid=0 prev_prio=120 prev_state=R ==> next_comm=ksoftirqd/0 next_pid=3 next_prio=120
     ksoftirqd/0-3     [000] ...2  1469.618972: sched_switch: prev_comm=ksoftirqd/0 prev_pid=3 prev_prio=120 prev_state=S ==> next_comm=swapper/0 next_pid=0 next_prio=120
          <idle>-0     [000] ...2  1469.619202: sched_switch: prev_comm=swapper/0 prev_pid=0 prev_prio=120 prev_state=R ==> next_comm=mmcqd/1 next_pid=116 next_prio=120
         mmcqd/1-116   [000] ...1  1469.619238: block_rq_complete: 179,0 RA () 1199064 + 136 [0]
         mmcqd/1-116   [000] ...2  1469.619258: sched_switch: prev_comm=mmcqd/1 prev_pid=116 prev_prio=120 prev_state=R+ ==> next_comm=kworker/0:1H next_pid=17 next_prio=100
    kworker/0:1H-17    [000] ...2  1469.619264: sched_switch: prev_comm=kworker/0:1H prev_pid=17 prev_prio=100 prev_state=S ==> next_comm=mmcqd/1 next_pid=116 next_prio=120
         mmcqd/1-116   [000] ...2  1469.619273: sched_switch: prev_comm=mmcqd/1 prev_pid=116 prev_prio=120 prev_state=S ==> next_comm=app_process next_pid=8361 next_prio=120
            main-8361  [000] d..2  1469.619418: block_rq_insert: 179,0 R 0 () 1234992 + 8 [app_process]
            main-8361  [000] d..2  1469.619420: block_rq_insert: 179,0 R 0 () 1235008 + 24 [app_process]
            main-8361  [000] ...2  1469.619429: sched_switch: prev_comm=app_process prev_pid=8361 prev_prio=120 prev_state=R+ ==> next_comm=mmcqd/1 next_pid=116 next_prio=120
         mmcqd/1-116   [000] ...2  1469.619473: sched_switch: prev_comm=mmcqd/1 prev_pid=116 prev_prio=120 prev_state=S ==> next_comm=app_process next_pid=8361 next_prio=120
            main-8361  [000] ...2  1469.619479: sched_switch: prev_comm=app_process prev_pid=8361 prev_prio=120 prev_state=D|W ==> next_comm=swapper/0 next_pid=0 next_prio=120
          <idle>-0     [000] ...2  1469.619697: sched_switch: prev_comm=swapper/0 prev_pid=0 prev_prio=120 prev_state=R ==> next_comm=mmcqd/1 next_pid=116 next_prio=120
         mmcqd/1-116   [000] ...1  1469.619722: block_rq_complete: 179,0 RA () 1234992 + 8 [0]
         mmcqd/1-116   [000] ...2  1469.619732: sched_switch: prev_comm=mmcqd/1 prev_pid=116 prev_prio=120 prev_state=S ==> next_comm=swapper/0 next_pid=0 next_prio=120
          <idle>-0     [000] ...2  1469.620050: sched_switch: prev_comm=swapper/0 prev_pid=0 prev_prio=120 prev_state=R ==> next_comm=mmcqd/1 next_pid=116 next_prio=120
         mmcqd/1-116   [000] ...1  1469.620063: block_rq_complete: 179,0 RA () 1235008 + 24 [0]
         mmcqd/1-116   [000] ...2  1469.620078: sched_switch: prev_comm=mmcqd/1 prev_pid=116 prev_prio=120 prev_state=R+ ==> next_comm=kworker/0:1H next_pid=17 next_prio=100
    kworker/0:1H-17    [000] ...2  1469.620085: sched_switch: prev_comm=kworker/0:1H prev_pid=17 prev_prio=100 prev_state=S ==> next_comm=mmcqd/1 next_pid=116 next_prio=120
         mmcqd/1-116   [000] ...2  1469.620094: sched_switch: prev_comm=mmcqd/1 prev_pid=116 prev_prio=120 prev_state=S ==> next_comm=app_process next_pid=8361 next_prio=120
            main-8361  [000] d..2  1469.620276: block_rq_insert: 179,0 R 0 () 1188888 + 56 [app_process]
            main-8361  [000] d..2  1469.620279: block_rq_insert: 179,0 R 0 () 1188960 + 64 [app_process]
            main-8361  [000] ...2  1469.620287: sched_switch: prev_comm=app_process prev_pid=8361 prev_prio=120 prev_state=R+ ==> next_comm=mmcqd/1 next_pid=116 next_prio=120
         mmcqd/1-116   [000] ...2  1469.620353: sched_switch: prev_comm=mmcqd/1 prev_pid=116 prev_prio=120 prev_state=S ==> next_comm=app_process next_pid=8361 next_prio=120
            main-8361  [000] ...2  1469.620358: sched_switch: prev_comm=app_process prev_pid=8361 prev_prio=120 prev_state=D|W ==> next_comm=swapper/0 next_pid=0 next_prio=120
          <idle>-0     [000] ...2  1469.620824: sched_switch: prev_comm=swapper/0 prev_pid=0 prev_prio=120 prev_state=R ==> next_comm=mmcqd/1 next_pid=116 next_prio=120
         mmcqd/1-116   [000] ...1  1469.620858: block_rq_complete: 179,0 RA () 1188888 + 56 [0]
         mmcqd/1-116   [000] ...2  1469.620871: sched_switch: prev_comm=mmcqd/1 prev_pid=116 prev_prio=120 prev_state=S ==> next_comm=swapper/0 next_pid=0 next_prio=120
          <idle>-0     [000] ...2  1469.621393: sched_switch: prev_comm=swapper/0 prev_pid=0 prev_prio=120 prev_state=R ==> next_comm=mmcqd/1 next_pid=116 next_prio=120
         mmcqd/1-116   [000] ...1  1469.621414: block_rq_complete: 179,0 RA () 1188960 + 64 [0]
         mmcqd/1-116   [000] ...2  1469.621431: sched_switch: prev_comm=mmcqd/1 prev_pid=116 prev_prio=120 prev_state=R+ ==> next_comm=kworker/0:1H next_pid=17 next_prio=100
    kworker/0:1H-17    [000] ...2  1469.621437: sched_switch: prev_comm=kworker/0:1H prev_pid=17 prev_prio=100 prev_state=S ==> next_comm=mmcqd/1 next_pid=116 next_prio=120
         mmcqd/1-116   [000] ...2  1469.621446: sched_switch: prev_comm=mmcqd/1 prev_pid=116 prev_prio=120 prev_state=S ==> next_comm=app_process next_pid=8361 next_prio=120
            main-8361  [000] d..2  1469.621577: block_rq_insert: 179,0 R 0 () 1225440 + 16 [app_process]
            main-8361  [000] d..2  1469.621580: block_rq_insert: 179,0 R 0 () 1225512 + 16 [app_process]
            main-8361  [000] ...2  1469.621588: sched_switch: prev_comm=app_process prev_pid=8361 prev_prio=120 prev_state=R+ ==> next_comm=mmcqd/1 next_pid=116 next_prio=120
         mmcqd/1-116   [000] ...2  1469.621633: sched_switch: prev_comm=mmcqd/1 prev_pid=116 prev_prio=120 prev_state=S ==> next_comm=app_process next_pid=8361 next_prio=120
            main-8361  [000] ...2  1469.621638: sched_switch: prev_comm=app_process prev_pid=8361 prev_prio=120 prev_state=D|W ==> next_comm=swapper/0 next_pid=0 next_prio=120
          <idle>-0     [000] ...2  1469.621890: sched_switch: prev_comm=swapper/0 prev_pid=0 prev_prio=120 prev_state=R ==> next_comm=mmcqd/1 next_pid=116 next_prio=120
         mmcqd/1-116   [000] ...1  1469.621916: block_rq_complete: 179,0 RA () 1225440 + 16 [0]
         mmcqd/1-116   [000] ...2  1469.621927: sched_switch: prev_comm=mmcqd/1 prev_pid=116 prev_prio=120 prev_state=S ==> next_comm=swapper/0 next_pid=0 next_prio=120
          <idle>-0     [000] ...2  1469.622202: sched_switch: prev_comm=swapper/0 prev_pid=0 prev_prio=120 prev_state=R ==> next_comm=mmcqd/1 next_pid=116 next_prio=120
         mmcqd/1-116   [000] ...1  1469.622213: block_rq_complete: 179,0 RA () 1225512 + 16 [0]
         mmcqd/1-116   [000] ...2  1469.622228: sched_switch: prev_comm=mmcqd/1 prev_pid=116 prev_prio=120 prev_state=R+ ==> next_comm=kworker/0:1H next_pid=17 next_prio=100
    kworker/0:1H-17    [000] ...2  1469.622235: sched_switch: prev_comm=kworker/0:1H prev_pid=17 prev_prio=100 prev_state=S ==> next_comm=mmcqd/1 next_pid=116 next_prio=120
         mmcqd/1-116   [000] ...2  1469.622243: sched_switch: prev_comm=mmcqd/1 prev_pid=116 prev_prio=120 prev_state=S ==> next_comm=app_process next_pid=8361 next_prio=120
            main-8361  [000] d..2  1469.622439: block_rq_insert: 179,0 R 0 () 1199248 + 40 [app_process]
            main-8361  [000] ...2  1469.622448: sched_switch: prev_comm=app_process prev_pid=8361 prev_prio=120 prev_state=R+ ==> next_comm=mmcqd/1 next_pid=116 next_prio=120
         mmcqd/1-116   [000] ...2  1469.622490: sched_switch: prev_comm=mmcqd/1 prev_pid=116 prev_prio=120 prev_state=S ==> next_comm=app_process next_pid=8361 next_prio=120
            main-8361  [000] ...2  1469.622495: sched_switch: prev_comm=app_process prev_pid=8361 prev_prio=120 prev_state=D|W ==> next_comm=swapper/0 next_pid=0 next_prio=120
          <idle>-0     [000] ...2  1469.622893: sched_switch: prev_comm=swapper/0 prev_pid=0 prev_prio=120 prev_state=R ==> next_comm=mmcqd/1 next_pid=116 next_prio=120
         mmcqd/1-116   [000] ...1  1469.622910: block_rq_complete: 179,0 RA () 1199248 + 40 [0]
         mmcqd/1-116   [000] ...2  1469.622926: sched_switch: prev_comm=mmcqd/1 prev_pid=116 prev_prio=120 prev_state=R+ ==> next_comm=kworker/0:1H next_pid=17 next_prio=100
    kworker/0:1H-17    [000] ...2  1469.622933: sched_switch: prev_comm=kworker/0:1H prev_pid=17 prev_prio=100 prev_state=S ==> next_comm=mmcqd/1 next_pid=116 next_prio=120
         mmcqd/1-116   [000] ...2  1469.622941: sched_switch: prev_comm=mmcqd/1 prev_pid=116 prev_prio=120 prev_state=S ==> next_comm=app_process next_pid=8361 next_prio=120
            main-8361  [000] d..2  1469.623078: block_rq_insert: 179,0 R 0 () 1260984 + 88 [app_process]
            main-8361  [000] ...2  1469.623090: sched_switch: prev_comm=app_process prev_pid=8361 prev_prio=120 prev_state=R+ ==> next_comm=mmcqd/1 next_pid=116 next_prio=120
         mmcqd/1-116   [000] ...2  1469.623143: sched_switch: prev_comm=mmcqd/1 prev_pid=116 prev_prio=120 prev_state=S ==> next_comm=app_process next_pid=8361 next_prio=120
            main-8361  [000] ...2  1469.623149: sched_switch: prev_comm=app_process prev_pid=8361 prev_prio=120 prev_state=D|W ==> next_comm=swapper/0 next_pid=0 next_prio=120
          <idle>-0     [000] ...2  1469.623861: sched_switch: prev_comm=swapper/0 prev_pid=0 prev_prio=120 prev_state=R ==> next_comm=mmcqd/1 next_pid=116 next_prio=120
         mmcqd/1-116   [000] ...1  1469.623887: block_rq_complete: 179,0 RA () 1260984 + 88 [0]
         mmcqd/1-116   [000] ...2  1469.623906: sched_switch: prev_comm=mmcqd/1 prev_pid=116 prev_prio=120 prev_state=R+ ==> next_comm=kworker/0:1H next_pid=17 next_prio=100
    kworker/0:1H-17    [000] ...2  1469.623912: sched_switch: prev_comm=kworker/0:1H prev_pid=17 prev_prio=100 prev_state=S ==> next_comm=mmcqd/1 next_pid=116 next_prio=120
         mmcqd/1-116   [000] ...2  1469.623921: sched_switch: prev_comm=mmcqd/1 prev_pid=116 prev_prio=120 prev_state=S ==> next_comm=app_process next_pid=8361 next_prio=120
            main-8361  [000] d..2  1469.624058: block_rq_insert: 179,0 R 0 () 1260952 + 16 [app_process]
            main-8361  [000] ...2  1469.624068: sched_switch: prev_comm=app_process prev_pid=8361 prev_prio=120 prev_state=R+ ==> next_comm=mmcqd/1 next_pid=116 next_prio=120
         mmcqd/1-116   [000] ...2  1469.624104: sched_switch: prev_comm=mmcqd/1 prev_pid=116 prev_prio=120 prev_state=S ==> next_comm=app_process next_pid=8361 next_prio=120
            main-8361  [000] ...2  1469.624110: sched_switch: prev_comm=app_process prev_pid=8361 prev_prio=120 prev_state=D|W ==> next_comm=swapper/0 next_pid=0 next_prio=120
          <idle>-0     [000] ...2  1469.624422: sched_switch: prev_comm=swapper/0 prev_pid=0 prev_prio=120 prev_state=R ==> next_comm=mmcqd/1 next_pid=116 next_prio=120
         mmcqd/1-116   [000] ...1  1469.624433: block_rq_complete: 179,0 RA () 1260952 + 16 [0]
         mmcqd/1-116   [000] ...2  1469.624448: sched_switch: prev_comm=mmcqd/1 prev_pid=116 prev_prio=120 prev_state=R+ ==> next_comm=kworker/0:1H next_pid=17 next_prio=100
    kworker/0:1H-17    [000] ...2  1469.624455: sched_switch: prev_comm=kworker/0:1H prev_pid=17 prev_prio=100 prev_state=S ==> next_comm=mmcqd/1 next_pid=116 next_prio=120
         mmcqd/1-116   [000] ...2  1469.624464: sched_switch: prev_comm=mmcqd/1 prev_pid=116 prev_prio=120 prev_state=S ==> next_comm=app_process next_pid=8361 next_prio=120
            main-8361  [000] d..2  1469.624609: block_rq_insert: 179,0 R 0 () 895488 + 136 [app_process]
            main-8361  [000] ...2  1469.624619: sched_switch: prev_comm=app_process prev_pid=8361 prev_prio=120 prev_state=R+ ==> next_comm=mmcqd/1 next_pid=116 next_prio=120
         mmcqd/1-116   [000] ...2  1469.624684: sched_switch: prev_comm=mmcqd/1 prev_pid=116 prev_prio=120 prev_state=S ==> next_comm=app_process next_pid=8361 next_prio=120
            main-8361  [000] ...2  1469.624689: sched_switch: prev_comm=app_process prev_pid=8361 prev_prio=120 prev_state=D|W ==> next_comm=swapper/0 next_pid=0 next_prio=120
          <idle>-0     [000] ...2  1469.625528: sched_switch: prev_comm=swapper/0 prev_pid=0 prev_prio=120 prev_state=R ==> next_comm=mmcqd/1 next_pid=116 next_prio=120
         mmcqd/1-116   [000] ...1  1469.625564: block_rq_complete: 179,0 RA () 895488 + 136 [0]
         mmcqd/1-116   [000] ...2  1469.625584: sched_switch: prev_comm=mmcqd/1 prev_pid=116 prev_prio=120 prev_state=R+ ==> next_comm=kworker/0:1H next_pid=17 next_prio=100
    kworker/0:1H-17    [000] ...2  1469.625591: sched_switch: prev_comm=kworker/0:1H prev_pid=17 prev_prio=100 prev_state=S ==> next_comm=mmcqd/1 next_pid=116 next_prio=120
         mmcqd/1-116   [000] ...2  1469.625599: sched_switch: prev_comm=mmcqd/1 prev_pid=116 prev_prio=120 prev_state=S ==> next_comm=app_process next_pid=8361 next_prio=120
            main-8361  [000] d..2  1469.625763: block_rq_insert: 179,0 R 0 () 1186680 + 48 [app_process]
            main-8361  [000] d..2  1469.625765: block_rq_insert: 179,0 R 0 () 1186736 + 24 [app_process]
            main-8361  [000] d..2  1469.625767: block_rq_insert: 179,0 R 0 () 1186776 + 40 [app_process]
            main-8361  [000] ...2  1469.625775: sched_switch: prev_comm=app_process prev_pid=8361 prev_prio=120 prev_state=R+ ==> next_comm=mmcqd/1 next_pid=116 next_prio=120
         mmcqd/1-116   [000] ...2  1469.625830: sched_switch: prev_comm=mmcqd/1 prev_pid=116 prev_prio=120 prev_state=S ==> next_comm=app_process next_pid=8361 next_prio=120
            main-8361  [000] ...2  1469.625835: sched_switch: prev_comm=app_process prev_pid=8361 prev_prio=120 prev_state=D|W ==> next_comm=swapper/0 next_pid=0 next_prio=120
          <idle>-0     [000] ...2  1469.626278: sched_switch: prev_comm=swapper/0 prev_pid=0 prev_prio=120 prev_state=R ==> next_comm=mmcqd/1 next_pid=116 next_prio=120
         mmcqd/1-116   [000] ...1  1469.626311: block_rq_complete: 179,0 RA () 1186680 + 48 [0]
         mmcqd/1-116   [000] ...2  1469.626338: sched_switch: prev_comm=mmcqd/1 prev_pid=116 prev_prio=120 prev_state=S ==> next_comm=swapper/0 next_pid=0 next_prio=120
          <idle>-0     [000] ...2  1469.626654: sched_switch: prev_comm=swapper/0 prev_pid=0 prev_prio=120 prev_state=R ==> next_comm=mmcqd/1 next_pid=116 next_prio=120
         mmcqd/1-116   [000] ...1  1469.626682: block_rq_complete: 179,0 RA () 1186736 + 24 [0]
         mmcqd/1-116   [000] ...2  1469.626694: sched_switch: prev_comm=mmcqd/1 prev_pid=116 prev_prio=120 prev_state=S ==> next_comm=swapper/0 next_pid=0 next_prio=120
          <idle>-0     [000] ...2  1469.627111: sched_switch: prev_comm=swapper/0 prev_pid=0 prev_prio=120 prev_state=R ==> next_comm=mmcqd/1 next_pid=116 next_prio=120
         mmcqd/1-116   [000] ...1  1469.627127: block_rq_complete: 179,0 RA () 1186776 + 40 [0]
         mmcqd/1-116   [000] ...2  1469.627143: sched_switch: prev_comm=mmcqd/1 prev_pid=116 prev_prio=120 prev_state=R+ ==> next_comm=kworker/0:1H next_pid=17 next_prio=100
    kworker/0:1H-17    [000] ...2  1469.627150: sched_switch: prev_comm=kworker/0:1H prev_pid=17 prev_prio=100 prev_state=S ==> next_comm=mmcqd/1 next_pid=116 next_prio=120
         mmcqd/1-116   [000] ...2  1469.627158: sched_switch: prev_comm=mmcqd/1 prev_pid=116 prev_prio=120 prev_state=S ==> next_comm=app_process next_pid=8361 next_prio=120
            main-8361  [000] d..2  1469.627303: block_rq_insert: 179,0 R 0 () 1187160 + 112 [app_process]
            main-8361  [000] d..2  1469.627306: block_rq_insert: 179,0 R 0 () 1187280 + 16 [app_process]
            main-8361  [000] ...2  1469.627315: sched_switch: prev_comm=app_process prev_pid=8361 prev_prio=120 prev_state=R+ ==> next_comm=mmcqd/1 next_pid=116 next_prio=120
         mmcqd/1-116   [000] ...2  1469.627383: sched_switch: prev_comm=mmcqd/1 prev_pid=116 prev_prio=120 prev_state=S ==> next_comm=app_process next_pid=8361 next_prio=120
            main-8361  [000] ...2  1469.627388: sched_switch: prev_comm=app_process prev_pid=8361 prev_prio=120 prev_state=D|W ==> next_comm=swapper/0 next_pid=0 next_prio=120
          <idle>-0     [000] ...2  1469.628134: sched_switch: prev_comm=swapper/0 prev_pid=0 prev_prio=120 prev_state=R ==> next_comm=mmcqd/1 next_pid=116 next_prio=120
         mmcqd/1-116   [000] ...1  1469.628181: block_rq_complete: 179,0 RA () 1187160 + 112 [0]
         mmcqd/1-116   [000] ...2  1469.628194: sched_switch: prev_comm=mmcqd/1 prev_pid=116 prev_prio=120 prev_state=S ==> next_comm=swapper/0 next_pid=0 next_prio=120
          <idle>-0     [000] ...2  1469.628455: sched_switch: prev_comm=swapper/0 prev_pid=0 prev_prio=120 prev_state=R ==> next_comm=mmcqd/1 next_pid=116 next_prio=120
         mmcqd/1-116   [000] ...1  1469.628466: block_rq_complete: 179,0 RA () 1187280 + 16 [0]
         mmcqd/1-116   [000] ...2  1469.628481: sched_switch: prev_comm=mmcqd/1 prev_pid=116 prev_prio=120 prev_state=R+ ==> next_comm=kworker/0:1H next_pid=17 next_prio=100
    kworker/0:1H-17    [000] ...2  1469.628488: sched_switch: prev_comm=kworker/0:1H prev_pid=17 prev_prio=100 prev_state=S ==> next_comm=mmcqd/1 next_pid=116 next_prio=120
         mmcqd/1-116   [000] ...2  1469.628497: sched_switch: prev_comm=mmcqd/1 prev_pid=116 prev_prio=120 prev_state=S ==> next_comm=app_process next_pid=8361 next_prio=120
            main-8361  [000] d..2  1469.628647: block_rq_insert: 179,0 R 0 () 1194272 + 24 [app_process]
            main-8361  [000] ...2  1469.628656: sched_switch: prev_comm=app_process prev_pid=8361 prev_prio=120 prev_state=R+ ==> next_comm=mmcqd/1 next_pid=116 next_prio=120
         mmcqd/1-116   [000] ...2  1469.628695: sched_switch: prev_comm=mmcqd/1 prev_pid=116 prev_prio=120 prev_state=S ==> next_comm=app_process next_pid=8361 next_prio=120
            main-8361  [000] ...2  1469.628701: sched_switch: prev_comm=app_process prev_pid=8361 prev_prio=120 prev_state=D|W ==> next_comm=swapper/0 next_pid=0 next_prio=120
          <idle>-0     [000] ...2  1469.628912: sched_switch: prev_comm=swapper/0 prev_pid=0 prev_prio=120 prev_state=R ==> next_comm=ksoftirqd/0 next_pid=3 next_prio=120
     ksoftirqd/0-3     [000] ...2  1469.628918: sched_switch: prev_comm=ksoftirqd/0 prev_pid=3 prev_prio=120 prev_state=S ==> next_comm=swapper/0 next_pid=0 next_prio=120
          <idle>-0     [000] ...2  1469.628934: sched_switch: prev_comm=swapper/0 prev_pid=0 prev_prio=120 prev_state=R ==> next_comm=ksoftirqd/0 next_pid=3 next_prio=120
     ksoftirqd/0-3     [000] ...2  1469.628943: sched_switch: prev_comm=ksoftirqd/0 prev_pid=3 prev_prio=120 prev_state=S ==> next_comm=swapper/0 next_pid=0 next_prio=120
          <idle>-0     [000] ...2  1469.628957: sched_switch: prev_comm=swapper/0 prev_pid=0 prev_prio=120 prev_state=R ==> next_comm=ksoftirqd/0 next_pid=3 next_prio=120
     ksoftirqd/0-3     [000] ...2  1469.628963: sched_switch: prev_comm=ksoftirqd/0 prev_pid=3 prev_prio=120 prev_state=S ==> next_comm=swapper/0 next_pid=0 next_prio=120
          <idle>-0     [000] ...2  1469.629003: sched_switch: prev_comm=swapper/0 prev_pid=0 prev_prio=120 prev_state=R ==> next_comm=mmcqd/1 next_pid=116 next_prio=120
         mmcqd/1-116   [000] ...1  1469.629016: block_rq_complete: 179,0 RA () 1194272 + 24 [0]
         mmcqd/1-116   [000] ...2  1469.629032: sched_switch: prev_comm=mmcqd/1 prev_pid=116 prev_prio=120 prev_state=R+ ==> next_comm=kworker/0:1H next_pid=17 next_prio=100
    kworker/0:1H-17    [000] ...2  1469.629038: sched_switch: prev_comm=kworker/0:1H prev_pid=17 prev_prio=100 prev_state=S ==> next_comm=mmcqd/1 next_pid=116 next_prio=120
         mmcqd/1-116   [000] ...2  1469.629047: sched_switch: prev_comm=mmcqd/1 prev_pid=116 prev_prio=120 prev_state=S ==> next_comm=app_process next_pid=8361 next_prio=120
            main-8361  [000] d..2  1469.629170: block_rq_insert: 179,0 R 0 () 1235064 + 16 [app_process]
            main-8361  [000] ...2  1469.629180: sched_switch: prev_comm=app_process prev_pid=8361 prev_prio=120 prev_state=R+ ==> next_comm=mmcqd/1 next_pid=116 next_prio=120
         mmcqd/1-116   [000] ...2  1469.629216: sched_switch: prev_comm=mmcqd/1 prev_pid=116 prev_prio=120 prev_state=S ==> next_comm=app_process next_pid=8361 next_prio=120
            main-8361  [000] ...2  1469.629221: sched_switch: prev_comm=app_process prev_pid=8361 prev_prio=120 prev_state=D|W ==> next_comm=swapper/0 next_pid=0 next_prio=120
          <idle>-0     [000] ...2  1469.629551: sched_switch: prev_comm=swapper/0 prev_pid=0 prev_prio=120 prev_state=R ==> next_comm=mmcqd/1 next_pid=116 next_prio=120
         mmcqd/1-116   [000] ...1  1469.629562: block_rq_complete: 179,0 RA () 1235064 + 16 [0]
         mmcqd/1-116   [000] ...2  1469.629577: sched_switch: prev_comm=mmcqd/1 prev_pid=116 prev_prio=120 prev_state=R+ ==> next_comm=kworker/0:1H next_pid=17 next_prio=100
    kworker/0:1H-17    [000] ...2  1469.629584: sched_switch: prev_comm=kworker/0:1H prev_pid=17 prev_prio=100 prev_state=S ==> next_comm=mmcqd/1 next_pid=116 next_prio=120
         mmcqd/1-116   [000] ...2  1469.629592: sched_switch: prev_comm=mmcqd/1 prev_pid=116 prev_prio=120 prev_state=S ==> next_comm=app_process next_pid=8361 next_prio=120
         ueventd-127   [001] ...2  1469.634741: sched_switch: prev_comm=ueventd prev_pid=127 prev_prio=120 prev_state=S ==> next_comm=swapper/1 next_pid=0 next_prio=120
          <idle>-0     [001] ...2  1469.634837: sched_switch: prev_comm=swapper/1 prev_pid=0 prev_prio=120 prev_state=R ==> next_comm=ksoftirqd/1 next_pid=8365 next_prio=120
     ksoftirqd/1-8365  [001] ...2  1469.634886: sched_switch: prev_comm=ksoftirqd/1 prev_pid=8365 prev_prio=120 prev_state=S ==> next_comm=swapper/1 next_pid=0 next_prio=120
          <idle>-0     [001] ...2  1469.634950: sched_switch: prev_comm=swapper/1 prev_pid=0 prev_prio=120 prev_state=R ==> next_comm=ksoftirqd/1 next_pid=8365 next_prio=120
     ksoftirqd/1-8365  [001] ...2  1469.634986: sched_switch: prev_comm=ksoftirqd/1 prev_pid=8365 prev_prio=120 prev_state=S ==> next_comm=swapper/1 next_pid=0 next_prio=120
          <idle>-0     [001] ...2  1469.635043: sched_switch: prev_comm=swapper/1 prev_pid=0 prev_prio=120 prev_state=R ==> next_comm=ksoftirqd/1 next_pid=8365 next_prio=120
     ksoftirqd/1-8365  [001] ...2  1469.635078: sched_switch: prev_comm=ksoftirqd/1 prev_pid=8365 prev_prio=120 prev_state=S ==> next_comm=swapper/1 next_pid=0 next_prio=120
            main-8361  [000] d..2  1469.635112: block_rq_insert: 179,0 R 0 () 894920 + 256 [app_process]
            main-8361  [000] ...2  1469.635124: sched_switch: prev_comm=app_process prev_pid=8361 prev_prio=120 prev_state=R+ ==> next_comm=mmcqd/1 next_pid=116 next_prio=120
         mmcqd/1-116   [000] ...2  1469.635260: sched_switch: prev_comm=mmcqd/1 prev_pid=116 prev_prio=120 prev_state=S ==> next_comm=app_process next_pid=8361 next_prio=120
            main-8361  [000] ...2  1469.635267: sched_switch: prev_comm=app_process prev_pid=8361 prev_prio=120 prev_state=D|W ==> next_comm=swapper/0 next_pid=0 next_prio=120
          <idle>-0     [000] ...2  1469.636738: sched_switch: prev_comm=swapper/0 prev_pid=0 prev_prio=120 prev_state=R ==> next_comm=mmcqd/1 next_pid=116 next_prio=120
         mmcqd/1-116   [000] ...1  1469.636827: block_rq_complete: 179,0 RA () 894920 + 256 [0]
         mmcqd/1-116   [000] ...2  1469.636864: sched_switch: prev_comm=mmcqd/1 prev_pid=116 prev_prio=120 prev_state=R+ ==> next_comm=kworker/0:1H next_pid=17 next_prio=100
    kworker/0:1H-17    [000] ...2  1469.636874: sched_switch: prev_comm=kworker/0:1H prev_pid=17 prev_prio=100 prev_state=S ==> next_comm=mmcqd/1 next_pid=116 next_prio=120
         mmcqd/1-116   [000] ...2  1469.636886: sched_switch: prev_comm=mmcqd/1 prev_pid=116 prev_prio=120 prev_state=S ==> next_comm=app_process next_pid=8361 next_prio=120
            main-8361  [000] d..2  1469.637128: block_rq_insert: 179,0 R 0 () 895176 + 256 [app_process]
            main-8361  [000] ...2  1469.637140: sched_switch: prev_comm=app_process prev_pid=8361 prev_prio=120 prev_state=R+ ==> next_comm=mmcqd/1 next_pid=116 next_prio=120
         mmcqd/1-116   [000] ...2  1469.637276: sched_switch: prev_comm=mmcqd/1 prev_pid=116 prev_prio=120 prev_state=S ==> next_comm=app_process next_pid=8361 next_prio=120
            main-8361  [000] d..2  1469.637438: block_rq_insert: 179,0 R 0 () 895432 + 56 [app_process]
            main-8361  [000] ...2  1469.637451: sched_switch: prev_comm=app_process prev_pid=8361 prev_prio=120 prev_state=R+ ==> next_comm=mmcqd/1 next_pid=116 next_prio=120
         mmcqd/1-116   [000] ...2  1469.637487: sched_switch: prev_comm=mmcqd/1 prev_pid=116 prev_prio=120 prev_state=S ==> next_comm=app_process next_pid=8361 next_prio=120
            main-8361  [000] ...2  1469.637497: sched_switch: prev_comm=app_process prev_pid=8361 prev_prio=120 prev_state=D|W ==> next_comm=swapper/0 next_pid=0 next_prio=120
          <idle>-0     [000] ...2  1469.638770: sched_switch: prev_comm=swapper/0 prev_pid=0 prev_prio=120 prev_state=R ==> next_comm=mmcqd/1 next_pid=116 next_prio=120
         mmcqd/1-116   [000] ...1  1469.638878: block_rq_complete: 179,0 RA () 895176 + 256 [0]
         mmcqd/1-116   [000] ...2  1469.638951: sched_switch: prev_comm=mmcqd/1 prev_pid=116 prev_prio=120 prev_state=S ==> next_comm=app_process next_pid=8361 next_prio=120
            main-8361  [000] ...2  1469.639287: sched_switch: prev_comm=app_process prev_pid=8361 prev_prio=120 prev_state=R ==> next_comm=mmcqd/1 next_pid=116 next_prio=120
         mmcqd/1-116   [000] ...1  1469.639316: block_rq_complete: 179,0 RA () 895432 + 56 [0]
         mmcqd/1-116   [000] ...2  1469.639335: sched_switch: prev_comm=mmcqd/1 prev_pid=116 prev_prio=120 prev_state=R+ ==> next_comm=kworker/0:1H next_pid=17 next_prio=100
    kworker/0:1H-17    [000] ...2  1469.639344: sched_switch: prev_comm=kworker/0:1H prev_pid=17 prev_prio=100 prev_state=S ==> next_comm=mmcqd/1 next_pid=116 next_prio=120
         mmcqd/1-116   [000] ...2  1469.639357: sched_switch: prev_comm=mmcqd/1 prev_pid=116 prev_prio=120 prev_state=S ==> next_comm=app_process next_pid=8361 next_prio=120
            main-8361  [000] ...2  1469.648949: sched_switch: prev_comm=app_process prev_pid=8361 prev_prio=120 prev_state=R ==> next_comm=kworker/u:0 next_pid=3362 next_prio=120
     kworker/u:0-3362  [000] ...2  1469.648972: sched_switch: prev_comm=kworker/u:0 prev_pid=3362 prev_prio=120 prev_state=S ==> next_comm=kworker/0:2 next_pid=5912 next_prio=120
     kworker/0:2-5912  [000] ...2  1469.649022: sched_switch: prev_comm=kworker/0:2 prev_pid=5912 prev_prio=120 prev_state=S ==> next_comm=mpdecision next_pid=1527 next_prio=113
      mpdecision-1527  [000] ...2  1469.649338: sched_switch: prev_comm=mpdecision prev_pid=1527 prev_prio=113 prev_state=S ==> next_comm=app_process next_pid=8361 next_prio=120
            main-8361  [000] d..2  1469.664217: block_rq_insert: 179,0 R 0 () 1196112 + 24 [app_process]
            main-8361  [000] d..2  1469.664223: block_rq_insert: 179,0 R 0 () 1196144 + 16 [app_process]
            main-8361  [000] d..2  1469.664225: block_rq_insert: 179,0 R 0 () 1196168 + 40 [app_process]
            main-8361  [000] d..2  1469.664227: block_rq_insert: 179,0 R 0 () 1196216 + 8 [app_process]
            main-8361  [000] d..2  1469.664229: block_rq_insert: 179,0 R 0 () 1196240 + 32 [app_process]
            main-8361  [000] ...2  1469.664245: sched_switch: prev_comm=app_process prev_pid=8361 prev_prio=120 prev_state=R+ ==> next_comm=mmcqd/1 next_pid=116 next_prio=120
         mmcqd/1-116   [000] ...2  1469.664335: sched_switch: prev_comm=mmcqd/1 prev_pid=116 prev_prio=120 prev_state=S ==> next_comm=app_process next_pid=8361 next_prio=120
            main-8361  [000] ...2  1469.664346: sched_switch: prev_comm=app_process prev_pid=8361 prev_prio=120 prev_state=D|W ==> next_comm=swapper/0 next_pid=0 next_prio=120
          <idle>-0     [000] ...2  1469.664374: sched_switch: prev_comm=swapper/0 prev_pid=0 prev_prio=120 prev_state=R ==> next_comm=ksoftirqd/0 next_pid=3 next_prio=120
     ksoftirqd/0-3     [000] ...2  1469.664388: sched_switch: prev_comm=ksoftirqd/0 prev_pid=3 prev_prio=120 prev_state=S ==> next_comm=swapper/0 next_pid=0 next_prio=120
          <idle>-0     [000] ...2  1469.664407: sched_switch: prev_comm=swapper/0 prev_pid=0 prev_prio=120 prev_state=R ==> next_comm=ksoftirqd/0 next_pid=3 next_prio=120
     ksoftirqd/0-3     [000] ...2  1469.664420: sched_switch: prev_comm=ksoftirqd/0 prev_pid=3 prev_prio=120 prev_state=S ==> next_comm=swapper/0 next_pid=0 next_prio=120
          <idle>-0     [000] ...2  1469.664827: sched_switch: prev_comm=swapper/0 prev_pid=0 prev_prio=120 prev_state=R ==> next_comm=mmcqd/1 next_pid=116 next_prio=120
         mmcqd/1-116   [000] ...1  1469.664866: block_rq_complete: 179,0 RA () 1196112 + 24 [0]
         mmcqd/1-116   [000] ...2  1469.664909: sched_switch: prev_comm=mmcqd/1 prev_pid=116 prev_prio=120 prev_state=S ==> next_comm=swapper/0 next_pid=0 next_prio=120
          <idle>-0     [000] ...2  1469.665145: sched_switch: prev_comm=swapper/0 prev_pid=0 prev_prio=120 prev_state=R ==> next_comm=mmcqd/1 next_pid=116 next_prio=120
         mmcqd/1-116   [000] ...1  1469.665179: block_rq_complete: 179,0 RA () 1196144 + 16 [0]
         mmcqd/1-116   [000] ...2  1469.665205: sched_switch: prev_comm=mmcqd/1 prev_pid=116 prev_prio=120 prev_state=S ==> next_comm=swapper/0 next_pid=0 next_prio=120
          <idle>-0     [000] ...2  1469.665592: sched_switch: prev_comm=swapper/0 prev_pid=0 prev_prio=120 prev_state=R ==> next_comm=mmcqd/1 next_pid=116 next_prio=120
         mmcqd/1-116   [000] ...1  1469.665634: block_rq_complete: 179,0 RA () 1196168 + 40 [0]
         mmcqd/1-116   [000] ...2  1469.665668: sched_switch: prev_comm=mmcqd/1 prev_pid=116 prev_prio=120 prev_state=S ==> next_comm=swapper/0 next_pid=0 next_prio=120
          <idle>-0     [000] ...2  1469.665857: sched_switch: prev_comm=swapper/0 prev_pid=0 prev_prio=120 prev_state=R ==> next_comm=mmcqd/1 next_pid=116 next_prio=120
         mmcqd/1-116   [000] ...1  1469.665888: block_rq_complete: 179,0 RA () 1196216 + 8 [0]
         mmcqd/1-116   [000] ...2  1469.665904: sched_switch: prev_comm=mmcqd/1 prev_pid=116 prev_prio=120 prev_state=S ==> next_comm=swapper/0 next_pid=0 next_prio=120
          <idle>-0     [000] ...2  1469.666281: sched_switch: prev_comm=swapper/0 prev_pid=0 prev_prio=120 prev_state=R ==> next_comm=mmcqd/1 next_pid=116 next_prio=120
         mmcqd/1-116   [000] ...1  1469.666302: block_rq_complete: 179,0 RA () 1196240 + 32 [0]
         mmcqd/1-116   [000] ...2  1469.666325: sched_switch: prev_comm=mmcqd/1 prev_pid=116 prev_prio=120 prev_state=R+ ==> next_comm=kworker/0:1H next_pid=17 next_prio=100
    kworker/0:1H-17    [000] ...2  1469.666335: sched_switch: prev_comm=kworker/0:1H prev_pid=17 prev_prio=100 prev_state=S ==> next_comm=mmcqd/1 next_pid=116 next_prio=120
         mmcqd/1-116   [000] ...2  1469.666349: sched_switch: prev_comm=mmcqd/1 prev_pid=116 prev_prio=120 prev_state=S ==> next_comm=app_process next_pid=8361 next_prio=120
            main-8361  [000] d..2  1469.682265: block_rq_insert: 179,0 R 0 () 1247040 + 56 [app_process]
            main-8361  [000] d..2  1469.682272: block_rq_insert: 179,0 R 0 () 1247104 + 8 [app_process]
            main-8361  [000] d..2  1469.682274: block_rq_insert: 179,0 R 0 () 1247120 + 104 [app_process]
            main-8361  [000] ...2  1469.682291: sched_switch: prev_comm=app_process prev_pid=8361 prev_prio=120 prev_state=R+ ==> next_comm=mmcqd/1 next_pid=116 next_prio=120
         mmcqd/1-116   [000] ...2  1469.682377: sched_switch: prev_comm=mmcqd/1 prev_pid=116 prev_prio=120 prev_state=S ==> next_comm=app_process next_pid=8361 next_prio=120
            main-8361  [000] ...2  1469.682387: sched_switch: prev_comm=app_process prev_pid=8361 prev_prio=120 prev_state=D|W ==> next_comm=swapper/0 next_pid=0 next_prio=120
          <idle>-0     [000] ...2  1469.683012: sched_switch: prev_comm=swapper/0 prev_pid=0 prev_prio=120 prev_state=R ==> next_comm=mmcqd/1 next_pid=116 next_prio=120
         mmcqd/1-116   [000] ...1  1469.683059: block_rq_complete: 179,0 RA () 1247040 + 56 [0]
         mmcqd/1-116   [000] ...2  1469.683126: sched_switch: prev_comm=mmcqd/1 prev_pid=116 prev_prio=120 prev_state=S ==> next_comm=swapper/0 next_pid=0 next_prio=120
          <idle>-0     [000] ...2  1469.683270: sched_switch: prev_comm=swapper/0 prev_pid=0 prev_prio=120 prev_state=R ==> next_comm=mmcqd/1 next_pid=116 next_prio=120
         mmcqd/1-116   [000] ...1  1469.683301: block_rq_complete: 179,0 RA () 1247104 + 8 [0]
         mmcqd/1-116   [000] ...2  1469.683317: sched_switch: prev_comm=mmcqd/1 prev_pid=116 prev_prio=120 prev_state=S ==> next_comm=swapper/0 next_pid=0 next_prio=120
          <idle>-0     [000] ...2  1469.683984: sched_switch: prev_comm=swapper/0 prev_pid=0 prev_prio=120 prev_state=R ==> next_comm=mmcqd/1 next_pid=116 next_prio=120
         mmcqd/1-116   [000] ...1  1469.684026: block_rq_complete: 179,0 RA () 1247120 + 104 [0]
         mmcqd/1-116   [000] ...2  1469.684053: sched_switch: prev_comm=mmcqd/1 prev_pid=116 prev_prio=120 prev_state=R+ ==> next_comm=kworker/0:1H next_pid=17 next_prio=100
    kworker/0:1H-17    [000] ...2  1469.684064: sched_switch: prev_comm=kworker/0:1H prev_pid=17 prev_prio=100 prev_state=S ==> next_comm=mmcqd/1 next_pid=116 next_prio=120
         mmcqd/1-116   [000] ...2  1469.684077: sched_switch: prev_comm=mmcqd/1 prev_pid=116 prev_prio=120 prev_state=S ==> next_comm=app_process next_pid=8361 next_prio=120
            main-8361  [000] ...2  1469.698929: sched_switch: prev_comm=app_process prev_pid=8361 prev_prio=120 prev_state=R ==> next_comm=kworker/u:0 next_pid=3362 next_prio=120
     kworker/u:0-3362  [000] ...2  1469.698952: sched_switch: prev_comm=kworker/u:0 prev_pid=3362 prev_prio=120 prev_state=S ==> next_comm=kworker/0:1H next_pid=17 next_prio=100
    kworker/0:1H-17    [000] ...2  1469.698972: sched_switch: prev_comm=kworker/0:1H prev_pid=17 prev_prio=100 prev_state=S ==> next_comm=mpdecision next_pid=1527 next_prio=113
      mpdecision-1527  [000] ...2  1469.699289: sched_switch: prev_comm=mpdecision prev_pid=1527 prev_prio=113 prev_state=S ==> next_comm=app_process next_pid=8361 next_prio=120
            main-8361  [000] d..2  1469.703673: block_rq_insert: 179,0 R 0 () 1211560 + 16 [app_process]
            main-8361  [000] d..2  1469.703679: block_rq_insert: 179,0 R 0 () 1211624 + 120 [app_process]
            main-8361  [000] ...2  1469.703694: sched_switch: prev_comm=app_process prev_pid=8361 prev_prio=120 prev_state=R+ ==> next_comm=mmcqd/1 next_pid=116 next_prio=120
         mmcqd/1-116   [000] ...2  1469.703814: sched_switch: prev_comm=mmcqd/1 prev_pid=116 prev_prio=120 prev_state=S ==> next_comm=app_process next_pid=8361 next_prio=120
            main-8361  [000] ...2  1469.703825: sched_switch: prev_comm=app_process prev_pid=8361 prev_prio=120 prev_state=D|W ==> next_comm=swapper/0 next_pid=0 next_prio=120
          <idle>-0     [000] ...2  1469.703850: sched_switch: prev_comm=swapper/0 prev_pid=0 prev_prio=120 prev_state=R ==> next_comm=ksoftirqd/0 next_pid=3 next_prio=120
     ksoftirqd/0-3     [000] ...2  1469.703861: sched_switch: prev_comm=ksoftirqd/0 prev_pid=3 prev_prio=120 prev_state=S ==> next_comm=swapper/0 next_pid=0 next_prio=120
          <idle>-0     [000] ...2  1469.703881: sched_switch: prev_comm=swapper/0 prev_pid=0 prev_prio=120 prev_state=R ==> next_comm=ksoftirqd/0 next_pid=3 next_prio=120
     ksoftirqd/0-3     [000] ...2  1469.703890: sched_switch: prev_comm=ksoftirqd/0 prev_pid=3 prev_prio=120 prev_state=S ==> next_comm=swapper/0 next_pid=0 next_prio=120
          <idle>-0     [000] ...2  1469.703906: sched_switch: prev_comm=swapper/0 prev_pid=0 prev_prio=120 prev_state=R ==> next_comm=ksoftirqd/0 next_pid=3 next_prio=120
     ksoftirqd/0-3     [000] ...2  1469.703916: sched_switch: prev_comm=ksoftirqd/0 prev_pid=3 prev_prio=120 prev_state=S ==> next_comm=swapper/0 next_pid=0 next_prio=120
          <idle>-0     [000] ...2  1469.704172: sched_switch: prev_comm=swapper/0 prev_pid=0 prev_prio=120 prev_state=R ==> next_comm=mmcqd/1 next_pid=116 next_prio=120
         mmcqd/1-116   [000] ...1  1469.704209: block_rq_complete: 179,0 RA () 1211560 + 16 [0]
         mmcqd/1-116   [000] ...2  1469.704228: sched_switch: prev_comm=mmcqd/1 prev_pid=116 prev_prio=120 prev_state=S ==> next_comm=swapper/0 next_pid=0 next_prio=120
          <idle>-0     [000] ...2  1469.705054: sched_switch: prev_comm=swapper/0 prev_pid=0 prev_prio=120 prev_state=R ==> next_comm=mmcqd/1 next_pid=116 next_prio=120
         mmcqd/1-116   [000] ...1  1469.705101: block_rq_complete: 179,0 RA () 1211624 + 120 [0]
         mmcqd/1-116   [000] ...2  1469.705128: sched_switch: prev_comm=mmcqd/1 prev_pid=116 prev_prio=120 prev_state=R+ ==> next_comm=kworker/0:1H next_pid=17 next_prio=100
    kworker/0:1H-17    [000] ...2  1469.705137: sched_switch: prev_comm=kworker/0:1H prev_pid=17 prev_prio=100 prev_state=S ==> next_comm=mmcqd/1 next_pid=116 next_prio=120
         mmcqd/1-116   [000] ...2  1469.705151: sched_switch: prev_comm=mmcqd/1 prev_pid=116 prev_prio=120 prev_state=S ==> next_comm=app_process next_pid=8361 next_prio=120
            main-8361  [000] ...2  1469.748924: sched_switch: prev_comm=app_process prev_pid=8361 prev_prio=120 prev_state=R ==> next_comm=kworker/u:0 next_pid=3362 next_prio=120
     kworker/u:0-3362  [000] ...2  1469.748948: sched_switch: prev_comm=kworker/u:0 prev_pid=3362 prev_prio=120 prev_state=S ==> next_comm=mpdecision next_pid=1527 next_prio=113
      mpdecision-1527  [000] ...2  1469.749263: sched_switch: prev_comm=mpdecision prev_pid=1527 prev_prio=113 prev_state=S ==> next_comm=app_process next_pid=8361 next_prio=120
            main-8361  [000] d..2  1469.767870: block_rq_insert: 179,0 R 0 () 1183416 + 224 [app_process]
            main-8361  [000] ...2  1469.767891: sched_switch: prev_comm=app_process prev_pid=8361 prev_prio=120 prev_state=R+ ==> next_comm=mmcqd/1 next_pid=116 next_prio=120
         mmcqd/1-116   [000] ...2  1469.768039: sched_switch: prev_comm=mmcqd/1 prev_pid=116 prev_prio=120 prev_state=S ==> next_comm=app_process next_pid=8361 next_prio=120
            main-8361  [000] ...2  1469.768048: sched_switch: prev_comm=app_process prev_pid=8361 prev_prio=120 prev_state=D|W ==> next_comm=swapper/0 next_pid=0 next_prio=120
          <idle>-0     [000] ...2  1469.768075: sched_switch: prev_comm=swapper/0 prev_pid=0 prev_prio=120 prev_state=R ==> next_comm=ksoftirqd/0 next_pid=3 next_prio=120
     ksoftirqd/0-3     [000] ...2  1469.768096: sched_switch: prev_comm=ksoftirqd/0 prev_pid=3 prev_prio=120 prev_state=S ==> next_comm=swapper/0 next_pid=0 next_prio=120
          <idle>-0     [000] ...2  1469.768116: sched_switch: prev_comm=swapper/0 prev_pid=0 prev_prio=120 prev_state=R ==> next_comm=ksoftirqd/0 next_pid=3 next_prio=120
     ksoftirqd/0-3     [000] ...2  1469.768124: sched_switch: prev_comm=ksoftirqd/0 prev_pid=3 prev_prio=120 prev_state=S ==> next_comm=swapper/0 next_pid=0 next_prio=120
          <idle>-0     [000] ...2  1469.768141: sched_switch: prev_comm=swapper/0 prev_pid=0 prev_prio=120 prev_state=R ==> next_comm=ksoftirqd/0 next_pid=3 next_prio=120
     ksoftirqd/0-3     [000] ...2  1469.768151: sched_switch: prev_comm=ksoftirqd/0 prev_pid=3 prev_prio=120 prev_state=S ==> next_comm=swapper/0 next_pid=0 next_prio=120
          <idle>-0     [000] ...2  1469.769513: sched_switch: prev_comm=swapper/0 prev_pid=0 prev_prio=120 prev_state=R ==> next_comm=mmcqd/1 next_pid=116 next_prio=120
         mmcqd/1-116   [000] ...1  1469.769593: block_rq_complete: 179,0 RA () 1183416 + 224 [0]
         mmcqd/1-116   [000] ...2  1469.769632: sched_switch: prev_comm=mmcqd/1 prev_pid=116 prev_prio=120 prev_state=R+ ==> next_comm=kworker/0:1H next_pid=17 next_prio=100
    kworker/0:1H-17    [000] ...2  1469.769643: sched_switch: prev_comm=kworker/0:1H prev_pid=17 prev_prio=100 prev_state=S ==> next_comm=mmcqd/1 next_pid=116 next_prio=120
         mmcqd/1-116   [000] ...2  1469.769656: sched_switch: prev_comm=mmcqd/1 prev_pid=116 prev_prio=120 prev_state=S ==> next_comm=app_process next_pid=8361 next_prio=120
            main-8361  [000] d..2  1469.769864: block_rq_insert: 179,0 R 0 () 1186480 + 40 [app_process]
            main-8361  [000] ...2  1469.769876: sched_switch: prev_comm=app_process prev_pid=8361 prev_prio=120 prev_state=R+ ==> next_comm=mmcqd/1 next_pid=116 next_prio=120
         mmcqd/1-116   [000] ...2  1469.769933: sched_switch: prev_comm=mmcqd/1 prev_pid=116 prev_prio=120 prev_state=S ==> next_comm=app_process next_pid=8361 next_prio=120
            main-8361  [000] ...2  1469.769942: sched_switch: prev_comm=app_process prev_pid=8361 prev_prio=120 prev_state=D|W ==> next_comm=swapper/0 next_pid=0 next_prio=120
          <idle>-0     [000] ...2  1469.769961: sched_switch: prev_comm=swapper/0 prev_pid=0 prev_prio=120 prev_state=R ==> next_comm=ksoftirqd/0 next_pid=3 next_prio=120
     ksoftirqd/0-3     [000] ...2  1469.769971: sched_switch: prev_comm=ksoftirqd/0 prev_pid=3 prev_prio=120 prev_state=S ==> next_comm=swapper/0 next_pid=0 next_prio=120
          <idle>-0     [000] ...2  1469.769990: sched_switch: prev_comm=swapper/0 prev_pid=0 prev_prio=120 prev_state=R ==> next_comm=ksoftirqd/0 next_pid=3 next_prio=120
     ksoftirqd/0-3     [000] ...2  1469.770000: sched_switch: prev_comm=ksoftirqd/0 prev_pid=3 prev_prio=120 prev_state=S ==> next_comm=swapper/0 next_pid=0 next_prio=120
          <idle>-0     [000] ...2  1469.770017: sched_switch: prev_comm=swapper/0 prev_pid=0 prev_prio=120 prev_state=R ==> next_comm=ksoftirqd/0 next_pid=3 next_prio=120
     ksoftirqd/0-3     [000] ...2  1469.770028: sched_switch: prev_comm=ksoftirqd/0 prev_pid=3 prev_prio=120 prev_state=S ==> next_comm=swapper/0 next_pid=0 next_prio=120
          <idle>-0     [000] ...2  1469.770353: sched_switch: prev_comm=swapper/0 prev_pid=0 prev_prio=120 prev_state=R ==> next_comm=mmcqd/1 next_pid=116 next_prio=120
         mmcqd/1-116   [000] ...1  1469.770376: block_rq_complete: 179,0 RA () 1186480 + 40 [0]
         mmcqd/1-116   [000] ...2  1469.770398: sched_switch: prev_comm=mmcqd/1 prev_pid=116 prev_prio=120 prev_state=R+ ==> next_comm=kworker/0:1H next_pid=17 next_prio=100
    kworker/0:1H-17    [000] ...2  1469.770406: sched_switch: prev_comm=kworker/0:1H prev_pid=17 prev_prio=100 prev_state=S ==> next_comm=mmcqd/1 next_pid=116 next_prio=120
         mmcqd/1-116   [000] ...2  1469.770418: sched_switch: prev_comm=mmcqd/1 prev_pid=116 prev_prio=120 prev_state=S ==> next_comm=app_process next_pid=8361 next_prio=120
            main-8361  [000] d..2  1469.770598: block_rq_insert: 179,0 R 0 () 1242888 + 8 [app_process]
            main-8361  [000] ...2  1469.770609: sched_switch: prev_comm=app_process prev_pid=8361 prev_prio=120 prev_state=R+ ==> next_comm=mmcqd/1 next_pid=116 next_prio=120
         mmcqd/1-116   [000] ...2  1469.770654: sched_switch: prev_comm=mmcqd/1 prev_pid=116 prev_prio=120 prev_state=S ==> next_comm=app_process next_pid=8361 next_prio=120
            main-8361  [000] ...2  1469.770663: sched_switch: prev_comm=app_process prev_pid=8361 prev_prio=120 prev_state=D|W ==> next_comm=swapper/0 next_pid=0 next_prio=120
          <idle>-0     [000] ...2  1469.770680: sched_switch: prev_comm=swapper/0 prev_pid=0 prev_prio=120 prev_state=R ==> next_comm=ksoftirqd/0 next_pid=3 next_prio=120
     ksoftirqd/0-3     [000] ...2  1469.770690: sched_switch: prev_comm=ksoftirqd/0 prev_pid=3 prev_prio=120 prev_state=S ==> next_comm=swapper/0 next_pid=0 next_prio=120
          <idle>-0     [000] ...2  1469.770709: sched_switch: prev_comm=swapper/0 prev_pid=0 prev_prio=120 prev_state=R ==> next_comm=ksoftirqd/0 next_pid=3 next_prio=120
     ksoftirqd/0-3     [000] ...2  1469.770717: sched_switch: prev_comm=ksoftirqd/0 prev_pid=3 prev_prio=120 prev_state=S ==> next_comm=swapper/0 next_pid=0 next_prio=120
          <idle>-0     [000] ...2  1469.770734: sched_switch: prev_comm=swapper/0 prev_pid=0 prev_prio=120 prev_state=R ==> next_comm=ksoftirqd/0 next_pid=3 next_prio=120
     ksoftirqd/0-3     [000] ...2  1469.770742: sched_switch: prev_comm=ksoftirqd/0 prev_pid=3 prev_prio=120 prev_state=S ==> next_comm=swapper/0 next_pid=0 next_prio=120
          <idle>-0     [000] ...2  1469.770889: sched_switch: prev_comm=swapper/0 prev_pid=0 prev_prio=120 prev_state=R ==> next_comm=mmcqd/1 next_pid=116 next_prio=120
         mmcqd/1-116   [000] ...1  1469.770902: block_rq_complete: 179,0 RA () 1242888 + 8 [0]
         mmcqd/1-116   [000] ...2  1469.770922: sched_switch: prev_comm=mmcqd/1 prev_pid=116 prev_prio=120 prev_state=R+ ==> next_comm=kworker/0:1H next_pid=17 next_prio=100
    kworker/0:1H-17    [000] ...2  1469.770930: sched_switch: prev_comm=kworker/0:1H prev_pid=17 prev_prio=100 prev_state=S ==> next_comm=mmcqd/1 next_pid=116 next_prio=120
         mmcqd/1-116   [000] ...2  1469.770942: sched_switch: prev_comm=mmcqd/1 prev_pid=116 prev_prio=120 prev_state=S ==> next_comm=app_process next_pid=8361 next_prio=120
            main-8361  [000] d..2  1469.774978: block_rq_insert: 179,0 R 0 () 806160 + 32 [app_process]
            main-8361  [000] ...2  1469.774995: sched_switch: prev_comm=app_process prev_pid=8361 prev_prio=120 prev_state=R+ ==> next_comm=mmcqd/1 next_pid=116 next_prio=120
         mmcqd/1-116   [000] ...2  1469.775056: sched_switch: prev_comm=mmcqd/1 prev_pid=116 prev_prio=120 prev_state=S ==> next_comm=app_process next_pid=8361 next_prio=120
            main-8361  [000] ...2  1469.775063: sched_switch: prev_comm=app_process prev_pid=8361 prev_prio=120 prev_state=D|W ==> next_comm=swapper/0 next_pid=0 next_prio=120
          <idle>-0     [000] ...2  1469.775083: sched_switch: prev_comm=swapper/0 prev_pid=0 prev_prio=120 prev_state=R ==> next_comm=ksoftirqd/0 next_pid=3 next_prio=120
     ksoftirqd/0-3     [000] ...2  1469.775093: sched_switch: prev_comm=ksoftirqd/0 prev_pid=3 prev_prio=120 prev_state=S ==> next_comm=swapper/0 next_pid=0 next_prio=120
          <idle>-0     [000] ...2  1469.775112: sched_switch: prev_comm=swapper/0 prev_pid=0 prev_prio=120 prev_state=R ==> next_comm=ksoftirqd/0 next_pid=3 next_prio=120
     ksoftirqd/0-3     [000] ...2  1469.775120: sched_switch: prev_comm=ksoftirqd/0 prev_pid=3 prev_prio=120 prev_state=S ==> next_comm=swapper/0 next_pid=0 next_prio=120
          <idle>-0     [000] ...2  1469.775137: sched_switch: prev_comm=swapper/0 prev_pid=0 prev_prio=120 prev_state=R ==> next_comm=ksoftirqd/0 next_pid=3 next_prio=120
     ksoftirqd/0-3     [000] ...2  1469.775149: sched_switch: prev_comm=ksoftirqd/0 prev_pid=3 prev_prio=120 prev_state=S ==> next_comm=swapper/0 next_pid=0 next_prio=120
          <idle>-0     [000] ...2  1469.775450: sched_switch: prev_comm=swapper/0 prev_pid=0 prev_prio=120 prev_state=R ==> next_comm=mmcqd/1 next_pid=116 next_prio=120
         mmcqd/1-116   [000] ...1  1469.775471: block_rq_complete: 179,0 RA () 806160 + 32 [0]
         mmcqd/1-116   [000] ...2  1469.775494: sched_switch: prev_comm=mmcqd/1 prev_pid=116 prev_prio=120 prev_state=R+ ==> next_comm=kworker/0:1H next_pid=17 next_prio=100
    kworker/0:1H-17    [000] ...2  1469.775503: sched_switch: prev_comm=kworker/0:1H prev_pid=17 prev_prio=100 prev_state=S ==> next_comm=mmcqd/1 next_pid=116 next_prio=120
         mmcqd/1-116   [000] ...2  1469.775515: sched_switch: prev_comm=mmcqd/1 prev_pid=116 prev_prio=120 prev_state=S ==> next_comm=app_process next_pid=8361 next_prio=120
            main-8361  [000] d..2  1469.775587: block_rq_insert: 179,0 R 0 () 808488 + 136 [app_process]
            main-8361  [000] ...2  1469.775599: sched_switch: prev_comm=app_process prev_pid=8361 prev_prio=120 prev_state=R+ ==> next_comm=mmcqd/1 next_pid=116 next_prio=120
         mmcqd/1-116   [000] ...2  1469.775690: sched_switch: prev_comm=mmcqd/1 prev_pid=116 prev_prio=120 prev_state=S ==> next_comm=app_process next_pid=8361 next_prio=120
            main-8361  [000] ...2  1469.775696: sched_switch: prev_comm=app_process prev_pid=8361 prev_prio=120 prev_state=D|W ==> next_comm=swapper/0 next_pid=0 next_prio=120
          <idle>-0     [000] ...2  1469.776566: sched_switch: prev_comm=swapper/0 prev_pid=0 prev_prio=120 prev_state=R ==> next_comm=mmcqd/1 next_pid=116 next_prio=120
         mmcqd/1-116   [000] ...1  1469.776619: block_rq_complete: 179,0 RA () 808488 + 136 [0]
         mmcqd/1-116   [000] ...2  1469.776645: sched_switch: prev_comm=mmcqd/1 prev_pid=116 prev_prio=120 prev_state=R+ ==> next_comm=kworker/0:1H next_pid=17 next_prio=100
