     kworker/0:2-5912  [000] ...2  1569.681874: sched_switch: prev_comm=kworker/0:2 prev_pid=5912 prev_prio=120 prev_state=S ==> next_comm=main next_pid=8903 next_prio=120
          <idle>-0     [001] ...2  1569.681875: sched_switch: prev_comm=swapper/1 prev_pid=0 prev_prio=120 prev_state=R ==> next_comm=adbd next_pid=778 next_prio=120
           <...>-778   [001] ...2  1569.682032: sched_switch: prev_comm=adbd prev_pid=778 prev_prio=120 prev_state=S ==> next_comm=adbd next_pid=780 next_prio=120
            main-8903  [000] d..2  1569.682054: block_rq_insert: 179,0 R 0 () 4052264 + 8 [main]
            main-8903  [000] d..2  1569.682056: block_rq_insert: 179,0 R 0 () 4052304 + 8 [main]
            main-8903  [000] d..2  1569.682058: block_rq_insert: 179,0 R 0 () 4052400 + 32 [main]
            main-8903  [000] ...2  1569.682077: sched_switch: prev_comm=main prev_pid=8903 prev_prio=120 prev_state=D|W ==> next_comm=swapper/0 next_pid=0 next_prio=120
            adbd-780   [001] ...2  1569.682116: sched_switch: prev_comm=adbd prev_pid=780 prev_prio=120 prev_state=S ==> next_comm=swapper/1 next_pid=0 next_prio=120
          <idle>-0     [000] ...2  1569.682137: sched_switch: prev_comm=swapper/0 prev_pid=0 prev_prio=120 prev_state=R ==> next_comm=mmcqd/1 next_pid=116 next_prio=120
         mmcqd/1-116   [000] ...1  1569.682171: block_rq_complete: 179,0 RA () 4078888 + 32 [0]
         mmcqd/1-116   [000] ...2  1569.682192: sched_switch: prev_comm=mmcqd/1 prev_pid=116 prev_prio=120 prev_state=S ==> next_comm=swapper/0 next_pid=0 next_prio=120
          <idle>-0     [000] ...2  1569.682484: sched_switch: prev_comm=swapper/0 prev_pid=0 prev_prio=120 prev_state=R ==> next_comm=adbd next_pid=781 next_prio=120
            adbd-781   [000] ...2  1569.682525: sched_switch: prev_comm=adbd prev_pid=781 prev_prio=120 prev_state=S ==> next_comm=adbd next_pid=778 next_prio=120
           <...>-778   [000] ...2  1569.682600: sched_switch: prev_comm=adbd prev_pid=778 prev_prio=120 prev_state=S ==> next_comm=adbd next_pid=780 next_prio=120
            adbd-780   [000] ...2  1569.682606: sched_switch: prev_comm=adbd prev_pid=780 prev_prio=120 prev_state=S ==> next_comm=swapper/0 next_pid=0 next_prio=120
          <idle>-0     [000] ...2  1569.682641: sched_switch: prev_comm=swapper/0 prev_pid=0 prev_prio=120 prev_state=R ==> next_comm=mmcqd/1 next_pid=116 next_prio=120
         mmcqd/1-116   [000] ...1  1569.682671: block_rq_complete: 179,0 RA () 4078840 + 24 [0]
         mmcqd/1-116   [000] ...2  1569.682692: sched_switch: prev_comm=mmcqd/1 prev_pid=116 prev_prio=120 prev_state=S ==> next_comm=swapper/0 next_pid=0 next_prio=120
          <idle>-0     [000] ...2  1569.682913: sched_switch: prev_comm=swapper/0 prev_pid=0 prev_prio=120 prev_state=R ==> next_comm=mmcqd/1 next_pid=116 next_prio=120
         mmcqd/1-116   [000] ...1  1569.682938: block_rq_complete: 179,0 RA () 4078824 + 8 [0]
         mmcqd/1-116   [000] ...2  1569.682957: sched_switch: prev_comm=mmcqd/1 prev_pid=116 prev_prio=120 prev_state=S ==> next_comm=swapper/0 next_pid=0 next_prio=120
          <idle>-0     [000] ...2  1569.683190: sched_switch: prev_comm=swapper/0 prev_pid=0 prev_prio=120 prev_state=R ==> next_comm=mmcqd/1 next_pid=116 next_prio=120
         mmcqd/1-116   [000] ...1  1569.683215: block_rq_complete: 179,0 RA () 4078784 + 8 [0]
         mmcqd/1-116   [000] ...2  1569.683233: sched_switch: prev_comm=mmcqd/1 prev_pid=116 prev_prio=120 prev_state=S ==> next_comm=swapper/0 next_pid=0 next_prio=120
          <idle>-0     [000] ...2  1569.683457: sched_switch: prev_comm=swapper/0 prev_pid=0 prev_prio=120 prev_state=R ==> next_comm=mmcqd/1 next_pid=116 next_prio=120
         mmcqd/1-116   [000] ...1  1569.683484: block_rq_complete: 179,0 RA () 4078752 + 8 [0]
         mmcqd/1-116   [000] ...2  1569.683510: sched_switch: prev_comm=mmcqd/1 prev_pid=116 prev_prio=120 prev_state=S ==> next_comm=swapper/0 next_pid=0 next_prio=120
          <idle>-0     [000] ...2  1569.683722: sched_switch: prev_comm=swapper/0 prev_pid=0 prev_prio=120 prev_state=R ==> next_comm=mmcqd/1 next_pid=116 next_prio=120
         mmcqd/1-116   [000] ...1  1569.683747: block_rq_complete: 179,0 RA () 4078736 + 8 [0]
         mmcqd/1-116   [000] ...2  1569.683765: sched_switch: prev_comm=mmcqd/1 prev_pid=116 prev_prio=120 prev_state=S ==> next_comm=swapper/0 next_pid=0 next_prio=120
          <idle>-0     [000] ...2  1569.684150: sched_switch: prev_comm=swapper/0 prev_pid=0 prev_prio=120 prev_state=R ==> next_comm=mmcqd/1 next_pid=116 next_prio=120
         mmcqd/1-116   [000] ...1  1569.684180: block_rq_complete: 179,0 RA () 4052400 + 32 [0]
         mmcqd/1-116   [000] ...2  1569.684199: sched_switch: prev_comm=mmcqd/1 prev_pid=116 prev_prio=120 prev_state=S ==> next_comm=swapper/0 next_pid=0 next_prio=120
          <idle>-0     [000] ...2  1569.684418: sched_switch: prev_comm=swapper/0 prev_pid=0 prev_prio=120 prev_state=R ==> next_comm=mmcqd/1 next_pid=116 next_prio=120
         mmcqd/1-116   [000] ...1  1569.684443: block_rq_complete: 179,0 RA () 4052304 + 8 [0]
         mmcqd/1-116   [000] ...2  1569.684458: sched_switch: prev_comm=mmcqd/1 prev_pid=116 prev_prio=120 prev_state=S ==> next_comm=main next_pid=8903 next_prio=120
            main-8903  [000] ...2  1569.684696: sched_switch: prev_comm=main prev_pid=8903 prev_prio=120 prev_state=R ==> next_comm=mmcqd/1 next_pid=116 next_prio=120
         mmcqd/1-116   [000] ...1  1569.684707: block_rq_complete: 179,0 RA () 4052264 + 8 [0]
         mmcqd/1-116   [000] ...2  1569.684720: sched_switch: prev_comm=mmcqd/1 prev_pid=116 prev_prio=120 prev_state=R+ ==> next_comm=kworker/0:1H next_pid=17 next_prio=100
    kworker/0:1H-17    [000] ...2  1569.684729: sched_switch: prev_comm=kworker/0:1H prev_pid=17 prev_prio=100 prev_state=S ==> next_comm=mmcqd/1 next_pid=116 next_prio=120
         mmcqd/1-116   [000] ...2  1569.684739: sched_switch: prev_comm=mmcqd/1 prev_pid=116 prev_prio=120 prev_state=S ==> next_comm=main next_pid=8903 next_prio=120
            main-8903  [000] ...2  1569.685174: sched_switch: prev_comm=main prev_pid=8903 prev_prio=120 prev_state=S ==> next_comm=swapper/0 next_pid=0 next_prio=120
          <idle>-0     [001] ...2  1569.685175: sched_switch: prev_comm=swapper/1 prev_pid=0 prev_prio=120 prev_state=R ==> next_comm=Binder_1 next_pid=691 next_prio=120
        Binder_1-691   [001] ...2  1569.685972: sched_switch: prev_comm=Binder_1 prev_pid=691 prev_prio=120 prev_state=S ==> next_comm=Binder_1 next_pid=235 next_prio=120
        Binder_1-235   [001] ...2  1569.686100: sched_switch: prev_comm=Binder_1 prev_pid=235 prev_prio=120 prev_state=S ==> next_comm=Binder_1 next_pid=691 next_prio=120
        Binder_1-691   [001] ...2  1569.686539: sched_switch: prev_comm=Binder_1 prev_pid=691 prev_prio=120 prev_state=R+ ==> next_comm=InputDispatcher next_pid=795 next_prio=112
 InputDispatcher-795   [001] ...2  1569.686589: sched_switch: prev_comm=InputDispatcher prev_pid=795 prev_prio=112 prev_state=S ==> next_comm=Binder_1 next_pid=691 next_prio=120
        Binder_1-691   [001] ...2  1569.686732: sched_switch: prev_comm=Binder_1 prev_pid=691 prev_prio=120 prev_state=S ==> next_comm=Binder_4 next_pid=1509 next_prio=120
        Binder_4-1509  [001] ...2  1569.686871: sched_switch: prev_comm=Binder_4 prev_pid=1509 prev_prio=120 prev_state=S ==> next_comm=Binder_1 next_pid=691 next_prio=120
        Binder_1-691   [001] ...2  1569.686950: sched_switch: prev_comm=Binder_1 prev_pid=691 prev_prio=120 prev_state=R+ ==> next_comm=android.display next_pid=770 next_prio=116
 android.display-770   [001] ...2  1569.687008: sched_switch: prev_comm=android.display prev_pid=770 prev_prio=116 prev_state=S ==> next_comm=Binder_1 next_pid=691 next_prio=120
        Binder_1-691   [001] ...2  1569.687033: sched_switch: prev_comm=Binder_1 prev_pid=691 prev_prio=120 prev_state=R+ ==> next_comm=android.display next_pid=770 next_prio=116
 android.display-770   [001] ...2  1569.687051: sched_switch: prev_comm=android.display prev_pid=770 prev_prio=116 prev_state=S ==> next_comm=Binder_1 next_pid=691 next_prio=120
        Binder_1-691   [001] ...2  1569.687073: sched_switch: prev_comm=Binder_1 prev_pid=691 prev_prio=120 prev_state=R+ ==> next_comm=android.display next_pid=770 next_prio=116
 android.display-770   [001] ...2  1569.687118: sched_switch: prev_comm=android.display prev_pid=770 prev_prio=116 prev_state=S ==> next_comm=Binder_1 next_pid=691 next_prio=120
        Binder_1-691   [001] ...2  1569.687141: sched_switch: prev_comm=Binder_1 prev_pid=691 prev_prio=120 prev_state=R+ ==> next_comm=android.display next_pid=770 next_prio=116
 android.display-770   [001] ...2  1569.687159: sched_switch: prev_comm=android.display prev_pid=770 prev_prio=116 prev_state=S ==> next_comm=Binder_1 next_pid=691 next_prio=120
        Binder_1-691   [001] ...2  1569.687179: sched_switch: prev_comm=Binder_1 prev_pid=691 prev_prio=120 prev_state=R+ ==> next_comm=android.display next_pid=770 next_prio=116
 android.display-770   [001] ...2  1569.687289: sched_switch: prev_comm=android.display prev_pid=770 prev_prio=116 prev_state=S ==> next_comm=Binder_2 next_pid=237 next_prio=120
        Binder_2-237   [001] ...2  1569.687374: sched_switch: prev_comm=Binder_2 prev_pid=237 prev_prio=120 prev_state=S ==> next_comm=EventThread next_pid=320 next_prio=111
          <idle>-0     [000] ...2  1569.687432: sched_switch: prev_comm=swapper/0 prev_pid=0 prev_prio=120 prev_state=R ==> next_comm=Binder_6 next_pid=1109 next_prio=120
     EventThread-320   [001] ...2  1569.687456: sched_switch: prev_comm=EventThread prev_pid=320 prev_prio=111 prev_state=S ==> next_comm=Binder_1 next_pid=691 next_prio=120
        Binder_6-1109  [000] ...2  1569.687510: sched_switch: prev_comm=Binder_6 prev_pid=1109 prev_prio=120 prev_state=S ==> next_comm=swapper/0 next_pid=0 next_prio=120
          <idle>-0     [000] ...2  1569.687659: sched_switch: prev_comm=swapper/0 prev_pid=0 prev_prio=120 prev_state=R ==> next_comm=LazyTaskWriterT next_pid=833 next_prio=120
 LazyTaskWriterT-833   [000] ...2  1569.687715: sched_switch: prev_comm=LazyTaskWriterT prev_pid=833 prev_prio=120 prev_state=S ==> next_comm=swapper/0 next_pid=0 next_prio=120
          <idle>-0     [000] ...2  1569.688065: sched_switch: prev_comm=swapper/0 prev_pid=0 prev_prio=120 prev_state=R ==> next_comm=ActivityManager next_pid=765 next_prio=118
 ActivityManager-765   [000] ...2  1569.688100: sched_switch: prev_comm=ActivityManager prev_pid=765 prev_prio=118 prev_state=S ==> next_comm=swapper/0 next_pid=0 next_prio=120
          <idle>-0     [000] ...2  1569.688298: sched_switch: prev_comm=swapper/0 prev_pid=0 prev_prio=120 prev_state=R ==> next_comm=Binder_2 next_pid=1118 next_prio=120
        Binder_1-691   [001] ...2  1569.688375: sched_switch: prev_comm=Binder_1 prev_pid=691 prev_prio=120 prev_state=R+ ==> next_comm=Binder_1 next_pid=1117 next_prio=120
        Binder_1-1117  [001] ...2  1569.688388: sched_switch: prev_comm=Binder_1 prev_pid=1117 prev_prio=120 prev_state=D ==> next_comm=Binder_1 next_pid=691 next_prio=120
        Binder_1-691   [001] ...2  1569.688403: sched_switch: prev_comm=Binder_1 prev_pid=691 prev_prio=120 prev_state=R+ ==> next_comm=Binder_1 next_pid=1117 next_prio=120
        Binder_1-1117  [001] ...2  1569.688415: sched_switch: prev_comm=Binder_1 prev_pid=1117 prev_prio=120 prev_state=S ==> next_comm=Binder_1 next_pid=691 next_prio=120
        Binder_2-1118  [000] ...2  1569.688485: sched_switch: prev_comm=Binder_2 prev_pid=1118 prev_prio=120 prev_state=S ==> next_comm=droid.launcher3 next_pid=1093 next_prio=120
        Binder_1-691   [001] ...2  1569.688601: sched_switch: prev_comm=Binder_1 prev_pid=691 prev_prio=120 prev_state=R+ ==> next_comm=Binder_3 next_pid=1507 next_prio=120
        Binder_3-1507  [001] ...2  1569.688613: sched_switch: prev_comm=Binder_3 prev_pid=1507 prev_prio=120 prev_state=D ==> next_comm=Binder_1 next_pid=691 next_prio=120
        Binder_1-691   [001] ...2  1569.688627: sched_switch: prev_comm=Binder_1 prev_pid=691 prev_prio=120 prev_state=R+ ==> next_comm=Binder_3 next_pid=1507 next_prio=120
 droid.launcher3-1093  [000] ...2  1569.688709: sched_switch: prev_comm=droid.launcher3 prev_pid=1093 prev_prio=120 prev_state=S ==> next_comm=Binder_3 next_pid=389 next_prio=120
        Binder_3-1507  [001] ...2  1569.688750: sched_switch: prev_comm=Binder_3 prev_pid=1507 prev_prio=120 prev_state=S ==> next_comm=EventThread next_pid=320 next_prio=111
        Binder_3-389   [000] ...2  1569.688760: sched_switch: prev_comm=Binder_3 prev_pid=389 prev_prio=120 prev_state=S ==> next_comm=RenderThread next_pid=1365 next_prio=116
     EventThread-320   [001] ...2  1569.688783: sched_switch: prev_comm=EventThread prev_pid=320 prev_prio=111 prev_state=S ==> next_comm=Binder_1 next_pid=691 next_prio=120
    RenderThread-1365  [000] ...2  1569.688791: sched_switch: prev_comm=RenderThread prev_pid=1365 prev_prio=116 prev_state=S ==> next_comm=swapper/0 next_pid=0 next_prio=120
          <idle>-0     [000] ...2  1569.688931: sched_switch: prev_comm=swapper/0 prev_pid=0 prev_prio=120 prev_state=R ==> next_comm=ksoftirqd/0 next_pid=3 next_prio=120
     ksoftirqd/0-3     [000] ...2  1569.688938: sched_switch: prev_comm=ksoftirqd/0 prev_pid=3 prev_prio=120 prev_state=S ==> next_comm=ActivityManager next_pid=765 next_prio=118
 ActivityManager-765   [000] ...2  1569.688976: sched_switch: prev_comm=ActivityManager prev_pid=765 prev_prio=118 prev_state=S ==> next_comm=swapper/0 next_pid=0 next_prio=120
          <idle>-0     [000] ...2  1569.688992: sched_switch: prev_comm=swapper/0 prev_pid=0 prev_prio=120 prev_state=R ==> next_comm=ksoftirqd/0 next_pid=3 next_prio=120
     ksoftirqd/0-3     [000] ...2  1569.689000: sched_switch: prev_comm=ksoftirqd/0 prev_pid=3 prev_prio=120 prev_state=S ==> next_comm=swapper/0 next_pid=0 next_prio=120
          <idle>-0     [000] ...2  1569.689015: sched_switch: prev_comm=swapper/0 prev_pid=0 prev_prio=120 prev_state=R ==> next_comm=ksoftirqd/0 next_pid=3 next_prio=120
     ksoftirqd/0-3     [000] ...2  1569.689023: sched_switch: prev_comm=ksoftirqd/0 prev_pid=3 prev_prio=120 prev_state=S ==> next_comm=swapper/0 next_pid=0 next_prio=120
          <idle>-0     [000] ...2  1569.689275: sched_switch: prev_comm=swapper/0 prev_pid=0 prev_prio=120 prev_state=R ==> next_comm=Binder_1 next_pid=2242 next_prio=120
        Binder_1-691   [001] ...2  1569.689627: sched_switch: prev_comm=Binder_1 prev_pid=691 prev_prio=120 prev_state=R+ ==> next_comm=Binder_5 next_pid=1577 next_prio=120
        Binder_1-2242  [000] ...2  1569.689639: sched_switch: prev_comm=Binder_1 prev_pid=2242 prev_prio=120 prev_state=D ==> next_comm=xample.bdbtrace next_pid=2226 next_prio=120
        Binder_5-1577  [001] ...2  1569.689641: sched_switch: prev_comm=Binder_5 prev_pid=1577 prev_prio=120 prev_state=D ==> next_comm=android.bg next_pid=764 next_prio=130
      android.bg-764   [001] ...2  1569.689733: sched_switch: prev_comm=android.bg prev_pid=764 prev_prio=130 prev_state=S ==> next_comm=Binder_1 next_pid=691 next_prio=120
        Binder_1-691   [001] ...2  1569.689747: sched_switch: prev_comm=Binder_1 prev_pid=691 prev_prio=120 prev_state=R+ ==> next_comm=Binder_5 next_pid=1577 next_prio=120
        Binder_5-1577  [001] ...2  1569.689859: sched_switch: prev_comm=Binder_5 prev_pid=1577 prev_prio=120 prev_state=S ==> next_comm=Binder_1 next_pid=691 next_prio=120
        Binder_1-691   [001] ...2  1569.690050: sched_switch: prev_comm=Binder_1 prev_pid=691 prev_prio=120 prev_state=R ==> next_comm=Binder_B next_pid=1403 next_prio=120
 xample.bdbtrace-2226  [000] ...2  1569.690056: sched_switch: prev_comm=xample.bdbtrace prev_pid=2226 prev_prio=120 prev_state=S ==> next_comm=LazyTaskWriterT next_pid=833 next_prio=120
 LazyTaskWriterT-833   [000] ...2  1569.690088: sched_switch: prev_comm=LazyTaskWriterT prev_pid=833 prev_prio=120 prev_state=S ==> next_comm=Binder_1 next_pid=2242 next_prio=120
        Binder_1-2242  [000] ...2  1569.690098: sched_switch: prev_comm=Binder_1 prev_pid=2242 prev_prio=120 prev_state=S ==> next_comm=swapper/0 next_pid=0 next_prio=120
        Binder_B-1403  [001] ...2  1569.690165: sched_switch: prev_comm=Binder_B prev_pid=1403 prev_prio=120 prev_state=S ==> next_comm=Binder_1 next_pid=691 next_prio=120
        Binder_1-691   [001] ...2  1569.690455: sched_switch: prev_comm=Binder_1 prev_pid=691 prev_prio=120 prev_state=R+ ==> next_comm=InputDispatcher next_pid=795 next_prio=112
 InputDispatcher-795   [001] ...2  1569.690498: sched_switch: prev_comm=InputDispatcher prev_pid=795 prev_prio=112 prev_state=S ==> next_comm=Binder_1 next_pid=691 next_prio=120
        Binder_1-691   [001] ...2  1569.690626: sched_switch: prev_comm=Binder_1 prev_pid=691 prev_prio=120 prev_state=R+ ==> next_comm=Binder_1 next_pid=235 next_prio=120
        Binder_1-235   [001] ...2  1569.690641: sched_switch: prev_comm=Binder_1 prev_pid=235 prev_prio=120 prev_state=D ==> next_comm=Binder_1 next_pid=691 next_prio=120
        Binder_1-691   [001] ...2  1569.690655: sched_switch: prev_comm=Binder_1 prev_pid=691 prev_prio=120 prev_state=R+ ==> next_comm=Binder_1 next_pid=235 next_prio=120
        Binder_1-235   [001] ...2  1569.690786: sched_switch: prev_comm=Binder_1 prev_pid=235 prev_prio=120 prev_state=S ==> next_comm=Binder_1 next_pid=691 next_prio=120
        Binder_1-691   [001] ...2  1569.690855: sched_switch: prev_comm=Binder_1 prev_pid=691 prev_prio=120 prev_state=R+ ==> next_comm=android.display next_pid=770 next_prio=116
 android.display-770   [001] ...2  1569.690905: sched_switch: prev_comm=android.display prev_pid=770 prev_prio=116 prev_state=S ==> next_comm=Binder_1 next_pid=691 next_prio=120
        Binder_1-691   [001] ...2  1569.690930: sched_switch: prev_comm=Binder_1 prev_pid=691 prev_prio=120 prev_state=R+ ==> next_comm=android.display next_pid=770 next_prio=116
 android.display-770   [001] ...2  1569.690948: sched_switch: prev_comm=android.display prev_pid=770 prev_prio=116 prev_state=S ==> next_comm=Binder_1 next_pid=691 next_prio=120
        Binder_1-691   [001] ...2  1569.690969: sched_switch: prev_comm=Binder_1 prev_pid=691 prev_prio=120 prev_state=R+ ==> next_comm=android.display next_pid=770 next_prio=116
 android.display-770   [001] ...2  1569.691014: sched_switch: prev_comm=android.display prev_pid=770 prev_prio=116 prev_state=S ==> next_comm=Binder_1 next_pid=691 next_prio=120
        Binder_1-691   [001] ...2  1569.691239: sched_switch: prev_comm=Binder_1 prev_pid=691 prev_prio=120 prev_state=R+ ==> next_comm=Binder_4 next_pid=1509 next_prio=120
        Binder_4-1509  [001] ...2  1569.691251: sched_switch: prev_comm=Binder_4 prev_pid=1509 prev_prio=120 prev_state=D ==> next_comm=Binder_1 next_pid=691 next_prio=120
        Binder_1-691   [001] ...2  1569.691265: sched_switch: prev_comm=Binder_1 prev_pid=691 prev_prio=120 prev_state=R+ ==> next_comm=Binder_4 next_pid=1509 next_prio=120
        Binder_4-1509  [001] ...2  1569.691363: sched_switch: prev_comm=Binder_4 prev_pid=1509 prev_prio=120 prev_state=S ==> next_comm=Binder_1 next_pid=691 next_prio=120
        Binder_1-691   [001] ...2  1569.691751: sched_switch: prev_comm=Binder_1 prev_pid=691 prev_prio=120 prev_state=R+ ==> next_comm=InputDispatcher next_pid=795 next_prio=112
 InputDispatcher-795   [001] ...2  1569.691789: sched_switch: prev_comm=InputDispatcher prev_pid=795 prev_prio=112 prev_state=S ==> next_comm=Binder_1 next_pid=691 next_prio=120
        Binder_1-691   [001] ...2  1569.691903: sched_switch: prev_comm=Binder_1 prev_pid=691 prev_prio=120 prev_state=R+ ==> next_comm=Binder_2 next_pid=237 next_prio=120
        Binder_2-237   [001] ...2  1569.691915: sched_switch: prev_comm=Binder_2 prev_pid=237 prev_prio=120 prev_state=D ==> next_comm=Binder_1 next_pid=691 next_prio=120
        Binder_1-691   [001] ...2  1569.691928: sched_switch: prev_comm=Binder_1 prev_pid=691 prev_prio=120 prev_state=R+ ==> next_comm=Binder_2 next_pid=237 next_prio=120
        Binder_2-237   [001] ...2  1569.692050: sched_switch: prev_comm=Binder_2 prev_pid=237 prev_prio=120 prev_state=S ==> next_comm=Binder_1 next_pid=691 next_prio=120
        Binder_1-691   [001] ...2  1569.692113: sched_switch: prev_comm=Binder_1 prev_pid=691 prev_prio=120 prev_state=R+ ==> next_comm=android.display next_pid=770 next_prio=116
 android.display-770   [001] ...2  1569.692132: sched_switch: prev_comm=android.display prev_pid=770 prev_prio=116 prev_state=S ==> next_comm=Binder_1 next_pid=691 next_prio=120
        Binder_1-691   [001] ...2  1569.692152: sched_switch: prev_comm=Binder_1 prev_pid=691 prev_prio=120 prev_state=R+ ==> next_comm=android.display next_pid=770 next_prio=116
          <idle>-0     [000] ...2  1569.692299: sched_switch: prev_comm=swapper/0 prev_pid=0 prev_prio=120 prev_state=R ==> next_comm=Binder_3 next_pid=389 next_prio=120
 android.display-770   [001] ...2  1569.692309: sched_switch: prev_comm=android.display prev_pid=770 prev_prio=116 prev_state=S ==> next_comm=Binder_1 next_pid=691 next_prio=120
        Binder_1-691   [001] ...2  1569.692355: sched_switch: prev_comm=Binder_1 prev_pid=691 prev_prio=120 prev_state=R+ ==> next_comm=android.display next_pid=770 next_prio=116
        Binder_3-389   [000] ...2  1569.692377: sched_switch: prev_comm=Binder_3 prev_pid=389 prev_prio=120 prev_state=S ==> next_comm=swapper/0 next_pid=0 next_prio=120
 android.display-770   [001] ...2  1569.692734: sched_switch: prev_comm=android.display prev_pid=770 prev_prio=116 prev_state=R+ ==> next_comm=InputDispatcher next_pid=795 next_prio=112
 InputDispatcher-795   [001] ...2  1569.692771: sched_switch: prev_comm=InputDispatcher prev_pid=795 prev_prio=112 prev_state=S ==> next_comm=android.display next_pid=770 next_prio=116
 android.display-770   [001] ...2  1569.692895: sched_switch: prev_comm=android.display prev_pid=770 prev_prio=116 prev_state=S ==> next_comm=Binder_5 next_pid=1577 next_prio=120
        Binder_5-1577  [001] ...2  1569.693040: sched_switch: prev_comm=Binder_5 prev_pid=1577 prev_prio=120 prev_state=S ==> next_comm=android.display next_pid=770 next_prio=116
 android.display-770   [001] ...2  1569.693127: sched_switch: prev_comm=android.display prev_pid=770 prev_prio=116 prev_state=S ==> next_comm=Binder_1 next_pid=691 next_prio=120
          <idle>-0     [000] ...2  1569.693434: sched_switch: prev_comm=swapper/0 prev_pid=0 prev_prio=120 prev_state=R ==> next_comm=Binder_2 next_pid=2243 next_prio=120
        Binder_2-2243  [000] ...2  1569.693547: sched_switch: prev_comm=Binder_2 prev_pid=2243 prev_prio=120 prev_state=S ==> next_comm=android.bg next_pid=764 next_prio=130
        Binder_1-691   [001] ...2  1569.693580: sched_switch: prev_comm=Binder_1 prev_pid=691 prev_prio=120 prev_state=R+ ==> next_comm=InputDispatcher next_pid=795 next_prio=112
      android.bg-764   [000] ...2  1569.693606: sched_switch: prev_comm=android.bg prev_pid=764 prev_prio=130 prev_state=S ==> next_comm=swapper/0 next_pid=0 next_prio=120
 InputDispatcher-795   [001] ...2  1569.693616: sched_switch: prev_comm=InputDispatcher prev_pid=795 prev_prio=112 prev_state=S ==> next_comm=Binder_1 next_pid=691 next_prio=120
          <idle>-0     [000] ...2  1569.693704: sched_switch: prev_comm=swapper/0 prev_pid=0 prev_prio=120 prev_state=R ==> next_comm=ActivityManager next_pid=765 next_prio=118
        Binder_1-691   [001] ...2  1569.693742: sched_switch: prev_comm=Binder_1 prev_pid=691 prev_prio=120 prev_state=R ==> next_comm=Binder_B next_pid=1403 next_prio=120
 ActivityManager-765   [000] ...2  1569.693777: sched_switch: prev_comm=ActivityManager prev_pid=765 prev_prio=118 prev_state=S ==> next_comm=swapper/0 next_pid=0 next_prio=120
          <idle>-0     [000] ...2  1569.693813: sched_switch: prev_comm=swapper/0 prev_pid=0 prev_prio=120 prev_state=R ==> next_comm=xample.bdbtrace next_pid=2226 next_prio=120
        Binder_B-1403  [001] ...2  1569.693849: sched_switch: prev_comm=Binder_B prev_pid=1403 prev_prio=120 prev_state=S ==> next_comm=Binder_1 next_pid=691 next_prio=120
        Binder_1-691   [001] ...2  1569.693923: sched_switch: prev_comm=Binder_1 prev_pid=691 prev_prio=120 prev_state=S ==> next_comm=main next_pid=8903 next_prio=120
            main-8903  [001] d..2  1569.694275: block_rq_insert: 179,0 R 0 () 1181984 + 8 [main]
            main-8903  [001] d..2  1569.694283: block_rq_insert: 179,0 R 0 () 1182000 + 40 [main]
            main-8903  [001] d..2  1569.694288: block_rq_insert: 179,0 R 0 () 1182048 + 24 [main]
            main-8903  [001] ...2  1569.694308: sched_switch: prev_comm=main prev_pid=8903 prev_prio=120 prev_state=R+ ==> next_comm=mmcqd/1 next_pid=116 next_prio=120
         mmcqd/1-116   [001] ...2  1569.694405: sched_switch: prev_comm=mmcqd/1 prev_pid=116 prev_prio=120 prev_state=S ==> next_comm=main next_pid=8903 next_prio=120
            main-8903  [001] ...2  1569.694430: sched_switch: prev_comm=main prev_pid=8903 prev_prio=120 prev_state=D|W ==> next_comm=kworker/u:0 next_pid=3362 next_prio=120
     kworker/u:0-3362  [001] ...2  1569.694466: sched_switch: prev_comm=kworker/u:0 prev_pid=3362 prev_prio=120 prev_state=S ==> next_comm=Binder_1 next_pid=8914 next_prio=120
        Binder_1-8914  [001] ...2  1569.694491: sched_switch: prev_comm=Binder_1 prev_pid=8914 prev_prio=120 prev_state=R ==> next_comm=Binder_2 next_pid=692 next_prio=120
        Binder_2-692   [001] ...2  1569.694639: sched_switch: prev_comm=Binder_2 prev_pid=692 prev_prio=120 prev_state=S ==> next_comm=Binder_1 next_pid=8914 next_prio=120
 xample.bdbtrace-2226  [000] d..2  1569.694676: block_rq_insert: 179,0 R 0 () 851896 + 32 [xample.bdbtrace]
 xample.bdbtrace-2226  [000] ...2  1569.694686: sched_switch: prev_comm=xample.bdbtrace prev_pid=2226 prev_prio=120 prev_state=D|W ==> next_comm=Binder_2 next_pid=8915 next_prio=120
        Binder_2-8915  [000] ...2  1569.694723: sched_switch: prev_comm=Binder_2 prev_pid=8915 prev_prio=120 prev_state=D ==> next_comm=swapper/0 next_pid=0 next_prio=120
          <idle>-0     [000] ...2  1569.694732: sched_switch: prev_comm=swapper/0 prev_pid=0 prev_prio=120 prev_state=R ==> next_comm=Binder_2 next_pid=8915 next_prio=120
        Binder_2-8915  [000] ...2  1569.694747: sched_switch: prev_comm=Binder_2 prev_pid=8915 prev_prio=120 prev_state=S ==> next_comm=swapper/0 next_pid=0 next_prio=120
          <idle>-0     [000] ...2  1569.694766: sched_switch: prev_comm=swapper/0 prev_pid=0 prev_prio=120 prev_state=R ==> next_comm=Binder_2 next_pid=8915 next_prio=120
        Binder_2-8915  [000] ...2  1569.694893: sched_switch: prev_comm=Binder_2 prev_pid=8915 prev_prio=120 prev_state=D ==> next_comm=swapper/0 next_pid=0 next_prio=120
          <idle>-0     [000] ...2  1569.694900: sched_switch: prev_comm=swapper/0 prev_pid=0 prev_prio=120 prev_state=R ==> next_comm=Binder_2 next_pid=8915 next_prio=120
        Binder_1-8914  [001] ...2  1569.694921: sched_switch: prev_comm=Binder_1 prev_pid=8914 prev_prio=120 prev_state=D ==> next_comm=mmcqd/1 next_pid=116 next_prio=120
        Binder_2-8915  [000] ...2  1569.694930: sched_switch: prev_comm=Binder_2 prev_pid=8915 prev_prio=120 prev_state=D ==> next_comm=swapper/0 next_pid=0 next_prio=120
         mmcqd/1-116   [001] ...1  1569.694960: block_rq_complete: 179,0 RA () 1181984 + 8 [0]
         mmcqd/1-116   [001] ...2  1569.695002: sched_switch: prev_comm=mmcqd/1 prev_pid=116 prev_prio=120 prev_state=S ==> next_comm=Binder_1 next_pid=8914 next_prio=120
          <idle>-0     [000] ...2  1569.695039: sched_switch: prev_comm=swapper/0 prev_pid=0 prev_prio=120 prev_state=R ==> next_comm=Binder_2 next_pid=8915 next_prio=120
        Binder_2-8915  [000] ...3  1569.695062: sched_switch: prev_comm=Binder_2 prev_pid=8915 prev_prio=120 prev_state=x ==> next_comm=swapper/0 next_pid=0 next_prio=120
        Binder_1-8914  [001] ...3  1569.695072: sched_switch: prev_comm=Binder_1 prev_pid=8914 prev_prio=120 prev_state=x ==> next_comm=swapper/1 next_pid=0 next_prio=120
          <idle>-0     [001] ...2  1569.695106: sched_switch: prev_comm=swapper/1 prev_pid=0 prev_prio=120 prev_state=R ==> next_comm=ksoftirqd/1 next_pid=8899 next_prio=120
     ksoftirqd/1-8899  [001] ...2  1569.695126: sched_switch: prev_comm=ksoftirqd/1 prev_pid=8899 prev_prio=120 prev_state=S ==> next_comm=swapper/1 next_pid=0 next_prio=120
          <idle>-0     [001] ...2  1569.695152: sched_switch: prev_comm=swapper/1 prev_pid=0 prev_prio=120 prev_state=R ==> next_comm=ksoftirqd/1 next_pid=8899 next_prio=120
     ksoftirqd/1-8899  [001] ...2  1569.695167: sched_switch: prev_comm=ksoftirqd/1 prev_pid=8899 prev_prio=120 prev_state=S ==> next_comm=swapper/1 next_pid=0 next_prio=120
          <idle>-0     [001] ...2  1569.695191: sched_switch: prev_comm=swapper/1 prev_pid=0 prev_prio=120 prev_state=R ==> next_comm=ksoftirqd/1 next_pid=8899 next_prio=120
     ksoftirqd/1-8899  [001] ...2  1569.695255: sched_switch: prev_comm=ksoftirqd/1 prev_pid=8899 prev_prio=120 prev_state=S ==> next_comm=swapper/1 next_pid=0 next_prio=120
          <idle>-0     [000] ...2  1569.695372: sched_switch: prev_comm=swapper/0 prev_pid=0 prev_prio=120 prev_state=R ==> next_comm=mmcqd/1 next_pid=116 next_prio=120
         mmcqd/1-116   [000] ...1  1569.695407: block_rq_complete: 179,0 RA () 1182000 + 40 [0]
         mmcqd/1-116   [000] ...2  1569.695427: sched_switch: prev_comm=mmcqd/1 prev_pid=116 prev_prio=120 prev_state=S ==> next_comm=swapper/0 next_pid=0 next_prio=120
          <idle>-0     [001] ...2  1569.695428: sched_switch: prev_comm=swapper/1 prev_pid=0 prev_prio=120 prev_state=R ==> next_comm=main next_pid=8903 next_prio=120
            main-8903  [001] ...2  1569.695490: sched_switch: prev_comm=main prev_pid=8903 prev_prio=120 prev_state=R+ ==> next_comm=Heap thread poo next_pid=8904 next_prio=120
 Heap thread poo-8904  [001] ...3  1569.695662: sched_switch: prev_comm=Heap thread poo prev_pid=8904 prev_prio=120 prev_state=x ==> next_comm=Heap thread poo next_pid=8905 next_prio=120
          <idle>-0     [000] ...2  1569.695691: sched_switch: prev_comm=swapper/0 prev_pid=0 prev_prio=120 prev_state=R ==> next_comm=Heap thread poo next_pid=8906 next_prio=120
 Heap thread poo-8906  [000] ...2  1569.695725: sched_switch: prev_comm=Heap thread poo prev_pid=8906 prev_prio=120 prev_state=S ==> next_comm=mmcqd/1 next_pid=116 next_prio=120
         mmcqd/1-116   [000] ...1  1569.695740: block_rq_complete: 179,0 RA () 1182048 + 24 [0]
         mmcqd/1-116   [000] ...2  1569.695756: sched_switch: prev_comm=mmcqd/1 prev_pid=116 prev_prio=120 prev_state=R+ ==> next_comm=kworker/0:1H next_pid=17 next_prio=100
    kworker/0:1H-17    [000] ...2  1569.695763: sched_switch: prev_comm=kworker/0:1H prev_pid=17 prev_prio=100 prev_state=S ==> next_comm=Heap thread poo next_pid=8906 next_prio=120
 Heap thread poo-8906  [000] ...2  1569.695802: sched_switch: prev_comm=Heap thread poo prev_pid=8906 prev_prio=120 prev_state=S ==> next_comm=mmcqd/1 next_pid=116 next_prio=120
         mmcqd/1-116   [000] ...2  1569.695849: sched_switch: prev_comm=mmcqd/1 prev_pid=116 prev_prio=120 prev_state=S ==> next_comm=Heap thread poo next_pid=8906 next_prio=120
 Heap thread poo-8905  [001] ...3  1569.695859: sched_switch: prev_comm=Heap thread poo prev_pid=8905 prev_prio=120 prev_state=x ==> next_comm=main next_pid=8903 next_prio=120
 Heap thread poo-8906  [000] ...2  1569.695883: sched_switch: prev_comm=Heap thread poo prev_pid=8906 prev_prio=120 prev_state=D ==> next_comm=swapper/0 next_pid=0 next_prio=120
          <idle>-0     [000] ...2  1569.695926: sched_switch: prev_comm=swapper/0 prev_pid=0 prev_prio=120 prev_state=R ==> next_comm=Heap thread poo next_pid=8906 next_prio=120
 Heap thread poo-8906  [000] ...2  1569.695946: sched_switch: prev_comm=Heap thread poo prev_pid=8906 prev_prio=120 prev_state=D ==> next_comm=swapper/0 next_pid=0 next_prio=120
          <idle>-0     [000] ...2  1569.695999: sched_switch: prev_comm=swapper/0 prev_pid=0 prev_prio=120 prev_state=R ==> next_comm=Heap thread poo next_pid=8906 next_prio=120
            main-8903  [001] ...2  1569.696008: sched_switch: prev_comm=main prev_pid=8903 prev_prio=120 prev_state=D ==> next_comm=swapper/1 next_pid=0 next_prio=120
 Heap thread poo-8906  [000] ...2  1569.696014: sched_switch: prev_comm=Heap thread poo prev_pid=8906 prev_prio=120 prev_state=D ==> next_comm=swapper/0 next_pid=0 next_prio=120
          <idle>-0     [001] ...2  1569.696015: sched_switch: prev_comm=swapper/1 prev_pid=0 prev_prio=120 prev_state=R ==> next_comm=main next_pid=8903 next_prio=120
          <idle>-0     [000] ...2  1569.696071: sched_switch: prev_comm=swapper/0 prev_pid=0 prev_prio=120 prev_state=R ==> next_comm=Heap thread poo next_pid=8906 next_prio=120
 Heap thread poo-8906  [000] ...3  1569.696089: sched_switch: prev_comm=Heap thread poo prev_pid=8906 prev_prio=120 prev_state=x ==> next_comm=swapper/0 next_pid=0 next_prio=120
            main-8903  [001] ...2  1569.696096: sched_switch: prev_comm=main prev_pid=8903 prev_prio=120 prev_state=R+ ==> next_comm=JDWP next_pid=8908 next_prio=120
          <idle>-0     [000] ...2  1569.696223: sched_switch: prev_comm=swapper/0 prev_pid=0 prev_prio=120 prev_state=R ==> next_comm=mmcqd/1 next_pid=116 next_prio=120
         mmcqd/1-116   [000] ...1  1569.696237: block_rq_complete: 179,0 RA () 851896 + 32 [0]
         mmcqd/1-116   [000] ...2  1569.696254: sched_switch: prev_comm=mmcqd/1 prev_pid=116 prev_prio=120 prev_state=R+ ==> next_comm=kworker/0:1H next_pid=17 next_prio=100
    kworker/0:1H-17    [000] ...2  1569.696261: sched_switch: prev_comm=kworker/0:1H prev_pid=17 prev_prio=100 prev_state=S ==> next_comm=mmcqd/1 next_pid=116 next_prio=120
         mmcqd/1-116   [000] ...2  1569.696270: sched_switch: prev_comm=mmcqd/1 prev_pid=116 prev_prio=120 prev_state=S ==> next_comm=xample.bdbtrace next_pid=2226 next_prio=120
            JDWP-8908  [001] ...3  1569.696335: sched_switch: prev_comm=JDWP prev_pid=8908 prev_prio=120 prev_state=x ==> next_comm=main next_pid=8903 next_prio=120
            main-8903  [001] d..2  1569.696501: block_rq_insert: 179,0 R 0 () 1179176 + 16 [main]
            main-8903  [001] dn.2  1569.696517: block_rq_insert: 179,0 R 0 () 1179208 + 32 [main]
            main-8903  [001] dn.2  1569.696524: block_rq_insert: 179,0 R 0 () 1179280 + 64 [main]
            main-8903  [001] dn.2  1569.696528: block_rq_insert: 179,0 R 0 () 1179352 + 8 [main]
            main-8903  [001] dn.2  1569.696531: block_rq_insert: 179,0 R 0 () 1179416 + 16 [main]
            main-8903  [001] ...2  1569.696540: sched_switch: prev_comm=main prev_pid=8903 prev_prio=120 prev_state=R+ ==> next_comm=mmcqd/1 next_pid=116 next_prio=120
         mmcqd/1-116   [001] ...2  1569.696621: sched_switch: prev_comm=mmcqd/1 prev_pid=116 prev_prio=120 prev_state=S ==> next_comm=main next_pid=8903 next_prio=120
            main-8903  [001] ...2  1569.696633: sched_switch: prev_comm=main prev_pid=8903 prev_prio=120 prev_state=D|W ==> next_comm=swapper/1 next_pid=0 next_prio=120
          <idle>-0     [001] ...2  1569.696661: sched_switch: prev_comm=swapper/1 prev_pid=0 prev_prio=120 prev_state=R ==> next_comm=ksoftirqd/1 next_pid=8899 next_prio=120
     ksoftirqd/1-8899  [001] ...2  1569.696674: sched_switch: prev_comm=ksoftirqd/1 prev_pid=8899 prev_prio=120 prev_state=S ==> next_comm=swapper/1 next_pid=0 next_prio=120
          <idle>-0     [001] ...2  1569.696697: sched_switch: prev_comm=swapper/1 prev_pid=0 prev_prio=120 prev_state=R ==> next_comm=ksoftirqd/1 next_pid=8899 next_prio=120
     ksoftirqd/1-8899  [001] ...2  1569.696707: sched_switch: prev_comm=ksoftirqd/1 prev_pid=8899 prev_prio=120 prev_state=S ==> next_comm=swapper/1 next_pid=0 next_prio=120
          <idle>-0     [001] ...2  1569.696728: sched_switch: prev_comm=swapper/1 prev_pid=0 prev_prio=120 prev_state=R ==> next_comm=ksoftirqd/1 next_pid=8899 next_prio=120
     ksoftirqd/1-8899  [001] ...2  1569.696738: sched_switch: prev_comm=ksoftirqd/1 prev_pid=8899 prev_prio=120 prev_state=S ==> next_comm=swapper/1 next_pid=0 next_prio=120
          <idle>-0     [001] ...2  1569.696879: sched_switch: prev_comm=swapper/1 prev_pid=0 prev_prio=120 prev_state=R ==> next_comm=mmcqd/1 next_pid=116 next_prio=120
         mmcqd/1-116   [001] ...1  1569.696916: block_rq_complete: 179,0 RA () 1179176 + 16 [0]
         mmcqd/1-116   [001] ...2  1569.696972: sched_switch: prev_comm=mmcqd/1 prev_pid=116 prev_prio=120 prev_state=S ==> next_comm=swapper/1 next_pid=0 next_prio=120
 xample.bdbtrace-2226  [000] d..2  1569.697146: block_rq_insert: 179,0 R 0 () 852120 + 8 [xample.bdbtrace]
 xample.bdbtrace-2226  [000] ...2  1569.697156: sched_switch: prev_comm=xample.bdbtrace prev_pid=2226 prev_prio=120 prev_state=D|W ==> next_comm=adbd next_pid=778 next_prio=120
          <idle>-0     [001] ...2  1569.697315: sched_switch: prev_comm=swapper/1 prev_pid=0 prev_prio=120 prev_state=R ==> next_comm=mmcqd/1 next_pid=116 next_prio=120
           <...>-778   [000] ...2  1569.697319: sched_switch: prev_comm=adbd prev_pid=778 prev_prio=120 prev_state=S ==> next_comm=swapper/0 next_pid=0 next_prio=120
         mmcqd/1-116   [001] ...1  1569.697358: block_rq_complete: 179,0 RA () 1179208 + 32 [0]
         mmcqd/1-116   [001] ...2  1569.697390: sched_switch: prev_comm=mmcqd/1 prev_pid=116 prev_prio=120 prev_state=S ==> next_comm=swapper/1 next_pid=0 next_prio=120
          <idle>-0     [000] ...2  1569.697856: sched_switch: prev_comm=swapper/0 prev_pid=0 prev_prio=120 prev_state=R ==> next_comm=mmcqd/1 next_pid=116 next_prio=120
         mmcqd/1-116   [000] ...1  1569.697896: block_rq_complete: 179,0 RA () 1179280 + 64 [0]
          <idle>-0     [001] ...2  1569.697914: sched_switch: prev_comm=swapper/1 prev_pid=0 prev_prio=120 prev_state=R ==> next_comm=main next_pid=8903 next_prio=120
         mmcqd/1-116   [000] ...2  1569.697924: sched_switch: prev_comm=mmcqd/1 prev_pid=116 prev_prio=120 prev_state=S ==> next_comm=swapper/0 next_pid=0 next_prio=120
            main-8903  [001] ...2  1569.697963: sched_switch: prev_comm=main prev_pid=8903 prev_prio=120 prev_state=R+ ==> next_comm=Signal Catcher next_pid=8907 next_prio=120
          <idle>-0     [000] ...2  1569.698116: sched_switch: prev_comm=swapper/0 prev_pid=0 prev_prio=120 prev_state=R ==> next_comm=mmcqd/1 next_pid=116 next_prio=120
         mmcqd/1-116   [000] ...1  1569.698141: block_rq_complete: 179,0 RA () 1179352 + 8 [0]
         mmcqd/1-116   [000] ...2  1569.698153: sched_switch: prev_comm=mmcqd/1 prev_pid=116 prev_prio=120 prev_state=S ==> next_comm=swapper/0 next_pid=0 next_prio=120
  Signal Catcher-8907  [001] ...3  1569.698177: sched_switch: prev_comm=Signal Catcher prev_pid=8907 prev_prio=120 prev_state=x ==> next_comm=main next_pid=8903 next_prio=120
            main-8903  [001] ...2  1569.698216: sched_switch: prev_comm=main prev_pid=8903 prev_prio=120 prev_state=S ==> next_comm=swapper/1 next_pid=0 next_prio=120
          <idle>-0     [000] ...2  1569.698478: sched_switch: prev_comm=swapper/0 prev_pid=0 prev_prio=120 prev_state=R ==> next_comm=mmcqd/1 next_pid=116 next_prio=120
         mmcqd/1-116   [000] ...1  1569.698490: block_rq_complete: 179,0 RA () 1179416 + 16 [0]
         mmcqd/1-116   [000] ...2  1569.698504: sched_switch: prev_comm=mmcqd/1 prev_pid=116 prev_prio=120 prev_state=R+ ==> next_comm=kworker/0:1H next_pid=17 next_prio=100
    kworker/0:1H-17    [000] ...2  1569.698512: sched_switch: prev_comm=kworker/0:1H prev_pid=17 prev_prio=100 prev_state=S ==> next_comm=mmcqd/1 next_pid=116 next_prio=120
         mmcqd/1-116   [000] ...2  1569.698552: sched_switch: prev_comm=mmcqd/1 prev_pid=116 prev_prio=120 prev_state=S ==> next_comm=swapper/0 next_pid=0 next_prio=120
          <idle>-0     [000] ...2  1569.698780: sched_switch: prev_comm=swapper/0 prev_pid=0 prev_prio=120 prev_state=R ==> next_comm=mmcqd/1 next_pid=116 next_prio=120
         mmcqd/1-116   [000] ...1  1569.698790: block_rq_complete: 179,0 RA () 852120 + 8 [0]
         mmcqd/1-116   [000] ...2  1569.698807: sched_switch: prev_comm=mmcqd/1 prev_pid=116 prev_prio=120 prev_state=R+ ==> next_comm=kworker/0:1H next_pid=17 next_prio=100
    kworker/0:1H-17    [000] ...2  1569.698814: sched_switch: prev_comm=kworker/0:1H prev_pid=17 prev_prio=100 prev_state=S ==> next_comm=mmcqd/1 next_pid=116 next_prio=120
         mmcqd/1-116   [000] ...2  1569.698823: sched_switch: prev_comm=mmcqd/1 prev_pid=116 prev_prio=120 prev_state=S ==> next_comm=xample.bdbtrace next_pid=2226 next_prio=120
 xample.bdbtrace-2226  [000] ...2  1569.698925: sched_switch: prev_comm=xample.bdbtrace prev_pid=2226 prev_prio=120 prev_state=R ==> next_comm=kworker/0:1H next_pid=17 next_prio=100
          <idle>-0     [001] ...2  1569.698936: sched_switch: prev_comm=swapper/1 prev_pid=0 prev_prio=120 prev_state=R ==> next_comm=kworker/1:0H next_pid=8898 next_prio=100
    kworker/0:1H-17    [000] ...2  1569.698941: sched_switch: prev_comm=kworker/0:1H prev_pid=17 prev_prio=100 prev_state=S ==> next_comm=xample.bdbtrace next_pid=2226 next_prio=120
    kworker/1:0H-8898  [001] ...2  1569.698956: sched_switch: prev_comm=kworker/1:0H prev_pid=8898 prev_prio=100 prev_state=S ==> next_comm=ksoftirqd/1 next_pid=8899 next_prio=120
     ksoftirqd/1-8899  [001] ...2  1569.698997: sched_switch: prev_comm=ksoftirqd/1 prev_pid=8899 prev_prio=120 prev_state=S ==> next_comm=swapper/1 next_pid=0 next_prio=120
          <idle>-0     [001] ...2  1569.699025: sched_switch: prev_comm=swapper/1 prev_pid=0 prev_prio=120 prev_state=R ==> next_comm=ksoftirqd/1 next_pid=8899 next_prio=120
     ksoftirqd/1-8899  [001] ...2  1569.699035: sched_switch: prev_comm=ksoftirqd/1 prev_pid=8899 prev_prio=120 prev_state=S ==> next_comm=swapper/1 next_pid=0 next_prio=120
          <idle>-0     [001] ...2  1569.699054: sched_switch: prev_comm=swapper/1 prev_pid=0 prev_prio=120 prev_state=R ==> next_comm=ksoftirqd/1 next_pid=8899 next_prio=120
     ksoftirqd/1-8899  [001] ...2  1569.699063: sched_switch: prev_comm=ksoftirqd/1 prev_pid=8899 prev_prio=120 prev_state=S ==> next_comm=swapper/1 next_pid=0 next_prio=120
 xample.bdbtrace-2226  [000] d..2  1569.699815: block_rq_insert: 179,0 R 0 () 852320 + 8 [xample.bdbtrace]
 xample.bdbtrace-2226  [000] ...2  1569.699830: sched_switch: prev_comm=xample.bdbtrace prev_pid=2226 prev_prio=120 prev_state=D|W ==> next_comm=mmcqd/1 next_pid=116 next_prio=120
         mmcqd/1-116   [000] ...2  1569.699872: sched_switch: prev_comm=mmcqd/1 prev_pid=116 prev_prio=120 prev_state=S ==> next_comm=swapper/0 next_pid=0 next_prio=120
          <idle>-0     [000] ...2  1569.699891: sched_switch: prev_comm=swapper/0 prev_pid=0 prev_prio=120 prev_state=R ==> next_comm=ksoftirqd/0 next_pid=3 next_prio=120
     ksoftirqd/0-3     [000] ...2  1569.699898: sched_switch: prev_comm=ksoftirqd/0 prev_pid=3 prev_prio=120 prev_state=S ==> next_comm=swapper/0 next_pid=0 next_prio=120
          <idle>-0     [000] ...2  1569.699913: sched_switch: prev_comm=swapper/0 prev_pid=0 prev_prio=120 prev_state=R ==> next_comm=ksoftirqd/0 next_pid=3 next_prio=120
     ksoftirqd/0-3     [000] ...2  1569.699938: sched_switch: prev_comm=ksoftirqd/0 prev_pid=3 prev_prio=120 prev_state=S ==> next_comm=swapper/0 next_pid=0 next_prio=120
          <idle>-0     [000] ...2  1569.700118: sched_switch: prev_comm=swapper/0 prev_pid=0 prev_prio=120 prev_state=R ==> next_comm=mmcqd/1 next_pid=116 next_prio=120
         mmcqd/1-116   [000] ...1  1569.700128: block_rq_complete: 179,0 RA () 852320 + 8 [0]
         mmcqd/1-116   [000] ...2  1569.700146: sched_switch: prev_comm=mmcqd/1 prev_pid=116 prev_prio=120 prev_state=R+ ==> next_comm=kworker/0:1H next_pid=17 next_prio=100
    kworker/0:1H-17    [000] ...2  1569.700154: sched_switch: prev_comm=kworker/0:1H prev_pid=17 prev_prio=100 prev_state=S ==> next_comm=mmcqd/1 next_pid=116 next_prio=120
         mmcqd/1-116   [000] ...2  1569.700163: sched_switch: prev_comm=mmcqd/1 prev_pid=116 prev_prio=120 prev_state=S ==> next_comm=xample.bdbtrace next_pid=2226 next_prio=120
 xample.bdbtrace-2226  [000] d..2  1569.701135: block_rq_insert: 179,0 R 0 () 9228432 + 32 [xample.bdbtrace]
 xample.bdbtrace-2226  [000] ...2  1569.701146: sched_switch: prev_comm=xample.bdbtrace prev_pid=2226 prev_prio=120 prev_state=R+ ==> next_comm=mmcqd/1 next_pid=116 next_prio=120
         mmcqd/1-116   [000] ...2  1569.701193: sched_switch: prev_comm=mmcqd/1 prev_pid=116 prev_prio=120 prev_state=S ==> next_comm=xample.bdbtrace next_pid=2226 next_prio=120
 xample.bdbtrace-2226  [000] ...2  1569.701198: sched_switch: prev_comm=xample.bdbtrace prev_pid=2226 prev_prio=120 prev_state=D|W ==> next_comm=swapper/0 next_pid=0 next_prio=120
          <idle>-0     [000] ...2  1569.701620: sched_switch: prev_comm=swapper/0 prev_pid=0 prev_prio=120 prev_state=R ==> next_comm=mmcqd/1 next_pid=116 next_prio=120
         mmcqd/1-116   [000] ...1  1569.701635: block_rq_complete: 179,0 RA () 9228432 + 32 [0]
         mmcqd/1-116   [000] ...2  1569.701654: sched_switch: prev_comm=mmcqd/1 prev_pid=116 prev_prio=120 prev_state=R+ ==> next_comm=kworker/0:1H next_pid=17 next_prio=100
    kworker/0:1H-17    [000] ...2  1569.701662: sched_switch: prev_comm=kworker/0:1H prev_pid=17 prev_prio=100 prev_state=S ==> next_comm=mmcqd/1 next_pid=116 next_prio=120
         mmcqd/1-116   [000] ...2  1569.701671: sched_switch: prev_comm=mmcqd/1 prev_pid=116 prev_prio=120 prev_state=S ==> next_comm=xample.bdbtrace next_pid=2226 next_prio=120
 xample.bdbtrace-2226  [000] ...1  1569.702722: tracing_mark_write: BDB

 xample.bdbtrace-2226  [000] ...1  1569.702968: tracing_mark_write: START: App started

 xample.bdbtrace-2226  [000] ...1  1569.703996: tracing_mark_write: "EVENT":"DATABASE_OPEN_START"}

 xample.bdbtrace-2226  [000] d..2  1569.704240: block_rq_insert: 179,0 R 0 () 6107904 + 24 [xample.bdbtrace]
 xample.bdbtrace-2226  [000] d..2  1569.704244: block_rq_insert: 179,0 R 0 () 22909312 + 8 [xample.bdbtrace]
 xample.bdbtrace-2226  [000] ...2  1569.704261: sched_switch: prev_comm=xample.bdbtrace prev_pid=2226 prev_prio=120 prev_state=R+ ==> next_comm=mmcqd/1 next_pid=116 next_prio=120
         mmcqd/1-116   [000] ...2  1569.704326: sched_switch: prev_comm=mmcqd/1 prev_pid=116 prev_prio=120 prev_state=S ==> next_comm=xample.bdbtrace next_pid=2226 next_prio=120
 xample.bdbtrace-2226  [000] ...2  1569.704332: sched_switch: prev_comm=xample.bdbtrace prev_pid=2226 prev_prio=120 prev_state=D|W ==> next_comm=swapper/0 next_pid=0 next_prio=120
          <idle>-0     [000] ...2  1569.704351: sched_switch: prev_comm=swapper/0 prev_pid=0 prev_prio=120 prev_state=R ==> next_comm=ksoftirqd/0 next_pid=3 next_prio=120
     ksoftirqd/0-3     [000] ...2  1569.704359: sched_switch: prev_comm=ksoftirqd/0 prev_pid=3 prev_prio=120 prev_state=S ==> next_comm=swapper/0 next_pid=0 next_prio=120
          <idle>-0     [000] ...2  1569.704374: sched_switch: prev_comm=swapper/0 prev_pid=0 prev_prio=120 prev_state=R ==> next_comm=ksoftirqd/0 next_pid=3 next_prio=120
     ksoftirqd/0-3     [000] ...2  1569.704381: sched_switch: prev_comm=ksoftirqd/0 prev_pid=3 prev_prio=120 prev_state=S ==> next_comm=swapper/0 next_pid=0 next_prio=120
          <idle>-0     [000] ...2  1569.704393: sched_switch: prev_comm=swapper/0 prev_pid=0 prev_prio=120 prev_state=R ==> next_comm=ksoftirqd/0 next_pid=3 next_prio=120
     ksoftirqd/0-3     [000] ...2  1569.704403: sched_switch: prev_comm=ksoftirqd/0 prev_pid=3 prev_prio=120 prev_state=S ==> next_comm=swapper/0 next_pid=0 next_prio=120
          <idle>-0     [000] ...2  1569.704628: sched_switch: prev_comm=swapper/0 prev_pid=0 prev_prio=120 prev_state=R ==> next_comm=mmcqd/1 next_pid=116 next_prio=120
         mmcqd/1-116   [000] ...1  1569.704655: block_rq_complete: 179,0 RA () 22909312 + 8 [0]
         mmcqd/1-116   [000] ...2  1569.704669: sched_switch: prev_comm=mmcqd/1 prev_pid=116 prev_prio=120 prev_state=S ==> next_comm=swapper/0 next_pid=0 next_prio=120
          <idle>-0     [001] ...2  1569.704854: sched_switch: prev_comm=swapper/1 prev_pid=0 prev_prio=120 prev_state=R ==> next_comm=EventThread next_pid=320 next_prio=111
          <idle>-0     [000] ...2  1569.704923: sched_switch: prev_comm=swapper/0 prev_pid=0 prev_prio=120 prev_state=R ==> next_comm=droid.launcher3 next_pid=1093 next_prio=120
     EventThread-320   [001] ...2  1569.704958: sched_switch: prev_comm=EventThread prev_pid=320 prev_prio=111 prev_state=S ==> next_comm=android.display next_pid=770 next_prio=116
 droid.launcher3-1093  [000] ...2  1569.705094: sched_switch: prev_comm=droid.launcher3 prev_pid=1093 prev_prio=120 prev_state=R ==> next_comm=mmcqd/1 next_pid=116 next_prio=120
         mmcqd/1-116   [000] ...1  1569.705108: block_rq_complete: 179,0 RA () 6107904 + 24 [0]
         mmcqd/1-116   [000] ...2  1569.705128: sched_switch: prev_comm=mmcqd/1 prev_pid=116 prev_prio=120 prev_state=R+ ==> next_comm=kworker/0:1H next_pid=17 next_prio=100
    kworker/0:1H-17    [000] ...2  1569.705137: sched_switch: prev_comm=kworker/0:1H prev_pid=17 prev_prio=100 prev_state=S ==> next_comm=mmcqd/1 next_pid=116 next_prio=120
         mmcqd/1-116   [000] ...2  1569.705146: sched_switch: prev_comm=mmcqd/1 prev_pid=116 prev_prio=120 prev_state=S ==> next_comm=xample.bdbtrace next_pid=2226 next_prio=120
 android.display-770   [001] ...2  1569.705299: sched_switch: prev_comm=android.display prev_pid=770 prev_prio=116 prev_state=S ==> next_comm=Binder_1 next_pid=235 next_prio=120
        Binder_1-235   [001] ...2  1569.705475: sched_switch: prev_comm=Binder_1 prev_pid=235 prev_prio=120 prev_state=S ==> next_comm=android.display next_pid=770 next_prio=116
 android.display-770   [001] ...2  1569.705604: sched_switch: prev_comm=android.display prev_pid=770 prev_prio=116 prev_state=S ==> next_comm=swapper/1 next_pid=0 next_prio=120
 xample.bdbtrace-2226  [000] d..2  1569.705650: block_rq_insert: 179,0 R 0 () 6107896 + 8 [xample.bdbtrace]
